Connecting to host 172.22.0.50, port 5202
Reverse mode, remote host 172.22.0.50 is sending
[  5] local 192.168.102.2 port 46648 connected to 172.22.0.50 port 5202
[ ID] Interval           Transfer     Bitrate         Jitter    Lost/Total Datagrams
[  5]   0.00-1.00   sec   440 KBytes  3.60 Mbits/sec  0.311 ms  0/4503 (0%)  
[  5]   1.00-2.00   sec   440 KBytes  3.60 Mbits/sec  0.292 ms  0/4501 (0%)  
[  5]   2.00-3.00   sec   439 KBytes  3.60 Mbits/sec  0.274 ms  0/4497 (0%)  
[  5]   3.00-4.00   sec   440 KBytes  3.60 Mbits/sec  0.314 ms  0/4503 (0%)  
[  5]   4.00-5.00   sec   438 KBytes  3.59 Mbits/sec  0.337 ms  0/4489 (0%)  
[  5]   5.00-6.00   sec   437 KBytes  3.58 Mbits/sec  0.296 ms  0/4474 (0%)  
[  5]   6.00-7.00   sec   440 KBytes  3.60 Mbits/sec  0.365 ms  0/4509 (0%)  
[  5]   7.00-8.00   sec   440 KBytes  3.61 Mbits/sec  0.328 ms  0/4508 (0%)  
[  5]   8.00-9.00   sec   439 KBytes  3.60 Mbits/sec  0.300 ms  0/4500 (0%)  
[  5]   9.00-10.00  sec   442 KBytes  3.62 Mbits/sec  0.198 ms  0/4521 (0%)  
[  5]  10.00-11.00  sec   439 KBytes  3.59 Mbits/sec  0.284 ms  0/4492 (0%)  
[  5]  11.00-12.00  sec   436 KBytes  3.58 Mbits/sec  0.273 ms  0/4469 (0%)  
[  5]  12.00-13.00  sec   443 KBytes  3.63 Mbits/sec  0.267 ms  0/4534 (0%)  
[  5]  13.00-14.00  sec   440 KBytes  3.60 Mbits/sec  0.303 ms  0/4509 (0%)  
[  5]  14.00-15.00  sec   439 KBytes  3.60 Mbits/sec  0.276 ms  0/4494 (0%)  
[  5]  15.00-16.00  sec   439 KBytes  3.60 Mbits/sec  0.232 ms  0/4491 (0%)  
[  5]  16.00-17.00  sec   439 KBytes  3.59 Mbits/sec  0.299 ms  0/4493 (0%)  
[  5]  17.00-18.00  sec   378 KBytes  3.10 Mbits/sec  0.401 ms  0/3870 (0%)  
[  5]  18.00-19.00  sec   299 KBytes  2.45 Mbits/sec  0.422 ms  0/3065 (0%)  
[  5]  19.00-20.00  sec   304 KBytes  2.49 Mbits/sec  0.408 ms  0/3114 (0%)  
[  5]  20.00-21.00  sec   309 KBytes  2.53 Mbits/sec  0.353 ms  0/3163 (0%)  
[  5]  21.00-22.00  sec   307 KBytes  2.51 Mbits/sec  0.335 ms  0/3141 (0%)  
[  5]  22.00-23.00  sec   303 KBytes  2.48 Mbits/sec  0.373 ms  0/3100 (0%)  
[  5]  23.00-24.00  sec   306 KBytes  2.50 Mbits/sec  0.348 ms  0/3129 (0%)  
[  5]  24.00-25.00  sec   307 KBytes  2.51 Mbits/sec  0.357 ms  0/3141 (0%)  
[  5]  25.00-26.00  sec   312 KBytes  2.55 Mbits/sec  0.363 ms  0/3193 (0%)  
[  5]  26.00-27.00  sec   300 KBytes  2.46 Mbits/sec  0.432 ms  0/3072 (0%)  
[  5]  27.00-28.00  sec   294 KBytes  2.41 Mbits/sec  0.379 ms  0/3013 (0%)  
[  5]  28.00-29.00  sec   308 KBytes  2.53 Mbits/sec  0.424 ms  0/3157 (0%)  
[  5]  29.00-30.00  sec   299 KBytes  2.45 Mbits/sec  0.358 ms  0/3062 (0%)  
[  5]  30.00-31.00  sec   297 KBytes  2.43 Mbits/sec  0.428 ms  0/3037 (0%)  
[  5]  31.00-32.00  sec   305 KBytes  2.50 Mbits/sec  0.436 ms  0/3128 (0%)  
[  5]  32.00-33.00  sec   309 KBytes  2.54 Mbits/sec  0.392 ms  0/3169 (0%)  
[  5]  33.00-34.00  sec   311 KBytes  2.55 Mbits/sec  0.364 ms  0/3187 (0%)  
[  5]  34.00-35.00  sec   319 KBytes  2.61 Mbits/sec  0.375 ms  0/3266 (0%)  
[  5]  35.00-36.00  sec   313 KBytes  2.57 Mbits/sec  0.435 ms  0/3209 (0%)  
[  5]  36.00-37.00  sec   305 KBytes  2.50 Mbits/sec  0.382 ms  0/3128 (0%)  
[  5]  37.00-38.00  sec   311 KBytes  2.55 Mbits/sec  0.406 ms  0/3184 (0%)  
[  5]  38.00-39.00  sec   307 KBytes  2.52 Mbits/sec  0.366 ms  0/3147 (0%)  
[  5]  39.00-40.00  sec   304 KBytes  2.49 Mbits/sec  0.390 ms  0/3114 (0%)  
[  5]  40.00-41.00  sec   307 KBytes  2.51 Mbits/sec  0.420 ms  0/3142 (0%)  
[  5]  41.00-42.00  sec   314 KBytes  2.57 Mbits/sec  0.455 ms  0/3213 (0%)  
[  5]  42.00-43.00  sec   311 KBytes  2.55 Mbits/sec  0.400 ms  0/3187 (0%)  
[  5]  43.00-44.00  sec   312 KBytes  2.55 Mbits/sec  0.380 ms  0/3195 (0%)  
[  5]  44.00-45.00  sec   316 KBytes  2.59 Mbits/sec  0.340 ms  0/3232 (0%)  
[  5]  45.00-46.00  sec   309 KBytes  2.53 Mbits/sec  0.348 ms  0/3163 (0%)  
[  5]  46.00-47.00  sec   311 KBytes  2.54 Mbits/sec  0.408 ms  0/3184 (0%)  
[  5]  47.00-48.00  sec   302 KBytes  2.48 Mbits/sec  0.363 ms  0/3092 (0%)  
[  5]  48.00-49.00  sec   305 KBytes  2.50 Mbits/sec  0.415 ms  0/3122 (0%)  
[  5]  49.00-50.00  sec   300 KBytes  2.46 Mbits/sec  0.316 ms  0/3076 (0%)  
[  5]  50.00-51.00  sec   310 KBytes  2.54 Mbits/sec  0.442 ms  0/3173 (0%)  
[  5]  51.00-52.00  sec   310 KBytes  2.54 Mbits/sec  0.397 ms  0/3176 (0%)  
[  5]  52.00-53.00  sec   314 KBytes  2.58 Mbits/sec  0.450 ms  0/3220 (0%)  
[  5]  53.00-54.00  sec   311 KBytes  2.55 Mbits/sec  0.407 ms  0/3184 (0%)  
[  5]  54.00-55.00  sec   301 KBytes  2.47 Mbits/sec  0.435 ms  0/3082 (0%)  
[  5]  55.00-56.00  sec   306 KBytes  2.50 Mbits/sec  0.374 ms  0/3132 (0%)  
[  5]  56.00-57.00  sec   312 KBytes  2.55 Mbits/sec  0.362 ms  0/3192 (0%)  
[  5]  57.00-58.00  sec   312 KBytes  2.55 Mbits/sec  0.457 ms  0/3192 (0%)  
[  5]  58.00-59.00  sec   304 KBytes  2.49 Mbits/sec  0.408 ms  0/3110 (0%)  
[  5]  59.00-60.00  sec   302 KBytes  2.48 Mbits/sec  0.402 ms  0/3096 (0%)  
[  5]  60.00-61.00  sec   298 KBytes  2.44 Mbits/sec  0.353 ms  0/3056 (0%)  
[  5]  61.00-62.00  sec   300 KBytes  2.46 Mbits/sec  0.315 ms  0/3076 (0%)  
[  5]  62.00-63.00  sec   294 KBytes  2.41 Mbits/sec  0.432 ms  0/3009 (0%)  
[  5]  63.00-64.00  sec   276 KBytes  2.26 Mbits/sec  0.411 ms  0/2824 (0%)  
[  5]  64.00-65.00  sec   272 KBytes  2.23 Mbits/sec  0.391 ms  0/2782 (0%)  
[  5]  65.00-66.00  sec   294 KBytes  2.41 Mbits/sec  0.350 ms  0/3010 (0%)  
[  5]  66.00-67.00  sec   310 KBytes  2.54 Mbits/sec  0.478 ms  0/3179 (0%)  
[  5]  67.00-68.00  sec   313 KBytes  2.57 Mbits/sec  0.365 ms  0/3205 (0%)  
[  5]  68.00-69.00  sec   313 KBytes  2.56 Mbits/sec  0.383 ms  0/3206 (0%)  
[  5]  69.00-70.00  sec   312 KBytes  2.55 Mbits/sec  0.382 ms  0/3190 (0%)  
[  5]  70.00-71.00  sec   304 KBytes  2.49 Mbits/sec  0.407 ms  0/3115 (0%)  
[  5]  71.00-72.00  sec   310 KBytes  2.54 Mbits/sec  0.351 ms  0/3175 (0%)  
[  5]  72.00-73.00  sec   306 KBytes  2.51 Mbits/sec  0.359 ms  0/3134 (0%)  
[  5]  73.00-74.00  sec   312 KBytes  2.55 Mbits/sec  0.468 ms  0/3190 (0%)  
[  5]  74.00-75.00  sec   308 KBytes  2.52 Mbits/sec  0.392 ms  0/3149 (0%)  
[  5]  75.00-76.00  sec   304 KBytes  2.49 Mbits/sec  0.462 ms  0/3118 (0%)  
[  5]  76.00-77.00  sec   315 KBytes  2.58 Mbits/sec  0.414 ms  0/3222 (0%)  
[  5]  77.00-78.00  sec   312 KBytes  2.55 Mbits/sec  0.435 ms  0/3190 (0%)  
[  5]  78.00-79.00  sec   302 KBytes  2.47 Mbits/sec  0.329 ms  0/3095 (0%)  
[  5]  79.00-80.00  sec   298 KBytes  2.44 Mbits/sec  0.342 ms  0/3050 (0%)  
[  5]  80.00-81.00  sec   308 KBytes  2.53 Mbits/sec  0.492 ms  0/3157 (0%)  
[  5]  81.00-82.00  sec   311 KBytes  2.55 Mbits/sec  0.422 ms  0/3186 (0%)  
[  5]  82.00-83.00  sec   311 KBytes  2.55 Mbits/sec  0.317 ms  0/3185 (0%)  
[  5]  83.00-84.00  sec   316 KBytes  2.58 Mbits/sec  0.343 ms  0/3232 (0%)  
[  5]  84.00-85.00  sec   304 KBytes  2.49 Mbits/sec  0.413 ms  0/3117 (0%)  
[  5]  85.00-86.00  sec   309 KBytes  2.53 Mbits/sec  0.517 ms  0/3161 (0%)  
[  5]  86.00-87.00  sec   315 KBytes  2.58 Mbits/sec  0.376 ms  0/3223 (0%)  
[  5]  87.00-88.00  sec   302 KBytes  2.47 Mbits/sec  0.334 ms  0/3088 (0%)  
[  5]  88.00-89.00  sec   300 KBytes  2.46 Mbits/sec  0.372 ms  0/3073 (0%)  
[  5]  89.00-90.00  sec   293 KBytes  2.40 Mbits/sec  0.360 ms  0/3003 (0%)  
[  5]  90.00-91.00  sec   301 KBytes  2.47 Mbits/sec  0.375 ms  0/3083 (0%)  
[  5]  91.00-92.00  sec   305 KBytes  2.50 Mbits/sec  0.370 ms  0/3128 (0%)  
[  5]  92.00-93.00  sec   307 KBytes  2.51 Mbits/sec  0.438 ms  0/3140 (0%)  
[  5]  93.00-94.00  sec   304 KBytes  2.49 Mbits/sec  0.324 ms  0/3116 (0%)  
[  5]  94.00-95.00  sec   303 KBytes  2.48 Mbits/sec  0.417 ms  0/3104 (0%)  
[  5]  95.00-96.00  sec   300 KBytes  2.46 Mbits/sec  0.374 ms  0/3077 (0%)  
[  5]  96.00-97.00  sec   298 KBytes  2.44 Mbits/sec  0.443 ms  0/3054 (0%)  
[  5]  97.00-98.00  sec   225 KBytes  1.84 Mbits/sec  0.236 ms  446/2752 (16%)  
[  5]  98.00-99.00  sec   304 KBytes  2.50 Mbits/sec  0.207 ms  1306/4424 (30%)  
[  5]  99.00-100.00 sec   289 KBytes  2.37 Mbits/sec  0.217 ms  1529/4486 (34%)  
[  5] 100.00-101.00 sec   308 KBytes  2.53 Mbits/sec  0.196 ms  1411/4569 (31%)  
[  5] 101.00-102.00 sec   291 KBytes  2.38 Mbits/sec  1.168 ms  1419/4397 (32%)  
[  5] 102.00-103.00 sec   317 KBytes  2.60 Mbits/sec  0.240 ms  1347/4591 (29%)  
[  5] 103.00-104.00 sec   302 KBytes  2.47 Mbits/sec  0.212 ms  1472/4562 (32%)  
[  5] 104.00-105.00 sec   318 KBytes  2.61 Mbits/sec  0.209 ms  1424/4682 (30%)  
[  5] 105.00-106.00 sec   276 KBytes  2.26 Mbits/sec  0.215 ms  1555/4386 (35%)  
[  5] 106.00-107.00 sec   288 KBytes  2.36 Mbits/sec  0.219 ms  1372/4326 (32%)  
[  5] 107.00-108.00 sec   311 KBytes  2.55 Mbits/sec  0.223 ms  1371/4555 (30%)  
[  5] 108.00-109.00 sec   290 KBytes  2.37 Mbits/sec  0.201 ms  1422/4389 (32%)  
[  5] 109.00-110.00 sec   266 KBytes  2.18 Mbits/sec  0.224 ms  1724/4452 (39%)  
[  5] 110.00-111.00 sec   308 KBytes  2.53 Mbits/sec  0.223 ms  1432/4589 (31%)  
[  5] 111.00-112.00 sec   307 KBytes  2.52 Mbits/sec  0.200 ms  1314/4461 (29%)  
[  5] 112.00-113.00 sec   302 KBytes  2.47 Mbits/sec  0.246 ms  1515/4607 (33%)  
[  5] 113.00-114.00 sec   286 KBytes  2.35 Mbits/sec  0.222 ms  1688/4618 (37%)  
[  5] 114.00-115.00 sec   303 KBytes  2.48 Mbits/sec  0.210 ms  1489/4593 (32%)  
[  5] 115.00-116.00 sec   317 KBytes  2.60 Mbits/sec  0.215 ms  1443/4687 (31%)  
[  5] 116.00-117.00 sec   286 KBytes  2.34 Mbits/sec  0.225 ms  1546/4476 (35%)  
[  5] 117.00-118.00 sec   311 KBytes  2.55 Mbits/sec  0.216 ms  1415/4602 (31%)  
[  5] 118.00-119.00 sec   307 KBytes  2.52 Mbits/sec  0.218 ms  1408/4556 (31%)  
[  5] 119.00-120.00 sec   270 KBytes  2.21 Mbits/sec  0.286 ms  1734/4494 (39%)  
[  5] 120.00-121.00 sec   302 KBytes  2.47 Mbits/sec  0.218 ms  1480/4576 (32%)  
[  5] 121.00-122.00 sec   312 KBytes  2.56 Mbits/sec  0.222 ms  1492/4684 (32%)  
[  5] 122.00-123.00 sec   263 KBytes  2.16 Mbits/sec  0.216 ms  1258/3954 (32%)  
[  5] 123.00-124.00 sec   314 KBytes  2.57 Mbits/sec  0.505 ms  1576/4788 (33%)  
[  5] 124.00-125.00 sec   300 KBytes  2.45 Mbits/sec  0.343 ms  1265/4333 (29%)  
[  5] 125.00-126.00 sec   285 KBytes  2.33 Mbits/sec  0.220 ms  1458/4373 (33%)  
[  5] 126.00-127.00 sec   288 KBytes  2.36 Mbits/sec  0.225 ms  1543/4489 (34%)  
[  5] 127.00-128.00 sec   295 KBytes  2.42 Mbits/sec  0.274 ms  1395/4415 (32%)  
[  5] 128.00-129.00 sec   302 KBytes  2.47 Mbits/sec  0.233 ms  1408/4497 (31%)  
[  5] 129.00-130.00 sec   262 KBytes  2.15 Mbits/sec  0.206 ms  1339/4027 (33%)  
[  5] 130.00-131.00 sec   283 KBytes  2.31 Mbits/sec  0.236 ms  1601/4494 (36%)  
[  5] 131.00-132.00 sec   285 KBytes  2.34 Mbits/sec  0.210 ms  1538/4461 (34%)  
[  5] 132.00-133.00 sec   284 KBytes  2.33 Mbits/sec  0.209 ms  1592/4499 (35%)  
[  5] 133.00-134.00 sec   283 KBytes  2.32 Mbits/sec  0.216 ms  1573/4474 (35%)  
[  5] 134.00-135.00 sec   303 KBytes  2.48 Mbits/sec  0.213 ms  1352/4454 (30%)  
[  5] 135.00-136.00 sec   309 KBytes  2.53 Mbits/sec  0.223 ms  1487/4647 (32%)  
[  5] 136.00-137.00 sec   294 KBytes  2.41 Mbits/sec  0.204 ms  1522/4529 (34%)  
[  5] 137.00-138.00 sec   294 KBytes  2.41 Mbits/sec  0.221 ms  1597/4610 (35%)  
[  5] 138.00-139.00 sec   303 KBytes  2.48 Mbits/sec  0.221 ms  1345/4448 (30%)  
[  5] 139.00-140.00 sec   307 KBytes  2.51 Mbits/sec  0.213 ms  1430/4573 (31%)  
[  5] 140.00-141.00 sec   294 KBytes  2.41 Mbits/sec  0.219 ms  1425/4439 (32%)  
[  5] 141.00-142.00 sec   296 KBytes  2.43 Mbits/sec  0.204 ms  1342/4374 (31%)  
[  5] 142.00-143.00 sec   311 KBytes  2.55 Mbits/sec  0.285 ms  1333/4520 (29%)  
[  5] 143.00-144.00 sec   295 KBytes  2.42 Mbits/sec  0.227 ms  1462/4486 (33%)  
[  5] 144.00-145.00 sec   293 KBytes  2.40 Mbits/sec  0.246 ms  1539/4541 (34%)  
[  5] 145.00-146.00 sec   268 KBytes  2.20 Mbits/sec  0.850 ms  1344/4090 (33%)  
[  5] 146.00-147.00 sec   339 KBytes  2.78 Mbits/sec  0.215 ms  1635/5112 (32%)  
[  5] 147.00-148.00 sec   304 KBytes  2.49 Mbits/sec  0.221 ms  1334/4451 (30%)  
[  5] 148.00-149.00 sec   312 KBytes  2.55 Mbits/sec  0.198 ms  1446/4638 (31%)  
[  5] 149.00-150.00 sec   305 KBytes  2.50 Mbits/sec  0.215 ms  1386/4511 (31%)  
[  5] 150.00-151.00 sec   297 KBytes  2.44 Mbits/sec  0.590 ms  1637/4682 (35%)  
[  5] 151.00-152.00 sec   276 KBytes  2.26 Mbits/sec  0.219 ms  1675/4500 (37%)  
[  5] 152.00-153.00 sec   302 KBytes  2.48 Mbits/sec  0.221 ms  1615/4709 (34%)  
[  5] 153.00-154.00 sec   271 KBytes  2.22 Mbits/sec  0.520 ms  1509/4289 (35%)  
[  5] 154.00-155.00 sec   278 KBytes  2.28 Mbits/sec  0.218 ms  1432/4278 (33%)  
[  5] 155.00-156.00 sec   310 KBytes  2.54 Mbits/sec  0.224 ms  1578/4748 (33%)  
[  5] 156.00-157.00 sec   307 KBytes  2.51 Mbits/sec  0.211 ms  1205/4348 (28%)  
[  5] 157.00-158.00 sec   355 KBytes  2.91 Mbits/sec  0.220 ms  1541/5173 (30%)  
[  5] 158.00-159.00 sec   260 KBytes  2.13 Mbits/sec  0.215 ms  1141/3801 (30%)  
[  5] 159.00-160.00 sec   297 KBytes  2.43 Mbits/sec  0.215 ms  1350/4392 (31%)  
[  5] 160.00-161.00 sec   313 KBytes  2.56 Mbits/sec  0.220 ms  1444/4645 (31%)  
[  5] 161.00-162.00 sec   301 KBytes  2.46 Mbits/sec  0.216 ms  1411/4490 (31%)  
[  5] 162.00-163.00 sec   285 KBytes  2.33 Mbits/sec  0.214 ms  1609/4523 (36%)  
[  5] 163.00-164.00 sec   303 KBytes  2.48 Mbits/sec  0.221 ms  1415/4514 (31%)  
[  5] 164.00-165.00 sec   273 KBytes  2.24 Mbits/sec  0.346 ms  1876/4674 (40%)  
[  5] 165.00-166.00 sec   290 KBytes  2.38 Mbits/sec  0.203 ms  1506/4476 (34%)  
[  5] 166.00-167.00 sec   305 KBytes  2.50 Mbits/sec  0.205 ms  1435/4561 (31%)  
[  5] 167.00-168.00 sec   310 KBytes  2.54 Mbits/sec  0.217 ms  1478/4651 (32%)  
[  5] 168.00-169.00 sec   306 KBytes  2.51 Mbits/sec  0.249 ms  1302/4439 (29%)  
[  5] 169.00-170.00 sec   291 KBytes  2.38 Mbits/sec  0.222 ms  1658/4637 (36%)  
[  5] 170.00-171.00 sec   300 KBytes  2.46 Mbits/sec  0.217 ms  1433/4503 (32%)  
[  5] 171.00-172.00 sec   315 KBytes  2.58 Mbits/sec  0.216 ms  1333/4560 (29%)  
[  5] 172.00-173.00 sec   304 KBytes  2.49 Mbits/sec  0.231 ms  1310/4427 (30%)  
[  5] 173.00-174.00 sec   304 KBytes  2.49 Mbits/sec  0.244 ms  1327/4436 (30%)  
[  5] 174.00-175.00 sec   301 KBytes  2.47 Mbits/sec  0.221 ms  1500/4585 (33%)  
[  5] 175.00-176.00 sec   304 KBytes  2.49 Mbits/sec  0.214 ms  1312/4426 (30%)  
[  5] 176.00-177.00 sec   304 KBytes  2.49 Mbits/sec  0.212 ms  1338/4451 (30%)  
[  5] 177.00-178.00 sec   260 KBytes  2.13 Mbits/sec  0.223 ms  1183/3842 (31%)  
[  5] 178.00-179.00 sec   310 KBytes  2.54 Mbits/sec  0.219 ms  1419/4598 (31%)  
[  5] 179.00-180.00 sec   295 KBytes  2.42 Mbits/sec  0.216 ms  1499/4524 (33%)  
[  5] 180.00-181.00 sec   305 KBytes  2.50 Mbits/sec  0.210 ms  1357/4483 (30%)  
[  5] 181.00-182.00 sec   314 KBytes  2.57 Mbits/sec  0.207 ms  1308/4522 (29%)  
[  5] 182.00-183.00 sec   305 KBytes  2.50 Mbits/sec  0.218 ms  1337/4463 (30%)  
[  5] 183.00-184.00 sec   297 KBytes  2.44 Mbits/sec  0.216 ms  1434/4480 (32%)  
[  5] 184.00-185.00 sec   308 KBytes  2.52 Mbits/sec  0.258 ms  1359/4511 (30%)  
[  5] 185.00-186.00 sec   259 KBytes  2.12 Mbits/sec  0.214 ms  1330/3984 (33%)  
[  5] 186.00-187.00 sec   308 KBytes  2.53 Mbits/sec  0.218 ms  1616/4774 (34%)  
[  5] 187.00-188.00 sec   302 KBytes  2.48 Mbits/sec  0.220 ms  1479/4573 (32%)  
[  5] 188.00-189.00 sec   300 KBytes  2.46 Mbits/sec  0.249 ms  1468/4543 (32%)  
[  5] 189.00-190.00 sec   299 KBytes  2.45 Mbits/sec  0.216 ms  1393/4453 (31%)  
[  5] 190.00-191.00 sec   307 KBytes  2.51 Mbits/sec  0.202 ms  1270/4409 (29%)  
[  5] 191.00-192.00 sec   299 KBytes  2.45 Mbits/sec  0.221 ms  1436/4498 (32%)  
[  5] 192.00-193.00 sec   304 KBytes  2.49 Mbits/sec  0.217 ms  1371/4484 (31%)  
[  5] 193.00-194.00 sec   270 KBytes  2.21 Mbits/sec  0.207 ms  1196/3960 (30%)  
[  5] 194.00-195.00 sec   296 KBytes  2.43 Mbits/sec  0.220 ms  1476/4510 (33%)  
[  5] 195.00-196.00 sec   304 KBytes  2.49 Mbits/sec  0.273 ms  1494/4611 (32%)  
[  5] 196.00-197.00 sec   308 KBytes  2.52 Mbits/sec  0.358 ms  1442/4593 (31%)  
[  5] 197.00-198.00 sec   304 KBytes  2.49 Mbits/sec  0.216 ms  1319/4432 (30%)  
[  5] 198.00-199.00 sec   292 KBytes  2.40 Mbits/sec  0.249 ms  1575/4570 (34%)  
[  5] 199.00-200.00 sec   307 KBytes  2.51 Mbits/sec  0.214 ms  1399/4538 (31%)  
[  5] 200.00-201.00 sec   294 KBytes  2.41 Mbits/sec  0.235 ms  1439/4454 (32%)  
[  5] 201.00-202.00 sec   305 KBytes  2.50 Mbits/sec  0.215 ms  1512/4631 (33%)  
[  5] 202.00-203.00 sec   298 KBytes  2.44 Mbits/sec  0.220 ms  1532/4579 (33%)  
[  5] 203.00-204.00 sec   311 KBytes  2.55 Mbits/sec  0.181 ms  1491/4674 (32%)  
[  5] 204.00-205.00 sec   305 KBytes  2.50 Mbits/sec  0.218 ms  1397/4519 (31%)  
[  5] 205.00-206.00 sec   261 KBytes  2.14 Mbits/sec  0.219 ms  1365/4037 (34%)  
[  5] 206.00-207.00 sec   313 KBytes  2.56 Mbits/sec  0.220 ms  1328/4529 (29%)  
[  5] 207.00-208.00 sec   300 KBytes  2.45 Mbits/sec  0.221 ms  1495/4562 (33%)  
[  5] 208.00-209.00 sec   307 KBytes  2.51 Mbits/sec  0.373 ms  1289/4430 (29%)  
[  5] 209.00-210.00 sec   304 KBytes  2.49 Mbits/sec  0.231 ms  1403/4521 (31%)  
[  5] 210.00-211.00 sec   295 KBytes  2.42 Mbits/sec  0.204 ms  1874/4899 (38%)  
[  5] 211.00-212.00 sec   232 KBytes  1.90 Mbits/sec  0.210 ms  1436/3813 (38%)  
[  5] 212.00-213.00 sec   305 KBytes  2.50 Mbits/sec  0.217 ms  1271/4397 (29%)  
[  5] 213.00-214.00 sec   283 KBytes  2.32 Mbits/sec  0.212 ms  1724/4627 (37%)  
[  5] 214.00-215.00 sec   300 KBytes  2.46 Mbits/sec  0.223 ms  1362/4431 (31%)  
[  5] 215.00-216.00 sec   356 KBytes  2.92 Mbits/sec  0.220 ms  1721/5367 (32%)  
[  5] 216.00-217.00 sec   262 KBytes  2.14 Mbits/sec  0.219 ms  1228/3909 (31%)  
[  5] 217.00-218.00 sec   294 KBytes  2.41 Mbits/sec  0.219 ms  1546/4554 (34%)  
[  5] 218.00-219.00 sec   255 KBytes  2.09 Mbits/sec  0.220 ms  1326/3941 (34%)  
[  5] 219.00-220.00 sec   311 KBytes  2.54 Mbits/sec  0.229 ms  1594/4778 (33%)  
[  5] 220.00-221.00 sec   201 KBytes  1.65 Mbits/sec  0.274 ms  1226/3283 (37%)  
[  5] 221.00-222.00 sec   299 KBytes  2.45 Mbits/sec  0.228 ms  1410/4470 (32%)  
[  5] 222.00-223.00 sec   272 KBytes  2.23 Mbits/sec  0.219 ms  1227/4012 (31%)  
[  5] 223.00-224.00 sec   209 KBytes  1.71 Mbits/sec  0.220 ms  1157/3301 (35%)  
[  5] 224.00-225.00 sec   198 KBytes  1.63 Mbits/sec  0.218 ms  1173/3203 (37%)  
[  5] 225.00-226.00 sec   226 KBytes  1.85 Mbits/sec  0.230 ms  963/3273 (29%)  
[  5] 226.00-227.00 sec   168 KBytes  1.38 Mbits/sec  0.217 ms  676/2395 (28%)  
[  5] 227.00-228.00 sec   173 KBytes  1.42 Mbits/sec  0.217 ms  746/2515 (30%)  
[  5] 228.00-229.00 sec   228 KBytes  1.86 Mbits/sec  0.216 ms  1018/3349 (30%)  
[  5] 229.00-230.00 sec   172 KBytes  1.41 Mbits/sec  0.195 ms  837/2597 (32%)  
[  5] 230.00-231.00 sec   204 KBytes  1.68 Mbits/sec  0.206 ms  1125/3219 (35%)  
[  5] 231.00-232.00 sec   217 KBytes  1.77 Mbits/sec  0.225 ms  1132/3349 (34%)  
[  5] 232.00-233.00 sec   205 KBytes  1.68 Mbits/sec  0.216 ms  1071/3173 (34%)  
[  5] 233.00-234.00 sec   170 KBytes  1.40 Mbits/sec  0.211 ms  818/2562 (32%)  
[  5] 234.00-235.00 sec   181 KBytes  1.48 Mbits/sec  0.219 ms  913/2769 (33%)  
[  5] 235.00-236.00 sec   205 KBytes  1.68 Mbits/sec  0.215 ms  1066/3165 (34%)  
[  5] 236.00-237.00 sec   138 KBytes  1.13 Mbits/sec  0.527 ms  734/2143 (34%)  
[  5] 237.00-238.00 sec   190 KBytes  1.55 Mbits/sec  0.346 ms  1065/3008 (35%)  
[  5] 238.00-239.00 sec   202 KBytes  1.65 Mbits/sec  0.218 ms  1181/3249 (36%)  
[  5] 239.00-240.00 sec   244 KBytes  2.00 Mbits/sec  0.305 ms  1391/3888 (36%)  
[  5] 240.00-241.00 sec   194 KBytes  1.59 Mbits/sec  0.221 ms  1440/3430 (42%)  
[  5] 241.00-242.00 sec   215 KBytes  1.76 Mbits/sec  0.214 ms  1107/3304 (34%)  
[  5] 242.00-243.00 sec   226 KBytes  1.85 Mbits/sec  0.221 ms  1083/3401 (32%)  
[  5] 243.00-244.00 sec   215 KBytes  1.76 Mbits/sec  0.217 ms  1112/3318 (34%)  
[  5] 244.00-245.00 sec   202 KBytes  1.66 Mbits/sec  0.244 ms  1162/3232 (36%)  
[  5] 245.00-246.00 sec   188 KBytes  1.54 Mbits/sec  0.220 ms  1211/3139 (39%)  
[  5] 246.00-247.00 sec   198 KBytes  1.62 Mbits/sec  0.237 ms  812/2835 (29%)  
[  5] 247.00-248.00 sec   161 KBytes  1.32 Mbits/sec  0.230 ms  1297/2945 (44%)  
[  5] 248.00-249.00 sec   214 KBytes  1.75 Mbits/sec  0.212 ms  941/3128 (30%)  
[  5] 249.00-250.00 sec   217 KBytes  1.78 Mbits/sec  0.215 ms  913/3133 (29%)  
[  5] 250.00-251.00 sec   225 KBytes  1.85 Mbits/sec  0.215 ms  1184/3492 (34%)  
[  5] 251.00-252.00 sec   155 KBytes  1.27 Mbits/sec  0.220 ms  1121/2706 (41%)  
[  5] 252.00-253.00 sec   259 KBytes  2.12 Mbits/sec  0.210 ms  1484/4140 (36%)  
[  5] 253.00-254.00 sec   252 KBytes  2.06 Mbits/sec  0.217 ms  1647/4223 (39%)  
[  5] 254.00-255.00 sec   238 KBytes  1.95 Mbits/sec  0.283 ms  1645/4087 (40%)  
[  5] 255.00-256.00 sec   213 KBytes  1.75 Mbits/sec  0.315 ms  2192/4378 (50%)  
[  5] 256.00-257.00 sec   176 KBytes  1.44 Mbits/sec  0.221 ms  1446/3248 (45%)  
[  5] 257.00-258.00 sec   226 KBytes  1.85 Mbits/sec  0.226 ms  1432/3751 (38%)  
[  5] 258.00-259.00 sec   197 KBytes  1.61 Mbits/sec  0.211 ms  2273/4289 (53%)  
[  5] 259.00-260.00 sec   282 KBytes  2.31 Mbits/sec  0.224 ms  3362/6249 (54%)  
[  5] 260.00-261.00 sec   263 KBytes  2.15 Mbits/sec  0.376 ms  3043/5733 (53%)  
[  5] 261.00-262.00 sec   157 KBytes  1.29 Mbits/sec  0.249 ms  2731/4341 (63%)  
[  5] 262.00-263.00 sec   171 KBytes  1.40 Mbits/sec  3.182 ms  3250/5003 (65%)  
[  5] 263.00-264.00 sec   143 KBytes  1.17 Mbits/sec  0.219 ms  2619/4087 (64%)  
[  5] 264.00-265.00 sec   152 KBytes  1.25 Mbits/sec  0.240 ms  2434/3989 (61%)  
[  5] 265.00-266.00 sec   187 KBytes  1.53 Mbits/sec  0.235 ms  2907/4818 (60%)  
[  5] 266.00-267.00 sec   257 KBytes  2.10 Mbits/sec  0.218 ms  3108/5735 (54%)  
[  5] 267.00-268.00 sec   215 KBytes  1.76 Mbits/sec  0.221 ms  2720/4919 (55%)  
[  5] 268.00-269.00 sec   138 KBytes  1.13 Mbits/sec  0.285 ms  1735/3149 (55%)  
[  5] 269.00-270.00 sec   177 KBytes  1.45 Mbits/sec  0.222 ms  4574/6388 (72%)  
[  5] 270.00-271.00 sec   215 KBytes  1.76 Mbits/sec  0.119 ms  3315/5512 (60%)  
[  5] 271.00-272.00 sec   205 KBytes  1.68 Mbits/sec  0.264 ms  2706/4805 (56%)  
[  5] 272.00-273.00 sec   195 KBytes  1.60 Mbits/sec  0.221 ms  2596/4593 (57%)  
[  5] 273.00-274.00 sec   207 KBytes  1.70 Mbits/sec  0.211 ms  1739/3858 (45%)  
[  5] 274.00-275.00 sec   214 KBytes  1.75 Mbits/sec  0.195 ms  2017/4206 (48%)  
[  5] 275.00-276.00 sec   195 KBytes  1.60 Mbits/sec  0.704 ms  2053/4054 (51%)  
[  5] 276.00-277.00 sec   188 KBytes  1.54 Mbits/sec  0.283 ms  2988/4912 (61%)  
[  5] 277.00-278.00 sec   213 KBytes  1.74 Mbits/sec  0.202 ms  2448/4632 (53%)  
[  5] 278.00-279.00 sec   203 KBytes  1.66 Mbits/sec  0.232 ms  2359/4433 (53%)  
[  5] 279.00-280.00 sec   202 KBytes  1.65 Mbits/sec  0.212 ms  2525/4591 (55%)  
[  5] 280.00-281.00 sec   196 KBytes  1.60 Mbits/sec  0.219 ms  2679/4685 (57%)  
[  5] 281.00-282.00 sec   172 KBytes  1.41 Mbits/sec  0.225 ms  2479/4237 (59%)  
[  5] 282.00-283.00 sec   211 KBytes  1.73 Mbits/sec  0.224 ms  2613/4776 (55%)  
[  5] 283.00-284.00 sec   178 KBytes  1.46 Mbits/sec  0.221 ms  1738/3560 (49%)  
[  5] 284.00-285.00 sec   202 KBytes  1.66 Mbits/sec  0.240 ms  1953/4021 (49%)  
[  5] 285.00-286.00 sec   267 KBytes  2.19 Mbits/sec  0.211 ms  3564/6298 (57%)  
[  5] 286.00-287.00 sec   304 KBytes  2.49 Mbits/sec  0.194 ms  2353/5467 (43%)  
[  5] 287.00-288.00 sec   264 KBytes  2.16 Mbits/sec  0.217 ms  1807/4508 (40%)  
[  5] 288.00-289.00 sec   297 KBytes  2.44 Mbits/sec  0.199 ms  2258/5303 (43%)  
[  5] 289.00-290.00 sec   303 KBytes  2.48 Mbits/sec  0.249 ms  3385/6485 (52%)  
[  5] 290.00-291.00 sec   254 KBytes  2.08 Mbits/sec  0.204 ms  3126/5728 (55%)  
[  5] 291.00-292.00 sec   304 KBytes  2.49 Mbits/sec  0.212 ms  2188/5297 (41%)  
[  5] 292.00-293.00 sec   283 KBytes  2.32 Mbits/sec  0.616 ms  2001/4904 (41%)  
[  5] 293.00-294.00 sec   288 KBytes  2.36 Mbits/sec  0.226 ms  3705/6649 (56%)  
[  5] 294.00-295.00 sec   298 KBytes  2.44 Mbits/sec  0.215 ms  3847/6895 (56%)  
[  5] 295.00-296.00 sec   268 KBytes  2.19 Mbits/sec  0.196 ms  3575/6318 (57%)  
[  5] 296.00-297.00 sec   306 KBytes  2.50 Mbits/sec  0.215 ms  3280/6412 (51%)  
[  5] 297.00-298.00 sec   239 KBytes  1.96 Mbits/sec  0.215 ms  2455/4901 (50%)  
[  5] 298.00-299.00 sec   255 KBytes  2.09 Mbits/sec  0.223 ms  2957/5565 (53%)  
[  5] 299.00-300.00 sec   288 KBytes  2.36 Mbits/sec  0.210 ms  3651/6599 (55%)  
[  5] 300.00-301.00 sec   224 KBytes  1.83 Mbits/sec  0.223 ms  2552/4843 (53%)  
[  5] 301.00-302.00 sec   216 KBytes  1.77 Mbits/sec  0.221 ms  2040/4250 (48%)  
[  5] 302.00-303.00 sec   216 KBytes  1.77 Mbits/sec  0.281 ms  2676/4890 (55%)  
[  5] 303.00-304.00 sec   176 KBytes  1.44 Mbits/sec  0.211 ms  1799/3602 (50%)  
[  5] 304.00-305.00 sec   148 KBytes  1.21 Mbits/sec  0.219 ms  1850/3367 (55%)  
[  5] 305.00-306.00 sec   217 KBytes  1.77 Mbits/sec  0.257 ms  2468/4687 (53%)  
[  5] 306.00-307.00 sec   200 KBytes  1.64 Mbits/sec  0.223 ms  2406/4452 (54%)  
[  5] 307.00-308.00 sec   114 KBytes   938 Kbits/sec  0.218 ms  1451/2623 (55%)  
[  5] 308.00-309.00 sec   185 KBytes  1.51 Mbits/sec  0.214 ms  2620/4511 (58%)  
[  5] 309.00-310.00 sec   149 KBytes  1.22 Mbits/sec  0.218 ms  2192/3719 (59%)  
[  5] 310.00-311.00 sec  79.2 KBytes   649 Kbits/sec  0.240 ms  1202/2013 (60%)  
[  5] 311.00-312.00 sec   132 KBytes  1.08 Mbits/sec  1.072 ms  1852/3203 (58%)  
[  5] 312.00-313.00 sec   182 KBytes  1.49 Mbits/sec  0.215 ms  2272/4133 (55%)  
[  5] 313.00-314.00 sec   202 KBytes  1.66 Mbits/sec  0.234 ms  2439/4511 (54%)  
[  5] 314.00-315.00 sec   218 KBytes  1.79 Mbits/sec  0.205 ms  3077/5312 (58%)  
[  5] 315.00-316.00 sec   225 KBytes  1.84 Mbits/sec  0.233 ms  3334/5635 (59%)  
[  5] 316.00-317.00 sec   194 KBytes  1.59 Mbits/sec  0.239 ms  1622/3608 (45%)  
[  5] 317.00-318.00 sec   181 KBytes  1.48 Mbits/sec  0.219 ms  985/2839 (35%)  
[  5] 318.00-319.00 sec   194 KBytes  1.59 Mbits/sec  0.223 ms  1434/3422 (42%)  
[  5] 319.00-320.00 sec   162 KBytes  1.33 Mbits/sec  0.216 ms  1143/2801 (41%)  
[  5] 320.00-321.00 sec   173 KBytes  1.42 Mbits/sec  0.281 ms  993/2766 (36%)  
[  5] 321.00-322.00 sec   174 KBytes  1.42 Mbits/sec  0.237 ms  851/2628 (32%)  
[  5] 322.00-323.00 sec   109 KBytes   892 Kbits/sec  0.213 ms  822/1938 (42%)  
[  5] 323.00-324.00 sec   172 KBytes  1.41 Mbits/sec  0.264 ms  905/2666 (34%)  
[  5] 324.00-325.00 sec   186 KBytes  1.53 Mbits/sec  0.557 ms  1280/3187 (40%)  
[  5] 325.00-326.00 sec   163 KBytes  1.34 Mbits/sec  0.209 ms  946/2615 (36%)  
[  5] 326.00-327.00 sec   211 KBytes  1.73 Mbits/sec  0.218 ms  1091/3254 (34%)  
[  5] 327.00-328.00 sec   152 KBytes  1.24 Mbits/sec  0.241 ms  767/2324 (33%)  
[  5] 328.00-329.00 sec   164 KBytes  1.34 Mbits/sec  0.221 ms  1240/2916 (43%)  
[  5] 329.00-330.00 sec   201 KBytes  1.65 Mbits/sec  0.840 ms  1217/3277 (37%)  
[  5] 330.00-331.00 sec   217 KBytes  1.78 Mbits/sec  0.212 ms  1327/3550 (37%)  
[  5] 331.00-332.00 sec   138 KBytes  1.13 Mbits/sec  0.214 ms  1288/2704 (48%)  
[  5] 332.00-333.00 sec   219 KBytes  1.79 Mbits/sec  0.218 ms  998/3237 (31%)  
[  5] 333.00-334.00 sec   194 KBytes  1.59 Mbits/sec  0.285 ms  964/2953 (33%)  
[  5] 334.00-335.00 sec   219 KBytes  1.80 Mbits/sec  0.250 ms  1864/4111 (45%)  
[  5] 335.00-336.00 sec   170 KBytes  1.39 Mbits/sec  0.198 ms  1829/3571 (51%)  
[  5] 336.00-337.00 sec   256 KBytes  2.09 Mbits/sec  0.220 ms  1713/4330 (40%)  
[  5] 337.00-338.00 sec   206 KBytes  1.69 Mbits/sec  0.188 ms  1389/3500 (40%)  
[  5] 338.00-339.00 sec   116 KBytes   955 Kbits/sec  0.219 ms  1072/2264 (47%)  
[  5] 339.00-340.00 sec   140 KBytes  1.14 Mbits/sec  0.165 ms  994/2430 (41%)  
[  5] 340.00-341.00 sec   123 KBytes  1.01 Mbits/sec  0.207 ms  1623/2879 (56%)  
[  5] 341.00-342.00 sec   123 KBytes  1.01 Mbits/sec  0.218 ms  1526/2784 (55%)  
[  5] 342.00-343.00 sec   114 KBytes   936 Kbits/sec  0.384 ms  1795/2965 (61%)  
[  5] 343.00-344.00 sec   200 KBytes  1.64 Mbits/sec  0.536 ms  3554/5604 (63%)  
[  5] 344.00-345.00 sec   207 KBytes  1.70 Mbits/sec  0.223 ms  2643/4766 (55%)  
[  5] 345.00-346.00 sec   221 KBytes  1.81 Mbits/sec  0.210 ms  2365/4625 (51%)  
[  5] 346.00-347.00 sec   201 KBytes  1.65 Mbits/sec  0.730 ms  3125/5188 (60%)  
[  5] 347.00-348.00 sec   218 KBytes  1.78 Mbits/sec  0.221 ms  3481/5712 (61%)  
[  5] 348.00-349.00 sec   220 KBytes  1.80 Mbits/sec  0.292 ms  2652/4900 (54%)  
[  5] 349.00-350.00 sec   209 KBytes  1.71 Mbits/sec  0.209 ms  6726/8866 (76%)  
[  5] 350.00-351.00 sec   218 KBytes  1.78 Mbits/sec  0.220 ms  3519/5747 (61%)  
[  5] 351.00-352.00 sec   219 KBytes  1.79 Mbits/sec  0.218 ms  1922/4162 (46%)  
[  5] 352.00-353.00 sec   216 KBytes  1.77 Mbits/sec  0.207 ms  2401/4611 (52%)  
[  5] 353.00-354.00 sec   197 KBytes  1.61 Mbits/sec  0.218 ms  2610/4626 (56%)  
[  5] 354.00-355.00 sec   198 KBytes  1.62 Mbits/sec  0.505 ms  2293/4320 (53%)  
[  5] 355.00-356.00 sec   195 KBytes  1.60 Mbits/sec  0.217 ms  3542/5536 (64%)  
[  5] 356.00-357.00 sec   196 KBytes  1.61 Mbits/sec  0.225 ms  2411/4418 (55%)  
[  5] 357.00-358.00 sec   193 KBytes  1.58 Mbits/sec  0.468 ms  3974/5955 (67%)  
[  5] 358.00-359.00 sec   217 KBytes  1.78 Mbits/sec  0.190 ms  4183/6408 (65%)  
[  5] 359.00-360.00 sec   208 KBytes  1.70 Mbits/sec  0.244 ms  4971/7099 (70%)  
[  5] 360.00-361.00 sec   219 KBytes  1.79 Mbits/sec  0.218 ms  2678/4918 (54%)  
[  5] 361.00-362.00 sec   264 KBytes  2.17 Mbits/sec  0.221 ms  3765/6472 (58%)  
[  5] 362.00-363.00 sec   248 KBytes  2.03 Mbits/sec  0.258 ms  3367/5907 (57%)  
[  5] 363.00-364.00 sec   197 KBytes  1.61 Mbits/sec  0.211 ms  3173/5187 (61%)  
[  5] 364.00-365.00 sec   218 KBytes  1.79 Mbits/sec  0.222 ms  2593/4828 (54%)  
[  5] 365.00-366.00 sec   253 KBytes  2.07 Mbits/sec  0.208 ms  3149/5740 (55%)  
[  5] 366.00-367.00 sec   220 KBytes  1.80 Mbits/sec  0.309 ms  2952/5208 (57%)  
[  5] 367.00-368.00 sec   245 KBytes  2.01 Mbits/sec  0.235 ms  2775/5287 (52%)  
[  5] 368.00-369.01 sec   201 KBytes  1.64 Mbits/sec  0.296 ms  2257/4316 (52%)  
[  5] 369.01-370.00 sec   212 KBytes  1.74 Mbits/sec  0.195 ms  2094/4262 (49%)  
[  5] 370.00-371.00 sec   238 KBytes  1.95 Mbits/sec  0.257 ms  3038/5479 (55%)  
[  5] 371.00-372.00 sec   255 KBytes  2.09 Mbits/sec  0.225 ms  2628/5237 (50%)  
[  5] 372.00-373.00 sec   256 KBytes  2.10 Mbits/sec  0.215 ms  4522/7143 (63%)  
[  5] 373.00-374.00 sec   253 KBytes  2.08 Mbits/sec  0.213 ms  6483/9077 (71%)  
[  5] 374.00-375.00 sec   205 KBytes  1.68 Mbits/sec  0.713 ms  5099/7200 (71%)  
[  5] 375.00-376.00 sec   267 KBytes  2.19 Mbits/sec  0.219 ms  3736/6470 (58%)  
[  5] 376.00-377.00 sec   256 KBytes  2.09 Mbits/sec  0.227 ms  2604/5223 (50%)  
[  5] 377.00-378.00 sec   225 KBytes  1.84 Mbits/sec  0.215 ms  2189/4490 (49%)  
[  5] 378.00-379.00 sec   191 KBytes  1.57 Mbits/sec  0.725 ms  2117/4074 (52%)  
[  5] 379.00-380.00 sec   240 KBytes  1.97 Mbits/sec  0.284 ms  2701/5158 (52%)  
[  5] 380.00-381.00 sec   175 KBytes  1.43 Mbits/sec  0.215 ms  2197/3987 (55%)  
[  5] 381.00-382.00 sec   173 KBytes  1.41 Mbits/sec  0.222 ms  1527/3295 (46%)  
[  5] 382.00-383.00 sec   166 KBytes  1.36 Mbits/sec  0.224 ms  1691/3392 (50%)  
[  5] 383.00-384.00 sec   168 KBytes  1.37 Mbits/sec  0.213 ms  1740/3459 (50%)  
[  5] 384.00-385.00 sec   178 KBytes  1.46 Mbits/sec  0.220 ms  1762/3587 (49%)  
[  5] 385.00-386.00 sec   173 KBytes  1.42 Mbits/sec  0.211 ms  1797/3565 (50%)  
[  5] 386.00-387.00 sec   218 KBytes  1.79 Mbits/sec  0.195 ms  2061/4297 (48%)  
[  5] 387.00-388.00 sec   194 KBytes  1.59 Mbits/sec  0.205 ms  2396/4386 (55%)  
[  5] 388.00-389.00 sec   273 KBytes  2.23 Mbits/sec  0.222 ms  2603/5396 (48%)  
[  5] 389.00-390.00 sec   214 KBytes  1.75 Mbits/sec  0.245 ms  2331/4522 (52%)  
[  5] 390.00-391.00 sec   242 KBytes  1.98 Mbits/sec  0.240 ms  2590/5063 (51%)  
[  5] 391.00-392.00 sec   263 KBytes  2.15 Mbits/sec  0.213 ms  2816/5506 (51%)  
[  5] 392.00-393.00 sec   220 KBytes  1.80 Mbits/sec  0.232 ms  1860/4108 (45%)  
[  5] 393.00-394.00 sec   249 KBytes  2.04 Mbits/sec  0.220 ms  2395/4942 (48%)  
[  5] 394.00-395.00 sec   271 KBytes  2.22 Mbits/sec  0.214 ms  2082/4854 (43%)  
[  5] 395.00-396.00 sec   245 KBytes  2.00 Mbits/sec  0.290 ms  1941/4446 (44%)  
[  5] 396.00-397.00 sec   263 KBytes  2.15 Mbits/sec  0.225 ms  2766/5459 (51%)  
[  5] 397.00-398.00 sec   259 KBytes  2.12 Mbits/sec  0.190 ms  2495/5143 (49%)  
[  5] 398.00-399.00 sec   235 KBytes  1.92 Mbits/sec  0.217 ms  2515/4919 (51%)  
[  5] 399.00-400.00 sec   271 KBytes  2.22 Mbits/sec  0.215 ms  2070/4844 (43%)  
[  5] 400.00-401.00 sec   266 KBytes  2.18 Mbits/sec  0.216 ms  2471/5197 (48%)  
[  5] 401.00-402.00 sec   204 KBytes  1.67 Mbits/sec  0.222 ms  1983/4069 (49%)  
[  5] 402.00-403.00 sec   251 KBytes  2.06 Mbits/sec  0.210 ms  1979/4553 (43%)  
[  5] 403.00-404.00 sec   243 KBytes  1.99 Mbits/sec  0.216 ms  2162/4652 (46%)  
[  5] 404.00-405.00 sec   270 KBytes  2.21 Mbits/sec  0.218 ms  2012/4772 (42%)  
[  5] 405.00-406.00 sec   206 KBytes  1.69 Mbits/sec  0.221 ms  1605/3715 (43%)  
[  5] 406.00-407.00 sec   204 KBytes  1.67 Mbits/sec  0.278 ms  1660/3746 (44%)  
[  5] 407.00-408.00 sec   130 KBytes  1.07 Mbits/sec  0.216 ms  998/2334 (43%)  
[  5] 408.00-409.00 sec   255 KBytes  2.09 Mbits/sec  0.213 ms  2224/4836 (46%)  
[  5] 409.00-410.00 sec   218 KBytes  1.78 Mbits/sec  0.247 ms  1828/4060 (45%)  
[  5] 410.00-411.00 sec   238 KBytes  1.95 Mbits/sec  0.239 ms  3056/5491 (56%)  
[  5] 411.00-412.00 sec   255 KBytes  2.09 Mbits/sec  0.220 ms  2284/4898 (47%)  
[  5] 412.00-413.00 sec   207 KBytes  1.69 Mbits/sec  0.195 ms  2916/5031 (58%)  
[  5] 413.00-414.00 sec   235 KBytes  1.93 Mbits/sec  0.236 ms  3698/6109 (61%)  
[  5] 414.00-415.00 sec   233 KBytes  1.91 Mbits/sec  0.227 ms  4096/6480 (63%)  
[  5] 415.00-416.00 sec   264 KBytes  2.16 Mbits/sec  0.215 ms  3829/6528 (59%)  
[  5] 416.00-417.00 sec   244 KBytes  2.00 Mbits/sec  0.220 ms  3726/6224 (60%)  
[  5] 417.00-418.00 sec   240 KBytes  1.97 Mbits/sec  0.278 ms  2407/4868 (49%)  
[  5] 418.00-419.00 sec   239 KBytes  1.96 Mbits/sec  0.223 ms  1962/4409 (44%)  
[  5] 419.00-420.00 sec   262 KBytes  2.15 Mbits/sec  0.217 ms  2267/4952 (46%)  
[  5] 420.00-421.00 sec   261 KBytes  2.14 Mbits/sec  0.196 ms  2168/4842 (45%)  
[  5] 421.00-422.00 sec   267 KBytes  2.19 Mbits/sec  0.232 ms  2054/4788 (43%)  
[  5] 422.00-423.00 sec   261 KBytes  2.14 Mbits/sec  0.218 ms  1898/4575 (41%)  
[  5] 423.00-424.00 sec   213 KBytes  1.75 Mbits/sec  0.218 ms  1788/3972 (45%)  
[  5] 424.00-425.00 sec   263 KBytes  2.15 Mbits/sec  0.219 ms  1751/4440 (39%)  
