Connecting to host 172.22.0.50, port 5201
Reverse mode, remote host 172.22.0.50 is sending
[  5] local 192.168.100.2 port 35690 connected to 172.22.0.50 port 5201
[ ID] Interval           Transfer     Bitrate         Jitter    Lost/Total Datagrams
[  5]   0.00-1.00   sec  1.43 MBytes  12.0 Mbits/sec  0.894 ms  0/1252 (0%)  
[  5]   1.00-2.00   sec  1.43 MBytes  12.0 Mbits/sec  0.700 ms  0/1251 (0%)  
[  5]   2.00-3.00   sec  1.42 MBytes  12.0 Mbits/sec  0.912 ms  0/1245 (0%)  
[  5]   3.00-4.00   sec  1.42 MBytes  11.9 Mbits/sec  1.651 ms  0/1242 (0%)  
[  5]   4.00-5.00   sec  1.43 MBytes  12.0 Mbits/sec  1.556 ms  0/1246 (0%)  
[  5]   5.00-6.00   sec  1.44 MBytes  12.1 Mbits/sec  1.120 ms  0/1258 (0%)  
[  5]   6.00-7.00   sec  1.44 MBytes  12.0 Mbits/sec  1.046 ms  0/1255 (0%)  
[  5]   7.00-8.00   sec  1.44 MBytes  12.0 Mbits/sec  0.691 ms  0/1254 (0%)  
[  5]   8.00-9.00   sec  1.41 MBytes  11.9 Mbits/sec  0.994 ms  0/1233 (0%)  
[  5]   9.00-10.00  sec  1.43 MBytes  12.0 Mbits/sec  1.468 ms  0/1252 (0%)  
[  5]  10.00-11.00  sec  1.45 MBytes  12.2 Mbits/sec  0.930 ms  0/1265 (0%)  
[  5]  11.00-12.00  sec  1.42 MBytes  11.9 Mbits/sec  0.906 ms  0/1238 (0%)  
[  5]  12.00-13.00  sec  1.44 MBytes  12.0 Mbits/sec  0.965 ms  0/1254 (0%)  
[  5]  13.00-14.00  sec  1.43 MBytes  12.0 Mbits/sec  1.152 ms  0/1252 (0%)  
[  5]  14.00-15.00  sec  1.44 MBytes  12.1 Mbits/sec  1.092 ms  0/1257 (0%)  
[  5]  15.00-16.00  sec  1.01 MBytes  8.49 Mbits/sec  2.354 ms  0/883 (0%)  
[  5]  16.00-17.00  sec   415 KBytes  3.40 Mbits/sec  2.069 ms  0/354 (0%)  
[  5]  17.00-18.00  sec   420 KBytes  3.44 Mbits/sec  2.068 ms  0/358 (0%)  
[  5]  18.00-19.00  sec   425 KBytes  3.49 Mbits/sec  1.842 ms  0/363 (0%)  
[  5]  19.00-20.00  sec   422 KBytes  3.46 Mbits/sec  2.166 ms  0/360 (0%)  
[  5]  20.00-21.00  sec   391 KBytes  3.21 Mbits/sec  2.551 ms  0/334 (0%)  
[  5]  21.00-22.00  sec   353 KBytes  2.89 Mbits/sec  2.447 ms  0/301 (0%)  
[  5]  22.00-23.00  sec   355 KBytes  2.91 Mbits/sec  2.590 ms  0/303 (0%)  
[  5]  23.00-24.00  sec   356 KBytes  2.92 Mbits/sec  2.310 ms  0/304 (0%)  
[  5]  24.00-25.00  sec   345 KBytes  2.82 Mbits/sec  2.568 ms  0/294 (0%)  
[  5]  25.00-26.00  sec   342 KBytes  2.80 Mbits/sec  2.575 ms  0/292 (0%)  
[  5]  26.00-27.00  sec   353 KBytes  2.89 Mbits/sec  2.462 ms  0/301 (0%)  
[  5]  27.00-28.00  sec   346 KBytes  2.83 Mbits/sec  2.825 ms  0/295 (0%)  
[  5]  28.00-29.00  sec   343 KBytes  2.81 Mbits/sec  2.994 ms  0/293 (0%)  
[  5]  29.00-30.00  sec   354 KBytes  2.90 Mbits/sec  2.515 ms  0/302 (0%)  
[  5]  30.00-31.00  sec   359 KBytes  2.94 Mbits/sec  2.388 ms  0/306 (0%)  
[  5]  31.00-32.00  sec   361 KBytes  2.96 Mbits/sec  2.465 ms  0/308 (0%)  
[  5]  32.00-33.00  sec   361 KBytes  2.96 Mbits/sec  2.487 ms  0/308 (0%)  
[  5]  33.00-34.00  sec   361 KBytes  2.96 Mbits/sec  2.753 ms  0/308 (0%)  
[  5]  34.00-35.00  sec   356 KBytes  2.92 Mbits/sec  2.428 ms  0/304 (0%)  
[  5]  35.00-36.00  sec   354 KBytes  2.90 Mbits/sec  2.467 ms  0/302 (0%)  
[  5]  36.00-37.00  sec   354 KBytes  2.90 Mbits/sec  2.512 ms  0/302 (0%)  
[  5]  37.00-38.00  sec   352 KBytes  2.88 Mbits/sec  2.669 ms  0/300 (0%)  
[  5]  38.00-39.00  sec   355 KBytes  2.91 Mbits/sec  2.442 ms  0/303 (0%)  
[  5]  39.00-40.00  sec   360 KBytes  2.95 Mbits/sec  2.339 ms  0/307 (0%)  
[  5]  40.00-41.00  sec   359 KBytes  2.94 Mbits/sec  2.403 ms  0/306 (0%)  
[  5]  41.00-42.00  sec   361 KBytes  2.96 Mbits/sec  2.622 ms  0/308 (0%)  
[  5]  42.00-43.00  sec   362 KBytes  2.97 Mbits/sec  2.410 ms  0/309 (0%)  
[  5]  43.00-44.00  sec   357 KBytes  2.93 Mbits/sec  2.311 ms  0/305 (0%)  
[  5]  44.00-45.00  sec   360 KBytes  2.95 Mbits/sec  2.484 ms  0/307 (0%)  
[  5]  45.00-46.00  sec   350 KBytes  2.87 Mbits/sec  2.616 ms  0/299 (0%)  
[  5]  46.00-47.00  sec   352 KBytes  2.88 Mbits/sec  2.823 ms  0/300 (0%)  
[  5]  47.00-48.00  sec   348 KBytes  2.85 Mbits/sec  2.594 ms  0/297 (0%)  
[  5]  48.00-49.00  sec   357 KBytes  2.93 Mbits/sec  2.461 ms  0/305 (0%)  
[  5]  49.00-50.00  sec   357 KBytes  2.93 Mbits/sec  2.626 ms  0/305 (0%)  
[  5]  50.00-51.00  sec   362 KBytes  2.97 Mbits/sec  2.396 ms  0/309 (0%)  
[  5]  51.00-52.00  sec   294 KBytes  2.41 Mbits/sec  2.601 ms  577/828 (70%)  
[  5]  52.00-53.00  sec   356 KBytes  2.92 Mbits/sec  2.372 ms  993/1297 (77%)  
[  5]  53.00-54.00  sec   355 KBytes  2.91 Mbits/sec  2.387 ms  959/1262 (76%)  
[  5]  54.00-55.00  sec   352 KBytes  2.88 Mbits/sec  2.690 ms  987/1287 (77%)  
[  5]  55.00-56.00  sec   356 KBytes  2.92 Mbits/sec  2.491 ms  982/1286 (76%)  
[  5]  56.00-57.00  sec   355 KBytes  2.91 Mbits/sec  2.484 ms  950/1253 (76%)  
[  5]  57.00-58.00  sec   353 KBytes  2.89 Mbits/sec  2.338 ms  917/1218 (75%)  
[  5]  58.00-59.00  sec   356 KBytes  2.92 Mbits/sec  2.326 ms  930/1234 (75%)  
[  5]  59.00-60.00  sec   294 KBytes  2.41 Mbits/sec  2.498 ms  765/1016 (75%)  
[  5]  60.00-61.00  sec   357 KBytes  2.93 Mbits/sec  2.709 ms  930/1235 (75%)  
[  5]  61.00-62.00  sec   312 KBytes  2.55 Mbits/sec  2.552 ms  837/1103 (76%)  
[  5]  62.00-63.00  sec   354 KBytes  2.90 Mbits/sec  2.391 ms  950/1252 (76%)  
[  5]  63.00-64.00  sec   295 KBytes  2.42 Mbits/sec  2.702 ms  774/1026 (75%)  
[  5]  64.00-65.00  sec   357 KBytes  2.93 Mbits/sec  2.311 ms  976/1281 (76%)  
[  5]  65.00-66.00  sec   410 KBytes  3.36 Mbits/sec  2.289 ms  1099/1449 (76%)  
[  5]  66.00-67.00  sec   355 KBytes  2.91 Mbits/sec  2.317 ms  938/1241 (76%)  
[  5]  67.00-68.00  sec   357 KBytes  2.93 Mbits/sec  2.317 ms  936/1241 (75%)  
[  5]  68.00-69.00  sec   352 KBytes  2.88 Mbits/sec  2.344 ms  908/1208 (75%)  
[  5]  69.00-70.00  sec   355 KBytes  2.91 Mbits/sec  2.319 ms  930/1233 (75%)  
[  5]  70.00-71.00  sec   353 KBytes  2.89 Mbits/sec  2.513 ms  935/1236 (76%)  
[  5]  71.00-72.00  sec   356 KBytes  2.92 Mbits/sec  2.343 ms  933/1237 (75%)  
[  5]  72.00-73.00  sec   354 KBytes  2.90 Mbits/sec  2.449 ms  955/1257 (76%)  
[  5]  73.00-74.00  sec   356 KBytes  2.92 Mbits/sec  2.354 ms  960/1264 (76%)  
[  5]  74.00-75.00  sec   353 KBytes  2.89 Mbits/sec  2.380 ms  961/1262 (76%)  
[  5]  75.00-76.00  sec   355 KBytes  2.91 Mbits/sec  2.309 ms  943/1246 (76%)  
[  5]  76.00-77.00  sec   352 KBytes  2.88 Mbits/sec  2.469 ms  924/1224 (75%)  
[  5]  77.00-78.00  sec   357 KBytes  2.93 Mbits/sec  2.378 ms  942/1247 (76%)  
[  5]  78.00-79.00  sec   355 KBytes  2.91 Mbits/sec  2.248 ms  930/1233 (75%)  
[  5]  79.00-80.00  sec   352 KBytes  2.88 Mbits/sec  2.579 ms  955/1255 (76%)  
[  5]  80.00-81.00  sec   356 KBytes  2.92 Mbits/sec  2.345 ms  955/1259 (76%)  
[  5]  81.00-82.00  sec   355 KBytes  2.91 Mbits/sec  2.227 ms  946/1249 (76%)  
[  5]  82.00-83.00  sec   352 KBytes  2.88 Mbits/sec  2.542 ms  911/1211 (75%)  
[  5]  83.00-84.00  sec   356 KBytes  2.92 Mbits/sec  2.408 ms  950/1254 (76%)  
[  5]  84.00-85.00  sec   355 KBytes  2.91 Mbits/sec  2.427 ms  988/1291 (77%)  
[  5]  85.00-86.00  sec   353 KBytes  2.89 Mbits/sec  2.531 ms  978/1279 (76%)  
[  5]  86.00-87.00  sec   356 KBytes  2.92 Mbits/sec  2.407 ms  982/1286 (76%)  
[  5]  87.00-88.00  sec   355 KBytes  2.91 Mbits/sec  2.538 ms  994/1297 (77%)  
[  5]  88.00-89.00  sec   295 KBytes  2.42 Mbits/sec  2.681 ms  907/1159 (78%)  
[  5]  89.00-90.00  sec   355 KBytes  2.91 Mbits/sec  2.650 ms  1085/1388 (78%)  
[  5]  90.00-91.00  sec   355 KBytes  2.91 Mbits/sec  2.714 ms  1034/1337 (77%)  
[  5]  91.00-92.00  sec   352 KBytes  2.88 Mbits/sec  2.629 ms  927/1227 (76%)  
[  5]  92.00-93.00  sec   353 KBytes  2.89 Mbits/sec  2.593 ms  904/1205 (75%)  
[  5]  93.00-94.00  sec   354 KBytes  2.90 Mbits/sec  3.094 ms  949/1251 (76%)  
[  5]  94.00-95.00  sec   357 KBytes  2.93 Mbits/sec  2.618 ms  934/1239 (75%)  
[  5]  95.00-96.00  sec   296 KBytes  2.43 Mbits/sec  2.726 ms  795/1048 (76%)  
[  5]  96.00-97.00  sec   354 KBytes  2.90 Mbits/sec  2.655 ms  945/1247 (76%)  
[  5]  97.00-98.00  sec   373 KBytes  3.05 Mbits/sec  2.385 ms  988/1306 (76%)  
[  5]  98.00-99.00  sec   353 KBytes  2.89 Mbits/sec  2.390 ms  929/1230 (76%)  
[  5]  99.00-100.00 sec   356 KBytes  2.92 Mbits/sec  2.342 ms  958/1262 (76%)  
[  5] 100.00-101.00 sec   396 KBytes  3.25 Mbits/sec  2.425 ms  1068/1406 (76%)  
[  5] 101.00-102.00 sec   312 KBytes  2.55 Mbits/sec  2.366 ms  803/1069 (75%)  
[  5] 102.00-103.00 sec   355 KBytes  2.91 Mbits/sec  2.577 ms  946/1249 (76%)  
[  5] 103.00-104.00 sec   356 KBytes  2.92 Mbits/sec  2.271 ms  956/1260 (76%)  
[  5] 104.00-105.00 sec   352 KBytes  2.88 Mbits/sec  2.408 ms  978/1278 (77%)  
[  5] 105.00-106.00 sec   355 KBytes  2.91 Mbits/sec  2.371 ms  946/1249 (76%)  
[  5] 106.00-107.00 sec   354 KBytes  2.90 Mbits/sec  2.371 ms  938/1240 (76%)  
[  5] 107.00-108.00 sec   353 KBytes  2.89 Mbits/sec  2.608 ms  922/1223 (75%)  
[  5] 108.00-109.00 sec   356 KBytes  2.92 Mbits/sec  2.291 ms  929/1233 (75%)  
[  5] 109.00-110.00 sec   355 KBytes  2.91 Mbits/sec  2.481 ms  950/1253 (76%)  
[  5] 110.00-111.00 sec   353 KBytes  2.89 Mbits/sec  2.647 ms  934/1235 (76%)  
[  5] 111.00-112.00 sec   356 KBytes  2.92 Mbits/sec  2.346 ms  946/1250 (76%)  
[  5] 112.00-113.00 sec   354 KBytes  2.90 Mbits/sec  2.686 ms  965/1267 (76%)  
[  5] 113.00-114.00 sec   353 KBytes  2.89 Mbits/sec  2.789 ms  975/1276 (76%)  
[  5] 114.00-115.00 sec   355 KBytes  2.91 Mbits/sec  2.917 ms  1008/1311 (77%)  
[  5] 115.00-116.00 sec   355 KBytes  2.91 Mbits/sec  2.622 ms  981/1284 (76%)  
[  5] 116.00-117.00 sec   356 KBytes  2.92 Mbits/sec  2.547 ms  959/1263 (76%)  
[  5] 117.00-118.00 sec   352 KBytes  2.88 Mbits/sec  2.630 ms  955/1255 (76%)  
[  5] 118.00-119.00 sec   356 KBytes  2.92 Mbits/sec  2.481 ms  958/1262 (76%)  
[  5] 119.00-120.00 sec   350 KBytes  2.87 Mbits/sec  2.441 ms  955/1254 (76%)  
[  5] 120.00-121.00 sec   355 KBytes  2.91 Mbits/sec  2.385 ms  983/1286 (76%)  
[  5] 121.00-122.00 sec   354 KBytes  2.90 Mbits/sec  2.567 ms  980/1282 (76%)  
[  5] 122.00-123.00 sec   357 KBytes  2.93 Mbits/sec  2.915 ms  998/1303 (77%)  
[  5] 123.00-124.00 sec   352 KBytes  2.88 Mbits/sec  2.639 ms  985/1285 (77%)  
[  5] 124.00-125.00 sec   357 KBytes  2.93 Mbits/sec  2.549 ms  959/1264 (76%)  
[  5] 125.00-126.00 sec   315 KBytes  2.58 Mbits/sec  2.393 ms  829/1098 (76%)  
[  5] 126.00-127.00 sec   352 KBytes  2.88 Mbits/sec  2.416 ms  906/1206 (75%)  
[  5] 127.00-128.00 sec   336 KBytes  2.76 Mbits/sec  2.605 ms  889/1176 (76%)  
[  5] 128.00-129.00 sec   356 KBytes  2.92 Mbits/sec  2.749 ms  955/1259 (76%)  
[  5] 129.00-130.00 sec   355 KBytes  2.91 Mbits/sec  2.429 ms  950/1253 (76%)  
[  5] 130.00-131.00 sec   352 KBytes  2.88 Mbits/sec  2.804 ms  975/1275 (76%)  
[  5] 131.00-132.00 sec   356 KBytes  2.92 Mbits/sec  2.643 ms  942/1246 (76%)  
[  5] 132.00-133.00 sec   355 KBytes  2.91 Mbits/sec  2.645 ms  939/1242 (76%)  
[  5] 133.00-134.00 sec   373 KBytes  3.05 Mbits/sec  2.384 ms  985/1303 (76%)  
[  5] 134.00-135.00 sec   355 KBytes  2.91 Mbits/sec  2.511 ms  953/1256 (76%)  
[  5] 135.00-136.00 sec   352 KBytes  2.88 Mbits/sec  2.343 ms  949/1249 (76%)  
[  5] 136.00-137.00 sec   357 KBytes  2.93 Mbits/sec  2.613 ms  969/1274 (76%)  
[  5] 137.00-138.00 sec   295 KBytes  2.42 Mbits/sec  2.463 ms  808/1060 (76%)  
[  5] 138.00-139.00 sec   350 KBytes  2.87 Mbits/sec  3.221 ms  934/1233 (76%)  
[  5] 139.00-140.00 sec   357 KBytes  2.93 Mbits/sec  2.508 ms  941/1246 (76%)  
[  5] 140.00-141.00 sec   355 KBytes  2.91 Mbits/sec  2.690 ms  951/1254 (76%)  
[  5] 141.00-142.00 sec   352 KBytes  2.88 Mbits/sec  2.600 ms  922/1222 (75%)  
[  5] 142.00-143.00 sec   357 KBytes  2.93 Mbits/sec  2.607 ms  936/1241 (75%)  
[  5] 143.00-144.00 sec   355 KBytes  2.91 Mbits/sec  2.726 ms  940/1243 (76%)  
[  5] 144.00-145.00 sec   352 KBytes  2.88 Mbits/sec  2.658 ms  948/1248 (76%)  
[  5] 145.00-146.00 sec   354 KBytes  2.90 Mbits/sec  2.703 ms  988/1290 (77%)  
[  5] 146.00-147.00 sec   354 KBytes  2.90 Mbits/sec  2.620 ms  966/1268 (76%)  
[  5] 147.00-148.00 sec   359 KBytes  2.93 Mbits/sec  2.699 ms  989/1295 (76%)  
[  5] 148.00-149.00 sec   352 KBytes  2.88 Mbits/sec  2.624 ms  932/1232 (76%)  
[  5] 149.00-150.00 sec   373 KBytes  3.05 Mbits/sec  2.566 ms  1001/1319 (76%)  
[  5] 150.00-151.00 sec   354 KBytes  2.90 Mbits/sec  2.585 ms  994/1296 (77%)  
[  5] 151.00-152.00 sec   338 KBytes  2.76 Mbits/sec  2.652 ms  914/1202 (76%)  
[  5] 152.00-153.00 sec   353 KBytes  2.89 Mbits/sec  2.611 ms  951/1252 (76%)  
[  5] 153.00-154.00 sec   354 KBytes  2.90 Mbits/sec  2.853 ms  1011/1313 (77%)  
[  5] 154.00-155.00 sec   357 KBytes  2.93 Mbits/sec  2.908 ms  1010/1315 (77%)  
[  5] 155.00-156.00 sec   352 KBytes  2.88 Mbits/sec  2.563 ms  982/1282 (77%)  
[  5] 156.00-157.00 sec   356 KBytes  2.92 Mbits/sec  2.658 ms  953/1257 (76%)  
[  5] 157.00-158.00 sec   355 KBytes  2.91 Mbits/sec  2.758 ms  927/1230 (75%)  
[  5] 158.00-159.00 sec   353 KBytes  2.88 Mbits/sec  2.776 ms  925/1226 (75%)  
[  5] 159.00-160.00 sec   356 KBytes  2.92 Mbits/sec  2.773 ms  947/1251 (76%)  
[  5] 160.00-161.00 sec   311 KBytes  2.54 Mbits/sec  2.413 ms  818/1083 (76%)  
[  5] 161.00-162.00 sec   357 KBytes  2.93 Mbits/sec  2.285 ms  968/1273 (76%)  
[  5] 162.00-163.00 sec   355 KBytes  2.91 Mbits/sec  2.520 ms  967/1270 (76%)  
[  5] 163.00-164.00 sec   355 KBytes  2.91 Mbits/sec  2.511 ms  972/1275 (76%)  
[  5] 164.00-165.00 sec   353 KBytes  2.89 Mbits/sec  2.407 ms  958/1259 (76%)  
[  5] 165.00-166.00 sec   355 KBytes  2.91 Mbits/sec  2.395 ms  973/1276 (76%)  
[  5] 166.00-167.00 sec   352 KBytes  2.88 Mbits/sec  2.620 ms  944/1244 (76%)  
[  5] 167.00-168.00 sec   357 KBytes  2.93 Mbits/sec  2.533 ms  983/1288 (76%)  
[  5] 168.00-169.00 sec   355 KBytes  2.91 Mbits/sec  2.256 ms  957/1260 (76%)  
[  5] 169.00-170.00 sec   350 KBytes  2.87 Mbits/sec  2.534 ms  946/1245 (76%)  
[  5] 170.00-171.00 sec   357 KBytes  2.93 Mbits/sec  2.485 ms  960/1265 (76%)  
[  5] 171.00-172.00 sec   355 KBytes  2.91 Mbits/sec  2.575 ms  962/1265 (76%)  
[  5] 172.00-173.00 sec   352 KBytes  2.88 Mbits/sec  2.442 ms  928/1228 (76%)  
[  5] 173.00-174.00 sec   357 KBytes  2.93 Mbits/sec  2.554 ms  940/1245 (76%)  
[  5] 174.00-175.00 sec   355 KBytes  2.91 Mbits/sec  2.598 ms  952/1255 (76%)  
[  5] 175.00-176.00 sec   352 KBytes  2.88 Mbits/sec  2.556 ms  935/1235 (76%)  
[  5] 176.00-177.00 sec   356 KBytes  2.92 Mbits/sec  2.288 ms  950/1254 (76%)  
[  5] 177.00-178.00 sec   295 KBytes  2.42 Mbits/sec  2.704 ms  797/1049 (76%)  
[  5] 178.00-179.00 sec   374 KBytes  3.06 Mbits/sec  2.340 ms  1002/1321 (76%)  
[  5] 179.00-180.00 sec   334 KBytes  2.74 Mbits/sec  2.622 ms  920/1205 (76%)  
[  5] 180.00-181.00 sec   371 KBytes  3.04 Mbits/sec  2.523 ms  999/1316 (76%)  
[  5] 181.00-182.00 sec   354 KBytes  2.90 Mbits/sec  2.551 ms  948/1250 (76%)  
[  5] 182.00-183.00 sec   357 KBytes  2.93 Mbits/sec  2.338 ms  932/1237 (75%)  
[  5] 183.00-184.00 sec   352 KBytes  2.88 Mbits/sec  2.410 ms  950/1250 (76%)  
[  5] 184.00-185.00 sec   355 KBytes  2.91 Mbits/sec  2.656 ms  959/1262 (76%)  
[  5] 185.00-186.00 sec   357 KBytes  2.93 Mbits/sec  2.518 ms  946/1251 (76%)  
[  5] 186.00-187.00 sec   355 KBytes  2.91 Mbits/sec  2.359 ms  1014/1317 (77%)  
[  5] 187.00-188.00 sec   354 KBytes  2.90 Mbits/sec  2.397 ms  1011/1313 (77%)  
[  5] 188.00-189.00 sec   352 KBytes  2.88 Mbits/sec  2.387 ms  930/1230 (76%)  
[  5] 189.00-190.00 sec   298 KBytes  2.44 Mbits/sec  2.765 ms  791/1045 (76%)  
[  5] 190.00-191.00 sec   355 KBytes  2.91 Mbits/sec  2.686 ms  935/1238 (76%)  
[  5] 191.00-192.00 sec   352 KBytes  2.88 Mbits/sec  2.654 ms  919/1219 (75%)  
[  5] 192.00-193.00 sec   357 KBytes  2.93 Mbits/sec  2.683 ms  946/1251 (76%)  
[  5] 193.00-194.00 sec   295 KBytes  2.42 Mbits/sec  2.658 ms  788/1040 (76%)  
[  5] 194.00-195.00 sec   371 KBytes  3.04 Mbits/sec  2.407 ms  1011/1328 (76%)  
[  5] 195.00-196.00 sec   356 KBytes  2.92 Mbits/sec  2.280 ms  964/1268 (76%)  
[  5] 196.00-197.00 sec   354 KBytes  2.90 Mbits/sec  2.541 ms  972/1274 (76%)  
[  5] 197.00-198.00 sec   355 KBytes  2.91 Mbits/sec  2.385 ms  969/1272 (76%)  
[  5] 198.00-199.00 sec   353 KBytes  2.89 Mbits/sec  2.344 ms  929/1230 (76%)  
[  5] 199.00-200.00 sec   356 KBytes  2.92 Mbits/sec  2.349 ms  957/1261 (76%)  
[  5] 200.00-201.00 sec   352 KBytes  2.88 Mbits/sec  2.448 ms  952/1252 (76%)  
[  5] 201.00-202.00 sec   357 KBytes  2.93 Mbits/sec  2.339 ms  958/1263 (76%)  
[  5] 202.00-203.00 sec   354 KBytes  2.90 Mbits/sec  2.378 ms  972/1274 (76%)  
[  5] 203.00-204.00 sec   353 KBytes  2.89 Mbits/sec  2.630 ms  982/1283 (77%)  
[  5] 204.00-205.00 sec   355 KBytes  2.91 Mbits/sec  2.324 ms  980/1283 (76%)  
[  5] 205.00-206.00 sec   353 KBytes  2.89 Mbits/sec  2.594 ms  992/1293 (77%)  
[  5] 206.00-207.00 sec   300 KBytes  2.46 Mbits/sec  2.900 ms  831/1087 (76%)  
[  5] 207.00-208.00 sec   352 KBytes  2.88 Mbits/sec  2.577 ms  932/1232 (76%)  
[  5] 208.00-209.00 sec   357 KBytes  2.93 Mbits/sec  2.524 ms  958/1263 (76%)  
[  5] 209.00-210.00 sec   349 KBytes  2.86 Mbits/sec  2.834 ms  907/1205 (75%)  
[  5] 210.00-211.00 sec   357 KBytes  2.93 Mbits/sec  2.604 ms  1007/1312 (77%)  
[  5] 211.00-212.00 sec   352 KBytes  2.88 Mbits/sec  2.980 ms  982/1282 (77%)  
[  5] 212.00-213.00 sec   375 KBytes  3.07 Mbits/sec  2.368 ms  998/1318 (76%)  
[  5] 213.00-214.00 sec   336 KBytes  2.75 Mbits/sec  2.528 ms  893/1180 (76%)  
[  5] 214.00-215.00 sec   373 KBytes  3.06 Mbits/sec  2.227 ms  992/1310 (76%)  
[  5] 215.00-216.00 sec   294 KBytes  2.41 Mbits/sec  2.498 ms  796/1047 (76%)  
[  5] 216.00-217.00 sec   357 KBytes  2.93 Mbits/sec  2.490 ms  1003/1308 (77%)  
[  5] 217.00-218.00 sec   298 KBytes  2.44 Mbits/sec  2.643 ms  803/1057 (76%)  
[  5] 218.00-219.00 sec   314 KBytes  2.57 Mbits/sec  2.636 ms  875/1143 (77%)  
[  5] 219.00-220.00 sec   294 KBytes  2.41 Mbits/sec  2.730 ms  822/1073 (77%)  
[  5] 220.00-221.00 sec   313 KBytes  2.56 Mbits/sec  2.565 ms  897/1164 (77%)  
[  5] 221.00-222.00 sec   255 KBytes  2.09 Mbits/sec  2.575 ms  710/928 (77%)  
[  5] 222.00-223.00 sec   255 KBytes  2.09 Mbits/sec  2.692 ms  680/898 (76%)  
[  5] 223.00-224.00 sec   240 KBytes  1.97 Mbits/sec  3.062 ms  656/861 (76%)  
[  5] 224.00-225.00 sec   255 KBytes  2.09 Mbits/sec  3.116 ms  701/919 (76%)  
[  5] 225.00-226.00 sec   216 KBytes  1.76 Mbits/sec  2.587 ms  605/789 (77%)  
[  5] 226.00-227.00 sec   197 KBytes  1.61 Mbits/sec  3.193 ms  532/700 (76%)  
[  5] 227.00-228.00 sec   255 KBytes  2.10 Mbits/sec  2.517 ms  673/891 (76%)  
[  5] 228.00-229.00 sec   195 KBytes  1.59 Mbits/sec  3.628 ms  511/677 (75%)  
[  5] 229.00-230.00 sec   257 KBytes  2.10 Mbits/sec  2.699 ms  671/890 (75%)  
[  5] 230.00-231.00 sec   257 KBytes  2.10 Mbits/sec  2.574 ms  715/934 (77%)  
[  5] 231.00-232.00 sec   200 KBytes  1.64 Mbits/sec  3.192 ms  544/715 (76%)  
[  5] 232.00-233.00 sec   254 KBytes  2.08 Mbits/sec  4.313 ms  693/910 (76%)  
[  5] 233.00-234.00 sec   216 KBytes  1.77 Mbits/sec  2.464 ms  582/766 (76%)  
[  5] 234.00-235.00 sec   196 KBytes  1.60 Mbits/sec  2.689 ms  514/681 (75%)  
[  5] 235.00-236.00 sec   197 KBytes  1.61 Mbits/sec  3.806 ms  517/685 (75%)  
[  5] 236.00-237.00 sec   255 KBytes  2.09 Mbits/sec  2.624 ms  720/938 (77%)  
[  5] 237.00-238.00 sec   315 KBytes  2.58 Mbits/sec  2.631 ms  850/1119 (76%)  
[  5] 238.00-239.00 sec   257 KBytes  2.10 Mbits/sec  2.566 ms  694/913 (76%)  
[  5] 239.00-240.00 sec   296 KBytes  2.43 Mbits/sec  2.511 ms  801/1054 (76%)  
[  5] 240.00-241.00 sec   196 KBytes  1.60 Mbits/sec  3.318 ms  541/708 (76%)  
[  5] 241.00-242.00 sec   259 KBytes  2.12 Mbits/sec  3.121 ms  716/937 (76%)  
[  5] 242.00-243.00 sec   255 KBytes  2.10 Mbits/sec  2.698 ms  726/944 (77%)  
[  5] 243.00-244.00 sec   257 KBytes  2.10 Mbits/sec  2.531 ms  712/931 (76%)  
[  5] 244.00-245.00 sec   255 KBytes  2.09 Mbits/sec  2.371 ms  703/921 (76%)  
[  5] 245.00-246.00 sec   195 KBytes  1.59 Mbits/sec  3.270 ms  552/718 (77%)  
[  5] 246.00-247.00 sec   254 KBytes  2.08 Mbits/sec  2.721 ms  698/915 (76%)  
[  5] 247.00-248.00 sec   257 KBytes  2.10 Mbits/sec  2.532 ms  673/892 (75%)  
[  5] 248.00-249.00 sec   257 KBytes  2.10 Mbits/sec  2.490 ms  660/879 (75%)  
[  5] 249.00-250.00 sec   257 KBytes  2.10 Mbits/sec  2.479 ms  673/892 (75%)  
[  5] 250.00-251.00 sec   234 KBytes  1.92 Mbits/sec  3.043 ms  615/815 (75%)  
[  5] 251.00-252.00 sec   316 KBytes  2.59 Mbits/sec  2.540 ms  873/1143 (76%)  
[  5] 252.00-253.00 sec   296 KBytes  2.43 Mbits/sec  2.871 ms  849/1102 (77%)  
[  5] 253.00-254.00 sec   315 KBytes  2.58 Mbits/sec  2.740 ms  939/1208 (78%)  
[  5] 254.00-255.00 sec   196 KBytes  1.60 Mbits/sec  3.254 ms  579/746 (78%)  
[  5] 255.00-256.00 sec   257 KBytes  2.10 Mbits/sec  2.737 ms  767/986 (78%)  
[  5] 256.00-257.00 sec   296 KBytes  2.43 Mbits/sec  3.004 ms  1000/1253 (80%)  
[  5] 257.00-258.00 sec   315 KBytes  2.58 Mbits/sec  2.416 ms  985/1254 (79%)  
[  5] 258.00-259.00 sec   295 KBytes  2.42 Mbits/sec  2.806 ms  918/1170 (78%)  
[  5] 259.00-260.00 sec   216 KBytes  1.77 Mbits/sec  3.237 ms  822/1006 (82%)  
[  5] 260.00-261.00 sec   257 KBytes  2.10 Mbits/sec  2.992 ms  963/1182 (81%)  
[  5] 261.00-262.00 sec   196 KBytes  1.60 Mbits/sec  4.095 ms  907/1074 (84%)  
[  5] 262.00-263.00 sec   254 KBytes  2.08 Mbits/sec  3.276 ms  1082/1299 (83%)  
[  5] 263.00-264.00 sec   200 KBytes  1.64 Mbits/sec  3.597 ms  1017/1188 (86%)  
[  5] 264.00-265.00 sec   312 KBytes  2.55 Mbits/sec  3.094 ms  1466/1732 (85%)  
[  5] 265.00-266.00 sec   257 KBytes  2.10 Mbits/sec  3.174 ms  1162/1381 (84%)  
[  5] 266.00-267.00 sec   239 KBytes  1.96 Mbits/sec  4.118 ms  1091/1295 (84%)  
[  5] 267.00-268.00 sec   216 KBytes  1.77 Mbits/sec  3.492 ms  987/1171 (84%)  
[  5] 268.00-269.00 sec   252 KBytes  2.06 Mbits/sec  3.317 ms  1030/1245 (83%)  
[  5] 269.00-270.00 sec   257 KBytes  2.10 Mbits/sec  3.329 ms  1185/1404 (84%)  
[  5] 270.00-271.00 sec   239 KBytes  1.96 Mbits/sec  3.884 ms  1205/1409 (86%)  
[  5] 271.00-272.00 sec   254 KBytes  2.09 Mbits/sec  3.375 ms  1247/1464 (85%)  
[  5] 272.00-273.00 sec   257 KBytes  2.10 Mbits/sec  3.688 ms  1293/1512 (86%)  
[  5] 273.00-274.00 sec   257 KBytes  2.10 Mbits/sec  3.236 ms  1178/1397 (84%)  
[  5] 274.00-275.00 sec   255 KBytes  2.09 Mbits/sec  3.280 ms  903/1121 (81%)  
[  5] 275.00-276.00 sec   254 KBytes  2.08 Mbits/sec  3.590 ms  920/1137 (81%)  
[  5] 276.00-277.00 sec   257 KBytes  2.10 Mbits/sec  3.031 ms  930/1149 (81%)  
[  5] 277.00-278.00 sec   258 KBytes  2.11 Mbits/sec  3.075 ms  993/1213 (82%)  
[  5] 278.00-279.00 sec   253 KBytes  2.07 Mbits/sec  3.196 ms  1139/1355 (84%)  
[  5] 279.00-280.00 sec   239 KBytes  1.96 Mbits/sec  3.933 ms  1069/1273 (84%)  
[  5] 280.00-281.00 sec   216 KBytes  1.77 Mbits/sec  3.019 ms  783/967 (81%)  
[  5] 281.00-282.00 sec   196 KBytes  1.60 Mbits/sec  3.985 ms  842/1009 (83%)  
[  5] 282.00-283.00 sec   258 KBytes  2.11 Mbits/sec  2.839 ms  1107/1327 (83%)  
[  5] 283.00-284.00 sec   295 KBytes  2.42 Mbits/sec  3.305 ms  1377/1629 (85%)  
[  5] 284.00-285.00 sec   355 KBytes  2.91 Mbits/sec  3.076 ms  1465/1768 (83%)  
[  5] 285.00-286.00 sec   312 KBytes  2.55 Mbits/sec  3.293 ms  1186/1452 (82%)  
[  5] 286.00-287.00 sec   339 KBytes  2.78 Mbits/sec  2.865 ms  1562/1851 (84%)  
[  5] 287.00-288.00 sec   374 KBytes  3.06 Mbits/sec  2.515 ms  1279/1598 (80%)  
[  5] 288.00-289.00 sec   352 KBytes  2.88 Mbits/sec  2.657 ms  1117/1417 (79%)  
[  5] 289.00-290.00 sec   357 KBytes  2.93 Mbits/sec  3.928 ms  1337/1642 (81%)  
[  5] 290.00-291.00 sec   295 KBytes  2.42 Mbits/sec  2.903 ms  1314/1566 (84%)  
[  5] 291.00-292.00 sec   352 KBytes  2.88 Mbits/sec  2.560 ms  1382/1682 (82%)  
[  5] 292.00-293.00 sec   356 KBytes  2.92 Mbits/sec  2.375 ms  1083/1387 (78%)  
[  5] 293.00-294.00 sec   355 KBytes  2.91 Mbits/sec  2.557 ms  1060/1363 (78%)  
[  5] 294.00-295.00 sec   295 KBytes  2.42 Mbits/sec  2.834 ms  1477/1729 (85%)  
[  5] 295.00-296.00 sec   313 KBytes  2.56 Mbits/sec  3.229 ms  1472/1739 (85%)  
[  5] 296.00-297.00 sec   355 KBytes  2.91 Mbits/sec  3.121 ms  1678/1981 (85%)  
[  5] 297.00-298.00 sec   295 KBytes  2.42 Mbits/sec  3.178 ms  1205/1457 (83%)  
[  5] 298.00-299.00 sec   318 KBytes  2.60 Mbits/sec  3.093 ms  1183/1454 (81%)  
[  5] 299.00-300.00 sec   255 KBytes  2.09 Mbits/sec  3.061 ms  1052/1270 (83%)  
[  5] 300.00-301.00 sec   196 KBytes  1.60 Mbits/sec  3.750 ms  955/1122 (85%)  
[  5] 301.00-302.00 sec   193 KBytes  1.58 Mbits/sec  4.829 ms  840/1005 (84%)  
[  5] 302.00-303.00 sec   217 KBytes  1.78 Mbits/sec  3.346 ms  843/1028 (82%)  
[  5] 303.00-304.00 sec   257 KBytes  2.10 Mbits/sec  3.148 ms  988/1207 (82%)  
[  5] 304.00-305.00 sec   237 KBytes  1.94 Mbits/sec  3.567 ms  993/1195 (83%)  
[  5] 305.00-306.00 sec   219 KBytes  1.79 Mbits/sec  3.523 ms  996/1183 (84%)  
[  5] 306.00-307.00 sec   196 KBytes  1.61 Mbits/sec  3.175 ms  739/906 (82%)  
[  5] 307.00-308.00 sec   257 KBytes  2.10 Mbits/sec  3.028 ms  1064/1283 (83%)  
[  5] 308.00-309.00 sec   101 KBytes   825 Kbits/sec  3.441 ms  401/487 (82%)  
[  5] 309.00-310.00 sec   155 KBytes  1.27 Mbits/sec  3.367 ms  604/736 (82%)  
[  5] 310.00-311.00 sec   237 KBytes  1.94 Mbits/sec  3.690 ms  950/1152 (82%)  
[  5] 311.00-312.00 sec   254 KBytes  2.08 Mbits/sec  3.309 ms  1043/1260 (83%)  
[  5] 312.00-313.00 sec   257 KBytes  2.10 Mbits/sec  3.648 ms  1024/1243 (82%)  
[  5] 313.00-314.00 sec   216 KBytes  1.77 Mbits/sec  3.319 ms  872/1056 (83%)  
[  5] 314.00-315.00 sec   237 KBytes  1.94 Mbits/sec  3.212 ms  1050/1252 (84%)  
[  5] 315.00-316.00 sec   259 KBytes  2.12 Mbits/sec  3.707 ms  1164/1385 (84%)  
[  5] 316.00-317.00 sec   196 KBytes  1.60 Mbits/sec  3.705 ms  966/1133 (85%)  
[  5] 317.00-318.00 sec   216 KBytes  1.77 Mbits/sec  3.066 ms  1168/1352 (86%)  
[  5] 318.00-319.00 sec   259 KBytes  2.12 Mbits/sec  2.456 ms  838/1059 (79%)  
[  5] 319.00-320.00 sec   193 KBytes  1.58 Mbits/sec  4.090 ms  588/753 (78%)  
[  5] 320.00-321.00 sec   156 KBytes  1.28 Mbits/sec  3.139 ms  437/570 (77%)  
[  5] 321.00-322.00 sec   199 KBytes  1.63 Mbits/sec  3.415 ms  614/784 (78%)  
[  5] 322.00-323.00 sec   214 KBytes  1.76 Mbits/sec  3.104 ms  649/832 (78%)  
[  5] 323.00-324.00 sec   197 KBytes  1.61 Mbits/sec  2.675 ms  552/720 (77%)  
[  5] 324.00-325.00 sec   257 KBytes  2.10 Mbits/sec  2.637 ms  711/930 (76%)  
[  5] 325.00-326.00 sec   257 KBytes  2.10 Mbits/sec  2.475 ms  683/902 (76%)  
[  5] 326.00-327.00 sec   199 KBytes  1.63 Mbits/sec  2.555 ms  559/729 (77%)  
[  5] 327.00-328.00 sec   255 KBytes  2.09 Mbits/sec  2.495 ms  684/902 (76%)  
[  5] 328.00-329.00 sec   196 KBytes  1.60 Mbits/sec  3.356 ms  541/708 (76%)  
[  5] 329.00-330.00 sec   255 KBytes  2.09 Mbits/sec  3.205 ms  705/923 (76%)  
[  5] 330.00-331.00 sec   214 KBytes  1.76 Mbits/sec  2.527 ms  602/785 (77%)  
[  5] 331.00-332.00 sec   298 KBytes  2.44 Mbits/sec  2.469 ms  868/1122 (77%)  
[  5] 332.00-333.00 sec   255 KBytes  2.09 Mbits/sec  2.605 ms  722/940 (77%)  
[  5] 333.00-334.00 sec   257 KBytes  2.10 Mbits/sec  2.603 ms  693/912 (76%)  
[  5] 334.00-335.00 sec   237 KBytes  1.94 Mbits/sec  3.264 ms  647/849 (76%)  
[  5] 335.00-336.00 sec   255 KBytes  2.10 Mbits/sec  3.421 ms  713/931 (77%)  
[  5] 336.00-337.00 sec   155 KBytes  1.27 Mbits/sec  3.182 ms  469/601 (78%)  
[  5] 337.00-338.00 sec   161 KBytes  1.32 Mbits/sec  3.280 ms  565/702 (80%)  
[  5] 338.00-339.00 sec   156 KBytes  1.28 Mbits/sec  3.042 ms  541/674 (80%)  
[  5] 339.00-340.00 sec   142 KBytes  1.16 Mbits/sec  3.706 ms  415/536 (77%)  
[  5] 340.00-341.00 sec   196 KBytes  1.60 Mbits/sec  3.690 ms  566/733 (77%)  
[  5] 341.00-342.00 sec   216 KBytes  1.77 Mbits/sec  2.879 ms  684/868 (79%)  
[  5] 342.00-343.00 sec   254 KBytes  2.08 Mbits/sec  3.132 ms  880/1097 (80%)  
[  5] 343.00-344.00 sec   255 KBytes  2.09 Mbits/sec  3.111 ms  1086/1304 (83%)  
[  5] 344.00-345.00 sec   255 KBytes  2.09 Mbits/sec  3.645 ms  1222/1440 (85%)  
[  5] 345.00-346.00 sec   237 KBytes  1.94 Mbits/sec  3.614 ms  1280/1482 (86%)  
[  5] 346.00-347.00 sec   259 KBytes  2.12 Mbits/sec  2.859 ms  1085/1306 (83%)  
[  5] 347.00-348.00 sec   312 KBytes  2.55 Mbits/sec  4.220 ms  1343/1609 (83%)  
[  5] 348.00-349.00 sec   257 KBytes  2.10 Mbits/sec  3.142 ms  1448/1667 (87%)  
[  5] 349.00-350.00 sec   239 KBytes  1.96 Mbits/sec  4.144 ms  1109/1313 (84%)  
[  5] 350.00-351.00 sec   254 KBytes  2.08 Mbits/sec  5.637 ms  1666/1883 (88%)  
[  5] 351.00-352.00 sec   253 KBytes  2.07 Mbits/sec  5.142 ms  1759/1975 (89%)  
[  5] 352.00-353.00 sec   318 KBytes  2.61 Mbits/sec  3.112 ms  1291/1562 (83%)  
[  5] 353.00-354.00 sec   257 KBytes  2.10 Mbits/sec  2.952 ms  1007/1226 (82%)  
[  5] 354.00-355.00 sec   236 KBytes  1.93 Mbits/sec  3.334 ms  1031/1232 (84%)  
[  5] 355.00-356.00 sec   274 KBytes  2.24 Mbits/sec  3.157 ms  1142/1376 (83%)  
[  5] 356.00-357.00 sec   236 KBytes  1.93 Mbits/sec  4.174 ms  1096/1297 (85%)  
[  5] 357.00-358.00 sec   259 KBytes  2.12 Mbits/sec  3.440 ms  1195/1416 (84%)  
[  5] 358.00-359.00 sec   255 KBytes  2.09 Mbits/sec  3.349 ms  1307/1525 (86%)  
[  5] 359.00-360.00 sec   295 KBytes  2.42 Mbits/sec  3.474 ms  1372/1624 (84%)  
[  5] 360.00-361.00 sec   315 KBytes  2.58 Mbits/sec  2.939 ms  2062/2331 (88%)  
[  5] 361.00-362.00 sec   258 KBytes  2.11 Mbits/sec  3.199 ms  1315/1535 (86%)  
[  5] 362.00-363.00 sec   236 KBytes  1.93 Mbits/sec  3.867 ms  1197/1398 (86%)  
[  5] 363.00-364.00 sec   315 KBytes  2.58 Mbits/sec  3.077 ms  1366/1635 (84%)  
[  5] 364.00-365.00 sec   254 KBytes  2.08 Mbits/sec  4.031 ms  1123/1340 (84%)  
[  5] 365.00-366.00 sec   296 KBytes  2.43 Mbits/sec  3.287 ms  1457/1710 (85%)  
[  5] 366.00-367.00 sec   258 KBytes  2.11 Mbits/sec  3.089 ms  1097/1317 (83%)  
[  5] 367.00-368.00 sec   314 KBytes  2.57 Mbits/sec  3.398 ms  1521/1789 (85%)  
[  5] 368.00-369.00 sec   292 KBytes  2.39 Mbits/sec  3.919 ms  1220/1469 (83%)  
[  5] 369.00-370.00 sec   255 KBytes  2.09 Mbits/sec  3.210 ms  971/1189 (82%)  
[  5] 370.00-371.00 sec   299 KBytes  2.45 Mbits/sec  3.113 ms  1115/1370 (81%)  
[  5] 371.00-372.00 sec   314 KBytes  2.57 Mbits/sec  2.963 ms  1346/1614 (83%)  
[  5] 372.00-373.00 sec   294 KBytes  2.41 Mbits/sec  3.260 ms  1117/1368 (82%)  
[  5] 373.00-374.00 sec   318 KBytes  2.60 Mbits/sec  3.871 ms  1779/2050 (87%)  
[  5] 374.00-375.00 sec   257 KBytes  2.10 Mbits/sec  4.792 ms  1828/2047 (89%)  
[  5] 375.00-376.00 sec   294 KBytes  2.41 Mbits/sec  3.351 ms  2199/2450 (90%)  
[  5] 376.00-377.00 sec   214 KBytes  1.76 Mbits/sec  4.071 ms  1142/1325 (86%)  
[  5] 377.00-378.00 sec   295 KBytes  2.42 Mbits/sec  2.702 ms  1230/1482 (83%)  
[  5] 378.00-379.00 sec   196 KBytes  1.60 Mbits/sec  4.080 ms  764/931 (82%)  
[  5] 379.00-380.00 sec   217 KBytes  1.78 Mbits/sec  3.661 ms  870/1055 (82%)  
[  5] 380.00-381.00 sec   199 KBytes  1.63 Mbits/sec  3.283 ms  769/939 (82%)  
[  5] 381.00-382.00 sec   196 KBytes  1.60 Mbits/sec  3.567 ms  784/951 (82%)  
[  5] 382.00-383.00 sec   217 KBytes  1.78 Mbits/sec  2.887 ms  878/1063 (83%)  
[  5] 383.00-384.00 sec   236 KBytes  1.93 Mbits/sec  3.875 ms  885/1086 (81%)  
[  5] 384.00-385.00 sec   216 KBytes  1.77 Mbits/sec  3.034 ms  811/995 (82%)  
[  5] 385.00-386.00 sec   259 KBytes  2.12 Mbits/sec  2.938 ms  1024/1245 (82%)  
[  5] 386.00-387.00 sec   294 KBytes  2.41 Mbits/sec  3.401 ms  1204/1455 (83%)  
[  5] 387.00-388.00 sec   255 KBytes  2.09 Mbits/sec  3.106 ms  981/1199 (82%)  
[  5] 388.00-389.00 sec   298 KBytes  2.44 Mbits/sec  3.279 ms  1167/1421 (82%)  
[  5] 389.00-390.00 sec   315 KBytes  2.58 Mbits/sec  2.848 ms  1279/1548 (83%)  
[  5] 390.00-391.00 sec   291 KBytes  2.38 Mbits/sec  3.020 ms  1174/1422 (83%)  
[  5] 391.00-392.00 sec   318 KBytes  2.60 Mbits/sec  2.648 ms  1215/1486 (82%)  
[  5] 392.00-393.00 sec   295 KBytes  2.42 Mbits/sec  2.872 ms  1194/1446 (83%)  
[  5] 393.00-394.00 sec   313 KBytes  2.56 Mbits/sec  3.060 ms  1209/1476 (82%)  
[  5] 394.00-395.00 sec   257 KBytes  2.10 Mbits/sec  2.503 ms  948/1167 (81%)  
[  5] 395.00-396.00 sec   298 KBytes  2.44 Mbits/sec  2.908 ms  1022/1276 (80%)  
[  5] 396.00-397.00 sec   355 KBytes  2.91 Mbits/sec  2.957 ms  1157/1460 (79%)  
[  5] 397.00-398.00 sec   255 KBytes  2.09 Mbits/sec  3.021 ms  1082/1300 (83%)  
[  5] 398.00-399.00 sec   296 KBytes  2.43 Mbits/sec  3.548 ms  1081/1334 (81%)  
[  5] 399.00-400.00 sec   312 KBytes  2.55 Mbits/sec  3.418 ms  1201/1467 (82%)  
[  5] 400.00-401.00 sec   299 KBytes  2.45 Mbits/sec  2.813 ms  1043/1298 (80%)  
[  5] 401.00-402.00 sec   311 KBytes  2.53 Mbits/sec  2.878 ms  1166/1431 (81%)  
[  5] 402.00-403.00 sec   237 KBytes  1.95 Mbits/sec  3.959 ms  840/1042 (81%)  
[  5] 403.00-404.00 sec   257 KBytes  2.10 Mbits/sec  3.068 ms  878/1097 (80%)  
[  5] 404.00-405.00 sec   314 KBytes  2.57 Mbits/sec  2.780 ms  1107/1375 (81%)  
[  5] 405.00-406.00 sec   142 KBytes  1.16 Mbits/sec  3.775 ms  487/608 (80%)  
[  5] 406.00-407.00 sec   257 KBytes  2.10 Mbits/sec  2.931 ms  852/1071 (80%)  
[  5] 407.00-408.00 sec   312 KBytes  2.55 Mbits/sec  2.965 ms  1015/1281 (79%)  
[  5] 408.00-409.00 sec   239 KBytes  1.96 Mbits/sec  3.250 ms  817/1021 (80%)  
[  5] 409.00-410.00 sec   315 KBytes  2.58 Mbits/sec  2.625 ms  1062/1331 (80%)  
[  5] 410.00-411.00 sec   312 KBytes  2.55 Mbits/sec  2.999 ms  1149/1415 (81%)  
[  5] 411.00-412.00 sec   236 KBytes  1.93 Mbits/sec  3.997 ms  880/1081 (81%)  
[  5] 412.00-413.00 sec   320 KBytes  2.62 Mbits/sec  2.748 ms  1299/1572 (83%)  
[  5] 413.00-414.00 sec   278 KBytes  2.28 Mbits/sec  6.679 ms  1248/1485 (84%)  
[  5] 414.00-415.00 sec   270 KBytes  2.21 Mbits/sec  3.763 ms  1302/1532 (85%)  
[  5] 415.00-416.00 sec   296 KBytes  2.43 Mbits/sec  4.091 ms  1637/1890 (87%)  
[  5] 416.00-417.00 sec   314 KBytes  2.57 Mbits/sec  4.305 ms  1638/1906 (86%)  
[  5] 417.00-418.00 sec   295 KBytes  2.42 Mbits/sec  3.290 ms  1411/1663 (85%)  
[  5] 418.00-419.00 sec   257 KBytes  2.10 Mbits/sec  3.093 ms  1096/1315 (83%)  
[  5] 419.00-420.00 sec   315 KBytes  2.58 Mbits/sec  3.116 ms  1168/1437 (81%)  
[  5] 420.00-421.00 sec   295 KBytes  2.42 Mbits/sec  3.133 ms  1093/1345 (81%)  
[  5] 421.00-422.00 sec   318 KBytes  2.60 Mbits/sec  2.921 ms  1103/1374 (80%)  
[  5] 422.00-423.00 sec   251 KBytes  2.05 Mbits/sec  2.931 ms  858/1072 (80%)  
