Connecting to host 172.22.0.50, port 5201
Reverse mode, remote host 172.22.0.50 is sending
[  5] local 192.168.100.2 port 46368 connected to 172.22.0.50 port 5201
[ ID] Interval           Transfer     Bitrate         Jitter    Lost/Total Datagrams
[  5]   0.00-1.00   sec  1.43 MBytes  12.0 Mbits/sec  1.090 ms  0/1248 (0%)  
[  5]   1.00-2.00   sec  1.43 MBytes  12.0 Mbits/sec  0.877 ms  0/1252 (0%)  
[  5]   2.00-3.00   sec  1.43 MBytes  12.0 Mbits/sec  0.829 ms  0/1252 (0%)  
[  5]   3.00-4.00   sec  1.43 MBytes  12.0 Mbits/sec  0.984 ms  0/1249 (0%)  
[  5]   4.00-5.00   sec  1.43 MBytes  12.0 Mbits/sec  0.951 ms  0/1250 (0%)  
[  5]   5.00-6.00   sec  1.42 MBytes  12.0 Mbits/sec  1.068 ms  0/1245 (0%)  
[  5]   6.00-7.00   sec  1.43 MBytes  12.0 Mbits/sec  1.174 ms  0/1249 (0%)  
[  5]   7.00-8.00   sec  1.44 MBytes  12.1 Mbits/sec  1.029 ms  0/1255 (0%)  
[  5]   8.00-9.00   sec  1.43 MBytes  12.0 Mbits/sec  1.030 ms  0/1248 (0%)  
[  5]   9.00-10.00  sec  1.43 MBytes  12.0 Mbits/sec  0.903 ms  0/1253 (0%)  
[  5]  10.00-11.00  sec  1.43 MBytes  12.0 Mbits/sec  0.912 ms  0/1251 (0%)  
[  5]  11.00-12.00  sec  1.43 MBytes  12.0 Mbits/sec  0.837 ms  0/1248 (0%)  
[  5]  12.00-13.00  sec  1.43 MBytes  12.0 Mbits/sec  1.012 ms  0/1251 (0%)  
[  5]  13.00-14.00  sec  1.43 MBytes  12.0 Mbits/sec  0.807 ms  0/1252 (0%)  
[  5]  14.00-15.00  sec  1.43 MBytes  12.0 Mbits/sec  1.028 ms  0/1246 (0%)  
[  5]  15.00-16.00  sec   932 KBytes  7.64 Mbits/sec  1.549 ms  0/795 (0%)  
[  5]  16.00-17.00  sec   483 KBytes  3.95 Mbits/sec  1.580 ms  0/412 (0%)  
[  5]  17.00-18.00  sec   478 KBytes  3.92 Mbits/sec  1.770 ms  0/408 (0%)  
[  5]  18.00-19.00  sec   491 KBytes  4.02 Mbits/sec  1.642 ms  0/419 (0%)  
[  5]  19.00-20.00  sec   493 KBytes  4.04 Mbits/sec  2.097 ms  0/421 (0%)  
[  5]  20.00-21.00  sec   505 KBytes  4.14 Mbits/sec  1.489 ms  0/431 (0%)  
[  5]  21.00-22.00  sec   531 KBytes  4.35 Mbits/sec  1.613 ms  0/453 (0%)  
[  5]  22.00-23.00  sec   554 KBytes  4.54 Mbits/sec  1.593 ms  0/473 (0%)  
[  5]  23.00-24.00  sec   548 KBytes  4.49 Mbits/sec  1.694 ms  0/468 (0%)  
[  5]  24.00-25.00  sec   530 KBytes  4.34 Mbits/sec  1.694 ms  0/452 (0%)  
[  5]  25.00-26.00  sec   525 KBytes  4.30 Mbits/sec  1.612 ms  0/448 (0%)  
[  5]  26.00-27.00  sec   519 KBytes  4.25 Mbits/sec  1.533 ms  0/443 (0%)  
[  5]  27.00-28.00  sec   519 KBytes  4.25 Mbits/sec  1.591 ms  0/443 (0%)  
[  5]  28.00-29.00  sec   505 KBytes  4.14 Mbits/sec  1.791 ms  0/431 (0%)  
[  5]  29.00-30.00  sec   518 KBytes  4.24 Mbits/sec  1.528 ms  0/442 (0%)  
[  5]  30.00-31.00  sec   566 KBytes  4.64 Mbits/sec  1.619 ms  0/483 (0%)  
[  5]  31.00-32.00  sec   600 KBytes  4.92 Mbits/sec  1.369 ms  0/512 (0%)  
[  5]  32.00-33.00  sec   609 KBytes  4.99 Mbits/sec  1.448 ms  0/520 (0%)  
[  5]  33.00-34.00  sec   608 KBytes  4.98 Mbits/sec  1.356 ms  0/519 (0%)  
[  5]  34.00-35.00  sec   602 KBytes  4.93 Mbits/sec  1.343 ms  0/514 (0%)  
[  5]  35.00-36.00  sec   605 KBytes  4.96 Mbits/sec  1.282 ms  0/516 (0%)  
[  5]  36.00-37.00  sec   592 KBytes  4.85 Mbits/sec  1.454 ms  0/505 (0%)  
[  5]  37.00-38.00  sec   592 KBytes  4.85 Mbits/sec  1.325 ms  0/505 (0%)  
[  5]  38.00-39.00  sec   601 KBytes  4.92 Mbits/sec  1.465 ms  0/513 (0%)  
[  5]  39.00-40.00  sec   609 KBytes  5.00 Mbits/sec  1.738 ms  0/520 (0%)  
[  5]  40.00-41.00  sec   612 KBytes  5.01 Mbits/sec  1.439 ms  0/522 (0%)  
[  5]  41.00-42.00  sec   543 KBytes  4.44 Mbits/sec  1.436 ms  0/463 (0%)  
[  5]  42.00-43.00  sec   545 KBytes  4.46 Mbits/sec  1.476 ms  839/1304 (64%)  
[  5]  43.00-44.00  sec   567 KBytes  4.65 Mbits/sec  1.445 ms  882/1366 (65%)  
[  5]  44.00-45.00  sec   625 KBytes  5.12 Mbits/sec  1.690 ms  973/1506 (65%)  
[  5]  45.00-46.00  sec   545 KBytes  4.46 Mbits/sec  1.376 ms  881/1346 (65%)  
[  5]  46.00-47.00  sec   638 KBytes  5.22 Mbits/sec  1.275 ms  884/1428 (62%)  
[  5]  47.00-48.00  sec   559 KBytes  4.58 Mbits/sec  1.276 ms  686/1163 (59%)  
[  5]  48.00-49.00  sec   639 KBytes  5.23 Mbits/sec  1.218 ms  769/1314 (59%)  
[  5]  49.00-50.00  sec   558 KBytes  4.57 Mbits/sec  1.233 ms  683/1159 (59%)  
[  5]  50.00-51.00  sec   612 KBytes  5.01 Mbits/sec  1.353 ms  741/1263 (59%)  
[  5]  51.00-52.00  sec   550 KBytes  4.51 Mbits/sec  1.299 ms  660/1129 (58%)  
[  5]  52.00-53.00  sec   557 KBytes  4.56 Mbits/sec  1.293 ms  696/1171 (59%)  
[  5]  53.00-54.00  sec   550 KBytes  4.50 Mbits/sec  1.311 ms  682/1151 (59%)  
[  5]  54.00-55.00  sec   531 KBytes  4.35 Mbits/sec  1.355 ms  673/1126 (60%)  
[  5]  55.00-56.00  sec   667 KBytes  5.46 Mbits/sec  1.300 ms  784/1353 (58%)  
[  5]  56.00-57.00  sec   495 KBytes  4.05 Mbits/sec  1.341 ms  590/1012 (58%)  
[  5]  57.00-58.00  sec   701 KBytes  5.74 Mbits/sec  1.369 ms  851/1449 (59%)  
[  5]  58.00-59.00  sec   613 KBytes  5.02 Mbits/sec  1.415 ms  744/1267 (59%)  
[  5]  59.00-60.00  sec   702 KBytes  5.75 Mbits/sec  1.227 ms  851/1450 (59%)  
[  5]  60.00-61.00  sec   729 KBytes  5.97 Mbits/sec  1.324 ms  912/1534 (59%)  
[  5]  61.00-62.00  sec   585 KBytes  4.79 Mbits/sec  1.481 ms  768/1267 (61%)  
[  5]  62.00-63.00  sec   602 KBytes  4.94 Mbits/sec  1.249 ms  775/1289 (60%)  
[  5]  63.00-64.00  sec   702 KBytes  5.75 Mbits/sec  1.296 ms  869/1468 (59%)  
[  5]  64.00-65.00  sec   695 KBytes  5.69 Mbits/sec  3.874 ms  902/1495 (60%)  
[  5]  65.00-66.00  sec   647 KBytes  5.30 Mbits/sec  1.174 ms  774/1326 (58%)  
[  5]  66.00-67.00  sec   691 KBytes  5.67 Mbits/sec  1.417 ms  996/1586 (63%)  
[  5]  67.00-68.00  sec   613 KBytes  5.02 Mbits/sec  1.406 ms  860/1383 (62%)  
[  5]  68.00-69.00  sec   702 KBytes  5.75 Mbits/sec  1.336 ms  961/1560 (62%)  
[  5]  69.00-70.00  sec   585 KBytes  4.79 Mbits/sec  1.386 ms  795/1294 (61%)  
[  5]  70.00-71.00  sec   735 KBytes  6.02 Mbits/sec  1.176 ms  879/1506 (58%)  
[  5]  71.00-72.00  sec   589 KBytes  4.83 Mbits/sec  1.083 ms  723/1226 (59%)  
[  5]  72.00-73.00  sec   708 KBytes  5.80 Mbits/sec  1.235 ms  762/1366 (56%)  
[  5]  73.00-74.00  sec   709 KBytes  5.81 Mbits/sec  1.176 ms  726/1331 (55%)  
[  5]  74.00-75.00  sec   589 KBytes  4.83 Mbits/sec  1.230 ms  595/1098 (54%)  
[  5]  75.00-76.00  sec   720 KBytes  5.89 Mbits/sec  1.198 ms  759/1373 (55%)  
[  5]  76.00-77.00  sec   618 KBytes  5.06 Mbits/sec  1.283 ms  664/1191 (56%)  
[  5]  77.00-78.00  sec   709 KBytes  5.80 Mbits/sec  1.204 ms  756/1361 (56%)  
[  5]  78.00-79.00  sec   589 KBytes  4.83 Mbits/sec  1.246 ms  599/1102 (54%)  
[  5]  79.00-80.00  sec   720 KBytes  5.90 Mbits/sec  1.149 ms  736/1350 (55%)  
[  5]  80.00-81.00  sec   588 KBytes  4.82 Mbits/sec  1.128 ms  615/1117 (55%)  
[  5]  81.00-82.00  sec   620 KBytes  5.08 Mbits/sec  1.193 ms  625/1154 (54%)  
[  5]  82.00-83.00  sec   709 KBytes  5.81 Mbits/sec  1.162 ms  725/1330 (55%)  
[  5]  83.00-84.00  sec   588 KBytes  4.82 Mbits/sec  1.264 ms  586/1088 (54%)  
[  5]  84.00-85.00  sec   718 KBytes  5.87 Mbits/sec  1.213 ms  775/1388 (56%)  
[  5]  85.00-86.00  sec   620 KBytes  5.09 Mbits/sec  1.142 ms  658/1187 (55%)  
[  5]  86.00-87.00  sec   668 KBytes  5.47 Mbits/sec  1.202 ms  698/1268 (55%)  
[  5]  87.00-88.00  sec   619 KBytes  5.07 Mbits/sec  1.262 ms  642/1170 (55%)  
[  5]  88.00-89.00  sec   720 KBytes  5.89 Mbits/sec  1.127 ms  771/1385 (56%)  
[  5]  89.00-90.00  sec   709 KBytes  5.81 Mbits/sec  1.122 ms  698/1303 (54%)  
[  5]  90.00-91.00  sec   588 KBytes  4.82 Mbits/sec  1.227 ms  617/1119 (55%)  
[  5]  91.00-92.00  sec   709 KBytes  5.81 Mbits/sec  1.236 ms  731/1336 (55%)  
[  5]  92.00-93.00  sec   629 KBytes  5.16 Mbits/sec  1.101 ms  663/1200 (55%)  
[  5]  93.00-94.00  sec   680 KBytes  5.57 Mbits/sec  1.210 ms  709/1289 (55%)  
[  5]  94.00-95.00  sec   618 KBytes  5.06 Mbits/sec  1.226 ms  678/1205 (56%)  
[  5]  95.00-96.00  sec   709 KBytes  5.81 Mbits/sec  1.171 ms  783/1388 (56%)  
[  5]  96.00-97.00  sec   689 KBytes  5.65 Mbits/sec  1.194 ms  753/1341 (56%)  
[  5]  97.00-98.00  sec   608 KBytes  4.98 Mbits/sec  1.145 ms  656/1175 (56%)  
[  5]  98.00-99.00  sec   708 KBytes  5.80 Mbits/sec  1.293 ms  744/1348 (55%)  
[  5]  99.00-100.00 sec   720 KBytes  5.89 Mbits/sec  1.171 ms  738/1352 (55%)  
[  5] 100.00-101.00 sec   589 KBytes  4.83 Mbits/sec  1.106 ms  619/1122 (55%)  
[  5] 101.00-102.00 sec   709 KBytes  5.81 Mbits/sec  1.193 ms  774/1379 (56%)  
[  5] 102.00-103.00 sec   588 KBytes  4.82 Mbits/sec  1.240 ms  595/1097 (54%)  
[  5] 103.00-104.00 sec   709 KBytes  5.81 Mbits/sec  1.218 ms  726/1331 (55%)  
[  5] 104.00-105.00 sec   718 KBytes  5.88 Mbits/sec  1.301 ms  735/1348 (55%)  
[  5] 105.00-106.00 sec   589 KBytes  4.83 Mbits/sec  1.213 ms  576/1079 (53%)  
[  5] 106.00-107.00 sec   709 KBytes  5.81 Mbits/sec  1.302 ms  745/1350 (55%)  
[  5] 107.00-108.00 sec   718 KBytes  5.88 Mbits/sec  1.251 ms  754/1367 (55%)  
[  5] 108.00-109.00 sec   589 KBytes  4.83 Mbits/sec  1.100 ms  609/1112 (55%)  
[  5] 109.00-110.00 sec   709 KBytes  5.81 Mbits/sec  1.318 ms  730/1335 (55%)  
[  5] 110.00-111.00 sec   619 KBytes  5.07 Mbits/sec  1.287 ms  635/1163 (55%)  
[  5] 111.00-112.00 sec   720 KBytes  5.90 Mbits/sec  1.156 ms  752/1366 (55%)  
[  5] 112.00-113.00 sec   589 KBytes  4.83 Mbits/sec  1.267 ms  595/1098 (54%)  
[  5] 113.00-114.00 sec   618 KBytes  5.06 Mbits/sec  1.142 ms  602/1129 (53%)  
[  5] 114.00-115.00 sec   710 KBytes  5.82 Mbits/sec  1.174 ms  712/1318 (54%)  
[  5] 115.00-116.00 sec   579 KBytes  4.74 Mbits/sec  1.210 ms  593/1087 (55%)  
[  5] 116.00-117.00 sec   618 KBytes  5.06 Mbits/sec  1.235 ms  659/1186 (56%)  
[  5] 117.00-118.00 sec   677 KBytes  5.55 Mbits/sec  1.198 ms  734/1312 (56%)  
[  5] 118.00-119.00 sec   619 KBytes  5.07 Mbits/sec  1.118 ms  631/1159 (54%)  
[  5] 119.00-120.00 sec   709 KBytes  5.81 Mbits/sec  1.279 ms  712/1317 (54%)  
[  5] 120.00-121.00 sec   588 KBytes  4.82 Mbits/sec  1.160 ms  586/1088 (54%)  
[  5] 121.00-122.00 sec   720 KBytes  5.89 Mbits/sec  1.167 ms  743/1357 (55%)  
[  5] 122.00-123.00 sec   588 KBytes  4.82 Mbits/sec  1.201 ms  594/1096 (54%)  
[  5] 123.00-124.00 sec   709 KBytes  5.81 Mbits/sec  1.241 ms  689/1294 (53%)  
[  5] 124.00-125.00 sec   620 KBytes  5.08 Mbits/sec  1.247 ms  656/1185 (55%)  
[  5] 125.00-126.00 sec   708 KBytes  5.80 Mbits/sec  1.622 ms  773/1377 (56%)  
[  5] 126.00-127.00 sec   679 KBytes  5.56 Mbits/sec  1.220 ms  739/1318 (56%)  
[  5] 127.00-128.00 sec   619 KBytes  5.07 Mbits/sec  1.292 ms  687/1215 (57%)  
[  5] 128.00-129.00 sec   589 KBytes  4.83 Mbits/sec  1.313 ms  644/1147 (56%)  
[  5] 129.00-130.00 sec   709 KBytes  5.81 Mbits/sec  1.313 ms  772/1377 (56%)  
[  5] 130.00-131.00 sec   718 KBytes  5.89 Mbits/sec  1.357 ms  775/1388 (56%)  
[  5] 131.00-132.00 sec   589 KBytes  4.83 Mbits/sec  1.197 ms  644/1147 (56%)  
[  5] 132.00-133.00 sec   707 KBytes  5.79 Mbits/sec  1.229 ms  750/1353 (55%)  
[  5] 133.00-134.00 sec   720 KBytes  5.89 Mbits/sec  1.150 ms  788/1402 (56%)  
[  5] 134.00-135.00 sec   618 KBytes  5.06 Mbits/sec  1.220 ms  668/1195 (56%)  
[  5] 135.00-136.00 sec   591 KBytes  4.83 Mbits/sec  1.182 ms  601/1105 (54%)  
[  5] 136.00-137.00 sec   709 KBytes  5.81 Mbits/sec  1.149 ms  709/1314 (54%)  
[  5] 137.00-138.00 sec   618 KBytes  5.06 Mbits/sec  1.222 ms  648/1175 (55%)  
[  5] 138.00-139.00 sec   689 KBytes  5.64 Mbits/sec  1.194 ms  720/1308 (55%)  
[  5] 139.00-140.00 sec   620 KBytes  5.08 Mbits/sec  1.165 ms  637/1166 (55%)  
[  5] 140.00-141.00 sec   709 KBytes  5.81 Mbits/sec  1.208 ms  732/1337 (55%)  
[  5] 141.00-142.00 sec   588 KBytes  4.82 Mbits/sec  1.309 ms  624/1126 (55%)  
[  5] 142.00-143.00 sec   720 KBytes  5.89 Mbits/sec  1.186 ms  796/1410 (56%)  
[  5] 143.00-144.00 sec   619 KBytes  5.07 Mbits/sec  1.140 ms  641/1169 (55%)  
[  5] 144.00-145.00 sec   679 KBytes  5.56 Mbits/sec  1.202 ms  678/1257 (54%)  
[  5] 145.00-146.00 sec   619 KBytes  5.07 Mbits/sec  1.244 ms  634/1162 (55%)  
[  5] 146.00-147.00 sec   710 KBytes  5.81 Mbits/sec  1.266 ms  728/1334 (55%)  
[  5] 147.00-148.00 sec   598 KBytes  4.90 Mbits/sec  1.140 ms  617/1127 (55%)  
[  5] 148.00-149.00 sec   701 KBytes  5.74 Mbits/sec  1.355 ms  717/1315 (55%)  
[  5] 149.00-150.00 sec   620 KBytes  5.08 Mbits/sec  1.186 ms  657/1186 (55%)  
[  5] 150.00-151.00 sec   588 KBytes  4.82 Mbits/sec  1.256 ms  672/1174 (57%)  
[  5] 151.00-152.00 sec   620 KBytes  5.08 Mbits/sec  1.195 ms  663/1192 (56%)  
[  5] 152.00-153.00 sec   589 KBytes  4.83 Mbits/sec  1.178 ms  600/1103 (54%)  
[  5] 153.00-154.00 sec   718 KBytes  5.88 Mbits/sec  1.171 ms  771/1384 (56%)  
[  5] 154.00-155.00 sec   589 KBytes  4.83 Mbits/sec  1.105 ms  607/1110 (55%)  
[  5] 155.00-156.00 sec   708 KBytes  5.80 Mbits/sec  1.249 ms  744/1348 (55%)  
[  5] 156.00-157.00 sec   620 KBytes  5.08 Mbits/sec  1.195 ms  635/1164 (55%)  
[  5] 157.00-158.00 sec   707 KBytes  5.79 Mbits/sec  1.114 ms  758/1361 (56%)  
[  5] 158.00-159.00 sec   679 KBytes  5.56 Mbits/sec  1.249 ms  726/1305 (56%)  
[  5] 159.00-160.00 sec   620 KBytes  5.08 Mbits/sec  1.275 ms  661/1190 (56%)  
[  5] 160.00-161.00 sec   709 KBytes  5.81 Mbits/sec  1.292 ms  762/1367 (56%)  
[  5] 161.00-162.00 sec   588 KBytes  4.82 Mbits/sec  1.244 ms  612/1114 (55%)  
[  5] 162.00-163.00 sec   720 KBytes  5.89 Mbits/sec  1.161 ms  736/1350 (55%)  
[  5] 163.00-164.00 sec   606 KBytes  4.96 Mbits/sec  1.810 ms  700/1217 (58%)  
[  5] 164.00-165.00 sec   697 KBytes  5.71 Mbits/sec  1.262 ms  858/1453 (59%)  
[  5] 165.00-166.00 sec   588 KBytes  4.82 Mbits/sec  1.252 ms  700/1202 (58%)  
[  5] 166.00-167.00 sec   720 KBytes  5.90 Mbits/sec  1.133 ms  831/1445 (58%)  
[  5] 167.00-168.00 sec   580 KBytes  4.75 Mbits/sec  1.163 ms  627/1122 (56%)  
[  5] 168.00-169.00 sec   709 KBytes  5.81 Mbits/sec  1.220 ms  729/1334 (55%)  
[  5] 169.00-170.00 sec   620 KBytes  5.08 Mbits/sec  1.126 ms  651/1180 (55%)  
[  5] 170.00-171.00 sec   689 KBytes  5.65 Mbits/sec  1.165 ms  734/1322 (56%)  
[  5] 171.00-172.00 sec   619 KBytes  5.07 Mbits/sec  1.116 ms  629/1157 (54%)  
[  5] 172.00-173.00 sec   708 KBytes  5.80 Mbits/sec  1.262 ms  736/1340 (55%)  
[  5] 173.00-174.00 sec   591 KBytes  4.84 Mbits/sec  1.247 ms  594/1098 (54%)  
[  5] 174.00-175.00 sec   709 KBytes  5.81 Mbits/sec  1.205 ms  743/1348 (55%)  
[  5] 175.00-176.00 sec   628 KBytes  5.15 Mbits/sec  1.199 ms  673/1209 (56%)  
[  5] 176.00-177.00 sec   680 KBytes  5.57 Mbits/sec  1.170 ms  670/1250 (54%)  
[  5] 177.00-178.00 sec   619 KBytes  5.07 Mbits/sec  1.204 ms  638/1166 (55%)  
[  5] 178.00-179.00 sec   709 KBytes  5.81 Mbits/sec  1.145 ms  733/1338 (55%)  
[  5] 179.00-180.00 sec   688 KBytes  5.64 Mbits/sec  1.251 ms  726/1313 (55%)  
[  5] 180.00-181.00 sec   620 KBytes  5.08 Mbits/sec  1.196 ms  638/1167 (55%)  
[  5] 181.00-182.00 sec   709 KBytes  5.81 Mbits/sec  1.277 ms  751/1356 (55%)  
[  5] 182.00-183.00 sec   588 KBytes  4.82 Mbits/sec  1.224 ms  654/1156 (57%)  
[  5] 183.00-184.00 sec   720 KBytes  5.89 Mbits/sec  1.114 ms  799/1413 (57%)  
[  5] 184.00-185.00 sec   619 KBytes  5.07 Mbits/sec  1.223 ms  647/1175 (55%)  
[  5] 185.00-186.00 sec   709 KBytes  5.81 Mbits/sec  1.170 ms  759/1364 (56%)  
[  5] 186.00-187.00 sec   588 KBytes  4.82 Mbits/sec  1.262 ms  630/1132 (56%)  
[  5] 187.00-188.00 sec   720 KBytes  5.90 Mbits/sec  1.089 ms  722/1336 (54%)  
[  5] 188.00-189.00 sec   582 KBytes  4.77 Mbits/sec  1.148 ms  618/1115 (55%)  
[  5] 189.00-190.00 sec   708 KBytes  5.80 Mbits/sec  1.201 ms  696/1300 (54%)  
[  5] 190.00-191.00 sec   683 KBytes  5.60 Mbits/sec  2.047 ms  745/1328 (56%)  
[  5] 191.00-192.00 sec   649 KBytes  5.32 Mbits/sec  1.131 ms  672/1226 (55%)  
[  5] 192.00-193.00 sec   680 KBytes  5.57 Mbits/sec  1.171 ms  704/1284 (55%)  
[  5] 193.00-194.00 sec   618 KBytes  5.06 Mbits/sec  1.259 ms  633/1160 (55%)  
[  5] 194.00-195.00 sec   704 KBytes  5.77 Mbits/sec  1.284 ms  733/1334 (55%)  
[  5] 195.00-196.00 sec   591 KBytes  4.84 Mbits/sec  1.172 ms  628/1132 (55%)  
[  5] 196.00-197.00 sec   718 KBytes  5.89 Mbits/sec  1.185 ms  730/1343 (54%)  
[  5] 197.00-198.00 sec   588 KBytes  4.82 Mbits/sec  1.106 ms  599/1101 (54%)  
[  5] 198.00-199.00 sec   709 KBytes  5.81 Mbits/sec  1.237 ms  743/1348 (55%)  
[  5] 199.00-200.00 sec   620 KBytes  5.08 Mbits/sec  1.229 ms  679/1208 (56%)  
[  5] 200.00-201.00 sec   675 KBytes  5.53 Mbits/sec  1.172 ms  746/1322 (56%)  
[  5] 201.00-202.00 sec   620 KBytes  5.08 Mbits/sec  1.050 ms  643/1172 (55%)  
[  5] 202.00-203.00 sec   619 KBytes  5.07 Mbits/sec  1.138 ms  640/1168 (55%)  
[  5] 203.00-204.00 sec   709 KBytes  5.81 Mbits/sec  1.176 ms  722/1327 (54%)  
[  5] 204.00-205.00 sec   588 KBytes  4.82 Mbits/sec  1.266 ms  605/1107 (55%)  
[  5] 205.00-206.00 sec   720 KBytes  5.90 Mbits/sec  1.180 ms  752/1366 (55%)  
[  5] 206.00-207.00 sec   588 KBytes  4.82 Mbits/sec  1.235 ms  604/1106 (55%)  
[  5] 207.00-208.00 sec   709 KBytes  5.81 Mbits/sec  1.293 ms  751/1356 (55%)  
[  5] 208.00-209.00 sec   709 KBytes  5.81 Mbits/sec  1.300 ms  738/1343 (55%)  
[  5] 209.00-210.00 sec   608 KBytes  4.98 Mbits/sec  1.590 ms  625/1144 (55%)  
[  5] 210.00-211.00 sec   599 KBytes  4.91 Mbits/sec  1.140 ms  633/1144 (55%)  
[  5] 211.00-212.00 sec   690 KBytes  5.65 Mbits/sec  1.258 ms  768/1357 (57%)  
[  5] 212.00-213.00 sec   710 KBytes  5.82 Mbits/sec  1.120 ms  734/1340 (55%)  
[  5] 213.00-214.00 sec   568 KBytes  4.66 Mbits/sec  1.156 ms  623/1108 (56%)  
[  5] 214.00-215.00 sec   718 KBytes  5.88 Mbits/sec  1.127 ms  766/1379 (56%)  
[  5] 215.00-216.00 sec   589 KBytes  4.83 Mbits/sec  1.068 ms  639/1142 (56%)  
[  5] 216.00-217.00 sec   708 KBytes  5.80 Mbits/sec  1.221 ms  779/1383 (56%)  
[  5] 217.00-218.00 sec   598 KBytes  4.90 Mbits/sec  1.288 ms  686/1196 (57%)  
[  5] 218.00-219.00 sec   688 KBytes  5.64 Mbits/sec  1.232 ms  759/1346 (56%)  
[  5] 219.00-220.00 sec   620 KBytes  5.08 Mbits/sec  1.089 ms  641/1170 (55%)  
[  5] 220.00-221.00 sec   709 KBytes  5.81 Mbits/sec  1.133 ms  730/1335 (55%)  
[  5] 221.00-222.00 sec   607 KBytes  4.97 Mbits/sec  1.139 ms  632/1150 (55%)  
[  5] 222.00-223.00 sec   689 KBytes  5.64 Mbits/sec  1.132 ms  720/1308 (55%)  
[  5] 223.00-224.00 sec   619 KBytes  5.07 Mbits/sec  1.057 ms  665/1193 (56%)  
[  5] 224.00-225.00 sec   709 KBytes  5.81 Mbits/sec  1.170 ms  776/1381 (56%)  
[  5] 225.00-226.00 sec   588 KBytes  4.82 Mbits/sec  1.203 ms  605/1107 (55%)  
[  5] 226.00-227.00 sec   709 KBytes  5.81 Mbits/sec  1.214 ms  716/1321 (54%)  
[  5] 227.00-228.00 sec   629 KBytes  5.16 Mbits/sec  1.143 ms  650/1187 (55%)  
[  5] 228.00-229.00 sec   679 KBytes  5.56 Mbits/sec  1.165 ms  674/1253 (54%)  
[  5] 229.00-230.00 sec   620 KBytes  5.08 Mbits/sec  1.192 ms  642/1171 (55%)  
[  5] 230.00-231.00 sec   709 KBytes  5.81 Mbits/sec  1.174 ms  747/1352 (55%)  
[  5] 231.00-232.00 sec   588 KBytes  4.82 Mbits/sec  1.361 ms  648/1150 (56%)  
[  5] 232.00-233.00 sec   720 KBytes  5.89 Mbits/sec  1.170 ms  750/1364 (55%)  
[  5] 233.00-234.00 sec   589 KBytes  4.83 Mbits/sec  1.158 ms  620/1123 (55%)  
[  5] 234.00-235.00 sec   709 KBytes  5.81 Mbits/sec  1.175 ms  748/1353 (55%)  
[  5] 235.00-236.00 sec   618 KBytes  5.06 Mbits/sec  1.258 ms  677/1204 (56%)  
[  5] 236.00-237.00 sec   620 KBytes  5.08 Mbits/sec  1.140 ms  637/1166 (55%)  
[  5] 237.00-238.00 sec   689 KBytes  5.64 Mbits/sec  1.185 ms  718/1306 (55%)  
[  5] 238.00-239.00 sec   619 KBytes  5.07 Mbits/sec  1.238 ms  627/1155 (54%)  
[  5] 239.00-240.00 sec   577 KBytes  4.72 Mbits/sec  1.211 ms  646/1138 (57%)  
[  5] 240.00-241.00 sec   709 KBytes  5.81 Mbits/sec  1.194 ms  750/1355 (55%)  
[  5] 241.00-242.00 sec   619 KBytes  5.07 Mbits/sec  1.188 ms  669/1197 (56%)  
[  5] 242.00-243.00 sec   589 KBytes  4.83 Mbits/sec  1.201 ms  628/1131 (56%)  
[  5] 243.00-244.00 sec   611 KBytes  5.00 Mbits/sec  1.209 ms  643/1164 (55%)  
[  5] 244.00-245.00 sec   588 KBytes  4.82 Mbits/sec  1.230 ms  609/1111 (55%)  
[  5] 245.00-246.00 sec   620 KBytes  5.08 Mbits/sec  1.213 ms  645/1174 (55%)  
[  5] 246.00-247.00 sec   718 KBytes  5.89 Mbits/sec  1.281 ms  747/1360 (55%)  
[  5] 247.00-248.00 sec   589 KBytes  4.83 Mbits/sec  1.374 ms  607/1110 (55%)  
[  5] 248.00-249.00 sec   709 KBytes  5.81 Mbits/sec  1.225 ms  759/1364 (56%)  
[  5] 249.00-250.00 sec   619 KBytes  5.07 Mbits/sec  1.228 ms  668/1196 (56%)  
[  5] 250.00-251.00 sec   599 KBytes  4.91 Mbits/sec  1.167 ms  658/1169 (56%)  
[  5] 251.00-252.00 sec   709 KBytes  5.81 Mbits/sec  1.221 ms  787/1392 (57%)  
[  5] 252.00-253.00 sec   589 KBytes  4.83 Mbits/sec  1.247 ms  632/1135 (56%)  
[  5] 253.00-254.00 sec   619 KBytes  5.07 Mbits/sec  1.273 ms  677/1205 (56%)  
[  5] 254.00-255.00 sec   705 KBytes  5.78 Mbits/sec  1.236 ms  790/1392 (57%)  
[  5] 255.00-256.00 sec   589 KBytes  4.83 Mbits/sec  1.296 ms  666/1169 (57%)  
[  5] 256.00-257.00 sec   718 KBytes  5.89 Mbits/sec  1.222 ms  815/1428 (57%)  
[  5] 257.00-258.00 sec   589 KBytes  4.82 Mbits/sec  1.252 ms  685/1188 (58%)  
[  5] 258.00-259.00 sec   619 KBytes  5.08 Mbits/sec  1.267 ms  735/1263 (58%)  
[  5] 259.00-260.00 sec   709 KBytes  5.81 Mbits/sec  1.245 ms  894/1499 (60%)  
[  5] 260.00-261.00 sec   577 KBytes  4.72 Mbits/sec  1.283 ms  669/1161 (58%)  
[  5] 261.00-262.00 sec   720 KBytes  5.89 Mbits/sec  1.252 ms  745/1359 (55%)  
[  5] 262.00-263.00 sec   709 KBytes  5.81 Mbits/sec  1.211 ms  753/1358 (55%)  
[  5] 263.00-264.00 sec   619 KBytes  5.07 Mbits/sec  1.160 ms  642/1170 (55%)  
[  5] 264.00-265.00 sec   589 KBytes  4.83 Mbits/sec  1.289 ms  640/1143 (56%)  
[  5] 265.00-266.00 sec   718 KBytes  5.88 Mbits/sec  1.279 ms  800/1413 (57%)  
[  5] 266.00-267.00 sec   588 KBytes  4.82 Mbits/sec  1.273 ms  640/1142 (56%)  
[  5] 267.00-268.00 sec   620 KBytes  5.08 Mbits/sec  1.218 ms  657/1186 (55%)  
[  5] 268.00-269.00 sec   709 KBytes  5.81 Mbits/sec  1.177 ms  803/1408 (57%)  
[  5] 269.00-270.00 sec   689 KBytes  5.65 Mbits/sec  1.145 ms  710/1298 (55%)  
[  5] 270.00-271.00 sec   619 KBytes  5.07 Mbits/sec  1.201 ms  667/1195 (56%)  
[  5] 271.00-272.00 sec   589 KBytes  4.83 Mbits/sec  1.201 ms  661/1164 (57%)  
[  5] 272.00-273.00 sec   709 KBytes  5.81 Mbits/sec  1.218 ms  790/1395 (57%)  
[  5] 273.00-274.00 sec   619 KBytes  5.07 Mbits/sec  1.214 ms  657/1185 (55%)  
[  5] 274.00-275.00 sec   689 KBytes  5.64 Mbits/sec  1.090 ms  727/1315 (55%)  
[  5] 275.00-276.00 sec   619 KBytes  5.07 Mbits/sec  1.123 ms  644/1172 (55%)  
[  5] 276.00-277.00 sec   709 KBytes  5.81 Mbits/sec  1.253 ms  740/1345 (55%)  
[  5] 277.00-278.00 sec   578 KBytes  4.73 Mbits/sec  1.223 ms  618/1111 (56%)  
[  5] 278.00-279.00 sec   718 KBytes  5.89 Mbits/sec  1.165 ms  788/1401 (56%)  
[  5] 279.00-280.00 sec   619 KBytes  5.07 Mbits/sec  1.081 ms  635/1163 (55%)  
[  5] 280.00-281.00 sec   709 KBytes  5.81 Mbits/sec  1.231 ms  793/1398 (57%)  
[  5] 281.00-282.00 sec   589 KBytes  4.83 Mbits/sec  1.257 ms  656/1159 (57%)  
[  5] 282.00-283.00 sec   718 KBytes  5.89 Mbits/sec  1.172 ms  759/1372 (55%)  
[  5] 283.00-284.00 sec   589 KBytes  4.82 Mbits/sec  1.146 ms  601/1104 (54%)  
[  5] 284.00-285.00 sec   704 KBytes  5.77 Mbits/sec  1.173 ms  738/1339 (55%)  
[  5] 285.00-286.00 sec   619 KBytes  5.07 Mbits/sec  1.330 ms  667/1195 (56%)  
[  5] 286.00-287.00 sec   696 KBytes  5.70 Mbits/sec  1.704 ms  769/1363 (56%)  
[  5] 287.00-288.00 sec   599 KBytes  4.91 Mbits/sec  1.173 ms  651/1162 (56%)  
[  5] 288.00-289.00 sec   709 KBytes  5.81 Mbits/sec  1.246 ms  769/1374 (56%)  
[  5] 289.00-290.00 sec   589 KBytes  4.83 Mbits/sec  1.312 ms  655/1158 (57%)  
[  5] 290.00-291.00 sec   696 KBytes  5.70 Mbits/sec  1.266 ms  755/1349 (56%)  
[  5] 291.00-292.00 sec   620 KBytes  5.08 Mbits/sec  1.172 ms  642/1171 (55%)  
[  5] 292.00-293.00 sec   589 KBytes  4.83 Mbits/sec  1.191 ms  618/1121 (55%)  
[  5] 293.00-294.00 sec   710 KBytes  5.82 Mbits/sec  1.316 ms  734/1340 (55%)  
[  5] 294.00-295.00 sec   589 KBytes  4.83 Mbits/sec  1.153 ms  609/1112 (55%)  
[  5] 295.00-296.00 sec   709 KBytes  5.81 Mbits/sec  1.206 ms  735/1340 (55%)  
[  5] 296.00-297.00 sec   619 KBytes  5.07 Mbits/sec  1.299 ms  667/1195 (56%)  
[  5] 297.00-298.00 sec   718 KBytes  5.88 Mbits/sec  1.153 ms  780/1393 (56%)  
[  5] 298.00-299.00 sec   589 KBytes  4.83 Mbits/sec  1.173 ms  636/1139 (56%)  
[  5] 299.00-300.00 sec   530 KBytes  4.34 Mbits/sec  1.101 ms  554/1006 (55%)  
[  5] 300.00-301.00 sec   489 KBytes  4.00 Mbits/sec  1.219 ms  505/922 (55%)  
[  5] 301.00-302.00 sec   499 KBytes  4.09 Mbits/sec  1.340 ms  505/931 (54%)  
[  5] 302.00-303.00 sec   387 KBytes  3.17 Mbits/sec  1.256 ms  437/767 (57%)  
[  5] 303.00-304.00 sec   499 KBytes  4.09 Mbits/sec  1.224 ms  527/953 (55%)  
[  5] 304.00-305.00 sec   429 KBytes  3.51 Mbits/sec  1.103 ms  419/785 (53%)  
[  5] 305.00-306.00 sec   499 KBytes  4.09 Mbits/sec  1.220 ms  524/950 (55%)  
[  5] 306.00-307.00 sec   389 KBytes  3.19 Mbits/sec  1.391 ms  429/761 (56%)  
[  5] 307.00-308.00 sec   409 KBytes  3.35 Mbits/sec  1.309 ms  449/798 (56%)  
[  5] 308.00-309.00 sec   400 KBytes  3.27 Mbits/sec  1.314 ms  440/781 (56%)  
[  5] 309.00-310.00 sec   409 KBytes  3.35 Mbits/sec  1.157 ms  465/814 (57%)  
[  5] 310.00-311.00 sec   377 KBytes  3.10 Mbits/sec  1.286 ms  462/784 (59%)  
[  5] 311.00-312.00 sec   499 KBytes  4.09 Mbits/sec  1.050 ms  519/945 (55%)  
[  5] 312.00-313.00 sec   400 KBytes  3.27 Mbits/sec  1.337 ms  426/767 (56%)  
[  5] 313.00-314.00 sec   398 KBytes  3.26 Mbits/sec  1.349 ms  426/766 (56%)  
[  5] 314.00-315.00 sec   410 KBytes  3.36 Mbits/sec  1.195 ms  448/798 (56%)  
[  5] 315.00-316.00 sec   326 KBytes  2.66 Mbits/sec  7.197 ms  362/640 (57%)  
[  5] 316.00-317.01 sec   383 KBytes  3.13 Mbits/sec  1.261 ms  393/720 (55%)  
[  5] 317.01-318.00 sec   309 KBytes  2.55 Mbits/sec  1.278 ms  326/590 (55%)  
[  5] 318.00-319.00 sec   499 KBytes  4.09 Mbits/sec  1.263 ms  551/977 (56%)  
[  5] 319.00-320.00 sec   499 KBytes  4.09 Mbits/sec  1.196 ms  547/973 (56%)  
[  5] 320.00-321.00 sec   519 KBytes  4.25 Mbits/sec  1.249 ms  539/982 (55%)  
[  5] 321.00-322.00 sec   499 KBytes  4.09 Mbits/sec  1.427 ms  653/1079 (61%)  
[  5] 322.00-323.00 sec   499 KBytes  4.09 Mbits/sec  1.361 ms  827/1253 (66%)  
[  5] 323.00-324.00 sec   529 KBytes  4.33 Mbits/sec  1.446 ms  938/1389 (68%)  
[  5] 324.00-325.00 sec   311 KBytes  2.54 Mbits/sec  1.356 ms  553/818 (68%)  
[  5] 325.00-326.00 sec   398 KBytes  3.27 Mbits/sec  1.467 ms  918/1258 (73%)  
[  5] 326.00-327.00 sec   280 KBytes  2.29 Mbits/sec  1.525 ms  557/796 (70%)  
[  5] 327.00-328.00 sec   499 KBytes  4.09 Mbits/sec  1.351 ms  953/1379 (69%)  
[  5] 328.00-329.00 sec   417 KBytes  3.42 Mbits/sec  1.627 ms  659/1015 (65%)  
[  5] 329.00-330.00 sec   400 KBytes  3.27 Mbits/sec  1.756 ms  954/1295 (74%)  
[  5] 330.00-331.00 sec   409 KBytes  3.35 Mbits/sec  1.772 ms  896/1245 (72%)  
[  5] 331.00-332.00 sec   400 KBytes  3.27 Mbits/sec  1.726 ms  883/1224 (72%)  
[  5] 332.00-333.00 sec   388 KBytes  3.17 Mbits/sec  1.645 ms  863/1194 (72%)  
[  5] 333.00-334.00 sec   410 KBytes  3.36 Mbits/sec  1.627 ms  946/1296 (73%)  
[  5] 334.00-335.00 sec   398 KBytes  3.26 Mbits/sec  1.698 ms  730/1070 (68%)  
[  5] 335.00-336.00 sec   410 KBytes  3.36 Mbits/sec  1.437 ms  834/1184 (70%)  
[  5] 336.00-337.00 sec   400 KBytes  3.27 Mbits/sec  1.605 ms  825/1166 (71%)  
[  5] 337.00-338.00 sec   498 KBytes  4.08 Mbits/sec  1.476 ms  1266/1691 (75%)  
[  5] 338.00-339.00 sec   400 KBytes  3.27 Mbits/sec  2.162 ms  1027/1368 (75%)  
[  5] 339.00-340.00 sec   400 KBytes  3.27 Mbits/sec  1.683 ms  1196/1537 (78%)  
[  5] 340.00-341.00 sec   409 KBytes  3.35 Mbits/sec  1.333 ms  772/1121 (69%)  
[  5] 341.00-342.00 sec   400 KBytes  3.27 Mbits/sec  1.523 ms  703/1044 (67%)  
[  5] 342.00-343.00 sec   530 KBytes  4.34 Mbits/sec  1.401 ms  917/1369 (67%)  
[  5] 343.00-344.00 sec   489 KBytes  4.00 Mbits/sec  1.450 ms  833/1250 (67%)  
[  5] 344.00-345.00 sec   409 KBytes  3.35 Mbits/sec  1.496 ms  648/997 (65%)  
[  5] 345.00-346.00 sec   400 KBytes  3.27 Mbits/sec  1.485 ms  644/985 (65%)  
[  5] 346.00-347.00 sec   409 KBytes  3.35 Mbits/sec  1.426 ms  682/1031 (66%)  
[  5] 347.00-348.00 sec   400 KBytes  3.27 Mbits/sec  1.664 ms  945/1286 (73%)  
[  5] 348.00-349.00 sec   499 KBytes  4.09 Mbits/sec  1.603 ms  1280/1706 (75%)  
[  5] 349.00-350.00 sec   519 KBytes  4.25 Mbits/sec  1.492 ms  1276/1719 (74%)  
[  5] 350.00-351.00 sec   499 KBytes  4.09 Mbits/sec  1.609 ms  875/1301 (67%)  
[  5] 351.00-352.00 sec   608 KBytes  4.98 Mbits/sec  1.700 ms  1587/2106 (75%)  
[  5] 352.00-353.00 sec   498 KBytes  4.08 Mbits/sec  1.686 ms  1032/1457 (71%)  
[  5] 353.00-354.00 sec   589 KBytes  4.83 Mbits/sec  1.568 ms  1336/1839 (73%)  
[  5] 354.00-355.00 sec   619 KBytes  5.07 Mbits/sec  1.695 ms  1213/1741 (70%)  
[  5] 355.00-356.00 sec   499 KBytes  4.09 Mbits/sec  1.859 ms  1132/1558 (73%)  
[  5] 356.00-357.00 sec   509 KBytes  4.16 Mbits/sec  2.072 ms  1177/1611 (73%)  
[  5] 357.00-358.00 sec   588 KBytes  4.82 Mbits/sec  1.450 ms  1092/1594 (69%)  
[  5] 358.00-359.00 sec   498 KBytes  4.08 Mbits/sec  1.524 ms  1009/1434 (70%)  
[  5] 359.00-360.00 sec   619 KBytes  5.07 Mbits/sec  1.528 ms  1539/2067 (74%)  
[  5] 360.00-361.00 sec   500 KBytes  4.10 Mbits/sec  1.444 ms  989/1416 (70%)  
[  5] 361.00-362.00 sec   498 KBytes  4.08 Mbits/sec  1.443 ms  926/1351 (69%)  
[  5] 362.00-363.00 sec   620 KBytes  5.08 Mbits/sec  1.289 ms  1067/1596 (67%)  
[  5] 363.00-364.00 sec   618 KBytes  5.06 Mbits/sec  1.571 ms  1275/1802 (71%)  
[  5] 364.00-365.00 sec   591 KBytes  4.84 Mbits/sec  1.492 ms  1433/1937 (74%)  
[  5] 365.00-366.00 sec   529 KBytes  4.33 Mbits/sec  1.323 ms  981/1432 (69%)  
[  5] 366.00-367.00 sec   589 KBytes  4.83 Mbits/sec  1.346 ms  925/1428 (65%)  
[  5] 367.00-368.00 sec   507 KBytes  4.16 Mbits/sec  1.827 ms  804/1237 (65%)  
[  5] 368.00-369.00 sec   589 KBytes  4.83 Mbits/sec  1.157 ms  816/1319 (62%)  
[  5] 369.00-370.00 sec   618 KBytes  5.06 Mbits/sec  1.546 ms  914/1441 (63%)  
[  5] 370.00-371.00 sec   591 KBytes  4.84 Mbits/sec  1.456 ms  791/1295 (61%)  
[  5] 371.00-372.00 sec   628 KBytes  5.15 Mbits/sec  1.182 ms  866/1402 (62%)  
[  5] 372.00-373.00 sec   589 KBytes  4.83 Mbits/sec  1.314 ms  831/1334 (62%)  
[  5] 373.00-374.00 sec   619 KBytes  5.07 Mbits/sec  1.230 ms  896/1424 (63%)  
[  5] 374.00-375.00 sec   588 KBytes  4.82 Mbits/sec  1.254 ms  845/1347 (63%)  
[  5] 375.00-376.00 sec   607 KBytes  4.97 Mbits/sec  1.202 ms  868/1386 (63%)  
[  5] 376.00-377.00 sec   588 KBytes  4.82 Mbits/sec  1.356 ms  829/1331 (62%)  
[  5] 377.00-378.00 sec   620 KBytes  5.08 Mbits/sec  1.395 ms  929/1458 (64%)  
[  5] 378.00-379.00 sec   607 KBytes  4.97 Mbits/sec  1.619 ms  851/1369 (62%)  
[  5] 379.00-380.00 sec   589 KBytes  4.83 Mbits/sec  1.383 ms  740/1243 (60%)  
[  5] 380.00-381.00 sec   498 KBytes  4.08 Mbits/sec  1.340 ms  653/1078 (61%)  
[  5] 381.00-382.00 sec   620 KBytes  5.07 Mbits/sec  1.340 ms  819/1348 (61%)  
[  5] 382.00-383.00 sec   588 KBytes  4.82 Mbits/sec  1.247 ms  824/1326 (62%)  
[  5] 383.00-384.00 sec   620 KBytes  5.08 Mbits/sec  1.183 ms  866/1395 (62%)  
[  5] 384.00-385.00 sec   589 KBytes  4.83 Mbits/sec  1.210 ms  804/1307 (62%)  
[  5] 385.00-386.00 sec   618 KBytes  5.05 Mbits/sec  1.309 ms  716/1243 (58%)  
[  5] 386.00-387.00 sec   620 KBytes  5.09 Mbits/sec  1.319 ms  727/1256 (58%)  
[  5] 387.00-388.00 sec   499 KBytes  4.09 Mbits/sec  1.222 ms  602/1028 (59%)  
[  5] 388.00-389.00 sec   489 KBytes  4.00 Mbits/sec  1.354 ms  591/1008 (59%)  
[  5] 389.00-390.00 sec   489 KBytes  4.00 Mbits/sec  1.283 ms  659/1076 (61%)  
[  5] 390.00-391.00 sec   618 KBytes  5.06 Mbits/sec  1.418 ms  757/1284 (59%)  
[  5] 391.00-392.00 sec   609 KBytes  4.99 Mbits/sec  1.222 ms  752/1272 (59%)  
[  5] 392.00-393.00 sec   589 KBytes  4.83 Mbits/sec  1.255 ms  746/1249 (60%)  
[  5] 393.00-394.00 sec   618 KBytes  5.06 Mbits/sec  1.234 ms  774/1301 (59%)  
[  5] 394.00-395.00 sec   500 KBytes  4.10 Mbits/sec  1.335 ms  605/1032 (59%)  
[  5] 395.00-396.00 sec   589 KBytes  4.83 Mbits/sec  1.329 ms  705/1208 (58%)  
[  5] 396.00-397.00 sec   619 KBytes  5.07 Mbits/sec  1.283 ms  726/1254 (58%)  
[  5] 397.00-398.00 sec   499 KBytes  4.09 Mbits/sec  1.357 ms  670/1096 (61%)  
[  5] 398.00-399.00 sec   400 KBytes  3.27 Mbits/sec  1.622 ms  503/844 (60%)  
[  5] 399.00-400.00 sec   529 KBytes  4.33 Mbits/sec  1.283 ms  653/1104 (59%)  
[  5] 400.00-401.00 sec   400 KBytes  3.28 Mbits/sec  1.344 ms  505/846 (60%)  
[  5] 401.00-402.00 sec   499 KBytes  4.09 Mbits/sec  1.239 ms  617/1043 (59%)  
[  5] 402.00-403.00 sec   499 KBytes  4.09 Mbits/sec  1.188 ms  657/1083 (61%)  
[  5] 403.00-404.00 sec   519 KBytes  4.25 Mbits/sec  1.400 ms  662/1105 (60%)  
[  5] 404.00-405.00 sec   589 KBytes  4.83 Mbits/sec  1.375 ms  743/1246 (60%)  
[  5] 405.00-406.00 sec   409 KBytes  3.35 Mbits/sec  1.347 ms  535/884 (61%)  
[  5] 406.00-407.00 sec   499 KBytes  4.09 Mbits/sec  1.393 ms  862/1288 (67%)  
[  5] 407.00-408.00 sec   429 KBytes  3.51 Mbits/sec  1.302 ms  636/1002 (63%)  
[  5] 408.00-409.00 sec   499 KBytes  4.09 Mbits/sec  1.180 ms  706/1132 (62%)  
[  5] 409.00-410.00 sec   490 KBytes  4.01 Mbits/sec  1.285 ms  631/1049 (60%)  
[  5] 410.00-411.00 sec   498 KBytes  4.08 Mbits/sec  1.324 ms  655/1080 (61%)  
[  5] 411.00-412.00 sec   530 KBytes  4.34 Mbits/sec  1.332 ms  636/1088 (58%)  
[  5] 412.00-413.00 sec   499 KBytes  4.09 Mbits/sec  1.181 ms  638/1064 (60%)  
[  5] 413.00-414.00 sec   489 KBytes  4.00 Mbits/sec  1.409 ms  637/1054 (60%)  
[  5] 414.00-415.00 sec   530 KBytes  4.34 Mbits/sec  1.394 ms  707/1159 (61%)  
[  5] 415.00-416.00 sec   589 KBytes  4.83 Mbits/sec  1.250 ms  756/1259 (60%)  
[  5] 416.00-417.00 sec   499 KBytes  4.09 Mbits/sec  1.292 ms  715/1141 (63%)  
[  5] 417.00-418.00 sec   619 KBytes  5.07 Mbits/sec  1.706 ms  1150/1678 (69%)  
[  5] 418.00-419.00 sec   499 KBytes  4.09 Mbits/sec  1.440 ms  958/1384 (69%)  
[  5] 419.00-420.00 sec   518 KBytes  4.25 Mbits/sec  1.548 ms  963/1405 (69%)  
[  5] 420.00-421.00 sec   499 KBytes  4.09 Mbits/sec  1.377 ms  731/1157 (63%)  
[  5] 421.00-422.00 sec   499 KBytes  4.09 Mbits/sec  1.258 ms  867/1293 (67%)  
[  5] 422.00-423.00 sec   619 KBytes  5.07 Mbits/sec  1.410 ms  940/1468 (64%)  
[  5] 423.00-424.00 sec   490 KBytes  4.01 Mbits/sec  1.399 ms  729/1147 (64%)  
[  5] 424.00-425.00 sec   616 KBytes  5.05 Mbits/sec  1.864 ms  1130/1656 (68%)  
[  5] 425.00-426.00 sec   490 KBytes  4.01 Mbits/sec  1.842 ms  1021/1439 (71%)  
[  5] 426.00-427.00 sec   499 KBytes  4.09 Mbits/sec  1.493 ms  862/1288 (67%)  
