Connecting to host 172.22.0.50, port 5201
Reverse mode, remote host 172.22.0.50 is sending
[  5] local 192.168.100.2 port 45125 connected to 172.22.0.50 port 5201
[ ID] Interval           Transfer     Bitrate         Jitter    Lost/Total Datagrams
[  5]   0.00-1.00   sec  1.43 MBytes  12.0 Mbits/sec  0.766 ms  0/1251 (0%)  
[  5]   1.00-2.00   sec  1.42 MBytes  12.0 Mbits/sec  1.072 ms  0/1245 (0%)  
[  5]   2.00-3.00   sec  1.44 MBytes  12.1 Mbits/sec  1.079 ms  0/1256 (0%)  
[  5]   3.00-4.00   sec  1.41 MBytes  11.9 Mbits/sec  0.953 ms  0/1235 (0%)  
[  5]   4.00-5.00   sec  1.44 MBytes  12.1 Mbits/sec  1.011 ms  0/1260 (0%)  
[  5]   5.00-6.00   sec  1.43 MBytes  12.0 Mbits/sec  1.053 ms  0/1252 (0%)  
[  5]   6.00-7.00   sec  1.42 MBytes  11.9 Mbits/sec  1.144 ms  0/1246 (0%)  
[  5]   7.00-8.00   sec  1.43 MBytes  12.1 Mbits/sec  1.075 ms  0/1253 (0%)  
[  5]   8.00-9.00   sec  1.42 MBytes  11.9 Mbits/sec  1.101 ms  0/1242 (0%)  
[  5]   9.00-10.00  sec  1.45 MBytes  12.1 Mbits/sec  0.866 ms  0/1263 (0%)  
[  5]  10.00-11.00  sec  1.43 MBytes  12.0 Mbits/sec  0.832 ms  0/1252 (0%)  
[  5]  11.00-12.00  sec  1.42 MBytes  11.9 Mbits/sec  1.064 ms  0/1238 (0%)  
[  5]  12.00-13.00  sec  1.44 MBytes  12.1 Mbits/sec  0.818 ms  0/1260 (0%)  
[  5]  13.00-14.00  sec  1.43 MBytes  12.0 Mbits/sec  0.980 ms  0/1248 (0%)  
[  5]  14.00-15.00  sec  1.43 MBytes  12.0 Mbits/sec  1.028 ms  0/1246 (0%)  
[  5]  15.00-16.00  sec  1.44 MBytes  12.0 Mbits/sec  1.069 ms  0/1254 (0%)  
[  5]  16.00-17.00  sec  1.37 MBytes  11.5 Mbits/sec  1.883 ms  0/1199 (0%)  
[  5]  17.00-18.00  sec   455 KBytes  3.72 Mbits/sec  1.774 ms  0/388 (0%)  
[  5]  18.00-19.00  sec   461 KBytes  3.77 Mbits/sec  1.779 ms  0/393 (0%)  
[  5]  19.00-20.00  sec   458 KBytes  3.75 Mbits/sec  1.854 ms  0/391 (0%)  
[  5]  20.00-21.00  sec   450 KBytes  3.69 Mbits/sec  1.929 ms  0/384 (0%)  
[  5]  21.00-22.00  sec   462 KBytes  3.78 Mbits/sec  1.799 ms  0/394 (0%)  
[  5]  22.00-23.00  sec   581 KBytes  4.77 Mbits/sec  1.376 ms  0/496 (0%)  
[  5]  23.00-24.00  sec   564 KBytes  4.62 Mbits/sec  1.913 ms  0/481 (0%)  
[  5]  24.00-25.00  sec   564 KBytes  4.62 Mbits/sec  1.684 ms  0/481 (0%)  
[  5]  25.00-26.00  sec   562 KBytes  4.61 Mbits/sec  1.350 ms  0/480 (0%)  
[  5]  26.00-27.00  sec   578 KBytes  4.74 Mbits/sec  1.625 ms  0/493 (0%)  
[  5]  27.00-28.00  sec   627 KBytes  5.14 Mbits/sec  1.290 ms  0/535 (0%)  
[  5]  28.00-29.00  sec   620 KBytes  5.08 Mbits/sec  1.471 ms  0/529 (0%)  
[  5]  29.00-30.00  sec   626 KBytes  5.12 Mbits/sec  1.466 ms  0/534 (0%)  
[  5]  30.00-31.00  sec   623 KBytes  5.11 Mbits/sec  1.323 ms  0/532 (0%)  
[  5]  31.00-32.00  sec   620 KBytes  5.08 Mbits/sec  1.716 ms  0/530 (0%)  
[  5]  32.00-33.00  sec   626 KBytes  5.13 Mbits/sec  1.282 ms  0/534 (0%)  
[  5]  33.00-34.00  sec   634 KBytes  5.19 Mbits/sec  1.217 ms  0/541 (0%)  
[  5]  34.00-35.00  sec   636 KBytes  5.21 Mbits/sec  1.509 ms  0/543 (0%)  
[  5]  35.00-36.00  sec   634 KBytes  5.19 Mbits/sec  1.786 ms  0/541 (0%)  
[  5]  36.00-37.00  sec   622 KBytes  5.10 Mbits/sec  1.650 ms  0/531 (0%)  
[  5]  37.00-38.00  sec   628 KBytes  5.15 Mbits/sec  1.363 ms  0/536 (0%)  
[  5]  38.00-39.00  sec   612 KBytes  5.01 Mbits/sec  1.589 ms  0/522 (0%)  
[  5]  39.00-40.00  sec   626 KBytes  5.13 Mbits/sec  1.317 ms  0/534 (0%)  
[  5]  40.00-41.00  sec   627 KBytes  5.14 Mbits/sec  1.221 ms  0/535 (0%)  
[  5]  41.00-42.00  sec   616 KBytes  5.05 Mbits/sec  1.845 ms  0/526 (0%)  
[  5]  42.00-43.00  sec   479 KBytes  3.93 Mbits/sec  1.181 ms  462/871 (53%)  
[  5]  43.00-44.00  sec   589 KBytes  4.82 Mbits/sec  1.250 ms  692/1195 (58%)  
[  5]  44.00-45.00  sec   619 KBytes  5.08 Mbits/sec  1.184 ms  705/1233 (57%)  
[  5]  45.00-46.00  sec   689 KBytes  5.64 Mbits/sec  1.197 ms  788/1376 (57%)  
[  5]  46.00-47.00  sec   619 KBytes  5.07 Mbits/sec  1.166 ms  713/1241 (57%)  
[  5]  47.00-48.00  sec   709 KBytes  5.81 Mbits/sec  1.327 ms  824/1429 (58%)  
[  5]  48.00-49.00  sec   720 KBytes  5.89 Mbits/sec  1.151 ms  818/1432 (57%)  
[  5]  49.00-50.00  sec   588 KBytes  4.82 Mbits/sec  1.267 ms  657/1159 (57%)  
[  5]  50.00-51.00  sec   709 KBytes  5.81 Mbits/sec  1.311 ms  784/1389 (56%)  
[  5]  51.00-52.00  sec   709 KBytes  5.81 Mbits/sec  1.318 ms  817/1422 (57%)  
[  5]  52.00-53.00  sec   589 KBytes  4.83 Mbits/sec  1.224 ms  672/1175 (57%)  
[  5]  53.00-54.00  sec   629 KBytes  5.15 Mbits/sec  1.188 ms  752/1289 (58%)  
[  5]  54.00-55.00  sec   708 KBytes  5.80 Mbits/sec  1.201 ms  795/1399 (57%)  
[  5]  55.00-56.00  sec   589 KBytes  4.83 Mbits/sec  1.293 ms  686/1189 (58%)  
[  5]  56.00-57.00  sec   709 KBytes  5.81 Mbits/sec  1.298 ms  828/1433 (58%)  
[  5]  57.00-58.00  sec   718 KBytes  5.89 Mbits/sec  1.186 ms  847/1460 (58%)  
[  5]  58.00-59.00  sec   589 KBytes  4.83 Mbits/sec  1.131 ms  659/1162 (57%)  
[  5]  59.00-60.00  sec   709 KBytes  5.81 Mbits/sec  1.213 ms  817/1422 (57%)  
[  5]  60.00-61.00  sec   718 KBytes  5.88 Mbits/sec  1.082 ms  814/1427 (57%)  
[  5]  61.00-62.00  sec   589 KBytes  4.83 Mbits/sec  1.101 ms  579/1082 (54%)  
[  5]  62.00-63.00  sec   709 KBytes  5.81 Mbits/sec  1.180 ms  683/1288 (53%)  
[  5]  63.00-64.00  sec   709 KBytes  5.81 Mbits/sec  1.218 ms  727/1332 (55%)  
[  5]  64.00-65.00  sec   628 KBytes  5.14 Mbits/sec  1.164 ms  620/1156 (54%)  
[  5]  65.00-66.00  sec   680 KBytes  5.57 Mbits/sec  1.162 ms  689/1269 (54%)  
[  5]  66.00-67.00  sec   619 KBytes  5.07 Mbits/sec  1.164 ms  647/1175 (55%)  
[  5]  67.00-68.00  sec   709 KBytes  5.81 Mbits/sec  1.201 ms  793/1398 (57%)  
[  5]  68.00-69.00  sec   589 KBytes  4.83 Mbits/sec  1.215 ms  669/1172 (57%)  
[  5]  69.00-70.00  sec   619 KBytes  5.07 Mbits/sec  1.132 ms  629/1157 (54%)  
[  5]  70.00-71.00  sec   689 KBytes  5.64 Mbits/sec  1.167 ms  691/1279 (54%)  
[  5]  71.00-72.00  sec   709 KBytes  5.81 Mbits/sec  1.177 ms  702/1307 (54%)  
[  5]  72.00-73.00  sec   619 KBytes  5.07 Mbits/sec  1.142 ms  595/1123 (53%)  
[  5]  73.00-74.00  sec   689 KBytes  5.64 Mbits/sec  1.119 ms  703/1291 (54%)  
[  5]  74.00-75.00  sec   619 KBytes  5.07 Mbits/sec  1.146 ms  613/1141 (54%)  
[  5]  75.00-76.00  sec   709 KBytes  5.81 Mbits/sec  1.192 ms  714/1319 (54%)  
[  5]  76.00-77.00  sec   588 KBytes  4.82 Mbits/sec  1.212 ms  609/1111 (55%)  
[  5]  77.00-78.00  sec   720 KBytes  5.89 Mbits/sec  1.160 ms  751/1365 (55%)  
[  5]  78.00-79.00  sec   619 KBytes  5.07 Mbits/sec  1.166 ms  630/1158 (54%)  
[  5]  79.00-80.00  sec   680 KBytes  5.57 Mbits/sec  1.182 ms  675/1255 (54%)  
[  5]  80.00-81.00  sec   705 KBytes  5.78 Mbits/sec  1.253 ms  727/1329 (55%)  
[  5]  81.00-82.00  sec   619 KBytes  5.07 Mbits/sec  1.204 ms  671/1199 (56%)  
[  5]  82.00-83.00  sec   589 KBytes  4.83 Mbits/sec  1.259 ms  627/1130 (55%)  
[  5]  83.00-84.00  sec   718 KBytes  5.88 Mbits/sec  1.200 ms  789/1402 (56%)  
[  5]  84.00-85.00  sec   619 KBytes  5.07 Mbits/sec  1.251 ms  660/1188 (56%)  
[  5]  85.00-86.00  sec   589 KBytes  4.83 Mbits/sec  1.234 ms  621/1124 (55%)  
[  5]  86.00-87.00  sec   619 KBytes  5.07 Mbits/sec  1.244 ms  634/1162 (55%)  
[  5]  87.00-88.00  sec   589 KBytes  4.83 Mbits/sec  1.225 ms  607/1110 (55%)  
[  5]  88.00-89.00  sec   701 KBytes  5.75 Mbits/sec  1.190 ms  751/1349 (56%)  
[  5]  89.00-90.00  sec   693 KBytes  5.67 Mbits/sec  2.576 ms  744/1335 (56%)  
[  5]  90.00-91.00  sec   615 KBytes  5.04 Mbits/sec  1.188 ms  631/1156 (55%)  
[  5]  91.00-92.00  sec   709 KBytes  5.80 Mbits/sec  1.226 ms  746/1351 (55%)  
[  5]  92.00-93.00  sec   718 KBytes  5.89 Mbits/sec  1.093 ms  736/1349 (55%)  
[  5]  93.00-94.00  sec   589 KBytes  4.83 Mbits/sec  1.173 ms  616/1119 (55%)  
[  5]  94.00-95.00  sec   519 KBytes  4.25 Mbits/sec  1.252 ms  508/951 (53%)  
[  5]  95.00-96.00  sec   599 KBytes  4.91 Mbits/sec  1.121 ms  598/1109 (54%)  
[  5]  96.00-97.00  sec   619 KBytes  5.07 Mbits/sec  1.142 ms  684/1212 (56%)  
[  5]  97.00-98.00  sec   589 KBytes  4.83 Mbits/sec  1.153 ms  662/1165 (57%)  
[  5]  98.00-99.00  sec   619 KBytes  5.07 Mbits/sec  1.139 ms  677/1205 (56%)  
[  5]  99.00-100.00 sec   697 KBytes  5.71 Mbits/sec  1.662 ms  823/1418 (58%)  
[  5] 100.00-101.00 sec   589 KBytes  4.83 Mbits/sec  1.210 ms  738/1241 (59%)  
[  5] 101.00-102.00 sec   619 KBytes  5.06 Mbits/sec  1.272 ms  717/1245 (58%)  
[  5] 102.00-103.00 sec   619 KBytes  5.07 Mbits/sec  1.162 ms  670/1198 (56%)  
[  5] 103.00-104.00 sec   689 KBytes  5.65 Mbits/sec  1.141 ms  700/1288 (54%)  
[  5] 104.00-105.00 sec   619 KBytes  5.07 Mbits/sec  1.074 ms  635/1163 (55%)  
[  5] 105.00-106.00 sec   709 KBytes  5.81 Mbits/sec  1.175 ms  705/1310 (54%)  
[  5] 106.00-107.00 sec   589 KBytes  4.83 Mbits/sec  1.254 ms  583/1086 (54%)  
[  5] 107.00-108.00 sec   720 KBytes  5.90 Mbits/sec  1.113 ms  694/1308 (53%)  
[  5] 108.00-109.00 sec   618 KBytes  5.06 Mbits/sec  1.168 ms  636/1163 (55%)  
[  5] 109.00-110.00 sec   589 KBytes  4.83 Mbits/sec  1.316 ms  654/1157 (57%)  
[  5] 110.00-111.00 sec   709 KBytes  5.81 Mbits/sec  1.288 ms  1155/1760 (66%)  
[  5] 111.00-112.00 sec   589 KBytes  4.83 Mbits/sec  1.225 ms  710/1213 (59%)  
[  5] 112.00-113.00 sec   709 KBytes  5.80 Mbits/sec  1.213 ms  794/1399 (57%)  
[  5] 113.00-114.00 sec   629 KBytes  5.16 Mbits/sec  1.146 ms  740/1277 (58%)  
[  5] 114.00-115.00 sec   679 KBytes  5.56 Mbits/sec  1.251 ms  759/1338 (57%)  
[  5] 115.00-116.00 sec   709 KBytes  5.81 Mbits/sec  1.229 ms  886/1491 (59%)  
[  5] 116.00-117.00 sec   619 KBytes  5.07 Mbits/sec  1.160 ms  677/1205 (56%)  
[  5] 117.00-118.00 sec   687 KBytes  5.62 Mbits/sec  1.129 ms  734/1320 (56%)  
[  5] 118.00-119.00 sec   619 KBytes  5.07 Mbits/sec  1.294 ms  663/1191 (56%)  
[  5] 119.00-120.00 sec   709 KBytes  5.81 Mbits/sec  1.163 ms  754/1359 (55%)  
[  5] 120.00-121.00 sec   589 KBytes  4.82 Mbits/sec  1.207 ms  614/1117 (55%)  
[  5] 121.00-122.00 sec   718 KBytes  5.89 Mbits/sec  1.184 ms  763/1376 (55%)  
[  5] 122.00-123.00 sec   709 KBytes  5.81 Mbits/sec  1.218 ms  730/1335 (55%)  
[  5] 123.00-124.00 sec   589 KBytes  4.83 Mbits/sec  1.218 ms  631/1134 (56%)  
[  5] 124.00-125.00 sec   718 KBytes  5.89 Mbits/sec  1.199 ms  777/1390 (56%)  
[  5] 125.00-126.00 sec   697 KBytes  5.71 Mbits/sec  1.290 ms  775/1370 (57%)  
[  5] 126.00-127.00 sec   619 KBytes  5.07 Mbits/sec  1.326 ms  676/1204 (56%)  
[  5] 127.00-128.00 sec   680 KBytes  5.57 Mbits/sec  1.369 ms  693/1273 (54%)  
[  5] 128.00-129.00 sec   619 KBytes  5.07 Mbits/sec  1.175 ms  618/1146 (54%)  
[  5] 129.00-130.00 sec   720 KBytes  5.89 Mbits/sec  1.223 ms  747/1361 (55%)  
[  5] 130.00-131.00 sec   588 KBytes  4.82 Mbits/sec  1.237 ms  610/1112 (55%)  
[  5] 131.00-132.00 sec   709 KBytes  5.81 Mbits/sec  1.223 ms  726/1331 (55%)  
[  5] 132.00-133.00 sec   619 KBytes  5.07 Mbits/sec  1.172 ms  630/1158 (54%)  
[  5] 133.00-134.00 sec   689 KBytes  5.64 Mbits/sec  1.269 ms  710/1298 (55%)  
[  5] 134.00-135.00 sec   619 KBytes  5.06 Mbits/sec  1.217 ms  650/1178 (55%)  
[  5] 135.00-136.00 sec   697 KBytes  5.72 Mbits/sec  1.225 ms  744/1339 (56%)  
[  5] 136.00-137.00 sec   589 KBytes  4.83 Mbits/sec  1.204 ms  588/1091 (54%)  
[  5] 137.00-138.00 sec   707 KBytes  5.79 Mbits/sec  1.156 ms  713/1316 (54%)  
[  5] 138.00-139.00 sec   589 KBytes  4.83 Mbits/sec  1.196 ms  596/1099 (54%)  
[  5] 139.00-140.00 sec   709 KBytes  5.81 Mbits/sec  1.214 ms  727/1332 (55%)  
[  5] 140.00-141.00 sec   619 KBytes  5.07 Mbits/sec  1.278 ms  619/1147 (54%)  
[  5] 141.00-142.00 sec   689 KBytes  5.64 Mbits/sec  1.068 ms  756/1344 (56%)  
[  5] 142.00-143.00 sec   619 KBytes  5.07 Mbits/sec  1.050 ms  636/1164 (55%)  
[  5] 143.00-144.00 sec   589 KBytes  4.83 Mbits/sec  1.201 ms  612/1115 (55%)  
[  5] 144.00-145.00 sec   619 KBytes  5.07 Mbits/sec  1.189 ms  654/1182 (55%)  
[  5] 145.00-146.00 sec   620 KBytes  5.08 Mbits/sec  1.128 ms  638/1167 (55%)  
[  5] 146.00-147.00 sec   588 KBytes  4.82 Mbits/sec  1.264 ms  604/1106 (55%)  
[  5] 147.00-148.00 sec   620 KBytes  5.08 Mbits/sec  1.204 ms  650/1179 (55%)  
[  5] 148.00-149.00 sec   588 KBytes  4.82 Mbits/sec  1.177 ms  615/1117 (55%)  
[  5] 149.00-150.00 sec   619 KBytes  5.07 Mbits/sec  1.207 ms  658/1186 (55%)  
[  5] 150.00-151.00 sec   589 KBytes  4.83 Mbits/sec  1.242 ms  649/1152 (56%)  
[  5] 151.00-152.00 sec   619 KBytes  5.06 Mbits/sec  1.269 ms  694/1222 (57%)  
[  5] 152.00-153.00 sec   581 KBytes  4.77 Mbits/sec  1.283 ms  607/1103 (55%)  
[  5] 153.00-154.00 sec   620 KBytes  5.08 Mbits/sec  1.352 ms  658/1187 (55%)  
[  5] 154.00-155.00 sec   718 KBytes  5.88 Mbits/sec  1.248 ms  737/1350 (55%)  
[  5] 155.00-156.00 sec   589 KBytes  4.83 Mbits/sec  1.257 ms  614/1117 (55%)  
[  5] 156.00-157.00 sec   619 KBytes  5.07 Mbits/sec  1.221 ms  641/1169 (55%)  
[  5] 157.00-158.00 sec   709 KBytes  5.81 Mbits/sec  1.146 ms  709/1314 (54%)  
[  5] 158.00-159.00 sec   589 KBytes  4.83 Mbits/sec  1.325 ms  654/1157 (57%)  
[  5] 159.00-160.00 sec   718 KBytes  5.88 Mbits/sec  1.390 ms  964/1577 (61%)  
[  5] 160.00-161.00 sec   589 KBytes  4.84 Mbits/sec  1.247 ms  708/1211 (58%)  
[  5] 161.00-162.00 sec   649 KBytes  5.32 Mbits/sec  2.447 ms  753/1307 (58%)  
[  5] 162.00-163.00 sec   679 KBytes  5.56 Mbits/sec  1.221 ms  775/1354 (57%)  
[  5] 163.00-164.00 sec   689 KBytes  5.65 Mbits/sec  1.242 ms  870/1458 (60%)  
[  5] 164.00-165.00 sec   709 KBytes  5.81 Mbits/sec  1.217 ms  811/1416 (57%)  
[  5] 165.00-166.00 sec   619 KBytes  5.07 Mbits/sec  1.337 ms  754/1282 (59%)  
[  5] 166.00-167.00 sec   709 KBytes  5.81 Mbits/sec  1.226 ms  924/1529 (60%)  
[  5] 167.00-168.00 sec   599 KBytes  4.90 Mbits/sec  1.248 ms  782/1293 (60%)  
[  5] 168.00-169.00 sec   695 KBytes  5.69 Mbits/sec  1.294 ms  767/1360 (56%)  
[  5] 169.00-170.00 sec   620 KBytes  5.08 Mbits/sec  1.195 ms  684/1213 (56%)  
[  5] 170.00-171.00 sec   709 KBytes  5.81 Mbits/sec  1.208 ms  792/1397 (57%)  
[  5] 171.00-172.00 sec   588 KBytes  4.81 Mbits/sec  1.223 ms  616/1118 (55%)  
[  5] 172.00-173.00 sec   720 KBytes  5.91 Mbits/sec  1.274 ms  742/1356 (55%)  
[  5] 173.00-174.00 sec   708 KBytes  5.80 Mbits/sec  1.250 ms  776/1380 (56%)  
[  5] 174.00-175.00 sec   589 KBytes  4.83 Mbits/sec  1.231 ms  634/1137 (56%)  
[  5] 175.00-176.00 sec   718 KBytes  5.89 Mbits/sec  1.175 ms  773/1386 (56%)  
[  5] 176.00-177.00 sec   589 KBytes  4.83 Mbits/sec  1.101 ms  603/1106 (55%)  
[  5] 177.00-178.00 sec   607 KBytes  4.97 Mbits/sec  1.318 ms  642/1160 (55%)  
[  5] 178.00-179.00 sec   709 KBytes  5.81 Mbits/sec  1.173 ms  685/1290 (53%)  
[  5] 179.00-180.00 sec   589 KBytes  4.83 Mbits/sec  1.207 ms  585/1088 (54%)  
[  5] 180.00-181.00 sec   720 KBytes  5.90 Mbits/sec  1.057 ms  722/1336 (54%)  
[  5] 181.00-182.00 sec   618 KBytes  5.06 Mbits/sec  1.175 ms  646/1173 (55%)  
[  5] 182.00-183.00 sec   709 KBytes  5.81 Mbits/sec  1.223 ms  742/1347 (55%)  
[  5] 183.00-184.00 sec   680 KBytes  5.57 Mbits/sec  1.370 ms  735/1315 (56%)  
[  5] 184.00-185.00 sec   629 KBytes  5.16 Mbits/sec  1.095 ms  653/1190 (55%)  
[  5] 185.00-186.00 sec   708 KBytes  5.80 Mbits/sec  1.214 ms  718/1322 (54%)  
[  5] 186.00-187.00 sec   589 KBytes  4.83 Mbits/sec  1.173 ms  596/1099 (54%)  
[  5] 187.00-188.00 sec   709 KBytes  5.81 Mbits/sec  1.195 ms  718/1323 (54%)  
[  5] 188.00-189.00 sec   629 KBytes  5.16 Mbits/sec  1.142 ms  651/1188 (55%)  
[  5] 189.00-190.00 sec   679 KBytes  5.56 Mbits/sec  1.260 ms  702/1281 (55%)  
[  5] 190.00-191.00 sec   620 KBytes  5.08 Mbits/sec  1.233 ms  674/1203 (56%)  
[  5] 191.00-192.00 sec   709 KBytes  5.81 Mbits/sec  1.144 ms  793/1398 (57%)  
[  5] 192.00-193.00 sec   588 KBytes  4.82 Mbits/sec  1.242 ms  624/1126 (55%)  
[  5] 193.00-194.00 sec   718 KBytes  5.89 Mbits/sec  1.173 ms  759/1372 (55%)  
[  5] 194.00-195.00 sec   615 KBytes  5.04 Mbits/sec  1.224 ms  654/1179 (55%)  
[  5] 195.00-196.00 sec   588 KBytes  4.82 Mbits/sec  1.234 ms  593/1095 (54%)  
[  5] 196.00-197.00 sec   709 KBytes  5.81 Mbits/sec  1.184 ms  731/1336 (55%)  
[  5] 197.00-198.00 sec   607 KBytes  4.98 Mbits/sec  1.503 ms  612/1130 (54%)  
[  5] 198.00-199.00 sec   688 KBytes  5.64 Mbits/sec  1.094 ms  770/1357 (57%)  
[  5] 199.00-200.00 sec   607 KBytes  4.97 Mbits/sec  1.200 ms  671/1189 (56%)  
[  5] 200.00-201.00 sec   708 KBytes  5.80 Mbits/sec  1.208 ms  741/1345 (55%)  
[  5] 201.00-202.00 sec   589 KBytes  4.83 Mbits/sec  1.229 ms  603/1106 (55%)  
[  5] 202.00-203.00 sec   619 KBytes  5.07 Mbits/sec  1.215 ms  657/1185 (55%)  
[  5] 203.00-204.00 sec   589 KBytes  4.83 Mbits/sec  1.242 ms  620/1123 (55%)  
[  5] 204.00-205.00 sec   619 KBytes  5.06 Mbits/sec  1.196 ms  643/1171 (55%)  
[  5] 205.00-206.00 sec   589 KBytes  4.83 Mbits/sec  1.180 ms  594/1097 (54%)  
[  5] 206.00-207.00 sec   619 KBytes  5.07 Mbits/sec  1.283 ms  643/1171 (55%)  
[  5] 207.00-208.00 sec   718 KBytes  5.88 Mbits/sec  1.247 ms  802/1415 (57%)  
[  5] 208.00-209.00 sec   589 KBytes  4.83 Mbits/sec  1.200 ms  620/1123 (55%)  
[  5] 209.00-210.00 sec   710 KBytes  5.82 Mbits/sec  1.168 ms  796/1402 (57%)  
[  5] 210.00-211.00 sec   618 KBytes  5.06 Mbits/sec  1.304 ms  713/1240 (58%)  
[  5] 211.00-212.00 sec   589 KBytes  4.83 Mbits/sec  1.226 ms  611/1114 (55%)  
[  5] 212.00-213.00 sec   662 KBytes  5.42 Mbits/sec  2.398 ms  693/1258 (55%)  
[  5] 213.00-214.00 sec   642 KBytes  5.26 Mbits/sec  1.169 ms  629/1177 (53%)  
[  5] 214.00-215.00 sec   709 KBytes  5.81 Mbits/sec  1.225 ms  755/1360 (56%)  
[  5] 215.00-216.00 sec   619 KBytes  5.07 Mbits/sec  1.206 ms  695/1223 (57%)  
[  5] 216.00-217.00 sec   676 KBytes  5.54 Mbits/sec  1.168 ms  800/1377 (58%)  
[  5] 217.00-218.00 sec   609 KBytes  4.99 Mbits/sec  1.160 ms  698/1218 (57%)  
[  5] 218.00-219.00 sec   709 KBytes  5.81 Mbits/sec  1.245 ms  831/1436 (58%)  
[  5] 219.00-220.00 sec   589 KBytes  4.83 Mbits/sec  1.322 ms  690/1193 (58%)  
[  5] 220.00-221.00 sec   718 KBytes  5.89 Mbits/sec  1.281 ms  870/1483 (59%)  
[  5] 221.00-222.00 sec   620 KBytes  5.08 Mbits/sec  1.239 ms  709/1238 (57%)  
[  5] 222.00-223.00 sec   679 KBytes  5.56 Mbits/sec  1.216 ms  711/1290 (55%)  
[  5] 223.00-224.00 sec   619 KBytes  5.07 Mbits/sec  1.346 ms  689/1217 (57%)  
[  5] 224.00-225.00 sec   709 KBytes  5.80 Mbits/sec  1.269 ms  776/1381 (56%)  
[  5] 225.00-226.00 sec   629 KBytes  5.16 Mbits/sec  1.206 ms  688/1225 (56%)  
[  5] 226.00-227.00 sec   589 KBytes  4.83 Mbits/sec  1.124 ms  661/1164 (57%)  
[  5] 227.00-228.00 sec   688 KBytes  5.64 Mbits/sec  1.210 ms  772/1359 (57%)  
[  5] 228.00-229.00 sec   709 KBytes  5.81 Mbits/sec  1.175 ms  733/1338 (55%)  
[  5] 229.00-230.00 sec   589 KBytes  4.83 Mbits/sec  1.216 ms  582/1085 (54%)  
[  5] 230.00-231.00 sec   720 KBytes  5.89 Mbits/sec  1.229 ms  744/1358 (55%)  
[  5] 231.00-232.00 sec   588 KBytes  4.82 Mbits/sec  1.175 ms  629/1131 (56%)  
[  5] 232.00-233.00 sec   696 KBytes  5.70 Mbits/sec  1.232 ms  786/1380 (57%)  
[  5] 233.00-234.00 sec   620 KBytes  5.08 Mbits/sec  1.170 ms  659/1188 (55%)  
[  5] 234.00-235.00 sec   688 KBytes  5.64 Mbits/sec  1.156 ms  712/1299 (55%)  
[  5] 235.00-236.00 sec   609 KBytes  4.99 Mbits/sec  1.207 ms  643/1163 (55%)  
[  5] 236.00-237.00 sec   710 KBytes  5.81 Mbits/sec  1.243 ms  745/1351 (55%)  
[  5] 237.00-238.00 sec   588 KBytes  4.82 Mbits/sec  1.284 ms  597/1099 (54%)  
[  5] 238.00-239.00 sec   619 KBytes  5.08 Mbits/sec  1.274 ms  667/1195 (56%)  
[  5] 239.00-240.00 sec   720 KBytes  5.89 Mbits/sec  1.158 ms  814/1428 (57%)  
[  5] 240.00-241.00 sec   588 KBytes  4.82 Mbits/sec  1.103 ms  629/1131 (56%)  
[  5] 241.00-242.00 sec   709 KBytes  5.81 Mbits/sec  1.267 ms  745/1350 (55%)  
[  5] 242.00-243.00 sec   619 KBytes  5.07 Mbits/sec  1.167 ms  651/1179 (55%)  
[  5] 243.00-244.00 sec   720 KBytes  5.89 Mbits/sec  1.191 ms  749/1363 (55%)  
[  5] 244.00-245.00 sec   588 KBytes  4.82 Mbits/sec  1.174 ms  577/1079 (53%)  
[  5] 245.00-246.00 sec   709 KBytes  5.81 Mbits/sec  1.267 ms  738/1343 (55%)  
[  5] 246.00-247.00 sec   709 KBytes  5.81 Mbits/sec  1.173 ms  708/1313 (54%)  
[  5] 247.00-248.00 sec   589 KBytes  4.83 Mbits/sec  1.265 ms  637/1140 (56%)  
[  5] 248.00-249.00 sec   720 KBytes  5.89 Mbits/sec  1.250 ms  788/1402 (56%)  
[  5] 249.00-250.00 sec   588 KBytes  4.82 Mbits/sec  1.187 ms  616/1118 (55%)  
[  5] 250.00-251.00 sec   709 KBytes  5.81 Mbits/sec  1.230 ms  767/1372 (56%)  
[  5] 251.00-252.00 sec   620 KBytes  5.08 Mbits/sec  1.146 ms  661/1190 (56%)  
[  5] 252.00-253.00 sec   688 KBytes  5.64 Mbits/sec  1.240 ms  744/1331 (56%)  
[  5] 253.00-254.00 sec   709 KBytes  5.81 Mbits/sec  1.288 ms  787/1392 (57%)  
[  5] 254.00-255.00 sec   620 KBytes  5.08 Mbits/sec  1.245 ms  624/1153 (54%)  
[  5] 255.00-256.00 sec   718 KBytes  5.88 Mbits/sec  1.115 ms  779/1392 (56%)  
[  5] 256.00-257.00 sec   588 KBytes  4.82 Mbits/sec  1.153 ms  602/1104 (55%)  
[  5] 257.00-258.00 sec   620 KBytes  5.08 Mbits/sec  1.138 ms  635/1164 (55%)  
[  5] 258.00-259.00 sec   709 KBytes  5.81 Mbits/sec  1.162 ms  739/1344 (55%)  
[  5] 259.00-260.00 sec   588 KBytes  4.81 Mbits/sec  1.201 ms  613/1115 (55%)  
[  5] 260.00-261.00 sec   707 KBytes  5.80 Mbits/sec  1.218 ms  781/1384 (56%)  
[  5] 261.00-262.00 sec   589 KBytes  4.83 Mbits/sec  1.139 ms  608/1111 (55%)  
[  5] 262.00-263.00 sec   708 KBytes  5.80 Mbits/sec  1.217 ms  714/1318 (54%)  
[  5] 263.00-264.00 sec   709 KBytes  5.81 Mbits/sec  1.238 ms  736/1341 (55%)  
[  5] 264.00-265.00 sec   629 KBytes  5.15 Mbits/sec  1.150 ms  661/1198 (55%)  
[  5] 265.00-266.00 sec   589 KBytes  4.83 Mbits/sec  1.153 ms  616/1119 (55%)  
[  5] 266.00-267.00 sec   698 KBytes  5.72 Mbits/sec  1.471 ms  694/1290 (54%)  
[  5] 267.00-268.00 sec   589 KBytes  4.83 Mbits/sec  1.189 ms  609/1112 (55%)  
[  5] 268.00-269.00 sec   620 KBytes  5.07 Mbits/sec  1.196 ms  649/1179 (55%)  
[  5] 269.00-270.00 sec   717 KBytes  5.88 Mbits/sec  1.188 ms  749/1361 (55%)  
[  5] 270.00-271.00 sec   589 KBytes  4.83 Mbits/sec  1.064 ms  622/1125 (55%)  
[  5] 271.00-272.00 sec   709 KBytes  5.81 Mbits/sec  1.194 ms  795/1400 (57%)  
[  5] 272.00-273.00 sec   607 KBytes  4.97 Mbits/sec  1.199 ms  690/1208 (57%)  
[  5] 273.00-274.00 sec   720 KBytes  5.89 Mbits/sec  1.165 ms  765/1379 (55%)  
[  5] 274.00-275.00 sec   578 KBytes  4.73 Mbits/sec  1.156 ms  573/1066 (54%)  
[  5] 275.00-276.00 sec   720 KBytes  5.89 Mbits/sec  1.177 ms  761/1375 (55%)  
[  5] 276.00-277.00 sec   588 KBytes  4.82 Mbits/sec  1.267 ms  596/1098 (54%)  
[  5] 277.00-278.00 sec   709 KBytes  5.81 Mbits/sec  1.283 ms  740/1345 (55%)  
[  5] 278.00-279.00 sec   720 KBytes  5.90 Mbits/sec  1.216 ms  734/1348 (54%)  
[  5] 279.00-280.00 sec   619 KBytes  5.06 Mbits/sec  1.206 ms  639/1167 (55%)  
[  5] 280.00-281.00 sec   679 KBytes  5.56 Mbits/sec  1.290 ms  818/1397 (59%)  
[  5] 281.00-282.00 sec   620 KBytes  5.08 Mbits/sec  1.178 ms  666/1195 (56%)  
[  5] 282.00-283.00 sec   612 KBytes  5.01 Mbits/sec  1.512 ms  645/1167 (55%)  
[  5] 283.00-284.00 sec   689 KBytes  5.64 Mbits/sec  1.129 ms  740/1328 (56%)  
[  5] 284.00-285.00 sec   619 KBytes  5.07 Mbits/sec  1.176 ms  678/1206 (56%)  
[  5] 285.00-286.00 sec   709 KBytes  5.81 Mbits/sec  1.321 ms  764/1369 (56%)  
[  5] 286.00-287.00 sec   689 KBytes  5.64 Mbits/sec  1.160 ms  724/1312 (55%)  
[  5] 287.00-288.00 sec   619 KBytes  5.07 Mbits/sec  1.055 ms  636/1164 (55%)  
[  5] 288.00-289.00 sec   709 KBytes  5.81 Mbits/sec  1.114 ms  743/1348 (55%)  
[  5] 289.00-290.00 sec   589 KBytes  4.83 Mbits/sec  1.240 ms  608/1111 (55%)  
[  5] 290.00-291.00 sec   718 KBytes  5.89 Mbits/sec  1.123 ms  778/1391 (56%)  
[  5] 291.00-292.00 sec   589 KBytes  4.83 Mbits/sec  1.122 ms  598/1101 (54%)  
[  5] 292.00-293.00 sec   709 KBytes  5.81 Mbits/sec  1.248 ms  698/1303 (54%)  
[  5] 293.00-294.00 sec   688 KBytes  5.64 Mbits/sec  1.269 ms  746/1333 (56%)  
[  5] 294.00-295.00 sec   619 KBytes  5.07 Mbits/sec  1.259 ms  638/1166 (55%)  
[  5] 295.00-296.00 sec   689 KBytes  5.64 Mbits/sec  1.139 ms  722/1310 (55%)  
[  5] 296.00-297.00 sec   707 KBytes  5.79 Mbits/sec  1.226 ms  802/1405 (57%)  
[  5] 297.00-298.00 sec   620 KBytes  5.08 Mbits/sec  1.203 ms  650/1179 (55%)  
[  5] 298.00-299.00 sec   619 KBytes  5.07 Mbits/sec  1.276 ms  654/1182 (55%)  
[  5] 299.00-300.00 sec   689 KBytes  5.64 Mbits/sec  1.256 ms  735/1323 (56%)  
[  5] 300.00-301.00 sec   619 KBytes  5.07 Mbits/sec  1.141 ms  650/1178 (55%)  
[  5] 301.00-302.00 sec   709 KBytes  5.81 Mbits/sec  1.165 ms  704/1309 (54%)  
[  5] 302.00-303.00 sec   689 KBytes  5.65 Mbits/sec  1.202 ms  703/1291 (54%)  
[  5] 303.00-304.00 sec   619 KBytes  5.07 Mbits/sec  1.210 ms  611/1139 (54%)  
[  5] 304.00-305.00 sec   709 KBytes  5.81 Mbits/sec  1.311 ms  755/1360 (56%)  
[  5] 305.00-306.00 sec   588 KBytes  4.82 Mbits/sec  1.199 ms  613/1115 (55%)  
[  5] 306.00-307.00 sec   620 KBytes  5.08 Mbits/sec  1.254 ms  668/1197 (56%)  
[  5] 307.00-308.00 sec   700 KBytes  5.73 Mbits/sec  1.644 ms  746/1343 (56%)  
[  5] 308.00-309.00 sec   589 KBytes  4.83 Mbits/sec  1.172 ms  625/1128 (55%)  
[  5] 309.00-310.00 sec   709 KBytes  5.81 Mbits/sec  1.221 ms  698/1303 (54%)  
[  5] 310.00-311.00 sec   589 KBytes  4.83 Mbits/sec  1.185 ms  579/1082 (54%)  
[  5] 311.00-312.00 sec   749 KBytes  6.13 Mbits/sec  1.137 ms  773/1412 (55%)  
[  5] 312.00-313.00 sec   589 KBytes  4.83 Mbits/sec  1.170 ms  617/1120 (55%)  
[  5] 313.00-314.00 sec   708 KBytes  5.80 Mbits/sec  1.176 ms  759/1363 (56%)  
[  5] 314.00-315.00 sec   582 KBytes  4.77 Mbits/sec  1.262 ms  651/1148 (57%)  
[  5] 315.00-316.00 sec   619 KBytes  5.07 Mbits/sec  1.152 ms  617/1145 (54%)  
[  5] 316.00-317.00 sec   709 KBytes  5.81 Mbits/sec  1.151 ms  721/1326 (54%)  
[  5] 317.00-318.00 sec   499 KBytes  4.08 Mbits/sec  1.214 ms  504/930 (54%)  
[  5] 318.00-319.00 sec   589 KBytes  4.84 Mbits/sec  1.185 ms  609/1112 (55%)  
[  5] 319.00-320.00 sec   619 KBytes  5.06 Mbits/sec  1.228 ms  646/1174 (55%)  
[  5] 320.00-321.00 sec   619 KBytes  5.07 Mbits/sec  1.170 ms  655/1183 (55%)  
[  5] 321.00-322.00 sec   499 KBytes  4.09 Mbits/sec  1.374 ms  558/984 (57%)  
[  5] 322.00-323.00 sec   311 KBytes  2.54 Mbits/sec  1.121 ms  347/612 (57%)  
[  5] 323.00-324.00 sec   398 KBytes  3.26 Mbits/sec  1.289 ms  466/806 (58%)  
[  5] 324.00-325.00 sec   499 KBytes  4.09 Mbits/sec  1.258 ms  539/965 (56%)  
[  5] 325.00-326.00 sec   588 KBytes  4.82 Mbits/sec  1.238 ms  620/1122 (55%)  
[  5] 326.00-327.00 sec   530 KBytes  4.34 Mbits/sec  1.242 ms  580/1032 (56%)  
[  5] 327.00-328.00 sec   499 KBytes  4.09 Mbits/sec  1.193 ms  535/961 (56%)  
[  5] 328.00-329.00 sec   589 KBytes  4.83 Mbits/sec  1.140 ms  596/1099 (54%)  
[  5] 329.00-330.00 sec   619 KBytes  5.07 Mbits/sec  1.123 ms  614/1142 (54%)  
[  5] 330.00-331.00 sec   519 KBytes  4.25 Mbits/sec  1.187 ms  533/976 (55%)  
[  5] 331.00-332.00 sec   589 KBytes  4.83 Mbits/sec  1.232 ms  613/1116 (55%)  
[  5] 332.00-333.00 sec   499 KBytes  4.09 Mbits/sec  1.331 ms  557/983 (57%)  
[  5] 333.00-334.00 sec   619 KBytes  5.07 Mbits/sec  1.213 ms  728/1256 (58%)  
[  5] 334.00-335.00 sec   619 KBytes  5.07 Mbits/sec  1.349 ms  728/1256 (58%)  
[  5] 335.00-336.00 sec   499 KBytes  4.09 Mbits/sec  1.356 ms  632/1058 (60%)  
[  5] 336.00-337.00 sec   589 KBytes  4.83 Mbits/sec  1.358 ms  754/1257 (60%)  
[  5] 337.00-338.00 sec   619 KBytes  5.07 Mbits/sec  1.395 ms  821/1349 (61%)  
[  5] 338.00-339.00 sec   500 KBytes  4.10 Mbits/sec  1.390 ms  653/1080 (60%)  
[  5] 339.00-340.00 sec   618 KBytes  5.05 Mbits/sec  1.543 ms  989/1516 (65%)  
[  5] 340.00-341.00 sec   489 KBytes  4.00 Mbits/sec  1.201 ms  1597/2014 (79%)  
[  5] 341.00-342.00 sec   489 KBytes  4.01 Mbits/sec  1.496 ms  653/1070 (61%)  
[  5] 342.00-343.00 sec   619 KBytes  5.07 Mbits/sec  1.415 ms  873/1401 (62%)  
[  5] 343.00-344.00 sec   499 KBytes  4.09 Mbits/sec  1.336 ms  733/1159 (63%)  
[  5] 344.00-345.00 sec   619 KBytes  5.07 Mbits/sec  1.368 ms  883/1411 (63%)  
[  5] 345.00-346.00 sec   500 KBytes  4.10 Mbits/sec  1.400 ms  698/1125 (62%)  
[  5] 346.00-347.00 sec   588 KBytes  4.82 Mbits/sec  1.403 ms  804/1306 (62%)  
[  5] 347.00-348.00 sec   619 KBytes  5.07 Mbits/sec  1.257 ms  811/1339 (61%)  
[  5] 348.00-349.00 sec   499 KBytes  4.08 Mbits/sec  1.318 ms  731/1157 (63%)  
[  5] 349.00-350.00 sec   620 KBytes  5.09 Mbits/sec  1.327 ms  835/1364 (61%)  
[  5] 350.00-351.00 sec   486 KBytes  3.98 Mbits/sec  4.962 ms  720/1135 (63%)  
[  5] 351.00-352.00 sec   605 KBytes  4.95 Mbits/sec  1.217 ms  785/1301 (60%)  
[  5] 352.00-353.00 sec   588 KBytes  4.81 Mbits/sec  1.432 ms  773/1275 (61%)  
[  5] 353.00-354.00 sec   629 KBytes  5.16 Mbits/sec  1.217 ms  821/1358 (60%)  
[  5] 354.00-355.00 sec   489 KBytes  4.00 Mbits/sec  1.382 ms  657/1074 (61%)  
[  5] 355.00-356.00 sec   619 KBytes  5.07 Mbits/sec  1.304 ms  859/1387 (62%)  
[  5] 356.00-357.00 sec   499 KBytes  4.09 Mbits/sec  1.361 ms  666/1092 (61%)  
[  5] 357.00-358.00 sec   497 KBytes  4.07 Mbits/sec  1.348 ms  735/1159 (63%)  
[  5] 358.00-359.00 sec   388 KBytes  3.18 Mbits/sec  1.362 ms  584/915 (64%)  
[  5] 359.00-360.00 sec   619 KBytes  5.07 Mbits/sec  1.421 ms  915/1443 (63%)  
[  5] 360.00-361.00 sec   499 KBytes  4.09 Mbits/sec  1.340 ms  690/1116 (62%)  
[  5] 361.00-362.00 sec   709 KBytes  5.81 Mbits/sec  1.349 ms  965/1570 (61%)  
[  5] 362.00-363.00 sec   620 KBytes  5.08 Mbits/sec  1.309 ms  869/1398 (62%)  
[  5] 363.00-364.00 sec   588 KBytes  4.82 Mbits/sec  1.281 ms  789/1291 (61%)  
[  5] 364.00-365.00 sec   499 KBytes  4.09 Mbits/sec  1.361 ms  675/1101 (61%)  
[  5] 365.00-366.00 sec   619 KBytes  5.07 Mbits/sec  1.370 ms  835/1363 (61%)  
[  5] 366.00-367.00 sec   500 KBytes  4.10 Mbits/sec  1.236 ms  675/1102 (61%)  
[  5] 367.00-368.00 sec   529 KBytes  4.33 Mbits/sec  1.202 ms  762/1213 (63%)  
[  5] 368.00-369.00 sec   580 KBytes  4.75 Mbits/sec  1.207 ms  744/1239 (60%)  
[  5] 369.00-370.00 sec   489 KBytes  4.00 Mbits/sec  1.322 ms  628/1045 (60%)  
[  5] 370.00-371.00 sec   619 KBytes  5.07 Mbits/sec  1.360 ms  810/1338 (61%)  
[  5] 371.00-372.00 sec   500 KBytes  4.10 Mbits/sec  1.321 ms  651/1078 (60%)  
[  5] 372.00-373.00 sec   604 KBytes  4.94 Mbits/sec  1.309 ms  831/1346 (62%)  
[  5] 373.00-374.00 sec   500 KBytes  4.10 Mbits/sec  1.395 ms  702/1129 (62%)  
[  5] 374.00-375.00 sec   588 KBytes  4.82 Mbits/sec  1.610 ms  1007/1509 (67%)  
[  5] 375.00-376.00 sec   609 KBytes  4.99 Mbits/sec  1.430 ms  1170/1690 (69%)  
[  5] 376.00-377.00 sec   498 KBytes  4.08 Mbits/sec  1.237 ms  669/1094 (61%)  
[  5] 377.00-378.00 sec   620 KBytes  5.08 Mbits/sec  1.374 ms  871/1400 (62%)  
[  5] 378.00-379.00 sec   579 KBytes  4.74 Mbits/sec  1.232 ms  689/1183 (58%)  
[  5] 379.00-380.00 sec   520 KBytes  4.26 Mbits/sec  1.225 ms  590/1034 (57%)  
[  5] 380.00-381.00 sec   588 KBytes  4.82 Mbits/sec  1.371 ms  743/1245 (60%)  
[  5] 381.00-382.00 sec   530 KBytes  4.34 Mbits/sec  1.329 ms  724/1176 (62%)  
[  5] 382.00-383.00 sec   588 KBytes  4.80 Mbits/sec  1.581 ms  840/1342 (63%)  
[  5] 383.00-384.00 sec   499 KBytes  4.10 Mbits/sec  1.307 ms  741/1167 (63%)  
[  5] 384.00-385.00 sec   619 KBytes  5.07 Mbits/sec  1.232 ms  849/1377 (62%)  
[  5] 385.00-386.00 sec   589 KBytes  4.83 Mbits/sec  1.636 ms  837/1340 (62%)  
[  5] 386.00-387.00 sec   619 KBytes  5.07 Mbits/sec  1.599 ms  887/1415 (63%)  
[  5] 387.00-388.00 sec   620 KBytes  5.08 Mbits/sec  1.256 ms  884/1413 (63%)  
[  5] 388.00-389.00 sec   499 KBytes  4.09 Mbits/sec  1.253 ms  692/1118 (62%)  
[  5] 389.00-390.00 sec   589 KBytes  4.83 Mbits/sec  1.228 ms  813/1316 (62%)  
[  5] 390.00-391.00 sec   529 KBytes  4.33 Mbits/sec  1.198 ms  727/1178 (62%)  
[  5] 391.00-392.00 sec   589 KBytes  4.83 Mbits/sec  1.243 ms  771/1274 (61%)  
[  5] 392.00-393.00 sec   519 KBytes  4.25 Mbits/sec  1.212 ms  673/1116 (60%)  
[  5] 393.00-394.00 sec   599 KBytes  4.90 Mbits/sec  1.202 ms  824/1335 (62%)  
[  5] 394.00-395.00 sec   619 KBytes  5.07 Mbits/sec  1.234 ms  830/1358 (61%)  
[  5] 395.00-396.00 sec   489 KBytes  4.00 Mbits/sec  1.420 ms  675/1092 (62%)  
[  5] 396.00-397.00 sec   609 KBytes  4.99 Mbits/sec  1.253 ms  865/1385 (62%)  
[  5] 397.00-398.00 sec   499 KBytes  4.09 Mbits/sec  1.292 ms  692/1118 (62%)  
[  5] 398.00-399.00 sec   589 KBytes  4.83 Mbits/sec  1.438 ms  811/1314 (62%)  
[  5] 399.00-400.00 sec   529 KBytes  4.33 Mbits/sec  1.306 ms  741/1192 (62%)  
[  5] 400.00-401.00 sec   579 KBytes  4.75 Mbits/sec  1.356 ms  787/1281 (61%)  
[  5] 401.00-402.00 sec   519 KBytes  4.25 Mbits/sec  1.410 ms  645/1088 (59%)  
[  5] 402.00-403.00 sec   477 KBytes  3.91 Mbits/sec  1.784 ms  626/1033 (61%)  
[  5] 403.00-404.00 sec   499 KBytes  4.09 Mbits/sec  1.281 ms  616/1042 (59%)  
[  5] 404.00-405.00 sec   499 KBytes  4.09 Mbits/sec  1.207 ms  670/1096 (61%)  
[  5] 405.00-406.00 sec   519 KBytes  4.25 Mbits/sec  1.206 ms  690/1133 (61%)  
[  5] 406.00-407.00 sec   499 KBytes  4.09 Mbits/sec  1.416 ms  673/1099 (61%)  
[  5] 407.00-408.00 sec   619 KBytes  5.07 Mbits/sec  1.354 ms  905/1433 (63%)  
[  5] 408.00-409.00 sec   589 KBytes  4.83 Mbits/sec  1.412 ms  831/1334 (62%)  
[  5] 409.00-410.00 sec   497 KBytes  4.07 Mbits/sec  1.347 ms  685/1109 (62%)  
[  5] 410.00-411.00 sec   619 KBytes  5.07 Mbits/sec  1.400 ms  820/1348 (61%)  
[  5] 411.00-412.00 sec   499 KBytes  4.09 Mbits/sec  1.267 ms  678/1104 (61%)  
[  5] 412.00-413.00 sec   619 KBytes  5.06 Mbits/sec  1.322 ms  818/1346 (61%)  
[  5] 413.00-414.00 sec   499 KBytes  4.09 Mbits/sec  1.218 ms  697/1123 (62%)  
[  5] 414.00-415.00 sec   489 KBytes  4.00 Mbits/sec  1.373 ms  642/1059 (61%)  
[  5] 415.00-416.00 sec   620 KBytes  5.08 Mbits/sec  1.322 ms  877/1406 (62%)  
[  5] 416.00-417.00 sec   608 KBytes  4.98 Mbits/sec  2.219 ms  890/1409 (63%)  
[  5] 417.00-418.00 sec   589 KBytes  4.83 Mbits/sec  1.287 ms  825/1328 (62%)  
[  5] 418.00-419.00 sec   498 KBytes  4.08 Mbits/sec  1.788 ms  723/1148 (63%)  
[  5] 419.00-420.00 sec   620 KBytes  5.08 Mbits/sec  1.356 ms  1038/1567 (66%)  
[  5] 420.00-421.00 sec   489 KBytes  4.00 Mbits/sec  1.469 ms  782/1199 (65%)  
[  5] 421.00-422.00 sec   619 KBytes  5.07 Mbits/sec  1.329 ms  1039/1567 (66%)  
[  5] 422.00-423.00 sec   400 KBytes  3.27 Mbits/sec  1.371 ms  572/913 (63%)  
[  5] 423.00-424.00 sec   589 KBytes  4.83 Mbits/sec  1.514 ms  897/1400 (64%)  
[  5] 424.00-425.00 sec   499 KBytes  4.08 Mbits/sec  1.342 ms  665/1091 (61%)  
[  5] 425.00-426.00 sec   619 KBytes  5.08 Mbits/sec  1.434 ms  819/1347 (61%)  
