Connecting to host 172.22.0.50, port 5201
Reverse mode, remote host 172.22.0.50 is sending
[  5] local 192.168.100.2 port 51448 connected to 172.22.0.50 port 5201
[ ID] Interval           Transfer     Bitrate         Jitter    Lost/Total Datagrams
[  5]   0.00-1.00   sec  1.43 MBytes  12.0 Mbits/sec  1.055 ms  0/1252 (0%)  
[  5]   1.00-2.00   sec  1.43 MBytes  12.0 Mbits/sec  1.185 ms  0/1247 (0%)  
[  5]   2.00-3.00   sec  1.43 MBytes  12.0 Mbits/sec  1.038 ms  0/1250 (0%)  
[  5]   3.00-4.00   sec  1.43 MBytes  12.0 Mbits/sec  1.077 ms  0/1248 (0%)  
[  5]   4.00-5.00   sec  1.44 MBytes  12.1 Mbits/sec  0.886 ms  0/1255 (0%)  
[  5]   5.00-6.00   sec  1.43 MBytes  12.0 Mbits/sec  1.011 ms  0/1250 (0%)  
[  5]   6.00-7.00   sec  1.43 MBytes  12.0 Mbits/sec  0.680 ms  0/1252 (0%)  
[  5]   7.00-8.00   sec  1.40 MBytes  11.8 Mbits/sec  1.280 ms  0/1227 (0%)  
[  5]   8.00-9.00   sec  1.45 MBytes  12.2 Mbits/sec  0.857 ms  0/1271 (0%)  
[  5]   9.00-10.00  sec  1.43 MBytes  12.0 Mbits/sec  0.810 ms  0/1248 (0%)  
[  5]  10.00-11.00  sec  1.43 MBytes  12.0 Mbits/sec  0.944 ms  0/1253 (0%)  
[  5]  11.00-12.00  sec  1.42 MBytes  11.9 Mbits/sec  1.226 ms  0/1243 (0%)  
[  5]  12.00-13.00  sec  1.44 MBytes  12.1 Mbits/sec  0.992 ms  0/1257 (0%)  
[  5]  13.00-14.00  sec  1.42 MBytes  11.9 Mbits/sec  1.291 ms  0/1239 (0%)  
[  5]  14.00-15.00  sec  1.44 MBytes  12.1 Mbits/sec  1.130 ms  0/1259 (0%)  
[  5]  15.00-16.00  sec  1.43 MBytes  12.0 Mbits/sec  1.202 ms  0/1253 (0%)  
[  5]  16.00-17.00  sec   834 KBytes  6.84 Mbits/sec  1.350 ms  0/712 (0%)  
[  5]  17.00-18.00  sec   543 KBytes  4.44 Mbits/sec  1.430 ms  0/463 (0%)  
[  5]  18.00-19.00  sec   546 KBytes  4.47 Mbits/sec  1.544 ms  0/466 (0%)  
[  5]  19.00-20.00  sec   540 KBytes  4.43 Mbits/sec  1.604 ms  0/461 (0%)  
[  5]  20.00-21.00  sec   523 KBytes  4.28 Mbits/sec  1.460 ms  0/446 (0%)  
[  5]  21.00-22.00  sec   523 KBytes  4.28 Mbits/sec  1.813 ms  0/446 (0%)  
[  5]  22.00-23.00  sec   529 KBytes  4.33 Mbits/sec  1.551 ms  0/451 (0%)  
[  5]  23.00-24.00  sec   541 KBytes  4.44 Mbits/sec  1.650 ms  0/462 (0%)  
[  5]  24.00-25.00  sec   540 KBytes  4.43 Mbits/sec  1.455 ms  0/461 (0%)  
[  5]  25.00-26.00  sec   545 KBytes  4.46 Mbits/sec  1.683 ms  0/465 (0%)  
[  5]  26.00-27.00  sec   584 KBytes  4.78 Mbits/sec  1.446 ms  0/498 (0%)  
[  5]  27.00-28.00  sec   613 KBytes  5.02 Mbits/sec  1.243 ms  0/523 (0%)  
[  5]  28.00-29.00  sec   594 KBytes  4.87 Mbits/sec  1.283 ms  0/507 (0%)  
[  5]  29.00-30.00  sec   567 KBytes  4.65 Mbits/sec  1.456 ms  0/484 (0%)  
[  5]  30.00-31.00  sec   602 KBytes  4.94 Mbits/sec  1.386 ms  0/514 (0%)  
[  5]  31.00-32.00  sec   698 KBytes  5.71 Mbits/sec  1.424 ms  0/596 (0%)  
[  5]  32.00-33.00  sec   756 KBytes  6.20 Mbits/sec  1.431 ms  0/645 (0%)  
[  5]  33.00-34.00  sec   762 KBytes  6.23 Mbits/sec  1.084 ms  0/650 (0%)  
[  5]  34.00-35.00  sec   757 KBytes  6.21 Mbits/sec  1.079 ms  0/648 (0%)  
[  5]  35.00-36.00  sec   758 KBytes  6.21 Mbits/sec  1.240 ms  0/647 (0%)  
[  5]  36.00-37.00  sec   744 KBytes  6.10 Mbits/sec  1.119 ms  0/635 (0%)  
[  5]  37.00-38.00  sec   735 KBytes  6.02 Mbits/sec  1.209 ms  0/627 (0%)  
[  5]  38.00-39.00  sec   746 KBytes  6.11 Mbits/sec  1.216 ms  0/637 (0%)  
[  5]  39.00-40.00  sec   766 KBytes  6.25 Mbits/sec  1.470 ms  0/654 (0%)  
[  5]  40.00-41.00  sec   657 KBytes  5.41 Mbits/sec  1.318 ms  628/1189 (53%)  
[  5]  41.00-42.00  sec   704 KBytes  5.77 Mbits/sec  1.289 ms  852/1453 (59%)  
[  5]  42.00-43.00  sec   807 KBytes  6.62 Mbits/sec  1.453 ms  1056/1745 (61%)  
[  5]  43.00-44.00  sec   817 KBytes  6.69 Mbits/sec  1.297 ms  999/1696 (59%)  
[  5]  44.00-45.00  sec   716 KBytes  5.87 Mbits/sec  1.119 ms  597/1208 (49%)  
[  5]  45.00-46.00  sec   786 KBytes  6.44 Mbits/sec  1.405 ms  630/1301 (48%)  
[  5]  46.00-47.00  sec   690 KBytes  5.65 Mbits/sec  1.066 ms  551/1140 (48%)  
[  5]  47.00-48.00  sec   708 KBytes  5.80 Mbits/sec  1.166 ms  561/1165 (48%)  
[  5]  48.00-49.00  sec   810 KBytes  6.63 Mbits/sec  1.013 ms  638/1329 (48%)  
[  5]  49.00-50.00  sec   776 KBytes  6.36 Mbits/sec  1.145 ms  712/1374 (52%)  
[  5]  50.00-51.00  sec   720 KBytes  5.89 Mbits/sec  1.178 ms  594/1208 (49%)  
[  5]  51.00-52.00  sec   806 KBytes  6.61 Mbits/sec  1.033 ms  650/1338 (49%)  
[  5]  52.00-53.00  sec   709 KBytes  5.81 Mbits/sec  1.074 ms  559/1164 (48%)  
[  5]  53.00-54.00  sec   709 KBytes  5.81 Mbits/sec  1.151 ms  540/1145 (47%)  
[  5]  54.00-55.00  sec   809 KBytes  6.62 Mbits/sec  1.166 ms  644/1334 (48%)  
[  5]  55.00-56.00  sec   709 KBytes  5.81 Mbits/sec  1.106 ms  536/1141 (47%)  
[  5]  56.00-57.00  sec   809 KBytes  6.62 Mbits/sec  1.108 ms  622/1312 (47%)  
[  5]  57.00-58.00  sec   688 KBytes  5.64 Mbits/sec  1.054 ms  554/1141 (49%)  
[  5]  58.00-59.00  sec   830 KBytes  6.78 Mbits/sec  1.040 ms  665/1373 (48%)  
[  5]  59.00-60.00  sec   809 KBytes  6.63 Mbits/sec  1.106 ms  660/1350 (49%)  
[  5]  60.00-61.00  sec   679 KBytes  5.56 Mbits/sec  1.124 ms  531/1110 (48%)  
[  5]  61.00-62.00  sec   718 KBytes  5.89 Mbits/sec  1.194 ms  563/1176 (48%)  
[  5]  62.00-63.00  sec   809 KBytes  6.62 Mbits/sec  1.074 ms  649/1339 (48%)  
[  5]  63.00-64.00  sec   709 KBytes  5.81 Mbits/sec  1.123 ms  545/1150 (47%)  
[  5]  64.00-65.00  sec   809 KBytes  6.62 Mbits/sec  1.001 ms  664/1354 (49%)  
[  5]  65.00-66.00  sec   799 KBytes  6.55 Mbits/sec  1.122 ms  645/1327 (49%)  
[  5]  66.00-67.00  sec   708 KBytes  5.80 Mbits/sec  1.163 ms  593/1197 (50%)  
[  5]  67.00-68.00  sec   709 KBytes  5.81 Mbits/sec  1.122 ms  584/1189 (49%)  
[  5]  68.00-69.00  sec   809 KBytes  6.62 Mbits/sec  1.071 ms  646/1336 (48%)  
[  5]  69.00-70.00  sec   720 KBytes  5.89 Mbits/sec  1.058 ms  572/1186 (48%)  
[  5]  70.00-71.00  sec   679 KBytes  5.56 Mbits/sec  1.077 ms  535/1114 (48%)  
[  5]  71.00-72.00  sec   786 KBytes  6.44 Mbits/sec  1.080 ms  648/1319 (49%)  
[  5]  72.00-73.00  sec   709 KBytes  5.81 Mbits/sec  1.122 ms  541/1146 (47%)  
[  5]  73.00-74.00  sec   809 KBytes  6.62 Mbits/sec  1.089 ms  647/1337 (48%)  
[  5]  74.00-75.00  sec   709 KBytes  5.81 Mbits/sec  1.109 ms  589/1194 (49%)  
[  5]  75.00-76.00  sec   809 KBytes  6.62 Mbits/sec  1.065 ms  657/1347 (49%)  
[  5]  76.00-77.00  sec   709 KBytes  5.81 Mbits/sec  1.122 ms  554/1159 (48%)  
[  5]  77.00-78.00  sec   731 KBytes  5.99 Mbits/sec  5.011 ms  585/1209 (48%)  
[  5]  78.00-79.00  sec   786 KBytes  6.44 Mbits/sec  1.015 ms  602/1273 (47%)  
[  5]  79.00-80.00  sec   689 KBytes  5.64 Mbits/sec  1.049 ms  601/1189 (51%)  
[  5]  80.00-81.00  sec   839 KBytes  6.88 Mbits/sec  1.048 ms  695/1411 (49%)  
[  5]  81.00-82.00  sec   680 KBytes  5.57 Mbits/sec  1.139 ms  541/1121 (48%)  
[  5]  82.00-83.00  sec   809 KBytes  6.62 Mbits/sec  1.019 ms  668/1358 (49%)  
[  5]  83.00-84.00  sec   709 KBytes  5.81 Mbits/sec  1.112 ms  571/1176 (49%)  
[  5]  84.00-85.00  sec   809 KBytes  6.62 Mbits/sec  1.023 ms  661/1351 (49%)  
[  5]  85.00-86.00  sec   709 KBytes  5.82 Mbits/sec  1.108 ms  580/1185 (49%)  
[  5]  86.00-87.00  sec   809 KBytes  6.62 Mbits/sec  1.119 ms  645/1335 (48%)  
[  5]  87.00-88.00  sec   709 KBytes  5.81 Mbits/sec  1.101 ms  565/1170 (48%)  
[  5]  88.00-89.00  sec   809 KBytes  6.62 Mbits/sec  1.142 ms  662/1352 (49%)  
[  5]  89.00-90.00  sec   709 KBytes  5.81 Mbits/sec  1.103 ms  579/1184 (49%)  
[  5]  90.00-91.00  sec   809 KBytes  6.62 Mbits/sec  1.149 ms  667/1357 (49%)  
[  5]  91.00-92.00  sec   718 KBytes  5.88 Mbits/sec  1.056 ms  585/1198 (49%)  
[  5]  92.00-93.00  sec   799 KBytes  6.55 Mbits/sec  1.200 ms  637/1319 (48%)  
[  5]  93.00-94.00  sec   718 KBytes  5.88 Mbits/sec  1.134 ms  574/1187 (48%)  
[  5]  94.00-95.00  sec   709 KBytes  5.81 Mbits/sec  1.098 ms  584/1189 (49%)  
[  5]  95.00-96.00  sec   809 KBytes  6.62 Mbits/sec  1.117 ms  655/1345 (49%)  
[  5]  96.00-97.00  sec   709 KBytes  5.81 Mbits/sec  1.087 ms  561/1166 (48%)  
[  5]  97.00-98.00  sec   689 KBytes  5.65 Mbits/sec  1.062 ms  524/1112 (47%)  
[  5]  98.00-99.00  sec   798 KBytes  6.54 Mbits/sec  1.160 ms  662/1343 (49%)  
[  5]  99.00-100.00 sec   720 KBytes  5.90 Mbits/sec  1.172 ms  601/1215 (49%)  
[  5] 100.00-101.00 sec   809 KBytes  6.62 Mbits/sec  0.990 ms  639/1329 (48%)  
[  5] 101.00-102.00 sec   709 KBytes  5.81 Mbits/sec  1.127 ms  563/1168 (48%)  
[  5] 102.00-103.00 sec   709 KBytes  5.81 Mbits/sec  1.135 ms  545/1150 (47%)  
[  5] 103.00-104.00 sec   696 KBytes  5.70 Mbits/sec  5.851 ms  562/1156 (49%)  
[  5] 104.00-105.00 sec   802 KBytes  6.57 Mbits/sec  1.107 ms  620/1304 (48%)  
[  5] 105.00-106.00 sec   709 KBytes  5.81 Mbits/sec  1.170 ms  590/1195 (49%)  
[  5] 106.00-107.00 sec   809 KBytes  6.63 Mbits/sec  1.200 ms  645/1335 (48%)  
[  5] 107.00-108.00 sec   709 KBytes  5.81 Mbits/sec  1.093 ms  590/1195 (49%)  
[  5] 108.00-109.00 sec   809 KBytes  6.62 Mbits/sec  1.075 ms  695/1385 (50%)  
[  5] 109.00-110.00 sec   709 KBytes  5.80 Mbits/sec  1.183 ms  588/1193 (49%)  
[  5] 110.00-111.00 sec   795 KBytes  6.51 Mbits/sec  1.175 ms  690/1368 (50%)  
[  5] 111.00-112.00 sec   709 KBytes  5.81 Mbits/sec  1.112 ms  579/1184 (49%)  
[  5] 112.00-113.00 sec   718 KBytes  5.89 Mbits/sec  1.124 ms  576/1189 (48%)  
[  5] 113.00-114.00 sec   709 KBytes  5.81 Mbits/sec  1.142 ms  590/1195 (49%)  
[  5] 114.00-115.00 sec   809 KBytes  6.62 Mbits/sec  1.131 ms  656/1346 (49%)  
[  5] 115.00-116.00 sec   679 KBytes  5.56 Mbits/sec  1.189 ms  579/1158 (50%)  
[  5] 116.00-117.00 sec   809 KBytes  6.62 Mbits/sec  1.170 ms  693/1383 (50%)  
[  5] 117.00-118.00 sec   720 KBytes  5.89 Mbits/sec  1.048 ms  605/1219 (50%)  
[  5] 118.00-119.00 sec   709 KBytes  5.81 Mbits/sec  1.181 ms  582/1187 (49%)  
[  5] 119.00-120.00 sec   809 KBytes  6.62 Mbits/sec  1.078 ms  634/1324 (48%)  
[  5] 120.00-121.00 sec   709 KBytes  5.81 Mbits/sec  1.155 ms  567/1172 (48%)  
[  5] 121.00-122.00 sec   809 KBytes  6.62 Mbits/sec  1.127 ms  653/1343 (49%)  
[  5] 122.00-123.00 sec   700 KBytes  5.73 Mbits/sec  1.323 ms  574/1171 (49%)  
[  5] 123.00-124.00 sec   809 KBytes  6.62 Mbits/sec  1.085 ms  674/1364 (49%)  
[  5] 124.00-125.00 sec   679 KBytes  5.56 Mbits/sec  1.154 ms  591/1170 (51%)  
[  5] 125.00-126.00 sec   810 KBytes  6.63 Mbits/sec  1.121 ms  668/1359 (49%)  
[  5] 126.00-127.00 sec   709 KBytes  5.81 Mbits/sec  1.190 ms  593/1198 (49%)  
[  5] 127.00-128.00 sec   714 KBytes  5.85 Mbits/sec  1.191 ms  601/1210 (50%)  
[  5] 128.00-129.00 sec   809 KBytes  6.62 Mbits/sec  0.966 ms  669/1359 (49%)  
[  5] 129.00-130.00 sec   709 KBytes  5.81 Mbits/sec  1.141 ms  580/1185 (49%)  
[  5] 130.00-131.00 sec   809 KBytes  6.62 Mbits/sec  1.073 ms  639/1329 (48%)  
[  5] 131.00-132.00 sec   700 KBytes  5.73 Mbits/sec  1.201 ms  584/1181 (49%)  
[  5] 132.00-133.00 sec   718 KBytes  5.88 Mbits/sec  1.011 ms  598/1211 (49%)  
[  5] 133.00-134.00 sec   799 KBytes  6.55 Mbits/sec  1.125 ms  649/1331 (49%)  
[  5] 134.00-135.00 sec   689 KBytes  5.64 Mbits/sec  0.992 ms  543/1131 (48%)  
[  5] 135.00-136.00 sec   829 KBytes  6.79 Mbits/sec  1.150 ms  661/1368 (48%)  
[  5] 136.00-137.00 sec   689 KBytes  5.64 Mbits/sec  1.106 ms  545/1133 (48%)  
[  5] 137.00-138.00 sec   708 KBytes  5.80 Mbits/sec  1.141 ms  575/1179 (49%)  
[  5] 138.00-139.00 sec   798 KBytes  6.54 Mbits/sec  1.189 ms  663/1344 (49%)  
[  5] 139.00-140.00 sec   698 KBytes  5.72 Mbits/sec  1.171 ms  596/1192 (50%)  
[  5] 140.00-141.00 sec   810 KBytes  6.63 Mbits/sec  1.143 ms  681/1372 (50%)  
[  5] 141.00-142.00 sec   718 KBytes  5.89 Mbits/sec  1.114 ms  629/1242 (51%)  
[  5] 142.00-143.00 sec   797 KBytes  6.51 Mbits/sec  1.129 ms  635/1315 (48%)  
[  5] 143.00-144.00 sec   718 KBytes  5.90 Mbits/sec  1.002 ms  573/1186 (48%)  
[  5] 144.00-145.00 sec   680 KBytes  5.57 Mbits/sec  1.146 ms  547/1127 (49%)  
[  5] 145.00-146.00 sec   697 KBytes  5.72 Mbits/sec  1.173 ms  582/1177 (49%)  
[  5] 146.00-147.00 sec   807 KBytes  6.61 Mbits/sec  1.176 ms  640/1329 (48%)  
[  5] 147.00-148.00 sec   718 KBytes  5.88 Mbits/sec  1.102 ms  599/1212 (49%)  
[  5] 148.00-149.00 sec   799 KBytes  6.55 Mbits/sec  1.126 ms  682/1364 (50%)  
[  5] 149.00-150.00 sec   707 KBytes  5.79 Mbits/sec  1.112 ms  615/1218 (50%)  
[  5] 150.00-151.00 sec   799 KBytes  6.55 Mbits/sec  1.100 ms  646/1328 (49%)  
[  5] 151.00-152.00 sec   718 KBytes  5.88 Mbits/sec  1.128 ms  561/1174 (48%)  
[  5] 152.00-153.00 sec   709 KBytes  5.81 Mbits/sec  1.099 ms  567/1172 (48%)  
[  5] 153.00-154.00 sec   689 KBytes  5.64 Mbits/sec  1.063 ms  562/1150 (49%)  
[  5] 154.00-155.00 sec   829 KBytes  6.79 Mbits/sec  1.087 ms  652/1359 (48%)  
[  5] 155.00-156.00 sec   689 KBytes  5.64 Mbits/sec  1.132 ms  569/1157 (49%)  
[  5] 156.00-157.00 sec   709 KBytes  5.81 Mbits/sec  1.220 ms  634/1239 (51%)  
[  5] 157.00-158.00 sec   809 KBytes  6.62 Mbits/sec  1.120 ms  713/1403 (51%)  
[  5] 158.00-159.00 sec   709 KBytes  5.81 Mbits/sec  1.127 ms  603/1208 (50%)  
[  5] 159.00-160.00 sec   718 KBytes  5.89 Mbits/sec  1.072 ms  594/1207 (49%)  
[  5] 160.00-161.00 sec   680 KBytes  5.57 Mbits/sec  1.091 ms  539/1119 (48%)  
[  5] 161.00-162.00 sec   709 KBytes  5.81 Mbits/sec  1.110 ms  574/1179 (49%)  
[  5] 162.00-163.00 sec   718 KBytes  5.88 Mbits/sec  1.065 ms  566/1179 (48%)  
[  5] 163.00-164.00 sec   709 KBytes  5.81 Mbits/sec  1.134 ms  582/1187 (49%)  
[  5] 164.00-165.00 sec   809 KBytes  6.62 Mbits/sec  1.138 ms  687/1377 (50%)  
[  5] 165.00-166.00 sec   709 KBytes  5.81 Mbits/sec  1.149 ms  591/1196 (49%)  
[  5] 166.00-167.00 sec   689 KBytes  5.63 Mbits/sec  1.026 ms  577/1165 (50%)  
[  5] 167.00-168.00 sec   709 KBytes  5.82 Mbits/sec  1.120 ms  578/1183 (49%)  
[  5] 168.00-169.00 sec   759 KBytes  6.22 Mbits/sec  1.591 ms  658/1306 (50%)  
[  5] 169.00-170.00 sec   756 KBytes  6.19 Mbits/sec  1.142 ms  620/1267 (49%)  
[  5] 170.00-171.00 sec   718 KBytes  5.89 Mbits/sec  1.011 ms  595/1208 (49%)  
[  5] 171.00-172.00 sec   709 KBytes  5.81 Mbits/sec  1.064 ms  602/1207 (50%)  
[  5] 172.00-173.00 sec   809 KBytes  6.63 Mbits/sec  1.106 ms  743/1433 (52%)  
[  5] 173.00-174.00 sec   709 KBytes  5.81 Mbits/sec  1.136 ms  646/1251 (52%)  
[  5] 174.00-175.00 sec   809 KBytes  6.63 Mbits/sec  1.112 ms  702/1392 (50%)  
[  5] 175.00-176.00 sec   709 KBytes  5.81 Mbits/sec  1.101 ms  629/1234 (51%)  
[  5] 176.00-177.00 sec   689 KBytes  5.64 Mbits/sec  1.035 ms  600/1188 (51%)  
[  5] 177.00-178.00 sec   829 KBytes  6.79 Mbits/sec  1.136 ms  709/1416 (50%)  
[  5] 178.00-179.00 sec   689 KBytes  5.64 Mbits/sec  1.037 ms  582/1170 (50%)  
[  5] 179.00-180.00 sec   709 KBytes  5.81 Mbits/sec  1.179 ms  619/1224 (51%)  
[  5] 180.00-181.00 sec   809 KBytes  6.63 Mbits/sec  1.209 ms  699/1389 (50%)  
[  5] 181.00-182.00 sec   709 KBytes  5.81 Mbits/sec  1.182 ms  623/1228 (51%)  
[  5] 182.00-183.00 sec   809 KBytes  6.62 Mbits/sec  1.162 ms  703/1393 (50%)  
[  5] 183.00-184.00 sec   709 KBytes  5.81 Mbits/sec  1.127 ms  582/1187 (49%)  
[  5] 184.00-185.00 sec   718 KBytes  5.89 Mbits/sec  1.100 ms  586/1199 (49%)  
[  5] 185.00-186.00 sec   810 KBytes  6.63 Mbits/sec  0.986 ms  647/1338 (48%)  
[  5] 186.00-187.00 sec   679 KBytes  5.55 Mbits/sec  1.138 ms  550/1129 (49%)  
[  5] 187.00-188.00 sec   809 KBytes  6.64 Mbits/sec  1.085 ms  667/1357 (49%)  
[  5] 188.00-189.00 sec   709 KBytes  5.81 Mbits/sec  1.199 ms  604/1209 (50%)  
[  5] 189.00-190.00 sec   809 KBytes  6.62 Mbits/sec  1.110 ms  684/1374 (50%)  
[  5] 190.00-191.00 sec   709 KBytes  5.81 Mbits/sec  1.153 ms  622/1227 (51%)  
[  5] 191.00-192.00 sec   718 KBytes  5.88 Mbits/sec  1.124 ms  589/1202 (49%)  
[  5] 192.00-193.00 sec   709 KBytes  5.81 Mbits/sec  1.063 ms  560/1165 (48%)  
[  5] 193.00-194.00 sec   709 KBytes  5.81 Mbits/sec  1.054 ms  587/1192 (49%)  
[  5] 194.00-195.00 sec   786 KBytes  6.44 Mbits/sec  1.251 ms  650/1321 (49%)  
[  5] 195.00-196.00 sec   689 KBytes  5.64 Mbits/sec  1.103 ms  562/1150 (49%)  
[  5] 196.00-197.00 sec   709 KBytes  5.81 Mbits/sec  1.129 ms  573/1178 (49%)  
[  5] 197.00-198.00 sec   809 KBytes  6.61 Mbits/sec  1.069 ms  686/1376 (50%)  
[  5] 198.00-199.00 sec   709 KBytes  5.82 Mbits/sec  1.128 ms  592/1197 (49%)  
[  5] 199.00-200.00 sec   718 KBytes  5.89 Mbits/sec  1.105 ms  575/1188 (48%)  
[  5] 200.00-201.00 sec   799 KBytes  6.54 Mbits/sec  1.112 ms  617/1299 (47%)  
[  5] 201.00-202.00 sec   718 KBytes  5.89 Mbits/sec  1.012 ms  573/1186 (48%)  
[  5] 202.00-203.00 sec   689 KBytes  5.64 Mbits/sec  1.156 ms  593/1181 (50%)  
[  5] 203.00-204.00 sec   720 KBytes  5.89 Mbits/sec  1.105 ms  635/1249 (51%)  
[  5] 204.00-205.00 sec   679 KBytes  5.55 Mbits/sec  1.099 ms  579/1158 (50%)  
[  5] 205.00-206.00 sec   810 KBytes  6.64 Mbits/sec  1.053 ms  722/1413 (51%)  
[  5] 206.00-207.00 sec   708 KBytes  5.80 Mbits/sec  1.140 ms  621/1225 (51%)  
[  5] 207.00-208.00 sec   710 KBytes  5.82 Mbits/sec  1.126 ms  610/1216 (50%)  
[  5] 208.00-209.00 sec   807 KBytes  6.61 Mbits/sec  1.154 ms  695/1384 (50%)  
[  5] 209.00-210.00 sec   707 KBytes  5.79 Mbits/sec  1.012 ms  608/1211 (50%)  
[  5] 210.00-211.00 sec   679 KBytes  5.56 Mbits/sec  1.142 ms  556/1135 (49%)  
[  5] 211.00-212.00 sec   809 KBytes  6.62 Mbits/sec  1.026 ms  663/1353 (49%)  
[  5] 212.00-213.00 sec   709 KBytes  5.82 Mbits/sec  1.183 ms  585/1190 (49%)  
[  5] 213.00-214.00 sec   709 KBytes  5.81 Mbits/sec  1.216 ms  617/1222 (50%)  
[  5] 214.00-215.00 sec   809 KBytes  6.62 Mbits/sec  1.146 ms  714/1404 (51%)  
[  5] 215.00-216.00 sec   718 KBytes  5.88 Mbits/sec  1.051 ms  599/1212 (49%)  
[  5] 216.00-217.00 sec   709 KBytes  5.81 Mbits/sec  1.138 ms  664/1269 (52%)  
[  5] 217.00-218.00 sec   809 KBytes  6.63 Mbits/sec  1.162 ms  667/1357 (49%)  
[  5] 218.00-219.00 sec   709 KBytes  5.81 Mbits/sec  1.133 ms  590/1195 (49%)  
[  5] 219.00-220.00 sec   809 KBytes  6.62 Mbits/sec  1.113 ms  669/1359 (49%)  
[  5] 220.00-221.00 sec   718 KBytes  5.86 Mbits/sec  1.114 ms  592/1205 (49%)  
[  5] 221.00-222.00 sec   681 KBytes  5.60 Mbits/sec  1.143 ms  586/1167 (50%)  
[  5] 222.00-223.00 sec   798 KBytes  6.54 Mbits/sec  1.064 ms  710/1391 (51%)  
[  5] 223.00-224.00 sec   720 KBytes  5.89 Mbits/sec  1.100 ms  576/1190 (48%)  
[  5] 224.00-225.00 sec   709 KBytes  5.81 Mbits/sec  1.094 ms  563/1168 (48%)  
[  5] 225.00-226.00 sec   707 KBytes  5.79 Mbits/sec  1.150 ms  607/1210 (50%)  
[  5] 226.00-227.00 sec   799 KBytes  6.54 Mbits/sec  1.190 ms  686/1368 (50%)  
[  5] 227.00-228.00 sec   718 KBytes  5.89 Mbits/sec  1.085 ms  600/1213 (49%)  
[  5] 228.00-229.00 sec   809 KBytes  6.63 Mbits/sec  1.034 ms  671/1361 (49%)  
[  5] 229.00-230.00 sec   679 KBytes  5.56 Mbits/sec  1.115 ms  568/1147 (50%)  
[  5] 230.00-231.00 sec   809 KBytes  6.62 Mbits/sec  1.007 ms  672/1362 (49%)  
[  5] 231.00-232.00 sec   709 KBytes  5.81 Mbits/sec  1.130 ms  582/1187 (49%)  
[  5] 232.00-233.00 sec   809 KBytes  6.62 Mbits/sec  1.129 ms  646/1336 (48%)  
[  5] 233.00-234.00 sec   709 KBytes  5.81 Mbits/sec  1.187 ms  570/1175 (49%)  
[  5] 234.00-235.00 sec   718 KBytes  5.88 Mbits/sec  1.108 ms  586/1199 (49%)  
[  5] 235.00-236.00 sec   810 KBytes  6.63 Mbits/sec  1.097 ms  699/1390 (50%)  
[  5] 236.00-237.00 sec   708 KBytes  5.80 Mbits/sec  1.256 ms  583/1187 (49%)  
[  5] 237.00-238.00 sec   810 KBytes  6.63 Mbits/sec  1.017 ms  705/1396 (51%)  
[  5] 238.00-239.00 sec   709 KBytes  5.81 Mbits/sec  1.129 ms  604/1209 (50%)  
[  5] 239.00-240.00 sec   679 KBytes  5.56 Mbits/sec  1.092 ms  570/1149 (50%)  
[  5] 240.00-241.00 sec   809 KBytes  6.61 Mbits/sec  1.137 ms  632/1322 (48%)  
[  5] 241.00-242.00 sec   720 KBytes  5.90 Mbits/sec  1.006 ms  580/1194 (49%)  
[  5] 242.00-243.00 sec   709 KBytes  5.81 Mbits/sec  1.296 ms  577/1182 (49%)  
[  5] 243.00-244.00 sec   709 KBytes  5.81 Mbits/sec  1.120 ms  573/1178 (49%)  
[  5] 244.00-245.00 sec   809 KBytes  6.62 Mbits/sec  1.120 ms  620/1310 (47%)  
[  5] 245.00-246.00 sec   709 KBytes  5.81 Mbits/sec  1.135 ms  591/1196 (49%)  
[  5] 246.00-247.00 sec   809 KBytes  6.62 Mbits/sec  1.079 ms  677/1367 (50%)  
[  5] 247.00-248.00 sec   688 KBytes  5.64 Mbits/sec  1.118 ms  570/1157 (49%)  
[  5] 248.00-249.00 sec   826 KBytes  6.77 Mbits/sec  1.152 ms  659/1364 (48%)  
[  5] 249.00-250.00 sec   688 KBytes  5.63 Mbits/sec  1.040 ms  554/1141 (49%)  
[  5] 250.00-251.00 sec   709 KBytes  5.81 Mbits/sec  1.119 ms  589/1194 (49%)  
[  5] 251.00-252.00 sec   720 KBytes  5.89 Mbits/sec  1.063 ms  619/1233 (50%)  
[  5] 252.00-253.00 sec   798 KBytes  6.54 Mbits/sec  1.243 ms  655/1336 (49%)  
[  5] 253.00-254.00 sec   720 KBytes  5.89 Mbits/sec  1.101 ms  596/1210 (49%)  
[  5] 254.00-255.00 sec   697 KBytes  5.71 Mbits/sec  1.082 ms  615/1210 (51%)  
[  5] 255.00-256.00 sec   718 KBytes  5.88 Mbits/sec  1.082 ms  617/1230 (50%)  
[  5] 256.00-257.00 sec   799 KBytes  6.56 Mbits/sec  1.128 ms  674/1356 (50%)  
[  5] 257.00-258.00 sec   689 KBytes  5.65 Mbits/sec  1.053 ms  547/1135 (48%)  
[  5] 258.00-259.00 sec   704 KBytes  5.77 Mbits/sec  1.125 ms  569/1170 (49%)  
[  5] 259.00-260.00 sec   809 KBytes  6.63 Mbits/sec  1.126 ms  663/1353 (49%)  
[  5] 260.00-261.00 sec   697 KBytes  5.71 Mbits/sec  1.155 ms  579/1174 (49%)  
[  5] 261.00-262.00 sec   809 KBytes  6.62 Mbits/sec  1.211 ms  668/1358 (49%)  
[  5] 262.00-263.00 sec   709 KBytes  5.81 Mbits/sec  1.122 ms  590/1195 (49%)  
[  5] 263.00-264.00 sec   809 KBytes  6.62 Mbits/sec  1.182 ms  726/1416 (51%)  
[  5] 264.00-265.00 sec   709 KBytes  5.81 Mbits/sec  1.224 ms  586/1191 (49%)  
[  5] 265.00-266.00 sec   688 KBytes  5.64 Mbits/sec  1.118 ms  577/1164 (50%)  
[  5] 266.00-267.00 sec   809 KBytes  6.62 Mbits/sec  1.150 ms  693/1383 (50%)  
[  5] 267.00-268.00 sec   709 KBytes  5.81 Mbits/sec  1.184 ms  603/1208 (50%)  
[  5] 268.00-269.00 sec   709 KBytes  5.81 Mbits/sec  1.185 ms  610/1215 (50%)  
[  5] 269.00-270.00 sec   809 KBytes  6.62 Mbits/sec  1.191 ms  686/1376 (50%)  
[  5] 270.00-271.00 sec   720 KBytes  5.90 Mbits/sec  1.146 ms  632/1246 (51%)  
[  5] 271.00-272.00 sec   798 KBytes  6.54 Mbits/sec  1.222 ms  653/1334 (49%)  
[  5] 272.00-273.00 sec   720 KBytes  5.89 Mbits/sec  1.083 ms  582/1196 (49%)  
[  5] 273.00-274.00 sec   709 KBytes  5.81 Mbits/sec  1.172 ms  568/1173 (48%)  
[  5] 274.00-275.00 sec   686 KBytes  5.62 Mbits/sec  1.371 ms  589/1174 (50%)  
[  5] 275.00-276.00 sec   809 KBytes  6.63 Mbits/sec  1.172 ms  674/1364 (49%)  
[  5] 276.00-277.00 sec   680 KBytes  5.56 Mbits/sec  1.102 ms  528/1108 (48%)  
[  5] 277.00-278.00 sec   809 KBytes  6.63 Mbits/sec  1.133 ms  659/1349 (49%)  
[  5] 278.00-279.00 sec   718 KBytes  5.88 Mbits/sec  1.024 ms  600/1213 (49%)  
[  5] 279.00-280.00 sec   799 KBytes  6.54 Mbits/sec  1.159 ms  669/1351 (50%)  
[  5] 280.00-281.00 sec   718 KBytes  5.89 Mbits/sec  1.075 ms  595/1208 (49%)  
[  5] 281.00-282.00 sec   799 KBytes  6.55 Mbits/sec  1.101 ms  654/1336 (49%)  
[  5] 282.00-283.00 sec   718 KBytes  5.89 Mbits/sec  1.136 ms  610/1223 (50%)  
[  5] 283.00-284.00 sec   709 KBytes  5.81 Mbits/sec  1.072 ms  577/1182 (49%)  
[  5] 284.00-285.00 sec   809 KBytes  6.62 Mbits/sec  1.103 ms  645/1335 (48%)  
[  5] 285.00-286.00 sec   709 KBytes  5.81 Mbits/sec  1.154 ms  581/1186 (49%)  
[  5] 286.00-287.00 sec   688 KBytes  5.64 Mbits/sec  1.082 ms  605/1192 (51%)  
[  5] 287.00-288.00 sec   710 KBytes  5.81 Mbits/sec  1.186 ms  607/1213 (50%)  
[  5] 288.00-289.00 sec   807 KBytes  6.62 Mbits/sec  1.152 ms  663/1352 (49%)  
[  5] 289.00-290.00 sec   710 KBytes  5.82 Mbits/sec  1.138 ms  572/1178 (49%)  
[  5] 290.00-291.00 sec   712 KBytes  5.84 Mbits/sec  1.086 ms  576/1184 (49%)  
[  5] 291.00-292.00 sec   703 KBytes  5.76 Mbits/sec  1.219 ms  567/1167 (49%)  
[  5] 292.00-293.00 sec   779 KBytes  6.38 Mbits/sec  1.056 ms  636/1301 (49%)  
[  5] 293.00-294.00 sec   709 KBytes  5.80 Mbits/sec  1.114 ms  548/1153 (48%)  
[  5] 294.00-295.00 sec   718 KBytes  5.89 Mbits/sec  1.016 ms  591/1204 (49%)  
[  5] 295.00-296.00 sec   799 KBytes  6.54 Mbits/sec  1.192 ms  652/1334 (49%)  
[  5] 296.00-297.00 sec   718 KBytes  5.89 Mbits/sec  1.169 ms  621/1234 (50%)  
[  5] 297.00-298.00 sec   709 KBytes  5.81 Mbits/sec  1.126 ms  610/1215 (50%)  
[  5] 298.00-299.00 sec   689 KBytes  5.64 Mbits/sec  1.108 ms  589/1177 (50%)  
[  5] 299.00-300.00 sec   709 KBytes  5.81 Mbits/sec  1.196 ms  608/1213 (50%)  
[  5] 300.00-301.00 sec   709 KBytes  5.80 Mbits/sec  1.136 ms  584/1189 (49%)  
[  5] 301.00-302.00 sec   619 KBytes  5.07 Mbits/sec  1.064 ms  523/1051 (50%)  
[  5] 302.00-303.00 sec   688 KBytes  5.63 Mbits/sec  1.156 ms  590/1177 (50%)  
[  5] 303.00-304.00 sec   697 KBytes  5.71 Mbits/sec  1.198 ms  626/1221 (51%)  
[  5] 304.00-305.00 sec   720 KBytes  5.89 Mbits/sec  1.203 ms  655/1269 (52%)  
[  5] 305.00-306.00 sec   709 KBytes  5.81 Mbits/sec  1.122 ms  591/1196 (49%)  
[  5] 306.00-307.00 sec   697 KBytes  5.71 Mbits/sec  1.184 ms  597/1192 (50%)  
[  5] 307.00-308.00 sec   718 KBytes  5.89 Mbits/sec  1.095 ms  596/1209 (49%)  
[  5] 308.00-309.00 sec   709 KBytes  5.81 Mbits/sec  1.240 ms  600/1205 (50%)  
[  5] 309.00-310.00 sec   689 KBytes  5.65 Mbits/sec  1.089 ms  570/1158 (49%)  
[  5] 310.00-311.00 sec   709 KBytes  5.81 Mbits/sec  1.191 ms  588/1193 (49%)  
[  5] 311.00-312.00 sec   709 KBytes  5.81 Mbits/sec  1.142 ms  599/1204 (50%)  
[  5] 312.00-313.00 sec   689 KBytes  5.65 Mbits/sec  1.029 ms  597/1185 (50%)  
[  5] 313.00-314.00 sec   838 KBytes  6.86 Mbits/sec  1.167 ms  820/1535 (53%)  
[  5] 314.00-315.00 sec   680 KBytes  5.57 Mbits/sec  1.335 ms  701/1281 (55%)  
[  5] 315.00-316.00 sec   709 KBytes  5.81 Mbits/sec  1.155 ms  707/1312 (54%)  
[  5] 316.00-317.00 sec   718 KBytes  5.88 Mbits/sec  1.041 ms  715/1328 (54%)  
[  5] 317.00-318.00 sec   709 KBytes  5.81 Mbits/sec  1.167 ms  671/1276 (53%)  
[  5] 318.00-319.00 sec   718 KBytes  5.88 Mbits/sec  1.076 ms  654/1267 (52%)  
[  5] 319.00-320.00 sec   679 KBytes  5.56 Mbits/sec  1.178 ms  614/1193 (51%)  
[  5] 320.00-321.00 sec   698 KBytes  5.72 Mbits/sec  1.169 ms  695/1291 (54%)  
[  5] 321.00-322.00 sec   619 KBytes  5.07 Mbits/sec  1.260 ms  573/1101 (52%)  
[  5] 322.00-323.00 sec   580 KBytes  4.75 Mbits/sec  1.241 ms  526/1021 (52%)  
[  5] 323.00-324.00 sec   718 KBytes  5.88 Mbits/sec  1.120 ms  650/1263 (51%)  
[  5] 324.00-325.00 sec   709 KBytes  5.81 Mbits/sec  1.446 ms  699/1304 (54%)  
[  5] 325.00-326.00 sec   619 KBytes  5.07 Mbits/sec  1.094 ms  526/1054 (50%)  
[  5] 326.00-327.00 sec   689 KBytes  5.65 Mbits/sec  1.081 ms  556/1144 (49%)  
[  5] 327.00-328.00 sec   709 KBytes  5.80 Mbits/sec  1.202 ms  549/1154 (48%)  
[  5] 328.00-329.00 sec   709 KBytes  5.82 Mbits/sec  1.175 ms  580/1185 (49%)  
[  5] 329.00-330.00 sec   718 KBytes  5.88 Mbits/sec  1.169 ms  615/1228 (50%)  
[  5] 330.00-331.00 sec   709 KBytes  5.81 Mbits/sec  1.356 ms  645/1250 (52%)  
[  5] 331.00-332.00 sec   689 KBytes  5.64 Mbits/sec  1.181 ms  651/1239 (53%)  
[  5] 332.00-333.00 sec   703 KBytes  5.75 Mbits/sec  1.127 ms  638/1238 (52%)  
[  5] 333.00-334.00 sec   619 KBytes  5.07 Mbits/sec  1.097 ms  564/1092 (52%)  
[  5] 334.00-335.00 sec   720 KBytes  5.90 Mbits/sec  1.138 ms  787/1401 (56%)  
[  5] 335.00-336.00 sec   679 KBytes  5.56 Mbits/sec  1.112 ms  706/1285 (55%)  
[  5] 336.00-337.00 sec   709 KBytes  5.81 Mbits/sec  1.149 ms  798/1403 (57%)  
[  5] 337.00-338.00 sec   720 KBytes  5.89 Mbits/sec  1.148 ms  725/1339 (54%)  
[  5] 338.00-339.00 sec   708 KBytes  5.80 Mbits/sec  1.117 ms  690/1294 (53%)  
[  5] 339.00-340.00 sec   689 KBytes  5.64 Mbits/sec  1.106 ms  705/1293 (55%)  
[  5] 340.00-341.00 sec   619 KBytes  5.07 Mbits/sec  1.110 ms  580/1108 (52%)  
[  5] 341.00-342.00 sec   710 KBytes  5.81 Mbits/sec  1.145 ms  683/1289 (53%)  
[  5] 342.00-343.00 sec   708 KBytes  5.80 Mbits/sec  1.238 ms  650/1254 (52%)  
[  5] 343.00-344.00 sec   689 KBytes  5.65 Mbits/sec  1.112 ms  632/1220 (52%)  
[  5] 344.00-345.00 sec   709 KBytes  5.81 Mbits/sec  1.338 ms  664/1269 (52%)  
[  5] 345.00-346.00 sec   718 KBytes  5.88 Mbits/sec  1.127 ms  680/1293 (53%)  
[  5] 346.00-347.00 sec   709 KBytes  5.81 Mbits/sec  1.151 ms  689/1294 (53%)  
[  5] 347.00-348.00 sec   709 KBytes  5.81 Mbits/sec  1.162 ms  741/1346 (55%)  
[  5] 348.00-349.00 sec   689 KBytes  5.64 Mbits/sec  1.172 ms  667/1255 (53%)  
[  5] 349.00-350.00 sec   709 KBytes  5.81 Mbits/sec  1.207 ms  668/1273 (52%)  
[  5] 350.00-351.00 sec   608 KBytes  4.98 Mbits/sec  1.389 ms  583/1102 (53%)  
[  5] 351.00-352.00 sec   620 KBytes  5.08 Mbits/sec  1.133 ms  590/1119 (53%)  
[  5] 352.00-353.00 sec   588 KBytes  4.83 Mbits/sec  1.284 ms  546/1048 (52%)  
[  5] 353.00-354.00 sec   629 KBytes  5.16 Mbits/sec  1.132 ms  600/1137 (53%)  
[  5] 354.00-355.00 sec   680 KBytes  5.57 Mbits/sec  1.182 ms  637/1217 (52%)  
[  5] 355.00-356.00 sec   708 KBytes  5.80 Mbits/sec  1.173 ms  641/1245 (51%)  
[  5] 356.00-357.00 sec   619 KBytes  5.07 Mbits/sec  1.205 ms  574/1102 (52%)  
[  5] 357.00-358.00 sec   689 KBytes  5.65 Mbits/sec  1.197 ms  646/1234 (52%)  
[  5] 358.00-359.00 sec   710 KBytes  5.82 Mbits/sec  1.126 ms  640/1246 (51%)  
[  5] 359.00-360.00 sec   718 KBytes  5.89 Mbits/sec  1.079 ms  636/1249 (51%)  
[  5] 360.00-361.00 sec   709 KBytes  5.81 Mbits/sec  1.163 ms  663/1268 (52%)  
[  5] 361.00-362.00 sec   588 KBytes  4.82 Mbits/sec  1.207 ms  560/1062 (53%)  
[  5] 362.00-363.00 sec   709 KBytes  5.81 Mbits/sec  1.267 ms  660/1265 (52%)  
[  5] 363.00-364.00 sec   720 KBytes  5.89 Mbits/sec  1.253 ms  689/1303 (53%)  
[  5] 364.00-365.00 sec   691 KBytes  5.66 Mbits/sec  1.206 ms  743/1333 (56%)  
[  5] 365.00-366.00 sec   688 KBytes  5.63 Mbits/sec  1.220 ms  758/1345 (56%)  
[  5] 366.00-367.00 sec   709 KBytes  5.81 Mbits/sec  1.117 ms  884/1489 (59%)  
[  5] 367.00-368.00 sec   709 KBytes  5.81 Mbits/sec  1.247 ms  827/1432 (58%)  
[  5] 368.00-369.00 sec   720 KBytes  5.89 Mbits/sec  1.166 ms  743/1357 (55%)  
[  5] 369.00-370.00 sec   588 KBytes  4.82 Mbits/sec  1.122 ms  590/1092 (54%)  
[  5] 370.00-371.00 sec   709 KBytes  5.81 Mbits/sec  1.195 ms  724/1329 (54%)  
[  5] 371.00-372.00 sec   718 KBytes  5.88 Mbits/sec  1.060 ms  684/1297 (53%)  
[  5] 372.00-373.00 sec   709 KBytes  5.81 Mbits/sec  1.283 ms  710/1315 (54%)  
[  5] 373.00-374.00 sec   720 KBytes  5.90 Mbits/sec  1.136 ms  712/1326 (54%)  
[  5] 374.00-375.00 sec   680 KBytes  5.57 Mbits/sec  1.145 ms  611/1191 (51%)  
[  5] 375.00-376.00 sec   709 KBytes  5.81 Mbits/sec  1.136 ms  659/1264 (52%)  
[  5] 376.00-377.00 sec   718 KBytes  5.88 Mbits/sec  1.023 ms  671/1284 (52%)  
[  5] 377.00-378.00 sec   708 KBytes  5.80 Mbits/sec  1.226 ms  666/1270 (52%)  
[  5] 378.00-379.00 sec   709 KBytes  5.81 Mbits/sec  1.130 ms  716/1321 (54%)  
[  5] 379.00-380.00 sec   679 KBytes  5.56 Mbits/sec  1.118 ms  624/1203 (52%)  
[  5] 380.00-381.00 sec   709 KBytes  5.81 Mbits/sec  1.244 ms  683/1288 (53%)  
[  5] 381.00-382.00 sec   720 KBytes  5.89 Mbits/sec  1.094 ms  677/1291 (52%)  
[  5] 382.00-383.00 sec   709 KBytes  5.81 Mbits/sec  1.130 ms  665/1270 (52%)  
[  5] 383.00-384.00 sec   709 KBytes  5.81 Mbits/sec  1.223 ms  684/1289 (53%)  
[  5] 384.00-385.00 sec   716 KBytes  5.87 Mbits/sec  1.153 ms  648/1259 (51%)  
[  5] 385.00-386.00 sec   589 KBytes  4.83 Mbits/sec  1.157 ms  562/1067 (53%)  
[  5] 386.00-387.00 sec   709 KBytes  5.81 Mbits/sec  1.191 ms  653/1258 (52%)  
[  5] 387.00-388.00 sec   718 KBytes  5.88 Mbits/sec  1.074 ms  695/1308 (53%)  
[  5] 388.00-389.00 sec   709 KBytes  5.81 Mbits/sec  1.144 ms  665/1270 (52%)  
[  5] 389.00-390.00 sec   588 KBytes  4.81 Mbits/sec  1.263 ms  545/1047 (52%)  
[  5] 390.00-391.00 sec   720 KBytes  5.90 Mbits/sec  1.140 ms  639/1253 (51%)  
[  5] 391.00-392.00 sec   709 KBytes  5.81 Mbits/sec  1.193 ms  624/1229 (51%)  
[  5] 392.00-393.00 sec   709 KBytes  5.80 Mbits/sec  1.146 ms  655/1260 (52%)  
[  5] 393.00-394.00 sec   588 KBytes  4.82 Mbits/sec  1.219 ms  562/1064 (53%)  
[  5] 394.00-395.00 sec   720 KBytes  5.89 Mbits/sec  1.109 ms  679/1293 (53%)  
[  5] 395.00-396.00 sec   709 KBytes  5.80 Mbits/sec  1.158 ms  641/1246 (51%)  
[  5] 396.00-397.00 sec   718 KBytes  5.89 Mbits/sec  1.122 ms  692/1305 (53%)  
[  5] 397.00-398.00 sec   589 KBytes  4.83 Mbits/sec  1.151 ms  565/1068 (53%)  
[  5] 398.00-399.00 sec   709 KBytes  5.81 Mbits/sec  1.280 ms  681/1286 (53%)  
[  5] 399.00-400.00 sec   709 KBytes  5.81 Mbits/sec  1.180 ms  688/1293 (53%)  
[  5] 400.00-401.00 sec   628 KBytes  5.15 Mbits/sec  1.197 ms  650/1186 (55%)  
[  5] 401.00-402.00 sec   680 KBytes  5.57 Mbits/sec  1.180 ms  622/1202 (52%)  
[  5] 402.00-403.00 sec   709 KBytes  5.80 Mbits/sec  1.194 ms  689/1294 (53%)  
[  5] 403.00-404.00 sec   698 KBytes  5.73 Mbits/sec  1.111 ms  740/1336 (55%)  
[  5] 404.00-405.00 sec   709 KBytes  5.81 Mbits/sec  1.260 ms  686/1291 (53%)  
[  5] 405.00-406.00 sec   619 KBytes  5.07 Mbits/sec  1.127 ms  591/1119 (53%)  
[  5] 406.00-407.00 sec   680 KBytes  5.57 Mbits/sec  1.263 ms  677/1257 (54%)  
[  5] 407.00-408.00 sec   718 KBytes  5.88 Mbits/sec  1.204 ms  707/1320 (54%)  
[  5] 408.00-409.00 sec   709 KBytes  5.81 Mbits/sec  1.208 ms  691/1296 (53%)  
[  5] 409.00-410.00 sec   718 KBytes  5.88 Mbits/sec  1.105 ms  716/1329 (54%)  
[  5] 410.00-411.00 sec   701 KBytes  5.74 Mbits/sec  1.358 ms  661/1259 (53%)  
[  5] 411.00-412.00 sec   720 KBytes  5.89 Mbits/sec  1.119 ms  704/1318 (53%)  
[  5] 412.00-413.00 sec   667 KBytes  5.46 Mbits/sec  1.204 ms  635/1204 (53%)  
