Connecting to host 172.22.0.50, port 5201
Reverse mode, remote host 172.22.0.50 is sending
[  5] local 192.168.100.2 port 46727 connected to 172.22.0.50 port 5201
[ ID] Interval           Transfer     Bitrate         Jitter    Lost/Total Datagrams
[  5]   0.00-1.00   sec  1.44 MBytes  12.0 Mbits/sec  0.908 ms  0/1254 (0%)  
[  5]   1.00-2.00   sec  1.43 MBytes  12.0 Mbits/sec  0.886 ms  0/1251 (0%)  
[  5]   2.00-3.00   sec  1.43 MBytes  12.0 Mbits/sec  0.868 ms  0/1247 (0%)  
[  5]   3.00-4.00   sec  1.43 MBytes  12.0 Mbits/sec  0.837 ms  0/1251 (0%)  
[  5]   4.00-5.00   sec  1.43 MBytes  12.0 Mbits/sec  0.785 ms  0/1247 (0%)  
[  5]   5.00-6.00   sec  1.43 MBytes  12.0 Mbits/sec  0.955 ms  0/1248 (0%)  
[  5]   6.00-7.00   sec  1.44 MBytes  12.0 Mbits/sec  0.908 ms  0/1254 (0%)  
[  5]   7.00-8.00   sec  1.42 MBytes  11.9 Mbits/sec  1.246 ms  0/1243 (0%)  
[  5]   8.00-9.00   sec  1.44 MBytes  12.1 Mbits/sec  0.989 ms  0/1257 (0%)  
[  5]   9.00-10.00  sec  1.43 MBytes  12.0 Mbits/sec  0.940 ms  0/1250 (0%)  
[  5]  10.00-11.00  sec  1.43 MBytes  12.0 Mbits/sec  0.990 ms  0/1251 (0%)  
[  5]  11.00-12.00  sec  1.43 MBytes  12.0 Mbits/sec  1.037 ms  0/1248 (0%)  
[  5]  12.00-13.00  sec  1.43 MBytes  12.0 Mbits/sec  0.761 ms  0/1253 (0%)  
[  5]  13.00-14.00  sec  1.42 MBytes  11.9 Mbits/sec  1.175 ms  0/1244 (0%)  
[  5]  14.00-15.00  sec  1.44 MBytes  12.1 Mbits/sec  0.891 ms  0/1255 (0%)  
[  5]  15.00-16.00  sec  1.43 MBytes  12.0 Mbits/sec  0.695 ms  0/1250 (0%)  
[  5]  16.00-17.00  sec   585 KBytes  4.79 Mbits/sec  1.510 ms  0/499 (0%)  
[  5]  17.00-18.00  sec   568 KBytes  4.66 Mbits/sec  1.429 ms  0/485 (0%)  
[  5]  18.00-19.00  sec   559 KBytes  4.58 Mbits/sec  1.523 ms  0/477 (0%)  
[  5]  19.00-20.00  sec   558 KBytes  4.57 Mbits/sec  1.615 ms  0/476 (0%)  
[  5]  20.00-21.00  sec   553 KBytes  4.53 Mbits/sec  1.579 ms  0/472 (0%)  
[  5]  21.00-22.00  sec   548 KBytes  4.49 Mbits/sec  1.669 ms  0/468 (0%)  
[  5]  22.00-23.00  sec   561 KBytes  4.60 Mbits/sec  1.360 ms  0/479 (0%)  
[  5]  23.00-24.00  sec   559 KBytes  4.58 Mbits/sec  1.420 ms  0/477 (0%)  
[  5]  24.00-25.00  sec   558 KBytes  4.57 Mbits/sec  1.481 ms  0/476 (0%)  
[  5]  25.00-26.00  sec   561 KBytes  4.60 Mbits/sec  1.290 ms  0/479 (0%)  
[  5]  26.00-27.00  sec   615 KBytes  5.03 Mbits/sec  1.323 ms  0/525 (0%)  
[  5]  27.00-28.00  sec   643 KBytes  5.27 Mbits/sec  1.464 ms  0/549 (0%)  
[  5]  28.00-29.00  sec   620 KBytes  5.08 Mbits/sec  1.369 ms  0/529 (0%)  
[  5]  29.00-30.00  sec   620 KBytes  5.08 Mbits/sec  1.337 ms  0/529 (0%)  
[  5]  30.00-31.00  sec   629 KBytes  5.15 Mbits/sec  1.207 ms  0/537 (0%)  
[  5]  31.00-32.00  sec   700 KBytes  5.73 Mbits/sec  1.038 ms  0/597 (0%)  
[  5]  32.00-33.00  sec   709 KBytes  5.81 Mbits/sec  1.277 ms  0/605 (0%)  
[  5]  33.00-34.00  sec   707 KBytes  5.79 Mbits/sec  1.245 ms  0/603 (0%)  
[  5]  34.00-35.00  sec   700 KBytes  5.73 Mbits/sec  1.355 ms  0/597 (0%)  
[  5]  35.00-36.00  sec   711 KBytes  5.83 Mbits/sec  1.198 ms  0/607 (0%)  
[  5]  36.00-37.00  sec   751 KBytes  6.15 Mbits/sec  0.948 ms  0/641 (0%)  
[  5]  37.00-38.00  sec   755 KBytes  6.18 Mbits/sec  1.189 ms  0/644 (0%)  
[  5]  38.00-39.00  sec   761 KBytes  6.23 Mbits/sec  1.172 ms  0/649 (0%)  
[  5]  39.00-40.00  sec   782 KBytes  6.41 Mbits/sec  1.241 ms  0/667 (0%)  
[  5]  40.00-41.00  sec   614 KBytes  5.03 Mbits/sec  1.334 ms  544/1068 (51%)  
[  5]  41.00-42.00  sec   820 KBytes  6.72 Mbits/sec  1.281 ms  930/1630 (57%)  
[  5]  42.00-43.00  sec   825 KBytes  6.75 Mbits/sec  1.336 ms  956/1660 (58%)  
[  5]  43.00-44.00  sec   717 KBytes  5.88 Mbits/sec  1.238 ms  816/1428 (57%)  
[  5]  44.00-45.00  sec   823 KBytes  6.74 Mbits/sec  1.168 ms  761/1463 (52%)  
[  5]  45.00-46.00  sec   703 KBytes  5.76 Mbits/sec  1.239 ms  634/1234 (51%)  
[  5]  46.00-47.00  sec   824 KBytes  6.75 Mbits/sec  1.189 ms  763/1466 (52%)  
[  5]  47.00-48.00  sec   711 KBytes  5.82 Mbits/sec  1.274 ms  674/1281 (53%)  
[  5]  48.00-49.00  sec   720 KBytes  5.90 Mbits/sec  1.164 ms  609/1223 (50%)  
[  5]  49.00-50.00  sec   812 KBytes  6.65 Mbits/sec  1.172 ms  655/1348 (49%)  
[  5]  50.00-51.00  sec   823 KBytes  6.74 Mbits/sec  1.156 ms  660/1362 (48%)  
[  5]  51.00-52.00  sec   718 KBytes  5.89 Mbits/sec  1.073 ms  549/1162 (47%)  
[  5]  52.00-53.00  sec   820 KBytes  6.72 Mbits/sec  1.094 ms  618/1318 (47%)  
[  5]  53.00-54.00  sec   704 KBytes  5.77 Mbits/sec  1.130 ms  541/1142 (47%)  
[  5]  54.00-55.00  sec   820 KBytes  6.72 Mbits/sec  1.048 ms  601/1301 (46%)  
[  5]  55.00-56.00  sec   718 KBytes  5.89 Mbits/sec  1.089 ms  518/1131 (46%)  
[  5]  56.00-57.00  sec   819 KBytes  6.71 Mbits/sec  1.101 ms  615/1314 (47%)  
[  5]  57.00-58.00  sec   707 KBytes  5.79 Mbits/sec  1.051 ms  588/1191 (49%)  
[  5]  58.00-59.00  sec   720 KBytes  5.89 Mbits/sec  1.089 ms  552/1166 (47%)  
[  5]  59.00-60.00  sec   819 KBytes  6.71 Mbits/sec  0.993 ms  676/1375 (49%)  
[  5]  60.00-61.00  sec   720 KBytes  5.89 Mbits/sec  1.155 ms  566/1180 (48%)  
[  5]  61.00-62.00  sec   720 KBytes  5.89 Mbits/sec  1.050 ms  535/1149 (47%)  
[  5]  62.00-63.00  sec   709 KBytes  5.81 Mbits/sec  1.253 ms  542/1147 (47%)  
[  5]  63.00-64.00  sec   820 KBytes  6.72 Mbits/sec  1.065 ms  622/1322 (47%)  
[  5]  64.00-65.00  sec   718 KBytes  5.88 Mbits/sec  1.065 ms  549/1162 (47%)  
[  5]  65.00-66.00  sec   698 KBytes  5.72 Mbits/sec  1.107 ms  569/1165 (49%)  
[  5]  66.00-67.00  sec   812 KBytes  6.65 Mbits/sec  1.096 ms  621/1314 (47%)  
[  5]  67.00-68.00  sec   721 KBytes  5.90 Mbits/sec  1.084 ms  547/1162 (47%)  
[  5]  68.00-69.00  sec   715 KBytes  5.86 Mbits/sec  1.047 ms  566/1176 (48%)  
[  5]  69.00-70.00  sec   810 KBytes  6.63 Mbits/sec  1.218 ms  612/1303 (47%)  
[  5]  70.00-71.00  sec   720 KBytes  5.90 Mbits/sec  1.123 ms  594/1208 (49%)  
[  5]  71.00-72.00  sec   729 KBytes  5.97 Mbits/sec  1.013 ms  595/1217 (49%)  
[  5]  72.00-73.00  sec   810 KBytes  6.63 Mbits/sec  1.117 ms  654/1345 (49%)  
[  5]  73.00-74.00  sec   820 KBytes  6.72 Mbits/sec  1.091 ms  691/1391 (50%)  
[  5]  74.00-75.00  sec   714 KBytes  5.85 Mbits/sec  1.086 ms  624/1233 (51%)  
[  5]  75.00-76.00  sec   820 KBytes  6.72 Mbits/sec  1.093 ms  672/1372 (49%)  
[  5]  76.00-77.00  sec   720 KBytes  5.89 Mbits/sec  1.116 ms  579/1193 (49%)  
[  5]  77.00-78.00  sec   718 KBytes  5.89 Mbits/sec  1.109 ms  574/1187 (48%)  
[  5]  78.00-79.00  sec   820 KBytes  6.72 Mbits/sec  1.164 ms  658/1358 (48%)  
[  5]  79.00-80.00  sec   720 KBytes  5.89 Mbits/sec  1.122 ms  572/1186 (48%)  
[  5]  80.00-81.00  sec   820 KBytes  6.72 Mbits/sec  1.177 ms  675/1375 (49%)  
[  5]  81.00-82.00  sec   720 KBytes  5.89 Mbits/sec  1.121 ms  599/1213 (49%)  
[  5]  82.00-83.00  sec   823 KBytes  6.74 Mbits/sec  0.986 ms  675/1377 (49%)  
[  5]  83.00-84.00  sec   810 KBytes  6.64 Mbits/sec  1.122 ms  665/1356 (49%)  
[  5]  84.00-85.00  sec   730 KBytes  5.98 Mbits/sec  1.072 ms  562/1185 (47%)  
[  5]  85.00-86.00  sec   810 KBytes  6.63 Mbits/sec  1.070 ms  605/1296 (47%)  
[  5]  86.00-87.00  sec   703 KBytes  5.76 Mbits/sec  1.115 ms  551/1151 (48%)  
[  5]  87.00-88.00  sec   752 KBytes  6.16 Mbits/sec  2.694 ms  575/1217 (47%)  
[  5]  88.00-89.00  sec   786 KBytes  6.44 Mbits/sec  1.105 ms  624/1295 (48%)  
[  5]  89.00-90.00  sec   698 KBytes  5.72 Mbits/sec  1.009 ms  559/1155 (48%)  
[  5]  90.00-91.00  sec   844 KBytes  6.91 Mbits/sec  0.991 ms  670/1390 (48%)  
[  5]  91.00-92.00  sec   700 KBytes  5.73 Mbits/sec  1.082 ms  565/1162 (49%)  
[  5]  92.00-93.00  sec   841 KBytes  6.89 Mbits/sec  1.045 ms  621/1339 (46%)  
[  5]  93.00-94.00  sec   688 KBytes  5.63 Mbits/sec  1.090 ms  539/1126 (48%)  
[  5]  94.00-95.00  sec   729 KBytes  5.97 Mbits/sec  1.066 ms  543/1165 (47%)  
[  5]  95.00-96.00  sec   810 KBytes  6.64 Mbits/sec  1.111 ms  597/1288 (46%)  
[  5]  96.00-97.00  sec   730 KBytes  5.98 Mbits/sec  1.068 ms  553/1176 (47%)  
[  5]  97.00-98.00  sec   811 KBytes  6.64 Mbits/sec  1.124 ms  613/1305 (47%)  
[  5]  98.00-99.00  sec   718 KBytes  5.89 Mbits/sec  1.049 ms  571/1184 (48%)  
[  5]  99.00-100.00 sec   820 KBytes  6.72 Mbits/sec  1.139 ms  668/1368 (49%)  
[  5] 100.00-101.00 sec   721 KBytes  5.90 Mbits/sec  7.600 ms  583/1198 (49%)  
[  5] 101.00-102.00 sec   818 KBytes  6.70 Mbits/sec  1.150 ms  622/1320 (47%)  
[  5] 102.00-103.00 sec   707 KBytes  5.79 Mbits/sec  1.119 ms  572/1175 (49%)  
[  5] 103.00-104.00 sec   773 KBytes  6.34 Mbits/sec  1.486 ms  624/1284 (49%)  
[  5] 104.00-105.00 sec   765 KBytes  6.27 Mbits/sec  1.078 ms  595/1249 (48%)  
[  5] 105.00-106.00 sec   720 KBytes  5.89 Mbits/sec  1.129 ms  564/1178 (48%)  
[  5] 106.00-107.00 sec   724 KBytes  5.93 Mbits/sec  7.275 ms  613/1231 (50%)  
[  5] 107.00-108.00 sec   816 KBytes  6.68 Mbits/sec  1.108 ms  638/1334 (48%)  
[  5] 108.00-109.00 sec   720 KBytes  5.90 Mbits/sec  1.035 ms  574/1188 (48%)  
[  5] 109.00-110.00 sec   790 KBytes  6.46 Mbits/sec  0.932 ms  603/1277 (47%)  
[  5] 110.00-111.00 sec   708 KBytes  5.81 Mbits/sec  1.101 ms  550/1154 (48%)  
[  5] 111.00-112.00 sec   820 KBytes  6.72 Mbits/sec  1.055 ms  636/1336 (48%)  
[  5] 112.00-113.00 sec   718 KBytes  5.89 Mbits/sec  1.102 ms  534/1147 (47%)  
[  5] 113.00-114.00 sec   838 KBytes  6.86 Mbits/sec  1.057 ms  656/1371 (48%)  
[  5] 114.00-115.00 sec   722 KBytes  5.92 Mbits/sec  1.088 ms  579/1195 (48%)  
[  5] 115.00-116.00 sec   820 KBytes  6.72 Mbits/sec  1.109 ms  664/1364 (49%)  
[  5] 116.00-117.00 sec   689 KBytes  5.64 Mbits/sec  1.124 ms  567/1155 (49%)  
[  5] 117.00-118.00 sec   820 KBytes  6.72 Mbits/sec  1.171 ms  654/1354 (48%)  
[  5] 118.00-119.00 sec   718 KBytes  5.88 Mbits/sec  1.126 ms  583/1196 (49%)  
[  5] 119.00-120.00 sec   820 KBytes  6.72 Mbits/sec  0.976 ms  672/1372 (49%)  
[  5] 120.00-121.00 sec   718 KBytes  5.88 Mbits/sec  1.078 ms  568/1181 (48%)  
[  5] 121.00-122.00 sec   718 KBytes  5.89 Mbits/sec  1.155 ms  560/1173 (48%)  
[  5] 122.00-123.00 sec   821 KBytes  6.73 Mbits/sec  1.120 ms  640/1341 (48%)  
[  5] 123.00-124.00 sec   720 KBytes  5.89 Mbits/sec  1.088 ms  586/1200 (49%)  
[  5] 124.00-125.00 sec   729 KBytes  5.97 Mbits/sec  1.024 ms  563/1185 (48%)  
[  5] 125.00-126.00 sec   810 KBytes  6.63 Mbits/sec  1.124 ms  611/1302 (47%)  
[  5] 126.00-127.00 sec   720 KBytes  5.89 Mbits/sec  1.216 ms  553/1167 (47%)  
[  5] 127.00-128.00 sec   729 KBytes  5.97 Mbits/sec  1.028 ms  556/1178 (47%)  
[  5] 128.00-129.00 sec   689 KBytes  5.65 Mbits/sec  0.954 ms  524/1112 (47%)  
[  5] 129.00-130.00 sec   825 KBytes  6.76 Mbits/sec  1.130 ms  664/1368 (49%)  
[  5] 130.00-131.00 sec   689 KBytes  5.65 Mbits/sec  1.126 ms  534/1122 (48%)  
[  5] 131.00-132.00 sec   823 KBytes  6.74 Mbits/sec  1.141 ms  652/1354 (48%)  
[  5] 132.00-133.00 sec   720 KBytes  5.89 Mbits/sec  1.101 ms  584/1198 (49%)  
[  5] 133.00-134.00 sec   811 KBytes  6.65 Mbits/sec  1.185 ms  666/1358 (49%)  
[  5] 134.00-135.00 sec   716 KBytes  5.87 Mbits/sec  1.020 ms  610/1221 (50%)  
[  5] 135.00-136.00 sec   708 KBytes  5.80 Mbits/sec  1.117 ms  583/1187 (49%)  
[  5] 136.00-137.00 sec   718 KBytes  5.88 Mbits/sec  1.084 ms  592/1205 (49%)  
[  5] 137.00-138.00 sec   820 KBytes  6.73 Mbits/sec  1.071 ms  653/1353 (48%)  
[  5] 138.00-139.00 sec   718 KBytes  5.88 Mbits/sec  1.213 ms  610/1223 (50%)  
[  5] 139.00-140.00 sec   813 KBytes  6.67 Mbits/sec  1.097 ms  706/1400 (50%)  
[  5] 140.00-141.00 sec   704 KBytes  5.77 Mbits/sec  1.175 ms  615/1216 (51%)  
[  5] 141.00-142.00 sec   820 KBytes  6.72 Mbits/sec  1.025 ms  653/1353 (48%)  
[  5] 142.00-143.00 sec   720 KBytes  5.89 Mbits/sec  1.091 ms  571/1185 (48%)  
[  5] 143.00-144.00 sec   820 KBytes  6.72 Mbits/sec  1.058 ms  647/1347 (48%)  
[  5] 144.00-145.00 sec   720 KBytes  5.89 Mbits/sec  1.199 ms  544/1158 (47%)  
[  5] 145.00-146.00 sec   810 KBytes  6.64 Mbits/sec  1.133 ms  617/1308 (47%)  
[  5] 146.00-147.00 sec   730 KBytes  5.98 Mbits/sec  1.089 ms  573/1196 (48%)  
[  5] 147.00-148.00 sec   810 KBytes  6.63 Mbits/sec  1.041 ms  662/1353 (49%)  
[  5] 148.00-149.00 sec   727 KBytes  5.95 Mbits/sec  1.086 ms  631/1251 (50%)  
[  5] 149.00-150.00 sec   809 KBytes  6.62 Mbits/sec  1.168 ms  656/1346 (49%)  
[  5] 150.00-151.00 sec   729 KBytes  5.97 Mbits/sec  1.050 ms  592/1214 (49%)  
[  5] 151.00-152.00 sec   807 KBytes  6.61 Mbits/sec  1.174 ms  613/1302 (47%)  
[  5] 152.00-153.00 sec   729 KBytes  5.97 Mbits/sec  1.059 ms  571/1193 (48%)  
[  5] 153.00-154.00 sec   805 KBytes  6.60 Mbits/sec  1.183 ms  610/1297 (47%)  
[  5] 154.00-155.00 sec   705 KBytes  5.78 Mbits/sec  1.396 ms  559/1161 (48%)  
[  5] 155.00-156.00 sec   691 KBytes  5.66 Mbits/sec  1.082 ms  553/1143 (48%)  
[  5] 156.00-157.00 sec   820 KBytes  6.72 Mbits/sec  1.118 ms  659/1359 (48%)  
[  5] 157.00-158.00 sec   720 KBytes  5.90 Mbits/sec  1.079 ms  546/1160 (47%)  
[  5] 158.00-159.00 sec   819 KBytes  6.71 Mbits/sec  1.086 ms  629/1328 (47%)  
[  5] 159.00-160.00 sec   720 KBytes  5.89 Mbits/sec  1.090 ms  555/1169 (47%)  
[  5] 160.00-161.00 sec   819 KBytes  6.70 Mbits/sec  0.959 ms  621/1320 (47%)  
[  5] 161.00-162.00 sec   696 KBytes  5.71 Mbits/sec  1.098 ms  576/1170 (49%)  
[  5] 162.00-163.00 sec   827 KBytes  6.78 Mbits/sec  1.097 ms  668/1374 (49%)  
[  5] 163.00-164.00 sec   698 KBytes  5.72 Mbits/sec  1.117 ms  563/1159 (49%)  
[  5] 164.00-165.00 sec   807 KBytes  6.61 Mbits/sec  1.189 ms  652/1341 (49%)  
[  5] 165.00-166.00 sec   729 KBytes  5.97 Mbits/sec  1.077 ms  590/1212 (49%)  
[  5] 166.00-167.00 sec   717 KBytes  5.87 Mbits/sec  1.139 ms  548/1160 (47%)  
[  5] 167.00-168.00 sec   811 KBytes  6.65 Mbits/sec  1.044 ms  645/1337 (48%)  
[  5] 168.00-169.00 sec   729 KBytes  5.97 Mbits/sec  1.084 ms  596/1218 (49%)  
[  5] 169.00-170.00 sec   718 KBytes  5.88 Mbits/sec  1.101 ms  560/1173 (48%)  
[  5] 170.00-171.00 sec   820 KBytes  6.72 Mbits/sec  1.037 ms  623/1323 (47%)  
[  5] 171.00-172.00 sec   688 KBytes  5.64 Mbits/sec  0.973 ms  548/1135 (48%)  
[  5] 172.00-173.00 sec   844 KBytes  6.90 Mbits/sec  1.099 ms  672/1392 (48%)  
[  5] 173.00-174.00 sec   698 KBytes  5.73 Mbits/sec  1.070 ms  536/1132 (47%)  
[  5] 174.00-175.00 sec   811 KBytes  6.64 Mbits/sec  1.141 ms  609/1301 (47%)  
[  5] 175.00-176.00 sec   728 KBytes  5.96 Mbits/sec  1.013 ms  560/1181 (47%)  
[  5] 176.00-177.00 sec   840 KBytes  6.88 Mbits/sec  1.111 ms  633/1350 (47%)  
[  5] 177.00-178.00 sec   689 KBytes  5.64 Mbits/sec  1.111 ms  535/1123 (48%)  
[  5] 178.00-179.00 sec   820 KBytes  6.72 Mbits/sec  1.087 ms  670/1370 (49%)  
[  5] 179.00-180.00 sec   720 KBytes  5.90 Mbits/sec  1.088 ms  603/1217 (50%)  
[  5] 180.00-181.00 sec   814 KBytes  6.67 Mbits/sec  1.180 ms  716/1411 (51%)  
[  5] 181.00-182.00 sec   705 KBytes  5.77 Mbits/sec  1.098 ms  592/1194 (50%)  
[  5] 182.00-183.00 sec   728 KBytes  5.97 Mbits/sec  1.018 ms  562/1183 (48%)  
[  5] 183.00-184.00 sec   711 KBytes  5.83 Mbits/sec  1.197 ms  563/1170 (48%)  
[  5] 184.00-185.00 sec   688 KBytes  5.64 Mbits/sec  1.124 ms  516/1103 (47%)  
[  5] 185.00-186.00 sec   820 KBytes  6.72 Mbits/sec  1.081 ms  626/1326 (47%)  
[  5] 186.00-187.00 sec   720 KBytes  5.89 Mbits/sec  1.075 ms  539/1153 (47%)  
[  5] 187.00-188.00 sec   720 KBytes  5.89 Mbits/sec  1.086 ms  571/1185 (48%)  
[  5] 188.00-189.00 sec   720 KBytes  5.89 Mbits/sec  1.043 ms  574/1188 (48%)  
[  5] 189.00-190.00 sec   820 KBytes  6.72 Mbits/sec  1.096 ms  647/1347 (48%)  
[  5] 190.00-191.00 sec   689 KBytes  5.64 Mbits/sec  1.149 ms  531/1119 (47%)  
[  5] 191.00-192.00 sec   720 KBytes  5.90 Mbits/sec  1.124 ms  561/1175 (48%)  
[  5] 192.00-193.00 sec   820 KBytes  6.72 Mbits/sec  1.163 ms  621/1321 (47%)  
[  5] 193.00-194.00 sec   718 KBytes  5.88 Mbits/sec  1.118 ms  567/1180 (48%)  
[  5] 194.00-195.00 sec   820 KBytes  6.72 Mbits/sec  1.107 ms  690/1390 (50%)  
[  5] 195.00-196.00 sec   718 KBytes  5.89 Mbits/sec  1.149 ms  605/1218 (50%)  
[  5] 196.00-197.00 sec   716 KBytes  5.87 Mbits/sec  1.168 ms  628/1239 (51%)  
[  5] 197.00-198.00 sec   718 KBytes  5.88 Mbits/sec  1.149 ms  651/1264 (52%)  
[  5] 198.00-199.00 sec   816 KBytes  6.68 Mbits/sec  1.108 ms  703/1399 (50%)  
[  5] 199.00-200.00 sec   710 KBytes  5.81 Mbits/sec  1.166 ms  608/1214 (50%)  
[  5] 200.00-201.00 sec   718 KBytes  5.89 Mbits/sec  1.174 ms  581/1194 (49%)  
[  5] 201.00-202.00 sec   730 KBytes  5.98 Mbits/sec  1.096 ms  610/1233 (49%)  
[  5] 202.00-203.00 sec   810 KBytes  6.64 Mbits/sec  1.099 ms  632/1323 (48%)  
[  5] 203.00-204.00 sec   812 KBytes  6.65 Mbits/sec  1.151 ms  678/1371 (49%)  
[  5] 204.00-205.00 sec   712 KBytes  5.84 Mbits/sec  1.138 ms  596/1204 (50%)  
[  5] 205.00-206.00 sec   710 KBytes  5.82 Mbits/sec  3.310 ms  561/1167 (48%)  
[  5] 206.00-207.00 sec   800 KBytes  6.56 Mbits/sec  1.044 ms  625/1308 (48%)  
[  5] 207.00-208.00 sec   720 KBytes  5.89 Mbits/sec  1.082 ms  552/1166 (47%)  
[  5] 208.00-209.00 sec   838 KBytes  6.86 Mbits/sec  1.095 ms  716/1431 (50%)  
[  5] 209.00-210.00 sec   710 KBytes  5.82 Mbits/sec  1.078 ms  675/1281 (53%)  
[  5] 210.00-211.00 sec   809 KBytes  6.62 Mbits/sec  1.103 ms  675/1365 (49%)  
[  5] 211.00-212.00 sec   718 KBytes  5.88 Mbits/sec  1.129 ms  558/1171 (48%)  
[  5] 212.00-213.00 sec   721 KBytes  5.90 Mbits/sec  1.052 ms  594/1209 (49%)  
[  5] 213.00-214.00 sec   812 KBytes  6.66 Mbits/sec  1.073 ms  670/1363 (49%)  
[  5] 214.00-215.00 sec   718 KBytes  5.88 Mbits/sec  1.391 ms  603/1216 (50%)  
[  5] 215.00-216.00 sec   689 KBytes  5.65 Mbits/sec  1.063 ms  520/1108 (47%)  
[  5] 216.00-217.00 sec   718 KBytes  5.88 Mbits/sec  1.062 ms  549/1162 (47%)  
[  5] 217.00-218.00 sec   688 KBytes  5.64 Mbits/sec  1.105 ms  520/1107 (47%)  
[  5] 218.00-219.00 sec   720 KBytes  5.90 Mbits/sec  1.074 ms  575/1189 (48%)  
[  5] 219.00-220.00 sec   697 KBytes  5.71 Mbits/sec  1.009 ms  545/1140 (48%)  
[  5] 220.00-221.00 sec   811 KBytes  6.64 Mbits/sec  1.188 ms  633/1325 (48%)  
[  5] 221.00-222.00 sec   720 KBytes  5.90 Mbits/sec  1.199 ms  560/1174 (48%)  
[  5] 222.00-223.00 sec   819 KBytes  6.71 Mbits/sec  1.137 ms  632/1331 (47%)  
[  5] 223.00-224.00 sec   718 KBytes  5.88 Mbits/sec  1.187 ms  544/1157 (47%)  
[  5] 224.00-225.00 sec   720 KBytes  5.90 Mbits/sec  1.081 ms  587/1201 (49%)  
[  5] 225.00-226.00 sec   795 KBytes  6.51 Mbits/sec  1.149 ms  725/1403 (52%)  
[  5] 226.00-227.00 sec   728 KBytes  5.96 Mbits/sec  1.080 ms  606/1227 (49%)  
[  5] 227.00-228.00 sec   805 KBytes  6.59 Mbits/sec  1.139 ms  701/1388 (51%)  
[  5] 228.00-229.00 sec   710 KBytes  5.82 Mbits/sec  1.050 ms  632/1238 (51%)  
[  5] 229.00-230.00 sec   830 KBytes  6.80 Mbits/sec  1.100 ms  757/1465 (52%)  
[  5] 230.00-231.00 sec   718 KBytes  5.89 Mbits/sec  1.701 ms  698/1311 (53%)  
[  5] 231.00-232.00 sec   809 KBytes  6.62 Mbits/sec  1.109 ms  684/1374 (50%)  
[  5] 232.00-233.00 sec   717 KBytes  5.88 Mbits/sec  1.165 ms  587/1199 (49%)  
[  5] 233.00-234.00 sec   720 KBytes  5.89 Mbits/sec  1.104 ms  569/1183 (48%)  
[  5] 234.00-235.00 sec   850 KBytes  6.96 Mbits/sec  1.040 ms  683/1408 (49%)  
[  5] 235.00-236.00 sec   688 KBytes  5.64 Mbits/sec  1.017 ms  536/1123 (48%)  
[  5] 236.00-237.00 sec   810 KBytes  6.63 Mbits/sec  1.146 ms  652/1343 (49%)  
[  5] 237.00-238.00 sec   721 KBytes  5.90 Mbits/sec  1.129 ms  573/1188 (48%)  
[  5] 238.00-239.00 sec   819 KBytes  6.71 Mbits/sec  1.113 ms  631/1330 (47%)  
[  5] 239.00-240.00 sec   718 KBytes  5.88 Mbits/sec  1.133 ms  569/1182 (48%)  
[  5] 240.00-241.00 sec   820 KBytes  6.72 Mbits/sec  1.118 ms  640/1340 (48%)  
[  5] 241.00-242.00 sec   718 KBytes  5.88 Mbits/sec  1.152 ms  564/1177 (48%)  
[  5] 242.00-243.00 sec   720 KBytes  5.89 Mbits/sec  1.103 ms  539/1153 (47%)  
[  5] 243.00-244.00 sec   820 KBytes  6.72 Mbits/sec  1.110 ms  639/1339 (48%)  
[  5] 244.00-245.00 sec   721 KBytes  5.90 Mbits/sec  1.188 ms  571/1186 (48%)  
[  5] 245.00-246.00 sec   721 KBytes  5.90 Mbits/sec  1.107 ms  570/1185 (48%)  
[  5] 246.00-247.00 sec   720 KBytes  5.89 Mbits/sec  1.068 ms  607/1221 (50%)  
[  5] 247.00-248.00 sec   819 KBytes  6.71 Mbits/sec  1.060 ms  626/1325 (47%)  
[  5] 248.00-249.00 sec   720 KBytes  5.89 Mbits/sec  1.101 ms  559/1173 (48%)  
[  5] 249.00-250.00 sec   820 KBytes  6.72 Mbits/sec  1.065 ms  673/1373 (49%)  
[  5] 250.00-251.00 sec   720 KBytes  5.89 Mbits/sec  1.046 ms  546/1160 (47%)  
[  5] 251.00-252.00 sec   810 KBytes  6.63 Mbits/sec  1.092 ms  621/1312 (47%)  
[  5] 252.00-253.00 sec   730 KBytes  5.98 Mbits/sec  1.086 ms  567/1190 (48%)  
[  5] 253.00-254.00 sec   689 KBytes  5.65 Mbits/sec  1.188 ms  529/1117 (47%)  
[  5] 254.00-255.00 sec   841 KBytes  6.88 Mbits/sec  1.063 ms  667/1385 (48%)  
[  5] 255.00-256.00 sec   820 KBytes  6.72 Mbits/sec  1.124 ms  655/1355 (48%)  
[  5] 256.00-257.00 sec   715 KBytes  5.87 Mbits/sec  1.061 ms  608/1218 (50%)  
[  5] 257.00-258.00 sec   698 KBytes  5.72 Mbits/sec  1.071 ms  592/1188 (50%)  
[  5] 258.00-259.00 sec   839 KBytes  6.87 Mbits/sec  1.082 ms  701/1417 (49%)  
[  5] 259.00-260.00 sec   700 KBytes  5.74 Mbits/sec  1.081 ms  586/1183 (50%)  
[  5] 260.00-261.00 sec   809 KBytes  6.62 Mbits/sec  1.151 ms  631/1321 (48%)  
[  5] 261.00-262.00 sec   720 KBytes  5.88 Mbits/sec  1.111 ms  574/1188 (48%)  
[  5] 262.00-263.00 sec   730 KBytes  5.99 Mbits/sec  1.081 ms  584/1207 (48%)  
[  5] 263.00-264.00 sec   810 KBytes  6.63 Mbits/sec  1.091 ms  615/1306 (47%)  
[  5] 264.00-265.00 sec   729 KBytes  5.97 Mbits/sec  1.083 ms  561/1183 (47%)  
[  5] 265.00-266.00 sec   718 KBytes  5.89 Mbits/sec  1.132 ms  565/1178 (48%)  
[  5] 266.00-267.00 sec   811 KBytes  6.64 Mbits/sec  1.153 ms  623/1315 (47%)  
[  5] 267.00-268.00 sec   729 KBytes  5.97 Mbits/sec  1.034 ms  551/1173 (47%)  
[  5] 268.00-269.00 sec   811 KBytes  6.64 Mbits/sec  1.086 ms  619/1311 (47%)  
[  5] 269.00-270.00 sec   714 KBytes  5.84 Mbits/sec  1.425 ms  623/1232 (51%)  
[  5] 270.00-271.00 sec   806 KBytes  6.61 Mbits/sec  1.140 ms  683/1371 (50%)  
[  5] 271.00-272.00 sec   729 KBytes  5.97 Mbits/sec  1.066 ms  578/1200 (48%)  
[  5] 272.00-273.00 sec   810 KBytes  6.63 Mbits/sec  1.122 ms  619/1310 (47%)  
[  5] 273.00-274.00 sec   720 KBytes  5.89 Mbits/sec  1.032 ms  556/1170 (48%)  
[  5] 274.00-275.00 sec   698 KBytes  5.72 Mbits/sec  1.066 ms  572/1168 (49%)  
[  5] 275.00-276.00 sec   811 KBytes  6.64 Mbits/sec  1.127 ms  644/1336 (48%)  
[  5] 276.00-277.00 sec   718 KBytes  5.88 Mbits/sec  1.146 ms  553/1166 (47%)  
[  5] 277.00-278.00 sec   730 KBytes  5.98 Mbits/sec  1.076 ms  603/1226 (49%)  
[  5] 278.00-279.00 sec   810 KBytes  6.64 Mbits/sec  1.234 ms  664/1355 (49%)  
[  5] 279.00-280.00 sec   727 KBytes  5.95 Mbits/sec  1.054 ms  595/1215 (49%)  
[  5] 280.00-281.00 sec   810 KBytes  6.63 Mbits/sec  1.100 ms  632/1323 (48%)  
[  5] 281.00-282.00 sec   718 KBytes  5.89 Mbits/sec  1.093 ms  547/1160 (47%)  
[  5] 282.00-283.00 sec   730 KBytes  5.98 Mbits/sec  0.992 ms  558/1181 (47%)  
[  5] 283.00-284.00 sec   805 KBytes  6.60 Mbits/sec  1.127 ms  623/1310 (48%)  
[  5] 284.00-285.00 sec   820 KBytes  6.72 Mbits/sec  1.109 ms  625/1325 (47%)  
[  5] 285.00-286.00 sec   717 KBytes  5.88 Mbits/sec  1.146 ms  606/1218 (50%)  
[  5] 286.00-287.00 sec   820 KBytes  6.72 Mbits/sec  1.004 ms  667/1367 (49%)  
[  5] 287.00-288.00 sec   718 KBytes  5.88 Mbits/sec  1.124 ms  594/1207 (49%)  
[  5] 288.00-289.00 sec   820 KBytes  6.72 Mbits/sec  1.074 ms  660/1360 (49%)  
[  5] 289.00-290.00 sec   718 KBytes  5.88 Mbits/sec  1.150 ms  575/1188 (48%)  
[  5] 290.00-291.00 sec   695 KBytes  5.69 Mbits/sec  1.133 ms  588/1181 (50%)  
[  5] 291.00-292.00 sec   809 KBytes  6.63 Mbits/sec  1.119 ms  657/1347 (49%)  
[  5] 292.00-293.00 sec   718 KBytes  5.88 Mbits/sec  1.132 ms  546/1159 (47%)  
[  5] 293.00-294.00 sec   812 KBytes  6.65 Mbits/sec  1.167 ms  625/1318 (47%)  
[  5] 294.00-295.00 sec   729 KBytes  5.97 Mbits/sec  1.092 ms  620/1242 (50%)  
[  5] 295.00-296.00 sec   720 KBytes  5.89 Mbits/sec  1.093 ms  567/1181 (48%)  
[  5] 296.00-297.00 sec   810 KBytes  6.63 Mbits/sec  1.150 ms  620/1311 (47%)  
[  5] 297.00-298.00 sec   728 KBytes  5.96 Mbits/sec  1.085 ms  558/1179 (47%)  
[  5] 298.00-299.00 sec   810 KBytes  6.64 Mbits/sec  1.104 ms  611/1302 (47%)  
[  5] 299.00-300.00 sec   720 KBytes  5.89 Mbits/sec  1.070 ms  563/1177 (48%)  
[  5] 300.00-301.00 sec   819 KBytes  6.71 Mbits/sec  1.104 ms  627/1326 (47%)  
[  5] 301.00-302.00 sec   721 KBytes  5.90 Mbits/sec  1.102 ms  547/1162 (47%)  
[  5] 302.00-303.00 sec   821 KBytes  6.73 Mbits/sec  1.096 ms  653/1354 (48%)  
[  5] 303.00-304.00 sec   720 KBytes  5.89 Mbits/sec  1.125 ms  588/1202 (49%)  
[  5] 304.00-305.00 sec   820 KBytes  6.73 Mbits/sec  1.098 ms  667/1367 (49%)  
[  5] 305.00-306.00 sec   720 KBytes  5.89 Mbits/sec  1.128 ms  568/1182 (48%)  
[  5] 306.00-307.00 sec   689 KBytes  5.64 Mbits/sec  1.241 ms  540/1128 (48%)  
[  5] 307.00-308.00 sec   820 KBytes  6.72 Mbits/sec  1.106 ms  643/1343 (48%)  
[  5] 308.00-309.00 sec   720 KBytes  5.90 Mbits/sec  1.115 ms  571/1185 (48%)  
[  5] 309.00-310.00 sec   721 KBytes  5.90 Mbits/sec  1.132 ms  583/1198 (49%)  
[  5] 310.00-311.00 sec   820 KBytes  6.71 Mbits/sec  1.044 ms  663/1363 (49%)  
[  5] 311.00-312.00 sec   720 KBytes  5.90 Mbits/sec  1.160 ms  555/1169 (47%)  
[  5] 312.00-313.00 sec   811 KBytes  6.64 Mbits/sec  1.082 ms  624/1316 (47%)  
[  5] 313.00-314.00 sec   728 KBytes  5.96 Mbits/sec  1.050 ms  558/1179 (47%)  
[  5] 314.00-315.00 sec   811 KBytes  6.64 Mbits/sec  1.177 ms  643/1335 (48%)  
[  5] 315.00-316.00 sec   715 KBytes  5.86 Mbits/sec  1.044 ms  555/1165 (48%)  
[  5] 316.00-317.00 sec   718 KBytes  5.88 Mbits/sec  1.069 ms  564/1177 (48%)  
[  5] 317.00-318.00 sec   689 KBytes  5.65 Mbits/sec  1.177 ms  524/1112 (47%)  
[  5] 318.00-319.00 sec   721 KBytes  5.90 Mbits/sec  1.138 ms  598/1213 (49%)  
[  5] 319.00-320.00 sec   688 KBytes  5.64 Mbits/sec  1.227 ms  566/1153 (49%)  
[  5] 320.00-321.00 sec   630 KBytes  5.16 Mbits/sec  1.065 ms  497/1035 (48%)  
[  5] 321.00-322.00 sec   596 KBytes  4.89 Mbits/sec  1.116 ms  485/994 (49%)  
[  5] 322.00-323.00 sec   598 KBytes  4.90 Mbits/sec  1.106 ms  477/987 (48%)  
[  5] 323.00-324.00 sec   720 KBytes  5.89 Mbits/sec  1.128 ms  568/1182 (48%)  
[  5] 324.00-325.00 sec   596 KBytes  4.88 Mbits/sec  1.205 ms  481/990 (49%)  
[  5] 325.00-326.00 sec   700 KBytes  5.73 Mbits/sec  1.029 ms  555/1152 (48%)  
[  5] 326.00-327.00 sec   720 KBytes  5.89 Mbits/sec  1.043 ms  542/1156 (47%)  
[  5] 327.00-328.00 sec   596 KBytes  4.89 Mbits/sec  1.087 ms  474/983 (48%)  
[  5] 328.00-329.00 sec   720 KBytes  5.90 Mbits/sec  1.179 ms  568/1182 (48%)  
[  5] 329.00-330.00 sec   690 KBytes  5.66 Mbits/sec  1.086 ms  529/1118 (47%)  
[  5] 330.00-331.00 sec   717 KBytes  5.88 Mbits/sec  1.204 ms  601/1213 (50%)  
[  5] 331.00-332.00 sec   618 KBytes  5.06 Mbits/sec  1.155 ms  588/1115 (53%)  
[  5] 332.00-333.00 sec   680 KBytes  5.56 Mbits/sec  1.177 ms  613/1193 (51%)  
[  5] 333.00-334.00 sec   708 KBytes  5.81 Mbits/sec  1.238 ms  656/1260 (52%)  
[  5] 334.00-335.00 sec   720 KBytes  5.89 Mbits/sec  1.209 ms  795/1409 (56%)  
[  5] 335.00-336.00 sec   688 KBytes  5.64 Mbits/sec  1.298 ms  874/1461 (60%)  
[  5] 336.00-337.00 sec   718 KBytes  5.88 Mbits/sec  1.127 ms  864/1477 (58%)  
[  5] 337.00-338.00 sec   709 KBytes  5.81 Mbits/sec  1.189 ms  707/1312 (54%)  
[  5] 338.00-339.00 sec   676 KBytes  5.54 Mbits/sec  1.205 ms  680/1257 (54%)  
[  5] 339.00-340.00 sec   718 KBytes  5.88 Mbits/sec  1.083 ms  736/1349 (55%)  
[  5] 340.00-341.00 sec   619 KBytes  5.07 Mbits/sec  1.210 ms  628/1156 (54%)  
[  5] 341.00-342.00 sec   709 KBytes  5.80 Mbits/sec  1.217 ms  689/1294 (53%)  
[  5] 342.00-343.00 sec   689 KBytes  5.65 Mbits/sec  1.118 ms  671/1259 (53%)  
[  5] 343.00-344.00 sec   709 KBytes  5.81 Mbits/sec  1.223 ms  716/1321 (54%)  
[  5] 344.00-345.00 sec   607 KBytes  4.97 Mbits/sec  1.437 ms  608/1126 (54%)  
[  5] 345.00-346.00 sec   696 KBytes  5.70 Mbits/sec  1.774 ms  726/1320 (55%)  
[  5] 346.00-347.00 sec   679 KBytes  5.56 Mbits/sec  1.103 ms  623/1202 (52%)  
[  5] 347.00-348.00 sec   687 KBytes  5.62 Mbits/sec  1.187 ms  686/1272 (54%)  
[  5] 348.00-349.00 sec   720 KBytes  5.90 Mbits/sec  1.026 ms  658/1272 (52%)  
[  5] 349.00-350.00 sec   708 KBytes  5.80 Mbits/sec  1.125 ms  665/1269 (52%)  
[  5] 350.00-351.00 sec   710 KBytes  5.82 Mbits/sec  1.058 ms  647/1253 (52%)  
[  5] 351.00-352.00 sec   688 KBytes  5.63 Mbits/sec  1.134 ms  642/1229 (52%)  
[  5] 352.00-353.00 sec   619 KBytes  5.06 Mbits/sec  1.148 ms  598/1126 (53%)  
[  5] 353.00-354.00 sec   589 KBytes  4.83 Mbits/sec  1.186 ms  585/1088 (54%)  
[  5] 354.00-355.00 sec   499 KBytes  4.09 Mbits/sec  1.140 ms  505/931 (54%)  
[  5] 355.00-356.00 sec   728 KBytes  5.96 Mbits/sec  1.247 ms  708/1329 (53%)  
[  5] 356.00-357.00 sec   588 KBytes  4.82 Mbits/sec  1.323 ms  579/1081 (54%)  
[  5] 357.00-358.00 sec   709 KBytes  5.81 Mbits/sec  1.171 ms  694/1299 (53%)  
[  5] 358.00-359.00 sec   718 KBytes  5.89 Mbits/sec  1.409 ms  707/1320 (54%)  
[  5] 359.00-360.00 sec   578 KBytes  4.73 Mbits/sec  1.158 ms  571/1064 (54%)  
[  5] 360.00-361.00 sec   709 KBytes  5.81 Mbits/sec  1.160 ms  694/1299 (53%)  
[  5] 361.00-362.00 sec   718 KBytes  5.88 Mbits/sec  1.384 ms  728/1341 (54%)  
[  5] 362.00-363.00 sec   589 KBytes  4.83 Mbits/sec  1.056 ms  536/1039 (52%)  
[  5] 363.00-364.00 sec   621 KBytes  5.09 Mbits/sec  9.394 ms  572/1102 (52%)  
[  5] 364.00-365.00 sec   707 KBytes  5.79 Mbits/sec  1.205 ms  590/1193 (49%)  
[  5] 365.00-366.00 sec   720 KBytes  5.89 Mbits/sec  0.993 ms  698/1312 (53%)  
[  5] 366.00-367.00 sec   589 KBytes  4.83 Mbits/sec  1.095 ms  555/1058 (52%)  
[  5] 367.00-368.00 sec   709 KBytes  5.81 Mbits/sec  1.240 ms  759/1364 (56%)  
[  5] 368.00-369.00 sec   709 KBytes  5.81 Mbits/sec  1.283 ms  1109/1714 (65%)  
[  5] 369.00-370.00 sec   718 KBytes  5.89 Mbits/sec  1.264 ms  763/1376 (55%)  
[  5] 370.00-371.00 sec   708 KBytes  5.80 Mbits/sec  1.218 ms  716/1320 (54%)  
[  5] 371.00-372.00 sec   589 KBytes  4.83 Mbits/sec  1.240 ms  596/1099 (54%)  
[  5] 372.00-373.00 sec   620 KBytes  5.08 Mbits/sec  1.179 ms  650/1179 (55%)  
[  5] 373.00-374.00 sec   588 KBytes  4.82 Mbits/sec  1.197 ms  555/1057 (53%)  
[  5] 374.00-375.00 sec   620 KBytes  5.08 Mbits/sec  1.151 ms  598/1127 (53%)  
[  5] 375.00-376.00 sec   599 KBytes  4.91 Mbits/sec  1.080 ms  555/1066 (52%)  
[  5] 376.00-377.00 sec   619 KBytes  5.07 Mbits/sec  1.087 ms  669/1197 (56%)  
[  5] 377.00-378.00 sec   709 KBytes  5.81 Mbits/sec  1.263 ms  795/1400 (57%)  
[  5] 378.00-379.00 sec   709 KBytes  5.81 Mbits/sec  1.198 ms  744/1349 (55%)  
[  5] 379.00-380.00 sec   688 KBytes  5.64 Mbits/sec  1.128 ms  692/1279 (54%)  
[  5] 380.00-381.00 sec   709 KBytes  5.81 Mbits/sec  1.155 ms  707/1312 (54%)  
[  5] 381.00-382.00 sec   720 KBytes  5.89 Mbits/sec  1.117 ms  745/1359 (55%)  
[  5] 382.00-383.00 sec   709 KBytes  5.81 Mbits/sec  1.153 ms  677/1282 (53%)  
[  5] 383.00-384.00 sec   709 KBytes  5.81 Mbits/sec  1.094 ms  667/1272 (52%)  
[  5] 384.00-385.00 sec   669 KBytes  5.48 Mbits/sec  1.177 ms  680/1251 (54%)  
[  5] 385.00-386.00 sec   708 KBytes  5.79 Mbits/sec  1.275 ms  734/1338 (55%)  
[  5] 386.00-387.00 sec   720 KBytes  5.90 Mbits/sec  1.234 ms  765/1379 (55%)  
[  5] 387.00-388.00 sec   709 KBytes  5.81 Mbits/sec  1.255 ms  832/1437 (58%)  
[  5] 388.00-389.00 sec   709 KBytes  5.81 Mbits/sec  1.371 ms  1007/1612 (62%)  
[  5] 389.00-390.00 sec   689 KBytes  5.64 Mbits/sec  1.159 ms  832/1420 (59%)  
[  5] 390.00-391.00 sec   708 KBytes  5.80 Mbits/sec  1.148 ms  679/1283 (53%)  
[  5] 391.00-392.00 sec   619 KBytes  5.07 Mbits/sec  1.189 ms  600/1128 (53%)  
[  5] 392.00-393.00 sec   689 KBytes  5.64 Mbits/sec  1.125 ms  628/1216 (52%)  
[  5] 393.00-394.00 sec   619 KBytes  5.07 Mbits/sec  1.112 ms  573/1101 (52%)  
[  5] 394.00-395.00 sec   589 KBytes  4.83 Mbits/sec  1.237 ms  563/1066 (53%)  
[  5] 395.00-396.00 sec   708 KBytes  5.80 Mbits/sec  1.241 ms  633/1237 (51%)  
[  5] 396.00-397.00 sec   681 KBytes  5.58 Mbits/sec  3.794 ms  655/1236 (53%)  
[  5] 397.00-398.00 sec   657 KBytes  5.38 Mbits/sec  1.107 ms  543/1104 (49%)  
[  5] 398.00-399.00 sec   679 KBytes  5.56 Mbits/sec  1.188 ms  583/1162 (50%)  
[  5] 399.00-400.00 sec   620 KBytes  5.08 Mbits/sec  1.160 ms  578/1107 (52%)  
[  5] 400.00-401.00 sec   718 KBytes  5.89 Mbits/sec  1.112 ms  692/1305 (53%)  
[  5] 401.00-402.00 sec   697 KBytes  5.71 Mbits/sec  1.548 ms  647/1242 (52%)  
[  5] 402.00-403.00 sec   703 KBytes  5.76 Mbits/sec  1.120 ms  687/1287 (53%)  
[  5] 403.00-404.00 sec   689 KBytes  5.64 Mbits/sec  1.054 ms  662/1250 (53%)  
[  5] 404.00-405.00 sec   606 KBytes  4.96 Mbits/sec  1.157 ms  585/1102 (53%)  
[  5] 405.00-406.00 sec   709 KBytes  5.81 Mbits/sec  1.125 ms  676/1281 (53%)  
[  5] 406.00-407.00 sec   689 KBytes  5.65 Mbits/sec  1.134 ms  730/1318 (55%)  
[  5] 407.00-408.00 sec   709 KBytes  5.81 Mbits/sec  1.167 ms  725/1330 (55%)  
[  5] 408.00-409.00 sec   708 KBytes  5.80 Mbits/sec  1.198 ms  846/1450 (58%)  
[  5] 409.00-410.00 sec   720 KBytes  5.89 Mbits/sec  1.353 ms  797/1411 (56%)  
[  5] 410.00-411.00 sec   589 KBytes  4.83 Mbits/sec  1.152 ms  582/1085 (54%)  
[  5] 411.00-412.00 sec   698 KBytes  5.72 Mbits/sec  1.207 ms  738/1334 (55%)  
