Connecting to host 172.22.0.50, port 5202
Reverse mode, remote host 172.22.0.50 is sending
[  5] local 192.168.102.2 port 56021 connected to 172.22.0.50 port 5202
[ ID] Interval           Transfer     Bitrate         Jitter    Lost/Total Datagrams
[  5]   0.00-1.00   sec   439 KBytes  3.60 Mbits/sec  0.291 ms  0/4499 (0%)  
[  5]   1.00-2.00   sec   440 KBytes  3.60 Mbits/sec  0.280 ms  0/4506 (0%)  
[  5]   2.00-3.00   sec   439 KBytes  3.60 Mbits/sec  0.303 ms  0/4495 (0%)  
[  5]   3.00-4.00   sec   439 KBytes  3.59 Mbits/sec  0.335 ms  0/4491 (0%)  
[  5]   4.00-5.00   sec   439 KBytes  3.60 Mbits/sec  0.522 ms  0/4491 (0%)  
[  5]   5.00-6.00   sec   439 KBytes  3.59 Mbits/sec  0.613 ms  0/4492 (0%)  
[  5]   6.00-7.00   sec   439 KBytes  3.60 Mbits/sec  0.224 ms  0/4495 (0%)  
[  5]   7.00-8.00   sec   436 KBytes  3.57 Mbits/sec  0.802 ms  0/4461 (0%)  
[  5]   8.00-9.00   sec   445 KBytes  3.65 Mbits/sec  0.298 ms  0/4555 (0%)  
[  5]   9.00-10.00  sec   438 KBytes  3.59 Mbits/sec  0.275 ms  0/4487 (0%)  
[  5]  10.00-11.00  sec   442 KBytes  3.61 Mbits/sec  0.406 ms  0/4521 (0%)  
[  5]  11.00-12.00  sec   439 KBytes  3.60 Mbits/sec  0.310 ms  0/4497 (0%)  
[  5]  12.00-13.00  sec   440 KBytes  3.61 Mbits/sec  0.408 ms  0/4507 (0%)  
[  5]  13.00-14.00  sec   439 KBytes  3.59 Mbits/sec  0.262 ms  0/4492 (0%)  
[  5]  14.00-15.00  sec   438 KBytes  3.59 Mbits/sec  0.317 ms  0/4483 (0%)  
[  5]  15.00-16.00  sec   441 KBytes  3.61 Mbits/sec  0.331 ms  0/4516 (0%)  
[  5]  16.00-17.00  sec   441 KBytes  3.61 Mbits/sec  0.261 ms  0/4511 (0%)  
[  5]  17.00-18.00  sec   438 KBytes  3.59 Mbits/sec  0.391 ms  0/4483 (0%)  
[  5]  18.00-19.00  sec   388 KBytes  3.18 Mbits/sec  0.461 ms  0/3971 (0%)  
[  5]  19.00-20.00  sec   384 KBytes  3.15 Mbits/sec  0.331 ms  0/3934 (0%)  
[  5]  20.00-21.00  sec   380 KBytes  3.11 Mbits/sec  0.374 ms  0/3892 (0%)  
[  5]  21.00-22.00  sec   373 KBytes  3.06 Mbits/sec  0.361 ms  0/3824 (0%)  
[  5]  22.00-23.00  sec   377 KBytes  3.09 Mbits/sec  0.335 ms  0/3861 (0%)  
[  5]  23.00-24.00  sec   362 KBytes  2.97 Mbits/sec  0.359 ms  0/3711 (0%)  
[  5]  24.00-25.00  sec   382 KBytes  3.13 Mbits/sec  0.377 ms  0/3909 (0%)  
[  5]  25.00-26.00  sec   386 KBytes  3.16 Mbits/sec  0.357 ms  0/3954 (0%)  
[  5]  26.00-27.00  sec   389 KBytes  3.18 Mbits/sec  0.314 ms  0/3979 (0%)  
[  5]  27.00-28.00  sec   384 KBytes  3.14 Mbits/sec  0.379 ms  0/3929 (0%)  
[  5]  28.00-29.00  sec   383 KBytes  3.14 Mbits/sec  0.377 ms  0/3922 (0%)  
[  5]  29.00-30.00  sec   396 KBytes  3.24 Mbits/sec  0.253 ms  0/4053 (0%)  
[  5]  30.00-31.00  sec   384 KBytes  3.14 Mbits/sec  0.325 ms  0/3929 (0%)  
[  5]  31.00-32.00  sec   351 KBytes  2.87 Mbits/sec  0.285 ms  0/3593 (0%)  
[  5]  32.00-33.00  sec   381 KBytes  3.12 Mbits/sec  0.319 ms  0/3897 (0%)  
[  5]  33.00-34.00  sec   370 KBytes  3.03 Mbits/sec  0.369 ms  0/3793 (0%)  
[  5]  34.00-35.00  sec   381 KBytes  3.12 Mbits/sec  0.375 ms  0/3903 (0%)  
[  5]  35.00-36.00  sec   383 KBytes  3.14 Mbits/sec  0.412 ms  0/3923 (0%)  
[  5]  36.00-37.00  sec   373 KBytes  3.05 Mbits/sec  0.291 ms  0/3816 (0%)  
[  5]  37.00-38.00  sec   374 KBytes  3.07 Mbits/sec  0.414 ms  0/3832 (0%)  
[  5]  38.00-39.00  sec   367 KBytes  3.00 Mbits/sec  0.317 ms  0/3753 (0%)  
[  5]  39.00-40.00  sec   377 KBytes  3.09 Mbits/sec  0.329 ms  0/3861 (0%)  
[  5]  40.00-41.00  sec   354 KBytes  2.91 Mbits/sec  0.430 ms  0/3630 (0%)  
[  5]  41.00-42.00  sec   356 KBytes  2.91 Mbits/sec  0.327 ms  0/3643 (0%)  
[  5]  42.00-43.00  sec   352 KBytes  2.88 Mbits/sec  0.395 ms  0/3601 (0%)  
[  5]  43.00-44.00  sec   367 KBytes  3.00 Mbits/sec  0.338 ms  0/3753 (0%)  
[  5]  44.00-45.00  sec   361 KBytes  2.95 Mbits/sec  0.418 ms  0/3694 (0%)  
[  5]  45.00-46.00  sec   363 KBytes  2.97 Mbits/sec  0.382 ms  0/3717 (0%)  
[  5]  46.00-47.00  sec   341 KBytes  2.79 Mbits/sec  0.365 ms  0/3488 (0%)  
[  5]  47.00-48.00  sec   326 KBytes  2.67 Mbits/sec  0.655 ms  0/3339 (0%)  
[  5]  48.00-49.00  sec   346 KBytes  2.83 Mbits/sec  0.492 ms  0/3544 (0%)  
[  5]  49.00-50.00  sec   353 KBytes  2.90 Mbits/sec  0.304 ms  0/3618 (0%)  
[  5]  50.00-51.00  sec   359 KBytes  2.94 Mbits/sec  0.707 ms  0/3676 (0%)  
[  5]  51.00-52.00  sec   298 KBytes  2.44 Mbits/sec  2.087 ms  0/3048 (0%)  
[  5]  52.00-53.00  sec   294 KBytes  2.41 Mbits/sec  0.319 ms  0/3008 (0%)  
[  5]  53.00-54.00  sec   370 KBytes  3.03 Mbits/sec  0.331 ms  0/3792 (0%)  
[  5]  54.00-55.00  sec   387 KBytes  3.17 Mbits/sec  0.303 ms  0/3961 (0%)  
[  5]  55.00-56.00  sec   384 KBytes  3.14 Mbits/sec  0.368 ms  0/3928 (0%)  
[  5]  56.00-57.00  sec   376 KBytes  3.08 Mbits/sec  0.421 ms  0/3855 (0%)  
[  5]  57.00-58.00  sec   370 KBytes  3.03 Mbits/sec  0.354 ms  0/3791 (0%)  
[  5]  58.00-59.00  sec   381 KBytes  3.12 Mbits/sec  0.344 ms  0/3897 (0%)  
[  5]  59.00-60.00  sec   395 KBytes  3.24 Mbits/sec  0.357 ms  0/4042 (0%)  
[  5]  60.00-61.00  sec   384 KBytes  3.14 Mbits/sec  0.304 ms  0/3928 (0%)  
[  5]  61.00-62.00  sec   384 KBytes  3.15 Mbits/sec  0.366 ms  0/3934 (0%)  
[  5]  62.00-63.00  sec   387 KBytes  3.17 Mbits/sec  0.333 ms  0/3966 (0%)  
[  5]  63.00-64.00  sec   381 KBytes  3.12 Mbits/sec  0.324 ms  0/3897 (0%)  
[  5]  64.00-65.00  sec   379 KBytes  3.11 Mbits/sec  0.446 ms  0/3881 (0%)  
[  5]  65.00-66.00  sec   393 KBytes  3.22 Mbits/sec  0.287 ms  0/4021 (0%)  
[  5]  66.00-67.00  sec   393 KBytes  3.22 Mbits/sec  0.331 ms  0/4022 (0%)  
[  5]  67.00-68.00  sec   379 KBytes  3.10 Mbits/sec  0.428 ms  0/3880 (0%)  
[  5]  68.00-69.00  sec   389 KBytes  3.19 Mbits/sec  0.276 ms  0/3983 (0%)  
[  5]  69.00-70.00  sec   408 KBytes  3.35 Mbits/sec  0.299 ms  0/4183 (0%)  
[  5]  70.00-71.00  sec   405 KBytes  3.32 Mbits/sec  0.407 ms  0/4146 (0%)  
[  5]  71.00-72.00  sec   392 KBytes  3.21 Mbits/sec  0.310 ms  0/4010 (0%)  
[  5]  72.00-73.00  sec   407 KBytes  3.33 Mbits/sec  0.514 ms  0/4163 (0%)  
[  5]  73.00-74.00  sec   414 KBytes  3.39 Mbits/sec  0.338 ms  0/4240 (0%)  
[  5]  74.00-75.00  sec   418 KBytes  3.43 Mbits/sec  0.479 ms  0/4284 (0%)  
[  5]  75.00-76.00  sec   410 KBytes  3.36 Mbits/sec  0.267 ms  0/4194 (0%)  
[  5]  76.00-77.00  sec   409 KBytes  3.35 Mbits/sec  0.331 ms  0/4189 (0%)  
[  5]  77.00-78.00  sec   416 KBytes  3.41 Mbits/sec  0.330 ms  0/4264 (0%)  
[  5]  78.00-79.00  sec   409 KBytes  3.35 Mbits/sec  0.485 ms  0/4190 (0%)  
[  5]  79.00-80.00  sec   406 KBytes  3.33 Mbits/sec  0.297 ms  0/4158 (0%)  
[  5]  80.00-81.00  sec   401 KBytes  3.28 Mbits/sec  0.226 ms  0/4102 (0%)  
[  5]  81.00-82.00  sec   412 KBytes  3.38 Mbits/sec  0.330 ms  0/4221 (0%)  
[  5]  82.00-83.00  sec   407 KBytes  3.33 Mbits/sec  0.357 ms  0/4164 (0%)  
[  5]  83.00-84.00  sec   384 KBytes  3.14 Mbits/sec  0.434 ms  0/3928 (0%)  
[  5]  84.00-85.00  sec   379 KBytes  3.11 Mbits/sec  0.405 ms  0/3886 (0%)  
[  5]  85.00-86.00  sec   381 KBytes  3.12 Mbits/sec  0.375 ms  0/3904 (0%)  
[  5]  86.00-87.00  sec   381 KBytes  3.12 Mbits/sec  0.457 ms  0/3897 (0%)  
[  5]  87.00-88.00  sec   396 KBytes  3.24 Mbits/sec  0.364 ms  0/4059 (0%)  
[  5]  88.00-89.00  sec   381 KBytes  3.12 Mbits/sec  0.471 ms  0/3898 (0%)  
[  5]  89.00-90.00  sec   376 KBytes  3.09 Mbits/sec  0.420 ms  0/3854 (0%)  
[  5]  90.00-91.00  sec   391 KBytes  3.20 Mbits/sec  0.386 ms  0/3999 (0%)  
[  5]  91.00-92.00  sec   387 KBytes  3.17 Mbits/sec  0.382 ms  0/3959 (0%)  
[  5]  92.00-93.00  sec   391 KBytes  3.20 Mbits/sec  0.276 ms  0/4003 (0%)  
[  5]  93.00-94.00  sec   376 KBytes  3.08 Mbits/sec  0.365 ms  0/3853 (0%)  
[  5]  94.00-95.00  sec   399 KBytes  3.27 Mbits/sec  0.400 ms  0/4083 (0%)  
[  5]  95.00-96.00  sec   410 KBytes  3.36 Mbits/sec  0.332 ms  0/4203 (0%)  
[  5]  96.00-97.00  sec   405 KBytes  3.32 Mbits/sec  0.284 ms  0/4146 (0%)  
[  5]  97.00-98.00  sec   413 KBytes  3.39 Mbits/sec  0.306 ms  0/4233 (0%)  
[  5]  98.00-99.00  sec   411 KBytes  3.37 Mbits/sec  0.291 ms  0/4208 (0%)  
[  5]  99.00-100.00 sec   412 KBytes  3.37 Mbits/sec  0.303 ms  0/4214 (0%)  
[  5] 100.00-101.00 sec   414 KBytes  3.39 Mbits/sec  0.299 ms  0/4239 (0%)  
[  5] 101.00-102.00 sec   416 KBytes  3.41 Mbits/sec  0.365 ms  0/4263 (0%)  
[  5] 102.00-103.00 sec   410 KBytes  3.36 Mbits/sec  0.346 ms  0/4202 (0%)  
[  5] 103.00-104.00 sec   410 KBytes  3.36 Mbits/sec  0.299 ms  0/4196 (0%)  
[  5] 104.00-105.00 sec   408 KBytes  3.35 Mbits/sec  0.298 ms  0/4183 (0%)  
[  5] 105.00-106.00 sec   407 KBytes  3.33 Mbits/sec  0.387 ms  0/4170 (0%)  
[  5] 106.00-107.00 sec   413 KBytes  3.38 Mbits/sec  0.372 ms  0/4233 (0%)  
[  5] 107.00-108.00 sec   418 KBytes  3.43 Mbits/sec  0.311 ms  0/4276 (0%)  
[  5] 108.00-109.00 sec   409 KBytes  3.35 Mbits/sec  0.296 ms  0/4191 (0%)  
[  5] 109.00-110.00 sec   416 KBytes  3.41 Mbits/sec  0.358 ms  0/4264 (0%)  
[  5] 110.00-111.00 sec   400 KBytes  3.28 Mbits/sec  0.342 ms  0/4095 (0%)  
[  5] 111.00-112.00 sec   378 KBytes  3.10 Mbits/sec  0.421 ms  0/3873 (0%)  
[  5] 112.00-113.00 sec   373 KBytes  3.06 Mbits/sec  0.348 ms  0/3824 (0%)  
[  5] 113.00-114.00 sec   373 KBytes  3.05 Mbits/sec  0.342 ms  0/3815 (0%)  
[  5] 114.00-115.00 sec   381 KBytes  3.12 Mbits/sec  0.424 ms  0/3900 (0%)  
[  5] 115.00-116.00 sec   393 KBytes  3.22 Mbits/sec  0.334 ms  0/4020 (0%)  
[  5] 116.00-117.00 sec   416 KBytes  3.41 Mbits/sec  0.348 ms  0/4264 (0%)  
[  5] 117.00-118.00 sec   412 KBytes  3.37 Mbits/sec  0.456 ms  0/4214 (0%)  
[  5] 118.00-119.00 sec   396 KBytes  3.25 Mbits/sec  0.325 ms  0/4059 (0%)  
[  5] 119.00-120.00 sec   401 KBytes  3.28 Mbits/sec  0.302 ms  0/4103 (0%)  
[  5] 120.00-121.00 sec   390 KBytes  3.20 Mbits/sec  0.433 ms  0/3998 (0%)  
[  5] 121.00-122.00 sec   385 KBytes  3.16 Mbits/sec  0.331 ms  0/3947 (0%)  
[  5] 122.00-123.00 sec   412 KBytes  3.37 Mbits/sec  0.301 ms  0/4214 (0%)  
[  5] 123.00-124.00 sec   408 KBytes  3.35 Mbits/sec  0.360 ms  0/4182 (0%)  
[  5] 124.00-125.00 sec   415 KBytes  3.40 Mbits/sec  0.309 ms  0/4245 (0%)  
[  5] 125.00-126.00 sec   413 KBytes  3.39 Mbits/sec  0.264 ms  0/4234 (0%)  
[  5] 126.00-127.00 sec   422 KBytes  3.46 Mbits/sec  0.336 ms  0/4326 (0%)  
[  5] 127.00-128.00 sec   414 KBytes  3.39 Mbits/sec  0.320 ms  0/4237 (0%)  
[  5] 128.00-129.00 sec   395 KBytes  3.23 Mbits/sec  0.329 ms  0/4042 (0%)  
[  5] 129.00-130.00 sec   401 KBytes  3.29 Mbits/sec  0.275 ms  0/4109 (0%)  
[  5] 130.00-131.00 sec   403 KBytes  3.30 Mbits/sec  0.361 ms  0/4126 (0%)  
[  5] 131.00-132.00 sec   410 KBytes  3.36 Mbits/sec  0.343 ms  0/4203 (0%)  
[  5] 132.00-133.00 sec   413 KBytes  3.38 Mbits/sec  0.318 ms  0/4225 (0%)  
[  5] 133.00-134.00 sec   413 KBytes  3.38 Mbits/sec  0.262 ms  0/4228 (0%)  
[  5] 134.00-135.00 sec   418 KBytes  3.42 Mbits/sec  0.323 ms  0/4281 (0%)  
[  5] 135.00-136.00 sec   415 KBytes  3.40 Mbits/sec  0.306 ms  0/4245 (0%)  
[  5] 136.00-137.00 sec   401 KBytes  3.28 Mbits/sec  0.316 ms  0/4104 (0%)  
[  5] 137.00-138.00 sec   402 KBytes  3.29 Mbits/sec  0.337 ms  0/4120 (0%)  
[  5] 138.00-139.00 sec   390 KBytes  3.20 Mbits/sec  0.362 ms  0/3997 (0%)  
[  5] 139.00-140.00 sec   405 KBytes  3.32 Mbits/sec  0.399 ms  0/4152 (0%)  
[  5] 140.00-141.00 sec   403 KBytes  3.31 Mbits/sec  0.277 ms  0/4128 (0%)  
[  5] 141.00-142.00 sec   395 KBytes  3.23 Mbits/sec  0.431 ms  0/4040 (0%)  
[  5] 142.00-143.00 sec   375 KBytes  3.07 Mbits/sec  0.353 ms  0/3837 (0%)  
[  5] 143.00-144.00 sec   377 KBytes  3.09 Mbits/sec  0.350 ms  0/3859 (0%)  
[  5] 144.00-145.00 sec   379 KBytes  3.10 Mbits/sec  0.342 ms  0/3880 (0%)  
[  5] 145.00-146.00 sec   390 KBytes  3.20 Mbits/sec  0.340 ms  0/3996 (0%)  
[  5] 146.00-147.00 sec   384 KBytes  3.14 Mbits/sec  0.437 ms  0/3929 (0%)  
[  5] 147.00-148.00 sec   401 KBytes  3.29 Mbits/sec  0.313 ms  0/4109 (0%)  
[  5] 148.00-149.00 sec   404 KBytes  3.31 Mbits/sec  0.392 ms  0/4134 (0%)  
[  5] 149.00-150.00 sec   407 KBytes  3.33 Mbits/sec  0.267 ms  0/4164 (0%)  
[  5] 150.00-151.00 sec   409 KBytes  3.35 Mbits/sec  0.315 ms  0/4193 (0%)  
[  5] 151.00-152.00 sec   400 KBytes  3.28 Mbits/sec  0.339 ms  0/4099 (0%)  
[  5] 152.00-153.00 sec   388 KBytes  3.18 Mbits/sec  0.452 ms  0/3971 (0%)  
[  5] 153.00-154.00 sec   395 KBytes  3.23 Mbits/sec  0.429 ms  0/4043 (0%)  
[  5] 154.00-155.00 sec   385 KBytes  3.15 Mbits/sec  0.355 ms  0/3944 (0%)  
[  5] 155.00-156.00 sec   400 KBytes  3.28 Mbits/sec  0.368 ms  0/4098 (0%)  
[  5] 156.00-157.00 sec   413 KBytes  3.38 Mbits/sec  0.349 ms  0/4225 (0%)  
[  5] 157.00-158.00 sec   419 KBytes  3.43 Mbits/sec  0.335 ms  0/4290 (0%)  
[  5] 158.00-159.00 sec   407 KBytes  3.34 Mbits/sec  0.340 ms  0/4171 (0%)  
[  5] 159.00-160.00 sec   410 KBytes  3.36 Mbits/sec  0.304 ms  0/4200 (0%)  
[  5] 160.00-161.00 sec   400 KBytes  3.27 Mbits/sec  0.412 ms  0/4092 (0%)  
[  5] 161.00-162.00 sec   377 KBytes  3.09 Mbits/sec  0.278 ms  0/3859 (0%)  
[  5] 162.00-163.00 sec   384 KBytes  3.14 Mbits/sec  0.402 ms  0/3930 (0%)  
[  5] 163.00-164.00 sec   401 KBytes  3.28 Mbits/sec  0.347 ms  0/4102 (0%)  
[  5] 164.00-165.00 sec   401 KBytes  3.28 Mbits/sec  0.476 ms  0/4105 (0%)  
[  5] 165.00-166.00 sec   395 KBytes  3.24 Mbits/sec  0.359 ms  0/4043 (0%)  
[  5] 166.00-167.00 sec   401 KBytes  3.28 Mbits/sec  0.356 ms  0/4103 (0%)  
[  5] 167.00-168.00 sec   416 KBytes  3.41 Mbits/sec  0.378 ms  0/4259 (0%)  
[  5] 168.00-169.00 sec   404 KBytes  3.31 Mbits/sec  0.345 ms  0/4138 (0%)  
[  5] 169.00-170.00 sec   406 KBytes  3.32 Mbits/sec  0.320 ms  0/4158 (0%)  
[  5] 170.00-171.00 sec   409 KBytes  3.35 Mbits/sec  0.366 ms  0/4190 (0%)  
[  5] 171.00-172.00 sec   394 KBytes  3.23 Mbits/sec  0.322 ms  0/4039 (0%)  
[  5] 172.00-173.00 sec   397 KBytes  3.25 Mbits/sec  0.356 ms  0/4061 (0%)  
[  5] 173.00-174.00 sec   405 KBytes  3.30 Mbits/sec  0.365 ms  0/4144 (0%)  
[  5] 174.00-175.00 sec   395 KBytes  3.25 Mbits/sec  0.345 ms  0/4047 (0%)  
[  5] 175.00-176.00 sec   373 KBytes  3.05 Mbits/sec  0.532 ms  0/3818 (0%)  
[  5] 176.00-177.00 sec   373 KBytes  3.06 Mbits/sec  0.449 ms  0/3822 (0%)  
[  5] 177.00-178.00 sec   380 KBytes  3.11 Mbits/sec  0.326 ms  0/3892 (0%)  
[  5] 178.00-179.00 sec   368 KBytes  3.01 Mbits/sec  0.336 ms  0/3767 (0%)  
[  5] 179.00-180.00 sec   387 KBytes  3.17 Mbits/sec  0.350 ms  0/3965 (0%)  
[  5] 180.00-181.00 sec   385 KBytes  3.15 Mbits/sec  0.347 ms  0/3943 (0%)  
[  5] 181.00-182.00 sec   373 KBytes  3.06 Mbits/sec  0.351 ms  0/3824 (0%)  
[  5] 182.00-183.00 sec   370 KBytes  3.03 Mbits/sec  0.336 ms  0/3790 (0%)  
[  5] 183.00-184.00 sec   367 KBytes  3.00 Mbits/sec  0.361 ms  0/3756 (0%)  
[  5] 184.00-185.00 sec   373 KBytes  3.05 Mbits/sec  0.350 ms  0/3816 (0%)  
[  5] 185.00-186.00 sec   368 KBytes  3.02 Mbits/sec  0.278 ms  0/3773 (0%)  
[  5] 186.00-187.00 sec   374 KBytes  3.06 Mbits/sec  0.420 ms  0/3830 (0%)  
[  5] 187.00-188.00 sec   387 KBytes  3.17 Mbits/sec  0.282 ms  0/3960 (0%)  
[  5] 188.00-189.00 sec   389 KBytes  3.19 Mbits/sec  0.399 ms  0/3985 (0%)  
[  5] 189.00-190.00 sec   410 KBytes  3.36 Mbits/sec  0.384 ms  0/4202 (0%)  
[  5] 190.00-191.00 sec   330 KBytes  2.70 Mbits/sec  0.232 ms  20/3404 (0.59%)  
[  5] 191.00-192.00 sec   380 KBytes  3.11 Mbits/sec  0.217 ms  443/4330 (10%)  
[  5] 192.00-193.00 sec   409 KBytes  3.35 Mbits/sec  0.223 ms  510/4699 (11%)  
[  5] 193.00-194.00 sec   371 KBytes  3.05 Mbits/sec  0.254 ms  471/4275 (11%)  
[  5] 194.00-195.00 sec   403 KBytes  3.30 Mbits/sec  0.216 ms  865/4993 (17%)  
[  5] 195.00-196.00 sec   298 KBytes  2.44 Mbits/sec  0.263 ms  1341/4397 (30%)  
[  5] 196.00-197.00 sec   442 KBytes  3.62 Mbits/sec  0.212 ms  802/5327 (15%)  
[  5] 197.00-198.00 sec   329 KBytes  2.69 Mbits/sec  0.308 ms  1128/4495 (25%)  
[  5] 198.00-199.00 sec   411 KBytes  3.37 Mbits/sec  0.208 ms  865/5073 (17%)  
[  5] 199.00-200.00 sec   377 KBytes  3.09 Mbits/sec  0.214 ms  536/4393 (12%)  
[  5] 200.00-201.00 sec   365 KBytes  2.99 Mbits/sec  0.209 ms  606/4345 (14%)  
[  5] 201.00-202.00 sec   389 KBytes  3.19 Mbits/sec  0.198 ms  1306/5292 (25%)  
[  5] 202.00-203.00 sec   367 KBytes  3.01 Mbits/sec  0.261 ms  884/4647 (19%)  
[  5] 203.00-204.00 sec   393 KBytes  3.22 Mbits/sec  0.218 ms  1160/5186 (22%)  
[  5] 204.00-205.00 sec   338 KBytes  2.77 Mbits/sec  0.314 ms  1158/4614 (25%)  
[  5] 205.00-206.00 sec   346 KBytes  2.83 Mbits/sec  0.211 ms  935/4479 (21%)  
[  5] 206.00-207.00 sec   406 KBytes  3.32 Mbits/sec  0.211 ms  828/4982 (17%)  
[  5] 207.00-208.00 sec   429 KBytes  3.51 Mbits/sec  0.212 ms  768/5158 (15%)  
[  5] 208.00-209.00 sec   316 KBytes  2.59 Mbits/sec  0.216 ms  696/3936 (18%)  
[  5] 209.00-210.00 sec   359 KBytes  2.94 Mbits/sec  0.249 ms  418/4090 (10%)  
[  5] 210.00-211.00 sec   423 KBytes  3.47 Mbits/sec  0.218 ms  690/5026 (14%)  
[  5] 211.00-212.00 sec   380 KBytes  3.11 Mbits/sec  0.212 ms  311/4203 (7.4%)  
[  5] 212.00-213.00 sec   344 KBytes  2.82 Mbits/sec  0.214 ms  602/4127 (15%)  
[  5] 213.00-214.00 sec   368 KBytes  3.02 Mbits/sec  0.236 ms  1113/4884 (23%)  
[  5] 214.00-215.00 sec   347 KBytes  2.84 Mbits/sec  0.418 ms  451/4003 (11%)  
[  5] 215.00-216.00 sec   377 KBytes  3.09 Mbits/sec  0.203 ms  1251/5112 (24%)  
[  5] 216.00-217.00 sec   357 KBytes  2.92 Mbits/sec  0.211 ms  464/4116 (11%)  
[  5] 217.00-218.00 sec   405 KBytes  3.32 Mbits/sec  0.215 ms  738/4888 (15%)  
[  5] 218.00-219.00 sec   359 KBytes  2.94 Mbits/sec  0.250 ms  375/4055 (9.2%)  
[  5] 219.00-220.00 sec   387 KBytes  3.17 Mbits/sec  0.231 ms  823/4790 (17%)  
[  5] 220.00-221.00 sec   339 KBytes  2.78 Mbits/sec  0.210 ms  1023/4493 (23%)  
[  5] 221.00-222.00 sec   353 KBytes  2.89 Mbits/sec  0.205 ms  540/4152 (13%)  
[  5] 222.00-223.00 sec   420 KBytes  3.44 Mbits/sec  0.232 ms  583/4887 (12%)  
[  5] 223.00-224.00 sec   381 KBytes  3.12 Mbits/sec  0.217 ms  399/4296 (9.3%)  
[  5] 224.00-225.00 sec   421 KBytes  3.45 Mbits/sec  0.216 ms  524/4833 (11%)  
[  5] 225.00-226.00 sec   313 KBytes  2.56 Mbits/sec  0.293 ms  933/4137 (23%)  
[  5] 226.00-227.00 sec   423 KBytes  3.46 Mbits/sec  0.235 ms  309/4637 (6.7%)  
[  5] 227.00-228.00 sec   334 KBytes  2.74 Mbits/sec  0.199 ms  475/3899 (12%)  
[  5] 228.00-229.00 sec   394 KBytes  3.23 Mbits/sec  0.245 ms  874/4909 (18%)  
[  5] 229.00-230.00 sec   342 KBytes  2.81 Mbits/sec  0.177 ms  570/4077 (14%)  
[  5] 230.00-231.00 sec   426 KBytes  3.49 Mbits/sec  0.208 ms  788/5152 (15%)  
[  5] 231.00-232.00 sec   349 KBytes  2.86 Mbits/sec  0.204 ms  602/4171 (14%)  
[  5] 232.00-233.00 sec   411 KBytes  3.37 Mbits/sec  0.210 ms  777/4985 (16%)  
[  5] 233.00-234.00 sec   317 KBytes  2.60 Mbits/sec  0.245 ms  786/4031 (19%)  
[  5] 234.00-235.00 sec   348 KBytes  2.85 Mbits/sec  0.215 ms  553/4114 (13%)  
[  5] 235.00-236.00 sec   452 KBytes  3.70 Mbits/sec  0.219 ms  451/5082 (8.9%)  
[  5] 236.00-237.00 sec   341 KBytes  2.79 Mbits/sec  0.216 ms  455/3942 (12%)  
[  5] 237.00-238.00 sec   350 KBytes  2.86 Mbits/sec  0.222 ms  902/4481 (20%)  
[  5] 238.00-239.00 sec   430 KBytes  3.52 Mbits/sec  0.248 ms  483/4883 (9.9%)  
[  5] 239.00-240.00 sec   375 KBytes  3.07 Mbits/sec  0.212 ms  520/4355 (12%)  
[  5] 240.00-241.00 sec   417 KBytes  3.42 Mbits/sec  0.242 ms  527/4800 (11%)  
[  5] 241.00-242.00 sec   333 KBytes  2.72 Mbits/sec  0.217 ms  648/4053 (16%)  
[  5] 242.00-243.00 sec   376 KBytes  3.08 Mbits/sec  0.231 ms  1162/5016 (23%)  
[  5] 243.00-244.00 sec   356 KBytes  2.91 Mbits/sec  0.396 ms  473/4114 (11%)  
[  5] 244.00-245.00 sec   430 KBytes  3.52 Mbits/sec  0.219 ms  592/4996 (12%)  
[  5] 245.00-246.00 sec   347 KBytes  2.84 Mbits/sec  0.209 ms  792/4347 (18%)  
[  5] 246.00-247.00 sec   387 KBytes  3.17 Mbits/sec  0.284 ms  740/4706 (16%)  
[  5] 247.00-248.00 sec   360 KBytes  2.95 Mbits/sec  0.218 ms  919/4601 (20%)  
[  5] 248.00-249.00 sec   453 KBytes  3.71 Mbits/sec  0.212 ms  360/4999 (7.2%)  
[  5] 249.00-250.00 sec   326 KBytes  2.67 Mbits/sec  0.213 ms  483/3820 (13%)  
[  5] 250.00-251.00 sec   442 KBytes  3.62 Mbits/sec  0.224 ms  441/4966 (8.9%)  
[  5] 251.00-252.00 sec   310 KBytes  2.54 Mbits/sec  0.217 ms  550/3727 (15%)  
[  5] 252.00-253.00 sec   407 KBytes  3.33 Mbits/sec  0.211 ms  1158/5321 (22%)  
[  5] 253.00-254.00 sec   359 KBytes  2.94 Mbits/sec  0.212 ms  611/4286 (14%)  
[  5] 254.00-255.00 sec   366 KBytes  3.00 Mbits/sec  0.204 ms  1209/4960 (24%)  
[  5] 255.00-256.00 sec   347 KBytes  2.84 Mbits/sec  0.214 ms  905/4459 (20%)  
[  5] 256.00-257.00 sec   414 KBytes  3.39 Mbits/sec  0.209 ms  709/4952 (14%)  
[  5] 257.00-258.00 sec   345 KBytes  2.82 Mbits/sec  0.211 ms  751/4282 (18%)  
[  5] 258.00-259.00 sec   354 KBytes  2.90 Mbits/sec  0.218 ms  338/3965 (8.5%)  
[  5] 259.00-260.00 sec   430 KBytes  3.51 Mbits/sec  0.208 ms  518/4923 (11%)  
[  5] 260.00-261.00 sec   391 KBytes  3.22 Mbits/sec  0.246 ms  429/4434 (9.7%)  
[  5] 261.00-262.00 sec   366 KBytes  3.00 Mbits/sec  0.207 ms  695/4445 (16%)  
[  5] 262.00-263.00 sec   381 KBytes  3.12 Mbits/sec  0.213 ms  359/4256 (8.4%)  
[  5] 263.00-264.00 sec   368 KBytes  3.01 Mbits/sec  0.215 ms  439/4207 (10%)  
[  5] 264.00-265.00 sec   380 KBytes  3.11 Mbits/sec  0.212 ms  296/4188 (7.1%)  
[  5] 265.00-266.00 sec   430 KBytes  3.52 Mbits/sec  0.220 ms  375/4775 (7.9%)  
[  5] 266.00-267.00 sec   364 KBytes  2.98 Mbits/sec  0.218 ms  491/4220 (12%)  
[  5] 267.00-268.00 sec   352 KBytes  2.88 Mbits/sec  0.191 ms  547/4151 (13%)  
[  5] 268.00-269.00 sec   313 KBytes  2.56 Mbits/sec  0.219 ms  313/3516 (8.9%)  
[  5] 269.00-270.00 sec   362 KBytes  2.97 Mbits/sec  0.210 ms  314/4025 (7.8%)  
[  5] 270.00-271.00 sec   362 KBytes  2.96 Mbits/sec  0.217 ms  544/4246 (13%)  
[  5] 271.00-272.00 sec   334 KBytes  2.74 Mbits/sec  0.216 ms  563/3988 (14%)  
[  5] 272.00-273.00 sec   332 KBytes  2.72 Mbits/sec  0.240 ms  405/3808 (11%)  
[  5] 273.00-274.00 sec   374 KBytes  3.07 Mbits/sec  0.218 ms  894/4726 (19%)  
[  5] 274.00-275.00 sec   332 KBytes  2.72 Mbits/sec  0.240 ms  542/3940 (14%)  
[  5] 275.00-276.00 sec   344 KBytes  2.82 Mbits/sec  0.702 ms  645/4169 (15%)  
[  5] 276.00-277.00 sec   317 KBytes  2.60 Mbits/sec  0.224 ms  479/3728 (13%)  
[  5] 277.00-278.00 sec   382 KBytes  3.13 Mbits/sec  0.235 ms  1400/5308 (26%)  
[  5] 278.00-279.00 sec   350 KBytes  2.87 Mbits/sec  0.225 ms  964/4552 (21%)  
[  5] 279.00-280.00 sec   368 KBytes  3.02 Mbits/sec  0.214 ms  383/4156 (9.2%)  
[  5] 280.00-281.00 sec   382 KBytes  3.13 Mbits/sec  0.214 ms  695/4609 (15%)  
[  5] 281.00-282.00 sec   355 KBytes  2.91 Mbits/sec  0.217 ms  278/3913 (7.1%)  
[  5] 282.00-283.00 sec   441 KBytes  3.61 Mbits/sec  0.222 ms  806/5325 (15%)  
[  5] 283.00-284.00 sec   363 KBytes  2.98 Mbits/sec  0.215 ms  670/4391 (15%)  
[  5] 284.00-285.00 sec   383 KBytes  3.14 Mbits/sec  0.214 ms  1146/5071 (23%)  
[  5] 285.00-286.00 sec   334 KBytes  2.74 Mbits/sec  0.262 ms  1150/4573 (25%)  
[  5] 286.00-287.00 sec   426 KBytes  3.49 Mbits/sec  0.222 ms  807/5173 (16%)  
[  5] 287.00-288.00 sec   345 KBytes  2.83 Mbits/sec  0.177 ms  1087/4619 (24%)  
[  5] 288.00-289.00 sec   429 KBytes  3.51 Mbits/sec  0.223 ms  859/5249 (16%)  
[  5] 289.00-290.00 sec   345 KBytes  2.83 Mbits/sec  0.220 ms  1255/4790 (26%)  
[  5] 290.00-291.00 sec   454 KBytes  3.72 Mbits/sec  0.222 ms  743/5392 (14%)  
[  5] 291.00-292.00 sec   338 KBytes  2.77 Mbits/sec  0.220 ms  915/4375 (21%)  
[  5] 292.00-293.00 sec   401 KBytes  3.29 Mbits/sec  0.153 ms  1062/5170 (21%)  
[  5] 293.00-294.00 sec   381 KBytes  3.12 Mbits/sec  0.212 ms  645/4543 (14%)  
[  5] 294.00-295.00 sec   427 KBytes  3.50 Mbits/sec  0.212 ms  757/5134 (15%)  
[  5] 295.00-296.00 sec   353 KBytes  2.89 Mbits/sec  0.242 ms  799/4413 (18%)  
[  5] 296.00-297.00 sec   425 KBytes  3.48 Mbits/sec  0.236 ms  718/5070 (14%)  
[  5] 297.00-298.00 sec   377 KBytes  3.09 Mbits/sec  0.214 ms  695/4555 (15%)  
[  5] 298.00-299.00 sec   410 KBytes  3.36 Mbits/sec  0.216 ms  447/4645 (9.6%)  
[  5] 299.00-300.00 sec   365 KBytes  2.99 Mbits/sec  0.204 ms  540/4277 (13%)  
[  5] 300.00-301.00 sec   381 KBytes  3.12 Mbits/sec  0.218 ms  310/4207 (7.4%)  
[  5] 301.00-302.00 sec   355 KBytes  2.91 Mbits/sec  0.201 ms  369/4005 (9.2%)  
[  5] 302.00-303.00 sec   381 KBytes  3.12 Mbits/sec  0.211 ms  322/4220 (7.6%)  
[  5] 303.00-304.00 sec   434 KBytes  3.54 Mbits/sec  0.210 ms  505/4945 (10%)  
[  5] 304.00-305.00 sec   331 KBytes  2.72 Mbits/sec  0.216 ms  960/4352 (22%)  
[  5] 305.00-306.00 sec   390 KBytes  3.20 Mbits/sec  0.214 ms  451/4442 (10%)  
[  5] 306.00-307.00 sec   348 KBytes  2.85 Mbits/sec  0.214 ms  685/4244 (16%)  
[  5] 307.00-308.00 sec   444 KBytes  3.63 Mbits/sec  0.220 ms  430/4973 (8.6%)  
[  5] 308.00-309.00 sec   292 KBytes  2.39 Mbits/sec  0.205 ms  774/3761 (21%)  
[  5] 309.00-310.00 sec   380 KBytes  3.11 Mbits/sec  0.216 ms  470/4363 (11%)  
[  5] 310.00-311.00 sec   430 KBytes  3.52 Mbits/sec  0.194 ms  440/4840 (9.1%)  
[  5] 311.00-312.00 sec   356 KBytes  2.91 Mbits/sec  0.213 ms  460/4104 (11%)  
[  5] 312.00-313.00 sec   382 KBytes  3.13 Mbits/sec  0.182 ms  949/4864 (20%)  
[  5] 313.00-314.00 sec   356 KBytes  2.91 Mbits/sec  0.209 ms  550/4192 (13%)  
[  5] 314.00-315.00 sec   384 KBytes  3.14 Mbits/sec  0.217 ms  772/4700 (16%)  
[  5] 315.00-316.00 sec   352 KBytes  2.89 Mbits/sec  0.184 ms  547/4156 (13%)  
[  5] 316.00-317.00 sec   349 KBytes  2.86 Mbits/sec  0.209 ms  545/4123 (13%)  
[  5] 317.00-318.00 sec   356 KBytes  2.91 Mbits/sec  0.231 ms  493/4136 (12%)  
[  5] 318.00-319.00 sec   379 KBytes  3.10 Mbits/sec  0.215 ms  485/4362 (11%)  
[  5] 319.00-320.00 sec   333 KBytes  2.73 Mbits/sec  0.227 ms  732/4141 (18%)  
[  5] 320.00-321.00 sec   341 KBytes  2.80 Mbits/sec  0.230 ms  822/4318 (19%)  
[  5] 321.00-322.00 sec   311 KBytes  2.54 Mbits/sec  2.221 ms  1452/4633 (31%)  
[  5] 322.00-323.00 sec   352 KBytes  2.88 Mbits/sec  0.234 ms  706/4309 (16%)  
[  5] 323.00-324.00 sec   229 KBytes  1.87 Mbits/sec  0.216 ms  628/2968 (21%)  
[  5] 324.00-325.00 sec   277 KBytes  2.27 Mbits/sec  0.197 ms  624/3459 (18%)  
[  5] 325.00-326.00 sec   314 KBytes  2.57 Mbits/sec  0.215 ms  526/3737 (14%)  
[  5] 326.00-327.00 sec   206 KBytes  1.69 Mbits/sec  0.218 ms  396/2504 (16%)  
[  5] 327.00-328.00 sec   395 KBytes  3.24 Mbits/sec  0.214 ms  827/4875 (17%)  
[  5] 328.00-329.00 sec   281 KBytes  2.30 Mbits/sec  0.218 ms  280/3154 (8.9%)  
[  5] 329.00-330.00 sec   293 KBytes  2.40 Mbits/sec  0.197 ms  666/3664 (18%)  
[  5] 330.00-331.00 sec   291 KBytes  2.39 Mbits/sec  0.206 ms  689/3672 (19%)  
[  5] 331.00-332.00 sec   333 KBytes  2.73 Mbits/sec  0.195 ms  729/4140 (18%)  
[  5] 332.00-333.00 sec   345 KBytes  2.82 Mbits/sec  0.225 ms  613/4141 (15%)  
[  5] 333.00-334.00 sec   316 KBytes  2.59 Mbits/sec  0.211 ms  387/3621 (11%)  
[  5] 334.00-335.00 sec   264 KBytes  2.17 Mbits/sec  1.033 ms  770/3476 (22%)  
[  5] 335.00-336.00 sec   362 KBytes  2.97 Mbits/sec  0.207 ms  612/4323 (14%)  
[  5] 336.00-337.00 sec   359 KBytes  2.94 Mbits/sec  0.206 ms  438/4117 (11%)  
[  5] 337.00-338.00 sec   298 KBytes  2.44 Mbits/sec  0.217 ms  443/3490 (13%)  
[  5] 338.00-339.00 sec   298 KBytes  2.44 Mbits/sec  0.441 ms  525/3575 (15%)  
[  5] 339.00-340.00 sec   359 KBytes  2.94 Mbits/sec  0.213 ms  726/4399 (17%)  
[  5] 340.00-341.00 sec   308 KBytes  2.52 Mbits/sec  5.171 ms  460/3613 (13%)  
[  5] 341.00-342.00 sec   359 KBytes  2.94 Mbits/sec  0.213 ms  960/4632 (21%)  
[  5] 342.00-343.00 sec   353 KBytes  2.89 Mbits/sec  0.252 ms  1005/4620 (22%)  
[  5] 343.00-344.00 sec   333 KBytes  2.72 Mbits/sec  0.228 ms  1184/4589 (26%)  
[  5] 344.00-345.00 sec   285 KBytes  2.34 Mbits/sec  0.204 ms  858/3780 (23%)  
[  5] 345.00-346.00 sec   353 KBytes  2.89 Mbits/sec  0.216 ms  1564/5182 (30%)  
[  5] 346.00-347.00 sec   360 KBytes  2.95 Mbits/sec  0.219 ms  2021/5705 (35%)  
[  5] 347.00-348.00 sec   236 KBytes  1.93 Mbits/sec  0.206 ms  2393/4810 (50%)  
[  5] 348.00-349.00 sec   347 KBytes  2.84 Mbits/sec  0.218 ms  1265/4815 (26%)  
[  5] 349.00-350.00 sec   253 KBytes  2.07 Mbits/sec  0.326 ms  1255/3846 (33%)  
[  5] 350.00-351.00 sec   318 KBytes  2.61 Mbits/sec  0.270 ms  2433/5693 (43%)  
[  5] 351.00-352.00 sec   277 KBytes  2.26 Mbits/sec  0.216 ms  1567/4401 (36%)  
[  5] 352.00-353.00 sec   380 KBytes  3.12 Mbits/sec  0.214 ms  1163/5055 (23%)  
[  5] 353.00-354.00 sec   364 KBytes  2.98 Mbits/sec  0.217 ms  1132/4859 (23%)  
[  5] 354.00-355.00 sec   292 KBytes  2.39 Mbits/sec  0.288 ms  1088/4076 (27%)  
[  5] 355.00-356.00 sec   307 KBytes  2.52 Mbits/sec  0.216 ms  916/4062 (23%)  
[  5] 356.00-357.00 sec   326 KBytes  2.67 Mbits/sec  0.208 ms  1644/4982 (33%)  
[  5] 357.00-358.00 sec   381 KBytes  3.12 Mbits/sec  0.215 ms  1034/4932 (21%)  
[  5] 358.00-359.00 sec   295 KBytes  2.42 Mbits/sec  0.221 ms  944/3966 (24%)  
[  5] 359.00-360.00 sec   225 KBytes  1.84 Mbits/sec  0.232 ms  1030/3336 (31%)  
[  5] 360.00-361.00 sec   295 KBytes  2.42 Mbits/sec  0.251 ms  1274/4298 (30%)  
[  5] 361.00-362.00 sec   362 KBytes  2.96 Mbits/sec  0.216 ms  1111/4817 (23%)  
[  5] 362.00-363.00 sec   272 KBytes  2.23 Mbits/sec  0.217 ms  1346/4127 (33%)  
[  5] 363.00-364.00 sec   340 KBytes  2.79 Mbits/sec  0.212 ms  1582/5068 (31%)  
[  5] 364.00-365.00 sec   277 KBytes  2.27 Mbits/sec  0.215 ms  881/3715 (24%)  
[  5] 365.00-366.00 sec   358 KBytes  2.94 Mbits/sec  0.218 ms  978/4648 (21%)  
[  5] 366.00-367.00 sec   360 KBytes  2.95 Mbits/sec  0.230 ms  839/4528 (19%)  
[  5] 367.00-368.00 sec   304 KBytes  2.49 Mbits/sec  0.215 ms  728/3837 (19%)  
[  5] 368.00-369.00 sec   343 KBytes  2.81 Mbits/sec  0.220 ms  1593/5109 (31%)  
[  5] 369.00-370.00 sec   306 KBytes  2.51 Mbits/sec  0.220 ms  842/3979 (21%)  
[  5] 370.00-371.00 sec   254 KBytes  2.08 Mbits/sec  1.268 ms  1452/4052 (36%)  
[  5] 371.00-372.00 sec   313 KBytes  2.57 Mbits/sec  0.310 ms  1879/5087 (37%)  
[  5] 372.00-373.00 sec   269 KBytes  2.20 Mbits/sec  0.220 ms  1089/3839 (28%)  
[  5] 373.00-374.00 sec   364 KBytes  2.98 Mbits/sec  0.203 ms  1175/4907 (24%)  
[  5] 374.00-375.00 sec   319 KBytes  2.61 Mbits/sec  0.166 ms  755/4020 (19%)  
[  5] 375.00-376.00 sec   364 KBytes  2.98 Mbits/sec  0.211 ms  1002/4731 (21%)  
[  5] 376.00-377.00 sec   302 KBytes  2.47 Mbits/sec  0.224 ms  915/4003 (23%)  
[  5] 377.00-378.00 sec   381 KBytes  3.12 Mbits/sec  0.211 ms  1284/5182 (25%)  
[  5] 378.00-379.00 sec   326 KBytes  2.66 Mbits/sec  0.549 ms  1416/4751 (30%)  
[  5] 379.00-380.00 sec   268 KBytes  2.20 Mbits/sec  0.208 ms  1249/3998 (31%)  
[  5] 380.00-381.00 sec   365 KBytes  2.98 Mbits/sec  0.230 ms  1378/5112 (27%)  
[  5] 381.00-382.00 sec   319 KBytes  2.61 Mbits/sec  0.219 ms  1591/4856 (33%)  
[  5] 382.00-383.00 sec   298 KBytes  2.44 Mbits/sec  0.207 ms  1142/4193 (27%)  
[  5] 383.00-384.00 sec   364 KBytes  2.98 Mbits/sec  0.255 ms  1325/5056 (26%)  
[  5] 384.00-385.00 sec   351 KBytes  2.88 Mbits/sec  0.302 ms  1594/5191 (31%)  
[  5] 385.00-386.00 sec   274 KBytes  2.24 Mbits/sec  0.221 ms  824/3625 (23%)  
[  5] 386.00-387.00 sec   332 KBytes  2.72 Mbits/sec  0.220 ms  1800/5196 (35%)  
[  5] 387.00-388.00 sec   226 KBytes  1.85 Mbits/sec  0.213 ms  1190/3503 (34%)  
[  5] 388.00-389.00 sec   326 KBytes  2.67 Mbits/sec  0.212 ms  2080/5417 (38%)  
[  5] 389.00-390.00 sec   352 KBytes  2.89 Mbits/sec  0.222 ms  1261/4870 (26%)  
[  5] 390.00-391.00 sec   307 KBytes  2.51 Mbits/sec  0.215 ms  852/3992 (21%)  
[  5] 391.00-392.00 sec   332 KBytes  2.72 Mbits/sec  0.219 ms  958/4353 (22%)  
[  5] 392.00-393.00 sec   331 KBytes  2.71 Mbits/sec  0.212 ms  1395/4783 (29%)  
[  5] 393.00-394.00 sec   279 KBytes  2.28 Mbits/sec  0.218 ms  1202/4057 (30%)  
[  5] 394.00-395.00 sec   294 KBytes  2.41 Mbits/sec  0.222 ms  1220/4235 (29%)  
[  5] 395.00-396.00 sec   353 KBytes  2.89 Mbits/sec  0.220 ms  1403/5020 (28%)  
[  5] 396.00-397.00 sec   321 KBytes  2.64 Mbits/sec  0.536 ms  1283/4573 (28%)  
[  5] 397.00-398.00 sec   328 KBytes  2.69 Mbits/sec  0.213 ms  1110/4473 (25%)  
[  5] 398.00-399.00 sec   355 KBytes  2.91 Mbits/sec  0.217 ms  1107/4744 (23%)  
[  5] 399.00-400.00 sec   305 KBytes  2.50 Mbits/sec  0.215 ms  868/3993 (22%)  
[  5] 400.00-401.00 sec   319 KBytes  2.61 Mbits/sec  0.218 ms  780/4048 (19%)  
[  5] 401.00-402.00 sec   308 KBytes  2.52 Mbits/sec  0.206 ms  1804/4955 (36%)  
[  5] 402.00-403.00 sec   252 KBytes  2.07 Mbits/sec  0.205 ms  1448/4031 (36%)  
[  5] 403.00-404.00 sec   342 KBytes  2.80 Mbits/sec  0.226 ms  1462/4965 (29%)  
[  5] 404.00-405.00 sec   289 KBytes  2.37 Mbits/sec  0.217 ms  1234/4192 (29%)  
[  5] 405.00-406.00 sec   296 KBytes  2.42 Mbits/sec  0.225 ms  1014/4043 (25%)  
[  5] 406.00-407.00 sec   236 KBytes  1.94 Mbits/sec  0.518 ms  1557/3976 (39%)  
[  5] 407.00-408.00 sec   381 KBytes  3.12 Mbits/sec  0.215 ms  1073/4970 (22%)  
[  5] 408.00-409.00 sec   307 KBytes  2.51 Mbits/sec  0.218 ms  812/3953 (21%)  
[  5] 409.00-410.00 sec   381 KBytes  3.12 Mbits/sec  0.214 ms  1017/4914 (21%)  
[  5] 410.00-411.00 sec   354 KBytes  2.90 Mbits/sec  0.214 ms  1101/4731 (23%)  
[  5] 411.00-412.00 sec   291 KBytes  2.38 Mbits/sec  0.195 ms  889/3864 (23%)  
[  5] 412.00-413.00 sec   316 KBytes  2.58 Mbits/sec  0.202 ms  953/4184 (23%)  
[  5] 413.00-414.00 sec   313 KBytes  2.57 Mbits/sec  0.211 ms  1796/5003 (36%)  
[  5] 414.00-415.00 sec   296 KBytes  2.43 Mbits/sec  0.216 ms  1248/4282 (29%)  
[  5] 415.00-416.00 sec   381 KBytes  3.12 Mbits/sec  0.219 ms  1436/5333 (27%)  
[  5] 416.00-417.00 sec   293 KBytes  2.40 Mbits/sec  0.242 ms  1124/4128 (27%)  
[  5] 417.00-418.00 sec   359 KBytes  2.94 Mbits/sec  0.215 ms  1079/4757 (23%)  
[  5] 418.00-419.00 sec   263 KBytes  2.16 Mbits/sec  0.217 ms  1255/3949 (32%)  
[  5] 419.00-420.00 sec   337 KBytes  2.76 Mbits/sec  0.212 ms  1394/4847 (29%)  
[  5] 420.00-421.00 sec   350 KBytes  2.87 Mbits/sec  0.210 ms  1099/4682 (23%)  
[  5] 421.00-422.00 sec   264 KBytes  2.16 Mbits/sec  0.215 ms  1487/4193 (35%)  
[  5] 422.00-423.00 sec   308 KBytes  2.52 Mbits/sec  0.217 ms  1181/4337 (27%)  
[  5] 423.00-424.00 sec   358 KBytes  2.93 Mbits/sec  0.214 ms  1374/5036 (27%)  
