Connecting to host 172.22.0.50, port 5202
Reverse mode, remote host 172.22.0.50 is sending
[  5] local 192.168.102.2 port 46517 connected to 172.22.0.50 port 5202
[ ID] Interval           Transfer     Bitrate         Jitter    Lost/Total Datagrams
[  5]   0.00-1.00   sec   440 KBytes  3.60 Mbits/sec  0.310 ms  0/4507 (0%)  
[  5]   1.00-2.00   sec   440 KBytes  3.60 Mbits/sec  0.339 ms  0/4502 (0%)  
[  5]   2.00-3.00   sec   439 KBytes  3.59 Mbits/sec  0.331 ms  0/4493 (0%)  
[  5]   3.00-4.00   sec   438 KBytes  3.59 Mbits/sec  0.350 ms  0/4489 (0%)  
[  5]   4.00-5.00   sec   439 KBytes  3.60 Mbits/sec  0.270 ms  16/4511 (0.35%)  
[  5]   5.00-6.00   sec   441 KBytes  3.60 Mbits/sec  0.310 ms  0/4516 (0%)  
[  5]   6.00-7.00   sec   435 KBytes  3.57 Mbits/sec  0.400 ms  0/4452 (0%)  
[  5]   7.00-8.00   sec   443 KBytes  3.63 Mbits/sec  0.309 ms  0/4534 (0%)  
[  5]   8.00-9.00   sec   436 KBytes  3.57 Mbits/sec  0.642 ms  0/4468 (0%)  
[  5]   9.00-10.00  sec   442 KBytes  3.62 Mbits/sec  0.232 ms  0/4529 (0%)  
[  5]  10.00-11.00  sec   438 KBytes  3.59 Mbits/sec  0.339 ms  0/4490 (0%)  
[  5]  11.00-12.00  sec   441 KBytes  3.60 Mbits/sec  0.267 ms  0/4518 (0%)  
[  5]  12.00-13.00  sec   439 KBytes  3.61 Mbits/sec  0.435 ms  0/4491 (0%)  
[  5]  13.00-14.00  sec   440 KBytes  3.60 Mbits/sec  0.287 ms  0/4501 (0%)  
[  5]  14.00-15.00  sec   439 KBytes  3.59 Mbits/sec  0.265 ms  0/4492 (0%)  
[  5]  15.00-16.00  sec   440 KBytes  3.61 Mbits/sec  0.304 ms  0/4509 (0%)  
[  5]  16.00-17.00  sec   437 KBytes  3.58 Mbits/sec  0.508 ms  0/4476 (0%)  
[  5]  17.00-18.00  sec   423 KBytes  3.46 Mbits/sec  0.463 ms  0/4329 (0%)  
[  5]  18.00-19.00  sec   418 KBytes  3.42 Mbits/sec  0.326 ms  0/4276 (0%)  
[  5]  19.00-20.00  sec   420 KBytes  3.45 Mbits/sec  0.348 ms  0/4305 (0%)  
[  5]  20.00-21.00  sec   430 KBytes  3.53 Mbits/sec  0.330 ms  0/4408 (0%)  
[  5]  21.00-22.00  sec   422 KBytes  3.46 Mbits/sec  0.324 ms  0/4325 (0%)  
[  5]  22.00-23.00  sec   417 KBytes  3.41 Mbits/sec  0.351 ms  0/4270 (0%)  
[  5]  23.00-24.00  sec   417 KBytes  3.42 Mbits/sec  0.340 ms  0/4271 (0%)  
[  5]  24.00-25.00  sec   421 KBytes  3.45 Mbits/sec  0.366 ms  0/4309 (0%)  
[  5]  25.00-26.00  sec   428 KBytes  3.51 Mbits/sec  0.364 ms  0/4386 (0%)  
[  5]  26.00-27.00  sec   426 KBytes  3.49 Mbits/sec  0.327 ms  0/4364 (0%)  
[  5]  27.00-28.00  sec   416 KBytes  3.40 Mbits/sec  0.323 ms  0/4256 (0%)  
[  5]  28.00-29.00  sec   423 KBytes  3.46 Mbits/sec  0.340 ms  0/4327 (0%)  
[  5]  29.00-30.00  sec   419 KBytes  3.43 Mbits/sec  0.370 ms  0/4290 (0%)  
[  5]  30.00-31.00  sec   402 KBytes  3.29 Mbits/sec  0.507 ms  0/4115 (0%)  
[  5]  31.00-32.00  sec   405 KBytes  3.32 Mbits/sec  0.377 ms  0/4146 (0%)  
[  5]  32.00-33.00  sec   415 KBytes  3.40 Mbits/sec  0.321 ms  0/4251 (0%)  
[  5]  33.00-34.00  sec   418 KBytes  3.42 Mbits/sec  0.297 ms  0/4276 (0%)  
[  5]  34.00-35.00  sec   415 KBytes  3.40 Mbits/sec  0.340 ms  0/4250 (0%)  
[  5]  35.00-36.00  sec   423 KBytes  3.46 Mbits/sec  0.322 ms  0/4327 (0%)  
[  5]  36.00-37.00  sec   426 KBytes  3.48 Mbits/sec  0.384 ms  0/4358 (0%)  
[  5]  37.00-38.00  sec   416 KBytes  3.41 Mbits/sec  0.370 ms  0/4262 (0%)  
[  5]  38.00-39.00  sec   404 KBytes  3.31 Mbits/sec  0.365 ms  0/4135 (0%)  
[  5]  39.00-40.00  sec   399 KBytes  3.27 Mbits/sec  0.356 ms  0/4089 (0%)  
[  5]  40.00-41.00  sec   401 KBytes  3.29 Mbits/sec  0.326 ms  0/4110 (0%)  
[  5]  41.00-42.00  sec   407 KBytes  3.33 Mbits/sec  0.321 ms  0/4163 (0%)  
[  5]  42.00-43.00  sec   406 KBytes  3.32 Mbits/sec  0.442 ms  0/4154 (0%)  
[  5]  43.00-44.00  sec   401 KBytes  3.29 Mbits/sec  0.264 ms  0/4107 (0%)  
[  5]  44.00-45.00  sec   416 KBytes  3.41 Mbits/sec  0.310 ms  0/4264 (0%)  
[  5]  45.00-46.00  sec   416 KBytes  3.40 Mbits/sec  0.339 ms  0/4257 (0%)  
[  5]  46.00-47.00  sec   414 KBytes  3.39 Mbits/sec  0.342 ms  0/4239 (0%)  
[  5]  47.00-48.00  sec   398 KBytes  3.26 Mbits/sec  0.304 ms  0/4073 (0%)  
[  5]  48.00-49.00  sec   408 KBytes  3.34 Mbits/sec  0.305 ms  0/4177 (0%)  
[  5]  49.00-50.00  sec   405 KBytes  3.32 Mbits/sec  0.313 ms  0/4145 (0%)  
[  5]  50.00-51.00  sec   414 KBytes  3.39 Mbits/sec  0.341 ms  0/4240 (0%)  
[  5]  51.00-52.00  sec   405 KBytes  3.32 Mbits/sec  0.290 ms  0/4152 (0%)  
[  5]  52.00-53.00  sec   414 KBytes  3.39 Mbits/sec  0.284 ms  0/4239 (0%)  
[  5]  53.00-54.00  sec   410 KBytes  3.36 Mbits/sec  0.423 ms  0/4195 (0%)  
[  5]  54.00-55.00  sec   416 KBytes  3.41 Mbits/sec  0.298 ms  0/4258 (0%)  
[  5]  55.00-56.00  sec   408 KBytes  3.35 Mbits/sec  0.304 ms  0/4183 (0%)  
[  5]  56.00-57.00  sec   394 KBytes  3.23 Mbits/sec  0.358 ms  0/4039 (0%)  
[  5]  57.00-58.00  sec   417 KBytes  3.41 Mbits/sec  0.344 ms  0/4265 (0%)  
[  5]  58.00-59.00  sec   410 KBytes  3.36 Mbits/sec  0.310 ms  0/4196 (0%)  
[  5]  59.00-60.00  sec   419 KBytes  3.43 Mbits/sec  0.365 ms  0/4288 (0%)  
[  5]  60.00-61.00  sec   420 KBytes  3.44 Mbits/sec  0.292 ms  0/4296 (0%)  
[  5]  61.00-62.00  sec   409 KBytes  3.35 Mbits/sec  0.349 ms  0/4188 (0%)  
[  5]  62.00-63.00  sec   412 KBytes  3.37 Mbits/sec  0.381 ms  0/4214 (0%)  
[  5]  63.00-64.00  sec   406 KBytes  3.33 Mbits/sec  0.292 ms  0/4160 (0%)  
[  5]  64.00-65.00  sec   404 KBytes  3.31 Mbits/sec  0.319 ms  0/4132 (0%)  
[  5]  65.00-66.00  sec   414 KBytes  3.39 Mbits/sec  0.312 ms  0/4240 (0%)  
[  5]  66.00-67.00  sec   419 KBytes  3.44 Mbits/sec  0.319 ms  0/4295 (0%)  
[  5]  67.00-68.00  sec   412 KBytes  3.38 Mbits/sec  0.302 ms  0/4220 (0%)  
[  5]  68.00-69.00  sec   410 KBytes  3.36 Mbits/sec  0.307 ms  0/4196 (0%)  
[  5]  69.00-70.00  sec   388 KBytes  3.18 Mbits/sec  0.358 ms  0/3978 (0%)  
[  5]  70.00-71.00  sec   389 KBytes  3.18 Mbits/sec  0.374 ms  0/3979 (0%)  
[  5]  71.00-72.00  sec   368 KBytes  3.01 Mbits/sec  0.340 ms  0/3767 (0%)  
[  5]  72.00-73.00  sec   403 KBytes  3.30 Mbits/sec  0.342 ms  0/4127 (0%)  
[  5]  73.00-74.00  sec   410 KBytes  3.36 Mbits/sec  0.307 ms  0/4196 (0%)  
[  5]  74.00-75.00  sec   407 KBytes  3.33 Mbits/sec  0.321 ms  0/4164 (0%)  
[  5]  75.00-76.00  sec   405 KBytes  3.32 Mbits/sec  0.343 ms  0/4152 (0%)  
[  5]  76.00-77.00  sec   408 KBytes  3.34 Mbits/sec  0.340 ms  0/4177 (0%)  
[  5]  77.00-78.00  sec   417 KBytes  3.42 Mbits/sec  0.334 ms  0/4270 (0%)  
[  5]  78.00-79.00  sec   408 KBytes  3.35 Mbits/sec  0.335 ms  0/4183 (0%)  
[  5]  79.00-80.00  sec   407 KBytes  3.34 Mbits/sec  0.343 ms  0/4171 (0%)  
[  5]  80.00-81.00  sec   413 KBytes  3.39 Mbits/sec  0.316 ms  0/4234 (0%)  
[  5]  81.00-82.00  sec   410 KBytes  3.35 Mbits/sec  0.463 ms  0/4194 (0%)  
[  5]  82.00-83.00  sec   409 KBytes  3.35 Mbits/sec  0.245 ms  0/4191 (0%)  
[  5]  83.00-84.00  sec   404 KBytes  3.31 Mbits/sec  0.365 ms  0/4138 (0%)  
[  5]  84.00-85.00  sec   405 KBytes  3.32 Mbits/sec  0.357 ms  0/4148 (0%)  
[  5]  85.00-86.00  sec   417 KBytes  3.41 Mbits/sec  0.360 ms  0/4268 (0%)  
[  5]  86.00-87.00  sec   418 KBytes  3.42 Mbits/sec  0.471 ms  0/4279 (0%)  
[  5]  87.00-88.00  sec   408 KBytes  3.34 Mbits/sec  0.315 ms  0/4175 (0%)  
[  5]  88.00-89.00  sec   405 KBytes  3.32 Mbits/sec  0.352 ms  0/4148 (0%)  
[  5]  89.00-90.00  sec   411 KBytes  3.36 Mbits/sec  0.372 ms  0/4206 (0%)  
[  5]  90.00-91.00  sec   419 KBytes  3.43 Mbits/sec  0.314 ms  0/4290 (0%)  
[  5]  91.00-92.00  sec   416 KBytes  3.41 Mbits/sec  0.356 ms  0/4262 (0%)  
[  5]  92.00-93.00  sec   408 KBytes  3.34 Mbits/sec  0.444 ms  0/4177 (0%)  
[  5]  93.00-94.00  sec   406 KBytes  3.33 Mbits/sec  0.299 ms  0/4160 (0%)  
[  5]  94.00-95.00  sec   409 KBytes  3.35 Mbits/sec  0.319 ms  0/4189 (0%)  
[  5]  95.00-96.00  sec   402 KBytes  3.29 Mbits/sec  0.340 ms  0/4115 (0%)  
[  5]  96.00-97.00  sec   404 KBytes  3.31 Mbits/sec  0.304 ms  0/4140 (0%)  
[  5]  97.00-98.00  sec   405 KBytes  3.32 Mbits/sec  0.315 ms  0/4146 (0%)  
[  5]  98.00-99.00  sec   418 KBytes  3.42 Mbits/sec  0.324 ms  0/4276 (0%)  
[  5]  99.00-100.00 sec   404 KBytes  3.30 Mbits/sec  0.461 ms  0/4133 (0%)  
[  5] 100.00-101.00 sec   410 KBytes  3.36 Mbits/sec  0.281 ms  0/4196 (0%)  
[  5] 101.00-102.00 sec   409 KBytes  3.35 Mbits/sec  0.387 ms  0/4188 (0%)  
[  5] 102.00-103.00 sec   415 KBytes  3.40 Mbits/sec  0.275 ms  0/4245 (0%)  
[  5] 103.00-104.00 sec   407 KBytes  3.33 Mbits/sec  0.368 ms  0/4166 (0%)  
[  5] 104.00-105.00 sec   410 KBytes  3.36 Mbits/sec  0.347 ms  0/4202 (0%)  
[  5] 105.00-106.00 sec   407 KBytes  3.33 Mbits/sec  0.370 ms  0/4164 (0%)  
[  5] 106.00-107.00 sec   418 KBytes  3.42 Mbits/sec  0.324 ms  0/4276 (0%)  
[  5] 107.00-108.00 sec   408 KBytes  3.35 Mbits/sec  0.399 ms  0/4184 (0%)  
[  5] 108.00-109.00 sec   409 KBytes  3.35 Mbits/sec  0.325 ms  0/4190 (0%)  
[  5] 109.00-110.00 sec   410 KBytes  3.36 Mbits/sec  0.339 ms  0/4200 (0%)  
[  5] 110.00-111.00 sec   407 KBytes  3.34 Mbits/sec  0.349 ms  0/4171 (0%)  
[  5] 111.00-112.00 sec   401 KBytes  3.28 Mbits/sec  0.353 ms  0/4104 (0%)  
[  5] 112.00-113.00 sec   402 KBytes  3.29 Mbits/sec  0.298 ms  0/4115 (0%)  
[  5] 113.00-114.00 sec   404 KBytes  3.31 Mbits/sec  0.320 ms  0/4132 (0%)  
[  5] 114.00-115.00 sec   411 KBytes  3.37 Mbits/sec  0.349 ms  0/4208 (0%)  
[  5] 115.00-116.00 sec   418 KBytes  3.42 Mbits/sec  0.360 ms  0/4276 (0%)  
[  5] 116.00-117.00 sec   408 KBytes  3.35 Mbits/sec  0.343 ms  0/4183 (0%)  
[  5] 117.00-118.00 sec   403 KBytes  3.30 Mbits/sec  0.295 ms  0/4129 (0%)  
[  5] 118.00-119.00 sec   406 KBytes  3.33 Mbits/sec  0.317 ms  0/4157 (0%)  
[  5] 119.00-120.00 sec   398 KBytes  3.26 Mbits/sec  0.298 ms  0/4073 (0%)  
[  5] 120.00-121.00 sec   395 KBytes  3.23 Mbits/sec  0.400 ms  0/4041 (0%)  
[  5] 121.00-122.00 sec   394 KBytes  3.23 Mbits/sec  0.340 ms  0/4039 (0%)  
[  5] 122.00-123.00 sec   402 KBytes  3.29 Mbits/sec  0.311 ms  0/4115 (0%)  
[  5] 123.00-124.00 sec   413 KBytes  3.38 Mbits/sec  0.526 ms  0/4228 (0%)  
[  5] 124.00-125.00 sec   416 KBytes  3.41 Mbits/sec  0.361 ms  0/4262 (0%)  
[  5] 125.00-126.00 sec   415 KBytes  3.40 Mbits/sec  0.356 ms  0/4253 (0%)  
[  5] 126.00-127.00 sec   419 KBytes  3.43 Mbits/sec  0.247 ms  0/4288 (0%)  
[  5] 127.00-128.00 sec   404 KBytes  3.30 Mbits/sec  0.330 ms  0/4132 (0%)  
[  5] 128.00-129.00 sec   402 KBytes  3.30 Mbits/sec  0.435 ms  0/4117 (0%)  
[  5] 129.00-130.00 sec   387 KBytes  3.17 Mbits/sec  0.344 ms  0/3958 (0%)  
[  5] 130.00-131.00 sec   400 KBytes  3.28 Mbits/sec  0.309 ms  0/4097 (0%)  
[  5] 131.00-132.00 sec   408 KBytes  3.34 Mbits/sec  0.324 ms  0/4177 (0%)  
[  5] 132.00-133.00 sec   419 KBytes  3.43 Mbits/sec  0.315 ms  0/4288 (0%)  
[  5] 133.00-134.00 sec   416 KBytes  3.41 Mbits/sec  0.334 ms  0/4259 (0%)  
[  5] 134.00-135.00 sec   407 KBytes  3.33 Mbits/sec  0.336 ms  0/4163 (0%)  
[  5] 135.00-136.00 sec   399 KBytes  3.27 Mbits/sec  0.386 ms  0/4090 (0%)  
[  5] 136.00-137.00 sec   395 KBytes  3.23 Mbits/sec  0.317 ms  0/4047 (0%)  
[  5] 137.00-138.00 sec   402 KBytes  3.30 Mbits/sec  0.334 ms  0/4121 (0%)  
[  5] 138.00-139.00 sec   406 KBytes  3.33 Mbits/sec  0.299 ms  0/4159 (0%)  
[  5] 139.00-140.00 sec   413 KBytes  3.38 Mbits/sec  0.487 ms  0/4232 (0%)  
[  5] 140.00-141.00 sec   420 KBytes  3.45 Mbits/sec  0.438 ms  0/4304 (0%)  
[  5] 141.00-142.00 sec   414 KBytes  3.39 Mbits/sec  0.332 ms  0/4236 (0%)  
[  5] 142.00-143.00 sec   420 KBytes  3.44 Mbits/sec  0.516 ms  0/4299 (0%)  
[  5] 143.00-144.00 sec   413 KBytes  3.38 Mbits/sec  0.334 ms  0/4225 (0%)  
[  5] 144.00-145.00 sec   397 KBytes  3.25 Mbits/sec  0.401 ms  0/4066 (0%)  
[  5] 145.00-146.00 sec   402 KBytes  3.29 Mbits/sec  0.249 ms  0/4113 (0%)  
[  5] 146.00-147.00 sec   402 KBytes  3.29 Mbits/sec  0.335 ms  0/4115 (0%)  
[  5] 147.00-148.00 sec   415 KBytes  3.40 Mbits/sec  0.342 ms  0/4251 (0%)  
[  5] 148.00-149.00 sec   412 KBytes  3.37 Mbits/sec  0.469 ms  0/4214 (0%)  
[  5] 149.00-150.00 sec   408 KBytes  3.35 Mbits/sec  0.341 ms  0/4183 (0%)  
[  5] 150.00-151.00 sec   422 KBytes  3.46 Mbits/sec  0.377 ms  0/4320 (0%)  
[  5] 151.00-152.00 sec   406 KBytes  3.33 Mbits/sec  0.520 ms  0/4158 (0%)  
[  5] 152.00-153.00 sec   392 KBytes  3.21 Mbits/sec  0.381 ms  0/4016 (0%)  
[  5] 153.00-154.00 sec   395 KBytes  3.24 Mbits/sec  0.390 ms  0/4047 (0%)  
[  5] 154.00-155.00 sec   397 KBytes  3.26 Mbits/sec  0.400 ms  0/4070 (0%)  
[  5] 155.00-156.00 sec   397 KBytes  3.26 Mbits/sec  0.314 ms  0/4067 (0%)  
[  5] 156.00-157.00 sec   401 KBytes  3.29 Mbits/sec  0.363 ms  0/4109 (0%)  
[  5] 157.00-158.00 sec   413 KBytes  3.38 Mbits/sec  0.271 ms  0/4231 (0%)  
[  5] 158.00-159.00 sec   406 KBytes  3.32 Mbits/sec  0.411 ms  0/4154 (0%)  
[  5] 159.00-160.00 sec   418 KBytes  3.42 Mbits/sec  0.381 ms  0/4277 (0%)  
[  5] 160.00-161.00 sec   416 KBytes  3.40 Mbits/sec  0.406 ms  0/4256 (0%)  
[  5] 161.00-162.00 sec   396 KBytes  3.25 Mbits/sec  0.454 ms  0/4057 (0%)  
[  5] 162.00-163.00 sec   406 KBytes  3.32 Mbits/sec  0.476 ms  0/4156 (0%)  
[  5] 163.00-164.00 sec   408 KBytes  3.35 Mbits/sec  0.394 ms  0/4183 (0%)  
[  5] 164.00-165.00 sec   410 KBytes  3.36 Mbits/sec  0.291 ms  0/4200 (0%)  
[  5] 165.00-166.00 sec   409 KBytes  3.35 Mbits/sec  0.405 ms  0/4185 (0%)  
[  5] 166.00-167.00 sec   411 KBytes  3.36 Mbits/sec  0.332 ms  0/4206 (0%)  
[  5] 167.00-168.00 sec   416 KBytes  3.41 Mbits/sec  0.280 ms  0/4259 (0%)  
[  5] 168.00-169.00 sec   413 KBytes  3.38 Mbits/sec  0.355 ms  0/4225 (0%)  
[  5] 169.00-170.00 sec   389 KBytes  3.18 Mbits/sec  0.293 ms  0/3979 (0%)  
[  5] 170.00-171.00 sec   406 KBytes  3.33 Mbits/sec  0.329 ms  0/4158 (0%)  
[  5] 171.00-172.00 sec   409 KBytes  3.35 Mbits/sec  0.335 ms  0/4185 (0%)  
[  5] 172.00-173.00 sec   414 KBytes  3.40 Mbits/sec  0.435 ms  0/4244 (0%)  
[  5] 173.00-174.00 sec   411 KBytes  3.36 Mbits/sec  0.400 ms  0/4207 (0%)  
[  5] 174.00-175.00 sec   416 KBytes  3.41 Mbits/sec  0.392 ms  0/4259 (0%)  
[  5] 175.00-176.00 sec   415 KBytes  3.40 Mbits/sec  0.352 ms  0/4245 (0%)  
[  5] 176.00-177.00 sec   418 KBytes  3.42 Mbits/sec  0.329 ms  0/4276 (0%)  
[  5] 177.00-178.00 sec   400 KBytes  3.28 Mbits/sec  0.389 ms  0/4099 (0%)  
[  5] 178.00-179.00 sec   409 KBytes  3.35 Mbits/sec  0.276 ms  0/4187 (0%)  
[  5] 179.00-180.00 sec   414 KBytes  3.39 Mbits/sec  0.322 ms  0/4239 (0%)  
[  5] 180.00-181.00 sec   416 KBytes  3.41 Mbits/sec  0.338 ms  0/4257 (0%)  
[  5] 181.00-182.00 sec   404 KBytes  3.31 Mbits/sec  0.354 ms  0/4140 (0%)  
[  5] 182.00-183.00 sec   413 KBytes  3.39 Mbits/sec  0.290 ms  0/4234 (0%)  
[  5] 183.00-184.00 sec   416 KBytes  3.41 Mbits/sec  0.357 ms  0/4264 (0%)  
[  5] 184.00-185.00 sec   408 KBytes  3.34 Mbits/sec  0.326 ms  0/4175 (0%)  
[  5] 185.00-186.00 sec   406 KBytes  3.33 Mbits/sec  0.339 ms  0/4159 (0%)  
[  5] 186.00-187.00 sec   390 KBytes  3.19 Mbits/sec  0.329 ms  0/3992 (0%)  
[  5] 187.00-188.00 sec   388 KBytes  3.18 Mbits/sec  0.395 ms  0/3977 (0%)  
[  5] 188.00-189.00 sec   390 KBytes  3.19 Mbits/sec  0.371 ms  0/3993 (0%)  
[  5] 189.00-190.00 sec   402 KBytes  3.29 Mbits/sec  0.376 ms  0/4112 (0%)  
[  5] 190.00-191.00 sec   410 KBytes  3.36 Mbits/sec  0.317 ms  0/4197 (0%)  
[  5] 191.00-192.00 sec   409 KBytes  3.35 Mbits/sec  0.310 ms  0/4189 (0%)  
[  5] 192.00-193.00 sec   409 KBytes  3.35 Mbits/sec  0.342 ms  0/4190 (0%)  
[  5] 193.00-194.00 sec   410 KBytes  3.36 Mbits/sec  0.324 ms  0/4201 (0%)  
[  5] 194.00-195.00 sec   404 KBytes  3.31 Mbits/sec  0.345 ms  0/4134 (0%)  
[  5] 195.00-196.00 sec   402 KBytes  3.29 Mbits/sec  0.324 ms  0/4115 (0%)  
[  5] 196.00-197.00 sec   412 KBytes  3.37 Mbits/sec  0.314 ms  0/4214 (0%)  
[  5] 197.00-198.00 sec   404 KBytes  3.31 Mbits/sec  0.430 ms  0/4134 (0%)  
[  5] 198.00-199.00 sec   407 KBytes  3.34 Mbits/sec  0.406 ms  0/4170 (0%)  
[  5] 199.00-200.00 sec   408 KBytes  3.35 Mbits/sec  0.395 ms  0/4183 (0%)  
[  5] 200.00-201.00 sec   415 KBytes  3.40 Mbits/sec  0.395 ms  0/4245 (0%)  
[  5] 201.00-202.00 sec   411 KBytes  3.37 Mbits/sec  0.364 ms  0/4208 (0%)  
[  5] 202.00-203.00 sec   407 KBytes  3.33 Mbits/sec  0.405 ms  0/4165 (0%)  
[  5] 203.00-204.00 sec   407 KBytes  3.33 Mbits/sec  0.314 ms  0/4164 (0%)  
[  5] 204.00-205.00 sec   413 KBytes  3.38 Mbits/sec  0.382 ms  0/4228 (0%)  
[  5] 205.00-206.00 sec   415 KBytes  3.40 Mbits/sec  0.338 ms  0/4245 (0%)  
[  5] 206.00-207.00 sec   416 KBytes  3.41 Mbits/sec  0.331 ms  0/4258 (0%)  
[  5] 207.00-208.00 sec   411 KBytes  3.36 Mbits/sec  0.301 ms  0/4206 (0%)  
[  5] 208.00-209.00 sec   415 KBytes  3.40 Mbits/sec  0.293 ms  0/4253 (0%)  
[  5] 209.00-210.00 sec   411 KBytes  3.37 Mbits/sec  0.274 ms  0/4208 (0%)  
[  5] 210.00-211.00 sec   405 KBytes  3.32 Mbits/sec  0.313 ms  0/4152 (0%)  
[  5] 211.00-212.00 sec   405 KBytes  3.32 Mbits/sec  0.341 ms  0/4146 (0%)  
[  5] 212.00-213.00 sec   412 KBytes  3.38 Mbits/sec  0.340 ms  0/4220 (0%)  
[  5] 213.00-214.01 sec   415 KBytes  3.39 Mbits/sec  0.350 ms  0/4253 (0%)  
[  5] 214.01-215.00 sec   420 KBytes  3.45 Mbits/sec  0.350 ms  0/4299 (0%)  
[  5] 215.00-216.00 sec   413 KBytes  3.38 Mbits/sec  0.321 ms  0/4228 (0%)  
[  5] 216.00-217.00 sec   413 KBytes  3.38 Mbits/sec  0.327 ms  0/4225 (0%)  
[  5] 217.00-218.00 sec   414 KBytes  3.39 Mbits/sec  0.336 ms  0/4240 (0%)  
[  5] 218.00-219.00 sec   396 KBytes  3.25 Mbits/sec  0.433 ms  0/4060 (0%)  
[  5] 219.00-220.00 sec   392 KBytes  3.21 Mbits/sec  0.376 ms  0/4014 (0%)  
[  5] 220.00-221.00 sec   403 KBytes  3.30 Mbits/sec  0.382 ms  0/4123 (0%)  
[  5] 221.00-222.00 sec   405 KBytes  3.31 Mbits/sec  0.360 ms  0/4144 (0%)  
[  5] 222.00-223.00 sec   388 KBytes  3.18 Mbits/sec  0.308 ms  0/3974 (0%)  
[  5] 223.00-224.00 sec   382 KBytes  3.13 Mbits/sec  0.326 ms  0/3909 (0%)  
[  5] 224.00-225.00 sec   384 KBytes  3.15 Mbits/sec  0.302 ms  0/3934 (0%)  
[  5] 225.00-226.00 sec   383 KBytes  3.14 Mbits/sec  0.389 ms  0/3924 (0%)  
[  5] 226.00-227.00 sec   378 KBytes  3.10 Mbits/sec  0.344 ms  0/3868 (0%)  
[  5] 227.00-228.00 sec   405 KBytes  3.31 Mbits/sec  0.337 ms  0/4143 (0%)  
[  5] 228.00-229.00 sec   399 KBytes  3.27 Mbits/sec  0.397 ms  0/4086 (0%)  
[  5] 229.00-230.00 sec   413 KBytes  3.38 Mbits/sec  0.302 ms  0/4226 (0%)  
[  5] 230.00-231.00 sec   416 KBytes  3.41 Mbits/sec  0.444 ms  0/4259 (0%)  
[  5] 231.00-232.00 sec   419 KBytes  3.43 Mbits/sec  0.318 ms  0/4287 (0%)  
[  5] 232.00-233.00 sec   415 KBytes  3.40 Mbits/sec  0.334 ms  0/4251 (0%)  
[  5] 233.00-234.00 sec   415 KBytes  3.40 Mbits/sec  0.317 ms  0/4245 (0%)  
[  5] 234.00-235.00 sec   408 KBytes  3.34 Mbits/sec  0.411 ms  0/4177 (0%)  
[  5] 235.00-236.00 sec   411 KBytes  3.37 Mbits/sec  0.332 ms  0/4208 (0%)  
[  5] 236.00-237.00 sec   406 KBytes  3.33 Mbits/sec  0.363 ms  0/4160 (0%)  
[  5] 237.00-238.00 sec   415 KBytes  3.40 Mbits/sec  0.267 ms  0/4251 (0%)  
[  5] 238.00-239.00 sec   410 KBytes  3.36 Mbits/sec  0.367 ms  0/4197 (0%)  
[  5] 239.00-240.00 sec   398 KBytes  3.26 Mbits/sec  0.393 ms  0/4076 (0%)  
[  5] 240.00-241.00 sec   405 KBytes  3.32 Mbits/sec  0.322 ms  0/4151 (0%)  
[  5] 241.00-242.00 sec   400 KBytes  3.27 Mbits/sec  0.435 ms  0/4091 (0%)  
[  5] 242.00-243.00 sec   405 KBytes  3.32 Mbits/sec  0.386 ms  0/4147 (0%)  
[  5] 243.00-244.00 sec   399 KBytes  3.27 Mbits/sec  0.323 ms  0/4096 (0%)  
[  5] 244.00-245.00 sec   410 KBytes  3.36 Mbits/sec  0.340 ms  0/4194 (0%)  
[  5] 245.00-246.00 sec   415 KBytes  3.40 Mbits/sec  0.416 ms  0/4245 (0%)  
[  5] 246.00-247.00 sec   418 KBytes  3.43 Mbits/sec  0.321 ms  0/4284 (0%)  
[  5] 247.00-248.00 sec   413 KBytes  3.38 Mbits/sec  0.352 ms  0/4232 (0%)  
[  5] 248.00-249.00 sec   410 KBytes  3.37 Mbits/sec  0.431 ms  0/4203 (0%)  
[  5] 249.00-250.00 sec   416 KBytes  3.41 Mbits/sec  0.343 ms  0/4264 (0%)  
[  5] 250.00-251.00 sec   408 KBytes  3.34 Mbits/sec  0.290 ms  0/4177 (0%)  
[  5] 251.00-252.00 sec   394 KBytes  3.23 Mbits/sec  0.451 ms  0/4033 (0%)  
[  5] 252.00-253.00 sec   400 KBytes  3.28 Mbits/sec  0.473 ms  0/4098 (0%)  
[  5] 253.00-254.00 sec   397 KBytes  3.25 Mbits/sec  0.308 ms  0/4064 (0%)  
[  5] 254.00-255.00 sec   400 KBytes  3.28 Mbits/sec  0.333 ms  0/4101 (0%)  
[  5] 255.00-256.00 sec   408 KBytes  3.34 Mbits/sec  0.338 ms  0/4177 (0%)  
[  5] 256.00-257.00 sec   400 KBytes  3.28 Mbits/sec  0.380 ms  0/4098 (0%)  
[  5] 257.00-258.00 sec   396 KBytes  3.24 Mbits/sec  0.496 ms  0/4053 (0%)  
[  5] 258.00-259.00 sec   404 KBytes  3.31 Mbits/sec  0.399 ms  0/4134 (0%)  
[  5] 259.00-260.00 sec   385 KBytes  3.16 Mbits/sec  0.664 ms  0/3946 (0%)  
[  5] 260.00-261.00 sec   392 KBytes  3.21 Mbits/sec  0.297 ms  0/4017 (0%)  
[  5] 261.00-262.00 sec   401 KBytes  3.28 Mbits/sec  0.393 ms  0/4103 (0%)  
[  5] 262.00-263.00 sec   413 KBytes  3.38 Mbits/sec  0.318 ms  0/4225 (0%)  
[  5] 263.00-264.00 sec   408 KBytes  3.34 Mbits/sec  0.421 ms  0/4179 (0%)  
[  5] 264.00-265.00 sec   416 KBytes  3.40 Mbits/sec  0.347 ms  0/4255 (0%)  
[  5] 265.00-266.00 sec   415 KBytes  3.40 Mbits/sec  0.350 ms  0/4253 (0%)  
[  5] 266.00-267.00 sec   418 KBytes  3.42 Mbits/sec  0.298 ms  0/4282 (0%)  
[  5] 267.00-268.00 sec   403 KBytes  3.30 Mbits/sec  0.315 ms  0/4126 (0%)  
[  5] 268.00-269.00 sec   408 KBytes  3.35 Mbits/sec  0.335 ms  0/4183 (0%)  
[  5] 269.00-270.00 sec   403 KBytes  3.30 Mbits/sec  0.288 ms  0/4129 (0%)  
[  5] 270.00-271.00 sec   402 KBytes  3.30 Mbits/sec  0.280 ms  0/4121 (0%)  
[  5] 271.00-272.00 sec   406 KBytes  3.33 Mbits/sec  0.353 ms  0/4157 (0%)  
[  5] 272.00-273.00 sec   405 KBytes  3.32 Mbits/sec  0.363 ms  0/4146 (0%)  
[  5] 273.00-274.00 sec   296 KBytes  2.42 Mbits/sec  0.338 ms  356/3382 (11%)  
[  5] 274.00-275.00 sec   420 KBytes  3.44 Mbits/sec  0.234 ms  418/4723 (8.9%)  
[  5] 275.00-276.00 sec   339 KBytes  2.78 Mbits/sec  0.212 ms  836/4308 (19%)  
[  5] 276.00-277.00 sec   402 KBytes  3.29 Mbits/sec  0.205 ms  887/5004 (18%)  
[  5] 277.00-278.00 sec   361 KBytes  2.96 Mbits/sec  0.219 ms  450/4147 (11%)  
[  5] 278.00-279.00 sec   377 KBytes  3.09 Mbits/sec  0.211 ms  1012/4872 (21%)  
[  5] 279.00-280.00 sec   396 KBytes  3.24 Mbits/sec  0.219 ms  543/4593 (12%)  
[  5] 280.00-281.00 sec   371 KBytes  3.04 Mbits/sec  0.389 ms  715/4517 (16%)  
[  5] 281.00-282.00 sec   413 KBytes  3.39 Mbits/sec  0.250 ms  609/4843 (13%)  
[  5] 282.00-283.00 sec   334 KBytes  2.74 Mbits/sec  0.212 ms  579/4001 (14%)  
[  5] 283.00-284.00 sec   425 KBytes  3.48 Mbits/sec  0.212 ms  308/4657 (6.6%)  
[  5] 284.00-285.00 sec   352 KBytes  2.88 Mbits/sec  0.214 ms  547/4148 (13%)  
[  5] 285.00-286.00 sec   389 KBytes  3.19 Mbits/sec  0.347 ms  671/4655 (14%)  
[  5] 286.00-287.00 sec   342 KBytes  2.80 Mbits/sec  0.212 ms  612/4115 (15%)  
[  5] 287.00-288.00 sec   424 KBytes  3.47 Mbits/sec  0.203 ms  703/5042 (14%)  
[  5] 288.00-289.00 sec   339 KBytes  2.77 Mbits/sec  0.225 ms  496/3964 (13%)  
[  5] 289.00-290.00 sec   397 KBytes  3.25 Mbits/sec  0.210 ms  697/4759 (15%)  
[  5] 290.00-291.00 sec   354 KBytes  2.90 Mbits/sec  0.213 ms  742/4362 (17%)  
[  5] 291.00-292.00 sec   414 KBytes  3.39 Mbits/sec  0.200 ms  504/4747 (11%)  
[  5] 292.00-293.00 sec   360 KBytes  2.95 Mbits/sec  0.206 ms  380/4064 (9.4%)  
[  5] 293.00-294.00 sec   331 KBytes  2.71 Mbits/sec  0.215 ms  731/4120 (18%)  
[  5] 294.00-295.00 sec   421 KBytes  3.44 Mbits/sec  0.213 ms  680/4988 (14%)  
[  5] 295.00-296.00 sec   430 KBytes  3.52 Mbits/sec  0.219 ms  392/4792 (8.2%)  
[  5] 296.00-297.00 sec   311 KBytes  2.55 Mbits/sec  0.222 ms  872/4055 (22%)  
[  5] 297.00-298.00 sec   423 KBytes  3.46 Mbits/sec  0.225 ms  515/4846 (11%)  
[  5] 298.00-299.00 sec   341 KBytes  2.79 Mbits/sec  0.208 ms  169/3657 (4.6%)  
[  5] 299.00-300.00 sec   388 KBytes  3.18 Mbits/sec  0.218 ms  1053/5029 (21%)  
[  5] 300.00-301.00 sec   372 KBytes  3.05 Mbits/sec  0.207 ms  420/4233 (9.9%)  
[  5] 301.00-302.00 sec   387 KBytes  3.17 Mbits/sec  0.206 ms  768/4732 (16%)  
[  5] 302.00-303.00 sec   358 KBytes  2.93 Mbits/sec  0.217 ms  733/4395 (17%)  
[  5] 303.00-304.00 sec   417 KBytes  3.42 Mbits/sec  0.261 ms  387/4657 (8.3%)  
[  5] 304.00-305.00 sec   353 KBytes  2.89 Mbits/sec  0.211 ms  542/4156 (13%)  
[  5] 305.00-306.00 sec   407 KBytes  3.33 Mbits/sec  0.212 ms  822/4988 (16%)  
[  5] 306.00-307.00 sec   350 KBytes  2.87 Mbits/sec  0.198 ms  397/3981 (10%)  
[  5] 307.00-308.00 sec   422 KBytes  3.45 Mbits/sec  0.217 ms  489/4806 (10%)  
[  5] 308.00-309.00 sec   370 KBytes  3.03 Mbits/sec  0.210 ms  491/4280 (11%)  
[  5] 309.00-310.00 sec   386 KBytes  3.16 Mbits/sec  0.199 ms  951/4906 (19%)  
[  5] 310.00-311.00 sec   362 KBytes  2.97 Mbits/sec  0.215 ms  481/4193 (11%)  
[  5] 311.00-312.00 sec   385 KBytes  3.16 Mbits/sec  0.218 ms  996/4941 (20%)  
[  5] 312.00-313.00 sec   368 KBytes  3.02 Mbits/sec  0.222 ms  367/4140 (8.9%)  
[  5] 313.00-314.00 sec   442 KBytes  3.62 Mbits/sec  0.215 ms  333/4858 (6.9%)  
[  5] 314.00-315.00 sec   324 KBytes  2.66 Mbits/sec  0.271 ms  659/3980 (17%)  
[  5] 315.00-316.00 sec   440 KBytes  3.60 Mbits/sec  0.285 ms  406/4908 (8.3%)  
[  5] 316.00-317.00 sec   360 KBytes  2.95 Mbits/sec  0.217 ms  391/4082 (9.6%)  
[  5] 317.00-318.00 sec   349 KBytes  2.85 Mbits/sec  0.219 ms  1191/4762 (25%)  
[  5] 318.00-319.00 sec   340 KBytes  2.79 Mbits/sec  0.214 ms  701/4186 (17%)  
[  5] 319.00-320.00 sec   351 KBytes  2.88 Mbits/sec  0.238 ms  495/4094 (12%)  
[  5] 320.00-321.00 sec   299 KBytes  2.45 Mbits/sec  0.204 ms  413/3476 (12%)  
[  5] 321.00-322.00 sec   303 KBytes  2.48 Mbits/sec  0.217 ms  336/3440 (9.8%)  
[  5] 322.00-323.00 sec   316 KBytes  2.58 Mbits/sec  0.221 ms  492/3723 (13%)  
[  5] 323.00-324.00 sec   242 KBytes  1.98 Mbits/sec  0.257 ms  662/3142 (21%)  
[  5] 324.00-325.00 sec   389 KBytes  3.19 Mbits/sec  0.220 ms  394/4379 (9%)  
[  5] 325.00-326.00 sec   334 KBytes  2.73 Mbits/sec  0.219 ms  533/3949 (13%)  
[  5] 326.00-327.00 sec   257 KBytes  2.11 Mbits/sec  0.215 ms  760/3394 (22%)  
[  5] 327.00-328.00 sec   381 KBytes  3.11 Mbits/sec  0.211 ms  336/4233 (7.9%)  
[  5] 328.00-329.00 sec   357 KBytes  2.93 Mbits/sec  0.217 ms  507/4165 (12%)  
[  5] 329.00-330.00 sec   352 KBytes  2.89 Mbits/sec  0.213 ms  460/4067 (11%)  
[  5] 330.00-331.00 sec   319 KBytes  2.62 Mbits/sec  0.217 ms  315/3586 (8.8%)  
[  5] 331.00-332.00 sec   370 KBytes  3.03 Mbits/sec  0.193 ms  389/4174 (9.3%)  
[  5] 332.00-333.00 sec   348 KBytes  2.85 Mbits/sec  0.226 ms  389/3951 (9.8%)  
[  5] 333.00-334.00 sec   378 KBytes  3.10 Mbits/sec  0.219 ms  462/4334 (11%)  
[  5] 334.00-335.00 sec   346 KBytes  2.83 Mbits/sec  0.216 ms  572/4114 (14%)  
[  5] 335.00-336.00 sec   320 KBytes  2.62 Mbits/sec  0.229 ms  843/4119 (20%)  
[  5] 336.00-337.00 sec   342 KBytes  2.81 Mbits/sec  0.232 ms  684/4191 (16%)  
[  5] 337.00-338.00 sec   323 KBytes  2.65 Mbits/sec  0.219 ms  904/4216 (21%)  
[  5] 338.00-339.00 sec   349 KBytes  2.86 Mbits/sec  0.205 ms  504/4077 (12%)  
[  5] 339.00-340.00 sec   427 KBytes  3.50 Mbits/sec  0.254 ms  943/5315 (18%)  
[  5] 340.00-341.00 sec   353 KBytes  2.89 Mbits/sec  0.399 ms  858/4476 (19%)  
[  5] 341.00-342.00 sec   366 KBytes  3.00 Mbits/sec  0.216 ms  893/4639 (19%)  
[  5] 342.00-343.00 sec   349 KBytes  2.86 Mbits/sec  3.495 ms  2005/5581 (36%)  
[  5] 343.00-344.00 sec   339 KBytes  2.78 Mbits/sec  0.217 ms  2081/5551 (37%)  
[  5] 344.00-345.00 sec   323 KBytes  2.64 Mbits/sec  0.210 ms  1774/5078 (35%)  
[  5] 345.00-346.00 sec   328 KBytes  2.68 Mbits/sec  0.212 ms  1314/4673 (28%)  
[  5] 346.00-347.00 sec   401 KBytes  3.29 Mbits/sec  0.171 ms  1855/5957 (31%)  
[  5] 347.00-348.00 sec   346 KBytes  2.84 Mbits/sec  0.205 ms  966/4512 (21%)  
[  5] 348.00-349.00 sec   279 KBytes  2.29 Mbits/sec  0.204 ms  945/3807 (25%)  
[  5] 349.00-350.00 sec   365 KBytes  2.99 Mbits/sec  0.217 ms  935/4668 (20%)  
[  5] 350.00-351.00 sec   328 KBytes  2.69 Mbits/sec  0.221 ms  1140/4501 (25%)  
[  5] 351.00-352.00 sec   356 KBytes  2.92 Mbits/sec  0.222 ms  919/4569 (20%)  
[  5] 352.00-353.00 sec   351 KBytes  2.88 Mbits/sec  0.239 ms  1279/4878 (26%)  
[  5] 353.00-354.00 sec   327 KBytes  2.68 Mbits/sec  0.210 ms  1086/4432 (25%)  
[  5] 354.00-355.00 sec   355 KBytes  2.90 Mbits/sec  0.223 ms  835/4466 (19%)  
[  5] 355.00-356.00 sec   277 KBytes  2.27 Mbits/sec  0.225 ms  1031/3869 (27%)  
[  5] 356.00-357.00 sec   279 KBytes  2.29 Mbits/sec  0.257 ms  790/3647 (22%)  
[  5] 357.00-358.00 sec   283 KBytes  2.32 Mbits/sec  0.219 ms  680/3582 (19%)  
[  5] 358.00-359.00 sec   244 KBytes  2.00 Mbits/sec  0.212 ms  614/3113 (20%)  
[  5] 359.00-360.00 sec   277 KBytes  2.27 Mbits/sec  0.217 ms  671/3510 (19%)  
[  5] 360.00-361.00 sec   288 KBytes  2.36 Mbits/sec  0.244 ms  602/3555 (17%)  
[  5] 361.00-362.00 sec   275 KBytes  2.25 Mbits/sec  0.046 ms  650/3464 (19%)  
[  5] 362.00-363.00 sec   287 KBytes  2.34 Mbits/sec  0.283 ms  935/3870 (24%)  
[  5] 363.00-364.00 sec   291 KBytes  2.39 Mbits/sec  0.182 ms  797/3781 (21%)  
[  5] 364.00-365.00 sec   369 KBytes  3.03 Mbits/sec  0.158 ms  810/4593 (18%)  
[  5] 365.00-366.00 sec   281 KBytes  2.30 Mbits/sec  0.210 ms  808/3687 (22%)  
[  5] 366.00-367.00 sec   352 KBytes  2.88 Mbits/sec  0.221 ms  587/4188 (14%)  
[  5] 367.00-368.00 sec   319 KBytes  2.62 Mbits/sec  0.254 ms  409/3680 (11%)  
[  5] 368.00-369.00 sec   335 KBytes  2.75 Mbits/sec  0.203 ms  853/4285 (20%)  
[  5] 369.00-370.00 sec   289 KBytes  2.37 Mbits/sec  0.233 ms  677/3640 (19%)  
[  5] 370.00-371.00 sec   368 KBytes  3.02 Mbits/sec  0.218 ms  910/4679 (19%)  
[  5] 371.00-372.00 sec   295 KBytes  2.42 Mbits/sec  0.222 ms  789/3811 (21%)  
[  5] 372.00-373.00 sec   257 KBytes  2.11 Mbits/sec  0.312 ms  1196/3827 (31%)  
[  5] 373.00-374.00 sec   372 KBytes  3.05 Mbits/sec  0.215 ms  1091/4901 (22%)  
[  5] 374.00-375.00 sec   278 KBytes  2.28 Mbits/sec  2.909 ms  736/3583 (21%)  
[  5] 375.00-376.00 sec   344 KBytes  2.82 Mbits/sec  0.212 ms  900/4419 (20%)  
[  5] 376.00-377.00 sec   376 KBytes  3.08 Mbits/sec  0.218 ms  681/4530 (15%)  
[  5] 377.00-378.00 sec   413 KBytes  3.38 Mbits/sec  0.239 ms  1331/5563 (24%)  
[  5] 378.00-379.00 sec   332 KBytes  2.72 Mbits/sec  0.218 ms  1694/5094 (33%)  
[  5] 379.00-380.00 sec   380 KBytes  3.11 Mbits/sec  0.211 ms  2097/5984 (35%)  
[  5] 380.00-381.00 sec   332 KBytes  2.72 Mbits/sec  0.815 ms  2385/5780 (41%)  
[  5] 381.00-382.00 sec   354 KBytes  2.90 Mbits/sec  0.277 ms  1584/5214 (30%)  
[  5] 382.00-383.00 sec   381 KBytes  3.12 Mbits/sec  0.215 ms  1674/5572 (30%)  
[  5] 383.00-384.00 sec   320 KBytes  2.62 Mbits/sec  0.216 ms  2392/5664 (42%)  
[  5] 384.00-385.00 sec   365 KBytes  2.99 Mbits/sec  0.228 ms  1351/5091 (27%)  
[  5] 385.00-386.00 sec   368 KBytes  3.01 Mbits/sec  0.219 ms  1109/4876 (23%)  
[  5] 386.00-387.00 sec   377 KBytes  3.09 Mbits/sec  0.229 ms  1158/5023 (23%)  
[  5] 387.00-388.00 sec   347 KBytes  2.84 Mbits/sec  0.219 ms  1287/4843 (27%)  
[  5] 388.00-389.00 sec   358 KBytes  2.94 Mbits/sec  0.212 ms  1137/4808 (24%)  
[  5] 389.00-390.00 sec   338 KBytes  2.77 Mbits/sec  0.200 ms  1518/4983 (30%)  
[  5] 390.00-391.00 sec   336 KBytes  2.75 Mbits/sec  0.233 ms  1619/5061 (32%)  
[  5] 391.00-392.00 sec   280 KBytes  2.30 Mbits/sec  0.539 ms  1131/3999 (28%)  
[  5] 392.00-393.00 sec   360 KBytes  2.95 Mbits/sec  0.219 ms  1527/5213 (29%)  
[  5] 393.00-394.00 sec   355 KBytes  2.91 Mbits/sec  0.220 ms  1292/4928 (26%)  
[  5] 394.00-395.00 sec   361 KBytes  2.96 Mbits/sec  0.211 ms  1295/4996 (26%)  
[  5] 395.00-396.00 sec   368 KBytes  3.01 Mbits/sec  0.304 ms  1049/4820 (22%)  
[  5] 396.00-397.00 sec   344 KBytes  2.82 Mbits/sec  0.211 ms  712/4231 (17%)  
[  5] 397.00-398.00 sec   351 KBytes  2.87 Mbits/sec  0.218 ms  803/4398 (18%)  
[  5] 398.00-399.00 sec   335 KBytes  2.75 Mbits/sec  0.232 ms  988/4422 (22%)  
[  5] 399.00-400.00 sec   319 KBytes  2.62 Mbits/sec  0.219 ms  1137/4408 (26%)  
[  5] 400.00-401.00 sec   299 KBytes  2.45 Mbits/sec  0.197 ms  732/3792 (19%)  
[  5] 401.00-402.00 sec   232 KBytes  1.90 Mbits/sec  0.232 ms  455/2827 (16%)  
[  5] 402.00-403.00 sec   280 KBytes  2.29 Mbits/sec  0.215 ms  448/3313 (14%)  
[  5] 403.00-404.00 sec   334 KBytes  2.74 Mbits/sec  0.204 ms  717/4138 (17%)  
[  5] 404.00-405.00 sec   295 KBytes  2.42 Mbits/sec  0.209 ms  712/3731 (19%)  
[  5] 405.00-406.00 sec   283 KBytes  2.32 Mbits/sec  0.231 ms  1094/3988 (27%)  
[  5] 406.00-407.00 sec   108 KBytes   885 Kbits/sec  0.259 ms  190/1296 (15%)  
[  5] 407.00-408.00 sec  0.00 Bytes  0.00 bits/sec  0.259 ms  0/0 (0%)  
[  5] 408.00-409.00 sec  0.00 Bytes  0.00 bits/sec  0.259 ms  0/0 (0%)  
[  5] 409.00-411.29 sec  0.00 Bytes  0.00 bits/sec  0.259 ms  0/0 (0%)  
[  5] 411.29-412.00 sec   245 KBytes  2.82 Mbits/sec  0.220 ms  566/3072 (18%)  
[  5] 412.00-413.00 sec   366 KBytes  3.00 Mbits/sec  0.180 ms  1546/5298 (29%)  
[  5] 413.00-414.00 sec   293 KBytes  2.40 Mbits/sec  0.202 ms  905/3905 (23%)  
[  5] 414.00-415.00 sec   307 KBytes  2.51 Mbits/sec  0.208 ms  450/3591 (13%)  
[  5] 415.00-416.00 sec   302 KBytes  2.48 Mbits/sec  0.216 ms  719/3813 (19%)  
[  5] 416.00-417.00 sec   300 KBytes  2.46 Mbits/sec  0.192 ms  628/3704 (17%)  
[  5] 417.00-418.00 sec   359 KBytes  2.94 Mbits/sec  0.218 ms  1061/4733 (22%)  
[  5] 418.00-419.00 sec   319 KBytes  2.61 Mbits/sec  0.276 ms  703/3968 (18%)  
[  5] 419.00-420.00 sec   271 KBytes  2.22 Mbits/sec  0.215 ms  875/3648 (24%)  
[  5] 420.00-421.00 sec   307 KBytes  2.51 Mbits/sec  0.208 ms  431/3572 (12%)  
[  5] 421.00-422.00 sec   319 KBytes  2.62 Mbits/sec  0.217 ms  724/3993 (18%)  
[  5] 422.00-423.00 sec   360 KBytes  2.95 Mbits/sec  0.228 ms  794/4476 (18%)  
[  5] 423.00-424.00 sec   301 KBytes  2.47 Mbits/sec  0.219 ms  573/3659 (16%)  
[  5] 424.00-425.00 sec   319 KBytes  2.61 Mbits/sec  8.517 ms  686/3949 (17%)  
