Connecting to host 172.22.0.50, port 5201
Reverse mode, remote host 172.22.0.50 is sending
[  5] local 192.168.100.2 port 52329 connected to 172.22.0.50 port 5201
[ ID] Interval           Transfer     Bitrate         Jitter    Lost/Total Datagrams
[  5]   0.00-1.00   sec  1.44 MBytes  12.0 Mbits/sec  0.776 ms  0/1255 (0%)  
[  5]   1.00-2.00   sec  1.42 MBytes  11.9 Mbits/sec  1.017 ms  0/1240 (0%)  
[  5]   2.00-3.00   sec  1.43 MBytes  12.0 Mbits/sec  1.005 ms  0/1253 (0%)  
[  5]   3.00-4.00   sec  1.43 MBytes  12.0 Mbits/sec  1.014 ms  0/1254 (0%)  
[  5]   4.00-5.00   sec  1.42 MBytes  11.9 Mbits/sec  0.877 ms  0/1240 (0%)  
[  5]   5.00-6.00   sec  1.44 MBytes  12.1 Mbits/sec  1.031 ms  0/1261 (0%)  
[  5]   6.00-7.00   sec  1.43 MBytes  12.0 Mbits/sec  0.833 ms  0/1248 (0%)  
[  5]   7.00-8.00   sec  1.42 MBytes  11.9 Mbits/sec  0.940 ms  0/1243 (0%)  
[  5]   8.00-9.00   sec  1.44 MBytes  12.0 Mbits/sec  1.007 ms  0/1254 (0%)  
[  5]   9.00-10.00  sec  1.42 MBytes  11.9 Mbits/sec  1.052 ms  0/1244 (0%)  
[  5]  10.00-11.00  sec  1.43 MBytes  12.0 Mbits/sec  0.934 ms  0/1253 (0%)  
[  5]  11.00-12.00  sec  1.43 MBytes  12.0 Mbits/sec  1.093 ms  0/1252 (0%)  
[  5]  12.00-13.00  sec  1.43 MBytes  12.0 Mbits/sec  0.836 ms  0/1248 (0%)  
[  5]  13.00-14.00  sec  1.44 MBytes  12.0 Mbits/sec  1.084 ms  0/1255 (0%)  
[  5]  14.00-15.00  sec  1.43 MBytes  12.0 Mbits/sec  1.075 ms  0/1249 (0%)  
[  5]  15.00-16.00  sec  1.43 MBytes  12.0 Mbits/sec  0.872 ms  0/1251 (0%)  
[  5]  16.00-17.00  sec   792 KBytes  6.49 Mbits/sec  1.998 ms  0/676 (0%)  
[  5]  17.00-18.00  sec   505 KBytes  4.14 Mbits/sec  1.608 ms  0/431 (0%)  
[  5]  18.00-19.00  sec   496 KBytes  4.06 Mbits/sec  1.727 ms  0/423 (0%)  
[  5]  19.00-20.00  sec   486 KBytes  3.98 Mbits/sec  1.791 ms  0/415 (0%)  
[  5]  20.00-21.00  sec   491 KBytes  4.02 Mbits/sec  1.753 ms  0/419 (0%)  
[  5]  21.00-22.00  sec   511 KBytes  4.19 Mbits/sec  1.671 ms  0/436 (0%)  
[  5]  22.00-23.00  sec   559 KBytes  4.58 Mbits/sec  1.569 ms  0/477 (0%)  
[  5]  23.00-24.00  sec   567 KBytes  4.64 Mbits/sec  1.425 ms  0/484 (0%)  
[  5]  24.00-25.00  sec   570 KBytes  4.67 Mbits/sec  1.684 ms  0/486 (0%)  
[  5]  25.00-26.00  sec   562 KBytes  4.61 Mbits/sec  1.643 ms  0/480 (0%)  
[  5]  26.00-27.00  sec   564 KBytes  4.61 Mbits/sec  1.605 ms  0/481 (0%)  
[  5]  27.00-28.00  sec   579 KBytes  4.75 Mbits/sec  1.312 ms  0/494 (0%)  
[  5]  28.00-29.00  sec   565 KBytes  4.62 Mbits/sec  1.572 ms  0/482 (0%)  
[  5]  29.00-30.00  sec   514 KBytes  4.22 Mbits/sec  1.618 ms  0/439 (0%)  
[  5]  30.00-31.00  sec   557 KBytes  4.56 Mbits/sec  1.622 ms  0/475 (0%)  
[  5]  31.00-32.00  sec   582 KBytes  4.77 Mbits/sec  1.413 ms  0/497 (0%)  
[  5]  32.00-33.00  sec   621 KBytes  5.09 Mbits/sec  1.427 ms  0/530 (0%)  
[  5]  33.00-34.00  sec   622 KBytes  5.10 Mbits/sec  1.364 ms  0/531 (0%)  
[  5]  34.00-35.00  sec   601 KBytes  4.92 Mbits/sec  1.838 ms  0/513 (0%)  
[  5]  35.00-36.00  sec   612 KBytes  5.02 Mbits/sec  1.608 ms  0/522 (0%)  
[  5]  36.00-37.00  sec   599 KBytes  4.91 Mbits/sec  1.401 ms  0/511 (0%)  
[  5]  37.00-38.00  sec   612 KBytes  5.01 Mbits/sec  1.313 ms  0/522 (0%)  
[  5]  38.00-39.00  sec   574 KBytes  4.70 Mbits/sec  1.622 ms  0/490 (0%)  
[  5]  39.00-40.00  sec   581 KBytes  4.76 Mbits/sec  1.679 ms  0/496 (0%)  
[  5]  40.00-41.00  sec   571 KBytes  4.67 Mbits/sec  1.690 ms  0/487 (0%)  
[  5]  41.00-42.00  sec   595 KBytes  4.88 Mbits/sec  1.653 ms  0/508 (0%)  
[  5]  42.00-43.00  sec   500 KBytes  4.10 Mbits/sec  1.293 ms  129/556 (23%)  
[  5]  43.00-44.00  sec   496 KBytes  4.06 Mbits/sec  1.295 ms  672/1095 (61%)  
[  5]  44.00-45.00  sec   613 KBytes  5.02 Mbits/sec  1.277 ms  805/1328 (61%)  
[  5]  45.00-46.00  sec   495 KBytes  4.05 Mbits/sec  1.341 ms  753/1175 (64%)  
[  5]  46.00-47.00  sec   611 KBytes  5.00 Mbits/sec  1.434 ms  889/1410 (63%)  
[  5]  47.00-48.00  sec   504 KBytes  4.13 Mbits/sec  1.203 ms  683/1113 (61%)  
[  5]  48.00-49.00  sec   619 KBytes  5.07 Mbits/sec  1.330 ms  753/1281 (59%)  
[  5]  49.00-50.00  sec   490 KBytes  4.01 Mbits/sec  1.374 ms  553/971 (57%)  
[  5]  50.00-51.00  sec   517 KBytes  4.23 Mbits/sec  1.156 ms  621/1062 (58%)  
[  5]  51.00-52.00  sec   589 KBytes  4.83 Mbits/sec  1.274 ms  727/1230 (59%)  
[  5]  52.00-53.00  sec   619 KBytes  5.07 Mbits/sec  1.211 ms  738/1266 (58%)  
[  5]  53.00-54.00  sec   589 KBytes  4.82 Mbits/sec  1.270 ms  726/1229 (59%)  
[  5]  54.00-55.00  sec   612 KBytes  5.02 Mbits/sec  1.286 ms  755/1277 (59%)  
[  5]  55.00-56.00  sec   599 KBytes  4.91 Mbits/sec  1.208 ms  800/1311 (61%)  
[  5]  56.00-57.00  sec   619 KBytes  5.06 Mbits/sec  1.145 ms  792/1320 (60%)  
[  5]  57.00-58.00  sec   709 KBytes  5.81 Mbits/sec  1.230 ms  934/1539 (61%)  
[  5]  58.00-59.00  sec   589 KBytes  4.83 Mbits/sec  1.288 ms  741/1244 (60%)  
[  5]  59.00-60.00  sec   619 KBytes  5.06 Mbits/sec  1.232 ms  774/1302 (59%)  
[  5]  60.00-61.00  sec   588 KBytes  4.82 Mbits/sec  1.491 ms  775/1277 (61%)  
[  5]  61.00-62.00  sec   620 KBytes  5.08 Mbits/sec  1.363 ms  937/1466 (64%)  
[  5]  62.00-63.00  sec   588 KBytes  4.82 Mbits/sec  1.307 ms  820/1322 (62%)  
[  5]  63.00-64.00  sec   720 KBytes  5.89 Mbits/sec  1.249 ms  955/1569 (61%)  
[  5]  64.00-65.00  sec   589 KBytes  4.83 Mbits/sec  1.335 ms  756/1259 (60%)  
[  5]  65.00-66.00  sec   619 KBytes  5.07 Mbits/sec  1.539 ms  1151/1679 (69%)  
[  5]  66.00-67.00  sec   709 KBytes  5.81 Mbits/sec  1.303 ms  979/1584 (62%)  
[  5]  67.00-68.00  sec   589 KBytes  4.83 Mbits/sec  1.220 ms  681/1184 (58%)  
[  5]  68.00-69.00  sec   718 KBytes  5.88 Mbits/sec  1.172 ms  822/1435 (57%)  
[  5]  69.00-70.00  sec   619 KBytes  5.07 Mbits/sec  1.174 ms  726/1254 (58%)  
[  5]  70.00-71.00  sec   602 KBytes  4.93 Mbits/sec  5.212 ms  753/1267 (59%)  
[  5]  71.00-72.00  sec   696 KBytes  5.70 Mbits/sec  1.280 ms  801/1395 (57%)  
[  5]  72.00-73.00  sec   718 KBytes  5.88 Mbits/sec  1.178 ms  795/1408 (56%)  
[  5]  73.00-74.00  sec   679 KBytes  5.56 Mbits/sec  1.451 ms  777/1356 (57%)  
[  5]  74.00-75.00  sec   616 KBytes  5.05 Mbits/sec  1.234 ms  707/1233 (57%)  
[  5]  75.00-76.00  sec   709 KBytes  5.80 Mbits/sec  1.300 ms  806/1411 (57%)  
[  5]  76.00-77.00  sec   588 KBytes  4.83 Mbits/sec  1.316 ms  679/1181 (57%)  
[  5]  77.00-78.00  sec   720 KBytes  5.89 Mbits/sec  1.216 ms  838/1452 (58%)  
[  5]  78.00-79.00  sec   619 KBytes  5.07 Mbits/sec  1.221 ms  688/1216 (57%)  
[  5]  79.00-80.00  sec   709 KBytes  5.81 Mbits/sec  1.276 ms  798/1403 (57%)  
[  5]  80.00-81.00  sec   689 KBytes  5.64 Mbits/sec  1.086 ms  800/1388 (58%)  
[  5]  81.00-82.00  sec   619 KBytes  5.07 Mbits/sec  1.183 ms  648/1176 (55%)  
[  5]  82.00-83.00  sec   589 KBytes  4.83 Mbits/sec  1.243 ms  614/1117 (55%)  
[  5]  83.00-84.00  sec   619 KBytes  5.06 Mbits/sec  1.175 ms  657/1185 (55%)  
[  5]  84.00-85.00  sec   589 KBytes  4.83 Mbits/sec  1.221 ms  644/1147 (56%)  
[  5]  85.00-86.00  sec   709 KBytes  5.81 Mbits/sec  1.287 ms  740/1345 (55%)  
[  5]  86.00-87.00  sec   629 KBytes  5.16 Mbits/sec  1.090 ms  617/1154 (53%)  
[  5]  87.00-88.00  sec   579 KBytes  4.74 Mbits/sec  1.221 ms  570/1064 (54%)  
[  5]  88.00-89.00  sec   629 KBytes  5.16 Mbits/sec  1.077 ms  643/1180 (54%)  
[  5]  89.00-90.00  sec   588 KBytes  4.82 Mbits/sec  1.190 ms  612/1114 (55%)  
[  5]  90.00-91.00  sec   709 KBytes  5.81 Mbits/sec  1.244 ms  696/1301 (53%)  
[  5]  91.00-92.00  sec   599 KBytes  4.91 Mbits/sec  1.158 ms  649/1160 (56%)  
[  5]  92.00-93.00  sec   589 KBytes  4.83 Mbits/sec  1.167 ms  617/1120 (55%)  
[  5]  93.00-94.00  sec   718 KBytes  5.88 Mbits/sec  1.162 ms  768/1381 (56%)  
[  5]  94.00-95.00  sec   589 KBytes  4.83 Mbits/sec  1.115 ms  603/1106 (55%)  
[  5]  95.00-96.00  sec   708 KBytes  5.80 Mbits/sec  1.290 ms  711/1315 (54%)  
[  5]  96.00-97.00  sec   700 KBytes  5.73 Mbits/sec  1.696 ms  805/1402 (57%)  
[  5]  97.00-98.00  sec   639 KBytes  5.23 Mbits/sec  1.164 ms  736/1281 (57%)  
[  5]  98.00-99.00  sec   709 KBytes  5.81 Mbits/sec  1.297 ms  834/1439 (58%)  
[  5]  99.00-100.00 sec   589 KBytes  4.83 Mbits/sec  1.295 ms  673/1176 (57%)  
[  5] 100.00-101.00 sec   709 KBytes  5.81 Mbits/sec  1.231 ms  780/1385 (56%)  
[  5] 101.00-102.00 sec   718 KBytes  5.88 Mbits/sec  1.220 ms  846/1459 (58%)  
[  5] 102.00-103.00 sec   589 KBytes  4.83 Mbits/sec  1.206 ms  684/1187 (58%)  
[  5] 103.00-104.00 sec   709 KBytes  5.81 Mbits/sec  1.281 ms  792/1397 (57%)  
[  5] 104.00-105.00 sec   696 KBytes  5.70 Mbits/sec  2.081 ms  802/1396 (57%)  
[  5] 105.00-106.00 sec   608 KBytes  4.99 Mbits/sec  1.187 ms  705/1224 (58%)  
[  5] 106.00-107.00 sec   709 KBytes  5.81 Mbits/sec  1.239 ms  787/1392 (57%)  
[  5] 107.00-108.00 sec   709 KBytes  5.81 Mbits/sec  1.262 ms  732/1337 (55%)  
[  5] 108.00-109.00 sec   628 KBytes  5.15 Mbits/sec  1.142 ms  650/1186 (55%)  
[  5] 109.00-110.00 sec   589 KBytes  4.83 Mbits/sec  1.096 ms  595/1098 (54%)  
[  5] 110.00-111.00 sec   620 KBytes  5.08 Mbits/sec  1.195 ms  620/1149 (54%)  
[  5] 111.00-112.00 sec   588 KBytes  4.82 Mbits/sec  1.172 ms  610/1112 (55%)  
[  5] 112.00-113.00 sec   620 KBytes  5.08 Mbits/sec  1.133 ms  631/1160 (54%)  
[  5] 113.00-114.00 sec   709 KBytes  5.81 Mbits/sec  1.196 ms  702/1307 (54%)  
[  5] 114.00-115.00 sec   588 KBytes  4.82 Mbits/sec  1.167 ms  588/1090 (54%)  
[  5] 115.00-116.00 sec   720 KBytes  5.90 Mbits/sec  1.051 ms  736/1350 (55%)  
[  5] 116.00-117.00 sec   588 KBytes  4.82 Mbits/sec  1.252 ms  601/1103 (54%)  
[  5] 117.00-118.00 sec   709 KBytes  5.81 Mbits/sec  1.269 ms  732/1337 (55%)  
[  5] 118.00-119.00 sec   619 KBytes  5.07 Mbits/sec  1.198 ms  632/1160 (54%)  
[  5] 119.00-120.00 sec   589 KBytes  4.83 Mbits/sec  1.196 ms  593/1096 (54%)  
[  5] 120.00-121.00 sec   718 KBytes  5.89 Mbits/sec  1.134 ms  720/1333 (54%)  
[  5] 121.00-122.00 sec   709 KBytes  5.81 Mbits/sec  1.292 ms  716/1321 (54%)  
[  5] 122.00-123.00 sec   589 KBytes  4.83 Mbits/sec  1.202 ms  581/1084 (54%)  
[  5] 123.00-124.00 sec   695 KBytes  5.69 Mbits/sec  1.267 ms  770/1363 (56%)  
[  5] 124.00-125.00 sec   718 KBytes  5.88 Mbits/sec  1.296 ms  855/1468 (58%)  
[  5] 125.00-126.00 sec   589 KBytes  4.83 Mbits/sec  1.287 ms  708/1211 (58%)  
[  5] 126.00-127.00 sec   709 KBytes  5.81 Mbits/sec  1.226 ms  847/1452 (58%)  
[  5] 127.00-128.00 sec   619 KBytes  5.07 Mbits/sec  1.194 ms  715/1243 (58%)  
[  5] 128.00-129.00 sec   689 KBytes  5.65 Mbits/sec  1.192 ms  716/1304 (55%)  
[  5] 129.00-130.00 sec   619 KBytes  5.07 Mbits/sec  1.082 ms  616/1144 (54%)  
[  5] 130.00-131.00 sec   709 KBytes  5.81 Mbits/sec  1.194 ms  734/1339 (55%)  
[  5] 131.00-132.00 sec   689 KBytes  5.64 Mbits/sec  1.153 ms  759/1347 (56%)  
[  5] 132.00-133.00 sec   619 KBytes  5.07 Mbits/sec  1.136 ms  681/1209 (56%)  
[  5] 133.00-134.00 sec   709 KBytes  5.81 Mbits/sec  1.275 ms  754/1359 (55%)  
[  5] 134.00-135.00 sec   595 KBytes  4.88 Mbits/sec  1.643 ms  705/1213 (58%)  
[  5] 135.00-136.00 sec   679 KBytes  5.56 Mbits/sec  1.166 ms  699/1278 (55%)  
[  5] 136.00-137.00 sec   628 KBytes  5.15 Mbits/sec  1.157 ms  646/1182 (55%)  
[  5] 137.00-138.00 sec   710 KBytes  5.82 Mbits/sec  1.227 ms  701/1307 (54%)  
[  5] 138.00-139.00 sec   588 KBytes  4.82 Mbits/sec  1.233 ms  580/1082 (54%)  
[  5] 139.00-140.00 sec   709 KBytes  5.81 Mbits/sec  1.226 ms  694/1299 (53%)  
[  5] 140.00-141.00 sec   606 KBytes  4.96 Mbits/sec  1.301 ms  644/1161 (55%)  
[  5] 141.00-142.00 sec   589 KBytes  4.83 Mbits/sec  1.226 ms  655/1158 (57%)  
[  5] 142.00-143.00 sec   629 KBytes  5.16 Mbits/sec  1.124 ms  681/1218 (56%)  
[  5] 143.00-144.00 sec   589 KBytes  4.83 Mbits/sec  1.110 ms  609/1112 (55%)  
[  5] 144.00-145.00 sec   618 KBytes  5.06 Mbits/sec  1.120 ms  622/1149 (54%)  
[  5] 145.00-146.00 sec   709 KBytes  5.81 Mbits/sec  1.313 ms  722/1327 (54%)  
[  5] 146.00-147.00 sec   589 KBytes  4.83 Mbits/sec  1.160 ms  590/1093 (54%)  
[  5] 147.00-148.00 sec   709 KBytes  5.81 Mbits/sec  1.224 ms  696/1301 (53%)  
[  5] 148.00-149.00 sec   629 KBytes  5.15 Mbits/sec  1.099 ms  638/1175 (54%)  
[  5] 149.00-150.00 sec   679 KBytes  5.56 Mbits/sec  1.129 ms  712/1291 (55%)  
[  5] 150.00-151.00 sec   620 KBytes  5.08 Mbits/sec  1.247 ms  652/1181 (55%)  
[  5] 151.00-152.00 sec   577 KBytes  4.72 Mbits/sec  1.264 ms  665/1157 (57%)  
[  5] 152.00-153.00 sec   709 KBytes  5.81 Mbits/sec  1.335 ms  746/1351 (55%)  
[  5] 153.00-154.00 sec   619 KBytes  5.08 Mbits/sec  1.241 ms  655/1183 (55%)  
[  5] 154.00-155.00 sec   689 KBytes  5.64 Mbits/sec  1.200 ms  743/1331 (56%)  
[  5] 155.00-156.00 sec   709 KBytes  5.81 Mbits/sec  1.266 ms  850/1455 (58%)  
[  5] 156.00-157.00 sec   619 KBytes  5.07 Mbits/sec  1.216 ms  742/1270 (58%)  
[  5] 157.00-158.00 sec   689 KBytes  5.64 Mbits/sec  1.180 ms  804/1392 (58%)  
[  5] 158.00-159.00 sec   619 KBytes  5.07 Mbits/sec  1.223 ms  674/1202 (56%)  
[  5] 159.00-160.00 sec   620 KBytes  5.08 Mbits/sec  1.276 ms  714/1243 (57%)  
[  5] 160.00-161.00 sec   588 KBytes  4.82 Mbits/sec  1.166 ms  618/1120 (55%)  
[  5] 161.00-162.00 sec   709 KBytes  5.81 Mbits/sec  1.313 ms  752/1357 (55%)  
[  5] 162.00-163.00 sec   619 KBytes  5.07 Mbits/sec  1.158 ms  625/1153 (54%)  
[  5] 163.00-164.00 sec   690 KBytes  5.65 Mbits/sec  1.155 ms  714/1303 (55%)  
[  5] 164.00-165.00 sec   615 KBytes  5.04 Mbits/sec  1.179 ms  672/1197 (56%)  
[  5] 165.00-166.00 sec   709 KBytes  5.81 Mbits/sec  1.278 ms  794/1399 (57%)  
[  5] 166.00-167.00 sec   589 KBytes  4.83 Mbits/sec  1.318 ms  646/1149 (56%)  
[  5] 167.00-168.00 sec   709 KBytes  5.81 Mbits/sec  1.187 ms  795/1400 (57%)  
[  5] 168.00-169.00 sec   628 KBytes  5.14 Mbits/sec  1.153 ms  673/1209 (56%)  
[  5] 169.00-170.00 sec   680 KBytes  5.57 Mbits/sec  1.215 ms  668/1248 (54%)  
[  5] 170.00-171.00 sec   620 KBytes  5.08 Mbits/sec  1.185 ms  610/1139 (54%)  
[  5] 171.00-172.00 sec   708 KBytes  5.80 Mbits/sec  1.160 ms  733/1337 (55%)  
[  5] 172.00-173.00 sec   589 KBytes  4.83 Mbits/sec  1.264 ms  607/1110 (55%)  
[  5] 173.00-174.00 sec   629 KBytes  5.16 Mbits/sec  1.204 ms  682/1219 (56%)  
[  5] 174.00-175.00 sec   619 KBytes  5.07 Mbits/sec  1.225 ms  750/1278 (59%)  
[  5] 175.00-176.00 sec   589 KBytes  4.83 Mbits/sec  1.083 ms  643/1146 (56%)  
[  5] 176.00-177.00 sec   588 KBytes  4.82 Mbits/sec  1.217 ms  631/1133 (56%)  
[  5] 177.00-178.00 sec   620 KBytes  5.08 Mbits/sec  1.153 ms  654/1183 (55%)  
[  5] 178.00-179.00 sec   708 KBytes  5.79 Mbits/sec  1.271 ms  778/1382 (56%)  
[  5] 179.00-180.00 sec   589 KBytes  4.83 Mbits/sec  1.253 ms  614/1117 (55%)  
[  5] 180.00-181.00 sec   619 KBytes  5.07 Mbits/sec  1.242 ms  628/1156 (54%)  
[  5] 181.00-182.00 sec   499 KBytes  4.09 Mbits/sec  1.269 ms  519/945 (55%)  
[  5] 182.00-183.00 sec   620 KBytes  5.08 Mbits/sec  1.155 ms  646/1175 (55%)  
[  5] 183.00-184.00 sec   588 KBytes  4.82 Mbits/sec  1.219 ms  616/1118 (55%)  
[  5] 184.00-185.00 sec   619 KBytes  5.07 Mbits/sec  1.172 ms  639/1167 (55%)  
[  5] 185.00-186.00 sec   720 KBytes  5.89 Mbits/sec  1.197 ms  788/1402 (56%)  
[  5] 186.00-187.00 sec   588 KBytes  4.83 Mbits/sec  1.179 ms  635/1137 (56%)  
[  5] 187.00-188.00 sec   709 KBytes  5.81 Mbits/sec  1.172 ms  737/1342 (55%)  
[  5] 188.00-189.00 sec   611 KBytes  5.00 Mbits/sec  1.581 ms  716/1237 (58%)  
[  5] 189.00-190.00 sec   588 KBytes  4.82 Mbits/sec  1.292 ms  708/1210 (59%)  
[  5] 190.00-191.00 sec   707 KBytes  5.79 Mbits/sec  1.267 ms  852/1455 (59%)  
[  5] 191.00-192.00 sec   629 KBytes  5.16 Mbits/sec  1.186 ms  783/1320 (59%)  
[  5] 192.00-193.00 sec   680 KBytes  5.57 Mbits/sec  1.219 ms  772/1352 (57%)  
[  5] 193.00-194.00 sec   618 KBytes  5.06 Mbits/sec  1.343 ms  703/1230 (57%)  
[  5] 194.00-195.00 sec   709 KBytes  5.81 Mbits/sec  1.298 ms  844/1449 (58%)  
[  5] 195.00-196.00 sec   589 KBytes  4.83 Mbits/sec  1.360 ms  726/1229 (59%)  
[  5] 196.00-197.00 sec   720 KBytes  5.90 Mbits/sec  1.301 ms  883/1497 (59%)  
[  5] 197.00-198.00 sec   619 KBytes  5.07 Mbits/sec  1.266 ms  743/1271 (58%)  
[  5] 198.00-199.00 sec   589 KBytes  4.83 Mbits/sec  1.262 ms  725/1228 (59%)  
[  5] 199.00-200.00 sec   709 KBytes  5.81 Mbits/sec  1.328 ms  862/1467 (59%)  
[  5] 200.00-201.00 sec   618 KBytes  5.06 Mbits/sec  1.233 ms  687/1214 (57%)  
[  5] 201.00-202.00 sec   689 KBytes  5.64 Mbits/sec  1.184 ms  756/1344 (56%)  
[  5] 202.00-203.00 sec   620 KBytes  5.08 Mbits/sec  1.158 ms  635/1164 (55%)  
[  5] 203.00-204.00 sec   709 KBytes  5.81 Mbits/sec  1.267 ms  751/1356 (55%)  
[  5] 204.00-205.00 sec   588 KBytes  4.82 Mbits/sec  1.265 ms  634/1136 (56%)  
[  5] 205.00-206.00 sec   720 KBytes  5.90 Mbits/sec  1.251 ms  747/1361 (55%)  
[  5] 206.00-207.00 sec   619 KBytes  5.07 Mbits/sec  1.258 ms  666/1194 (56%)  
[  5] 207.00-208.00 sec   589 KBytes  4.83 Mbits/sec  1.356 ms  631/1134 (56%)  
[  5] 208.00-209.00 sec   708 KBytes  5.80 Mbits/sec  1.271 ms  748/1352 (55%)  
[  5] 209.00-210.00 sec   620 KBytes  5.08 Mbits/sec  1.217 ms  638/1167 (55%)  
[  5] 210.00-211.00 sec   688 KBytes  5.63 Mbits/sec  1.281 ms  740/1327 (56%)  
[  5] 211.00-212.00 sec   620 KBytes  5.08 Mbits/sec  1.160 ms  656/1185 (55%)  
[  5] 212.00-213.00 sec   709 KBytes  5.81 Mbits/sec  1.171 ms  740/1345 (55%)  
[  5] 213.00-214.00 sec   588 KBytes  4.82 Mbits/sec  1.266 ms  677/1179 (57%)  
[  5] 214.00-215.00 sec   720 KBytes  5.89 Mbits/sec  1.105 ms  771/1385 (56%)  
[  5] 215.00-216.00 sec   619 KBytes  5.06 Mbits/sec  1.162 ms  651/1179 (55%)  
[  5] 216.00-217.00 sec   589 KBytes  4.83 Mbits/sec  1.143 ms  651/1154 (56%)  
[  5] 217.00-218.00 sec   701 KBytes  5.74 Mbits/sec  1.198 ms  758/1356 (56%)  
[  5] 218.00-219.00 sec   619 KBytes  5.07 Mbits/sec  1.216 ms  669/1197 (56%)  
[  5] 219.00-220.00 sec   589 KBytes  4.83 Mbits/sec  1.187 ms  628/1131 (56%)  
[  5] 220.00-221.00 sec   718 KBytes  5.89 Mbits/sec  1.129 ms  715/1328 (54%)  
[  5] 221.00-222.00 sec   589 KBytes  4.83 Mbits/sec  1.179 ms  632/1135 (56%)  
[  5] 222.00-223.00 sec   709 KBytes  5.81 Mbits/sec  1.275 ms  786/1391 (57%)  
[  5] 223.00-224.00 sec   619 KBytes  5.07 Mbits/sec  1.277 ms  657/1185 (55%)  
[  5] 224.00-225.00 sec   578 KBytes  4.73 Mbits/sec  1.216 ms  664/1157 (57%)  
[  5] 225.00-226.00 sec   718 KBytes  5.89 Mbits/sec  1.211 ms  781/1394 (56%)  
[  5] 226.00-227.00 sec   620 KBytes  5.08 Mbits/sec  1.157 ms  669/1198 (56%)  
[  5] 227.00-228.00 sec   708 KBytes  5.80 Mbits/sec  1.168 ms  713/1317 (54%)  
[  5] 228.00-229.00 sec   589 KBytes  4.83 Mbits/sec  1.295 ms  630/1133 (56%)  
[  5] 229.00-230.00 sec   718 KBytes  5.88 Mbits/sec  1.107 ms  759/1372 (55%)  
[  5] 230.00-231.00 sec   589 KBytes  4.83 Mbits/sec  1.196 ms  614/1117 (55%)  
[  5] 231.00-232.00 sec   709 KBytes  5.81 Mbits/sec  1.193 ms  809/1414 (57%)  
[  5] 232.00-233.00 sec   619 KBytes  5.07 Mbits/sec  1.328 ms  683/1211 (56%)  
[  5] 233.00-234.00 sec   588 KBytes  4.82 Mbits/sec  1.275 ms  643/1145 (56%)  
[  5] 234.00-235.00 sec   620 KBytes  5.08 Mbits/sec  1.264 ms  655/1184 (55%)  
[  5] 235.00-236.00 sec   718 KBytes  5.88 Mbits/sec  1.151 ms  767/1380 (56%)  
[  5] 236.00-237.00 sec   589 KBytes  4.83 Mbits/sec  1.138 ms  611/1114 (55%)  
[  5] 237.00-238.00 sec   709 KBytes  5.81 Mbits/sec  1.286 ms  751/1356 (55%)  
[  5] 238.00-239.00 sec   619 KBytes  5.07 Mbits/sec  1.167 ms  668/1196 (56%)  
[  5] 239.00-240.00 sec   689 KBytes  5.64 Mbits/sec  1.105 ms  794/1382 (57%)  
[  5] 240.00-241.00 sec   619 KBytes  5.07 Mbits/sec  1.104 ms  689/1217 (57%)  
[  5] 241.00-242.00 sec   709 KBytes  5.81 Mbits/sec  1.199 ms  780/1385 (56%)  
[  5] 242.00-243.00 sec   589 KBytes  4.83 Mbits/sec  1.268 ms  613/1116 (55%)  
[  5] 243.00-244.00 sec   720 KBytes  5.89 Mbits/sec  1.185 ms  752/1366 (55%)  
[  5] 244.00-245.00 sec   588 KBytes  4.82 Mbits/sec  1.148 ms  625/1127 (55%)  
[  5] 245.00-246.00 sec   709 KBytes  5.81 Mbits/sec  1.263 ms  736/1341 (55%)  
[  5] 246.00-247.00 sec   619 KBytes  5.07 Mbits/sec  1.254 ms  652/1180 (55%)  
[  5] 247.00-248.00 sec   709 KBytes  5.81 Mbits/sec  1.191 ms  793/1398 (57%)  
[  5] 248.00-249.00 sec   589 KBytes  4.82 Mbits/sec  1.280 ms  675/1178 (57%)  
[  5] 249.00-250.00 sec   718 KBytes  5.89 Mbits/sec  1.140 ms  801/1414 (57%)  
[  5] 250.00-251.00 sec   620 KBytes  5.08 Mbits/sec  1.179 ms  672/1201 (56%)  
[  5] 251.00-252.00 sec   709 KBytes  5.81 Mbits/sec  1.200 ms  749/1354 (55%)  
[  5] 252.00-253.00 sec   588 KBytes  4.82 Mbits/sec  1.220 ms  616/1118 (55%)  
[  5] 253.00-254.00 sec   720 KBytes  5.89 Mbits/sec  1.152 ms  753/1367 (55%)  
[  5] 254.00-255.00 sec   588 KBytes  4.82 Mbits/sec  1.198 ms  638/1140 (56%)  
[  5] 255.00-256.00 sec   697 KBytes  5.71 Mbits/sec  1.197 ms  740/1335 (55%)  
[  5] 256.00-257.00 sec   619 KBytes  5.07 Mbits/sec  1.256 ms  651/1179 (55%)  
[  5] 257.00-258.00 sec   589 KBytes  4.83 Mbits/sec  1.213 ms  641/1144 (56%)  
[  5] 258.00-259.00 sec   718 KBytes  5.88 Mbits/sec  1.171 ms  739/1352 (55%)  
[  5] 259.00-260.00 sec   589 KBytes  4.83 Mbits/sec  1.195 ms  623/1126 (55%)  
[  5] 260.00-261.00 sec   709 KBytes  5.80 Mbits/sec  1.211 ms  734/1339 (55%)  
[  5] 261.00-262.00 sec   619 KBytes  5.08 Mbits/sec  1.142 ms  662/1190 (56%)  
[  5] 262.00-263.00 sec   589 KBytes  4.83 Mbits/sec  1.200 ms  598/1101 (54%)  
[  5] 263.00-264.00 sec   619 KBytes  5.07 Mbits/sec  1.259 ms  649/1177 (55%)  
[  5] 264.00-265.00 sec   589 KBytes  4.83 Mbits/sec  1.326 ms  622/1125 (55%)  
[  5] 265.00-266.00 sec   629 KBytes  5.15 Mbits/sec  1.113 ms  678/1215 (56%)  
[  5] 266.00-267.00 sec   588 KBytes  4.82 Mbits/sec  1.169 ms  601/1103 (54%)  
[  5] 267.00-268.00 sec   620 KBytes  5.08 Mbits/sec  1.129 ms  656/1185 (55%)  
[  5] 268.00-269.00 sec   588 KBytes  4.81 Mbits/sec  1.158 ms  611/1113 (55%)  
[  5] 269.00-270.00 sec   616 KBytes  5.05 Mbits/sec  1.318 ms  636/1162 (55%)  
[  5] 270.00-271.00 sec   589 KBytes  4.83 Mbits/sec  1.201 ms  634/1137 (56%)  
[  5] 271.00-272.00 sec   616 KBytes  5.05 Mbits/sec  1.162 ms  682/1208 (56%)  
[  5] 272.00-273.00 sec   620 KBytes  5.08 Mbits/sec  1.169 ms  695/1224 (57%)  
[  5] 273.00-274.00 sec   588 KBytes  4.82 Mbits/sec  1.316 ms  620/1122 (55%)  
[  5] 274.00-275.00 sec   598 KBytes  4.90 Mbits/sec  1.193 ms  660/1170 (56%)  
[  5] 275.00-276.00 sec   588 KBytes  4.82 Mbits/sec  1.295 ms  618/1120 (55%)  
[  5] 276.00-277.00 sec   619 KBytes  5.07 Mbits/sec  1.273 ms  672/1200 (56%)  
[  5] 277.00-278.00 sec   720 KBytes  5.89 Mbits/sec  1.147 ms  845/1459 (58%)  
[  5] 278.00-279.00 sec   588 KBytes  4.82 Mbits/sec  1.184 ms  688/1190 (58%)  
[  5] 279.00-280.00 sec   709 KBytes  5.81 Mbits/sec  1.402 ms  844/1449 (58%)  
[  5] 280.00-281.00 sec   589 KBytes  4.83 Mbits/sec  1.257 ms  699/1202 (58%)  
[  5] 281.00-282.00 sec   709 KBytes  5.81 Mbits/sec  1.260 ms  869/1474 (59%)  
[  5] 282.00-283.00 sec   619 KBytes  5.06 Mbits/sec  1.342 ms  764/1292 (59%)  
[  5] 283.00-284.00 sec   718 KBytes  5.89 Mbits/sec  1.213 ms  958/1571 (61%)  
[  5] 284.00-285.00 sec   586 KBytes  4.80 Mbits/sec  1.289 ms  712/1212 (59%)  
[  5] 285.00-286.00 sec   708 KBytes  5.80 Mbits/sec  1.248 ms  822/1426 (58%)  
[  5] 286.00-287.00 sec   720 KBytes  5.90 Mbits/sec  1.231 ms  875/1489 (59%)  
[  5] 287.00-288.00 sec   588 KBytes  4.82 Mbits/sec  1.206 ms  688/1190 (58%)  
[  5] 288.00-289.00 sec   709 KBytes  5.81 Mbits/sec  1.215 ms  842/1447 (58%)  
[  5] 289.00-290.00 sec   620 KBytes  5.08 Mbits/sec  1.266 ms  743/1272 (58%)  
[  5] 290.00-291.00 sec   718 KBytes  5.88 Mbits/sec  1.151 ms  836/1449 (58%)  
[  5] 291.00-292.00 sec   579 KBytes  4.74 Mbits/sec  1.224 ms  647/1141 (57%)  
[  5] 292.00-293.00 sec   629 KBytes  5.16 Mbits/sec  1.111 ms  663/1200 (55%)  
[  5] 293.00-294.00 sec   679 KBytes  5.56 Mbits/sec  1.272 ms  717/1296 (55%)  
[  5] 294.00-295.00 sec   709 KBytes  5.81 Mbits/sec  1.200 ms  731/1336 (55%)  
[  5] 295.00-296.00 sec   616 KBytes  5.05 Mbits/sec  1.198 ms  659/1185 (56%)  
[  5] 296.00-297.00 sec   689 KBytes  5.64 Mbits/sec  1.096 ms  729/1317 (55%)  
[  5] 297.00-298.00 sec   619 KBytes  5.07 Mbits/sec  1.191 ms  646/1174 (55%)  
[  5] 298.00-299.00 sec   620 KBytes  5.08 Mbits/sec  1.144 ms  645/1174 (55%)  
[  5] 299.00-300.00 sec   588 KBytes  4.82 Mbits/sec  1.247 ms  617/1119 (55%)  
[  5] 300.00-301.00 sec   619 KBytes  5.07 Mbits/sec  1.237 ms  631/1159 (54%)  
[  5] 301.00-302.00 sec   710 KBytes  5.82 Mbits/sec  1.235 ms  726/1332 (55%)  
[  5] 302.00-303.00 sec   588 KBytes  4.82 Mbits/sec  1.214 ms  594/1096 (54%)  
[  5] 303.00-304.00 sec   718 KBytes  5.89 Mbits/sec  1.177 ms  745/1358 (55%)  
[  5] 304.00-305.00 sec   589 KBytes  4.83 Mbits/sec  1.247 ms  643/1146 (56%)  
[  5] 305.00-306.00 sec   709 KBytes  5.81 Mbits/sec  1.186 ms  778/1383 (56%)  
[  5] 306.00-307.00 sec   619 KBytes  5.07 Mbits/sec  1.286 ms  671/1199 (56%)  
[  5] 307.00-308.00 sec   589 KBytes  4.83 Mbits/sec  1.301 ms  606/1109 (55%)  
[  5] 308.00-309.00 sec   717 KBytes  5.87 Mbits/sec  1.158 ms  728/1340 (54%)  
[  5] 309.00-310.00 sec   613 KBytes  5.02 Mbits/sec  1.272 ms  637/1160 (55%)  
[  5] 310.00-311.00 sec   697 KBytes  5.71 Mbits/sec  1.504 ms  703/1298 (54%)  
[  5] 311.00-312.00 sec   591 KBytes  4.84 Mbits/sec  1.193 ms  686/1190 (58%)  
[  5] 312.00-313.00 sec   718 KBytes  5.88 Mbits/sec  1.113 ms  787/1400 (56%)  
[  5] 313.00-314.00 sec   588 KBytes  4.82 Mbits/sec  1.154 ms  639/1141 (56%)  
[  5] 314.00-315.00 sec   620 KBytes  5.08 Mbits/sec  1.351 ms  752/1281 (59%)  
[  5] 315.00-316.00 sec   606 KBytes  4.97 Mbits/sec  1.730 ms  737/1254 (59%)  
[  5] 316.00-317.00 sec   584 KBytes  4.78 Mbits/sec  1.147 ms  669/1167 (57%)  
[  5] 317.00-318.00 sec   619 KBytes  5.07 Mbits/sec  1.192 ms  664/1192 (56%)  
[  5] 318.00-319.00 sec   588 KBytes  4.82 Mbits/sec  1.297 ms  604/1106 (55%)  
[  5] 319.00-320.00 sec   620 KBytes  5.08 Mbits/sec  1.167 ms  624/1153 (54%)  
[  5] 320.00-321.00 sec   588 KBytes  4.81 Mbits/sec  1.172 ms  593/1095 (54%)  
[  5] 321.00-322.00 sec   409 KBytes  3.36 Mbits/sec  1.328 ms  448/797 (56%)  
[  5] 322.00-323.00 sec   520 KBytes  4.26 Mbits/sec  1.310 ms  615/1059 (58%)  
[  5] 323.00-324.00 sec   499 KBytes  4.09 Mbits/sec  1.326 ms  541/967 (56%)  
[  5] 324.00-325.00 sec   488 KBytes  4.00 Mbits/sec  1.163 ms  555/971 (57%)  
[  5] 325.00-326.00 sec   620 KBytes  5.08 Mbits/sec  1.264 ms  656/1185 (55%)  
[  5] 326.00-327.00 sec   489 KBytes  4.00 Mbits/sec  1.228 ms  528/945 (56%)  
[  5] 327.00-328.00 sec   530 KBytes  4.34 Mbits/sec  1.194 ms  569/1021 (56%)  
[  5] 328.00-329.00 sec   499 KBytes  4.09 Mbits/sec  1.227 ms  550/976 (56%)  
[  5] 329.00-330.00 sec   588 KBytes  4.82 Mbits/sec  1.318 ms  618/1120 (55%)  
[  5] 330.00-331.00 sec   560 KBytes  4.59 Mbits/sec  3.243 ms  624/1102 (57%)  
[  5] 331.00-332.00 sec   559 KBytes  4.58 Mbits/sec  1.149 ms  606/1083 (56%)  
[  5] 332.00-333.00 sec   519 KBytes  4.25 Mbits/sec  1.270 ms  589/1032 (57%)  
[  5] 333.00-334.00 sec   599 KBytes  4.90 Mbits/sec  1.218 ms  671/1182 (57%)  
[  5] 334.00-335.00 sec   490 KBytes  4.02 Mbits/sec  1.415 ms  630/1048 (60%)  
[  5] 335.00-336.00 sec   618 KBytes  5.06 Mbits/sec  1.325 ms  765/1292 (59%)  
[  5] 336.00-337.00 sec   500 KBytes  4.10 Mbits/sec  1.482 ms  642/1069 (60%)  
[  5] 337.00-338.00 sec   619 KBytes  5.07 Mbits/sec  1.344 ms  775/1303 (59%)  
[  5] 338.00-339.00 sec   499 KBytes  4.09 Mbits/sec  1.378 ms  677/1103 (61%)  
[  5] 339.00-340.00 sec   581 KBytes  4.76 Mbits/sec  1.478 ms  1036/1532 (68%)  
[  5] 340.00-341.00 sec   619 KBytes  5.07 Mbits/sec  1.391 ms  997/1525 (65%)  
[  5] 341.00-342.00 sec   619 KBytes  5.07 Mbits/sec  1.349 ms  1001/1529 (65%)  
[  5] 342.00-343.00 sec   499 KBytes  4.09 Mbits/sec  1.229 ms  720/1146 (63%)  
[  5] 343.00-344.00 sec   589 KBytes  4.83 Mbits/sec  1.348 ms  941/1444 (65%)  
[  5] 344.00-345.00 sec   619 KBytes  5.07 Mbits/sec  1.384 ms  941/1469 (64%)  
[  5] 345.00-346.00 sec   490 KBytes  4.01 Mbits/sec  1.389 ms  709/1127 (63%)  
[  5] 346.00-347.00 sec   529 KBytes  4.33 Mbits/sec  1.264 ms  725/1176 (62%)  
[  5] 347.00-348.00 sec   589 KBytes  4.83 Mbits/sec  1.310 ms  815/1318 (62%)  
[  5] 348.00-349.00 sec   607 KBytes  4.97 Mbits/sec  1.245 ms  869/1387 (63%)  
[  5] 349.00-350.00 sec   499 KBytes  4.09 Mbits/sec  1.374 ms  728/1154 (63%)  
[  5] 350.00-351.00 sec   588 KBytes  4.82 Mbits/sec  1.488 ms  817/1319 (62%)  
[  5] 351.00-352.00 sec   620 KBytes  5.07 Mbits/sec  1.394 ms  843/1372 (61%)  
[  5] 352.00-353.00 sec   499 KBytes  4.09 Mbits/sec  1.481 ms  714/1140 (63%)  
[  5] 353.00-354.00 sec   529 KBytes  4.33 Mbits/sec  1.318 ms  778/1229 (63%)  
[  5] 354.00-355.00 sec   578 KBytes  4.73 Mbits/sec  1.309 ms  817/1310 (62%)  
[  5] 355.00-356.00 sec   589 KBytes  4.83 Mbits/sec  1.219 ms  802/1305 (61%)  
[  5] 356.00-357.00 sec   519 KBytes  4.25 Mbits/sec  1.547 ms  742/1185 (63%)  
[  5] 357.00-358.00 sec   498 KBytes  4.08 Mbits/sec  1.320 ms  638/1063 (60%)  
[  5] 358.00-359.00 sec   500 KBytes  4.10 Mbits/sec  1.199 ms  631/1058 (60%)  
[  5] 359.00-360.00 sec   517 KBytes  4.23 Mbits/sec  1.185 ms  655/1096 (60%)  
[  5] 360.00-361.00 sec   490 KBytes  4.01 Mbits/sec  1.323 ms  623/1041 (60%)  
[  5] 361.00-362.00 sec   619 KBytes  5.07 Mbits/sec  1.397 ms  865/1393 (62%)  
[  5] 362.00-363.00 sec   499 KBytes  4.09 Mbits/sec  1.349 ms  687/1113 (62%)  
[  5] 363.00-364.00 sec   589 KBytes  4.83 Mbits/sec  1.368 ms  828/1331 (62%)  
[  5] 364.00-365.00 sec   619 KBytes  5.07 Mbits/sec  1.374 ms  878/1406 (62%)  
[  5] 365.00-366.00 sec   499 KBytes  4.09 Mbits/sec  1.409 ms  686/1112 (62%)  
[  5] 366.00-367.00 sec   619 KBytes  5.07 Mbits/sec  1.258 ms  864/1392 (62%)  
[  5] 367.00-368.00 sec   499 KBytes  4.09 Mbits/sec  1.260 ms  641/1067 (60%)  
[  5] 368.00-369.00 sec   589 KBytes  4.83 Mbits/sec  1.272 ms  780/1283 (61%)  
[  5] 369.00-370.00 sec   519 KBytes  4.24 Mbits/sec  1.410 ms  690/1133 (61%)  
[  5] 370.00-371.00 sec   499 KBytes  4.10 Mbits/sec  1.421 ms  740/1166 (63%)  
[  5] 371.00-372.00 sec   619 KBytes  5.07 Mbits/sec  1.275 ms  849/1377 (62%)  
[  5] 372.00-373.00 sec   499 KBytes  4.09 Mbits/sec  1.278 ms  670/1096 (61%)  
[  5] 373.00-374.00 sec   588 KBytes  4.82 Mbits/sec  1.507 ms  866/1368 (63%)  
[  5] 374.00-375.00 sec   620 KBytes  5.08 Mbits/sec  1.675 ms  1064/1593 (67%)  
[  5] 375.00-376.00 sec   499 KBytes  4.09 Mbits/sec  1.252 ms  756/1182 (64%)  
[  5] 376.00-377.00 sec   619 KBytes  5.07 Mbits/sec  1.290 ms  922/1450 (64%)  
[  5] 377.00-378.00 sec   468 KBytes  3.83 Mbits/sec  1.264 ms  709/1108 (64%)  
[  5] 378.00-379.00 sec   616 KBytes  5.05 Mbits/sec  1.299 ms  938/1464 (64%)  
[  5] 379.00-380.00 sec   490 KBytes  4.01 Mbits/sec  1.309 ms  666/1084 (61%)  
[  5] 380.00-381.00 sec   608 KBytes  4.98 Mbits/sec  1.363 ms  863/1382 (62%)  
[  5] 381.00-382.00 sec   499 KBytes  4.09 Mbits/sec  1.362 ms  664/1090 (61%)  
[  5] 382.00-383.00 sec   589 KBytes  4.83 Mbits/sec  1.420 ms  811/1314 (62%)  
[  5] 383.00-384.00 sec   529 KBytes  4.33 Mbits/sec  1.244 ms  727/1178 (62%)  
[  5] 384.00-385.00 sec   589 KBytes  4.83 Mbits/sec  1.352 ms  833/1336 (62%)  
[  5] 385.00-386.00 sec   613 KBytes  5.02 Mbits/sec  1.233 ms  862/1385 (62%)  
[  5] 386.00-387.00 sec   500 KBytes  4.10 Mbits/sec  1.237 ms  736/1163 (63%)  
[  5] 387.00-388.00 sec   568 KBytes  4.66 Mbits/sec  1.147 ms  843/1328 (63%)  
[  5] 388.00-389.00 sec   519 KBytes  4.26 Mbits/sec  1.387 ms  754/1197 (63%)  
[  5] 389.00-390.00 sec   589 KBytes  4.83 Mbits/sec  1.294 ms  840/1343 (63%)  
[  5] 390.00-391.00 sec   529 KBytes  4.33 Mbits/sec  1.256 ms  730/1181 (62%)  
[  5] 391.00-392.00 sec   499 KBytes  4.09 Mbits/sec  1.266 ms  682/1108 (62%)  
[  5] 392.00-393.00 sec   499 KBytes  4.09 Mbits/sec  1.352 ms  677/1103 (61%)  
[  5] 393.00-394.00 sec   620 KBytes  5.08 Mbits/sec  1.262 ms  836/1365 (61%)  
[  5] 394.00-395.00 sec   588 KBytes  4.82 Mbits/sec  1.304 ms  831/1333 (62%)  
[  5] 395.00-396.00 sec   519 KBytes  4.25 Mbits/sec  1.258 ms  716/1159 (62%)  
[  5] 396.00-397.00 sec   589 KBytes  4.83 Mbits/sec  1.367 ms  800/1303 (61%)  
[  5] 397.00-398.00 sec   499 KBytes  4.09 Mbits/sec  1.486 ms  750/1176 (64%)  
[  5] 398.00-399.00 sec   602 KBytes  4.93 Mbits/sec  1.610 ms  889/1403 (63%)  
[  5] 399.00-400.00 sec   499 KBytes  4.09 Mbits/sec  1.347 ms  675/1101 (61%)  
[  5] 400.00-401.00 sec   499 KBytes  4.09 Mbits/sec  1.217 ms  689/1115 (62%)  
[  5] 401.00-402.00 sec   608 KBytes  4.98 Mbits/sec  1.336 ms  846/1365 (62%)  
[  5] 402.00-403.00 sec   520 KBytes  4.26 Mbits/sec  1.314 ms  695/1139 (61%)  
[  5] 403.00-404.00 sec   498 KBytes  4.08 Mbits/sec  1.369 ms  684/1109 (62%)  
[  5] 404.00-405.00 sec   509 KBytes  4.17 Mbits/sec  7.282 ms  687/1121 (61%)  
[  5] 405.00-406.00 sec   579 KBytes  4.74 Mbits/sec  1.302 ms  731/1226 (60%)  
[  5] 406.00-407.00 sec   619 KBytes  5.07 Mbits/sec  1.427 ms  923/1451 (64%)  
[  5] 407.00-408.00 sec   499 KBytes  4.09 Mbits/sec  1.288 ms  758/1184 (64%)  
[  5] 408.00-409.00 sec   619 KBytes  5.07 Mbits/sec  1.442 ms  954/1482 (64%)  
[  5] 409.00-410.00 sec   490 KBytes  4.01 Mbits/sec  1.323 ms  693/1111 (62%)  
[  5] 410.00-411.00 sec   529 KBytes  4.33 Mbits/sec  1.349 ms  743/1194 (62%)  
[  5] 411.00-412.00 sec   589 KBytes  4.83 Mbits/sec  1.527 ms  805/1308 (62%)  
[  5] 412.00-413.00 sec   499 KBytes  4.09 Mbits/sec  1.380 ms  654/1080 (61%)  
[  5] 413.00-414.00 sec   619 KBytes  5.07 Mbits/sec  1.317 ms  862/1390 (62%)  
[  5] 414.00-415.00 sec   500 KBytes  4.10 Mbits/sec  1.265 ms  703/1130 (62%)  
[  5] 415.00-416.00 sec   618 KBytes  5.06 Mbits/sec  1.464 ms  880/1407 (63%)  
[  5] 416.00-417.00 sec   589 KBytes  4.83 Mbits/sec  1.538 ms  881/1384 (64%)  
[  5] 417.00-418.00 sec   499 KBytes  4.09 Mbits/sec  1.322 ms  702/1128 (62%)  
[  5] 418.00-419.00 sec   620 KBytes  5.08 Mbits/sec  1.208 ms  845/1374 (61%)  
[  5] 419.00-420.00 sec   489 KBytes  4.00 Mbits/sec  1.352 ms  733/1150 (64%)  
[  5] 420.00-421.00 sec   619 KBytes  5.06 Mbits/sec  1.352 ms  961/1489 (65%)  
[  5] 421.00-422.00 sec   499 KBytes  4.09 Mbits/sec  1.435 ms  742/1168 (64%)  
