Connecting to host 172.22.0.50, port 5201
Reverse mode, remote host 172.22.0.50 is sending
[  5] local 192.168.100.2 port 51566 connected to 172.22.0.50 port 5201
[ ID] Interval           Transfer     Bitrate         Jitter    Lost/Total Datagrams
[  5]   0.00-1.00   sec  1.43 MBytes  12.0 Mbits/sec  0.711 ms  0/1253 (0%)  
[  5]   1.00-2.00   sec  1.43 MBytes  12.0 Mbits/sec  1.050 ms  0/1246 (0%)  
[  5]   2.00-3.00   sec  1.43 MBytes  12.0 Mbits/sec  1.141 ms  0/1247 (0%)  
[  5]   3.00-4.00   sec  1.43 MBytes  12.0 Mbits/sec  1.166 ms  0/1253 (0%)  
[  5]   4.00-5.00   sec  1.43 MBytes  12.0 Mbits/sec  0.840 ms  0/1252 (0%)  
[  5]   5.00-6.00   sec  1.43 MBytes  12.0 Mbits/sec  1.130 ms  0/1248 (0%)  
[  5]   6.00-7.00   sec  1.43 MBytes  12.0 Mbits/sec  0.963 ms  0/1250 (0%)  
[  5]   7.00-8.00   sec  1.42 MBytes  11.9 Mbits/sec  1.167 ms  0/1244 (0%)  
[  5]   8.00-9.00   sec  1.44 MBytes  12.1 Mbits/sec  1.001 ms  0/1257 (0%)  
[  5]   9.00-10.00  sec  1.43 MBytes  12.0 Mbits/sec  0.843 ms  0/1250 (0%)  
[  5]  10.00-11.00  sec  1.43 MBytes  12.0 Mbits/sec  0.822 ms  0/1252 (0%)  
[  5]  11.00-12.00  sec  1.43 MBytes  12.0 Mbits/sec  1.027 ms  0/1250 (0%)  
[  5]  12.00-13.00  sec  1.43 MBytes  12.0 Mbits/sec  1.068 ms  0/1247 (0%)  
[  5]  13.00-14.00  sec  1.43 MBytes  12.0 Mbits/sec  1.139 ms  0/1250 (0%)  
[  5]  14.00-15.00  sec  1.43 MBytes  12.0 Mbits/sec  0.863 ms  0/1250 (0%)  
[  5]  15.00-16.00  sec  1.32 MBytes  11.1 Mbits/sec  2.012 ms  0/1157 (0%)  
[  5]  16.00-17.00  sec   458 KBytes  3.75 Mbits/sec  1.951 ms  0/391 (0%)  
[  5]  17.00-18.00  sec   486 KBytes  3.98 Mbits/sec  1.860 ms  0/415 (0%)  
[  5]  18.00-19.00  sec   495 KBytes  4.05 Mbits/sec  2.046 ms  0/422 (0%)  
[  5]  19.00-20.00  sec   490 KBytes  4.01 Mbits/sec  1.778 ms  0/418 (0%)  
[  5]  20.00-21.00  sec   488 KBytes  3.99 Mbits/sec  1.658 ms  0/416 (0%)  
[  5]  21.00-22.00  sec   538 KBytes  4.40 Mbits/sec  1.532 ms  0/459 (0%)  
[  5]  22.00-23.00  sec   540 KBytes  4.43 Mbits/sec  1.628 ms  0/461 (0%)  
[  5]  23.00-24.00  sec   540 KBytes  4.43 Mbits/sec  1.595 ms  0/461 (0%)  
[  5]  24.00-25.00  sec   536 KBytes  4.39 Mbits/sec  1.556 ms  0/457 (0%)  
[  5]  25.00-26.00  sec   545 KBytes  4.46 Mbits/sec  1.402 ms  0/466 (0%)  
[  5]  26.00-27.00  sec   524 KBytes  4.29 Mbits/sec  1.618 ms  0/447 (0%)  
[  5]  27.00-28.00  sec   536 KBytes  4.39 Mbits/sec  1.518 ms  0/457 (0%)  
[  5]  28.00-29.00  sec   545 KBytes  4.46 Mbits/sec  1.489 ms  0/465 (0%)  
[  5]  29.00-30.00  sec   540 KBytes  4.43 Mbits/sec  1.677 ms  0/461 (0%)  
[  5]  30.00-31.00  sec   534 KBytes  4.38 Mbits/sec  1.665 ms  0/456 (0%)  
[  5]  31.00-32.00  sec   546 KBytes  4.47 Mbits/sec  1.655 ms  0/466 (0%)  
[  5]  32.00-33.00  sec   545 KBytes  4.46 Mbits/sec  1.417 ms  0/465 (0%)  
[  5]  33.00-34.00  sec   546 KBytes  4.46 Mbits/sec  1.721 ms  0/466 (0%)  
[  5]  34.00-35.00  sec   545 KBytes  4.47 Mbits/sec  1.505 ms  0/465 (0%)  
[  5]  35.00-36.00  sec   538 KBytes  4.41 Mbits/sec  1.756 ms  0/459 (0%)  
[  5]  36.00-37.00  sec   488 KBytes  3.99 Mbits/sec  1.578 ms  0/416 (0%)  
[  5]  37.00-38.00  sec   486 KBytes  3.98 Mbits/sec  1.984 ms  0/415 (0%)  
[  5]  38.00-39.00  sec   478 KBytes  3.92 Mbits/sec  1.937 ms  0/408 (0%)  
[  5]  39.00-40.00  sec   505 KBytes  4.14 Mbits/sec  1.673 ms  0/431 (0%)  
[  5]  40.00-41.00  sec   512 KBytes  4.20 Mbits/sec  1.591 ms  0/437 (0%)  
[  5]  41.00-42.00  sec   538 KBytes  4.40 Mbits/sec  1.770 ms  0/459 (0%)  
[  5]  42.00-43.00  sec   546 KBytes  4.48 Mbits/sec  1.618 ms  0/466 (0%)  
[  5]  43.00-44.00  sec   493 KBytes  4.04 Mbits/sec  2.210 ms  39/460 (8.5%)  
[  5]  44.00-45.00  sec   456 KBytes  3.73 Mbits/sec  1.624 ms  682/1071 (64%)  
[  5]  45.00-46.00  sec   568 KBytes  4.66 Mbits/sec  1.585 ms  856/1341 (64%)  
[  5]  46.00-47.00  sec   545 KBytes  4.46 Mbits/sec  1.425 ms  783/1248 (63%)  
[  5]  47.00-48.00  sec   625 KBytes  5.11 Mbits/sec  1.454 ms  907/1440 (63%)  
[  5]  48.00-49.00  sec   648 KBytes  5.31 Mbits/sec  1.508 ms  966/1519 (64%)  
[  5]  49.00-50.00  sec   656 KBytes  5.38 Mbits/sec  1.371 ms  953/1513 (63%)  
[  5]  50.00-51.00  sec   537 KBytes  4.39 Mbits/sec  1.529 ms  756/1214 (62%)  
[  5]  51.00-52.00  sec   680 KBytes  5.58 Mbits/sec  1.318 ms  973/1553 (63%)  
[  5]  52.00-53.00  sec   625 KBytes  5.12 Mbits/sec  1.354 ms  901/1434 (63%)  
[  5]  53.00-54.00  sec   704 KBytes  5.76 Mbits/sec  1.473 ms  1196/1797 (67%)  
[  5]  54.00-55.00  sec   600 KBytes  4.92 Mbits/sec  1.518 ms  1032/1544 (67%)  
[  5]  55.00-56.00  sec   704 KBytes  5.77 Mbits/sec  1.460 ms  1193/1794 (66%)  
[  5]  56.00-57.00  sec   625 KBytes  5.11 Mbits/sec  1.456 ms  990/1523 (65%)  
[  5]  57.00-58.00  sec   704 KBytes  5.76 Mbits/sec  1.383 ms  1029/1630 (63%)  
[  5]  58.00-59.00  sec   593 KBytes  4.87 Mbits/sec  1.300 ms  830/1336 (62%)  
[  5]  59.00-60.00  sec   704 KBytes  5.77 Mbits/sec  1.415 ms  1039/1640 (63%)  
[  5]  60.00-61.00  sec   601 KBytes  4.92 Mbits/sec  1.469 ms  889/1402 (63%)  
[  5]  61.00-62.00  sec   725 KBytes  5.94 Mbits/sec  1.177 ms  911/1530 (60%)  
[  5]  62.00-63.00  sec   585 KBytes  4.79 Mbits/sec  1.262 ms  695/1194 (58%)  
[  5]  63.00-64.00  sec   720 KBytes  5.89 Mbits/sec  1.644 ms  877/1491 (59%)  
[  5]  64.00-65.00  sec   585 KBytes  4.79 Mbits/sec  1.301 ms  711/1210 (59%)  
[  5]  65.00-66.00  sec   711 KBytes  5.83 Mbits/sec  1.240 ms  812/1419 (57%)  
[  5]  66.00-67.00  sec   618 KBytes  5.06 Mbits/sec  1.169 ms  622/1149 (54%)  
[  5]  67.00-68.00  sec   698 KBytes  5.72 Mbits/sec  1.908 ms  787/1383 (57%)  
[  5]  68.00-69.00  sec   589 KBytes  4.83 Mbits/sec  1.168 ms  661/1164 (57%)  
[  5]  69.00-70.00  sec   709 KBytes  5.81 Mbits/sec  1.150 ms  731/1336 (55%)  
[  5]  70.00-71.00  sec   588 KBytes  4.82 Mbits/sec  1.230 ms  607/1109 (55%)  
[  5]  71.00-72.00  sec   709 KBytes  5.81 Mbits/sec  1.229 ms  734/1339 (55%)  
[  5]  72.00-73.00  sec   620 KBytes  5.08 Mbits/sec  1.144 ms  633/1162 (54%)  
[  5]  73.00-74.00  sec   688 KBytes  5.64 Mbits/sec  1.170 ms  729/1316 (55%)  
[  5]  74.00-75.00  sec   709 KBytes  5.81 Mbits/sec  1.300 ms  753/1358 (55%)  
[  5]  75.00-76.00  sec   619 KBytes  5.07 Mbits/sec  1.216 ms  657/1185 (55%)  
[  5]  76.00-77.00  sec   690 KBytes  5.65 Mbits/sec  1.055 ms  716/1305 (55%)  
[  5]  77.00-78.00  sec   618 KBytes  5.06 Mbits/sec  1.178 ms  657/1184 (55%)  
[  5]  78.00-79.00  sec   696 KBytes  5.70 Mbits/sec  1.198 ms  731/1325 (55%)  
[  5]  79.00-80.00  sec   620 KBytes  5.08 Mbits/sec  1.139 ms  625/1154 (54%)  
[  5]  80.00-81.00  sec   689 KBytes  5.64 Mbits/sec  1.182 ms  705/1293 (55%)  
[  5]  81.00-82.00  sec   708 KBytes  5.80 Mbits/sec  1.273 ms  839/1443 (58%)  
[  5]  82.00-83.00  sec   620 KBytes  5.08 Mbits/sec  1.199 ms  638/1167 (55%)  
[  5]  83.00-84.00  sec   702 KBytes  5.75 Mbits/sec  1.588 ms  778/1377 (56%)  
[  5]  84.00-85.00  sec   613 KBytes  5.01 Mbits/sec  3.335 ms  648/1171 (55%)  
[  5]  85.00-86.00  sec   684 KBytes  5.61 Mbits/sec  1.239 ms  697/1281 (54%)  
[  5]  86.00-87.00  sec   589 KBytes  4.83 Mbits/sec  1.205 ms  616/1119 (55%)  
[  5]  87.00-88.00  sec   710 KBytes  5.81 Mbits/sec  1.206 ms  730/1336 (55%)  
[  5]  88.00-89.00  sec   628 KBytes  5.15 Mbits/sec  1.113 ms  637/1173 (54%)  
[  5]  89.00-90.00  sec   679 KBytes  5.56 Mbits/sec  1.225 ms  676/1255 (54%)  
[  5]  90.00-91.00  sec   620 KBytes  5.08 Mbits/sec  1.262 ms  639/1168 (55%)  
[  5]  91.00-92.00  sec   709 KBytes  5.81 Mbits/sec  1.232 ms  759/1364 (56%)  
[  5]  92.00-93.00  sec   611 KBytes  4.99 Mbits/sec  1.492 ms  637/1158 (55%)  
[  5]  93.00-94.00  sec   689 KBytes  5.65 Mbits/sec  1.198 ms  710/1298 (55%)  
[  5]  94.00-95.00  sec   620 KBytes  5.08 Mbits/sec  1.215 ms  618/1147 (54%)  
[  5]  95.00-96.00  sec   588 KBytes  4.82 Mbits/sec  1.257 ms  589/1091 (54%)  
[  5]  96.00-97.00  sec   709 KBytes  5.81 Mbits/sec  1.229 ms  718/1323 (54%)  
[  5]  97.00-98.00  sec   625 KBytes  5.12 Mbits/sec  7.150 ms  655/1188 (55%)  
[  5]  98.00-99.00  sec   683 KBytes  5.59 Mbits/sec  1.099 ms  668/1251 (53%)  
[  5]  99.00-100.00 sec   709 KBytes  5.81 Mbits/sec  1.232 ms  744/1349 (55%)  
[  5] 100.00-101.00 sec   620 KBytes  5.08 Mbits/sec  1.139 ms  656/1185 (55%)  
[  5] 101.00-102.00 sec   718 KBytes  5.89 Mbits/sec  1.132 ms  844/1457 (58%)  
[  5] 102.00-103.00 sec   589 KBytes  4.83 Mbits/sec  1.059 ms  608/1111 (55%)  
[  5] 103.00-104.00 sec   708 KBytes  5.79 Mbits/sec  1.227 ms  725/1329 (55%)  
[  5] 104.00-105.00 sec   591 KBytes  4.85 Mbits/sec  1.237 ms  603/1107 (54%)  
[  5] 105.00-106.00 sec   703 KBytes  5.76 Mbits/sec  1.247 ms  751/1351 (56%)  
[  5] 106.00-107.00 sec   628 KBytes  5.15 Mbits/sec  1.165 ms  673/1209 (56%)  
[  5] 107.00-108.00 sec   709 KBytes  5.80 Mbits/sec  1.173 ms  723/1328 (54%)  
[  5] 108.00-109.00 sec   679 KBytes  5.57 Mbits/sec  1.314 ms  793/1372 (58%)  
[  5] 109.00-110.00 sec   620 KBytes  5.08 Mbits/sec  1.313 ms  675/1204 (56%)  
[  5] 110.00-111.00 sec   628 KBytes  5.14 Mbits/sec  1.124 ms  645/1181 (55%)  
[  5] 111.00-112.00 sec   680 KBytes  5.57 Mbits/sec  1.135 ms  693/1273 (54%)  
[  5] 112.00-113.00 sec   619 KBytes  5.07 Mbits/sec  1.164 ms  623/1151 (54%)  
[  5] 113.00-114.00 sec   588 KBytes  4.82 Mbits/sec  1.204 ms  611/1113 (55%)  
[  5] 114.00-115.00 sec   620 KBytes  5.08 Mbits/sec  1.159 ms  628/1157 (54%)  
[  5] 115.00-116.00 sec   588 KBytes  4.82 Mbits/sec  1.250 ms  616/1118 (55%)  
[  5] 116.00-117.00 sec   620 KBytes  5.08 Mbits/sec  1.154 ms  627/1156 (54%)  
[  5] 117.00-118.00 sec   718 KBytes  5.88 Mbits/sec  1.073 ms  738/1351 (55%)  
[  5] 118.00-119.00 sec   529 KBytes  4.32 Mbits/sec  3.286 ms  607/1058 (57%)  
[  5] 119.00-120.00 sec   680 KBytes  5.58 Mbits/sec  1.232 ms  695/1275 (55%)  
[  5] 120.00-121.00 sec   580 KBytes  4.75 Mbits/sec  1.225 ms  612/1107 (55%)  
[  5] 121.00-122.00 sec   620 KBytes  5.08 Mbits/sec  1.313 ms  652/1181 (55%)  
[  5] 122.00-123.00 sec   589 KBytes  4.83 Mbits/sec  1.254 ms  602/1105 (54%)  
[  5] 123.00-124.00 sec   708 KBytes  5.80 Mbits/sec  1.231 ms  746/1350 (55%)  
[  5] 124.00-125.00 sec   720 KBytes  5.89 Mbits/sec  1.112 ms  726/1340 (54%)  
[  5] 125.00-126.00 sec   589 KBytes  4.83 Mbits/sec  1.069 ms  635/1138 (56%)  
[  5] 126.00-127.00 sec   619 KBytes  5.07 Mbits/sec  1.333 ms  711/1239 (57%)  
[  5] 127.00-128.00 sec   708 KBytes  5.80 Mbits/sec  1.224 ms  793/1397 (57%)  
[  5] 128.00-129.00 sec   591 KBytes  4.84 Mbits/sec  1.317 ms  688/1192 (58%)  
[  5] 129.00-130.00 sec   619 KBytes  5.07 Mbits/sec  1.234 ms  713/1241 (57%)  
[  5] 130.00-131.00 sec   718 KBytes  5.89 Mbits/sec  1.246 ms  856/1469 (58%)  
[  5] 131.00-132.00 sec   709 KBytes  5.81 Mbits/sec  1.244 ms  829/1434 (58%)  
[  5] 132.00-133.00 sec   589 KBytes  4.83 Mbits/sec  1.288 ms  677/1180 (57%)  
[  5] 133.00-134.00 sec   718 KBytes  5.88 Mbits/sec  1.224 ms  879/1492 (59%)  
[  5] 134.00-135.00 sec   589 KBytes  4.83 Mbits/sec  1.173 ms  687/1190 (58%)  
[  5] 135.00-136.00 sec   705 KBytes  5.78 Mbits/sec  1.326 ms  796/1398 (57%)  
[  5] 136.00-137.00 sec   619 KBytes  5.07 Mbits/sec  1.233 ms  726/1254 (58%)  
[  5] 137.00-138.00 sec   718 KBytes  5.88 Mbits/sec  1.153 ms  755/1368 (55%)  
[  5] 138.00-139.00 sec   710 KBytes  5.82 Mbits/sec  1.213 ms  713/1319 (54%)  
[  5] 139.00-140.00 sec   588 KBytes  4.82 Mbits/sec  1.274 ms  600/1102 (54%)  
[  5] 140.00-141.00 sec   709 KBytes  5.81 Mbits/sec  1.357 ms  774/1379 (56%)  
[  5] 141.00-142.00 sec   619 KBytes  5.07 Mbits/sec  1.219 ms  691/1219 (57%)  
[  5] 142.00-143.00 sec   689 KBytes  5.65 Mbits/sec  1.103 ms  752/1340 (56%)  
[  5] 143.00-144.00 sec   709 KBytes  5.81 Mbits/sec  1.225 ms  790/1395 (57%)  
[  5] 144.00-145.00 sec   619 KBytes  5.07 Mbits/sec  1.210 ms  634/1162 (55%)  
[  5] 145.00-146.00 sec   588 KBytes  4.82 Mbits/sec  1.227 ms  605/1107 (55%)  
[  5] 146.00-147.00 sec   620 KBytes  5.08 Mbits/sec  1.232 ms  627/1156 (54%)  
[  5] 147.00-148.00 sec   599 KBytes  4.91 Mbits/sec  1.126 ms  597/1108 (54%)  
[  5] 148.00-149.00 sec   619 KBytes  5.07 Mbits/sec  1.138 ms  646/1174 (55%)  
[  5] 149.00-150.00 sec   660 KBytes  5.40 Mbits/sec  1.258 ms  747/1310 (57%)  
[  5] 150.00-151.00 sec   619 KBytes  5.07 Mbits/sec  1.229 ms  659/1187 (56%)  
[  5] 151.00-152.00 sec   709 KBytes  5.81 Mbits/sec  1.166 ms  730/1335 (55%)  
[  5] 152.00-153.00 sec   628 KBytes  5.14 Mbits/sec  1.111 ms  630/1166 (54%)  
[  5] 153.00-154.00 sec   680 KBytes  5.57 Mbits/sec  1.151 ms  669/1249 (54%)  
[  5] 154.00-155.00 sec   703 KBytes  5.76 Mbits/sec  1.246 ms  743/1343 (55%)  
[  5] 155.00-156.00 sec   619 KBytes  5.07 Mbits/sec  1.156 ms  634/1162 (55%)  
[  5] 156.00-157.00 sec   689 KBytes  5.65 Mbits/sec  1.149 ms  695/1283 (54%)  
[  5] 157.00-158.00 sec   619 KBytes  5.07 Mbits/sec  1.149 ms  620/1148 (54%)  
[  5] 158.00-159.00 sec   620 KBytes  5.08 Mbits/sec  1.204 ms  640/1169 (55%)  
[  5] 159.00-160.00 sec   703 KBytes  5.76 Mbits/sec  1.306 ms  790/1390 (57%)  
[  5] 160.00-161.00 sec   589 KBytes  4.83 Mbits/sec  1.263 ms  714/1217 (59%)  
[  5] 161.00-162.00 sec   620 KBytes  5.07 Mbits/sec  1.196 ms  767/1296 (59%)  
[  5] 162.00-163.00 sec   688 KBytes  5.64 Mbits/sec  1.259 ms  799/1386 (58%)  
[  5] 163.00-164.00 sec   620 KBytes  5.08 Mbits/sec  1.174 ms  703/1232 (57%)  
[  5] 164.00-165.00 sec   708 KBytes  5.80 Mbits/sec  1.175 ms  720/1324 (54%)  
[  5] 165.00-166.00 sec   689 KBytes  5.64 Mbits/sec  1.102 ms  729/1317 (55%)  
[  5] 166.00-167.00 sec   619 KBytes  5.07 Mbits/sec  1.158 ms  665/1193 (56%)  
[  5] 167.00-168.00 sec   589 KBytes  4.83 Mbits/sec  1.090 ms  596/1099 (54%)  
[  5] 168.00-169.00 sec   709 KBytes  5.81 Mbits/sec  1.157 ms  702/1307 (54%)  
[  5] 169.00-170.00 sec   709 KBytes  5.81 Mbits/sec  1.195 ms  705/1310 (54%)  
[  5] 170.00-171.00 sec   629 KBytes  5.15 Mbits/sec  1.105 ms  650/1187 (55%)  
[  5] 171.00-172.00 sec   679 KBytes  5.56 Mbits/sec  1.248 ms  703/1282 (55%)  
[  5] 172.00-173.00 sec   700 KBytes  5.73 Mbits/sec  1.243 ms  783/1380 (57%)  
[  5] 173.00-174.00 sec   619 KBytes  5.07 Mbits/sec  1.311 ms  748/1276 (59%)  
[  5] 174.00-175.00 sec   689 KBytes  5.65 Mbits/sec  1.193 ms  775/1363 (57%)  
[  5] 175.00-176.00 sec   620 KBytes  5.07 Mbits/sec  1.114 ms  667/1196 (56%)  
[  5] 176.00-177.00 sec   618 KBytes  5.06 Mbits/sec  1.274 ms  644/1171 (55%)  
[  5] 177.00-178.00 sec   680 KBytes  5.56 Mbits/sec  1.283 ms  689/1269 (54%)  
[  5] 178.00-179.00 sec   718 KBytes  5.89 Mbits/sec  1.176 ms  782/1395 (56%)  
[  5] 179.00-180.00 sec   620 KBytes  5.08 Mbits/sec  1.042 ms  618/1147 (54%)  
[  5] 180.00-181.00 sec   709 KBytes  5.81 Mbits/sec  1.173 ms  724/1329 (54%)  
[  5] 181.00-182.00 sec   588 KBytes  4.82 Mbits/sec  1.252 ms  647/1149 (56%)  
[  5] 182.00-183.00 sec   709 KBytes  5.81 Mbits/sec  1.254 ms  752/1357 (55%)  
[  5] 183.00-184.00 sec   629 KBytes  5.15 Mbits/sec  1.117 ms  655/1192 (55%)  
[  5] 184.00-185.00 sec   679 KBytes  5.56 Mbits/sec  1.180 ms  689/1268 (54%)  
[  5] 185.00-186.00 sec   620 KBytes  5.08 Mbits/sec  1.179 ms  636/1165 (55%)  
[  5] 186.00-187.00 sec   708 KBytes  5.80 Mbits/sec  1.234 ms  715/1319 (54%)  
[  5] 187.00-188.00 sec   589 KBytes  4.83 Mbits/sec  1.246 ms  588/1091 (54%)  
[  5] 188.00-189.00 sec   718 KBytes  5.88 Mbits/sec  1.183 ms  734/1347 (54%)  
[  5] 189.00-190.00 sec   709 KBytes  5.81 Mbits/sec  1.226 ms  738/1343 (55%)  
[  5] 190.00-191.00 sec   607 KBytes  4.97 Mbits/sec  1.133 ms  701/1219 (58%)  
[  5] 191.00-192.00 sec   588 KBytes  4.82 Mbits/sec  1.286 ms  648/1150 (56%)  
[  5] 192.00-193.00 sec   499 KBytes  4.09 Mbits/sec  1.260 ms  509/935 (54%)  
[  5] 193.00-194.00 sec   593 KBytes  4.86 Mbits/sec  1.223 ms  654/1160 (56%)  
[  5] 194.00-195.00 sec   496 KBytes  4.06 Mbits/sec  1.192 ms  513/936 (55%)  
[  5] 195.00-196.00 sec   530 KBytes  4.34 Mbits/sec  1.134 ms  543/995 (55%)  
[  5] 196.00-197.00 sec   568 KBytes  4.66 Mbits/sec  1.159 ms  625/1110 (56%)  
[  5] 197.00-198.00 sec   620 KBytes  5.08 Mbits/sec  1.116 ms  626/1155 (54%)  
[  5] 198.00-199.00 sec   709 KBytes  5.81 Mbits/sec  1.133 ms  719/1324 (54%)  
[  5] 199.00-200.00 sec   588 KBytes  4.82 Mbits/sec  1.220 ms  616/1118 (55%)  
[  5] 200.00-201.00 sec   500 KBytes  4.10 Mbits/sec  1.209 ms  525/952 (55%)  
[  5] 201.00-202.00 sec   596 KBytes  4.89 Mbits/sec  1.285 ms  674/1183 (57%)  
[  5] 202.00-203.00 sec   589 KBytes  4.83 Mbits/sec  1.257 ms  616/1119 (55%)  
[  5] 203.00-204.00 sec   710 KBytes  5.82 Mbits/sec  1.221 ms  752/1358 (55%)  
[  5] 204.00-205.00 sec   618 KBytes  5.06 Mbits/sec  1.186 ms  650/1177 (55%)  
[  5] 205.00-206.00 sec   689 KBytes  5.65 Mbits/sec  1.174 ms  710/1298 (55%)  
[  5] 206.00-207.00 sec   709 KBytes  5.81 Mbits/sec  1.166 ms  712/1317 (54%)  
[  5] 207.00-208.00 sec   620 KBytes  5.08 Mbits/sec  1.228 ms  707/1236 (57%)  
[  5] 208.00-209.00 sec   709 KBytes  5.81 Mbits/sec  1.287 ms  1149/1754 (66%)  
[  5] 209.00-210.00 sec   599 KBytes  4.90 Mbits/sec  1.347 ms  858/1369 (63%)  
[  5] 210.00-211.00 sec   709 KBytes  5.81 Mbits/sec  1.355 ms  988/1593 (62%)  
[  5] 211.00-212.00 sec   588 KBytes  4.82 Mbits/sec  1.334 ms  939/1441 (65%)  
[  5] 212.00-213.00 sec   709 KBytes  5.81 Mbits/sec  1.227 ms  769/1374 (56%)  
[  5] 213.00-214.00 sec   620 KBytes  5.08 Mbits/sec  1.147 ms  666/1195 (56%)  
[  5] 214.00-215.00 sec   709 KBytes  5.81 Mbits/sec  1.395 ms  777/1382 (56%)  
[  5] 215.00-216.00 sec   679 KBytes  5.56 Mbits/sec  1.375 ms  946/1525 (62%)  
[  5] 216.00-217.00 sec   619 KBytes  5.07 Mbits/sec  1.209 ms  859/1387 (62%)  
[  5] 217.00-218.00 sec   720 KBytes  5.89 Mbits/sec  1.125 ms  739/1353 (55%)  
[  5] 218.00-219.00 sec   489 KBytes  4.01 Mbits/sec  1.314 ms  489/906 (54%)  
[  5] 219.00-220.00 sec   718 KBytes  5.89 Mbits/sec  1.302 ms  713/1326 (54%)  
[  5] 220.00-221.00 sec   591 KBytes  4.84 Mbits/sec  1.262 ms  596/1100 (54%)  
[  5] 221.00-222.00 sec   618 KBytes  5.06 Mbits/sec  1.243 ms  654/1181 (55%)  
[  5] 222.00-223.00 sec   709 KBytes  5.81 Mbits/sec  1.354 ms  734/1339 (55%)  
[  5] 223.00-224.00 sec   690 KBytes  5.65 Mbits/sec  1.070 ms  715/1304 (55%)  
[  5] 224.00-225.00 sec   619 KBytes  5.07 Mbits/sec  1.214 ms  648/1176 (55%)  
[  5] 225.00-226.00 sec   614 KBytes  5.03 Mbits/sec  1.153 ms  631/1155 (55%)  
[  5] 226.00-227.00 sec   673 KBytes  5.51 Mbits/sec  1.299 ms  728/1302 (56%)  
[  5] 227.00-228.00 sec   620 KBytes  5.08 Mbits/sec  1.284 ms  644/1173 (55%)  
[  5] 228.00-229.00 sec   718 KBytes  5.88 Mbits/sec  1.133 ms  725/1338 (54%)  
[  5] 229.00-230.00 sec   588 KBytes  4.82 Mbits/sec  1.184 ms  583/1085 (54%)  
[  5] 230.00-231.00 sec   710 KBytes  5.82 Mbits/sec  1.291 ms  730/1336 (55%)  
[  5] 231.00-232.00 sec   619 KBytes  5.07 Mbits/sec  1.177 ms  682/1210 (56%)  
[  5] 232.00-233.00 sec   688 KBytes  5.64 Mbits/sec  1.471 ms  807/1394 (58%)  
[  5] 233.00-234.00 sec   620 KBytes  5.08 Mbits/sec  1.123 ms  772/1301 (59%)  
[  5] 234.00-235.00 sec   708 KBytes  5.80 Mbits/sec  1.221 ms  754/1358 (56%)  
[  5] 235.00-236.00 sec   588 KBytes  4.82 Mbits/sec  1.287 ms  665/1167 (57%)  
[  5] 236.00-237.00 sec   709 KBytes  5.81 Mbits/sec  1.161 ms  761/1366 (56%)  
[  5] 237.00-238.00 sec   619 KBytes  5.07 Mbits/sec  1.119 ms  625/1153 (54%)  
[  5] 238.00-239.00 sec   680 KBytes  5.57 Mbits/sec  1.170 ms  672/1252 (54%)  
[  5] 239.00-240.00 sec   708 KBytes  5.80 Mbits/sec  1.235 ms  763/1367 (56%)  
[  5] 240.00-241.00 sec   629 KBytes  5.15 Mbits/sec  1.134 ms  705/1242 (57%)  
[  5] 241.00-242.00 sec   680 KBytes  5.56 Mbits/sec  1.202 ms  719/1299 (55%)  
[  5] 242.00-243.00 sec   619 KBytes  5.08 Mbits/sec  1.265 ms  646/1174 (55%)  
[  5] 243.00-244.00 sec   708 KBytes  5.80 Mbits/sec  1.223 ms  740/1344 (55%)  
[  5] 244.00-245.00 sec   720 KBytes  5.90 Mbits/sec  1.173 ms  790/1404 (56%)  
[  5] 245.00-246.00 sec   589 KBytes  4.83 Mbits/sec  1.113 ms  610/1113 (55%)  
[  5] 246.00-247.00 sec   709 KBytes  5.80 Mbits/sec  1.230 ms  730/1335 (55%)  
[  5] 247.00-248.00 sec   619 KBytes  5.08 Mbits/sec  1.279 ms  645/1173 (55%)  
[  5] 248.00-249.00 sec   689 KBytes  5.65 Mbits/sec  1.077 ms  700/1288 (54%)  
[  5] 249.00-250.00 sec   619 KBytes  5.06 Mbits/sec  1.196 ms  651/1179 (55%)  
[  5] 250.00-251.00 sec   709 KBytes  5.82 Mbits/sec  1.154 ms  746/1351 (55%)  
[  5] 251.00-252.00 sec   588 KBytes  4.82 Mbits/sec  1.296 ms  639/1141 (56%)  
[  5] 252.00-253.00 sec   720 KBytes  5.90 Mbits/sec  1.138 ms  726/1340 (54%)  
[  5] 253.00-254.00 sec   619 KBytes  5.07 Mbits/sec  1.155 ms  603/1131 (53%)  
[  5] 254.00-255.00 sec   679 KBytes  5.56 Mbits/sec  1.270 ms  686/1265 (54%)  
[  5] 255.00-256.00 sec   720 KBytes  5.90 Mbits/sec  1.172 ms  783/1397 (56%)  
[  5] 256.00-257.00 sec   612 KBytes  5.01 Mbits/sec  1.186 ms  655/1177 (56%)  
[  5] 257.00-258.00 sec   680 KBytes  5.57 Mbits/sec  1.200 ms  670/1250 (54%)  
[  5] 258.00-259.00 sec   619 KBytes  5.07 Mbits/sec  1.205 ms  627/1155 (54%)  
[  5] 259.00-260.00 sec   697 KBytes  5.71 Mbits/sec  1.267 ms  735/1330 (55%)  
[  5] 260.00-261.00 sec   628 KBytes  5.14 Mbits/sec  1.133 ms  643/1179 (55%)  
[  5] 261.00-262.00 sec   578 KBytes  4.73 Mbits/sec  1.150 ms  636/1129 (56%)  
[  5] 262.00-263.00 sec   709 KBytes  5.81 Mbits/sec  1.199 ms  718/1323 (54%)  
[  5] 263.00-264.00 sec   589 KBytes  4.83 Mbits/sec  1.227 ms  614/1117 (55%)  
[  5] 264.00-265.00 sec   619 KBytes  5.07 Mbits/sec  1.145 ms  658/1186 (55%)  
[  5] 265.00-266.00 sec   589 KBytes  4.83 Mbits/sec  1.206 ms  652/1155 (56%)  
[  5] 266.00-267.00 sec   709 KBytes  5.81 Mbits/sec  1.117 ms  726/1331 (55%)  
[  5] 267.00-268.00 sec   599 KBytes  4.91 Mbits/sec  1.189 ms  644/1155 (56%)  
[  5] 268.00-269.00 sec   619 KBytes  5.07 Mbits/sec  1.093 ms  638/1166 (55%)  
[  5] 269.00-270.00 sec   709 KBytes  5.81 Mbits/sec  1.179 ms  712/1317 (54%)  
[  5] 270.00-271.00 sec   709 KBytes  5.81 Mbits/sec  1.164 ms  739/1344 (55%)  
[  5] 271.00-272.00 sec   588 KBytes  4.82 Mbits/sec  1.220 ms  612/1114 (55%)  
[  5] 272.00-273.00 sec   720 KBytes  5.90 Mbits/sec  1.237 ms  757/1371 (55%)  
[  5] 273.00-274.00 sec   619 KBytes  5.07 Mbits/sec  1.189 ms  644/1172 (55%)  
[  5] 274.00-275.00 sec   709 KBytes  5.81 Mbits/sec  1.194 ms  747/1352 (55%)  
[  5] 275.00-276.00 sec   589 KBytes  4.83 Mbits/sec  1.239 ms  640/1143 (56%)  
[  5] 276.00-277.00 sec   715 KBytes  5.86 Mbits/sec  1.306 ms  785/1395 (56%)  
[  5] 277.00-278.00 sec   593 KBytes  4.86 Mbits/sec  1.179 ms  620/1126 (55%)  
[  5] 278.00-279.00 sec   708 KBytes  5.80 Mbits/sec  1.316 ms  783/1387 (56%)  
[  5] 279.00-280.00 sec   620 KBytes  5.08 Mbits/sec  1.348 ms  732/1261 (58%)  
[  5] 280.00-281.00 sec   689 KBytes  5.64 Mbits/sec  1.069 ms  801/1389 (58%)  
[  5] 281.00-282.00 sec   607 KBytes  4.98 Mbits/sec  1.160 ms  719/1237 (58%)  
[  5] 282.00-283.00 sec   709 KBytes  5.81 Mbits/sec  1.134 ms  775/1380 (56%)  
[  5] 283.00-284.00 sec   589 KBytes  4.83 Mbits/sec  1.260 ms  606/1109 (55%)  
[  5] 284.00-285.00 sec   619 KBytes  5.07 Mbits/sec  1.219 ms  610/1138 (54%)  
[  5] 285.00-286.00 sec   689 KBytes  5.63 Mbits/sec  1.162 ms  711/1299 (55%)  
[  5] 286.00-287.00 sec   709 KBytes  5.82 Mbits/sec  1.165 ms  743/1348 (55%)  
[  5] 287.00-288.00 sec   598 KBytes  4.90 Mbits/sec  1.209 ms  665/1175 (57%)  
[  5] 288.00-289.00 sec   720 KBytes  5.89 Mbits/sec  1.138 ms  799/1413 (57%)  
[  5] 289.00-290.00 sec   579 KBytes  4.74 Mbits/sec  1.192 ms  614/1108 (55%)  
[  5] 290.00-291.00 sec   718 KBytes  5.89 Mbits/sec  1.215 ms  741/1354 (55%)  
[  5] 291.00-292.00 sec   619 KBytes  5.07 Mbits/sec  1.249 ms  646/1174 (55%)  
[  5] 292.00-293.00 sec   589 KBytes  4.83 Mbits/sec  1.305 ms  615/1118 (55%)  
[  5] 293.00-294.00 sec   709 KBytes  5.81 Mbits/sec  1.165 ms  723/1328 (54%)  
[  5] 294.00-295.00 sec   718 KBytes  5.89 Mbits/sec  1.181 ms  721/1334 (54%)  
[  5] 295.00-296.00 sec   589 KBytes  4.83 Mbits/sec  1.227 ms  620/1123 (55%)  
[  5] 296.00-297.00 sec   709 KBytes  5.81 Mbits/sec  1.184 ms  785/1390 (56%)  
[  5] 297.00-298.00 sec   619 KBytes  5.06 Mbits/sec  1.379 ms  687/1215 (57%)  
[  5] 298.00-299.00 sec   588 KBytes  4.83 Mbits/sec  1.279 ms  633/1135 (56%)  
[  5] 299.00-300.00 sec   629 KBytes  5.15 Mbits/sec  1.173 ms  665/1202 (55%)  
[  5] 300.00-301.00 sec   589 KBytes  4.83 Mbits/sec  1.236 ms  606/1109 (55%)  
[  5] 301.00-302.00 sec   619 KBytes  5.07 Mbits/sec  1.178 ms  638/1166 (55%)  
[  5] 302.00-303.00 sec   589 KBytes  4.83 Mbits/sec  1.127 ms  592/1095 (54%)  
[  5] 303.00-304.00 sec   619 KBytes  5.06 Mbits/sec  1.188 ms  644/1172 (55%)  
[  5] 304.00-305.00 sec   589 KBytes  4.84 Mbits/sec  1.220 ms  616/1119 (55%)  
[  5] 305.00-306.00 sec   619 KBytes  5.07 Mbits/sec  1.305 ms  660/1188 (56%)  
[  5] 306.00-307.00 sec   589 KBytes  4.83 Mbits/sec  1.289 ms  625/1128 (55%)  
[  5] 307.00-308.00 sec   619 KBytes  5.07 Mbits/sec  1.325 ms  670/1198 (56%)  
[  5] 308.00-309.00 sec   589 KBytes  4.83 Mbits/sec  1.244 ms  645/1148 (56%)  
[  5] 309.00-310.00 sec   619 KBytes  5.07 Mbits/sec  1.240 ms  638/1166 (55%)  
[  5] 310.00-311.00 sec   619 KBytes  5.07 Mbits/sec  1.239 ms  647/1175 (55%)  
[  5] 311.00-312.00 sec   709 KBytes  5.81 Mbits/sec  1.155 ms  760/1365 (56%)  
[  5] 312.00-313.00 sec   589 KBytes  4.83 Mbits/sec  1.350 ms  631/1134 (56%)  
[  5] 313.00-314.00 sec   629 KBytes  5.16 Mbits/sec  1.136 ms  686/1223 (56%)  
[  5] 314.00-315.00 sec   588 KBytes  4.82 Mbits/sec  1.251 ms  721/1223 (59%)  
[  5] 315.00-316.00 sec   589 KBytes  4.83 Mbits/sec  1.221 ms  736/1239 (59%)  
[  5] 316.00-317.00 sec   619 KBytes  5.07 Mbits/sec  1.141 ms  723/1251 (58%)  
[  5] 317.00-318.00 sec   607 KBytes  4.97 Mbits/sec  1.217 ms  727/1245 (58%)  
[  5] 318.00-319.00 sec   490 KBytes  4.01 Mbits/sec  1.334 ms  562/980 (57%)  
[  5] 319.00-320.00 sec   499 KBytes  4.09 Mbits/sec  1.214 ms  561/987 (57%)  
[  5] 320.00-321.00 sec   529 KBytes  4.33 Mbits/sec  1.260 ms  641/1092 (59%)  
[  5] 321.00-322.00 sec   499 KBytes  4.09 Mbits/sec  1.218 ms  612/1038 (59%)  
[  5] 322.00-323.00 sec   490 KBytes  4.01 Mbits/sec  1.284 ms  585/1003 (58%)  
[  5] 323.00-324.00 sec   608 KBytes  4.98 Mbits/sec  1.338 ms  795/1314 (61%)  
[  5] 324.00-325.00 sec   499 KBytes  4.08 Mbits/sec  1.312 ms  637/1063 (60%)  
[  5] 325.00-326.00 sec   499 KBytes  4.09 Mbits/sec  1.310 ms  590/1016 (58%)  
[  5] 326.00-327.00 sec   619 KBytes  5.07 Mbits/sec  1.253 ms  725/1253 (58%)  
[  5] 327.00-328.00 sec   478 KBytes  3.92 Mbits/sec  1.163 ms  615/1023 (60%)  
[  5] 328.00-329.00 sec   618 KBytes  5.06 Mbits/sec  1.209 ms  712/1239 (57%)  
[  5] 329.00-330.00 sec   490 KBytes  4.01 Mbits/sec  1.254 ms  530/948 (56%)  
[  5] 330.00-331.00 sec   619 KBytes  5.07 Mbits/sec  1.169 ms  690/1218 (57%)  
[  5] 331.00-332.00 sec   499 KBytes  4.09 Mbits/sec  1.331 ms  584/1010 (58%)  
[  5] 332.00-333.00 sec   619 KBytes  5.07 Mbits/sec  1.226 ms  755/1283 (59%)  
[  5] 333.00-334.00 sec   499 KBytes  4.09 Mbits/sec  1.492 ms  639/1065 (60%)  
[  5] 334.00-335.00 sec   589 KBytes  4.83 Mbits/sec  1.274 ms  782/1285 (61%)  
[  5] 335.00-336.00 sec   615 KBytes  5.04 Mbits/sec  1.285 ms  789/1314 (60%)  
[  5] 336.00-337.00 sec   498 KBytes  4.08 Mbits/sec  1.284 ms  662/1087 (61%)  
[  5] 337.00-338.00 sec   620 KBytes  5.08 Mbits/sec  1.409 ms  1127/1656 (68%)  
[  5] 338.00-339.00 sec   679 KBytes  5.56 Mbits/sec  1.399 ms  1118/1697 (66%)  
[  5] 339.00-340.00 sec   530 KBytes  4.34 Mbits/sec  1.307 ms  754/1206 (63%)  
[  5] 340.00-341.00 sec   588 KBytes  4.82 Mbits/sec  1.352 ms  806/1308 (62%)  
[  5] 341.00-342.00 sec   619 KBytes  5.07 Mbits/sec  1.485 ms  860/1388 (62%)  
[  5] 342.00-343.00 sec   589 KBytes  4.83 Mbits/sec  1.311 ms  897/1400 (64%)  
[  5] 343.00-344.00 sec   619 KBytes  5.07 Mbits/sec  1.389 ms  914/1442 (63%)  
[  5] 344.00-345.00 sec   589 KBytes  4.83 Mbits/sec  1.359 ms  839/1342 (63%)  
[  5] 345.00-346.00 sec   709 KBytes  5.81 Mbits/sec  1.293 ms  1006/1611 (62%)  
[  5] 346.00-347.00 sec   607 KBytes  4.97 Mbits/sec  1.560 ms  848/1366 (62%)  
[  5] 347.00-348.00 sec   629 KBytes  5.16 Mbits/sec  1.282 ms  896/1433 (63%)  
[  5] 348.00-349.00 sec   588 KBytes  4.82 Mbits/sec  1.250 ms  833/1335 (62%)  
[  5] 349.00-350.00 sec   490 KBytes  4.01 Mbits/sec  1.391 ms  654/1072 (61%)  
[  5] 350.00-351.00 sec   718 KBytes  5.89 Mbits/sec  1.296 ms  936/1549 (60%)  
[  5] 351.00-352.00 sec   599 KBytes  4.90 Mbits/sec  2.322 ms  828/1339 (62%)  
[  5] 352.00-353.00 sec   580 KBytes  4.76 Mbits/sec  1.350 ms  828/1323 (63%)  
[  5] 353.00-354.00 sec   620 KBytes  5.08 Mbits/sec  1.305 ms  695/1224 (57%)  
[  5] 354.00-355.00 sec   498 KBytes  4.08 Mbits/sec  1.296 ms  592/1017 (58%)  
[  5] 355.00-356.00 sec   400 KBytes  3.27 Mbits/sec  1.343 ms  516/857 (60%)  
[  5] 356.00-357.00 sec   309 KBytes  2.53 Mbits/sec  1.284 ms  357/621 (57%)  
[  5] 357.00-358.00 sec   578 KBytes  4.73 Mbits/sec  1.344 ms  785/1278 (61%)  
[  5] 358.00-359.00 sec   529 KBytes  4.33 Mbits/sec  1.215 ms  676/1127 (60%)  
[  5] 359.00-360.00 sec   490 KBytes  4.01 Mbits/sec  1.372 ms  578/996 (58%)  
[  5] 360.00-361.00 sec   499 KBytes  4.09 Mbits/sec  1.355 ms  601/1027 (59%)  
[  5] 361.00-362.00 sec   499 KBytes  4.09 Mbits/sec  1.228 ms  577/1003 (58%)  
[  5] 362.00-363.00 sec   530 KBytes  4.34 Mbits/sec  1.265 ms  597/1049 (57%)  
[  5] 363.00-364.00 sec   490 KBytes  4.01 Mbits/sec  1.276 ms  549/967 (57%)  
[  5] 364.00-365.00 sec   618 KBytes  5.07 Mbits/sec  1.586 ms  745/1272 (59%)  
[  5] 365.00-366.00 sec   500 KBytes  4.10 Mbits/sec  1.322 ms  604/1031 (59%)  
[  5] 366.00-367.00 sec   499 KBytes  4.09 Mbits/sec  1.342 ms  630/1056 (60%)  
[  5] 367.00-368.00 sec   619 KBytes  5.07 Mbits/sec  1.263 ms  747/1275 (59%)  
[  5] 368.00-369.00 sec   499 KBytes  4.09 Mbits/sec  1.264 ms  628/1054 (60%)  
[  5] 369.00-370.00 sec   588 KBytes  4.82 Mbits/sec  1.290 ms  689/1191 (58%)  
[  5] 370.00-371.00 sec   519 KBytes  4.26 Mbits/sec  1.377 ms  604/1047 (58%)  
[  5] 371.00-372.00 sec   608 KBytes  4.98 Mbits/sec  1.794 ms  733/1252 (59%)  
[  5] 372.00-373.00 sec   499 KBytes  4.09 Mbits/sec  1.349 ms  648/1074 (60%)  
[  5] 373.00-374.00 sec   588 KBytes  4.82 Mbits/sec  1.392 ms  946/1448 (65%)  
[  5] 374.00-375.00 sec   499 KBytes  4.09 Mbits/sec  1.187 ms  1557/1983 (79%)  
[  5] 375.00-376.00 sec   619 KBytes  5.07 Mbits/sec  1.351 ms  827/1355 (61%)  
[  5] 376.00-377.00 sec   499 KBytes  4.09 Mbits/sec  1.310 ms  670/1096 (61%)  
[  5] 377.00-378.00 sec   620 KBytes  5.08 Mbits/sec  1.516 ms  1061/1590 (67%)  
[  5] 378.00-379.00 sec   489 KBytes  4.00 Mbits/sec  1.368 ms  876/1293 (68%)  
[  5] 379.00-380.00 sec   619 KBytes  5.07 Mbits/sec  1.335 ms  904/1432 (63%)  
[  5] 380.00-381.00 sec   589 KBytes  4.83 Mbits/sec  1.414 ms  896/1399 (64%)  
[  5] 381.00-382.00 sec   530 KBytes  4.34 Mbits/sec  1.310 ms  808/1260 (64%)  
[  5] 382.00-383.00 sec   588 KBytes  4.82 Mbits/sec  1.368 ms  835/1337 (62%)  
[  5] 383.00-384.00 sec   500 KBytes  4.10 Mbits/sec  1.440 ms  710/1137 (62%)  
[  5] 384.00-385.00 sec   618 KBytes  5.06 Mbits/sec  1.420 ms  860/1387 (62%)  
[  5] 385.00-386.00 sec   500 KBytes  4.10 Mbits/sec  1.117 ms  726/1153 (63%)  
[  5] 386.00-387.00 sec   619 KBytes  5.07 Mbits/sec  1.328 ms  871/1399 (62%)  
[  5] 387.00-388.00 sec   490 KBytes  4.01 Mbits/sec  1.374 ms  684/1102 (62%)  
[  5] 388.00-389.00 sec   598 KBytes  4.90 Mbits/sec  1.335 ms  834/1344 (62%)  
[  5] 389.00-390.00 sec   520 KBytes  4.26 Mbits/sec  1.277 ms  738/1182 (62%)  
[  5] 390.00-391.00 sec   618 KBytes  5.06 Mbits/sec  1.580 ms  896/1423 (63%)  
[  5] 391.00-392.00 sec   500 KBytes  4.09 Mbits/sec  1.320 ms  677/1104 (61%)  
[  5] 392.00-393.00 sec   589 KBytes  4.83 Mbits/sec  1.412 ms  830/1333 (62%)  
[  5] 393.00-394.00 sec   498 KBytes  4.08 Mbits/sec  1.426 ms  749/1174 (64%)  
[  5] 394.00-395.00 sec   620 KBytes  5.08 Mbits/sec  1.302 ms  818/1347 (61%)  
[  5] 395.00-396.00 sec   499 KBytes  4.09 Mbits/sec  1.251 ms  659/1085 (61%)  
[  5] 396.00-397.00 sec   519 KBytes  4.25 Mbits/sec  1.279 ms  704/1147 (61%)  
[  5] 397.00-398.00 sec   588 KBytes  4.82 Mbits/sec  1.294 ms  801/1303 (61%)  
[  5] 398.00-399.00 sec   499 KBytes  4.09 Mbits/sec  1.321 ms  653/1079 (61%)  
[  5] 399.00-400.00 sec   619 KBytes  5.07 Mbits/sec  1.349 ms  904/1432 (63%)  
[  5] 400.00-401.00 sec   499 KBytes  4.09 Mbits/sec  1.384 ms  690/1116 (62%)  
[  5] 401.00-402.00 sec   620 KBytes  5.08 Mbits/sec  1.269 ms  884/1413 (63%)  
[  5] 402.00-403.00 sec   498 KBytes  4.08 Mbits/sec  1.379 ms  708/1133 (62%)  
[  5] 403.00-404.00 sec   520 KBytes  4.26 Mbits/sec  1.318 ms  691/1135 (61%)  
[  5] 404.00-405.00 sec   599 KBytes  4.91 Mbits/sec  1.227 ms  826/1337 (62%)  
[  5] 405.00-406.00 sec   619 KBytes  5.07 Mbits/sec  1.225 ms  842/1370 (61%)  
[  5] 406.00-407.00 sec   490 KBytes  4.01 Mbits/sec  1.337 ms  716/1134 (63%)  
[  5] 407.00-408.00 sec   498 KBytes  4.08 Mbits/sec  1.445 ms  764/1189 (64%)  
[  5] 408.00-409.00 sec   620 KBytes  5.08 Mbits/sec  1.278 ms  823/1352 (61%)  
[  5] 409.00-410.00 sec   499 KBytes  4.09 Mbits/sec  1.344 ms  701/1127 (62%)  
[  5] 410.00-411.00 sec   589 KBytes  4.83 Mbits/sec  1.289 ms  803/1306 (61%)  
[  5] 411.00-412.00 sec   529 KBytes  4.33 Mbits/sec  1.279 ms  741/1192 (62%)  
[  5] 412.00-413.00 sec   589 KBytes  4.82 Mbits/sec  1.259 ms  807/1310 (62%)  
[  5] 413.00-414.00 sec   519 KBytes  4.25 Mbits/sec  1.400 ms  774/1217 (64%)  
[  5] 414.00-415.00 sec   589 KBytes  4.83 Mbits/sec  1.412 ms  876/1379 (64%)  
[  5] 415.00-416.00 sec   499 KBytes  4.09 Mbits/sec  1.548 ms  730/1156 (63%)  
[  5] 416.00-417.00 sec   619 KBytes  5.07 Mbits/sec  1.281 ms  839/1367 (61%)  
[  5] 417.00-418.00 sec   613 KBytes  5.02 Mbits/sec  1.407 ms  867/1390 (62%)  
[  5] 418.00-419.00 sec   499 KBytes  4.09 Mbits/sec  1.401 ms  736/1162 (63%)  
[  5] 419.00-420.00 sec   498 KBytes  4.08 Mbits/sec  1.400 ms  708/1133 (62%)  
[  5] 420.00-421.00 sec   588 KBytes  4.82 Mbits/sec  1.270 ms  867/1369 (63%)  
