Connecting to host 172.22.0.50, port 5202
Reverse mode, remote host 172.22.0.50 is sending
[  5] local 192.168.102.2 port 43715 connected to 172.22.0.50 port 5202
[ ID] Interval           Transfer     Bitrate         Jitter    Lost/Total Datagrams
[  5]   0.00-1.00   sec   439 KBytes  3.59 Mbits/sec  0.280 ms  0/4495 (0%)  
[  5]   1.00-2.00   sec   439 KBytes  3.60 Mbits/sec  0.379 ms  0/4499 (0%)  
[  5]   2.00-3.00   sec   437 KBytes  3.58 Mbits/sec  0.258 ms  0/4479 (0%)  
[  5]   3.00-4.00   sec   441 KBytes  3.61 Mbits/sec  0.280 ms  0/4511 (0%)  
[  5]   4.00-5.00   sec   440 KBytes  3.61 Mbits/sec  0.289 ms  0/4508 (0%)  
[  5]   5.00-6.00   sec   440 KBytes  3.61 Mbits/sec  0.242 ms  0/4508 (0%)  
[  5]   6.00-7.00   sec   437 KBytes  3.58 Mbits/sec  0.236 ms  0/4479 (0%)  
[  5]   7.00-8.00   sec   440 KBytes  3.61 Mbits/sec  0.301 ms  0/4508 (0%)  
[  5]   8.00-9.00   sec   440 KBytes  3.60 Mbits/sec  0.318 ms  0/4507 (0%)  
[  5]   9.00-10.00  sec   440 KBytes  3.61 Mbits/sec  0.247 ms  0/4503 (0%)  
[  5]  10.00-11.00  sec   437 KBytes  3.58 Mbits/sec  0.251 ms  0/4477 (0%)  
[  5]  11.00-12.00  sec   440 KBytes  3.61 Mbits/sec  0.277 ms  0/4508 (0%)  
[  5]  12.00-13.00  sec   435 KBytes  3.56 Mbits/sec  0.249 ms  0/4458 (0%)  
[  5]  13.00-14.00  sec   444 KBytes  3.64 Mbits/sec  0.241 ms  0/4546 (0%)  
[  5]  14.00-15.00  sec   440 KBytes  3.60 Mbits/sec  0.267 ms  0/4503 (0%)  
[  5]  15.00-16.00  sec   437 KBytes  3.58 Mbits/sec  0.425 ms  0/4478 (0%)  
[  5]  16.00-17.00  sec   442 KBytes  3.62 Mbits/sec  0.290 ms  0/4525 (0%)  
[  5]  17.00-18.00  sec   437 KBytes  3.58 Mbits/sec  0.247 ms  0/4476 (0%)  
[  5]  18.00-19.00  sec   435 KBytes  3.56 Mbits/sec  0.642 ms  0/4452 (0%)  
[  5]  19.00-20.00  sec   288 KBytes  2.36 Mbits/sec  0.395 ms  0/2944 (0%)  
[  5]  20.00-21.00  sec   292 KBytes  2.39 Mbits/sec  0.407 ms  0/2990 (0%)  
[  5]  21.00-22.00  sec   290 KBytes  2.37 Mbits/sec  0.370 ms  0/2966 (0%)  
[  5]  22.00-23.00  sec   286 KBytes  2.35 Mbits/sec  0.340 ms  0/2931 (0%)  
[  5]  23.00-24.00  sec   289 KBytes  2.36 Mbits/sec  0.424 ms  0/2957 (0%)  
[  5]  24.00-25.00  sec   291 KBytes  2.38 Mbits/sec  0.450 ms  0/2976 (0%)  
[  5]  25.00-26.00  sec   288 KBytes  2.36 Mbits/sec  0.398 ms  0/2944 (0%)  
[  5]  26.00-27.00  sec   282 KBytes  2.31 Mbits/sec  0.451 ms  0/2883 (0%)  
[  5]  27.00-28.00  sec   281 KBytes  2.30 Mbits/sec  0.680 ms  0/2876 (0%)  
[  5]  28.00-29.00  sec   292 KBytes  2.39 Mbits/sec  0.374 ms  0/2989 (0%)  
[  5]  29.00-30.00  sec   283 KBytes  2.31 Mbits/sec  0.377 ms  0/2893 (0%)  
[  5]  30.00-31.00  sec   281 KBytes  2.30 Mbits/sec  0.365 ms  0/2875 (0%)  
[  5]  31.00-32.00  sec   284 KBytes  2.32 Mbits/sec  0.383 ms  0/2908 (0%)  
[  5]  32.00-33.00  sec   283 KBytes  2.31 Mbits/sec  0.606 ms  0/2893 (0%)  
[  5]  33.00-34.00  sec   283 KBytes  2.32 Mbits/sec  0.511 ms  0/2898 (0%)  
[  5]  34.00-35.00  sec   281 KBytes  2.31 Mbits/sec  0.419 ms  0/2888 (0%)  
[  5]  35.00-36.00  sec   288 KBytes  2.36 Mbits/sec  0.409 ms  0/2948 (0%)  
[  5]  36.00-37.00  sec   289 KBytes  2.37 Mbits/sec  0.386 ms  0/2962 (0%)  
[  5]  37.00-38.00  sec   288 KBytes  2.35 Mbits/sec  0.403 ms  0/2944 (0%)  
[  5]  38.00-39.00  sec   282 KBytes  2.31 Mbits/sec  0.390 ms  0/2889 (0%)  
[  5]  39.00-40.00  sec   283 KBytes  2.32 Mbits/sec  0.386 ms  0/2898 (0%)  
[  5]  40.00-41.00  sec   279 KBytes  2.29 Mbits/sec  0.377 ms  0/2860 (0%)  
[  5]  41.00-42.00  sec   282 KBytes  2.31 Mbits/sec  0.395 ms  0/2885 (0%)  
[  5]  42.00-43.00  sec   285 KBytes  2.34 Mbits/sec  0.290 ms  0/2921 (0%)  
[  5]  43.00-44.00  sec   280 KBytes  2.29 Mbits/sec  0.514 ms  0/2867 (0%)  
[  5]  44.00-45.00  sec   277 KBytes  2.27 Mbits/sec  0.389 ms  0/2837 (0%)  
[  5]  45.00-46.00  sec   283 KBytes  2.32 Mbits/sec  0.787 ms  0/2894 (0%)  
[  5]  46.00-47.00  sec   284 KBytes  2.33 Mbits/sec  0.409 ms  0/2910 (0%)  
[  5]  47.00-48.00  sec   282 KBytes  2.31 Mbits/sec  0.414 ms  0/2885 (0%)  
[  5]  48.00-49.00  sec   299 KBytes  2.45 Mbits/sec  0.365 ms  0/3063 (0%)  
[  5]  49.00-50.00  sec   310 KBytes  2.54 Mbits/sec  0.374 ms  0/3173 (0%)  
[  5]  50.00-51.00  sec   308 KBytes  2.52 Mbits/sec  0.501 ms  0/3149 (0%)  
[  5]  51.00-52.00  sec   304 KBytes  2.49 Mbits/sec  0.359 ms  0/3109 (0%)  
[  5]  52.00-53.00  sec   309 KBytes  2.53 Mbits/sec  0.440 ms  0/3164 (0%)  
[  5]  53.00-54.00  sec   299 KBytes  2.45 Mbits/sec  0.417 ms  0/3061 (0%)  
[  5]  54.00-55.00  sec   295 KBytes  2.42 Mbits/sec  0.407 ms  0/3022 (0%)  
[  5]  55.00-56.00  sec   283 KBytes  2.32 Mbits/sec  0.348 ms  0/2898 (0%)  
[  5]  56.00-57.00  sec   293 KBytes  2.40 Mbits/sec  0.381 ms  0/3002 (0%)  
[  5]  57.00-58.00  sec   306 KBytes  2.51 Mbits/sec  0.384 ms  0/3137 (0%)  
[  5]  58.00-59.00  sec   310 KBytes  2.54 Mbits/sec  0.432 ms  0/3173 (0%)  
[  5]  59.00-60.00  sec   304 KBytes  2.49 Mbits/sec  0.483 ms  0/3109 (0%)  
[  5]  60.00-61.00  sec   304 KBytes  2.49 Mbits/sec  0.448 ms  0/3118 (0%)  
[  5]  61.00-62.00  sec   312 KBytes  2.56 Mbits/sec  0.403 ms  0/3200 (0%)  
[  5]  62.00-63.00  sec   302 KBytes  2.47 Mbits/sec  0.469 ms  0/3089 (0%)  
[  5]  63.00-64.00  sec   303 KBytes  2.48 Mbits/sec  0.435 ms  0/3100 (0%)  
[  5]  64.00-65.00  sec   301 KBytes  2.46 Mbits/sec  0.373 ms  0/3079 (0%)  
[  5]  65.00-66.00  sec   303 KBytes  2.48 Mbits/sec  0.543 ms  0/3104 (0%)  
[  5]  66.00-67.00  sec   301 KBytes  2.47 Mbits/sec  0.349 ms  0/3082 (0%)  
[  5]  67.00-68.00  sec   310 KBytes  2.54 Mbits/sec  0.343 ms  0/3177 (0%)  
[  5]  68.00-69.00  sec   292 KBytes  2.39 Mbits/sec  0.386 ms  0/2989 (0%)  
[  5]  69.00-70.00  sec   293 KBytes  2.40 Mbits/sec  0.391 ms  0/3000 (0%)  
[  5]  70.00-71.00  sec   292 KBytes  2.39 Mbits/sec  0.559 ms  0/2994 (0%)  
[  5]  71.00-72.00  sec   293 KBytes  2.40 Mbits/sec  0.399 ms  0/3003 (0%)  
[  5]  72.00-73.00  sec   296 KBytes  2.42 Mbits/sec  0.385 ms  0/3030 (0%)  
[  5]  73.00-74.00  sec   304 KBytes  2.49 Mbits/sec  0.484 ms  0/3114 (0%)  
[  5]  74.00-75.00  sec   298 KBytes  2.43 Mbits/sec  0.413 ms  0/3048 (0%)  
[  5]  75.00-76.00  sec   299 KBytes  2.45 Mbits/sec  0.404 ms  0/3058 (0%)  
[  5]  76.00-77.00  sec   299 KBytes  2.45 Mbits/sec  0.430 ms  0/3058 (0%)  
[  5]  77.00-78.00  sec   300 KBytes  2.45 Mbits/sec  0.434 ms  0/3067 (0%)  
[  5]  78.00-79.00  sec   292 KBytes  2.39 Mbits/sec  0.480 ms  0/2989 (0%)  
[  5]  79.00-80.00  sec   303 KBytes  2.48 Mbits/sec  0.487 ms  0/3104 (0%)  
[  5]  80.00-81.00  sec   299 KBytes  2.44 Mbits/sec  0.508 ms  0/3058 (0%)  
[  5]  81.00-82.00  sec   307 KBytes  2.52 Mbits/sec  0.500 ms  0/3142 (0%)  
[  5]  82.00-83.00  sec   308 KBytes  2.52 Mbits/sec  0.371 ms  0/3154 (0%)  
[  5]  83.00-84.00  sec   290 KBytes  2.37 Mbits/sec  0.400 ms  0/2966 (0%)  
[  5]  84.00-85.00  sec   284 KBytes  2.33 Mbits/sec  0.379 ms  0/2907 (0%)  
[  5]  85.00-86.00  sec   288 KBytes  2.36 Mbits/sec  0.500 ms  0/2948 (0%)  
[  5]  86.00-87.00  sec   277 KBytes  2.27 Mbits/sec  0.365 ms  0/2834 (0%)  
[  5]  87.00-88.00  sec   274 KBytes  2.25 Mbits/sec  0.438 ms  0/2807 (0%)  
[  5]  88.00-89.00  sec   285 KBytes  2.34 Mbits/sec  0.373 ms  0/2920 (0%)  
[  5]  89.00-90.00  sec   297 KBytes  2.44 Mbits/sec  0.396 ms  0/3044 (0%)  
[  5]  90.00-91.00  sec   302 KBytes  2.48 Mbits/sec  0.361 ms  0/3096 (0%)  
[  5]  91.00-92.00  sec   303 KBytes  2.48 Mbits/sec  0.394 ms  0/3098 (0%)  
[  5]  92.00-93.00  sec   308 KBytes  2.52 Mbits/sec  0.373 ms  0/3150 (0%)  
[  5]  93.00-94.00  sec   310 KBytes  2.54 Mbits/sec  0.412 ms  0/3177 (0%)  
[  5]  94.00-95.00  sec   268 KBytes  2.19 Mbits/sec  0.257 ms  451/3191 (14%)  
[  5]  95.00-96.00  sec   269 KBytes  2.20 Mbits/sec  0.207 ms  1426/4176 (34%)  
[  5]  96.00-97.00  sec   225 KBytes  1.84 Mbits/sec  0.279 ms  1193/3496 (34%)  
[  5]  97.00-98.00  sec   266 KBytes  2.18 Mbits/sec  0.228 ms  1590/4314 (37%)  
[  5]  98.00-99.00  sec   271 KBytes  2.22 Mbits/sec  0.222 ms  1277/4056 (31%)  
[  5]  99.00-100.00 sec   272 KBytes  2.22 Mbits/sec  0.217 ms  1289/4070 (32%)  
[  5] 100.00-101.00 sec   255 KBytes  2.09 Mbits/sec  0.210 ms  1593/4208 (38%)  
[  5] 101.00-102.00 sec   249 KBytes  2.04 Mbits/sec  3.717 ms  1530/4082 (37%)  
[  5] 102.00-103.00 sec   266 KBytes  2.18 Mbits/sec  0.241 ms  1369/4097 (33%)  
[  5] 103.00-104.00 sec   263 KBytes  2.15 Mbits/sec  0.216 ms  1531/4222 (36%)  
[  5] 104.00-105.00 sec   309 KBytes  2.53 Mbits/sec  0.202 ms  1681/4842 (35%)  
[  5] 105.00-106.00 sec   271 KBytes  2.22 Mbits/sec  0.217 ms  1278/4057 (32%)  
[  5] 106.00-107.00 sec   318 KBytes  2.60 Mbits/sec  0.219 ms  1638/4890 (33%)  
[  5] 107.00-108.00 sec   270 KBytes  2.21 Mbits/sec  0.235 ms  1263/4026 (31%)  
[  5] 108.00-109.00 sec   313 KBytes  2.57 Mbits/sec  0.210 ms  1391/4601 (30%)  
[  5] 109.00-110.00 sec   267 KBytes  2.19 Mbits/sec  0.234 ms  1628/4360 (37%)  
[  5] 110.00-111.00 sec   317 KBytes  2.60 Mbits/sec  0.224 ms  1759/5005 (35%)  
[  5] 111.00-112.00 sec   267 KBytes  2.18 Mbits/sec  0.218 ms  1508/4238 (36%)  
[  5] 112.00-113.00 sec   326 KBytes  2.66 Mbits/sec  0.218 ms  1974/5311 (37%)  
[  5] 113.00-114.00 sec   262 KBytes  2.15 Mbits/sec  0.235 ms  1712/4391 (39%)  
[  5] 114.00-115.00 sec   314 KBytes  2.57 Mbits/sec  0.636 ms  1758/4969 (35%)  
[  5] 115.00-116.00 sec   281 KBytes  2.30 Mbits/sec  0.220 ms  1351/4226 (32%)  
[  5] 116.00-117.00 sec   290 KBytes  2.38 Mbits/sec  0.194 ms  1798/4769 (38%)  
[  5] 117.00-118.00 sec   269 KBytes  2.20 Mbits/sec  0.219 ms  1283/4033 (32%)  
[  5] 118.00-119.00 sec   309 KBytes  2.53 Mbits/sec  0.218 ms  1596/4761 (34%)  
[  5] 119.00-120.00 sec   312 KBytes  2.55 Mbits/sec  0.224 ms  1393/4586 (30%)  
[  5] 120.00-121.00 sec   255 KBytes  2.09 Mbits/sec  0.217 ms  1508/4122 (37%)  
[  5] 121.00-122.00 sec   288 KBytes  2.36 Mbits/sec  0.224 ms  1550/4504 (34%)  
[  5] 122.00-123.00 sec   246 KBytes  2.01 Mbits/sec  0.214 ms  3037/5551 (55%)  
[  5] 123.00-124.00 sec   326 KBytes  2.67 Mbits/sec  0.247 ms  2269/5607 (40%)  
[  5] 124.00-125.00 sec   306 KBytes  2.51 Mbits/sec  0.234 ms  1910/5047 (38%)  
[  5] 125.00-126.00 sec   272 KBytes  2.23 Mbits/sec  0.218 ms  1478/4262 (35%)  
[  5] 126.00-127.00 sec   326 KBytes  2.67 Mbits/sec  0.217 ms  1837/5174 (36%)  
[  5] 127.00-128.00 sec   304 KBytes  2.49 Mbits/sec  0.244 ms  1881/4992 (38%)  
[  5] 128.00-129.00 sec   271 KBytes  2.22 Mbits/sec  0.230 ms  1798/4577 (39%)  
[  5] 129.00-130.00 sec   301 KBytes  2.47 Mbits/sec  0.274 ms  1551/4636 (33%)  
[  5] 130.00-131.00 sec   280 KBytes  2.29 Mbits/sec  0.225 ms  1597/4462 (36%)  
[  5] 131.00-132.00 sec   293 KBytes  2.40 Mbits/sec  0.241 ms  1814/4814 (38%)  
[  5] 132.00-133.00 sec   259 KBytes  2.12 Mbits/sec  0.214 ms  1628/4278 (38%)  
[  5] 133.00-134.00 sec   314 KBytes  2.58 Mbits/sec  0.299 ms  1521/4741 (32%)  
[  5] 134.00-135.00 sec   248 KBytes  2.03 Mbits/sec  0.205 ms  1585/4124 (38%)  
[  5] 135.00-136.00 sec   326 KBytes  2.67 Mbits/sec  0.232 ms  1596/4934 (32%)  
[  5] 136.00-137.00 sec   272 KBytes  2.23 Mbits/sec  0.236 ms  1350/4133 (33%)  
[  5] 137.00-138.00 sec   271 KBytes  2.22 Mbits/sec  0.236 ms  1385/4164 (33%)  
[  5] 138.00-139.00 sec   292 KBytes  2.39 Mbits/sec  0.222 ms  2026/5014 (40%)  
[  5] 139.00-140.00 sec   248 KBytes  2.04 Mbits/sec  0.231 ms  1620/4163 (39%)  
[  5] 140.00-141.00 sec   310 KBytes  2.54 Mbits/sec  0.219 ms  1606/4783 (34%)  
[  5] 141.00-142.00 sec   260 KBytes  2.13 Mbits/sec  0.275 ms  1527/4194 (36%)  
[  5] 142.00-143.00 sec   308 KBytes  2.53 Mbits/sec  0.212 ms  1489/4648 (32%)  
[  5] 143.00-144.00 sec   305 KBytes  2.50 Mbits/sec  0.202 ms  1741/4860 (36%)  
[  5] 144.00-145.00 sec   272 KBytes  2.23 Mbits/sec  0.217 ms  1261/4044 (31%)  
[  5] 145.00-146.00 sec   240 KBytes  1.97 Mbits/sec  0.256 ms  1733/4191 (41%)  
[  5] 146.00-147.00 sec   243 KBytes  1.99 Mbits/sec  0.216 ms  1569/4058 (39%)  
[  5] 147.00-148.00 sec   256 KBytes  2.10 Mbits/sec  0.199 ms  1247/3866 (32%)  
[  5] 148.00-149.00 sec   231 KBytes  1.89 Mbits/sec  0.209 ms  1934/4302 (45%)  
[  5] 149.00-150.00 sec   277 KBytes  2.27 Mbits/sec  0.232 ms  1299/4132 (31%)  
[  5] 150.00-151.00 sec   263 KBytes  2.16 Mbits/sec  0.219 ms  1251/3948 (32%)  
[  5] 151.00-152.00 sec   259 KBytes  2.12 Mbits/sec  0.218 ms  1333/3989 (33%)  
[  5] 152.00-153.00 sec   276 KBytes  2.26 Mbits/sec  0.216 ms  1373/4196 (33%)  
[  5] 153.00-154.00 sec   262 KBytes  2.14 Mbits/sec  0.214 ms  1304/3983 (33%)  
[  5] 154.00-155.00 sec   254 KBytes  2.08 Mbits/sec  0.207 ms  1753/4353 (40%)  
[  5] 155.00-156.00 sec   271 KBytes  2.22 Mbits/sec  0.220 ms  1355/4129 (33%)  
[  5] 156.00-157.00 sec   240 KBytes  1.96 Mbits/sec  0.243 ms  1584/4038 (39%)  
[  5] 157.00-158.00 sec   290 KBytes  2.38 Mbits/sec  0.221 ms  1941/4913 (40%)  
[  5] 158.00-159.00 sec   240 KBytes  1.97 Mbits/sec  0.271 ms  1620/4080 (40%)  
[  5] 159.00-160.00 sec   300 KBytes  2.46 Mbits/sec  0.219 ms  1800/4873 (37%)  
[  5] 160.00-161.00 sec   263 KBytes  2.16 Mbits/sec  0.213 ms  1358/4056 (33%)  
[  5] 161.00-162.00 sec   271 KBytes  2.22 Mbits/sec  0.212 ms  1371/4150 (33%)  
[  5] 162.00-163.00 sec   326 KBytes  2.67 Mbits/sec  0.244 ms  1608/4944 (33%)  
[  5] 163.00-164.00 sec   249 KBytes  2.04 Mbits/sec  0.220 ms  1692/4238 (40%)  
[  5] 164.00-165.00 sec   308 KBytes  2.52 Mbits/sec  0.215 ms  1798/4948 (36%)  
[  5] 165.00-166.00 sec   261 KBytes  2.14 Mbits/sec  0.235 ms  1811/4486 (40%)  
[  5] 166.00-167.00 sec   246 KBytes  2.01 Mbits/sec  0.220 ms  1947/4463 (44%)  
[  5] 167.00-168.00 sec   303 KBytes  2.49 Mbits/sec  0.217 ms  1626/4733 (34%)  
[  5] 168.00-169.00 sec   317 KBytes  2.60 Mbits/sec  0.217 ms  1693/4942 (34%)  
[  5] 169.00-170.00 sec   248 KBytes  2.03 Mbits/sec  0.237 ms  1450/3992 (36%)  
[  5] 170.00-171.00 sec   316 KBytes  2.59 Mbits/sec  0.197 ms  1465/4705 (31%)  
[  5] 171.00-172.00 sec   249 KBytes  2.04 Mbits/sec  0.211 ms  2365/4914 (48%)  
[  5] 172.00-173.00 sec   313 KBytes  2.57 Mbits/sec  0.226 ms  1999/5208 (38%)  
[  5] 173.00-174.00 sec   250 KBytes  2.05 Mbits/sec  0.379 ms  1470/4027 (37%)  
[  5] 174.00-175.00 sec   317 KBytes  2.60 Mbits/sec  0.214 ms  2310/5556 (42%)  
[  5] 175.00-176.00 sec   316 KBytes  2.59 Mbits/sec  0.206 ms  1870/5110 (37%)  
[  5] 176.00-177.00 sec   277 KBytes  2.27 Mbits/sec  0.221 ms  1675/4515 (37%)  
[  5] 177.00-178.00 sec   295 KBytes  2.41 Mbits/sec  0.219 ms  2143/5162 (42%)  
[  5] 178.00-179.00 sec   266 KBytes  2.18 Mbits/sec  0.217 ms  1768/4495 (39%)  
[  5] 179.00-180.00 sec   280 KBytes  2.30 Mbits/sec  0.222 ms  1916/4787 (40%)  
[  5] 180.00-181.00 sec   280 KBytes  2.29 Mbits/sec  0.219 ms  2328/5191 (45%)  
[  5] 181.00-182.00 sec   272 KBytes  2.23 Mbits/sec  0.221 ms  1498/4281 (35%)  
[  5] 182.00-183.00 sec   308 KBytes  2.52 Mbits/sec  0.214 ms  1896/5050 (38%)  
[  5] 183.00-184.00 sec   271 KBytes  2.22 Mbits/sec  0.297 ms  1434/4209 (34%)  
[  5] 184.00-185.00 sec   300 KBytes  2.45 Mbits/sec  0.237 ms  1639/4706 (35%)  
[  5] 185.00-186.00 sec   275 KBytes  2.26 Mbits/sec  0.248 ms  1469/4289 (34%)  
[  5] 186.00-187.00 sec   294 KBytes  2.41 Mbits/sec  0.218 ms  1913/4926 (39%)  
[  5] 187.00-188.00 sec   258 KBytes  2.11 Mbits/sec  0.216 ms  1584/4225 (37%)  
[  5] 188.00-189.00 sec   317 KBytes  2.60 Mbits/sec  0.291 ms  1628/4874 (33%)  
[  5] 189.00-190.00 sec   317 KBytes  2.60 Mbits/sec  0.215 ms  1453/4699 (31%)  
[  5] 190.00-191.00 sec   280 KBytes  2.30 Mbits/sec  0.215 ms  1259/4129 (30%)  
[  5] 191.00-192.00 sec   303 KBytes  2.48 Mbits/sec  0.202 ms  1461/4559 (32%)  
[  5] 192.00-193.00 sec   272 KBytes  2.23 Mbits/sec  0.212 ms  1244/4027 (31%)  
[  5] 193.00-194.00 sec   303 KBytes  2.48 Mbits/sec  0.216 ms  1756/4854 (36%)  
[  5] 194.00-195.00 sec   248 KBytes  2.03 Mbits/sec  0.203 ms  1564/4102 (38%)  
[  5] 195.00-196.00 sec   269 KBytes  2.21 Mbits/sec  0.217 ms  1378/4136 (33%)  
[  5] 196.00-197.00 sec   322 KBytes  2.64 Mbits/sec  0.211 ms  1656/4952 (33%)  
[  5] 197.00-198.00 sec   245 KBytes  2.01 Mbits/sec  0.212 ms  1550/4060 (38%)  
[  5] 198.00-199.00 sec   281 KBytes  2.30 Mbits/sec  0.206 ms  1312/4186 (31%)  
[  5] 199.00-200.00 sec   311 KBytes  2.54 Mbits/sec  0.214 ms  1545/4726 (33%)  
[  5] 200.00-201.00 sec   317 KBytes  2.59 Mbits/sec  0.209 ms  1404/4645 (30%)  
[  5] 201.00-202.00 sec   249 KBytes  2.04 Mbits/sec  0.214 ms  1659/4212 (39%)  
[  5] 202.00-203.00 sec   272 KBytes  2.23 Mbits/sec  0.217 ms  1348/4132 (33%)  
[  5] 203.00-204.00 sec   301 KBytes  2.46 Mbits/sec  0.282 ms  1823/4903 (37%)  
[  5] 204.00-205.00 sec   281 KBytes  2.30 Mbits/sec  0.210 ms  1490/4365 (34%)  
[  5] 205.00-206.00 sec   272 KBytes  2.23 Mbits/sec  0.195 ms  1344/4127 (33%)  
[  5] 206.00-207.00 sec   208 KBytes  1.71 Mbits/sec  0.211 ms  1975/4109 (48%)  
[  5] 207.00-208.00 sec   276 KBytes  2.26 Mbits/sec  0.217 ms  1402/4224 (33%)  
[  5] 208.00-209.00 sec   271 KBytes  2.22 Mbits/sec  0.231 ms  1245/4024 (31%)  
[  5] 209.00-210.00 sec   310 KBytes  2.54 Mbits/sec  0.219 ms  1574/4747 (33%)  
[  5] 210.00-211.00 sec   238 KBytes  1.95 Mbits/sec  0.783 ms  1662/4097 (41%)  
[  5] 211.00-212.00 sec   245 KBytes  2.01 Mbits/sec  0.218 ms  1748/4261 (41%)  
[  5] 212.00-213.00 sec   325 KBytes  2.66 Mbits/sec  0.217 ms  1602/4925 (33%)  
[  5] 213.00-214.00 sec   256 KBytes  2.10 Mbits/sec  0.241 ms  1495/4120 (36%)  
[  5] 214.00-215.00 sec   266 KBytes  2.18 Mbits/sec  0.222 ms  1326/4046 (33%)  
[  5] 215.00-216.00 sec   326 KBytes  2.67 Mbits/sec  0.215 ms  1600/4938 (32%)  
[  5] 216.00-217.00 sec   291 KBytes  2.38 Mbits/sec  0.220 ms  1833/4812 (38%)  
[  5] 217.00-218.00 sec   272 KBytes  2.23 Mbits/sec  0.216 ms  1268/4052 (31%)  
[  5] 218.00-219.00 sec   294 KBytes  2.41 Mbits/sec  0.285 ms  1828/4842 (38%)  
[  5] 219.00-220.00 sec   271 KBytes  2.22 Mbits/sec  0.221 ms  1405/4184 (34%)  
[  5] 220.00-221.00 sec   296 KBytes  2.42 Mbits/sec  0.643 ms  1837/4865 (38%)  
[  5] 221.00-222.00 sec   245 KBytes  2.01 Mbits/sec  0.246 ms  1914/4421 (43%)  
[  5] 222.00-223.00 sec   307 KBytes  2.52 Mbits/sec  1.374 ms  1732/4875 (36%)  
[  5] 223.00-224.00 sec   272 KBytes  2.22 Mbits/sec  0.214 ms  1479/4262 (35%)  
[  5] 224.00-225.00 sec   317 KBytes  2.60 Mbits/sec  0.232 ms  1581/4829 (33%)  
[  5] 225.00-226.00 sec   260 KBytes  2.13 Mbits/sec  0.215 ms  1385/4045 (34%)  
[  5] 226.00-227.00 sec   269 KBytes  2.20 Mbits/sec  0.248 ms  1320/4072 (32%)  
[  5] 227.00-228.00 sec   320 KBytes  2.62 Mbits/sec  0.250 ms  1762/5041 (35%)  
[  5] 228.00-229.00 sec   271 KBytes  2.22 Mbits/sec  0.216 ms  1487/4266 (35%)  
[  5] 229.00-230.00 sec   317 KBytes  2.60 Mbits/sec  0.245 ms  1725/4971 (35%)  
[  5] 230.00-231.00 sec   249 KBytes  2.04 Mbits/sec  0.221 ms  1908/4456 (43%)  
[  5] 231.00-232.00 sec   291 KBytes  2.38 Mbits/sec  0.220 ms  2064/5041 (41%)  
[  5] 232.00-233.00 sec   317 KBytes  2.59 Mbits/sec  0.211 ms  1877/5118 (37%)  
[  5] 233.00-234.00 sec   281 KBytes  2.30 Mbits/sec  0.214 ms  1686/4561 (37%)  
[  5] 234.00-235.00 sec   296 KBytes  2.42 Mbits/sec  0.222 ms  1854/4881 (38%)  
[  5] 235.00-236.00 sec   254 KBytes  2.08 Mbits/sec  0.220 ms  1672/4273 (39%)  
[  5] 236.00-237.00 sec   326 KBytes  2.67 Mbits/sec  0.211 ms  1707/5044 (34%)  
[  5] 237.00-238.00 sec   272 KBytes  2.22 Mbits/sec  0.219 ms  1357/4140 (33%)  
[  5] 238.00-239.00 sec   326 KBytes  2.67 Mbits/sec  0.208 ms  1743/5080 (34%)  
[  5] 239.00-240.00 sec   264 KBytes  2.16 Mbits/sec  0.226 ms  1544/4248 (36%)  
[  5] 240.00-241.00 sec   270 KBytes  2.21 Mbits/sec  0.214 ms  1320/4082 (32%)  
[  5] 241.00-242.00 sec   316 KBytes  2.59 Mbits/sec  0.221 ms  1630/4863 (34%)  
[  5] 242.00-243.00 sec   271 KBytes  2.22 Mbits/sec  0.217 ms  1193/3972 (30%)  
[  5] 243.00-244.00 sec   317 KBytes  2.60 Mbits/sec  0.222 ms  1554/4799 (32%)  
[  5] 244.00-245.00 sec   262 KBytes  2.15 Mbits/sec  0.257 ms  1669/4352 (38%)  
[  5] 245.00-246.00 sec   299 KBytes  2.45 Mbits/sec  0.213 ms  1760/4818 (37%)  
[  5] 246.00-247.00 sec   268 KBytes  2.19 Mbits/sec  0.219 ms  1529/4272 (36%)  
[  5] 247.00-248.00 sec   290 KBytes  2.38 Mbits/sec  0.217 ms  1725/4698 (37%)  
[  5] 248.00-249.00 sec   272 KBytes  2.23 Mbits/sec  0.216 ms  1319/4103 (32%)  
[  5] 249.00-250.00 sec   325 KBytes  2.66 Mbits/sec  0.208 ms  1583/4909 (32%)  
[  5] 250.00-251.00 sec   312 KBytes  2.56 Mbits/sec  0.215 ms  1550/4746 (33%)  
[  5] 251.00-252.00 sec   260 KBytes  2.13 Mbits/sec  2.145 ms  1757/4419 (40%)  
[  5] 252.00-253.00 sec   314 KBytes  2.57 Mbits/sec  0.215 ms  1708/4924 (35%)  
[  5] 253.00-254.00 sec   240 KBytes  1.96 Mbits/sec  0.219 ms  1665/4119 (40%)  
[  5] 254.00-255.00 sec   323 KBytes  2.65 Mbits/sec  0.216 ms  1638/4947 (33%)  
[  5] 255.00-256.00 sec   299 KBytes  2.45 Mbits/sec  0.215 ms  1652/4711 (35%)  
[  5] 256.00-257.00 sec   272 KBytes  2.23 Mbits/sec  0.218 ms  1226/4009 (31%)  
[  5] 257.00-258.00 sec   279 KBytes  2.29 Mbits/sec  0.219 ms  1341/4200 (32%)  
[  5] 258.00-259.00 sec   302 KBytes  2.48 Mbits/sec  0.208 ms  1587/4682 (34%)  
[  5] 259.00-260.00 sec   272 KBytes  2.23 Mbits/sec  0.235 ms  1309/4092 (32%)  
[  5] 260.00-261.00 sec   307 KBytes  2.51 Mbits/sec  0.210 ms  1870/5009 (37%)  
[  5] 261.00-262.00 sec   271 KBytes  2.22 Mbits/sec  0.204 ms  1441/4220 (34%)  
[  5] 262.00-263.00 sec   326 KBytes  2.67 Mbits/sec  0.222 ms  1580/4918 (32%)  
[  5] 263.00-264.00 sec   268 KBytes  2.19 Mbits/sec  0.216 ms  1443/4185 (34%)  
[  5] 264.00-265.00 sec   316 KBytes  2.59 Mbits/sec  0.224 ms  1738/4977 (35%)  
[  5] 265.00-266.00 sec   265 KBytes  2.17 Mbits/sec  0.254 ms  1475/4186 (35%)  
[  5] 266.00-267.00 sec   297 KBytes  2.44 Mbits/sec  0.216 ms  1805/4850 (37%)  
[  5] 267.00-268.00 sec   257 KBytes  2.11 Mbits/sec  0.199 ms  1395/4029 (35%)  
[  5] 268.00-269.00 sec   273 KBytes  2.23 Mbits/sec  0.206 ms  1517/4311 (35%)  
[  5] 269.00-270.00 sec   308 KBytes  2.52 Mbits/sec  0.243 ms  1537/4688 (33%)  
[  5] 270.00-271.00 sec   268 KBytes  2.19 Mbits/sec  0.201 ms  1376/4118 (33%)  
[  5] 271.00-272.00 sec   292 KBytes  2.40 Mbits/sec  0.510 ms  1744/4739 (37%)  
[  5] 272.00-273.00 sec   260 KBytes  2.13 Mbits/sec  0.233 ms  1446/4106 (35%)  
[  5] 273.00-274.00 sec   326 KBytes  2.67 Mbits/sec  0.213 ms  1743/5081 (34%)  
[  5] 274.00-275.00 sec   271 KBytes  2.22 Mbits/sec  0.214 ms  1285/4064 (32%)  
[  5] 275.00-276.00 sec   317 KBytes  2.59 Mbits/sec  0.210 ms  1468/4713 (31%)  
[  5] 276.00-277.00 sec   281 KBytes  2.30 Mbits/sec  0.219 ms  1368/4243 (32%)  
[  5] 277.00-278.00 sec   282 KBytes  2.31 Mbits/sec  0.218 ms  1863/4753 (39%)  
[  5] 278.00-279.00 sec   262 KBytes  2.14 Mbits/sec  0.294 ms  1482/4162 (36%)  
[  5] 279.00-280.00 sec   299 KBytes  2.45 Mbits/sec  0.229 ms  1630/4695 (35%)  
[  5] 280.00-281.00 sec   317 KBytes  2.60 Mbits/sec  0.201 ms  1416/4662 (30%)  
[  5] 281.00-282.00 sec   251 KBytes  2.06 Mbits/sec  0.218 ms  1648/4218 (39%)  
[  5] 282.00-283.00 sec   317 KBytes  2.59 Mbits/sec  0.210 ms  1604/4846 (33%)  
[  5] 283.00-284.00 sec   272 KBytes  2.23 Mbits/sec  0.220 ms  1480/4263 (35%)  
[  5] 284.00-285.00 sec   249 KBytes  2.04 Mbits/sec  0.248 ms  1483/4028 (37%)  
[  5] 285.00-286.00 sec   326 KBytes  2.67 Mbits/sec  0.276 ms  1781/5118 (35%)  
[  5] 286.00-287.00 sec   272 KBytes  2.23 Mbits/sec  0.220 ms  1326/4109 (32%)  
[  5] 287.00-288.00 sec   322 KBytes  2.64 Mbits/sec  0.224 ms  1603/4904 (33%)  
[  5] 288.00-289.00 sec   243 KBytes  1.99 Mbits/sec  3.922 ms  1609/4094 (39%)  
[  5] 289.00-290.00 sec   314 KBytes  2.57 Mbits/sec  0.209 ms  1422/4637 (31%)  
[  5] 290.00-291.00 sec   320 KBytes  2.62 Mbits/sec  0.212 ms  1666/4945 (34%)  
[  5] 291.00-292.00 sec   272 KBytes  2.23 Mbits/sec  0.209 ms  1278/4061 (31%)  
[  5] 292.00-293.00 sec   317 KBytes  2.59 Mbits/sec  0.195 ms  1748/4990 (35%)  
[  5] 293.00-294.00 sec   281 KBytes  2.30 Mbits/sec  0.222 ms  1537/4412 (35%)  
[  5] 294.00-295.00 sec   317 KBytes  2.60 Mbits/sec  0.221 ms  1546/4790 (32%)  
[  5] 295.00-296.00 sec   271 KBytes  2.22 Mbits/sec  0.214 ms  1347/4126 (33%)  
[  5] 296.00-297.00 sec   322 KBytes  2.64 Mbits/sec  0.214 ms  1748/5046 (35%)  
[  5] 297.00-298.00 sec   294 KBytes  2.41 Mbits/sec  0.241 ms  1826/4836 (38%)  
[  5] 298.00-299.00 sec   317 KBytes  2.60 Mbits/sec  0.218 ms  1543/4789 (32%)  
[  5] 299.00-300.00 sec   274 KBytes  2.24 Mbits/sec  0.212 ms  1457/4259 (34%)  
[  5] 300.00-301.00 sec   265 KBytes  2.17 Mbits/sec  0.218 ms  1387/4096 (34%)  
[  5] 301.00-302.00 sec   300 KBytes  2.46 Mbits/sec  0.760 ms  1807/4877 (37%)  
[  5] 302.00-303.00 sec   272 KBytes  2.23 Mbits/sec  0.213 ms  1329/4113 (32%)  
[  5] 303.00-304.00 sec   305 KBytes  2.50 Mbits/sec  0.215 ms  1642/4761 (34%)  
[  5] 304.00-305.00 sec   297 KBytes  2.43 Mbits/sec  0.208 ms  1778/4818 (37%)  
[  5] 305.00-306.00 sec   272 KBytes  2.23 Mbits/sec  0.221 ms  1267/4051 (31%)  
[  5] 306.00-307.00 sec   300 KBytes  2.46 Mbits/sec  0.213 ms  1635/4710 (35%)  
[  5] 307.00-308.00 sec   255 KBytes  2.09 Mbits/sec  0.215 ms  1567/4178 (38%)  
[  5] 308.00-309.00 sec   272 KBytes  2.23 Mbits/sec  0.231 ms  1385/4168 (33%)  
[  5] 309.00-310.00 sec   321 KBytes  2.63 Mbits/sec  0.218 ms  1841/5133 (36%)  
[  5] 310.00-311.00 sec   271 KBytes  2.22 Mbits/sec  0.236 ms  1371/4150 (33%)  
[  5] 311.00-312.00 sec   316 KBytes  2.59 Mbits/sec  0.240 ms  1491/4728 (32%)  
[  5] 312.00-313.00 sec   262 KBytes  2.14 Mbits/sec  0.216 ms  1617/4295 (38%)  
[  5] 313.00-314.00 sec   317 KBytes  2.60 Mbits/sec  0.214 ms  1469/4715 (31%)  
[  5] 314.00-315.00 sec   251 KBytes  2.05 Mbits/sec  0.205 ms  1370/3936 (35%)  
[  5] 315.00-316.00 sec   315 KBytes  2.58 Mbits/sec  0.220 ms  1637/4858 (34%)  
[  5] 316.00-317.00 sec   256 KBytes  2.10 Mbits/sec  0.221 ms  1403/4027 (35%)  
[  5] 317.00-318.00 sec   276 KBytes  2.26 Mbits/sec  0.218 ms  1448/4275 (34%)  
[  5] 318.00-319.00 sec   313 KBytes  2.57 Mbits/sec  0.216 ms  1617/4825 (34%)  
[  5] 319.00-320.00 sec   225 KBytes  1.84 Mbits/sec  0.216 ms  1134/3439 (33%)  
[  5] 320.00-321.00 sec   249 KBytes  2.04 Mbits/sec  0.222 ms  1530/4077 (38%)  
[  5] 321.00-322.00 sec   275 KBytes  2.25 Mbits/sec  0.247 ms  1370/4185 (33%)  
[  5] 322.00-323.00 sec   257 KBytes  2.10 Mbits/sec  0.216 ms  1352/3987 (34%)  
[  5] 323.00-324.00 sec   236 KBytes  1.93 Mbits/sec  0.217 ms  1025/3437 (30%)  
[  5] 324.00-325.00 sec   133 KBytes  1.09 Mbits/sec  0.224 ms  637/1997 (32%)  
[  5] 325.00-326.00 sec   177 KBytes  1.45 Mbits/sec  0.182 ms  847/2655 (32%)  
[  5] 326.00-327.00 sec   225 KBytes  1.85 Mbits/sec  0.219 ms  1104/3412 (32%)  
[  5] 327.00-328.00 sec   266 KBytes  2.17 Mbits/sec  0.218 ms  1600/4320 (37%)  
[  5] 328.00-329.00 sec   227 KBytes  1.86 Mbits/sec  0.203 ms  1125/3446 (33%)  
[  5] 329.00-330.00 sec   226 KBytes  1.85 Mbits/sec  0.234 ms  1184/3501 (34%)  
[  5] 330.00-331.00 sec   281 KBytes  2.30 Mbits/sec  0.218 ms  1253/4127 (30%)  
[  5] 331.00-332.00 sec   269 KBytes  2.20 Mbits/sec  0.213 ms  1298/4048 (32%)  
[  5] 332.00-333.00 sec   220 KBytes  1.80 Mbits/sec  0.218 ms  1097/3346 (33%)  
[  5] 333.00-334.00 sec   261 KBytes  2.14 Mbits/sec  0.215 ms  1541/4211 (37%)  
[  5] 334.00-335.00 sec   226 KBytes  1.85 Mbits/sec  0.224 ms  1088/3404 (32%)  
[  5] 335.00-336.00 sec   263 KBytes  2.15 Mbits/sec  0.393 ms  1422/4115 (35%)  
[  5] 336.00-337.00 sec   278 KBytes  2.28 Mbits/sec  0.210 ms  1486/4336 (34%)  
[  5] 337.00-338.00 sec   213 KBytes  1.74 Mbits/sec  0.221 ms  1421/3599 (39%)  
[  5] 338.00-339.00 sec   253 KBytes  2.07 Mbits/sec  0.246 ms  1638/4227 (39%)  
[  5] 339.00-340.00 sec   263 KBytes  2.15 Mbits/sec  0.204 ms  1571/4262 (37%)  
[  5] 340.00-341.00 sec   226 KBytes  1.85 Mbits/sec  0.216 ms  1161/3478 (33%)  
[  5] 341.00-342.00 sec   257 KBytes  2.11 Mbits/sec  0.292 ms  1535/4169 (37%)  
[  5] 342.00-343.00 sec   226 KBytes  1.85 Mbits/sec  0.201 ms  1056/3372 (31%)  
[  5] 343.00-344.00 sec   236 KBytes  1.93 Mbits/sec  0.209 ms  1077/3490 (31%)  
[  5] 344.00-345.00 sec   258 KBytes  2.11 Mbits/sec  0.237 ms  1382/4020 (34%)  
[  5] 345.00-346.00 sec   226 KBytes  1.85 Mbits/sec  0.201 ms  998/3314 (30%)  
[  5] 346.00-347.00 sec   264 KBytes  2.16 Mbits/sec  0.222 ms  1626/4332 (38%)  
[  5] 347.00-348.00 sec   269 KBytes  2.20 Mbits/sec  0.267 ms  1570/4321 (36%)  
[  5] 348.00-349.00 sec   226 KBytes  1.85 Mbits/sec  0.198 ms  1359/3675 (37%)  
[  5] 349.00-350.00 sec   281 KBytes  2.30 Mbits/sec  0.220 ms  1684/4559 (37%)  
[  5] 350.00-351.00 sec   222 KBytes  1.82 Mbits/sec  0.309 ms  1637/3910 (42%)  
[  5] 351.00-352.00 sec   271 KBytes  2.22 Mbits/sec  0.206 ms  1784/4563 (39%)  
[  5] 352.00-353.00 sec   281 KBytes  2.30 Mbits/sec  0.248 ms  2028/4903 (41%)  
[  5] 353.00-354.00 sec   221 KBytes  1.81 Mbits/sec  0.293 ms  1957/4215 (46%)  
[  5] 354.00-355.00 sec   256 KBytes  2.10 Mbits/sec  0.220 ms  5757/8379 (69%)  
[  5] 355.00-356.00 sec   258 KBytes  2.11 Mbits/sec  0.215 ms  2177/4816 (45%)  
[  5] 356.00-357.00 sec   271 KBytes  2.22 Mbits/sec  0.222 ms  2032/4811 (42%)  
[  5] 357.00-358.00 sec   226 KBytes  1.85 Mbits/sec  0.232 ms  1957/4274 (46%)  
[  5] 358.00-359.00 sec   212 KBytes  1.73 Mbits/sec  0.254 ms  2090/4258 (49%)  
[  5] 359.00-360.00 sec   181 KBytes  1.48 Mbits/sec  0.226 ms  2152/4007 (54%)  
[  5] 360.00-361.00 sec   167 KBytes  1.36 Mbits/sec  7.077 ms  1595/3301 (48%)  
[  5] 361.00-362.00 sec   250 KBytes  2.05 Mbits/sec  0.286 ms  2048/4611 (44%)  
[  5] 362.00-363.00 sec   275 KBytes  2.25 Mbits/sec  0.221 ms  2180/4997 (44%)  
[  5] 363.00-364.00 sec   272 KBytes  2.23 Mbits/sec  0.233 ms  2073/4856 (43%)  
[  5] 364.00-365.00 sec   271 KBytes  2.22 Mbits/sec  0.213 ms  2033/4812 (42%)  
[  5] 365.00-366.00 sec   266 KBytes  2.18 Mbits/sec  0.219 ms  2145/4864 (44%)  
[  5] 366.00-367.00 sec   201 KBytes  1.64 Mbits/sec  0.478 ms  1853/3909 (47%)  
[  5] 367.00-368.00 sec   263 KBytes  2.16 Mbits/sec  0.220 ms  1965/4659 (42%)  
[  5] 368.00-369.00 sec   235 KBytes  1.93 Mbits/sec  0.217 ms  1689/4097 (41%)  
[  5] 369.00-370.00 sec   254 KBytes  2.08 Mbits/sec  1.082 ms  1926/4526 (43%)  
[  5] 370.00-371.00 sec   234 KBytes  1.92 Mbits/sec  0.211 ms  1815/4215 (43%)  
[  5] 371.00-372.00 sec   224 KBytes  1.84 Mbits/sec  0.216 ms  1919/4213 (46%)  
[  5] 372.00-373.00 sec   271 KBytes  2.22 Mbits/sec  0.214 ms  2241/5020 (45%)  
[  5] 373.00-374.00 sec   235 KBytes  1.93 Mbits/sec  0.207 ms  1862/4272 (44%)  
[  5] 374.00-375.00 sec   271 KBytes  2.22 Mbits/sec  0.219 ms  2110/4889 (43%)  
[  5] 375.00-376.00 sec   226 KBytes  1.85 Mbits/sec  0.218 ms  1615/3932 (41%)  
[  5] 376.00-377.00 sec   225 KBytes  1.84 Mbits/sec  0.223 ms  2703/5004 (54%)  
[  5] 377.00-378.00 sec   270 KBytes  2.21 Mbits/sec  0.230 ms  2083/4844 (43%)  
[  5] 378.00-379.00 sec   226 KBytes  1.85 Mbits/sec  0.207 ms  1656/3973 (42%)  
[  5] 379.00-380.00 sec   277 KBytes  2.28 Mbits/sec  0.212 ms  2040/4880 (42%)  
[  5] 380.00-381.00 sec   238 KBytes  1.95 Mbits/sec  0.214 ms  2351/4786 (49%)  
[  5] 381.00-382.00 sec   226 KBytes  1.85 Mbits/sec  0.221 ms  1638/3955 (41%)  
[  5] 382.00-383.00 sec   258 KBytes  2.11 Mbits/sec  0.224 ms  2227/4871 (46%)  
[  5] 383.00-384.00 sec   226 KBytes  1.85 Mbits/sec  0.218 ms  1515/3831 (40%)  
[  5] 384.00-385.00 sec   255 KBytes  2.09 Mbits/sec  0.955 ms  1802/4409 (41%)  
[  5] 385.00-386.00 sec   234 KBytes  1.92 Mbits/sec  0.246 ms  1918/4314 (44%)  
[  5] 386.00-387.00 sec   272 KBytes  2.23 Mbits/sec  0.254 ms  1867/4650 (40%)  
[  5] 387.00-388.00 sec   259 KBytes  2.12 Mbits/sec  0.306 ms  2158/4808 (45%)  
[  5] 388.00-389.00 sec   241 KBytes  1.98 Mbits/sec  0.234 ms  3120/5590 (56%)  
[  5] 389.00-390.00 sec   255 KBytes  2.09 Mbits/sec  0.209 ms  3362/5973 (56%)  
[  5] 390.00-391.00 sec   226 KBytes  1.85 Mbits/sec  0.212 ms  1721/4038 (43%)  
[  5] 391.00-392.00 sec   277 KBytes  2.27 Mbits/sec  0.220 ms  1867/4706 (40%)  
[  5] 392.00-393.00 sec   191 KBytes  1.56 Mbits/sec  0.212 ms  2019/3971 (51%)  
[  5] 393.00-394.00 sec   271 KBytes  2.22 Mbits/sec  0.204 ms  1527/4306 (35%)  
[  5] 394.00-395.00 sec   227 KBytes  1.85 Mbits/sec  0.225 ms  1419/3740 (38%)  
[  5] 395.00-396.00 sec   244 KBytes  2.00 Mbits/sec  0.264 ms  1990/4487 (44%)  
[  5] 396.00-397.00 sec   272 KBytes  2.23 Mbits/sec  0.218 ms  2488/5271 (47%)  
[  5] 397.00-398.00 sec   218 KBytes  1.79 Mbits/sec  0.994 ms  1964/4197 (47%)  
[  5] 398.00-399.00 sec   268 KBytes  2.19 Mbits/sec  0.208 ms  2302/5045 (46%)  
[  5] 399.00-400.00 sec   222 KBytes  1.82 Mbits/sec  0.221 ms  1726/3995 (43%)  
[  5] 400.00-401.00 sec   272 KBytes  2.23 Mbits/sec  0.240 ms  2196/4979 (44%)  
[  5] 401.00-402.00 sec   183 KBytes  1.50 Mbits/sec  0.217 ms  2372/4247 (56%)  
[  5] 402.00-403.00 sec   272 KBytes  2.23 Mbits/sec  0.220 ms  2144/4928 (44%)  
[  5] 403.00-404.00 sec   219 KBytes  1.80 Mbits/sec  0.215 ms  1691/3934 (43%)  
[  5] 404.00-405.00 sec   188 KBytes  1.54 Mbits/sec  0.222 ms  2338/4264 (55%)  
[  5] 405.00-406.00 sec   218 KBytes  1.78 Mbits/sec  0.217 ms  1602/3832 (42%)  
[  5] 406.00-407.00 sec   220 KBytes  1.80 Mbits/sec  0.217 ms  1736/3984 (44%)  
[  5] 407.00-408.00 sec   201 KBytes  1.64 Mbits/sec  0.153 ms  1936/3991 (49%)  
[  5] 408.00-409.00 sec   200 KBytes  1.64 Mbits/sec  0.227 ms  1954/4004 (49%)  
[  5] 409.00-410.00 sec   271 KBytes  2.22 Mbits/sec  0.222 ms  1950/4729 (41%)  
[  5] 410.00-411.00 sec   232 KBytes  1.90 Mbits/sec  0.205 ms  2546/4921 (52%)  
[  5] 411.00-412.00 sec   216 KBytes  1.77 Mbits/sec  0.220 ms  1852/4066 (46%)  
[  5] 412.00-413.00 sec   258 KBytes  2.11 Mbits/sec  0.203 ms  2204/4845 (45%)  
[  5] 413.00-414.00 sec   211 KBytes  1.73 Mbits/sec  0.221 ms  1891/4054 (47%)  
[  5] 414.00-415.00 sec   258 KBytes  2.11 Mbits/sec  0.266 ms  1988/4630 (43%)  
[  5] 415.00-416.00 sec   226 KBytes  1.85 Mbits/sec  0.162 ms  1901/4218 (45%)  
[  5] 416.00-417.00 sec   211 KBytes  1.73 Mbits/sec  0.221 ms  1700/3863 (44%)  
[  5] 417.00-418.00 sec   258 KBytes  2.11 Mbits/sec  0.221 ms  1935/4578 (42%)  
[  5] 418.00-419.00 sec   243 KBytes  1.99 Mbits/sec  0.253 ms  2066/4550 (45%)  
[  5] 419.00-420.00 sec   248 KBytes  2.03 Mbits/sec  0.216 ms  2123/4665 (46%)  
[  5] 420.00-421.00 sec   235 KBytes  1.93 Mbits/sec  0.221 ms  1689/4097 (41%)  
[  5] 421.00-422.00 sec   272 KBytes  2.23 Mbits/sec  0.204 ms  2199/4983 (44%)  
[  5] 422.00-423.00 sec   217 KBytes  1.78 Mbits/sec  0.216 ms  1889/4108 (46%)  
[  5] 423.00-424.00 sec   281 KBytes  2.30 Mbits/sec  0.182 ms  2092/4967 (42%)  
[  5] 424.00-425.00 sec   192 KBytes  1.57 Mbits/sec  0.193 ms  2033/3996 (51%)  
[  5] 425.00-426.00 sec   212 KBytes  1.74 Mbits/sec  0.222 ms  1736/3905 (44%)  
[  5] 426.00-427.00 sec   233 KBytes  1.91 Mbits/sec  0.509 ms  1681/4064 (41%)  
[  5] 427.00-428.00 sec   271 KBytes  2.22 Mbits/sec  0.220 ms  1952/4731 (41%)  
