Connecting to host 172.22.0.50, port 5201
Reverse mode, remote host 172.22.0.50 is sending
[  5] local 192.168.100.2 port 47859 connected to 172.22.0.50 port 5201
[ ID] Interval           Transfer     Bitrate         Jitter    Lost/Total Datagrams
[  5]   0.00-1.00   sec  1.43 MBytes  12.0 Mbits/sec  0.907 ms  0/1252 (0%)  
[  5]   1.00-2.00   sec  1.44 MBytes  12.0 Mbits/sec  1.022 ms  0/1254 (0%)  
[  5]   2.00-3.00   sec  1.43 MBytes  12.0 Mbits/sec  1.137 ms  0/1246 (0%)  
[  5]   3.00-4.00   sec  1.43 MBytes  12.0 Mbits/sec  0.778 ms  0/1252 (0%)  
[  5]   4.00-5.00   sec  1.42 MBytes  11.9 Mbits/sec  1.129 ms  0/1238 (0%)  
[  5]   5.00-6.00   sec  1.44 MBytes  12.1 Mbits/sec  1.052 ms  0/1260 (0%)  
[  5]   6.00-7.00   sec  1.42 MBytes  12.0 Mbits/sec  0.907 ms  0/1245 (0%)  
[  5]   7.00-8.00   sec  1.42 MBytes  11.9 Mbits/sec  1.544 ms  0/1241 (0%)  
[  5]   8.00-9.00   sec  1.45 MBytes  12.2 Mbits/sec  0.887 ms  0/1267 (0%)  
[  5]   9.00-10.00  sec  1.43 MBytes  12.0 Mbits/sec  1.125 ms  0/1247 (0%)  
[  5]  10.00-11.00  sec  1.43 MBytes  12.0 Mbits/sec  1.055 ms  0/1252 (0%)  
[  5]  11.00-12.00  sec  1.43 MBytes  12.0 Mbits/sec  0.744 ms  0/1247 (0%)  
[  5]  12.00-13.00  sec  1.42 MBytes  11.9 Mbits/sec  1.153 ms  0/1245 (0%)  
[  5]  13.00-14.00  sec  1.44 MBytes  12.0 Mbits/sec  1.124 ms  0/1254 (0%)  
[  5]  14.00-15.00  sec  1.43 MBytes  12.0 Mbits/sec  1.112 ms  0/1249 (0%)  
[  5]  15.00-16.00  sec  1.14 MBytes  9.56 Mbits/sec  1.586 ms  0/996 (0%)  
[  5]  16.00-17.00  sec   544 KBytes  4.45 Mbits/sec  1.477 ms  0/464 (0%)  
[  5]  17.00-18.00  sec   548 KBytes  4.49 Mbits/sec  1.677 ms  0/468 (0%)  
[  5]  18.00-19.00  sec   564 KBytes  4.62 Mbits/sec  1.532 ms  0/481 (0%)  
[  5]  19.00-20.00  sec   548 KBytes  4.49 Mbits/sec  1.818 ms  0/468 (0%)  
[  5]  20.00-21.00  sec   544 KBytes  4.45 Mbits/sec  1.671 ms  0/464 (0%)  
[  5]  21.00-22.00  sec   545 KBytes  4.46 Mbits/sec  1.635 ms  0/465 (0%)  
[  5]  22.00-23.00  sec   548 KBytes  4.49 Mbits/sec  1.468 ms  0/468 (0%)  
[  5]  23.00-24.00  sec   559 KBytes  4.58 Mbits/sec  1.429 ms  0/477 (0%)  
[  5]  24.00-25.00  sec   555 KBytes  4.55 Mbits/sec  1.342 ms  0/474 (0%)  
[  5]  25.00-26.00  sec   562 KBytes  4.61 Mbits/sec  1.507 ms  0/480 (0%)  
[  5]  26.00-27.00  sec   618 KBytes  5.06 Mbits/sec  1.463 ms  0/527 (0%)  
[  5]  27.00-28.00  sec   616 KBytes  5.05 Mbits/sec  1.293 ms  0/526 (0%)  
[  5]  28.00-29.00  sec   589 KBytes  4.83 Mbits/sec  1.607 ms  0/503 (0%)  
[  5]  29.00-30.00  sec   594 KBytes  4.87 Mbits/sec  1.308 ms  0/507 (0%)  
[  5]  30.00-31.00  sec   626 KBytes  5.12 Mbits/sec  1.158 ms  0/534 (0%)  
[  5]  31.00-32.00  sec   679 KBytes  5.56 Mbits/sec  1.211 ms  0/580 (0%)  
[  5]  32.00-33.00  sec   676 KBytes  5.54 Mbits/sec  1.133 ms  0/577 (0%)  
[  5]  33.00-34.00  sec   687 KBytes  5.63 Mbits/sec  1.202 ms  0/586 (0%)  
[  5]  34.00-35.00  sec   691 KBytes  5.66 Mbits/sec  1.031 ms  0/591 (0%)  
[  5]  35.00-36.00  sec   679 KBytes  5.56 Mbits/sec  1.116 ms  0/579 (0%)  
[  5]  36.00-37.00  sec   655 KBytes  5.37 Mbits/sec  1.252 ms  0/559 (0%)  
[  5]  37.00-38.00  sec   650 KBytes  5.33 Mbits/sec  1.515 ms  0/555 (0%)  
[  5]  38.00-39.00  sec   653 KBytes  5.35 Mbits/sec  1.147 ms  0/557 (0%)  
[  5]  39.00-40.00  sec   662 KBytes  5.42 Mbits/sec  1.193 ms  0/565 (0%)  
[  5]  40.00-41.00  sec   559 KBytes  4.58 Mbits/sec  1.340 ms  94/571 (16%)  
[  5]  41.00-42.00  sec   612 KBytes  5.01 Mbits/sec  1.305 ms  719/1241 (58%)  
[  5]  42.00-43.00  sec   702 KBytes  5.75 Mbits/sec  1.348 ms  853/1452 (59%)  
[  5]  43.00-44.00  sec   702 KBytes  5.75 Mbits/sec  1.238 ms  870/1469 (59%)  
[  5]  44.00-45.00  sec   612 KBytes  5.01 Mbits/sec  1.276 ms  756/1278 (59%)  
[  5]  45.00-46.00  sec   708 KBytes  5.80 Mbits/sec  1.148 ms  728/1332 (55%)  
[  5]  46.00-47.00  sec   589 KBytes  4.83 Mbits/sec  1.158 ms  586/1089 (54%)  
[  5]  47.00-48.00  sec   709 KBytes  5.81 Mbits/sec  1.189 ms  692/1297 (53%)  
[  5]  48.00-49.00  sec   619 KBytes  5.07 Mbits/sec  1.172 ms  595/1123 (53%)  
[  5]  49.00-50.00  sec   689 KBytes  5.64 Mbits/sec  1.122 ms  664/1252 (53%)  
[  5]  50.00-51.00  sec   708 KBytes  5.80 Mbits/sec  1.154 ms  721/1325 (54%)  
[  5]  51.00-52.00  sec   619 KBytes  5.07 Mbits/sec  1.289 ms  657/1185 (55%)  
[  5]  52.00-53.00  sec   718 KBytes  5.88 Mbits/sec  1.165 ms  787/1400 (56%)  
[  5]  53.00-54.00  sec   589 KBytes  4.83 Mbits/sec  1.142 ms  617/1120 (55%)  
[  5]  54.00-55.00  sec   709 KBytes  5.81 Mbits/sec  1.238 ms  709/1314 (54%)  
[  5]  55.00-56.00  sec   718 KBytes  5.87 Mbits/sec  1.120 ms  764/1377 (55%)  
[  5]  56.00-57.00  sec   589 KBytes  4.84 Mbits/sec  1.111 ms  599/1102 (54%)  
[  5]  57.00-58.00  sec   709 KBytes  5.81 Mbits/sec  1.235 ms  719/1324 (54%)  
[  5]  58.00-59.00  sec   709 KBytes  5.81 Mbits/sec  1.272 ms  689/1294 (53%)  
[  5]  59.00-60.00  sec   628 KBytes  5.15 Mbits/sec  1.211 ms  671/1207 (56%)  
[  5]  60.00-61.00  sec   680 KBytes  5.57 Mbits/sec  1.184 ms  720/1300 (55%)  
[  5]  61.00-62.00  sec   619 KBytes  5.07 Mbits/sec  1.220 ms  628/1156 (54%)  
[  5]  62.00-63.00  sec   709 KBytes  5.81 Mbits/sec  1.237 ms  734/1339 (55%)  
[  5]  63.00-64.00  sec   689 KBytes  5.65 Mbits/sec  1.155 ms  697/1285 (54%)  
[  5]  64.00-65.00  sec   619 KBytes  5.07 Mbits/sec  1.161 ms  636/1164 (55%)  
[  5]  65.00-66.00  sec   709 KBytes  5.81 Mbits/sec  1.167 ms  720/1325 (54%)  
[  5]  66.00-67.00  sec   689 KBytes  5.65 Mbits/sec  1.184 ms  683/1271 (54%)  
[  5]  67.00-68.00  sec   619 KBytes  5.07 Mbits/sec  1.110 ms  637/1165 (55%)  
[  5]  68.00-69.00  sec   589 KBytes  4.83 Mbits/sec  1.247 ms  622/1125 (55%)  
[  5]  69.00-70.00  sec   619 KBytes  5.07 Mbits/sec  1.162 ms  647/1175 (55%)  
[  5]  70.00-71.00  sec   709 KBytes  5.81 Mbits/sec  1.200 ms  716/1321 (54%)  
[  5]  71.00-72.00  sec   619 KBytes  5.07 Mbits/sec  1.143 ms  624/1152 (54%)  
[  5]  72.00-73.00  sec   689 KBytes  5.64 Mbits/sec  1.209 ms  679/1267 (54%)  
[  5]  73.00-74.00  sec   619 KBytes  5.07 Mbits/sec  1.197 ms  606/1134 (53%)  
[  5]  74.00-75.00  sec   709 KBytes  5.81 Mbits/sec  1.290 ms  730/1335 (55%)  
[  5]  75.00-76.00  sec   671 KBytes  5.50 Mbits/sec  1.726 ms  712/1285 (55%)  
[  5]  76.00-77.00  sec   635 KBytes  5.20 Mbits/sec  1.205 ms  627/1170 (54%)  
[  5]  77.00-78.00  sec   709 KBytes  5.81 Mbits/sec  1.232 ms  741/1346 (55%)  
[  5]  78.00-79.00  sec   589 KBytes  4.83 Mbits/sec  1.202 ms  580/1083 (54%)  
[  5]  79.00-80.00  sec   718 KBytes  5.89 Mbits/sec  1.154 ms  717/1330 (54%)  
[  5]  80.00-81.00  sec   619 KBytes  5.07 Mbits/sec  1.113 ms  623/1151 (54%)  
[  5]  81.00-82.00  sec   680 KBytes  5.57 Mbits/sec  1.282 ms  709/1289 (55%)  
[  5]  82.00-83.00  sec   709 KBytes  5.81 Mbits/sec  1.327 ms  808/1413 (57%)  
[  5]  83.00-84.00  sec   619 KBytes  5.07 Mbits/sec  1.277 ms  712/1240 (57%)  
[  5]  84.00-85.00  sec   718 KBytes  5.88 Mbits/sec  1.208 ms  827/1440 (57%)  
[  5]  85.00-86.00  sec   680 KBytes  5.57 Mbits/sec  1.167 ms  705/1285 (55%)  
[  5]  86.00-87.00  sec   619 KBytes  5.07 Mbits/sec  1.206 ms  631/1159 (54%)  
[  5]  87.00-88.00  sec   720 KBytes  5.89 Mbits/sec  1.087 ms  743/1357 (55%)  
[  5]  88.00-89.00  sec   588 KBytes  4.82 Mbits/sec  1.165 ms  606/1108 (55%)  
[  5]  89.00-90.00  sec   709 KBytes  5.81 Mbits/sec  1.201 ms  737/1342 (55%)  
[  5]  90.00-91.00  sec   720 KBytes  5.90 Mbits/sec  1.166 ms  723/1337 (54%)  
[  5]  91.00-92.00  sec   588 KBytes  4.82 Mbits/sec  1.190 ms  619/1121 (55%)  
[  5]  92.00-93.00  sec   709 KBytes  5.81 Mbits/sec  1.170 ms  698/1303 (54%)  
[  5]  93.00-94.00  sec   619 KBytes  5.06 Mbits/sec  1.197 ms  636/1164 (55%)  
[  5]  94.00-95.00  sec   710 KBytes  5.83 Mbits/sec  1.149 ms  711/1317 (54%)  
[  5]  95.00-96.00  sec   588 KBytes  4.82 Mbits/sec  1.299 ms  610/1112 (55%)  
[  5]  96.00-97.00  sec   718 KBytes  5.89 Mbits/sec  1.215 ms  764/1377 (55%)  
[  5]  97.00-98.00  sec   709 KBytes  5.81 Mbits/sec  1.159 ms  714/1319 (54%)  
[  5]  98.00-99.00  sec   589 KBytes  4.83 Mbits/sec  1.219 ms  591/1094 (54%)  
[  5]  99.00-100.00 sec   718 KBytes  5.88 Mbits/sec  1.150 ms  707/1320 (54%)  
[  5] 100.00-101.00 sec   589 KBytes  4.83 Mbits/sec  1.165 ms  611/1114 (55%)  
[  5] 101.00-102.00 sec   709 KBytes  5.81 Mbits/sec  1.159 ms  743/1348 (55%)  
[  5] 102.00-103.00 sec   720 KBytes  5.89 Mbits/sec  1.141 ms  725/1339 (54%)  
[  5] 103.00-104.00 sec   618 KBytes  5.06 Mbits/sec  1.058 ms  587/1114 (53%)  
[  5] 104.00-105.00 sec   680 KBytes  5.57 Mbits/sec  1.269 ms  695/1275 (55%)  
[  5] 105.00-106.00 sec   709 KBytes  5.81 Mbits/sec  1.177 ms  722/1327 (54%)  
[  5] 106.00-107.00 sec   629 KBytes  5.16 Mbits/sec  1.105 ms  667/1204 (55%)  
[  5] 107.00-108.00 sec   708 KBytes  5.80 Mbits/sec  1.240 ms  723/1327 (54%)  
[  5] 108.00-109.00 sec   589 KBytes  4.83 Mbits/sec  1.289 ms  629/1132 (56%)  
[  5] 109.00-110.00 sec   709 KBytes  5.81 Mbits/sec  1.298 ms  744/1349 (55%)  
[  5] 110.00-111.00 sec   618 KBytes  5.06 Mbits/sec  1.326 ms  628/1155 (54%)  
[  5] 111.00-112.00 sec   689 KBytes  5.65 Mbits/sec  1.275 ms  703/1291 (54%)  
[  5] 112.00-113.00 sec   620 KBytes  5.08 Mbits/sec  1.177 ms  642/1171 (55%)  
[  5] 113.00-114.00 sec   709 KBytes  5.80 Mbits/sec  1.224 ms  728/1333 (55%)  
[  5] 114.00-115.00 sec   688 KBytes  5.64 Mbits/sec  1.128 ms  705/1292 (55%)  
[  5] 115.00-116.00 sec   619 KBytes  5.07 Mbits/sec  1.210 ms  623/1151 (54%)  
[  5] 116.00-117.00 sec   710 KBytes  5.82 Mbits/sec  1.203 ms  732/1338 (55%)  
[  5] 117.00-118.00 sec   588 KBytes  4.82 Mbits/sec  1.179 ms  589/1091 (54%)  
[  5] 118.00-119.00 sec   619 KBytes  5.07 Mbits/sec  1.207 ms  649/1177 (55%)  
[  5] 119.00-120.00 sec   720 KBytes  5.89 Mbits/sec  1.123 ms  702/1316 (53%)  
[  5] 120.00-121.00 sec   588 KBytes  4.82 Mbits/sec  1.115 ms  612/1114 (55%)  
[  5] 121.00-122.00 sec   700 KBytes  5.73 Mbits/sec  1.219 ms  728/1325 (55%)  
[  5] 122.00-123.00 sec   709 KBytes  5.81 Mbits/sec  1.209 ms  723/1328 (54%)  
[  5] 123.00-124.00 sec   608 KBytes  4.98 Mbits/sec  1.519 ms  654/1173 (56%)  
[  5] 124.00-125.00 sec   689 KBytes  5.65 Mbits/sec  1.054 ms  740/1328 (56%)  
[  5] 125.00-126.00 sec   708 KBytes  5.80 Mbits/sec  1.215 ms  746/1350 (55%)  
[  5] 126.00-127.00 sec   619 KBytes  5.07 Mbits/sec  1.197 ms  639/1167 (55%)  
[  5] 127.00-128.00 sec   589 KBytes  4.83 Mbits/sec  1.259 ms  601/1104 (54%)  
[  5] 128.00-129.00 sec   720 KBytes  5.89 Mbits/sec  1.069 ms  704/1318 (53%)  
[  5] 129.00-130.00 sec   588 KBytes  4.82 Mbits/sec  1.046 ms  619/1121 (55%)  
[  5] 130.00-131.00 sec   709 KBytes  5.81 Mbits/sec  1.222 ms  748/1353 (55%)  
[  5] 131.00-132.00 sec   709 KBytes  5.81 Mbits/sec  1.307 ms  753/1358 (55%)  
[  5] 132.00-133.00 sec   599 KBytes  4.91 Mbits/sec  1.118 ms  644/1155 (56%)  
[  5] 133.00-134.00 sec   709 KBytes  5.81 Mbits/sec  1.210 ms  763/1368 (56%)  
[  5] 134.00-135.00 sec   620 KBytes  5.08 Mbits/sec  1.172 ms  673/1202 (56%)  
[  5] 135.00-136.00 sec   709 KBytes  5.81 Mbits/sec  1.196 ms  739/1344 (55%)  
[  5] 136.00-137.00 sec   628 KBytes  5.15 Mbits/sec  1.166 ms  641/1177 (54%)  
[  5] 137.00-138.00 sec   679 KBytes  5.56 Mbits/sec  1.341 ms  666/1245 (53%)  
[  5] 138.00-139.00 sec   709 KBytes  5.81 Mbits/sec  1.173 ms  697/1302 (54%)  
[  5] 139.00-140.00 sec   620 KBytes  5.08 Mbits/sec  1.148 ms  632/1161 (54%)  
[  5] 140.00-141.00 sec   688 KBytes  5.64 Mbits/sec  1.076 ms  703/1290 (54%)  
[  5] 141.00-142.00 sec   709 KBytes  5.81 Mbits/sec  1.444 ms  805/1410 (57%)  
[  5] 142.00-143.00 sec   620 KBytes  5.08 Mbits/sec  1.262 ms  671/1200 (56%)  
[  5] 143.00-144.00 sec   588 KBytes  4.82 Mbits/sec  1.231 ms  617/1119 (55%)  
[  5] 144.00-145.00 sec   718 KBytes  5.88 Mbits/sec  1.115 ms  723/1336 (54%)  
[  5] 145.00-146.00 sec   710 KBytes  5.82 Mbits/sec  1.137 ms  694/1300 (53%)  
[  5] 146.00-147.00 sec   589 KBytes  4.83 Mbits/sec  1.223 ms  590/1093 (54%)  
[  5] 147.00-148.00 sec   708 KBytes  5.80 Mbits/sec  1.212 ms  750/1354 (55%)  
[  5] 148.00-149.00 sec   718 KBytes  5.89 Mbits/sec  1.190 ms  775/1388 (56%)  
[  5] 149.00-150.00 sec   589 KBytes  4.83 Mbits/sec  1.309 ms  644/1147 (56%)  
[  5] 150.00-151.00 sec   620 KBytes  5.08 Mbits/sec  1.212 ms  641/1170 (55%)  
[  5] 151.00-152.00 sec   708 KBytes  5.79 Mbits/sec  1.215 ms  725/1329 (55%)  
[  5] 152.00-153.00 sec   620 KBytes  5.08 Mbits/sec  1.137 ms  612/1141 (54%)  
[  5] 153.00-154.00 sec   689 KBytes  5.64 Mbits/sec  1.123 ms  682/1270 (54%)  
[  5] 154.00-155.00 sec   619 KBytes  5.07 Mbits/sec  1.221 ms  627/1155 (54%)  
[  5] 155.00-156.00 sec   708 KBytes  5.80 Mbits/sec  1.260 ms  701/1305 (54%)  
[  5] 156.00-157.00 sec   589 KBytes  4.83 Mbits/sec  1.229 ms  594/1097 (54%)  
[  5] 157.00-158.00 sec   720 KBytes  5.89 Mbits/sec  1.074 ms  775/1389 (56%)  
[  5] 158.00-159.00 sec   709 KBytes  5.81 Mbits/sec  1.224 ms  755/1360 (56%)  
[  5] 159.00-160.00 sec   588 KBytes  4.82 Mbits/sec  1.216 ms  600/1102 (54%)  
[  5] 160.00-161.00 sec   709 KBytes  5.81 Mbits/sec  1.189 ms  721/1326 (54%)  
[  5] 161.00-162.00 sec   599 KBytes  4.91 Mbits/sec  1.171 ms  611/1122 (54%)  
[  5] 162.00-163.00 sec   709 KBytes  5.81 Mbits/sec  1.237 ms  712/1317 (54%)  
[  5] 163.00-164.00 sec   620 KBytes  5.08 Mbits/sec  1.193 ms  615/1144 (54%)  
[  5] 164.00-165.00 sec   708 KBytes  5.80 Mbits/sec  1.188 ms  732/1336 (55%)  
[  5] 165.00-166.00 sec   718 KBytes  5.88 Mbits/sec  1.195 ms  815/1428 (57%)  
[  5] 166.00-167.00 sec   588 KBytes  4.82 Mbits/sec  1.264 ms  641/1143 (56%)  
[  5] 167.00-168.00 sec   710 KBytes  5.82 Mbits/sec  1.230 ms  759/1365 (56%)  
[  5] 168.00-169.00 sec   589 KBytes  4.83 Mbits/sec  1.188 ms  625/1128 (55%)  
[  5] 169.00-170.00 sec   718 KBytes  5.88 Mbits/sec  1.046 ms  762/1375 (55%)  
[  5] 170.00-171.00 sec   619 KBytes  5.07 Mbits/sec  1.163 ms  627/1155 (54%)  
[  5] 171.00-172.00 sec   709 KBytes  5.81 Mbits/sec  1.130 ms  709/1314 (54%)  
[  5] 172.00-173.00 sec   689 KBytes  5.64 Mbits/sec  1.110 ms  692/1280 (54%)  
[  5] 173.00-174.00 sec   619 KBytes  5.07 Mbits/sec  1.115 ms  647/1175 (55%)  
[  5] 174.00-175.00 sec   709 KBytes  5.81 Mbits/sec  1.182 ms  729/1334 (55%)  
[  5] 175.00-176.00 sec   718 KBytes  5.88 Mbits/sec  1.147 ms  769/1382 (56%)  
[  5] 176.00-177.00 sec   580 KBytes  4.75 Mbits/sec  1.222 ms  584/1079 (54%)  
[  5] 177.00-178.00 sec   718 KBytes  5.88 Mbits/sec  1.220 ms  735/1348 (55%)  
[  5] 178.00-179.00 sec   709 KBytes  5.81 Mbits/sec  1.163 ms  717/1322 (54%)  
[  5] 179.00-180.00 sec   589 KBytes  4.83 Mbits/sec  1.192 ms  591/1094 (54%)  
[  5] 180.00-181.00 sec   718 KBytes  5.89 Mbits/sec  1.151 ms  725/1338 (54%)  
[  5] 181.00-182.00 sec   709 KBytes  5.81 Mbits/sec  1.276 ms  761/1366 (56%)  
[  5] 182.00-183.00 sec   566 KBytes  4.64 Mbits/sec  1.267 ms  660/1143 (58%)  
[  5] 183.00-184.00 sec   720 KBytes  5.89 Mbits/sec  1.062 ms  732/1346 (54%)  
[  5] 184.00-185.00 sec   589 KBytes  4.83 Mbits/sec  1.069 ms  591/1094 (54%)  
[  5] 185.00-186.00 sec   619 KBytes  5.07 Mbits/sec  1.130 ms  624/1152 (54%)  
[  5] 186.00-187.00 sec   619 KBytes  5.07 Mbits/sec  1.255 ms  627/1155 (54%)  
[  5] 187.00-188.00 sec   709 KBytes  5.81 Mbits/sec  1.213 ms  704/1309 (54%)  
[  5] 188.00-189.00 sec   588 KBytes  4.82 Mbits/sec  1.250 ms  589/1091 (54%)  
[  5] 189.00-190.00 sec   710 KBytes  5.82 Mbits/sec  1.290 ms  748/1354 (55%)  
[  5] 190.00-191.00 sec   709 KBytes  5.81 Mbits/sec  1.201 ms  726/1331 (55%)  
[  5] 191.00-192.00 sec   589 KBytes  4.83 Mbits/sec  1.227 ms  608/1111 (55%)  
[  5] 192.00-193.00 sec   718 KBytes  5.88 Mbits/sec  1.150 ms  736/1349 (55%)  
[  5] 193.00-194.00 sec   589 KBytes  4.83 Mbits/sec  1.152 ms  578/1081 (53%)  
[  5] 194.00-195.00 sec   709 KBytes  5.81 Mbits/sec  1.168 ms  736/1341 (55%)  
[  5] 195.00-196.00 sec   619 KBytes  5.07 Mbits/sec  1.157 ms  607/1135 (53%)  
[  5] 196.00-197.00 sec   720 KBytes  5.89 Mbits/sec  1.202 ms  737/1351 (55%)  
[  5] 197.00-198.00 sec   679 KBytes  5.56 Mbits/sec  1.243 ms  687/1266 (54%)  
[  5] 198.00-199.00 sec   619 KBytes  5.07 Mbits/sec  1.218 ms  650/1178 (55%)  
[  5] 199.00-200.00 sec   709 KBytes  5.81 Mbits/sec  1.308 ms  827/1432 (58%)  
[  5] 200.00-201.00 sec   588 KBytes  4.82 Mbits/sec  1.336 ms  644/1146 (56%)  
[  5] 201.00-202.00 sec   720 KBytes  5.89 Mbits/sec  1.163 ms  796/1410 (56%)  
[  5] 202.00-203.00 sec   709 KBytes  5.81 Mbits/sec  1.217 ms  731/1336 (55%)  
[  5] 203.00-204.00 sec   588 KBytes  4.82 Mbits/sec  1.277 ms  606/1108 (55%)  
[  5] 204.00-205.00 sec   720 KBytes  5.89 Mbits/sec  1.286 ms  741/1355 (55%)  
[  5] 205.00-206.00 sec   709 KBytes  5.80 Mbits/sec  1.148 ms  703/1308 (54%)  
[  5] 206.00-207.00 sec   589 KBytes  4.83 Mbits/sec  1.276 ms  626/1129 (55%)  
[  5] 207.00-208.00 sec   718 KBytes  5.89 Mbits/sec  1.133 ms  763/1376 (55%)  
[  5] 208.00-209.00 sec   709 KBytes  5.81 Mbits/sec  1.184 ms  716/1321 (54%)  
[  5] 209.00-210.00 sec   619 KBytes  5.07 Mbits/sec  1.205 ms  648/1176 (55%)  
[  5] 210.00-211.00 sec   680 KBytes  5.57 Mbits/sec  1.238 ms  696/1276 (55%)  
[  5] 211.00-212.00 sec   628 KBytes  5.14 Mbits/sec  1.165 ms  670/1206 (56%)  
[  5] 212.00-213.00 sec   709 KBytes  5.81 Mbits/sec  1.238 ms  700/1305 (54%)  
[  5] 213.00-214.00 sec   671 KBytes  5.50 Mbits/sec  1.146 ms  689/1262 (55%)  
[  5] 214.00-215.00 sec   619 KBytes  5.07 Mbits/sec  1.272 ms  645/1173 (55%)  
[  5] 215.00-216.00 sec   718 KBytes  5.88 Mbits/sec  1.159 ms  741/1354 (55%)  
[  5] 216.00-217.00 sec   589 KBytes  4.83 Mbits/sec  1.132 ms  599/1102 (54%)  
[  5] 217.00-218.00 sec   709 KBytes  5.81 Mbits/sec  1.251 ms  719/1324 (54%)  
[  5] 218.00-219.00 sec   619 KBytes  5.07 Mbits/sec  1.314 ms  617/1145 (54%)  
[  5] 219.00-220.00 sec   689 KBytes  5.64 Mbits/sec  1.185 ms  691/1279 (54%)  
[  5] 220.00-221.00 sec   619 KBytes  5.07 Mbits/sec  1.145 ms  615/1143 (54%)  
[  5] 221.00-222.00 sec   619 KBytes  5.07 Mbits/sec  1.216 ms  623/1151 (54%)  
[  5] 222.00-223.00 sec   589 KBytes  4.83 Mbits/sec  1.193 ms  601/1104 (54%)  
[  5] 223.00-224.00 sec   709 KBytes  5.81 Mbits/sec  1.306 ms  745/1350 (55%)  
[  5] 224.00-225.00 sec   619 KBytes  5.07 Mbits/sec  1.030 ms  620/1148 (54%)  
[  5] 225.00-226.00 sec   589 KBytes  4.83 Mbits/sec  1.192 ms  610/1113 (55%)  
[  5] 226.00-227.00 sec   718 KBytes  5.89 Mbits/sec  1.155 ms  714/1327 (54%)  
[  5] 227.00-228.00 sec   589 KBytes  4.83 Mbits/sec  1.059 ms  577/1080 (53%)  
[  5] 228.00-229.00 sec   709 KBytes  5.81 Mbits/sec  1.146 ms  710/1315 (54%)  
[  5] 229.00-230.00 sec   718 KBytes  5.88 Mbits/sec  1.118 ms  739/1352 (55%)  
[  5] 230.00-231.00 sec   589 KBytes  4.83 Mbits/sec  1.153 ms  590/1093 (54%)  
[  5] 231.00-232.00 sec   709 KBytes  5.81 Mbits/sec  1.275 ms  763/1368 (56%)  
[  5] 232.00-233.00 sec   709 KBytes  5.81 Mbits/sec  1.205 ms  784/1389 (56%)  
[  5] 233.00-234.00 sec   616 KBytes  5.05 Mbits/sec  1.147 ms  668/1194 (56%)  
[  5] 234.00-235.00 sec   698 KBytes  5.72 Mbits/sec  1.507 ms  735/1331 (55%)  
[  5] 235.00-236.00 sec   589 KBytes  4.83 Mbits/sec  1.325 ms  689/1192 (58%)  
[  5] 236.00-237.00 sec   709 KBytes  5.81 Mbits/sec  1.433 ms  833/1438 (58%)  
[  5] 237.00-238.00 sec   619 KBytes  5.07 Mbits/sec  1.254 ms  689/1217 (57%)  
[  5] 238.00-239.00 sec   689 KBytes  5.64 Mbits/sec  1.221 ms  814/1402 (58%)  
[  5] 239.00-240.00 sec   620 KBytes  5.08 Mbits/sec  1.170 ms  681/1210 (56%)  
[  5] 240.00-241.00 sec   709 KBytes  5.81 Mbits/sec  1.252 ms  770/1375 (56%)  
[  5] 241.00-242.00 sec   588 KBytes  4.81 Mbits/sec  1.301 ms  610/1112 (55%)  
[  5] 242.00-243.00 sec   718 KBytes  5.89 Mbits/sec  1.193 ms  720/1333 (54%)  
[  5] 243.00-244.00 sec   709 KBytes  5.81 Mbits/sec  1.160 ms  698/1303 (54%)  
[  5] 244.00-245.00 sec   589 KBytes  4.83 Mbits/sec  1.216 ms  578/1081 (53%)  
[  5] 245.00-246.00 sec   718 KBytes  5.88 Mbits/sec  1.231 ms  731/1344 (54%)  
[  5] 246.00-247.00 sec   709 KBytes  5.81 Mbits/sec  1.331 ms  704/1309 (54%)  
[  5] 247.00-248.00 sec   620 KBytes  5.08 Mbits/sec  1.157 ms  639/1168 (55%)  
[  5] 248.00-249.00 sec   679 KBytes  5.56 Mbits/sec  1.190 ms  702/1281 (55%)  
[  5] 249.00-250.00 sec   619 KBytes  5.07 Mbits/sec  1.172 ms  617/1145 (54%)  
[  5] 250.00-251.00 sec   718 KBytes  5.88 Mbits/sec  1.254 ms  737/1350 (55%)  
[  5] 251.00-252.00 sec   589 KBytes  4.83 Mbits/sec  1.198 ms  615/1118 (55%)  
[  5] 252.00-253.00 sec   709 KBytes  5.81 Mbits/sec  1.287 ms  748/1353 (55%)  
[  5] 253.00-254.00 sec   619 KBytes  5.07 Mbits/sec  1.161 ms  651/1179 (55%)  
[  5] 254.00-255.00 sec   690 KBytes  5.65 Mbits/sec  1.073 ms  719/1308 (55%)  
[  5] 255.00-256.00 sec   618 KBytes  5.06 Mbits/sec  1.132 ms  670/1197 (56%)  
[  5] 256.00-257.00 sec   599 KBytes  4.91 Mbits/sec  5.786 ms  639/1150 (56%)  
[  5] 257.00-258.00 sec   700 KBytes  5.73 Mbits/sec  1.224 ms  686/1283 (53%)  
[  5] 258.00-259.00 sec   619 KBytes  5.07 Mbits/sec  1.165 ms  619/1147 (54%)  
[  5] 259.00-260.00 sec   718 KBytes  5.88 Mbits/sec  1.177 ms  723/1336 (54%)  
[  5] 260.00-261.00 sec   589 KBytes  4.83 Mbits/sec  1.071 ms  586/1089 (54%)  
[  5] 261.00-262.00 sec   710 KBytes  5.82 Mbits/sec  1.189 ms  714/1320 (54%)  
[  5] 262.00-263.00 sec   588 KBytes  4.82 Mbits/sec  1.123 ms  585/1087 (54%)  
[  5] 263.00-264.00 sec   709 KBytes  5.81 Mbits/sec  1.306 ms  748/1353 (55%)  
[  5] 264.00-265.00 sec   718 KBytes  5.88 Mbits/sec  1.253 ms  777/1390 (56%)  
[  5] 265.00-266.00 sec   620 KBytes  5.08 Mbits/sec  1.170 ms  661/1190 (56%)  
[  5] 266.00-267.00 sec   709 KBytes  5.81 Mbits/sec  1.187 ms  771/1376 (56%)  
[  5] 267.00-268.00 sec   588 KBytes  4.82 Mbits/sec  1.290 ms  615/1117 (55%)  
[  5] 268.00-269.00 sec   720 KBytes  5.89 Mbits/sec  1.146 ms  745/1359 (55%)  
[  5] 269.00-270.00 sec   588 KBytes  4.82 Mbits/sec  1.113 ms  634/1136 (56%)  
[  5] 270.00-271.00 sec   709 KBytes  5.81 Mbits/sec  1.278 ms  766/1371 (56%)  
[  5] 271.00-272.00 sec   718 KBytes  5.89 Mbits/sec  1.206 ms  774/1387 (56%)  
[  5] 272.00-273.00 sec   591 KBytes  4.84 Mbits/sec  1.079 ms  664/1168 (57%)  
[  5] 273.00-274.00 sec   708 KBytes  5.80 Mbits/sec  1.169 ms  770/1374 (56%)  
[  5] 274.00-275.00 sec   619 KBytes  5.07 Mbits/sec  1.205 ms  655/1183 (55%)  
[  5] 275.00-276.00 sec   720 KBytes  5.90 Mbits/sec  1.103 ms  732/1346 (54%)  
[  5] 276.00-277.00 sec   589 KBytes  4.83 Mbits/sec  1.120 ms  600/1103 (54%)  
[  5] 277.00-278.00 sec   708 KBytes  5.80 Mbits/sec  1.188 ms  695/1299 (54%)  
[  5] 278.00-279.00 sec   709 KBytes  5.81 Mbits/sec  1.151 ms  711/1316 (54%)  
[  5] 279.00-280.00 sec   589 KBytes  4.83 Mbits/sec  1.276 ms  589/1092 (54%)  
[  5] 280.00-281.00 sec   720 KBytes  5.90 Mbits/sec  1.054 ms  743/1357 (55%)  
[  5] 281.00-282.00 sec   588 KBytes  4.82 Mbits/sec  1.139 ms  627/1129 (56%)  
[  5] 282.00-283.00 sec   709 KBytes  5.81 Mbits/sec  1.221 ms  745/1350 (55%)  
[  5] 283.00-284.00 sec   620 KBytes  5.08 Mbits/sec  1.252 ms  646/1175 (55%)  
[  5] 284.00-285.00 sec   718 KBytes  5.88 Mbits/sec  1.206 ms  748/1361 (55%)  
[  5] 285.00-286.00 sec   588 KBytes  4.82 Mbits/sec  1.209 ms  606/1108 (55%)  
[  5] 286.00-287.00 sec   709 KBytes  5.81 Mbits/sec  1.232 ms  724/1329 (54%)  
[  5] 287.00-288.00 sec   620 KBytes  5.08 Mbits/sec  1.188 ms  660/1189 (56%)  
[  5] 288.00-289.00 sec   688 KBytes  5.64 Mbits/sec  1.157 ms  748/1335 (56%)  
[  5] 289.00-290.00 sec   607 KBytes  4.97 Mbits/sec  1.208 ms  667/1185 (56%)  
[  5] 290.00-291.00 sec   589 KBytes  4.83 Mbits/sec  1.097 ms  588/1091 (54%)  
[  5] 291.00-292.00 sec   709 KBytes  5.81 Mbits/sec  1.186 ms  722/1327 (54%)  
[  5] 292.00-293.00 sec   619 KBytes  5.07 Mbits/sec  1.164 ms  613/1141 (54%)  
[  5] 293.00-294.00 sec   720 KBytes  5.89 Mbits/sec  1.172 ms  749/1363 (55%)  
[  5] 294.00-295.00 sec   679 KBytes  5.55 Mbits/sec  1.212 ms  696/1275 (55%)  
[  5] 295.00-296.00 sec   619 KBytes  5.07 Mbits/sec  1.198 ms  641/1169 (55%)  
[  5] 296.00-297.00 sec   709 KBytes  5.81 Mbits/sec  1.187 ms  753/1358 (55%)  
[  5] 297.00-298.00 sec   589 KBytes  4.83 Mbits/sec  1.249 ms  616/1119 (55%)  
[  5] 298.00-299.00 sec   720 KBytes  5.90 Mbits/sec  1.245 ms  732/1346 (54%)  
[  5] 299.00-300.00 sec   588 KBytes  4.82 Mbits/sec  1.211 ms  635/1137 (56%)  
[  5] 300.00-301.00 sec   709 KBytes  5.81 Mbits/sec  1.260 ms  748/1353 (55%)  
[  5] 301.00-302.00 sec   620 KBytes  5.08 Mbits/sec  1.235 ms  654/1183 (55%)  
[  5] 302.00-303.00 sec   688 KBytes  5.64 Mbits/sec  1.067 ms  729/1316 (55%)  
[  5] 303.00-304.00 sec   619 KBytes  5.07 Mbits/sec  1.209 ms  648/1176 (55%)  
[  5] 304.00-305.00 sec   709 KBytes  5.81 Mbits/sec  1.248 ms  770/1375 (56%)  
[  5] 305.00-306.00 sec   589 KBytes  4.83 Mbits/sec  1.246 ms  651/1154 (56%)  
[  5] 306.00-307.00 sec   718 KBytes  5.88 Mbits/sec  1.160 ms  776/1389 (56%)  
[  5] 307.00-308.00 sec   620 KBytes  5.08 Mbits/sec  1.062 ms  634/1163 (55%)  
[  5] 308.00-309.00 sec   696 KBytes  5.70 Mbits/sec  1.109 ms  717/1311 (55%)  
[  5] 309.00-310.00 sec   588 KBytes  4.82 Mbits/sec  1.204 ms  612/1114 (55%)  
[  5] 310.00-311.00 sec   714 KBytes  5.85 Mbits/sec  1.178 ms  763/1372 (56%)  
[  5] 311.00-312.00 sec   589 KBytes  4.83 Mbits/sec  1.148 ms  614/1117 (55%)  
[  5] 312.00-313.00 sec   708 KBytes  5.80 Mbits/sec  1.200 ms  712/1316 (54%)  
[  5] 313.00-314.00 sec   619 KBytes  5.06 Mbits/sec  1.221 ms  647/1175 (55%)  
[  5] 314.00-315.00 sec   720 KBytes  5.90 Mbits/sec  1.148 ms  793/1407 (56%)  
[  5] 315.00-316.00 sec   589 KBytes  4.83 Mbits/sec  1.109 ms  603/1106 (55%)  
[  5] 316.00-317.00 sec   619 KBytes  5.07 Mbits/sec  1.144 ms  621/1149 (54%)  
[  5] 317.00-318.00 sec   589 KBytes  4.83 Mbits/sec  1.132 ms  620/1123 (55%)  
[  5] 318.00-319.00 sec   618 KBytes  5.06 Mbits/sec  1.060 ms  644/1171 (55%)  
[  5] 319.00-320.00 sec   490 KBytes  4.01 Mbits/sec  1.240 ms  503/921 (55%)  
[  5] 320.00-321.00 sec   488 KBytes  4.00 Mbits/sec  1.190 ms  532/948 (56%)  
[  5] 321.00-322.00 sec   529 KBytes  4.33 Mbits/sec  1.245 ms  565/1016 (56%)  
[  5] 322.00-323.00 sec   500 KBytes  4.10 Mbits/sec  1.066 ms  515/942 (55%)  
[  5] 323.00-324.00 sec   588 KBytes  4.82 Mbits/sec  1.215 ms  637/1139 (56%)  
[  5] 324.00-325.00 sec   520 KBytes  4.26 Mbits/sec  1.234 ms  538/982 (55%)  
[  5] 325.00-326.00 sec   588 KBytes  4.82 Mbits/sec  1.246 ms  605/1107 (55%)  
[  5] 326.00-327.00 sec   620 KBytes  5.08 Mbits/sec  1.232 ms  659/1188 (55%)  
[  5] 327.00-328.00 sec   598 KBytes  4.90 Mbits/sec  1.167 ms  659/1169 (56%)  
[  5] 328.00-329.00 sec   607 KBytes  4.97 Mbits/sec  1.056 ms  635/1153 (55%)  
[  5] 329.00-330.00 sec   588 KBytes  4.82 Mbits/sec  1.154 ms  629/1131 (56%)  
[  5] 330.00-331.00 sec   520 KBytes  4.26 Mbits/sec  1.143 ms  536/980 (55%)  
[  5] 331.00-332.00 sec   638 KBytes  5.22 Mbits/sec  2.372 ms  703/1247 (56%)  
[  5] 332.00-333.00 sec   669 KBytes  5.48 Mbits/sec  1.272 ms  732/1303 (56%)  
[  5] 333.00-334.00 sec   499 KBytes  4.09 Mbits/sec  1.199 ms  600/1026 (58%)  
[  5] 334.00-335.00 sec   698 KBytes  5.72 Mbits/sec  1.422 ms  880/1476 (60%)  
[  5] 335.00-336.00 sec   620 KBytes  5.08 Mbits/sec  1.374 ms  822/1351 (61%)  
[  5] 336.00-337.00 sec   588 KBytes  4.82 Mbits/sec  1.396 ms  1043/1545 (68%)  
[  5] 337.00-338.00 sec   620 KBytes  5.08 Mbits/sec  1.219 ms  992/1521 (65%)  
[  5] 338.00-339.00 sec   679 KBytes  5.56 Mbits/sec  1.202 ms  949/1528 (62%)  
[  5] 339.00-340.00 sec   529 KBytes  4.33 Mbits/sec  1.302 ms  702/1153 (61%)  
[  5] 340.00-341.00 sec   589 KBytes  4.83 Mbits/sec  1.441 ms  864/1367 (63%)  
[  5] 341.00-342.00 sec   625 KBytes  5.11 Mbits/sec  8.073 ms  801/1334 (60%)  
[  5] 342.00-343.00 sec   683 KBytes  5.60 Mbits/sec  1.205 ms  839/1422 (59%)  
[  5] 343.00-344.00 sec   615 KBytes  5.04 Mbits/sec  1.302 ms  763/1288 (59%)  
[  5] 344.00-345.00 sec   588 KBytes  4.82 Mbits/sec  1.476 ms  749/1251 (60%)  
[  5] 345.00-346.00 sec   620 KBytes  5.08 Mbits/sec  1.388 ms  835/1364 (61%)  
[  5] 346.00-347.00 sec   619 KBytes  5.07 Mbits/sec  1.339 ms  765/1293 (59%)  
[  5] 347.00-348.00 sec   588 KBytes  4.82 Mbits/sec  1.238 ms  688/1190 (58%)  
[  5] 348.00-349.00 sec   620 KBytes  5.08 Mbits/sec  1.194 ms  758/1287 (59%)  
[  5] 349.00-350.00 sec   588 KBytes  4.82 Mbits/sec  1.223 ms  712/1214 (59%)  
[  5] 350.00-351.00 sec   620 KBytes  5.08 Mbits/sec  1.310 ms  712/1241 (57%)  
[  5] 351.00-352.00 sec   619 KBytes  5.07 Mbits/sec  1.196 ms  717/1245 (58%)  
[  5] 352.00-353.00 sec   588 KBytes  4.82 Mbits/sec  1.256 ms  675/1177 (57%)  
[  5] 353.00-354.00 sec   499 KBytes  4.09 Mbits/sec  1.279 ms  556/982 (57%)  
[  5] 354.00-355.00 sec   530 KBytes  4.34 Mbits/sec  1.242 ms  592/1044 (57%)  
[  5] 355.00-356.00 sec   400 KBytes  3.27 Mbits/sec  1.259 ms  486/827 (59%)  
[  5] 356.00-357.00 sec   499 KBytes  4.09 Mbits/sec  1.370 ms  608/1034 (59%)  
[  5] 357.00-358.00 sec   498 KBytes  4.08 Mbits/sec  1.193 ms  622/1047 (59%)  
[  5] 358.00-359.00 sec   520 KBytes  4.26 Mbits/sec  1.234 ms  607/1051 (58%)  
[  5] 359.00-360.00 sec   499 KBytes  4.09 Mbits/sec  1.209 ms  548/974 (56%)  
[  5] 360.00-361.00 sec   486 KBytes  3.98 Mbits/sec  1.228 ms  563/978 (58%)  
[  5] 361.00-362.00 sec   530 KBytes  4.34 Mbits/sec  1.149 ms  598/1050 (57%)  
[  5] 362.00-363.00 sec   589 KBytes  4.83 Mbits/sec  1.215 ms  697/1200 (58%)  
[  5] 363.00-364.00 sec   480 KBytes  3.94 Mbits/sec  1.286 ms  583/993 (59%)  
[  5] 364.00-365.00 sec   618 KBytes  5.06 Mbits/sec  1.393 ms  799/1326 (60%)  
[  5] 365.00-366.00 sec   500 KBytes  4.10 Mbits/sec  1.333 ms  643/1070 (60%)  
[  5] 366.00-367.00 sec   599 KBytes  4.91 Mbits/sec  1.347 ms  838/1349 (62%)  
[  5] 367.00-368.00 sec   499 KBytes  4.09 Mbits/sec  1.123 ms  611/1037 (59%)  
[  5] 368.00-369.00 sec   519 KBytes  4.25 Mbits/sec  1.195 ms  591/1034 (57%)  
[  5] 369.00-370.00 sec   599 KBytes  4.91 Mbits/sec  1.265 ms  708/1219 (58%)  
[  5] 370.00-371.00 sec   490 KBytes  4.01 Mbits/sec  1.346 ms  596/1014 (59%)  
[  5] 371.00-372.00 sec   619 KBytes  5.06 Mbits/sec  1.415 ms  952/1480 (64%)  
[  5] 372.00-373.00 sec   499 KBytes  4.09 Mbits/sec  1.245 ms  665/1091 (61%)  
[  5] 373.00-374.00 sec   619 KBytes  5.07 Mbits/sec  1.385 ms  1203/1731 (69%)  
[  5] 374.00-375.00 sec   589 KBytes  4.83 Mbits/sec  1.521 ms  1033/1536 (67%)  
[  5] 375.00-376.00 sec   598 KBytes  4.90 Mbits/sec  1.456 ms  1025/1535 (67%)  
[  5] 376.00-377.00 sec   589 KBytes  4.83 Mbits/sec  1.453 ms  957/1460 (66%)  
[  5] 377.00-378.00 sec   620 KBytes  5.08 Mbits/sec  9.940 ms  1101/1630 (68%)  
[  5] 378.00-379.00 sec   687 KBytes  5.63 Mbits/sec  1.311 ms  956/1542 (62%)  
[  5] 379.00-380.00 sec   620 KBytes  5.08 Mbits/sec  1.222 ms  869/1398 (62%)  
[  5] 380.00-381.00 sec   619 KBytes  5.07 Mbits/sec  1.375 ms  874/1402 (62%)  
[  5] 381.00-382.00 sec   589 KBytes  4.83 Mbits/sec  1.327 ms  818/1321 (62%)  
[  5] 382.00-383.00 sec   619 KBytes  5.07 Mbits/sec  1.362 ms  840/1368 (61%)  
[  5] 383.00-384.00 sec   589 KBytes  4.83 Mbits/sec  1.452 ms  847/1350 (63%)  
[  5] 384.00-385.00 sec   619 KBytes  5.07 Mbits/sec  1.295 ms  905/1433 (63%)  
[  5] 385.00-386.00 sec   588 KBytes  4.82 Mbits/sec  1.609 ms  868/1370 (63%)  
[  5] 386.00-387.00 sec   620 KBytes  5.08 Mbits/sec  1.319 ms  881/1410 (62%)  
[  5] 387.00-388.00 sec   589 KBytes  4.83 Mbits/sec  1.324 ms  844/1347 (63%)  
[  5] 388.00-389.00 sec   619 KBytes  5.07 Mbits/sec  1.195 ms  894/1422 (63%)  
[  5] 389.00-390.00 sec   499 KBytes  4.09 Mbits/sec  1.258 ms  573/999 (57%)  
[  5] 390.00-391.00 sec   619 KBytes  5.07 Mbits/sec  1.294 ms  704/1232 (57%)  
[  5] 391.00-392.00 sec   585 KBytes  4.79 Mbits/sec  1.264 ms  677/1176 (58%)  
[  5] 392.00-393.00 sec   619 KBytes  5.07 Mbits/sec  1.185 ms  729/1257 (58%)  
[  5] 393.00-394.00 sec   589 KBytes  4.83 Mbits/sec  1.345 ms  710/1213 (59%)  
[  5] 394.00-395.00 sec   619 KBytes  5.07 Mbits/sec  1.197 ms  697/1225 (57%)  
[  5] 395.00-396.00 sec   589 KBytes  4.83 Mbits/sec  1.327 ms  678/1181 (57%)  
[  5] 396.00-397.00 sec   619 KBytes  5.07 Mbits/sec  1.236 ms  741/1269 (58%)  
[  5] 397.00-398.00 sec   588 KBytes  4.82 Mbits/sec  1.345 ms  738/1240 (60%)  
[  5] 398.00-399.00 sec   530 KBytes  4.34 Mbits/sec  1.265 ms  693/1145 (61%)  
[  5] 399.00-400.00 sec   400 KBytes  3.27 Mbits/sec  1.269 ms  468/809 (58%)  
[  5] 400.00-401.00 sec   499 KBytes  4.09 Mbits/sec  1.319 ms  592/1018 (58%)  
[  5] 401.00-402.00 sec   499 KBytes  4.09 Mbits/sec  1.156 ms  606/1032 (59%)  
[  5] 402.00-403.00 sec   519 KBytes  4.25 Mbits/sec  1.212 ms  622/1065 (58%)  
[  5] 403.00-404.00 sec   499 KBytes  4.09 Mbits/sec  1.239 ms  593/1019 (58%)  
[  5] 404.00-405.00 sec   189 KBytes  1.55 Mbits/sec  1.379 ms  250/411 (61%)  
[  5] 405.00-406.00 sec  0.00 Bytes  0.00 bits/sec  1.379 ms  0/0 (0%)  
[  5] 406.00-407.00 sec  0.00 Bytes  0.00 bits/sec  1.379 ms  0/0 (0%)  
[  5] 407.00-409.30 sec  0.00 Bytes  0.00 bits/sec  1.379 ms  0/0 (0%)  
[  5] 409.30-410.00 sec   400 KBytes  4.66 Mbits/sec  1.385 ms  491/832 (59%)  
[  5] 410.00-411.00 sec   720 KBytes  5.89 Mbits/sec  1.241 ms  906/1520 (60%)  
[  5] 411.00-412.00 sec   489 KBytes  4.01 Mbits/sec  1.333 ms  623/1040 (60%)  
[  5] 412.00-413.00 sec   530 KBytes  4.34 Mbits/sec  1.263 ms  661/1113 (59%)  
[  5] 413.00-414.00 sec   499 KBytes  4.09 Mbits/sec  1.217 ms  568/994 (57%)  
[  5] 414.00-415.00 sec   589 KBytes  4.83 Mbits/sec  1.130 ms  740/1243 (60%)  
[  5] 415.00-416.00 sec   519 KBytes  4.25 Mbits/sec  1.314 ms  641/1084 (59%)  
[  5] 416.00-417.00 sec   498 KBytes  4.08 Mbits/sec  1.268 ms  589/1014 (58%)  
[  5] 417.00-418.00 sec   500 KBytes  4.10 Mbits/sec  1.416 ms  618/1045 (59%)  
[  5] 418.00-419.00 sec   499 KBytes  4.09 Mbits/sec  1.118 ms  577/1003 (58%)  
[  5] 419.00-420.00 sec   619 KBytes  5.07 Mbits/sec  1.126 ms  780/1308 (60%)  
[  5] 420.00-421.00 sec   519 KBytes  4.25 Mbits/sec  1.243 ms  696/1139 (61%)  
[  5] 421.00-422.00 sec   499 KBytes  4.09 Mbits/sec  1.407 ms  780/1206 (65%)  
[  5] 422.00-423.00 sec   589 KBytes  4.83 Mbits/sec  2.140 ms  1338/1841 (73%)  
