Connecting to host 172.22.0.50, port 5202
Reverse mode, remote host 172.22.0.50 is sending
[  5] local 192.168.102.2 port 52658 connected to 172.22.0.50 port 5202
[ ID] Interval           Transfer     Bitrate         Jitter    Lost/Total Datagrams
[  5]   0.00-1.00   sec   440 KBytes  3.60 Mbits/sec  0.329 ms  0/4509 (0%)  
[  5]   1.00-2.00   sec   439 KBytes  3.59 Mbits/sec  0.312 ms  0/4493 (0%)  
[  5]   2.00-3.00   sec   440 KBytes  3.60 Mbits/sec  0.341 ms  0/4502 (0%)  
[  5]   3.00-4.00   sec   440 KBytes  3.60 Mbits/sec  0.233 ms  0/4501 (0%)  
[  5]   4.00-5.00   sec   438 KBytes  3.58 Mbits/sec  0.323 ms  0/4480 (0%)  
[  5]   5.00-6.00   sec   440 KBytes  3.60 Mbits/sec  0.466 ms  0/4507 (0%)  
[  5]   6.00-7.00   sec   438 KBytes  3.59 Mbits/sec  0.421 ms  0/4491 (0%)  
[  5]   7.00-8.00   sec   440 KBytes  3.61 Mbits/sec  0.249 ms  0/4503 (0%)  
[  5]   8.00-9.00   sec   440 KBytes  3.60 Mbits/sec  0.382 ms  0/4504 (0%)  
[  5]   9.00-10.00  sec   440 KBytes  3.60 Mbits/sec  0.323 ms  0/4502 (0%)  
[  5]  10.00-11.00  sec   441 KBytes  3.61 Mbits/sec  0.260 ms  0/4514 (0%)  
[  5]  11.00-12.00  sec   439 KBytes  3.59 Mbits/sec  0.324 ms  0/4495 (0%)  
[  5]  12.00-13.00  sec   438 KBytes  3.60 Mbits/sec  0.386 ms  0/4490 (0%)  
[  5]  13.00-14.00  sec   440 KBytes  3.60 Mbits/sec  0.316 ms  0/4503 (0%)  
[  5]  14.00-15.00  sec   438 KBytes  3.59 Mbits/sec  0.315 ms  0/4486 (0%)  
[  5]  15.00-16.00  sec   442 KBytes  3.62 Mbits/sec  0.267 ms  0/4526 (0%)  
[  5]  16.00-17.00  sec   439 KBytes  3.60 Mbits/sec  0.286 ms  0/4498 (0%)  
[  5]  17.00-18.00  sec   369 KBytes  3.02 Mbits/sec  0.381 ms  0/3780 (0%)  
[  5]  18.00-19.00  sec   298 KBytes  2.44 Mbits/sec  0.328 ms  0/3054 (0%)  
[  5]  19.00-20.00  sec   312 KBytes  2.56 Mbits/sec  0.413 ms  0/3195 (0%)  
[  5]  20.00-21.00  sec   304 KBytes  2.49 Mbits/sec  0.374 ms  0/3115 (0%)  
[  5]  21.00-22.00  sec   317 KBytes  2.59 Mbits/sec  0.453 ms  0/3242 (0%)  
[  5]  22.00-23.00  sec   308 KBytes  2.53 Mbits/sec  0.457 ms  0/3159 (0%)  
[  5]  23.00-24.00  sec   302 KBytes  2.48 Mbits/sec  0.435 ms  0/3095 (0%)  
[  5]  24.00-25.00  sec   306 KBytes  2.51 Mbits/sec  0.350 ms  0/3132 (0%)  
[  5]  25.00-26.00  sec   312 KBytes  2.55 Mbits/sec  0.387 ms  0/3191 (0%)  
[  5]  26.00-27.00  sec   312 KBytes  2.56 Mbits/sec  0.387 ms  0/3200 (0%)  
[  5]  27.00-28.00  sec   308 KBytes  2.52 Mbits/sec  0.378 ms  0/3155 (0%)  
[  5]  28.00-29.00  sec   308 KBytes  2.52 Mbits/sec  0.365 ms  0/3156 (0%)  
[  5]  29.00-30.00  sec   314 KBytes  2.57 Mbits/sec  0.386 ms  0/3217 (0%)  
[  5]  30.00-31.00  sec   297 KBytes  2.43 Mbits/sec  0.378 ms  0/3037 (0%)  
[  5]  31.00-32.00  sec   292 KBytes  2.40 Mbits/sec  0.383 ms  0/2994 (0%)  
[  5]  32.00-33.00  sec   286 KBytes  2.34 Mbits/sec  0.553 ms  0/2930 (0%)  
[  5]  33.00-34.00  sec   290 KBytes  2.38 Mbits/sec  0.460 ms  0/2973 (0%)  
[  5]  34.00-35.00  sec   286 KBytes  2.34 Mbits/sec  0.404 ms  0/2929 (0%)  
[  5]  35.00-36.00  sec   309 KBytes  2.53 Mbits/sec  0.311 ms  0/3160 (0%)  
[  5]  36.00-37.00  sec   312 KBytes  2.56 Mbits/sec  0.351 ms  0/3196 (0%)  
[  5]  37.00-38.00  sec   306 KBytes  2.51 Mbits/sec  0.386 ms  0/3131 (0%)  
[  5]  38.00-39.00  sec   295 KBytes  2.42 Mbits/sec  0.387 ms  0/3022 (0%)  
[  5]  39.00-40.00  sec   302 KBytes  2.47 Mbits/sec  0.555 ms  0/3088 (0%)  
[  5]  40.00-41.00  sec   296 KBytes  2.43 Mbits/sec  0.362 ms  0/3029 (0%)  
[  5]  41.00-42.00  sec   303 KBytes  2.48 Mbits/sec  0.456 ms  0/3102 (0%)  
[  5]  42.00-43.00  sec   315 KBytes  2.58 Mbits/sec  0.346 ms  0/3222 (0%)  
[  5]  43.00-44.00  sec   314 KBytes  2.57 Mbits/sec  0.515 ms  0/3218 (0%)  
[  5]  44.00-45.00  sec   310 KBytes  2.54 Mbits/sec  0.375 ms  0/3177 (0%)  
[  5]  45.00-46.00  sec   316 KBytes  2.59 Mbits/sec  0.390 ms  0/3237 (0%)  
[  5]  46.00-47.00  sec   308 KBytes  2.52 Mbits/sec  0.365 ms  0/3150 (0%)  
[  5]  47.00-48.00  sec   301 KBytes  2.46 Mbits/sec  0.435 ms  0/3079 (0%)  
[  5]  48.00-49.00  sec   304 KBytes  2.49 Mbits/sec  0.429 ms  0/3118 (0%)  
[  5]  49.00-50.00  sec   308 KBytes  2.52 Mbits/sec  0.391 ms  0/3150 (0%)  
[  5]  50.00-51.00  sec   306 KBytes  2.51 Mbits/sec  0.380 ms  0/3135 (0%)  
[  5]  51.00-52.00  sec   300 KBytes  2.46 Mbits/sec  0.319 ms  0/3073 (0%)  
[  5]  52.00-53.00  sec   303 KBytes  2.48 Mbits/sec  0.362 ms  0/3100 (0%)  
[  5]  53.00-54.00  sec   301 KBytes  2.47 Mbits/sec  0.405 ms  0/3082 (0%)  
[  5]  54.00-55.00  sec   296 KBytes  2.42 Mbits/sec  0.452 ms  0/3027 (0%)  
[  5]  55.00-56.00  sec   304 KBytes  2.49 Mbits/sec  0.367 ms  0/3108 (0%)  
[  5]  56.00-57.00  sec   305 KBytes  2.50 Mbits/sec  0.360 ms  0/3123 (0%)  
[  5]  57.00-58.00  sec   311 KBytes  2.55 Mbits/sec  0.511 ms  0/3187 (0%)  
[  5]  58.00-59.00  sec   308 KBytes  2.52 Mbits/sec  0.541 ms  0/3154 (0%)  
[  5]  59.00-60.00  sec   307 KBytes  2.51 Mbits/sec  0.693 ms  0/3141 (0%)  
[  5]  60.00-61.00  sec   304 KBytes  2.49 Mbits/sec  0.335 ms  0/3109 (0%)  
[  5]  61.00-62.00  sec   276 KBytes  2.26 Mbits/sec  0.468 ms  0/2825 (0%)  
[  5]  62.00-63.00  sec   275 KBytes  2.25 Mbits/sec  0.599 ms  0/2811 (0%)  
[  5]  63.00-64.00  sec   281 KBytes  2.30 Mbits/sec  0.403 ms  0/2880 (0%)  
[  5]  64.00-65.00  sec   277 KBytes  2.27 Mbits/sec  0.377 ms  0/2834 (0%)  
[  5]  65.00-66.00  sec   304 KBytes  2.49 Mbits/sec  0.345 ms  0/3115 (0%)  
[  5]  66.00-67.00  sec   312 KBytes  2.56 Mbits/sec  0.400 ms  0/3195 (0%)  
[  5]  67.00-68.00  sec   308 KBytes  2.52 Mbits/sec  0.426 ms  0/3156 (0%)  
[  5]  68.00-69.00  sec   312 KBytes  2.55 Mbits/sec  0.438 ms  0/3190 (0%)  
[  5]  69.00-70.00  sec   310 KBytes  2.54 Mbits/sec  0.358 ms  0/3172 (0%)  
[  5]  70.00-71.00  sec   302 KBytes  2.48 Mbits/sec  0.374 ms  0/3096 (0%)  
[  5]  71.00-72.00  sec   297 KBytes  2.44 Mbits/sec  0.519 ms  0/3045 (0%)  
[  5]  72.00-73.00  sec   303 KBytes  2.48 Mbits/sec  0.508 ms  0/3100 (0%)  
[  5]  73.00-74.00  sec   304 KBytes  2.49 Mbits/sec  0.440 ms  0/3118 (0%)  
[  5]  74.00-75.00  sec   305 KBytes  2.50 Mbits/sec  0.380 ms  0/3127 (0%)  
[  5]  75.00-76.00  sec   308 KBytes  2.52 Mbits/sec  0.470 ms  0/3156 (0%)  
[  5]  76.00-77.00  sec   306 KBytes  2.50 Mbits/sec  0.374 ms  0/3131 (0%)  
[  5]  77.00-78.00  sec   300 KBytes  2.46 Mbits/sec  0.394 ms  0/3077 (0%)  
[  5]  78.00-79.00  sec   295 KBytes  2.42 Mbits/sec  0.471 ms  0/3022 (0%)  
[  5]  79.00-80.00  sec   297 KBytes  2.43 Mbits/sec  0.393 ms  0/3044 (0%)  
[  5]  80.00-81.00  sec   297 KBytes  2.44 Mbits/sec  0.331 ms  0/3045 (0%)  
[  5]  81.00-82.00  sec   300 KBytes  2.46 Mbits/sec  0.349 ms  0/3069 (0%)  
[  5]  82.00-83.00  sec   292 KBytes  2.39 Mbits/sec  0.405 ms  0/2989 (0%)  
[  5]  83.00-84.00  sec   303 KBytes  2.48 Mbits/sec  0.353 ms  0/3100 (0%)  
[  5]  84.00-85.00  sec   304 KBytes  2.49 Mbits/sec  0.313 ms  0/3110 (0%)  
[  5]  85.00-86.00  sec   300 KBytes  2.46 Mbits/sec  0.378 ms  0/3072 (0%)  
[  5]  86.00-87.00  sec   308 KBytes  2.53 Mbits/sec  0.390 ms  0/3159 (0%)  
[  5]  87.00-88.00  sec   301 KBytes  2.47 Mbits/sec  0.445 ms  0/3087 (0%)  
[  5]  88.00-89.00  sec   300 KBytes  2.46 Mbits/sec  0.364 ms  0/3072 (0%)  
[  5]  89.00-90.00  sec   302 KBytes  2.47 Mbits/sec  0.355 ms  0/3090 (0%)  
[  5]  90.00-91.00  sec   305 KBytes  2.50 Mbits/sec  0.432 ms  0/3122 (0%)  
[  5]  91.00-92.00  sec   310 KBytes  2.54 Mbits/sec  0.354 ms  0/3179 (0%)  
[  5]  92.00-93.00  sec   304 KBytes  2.49 Mbits/sec  0.395 ms  0/3108 (0%)  
[  5]  93.00-94.00  sec   296 KBytes  2.42 Mbits/sec  0.404 ms  0/3031 (0%)  
[  5]  94.00-95.00  sec   307 KBytes  2.52 Mbits/sec  0.376 ms  0/3146 (0%)  
[  5]  95.00-96.00  sec   300 KBytes  2.46 Mbits/sec  0.400 ms  0/3072 (0%)  
[  5]  96.00-97.00  sec   235 KBytes  1.93 Mbits/sec  0.233 ms  229/2636 (8.7%)  
[  5]  97.00-98.00  sec   256 KBytes  2.10 Mbits/sec  0.239 ms  1422/4048 (35%)  
[  5]  98.00-99.00  sec   316 KBytes  2.59 Mbits/sec  0.216 ms  1430/4667 (31%)  
[  5]  99.00-100.00 sec   267 KBytes  2.19 Mbits/sec  0.241 ms  1397/4131 (34%)  
[  5] 100.00-101.00 sec   282 KBytes  2.31 Mbits/sec  0.233 ms  1395/4279 (33%)  
[  5] 101.00-102.00 sec   286 KBytes  2.34 Mbits/sec  0.215 ms  2076/5004 (41%)  
[  5] 102.00-103.00 sec   277 KBytes  2.27 Mbits/sec  0.216 ms  1358/4193 (32%)  
[  5] 103.00-104.00 sec   295 KBytes  2.42 Mbits/sec  0.219 ms  1776/4797 (37%)  
[  5] 104.00-105.00 sec   301 KBytes  2.46 Mbits/sec  0.199 ms  1711/4790 (36%)  
[  5] 105.00-106.00 sec   267 KBytes  2.19 Mbits/sec  0.215 ms  1325/4060 (33%)  
[  5] 106.00-107.00 sec   310 KBytes  2.54 Mbits/sec  0.339 ms  1704/4876 (35%)  
[  5] 107.00-108.00 sec   322 KBytes  2.64 Mbits/sec  0.218 ms  1745/5043 (35%)  
[  5] 108.00-109.00 sec   246 KBytes  2.01 Mbits/sec  0.216 ms  1489/4005 (37%)  
[  5] 109.00-110.00 sec   304 KBytes  2.48 Mbits/sec  0.219 ms  1568/4676 (34%)  
[  5] 110.00-111.00 sec   299 KBytes  2.45 Mbits/sec  0.215 ms  1796/4855 (37%)  
[  5] 111.00-112.00 sec   267 KBytes  2.19 Mbits/sec  0.217 ms  1249/3988 (31%)  
[  5] 112.00-113.00 sec   298 KBytes  2.44 Mbits/sec  0.256 ms  1798/4849 (37%)  
[  5] 113.00-114.00 sec   270 KBytes  2.22 Mbits/sec  0.275 ms  1283/4052 (32%)  
[  5] 114.00-115.00 sec   276 KBytes  2.26 Mbits/sec  0.248 ms  1853/4677 (40%)  
[  5] 115.00-116.00 sec   311 KBytes  2.55 Mbits/sec  0.223 ms  1645/4832 (34%)  
[  5] 116.00-117.00 sec   316 KBytes  2.59 Mbits/sec  0.230 ms  1348/4585 (29%)  
[  5] 117.00-118.00 sec   259 KBytes  2.12 Mbits/sec  0.275 ms  1233/3885 (32%)  
[  5] 118.00-119.00 sec   314 KBytes  2.57 Mbits/sec  0.207 ms  1858/5074 (37%)  
[  5] 119.00-120.00 sec   271 KBytes  2.22 Mbits/sec  0.219 ms  1239/4010 (31%)  
[  5] 120.00-121.00 sec   299 KBytes  2.45 Mbits/sec  0.216 ms  1807/4866 (37%)  
[  5] 121.00-122.00 sec   311 KBytes  2.55 Mbits/sec  0.231 ms  1575/4764 (33%)  
[  5] 122.00-123.00 sec   247 KBytes  2.03 Mbits/sec  0.220 ms  1619/4153 (39%)  
[  5] 123.00-124.00 sec   305 KBytes  2.50 Mbits/sec  0.217 ms  1857/4984 (37%)  
[  5] 124.00-125.00 sec   271 KBytes  2.22 Mbits/sec  0.218 ms  1289/4068 (32%)  
[  5] 125.00-126.00 sec   279 KBytes  2.28 Mbits/sec  0.215 ms  1859/4711 (39%)  
[  5] 126.00-127.00 sec   319 KBytes  2.61 Mbits/sec  0.216 ms  1504/4769 (32%)  
[  5] 127.00-128.00 sec   316 KBytes  2.59 Mbits/sec  0.199 ms  1611/4844 (33%)  
[  5] 128.00-129.00 sec   248 KBytes  2.03 Mbits/sec  0.212 ms  1485/4023 (37%)  
[  5] 129.00-130.00 sec   280 KBytes  2.30 Mbits/sec  0.219 ms  1270/4141 (31%)  
[  5] 130.00-131.00 sec   304 KBytes  2.49 Mbits/sec  0.223 ms  1494/4603 (32%)  
[  5] 131.00-132.00 sec   280 KBytes  2.30 Mbits/sec  0.201 ms  1187/4058 (29%)  
[  5] 132.00-133.00 sec   274 KBytes  2.24 Mbits/sec  0.416 ms  1268/4072 (31%)  
[  5] 133.00-134.00 sec   304 KBytes  2.49 Mbits/sec  0.219 ms  1432/4544 (32%)  
[  5] 134.00-135.00 sec   314 KBytes  2.57 Mbits/sec  0.208 ms  1552/4770 (33%)  
[  5] 135.00-136.00 sec   271 KBytes  2.22 Mbits/sec  0.222 ms  1253/4032 (31%)  
[  5] 136.00-137.00 sec   305 KBytes  2.50 Mbits/sec  0.220 ms  1561/4683 (33%)  
[  5] 137.00-138.00 sec   240 KBytes  1.97 Mbits/sec  0.215 ms  1525/3986 (38%)  
[  5] 138.00-139.00 sec   314 KBytes  2.57 Mbits/sec  0.415 ms  1783/5000 (36%)  
[  5] 139.00-140.00 sec   280 KBytes  2.29 Mbits/sec  0.208 ms  1162/4028 (29%)  
[  5] 140.00-141.00 sec   298 KBytes  2.44 Mbits/sec  0.217 ms  1627/4676 (35%)  
[  5] 141.00-142.00 sec   300 KBytes  2.46 Mbits/sec  0.219 ms  1594/4668 (34%)  
[  5] 142.00-143.00 sec   325 KBytes  2.66 Mbits/sec  0.238 ms  1544/4873 (32%)  
[  5] 143.00-144.00 sec   266 KBytes  2.18 Mbits/sec  0.214 ms  1327/4053 (33%)  
[  5] 144.00-145.00 sec   320 KBytes  2.62 Mbits/sec  0.246 ms  1539/4816 (32%)  
[  5] 145.00-146.00 sec   249 KBytes  2.04 Mbits/sec  0.219 ms  1466/4017 (36%)  
[  5] 146.00-147.00 sec   306 KBytes  2.51 Mbits/sec  0.215 ms  1549/4682 (33%)  
[  5] 147.00-148.00 sec   254 KBytes  2.08 Mbits/sec  0.236 ms  1704/4305 (40%)  
[  5] 148.00-149.00 sec   316 KBytes  2.59 Mbits/sec  0.209 ms  1479/4716 (31%)  
[  5] 149.00-150.00 sec   295 KBytes  2.41 Mbits/sec  0.251 ms  1663/4681 (36%)  
[  5] 150.00-151.00 sec   271 KBytes  2.22 Mbits/sec  0.252 ms  1338/4112 (33%)  
[  5] 151.00-152.00 sec   312 KBytes  2.55 Mbits/sec  0.216 ms  1396/4586 (30%)  
[  5] 152.00-153.00 sec   265 KBytes  2.17 Mbits/sec  0.221 ms  1404/4117 (34%)  
[  5] 153.00-154.00 sec   312 KBytes  2.56 Mbits/sec  0.215 ms  1770/4968 (36%)  
[  5] 154.00-155.00 sec   271 KBytes  2.22 Mbits/sec  0.223 ms  1390/4165 (33%)  
[  5] 155.00-156.00 sec   281 KBytes  2.30 Mbits/sec  0.279 ms  1873/4751 (39%)  
[  5] 156.00-157.00 sec   280 KBytes  2.29 Mbits/sec  0.218 ms  1583/4449 (36%)  
[  5] 157.00-158.00 sec   308 KBytes  2.53 Mbits/sec  0.218 ms  1681/4840 (35%)  
[  5] 158.00-159.00 sec   308 KBytes  2.52 Mbits/sec  1.119 ms  1740/4891 (36%)  
[  5] 159.00-160.00 sec   252 KBytes  2.07 Mbits/sec  0.197 ms  1522/4104 (37%)  
[  5] 160.00-161.00 sec   316 KBytes  2.59 Mbits/sec  0.213 ms  1437/4674 (31%)  
[  5] 161.00-162.00 sec   280 KBytes  2.30 Mbits/sec  0.211 ms  1370/4241 (32%)  
[  5] 162.00-163.00 sec   271 KBytes  2.22 Mbits/sec  0.207 ms  1383/4153 (33%)  
[  5] 163.00-164.00 sec   300 KBytes  2.46 Mbits/sec  0.344 ms  1682/4759 (35%)  
[  5] 164.00-165.00 sec   250 KBytes  2.05 Mbits/sec  0.221 ms  1577/4135 (38%)  
[  5] 165.00-166.00 sec   285 KBytes  2.33 Mbits/sec  0.219 ms  1695/4613 (37%)  
[  5] 166.00-167.00 sec   277 KBytes  2.27 Mbits/sec  0.238 ms  1227/4063 (30%)  
[  5] 167.00-168.00 sec   287 KBytes  2.35 Mbits/sec  0.320 ms  1671/4610 (36%)  
[  5] 168.00-169.00 sec   316 KBytes  2.59 Mbits/sec  0.204 ms  1443/4680 (31%)  
[  5] 169.00-170.00 sec   274 KBytes  2.24 Mbits/sec  0.226 ms  1467/4274 (34%)  
[  5] 170.00-171.00 sec   316 KBytes  2.59 Mbits/sec  0.376 ms  1673/4913 (34%)  
[  5] 171.00-172.00 sec   267 KBytes  2.18 Mbits/sec  0.219 ms  1406/4136 (34%)  
[  5] 172.00-173.00 sec   270 KBytes  2.21 Mbits/sec  0.261 ms  1872/4639 (40%)  
[  5] 173.00-174.00 sec   280 KBytes  2.29 Mbits/sec  0.220 ms  1388/4255 (33%)  
[  5] 174.00-175.00 sec   316 KBytes  2.59 Mbits/sec  0.219 ms  1421/4654 (31%)  
[  5] 175.00-176.00 sec   288 KBytes  2.36 Mbits/sec  0.214 ms  1849/4796 (39%)  
[  5] 176.00-177.00 sec   267 KBytes  2.19 Mbits/sec  0.291 ms  1266/4004 (32%)  
[  5] 177.00-178.00 sec   317 KBytes  2.60 Mbits/sec  0.204 ms  1584/4829 (33%)  
[  5] 178.00-179.00 sec   271 KBytes  2.22 Mbits/sec  0.249 ms  1324/4099 (32%)  
[  5] 179.00-180.00 sec   308 KBytes  2.52 Mbits/sec  0.262 ms  1706/4855 (35%)  
[  5] 180.00-181.00 sec   256 KBytes  2.10 Mbits/sec  0.484 ms  1852/4474 (41%)  
[  5] 181.00-182.00 sec   296 KBytes  2.42 Mbits/sec  0.220 ms  1638/4665 (35%)  
[  5] 182.00-183.00 sec   316 KBytes  2.59 Mbits/sec  0.213 ms  1411/4645 (30%)  
[  5] 183.00-184.00 sec   319 KBytes  2.62 Mbits/sec  0.202 ms  1637/4906 (33%)  
[  5] 184.00-185.00 sec   255 KBytes  2.09 Mbits/sec  0.220 ms  1453/4068 (36%)  
[  5] 185.00-186.00 sec   293 KBytes  2.40 Mbits/sec  0.197 ms  1725/4726 (37%)  
[  5] 186.00-187.00 sec   259 KBytes  2.12 Mbits/sec  0.215 ms  1796/4447 (40%)  
[  5] 187.00-188.00 sec   292 KBytes  2.39 Mbits/sec  0.218 ms  1819/4804 (38%)  
[  5] 188.00-189.00 sec   269 KBytes  2.20 Mbits/sec  0.229 ms  1505/4257 (35%)  
[  5] 189.00-190.00 sec   317 KBytes  2.59 Mbits/sec  0.251 ms  1661/4903 (34%)  
[  5] 190.00-191.00 sec   271 KBytes  2.22 Mbits/sec  0.221 ms  1249/4023 (31%)  
[  5] 191.00-192.00 sec   298 KBytes  2.44 Mbits/sec  0.217 ms  1789/4844 (37%)  
[  5] 192.00-193.00 sec   266 KBytes  2.18 Mbits/sec  0.215 ms  1246/3971 (31%)  
[  5] 193.00-194.00 sec   277 KBytes  2.27 Mbits/sec  0.215 ms  1919/4755 (40%)  
[  5] 194.00-195.00 sec   249 KBytes  2.04 Mbits/sec  0.224 ms  1759/4309 (41%)  
[  5] 195.00-196.00 sec   268 KBytes  2.20 Mbits/sec  0.213 ms  1405/4153 (34%)  
[  5] 196.00-197.00 sec   270 KBytes  2.21 Mbits/sec  0.220 ms  1356/4121 (33%)  
[  5] 197.00-198.00 sec   268 KBytes  2.20 Mbits/sec  0.216 ms  1415/4159 (34%)  
[  5] 198.00-199.00 sec   300 KBytes  2.45 Mbits/sec  0.519 ms  1385/4452 (31%)  
[  5] 199.00-200.00 sec   287 KBytes  2.35 Mbits/sec  0.221 ms  1241/4175 (30%)  
[  5] 200.00-201.00 sec   310 KBytes  2.54 Mbits/sec  0.275 ms  1634/4812 (34%)  
[  5] 201.00-202.00 sec   297 KBytes  2.43 Mbits/sec  0.206 ms  1656/4694 (35%)  
[  5] 202.00-203.00 sec   279 KBytes  2.28 Mbits/sec  0.216 ms  1355/4209 (32%)  
[  5] 203.00-204.00 sec   274 KBytes  2.25 Mbits/sec  0.220 ms  1985/4792 (41%)  
[  5] 204.00-205.00 sec   271 KBytes  2.22 Mbits/sec  0.219 ms  1343/4122 (33%)  
[  5] 205.00-206.00 sec   325 KBytes  2.66 Mbits/sec  0.215 ms  1584/4913 (32%)  
[  5] 206.00-207.00 sec   280 KBytes  2.29 Mbits/sec  0.239 ms  1281/4147 (31%)  
[  5] 207.00-208.00 sec   305 KBytes  2.50 Mbits/sec  0.212 ms  1530/4654 (33%)  
[  5] 208.00-209.00 sec   269 KBytes  2.20 Mbits/sec  0.214 ms  1191/3945 (30%)  
[  5] 209.00-210.00 sec   321 KBytes  2.63 Mbits/sec  0.345 ms  1428/4720 (30%)  
[  5] 210.00-211.00 sec   271 KBytes  2.22 Mbits/sec  0.206 ms  1213/3988 (30%)  
[  5] 211.00-212.00 sec   278 KBytes  2.28 Mbits/sec  0.238 ms  1806/4657 (39%)  
[  5] 212.00-213.00 sec   300 KBytes  2.45 Mbits/sec  0.213 ms  2224/5291 (42%)  
[  5] 213.00-214.00 sec   248 KBytes  2.03 Mbits/sec  0.215 ms  1549/4090 (38%)  
[  5] 214.00-215.00 sec   325 KBytes  2.67 Mbits/sec  0.228 ms  1518/4851 (31%)  
[  5] 215.00-216.00 sec   297 KBytes  2.43 Mbits/sec  0.274 ms  1715/4752 (36%)  
[  5] 216.00-217.00 sec   280 KBytes  2.29 Mbits/sec  0.229 ms  1343/4209 (32%)  
[  5] 217.00-218.00 sec   317 KBytes  2.59 Mbits/sec  0.218 ms  1504/4745 (32%)  
[  5] 218.00-219.00 sec   269 KBytes  2.20 Mbits/sec  0.226 ms  1399/4150 (34%)  
[  5] 219.00-220.00 sec   311 KBytes  2.55 Mbits/sec  0.235 ms  2069/5254 (39%)  
[  5] 220.00-221.00 sec   271 KBytes  2.22 Mbits/sec  0.260 ms  1786/4565 (39%)  
[  5] 221.00-222.00 sec   304 KBytes  2.49 Mbits/sec  0.265 ms  2047/5158 (40%)  
[  5] 222.00-223.00 sec   310 KBytes  2.54 Mbits/sec  0.217 ms  1914/5089 (38%)  
[  5] 223.00-224.00 sec   271 KBytes  2.22 Mbits/sec  0.253 ms  1288/4058 (32%)  
[  5] 224.00-225.00 sec   311 KBytes  2.55 Mbits/sec  0.214 ms  1566/4755 (33%)  
[  5] 225.00-226.00 sec   313 KBytes  2.56 Mbits/sec  0.220 ms  1585/4791 (33%)  
[  5] 226.00-227.00 sec   310 KBytes  2.54 Mbits/sec  0.214 ms  1454/4625 (31%)  
[  5] 227.00-228.00 sec   279 KBytes  2.29 Mbits/sec  0.210 ms  1343/4203 (32%)  
[  5] 228.00-229.00 sec   310 KBytes  2.54 Mbits/sec  0.222 ms  1581/4752 (33%)  
[  5] 229.00-230.00 sec   258 KBytes  2.11 Mbits/sec  0.212 ms  1395/4033 (35%)  
[  5] 230.00-231.00 sec   324 KBytes  2.65 Mbits/sec  0.213 ms  1496/4814 (31%)  
[  5] 231.00-232.00 sec   316 KBytes  2.59 Mbits/sec  0.222 ms  1578/4815 (33%)  
[  5] 232.00-233.00 sec   271 KBytes  2.22 Mbits/sec  0.245 ms  1297/4072 (32%)  
[  5] 233.00-234.00 sec   320 KBytes  2.62 Mbits/sec  0.213 ms  1774/5052 (35%)  
[  5] 234.00-235.00 sec   316 KBytes  2.59 Mbits/sec  0.215 ms  1418/4650 (30%)  
[  5] 235.00-236.00 sec   280 KBytes  2.29 Mbits/sec  0.214 ms  1296/4162 (31%)  
[  5] 236.00-237.00 sec   305 KBytes  2.49 Mbits/sec  0.212 ms  1611/4731 (34%)  
[  5] 237.00-238.00 sec   271 KBytes  2.22 Mbits/sec  0.216 ms  1364/4137 (33%)  
[  5] 238.00-239.00 sec   296 KBytes  2.43 Mbits/sec  0.226 ms  1695/4728 (36%)  
[  5] 239.00-240.00 sec   280 KBytes  2.29 Mbits/sec  0.218 ms  1223/4086 (30%)  
[  5] 240.00-241.00 sec   271 KBytes  2.22 Mbits/sec  0.291 ms  1279/4058 (32%)  
[  5] 241.00-242.00 sec   309 KBytes  2.53 Mbits/sec  0.220 ms  1675/4838 (35%)  
[  5] 242.00-243.00 sec   279 KBytes  2.29 Mbits/sec  0.214 ms  1286/4148 (31%)  
[  5] 243.00-244.00 sec   312 KBytes  2.55 Mbits/sec  0.238 ms  1619/4811 (34%)  
[  5] 244.00-245.00 sec   306 KBytes  2.51 Mbits/sec  0.203 ms  1442/4575 (32%)  
[  5] 245.00-246.00 sec   271 KBytes  2.22 Mbits/sec  0.222 ms  1457/4236 (34%)  
[  5] 246.00-247.00 sec   323 KBytes  2.65 Mbits/sec  0.215 ms  1519/4831 (31%)  
[  5] 247.00-248.00 sec   305 KBytes  2.50 Mbits/sec  0.219 ms  1589/4715 (34%)  
[  5] 248.00-249.00 sec   270 KBytes  2.21 Mbits/sec  0.218 ms  1265/4028 (31%)  
[  5] 249.00-250.00 sec   307 KBytes  2.51 Mbits/sec  0.203 ms  1558/4700 (33%)  
[  5] 250.00-251.00 sec   271 KBytes  2.22 Mbits/sec  0.216 ms  1203/3977 (30%)  
[  5] 251.00-252.00 sec   308 KBytes  2.53 Mbits/sec  0.188 ms  1510/4667 (32%)  
[  5] 252.00-253.00 sec   279 KBytes  2.29 Mbits/sec  0.202 ms  1354/4216 (32%)  
[  5] 253.00-254.00 sec   298 KBytes  2.44 Mbits/sec  0.229 ms  1714/4768 (36%)  
[  5] 254.00-255.00 sec   291 KBytes  2.39 Mbits/sec  0.225 ms  1805/4787 (38%)  
[  5] 255.00-256.00 sec   307 KBytes  2.51 Mbits/sec  0.218 ms  1502/4644 (32%)  
[  5] 256.00-257.00 sec   254 KBytes  2.08 Mbits/sec  0.372 ms  1322/3922 (34%)  
[  5] 257.00-258.00 sec   286 KBytes  2.34 Mbits/sec  0.222 ms  1936/4860 (40%)  
[  5] 258.00-259.00 sec   262 KBytes  2.15 Mbits/sec  0.548 ms  1320/4008 (33%)  
[  5] 259.00-260.00 sec   315 KBytes  2.58 Mbits/sec  0.214 ms  1645/4868 (34%)  
[  5] 260.00-261.00 sec   262 KBytes  2.14 Mbits/sec  0.194 ms  1377/4058 (34%)  
[  5] 261.00-262.00 sec   302 KBytes  2.48 Mbits/sec  0.210 ms  1614/4711 (34%)  
[  5] 262.00-263.00 sec   325 KBytes  2.66 Mbits/sec  0.225 ms  1602/4931 (32%)  
[  5] 263.00-264.00 sec   262 KBytes  2.14 Mbits/sec  0.220 ms  1495/4174 (36%)  
[  5] 264.00-265.00 sec   317 KBytes  2.59 Mbits/sec  0.212 ms  1678/4920 (34%)  
[  5] 265.00-266.00 sec   308 KBytes  2.53 Mbits/sec  0.205 ms  1839/4997 (37%)  
[  5] 266.00-267.00 sec   270 KBytes  2.21 Mbits/sec  0.218 ms  1295/4061 (32%)  
[  5] 267.00-268.00 sec   303 KBytes  2.48 Mbits/sec  0.235 ms  1625/4729 (34%)  
[  5] 268.00-269.00 sec   264 KBytes  2.16 Mbits/sec  0.301 ms  1306/4005 (33%)  
[  5] 269.00-270.00 sec   314 KBytes  2.57 Mbits/sec  0.216 ms  1613/4824 (33%)  
[  5] 270.00-271.00 sec   271 KBytes  2.22 Mbits/sec  0.217 ms  1191/3961 (30%)  
[  5] 271.00-272.00 sec   325 KBytes  2.66 Mbits/sec  0.214 ms  1503/4832 (31%)  
[  5] 272.00-273.00 sec   289 KBytes  2.37 Mbits/sec  0.222 ms  1710/4669 (37%)  
[  5] 273.00-274.00 sec   247 KBytes  2.02 Mbits/sec  0.255 ms  1606/4136 (39%)  
[  5] 274.00-275.00 sec   238 KBytes  1.95 Mbits/sec  0.274 ms  1566/4006 (39%)  
[  5] 275.00-276.00 sec   280 KBytes  2.29 Mbits/sec  0.217 ms  1995/4860 (41%)  
[  5] 276.00-277.00 sec   280 KBytes  2.30 Mbits/sec  0.224 ms  1396/4267 (33%)  
[  5] 277.00-278.00 sec   302 KBytes  2.47 Mbits/sec  0.215 ms  1696/4785 (35%)  
[  5] 278.00-279.00 sec   325 KBytes  2.66 Mbits/sec  0.255 ms  1464/4793 (31%)  
[  5] 279.00-280.00 sec   262 KBytes  2.14 Mbits/sec  0.217 ms  1285/3966 (32%)  
[  5] 280.00-281.00 sec   300 KBytes  2.45 Mbits/sec  0.219 ms  1541/4609 (33%)  
[  5] 281.00-282.00 sec   305 KBytes  2.50 Mbits/sec  0.204 ms  1726/4851 (36%)  
[  5] 282.00-283.00 sec   271 KBytes  2.22 Mbits/sec  0.243 ms  1218/3992 (31%)  
[  5] 283.00-284.00 sec   307 KBytes  2.51 Mbits/sec  0.232 ms  1574/4716 (33%)  
[  5] 284.00-285.00 sec   275 KBytes  2.26 Mbits/sec  0.218 ms  1473/4293 (34%)  
[  5] 285.00-286.00 sec   291 KBytes  2.38 Mbits/sec  0.294 ms  1842/4819 (38%)  
[  5] 286.00-287.00 sec   317 KBytes  2.59 Mbits/sec  0.234 ms  1417/4658 (30%)  
[  5] 287.00-288.00 sec   235 KBytes  1.92 Mbits/sec  0.220 ms  1591/3994 (40%)  
[  5] 288.00-289.00 sec   325 KBytes  2.66 Mbits/sec  0.224 ms  1455/4780 (30%)  
[  5] 289.00-290.00 sec   316 KBytes  2.59 Mbits/sec  0.271 ms  1445/4682 (31%)  
[  5] 290.00-291.00 sec   319 KBytes  2.61 Mbits/sec  0.216 ms  1510/4773 (32%)  
[  5] 291.00-292.00 sec   260 KBytes  2.13 Mbits/sec  0.217 ms  1367/4028 (34%)  
[  5] 292.00-293.00 sec   311 KBytes  2.55 Mbits/sec  0.229 ms  1802/4985 (36%)  
[  5] 293.00-294.00 sec   234 KBytes  1.91 Mbits/sec  1.018 ms  1818/4211 (43%)  
[  5] 294.00-295.00 sec   297 KBytes  2.43 Mbits/sec  0.219 ms  1738/4780 (36%)  
[  5] 295.00-296.00 sec   310 KBytes  2.54 Mbits/sec  0.309 ms  1451/4625 (31%)  
[  5] 296.00-297.00 sec   278 KBytes  2.28 Mbits/sec  0.230 ms  1448/4297 (34%)  
[  5] 297.00-298.00 sec   298 KBytes  2.44 Mbits/sec  0.210 ms  1654/4710 (35%)  
[  5] 298.00-299.00 sec   280 KBytes  2.30 Mbits/sec  0.350 ms  1388/4259 (33%)  
[  5] 299.00-300.00 sec   316 KBytes  2.59 Mbits/sec  0.214 ms  1616/4849 (33%)  
[  5] 300.00-301.00 sec   306 KBytes  2.51 Mbits/sec  0.214 ms  1645/4779 (34%)  
[  5] 301.00-302.00 sec   257 KBytes  2.11 Mbits/sec  0.221 ms  1581/4217 (37%)  
[  5] 302.00-303.00 sec   231 KBytes  1.90 Mbits/sec  0.212 ms  1774/4143 (43%)  
[  5] 303.00-304.00 sec   321 KBytes  2.63 Mbits/sec  0.207 ms  1509/4791 (31%)  
[  5] 304.00-305.00 sec   271 KBytes  2.22 Mbits/sec  0.159 ms  1185/3960 (30%)  
[  5] 305.00-306.00 sec   304 KBytes  2.50 Mbits/sec  0.249 ms  1582/4700 (34%)  
[  5] 306.00-307.00 sec   279 KBytes  2.29 Mbits/sec  0.246 ms  1283/4144 (31%)  
[  5] 307.00-308.00 sec   292 KBytes  2.39 Mbits/sec  0.199 ms  1641/4629 (35%)  
[  5] 308.00-309.00 sec   246 KBytes  2.02 Mbits/sec  0.228 ms  1539/4063 (38%)  
[  5] 309.00-310.00 sec   256 KBytes  2.09 Mbits/sec  1.744 ms  1648/4265 (39%)  
[  5] 310.00-311.00 sec   316 KBytes  2.59 Mbits/sec  0.189 ms  1507/4744 (32%)  
[  5] 311.00-312.00 sec   268 KBytes  2.19 Mbits/sec  0.255 ms  1227/3968 (31%)  
[  5] 312.00-313.00 sec   323 KBytes  2.64 Mbits/sec  0.204 ms  1477/4780 (31%)  
[  5] 313.00-314.00 sec   315 KBytes  2.58 Mbits/sec  0.247 ms  1430/4654 (31%)  
[  5] 314.00-315.00 sec   273 KBytes  2.24 Mbits/sec  0.220 ms  1263/4059 (31%)  
[  5] 315.00-316.00 sec   280 KBytes  2.29 Mbits/sec  0.213 ms  1674/4537 (37%)  
[  5] 316.00-317.00 sec   292 KBytes  2.39 Mbits/sec  0.220 ms  1757/4746 (37%)  
[  5] 317.00-318.00 sec   275 KBytes  2.26 Mbits/sec  0.215 ms  1467/4286 (34%)  
[  5] 318.00-319.00 sec   271 KBytes  2.22 Mbits/sec  0.217 ms  1355/4130 (33%)  
[  5] 319.00-320.00 sec   222 KBytes  1.82 Mbits/sec  0.246 ms  1117/3391 (33%)  
[  5] 320.00-321.00 sec   274 KBytes  2.24 Mbits/sec  0.267 ms  1291/4097 (32%)  
[  5] 321.00-322.00 sec   225 KBytes  1.84 Mbits/sec  0.220 ms  1110/3412 (33%)  
[  5] 322.00-323.00 sec   159 KBytes  1.30 Mbits/sec  0.219 ms  1023/2654 (39%)  
[  5] 323.00-324.00 sec   207 KBytes  1.70 Mbits/sec  0.239 ms  1192/3316 (36%)  
[  5] 324.00-325.00 sec   280 KBytes  2.29 Mbits/sec  0.232 ms  1265/4131 (31%)  
[  5] 325.00-326.00 sec   220 KBytes  1.81 Mbits/sec  0.263 ms  1100/3357 (33%)  
[  5] 326.00-327.00 sec   225 KBytes  1.84 Mbits/sec  0.215 ms  1211/3511 (34%)  
[  5] 327.00-328.00 sec   271 KBytes  2.22 Mbits/sec  0.217 ms  1255/4034 (31%)  
[  5] 328.00-329.00 sec   226 KBytes  1.85 Mbits/sec  0.258 ms  1097/3409 (32%)  
[  5] 329.00-330.00 sec   258 KBytes  2.11 Mbits/sec  0.218 ms  1748/4391 (40%)  
[  5] 330.00-331.00 sec   210 KBytes  1.72 Mbits/sec  0.209 ms  1441/3587 (40%)  
[  5] 331.00-332.00 sec   256 KBytes  2.10 Mbits/sec  0.241 ms  1482/4105 (36%)  
[  5] 332.00-333.00 sec   248 KBytes  2.04 Mbits/sec  0.208 ms  1628/4172 (39%)  
[  5] 333.00-334.00 sec   218 KBytes  1.79 Mbits/sec  0.266 ms  1278/3512 (36%)  
[  5] 334.00-335.00 sec   257 KBytes  2.11 Mbits/sec  0.214 ms  1483/4118 (36%)  
[  5] 335.00-336.00 sec   226 KBytes  1.85 Mbits/sec  0.217 ms  1008/3321 (30%)  
[  5] 336.00-337.00 sec   276 KBytes  2.26 Mbits/sec  0.218 ms  1608/4433 (36%)  
[  5] 337.00-338.00 sec   265 KBytes  2.17 Mbits/sec  0.242 ms  1586/4301 (37%)  
[  5] 338.00-339.00 sec   217 KBytes  1.78 Mbits/sec  0.221 ms  1205/3430 (35%)  
[  5] 339.00-340.00 sec   213 KBytes  1.74 Mbits/sec  0.460 ms  1884/4065 (46%)  
[  5] 340.00-341.00 sec   221 KBytes  1.81 Mbits/sec  0.213 ms  1325/3588 (37%)  
[  5] 341.00-342.00 sec   256 KBytes  2.10 Mbits/sec  0.250 ms  1252/3874 (32%)  
[  5] 342.00-343.00 sec   231 KBytes  1.89 Mbits/sec  0.213 ms  1257/3621 (35%)  
[  5] 343.00-344.00 sec   259 KBytes  2.12 Mbits/sec  0.218 ms  1379/4028 (34%)  
[  5] 344.00-345.00 sec   205 KBytes  1.68 Mbits/sec  0.215 ms  1259/3356 (38%)  
[  5] 345.00-346.00 sec   274 KBytes  2.25 Mbits/sec  0.242 ms  1272/4082 (31%)  
[  5] 346.00-347.00 sec   262 KBytes  2.15 Mbits/sec  0.218 ms  1470/4154 (35%)  
[  5] 347.00-348.00 sec   270 KBytes  2.21 Mbits/sec  0.218 ms  1564/4329 (36%)  
[  5] 348.00-349.00 sec   226 KBytes  1.85 Mbits/sec  0.307 ms  1454/3770 (39%)  
[  5] 349.00-350.00 sec   269 KBytes  2.20 Mbits/sec  0.216 ms  1996/4747 (42%)  
[  5] 350.00-351.00 sec   202 KBytes  1.65 Mbits/sec  0.236 ms  1397/3463 (40%)  
[  5] 351.00-352.00 sec   244 KBytes  2.00 Mbits/sec  0.214 ms  3138/5637 (56%)  
[  5] 352.00-353.00 sec   204 KBytes  1.67 Mbits/sec  0.223 ms  3741/5831 (64%)  
[  5] 353.00-354.00 sec   259 KBytes  2.12 Mbits/sec  0.230 ms  2152/4807 (45%)  
[  5] 354.00-355.00 sec   225 KBytes  1.85 Mbits/sec  0.215 ms  1839/4147 (44%)  
[  5] 355.00-356.00 sec   269 KBytes  2.20 Mbits/sec  0.235 ms  2730/5484 (50%)  
[  5] 356.00-357.00 sec   208 KBytes  1.71 Mbits/sec  0.221 ms  1925/4060 (47%)  
[  5] 357.00-358.00 sec   223 KBytes  1.83 Mbits/sec  0.221 ms  1658/3946 (42%)  
[  5] 358.00-359.00 sec   234 KBytes  1.92 Mbits/sec  0.223 ms  1978/4377 (45%)  
[  5] 359.00-360.00 sec   262 KBytes  2.15 Mbits/sec  0.219 ms  2056/4744 (43%)  
[  5] 360.00-361.00 sec   226 KBytes  1.85 Mbits/sec  0.219 ms  1622/3934 (41%)  
[  5] 361.00-362.00 sec   280 KBytes  2.30 Mbits/sec  0.248 ms  1903/4774 (40%)  
[  5] 362.00-363.00 sec   217 KBytes  1.78 Mbits/sec  0.311 ms  1761/3984 (44%)  
[  5] 363.00-364.00 sec   259 KBytes  2.12 Mbits/sec  0.255 ms  2237/4888 (46%)  
[  5] 364.00-365.00 sec   226 KBytes  1.85 Mbits/sec  0.241 ms  1739/4055 (43%)  
[  5] 365.00-366.00 sec   258 KBytes  2.11 Mbits/sec  0.212 ms  2169/4807 (45%)  
[  5] 366.00-367.00 sec   214 KBytes  1.76 Mbits/sec  0.235 ms  1713/3909 (44%)  
[  5] 367.00-368.00 sec   207 KBytes  1.69 Mbits/sec  0.216 ms  1852/3970 (47%)  
[  5] 368.00-369.00 sec   218 KBytes  1.78 Mbits/sec  0.221 ms  2048/4276 (48%)  
[  5] 369.00-370.00 sec   246 KBytes  2.02 Mbits/sec  1.534 ms  2125/4649 (46%)  
[  5] 370.00-371.00 sec   209 KBytes  1.72 Mbits/sec  0.207 ms  1773/3917 (45%)  
[  5] 371.00-372.00 sec   218 KBytes  1.79 Mbits/sec  0.190 ms  2138/4375 (49%)  
[  5] 372.00-373.00 sec   271 KBytes  2.22 Mbits/sec  0.240 ms  2046/4821 (42%)  
[  5] 373.00-374.00 sec   194 KBytes  1.59 Mbits/sec  0.232 ms  1643/3634 (45%)  
[  5] 374.00-375.00 sec   273 KBytes  2.24 Mbits/sec  0.675 ms  2418/5212 (46%)  
[  5] 375.00-376.00 sec   245 KBytes  2.00 Mbits/sec  0.269 ms  2082/4588 (45%)  
[  5] 376.00-377.00 sec   271 KBytes  2.22 Mbits/sec  0.219 ms  1929/4704 (41%)  
[  5] 377.00-378.00 sec   280 KBytes  2.30 Mbits/sec  0.248 ms  2043/4913 (42%)  
[  5] 378.00-379.00 sec   263 KBytes  2.16 Mbits/sec  0.224 ms  1981/4678 (42%)  
[  5] 379.00-380.00 sec   259 KBytes  2.12 Mbits/sec  0.673 ms  2390/5041 (47%)  
[  5] 380.00-381.00 sec   253 KBytes  2.07 Mbits/sec  0.251 ms  2507/5097 (49%)  
[  5] 381.00-382.00 sec   304 KBytes  2.49 Mbits/sec  0.219 ms  2489/5599 (44%)  
[  5] 382.00-383.00 sec   235 KBytes  1.93 Mbits/sec  0.220 ms  1666/4074 (41%)  
[  5] 383.00-384.00 sec   284 KBytes  2.33 Mbits/sec  0.237 ms  2559/5471 (47%)  
[  5] 384.00-385.00 sec   271 KBytes  2.22 Mbits/sec  0.218 ms  2128/4902 (43%)  
[  5] 385.00-386.00 sec   267 KBytes  2.19 Mbits/sec  0.256 ms  2656/5389 (49%)  
[  5] 386.00-387.00 sec   247 KBytes  2.02 Mbits/sec  0.198 ms  2648/5177 (51%)  
[  5] 387.00-388.00 sec   271 KBytes  2.22 Mbits/sec  0.207 ms  2207/4986 (44%)  
[  5] 388.00-389.00 sec   325 KBytes  2.67 Mbits/sec  0.215 ms  2377/5710 (42%)  
[  5] 389.00-390.00 sec   249 KBytes  2.04 Mbits/sec  0.301 ms  2339/4886 (48%)  
[  5] 390.00-391.00 sec   280 KBytes  2.30 Mbits/sec  0.201 ms  2450/5320 (46%)  
[  5] 391.00-392.00 sec   257 KBytes  2.10 Mbits/sec  1.085 ms  2164/4793 (45%)  
[  5] 392.00-393.00 sec   257 KBytes  2.11 Mbits/sec  0.231 ms  2047/4682 (44%)  
[  5] 393.00-394.00 sec   258 KBytes  2.12 Mbits/sec  0.242 ms  2427/5073 (48%)  
[  5] 394.00-395.00 sec   226 KBytes  1.85 Mbits/sec  0.243 ms  2841/5154 (55%)  
[  5] 395.00-396.00 sec   268 KBytes  2.20 Mbits/sec  0.525 ms  2564/5312 (48%)  
[  5] 396.00-397.00 sec   271 KBytes  2.22 Mbits/sec  0.221 ms  2382/5152 (46%)  
[  5] 397.00-398.00 sec   266 KBytes  2.18 Mbits/sec  0.223 ms  2235/4961 (45%)  
[  5] 398.00-399.00 sec   270 KBytes  2.22 Mbits/sec  0.220 ms  2242/5010 (45%)  
[  5] 399.00-400.00 sec   260 KBytes  2.13 Mbits/sec  0.236 ms  2202/4861 (45%)  
[  5] 400.00-401.00 sec   257 KBytes  2.11 Mbits/sec  0.301 ms  2367/5001 (47%)  
[  5] 401.00-402.00 sec   226 KBytes  1.85 Mbits/sec  0.223 ms  2006/4317 (46%)  
[  5] 402.00-403.00 sec   256 KBytes  2.10 Mbits/sec  0.257 ms  1854/4477 (41%)  
[  5] 403.00-404.00 sec   235 KBytes  1.92 Mbits/sec  0.238 ms  1421/3825 (37%)  
[  5] 404.00-405.00 sec   242 KBytes  1.98 Mbits/sec  0.262 ms  1997/4477 (45%)  
[  5] 405.00-406.00 sec   294 KBytes  2.40 Mbits/sec  0.222 ms  2009/5015 (40%)  
[  5] 406.00-407.00 sec   225 KBytes  1.84 Mbits/sec  0.211 ms  1294/3598 (36%)  
[  5] 407.00-408.00 sec   221 KBytes  1.81 Mbits/sec  0.207 ms  1327/3595 (37%)  
[  5] 408.00-409.00 sec   225 KBytes  1.85 Mbits/sec  0.264 ms  1274/3582 (36%)  
[  5] 409.00-410.00 sec   235 KBytes  1.92 Mbits/sec  0.225 ms  1988/4391 (45%)  
[  5] 410.00-411.00 sec   217 KBytes  1.77 Mbits/sec  0.216 ms  1695/3913 (43%)  
[  5] 411.00-412.00 sec   258 KBytes  2.11 Mbits/sec  0.294 ms  1780/4422 (40%)  
[  5] 412.00-413.00 sec   250 KBytes  2.05 Mbits/sec  0.219 ms  1827/4386 (42%)  
[  5] 413.00-414.00 sec   225 KBytes  1.84 Mbits/sec  0.219 ms  1431/3737 (38%)  
[  5] 414.00-415.00 sec   271 KBytes  2.22 Mbits/sec  0.220 ms  1612/4387 (37%)  
[  5] 415.00-416.00 sec   200 KBytes  1.64 Mbits/sec  0.196 ms  1478/3528 (42%)  
[  5] 416.00-417.00 sec   278 KBytes  2.28 Mbits/sec  0.218 ms  1472/4321 (34%)  
[  5] 417.00-418.00 sec   222 KBytes  1.82 Mbits/sec  0.221 ms  1274/3549 (36%)  
[  5] 418.00-419.00 sec   271 KBytes  2.22 Mbits/sec  0.203 ms  1718/4492 (38%)  
[  5] 419.00-420.00 sec   204 KBytes  1.67 Mbits/sec  0.224 ms  1718/3807 (45%)  
