Connecting to host 172.22.0.50, port 5201
Reverse mode, remote host 172.22.0.50 is sending
[  5] local 192.168.100.2 port 42627 connected to 172.22.0.50 port 5201
[ ID] Interval           Transfer     Bitrate         Jitter    Lost/Total Datagrams
[  5]   0.00-1.00   sec  1.44 MBytes  12.0 Mbits/sec  0.973 ms  0/1257 (0%)  
[  5]   1.00-2.00   sec  1.42 MBytes  12.0 Mbits/sec  1.038 ms  0/1245 (0%)  
[  5]   2.00-3.00   sec  1.43 MBytes  12.0 Mbits/sec  0.906 ms  0/1250 (0%)  
[  5]   3.00-4.00   sec  1.43 MBytes  12.0 Mbits/sec  0.984 ms  0/1249 (0%)  
[  5]   4.00-5.00   sec  1.42 MBytes  11.9 Mbits/sec  1.041 ms  0/1244 (0%)  
[  5]   5.00-6.00   sec  1.44 MBytes  12.1 Mbits/sec  0.673 ms  0/1259 (0%)  
[  5]   6.00-7.00   sec  1.43 MBytes  12.0 Mbits/sec  0.884 ms  0/1249 (0%)  
[  5]   7.00-8.00   sec  1.40 MBytes  11.7 Mbits/sec  1.482 ms  0/1226 (0%)  
[  5]   8.00-9.00   sec  1.46 MBytes  12.3 Mbits/sec  0.723 ms  0/1277 (0%)  
[  5]   9.00-10.00  sec  1.43 MBytes  12.0 Mbits/sec  1.045 ms  0/1248 (0%)  
[  5]  10.00-11.00  sec  1.43 MBytes  11.9 Mbits/sec  0.934 ms  0/1246 (0%)  
[  5]  11.00-12.00  sec  1.43 MBytes  12.0 Mbits/sec  1.113 ms  0/1246 (0%)  
[  5]  12.00-13.00  sec  1.43 MBytes  12.0 Mbits/sec  1.080 ms  0/1249 (0%)  
[  5]  13.00-14.00  sec  1.44 MBytes  12.0 Mbits/sec  0.824 ms  0/1256 (0%)  
[  5]  14.00-15.00  sec  1.42 MBytes  11.9 Mbits/sec  1.084 ms  0/1243 (0%)  
[  5]  15.00-16.00  sec   986 KBytes  8.09 Mbits/sec  1.926 ms  0/841 (0%)  
[  5]  16.00-17.00  sec   532 KBytes  4.36 Mbits/sec  1.389 ms  0/454 (0%)  
[  5]  17.00-18.00  sec   554 KBytes  4.54 Mbits/sec  1.354 ms  0/473 (0%)  
[  5]  18.00-19.00  sec   540 KBytes  4.43 Mbits/sec  1.406 ms  0/461 (0%)  
[  5]  19.00-20.00  sec   560 KBytes  4.59 Mbits/sec  1.589 ms  0/478 (0%)  
[  5]  20.00-21.00  sec   609 KBytes  4.99 Mbits/sec  1.283 ms  0/520 (0%)  
[  5]  21.00-22.00  sec   669 KBytes  5.48 Mbits/sec  1.390 ms  0/571 (0%)  
[  5]  22.00-23.00  sec   676 KBytes  5.54 Mbits/sec  1.204 ms  0/577 (0%)  
[  5]  23.00-24.00  sec   689 KBytes  5.64 Mbits/sec  1.343 ms  0/588 (0%)  
[  5]  24.00-25.00  sec   688 KBytes  5.64 Mbits/sec  1.207 ms  0/587 (0%)  
[  5]  25.00-26.00  sec   684 KBytes  5.61 Mbits/sec  1.247 ms  0/584 (0%)  
[  5]  26.00-27.00  sec   679 KBytes  5.56 Mbits/sec  1.055 ms  0/579 (0%)  
[  5]  27.00-28.00  sec   697 KBytes  5.71 Mbits/sec  1.127 ms  0/595 (0%)  
[  5]  28.00-29.00  sec   656 KBytes  5.38 Mbits/sec  1.092 ms  0/560 (0%)  
[  5]  29.00-30.00  sec   643 KBytes  5.27 Mbits/sec  1.255 ms  0/549 (0%)  
[  5]  30.00-31.00  sec   633 KBytes  5.18 Mbits/sec  1.297 ms  0/540 (0%)  
[  5]  31.00-32.00  sec   641 KBytes  5.25 Mbits/sec  1.332 ms  0/547 (0%)  
[  5]  32.00-33.00  sec   633 KBytes  5.18 Mbits/sec  1.255 ms  0/540 (0%)  
[  5]  33.00-34.00  sec   684 KBytes  5.60 Mbits/sec  1.092 ms  0/584 (0%)  
[  5]  34.00-35.00  sec   690 KBytes  5.66 Mbits/sec  1.202 ms  0/589 (0%)  
[  5]  35.00-36.00  sec   676 KBytes  5.54 Mbits/sec  1.306 ms  0/577 (0%)  
[  5]  36.00-37.00  sec   650 KBytes  5.33 Mbits/sec  1.588 ms  0/555 (0%)  
[  5]  37.00-38.00  sec   667 KBytes  5.46 Mbits/sec  1.383 ms  0/569 (0%)  
[  5]  38.00-39.00  sec   652 KBytes  5.34 Mbits/sec  1.406 ms  0/556 (0%)  
[  5]  39.00-40.00  sec   674 KBytes  5.52 Mbits/sec  1.059 ms  0/575 (0%)  
[  5]  40.00-41.00  sec   691 KBytes  5.66 Mbits/sec  1.164 ms  0/590 (0%)  
[  5]  41.00-42.00  sec   530 KBytes  4.34 Mbits/sec  1.188 ms  488/940 (52%)  
[  5]  42.00-43.00  sec   709 KBytes  5.81 Mbits/sec  1.201 ms  706/1311 (54%)  
[  5]  43.00-44.00  sec   679 KBytes  5.56 Mbits/sec  1.234 ms  701/1280 (55%)  
[  5]  44.00-45.00  sec   718 KBytes  5.88 Mbits/sec  1.203 ms  813/1426 (57%)  
[  5]  45.00-46.00  sec   620 KBytes  5.08 Mbits/sec  1.254 ms  684/1213 (56%)  
[  5]  46.00-47.00  sec   709 KBytes  5.81 Mbits/sec  1.263 ms  793/1398 (57%)  
[  5]  47.00-48.00  sec   676 KBytes  5.54 Mbits/sec  1.139 ms  706/1283 (55%)  
[  5]  48.00-49.00  sec   709 KBytes  5.80 Mbits/sec  1.260 ms  684/1289 (53%)  
[  5]  49.00-50.00  sec   620 KBytes  5.08 Mbits/sec  1.196 ms  611/1140 (54%)  
[  5]  50.00-51.00  sec   689 KBytes  5.65 Mbits/sec  1.067 ms  712/1300 (55%)  
[  5]  51.00-52.00  sec   619 KBytes  5.07 Mbits/sec  1.051 ms  634/1162 (55%)  
[  5]  52.00-53.00  sec   705 KBytes  5.78 Mbits/sec  1.195 ms  756/1358 (56%)  
[  5]  53.00-54.00  sec   591 KBytes  4.84 Mbits/sec  1.182 ms  619/1123 (55%)  
[  5]  54.00-55.00  sec   709 KBytes  5.81 Mbits/sec  1.165 ms  672/1277 (53%)  
[  5]  55.00-56.00  sec   702 KBytes  5.75 Mbits/sec  1.204 ms  693/1292 (54%)  
[  5]  56.00-57.00  sec   708 KBytes  5.80 Mbits/sec  1.199 ms  672/1276 (53%)  
[  5]  57.00-58.00  sec   589 KBytes  4.83 Mbits/sec  1.197 ms  563/1066 (53%)  
[  5]  58.00-59.00  sec   720 KBytes  5.90 Mbits/sec  1.185 ms  698/1312 (53%)  
[  5]  59.00-60.00  sec   588 KBytes  4.82 Mbits/sec  1.213 ms  597/1099 (54%)  
[  5]  60.00-61.00  sec   607 KBytes  4.97 Mbits/sec  1.577 ms  632/1150 (55%)  
[  5]  61.00-62.00  sec   588 KBytes  4.82 Mbits/sec  1.178 ms  597/1099 (54%)  
[  5]  62.00-63.00  sec   619 KBytes  5.07 Mbits/sec  1.426 ms  622/1150 (54%)  
[  5]  63.00-64.00  sec   710 KBytes  5.82 Mbits/sec  1.146 ms  696/1302 (53%)  
[  5]  64.00-65.00  sec   689 KBytes  5.64 Mbits/sec  1.070 ms  707/1295 (55%)  
[  5]  65.00-66.00  sec   708 KBytes  5.81 Mbits/sec  1.204 ms  717/1321 (54%)  
[  5]  66.00-67.00  sec   619 KBytes  5.07 Mbits/sec  1.217 ms  654/1182 (55%)  
[  5]  67.00-68.00  sec   689 KBytes  5.65 Mbits/sec  1.130 ms  723/1311 (55%)  
[  5]  68.00-69.00  sec   710 KBytes  5.82 Mbits/sec  1.191 ms  706/1312 (54%)  
[  5]  69.00-70.00  sec   618 KBytes  5.05 Mbits/sec  1.210 ms  607/1134 (54%)  
[  5]  70.00-71.00  sec   720 KBytes  5.90 Mbits/sec  1.145 ms  705/1319 (53%)  
[  5]  71.00-72.00  sec   679 KBytes  5.56 Mbits/sec  1.147 ms  660/1239 (53%)  
[  5]  72.00-73.00  sec   620 KBytes  5.07 Mbits/sec  1.127 ms  610/1139 (54%)  
[  5]  73.00-74.00  sec   709 KBytes  5.82 Mbits/sec  1.188 ms  777/1382 (56%)  
[  5]  74.00-75.00  sec   688 KBytes  5.63 Mbits/sec  1.183 ms  820/1407 (58%)  
[  5]  75.00-76.00  sec   620 KBytes  5.08 Mbits/sec  1.184 ms  755/1284 (59%)  
[  5]  76.00-77.00  sec   709 KBytes  5.81 Mbits/sec  1.199 ms  801/1406 (57%)  
[  5]  77.00-78.00  sec   619 KBytes  5.07 Mbits/sec  1.133 ms  677/1205 (56%)  
[  5]  78.00-79.00  sec   688 KBytes  5.64 Mbits/sec  1.130 ms  673/1260 (53%)  
[  5]  79.00-80.00  sec   620 KBytes  5.08 Mbits/sec  1.151 ms  606/1135 (53%)  
[  5]  80.00-81.00  sec   709 KBytes  5.81 Mbits/sec  1.143 ms  678/1283 (53%)  
[  5]  81.00-82.00  sec   588 KBytes  4.82 Mbits/sec  1.296 ms  587/1089 (54%)  
[  5]  82.00-83.00  sec   687 KBytes  5.63 Mbits/sec  1.183 ms  719/1305 (55%)  
[  5]  83.00-84.00  sec   709 KBytes  5.81 Mbits/sec  1.285 ms  749/1354 (55%)  
[  5]  84.00-85.00  sec   588 KBytes  4.82 Mbits/sec  1.196 ms  595/1097 (54%)  
[  5]  85.00-86.00  sec   709 KBytes  5.81 Mbits/sec  1.171 ms  728/1333 (55%)  
[  5]  86.00-87.00  sec   718 KBytes  5.89 Mbits/sec  1.145 ms  723/1336 (54%)  
[  5]  87.00-88.00  sec   591 KBytes  4.84 Mbits/sec  1.054 ms  578/1082 (53%)  
[  5]  88.00-89.00  sec   709 KBytes  5.81 Mbits/sec  1.199 ms  702/1307 (54%)  
[  5]  89.00-90.00  sec   718 KBytes  5.89 Mbits/sec  1.171 ms  736/1349 (55%)  
[  5]  90.00-91.00  sec   619 KBytes  5.07 Mbits/sec  1.113 ms  647/1175 (55%)  
[  5]  91.00-92.00  sec   679 KBytes  5.56 Mbits/sec  1.364 ms  712/1291 (55%)  
[  5]  92.00-93.00  sec   620 KBytes  5.08 Mbits/sec  1.227 ms  639/1168 (55%)  
[  5]  93.00-94.00  sec   708 KBytes  5.80 Mbits/sec  1.230 ms  736/1340 (55%)  
[  5]  94.00-95.00  sec   689 KBytes  5.64 Mbits/sec  1.217 ms  734/1322 (56%)  
[  5]  95.00-96.00  sec   620 KBytes  5.07 Mbits/sec  1.223 ms  652/1181 (55%)  
[  5]  96.00-97.00  sec   619 KBytes  5.08 Mbits/sec  1.285 ms  624/1152 (54%)  
[  5]  97.00-98.00  sec   679 KBytes  5.56 Mbits/sec  1.242 ms  671/1250 (54%)  
[  5]  98.00-99.00  sec   720 KBytes  5.90 Mbits/sec  1.098 ms  728/1342 (54%)  
[  5]  99.00-100.00 sec   619 KBytes  5.07 Mbits/sec  1.150 ms  623/1151 (54%)  
[  5] 100.00-101.00 sec   709 KBytes  5.81 Mbits/sec  1.155 ms  729/1334 (55%)  
[  5] 101.00-102.00 sec   588 KBytes  4.82 Mbits/sec  1.282 ms  619/1121 (55%)  
[  5] 102.00-103.00 sec   720 KBytes  5.89 Mbits/sec  1.143 ms  729/1343 (54%)  
[  5] 103.00-104.00 sec   709 KBytes  5.81 Mbits/sec  1.212 ms  688/1293 (53%)  
[  5] 104.00-105.00 sec   709 KBytes  5.81 Mbits/sec  1.177 ms  697/1302 (54%)  
[  5] 105.00-106.00 sec   588 KBytes  4.82 Mbits/sec  1.208 ms  618/1120 (55%)  
[  5] 106.00-107.00 sec   720 KBytes  5.89 Mbits/sec  1.153 ms  725/1339 (54%)  
[  5] 107.00-108.00 sec   709 KBytes  5.80 Mbits/sec  1.248 ms  720/1325 (54%)  
[  5] 108.00-109.00 sec   619 KBytes  5.07 Mbits/sec  1.172 ms  649/1177 (55%)  
[  5] 109.00-110.00 sec   689 KBytes  5.64 Mbits/sec  1.226 ms  732/1320 (55%)  
[  5] 110.00-111.00 sec   619 KBytes  5.07 Mbits/sec  1.246 ms  679/1207 (56%)  
[  5] 111.00-112.00 sec   709 KBytes  5.81 Mbits/sec  1.128 ms  724/1329 (54%)  
[  5] 112.00-113.00 sec   680 KBytes  5.57 Mbits/sec  1.175 ms  685/1265 (54%)  
[  5] 113.00-114.00 sec   707 KBytes  5.79 Mbits/sec  1.114 ms  731/1334 (55%)  
[  5] 114.00-115.00 sec   619 KBytes  5.07 Mbits/sec  1.289 ms  655/1183 (55%)  
[  5] 115.00-116.00 sec   709 KBytes  5.81 Mbits/sec  1.184 ms  729/1334 (55%)  
[  5] 116.00-117.00 sec   589 KBytes  4.82 Mbits/sec  1.200 ms  596/1099 (54%)  
[  5] 117.00-118.00 sec   718 KBytes  5.89 Mbits/sec  1.199 ms  711/1324 (54%)  
[  5] 118.00-119.00 sec   697 KBytes  5.71 Mbits/sec  1.507 ms  697/1292 (54%)  
[  5] 119.00-120.00 sec   589 KBytes  4.82 Mbits/sec  1.218 ms  583/1086 (54%)  
[  5] 120.00-121.00 sec   718 KBytes  5.89 Mbits/sec  1.105 ms  725/1338 (54%)  
[  5] 121.00-122.00 sec   589 KBytes  4.83 Mbits/sec  1.150 ms  586/1089 (54%)  
[  5] 122.00-123.00 sec   708 KBytes  5.80 Mbits/sec  1.270 ms  709/1313 (54%)  
[  5] 123.00-124.00 sec   710 KBytes  5.82 Mbits/sec  1.127 ms  698/1304 (54%)  
[  5] 124.00-125.00 sec   647 KBytes  5.29 Mbits/sec  3.608 ms  688/1240 (55%)  
[  5] 125.00-126.00 sec   660 KBytes  5.41 Mbits/sec  1.196 ms  679/1242 (55%)  
[  5] 126.00-127.00 sec   620 KBytes  5.08 Mbits/sec  1.195 ms  604/1133 (53%)  
[  5] 127.00-128.00 sec   709 KBytes  5.80 Mbits/sec  1.231 ms  696/1301 (53%)  
[  5] 128.00-129.00 sec   588 KBytes  4.83 Mbits/sec  1.159 ms  576/1078 (53%)  
[  5] 129.00-130.00 sec   720 KBytes  5.89 Mbits/sec  1.259 ms  754/1368 (55%)  
[  5] 130.00-131.00 sec   619 KBytes  5.07 Mbits/sec  1.175 ms  615/1143 (54%)  
[  5] 131.00-132.00 sec   709 KBytes  5.81 Mbits/sec  1.211 ms  737/1342 (55%)  
[  5] 132.00-133.00 sec   588 KBytes  4.82 Mbits/sec  1.181 ms  593/1095 (54%)  
[  5] 133.00-134.00 sec   720 KBytes  5.89 Mbits/sec  1.227 ms  730/1344 (54%)  
[  5] 134.00-135.00 sec   589 KBytes  4.83 Mbits/sec  1.337 ms  605/1108 (55%)  
[  5] 135.00-136.00 sec   697 KBytes  5.71 Mbits/sec  1.248 ms  755/1350 (56%)  
[  5] 136.00-137.00 sec   619 KBytes  5.07 Mbits/sec  1.184 ms  635/1163 (55%)  
[  5] 137.00-138.00 sec   689 KBytes  5.65 Mbits/sec  1.117 ms  690/1278 (54%)  
[  5] 138.00-139.00 sec   709 KBytes  5.81 Mbits/sec  1.178 ms  677/1282 (53%)  
[  5] 139.00-140.00 sec   619 KBytes  5.07 Mbits/sec  1.178 ms  612/1140 (54%)  
[  5] 140.00-141.00 sec   689 KBytes  5.64 Mbits/sec  1.148 ms  747/1335 (56%)  
[  5] 141.00-142.00 sec   709 KBytes  5.81 Mbits/sec  1.188 ms  764/1369 (56%)  
[  5] 142.00-143.00 sec   619 KBytes  5.07 Mbits/sec  1.188 ms  714/1242 (57%)  
[  5] 143.00-144.00 sec   709 KBytes  5.81 Mbits/sec  1.218 ms  747/1352 (55%)  
[  5] 144.00-145.00 sec   588 KBytes  4.82 Mbits/sec  1.306 ms  613/1115 (55%)  
[  5] 145.00-146.00 sec   720 KBytes  5.89 Mbits/sec  1.256 ms  774/1388 (56%)  
[  5] 146.00-147.00 sec   607 KBytes  4.97 Mbits/sec  1.211 ms  639/1157 (55%)  
[  5] 147.00-148.00 sec   679 KBytes  5.55 Mbits/sec  1.276 ms  697/1276 (55%)  
[  5] 148.00-149.00 sec   720 KBytes  5.90 Mbits/sec  1.200 ms  740/1354 (55%)  
[  5] 149.00-150.00 sec   619 KBytes  5.07 Mbits/sec  1.374 ms  653/1181 (55%)  
[  5] 150.00-151.00 sec   709 KBytes  5.81 Mbits/sec  1.180 ms  753/1358 (55%)  
[  5] 151.00-152.00 sec   589 KBytes  4.83 Mbits/sec  1.173 ms  589/1092 (54%)  
[  5] 152.00-153.00 sec   718 KBytes  5.89 Mbits/sec  1.213 ms  712/1325 (54%)  
[  5] 153.00-154.00 sec   589 KBytes  4.83 Mbits/sec  1.069 ms  585/1088 (54%)  
[  5] 154.00-155.00 sec   709 KBytes  5.81 Mbits/sec  1.203 ms  688/1293 (53%)  
[  5] 155.00-156.00 sec   619 KBytes  5.07 Mbits/sec  1.231 ms  620/1148 (54%)  
[  5] 156.00-157.00 sec   689 KBytes  5.64 Mbits/sec  1.242 ms  707/1295 (55%)  
[  5] 157.00-158.00 sec   709 KBytes  5.81 Mbits/sec  1.212 ms  770/1375 (56%)  
[  5] 158.00-159.00 sec   619 KBytes  5.07 Mbits/sec  1.165 ms  659/1187 (56%)  
[  5] 159.00-160.00 sec   589 KBytes  4.83 Mbits/sec  1.222 ms  604/1107 (55%)  
[  5] 160.00-161.00 sec   703 KBytes  5.76 Mbits/sec  1.331 ms  735/1335 (55%)  
[  5] 161.00-162.00 sec   629 KBytes  5.15 Mbits/sec  1.129 ms  639/1176 (54%)  
[  5] 162.00-163.00 sec   679 KBytes  5.56 Mbits/sec  1.164 ms  675/1254 (54%)  
[  5] 163.00-164.00 sec   619 KBytes  5.07 Mbits/sec  1.272 ms  634/1162 (55%)  
[  5] 164.00-165.00 sec   709 KBytes  5.81 Mbits/sec  1.190 ms  697/1302 (54%)  
[  5] 165.00-166.00 sec   718 KBytes  5.89 Mbits/sec  1.124 ms  760/1373 (55%)  
[  5] 166.00-167.00 sec   589 KBytes  4.83 Mbits/sec  1.186 ms  607/1110 (55%)  
[  5] 167.00-168.00 sec   709 KBytes  5.81 Mbits/sec  1.297 ms  828/1433 (58%)  
[  5] 168.00-169.00 sec   619 KBytes  5.07 Mbits/sec  1.160 ms  639/1167 (55%)  
[  5] 169.00-170.00 sec   589 KBytes  4.83 Mbits/sec  1.150 ms  576/1079 (53%)  
[  5] 170.00-171.00 sec   718 KBytes  5.88 Mbits/sec  1.244 ms  732/1345 (54%)  
[  5] 171.00-172.00 sec   704 KBytes  5.77 Mbits/sec  1.094 ms  724/1325 (55%)  
[  5] 172.00-173.00 sec   689 KBytes  5.65 Mbits/sec  1.102 ms  721/1309 (55%)  
[  5] 173.00-174.00 sec   619 KBytes  5.07 Mbits/sec  1.148 ms  697/1225 (57%)  
[  5] 174.00-175.00 sec   709 KBytes  5.81 Mbits/sec  1.189 ms  753/1358 (55%)  
[  5] 175.00-176.00 sec   589 KBytes  4.83 Mbits/sec  1.231 ms  630/1133 (56%)  
[  5] 176.00-177.00 sec   709 KBytes  5.81 Mbits/sec  1.210 ms  734/1339 (55%)  
[  5] 177.00-178.00 sec   628 KBytes  5.14 Mbits/sec  1.163 ms  691/1227 (56%)  
[  5] 178.00-179.00 sec   680 KBytes  5.57 Mbits/sec  1.255 ms  699/1279 (55%)  
[  5] 179.00-180.00 sec   709 KBytes  5.81 Mbits/sec  1.193 ms  697/1302 (54%)  
[  5] 180.00-181.00 sec   629 KBytes  5.16 Mbits/sec  1.116 ms  638/1175 (54%)  
[  5] 181.00-182.00 sec   675 KBytes  5.53 Mbits/sec  1.197 ms  728/1304 (56%)  
[  5] 182.00-183.00 sec   709 KBytes  5.81 Mbits/sec  1.189 ms  763/1368 (56%)  
[  5] 183.00-184.00 sec   619 KBytes  5.07 Mbits/sec  1.206 ms  658/1186 (55%)  
[  5] 184.00-185.00 sec   689 KBytes  5.64 Mbits/sec  1.195 ms  702/1290 (54%)  
[  5] 185.00-186.00 sec   619 KBytes  5.07 Mbits/sec  1.196 ms  621/1149 (54%)  
[  5] 186.00-187.00 sec   709 KBytes  5.81 Mbits/sec  1.229 ms  700/1305 (54%)  
[  5] 187.00-188.00 sec   619 KBytes  5.07 Mbits/sec  1.183 ms  622/1150 (54%)  
[  5] 188.00-189.00 sec   689 KBytes  5.65 Mbits/sec  1.138 ms  697/1285 (54%)  
[  5] 189.00-190.00 sec   614 KBytes  5.03 Mbits/sec  1.215 ms  628/1152 (55%)  
[  5] 190.00-191.00 sec   709 KBytes  5.81 Mbits/sec  1.179 ms  751/1356 (55%)  
[  5] 191.00-192.00 sec   589 KBytes  4.83 Mbits/sec  1.195 ms  629/1132 (56%)  
[  5] 192.00-193.00 sec   619 KBytes  5.07 Mbits/sec  1.259 ms  642/1170 (55%)  
[  5] 193.00-194.00 sec   580 KBytes  4.75 Mbits/sec  1.231 ms  620/1115 (56%)  
[  5] 194.00-195.00 sec   619 KBytes  5.07 Mbits/sec  1.212 ms  610/1138 (54%)  
[  5] 195.00-196.00 sec   629 KBytes  5.15 Mbits/sec  1.083 ms  631/1168 (54%)  
[  5] 196.00-197.00 sec   680 KBytes  5.57 Mbits/sec  1.040 ms  646/1226 (53%)  
[  5] 197.00-198.00 sec   708 KBytes  5.80 Mbits/sec  1.188 ms  698/1302 (54%)  
[  5] 198.00-199.00 sec   607 KBytes  4.97 Mbits/sec  1.520 ms  668/1186 (56%)  
[  5] 199.00-200.00 sec   689 KBytes  5.64 Mbits/sec  1.071 ms  770/1358 (57%)  
[  5] 200.00-201.00 sec   709 KBytes  5.81 Mbits/sec  1.224 ms  747/1352 (55%)  
[  5] 201.00-202.00 sec   620 KBytes  5.08 Mbits/sec  1.202 ms  640/1169 (55%)  
[  5] 202.00-203.00 sec   718 KBytes  5.88 Mbits/sec  1.157 ms  728/1341 (54%)  
[  5] 203.00-204.00 sec   589 KBytes  4.83 Mbits/sec  1.110 ms  634/1137 (56%)  
[  5] 204.00-205.00 sec   709 KBytes  5.81 Mbits/sec  1.129 ms  718/1323 (54%)  
[  5] 205.00-206.00 sec   588 KBytes  4.82 Mbits/sec  1.246 ms  602/1104 (55%)  
[  5] 206.00-207.00 sec   709 KBytes  5.80 Mbits/sec  1.243 ms  813/1418 (57%)  
[  5] 207.00-208.00 sec   619 KBytes  5.07 Mbits/sec  1.289 ms  760/1288 (59%)  
[  5] 208.00-209.00 sec   689 KBytes  5.64 Mbits/sec  1.240 ms  848/1436 (59%)  
[  5] 209.00-210.00 sec   709 KBytes  5.81 Mbits/sec  1.260 ms  809/1414 (57%)  
[  5] 210.00-211.00 sec   616 KBytes  5.05 Mbits/sec  1.204 ms  666/1192 (56%)  
[  5] 211.00-212.00 sec   720 KBytes  5.90 Mbits/sec  1.082 ms  744/1358 (55%)  
[  5] 212.00-213.00 sec   709 KBytes  5.81 Mbits/sec  1.160 ms  721/1326 (54%)  
[  5] 213.00-214.00 sec   588 KBytes  4.82 Mbits/sec  1.228 ms  574/1076 (53%)  
[  5] 214.00-215.00 sec   709 KBytes  5.81 Mbits/sec  1.200 ms  716/1321 (54%)  
[  5] 215.00-216.00 sec   629 KBytes  5.16 Mbits/sec  1.117 ms  661/1198 (55%)  
[  5] 216.00-217.00 sec   680 KBytes  5.57 Mbits/sec  1.242 ms  692/1272 (54%)  
[  5] 217.00-218.00 sec   618 KBytes  5.06 Mbits/sec  1.234 ms  637/1164 (55%)  
[  5] 218.00-219.00 sec   709 KBytes  5.80 Mbits/sec  1.202 ms  718/1323 (54%)  
[  5] 219.00-220.00 sec   689 KBytes  5.65 Mbits/sec  1.077 ms  714/1302 (55%)  
[  5] 220.00-221.00 sec   620 KBytes  5.08 Mbits/sec  1.228 ms  667/1196 (56%)  
[  5] 221.00-222.00 sec   708 KBytes  5.79 Mbits/sec  1.203 ms  744/1348 (55%)  
[  5] 222.00-223.00 sec   689 KBytes  5.65 Mbits/sec  1.178 ms  701/1289 (54%)  
[  5] 223.00-224.00 sec   613 KBytes  5.02 Mbits/sec  1.113 ms  632/1155 (55%)  
[  5] 224.00-225.00 sec   709 KBytes  5.81 Mbits/sec  1.094 ms  712/1317 (54%)  
[  5] 225.00-226.00 sec   709 KBytes  5.81 Mbits/sec  1.172 ms  731/1336 (55%)  
[  5] 226.00-227.00 sec   588 KBytes  4.82 Mbits/sec  1.207 ms  589/1091 (54%)  
[  5] 227.00-228.00 sec   720 KBytes  5.89 Mbits/sec  1.140 ms  724/1338 (54%)  
[  5] 228.00-229.00 sec   708 KBytes  5.80 Mbits/sec  1.237 ms  762/1366 (56%)  
[  5] 229.00-230.00 sec   589 KBytes  4.83 Mbits/sec  1.193 ms  587/1090 (54%)  
[  5] 230.00-231.00 sec   718 KBytes  5.89 Mbits/sec  1.099 ms  754/1367 (55%)  
[  5] 231.00-232.00 sec   709 KBytes  5.81 Mbits/sec  1.182 ms  733/1338 (55%)  
[  5] 232.00-233.00 sec   589 KBytes  4.82 Mbits/sec  1.159 ms  593/1096 (54%)  
[  5] 233.00-234.00 sec   707 KBytes  5.80 Mbits/sec  1.126 ms  714/1317 (54%)  
[  5] 234.00-235.00 sec   620 KBytes  5.08 Mbits/sec  1.160 ms  660/1189 (56%)  
[  5] 235.00-236.00 sec   679 KBytes  5.56 Mbits/sec  1.188 ms  670/1249 (54%)  
[  5] 236.00-237.00 sec   619 KBytes  5.07 Mbits/sec  1.258 ms  616/1144 (54%)  
[  5] 237.00-238.00 sec   709 KBytes  5.81 Mbits/sec  1.290 ms  700/1305 (54%)  
[  5] 238.00-239.00 sec   589 KBytes  4.83 Mbits/sec  1.388 ms  580/1083 (54%)  
[  5] 239.00-240.00 sec   720 KBytes  5.90 Mbits/sec  1.186 ms  722/1336 (54%)  
[  5] 240.00-241.00 sec   618 KBytes  5.06 Mbits/sec  1.281 ms  666/1193 (56%)  
[  5] 241.00-242.00 sec   680 KBytes  5.57 Mbits/sec  1.233 ms  674/1254 (54%)  
[  5] 242.00-243.00 sec   667 KBytes  5.46 Mbits/sec  2.424 ms  696/1265 (55%)  
[  5] 243.00-244.00 sec   666 KBytes  5.45 Mbits/sec  1.166 ms  630/1203 (52%)  
[  5] 244.00-245.00 sec   709 KBytes  5.80 Mbits/sec  1.107 ms  700/1305 (54%)  
[  5] 245.00-246.00 sec   688 KBytes  5.64 Mbits/sec  1.136 ms  725/1312 (55%)  
[  5] 246.00-247.00 sec   620 KBytes  5.08 Mbits/sec  1.007 ms  593/1122 (53%)  
[  5] 247.00-248.00 sec   709 KBytes  5.81 Mbits/sec  1.217 ms  756/1361 (56%)  
[  5] 248.00-249.00 sec   588 KBytes  4.82 Mbits/sec  1.240 ms  592/1094 (54%)  
[  5] 249.00-250.00 sec   696 KBytes  5.71 Mbits/sec  1.294 ms  741/1335 (56%)  
[  5] 250.00-251.00 sec   619 KBytes  5.07 Mbits/sec  1.190 ms  686/1214 (57%)  
[  5] 251.00-252.00 sec   679 KBytes  5.55 Mbits/sec  1.195 ms  740/1319 (56%)  
[  5] 252.00-253.00 sec   709 KBytes  5.81 Mbits/sec  1.223 ms  785/1390 (56%)  
[  5] 253.00-254.00 sec   619 KBytes  5.07 Mbits/sec  1.242 ms  639/1167 (55%)  
[  5] 254.00-255.00 sec   690 KBytes  5.66 Mbits/sec  1.044 ms  707/1296 (55%)  
[  5] 255.00-256.00 sec   708 KBytes  5.80 Mbits/sec  1.252 ms  735/1339 (55%)  
[  5] 256.00-257.00 sec   619 KBytes  5.07 Mbits/sec  1.238 ms  624/1152 (54%)  
[  5] 257.00-258.00 sec   689 KBytes  5.65 Mbits/sec  1.195 ms  689/1277 (54%)  
[  5] 258.00-259.00 sec   620 KBytes  5.08 Mbits/sec  1.198 ms  617/1146 (54%)  
[  5] 259.00-260.00 sec   709 KBytes  5.81 Mbits/sec  1.176 ms  706/1311 (54%)  
[  5] 260.00-261.00 sec   718 KBytes  5.88 Mbits/sec  1.148 ms  725/1338 (54%)  
[  5] 261.00-262.00 sec   579 KBytes  4.74 Mbits/sec  1.243 ms  585/1079 (54%)  
[  5] 262.00-263.00 sec   720 KBytes  5.90 Mbits/sec  1.303 ms  756/1370 (55%)  
[  5] 263.00-264.00 sec   709 KBytes  5.78 Mbits/sec  1.167 ms  750/1355 (55%)  
[  5] 264.00-265.00 sec   588 KBytes  4.84 Mbits/sec  1.281 ms  614/1116 (55%)  
[  5] 265.00-266.00 sec   718 KBytes  5.88 Mbits/sec  1.142 ms  737/1350 (55%)  
[  5] 266.00-267.00 sec   589 KBytes  4.83 Mbits/sec  1.073 ms  582/1085 (54%)  
[  5] 267.00-268.00 sec   709 KBytes  5.81 Mbits/sec  1.259 ms  700/1305 (54%)  
[  5] 268.00-269.00 sec   596 KBytes  4.89 Mbits/sec  1.359 ms  628/1137 (55%)  
[  5] 269.00-270.00 sec   720 KBytes  5.89 Mbits/sec  1.041 ms  724/1338 (54%)  
[  5] 270.00-271.00 sec   588 KBytes  4.82 Mbits/sec  1.116 ms  597/1099 (54%)  
[  5] 271.00-272.00 sec   709 KBytes  5.81 Mbits/sec  1.271 ms  741/1346 (55%)  
[  5] 272.00-273.00 sec   619 KBytes  5.07 Mbits/sec  1.271 ms  653/1181 (55%)  
[  5] 273.00-274.00 sec   720 KBytes  5.90 Mbits/sec  1.152 ms  768/1382 (56%)  
[  5] 274.00-275.00 sec   588 KBytes  4.82 Mbits/sec  1.164 ms  568/1070 (53%)  
[  5] 275.00-276.00 sec   705 KBytes  5.77 Mbits/sec  1.370 ms  716/1318 (54%)  
[  5] 276.00-277.00 sec   589 KBytes  4.84 Mbits/sec  1.164 ms  586/1089 (54%)  
[  5] 277.00-278.00 sec   709 KBytes  5.80 Mbits/sec  1.193 ms  715/1320 (54%)  
[  5] 278.00-279.00 sec   720 KBytes  5.90 Mbits/sec  1.136 ms  711/1325 (54%)  
[  5] 279.00-280.00 sec   708 KBytes  5.79 Mbits/sec  1.260 ms  737/1341 (55%)  
[  5] 280.00-281.00 sec   589 KBytes  4.83 Mbits/sec  1.232 ms  645/1148 (56%)  
[  5] 281.00-282.00 sec   720 KBytes  5.89 Mbits/sec  1.125 ms  767/1381 (56%)  
[  5] 282.00-283.00 sec   588 KBytes  4.82 Mbits/sec  1.154 ms  608/1110 (55%)  
[  5] 283.00-284.00 sec   709 KBytes  5.81 Mbits/sec  1.265 ms  735/1340 (55%)  
[  5] 284.00-285.00 sec   718 KBytes  5.88 Mbits/sec  1.481 ms  736/1349 (55%)  
[  5] 285.00-286.00 sec   589 KBytes  4.83 Mbits/sec  1.104 ms  606/1109 (55%)  
[  5] 286.00-287.00 sec   709 KBytes  5.81 Mbits/sec  1.193 ms  765/1370 (56%)  
[  5] 287.00-288.00 sec   718 KBytes  5.88 Mbits/sec  1.242 ms  774/1387 (56%)  
[  5] 288.00-289.00 sec   709 KBytes  5.81 Mbits/sec  1.328 ms  722/1327 (54%)  
[  5] 289.00-290.00 sec   620 KBytes  5.07 Mbits/sec  1.312 ms  650/1179 (55%)  
[  5] 290.00-291.00 sec   709 KBytes  5.81 Mbits/sec  1.144 ms  733/1338 (55%)  
[  5] 291.00-292.00 sec   588 KBytes  4.82 Mbits/sec  1.140 ms  573/1075 (53%)  
[  5] 292.00-293.00 sec   720 KBytes  5.89 Mbits/sec  1.193 ms  728/1342 (54%)  
[  5] 293.00-294.00 sec   589 KBytes  4.83 Mbits/sec  1.215 ms  579/1082 (54%)  
[  5] 294.00-295.00 sec   708 KBytes  5.80 Mbits/sec  1.300 ms  707/1311 (54%)  
[  5] 295.00-296.00 sec   712 KBytes  5.84 Mbits/sec  1.207 ms  750/1358 (55%)  
[  5] 296.00-297.00 sec   589 KBytes  4.83 Mbits/sec  1.118 ms  620/1123 (55%)  
[  5] 297.00-298.00 sec   709 KBytes  5.81 Mbits/sec  1.243 ms  737/1342 (55%)  
[  5] 298.00-299.00 sec   618 KBytes  5.06 Mbits/sec  1.197 ms  604/1131 (53%)  
[  5] 299.00-300.00 sec   683 KBytes  5.60 Mbits/sec  1.141 ms  700/1283 (55%)  
[  5] 300.00-301.00 sec   620 KBytes  5.08 Mbits/sec  1.052 ms  613/1142 (54%)  
[  5] 301.00-302.00 sec   709 KBytes  5.80 Mbits/sec  1.152 ms  695/1300 (53%)  
[  5] 302.00-303.00 sec   588 KBytes  4.82 Mbits/sec  1.178 ms  564/1066 (53%)  
[  5] 303.00-304.00 sec   720 KBytes  5.89 Mbits/sec  1.180 ms  719/1333 (54%)  
[  5] 304.00-305.00 sec   619 KBytes  5.07 Mbits/sec  1.098 ms  648/1176 (55%)  
[  5] 305.00-306.00 sec   679 KBytes  5.56 Mbits/sec  1.305 ms  727/1306 (56%)  
[  5] 306.00-307.00 sec   619 KBytes  5.07 Mbits/sec  1.216 ms  641/1169 (55%)  
[  5] 307.00-308.00 sec   589 KBytes  4.83 Mbits/sec  1.202 ms  594/1097 (54%)  
[  5] 308.00-309.00 sec   696 KBytes  5.70 Mbits/sec  1.200 ms  726/1320 (55%)  
[  5] 309.00-310.00 sec   629 KBytes  5.15 Mbits/sec  1.116 ms  645/1182 (55%)  
[  5] 310.00-311.00 sec   709 KBytes  5.81 Mbits/sec  1.165 ms  698/1303 (54%)  
[  5] 311.00-312.00 sec   628 KBytes  5.15 Mbits/sec  2.704 ms  669/1205 (56%)  
[  5] 312.00-313.00 sec   669 KBytes  5.48 Mbits/sec  1.217 ms  655/1226 (53%)  
[  5] 313.00-314.00 sec   720 KBytes  5.89 Mbits/sec  1.224 ms  740/1354 (55%)  
[  5] 314.00-315.00 sec   589 KBytes  4.83 Mbits/sec  1.267 ms  673/1176 (57%)  
[  5] 315.00-316.00 sec   709 KBytes  5.81 Mbits/sec  1.172 ms  770/1375 (56%)  
[  5] 316.00-317.00 sec   498 KBytes  4.08 Mbits/sec  1.296 ms  531/956 (56%)  
[  5] 317.00-318.00 sec   620 KBytes  5.08 Mbits/sec  1.190 ms  666/1195 (56%)  
[  5] 318.00-319.00 sec   588 KBytes  4.82 Mbits/sec  1.222 ms  602/1104 (55%)  
[  5] 319.00-320.00 sec   530 KBytes  4.34 Mbits/sec  1.271 ms  563/1015 (55%)  
[  5] 320.00-321.00 sec   390 KBytes  3.20 Mbits/sec  1.485 ms  401/734 (55%)  
[  5] 321.00-322.00 sec   499 KBytes  4.09 Mbits/sec  1.231 ms  530/956 (55%)  
[  5] 322.00-323.00 sec   619 KBytes  5.07 Mbits/sec  1.169 ms  738/1266 (58%)  
[  5] 323.00-324.00 sec   499 KBytes  4.09 Mbits/sec  1.128 ms  538/964 (56%)  
[  5] 324.00-325.00 sec   489 KBytes  4.00 Mbits/sec  1.265 ms  538/955 (56%)  
[  5] 325.00-326.00 sec   499 KBytes  4.09 Mbits/sec  1.264 ms  509/935 (54%)  
[  5] 326.00-327.00 sec   620 KBytes  5.08 Mbits/sec  1.171 ms  625/1154 (54%)  
[  5] 327.00-328.00 sec   500 KBytes  4.09 Mbits/sec  10.124 ms  543/970 (56%)  
[  5] 328.00-329.00 sec   618 KBytes  5.07 Mbits/sec  1.168 ms  596/1123 (53%)  
[  5] 329.00-330.00 sec   588 KBytes  4.82 Mbits/sec  1.259 ms  594/1096 (54%)  
[  5] 330.00-331.00 sec   500 KBytes  4.09 Mbits/sec  1.174 ms  499/926 (54%)  
[  5] 331.00-332.00 sec   612 KBytes  5.02 Mbits/sec  1.187 ms  638/1160 (55%)  
[  5] 332.00-333.00 sec   591 KBytes  4.84 Mbits/sec  1.080 ms  608/1112 (55%)  
[  5] 333.00-334.00 sec   518 KBytes  4.24 Mbits/sec  1.412 ms  662/1104 (60%)  
[  5] 334.00-335.00 sec   629 KBytes  5.15 Mbits/sec  1.172 ms  754/1291 (58%)  
[  5] 335.00-336.00 sec   490 KBytes  4.02 Mbits/sec  1.280 ms  646/1064 (61%)  
[  5] 336.00-337.00 sec   589 KBytes  4.83 Mbits/sec  1.459 ms  819/1322 (62%)  
[  5] 337.00-338.00 sec   618 KBytes  5.06 Mbits/sec  1.578 ms  1015/1542 (66%)  
[  5] 338.00-339.00 sec   500 KBytes  4.10 Mbits/sec  1.302 ms  1061/1488 (71%)  
[  5] 339.00-340.00 sec   499 KBytes  4.09 Mbits/sec  1.230 ms  699/1125 (62%)  
[  5] 340.00-341.00 sec   619 KBytes  5.07 Mbits/sec  1.321 ms  923/1451 (64%)  
[  5] 341.00-342.00 sec   589 KBytes  4.83 Mbits/sec  1.265 ms  911/1414 (64%)  
[  5] 342.00-343.00 sec   506 KBytes  4.15 Mbits/sec  2.321 ms  743/1175 (63%)  
[  5] 343.00-344.00 sec   589 KBytes  4.83 Mbits/sec  1.277 ms  845/1348 (63%)  
[  5] 344.00-345.00 sec   619 KBytes  5.07 Mbits/sec  1.254 ms  857/1385 (62%)  
[  5] 345.00-346.00 sec   575 KBytes  4.71 Mbits/sec  1.294 ms  817/1308 (62%)  
[  5] 346.00-347.00 sec   520 KBytes  4.26 Mbits/sec  1.258 ms  670/1114 (60%)  
[  5] 347.00-348.00 sec   588 KBytes  4.82 Mbits/sec  1.305 ms  784/1286 (61%)  
[  5] 348.00-349.00 sec   499 KBytes  4.09 Mbits/sec  1.325 ms  696/1122 (62%)  
[  5] 349.00-350.00 sec   507 KBytes  4.16 Mbits/sec  2.771 ms  732/1165 (63%)  
[  5] 350.00-351.00 sec   588 KBytes  4.82 Mbits/sec  1.349 ms  841/1343 (63%)  
[  5] 351.00-352.00 sec   620 KBytes  5.08 Mbits/sec  1.279 ms  790/1319 (60%)  
[  5] 352.00-353.00 sec   499 KBytes  4.09 Mbits/sec  1.209 ms  694/1120 (62%)  
[  5] 353.00-354.00 sec   589 KBytes  4.83 Mbits/sec  1.335 ms  829/1332 (62%)  
[  5] 354.00-355.00 sec   518 KBytes  4.24 Mbits/sec  1.302 ms  687/1129 (61%)  
[  5] 355.00-356.00 sec   499 KBytes  4.09 Mbits/sec  1.390 ms  644/1070 (60%)  
[  5] 356.00-357.00 sec   478 KBytes  3.92 Mbits/sec  1.317 ms  752/1160 (65%)  
[  5] 357.00-358.00 sec   618 KBytes  5.06 Mbits/sec  1.295 ms  877/1404 (62%)  
[  5] 358.00-359.00 sec   500 KBytes  4.10 Mbits/sec  1.217 ms  679/1106 (61%)  
[  5] 359.00-360.00 sec   619 KBytes  5.07 Mbits/sec  1.454 ms  827/1355 (61%)  
[  5] 360.00-361.00 sec   489 KBytes  4.00 Mbits/sec  1.424 ms  635/1052 (60%)  
[  5] 361.00-362.00 sec   629 KBytes  5.16 Mbits/sec  1.163 ms  812/1349 (60%)  
[  5] 362.00-363.00 sec   489 KBytes  4.00 Mbits/sec  1.421 ms  651/1068 (61%)  
[  5] 363.00-364.00 sec   608 KBytes  4.98 Mbits/sec  1.726 ms  828/1347 (61%)  
[  5] 364.00-365.00 sec   499 KBytes  4.09 Mbits/sec  1.393 ms  720/1146 (63%)  
[  5] 365.00-366.00 sec   499 KBytes  4.09 Mbits/sec  1.229 ms  717/1143 (63%)  
[  5] 366.00-367.00 sec   479 KBytes  3.93 Mbits/sec  1.420 ms  711/1120 (63%)  
[  5] 367.00-368.00 sec   620 KBytes  5.08 Mbits/sec  1.328 ms  860/1389 (62%)  
[  5] 368.00-369.00 sec   488 KBytes  3.99 Mbits/sec  1.240 ms  663/1079 (61%)  
[  5] 369.00-370.00 sec   498 KBytes  4.08 Mbits/sec  1.208 ms  652/1077 (61%)  
[  5] 370.00-371.00 sec   620 KBytes  5.08 Mbits/sec  1.261 ms  832/1361 (61%)  
[  5] 371.00-372.00 sec   489 KBytes  4.00 Mbits/sec  1.339 ms  740/1157 (64%)  
[  5] 372.00-373.00 sec   629 KBytes  5.16 Mbits/sec  1.257 ms  970/1507 (64%)  
[  5] 373.00-374.00 sec   589 KBytes  4.83 Mbits/sec  1.177 ms  904/1407 (64%)  
[  5] 374.00-375.00 sec   619 KBytes  5.07 Mbits/sec  1.279 ms  898/1426 (63%)  
[  5] 375.00-376.00 sec   588 KBytes  4.82 Mbits/sec  1.198 ms  788/1290 (61%)  
[  5] 376.00-377.00 sec   620 KBytes  5.08 Mbits/sec  1.281 ms  891/1420 (63%)  
[  5] 377.00-378.00 sec   619 KBytes  5.07 Mbits/sec  1.339 ms  926/1454 (64%)  
[  5] 378.00-379.00 sec   589 KBytes  4.83 Mbits/sec  1.241 ms  803/1306 (61%)  
[  5] 379.00-380.00 sec   708 KBytes  5.80 Mbits/sec  1.306 ms  938/1542 (61%)  
[  5] 380.00-381.00 sec   499 KBytes  4.09 Mbits/sec  1.520 ms  770/1196 (64%)  
[  5] 381.00-382.00 sec   709 KBytes  5.81 Mbits/sec  1.353 ms  1134/1739 (65%)  
[  5] 382.00-383.00 sec   609 KBytes  5.00 Mbits/sec  1.405 ms  936/1456 (64%)  
[  5] 383.00-384.00 sec   588 KBytes  4.82 Mbits/sec  1.331 ms  861/1363 (63%)  
[  5] 384.00-385.00 sec   629 KBytes  5.16 Mbits/sec  1.218 ms  876/1413 (62%)  
[  5] 385.00-386.00 sec   581 KBytes  4.76 Mbits/sec  1.233 ms  907/1403 (65%)  
[  5] 386.00-387.00 sec   708 KBytes  5.80 Mbits/sec  1.392 ms  968/1572 (62%)  
[  5] 387.00-388.00 sec   589 KBytes  4.83 Mbits/sec  1.320 ms  880/1383 (64%)  
[  5] 388.00-389.00 sec   620 KBytes  5.08 Mbits/sec  1.372 ms  800/1329 (60%)  
[  5] 389.00-390.00 sec   619 KBytes  5.07 Mbits/sec  1.321 ms  748/1276 (59%)  
[  5] 390.00-391.00 sec   589 KBytes  4.82 Mbits/sec  1.398 ms  712/1215 (59%)  
[  5] 391.00-392.00 sec   608 KBytes  4.99 Mbits/sec  1.459 ms  705/1224 (58%)  
[  5] 392.00-393.00 sec   589 KBytes  4.83 Mbits/sec  1.254 ms  701/1204 (58%)  
[  5] 393.00-394.00 sec   619 KBytes  5.07 Mbits/sec  1.164 ms  660/1188 (56%)  
[  5] 394.00-395.00 sec   577 KBytes  4.72 Mbits/sec  1.215 ms  683/1175 (58%)  
[  5] 395.00-396.00 sec   620 KBytes  5.08 Mbits/sec  1.328 ms  765/1294 (59%)  
[  5] 396.00-397.00 sec   575 KBytes  4.71 Mbits/sec  1.350 ms  715/1206 (59%)  
[  5] 397.00-398.00 sec   629 KBytes  5.16 Mbits/sec  1.377 ms  781/1318 (59%)  
[  5] 398.00-399.00 sec   588 KBytes  4.82 Mbits/sec  1.173 ms  686/1188 (58%)  
[  5] 399.00-400.00 sec   520 KBytes  4.26 Mbits/sec  1.168 ms  554/998 (56%)  
[  5] 400.00-401.00 sec   588 KBytes  4.82 Mbits/sec  1.366 ms  694/1196 (58%)  
[  5] 401.00-402.00 sec   530 KBytes  4.34 Mbits/sec  1.187 ms  583/1035 (56%)  
[  5] 402.00-403.00 sec   589 KBytes  4.83 Mbits/sec  1.193 ms  641/1144 (56%)  
[  5] 403.00-404.00 sec   718 KBytes  5.88 Mbits/sec  1.114 ms  860/1473 (58%)  
[  5] 404.00-405.00 sec   480 KBytes  3.94 Mbits/sec  1.349 ms  591/1001 (59%)  
[  5] 405.00-406.00 sec   518 KBytes  4.24 Mbits/sec  1.592 ms  644/1086 (59%)  
[  5] 406.00-407.00 sec   499 KBytes  4.09 Mbits/sec  1.189 ms  638/1064 (60%)  
[  5] 407.00-408.00 sec   589 KBytes  4.83 Mbits/sec  1.394 ms  716/1219 (59%)  
[  5] 408.00-409.00 sec   519 KBytes  4.25 Mbits/sec  1.301 ms  633/1076 (59%)  
[  5] 409.00-410.00 sec   599 KBytes  4.91 Mbits/sec  1.169 ms  692/1203 (58%)  
[  5] 410.00-411.00 sec   619 KBytes  5.07 Mbits/sec  1.149 ms  711/1239 (57%)  
[  5] 411.00-412.00 sec   489 KBytes  4.00 Mbits/sec  1.179 ms  547/964 (57%)  
[  5] 412.00-413.00 sec   620 KBytes  5.08 Mbits/sec  1.199 ms  712/1241 (57%)  
[  5] 413.00-414.00 sec   499 KBytes  4.09 Mbits/sec  1.337 ms  607/1033 (59%)  
[  5] 414.00-415.00 sec   589 KBytes  4.83 Mbits/sec  1.285 ms  745/1248 (60%)  
[  5] 415.00-416.00 sec   529 KBytes  4.33 Mbits/sec  1.264 ms  636/1087 (59%)  
[  5] 416.00-417.00 sec   589 KBytes  4.83 Mbits/sec  1.455 ms  874/1377 (63%)  
[  5] 417.00-418.00 sec   499 KBytes  4.09 Mbits/sec  1.359 ms  749/1175 (64%)  
