Connecting to host 172.22.0.50, port 5201
Reverse mode, remote host 172.22.0.50 is sending
[  5] local 192.168.100.2 port 59637 connected to 172.22.0.50 port 5201
[ ID] Interval           Transfer     Bitrate         Jitter    Lost/Total Datagrams
[  5]   0.00-1.00   sec  1.43 MBytes  12.0 Mbits/sec  0.885 ms  0/1253 (0%)  
[  5]   1.00-2.00   sec  1.43 MBytes  12.0 Mbits/sec  0.844 ms  0/1250 (0%)  
[  5]   2.00-3.00   sec  1.43 MBytes  12.0 Mbits/sec  0.926 ms  0/1246 (0%)  
[  5]   3.00-4.00   sec  1.43 MBytes  12.0 Mbits/sec  0.694 ms  0/1247 (0%)  
[  5]   4.00-5.00   sec  1.44 MBytes  12.1 Mbits/sec  0.926 ms  0/1256 (0%)  
[  5]   5.00-6.00   sec  1.42 MBytes  11.9 Mbits/sec  1.446 ms  0/1243 (0%)  
[  5]   6.00-7.00   sec  1.44 MBytes  12.1 Mbits/sec  1.054 ms  0/1257 (0%)  
[  5]   7.00-8.00   sec  1.43 MBytes  12.0 Mbits/sec  0.959 ms  0/1252 (0%)  
[  5]   8.00-9.00   sec  1.43 MBytes  12.0 Mbits/sec  0.814 ms  0/1248 (0%)  
[  5]   9.00-10.00  sec  1.42 MBytes  11.9 Mbits/sec  1.114 ms  0/1243 (0%)  
[  5]  10.00-11.00  sec  1.44 MBytes  12.1 Mbits/sec  0.814 ms  0/1256 (0%)  
[  5]  11.00-12.00  sec  1.43 MBytes  12.0 Mbits/sec  0.827 ms  0/1251 (0%)  
[  5]  12.00-13.00  sec  1.43 MBytes  12.0 Mbits/sec  0.808 ms  0/1253 (0%)  
[  5]  13.00-14.00  sec  1.42 MBytes  12.0 Mbits/sec  1.092 ms  0/1245 (0%)  
[  5]  14.00-15.00  sec  1.44 MBytes  12.0 Mbits/sec  1.139 ms  0/1256 (0%)  
[  5]  15.00-16.00  sec  1.43 MBytes  12.0 Mbits/sec  0.980 ms  0/1248 (0%)  
[  5]  16.00-17.00  sec   554 KBytes  4.54 Mbits/sec  1.410 ms  0/473 (0%)  
[  5]  17.00-18.00  sec   568 KBytes  4.66 Mbits/sec  1.367 ms  0/485 (0%)  
[  5]  18.00-19.00  sec   559 KBytes  4.58 Mbits/sec  1.420 ms  0/477 (0%)  
[  5]  19.00-20.00  sec   557 KBytes  4.56 Mbits/sec  1.417 ms  0/475 (0%)  
[  5]  20.00-21.00  sec   552 KBytes  4.52 Mbits/sec  1.608 ms  0/471 (0%)  
[  5]  21.00-22.00  sec   550 KBytes  4.51 Mbits/sec  1.469 ms  0/469 (0%)  
[  5]  22.00-23.00  sec   561 KBytes  4.60 Mbits/sec  1.520 ms  0/479 (0%)  
[  5]  23.00-24.00  sec   566 KBytes  4.64 Mbits/sec  1.155 ms  0/483 (0%)  
[  5]  24.00-25.00  sec   562 KBytes  4.61 Mbits/sec  1.549 ms  0/480 (0%)  
[  5]  25.00-26.00  sec   559 KBytes  4.58 Mbits/sec  1.606 ms  0/477 (0%)  
[  5]  26.00-27.00  sec   554 KBytes  4.54 Mbits/sec  1.658 ms  0/473 (0%)  
[  5]  27.00-28.00  sec   561 KBytes  4.59 Mbits/sec  1.477 ms  0/479 (0%)  
[  5]  28.00-29.00  sec   551 KBytes  4.52 Mbits/sec  1.546 ms  0/470 (0%)  
[  5]  29.00-30.00  sec   533 KBytes  4.37 Mbits/sec  1.609 ms  0/455 (0%)  
[  5]  30.00-31.00  sec   544 KBytes  4.46 Mbits/sec  1.493 ms  0/464 (0%)  
[  5]  31.00-32.00  sec   558 KBytes  4.57 Mbits/sec  1.497 ms  0/476 (0%)  
[  5]  32.00-33.00  sec   561 KBytes  4.60 Mbits/sec  1.272 ms  0/479 (0%)  
[  5]  33.00-34.00  sec   520 KBytes  4.26 Mbits/sec  1.621 ms  0/444 (0%)  
[  5]  34.00-35.00  sec   524 KBytes  4.29 Mbits/sec  1.598 ms  0/448 (0%)  
[  5]  35.00-36.00  sec   520 KBytes  4.26 Mbits/sec  1.791 ms  0/444 (0%)  
[  5]  36.00-37.00  sec   371 KBytes  3.04 Mbits/sec  2.600 ms  0/317 (0%)  
[  5]  37.00-38.00  sec   370 KBytes  3.03 Mbits/sec  2.671 ms  0/316 (0%)  
[  5]  38.00-39.00  sec   375 KBytes  3.07 Mbits/sec  2.228 ms  0/320 (0%)  
[  5]  39.00-40.00  sec   342 KBytes  2.80 Mbits/sec  2.138 ms  0/292 (0%)  
[  5]  40.00-41.00  sec   401 KBytes  3.28 Mbits/sec  2.325 ms  0/342 (0%)  
[  5]  41.00-42.00  sec   401 KBytes  3.28 Mbits/sec  2.023 ms  0/342 (0%)  
[  5]  42.00-43.00  sec   400 KBytes  3.27 Mbits/sec  2.358 ms  0/341 (0%)  
[  5]  43.00-44.00  sec   407 KBytes  3.33 Mbits/sec  2.023 ms  0/347 (0%)  
[  5]  44.00-45.00  sec   393 KBytes  3.21 Mbits/sec  2.132 ms  0/335 (0%)  
[  5]  45.00-46.00  sec   396 KBytes  3.25 Mbits/sec  2.448 ms  0/338 (0%)  
[  5]  46.00-47.00  sec   394 KBytes  3.22 Mbits/sec  2.196 ms  0/336 (0%)  
[  5]  47.00-48.00  sec   359 KBytes  2.94 Mbits/sec  1.646 ms  363/669 (54%)  
[  5]  48.00-49.00  sec   408 KBytes  3.34 Mbits/sec  1.821 ms  564/912 (62%)  
[  5]  49.00-50.00  sec   349 KBytes  2.86 Mbits/sec  1.672 ms  484/782 (62%)  
[  5]  50.00-51.00  sec   408 KBytes  3.34 Mbits/sec  1.788 ms  580/928 (62%)  
[  5]  51.00-52.00  sec   400 KBytes  3.27 Mbits/sec  1.560 ms  596/937 (64%)  
[  5]  52.00-53.00  sec   356 KBytes  2.92 Mbits/sec  1.490 ms  518/822 (63%)  
[  5]  53.00-54.00  sec   401 KBytes  3.28 Mbits/sec  1.594 ms  568/910 (62%)  
[  5]  54.00-55.00  sec   428 KBytes  3.50 Mbits/sec  1.807 ms  604/969 (62%)  
[  5]  55.00-56.00  sec   407 KBytes  3.33 Mbits/sec  1.506 ms  557/904 (62%)  
[  5]  56.00-57.00  sec   401 KBytes  3.28 Mbits/sec  1.830 ms  580/922 (63%)  
[  5]  57.00-58.00  sec   400 KBytes  3.27 Mbits/sec  1.711 ms  623/964 (65%)  
[  5]  58.00-59.00  sec   407 KBytes  3.33 Mbits/sec  1.949 ms  624/971 (64%)  
[  5]  59.00-60.00  sec   349 KBytes  2.86 Mbits/sec  1.636 ms  532/830 (64%)  
[  5]  60.00-61.00  sec   403 KBytes  3.30 Mbits/sec  2.283 ms  821/1165 (70%)  
[  5]  61.00-62.00  sec   412 KBytes  3.38 Mbits/sec  2.159 ms  1039/1391 (75%)  
[  5]  62.00-63.00  sec   355 KBytes  2.91 Mbits/sec  2.210 ms  897/1200 (75%)  
[  5]  63.00-64.00  sec   391 KBytes  3.21 Mbits/sec  2.472 ms  1086/1420 (76%)  
[  5]  64.00-65.00  sec   418 KBytes  3.43 Mbits/sec  2.084 ms  949/1306 (73%)  
[  5]  65.00-66.00  sec   409 KBytes  3.35 Mbits/sec  2.135 ms  938/1287 (73%)  
[  5]  66.00-67.00  sec   394 KBytes  3.23 Mbits/sec  2.452 ms  882/1218 (72%)  
[  5]  67.00-68.00  sec   416 KBytes  3.41 Mbits/sec  2.129 ms  935/1290 (72%)  
[  5]  68.00-69.00  sec   410 KBytes  3.36 Mbits/sec  2.224 ms  942/1292 (73%)  
[  5]  69.00-70.00  sec   338 KBytes  2.77 Mbits/sec  2.448 ms  782/1070 (73%)  
[  5]  70.00-71.00  sec   415 KBytes  3.40 Mbits/sec  2.192 ms  966/1320 (73%)  
[  5]  71.00-72.00  sec   412 KBytes  3.38 Mbits/sec  2.228 ms  932/1284 (73%)  
[  5]  72.00-73.00  sec   393 KBytes  3.22 Mbits/sec  2.327 ms  881/1216 (72%)  
[  5]  73.00-74.00  sec   354 KBytes  2.90 Mbits/sec  2.386 ms  820/1122 (73%)  
[  5]  74.00-75.00  sec   412 KBytes  3.38 Mbits/sec  2.433 ms  954/1306 (73%)  
[  5]  75.00-76.00  sec   416 KBytes  3.41 Mbits/sec  2.238 ms  1014/1369 (74%)  
[  5]  76.00-77.00  sec   352 KBytes  2.88 Mbits/sec  2.202 ms  817/1117 (73%)  
[  5]  77.00-78.00  sec   397 KBytes  3.25 Mbits/sec  2.428 ms  928/1267 (73%)  
[  5]  78.00-79.00  sec   350 KBytes  2.87 Mbits/sec  2.552 ms  801/1100 (73%)  
[  5]  79.00-80.00  sec   417 KBytes  3.42 Mbits/sec  2.357 ms  946/1302 (73%)  
[  5]  80.00-81.00  sec   412 KBytes  3.38 Mbits/sec  2.082 ms  944/1296 (73%)  
[  5]  81.00-82.00  sec   395 KBytes  3.24 Mbits/sec  2.318 ms  885/1222 (72%)  
[  5]  82.00-83.00  sec   352 KBytes  2.88 Mbits/sec  2.421 ms  789/1089 (72%)  
[  5]  83.00-84.00  sec   416 KBytes  3.41 Mbits/sec  2.188 ms  975/1330 (73%)  
[  5]  84.00-85.00  sec   393 KBytes  3.22 Mbits/sec  2.650 ms  907/1242 (73%)  
[  5]  85.00-86.00  sec   411 KBytes  3.37 Mbits/sec  2.059 ms  991/1342 (74%)  
[  5]  86.00-87.00  sec   416 KBytes  3.41 Mbits/sec  2.185 ms  973/1328 (73%)  
[  5]  87.00-88.00  sec   353 KBytes  2.88 Mbits/sec  2.306 ms  788/1089 (72%)  
[  5]  88.00-89.00  sec   396 KBytes  3.25 Mbits/sec  2.423 ms  873/1211 (72%)  
[  5]  89.00-90.00  sec   355 KBytes  2.91 Mbits/sec  2.396 ms  796/1099 (72%)  
[  5]  90.00-91.00  sec   412 KBytes  3.38 Mbits/sec  2.229 ms  938/1290 (73%)  
[  5]  91.00-92.00  sec   395 KBytes  3.23 Mbits/sec  2.451 ms  883/1220 (72%)  
[  5]  92.00-93.00  sec   412 KBytes  3.38 Mbits/sec  2.313 ms  946/1298 (73%)  
[  5]  93.00-94.00  sec   412 KBytes  3.38 Mbits/sec  2.258 ms  975/1327 (73%)  
[  5]  94.00-95.00  sec   396 KBytes  3.25 Mbits/sec  2.281 ms  928/1266 (73%)  
[  5]  95.00-96.00  sec   352 KBytes  2.88 Mbits/sec  2.481 ms  807/1107 (73%)  
[  5]  96.00-97.00  sec   416 KBytes  3.41 Mbits/sec  2.135 ms  974/1329 (73%)  
[  5]  97.00-98.00  sec   411 KBytes  3.37 Mbits/sec  2.304 ms  997/1348 (74%)  
[  5]  98.00-99.00  sec   393 KBytes  3.21 Mbits/sec  2.395 ms  940/1275 (74%)  
[  5]  99.00-100.00 sec   415 KBytes  3.40 Mbits/sec  2.177 ms  960/1314 (73%)  
[  5] 100.00-101.00 sec   412 KBytes  3.38 Mbits/sec  2.261 ms  955/1307 (73%)  
[  5] 101.00-102.00 sec   396 KBytes  3.24 Mbits/sec  2.206 ms  981/1319 (74%)  
[  5] 102.00-103.00 sec   350 KBytes  2.87 Mbits/sec  2.446 ms  841/1140 (74%)  
[  5] 103.00-104.00 sec   418 KBytes  3.42 Mbits/sec  2.217 ms  986/1343 (73%)  
[  5] 104.00-105.00 sec   389 KBytes  3.19 Mbits/sec  2.544 ms  907/1239 (73%)  
[  5] 105.00-106.00 sec   394 KBytes  3.23 Mbits/sec  2.865 ms  929/1265 (73%)  
[  5] 106.00-107.00 sec   376 KBytes  3.08 Mbits/sec  2.465 ms  855/1176 (73%)  
[  5] 107.00-108.00 sec   416 KBytes  3.41 Mbits/sec  2.067 ms  932/1287 (72%)  
[  5] 108.00-109.00 sec   393 KBytes  3.22 Mbits/sec  2.355 ms  871/1206 (72%)  
[  5] 109.00-110.00 sec   415 KBytes  3.40 Mbits/sec  2.150 ms  964/1318 (73%)  
[  5] 110.00-111.00 sec   352 KBytes  2.88 Mbits/sec  2.346 ms  836/1136 (74%)  
[  5] 111.00-112.00 sec   397 KBytes  3.25 Mbits/sec  2.472 ms  967/1306 (74%)  
[  5] 112.00-113.00 sec   409 KBytes  3.35 Mbits/sec  2.444 ms  983/1332 (74%)  
[  5] 113.00-114.00 sec   417 KBytes  3.42 Mbits/sec  2.187 ms  978/1334 (73%)  
[  5] 114.00-115.00 sec   353 KBytes  2.89 Mbits/sec  2.132 ms  804/1105 (73%)  
[  5] 115.00-116.00 sec   395 KBytes  3.24 Mbits/sec  2.355 ms  918/1255 (73%)  
[  5] 116.00-117.00 sec   412 KBytes  3.38 Mbits/sec  2.336 ms  923/1275 (72%)  
[  5] 117.00-118.00 sec   355 KBytes  2.91 Mbits/sec  2.165 ms  816/1119 (73%)  
[  5] 118.00-119.00 sec   411 KBytes  3.37 Mbits/sec  2.140 ms  962/1313 (73%)  
[  5] 119.00-120.00 sec   393 KBytes  3.22 Mbits/sec  2.485 ms  902/1237 (73%)  
[  5] 120.00-121.00 sec   415 KBytes  3.40 Mbits/sec  2.119 ms  950/1304 (73%)  
[  5] 121.00-122.00 sec   357 KBytes  2.93 Mbits/sec  2.219 ms  812/1117 (73%)  
[  5] 122.00-123.00 sec   393 KBytes  3.22 Mbits/sec  2.455 ms  883/1218 (72%)  
[  5] 123.00-124.00 sec   415 KBytes  3.40 Mbits/sec  2.465 ms  931/1285 (72%)  
[  5] 124.00-125.00 sec   412 KBytes  3.38 Mbits/sec  2.206 ms  932/1284 (73%)  
[  5] 125.00-126.00 sec   410 KBytes  3.36 Mbits/sec  2.422 ms  950/1300 (73%)  
[  5] 126.00-127.00 sec   338 KBytes  2.76 Mbits/sec  2.389 ms  775/1063 (73%)  
[  5] 127.00-128.00 sec   412 KBytes  3.38 Mbits/sec  2.347 ms  983/1335 (74%)  
[  5] 128.00-129.00 sec   415 KBytes  3.40 Mbits/sec  2.106 ms  977/1331 (73%)  
[  5] 129.00-130.00 sec   393 KBytes  3.22 Mbits/sec  2.408 ms  914/1249 (73%)  
[  5] 130.00-131.00 sec   416 KBytes  3.41 Mbits/sec  2.188 ms  987/1342 (74%)  
[  5] 131.00-132.00 sec   411 KBytes  3.37 Mbits/sec  2.134 ms  958/1309 (73%)  
[  5] 132.00-133.00 sec   338 KBytes  2.76 Mbits/sec  2.481 ms  763/1051 (73%)  
[  5] 133.00-134.00 sec   410 KBytes  3.36 Mbits/sec  2.204 ms  934/1284 (73%)  
[  5] 134.00-135.00 sec   412 KBytes  3.38 Mbits/sec  2.248 ms  972/1324 (73%)  
[  5] 135.00-136.00 sec   356 KBytes  2.92 Mbits/sec  2.428 ms  836/1140 (73%)  
[  5] 136.00-137.00 sec   395 KBytes  3.24 Mbits/sec  2.338 ms  900/1237 (73%)  
[  5] 137.00-138.00 sec   412 KBytes  3.38 Mbits/sec  2.356 ms  949/1301 (73%)  
[  5] 138.00-139.00 sec   415 KBytes  3.39 Mbits/sec  2.159 ms  983/1337 (74%)  
[  5] 139.00-140.00 sec   393 KBytes  3.22 Mbits/sec  2.377 ms  910/1245 (73%)  
[  5] 140.00-141.00 sec   353 KBytes  2.89 Mbits/sec  2.300 ms  852/1153 (74%)  
[  5] 141.00-142.00 sec   415 KBytes  3.40 Mbits/sec  2.323 ms  973/1327 (73%)  
[  5] 142.00-143.00 sec   412 KBytes  3.38 Mbits/sec  2.054 ms  968/1320 (73%)  
[  5] 143.00-144.00 sec   396 KBytes  3.24 Mbits/sec  2.372 ms  945/1283 (74%)  
[  5] 144.00-145.00 sec   350 KBytes  2.87 Mbits/sec  2.674 ms  796/1095 (73%)  
[  5] 145.00-146.00 sec   418 KBytes  3.43 Mbits/sec  2.110 ms  960/1317 (73%)  
[  5] 146.00-147.00 sec   409 KBytes  3.35 Mbits/sec  2.240 ms  927/1276 (73%)  
[  5] 147.00-148.00 sec   357 KBytes  2.93 Mbits/sec  2.076 ms  801/1106 (72%)  
[  5] 148.00-149.00 sec   393 KBytes  3.22 Mbits/sec  2.319 ms  886/1221 (73%)  
[  5] 149.00-150.00 sec   415 KBytes  3.40 Mbits/sec  2.224 ms  955/1309 (73%)  
[  5] 150.00-151.00 sec   412 KBytes  3.38 Mbits/sec  2.203 ms  979/1331 (74%)  
[  5] 151.00-152.00 sec   336 KBytes  2.76 Mbits/sec  2.401 ms  772/1059 (73%)  
[  5] 152.00-153.00 sec   411 KBytes  3.37 Mbits/sec  2.497 ms  942/1293 (73%)  
[  5] 153.00-154.00 sec   412 KBytes  3.38 Mbits/sec  2.352 ms  929/1281 (73%)  
[  5] 154.00-155.00 sec   354 KBytes  2.90 Mbits/sec  2.415 ms  821/1123 (73%)  
[  5] 155.00-156.00 sec   397 KBytes  3.26 Mbits/sec  2.482 ms  922/1261 (73%)  
[  5] 156.00-157.00 sec   353 KBytes  2.89 Mbits/sec  2.667 ms  817/1118 (73%)  
[  5] 157.00-158.00 sec   415 KBytes  3.40 Mbits/sec  2.411 ms  969/1323 (73%)  
[  5] 158.00-159.00 sec   412 KBytes  3.38 Mbits/sec  2.251 ms  977/1329 (74%)  
[  5] 159.00-160.00 sec   356 KBytes  2.92 Mbits/sec  2.213 ms  858/1162 (74%)  
[  5] 160.00-161.00 sec   390 KBytes  3.20 Mbits/sec  2.459 ms  936/1269 (74%)  
[  5] 161.00-162.00 sec   357 KBytes  2.93 Mbits/sec  2.494 ms  815/1120 (73%)  
[  5] 162.00-163.00 sec   410 KBytes  3.36 Mbits/sec  2.254 ms  935/1285 (73%)  
[  5] 163.00-164.00 sec   357 KBytes  2.93 Mbits/sec  2.013 ms  819/1124 (73%)  
[  5] 164.00-165.00 sec   412 KBytes  3.38 Mbits/sec  2.110 ms  945/1297 (73%)  
[  5] 165.00-166.00 sec   354 KBytes  2.90 Mbits/sec  2.089 ms  799/1101 (73%)  
[  5] 166.00-167.00 sec   393 KBytes  3.22 Mbits/sec  2.518 ms  896/1231 (73%)  
[  5] 167.00-168.00 sec   416 KBytes  3.41 Mbits/sec  2.129 ms  981/1336 (73%)  
[  5] 168.00-169.00 sec   352 KBytes  2.88 Mbits/sec  2.316 ms  851/1151 (74%)  
[  5] 169.00-170.00 sec   417 KBytes  3.42 Mbits/sec  2.204 ms  960/1316 (73%)  
[  5] 170.00-171.00 sec   390 KBytes  3.20 Mbits/sec  2.823 ms  931/1264 (74%)  
[  5] 171.00-172.00 sec   417 KBytes  3.41 Mbits/sec  2.145 ms  962/1318 (73%)  
[  5] 172.00-173.00 sec   393 KBytes  3.22 Mbits/sec  2.389 ms  906/1241 (73%)  
[  5] 173.00-174.00 sec   415 KBytes  3.40 Mbits/sec  2.111 ms  971/1325 (73%)  
[  5] 174.00-175.00 sec   353 KBytes  2.89 Mbits/sec  2.372 ms  822/1123 (73%)  
[  5] 175.00-176.00 sec   415 KBytes  3.40 Mbits/sec  2.234 ms  975/1329 (73%)  
[  5] 176.00-177.00 sec   391 KBytes  3.21 Mbits/sec  2.512 ms  922/1256 (73%)  
[  5] 177.00-178.00 sec   353 KBytes  2.89 Mbits/sec  2.611 ms  840/1141 (74%)  
[  5] 178.00-179.00 sec   415 KBytes  3.40 Mbits/sec  2.217 ms  1006/1360 (74%)  
[  5] 179.00-180.00 sec   414 KBytes  3.39 Mbits/sec  2.174 ms  987/1340 (74%)  
[  5] 180.00-181.00 sec   396 KBytes  3.25 Mbits/sec  2.450 ms  937/1275 (73%)  
[  5] 181.00-182.00 sec   411 KBytes  3.37 Mbits/sec  2.179 ms  962/1313 (73%)  
[  5] 182.00-183.00 sec   357 KBytes  2.93 Mbits/sec  2.160 ms  825/1130 (73%)  
[  5] 183.00-184.00 sec   394 KBytes  3.23 Mbits/sec  2.466 ms  963/1299 (74%)  
[  5] 184.00-185.00 sec   412 KBytes  3.38 Mbits/sec  2.481 ms  989/1341 (74%)  
[  5] 185.00-186.00 sec   412 KBytes  3.38 Mbits/sec  2.301 ms  1006/1358 (74%)  
[  5] 186.00-187.00 sec   355 KBytes  2.91 Mbits/sec  2.239 ms  877/1180 (74%)  
[  5] 187.00-188.00 sec   393 KBytes  3.22 Mbits/sec  2.522 ms  963/1298 (74%)  
[  5] 188.00-189.00 sec   416 KBytes  3.41 Mbits/sec  2.252 ms  1014/1369 (74%)  
[  5] 189.00-190.00 sec   391 KBytes  3.21 Mbits/sec  2.359 ms  929/1263 (74%)  
[  5] 190.00-191.00 sec   412 KBytes  3.38 Mbits/sec  2.349 ms  974/1326 (73%)  
[  5] 191.00-192.00 sec   354 KBytes  2.90 Mbits/sec  2.427 ms  855/1157 (74%)  
[  5] 192.00-193.00 sec   418 KBytes  3.43 Mbits/sec  2.182 ms  970/1327 (73%)  
[  5] 193.00-194.00 sec   352 KBytes  2.88 Mbits/sec  2.116 ms  799/1099 (73%)  
[  5] 194.00-195.00 sec   396 KBytes  3.24 Mbits/sec  2.316 ms  898/1236 (73%)  
[  5] 195.00-196.00 sec   412 KBytes  3.38 Mbits/sec  2.396 ms  942/1294 (73%)  
[  5] 196.00-197.00 sec   395 KBytes  3.23 Mbits/sec  2.423 ms  895/1232 (73%)  
[  5] 197.00-198.00 sec   371 KBytes  3.04 Mbits/sec  2.249 ms  864/1181 (73%)  
[  5] 198.00-199.00 sec   393 KBytes  3.21 Mbits/sec  2.358 ms  890/1225 (73%)  
[  5] 199.00-200.00 sec   415 KBytes  3.40 Mbits/sec  2.173 ms  956/1310 (73%)  
[  5] 200.00-201.00 sec   412 KBytes  3.38 Mbits/sec  2.167 ms  998/1350 (74%)  
[  5] 201.00-202.00 sec   356 KBytes  2.92 Mbits/sec  2.197 ms  850/1154 (74%)  
[  5] 202.00-203.00 sec   390 KBytes  3.20 Mbits/sec  3.097 ms  934/1267 (74%)  
[  5] 203.00-204.00 sec   418 KBytes  3.43 Mbits/sec  2.212 ms  979/1336 (73%)  
[  5] 204.00-205.00 sec   409 KBytes  3.35 Mbits/sec  2.270 ms  937/1286 (73%)  
[  5] 205.00-206.00 sec   357 KBytes  2.93 Mbits/sec  2.098 ms  812/1117 (73%)  
[  5] 206.00-207.00 sec   393 KBytes  3.22 Mbits/sec  2.327 ms  877/1212 (72%)  
[  5] 207.00-208.00 sec   415 KBytes  3.40 Mbits/sec  2.180 ms  986/1340 (74%)  
[  5] 208.00-209.00 sec   353 KBytes  2.89 Mbits/sec  2.215 ms  829/1130 (73%)  
[  5] 209.00-210.00 sec   396 KBytes  3.24 Mbits/sec  2.399 ms  914/1252 (73%)  
[  5] 210.00-211.00 sec   411 KBytes  3.37 Mbits/sec  2.233 ms  949/1300 (73%)  
[  5] 211.00-212.00 sec   357 KBytes  2.93 Mbits/sec  2.119 ms  817/1122 (73%)  
[  5] 212.00-213.00 sec   409 KBytes  3.35 Mbits/sec  2.217 ms  930/1279 (73%)  
[  5] 213.00-214.00 sec   397 KBytes  3.26 Mbits/sec  2.571 ms  915/1254 (73%)  
[  5] 214.00-215.00 sec   412 KBytes  3.38 Mbits/sec  2.174 ms  926/1278 (72%)  
[  5] 215.00-216.00 sec   395 KBytes  3.24 Mbits/sec  2.433 ms  964/1301 (74%)  
[  5] 216.00-217.00 sec   412 KBytes  3.38 Mbits/sec  2.334 ms  994/1346 (74%)  
[  5] 217.00-218.00 sec   396 KBytes  3.24 Mbits/sec  2.510 ms  960/1298 (74%)  
[  5] 218.00-219.00 sec   371 KBytes  3.04 Mbits/sec  2.193 ms  872/1189 (73%)  
[  5] 219.00-220.00 sec   393 KBytes  3.22 Mbits/sec  2.950 ms  908/1243 (73%)  
[  5] 220.00-221.00 sec   415 KBytes  3.40 Mbits/sec  2.058 ms  978/1332 (73%)  
[  5] 221.00-222.00 sec   357 KBytes  2.93 Mbits/sec  2.158 ms  818/1123 (73%)  
[  5] 222.00-223.00 sec   411 KBytes  3.37 Mbits/sec  2.199 ms  949/1300 (73%)  
[  5] 223.00-224.00 sec   391 KBytes  3.21 Mbits/sec  2.940 ms  906/1240 (73%)  
[  5] 224.00-225.00 sec   357 KBytes  2.93 Mbits/sec  2.489 ms  833/1138 (73%)  
[  5] 225.00-226.00 sec   415 KBytes  3.40 Mbits/sec  2.162 ms  978/1332 (73%)  
[  5] 226.00-227.00 sec   391 KBytes  3.21 Mbits/sec  2.316 ms  905/1239 (73%)  
[  5] 227.00-228.00 sec   412 KBytes  3.38 Mbits/sec  2.310 ms  929/1281 (73%)  
[  5] 228.00-229.00 sec   355 KBytes  2.91 Mbits/sec  2.471 ms  810/1113 (73%)  
[  5] 229.00-230.00 sec   412 KBytes  3.38 Mbits/sec  2.360 ms  961/1313 (73%)  
[  5] 230.00-231.00 sec   396 KBytes  3.24 Mbits/sec  2.449 ms  940/1278 (74%)  
[  5] 231.00-232.00 sec   410 KBytes  3.36 Mbits/sec  2.399 ms  979/1329 (74%)  
[  5] 232.00-233.00 sec   357 KBytes  2.93 Mbits/sec  2.474 ms  843/1148 (73%)  
[  5] 233.00-234.00 sec   410 KBytes  3.36 Mbits/sec  2.359 ms  980/1330 (74%)  
[  5] 234.00-235.00 sec   397 KBytes  3.25 Mbits/sec  2.485 ms  908/1247 (73%)  
[  5] 235.00-236.00 sec   412 KBytes  3.38 Mbits/sec  2.025 ms  982/1334 (74%)  
[  5] 236.00-237.00 sec   355 KBytes  2.91 Mbits/sec  2.496 ms  820/1123 (73%)  
[  5] 237.00-238.00 sec   412 KBytes  3.38 Mbits/sec  2.144 ms  932/1284 (73%)  
[  5] 238.00-239.00 sec   396 KBytes  3.24 Mbits/sec  2.361 ms  892/1230 (73%)  
[  5] 239.00-240.00 sec   352 KBytes  2.88 Mbits/sec  2.286 ms  785/1085 (72%)  
[  5] 240.00-241.00 sec   412 KBytes  3.38 Mbits/sec  2.202 ms  955/1307 (73%)  
[  5] 241.00-242.00 sec   414 KBytes  3.39 Mbits/sec  2.142 ms  967/1320 (73%)  
[  5] 242.00-243.00 sec   357 KBytes  2.93 Mbits/sec  2.170 ms  830/1135 (73%)  
[  5] 243.00-244.00 sec   393 KBytes  3.22 Mbits/sec  2.484 ms  897/1232 (73%)  
[  5] 244.00-245.00 sec   415 KBytes  3.40 Mbits/sec  2.021 ms  975/1329 (73%)  
[  5] 245.00-246.00 sec   414 KBytes  3.39 Mbits/sec  2.198 ms  981/1334 (74%)  
[  5] 246.00-247.00 sec   395 KBytes  3.24 Mbits/sec  2.167 ms  935/1272 (74%)  
[  5] 247.00-248.00 sec   412 KBytes  3.38 Mbits/sec  2.131 ms  977/1329 (74%)  
[  5] 248.00-249.00 sec   391 KBytes  3.21 Mbits/sec  2.480 ms  935/1269 (74%)  
[  5] 249.00-250.00 sec   355 KBytes  2.91 Mbits/sec  2.470 ms  851/1154 (74%)  
[  5] 250.00-251.00 sec   412 KBytes  3.38 Mbits/sec  2.336 ms  971/1323 (73%)  
[  5] 251.00-252.00 sec   416 KBytes  3.41 Mbits/sec  2.083 ms  957/1312 (73%)  
[  5] 252.00-253.00 sec   352 KBytes  2.88 Mbits/sec  2.426 ms  804/1104 (73%)  
[  5] 253.00-254.00 sec   397 KBytes  3.25 Mbits/sec  2.318 ms  896/1235 (73%)  
[  5] 254.00-255.00 sec   410 KBytes  3.36 Mbits/sec  2.220 ms  961/1311 (73%)  
[  5] 255.00-256.00 sec   397 KBytes  3.25 Mbits/sec  2.507 ms  915/1254 (73%)  
[  5] 256.00-257.00 sec   352 KBytes  2.88 Mbits/sec  2.363 ms  828/1128 (73%)  
[  5] 257.00-258.00 sec   416 KBytes  3.41 Mbits/sec  2.498 ms  975/1330 (73%)  
[  5] 258.00-259.00 sec   412 KBytes  3.38 Mbits/sec  2.083 ms  941/1293 (73%)  
[  5] 259.00-260.00 sec   395 KBytes  3.24 Mbits/sec  2.446 ms  912/1249 (73%)  
[  5] 260.00-261.00 sec   412 KBytes  3.38 Mbits/sec  2.118 ms  977/1329 (74%)  
[  5] 261.00-262.00 sec   353 KBytes  2.89 Mbits/sec  2.248 ms  835/1136 (74%)  
[  5] 262.00-263.00 sec   415 KBytes  3.40 Mbits/sec  2.125 ms  975/1329 (73%)  
[  5] 263.00-264.00 sec   393 KBytes  3.22 Mbits/sec  2.393 ms  910/1245 (73%)  
[  5] 264.00-265.00 sec   416 KBytes  3.41 Mbits/sec  2.188 ms  1004/1359 (74%)  
[  5] 265.00-266.00 sec   391 KBytes  3.20 Mbits/sec  2.633 ms  932/1266 (74%)  
[  5] 266.00-267.00 sec   357 KBytes  2.93 Mbits/sec  2.513 ms  815/1120 (73%)  
[  5] 267.00-268.00 sec   410 KBytes  3.36 Mbits/sec  2.210 ms  934/1284 (73%)  
[  5] 268.00-269.00 sec   357 KBytes  2.93 Mbits/sec  2.476 ms  806/1111 (73%)  
[  5] 269.00-270.00 sec   412 KBytes  3.38 Mbits/sec  2.156 ms  923/1275 (72%)  
[  5] 270.00-271.00 sec   394 KBytes  3.23 Mbits/sec  2.401 ms  901/1237 (73%)  
[  5] 271.00-272.00 sec   414 KBytes  3.39 Mbits/sec  2.089 ms  931/1284 (73%)  
[  5] 272.00-273.00 sec   395 KBytes  3.24 Mbits/sec  2.440 ms  922/1259 (73%)  
[  5] 273.00-274.00 sec   373 KBytes  3.05 Mbits/sec  2.136 ms  880/1198 (73%)  
[  5] 274.00-275.00 sec   391 KBytes  3.21 Mbits/sec  2.378 ms  939/1273 (74%)  
[  5] 275.00-276.00 sec   416 KBytes  3.41 Mbits/sec  1.927 ms  987/1342 (74%)  
[  5] 276.00-277.00 sec   393 KBytes  3.22 Mbits/sec  2.391 ms  922/1257 (73%)  
[  5] 277.00-278.00 sec   415 KBytes  3.40 Mbits/sec  2.132 ms  990/1344 (74%)  
[  5] 278.00-279.00 sec   411 KBytes  3.37 Mbits/sec  2.182 ms  954/1305 (73%)  
[  5] 279.00-280.00 sec   393 KBytes  3.22 Mbits/sec  2.430 ms  872/1207 (72%)  
[  5] 280.00-281.00 sec   355 KBytes  2.91 Mbits/sec  2.425 ms  845/1148 (74%)  
[  5] 281.00-282.00 sec   417 KBytes  3.42 Mbits/sec  2.103 ms  971/1327 (73%)  
[  5] 282.00-283.00 sec   353 KBytes  2.89 Mbits/sec  2.106 ms  825/1126 (73%)  
[  5] 283.00-284.00 sec   395 KBytes  3.24 Mbits/sec  2.267 ms  904/1241 (73%)  
[  5] 284.00-285.00 sec   412 KBytes  3.38 Mbits/sec  2.273 ms  930/1282 (73%)  
[  5] 285.00-286.00 sec   415 KBytes  3.40 Mbits/sec  2.196 ms  961/1315 (73%)  
[  5] 286.00-287.00 sec   393 KBytes  3.22 Mbits/sec  2.361 ms  886/1221 (73%)  
[  5] 287.00-288.00 sec   412 KBytes  3.38 Mbits/sec  2.302 ms  919/1271 (72%)  
[  5] 288.00-289.00 sec   415 KBytes  3.40 Mbits/sec  2.101 ms  970/1324 (73%)  
[  5] 289.00-290.00 sec   352 KBytes  2.88 Mbits/sec  2.244 ms  829/1129 (73%)  
[  5] 290.00-291.00 sec   396 KBytes  3.24 Mbits/sec  2.585 ms  979/1317 (74%)  
[  5] 291.00-292.00 sec   355 KBytes  2.90 Mbits/sec  2.580 ms  838/1141 (73%)  
[  5] 292.00-293.00 sec   353 KBytes  2.90 Mbits/sec  2.376 ms  819/1120 (73%)  
[  5] 293.00-294.00 sec   356 KBytes  2.92 Mbits/sec  2.718 ms  829/1133 (73%)  
[  5] 294.00-295.00 sec   355 KBytes  2.91 Mbits/sec  2.528 ms  819/1122 (73%)  
[  5] 295.00-296.00 sec   353 KBytes  2.89 Mbits/sec  2.440 ms  810/1111 (73%)  
[  5] 296.00-297.00 sec   355 KBytes  2.91 Mbits/sec  2.726 ms  820/1123 (73%)  
[  5] 297.00-298.00 sec   316 KBytes  2.59 Mbits/sec  2.158 ms  719/989 (73%)  
[  5] 298.00-299.00 sec   352 KBytes  2.88 Mbits/sec  2.582 ms  816/1116 (73%)  
[  5] 299.00-300.00 sec   356 KBytes  2.92 Mbits/sec  2.096 ms  869/1173 (74%)  
[  5] 300.00-301.00 sec   350 KBytes  2.87 Mbits/sec  2.143 ms  802/1101 (73%)  
[  5] 301.00-302.00 sec   418 KBytes  3.43 Mbits/sec  2.064 ms  947/1304 (73%)  
[  5] 302.00-303.00 sec   389 KBytes  3.19 Mbits/sec  2.651 ms  888/1220 (73%)  
[  5] 303.00-304.00 sec   418 KBytes  3.43 Mbits/sec  2.161 ms  926/1283 (72%)  
[  5] 304.00-305.00 sec   352 KBytes  2.88 Mbits/sec  2.275 ms  792/1092 (73%)  
[  5] 305.00-306.00 sec   415 KBytes  3.40 Mbits/sec  2.217 ms  966/1320 (73%)  
[  5] 306.00-307.00 sec   353 KBytes  2.89 Mbits/sec  2.123 ms  842/1143 (74%)  
[  5] 307.00-308.00 sec   396 KBytes  3.24 Mbits/sec  2.554 ms  950/1288 (74%)  
[  5] 308.00-309.00 sec   411 KBytes  3.37 Mbits/sec  2.143 ms  959/1310 (73%)  
[  5] 309.00-310.00 sec   357 KBytes  2.93 Mbits/sec  2.137 ms  811/1116 (73%)  
[  5] 310.00-311.00 sec   409 KBytes  3.35 Mbits/sec  2.385 ms  922/1271 (73%)  
[  5] 311.00-312.00 sec   397 KBytes  3.25 Mbits/sec  2.546 ms  899/1238 (73%)  
[  5] 312.00-313.00 sec   353 KBytes  2.89 Mbits/sec  2.377 ms  826/1127 (73%)  
[  5] 313.00-314.00 sec   415 KBytes  3.39 Mbits/sec  2.205 ms  947/1301 (73%)  
[  5] 314.00-315.00 sec   353 KBytes  2.89 Mbits/sec  2.141 ms  811/1112 (73%)  
[  5] 315.00-316.00 sec   396 KBytes  3.25 Mbits/sec  2.615 ms  913/1251 (73%)  
[  5] 316.00-317.00 sec   370 KBytes  3.03 Mbits/sec  2.306 ms  867/1183 (73%)  
[  5] 317.00-318.00 sec   357 KBytes  2.93 Mbits/sec  2.414 ms  1003/1308 (77%)  
[  5] 318.00-319.00 sec   335 KBytes  2.75 Mbits/sec  2.545 ms  919/1205 (76%)  
[  5] 319.00-320.00 sec   371 KBytes  3.04 Mbits/sec  2.472 ms  1002/1319 (76%)  
[  5] 320.00-321.00 sec   357 KBytes  2.93 Mbits/sec  2.268 ms  927/1232 (75%)  
[  5] 321.00-322.00 sec   355 KBytes  2.91 Mbits/sec  2.298 ms  987/1290 (77%)  
[  5] 322.00-323.00 sec   352 KBytes  2.88 Mbits/sec  2.232 ms  993/1293 (77%)  
[  5] 323.00-324.00 sec   357 KBytes  2.93 Mbits/sec  2.468 ms  995/1300 (77%)  
[  5] 324.00-325.00 sec   350 KBytes  2.87 Mbits/sec  2.571 ms  968/1267 (76%)  
[  5] 325.00-326.00 sec   356 KBytes  2.92 Mbits/sec  2.235 ms  937/1241 (76%)  
[  5] 326.00-327.00 sec   353 KBytes  2.89 Mbits/sec  2.375 ms  857/1158 (74%)  
[  5] 327.00-328.00 sec   354 KBytes  2.90 Mbits/sec  2.352 ms  818/1120 (73%)  
[  5] 328.00-329.00 sec   357 KBytes  2.93 Mbits/sec  2.108 ms  818/1123 (73%)  
[  5] 329.00-330.00 sec   352 KBytes  2.88 Mbits/sec  2.429 ms  831/1131 (73%)  
[  5] 330.00-331.00 sec   355 KBytes  2.91 Mbits/sec  2.587 ms  815/1118 (73%)  
[  5] 331.00-332.00 sec   357 KBytes  2.92 Mbits/sec  2.210 ms  877/1182 (74%)  
[  5] 332.00-333.00 sec   412 KBytes  3.38 Mbits/sec  2.198 ms  1014/1366 (74%)  
[  5] 333.00-334.00 sec   355 KBytes  2.91 Mbits/sec  2.139 ms  850/1153 (74%)  
[  5] 334.00-335.00 sec   352 KBytes  2.88 Mbits/sec  2.408 ms  815/1115 (73%)  
[  5] 335.00-336.00 sec   356 KBytes  2.92 Mbits/sec  2.220 ms  826/1130 (73%)  
[  5] 336.00-337.00 sec   395 KBytes  3.23 Mbits/sec  2.359 ms  918/1255 (73%)  
[  5] 337.00-338.00 sec   353 KBytes  2.89 Mbits/sec  2.489 ms  811/1112 (73%)  
[  5] 338.00-339.00 sec   356 KBytes  2.92 Mbits/sec  2.437 ms  848/1152 (74%)  
[  5] 339.00-340.00 sec   370 KBytes  3.04 Mbits/sec  2.416 ms  902/1218 (74%)  
[  5] 340.00-341.00 sec   298 KBytes  2.44 Mbits/sec  2.333 ms  716/970 (74%)  
[  5] 341.00-342.00 sec   356 KBytes  2.92 Mbits/sec  2.414 ms  876/1180 (74%)  
[  5] 342.00-343.00 sec   355 KBytes  2.91 Mbits/sec  2.375 ms  897/1200 (75%)  
[  5] 343.00-344.00 sec   312 KBytes  2.55 Mbits/sec  2.214 ms  826/1092 (76%)  
[  5] 344.00-345.00 sec   336 KBytes  2.76 Mbits/sec  2.579 ms  883/1170 (75%)  
[  5] 345.00-346.00 sec   376 KBytes  3.08 Mbits/sec  2.232 ms  944/1265 (75%)  
[  5] 346.00-347.00 sec   292 KBytes  2.39 Mbits/sec  2.707 ms  770/1019 (76%)  
[  5] 347.00-348.00 sec   356 KBytes  2.92 Mbits/sec  2.462 ms  969/1273 (76%)  
[  5] 348.00-349.00 sec   355 KBytes  2.91 Mbits/sec  2.604 ms  1003/1306 (77%)  
[  5] 349.00-350.00 sec   353 KBytes  2.89 Mbits/sec  2.484 ms  944/1245 (76%)  
[  5] 350.00-351.00 sec   355 KBytes  2.91 Mbits/sec  2.651 ms  905/1208 (75%)  
[  5] 351.00-352.00 sec   356 KBytes  2.92 Mbits/sec  2.698 ms  984/1288 (76%)  
[  5] 352.00-353.00 sec   312 KBytes  2.55 Mbits/sec  2.215 ms  834/1100 (76%)  
[  5] 353.00-354.00 sec   356 KBytes  2.92 Mbits/sec  2.258 ms  935/1239 (75%)  
[  5] 354.00-355.00 sec   295 KBytes  2.42 Mbits/sec  2.669 ms  748/1000 (75%)  
[  5] 355.00-356.00 sec   353 KBytes  2.89 Mbits/sec  2.498 ms  913/1214 (75%)  
[  5] 356.00-357.00 sec   257 KBytes  2.10 Mbits/sec  2.691 ms  672/891 (75%)  
[  5] 357.00-358.00 sec   354 KBytes  2.90 Mbits/sec  2.667 ms  992/1294 (77%)  
[  5] 358.00-359.00 sec   357 KBytes  2.93 Mbits/sec  2.480 ms  934/1239 (75%)  
[  5] 359.00-360.00 sec   411 KBytes  3.37 Mbits/sec  2.188 ms  1053/1404 (75%)  
[  5] 360.00-361.00 sec   355 KBytes  2.91 Mbits/sec  2.508 ms  899/1202 (75%)  
[  5] 361.00-362.00 sec   353 KBytes  2.89 Mbits/sec  2.714 ms  888/1189 (75%)  
[  5] 362.00-363.00 sec   356 KBytes  2.92 Mbits/sec  2.344 ms  932/1236 (75%)  
[  5] 363.00-364.00 sec   352 KBytes  2.88 Mbits/sec  2.244 ms  873/1173 (74%)  
[  5] 364.00-365.00 sec   316 KBytes  2.59 Mbits/sec  2.295 ms  773/1043 (74%)  
[  5] 365.00-366.00 sec   396 KBytes  3.24 Mbits/sec  2.478 ms  1013/1351 (75%)  
[  5] 366.00-367.00 sec   350 KBytes  2.87 Mbits/sec  2.412 ms  899/1198 (75%)  
[  5] 367.00-368.00 sec   357 KBytes  2.93 Mbits/sec  2.509 ms  1029/1334 (77%)  
[  5] 368.00-369.00 sec   415 KBytes  3.40 Mbits/sec  2.386 ms  1216/1570 (77%)  
[  5] 369.00-370.00 sec   352 KBytes  2.88 Mbits/sec  2.390 ms  980/1280 (77%)  
[  5] 370.00-371.00 sec   353 KBytes  2.89 Mbits/sec  2.672 ms  1015/1316 (77%)  
[  5] 371.00-372.00 sec   395 KBytes  3.24 Mbits/sec  2.643 ms  1127/1464 (77%)  
[  5] 372.00-373.00 sec   357 KBytes  2.93 Mbits/sec  2.791 ms  1001/1306 (77%)  
[  5] 373.00-374.00 sec   352 KBytes  2.88 Mbits/sec  2.584 ms  1008/1308 (77%)  
[  5] 374.00-375.00 sec   416 KBytes  3.41 Mbits/sec  2.165 ms  1188/1543 (77%)  
[  5] 375.00-376.00 sec   352 KBytes  2.88 Mbits/sec  2.425 ms  937/1237 (76%)  
[  5] 376.00-377.00 sec   356 KBytes  2.92 Mbits/sec  2.461 ms  907/1211 (75%)  
[  5] 377.00-378.00 sec   315 KBytes  2.58 Mbits/sec  2.437 ms  858/1127 (76%)  
[  5] 378.00-379.00 sec   353 KBytes  2.89 Mbits/sec  2.646 ms  1026/1327 (77%)  
[  5] 379.00-380.00 sec   356 KBytes  2.92 Mbits/sec  2.398 ms  1034/1338 (77%)  
[  5] 380.00-381.00 sec   356 KBytes  2.92 Mbits/sec  2.147 ms  1035/1339 (77%)  
[  5] 381.00-382.00 sec   352 KBytes  2.88 Mbits/sec  2.674 ms  1033/1333 (77%)  
[  5] 382.00-383.00 sec   396 KBytes  3.25 Mbits/sec  2.682 ms  1284/1622 (79%)  
[  5] 383.00-384.00 sec   350 KBytes  2.87 Mbits/sec  2.927 ms  1063/1362 (78%)  
[  5] 384.00-385.00 sec   357 KBytes  2.93 Mbits/sec  2.547 ms  975/1280 (76%)  
[  5] 385.00-386.00 sec   356 KBytes  2.92 Mbits/sec  2.642 ms  886/1190 (74%)  
[  5] 386.00-387.00 sec   411 KBytes  3.37 Mbits/sec  2.546 ms  1070/1421 (75%)  
[  5] 387.00-388.00 sec   352 KBytes  2.88 Mbits/sec  2.506 ms  919/1219 (75%)  
[  5] 388.00-389.00 sec   355 KBytes  2.91 Mbits/sec  2.609 ms  945/1248 (76%)  
[  5] 389.00-390.00 sec   357 KBytes  2.93 Mbits/sec  2.561 ms  982/1287 (76%)  
[  5] 390.00-391.00 sec   352 KBytes  2.88 Mbits/sec  2.701 ms  933/1233 (76%)  
[  5] 391.00-392.00 sec   354 KBytes  2.90 Mbits/sec  2.775 ms  950/1252 (76%)  
[  5] 392.00-393.00 sec   357 KBytes  2.93 Mbits/sec  2.689 ms  914/1219 (75%)  
[  5] 393.00-394.00 sec   353 KBytes  2.89 Mbits/sec  2.610 ms  884/1185 (75%)  
[  5] 394.00-395.00 sec   219 KBytes  1.80 Mbits/sec  2.277 ms  547/734 (75%)  
[  5] 395.00-396.00 sec   352 KBytes  2.88 Mbits/sec  2.349 ms  880/1180 (75%)  
[  5] 396.00-397.00 sec   357 KBytes  2.93 Mbits/sec  2.245 ms  877/1182 (74%)  
[  5] 397.00-398.00 sec   295 KBytes  2.42 Mbits/sec  2.603 ms  749/1001 (75%)  
[  5] 398.00-399.00 sec   350 KBytes  2.87 Mbits/sec  3.001 ms  900/1199 (75%)  
[  5] 399.00-400.00 sec   357 KBytes  2.93 Mbits/sec  2.496 ms  892/1197 (75%)  
[  5] 400.00-401.00 sec   355 KBytes  2.91 Mbits/sec  2.556 ms  892/1195 (75%)  
[  5] 401.00-402.00 sec   352 KBytes  2.88 Mbits/sec  2.562 ms  880/1180 (75%)  
[  5] 402.00-403.00 sec   357 KBytes  2.93 Mbits/sec  2.566 ms  890/1195 (74%)  
[  5] 403.00-404.00 sec   370 KBytes  3.04 Mbits/sec  2.415 ms  978/1294 (76%)  
[  5] 404.00-405.00 sec   357 KBytes  2.93 Mbits/sec  2.474 ms  1083/1388 (78%)  
[  5] 405.00-406.00 sec   352 KBytes  2.88 Mbits/sec  2.511 ms  931/1231 (76%)  
[  5] 406.00-407.00 sec   354 KBytes  2.90 Mbits/sec  2.566 ms  967/1269 (76%)  
[  5] 407.00-408.00 sec   357 KBytes  2.93 Mbits/sec  2.265 ms  940/1245 (76%)  
[  5] 408.00-409.00 sec   393 KBytes  3.21 Mbits/sec  2.635 ms  1018/1353 (75%)  
[  5] 409.00-410.00 sec   315 KBytes  2.59 Mbits/sec  2.183 ms  797/1066 (75%)  
[  5] 410.00-411.00 sec   357 KBytes  2.93 Mbits/sec  2.250 ms  895/1200 (75%)  
[  5] 411.00-412.00 sec   352 KBytes  2.88 Mbits/sec  2.266 ms  882/1182 (75%)  
