Connecting to host 172.22.0.50, port 5202
Reverse mode, remote host 172.22.0.50 is sending
[  5] local 192.168.102.2 port 40634 connected to 172.22.0.50 port 5202
[ ID] Interval           Transfer     Bitrate         Jitter    Lost/Total Datagrams
[  5]   0.00-1.00   sec   441 KBytes  3.60 Mbits/sec  0.274 ms  0/4512 (0%)  
[  5]   1.00-2.00   sec   439 KBytes  3.60 Mbits/sec  0.300 ms  0/4492 (0%)  
[  5]   2.00-3.00   sec   439 KBytes  3.59 Mbits/sec  0.356 ms  0/4492 (0%)  
[  5]   3.00-4.00   sec   441 KBytes  3.61 Mbits/sec  0.253 ms  0/4513 (0%)  
[  5]   4.00-5.00   sec   436 KBytes  3.57 Mbits/sec  0.233 ms  0/4466 (0%)  
[  5]   5.00-6.00   sec   442 KBytes  3.62 Mbits/sec  0.302 ms  0/4528 (0%)  
[  5]   6.00-7.00   sec   440 KBytes  3.60 Mbits/sec  0.293 ms  0/4501 (0%)  
[  5]   7.00-8.00   sec   437 KBytes  3.58 Mbits/sec  0.341 ms  0/4477 (0%)  
[  5]   8.00-9.00   sec   439 KBytes  3.60 Mbits/sec  0.276 ms  0/4499 (0%)  
[  5]   9.00-10.00  sec   442 KBytes  3.62 Mbits/sec  0.256 ms  0/4526 (0%)  
[  5]  10.00-11.00  sec   439 KBytes  3.59 Mbits/sec  0.375 ms  0/4491 (0%)  
[  5]  11.00-12.00  sec   440 KBytes  3.60 Mbits/sec  0.288 ms  0/4507 (0%)  
[  5]  12.00-13.00  sec   440 KBytes  3.60 Mbits/sec  0.363 ms  0/4504 (0%)  
[  5]  13.00-14.00  sec   438 KBytes  3.59 Mbits/sec  0.296 ms  0/4487 (0%)  
[  5]  14.00-15.00  sec   440 KBytes  3.61 Mbits/sec  0.300 ms  0/4508 (0%)  
[  5]  15.00-16.00  sec   439 KBytes  3.59 Mbits/sec  0.318 ms  0/4491 (0%)  
[  5]  16.00-17.00  sec   440 KBytes  3.60 Mbits/sec  0.310 ms  0/4503 (0%)  
[  5]  17.00-18.00  sec   439 KBytes  3.60 Mbits/sec  0.245 ms  0/4498 (0%)  
[  5]  18.00-19.00  sec   355 KBytes  2.91 Mbits/sec  0.382 ms  0/3632 (0%)  
[  5]  19.00-20.00  sec   360 KBytes  2.95 Mbits/sec  0.345 ms  0/3686 (0%)  
[  5]  20.00-21.00  sec   355 KBytes  2.91 Mbits/sec  0.488 ms  0/3635 (0%)  
[  5]  21.00-22.00  sec   353 KBytes  2.89 Mbits/sec  0.348 ms  0/3612 (0%)  
[  5]  22.00-23.00  sec   349 KBytes  2.85 Mbits/sec  0.332 ms  0/3571 (0%)  
[  5]  23.00-24.00  sec   349 KBytes  2.87 Mbits/sec  0.415 ms  0/3576 (0%)  
[  5]  24.00-25.00  sec   355 KBytes  2.91 Mbits/sec  0.428 ms  0/3640 (0%)  
[  5]  25.00-26.00  sec   358 KBytes  2.93 Mbits/sec  0.338 ms  0/3666 (0%)  
[  5]  26.00-27.00  sec   358 KBytes  2.93 Mbits/sec  0.466 ms  0/3663 (0%)  
[  5]  27.00-28.00  sec   354 KBytes  2.90 Mbits/sec  0.333 ms  0/3629 (0%)  
[  5]  28.00-29.00  sec   351 KBytes  2.88 Mbits/sec  0.357 ms  0/3594 (0%)  
[  5]  29.00-30.00  sec   356 KBytes  2.91 Mbits/sec  0.302 ms  0/3641 (0%)  
[  5]  30.00-31.00  sec   348 KBytes  2.85 Mbits/sec  0.403 ms  0/3566 (0%)  
[  5]  31.00-32.00  sec   340 KBytes  2.78 Mbits/sec  0.438 ms  0/3479 (0%)  
[  5]  32.00-33.00  sec   345 KBytes  2.83 Mbits/sec  0.361 ms  0/3534 (0%)  
[  5]  33.00-34.00  sec   353 KBytes  2.89 Mbits/sec  0.360 ms  0/3612 (0%)  
[  5]  34.00-35.00  sec   357 KBytes  2.92 Mbits/sec  0.433 ms  0/3658 (0%)  
[  5]  35.00-36.00  sec   329 KBytes  2.69 Mbits/sec  0.408 ms  0/3365 (0%)  
[  5]  36.00-37.00  sec   333 KBytes  2.73 Mbits/sec  0.301 ms  0/3410 (0%)  
[  5]  37.00-38.00  sec   331 KBytes  2.71 Mbits/sec  0.450 ms  0/3392 (0%)  
[  5]  38.00-39.00  sec   332 KBytes  2.72 Mbits/sec  0.459 ms  0/3401 (0%)  
[  5]  39.00-40.00  sec   334 KBytes  2.74 Mbits/sec  0.363 ms  0/3425 (0%)  
[  5]  40.00-41.00  sec   338 KBytes  2.77 Mbits/sec  0.365 ms  0/3461 (0%)  
[  5]  41.00-42.00  sec   308 KBytes  2.52 Mbits/sec  0.362 ms  0/3154 (0%)  
[  5]  42.00-43.00  sec   361 KBytes  2.96 Mbits/sec  0.412 ms  0/3695 (0%)  
[  5]  43.00-44.00  sec   362 KBytes  2.97 Mbits/sec  0.330 ms  0/3708 (0%)  
[  5]  44.00-45.00  sec   359 KBytes  2.94 Mbits/sec  0.519 ms  0/3676 (0%)  
[  5]  45.00-46.00  sec   368 KBytes  3.01 Mbits/sec  0.293 ms  0/3764 (0%)  
[  5]  46.00-47.00  sec   357 KBytes  2.92 Mbits/sec  0.342 ms  0/3652 (0%)  
[  5]  47.00-48.00  sec   356 KBytes  2.92 Mbits/sec  0.320 ms  0/3649 (0%)  
[  5]  48.00-49.00  sec   355 KBytes  2.90 Mbits/sec  0.424 ms  0/3631 (0%)  
[  5]  49.00-50.00  sec   362 KBytes  2.97 Mbits/sec  0.451 ms  0/3708 (0%)  
[  5]  50.00-51.00  sec   360 KBytes  2.95 Mbits/sec  0.410 ms  0/3690 (0%)  
[  5]  51.00-52.00  sec   362 KBytes  2.96 Mbits/sec  0.368 ms  0/3702 (0%)  
[  5]  52.00-53.00  sec   351 KBytes  2.87 Mbits/sec  0.463 ms  0/3591 (0%)  
[  5]  53.00-54.00  sec   344 KBytes  2.82 Mbits/sec  0.396 ms  0/3525 (0%)  
[  5]  54.00-55.00  sec   354 KBytes  2.90 Mbits/sec  0.394 ms  0/3625 (0%)  
[  5]  55.00-56.00  sec   354 KBytes  2.90 Mbits/sec  0.335 ms  0/3625 (0%)  
[  5]  56.00-57.00  sec   363 KBytes  2.97 Mbits/sec  0.325 ms  0/3713 (0%)  
[  5]  57.00-58.00  sec   357 KBytes  2.93 Mbits/sec  0.394 ms  0/3659 (0%)  
[  5]  58.00-59.00  sec   360 KBytes  2.95 Mbits/sec  0.418 ms  0/3684 (0%)  
[  5]  59.00-60.00  sec   368 KBytes  3.02 Mbits/sec  0.284 ms  0/3773 (0%)  
[  5]  60.00-61.00  sec   356 KBytes  2.92 Mbits/sec  0.425 ms  0/3645 (0%)  
[  5]  61.00-62.00  sec   356 KBytes  2.92 Mbits/sec  0.406 ms  0/3644 (0%)  
[  5]  62.00-63.00  sec   350 KBytes  2.86 Mbits/sec  0.412 ms  0/3588 (0%)  
[  5]  63.00-64.00  sec   350 KBytes  2.87 Mbits/sec  0.273 ms  0/3580 (0%)  
[  5]  64.00-65.00  sec   356 KBytes  2.92 Mbits/sec  0.374 ms  0/3644 (0%)  
[  5]  65.00-66.00  sec   365 KBytes  2.99 Mbits/sec  0.353 ms  0/3737 (0%)  
[  5]  66.00-67.00  sec   367 KBytes  3.00 Mbits/sec  0.308 ms  0/3757 (0%)  
[  5]  67.00-68.00  sec   363 KBytes  2.98 Mbits/sec  0.280 ms  0/3718 (0%)  
[  5]  68.00-69.00  sec   365 KBytes  2.99 Mbits/sec  0.338 ms  0/3740 (0%)  
[  5]  69.00-70.00  sec   360 KBytes  2.95 Mbits/sec  0.295 ms  0/3689 (0%)  
[  5]  70.00-71.00  sec   349 KBytes  2.86 Mbits/sec  0.379 ms  0/3577 (0%)  
[  5]  71.00-72.00  sec   352 KBytes  2.89 Mbits/sec  0.340 ms  0/3606 (0%)  
[  5]  72.00-73.00  sec   355 KBytes  2.91 Mbits/sec  0.303 ms  0/3640 (0%)  
[  5]  73.00-74.00  sec   355 KBytes  2.91 Mbits/sec  0.454 ms  0/3639 (0%)  
[  5]  74.00-75.00  sec   352 KBytes  2.88 Mbits/sec  0.501 ms  0/3600 (0%)  
[  5]  75.00-76.00  sec   343 KBytes  2.81 Mbits/sec  0.459 ms  0/3514 (0%)  
[  5]  76.00-77.00  sec   350 KBytes  2.87 Mbits/sec  0.324 ms  0/3586 (0%)  
[  5]  77.00-78.00  sec   357 KBytes  2.93 Mbits/sec  0.360 ms  0/3658 (0%)  
[  5]  78.00-79.00  sec   350 KBytes  2.87 Mbits/sec  0.433 ms  0/3585 (0%)  
[  5]  79.00-80.00  sec   343 KBytes  2.81 Mbits/sec  0.385 ms  0/3516 (0%)  
[  5]  80.00-81.00  sec   346 KBytes  2.83 Mbits/sec  0.360 ms  0/3542 (0%)  
[  5]  81.00-82.00  sec   351 KBytes  2.88 Mbits/sec  0.318 ms  0/3598 (0%)  
[  5]  82.00-83.00  sec   354 KBytes  2.90 Mbits/sec  0.299 ms  0/3627 (0%)  
[  5]  83.00-84.00  sec   355 KBytes  2.91 Mbits/sec  0.338 ms  0/3635 (0%)  
[  5]  84.00-85.00  sec   357 KBytes  2.93 Mbits/sec  0.391 ms  0/3658 (0%)  
[  5]  85.00-86.00  sec   368 KBytes  3.01 Mbits/sec  0.372 ms  0/3767 (0%)  
[  5]  86.00-87.00  sec   362 KBytes  2.97 Mbits/sec  0.353 ms  0/3712 (0%)  
[  5]  87.00-88.00  sec   355 KBytes  2.91 Mbits/sec  0.331 ms  0/3640 (0%)  
[  5]  88.00-89.00  sec   346 KBytes  2.83 Mbits/sec  0.344 ms  0/3543 (0%)  
[  5]  89.00-90.00  sec   342 KBytes  2.80 Mbits/sec  0.422 ms  0/3504 (0%)  
[  5]  90.00-91.00  sec   352 KBytes  2.88 Mbits/sec  0.364 ms  0/3602 (0%)  
[  5]  91.00-92.00  sec   353 KBytes  2.89 Mbits/sec  0.352 ms  0/3612 (0%)  
[  5]  92.00-93.00  sec   358 KBytes  2.94 Mbits/sec  0.295 ms  0/3667 (0%)  
[  5]  93.00-94.00  sec   357 KBytes  2.93 Mbits/sec  0.326 ms  0/3658 (0%)  
[  5]  94.00-95.00  sec   363 KBytes  2.98 Mbits/sec  0.311 ms  0/3721 (0%)  
[  5]  95.00-96.00  sec   356 KBytes  2.91 Mbits/sec  0.456 ms  0/3641 (0%)  
[  5]  96.00-97.00  sec   356 KBytes  2.92 Mbits/sec  0.383 ms  0/3648 (0%)  
[  5]  97.00-98.00  sec   354 KBytes  2.90 Mbits/sec  0.397 ms  0/3629 (0%)  
[  5]  98.00-99.00  sec   362 KBytes  2.97 Mbits/sec  0.416 ms  0/3708 (0%)  
[  5]  99.00-100.00 sec   362 KBytes  2.96 Mbits/sec  0.389 ms  0/3704 (0%)  
[  5] 100.00-101.00 sec   364 KBytes  2.98 Mbits/sec  0.367 ms  0/3723 (0%)  
[  5] 101.00-102.00 sec   364 KBytes  2.98 Mbits/sec  0.446 ms  0/3727 (0%)  
[  5] 102.00-103.00 sec   361 KBytes  2.96 Mbits/sec  0.333 ms  0/3698 (0%)  
[  5] 103.00-104.00 sec   355 KBytes  2.90 Mbits/sec  0.397 ms  0/3631 (0%)  
[  5] 104.00-105.00 sec   354 KBytes  2.89 Mbits/sec  0.361 ms  0/3620 (0%)  
[  5] 105.00-106.00 sec   350 KBytes  2.88 Mbits/sec  0.289 ms  0/3586 (0%)  
[  5] 106.00-107.00 sec   351 KBytes  2.87 Mbits/sec  0.319 ms  0/3593 (0%)  
[  5] 107.00-108.00 sec   354 KBytes  2.90 Mbits/sec  0.306 ms  0/3630 (0%)  
[  5] 108.00-109.00 sec   347 KBytes  2.84 Mbits/sec  0.377 ms  0/3553 (0%)  
[  5] 109.00-110.00 sec   358 KBytes  2.93 Mbits/sec  0.344 ms  0/3663 (0%)  
[  5] 110.00-111.00 sec   360 KBytes  2.95 Mbits/sec  0.390 ms  0/3689 (0%)  
[  5] 111.00-112.00 sec   355 KBytes  2.91 Mbits/sec  0.362 ms  0/3638 (0%)  
[  5] 112.00-113.00 sec   355 KBytes  2.91 Mbits/sec  0.323 ms  0/3637 (0%)  
[  5] 113.00-114.00 sec   353 KBytes  2.89 Mbits/sec  0.343 ms  0/3612 (0%)  
[  5] 114.00-115.00 sec   364 KBytes  2.98 Mbits/sec  0.468 ms  0/3723 (0%)  
[  5] 115.00-116.00 sec   350 KBytes  2.87 Mbits/sec  0.345 ms  0/3587 (0%)  
[  5] 116.00-117.00 sec   354 KBytes  2.90 Mbits/sec  0.360 ms  0/3621 (0%)  
[  5] 117.00-118.00 sec   353 KBytes  2.89 Mbits/sec  0.360 ms  0/3617 (0%)  
[  5] 118.00-119.00 sec   348 KBytes  2.85 Mbits/sec  0.341 ms  0/3562 (0%)  
[  5] 119.00-120.00 sec   351 KBytes  2.88 Mbits/sec  0.362 ms  0/3594 (0%)  
[  5] 120.00-121.00 sec   350 KBytes  2.86 Mbits/sec  0.389 ms  0/3580 (0%)  
[  5] 121.00-122.00 sec   353 KBytes  2.89 Mbits/sec  0.277 ms  0/3617 (0%)  
[  5] 122.00-123.00 sec   358 KBytes  2.94 Mbits/sec  0.321 ms  0/3671 (0%)  
[  5] 123.00-124.00 sec   360 KBytes  2.95 Mbits/sec  0.366 ms  0/3685 (0%)  
[  5] 124.00-125.00 sec   362 KBytes  2.96 Mbits/sec  0.472 ms  0/3704 (0%)  
[  5] 125.00-126.00 sec   289 KBytes  2.37 Mbits/sec  0.202 ms  122/3082 (4%)  
[  5] 126.00-127.00 sec   361 KBytes  2.96 Mbits/sec  0.229 ms  1009/4710 (21%)  
[  5] 127.00-128.00 sec   362 KBytes  2.97 Mbits/sec  0.215 ms  954/4662 (20%)  
[  5] 128.00-129.00 sec   347 KBytes  2.84 Mbits/sec  0.285 ms  1152/4703 (24%)  
[  5] 129.00-130.00 sec   296 KBytes  2.42 Mbits/sec  0.219 ms  1064/4095 (26%)  
[  5] 130.00-131.00 sec   358 KBytes  2.94 Mbits/sec  0.215 ms  1024/4695 (22%)  
[  5] 131.00-132.00 sec   352 KBytes  2.88 Mbits/sec  1.053 ms  934/4538 (21%)  
[  5] 132.00-133.00 sec   353 KBytes  2.89 Mbits/sec  0.206 ms  1066/4677 (23%)  
[  5] 133.00-134.00 sec   338 KBytes  2.77 Mbits/sec  0.215 ms  1154/4611 (25%)  
[  5] 134.00-135.00 sec   317 KBytes  2.60 Mbits/sec  0.252 ms  787/4033 (20%)  
[  5] 135.00-136.00 sec   369 KBytes  3.02 Mbits/sec  0.225 ms  815/4595 (18%)  
[  5] 136.00-137.00 sec   356 KBytes  2.92 Mbits/sec  0.216 ms  998/4642 (21%)  
[  5] 137.00-138.00 sec   317 KBytes  2.59 Mbits/sec  0.236 ms  888/4129 (22%)  
[  5] 138.00-139.00 sec   352 KBytes  2.88 Mbits/sec  0.214 ms  1015/4617 (22%)  
[  5] 139.00-140.00 sec   370 KBytes  3.03 Mbits/sec  0.221 ms  1038/4825 (22%)  
[  5] 140.00-141.00 sec   356 KBytes  2.91 Mbits/sec  0.206 ms  959/4600 (21%)  
[  5] 141.00-142.00 sec   350 KBytes  2.87 Mbits/sec  0.215 ms  1087/4668 (23%)  
[  5] 142.00-143.00 sec   321 KBytes  2.63 Mbits/sec  0.221 ms  902/4194 (22%)  
[  5] 143.00-144.00 sec   348 KBytes  2.85 Mbits/sec  0.220 ms  970/4529 (21%)  
[  5] 144.00-145.00 sec   371 KBytes  3.04 Mbits/sec  0.206 ms  844/4644 (18%)  
[  5] 145.00-146.00 sec   355 KBytes  2.92 Mbits/sec  0.210 ms  851/4491 (19%)  
[  5] 146.00-147.00 sec   317 KBytes  2.60 Mbits/sec  0.216 ms  657/3903 (17%)  
[  5] 147.00-148.00 sec   353 KBytes  2.89 Mbits/sec  0.211 ms  1001/4615 (22%)  
[  5] 148.00-149.00 sec   362 KBytes  2.97 Mbits/sec  0.204 ms  897/4606 (19%)  
[  5] 149.00-150.00 sec   366 KBytes  3.00 Mbits/sec  0.215 ms  1020/4765 (21%)  
[  5] 150.00-151.00 sec   317 KBytes  2.59 Mbits/sec  0.222 ms  744/3985 (19%)  
[  5] 151.00-152.00 sec   371 KBytes  3.04 Mbits/sec  0.216 ms  835/4639 (18%)  
[  5] 152.00-153.00 sec   341 KBytes  2.79 Mbits/sec  2.408 ms  1049/4537 (23%)  
[  5] 153.00-154.00 sec   305 KBytes  2.50 Mbits/sec  0.214 ms  949/4076 (23%)  
[  5] 154.00-155.00 sec   362 KBytes  2.97 Mbits/sec  0.217 ms  893/4601 (19%)  
[  5] 155.00-156.00 sec   339 KBytes  2.78 Mbits/sec  0.220 ms  1232/4703 (26%)  
[  5] 156.00-157.00 sec   317 KBytes  2.59 Mbits/sec  0.218 ms  758/3999 (19%)  
[  5] 157.00-158.00 sec   317 KBytes  2.60 Mbits/sec  2.907 ms  1473/4719 (31%)  
[  5] 158.00-159.00 sec   321 KBytes  2.63 Mbits/sec  0.191 ms  948/4236 (22%)  
[  5] 159.00-160.00 sec   346 KBytes  2.84 Mbits/sec  0.268 ms  1108/4652 (24%)  
[  5] 160.00-161.00 sec   364 KBytes  2.98 Mbits/sec  0.261 ms  937/4666 (20%)  
[  5] 161.00-162.00 sec   316 KBytes  2.59 Mbits/sec  0.220 ms  709/3948 (18%)  
[  5] 162.00-163.00 sec   351 KBytes  2.88 Mbits/sec  0.233 ms  1058/4657 (23%)  
[  5] 163.00-164.00 sec   280 KBytes  2.29 Mbits/sec  0.381 ms  918/3783 (24%)  
[  5] 164.00-165.00 sec   341 KBytes  2.80 Mbits/sec  0.216 ms  1169/4665 (25%)  
[  5] 165.00-166.00 sec   319 KBytes  2.61 Mbits/sec  0.227 ms  908/4171 (22%)  
[  5] 166.00-167.00 sec   328 KBytes  2.69 Mbits/sec  0.209 ms  1256/4618 (27%)  
[  5] 167.00-168.00 sec   326 KBytes  2.67 Mbits/sec  0.219 ms  914/4251 (22%)  
[  5] 168.00-169.00 sec   354 KBytes  2.90 Mbits/sec  0.217 ms  912/4535 (20%)  
[  5] 169.00-170.00 sec   349 KBytes  2.86 Mbits/sec  0.228 ms  917/4494 (20%)  
[  5] 170.00-171.00 sec   322 KBytes  2.64 Mbits/sec  0.214 ms  1018/4315 (24%)  
[  5] 171.00-172.00 sec   359 KBytes  2.94 Mbits/sec  0.216 ms  909/4581 (20%)  
[  5] 172.00-173.00 sec   364 KBytes  2.99 Mbits/sec  0.214 ms  964/4696 (21%)  
[  5] 173.00-174.00 sec   361 KBytes  2.96 Mbits/sec  0.207 ms  930/4624 (20%)  
[  5] 174.00-175.00 sec   351 KBytes  2.87 Mbits/sec  0.190 ms  1114/4710 (24%)  
[  5] 175.00-176.00 sec   356 KBytes  2.92 Mbits/sec  0.149 ms  1001/4645 (22%)  
[  5] 176.00-177.00 sec   313 KBytes  2.57 Mbits/sec  0.390 ms  1535/4745 (32%)  
[  5] 177.00-178.00 sec   312 KBytes  2.55 Mbits/sec  0.215 ms  1036/4226 (25%)  
[  5] 178.00-179.00 sec   318 KBytes  2.60 Mbits/sec  0.212 ms  1428/4683 (30%)  
[  5] 179.00-180.00 sec   326 KBytes  2.67 Mbits/sec  0.241 ms  846/4181 (20%)  
[  5] 180.00-181.00 sec   352 KBytes  2.88 Mbits/sec  0.209 ms  1031/4636 (22%)  
[  5] 181.00-182.00 sec   348 KBytes  2.85 Mbits/sec  0.237 ms  853/4417 (19%)  
[  5] 182.00-183.00 sec   329 KBytes  2.69 Mbits/sec  0.225 ms  1660/5027 (33%)  
[  5] 183.00-184.00 sec   360 KBytes  2.95 Mbits/sec  0.218 ms  1022/4711 (22%)  
[  5] 184.00-185.00 sec   326 KBytes  2.67 Mbits/sec  0.235 ms  970/4307 (23%)  
[  5] 185.00-186.00 sec   338 KBytes  2.77 Mbits/sec  0.215 ms  1315/4781 (28%)  
[  5] 186.00-187.00 sec   350 KBytes  2.87 Mbits/sec  0.220 ms  1319/4905 (27%)  
[  5] 187.00-188.00 sec   362 KBytes  2.97 Mbits/sec  0.235 ms  1000/4709 (21%)  
[  5] 188.00-189.00 sec   296 KBytes  2.43 Mbits/sec  0.218 ms  904/3935 (23%)  
[  5] 189.00-190.00 sec   324 KBytes  2.65 Mbits/sec  0.219 ms  1620/4937 (33%)  
[  5] 190.00-191.00 sec   362 KBytes  2.96 Mbits/sec  0.217 ms  976/4684 (21%)  
[  5] 191.00-192.00 sec   359 KBytes  2.94 Mbits/sec  0.211 ms  1042/4715 (22%)  
[  5] 192.00-193.00 sec   362 KBytes  2.97 Mbits/sec  0.214 ms  809/4517 (18%)  
[  5] 193.00-194.00 sec   321 KBytes  2.63 Mbits/sec  0.231 ms  747/4029 (19%)  
[  5] 194.00-195.00 sec   330 KBytes  2.70 Mbits/sec  1.367 ms  1010/4385 (23%)  
[  5] 195.00-196.00 sec   298 KBytes  2.45 Mbits/sec  0.215 ms  1163/4219 (28%)  
[  5] 196.00-197.00 sec   355 KBytes  2.91 Mbits/sec  0.218 ms  942/4576 (21%)  
[  5] 197.00-198.00 sec   358 KBytes  2.94 Mbits/sec  0.208 ms  894/4564 (20%)  
[  5] 198.00-199.00 sec   346 KBytes  2.83 Mbits/sec  0.216 ms  1116/4657 (24%)  
[  5] 199.00-200.00 sec   298 KBytes  2.45 Mbits/sec  0.207 ms  1133/4189 (27%)  
[  5] 200.00-201.00 sec   366 KBytes  3.00 Mbits/sec  0.220 ms  1017/4769 (21%)  
[  5] 201.00-202.00 sec   349 KBytes  2.86 Mbits/sec  0.268 ms  1078/4654 (23%)  
[  5] 202.00-203.00 sec   362 KBytes  2.97 Mbits/sec  0.213 ms  922/4630 (20%)  
[  5] 203.00-204.00 sec   325 KBytes  2.66 Mbits/sec  0.218 ms  762/4088 (19%)  
[  5] 204.00-205.00 sec   342 KBytes  2.80 Mbits/sec  0.217 ms  999/4499 (22%)  
[  5] 205.00-206.00 sec   371 KBytes  3.04 Mbits/sec  0.217 ms  827/4627 (18%)  
[  5] 206.00-207.00 sec   362 KBytes  2.97 Mbits/sec  0.217 ms  938/4646 (20%)  
[  5] 207.00-208.00 sec   370 KBytes  3.03 Mbits/sec  0.217 ms  991/4778 (21%)  
[  5] 208.00-209.00 sec   309 KBytes  2.53 Mbits/sec  0.210 ms  775/3937 (20%)  
[  5] 209.00-210.00 sec   358 KBytes  2.93 Mbits/sec  0.217 ms  902/4568 (20%)  
[  5] 210.00-211.00 sec   367 KBytes  3.01 Mbits/sec  0.214 ms  926/4689 (20%)  
[  5] 211.00-212.00 sec   315 KBytes  2.58 Mbits/sec  0.219 ms  696/3920 (18%)  
[  5] 212.00-213.00 sec   320 KBytes  2.62 Mbits/sec  0.216 ms  1396/4675 (30%)  
[  5] 213.00-214.00 sec   330 KBytes  2.71 Mbits/sec  0.227 ms  1136/4518 (25%)  
[  5] 214.00-215.00 sec   326 KBytes  2.67 Mbits/sec  0.211 ms  944/4282 (22%)  
[  5] 215.00-216.00 sec   362 KBytes  2.97 Mbits/sec  0.255 ms  1034/4742 (22%)  
[  5] 216.00-217.00 sec   362 KBytes  2.96 Mbits/sec  0.220 ms  986/4694 (21%)  
[  5] 217.00-218.00 sec   320 KBytes  2.62 Mbits/sec  0.213 ms  1475/4749 (31%)  
[  5] 218.00-219.00 sec   361 KBytes  2.96 Mbits/sec  0.213 ms  864/4562 (19%)  
[  5] 219.00-220.00 sec   338 KBytes  2.77 Mbits/sec  0.222 ms  1270/4735 (27%)  
[  5] 220.00-221.00 sec   322 KBytes  2.64 Mbits/sec  0.214 ms  789/4084 (19%)  
[  5] 221.00-222.00 sec   362 KBytes  2.97 Mbits/sec  0.220 ms  863/4572 (19%)  
[  5] 222.00-223.00 sec   362 KBytes  2.97 Mbits/sec  0.209 ms  897/4605 (19%)  
[  5] 223.00-224.00 sec   301 KBytes  2.47 Mbits/sec  0.204 ms  952/4036 (24%)  
[  5] 224.00-225.00 sec   360 KBytes  2.95 Mbits/sec  0.200 ms  1054/4739 (22%)  
[  5] 225.00-226.00 sec   347 KBytes  2.84 Mbits/sec  1.499 ms  1038/4587 (23%)  
[  5] 226.00-227.00 sec   307 KBytes  2.51 Mbits/sec  0.209 ms  888/4031 (22%)  
[  5] 227.00-228.00 sec   330 KBytes  2.71 Mbits/sec  0.213 ms  1148/4532 (25%)  
[  5] 228.00-229.00 sec   371 KBytes  3.04 Mbits/sec  0.225 ms  967/4767 (20%)  
[  5] 229.00-230.00 sec   362 KBytes  2.96 Mbits/sec  0.205 ms  938/4646 (20%)  
[  5] 230.00-231.00 sec   298 KBytes  2.44 Mbits/sec  0.301 ms  1144/4194 (27%)  
[  5] 231.00-232.00 sec   360 KBytes  2.95 Mbits/sec  0.321 ms  945/4631 (20%)  
[  5] 232.00-233.00 sec   343 KBytes  2.81 Mbits/sec  0.214 ms  1294/4805 (27%)  
[  5] 233.00-234.00 sec   361 KBytes  2.95 Mbits/sec  0.220 ms  848/4542 (19%)  
[  5] 234.00-235.00 sec   326 KBytes  2.67 Mbits/sec  0.222 ms  928/4265 (22%)  
[  5] 235.00-236.00 sec   350 KBytes  2.86 Mbits/sec  0.213 ms  937/4518 (21%)  
[  5] 236.00-237.00 sec   362 KBytes  2.97 Mbits/sec  0.218 ms  769/4478 (17%)  
[  5] 237.00-238.00 sec   371 KBytes  3.04 Mbits/sec  0.225 ms  797/4596 (17%)  
[  5] 238.00-239.00 sec   315 KBytes  2.58 Mbits/sec  0.321 ms  729/3951 (18%)  
[  5] 239.00-240.00 sec   371 KBytes  3.04 Mbits/sec  0.217 ms  924/4724 (20%)  
[  5] 240.00-241.00 sec   361 KBytes  2.96 Mbits/sec  0.212 ms  891/4586 (19%)  
[  5] 241.00-242.00 sec   326 KBytes  2.67 Mbits/sec  0.215 ms  759/4096 (19%)  
[  5] 242.00-243.00 sec   338 KBytes  2.77 Mbits/sec  0.220 ms  1073/4534 (24%)  
[  5] 243.00-244.00 sec   358 KBytes  2.93 Mbits/sec  0.202 ms  1132/4793 (24%)  
[  5] 244.00-245.00 sec   317 KBytes  2.60 Mbits/sec  0.214 ms  810/4056 (20%)  
[  5] 245.00-246.00 sec   355 KBytes  2.91 Mbits/sec  0.229 ms  1127/4763 (24%)  
[  5] 246.00-247.00 sec   357 KBytes  2.92 Mbits/sec  0.244 ms  1039/4692 (22%)  
[  5] 247.00-248.00 sec   351 KBytes  2.88 Mbits/sec  0.479 ms  1112/4707 (24%)  
[  5] 248.00-249.00 sec   353 KBytes  2.89 Mbits/sec  0.207 ms  1134/4750 (24%)  
[  5] 249.00-250.00 sec   336 KBytes  2.75 Mbits/sec  0.213 ms  1184/4626 (26%)  
[  5] 250.00-251.00 sec   362 KBytes  2.96 Mbits/sec  0.219 ms  989/4693 (21%)  
[  5] 251.00-252.00 sec   298 KBytes  2.45 Mbits/sec  0.302 ms  860/3916 (22%)  
[  5] 252.00-253.00 sec   368 KBytes  3.01 Mbits/sec  0.195 ms  927/4693 (20%)  
[  5] 253.00-254.00 sec   360 KBytes  2.95 Mbits/sec  0.217 ms  927/4614 (20%)  
[  5] 254.00-255.00 sec   310 KBytes  2.54 Mbits/sec  0.219 ms  774/3944 (20%)  
[  5] 255.00-256.00 sec   371 KBytes  3.04 Mbits/sec  0.209 ms  946/4750 (20%)  
[  5] 256.00-257.00 sec   362 KBytes  2.97 Mbits/sec  0.217 ms  898/4606 (19%)  
[  5] 257.00-258.00 sec   326 KBytes  2.67 Mbits/sec  0.255 ms  778/4115 (19%)  
[  5] 258.00-259.00 sec   341 KBytes  2.79 Mbits/sec  0.206 ms  1057/4546 (23%)  
[  5] 259.00-260.00 sec   349 KBytes  2.86 Mbits/sec  0.214 ms  1227/4798 (26%)  
[  5] 260.00-261.00 sec   352 KBytes  2.89 Mbits/sec  0.214 ms  1039/4648 (22%)  
[  5] 261.00-262.00 sec   349 KBytes  2.86 Mbits/sec  0.212 ms  1158/4729 (24%)  
[  5] 262.00-263.00 sec   353 KBytes  2.89 Mbits/sec  0.209 ms  972/4585 (21%)  
[  5] 263.00-264.00 sec   313 KBytes  2.57 Mbits/sec  0.208 ms  946/4153 (23%)  
[  5] 264.00-265.00 sec   371 KBytes  3.04 Mbits/sec  0.240 ms  1013/4813 (21%)  
[  5] 265.00-266.00 sec   369 KBytes  3.03 Mbits/sec  0.229 ms  869/4651 (19%)  
[  5] 266.00-267.00 sec   362 KBytes  2.97 Mbits/sec  0.219 ms  765/4473 (17%)  
[  5] 267.00-268.00 sec   301 KBytes  2.46 Mbits/sec  0.225 ms  964/4045 (24%)  
[  5] 268.00-269.00 sec   362 KBytes  2.97 Mbits/sec  0.215 ms  776/4485 (17%)  
[  5] 269.00-270.00 sec   361 KBytes  2.96 Mbits/sec  0.215 ms  792/4490 (18%)  
[  5] 270.00-271.00 sec   312 KBytes  2.56 Mbits/sec  0.216 ms  884/4082 (22%)  
[  5] 271.00-272.00 sec   339 KBytes  2.77 Mbits/sec  0.221 ms  1145/4613 (25%)  
[  5] 272.00-273.00 sec   342 KBytes  2.80 Mbits/sec  0.238 ms  1261/4762 (26%)  
[  5] 273.00-274.00 sec   346 KBytes  2.83 Mbits/sec  0.249 ms  1156/4700 (25%)  
[  5] 274.00-275.00 sec   361 KBytes  2.96 Mbits/sec  0.206 ms  1080/4781 (23%)  
[  5] 275.00-276.00 sec   301 KBytes  2.47 Mbits/sec  0.230 ms  976/4057 (24%)  
[  5] 276.00-277.00 sec   339 KBytes  2.77 Mbits/sec  0.226 ms  1220/4687 (26%)  
[  5] 277.00-278.00 sec   365 KBytes  2.99 Mbits/sec  0.218 ms  938/4674 (20%)  
[  5] 278.00-279.00 sec   315 KBytes  2.58 Mbits/sec  0.255 ms  1097/4323 (25%)  
[  5] 279.00-280.00 sec   365 KBytes  2.99 Mbits/sec  0.217 ms  1148/4883 (24%)  
[  5] 280.00-281.00 sec   355 KBytes  2.91 Mbits/sec  0.210 ms  1047/4685 (22%)  
[  5] 281.00-282.00 sec   325 KBytes  2.66 Mbits/sec  0.215 ms  763/4088 (19%)  
[  5] 282.00-283.00 sec   362 KBytes  2.96 Mbits/sec  0.217 ms  844/4552 (19%)  
[  5] 283.00-284.00 sec   344 KBytes  2.82 Mbits/sec  0.217 ms  957/4475 (21%)  
[  5] 284.00-285.00 sec   323 KBytes  2.64 Mbits/sec  0.210 ms  823/4129 (20%)  
[  5] 285.00-286.00 sec   355 KBytes  2.91 Mbits/sec  0.259 ms  819/4457 (18%)  
[  5] 286.00-287.00 sec   376 KBytes  3.08 Mbits/sec  0.212 ms  855/4701 (18%)  
[  5] 287.00-288.00 sec   351 KBytes  2.88 Mbits/sec  0.233 ms  923/4520 (20%)  
[  5] 288.00-289.00 sec   371 KBytes  3.04 Mbits/sec  0.216 ms  1004/4808 (21%)  
[  5] 289.00-290.00 sec   361 KBytes  2.96 Mbits/sec  0.213 ms  1055/4750 (22%)  
[  5] 290.00-291.00 sec   315 KBytes  2.58 Mbits/sec  0.211 ms  830/4059 (20%)  
[  5] 291.00-292.00 sec   362 KBytes  2.97 Mbits/sec  0.215 ms  994/4706 (21%)  
[  5] 292.00-293.00 sec   316 KBytes  2.59 Mbits/sec  0.211 ms  1316/4550 (29%)  
[  5] 293.00-294.00 sec   326 KBytes  2.67 Mbits/sec  0.261 ms  801/4138 (19%)  
[  5] 294.00-295.00 sec   309 KBytes  2.53 Mbits/sec  0.213 ms  786/3948 (20%)  
[  5] 295.00-296.00 sec   240 KBytes  1.96 Mbits/sec  0.237 ms  682/3135 (22%)  
[  5] 296.00-297.00 sec   371 KBytes  3.04 Mbits/sec  0.205 ms  1190/4989 (24%)  
[  5] 297.00-298.00 sec   294 KBytes  2.41 Mbits/sec  0.191 ms  1239/4253 (29%)  
[  5] 298.00-299.00 sec   271 KBytes  2.22 Mbits/sec  0.219 ms  623/3395 (18%)  
[  5] 299.00-300.00 sec   298 KBytes  2.44 Mbits/sec  0.205 ms  918/3966 (23%)  
[  5] 300.00-301.00 sec   282 KBytes  2.31 Mbits/sec  0.304 ms  1200/4090 (29%)  
[  5] 301.00-302.00 sec   317 KBytes  2.60 Mbits/sec  0.218 ms  705/3951 (18%)  
[  5] 302.00-303.00 sec   326 KBytes  2.67 Mbits/sec  0.217 ms  648/3985 (16%)  
[  5] 303.00-304.00 sec   345 KBytes  2.83 Mbits/sec  0.222 ms  985/4519 (22%)  
[  5] 304.00-305.00 sec   366 KBytes  3.00 Mbits/sec  0.222 ms  990/4742 (21%)  
[  5] 305.00-306.00 sec   292 KBytes  2.40 Mbits/sec  0.218 ms  1119/4114 (27%)  
[  5] 306.00-307.00 sec   365 KBytes  2.99 Mbits/sec  0.197 ms  1037/4779 (22%)  
[  5] 307.00-308.00 sec   333 KBytes  2.73 Mbits/sec  0.241 ms  1107/4518 (25%)  
[  5] 308.00-309.00 sec   320 KBytes  2.62 Mbits/sec  0.236 ms  700/3977 (18%)  
[  5] 309.00-310.00 sec   368 KBytes  3.01 Mbits/sec  0.234 ms  841/4608 (18%)  
[  5] 310.00-311.00 sec   317 KBytes  2.59 Mbits/sec  0.218 ms  734/3980 (18%)  
[  5] 311.00-312.00 sec   349 KBytes  2.87 Mbits/sec  1.197 ms  1155/4732 (24%)  
[  5] 312.00-313.00 sec   334 KBytes  2.73 Mbits/sec  0.221 ms  1066/4484 (24%)  
[  5] 313.00-314.00 sec   371 KBytes  3.04 Mbits/sec  0.214 ms  927/4731 (20%)  
[  5] 314.00-315.00 sec   303 KBytes  2.48 Mbits/sec  0.195 ms  823/3927 (21%)  
[  5] 315.00-316.00 sec   371 KBytes  3.04 Mbits/sec  0.189 ms  1121/4925 (23%)  
[  5] 316.00-317.00 sec   317 KBytes  2.59 Mbits/sec  0.206 ms  1504/4745 (32%)  
[  5] 317.00-318.00 sec   302 KBytes  2.47 Mbits/sec  0.217 ms  1311/4403 (30%)  
[  5] 318.00-319.00 sec   311 KBytes  2.54 Mbits/sec  0.221 ms  1468/4649 (32%)  
[  5] 319.00-320.00 sec   362 KBytes  2.97 Mbits/sec  0.220 ms  1375/5083 (27%)  
[  5] 320.00-321.00 sec   311 KBytes  2.55 Mbits/sec  0.222 ms  1484/4672 (32%)  
[  5] 321.00-322.00 sec   317 KBytes  2.60 Mbits/sec  0.304 ms  1445/4690 (31%)  
[  5] 322.00-323.00 sec   316 KBytes  2.59 Mbits/sec  0.393 ms  1384/4616 (30%)  
[  5] 323.00-324.00 sec   275 KBytes  2.25 Mbits/sec  0.218 ms  1136/3952 (29%)  
[  5] 324.00-325.00 sec   317 KBytes  2.60 Mbits/sec  0.219 ms  1130/4376 (26%)  
[  5] 325.00-326.00 sec   345 KBytes  2.83 Mbits/sec  0.224 ms  1207/4741 (25%)  
[  5] 326.00-327.00 sec   259 KBytes  2.13 Mbits/sec  0.232 ms  618/3275 (19%)  
[  5] 327.00-328.00 sec   309 KBytes  2.53 Mbits/sec  0.214 ms  1051/4219 (25%)  
[  5] 328.00-329.00 sec   361 KBytes  2.96 Mbits/sec  0.209 ms  954/4654 (20%)  
[  5] 329.00-330.00 sec   293 KBytes  2.40 Mbits/sec  0.214 ms  1052/4056 (26%)  
[  5] 330.00-331.00 sec   316 KBytes  2.59 Mbits/sec  0.219 ms  1004/4241 (24%)  
[  5] 331.00-332.00 sec   317 KBytes  2.59 Mbits/sec  0.278 ms  1012/4254 (24%)  
[  5] 332.00-333.00 sec   326 KBytes  2.67 Mbits/sec  0.218 ms  813/4150 (20%)  
[  5] 333.00-334.00 sec   316 KBytes  2.58 Mbits/sec  0.220 ms  826/4057 (20%)  
[  5] 334.00-335.00 sec   314 KBytes  2.57 Mbits/sec  0.270 ms  772/3985 (19%)  
[  5] 335.00-336.00 sec   362 KBytes  2.97 Mbits/sec  0.206 ms  951/4663 (20%)  
[  5] 336.00-337.00 sec   322 KBytes  2.64 Mbits/sec  0.297 ms  861/4157 (21%)  
[  5] 337.00-338.00 sec   317 KBytes  2.60 Mbits/sec  0.220 ms  880/4125 (21%)  
[  5] 338.00-339.00 sec   296 KBytes  2.42 Mbits/sec  0.217 ms  1146/4175 (27%)  
[  5] 339.00-340.00 sec   363 KBytes  2.98 Mbits/sec  0.212 ms  1174/4888 (24%)  
[  5] 340.00-341.00 sec   283 KBytes  2.32 Mbits/sec  0.157 ms  1315/4217 (31%)  
[  5] 341.00-342.00 sec   251 KBytes  2.06 Mbits/sec  0.217 ms  1238/3813 (32%)  
[  5] 342.00-343.00 sec   303 KBytes  2.48 Mbits/sec  0.215 ms  1449/4554 (32%)  
[  5] 343.00-344.00 sec   298 KBytes  2.44 Mbits/sec  0.248 ms  1173/4224 (28%)  
[  5] 344.00-345.00 sec   281 KBytes  2.30 Mbits/sec  0.250 ms  939/3814 (25%)  
[  5] 345.00-346.00 sec   316 KBytes  2.59 Mbits/sec  0.217 ms  1299/4533 (29%)  
[  5] 346.00-347.00 sec   303 KBytes  2.48 Mbits/sec  0.214 ms  1430/4534 (32%)  
[  5] 347.00-348.00 sec   267 KBytes  2.18 Mbits/sec  0.257 ms  1383/4114 (34%)  
[  5] 348.00-349.00 sec   313 KBytes  2.56 Mbits/sec  0.220 ms  1123/4328 (26%)  
[  5] 349.00-350.00 sec   284 KBytes  2.32 Mbits/sec  0.269 ms  1201/4107 (29%)  
[  5] 350.00-351.00 sec   294 KBytes  2.40 Mbits/sec  0.223 ms  1921/4927 (39%)  
[  5] 351.00-352.00 sec   311 KBytes  2.55 Mbits/sec  0.206 ms  1295/4481 (29%)  
[  5] 352.00-353.00 sec   326 KBytes  2.67 Mbits/sec  0.205 ms  1093/4429 (25%)  
[  5] 353.00-354.00 sec   272 KBytes  2.23 Mbits/sec  0.215 ms  957/3741 (26%)  
[  5] 354.00-355.00 sec   320 KBytes  2.62 Mbits/sec  0.213 ms  1251/4528 (28%)  
[  5] 355.00-356.00 sec   254 KBytes  2.08 Mbits/sec  0.218 ms  1378/3982 (35%)  
[  5] 356.00-357.00 sec   314 KBytes  2.57 Mbits/sec  0.254 ms  1246/4462 (28%)  
[  5] 357.00-358.00 sec   257 KBytes  2.11 Mbits/sec  0.210 ms  1192/3820 (31%)  
[  5] 358.00-359.00 sec   270 KBytes  2.21 Mbits/sec  0.215 ms  832/3596 (23%)  
[  5] 359.00-360.00 sec   262 KBytes  2.15 Mbits/sec  0.440 ms  1102/3788 (29%)  
[  5] 360.00-361.00 sec   362 KBytes  2.97 Mbits/sec  0.211 ms  1242/4950 (25%)  
[  5] 361.00-362.00 sec   299 KBytes  2.45 Mbits/sec  0.218 ms  1280/4339 (29%)  
[  5] 362.00-363.00 sec   321 KBytes  2.63 Mbits/sec  0.416 ms  1021/4305 (24%)  
[  5] 363.00-364.00 sec   273 KBytes  2.23 Mbits/sec  0.219 ms  1452/4244 (34%)  
[  5] 364.00-365.00 sec   299 KBytes  2.45 Mbits/sec  0.220 ms  1362/4428 (31%)  
[  5] 365.00-366.00 sec   317 KBytes  2.60 Mbits/sec  0.214 ms  1175/4420 (27%)  
[  5] 366.00-367.00 sec   326 KBytes  2.67 Mbits/sec  0.209 ms  1669/5003 (33%)  
[  5] 367.00-368.00 sec   312 KBytes  2.56 Mbits/sec  0.212 ms  1476/4673 (32%)  
[  5] 368.00-369.00 sec   305 KBytes  2.50 Mbits/sec  0.201 ms  1553/4679 (33%)  
[  5] 369.00-370.00 sec   366 KBytes  2.99 Mbits/sec  0.198 ms  1844/5587 (33%)  
[  5] 370.00-371.00 sec   296 KBytes  2.42 Mbits/sec  0.222 ms  1553/4579 (34%)  
[  5] 371.00-372.00 sec   308 KBytes  2.52 Mbits/sec  0.229 ms  1555/4707 (33%)  
[  5] 372.00-373.00 sec   324 KBytes  2.66 Mbits/sec  0.194 ms  2183/5505 (40%)  
[  5] 373.00-374.00 sec   294 KBytes  2.41 Mbits/sec  0.214 ms  1615/4627 (35%)  
[  5] 374.00-375.00 sec   325 KBytes  2.66 Mbits/sec  0.218 ms  1098/4426 (25%)  
[  5] 375.00-376.00 sec   347 KBytes  2.84 Mbits/sec  0.201 ms  1478/5028 (29%)  
[  5] 376.00-377.00 sec   325 KBytes  2.67 Mbits/sec  0.243 ms  1382/4712 (29%)  
[  5] 377.00-378.00 sec   317 KBytes  2.60 Mbits/sec  0.220 ms  1736/4981 (35%)  
[  5] 378.00-379.00 sec   284 KBytes  2.33 Mbits/sec  0.246 ms  1676/4588 (37%)  
[  5] 379.00-380.00 sec   260 KBytes  2.13 Mbits/sec  0.214 ms  1650/4308 (38%)  
[  5] 380.00-381.00 sec   293 KBytes  2.40 Mbits/sec  0.227 ms  1743/4748 (37%)  
[  5] 381.00-382.00 sec   312 KBytes  2.56 Mbits/sec  0.221 ms  2416/5610 (43%)  
[  5] 382.00-383.00 sec   317 KBytes  2.60 Mbits/sec  0.201 ms  1517/4763 (32%)  
[  5] 383.00-384.01 sec   356 KBytes  2.90 Mbits/sec  0.216 ms  1239/4881 (25%)  
[  5] 384.01-385.00 sec   326 KBytes  2.68 Mbits/sec  0.218 ms  1029/4366 (24%)  
[  5] 385.00-386.00 sec   291 KBytes  2.39 Mbits/sec  0.255 ms  1481/4465 (33%)  
[  5] 386.00-387.00 sec   371 KBytes  3.04 Mbits/sec  0.197 ms  1296/5096 (25%)  
[  5] 387.00-388.00 sec   307 KBytes  2.51 Mbits/sec  0.714 ms  1317/4456 (30%)  
[  5] 388.00-389.00 sec   287 KBytes  2.35 Mbits/sec  0.441 ms  1537/4473 (34%)  
[  5] 389.00-390.00 sec   293 KBytes  2.40 Mbits/sec  0.210 ms  1688/4692 (36%)  
[  5] 390.00-391.00 sec   317 KBytes  2.59 Mbits/sec  0.215 ms  1138/4379 (26%)  
[  5] 391.00-392.00 sec   290 KBytes  2.38 Mbits/sec  0.240 ms  1376/4348 (32%)  
[  5] 392.00-393.00 sec   341 KBytes  2.79 Mbits/sec  0.215 ms  1380/4873 (28%)  
[  5] 393.00-394.00 sec   309 KBytes  2.53 Mbits/sec  0.207 ms  1072/4240 (25%)  
[  5] 394.00-395.00 sec   301 KBytes  2.47 Mbits/sec  0.217 ms  1245/4331 (29%)  
[  5] 395.00-396.00 sec   317 KBytes  2.60 Mbits/sec  0.210 ms  1044/4289 (24%)  
[  5] 396.00-397.00 sec   175 KBytes  1.43 Mbits/sec  0.264 ms  677/2464 (27%)  
[  5] 397.00-398.00 sec   281 KBytes  2.30 Mbits/sec  0.215 ms  907/3782 (24%)  
[  5] 398.00-399.00 sec   309 KBytes  2.53 Mbits/sec  0.216 ms  1095/4260 (26%)  
[  5] 399.00-400.00 sec   281 KBytes  2.30 Mbits/sec  0.256 ms  1160/4034 (29%)  
[  5] 400.00-401.00 sec   272 KBytes  2.23 Mbits/sec  0.212 ms  1159/3942 (29%)  
[  5] 401.00-402.00 sec   301 KBytes  2.46 Mbits/sec  0.206 ms  1242/4320 (29%)  
[  5] 402.00-403.00 sec   318 KBytes  2.61 Mbits/sec  0.212 ms  1526/4785 (32%)  
[  5] 403.00-404.00 sec   313 KBytes  2.56 Mbits/sec  0.215 ms  1532/4737 (32%)  
[  5] 404.00-405.00 sec   311 KBytes  2.55 Mbits/sec  7.598 ms  1259/4440 (28%)  
[  5] 405.00-406.00 sec   327 KBytes  2.68 Mbits/sec  0.294 ms  1915/5266 (36%)  
[  5] 406.00-407.00 sec   317 KBytes  2.59 Mbits/sec  0.234 ms  1080/4325 (25%)  
[  5] 407.00-408.00 sec   263 KBytes  2.15 Mbits/sec  0.214 ms  1134/3824 (30%)  
[  5] 408.00-409.00 sec   362 KBytes  2.97 Mbits/sec  0.220 ms  1181/4889 (24%)  
[  5] 409.00-410.00 sec   324 KBytes  2.65 Mbits/sec  0.253 ms  1063/4380 (24%)  
[  5] 410.00-411.00 sec   317 KBytes  2.60 Mbits/sec  0.219 ms  1092/4337 (25%)  
[  5] 411.00-412.00 sec   326 KBytes  2.67 Mbits/sec  0.217 ms  1095/4433 (25%)  
[  5] 412.00-413.00 sec   262 KBytes  2.14 Mbits/sec  0.296 ms  1088/3767 (29%)  
[  5] 413.00-414.00 sec   284 KBytes  2.33 Mbits/sec  0.204 ms  1415/4324 (33%)  
