Connecting to host 172.22.0.50, port 5201
Reverse mode, remote host 172.22.0.50 is sending
[  5] local 192.168.100.2 port 51820 connected to 172.22.0.50 port 5201
[ ID] Interval           Transfer     Bitrate         Jitter    Lost/Total Datagrams
[  5]   0.00-1.00   sec  1.43 MBytes  12.0 Mbits/sec  0.891 ms  0/1253 (0%)  
[  5]   1.00-2.00   sec  1.42 MBytes  11.9 Mbits/sec  0.986 ms  0/1241 (0%)  
[  5]   2.00-3.00   sec  1.44 MBytes  12.1 Mbits/sec  1.148 ms  0/1259 (0%)  
[  5]   3.00-4.00   sec  1.42 MBytes  11.9 Mbits/sec  0.910 ms  0/1238 (0%)  
[  5]   4.00-5.00   sec  1.44 MBytes  12.1 Mbits/sec  1.101 ms  0/1259 (0%)  
[  5]   5.00-6.00   sec  1.43 MBytes  12.0 Mbits/sec  1.067 ms  0/1250 (0%)  
[  5]   6.00-7.00   sec  1.43 MBytes  12.0 Mbits/sec  0.737 ms  0/1251 (0%)  
[  5]   7.00-8.00   sec  1.43 MBytes  12.0 Mbits/sec  1.134 ms  0/1249 (0%)  
[  5]   8.00-9.00   sec  1.43 MBytes  12.0 Mbits/sec  1.018 ms  0/1250 (0%)  
[  5]   9.00-10.00  sec  1.43 MBytes  12.0 Mbits/sec  0.767 ms  0/1253 (0%)  
[  5]  10.00-11.00  sec  1.42 MBytes  11.9 Mbits/sec  0.969 ms  0/1241 (0%)  
[  5]  11.00-12.00  sec  1.44 MBytes  12.1 Mbits/sec  1.061 ms  0/1260 (0%)  
[  5]  12.00-13.00  sec  1.43 MBytes  12.0 Mbits/sec  1.063 ms  0/1246 (0%)  
[  5]  13.00-14.00  sec  1.43 MBytes  12.0 Mbits/sec  1.096 ms  0/1250 (0%)  
[  5]  14.00-15.00  sec  1.43 MBytes  12.0 Mbits/sec  1.073 ms  0/1246 (0%)  
[  5]  15.00-16.00  sec  1.44 MBytes  12.0 Mbits/sec  0.788 ms  0/1255 (0%)  
[  5]  16.00-17.00  sec   551 KBytes  4.51 Mbits/sec  2.175 ms  0/470 (0%)  
[  5]  17.00-18.00  sec   427 KBytes  3.49 Mbits/sec  2.039 ms  0/364 (0%)  
[  5]  18.00-19.00  sec   423 KBytes  3.47 Mbits/sec  2.112 ms  0/361 (0%)  
[  5]  19.00-20.00  sec   420 KBytes  3.44 Mbits/sec  2.085 ms  0/358 (0%)  
[  5]  20.00-21.00  sec   409 KBytes  3.35 Mbits/sec  2.153 ms  0/349 (0%)  
[  5]  21.00-22.00  sec   353 KBytes  2.89 Mbits/sec  2.550 ms  0/301 (0%)  
[  5]  22.00-23.00  sec   352 KBytes  2.88 Mbits/sec  2.595 ms  0/300 (0%)  
[  5]  23.00-24.00  sec   339 KBytes  2.78 Mbits/sec  2.784 ms  0/289 (0%)  
[  5]  24.00-25.00  sec   349 KBytes  2.86 Mbits/sec  2.418 ms  0/298 (0%)  
[  5]  25.00-26.00  sec   341 KBytes  2.79 Mbits/sec  2.795 ms  0/291 (0%)  
[  5]  26.00-27.00  sec   330 KBytes  2.71 Mbits/sec  3.047 ms  0/282 (0%)  
[  5]  27.00-28.00  sec   329 KBytes  2.70 Mbits/sec  2.757 ms  0/281 (0%)  
[  5]  28.00-29.00  sec   320 KBytes  2.62 Mbits/sec  2.859 ms  0/273 (0%)  
[  5]  29.00-30.00  sec   323 KBytes  2.65 Mbits/sec  3.118 ms  0/276 (0%)  
[  5]  30.00-31.00  sec   335 KBytes  2.75 Mbits/sec  2.628 ms  0/286 (0%)  
[  5]  31.00-32.00  sec   335 KBytes  2.75 Mbits/sec  2.677 ms  0/286 (0%)  
[  5]  32.00-33.00  sec   339 KBytes  2.77 Mbits/sec  2.708 ms  0/289 (0%)  
[  5]  33.00-34.00  sec   338 KBytes  2.76 Mbits/sec  2.486 ms  0/288 (0%)  
[  5]  34.00-35.00  sec   336 KBytes  2.76 Mbits/sec  2.622 ms  0/287 (0%)  
[  5]  35.00-36.00  sec   335 KBytes  2.75 Mbits/sec  2.801 ms  0/286 (0%)  
[  5]  36.00-37.00  sec   327 KBytes  2.68 Mbits/sec  3.035 ms  0/279 (0%)  
[  5]  37.00-38.00  sec   334 KBytes  2.74 Mbits/sec  2.627 ms  0/285 (0%)  
[  5]  38.00-39.00  sec   330 KBytes  2.71 Mbits/sec  2.618 ms  0/282 (0%)  
[  5]  39.00-40.00  sec   336 KBytes  2.76 Mbits/sec  2.747 ms  0/287 (0%)  
[  5]  40.00-41.00  sec   332 KBytes  2.72 Mbits/sec  2.874 ms  0/283 (0%)  
[  5]  41.00-42.00  sec   334 KBytes  2.74 Mbits/sec  2.646 ms  0/285 (0%)  
[  5]  42.00-43.00  sec   333 KBytes  2.73 Mbits/sec  2.938 ms  0/284 (0%)  
[  5]  43.00-44.00  sec   336 KBytes  2.75 Mbits/sec  2.685 ms  0/287 (0%)  
[  5]  44.00-45.00  sec   342 KBytes  2.80 Mbits/sec  2.533 ms  0/293 (0%)  
[  5]  45.00-46.00  sec   328 KBytes  2.68 Mbits/sec  3.040 ms  0/280 (0%)  
[  5]  46.00-47.00  sec   316 KBytes  2.59 Mbits/sec  3.028 ms  0/270 (0%)  
[  5]  47.00-48.00  sec   328 KBytes  2.69 Mbits/sec  2.942 ms  0/280 (0%)  
[  5]  48.00-49.00  sec   330 KBytes  2.71 Mbits/sec  2.795 ms  0/282 (0%)  
[  5]  49.00-50.00  sec   321 KBytes  2.63 Mbits/sec  2.903 ms  0/274 (0%)  
[  5]  50.00-51.00  sec   326 KBytes  2.66 Mbits/sec  3.292 ms  0/278 (0%)  
[  5]  51.00-52.00  sec   336 KBytes  2.76 Mbits/sec  2.761 ms  0/287 (0%)  
[  5]  52.00-53.00  sec   328 KBytes  2.69 Mbits/sec  2.941 ms  0/280 (0%)  
[  5]  53.00-54.00  sec   261 KBytes  2.14 Mbits/sec  2.834 ms  134/357 (38%)  
[  5]  54.00-55.00  sec   355 KBytes  2.91 Mbits/sec  2.379 ms  1003/1306 (77%)  
[  5]  55.00-56.00  sec   354 KBytes  2.90 Mbits/sec  2.428 ms  1028/1330 (77%)  
[  5]  56.00-57.00  sec   353 KBytes  2.89 Mbits/sec  2.430 ms  1056/1357 (78%)  
[  5]  57.00-58.00  sec   353 KBytes  2.89 Mbits/sec  2.415 ms  1075/1376 (78%)  
[  5]  58.00-59.00  sec   354 KBytes  2.90 Mbits/sec  2.407 ms  1048/1350 (78%)  
[  5]  59.00-60.00  sec   335 KBytes  2.75 Mbits/sec  2.653 ms  965/1251 (77%)  
[  5]  60.00-61.00  sec   412 KBytes  3.38 Mbits/sec  2.639 ms  1176/1528 (77%)  
[  5]  61.00-62.00  sec   299 KBytes  2.45 Mbits/sec  2.576 ms  851/1106 (77%)  
[  5]  62.00-63.00  sec   353 KBytes  2.89 Mbits/sec  2.812 ms  1019/1320 (77%)  
[  5]  63.00-64.00  sec   354 KBytes  2.90 Mbits/sec  2.653 ms  1002/1304 (77%)  
[  5]  64.00-65.00  sec   414 KBytes  3.39 Mbits/sec  2.392 ms  1212/1565 (77%)  
[  5]  65.00-66.00  sec   353 KBytes  2.89 Mbits/sec  2.511 ms  1034/1335 (77%)  
[  5]  66.00-67.00  sec   334 KBytes  2.74 Mbits/sec  2.700 ms  970/1255 (77%)  
[  5]  67.00-68.00  sec   353 KBytes  2.89 Mbits/sec  2.820 ms  1009/1310 (77%)  
[  5]  68.00-69.00  sec   355 KBytes  2.91 Mbits/sec  2.645 ms  1039/1342 (77%)  
[  5]  69.00-70.00  sec   357 KBytes  2.93 Mbits/sec  2.782 ms  1040/1345 (77%)  
[  5]  70.00-71.00  sec   354 KBytes  2.90 Mbits/sec  2.337 ms  1014/1316 (77%)  
[  5]  71.00-72.00  sec   353 KBytes  2.89 Mbits/sec  2.386 ms  994/1295 (77%)  
[  5]  72.00-73.00  sec   353 KBytes  2.89 Mbits/sec  2.577 ms  1014/1315 (77%)  
[  5]  73.00-74.00  sec   355 KBytes  2.91 Mbits/sec  2.625 ms  1078/1381 (78%)  
[  5]  74.00-75.00  sec   354 KBytes  2.90 Mbits/sec  2.453 ms  1057/1359 (78%)  
[  5]  75.00-76.00  sec   298 KBytes  2.43 Mbits/sec  2.499 ms  884/1138 (78%)  
[  5]  76.00-77.00  sec   354 KBytes  2.91 Mbits/sec  2.538 ms  1046/1348 (78%)  
[  5]  77.00-78.00  sec   353 KBytes  2.89 Mbits/sec  2.525 ms  1068/1369 (78%)  
[  5]  78.00-79.00  sec   355 KBytes  2.91 Mbits/sec  2.407 ms  1030/1333 (77%)  
[  5]  79.00-80.00  sec   353 KBytes  2.89 Mbits/sec  2.384 ms  1021/1322 (77%)  
[  5]  80.00-81.00  sec   334 KBytes  2.73 Mbits/sec  2.719 ms  974/1259 (77%)  
[  5]  81.00-82.00  sec   357 KBytes  2.93 Mbits/sec  2.611 ms  991/1296 (76%)  
[  5]  82.00-83.00  sec   350 KBytes  2.87 Mbits/sec  2.832 ms  927/1226 (76%)  
[  5]  83.00-84.00  sec   359 KBytes  2.94 Mbits/sec  2.291 ms  954/1260 (76%)  
[  5]  84.00-85.00  sec   353 KBytes  2.89 Mbits/sec  2.350 ms  981/1282 (77%)  
[  5]  85.00-86.00  sec   293 KBytes  2.40 Mbits/sec  2.606 ms  782/1032 (76%)  
[  5]  86.00-87.00  sec   354 KBytes  2.90 Mbits/sec  2.760 ms  930/1232 (75%)  
[  5]  87.00-88.00  sec   355 KBytes  2.91 Mbits/sec  2.592 ms  910/1213 (75%)  
[  5]  88.00-89.00  sec   353 KBytes  2.89 Mbits/sec  2.476 ms  963/1264 (76%)  
[  5]  89.00-90.00  sec   359 KBytes  2.94 Mbits/sec  2.398 ms  978/1284 (76%)  
[  5]  90.00-91.00  sec   353 KBytes  2.89 Mbits/sec  2.301 ms  938/1239 (76%)  
[  5]  91.00-92.00  sec   353 KBytes  2.89 Mbits/sec  2.235 ms  945/1246 (76%)  
[  5]  92.00-93.00  sec   355 KBytes  2.91 Mbits/sec  2.299 ms  935/1238 (76%)  
[  5]  93.00-94.00  sec   354 KBytes  2.90 Mbits/sec  2.360 ms  930/1232 (75%)  
[  5]  94.00-95.00  sec   353 KBytes  2.89 Mbits/sec  2.351 ms  1008/1309 (77%)  
[  5]  95.00-96.00  sec   339 KBytes  2.77 Mbits/sec  2.563 ms  888/1177 (75%)  
[  5]  96.00-97.00  sec   313 KBytes  2.56 Mbits/sec  2.291 ms  829/1096 (76%)  
[  5]  97.00-98.00  sec   394 KBytes  3.22 Mbits/sec  2.670 ms  1062/1398 (76%)  
[  5]  98.00-99.00  sec   314 KBytes  2.58 Mbits/sec  2.395 ms  840/1108 (76%)  
[  5]  99.00-100.00 sec   353 KBytes  2.89 Mbits/sec  2.369 ms  960/1261 (76%)  
[  5] 100.00-101.00 sec   339 KBytes  2.78 Mbits/sec  2.560 ms  899/1188 (76%)  
[  5] 101.00-102.00 sec   350 KBytes  2.87 Mbits/sec  3.000 ms  955/1254 (76%)  
[  5] 102.00-103.00 sec   357 KBytes  2.93 Mbits/sec  2.692 ms  989/1294 (76%)  
[  5] 103.00-104.00 sec   354 KBytes  2.90 Mbits/sec  2.407 ms  983/1285 (76%)  
[  5] 104.00-105.00 sec   293 KBytes  2.40 Mbits/sec  2.854 ms  822/1072 (77%)  
[  5] 105.00-106.00 sec   353 KBytes  2.89 Mbits/sec  2.677 ms  987/1288 (77%)  
[  5] 106.00-107.00 sec   315 KBytes  2.58 Mbits/sec  2.433 ms  837/1106 (76%)  
[  5] 107.00-108.00 sec   338 KBytes  2.77 Mbits/sec  2.983 ms  911/1199 (76%)  
[  5] 108.00-109.00 sec   314 KBytes  2.57 Mbits/sec  2.477 ms  868/1136 (76%)  
[  5] 109.00-110.00 sec   293 KBytes  2.40 Mbits/sec  2.798 ms  822/1072 (77%)  
[  5] 110.00-111.00 sec   354 KBytes  2.90 Mbits/sec  2.416 ms  960/1262 (76%)  
[  5] 111.00-112.00 sec   299 KBytes  2.45 Mbits/sec  2.657 ms  838/1093 (77%)  
[  5] 112.00-113.00 sec   354 KBytes  2.90 Mbits/sec  2.711 ms  949/1251 (76%)  
[  5] 113.00-114.00 sec   314 KBytes  2.57 Mbits/sec  2.445 ms  871/1139 (76%)  
[  5] 114.00-115.00 sec   353 KBytes  2.89 Mbits/sec  2.377 ms  1010/1311 (77%)  
[  5] 115.00-116.00 sec   353 KBytes  2.89 Mbits/sec  2.517 ms  979/1280 (76%)  
[  5] 116.00-117.00 sec   335 KBytes  2.75 Mbits/sec  3.440 ms  879/1165 (75%)  
[  5] 117.00-118.00 sec   319 KBytes  2.61 Mbits/sec  2.390 ms  844/1116 (76%)  
[  5] 118.00-119.00 sec   353 KBytes  2.89 Mbits/sec  2.299 ms  946/1247 (76%)  
[  5] 119.00-120.00 sec   354 KBytes  2.90 Mbits/sec  2.391 ms  970/1272 (76%)  
[  5] 120.00-121.00 sec   353 KBytes  2.89 Mbits/sec  2.359 ms  946/1247 (76%)  
[  5] 121.00-122.00 sec   335 KBytes  2.75 Mbits/sec  2.779 ms  944/1230 (77%)  
[  5] 122.00-123.00 sec   353 KBytes  2.89 Mbits/sec  2.601 ms  986/1287 (77%)  
[  5] 123.00-124.00 sec   359 KBytes  2.94 Mbits/sec  2.617 ms  996/1302 (76%)  
[  5] 124.00-125.00 sec   293 KBytes  2.40 Mbits/sec  2.896 ms  794/1044 (76%)  
[  5] 125.00-126.00 sec   354 KBytes  2.90 Mbits/sec  2.756 ms  945/1247 (76%)  
[  5] 126.00-127.00 sec   315 KBytes  2.58 Mbits/sec  2.467 ms  877/1146 (77%)  
[  5] 127.00-128.00 sec   293 KBytes  2.40 Mbits/sec  2.577 ms  806/1056 (76%)  
[  5] 128.00-129.00 sec   359 KBytes  2.94 Mbits/sec  2.493 ms  951/1257 (76%)  
[  5] 129.00-130.00 sec   293 KBytes  2.40 Mbits/sec  2.766 ms  778/1028 (76%)  
[  5] 130.00-131.00 sec   314 KBytes  2.57 Mbits/sec  2.410 ms  859/1127 (76%)  
[  5] 131.00-132.00 sec   354 KBytes  2.90 Mbits/sec  2.646 ms  1001/1303 (77%)  
[  5] 132.00-133.00 sec   294 KBytes  2.41 Mbits/sec  2.492 ms  869/1120 (78%)  
[  5] 133.00-134.00 sec   359 KBytes  2.94 Mbits/sec  2.628 ms  1054/1360 (78%)  
[  5] 134.00-135.00 sec   353 KBytes  2.89 Mbits/sec  2.470 ms  1053/1354 (78%)  
[  5] 135.00-136.00 sec   293 KBytes  2.40 Mbits/sec  2.713 ms  857/1107 (77%)  
[  5] 136.00-137.00 sec   355 KBytes  2.91 Mbits/sec  2.362 ms  1074/1377 (78%)  
[  5] 137.00-138.00 sec   353 KBytes  2.89 Mbits/sec  2.687 ms  1059/1360 (78%)  
[  5] 138.00-139.00 sec   359 KBytes  2.94 Mbits/sec  2.543 ms  1093/1399 (78%)  
[  5] 139.00-140.00 sec   353 KBytes  2.89 Mbits/sec  2.472 ms  1096/1397 (78%)  
[  5] 140.00-141.00 sec   354 KBytes  2.90 Mbits/sec  2.560 ms  1061/1363 (78%)  
[  5] 141.00-142.00 sec   334 KBytes  2.73 Mbits/sec  2.820 ms  986/1271 (78%)  
[  5] 142.00-143.00 sec   354 KBytes  2.90 Mbits/sec  2.660 ms  1051/1353 (78%)  
[  5] 143.00-144.00 sec   353 KBytes  2.89 Mbits/sec  2.611 ms  956/1257 (76%)  
[  5] 144.00-145.00 sec   319 KBytes  2.61 Mbits/sec  2.416 ms  889/1161 (77%)  
[  5] 145.00-146.00 sec   334 KBytes  2.74 Mbits/sec  2.698 ms  931/1216 (77%)  
[  5] 146.00-147.00 sec   354 KBytes  2.90 Mbits/sec  2.850 ms  987/1289 (77%)  
[  5] 147.00-148.00 sec   353 KBytes  2.89 Mbits/sec  2.681 ms  967/1268 (76%)  
[  5] 148.00-149.00 sec   314 KBytes  2.57 Mbits/sec  2.259 ms  843/1111 (76%)  
[  5] 149.00-150.00 sec   339 KBytes  2.77 Mbits/sec  2.695 ms  919/1208 (76%)  
[  5] 150.00-151.00 sec   369 KBytes  3.02 Mbits/sec  2.416 ms  977/1292 (76%)  
[  5] 151.00-152.00 sec   338 KBytes  2.76 Mbits/sec  2.782 ms  956/1244 (77%)  
[  5] 152.00-153.00 sec   314 KBytes  2.57 Mbits/sec  2.633 ms  923/1191 (77%)  
[  5] 153.00-154.00 sec   353 KBytes  2.89 Mbits/sec  2.627 ms  1057/1358 (78%)  
[  5] 154.00-155.00 sec   354 KBytes  2.90 Mbits/sec  2.766 ms  1085/1387 (78%)  
[  5] 155.00-156.00 sec   299 KBytes  2.45 Mbits/sec  2.471 ms  950/1205 (79%)  
[  5] 156.00-157.00 sec   354 KBytes  2.90 Mbits/sec  2.500 ms  1091/1393 (78%)  
[  5] 157.00-158.00 sec   294 KBytes  2.41 Mbits/sec  2.733 ms  883/1134 (78%)  
[  5] 158.00-159.00 sec   353 KBytes  2.89 Mbits/sec  2.791 ms  1063/1364 (78%)  
[  5] 159.00-160.00 sec   299 KBytes  2.45 Mbits/sec  2.786 ms  894/1149 (78%)  
[  5] 160.00-161.00 sec   349 KBytes  2.86 Mbits/sec  2.797 ms  1032/1330 (78%)  
[  5] 161.00-162.00 sec   359 KBytes  2.94 Mbits/sec  2.603 ms  1051/1357 (77%)  
[  5] 162.00-163.00 sec   353 KBytes  2.89 Mbits/sec  2.619 ms  1022/1323 (77%)  
[  5] 163.00-164.00 sec   354 KBytes  2.90 Mbits/sec  2.552 ms  985/1287 (77%)  
[  5] 164.00-165.00 sec   353 KBytes  2.89 Mbits/sec  2.701 ms  977/1278 (76%)  
[  5] 165.00-166.00 sec   355 KBytes  2.91 Mbits/sec  2.397 ms  955/1258 (76%)  
[  5] 166.00-167.00 sec   353 KBytes  2.89 Mbits/sec  2.628 ms  946/1247 (76%)  
[  5] 167.00-168.00 sec   359 KBytes  2.94 Mbits/sec  2.372 ms  975/1281 (76%)  
[  5] 168.00-169.00 sec   353 KBytes  2.89 Mbits/sec  2.404 ms  956/1257 (76%)  
[  5] 169.00-170.00 sec   293 KBytes  2.40 Mbits/sec  2.973 ms  840/1090 (77%)  
[  5] 170.00-171.00 sec   355 KBytes  2.91 Mbits/sec  2.388 ms  991/1294 (77%)  
[  5] 171.00-172.00 sec   354 KBytes  2.90 Mbits/sec  2.477 ms  984/1286 (77%)  
[  5] 172.00-173.00 sec   353 KBytes  2.89 Mbits/sec  2.352 ms  981/1282 (77%)  
[  5] 173.00-174.00 sec   359 KBytes  2.94 Mbits/sec  2.476 ms  1020/1326 (77%)  
[  5] 174.00-175.00 sec   334 KBytes  2.74 Mbits/sec  2.861 ms  954/1239 (77%)  
[  5] 175.00-176.00 sec   318 KBytes  2.60 Mbits/sec  2.298 ms  879/1150 (76%)  
[  5] 176.00-177.00 sec   349 KBytes  2.86 Mbits/sec  2.432 ms  991/1289 (77%)  
[  5] 177.00-178.00 sec   353 KBytes  2.89 Mbits/sec  2.496 ms  999/1300 (77%)  
[  5] 178.00-179.00 sec   354 KBytes  2.90 Mbits/sec  2.543 ms  991/1293 (77%)  
[  5] 179.00-180.00 sec   295 KBytes  2.42 Mbits/sec  2.626 ms  852/1104 (77%)  
[  5] 180.00-181.00 sec   357 KBytes  2.93 Mbits/sec  2.382 ms  1037/1342 (77%)  
[  5] 181.00-182.00 sec   354 KBytes  2.90 Mbits/sec  2.406 ms  966/1268 (76%)  
[  5] 182.00-183.00 sec   353 KBytes  2.89 Mbits/sec  2.526 ms  1043/1344 (78%)  
[  5] 183.00-184.00 sec   293 KBytes  2.40 Mbits/sec  2.725 ms  867/1117 (78%)  
[  5] 184.00-185.00 sec   355 KBytes  2.91 Mbits/sec  2.802 ms  1053/1356 (78%)  
[  5] 185.00-186.00 sec   353 KBytes  2.89 Mbits/sec  2.425 ms  1030/1331 (77%)  
[  5] 186.00-187.00 sec   359 KBytes  2.94 Mbits/sec  2.477 ms  1069/1375 (78%)  
[  5] 187.00-188.00 sec   353 KBytes  2.89 Mbits/sec  2.289 ms  987/1288 (77%)  
[  5] 188.00-189.00 sec   353 KBytes  2.89 Mbits/sec  2.450 ms  990/1291 (77%)  
[  5] 189.00-190.00 sec   335 KBytes  2.75 Mbits/sec  2.550 ms  892/1178 (76%)  
[  5] 190.00-191.00 sec   314 KBytes  2.57 Mbits/sec  2.388 ms  841/1109 (76%)  
[  5] 191.00-192.00 sec   353 KBytes  2.89 Mbits/sec  2.558 ms  963/1264 (76%)  
[  5] 192.00-193.00 sec   239 KBytes  1.96 Mbits/sec  3.085 ms  638/842 (76%)  
[  5] 193.00-194.00 sec   313 KBytes  2.56 Mbits/sec  2.446 ms  832/1099 (76%)  
[  5] 194.00-195.00 sec   295 KBytes  2.42 Mbits/sec  3.130 ms  796/1048 (76%)  
[  5] 195.00-196.00 sec   299 KBytes  2.45 Mbits/sec  2.722 ms  801/1056 (76%)  
[  5] 196.00-197.00 sec   253 KBytes  2.07 Mbits/sec  3.198 ms  709/925 (77%)  
[  5] 197.00-198.00 sec   254 KBytes  2.08 Mbits/sec  2.850 ms  714/931 (77%)  
[  5] 198.00-199.00 sec   299 KBytes  2.45 Mbits/sec  2.923 ms  844/1099 (77%)  
[  5] 199.00-200.00 sec   313 KBytes  2.56 Mbits/sec  2.662 ms  971/1238 (78%)  
[  5] 200.00-201.00 sec   255 KBytes  2.10 Mbits/sec  2.559 ms  686/904 (76%)  
[  5] 201.00-202.00 sec   299 KBytes  2.45 Mbits/sec  2.521 ms  812/1067 (76%)  
[  5] 202.00-203.00 sec   253 KBytes  2.08 Mbits/sec  2.487 ms  696/912 (76%)  
[  5] 203.00-204.00 sec   294 KBytes  2.41 Mbits/sec  2.685 ms  801/1052 (76%)  
[  5] 204.00-205.00 sec   353 KBytes  2.89 Mbits/sec  2.374 ms  958/1259 (76%)  
[  5] 205.00-206.00 sec   300 KBytes  2.46 Mbits/sec  2.561 ms  922/1178 (78%)  
[  5] 206.00-207.00 sec   354 KBytes  2.90 Mbits/sec  2.756 ms  995/1297 (77%)  
[  5] 207.00-208.00 sec   313 KBytes  2.56 Mbits/sec  2.491 ms  892/1159 (77%)  
[  5] 208.00-209.00 sec   353 KBytes  2.89 Mbits/sec  2.428 ms  954/1255 (76%)  
[  5] 209.00-210.00 sec   299 KBytes  2.45 Mbits/sec  2.613 ms  836/1091 (77%)  
[  5] 210.00-211.00 sec   294 KBytes  2.41 Mbits/sec  2.989 ms  850/1101 (77%)  
[  5] 211.00-212.00 sec   354 KBytes  2.90 Mbits/sec  2.535 ms  1006/1308 (77%)  
[  5] 212.00-213.00 sec   294 KBytes  2.41 Mbits/sec  2.690 ms  797/1048 (76%)  
[  5] 213.00-214.00 sec   353 KBytes  2.89 Mbits/sec  2.823 ms  1011/1312 (77%)  
[  5] 214.00-215.00 sec   299 KBytes  2.45 Mbits/sec  2.808 ms  825/1080 (76%)  
[  5] 215.00-216.00 sec   354 KBytes  2.90 Mbits/sec  2.862 ms  1019/1321 (77%)  
[  5] 216.00-217.00 sec   314 KBytes  2.57 Mbits/sec  2.364 ms  852/1120 (76%)  
[  5] 217.00-218.00 sec   353 KBytes  2.89 Mbits/sec  2.483 ms  988/1289 (77%)  
[  5] 218.00-219.00 sec   354 KBytes  2.90 Mbits/sec  2.373 ms  954/1256 (76%)  
[  5] 219.00-220.00 sec   353 KBytes  2.89 Mbits/sec  2.454 ms  960/1261 (76%)  
[  5] 220.00-221.00 sec   355 KBytes  2.91 Mbits/sec  2.378 ms  997/1300 (77%)  
[  5] 221.00-222.00 sec   338 KBytes  2.76 Mbits/sec  2.625 ms  951/1239 (77%)  
[  5] 222.00-223.00 sec   354 KBytes  2.90 Mbits/sec  3.272 ms  1167/1469 (79%)  
[  5] 223.00-224.00 sec   353 KBytes  2.89 Mbits/sec  2.709 ms  1258/1559 (81%)  
[  5] 224.00-225.00 sec   313 KBytes  2.56 Mbits/sec  2.552 ms  947/1214 (78%)  
[  5] 225.00-226.00 sec   335 KBytes  2.74 Mbits/sec  2.673 ms  1135/1421 (80%)  
[  5] 226.00-227.00 sec   354 KBytes  2.90 Mbits/sec  3.435 ms  1431/1733 (83%)  
[  5] 227.00-228.00 sec   357 KBytes  2.93 Mbits/sec  2.804 ms  1373/1678 (82%)  
[  5] 228.00-229.00 sec   354 KBytes  2.90 Mbits/sec  3.190 ms  1220/1522 (80%)  
[  5] 229.00-230.00 sec   353 KBytes  2.89 Mbits/sec  2.900 ms  1327/1628 (82%)  
[  5] 230.00-231.00 sec   355 KBytes  2.91 Mbits/sec  2.904 ms  1256/1559 (81%)  
[  5] 231.00-232.00 sec   353 KBytes  2.89 Mbits/sec  2.608 ms  1277/1578 (81%)  
[  5] 232.00-233.00 sec   353 KBytes  2.89 Mbits/sec  2.629 ms  1088/1389 (78%)  
[  5] 233.00-234.00 sec   359 KBytes  2.94 Mbits/sec  2.479 ms  1063/1369 (78%)  
[  5] 234.00-235.00 sec   334 KBytes  2.73 Mbits/sec  2.721 ms  989/1274 (78%)  
[  5] 235.00-236.00 sec   354 KBytes  2.90 Mbits/sec  2.771 ms  1051/1353 (78%)  
[  5] 236.00-237.00 sec   314 KBytes  2.57 Mbits/sec  2.494 ms  923/1191 (77%)  
[  5] 237.00-238.00 sec   353 KBytes  2.89 Mbits/sec  2.676 ms  1087/1388 (78%)  
[  5] 238.00-239.00 sec   393 KBytes  3.22 Mbits/sec  2.739 ms  1193/1528 (78%)  
[  5] 239.00-240.00 sec   355 KBytes  2.91 Mbits/sec  2.680 ms  1063/1366 (78%)  
[  5] 240.00-241.00 sec   354 KBytes  2.90 Mbits/sec  2.596 ms  1046/1348 (78%)  
[  5] 241.00-242.00 sec   298 KBytes  2.44 Mbits/sec  2.885 ms  887/1141 (78%)  
[  5] 242.00-243.00 sec   354 KBytes  2.90 Mbits/sec  2.694 ms  1036/1338 (77%)  
[  5] 243.00-244.00 sec   353 KBytes  2.89 Mbits/sec  2.777 ms  1074/1375 (78%)  
[  5] 244.00-245.00 sec   354 KBytes  2.90 Mbits/sec  2.622 ms  1013/1315 (77%)  
[  5] 245.00-246.00 sec   354 KBytes  2.90 Mbits/sec  2.321 ms  1004/1306 (77%)  
[  5] 246.00-247.00 sec   357 KBytes  2.93 Mbits/sec  2.426 ms  975/1280 (76%)  
[  5] 247.00-248.00 sec   294 KBytes  2.41 Mbits/sec  2.726 ms  792/1043 (76%)  
[  5] 248.00-249.00 sec   293 KBytes  2.40 Mbits/sec  2.782 ms  807/1057 (76%)  
[  5] 249.00-250.00 sec   355 KBytes  2.91 Mbits/sec  2.784 ms  975/1278 (76%)  
[  5] 250.00-251.00 sec   318 KBytes  2.60 Mbits/sec  2.493 ms  869/1140 (76%)  
[  5] 251.00-252.00 sec   294 KBytes  2.41 Mbits/sec  2.370 ms  792/1043 (76%)  
[  5] 252.00-253.00 sec   353 KBytes  2.89 Mbits/sec  2.387 ms  977/1278 (76%)  
[  5] 253.00-254.00 sec   294 KBytes  2.41 Mbits/sec  2.717 ms  808/1059 (76%)  
[  5] 254.00-255.00 sec   355 KBytes  2.91 Mbits/sec  2.626 ms  962/1265 (76%)  
[  5] 255.00-256.00 sec   353 KBytes  2.89 Mbits/sec  2.402 ms  972/1273 (76%)  
[  5] 256.00-257.00 sec   359 KBytes  2.94 Mbits/sec  2.383 ms  957/1263 (76%)  
[  5] 257.00-258.00 sec   353 KBytes  2.89 Mbits/sec  2.315 ms  932/1233 (76%)  
[  5] 258.00-259.00 sec   353 KBytes  2.89 Mbits/sec  2.317 ms  942/1243 (76%)  
[  5] 259.00-260.00 sec   355 KBytes  2.91 Mbits/sec  2.392 ms  938/1241 (76%)  
[  5] 260.00-261.00 sec   354 KBytes  2.90 Mbits/sec  2.320 ms  1000/1302 (77%)  
[  5] 261.00-262.00 sec   353 KBytes  2.89 Mbits/sec  2.422 ms  1005/1306 (77%)  
[  5] 262.00-263.00 sec   339 KBytes  2.78 Mbits/sec  2.894 ms  942/1231 (77%)  
[  5] 263.00-264.00 sec   354 KBytes  2.90 Mbits/sec  2.575 ms  976/1278 (76%)  
[  5] 264.00-265.00 sec   313 KBytes  2.56 Mbits/sec  2.549 ms  870/1137 (77%)  
[  5] 265.00-266.00 sec   354 KBytes  2.90 Mbits/sec  2.437 ms  947/1249 (76%)  
[  5] 266.00-267.00 sec   353 KBytes  2.89 Mbits/sec  2.307 ms  935/1236 (76%)  
[  5] 267.00-268.00 sec   339 KBytes  2.77 Mbits/sec  2.703 ms  901/1190 (76%)  
[  5] 268.00-269.00 sec   350 KBytes  2.87 Mbits/sec  3.078 ms  949/1248 (76%)  
[  5] 269.00-270.00 sec   357 KBytes  2.93 Mbits/sec  2.566 ms  1006/1311 (77%)  
[  5] 270.00-271.00 sec   353 KBytes  2.89 Mbits/sec  2.636 ms  982/1283 (77%)  
[  5] 271.00-272.00 sec   354 KBytes  2.90 Mbits/sec  2.486 ms  965/1267 (76%)  
[  5] 272.00-273.00 sec   353 KBytes  2.89 Mbits/sec  2.417 ms  957/1258 (76%)  
[  5] 273.00-274.00 sec   295 KBytes  2.42 Mbits/sec  2.761 ms  817/1069 (76%)  
[  5] 274.00-275.00 sec   357 KBytes  2.93 Mbits/sec  2.854 ms  1030/1335 (77%)  
[  5] 275.00-276.00 sec   354 KBytes  2.90 Mbits/sec  2.732 ms  1043/1345 (78%)  
[  5] 276.00-277.00 sec   353 KBytes  2.89 Mbits/sec  2.542 ms  1074/1375 (78%)  
[  5] 277.00-278.00 sec   353 KBytes  2.89 Mbits/sec  2.633 ms  1114/1415 (79%)  
[  5] 278.00-279.00 sec   355 KBytes  2.91 Mbits/sec  2.591 ms  1112/1415 (79%)  
[  5] 279.00-280.00 sec   354 KBytes  2.90 Mbits/sec  2.470 ms  1076/1378 (78%)  
[  5] 280.00-281.00 sec   353 KBytes  2.89 Mbits/sec  2.481 ms  993/1294 (77%)  
[  5] 281.00-282.00 sec   339 KBytes  2.77 Mbits/sec  2.617 ms  967/1256 (77%)  
[  5] 282.00-283.00 sec   314 KBytes  2.57 Mbits/sec  2.314 ms  843/1111 (76%)  
[  5] 283.00-284.00 sec   354 KBytes  2.90 Mbits/sec  2.413 ms  974/1276 (76%)  
[  5] 284.00-285.00 sec   353 KBytes  2.89 Mbits/sec  2.424 ms  987/1288 (77%)  
[  5] 285.00-286.00 sec   354 KBytes  2.90 Mbits/sec  2.514 ms  960/1262 (76%)  
[  5] 286.00-287.00 sec   298 KBytes  2.44 Mbits/sec  2.318 ms  806/1060 (76%)  
[  5] 287.00-288.00 sec   355 KBytes  2.91 Mbits/sec  2.325 ms  957/1260 (76%)  
[  5] 288.00-289.00 sec   354 KBytes  2.90 Mbits/sec  2.424 ms  978/1280 (76%)  
[  5] 289.00-290.00 sec   353 KBytes  2.89 Mbits/sec  2.379 ms  967/1268 (76%)  
[  5] 290.00-291.00 sec   353 KBytes  2.89 Mbits/sec  2.583 ms  969/1270 (76%)  
[  5] 291.00-292.00 sec   334 KBytes  2.74 Mbits/sec  2.708 ms  938/1223 (77%)  
[  5] 292.00-293.00 sec   355 KBytes  2.91 Mbits/sec  2.742 ms  984/1287 (76%)  
[  5] 293.00-294.00 sec   353 KBytes  2.89 Mbits/sec  3.423 ms  999/1300 (77%)  
[  5] 294.00-295.00 sec   359 KBytes  2.94 Mbits/sec  2.633 ms  1033/1339 (77%)  
[  5] 295.00-296.00 sec   353 KBytes  2.89 Mbits/sec  2.654 ms  976/1277 (76%)  
[  5] 296.00-297.00 sec   353 KBytes  2.89 Mbits/sec  2.323 ms  953/1254 (76%)  
[  5] 297.00-298.00 sec   355 KBytes  2.91 Mbits/sec  2.386 ms  937/1240 (76%)  
[  5] 298.00-299.00 sec   354 KBytes  2.90 Mbits/sec  2.413 ms  969/1271 (76%)  
[  5] 299.00-300.00 sec   293 KBytes  2.40 Mbits/sec  2.947 ms  797/1047 (76%)  
[  5] 300.00-301.00 sec   359 KBytes  2.94 Mbits/sec  2.517 ms  962/1268 (76%)  
[  5] 301.00-302.00 sec   353 KBytes  2.89 Mbits/sec  2.334 ms  994/1295 (77%)  
[  5] 302.00-303.00 sec   295 KBytes  2.42 Mbits/sec  2.755 ms  824/1076 (77%)  
[  5] 303.00-304.00 sec   313 KBytes  2.56 Mbits/sec  2.459 ms  861/1128 (76%)  
[  5] 304.00-305.00 sec   299 KBytes  2.45 Mbits/sec  2.469 ms  798/1053 (76%)  
[  5] 305.00-306.00 sec   293 KBytes  2.40 Mbits/sec  2.918 ms  790/1040 (76%)  
[  5] 306.00-307.00 sec   314 KBytes  2.57 Mbits/sec  2.395 ms  905/1173 (77%)  
[  5] 307.00-308.00 sec   354 KBytes  2.90 Mbits/sec  2.474 ms  945/1247 (76%)  
[  5] 308.00-309.00 sec   354 KBytes  2.90 Mbits/sec  2.325 ms  955/1257 (76%)  
[  5] 309.00-310.00 sec   338 KBytes  2.76 Mbits/sec  2.843 ms  936/1224 (76%)  
[  5] 310.00-311.00 sec   314 KBytes  2.57 Mbits/sec  2.508 ms  862/1130 (76%)  
[  5] 311.00-312.00 sec   293 KBytes  2.40 Mbits/sec  2.807 ms  839/1089 (77%)  
[  5] 312.00-313.00 sec   315 KBytes  2.58 Mbits/sec  2.484 ms  890/1159 (77%)  
[  5] 313.00-314.00 sec   299 KBytes  2.45 Mbits/sec  2.560 ms  813/1068 (76%)  
[  5] 314.00-315.00 sec   253 KBytes  2.07 Mbits/sec  2.453 ms  723/939 (77%)  
[  5] 315.00-316.00 sec   293 KBytes  2.40 Mbits/sec  2.717 ms  840/1090 (77%)  
[  5] 316.00-317.00 sec   259 KBytes  2.12 Mbits/sec  2.470 ms  713/934 (76%)  
[  5] 317.00-318.00 sec   254 KBytes  2.08 Mbits/sec  2.656 ms  679/896 (76%)  
[  5] 318.00-319.00 sec   236 KBytes  1.93 Mbits/sec  3.328 ms  630/831 (76%)  
[  5] 319.00-320.01 sec   218 KBytes  1.77 Mbits/sec  2.818 ms  591/777 (76%)  
[  5] 320.01-321.00 sec   139 KBytes  1.15 Mbits/sec  3.474 ms  381/500 (76%)  
[  5] 321.00-322.00 sec   214 KBytes  1.76 Mbits/sec  2.674 ms  594/777 (76%)  
[  5] 322.00-323.00 sec   199 KBytes  1.63 Mbits/sec  2.551 ms  534/704 (76%)  
[  5] 323.00-324.00 sec   193 KBytes  1.58 Mbits/sec  3.201 ms  548/713 (77%)  
[  5] 324.00-325.00 sec   199 KBytes  1.63 Mbits/sec  3.229 ms  526/696 (76%)  
[  5] 325.00-326.00 sec   154 KBytes  1.26 Mbits/sec  2.941 ms  442/573 (77%)  
[  5] 326.00-327.00 sec   161 KBytes  1.32 Mbits/sec  2.716 ms  436/573 (76%)  
[  5] 327.00-328.00 sec   195 KBytes  1.59 Mbits/sec  3.425 ms  510/676 (75%)  
[  5] 328.00-329.00 sec   199 KBytes  1.63 Mbits/sec  3.762 ms  561/731 (77%)  
[  5] 329.00-330.00 sec   214 KBytes  1.76 Mbits/sec  2.604 ms  592/775 (76%)  
[  5] 330.00-331.00 sec   238 KBytes  1.95 Mbits/sec  3.036 ms  640/843 (76%)  
[  5] 331.00-332.00 sec   214 KBytes  1.76 Mbits/sec  2.881 ms  598/781 (77%)  
[  5] 332.00-333.00 sec   199 KBytes  1.63 Mbits/sec  2.649 ms  553/723 (76%)  
[  5] 333.00-334.00 sec   253 KBytes  2.07 Mbits/sec  2.557 ms  692/908 (76%)  
[  5] 334.00-335.00 sec   240 KBytes  1.97 Mbits/sec  3.140 ms  652/857 (76%)  
[  5] 335.00-336.00 sec   254 KBytes  2.08 Mbits/sec  3.176 ms  693/910 (76%)  
[  5] 336.00-337.00 sec   213 KBytes  1.75 Mbits/sec  3.226 ms  611/793 (77%)  
[  5] 337.00-338.00 sec   199 KBytes  1.63 Mbits/sec  2.460 ms  553/723 (76%)  
[  5] 338.00-339.00 sec   254 KBytes  2.08 Mbits/sec  2.713 ms  756/973 (78%)  
[  5] 339.00-340.00 sec   198 KBytes  1.63 Mbits/sec  2.751 ms  566/735 (77%)  
[  5] 340.00-341.00 sec   199 KBytes  1.63 Mbits/sec  2.602 ms  551/721 (76%)  
[  5] 341.00-342.00 sec   254 KBytes  2.08 Mbits/sec  2.678 ms  745/962 (77%)  
[  5] 342.00-343.00 sec   254 KBytes  2.08 Mbits/sec  2.811 ms  833/1050 (79%)  
[  5] 343.00-344.00 sec   239 KBytes  1.96 Mbits/sec  3.318 ms  798/1002 (80%)  
[  5] 344.00-345.00 sec   254 KBytes  2.08 Mbits/sec  3.658 ms  828/1045 (79%)  
[  5] 345.00-346.00 sec   198 KBytes  1.62 Mbits/sec  3.909 ms  728/897 (81%)  
[  5] 346.00-347.00 sec   254 KBytes  2.08 Mbits/sec  3.288 ms  791/1008 (78%)  
[  5] 347.00-348.00 sec   199 KBytes  1.63 Mbits/sec  3.250 ms  570/740 (77%)  
[  5] 348.00-349.00 sec   213 KBytes  1.75 Mbits/sec  2.984 ms  606/788 (77%)  
[  5] 349.00-350.00 sec   141 KBytes  1.15 Mbits/sec  3.734 ms  392/512 (77%)  
[  5] 350.00-351.00 sec   314 KBytes  2.57 Mbits/sec  2.482 ms  863/1131 (76%)  
[  5] 351.00-352.00 sec   253 KBytes  2.07 Mbits/sec  2.436 ms  681/897 (76%)  
[  5] 352.00-353.00 sec   299 KBytes  2.45 Mbits/sec  2.970 ms  900/1155 (78%)  
[  5] 353.00-354.00 sec   293 KBytes  2.40 Mbits/sec  2.896 ms  1000/1250 (80%)  
[  5] 354.00-355.00 sec   314 KBytes  2.57 Mbits/sec  2.641 ms  966/1234 (78%)  
[  5] 355.00-356.00 sec   255 KBytes  2.09 Mbits/sec  3.923 ms  905/1123 (81%)  
[  5] 356.00-357.00 sec   239 KBytes  1.96 Mbits/sec  3.170 ms  909/1113 (82%)  
[  5] 357.00-358.00 sec   313 KBytes  2.57 Mbits/sec  3.128 ms  1077/1344 (80%)  
[  5] 358.00-359.00 sec   293 KBytes  2.40 Mbits/sec  3.213 ms  1125/1375 (82%)  
[  5] 359.00-360.00 sec   299 KBytes  2.45 Mbits/sec  3.253 ms  1353/1608 (84%)  
[  5] 360.00-361.00 sec   314 KBytes  2.57 Mbits/sec  4.511 ms  1560/1828 (85%)  
[  5] 361.00-362.00 sec   255 KBytes  2.09 Mbits/sec  3.843 ms  1489/1707 (87%)  
[  5] 362.00-363.00 sec   238 KBytes  1.95 Mbits/sec  3.973 ms  1181/1384 (85%)  
[  5] 363.00-364.00 sec   214 KBytes  1.76 Mbits/sec  3.334 ms  1297/1480 (88%)  
[  5] 364.00-365.00 sec   293 KBytes  2.40 Mbits/sec  3.552 ms  1571/1821 (86%)  
[  5] 365.00-366.00 sec   259 KBytes  2.12 Mbits/sec  4.494 ms  1797/2018 (89%)  
[  5] 366.00-367.00 sec   293 KBytes  2.40 Mbits/sec  3.257 ms  1753/2003 (88%)  
[  5] 367.00-368.00 sec   315 KBytes  2.58 Mbits/sec  3.355 ms  1758/2027 (87%)  
[  5] 368.00-369.00 sec   294 KBytes  2.41 Mbits/sec  3.131 ms  1338/1589 (84%)  
[  5] 369.00-370.00 sec   258 KBytes  2.11 Mbits/sec  3.558 ms  1249/1469 (85%)  
[  5] 370.00-371.00 sec   294 KBytes  2.41 Mbits/sec  3.597 ms  1468/1719 (85%)  
[  5] 371.00-372.00 sec   299 KBytes  2.45 Mbits/sec  2.972 ms  1252/1507 (83%)  
[  5] 372.00-373.00 sec   314 KBytes  2.57 Mbits/sec  3.111 ms  1318/1586 (83%)  
[  5] 373.00-374.00 sec   234 KBytes  1.92 Mbits/sec  3.587 ms  1213/1413 (86%)  
[  5] 374.00-375.00 sec   313 KBytes  2.55 Mbits/sec  3.060 ms  1431/1698 (84%)  
[  5] 375.00-376.00 sec   299 KBytes  2.46 Mbits/sec  3.718 ms  1475/1730 (85%)  
[  5] 376.00-377.00 sec   253 KBytes  2.07 Mbits/sec  3.678 ms  1257/1473 (85%)  
[  5] 377.00-378.00 sec   294 KBytes  2.41 Mbits/sec  3.274 ms  1190/1441 (83%)  
[  5] 378.00-379.00 sec   319 KBytes  2.61 Mbits/sec  2.774 ms  1292/1564 (83%)  
[  5] 379.00-380.00 sec   294 KBytes  2.41 Mbits/sec  3.847 ms  1266/1517 (83%)  
[  5] 380.00-381.00 sec   314 KBytes  2.57 Mbits/sec  2.957 ms  1549/1817 (85%)  
[  5] 381.00-382.00 sec   293 KBytes  2.40 Mbits/sec  3.447 ms  1297/1547 (84%)  
[  5] 382.00-383.00 sec   359 KBytes  2.94 Mbits/sec  4.106 ms  2098/2404 (87%)  
[  5] 383.00-384.00 sec   293 KBytes  2.40 Mbits/sec  2.831 ms  1381/1631 (85%)  
[  5] 384.00-385.00 sec   295 KBytes  2.42 Mbits/sec  2.979 ms  1025/1277 (80%)  
[  5] 385.00-386.00 sec   314 KBytes  2.57 Mbits/sec  2.715 ms  1128/1396 (81%)  
[  5] 386.00-387.00 sec   298 KBytes  2.44 Mbits/sec  3.117 ms  1036/1290 (80%)  
[  5] 387.00-388.00 sec   294 KBytes  2.41 Mbits/sec  3.144 ms  993/1244 (80%)  
[  5] 388.00-389.00 sec   313 KBytes  2.56 Mbits/sec  3.112 ms  1169/1436 (81%)  
[  5] 389.00-390.00 sec   295 KBytes  2.42 Mbits/sec  3.251 ms  1159/1411 (82%)  
[  5] 390.00-391.00 sec   299 KBytes  2.45 Mbits/sec  2.922 ms  1072/1327 (81%)  
[  5] 391.00-392.00 sec   313 KBytes  2.56 Mbits/sec  2.529 ms  1005/1272 (79%)  
[  5] 392.00-393.00 sec   353 KBytes  2.89 Mbits/sec  2.857 ms  1162/1463 (79%)  
[  5] 393.00-394.00 sec   294 KBytes  2.41 Mbits/sec  2.816 ms  1038/1289 (81%)  
[  5] 394.00-395.00 sec   300 KBytes  2.46 Mbits/sec  2.557 ms  1231/1487 (83%)  
[  5] 395.00-396.00 sec   313 KBytes  2.56 Mbits/sec  3.326 ms  1436/1703 (84%)  
[  5] 396.00-397.00 sec   294 KBytes  2.41 Mbits/sec  3.226 ms  1097/1348 (81%)  
[  5] 397.00-398.00 sec   353 KBytes  2.89 Mbits/sec  3.283 ms  1250/1551 (81%)  
[  5] 398.00-399.00 sec   299 KBytes  2.45 Mbits/sec  2.665 ms  1022/1277 (80%)  
[  5] 399.00-400.00 sec   314 KBytes  2.57 Mbits/sec  2.749 ms  1044/1312 (80%)  
[  5] 400.00-401.00 sec   294 KBytes  2.41 Mbits/sec  2.770 ms  1023/1274 (80%)  
[  5] 401.00-402.00 sec   254 KBytes  2.08 Mbits/sec  2.926 ms  887/1104 (80%)  
[  5] 402.00-403.00 sec   259 KBytes  2.12 Mbits/sec  3.006 ms  888/1109 (80%)  
[  5] 403.00-404.00 sec   253 KBytes  2.07 Mbits/sec  2.803 ms  867/1083 (80%)  
[  5] 404.00-405.00 sec   299 KBytes  2.45 Mbits/sec  2.889 ms  1068/1323 (81%)  
[  5] 405.00-406.00 sec   293 KBytes  2.40 Mbits/sec  2.977 ms  994/1244 (80%)  
[  5] 406.00-407.00 sec   255 KBytes  2.09 Mbits/sec  2.880 ms  857/1075 (80%)  
[  5] 407.00-408.00 sec   313 KBytes  2.56 Mbits/sec  3.173 ms  1168/1435 (81%)  
[  5] 408.00-409.00 sec   299 KBytes  2.45 Mbits/sec  2.859 ms  1039/1294 (80%)  
[  5] 409.00-410.00 sec   253 KBytes  2.07 Mbits/sec  2.751 ms  846/1062 (80%)  
[  5] 410.00-411.00 sec   294 KBytes  2.41 Mbits/sec  3.002 ms  921/1172 (79%)  
[  5] 411.00-412.00 sec   259 KBytes  2.12 Mbits/sec  2.775 ms  860/1081 (80%)  
[  5] 412.00-413.00 sec   294 KBytes  2.41 Mbits/sec  3.057 ms  970/1221 (79%)  
[  5] 413.00-414.00 sec   314 KBytes  2.57 Mbits/sec  2.639 ms  1044/1312 (80%)  
[  5] 414.00-415.00 sec   239 KBytes  1.96 Mbits/sec  2.892 ms  745/949 (79%)  
[  5] 415.00-416.00 sec   313 KBytes  2.56 Mbits/sec  2.842 ms  958/1225 (78%)  
[  5] 416.00-417.00 sec   293 KBytes  2.40 Mbits/sec  3.141 ms  896/1146 (78%)  
[  5] 417.00-418.00 sec   295 KBytes  2.42 Mbits/sec  2.756 ms  957/1209 (79%)  
[  5] 418.00-419.00 sec   259 KBytes  2.12 Mbits/sec  3.277 ms  880/1101 (80%)  
[  5] 419.00-420.00 sec   313 KBytes  2.57 Mbits/sec  2.490 ms  1041/1308 (80%)  
[  5] 420.00-421.00 sec   239 KBytes  1.96 Mbits/sec  3.257 ms  881/1085 (81%)  
[  5] 421.00-422.00 sec   313 KBytes  2.56 Mbits/sec  2.713 ms  1054/1321 (80%)  
[  5] 422.00-423.00 sec   254 KBytes  2.08 Mbits/sec  2.794 ms  814/1031 (79%)  
[  5] 423.00-424.00 sec   295 KBytes  2.42 Mbits/sec  2.955 ms  919/1171 (78%)  
