Connecting to host 172.22.0.50, port 5201
Reverse mode, remote host 172.22.0.50 is sending
[  5] local 192.168.100.2 port 36056 connected to 172.22.0.50 port 5201
[ ID] Interval           Transfer     Bitrate         Jitter    Lost/Total Datagrams
[  5]   0.00-1.00   sec  1.44 MBytes  12.0 Mbits/sec  1.001 ms  0/1254 (0%)  
[  5]   1.00-2.00   sec  1.43 MBytes  12.0 Mbits/sec  1.068 ms  0/1247 (0%)  
[  5]   2.00-3.00   sec  1.44 MBytes  12.0 Mbits/sec  1.116 ms  0/1255 (0%)  
[  5]   3.00-4.00   sec  1.42 MBytes  11.9 Mbits/sec  0.998 ms  0/1241 (0%)  
[  5]   4.00-5.00   sec  1.43 MBytes  12.0 Mbits/sec  1.510 ms  0/1249 (0%)  
[  5]   5.00-6.00   sec  1.43 MBytes  12.0 Mbits/sec  1.288 ms  0/1247 (0%)  
[  5]   6.00-7.00   sec  1.44 MBytes  12.1 Mbits/sec  1.067 ms  0/1260 (0%)  
[  5]   7.00-8.00   sec  1.43 MBytes  12.0 Mbits/sec  0.933 ms  0/1250 (0%)  
[  5]   8.00-9.00   sec  1.43 MBytes  12.0 Mbits/sec  0.912 ms  0/1250 (0%)  
[  5]   9.00-10.00  sec  1.42 MBytes  11.9 Mbits/sec  0.923 ms  0/1244 (0%)  
[  5]  10.00-11.00  sec  1.43 MBytes  12.0 Mbits/sec  0.942 ms  0/1253 (0%)  
[  5]  11.00-12.00  sec  1.43 MBytes  12.0 Mbits/sec  1.273 ms  0/1246 (0%)  
[  5]  12.00-13.00  sec  1.43 MBytes  12.0 Mbits/sec  1.461 ms  0/1253 (0%)  
[  5]  13.00-14.00  sec  1.44 MBytes  12.1 Mbits/sec  0.814 ms  0/1256 (0%)  
[  5]  14.00-15.00  sec  1.41 MBytes  11.9 Mbits/sec  1.008 ms  0/1236 (0%)  
[  5]  15.00-16.00  sec  1.18 MBytes  9.86 Mbits/sec  1.616 ms  0/1027 (0%)  
[  5]  16.00-17.00  sec   589 KBytes  4.83 Mbits/sec  1.258 ms  0/503 (0%)  
[  5]  17.00-18.00  sec   606 KBytes  4.96 Mbits/sec  1.158 ms  0/517 (0%)  
[  5]  18.00-19.00  sec   608 KBytes  4.98 Mbits/sec  1.382 ms  0/519 (0%)  
[  5]  19.00-20.00  sec   595 KBytes  4.87 Mbits/sec  1.727 ms  0/508 (0%)  
[  5]  20.00-21.00  sec   607 KBytes  4.98 Mbits/sec  1.131 ms  0/518 (0%)  
[  5]  21.00-22.00  sec   647 KBytes  5.30 Mbits/sec  1.432 ms  0/552 (0%)  
[  5]  22.00-23.00  sec   667 KBytes  5.46 Mbits/sec  1.252 ms  0/569 (0%)  
[  5]  23.00-24.00  sec   667 KBytes  5.46 Mbits/sec  1.410 ms  0/569 (0%)  
[  5]  24.00-25.00  sec   670 KBytes  5.49 Mbits/sec  1.160 ms  0/573 (0%)  
[  5]  25.00-26.00  sec   666 KBytes  5.45 Mbits/sec  1.255 ms  0/568 (0%)  
[  5]  26.00-27.00  sec   668 KBytes  5.46 Mbits/sec  1.304 ms  0/570 (0%)  
[  5]  27.00-28.00  sec   662 KBytes  5.44 Mbits/sec  1.400 ms  0/565 (0%)  
[  5]  28.00-29.00  sec   640 KBytes  5.24 Mbits/sec  1.273 ms  0/546 (0%)  
[  5]  29.00-30.00  sec   640 KBytes  5.24 Mbits/sec  1.467 ms  0/546 (0%)  
[  5]  30.00-31.00  sec   655 KBytes  5.37 Mbits/sec  1.102 ms  0/559 (0%)  
[  5]  31.00-32.00  sec   677 KBytes  5.55 Mbits/sec  1.086 ms  0/578 (0%)  
[  5]  32.00-33.00  sec   671 KBytes  5.50 Mbits/sec  1.402 ms  0/573 (0%)  
[  5]  33.00-34.00  sec   679 KBytes  5.55 Mbits/sec  1.203 ms  0/579 (0%)  
[  5]  34.00-35.00  sec   666 KBytes  5.45 Mbits/sec  1.295 ms  0/568 (0%)  
[  5]  35.00-36.00  sec   664 KBytes  5.45 Mbits/sec  1.202 ms  0/567 (0%)  
[  5]  36.00-37.00  sec   645 KBytes  5.28 Mbits/sec  1.533 ms  0/551 (0%)  
[  5]  37.00-38.00  sec   639 KBytes  5.23 Mbits/sec  1.658 ms  0/545 (0%)  
[  5]  38.00-39.00  sec   646 KBytes  5.29 Mbits/sec  1.520 ms  0/551 (0%)  
[  5]  39.00-40.00  sec   659 KBytes  5.40 Mbits/sec  1.337 ms  0/562 (0%)  
[  5]  40.00-41.00  sec   669 KBytes  5.48 Mbits/sec  1.319 ms  0/571 (0%)  
[  5]  41.00-42.00  sec   582 KBytes  4.77 Mbits/sec  1.156 ms  208/705 (30%)  
[  5]  42.00-43.00  sec   589 KBytes  4.82 Mbits/sec  1.180 ms  630/1133 (56%)  
[  5]  43.00-44.00  sec   709 KBytes  5.82 Mbits/sec  1.188 ms  768/1373 (56%)  
[  5]  44.00-45.00  sec   618 KBytes  5.06 Mbits/sec  1.223 ms  688/1215 (57%)  
[  5]  45.00-46.00  sec   720 KBytes  5.89 Mbits/sec  1.181 ms  729/1343 (54%)  
[  5]  46.00-47.00  sec   589 KBytes  4.84 Mbits/sec  1.168 ms  592/1095 (54%)  
[  5]  47.00-48.00  sec   619 KBytes  5.07 Mbits/sec  1.170 ms  621/1149 (54%)  
[  5]  48.00-49.00  sec   578 KBytes  4.74 Mbits/sec  1.220 ms  596/1089 (55%)  
[  5]  49.00-50.00  sec   709 KBytes  5.81 Mbits/sec  1.171 ms  718/1323 (54%)  
[  5]  50.00-51.00  sec   607 KBytes  4.97 Mbits/sec  1.521 ms  644/1162 (55%)  
[  5]  51.00-52.00  sec   689 KBytes  5.64 Mbits/sec  1.090 ms  758/1346 (56%)  
[  5]  52.00-53.00  sec   619 KBytes  5.07 Mbits/sec  1.224 ms  684/1212 (56%)  
[  5]  53.00-54.00  sec   709 KBytes  5.80 Mbits/sec  1.160 ms  759/1364 (56%)  
[  5]  54.00-55.00  sec   589 KBytes  4.83 Mbits/sec  1.151 ms  619/1122 (55%)  
[  5]  55.00-56.00  sec   707 KBytes  5.78 Mbits/sec  1.184 ms  739/1342 (55%)  
[  5]  56.00-57.00  sec   589 KBytes  4.83 Mbits/sec  1.067 ms  592/1095 (54%)  
[  5]  57.00-58.00  sec   708 KBytes  5.80 Mbits/sec  1.291 ms  707/1311 (54%)  
[  5]  58.00-59.00  sec   720 KBytes  5.89 Mbits/sec  1.139 ms  735/1349 (54%)  
[  5]  59.00-60.00  sec   619 KBytes  5.06 Mbits/sec  1.109 ms  642/1170 (55%)  
[  5]  60.00-61.00  sec   680 KBytes  5.57 Mbits/sec  1.237 ms  742/1322 (56%)  
[  5]  61.00-62.00  sec   619 KBytes  5.07 Mbits/sec  1.197 ms  713/1241 (57%)  
[  5]  62.00-63.00  sec   698 KBytes  5.72 Mbits/sec  1.285 ms  833/1429 (58%)  
[  5]  63.00-64.00  sec   591 KBytes  4.84 Mbits/sec  1.346 ms  685/1189 (58%)  
[  5]  64.00-65.00  sec   628 KBytes  5.15 Mbits/sec  1.127 ms  679/1215 (56%)  
[  5]  65.00-66.00  sec   679 KBytes  5.56 Mbits/sec  1.221 ms  720/1299 (55%)  
[  5]  66.00-67.00  sec   608 KBytes  4.98 Mbits/sec  1.195 ms  640/1159 (55%)  
[  5]  67.00-68.00  sec   709 KBytes  5.81 Mbits/sec  1.201 ms  760/1365 (56%)  
[  5]  68.00-69.00  sec   629 KBytes  5.15 Mbits/sec  1.083 ms  669/1206 (55%)  
[  5]  69.00-70.00  sec   679 KBytes  5.56 Mbits/sec  1.140 ms  694/1273 (55%)  
[  5]  70.00-71.00  sec   607 KBytes  4.97 Mbits/sec  1.185 ms  646/1164 (55%)  
[  5]  71.00-72.00  sec   709 KBytes  5.81 Mbits/sec  1.233 ms  730/1335 (55%)  
[  5]  72.00-73.00  sec   589 KBytes  4.83 Mbits/sec  1.292 ms  603/1106 (55%)  
[  5]  73.00-74.00  sec   714 KBytes  5.85 Mbits/sec  1.156 ms  742/1351 (55%)  
[  5]  74.00-75.00  sec   588 KBytes  4.82 Mbits/sec  1.221 ms  588/1090 (54%)  
[  5]  75.00-76.00  sec   709 KBytes  5.81 Mbits/sec  1.298 ms  750/1355 (55%)  
[  5]  76.00-77.00  sec   720 KBytes  5.89 Mbits/sec  1.188 ms  751/1365 (55%)  
[  5]  77.00-78.00  sec   589 KBytes  4.83 Mbits/sec  1.196 ms  659/1162 (57%)  
[  5]  78.00-79.00  sec   614 KBytes  5.03 Mbits/sec  1.136 ms  672/1196 (56%)  
[  5]  79.00-80.00  sec   709 KBytes  5.81 Mbits/sec  1.186 ms  766/1371 (56%)  
[  5]  80.00-81.00  sec   705 KBytes  5.78 Mbits/sec  1.198 ms  754/1356 (56%)  
[  5]  81.00-82.00  sec   589 KBytes  4.83 Mbits/sec  1.297 ms  619/1122 (55%)  
[  5]  82.00-83.00  sec   718 KBytes  5.88 Mbits/sec  1.199 ms  728/1341 (54%)  
[  5]  83.00-84.00  sec   572 KBytes  4.68 Mbits/sec  1.144 ms  629/1117 (56%)  
[  5]  84.00-85.00  sec   709 KBytes  5.81 Mbits/sec  1.236 ms  755/1360 (56%)  
[  5]  85.00-86.00  sec   619 KBytes  5.07 Mbits/sec  1.198 ms  686/1214 (57%)  
[  5]  86.00-87.00  sec   718 KBytes  5.89 Mbits/sec  1.251 ms  766/1379 (56%)  
[  5]  87.00-88.00  sec   589 KBytes  4.83 Mbits/sec  1.164 ms  621/1124 (55%)  
[  5]  88.00-89.00  sec   619 KBytes  5.07 Mbits/sec  1.208 ms  638/1166 (55%)  
[  5]  89.00-90.00  sec   709 KBytes  5.81 Mbits/sec  1.263 ms  724/1329 (54%)  
[  5]  90.00-91.00  sec   689 KBytes  5.64 Mbits/sec  1.169 ms  714/1302 (55%)  
[  5]  91.00-92.00  sec   619 KBytes  5.07 Mbits/sec  1.211 ms  640/1168 (55%)  
[  5]  92.00-93.00  sec   709 KBytes  5.81 Mbits/sec  1.173 ms  753/1358 (55%)  
[  5]  93.00-94.00  sec   589 KBytes  4.83 Mbits/sec  1.263 ms  620/1123 (55%)  
[  5]  94.00-95.00  sec   619 KBytes  5.06 Mbits/sec  1.179 ms  644/1172 (55%)  
[  5]  95.00-96.00  sec   689 KBytes  5.65 Mbits/sec  1.117 ms  717/1305 (55%)  
[  5]  96.00-97.00  sec   619 KBytes  5.07 Mbits/sec  1.066 ms  629/1157 (54%)  
[  5]  97.00-98.00  sec   709 KBytes  5.81 Mbits/sec  1.234 ms  752/1357 (55%)  
[  5]  98.00-99.00  sec   619 KBytes  5.07 Mbits/sec  1.198 ms  646/1174 (55%)  
[  5]  99.00-100.00 sec   689 KBytes  5.65 Mbits/sec  1.192 ms  721/1309 (55%)  
[  5] 100.00-101.00 sec   619 KBytes  5.07 Mbits/sec  1.178 ms  663/1191 (56%)  
[  5] 101.00-102.00 sec   709 KBytes  5.81 Mbits/sec  1.234 ms  760/1365 (56%)  
[  5] 102.00-103.00 sec   589 KBytes  4.83 Mbits/sec  1.234 ms  638/1141 (56%)  
[  5] 103.00-104.00 sec   619 KBytes  5.07 Mbits/sec  1.178 ms  629/1157 (54%)  
[  5] 104.00-105.00 sec   709 KBytes  5.81 Mbits/sec  1.150 ms  710/1315 (54%)  
[  5] 105.00-106.00 sec   589 KBytes  4.83 Mbits/sec  1.246 ms  629/1132 (56%)  
[  5] 106.00-107.00 sec   628 KBytes  5.15 Mbits/sec  1.179 ms  680/1216 (56%)  
[  5] 107.00-108.00 sec   680 KBytes  5.57 Mbits/sec  1.256 ms  699/1279 (55%)  
[  5] 108.00-109.00 sec   619 KBytes  5.06 Mbits/sec  1.304 ms  702/1230 (57%)  
[  5] 109.00-110.00 sec   709 KBytes  5.81 Mbits/sec  1.302 ms  802/1407 (57%)  
[  5] 110.00-111.00 sec   589 KBytes  4.83 Mbits/sec  1.209 ms  607/1110 (55%)  
[  5] 111.00-112.00 sec   718 KBytes  5.89 Mbits/sec  1.207 ms  762/1375 (55%)  
[  5] 112.00-113.00 sec   620 KBytes  5.08 Mbits/sec  1.170 ms  628/1157 (54%)  
[  5] 113.00-114.00 sec   696 KBytes  5.70 Mbits/sec  1.162 ms  760/1354 (56%)  
[  5] 114.00-115.00 sec   589 KBytes  4.83 Mbits/sec  1.225 ms  616/1119 (55%)  
[  5] 115.00-116.00 sec   718 KBytes  5.88 Mbits/sec  1.115 ms  751/1364 (55%)  
[  5] 116.00-117.00 sec   589 KBytes  4.83 Mbits/sec  1.256 ms  630/1133 (56%)  
[  5] 117.00-118.00 sec   619 KBytes  5.07 Mbits/sec  1.246 ms  668/1196 (56%)  
[  5] 118.00-119.00 sec   589 KBytes  4.83 Mbits/sec  1.234 ms  654/1157 (57%)  
[  5] 119.00-120.00 sec   619 KBytes  5.07 Mbits/sec  1.275 ms  657/1185 (55%)  
[  5] 120.00-121.00 sec   619 KBytes  5.07 Mbits/sec  1.293 ms  720/1248 (58%)  
[  5] 121.00-122.00 sec   589 KBytes  4.83 Mbits/sec  1.257 ms  631/1134 (56%)  
[  5] 122.00-123.00 sec   619 KBytes  5.07 Mbits/sec  1.188 ms  656/1184 (55%)  
[  5] 123.00-124.00 sec   697 KBytes  5.71 Mbits/sec  2.081 ms  775/1370 (57%)  
[  5] 124.00-125.00 sec   588 KBytes  4.81 Mbits/sec  1.179 ms  613/1115 (55%)  
[  5] 125.00-126.00 sec   619 KBytes  5.08 Mbits/sec  1.165 ms  678/1206 (56%)  
[  5] 126.00-127.00 sec   680 KBytes  5.57 Mbits/sec  1.210 ms  724/1304 (56%)  
[  5] 127.00-128.00 sec   619 KBytes  5.07 Mbits/sec  1.283 ms  673/1201 (56%)  
[  5] 128.00-129.00 sec   714 KBytes  5.84 Mbits/sec  1.269 ms  767/1376 (56%)  
[  5] 129.00-130.00 sec   620 KBytes  5.09 Mbits/sec  1.135 ms  631/1160 (54%)  
[  5] 130.00-131.00 sec   679 KBytes  5.56 Mbits/sec  1.317 ms  707/1286 (55%)  
[  5] 131.00-132.00 sec   619 KBytes  5.07 Mbits/sec  1.086 ms  634/1162 (55%)  
[  5] 132.00-133.00 sec   710 KBytes  5.82 Mbits/sec  1.164 ms  865/1471 (59%)  
[  5] 133.00-134.00 sec   679 KBytes  5.56 Mbits/sec  1.224 ms  843/1422 (59%)  
[  5] 134.00-135.00 sec   620 KBytes  5.08 Mbits/sec  1.258 ms  738/1267 (58%)  
[  5] 135.00-136.00 sec   588 KBytes  4.82 Mbits/sec  1.247 ms  679/1181 (57%)  
[  5] 136.00-137.00 sec   709 KBytes  5.81 Mbits/sec  1.359 ms  852/1457 (58%)  
[  5] 137.00-138.00 sec   619 KBytes  5.06 Mbits/sec  1.151 ms  745/1273 (59%)  
[  5] 138.00-139.00 sec   688 KBytes  5.64 Mbits/sec  1.254 ms  777/1364 (57%)  
[  5] 139.00-140.00 sec   619 KBytes  5.07 Mbits/sec  1.383 ms  702/1230 (57%)  
[  5] 140.00-141.00 sec   709 KBytes  5.81 Mbits/sec  1.224 ms  761/1366 (56%)  
[  5] 141.00-142.00 sec   589 KBytes  4.83 Mbits/sec  1.255 ms  631/1134 (56%)  
[  5] 142.00-143.00 sec   640 KBytes  5.24 Mbits/sec  3.747 ms  675/1221 (55%)  
[  5] 143.00-144.00 sec   697 KBytes  5.71 Mbits/sec  1.135 ms  709/1304 (54%)  
[  5] 144.00-145.00 sec   589 KBytes  4.83 Mbits/sec  1.108 ms  617/1120 (55%)  
[  5] 145.00-146.00 sec   709 KBytes  5.81 Mbits/sec  1.184 ms  726/1331 (55%)  
[  5] 146.00-147.00 sec   718 KBytes  5.88 Mbits/sec  1.155 ms  722/1335 (54%)  
[  5] 147.00-148.00 sec   591 KBytes  4.84 Mbits/sec  1.046 ms  605/1109 (55%)  
[  5] 148.00-149.00 sec   707 KBytes  5.79 Mbits/sec  1.293 ms  711/1314 (54%)  
[  5] 149.00-150.00 sec   619 KBytes  5.07 Mbits/sec  1.187 ms  684/1212 (56%)  
[  5] 150.00-151.00 sec   720 KBytes  5.89 Mbits/sec  1.137 ms  813/1427 (57%)  
[  5] 151.00-152.00 sec   589 KBytes  4.83 Mbits/sec  1.085 ms  620/1123 (55%)  
[  5] 152.00-153.00 sec   709 KBytes  5.81 Mbits/sec  1.129 ms  737/1342 (55%)  
[  5] 153.00-154.00 sec   588 KBytes  4.82 Mbits/sec  1.211 ms  624/1126 (55%)  
[  5] 154.00-155.00 sec   709 KBytes  5.81 Mbits/sec  1.210 ms  752/1357 (55%)  
[  5] 155.00-156.00 sec   620 KBytes  5.08 Mbits/sec  1.143 ms  661/1190 (56%)  
[  5] 156.00-157.00 sec   688 KBytes  5.63 Mbits/sec  1.221 ms  723/1310 (55%)  
[  5] 157.00-158.00 sec   619 KBytes  5.07 Mbits/sec  1.232 ms  697/1225 (57%)  
[  5] 158.00-159.00 sec   709 KBytes  5.81 Mbits/sec  1.216 ms  763/1368 (56%)  
[  5] 159.00-160.00 sec   589 KBytes  4.83 Mbits/sec  1.220 ms  606/1109 (55%)  
[  5] 160.00-161.00 sec   718 KBytes  5.89 Mbits/sec  1.143 ms  730/1343 (54%)  
[  5] 161.00-162.00 sec   589 KBytes  4.83 Mbits/sec  1.193 ms  632/1135 (56%)  
[  5] 162.00-163.00 sec   709 KBytes  5.81 Mbits/sec  1.196 ms  749/1354 (55%)  
[  5] 163.00-164.00 sec   718 KBytes  5.89 Mbits/sec  1.071 ms  730/1343 (54%)  
[  5] 164.00-165.00 sec   605 KBytes  4.96 Mbits/sec  1.523 ms  630/1146 (55%)  
[  5] 165.00-166.00 sec   589 KBytes  4.83 Mbits/sec  1.272 ms  647/1150 (56%)  
[  5] 166.00-167.00 sec   708 KBytes  5.80 Mbits/sec  1.188 ms  727/1331 (55%)  
[  5] 167.00-168.00 sec   619 KBytes  5.07 Mbits/sec  1.296 ms  688/1216 (57%)  
[  5] 168.00-169.00 sec   689 KBytes  5.64 Mbits/sec  1.131 ms  733/1321 (55%)  
[  5] 169.00-170.00 sec   620 KBytes  5.08 Mbits/sec  1.290 ms  642/1171 (55%)  
[  5] 170.00-171.00 sec   708 KBytes  5.80 Mbits/sec  1.184 ms  716/1320 (54%)  
[  5] 171.00-172.00 sec   589 KBytes  4.83 Mbits/sec  1.206 ms  625/1128 (55%)  
[  5] 172.00-173.00 sec   499 KBytes  4.09 Mbits/sec  1.226 ms  512/938 (55%)  
[  5] 173.00-174.00 sec   619 KBytes  5.07 Mbits/sec  1.314 ms  652/1180 (55%)  
[  5] 174.00-175.00 sec   499 KBytes  4.09 Mbits/sec  1.101 ms  520/946 (55%)  
[  5] 175.00-176.00 sec   520 KBytes  4.27 Mbits/sec  1.202 ms  543/987 (55%)  
[  5] 176.00-177.00 sec   498 KBytes  4.08 Mbits/sec  1.296 ms  529/954 (55%)  
[  5] 177.00-178.00 sec   620 KBytes  5.08 Mbits/sec  1.208 ms  633/1162 (54%)  
[  5] 178.00-179.00 sec   588 KBytes  4.82 Mbits/sec  1.245 ms  607/1109 (55%)  
[  5] 179.00-180.00 sec   396 KBytes  3.25 Mbits/sec  1.149 ms  413/751 (55%)  
[  5] 180.00-181.00 sec   520 KBytes  4.26 Mbits/sec  1.214 ms  547/991 (55%)  
[  5] 181.00-182.00 sec   379 KBytes  3.09 Mbits/sec  1.191 ms  407/730 (56%)  
[  5] 182.00-183.00 sec   520 KBytes  4.27 Mbits/sec  1.268 ms  564/1008 (56%)  
[  5] 183.00-184.00 sec   598 KBytes  4.89 Mbits/sec  1.186 ms  655/1165 (56%)  
[  5] 184.00-185.00 sec   509 KBytes  4.17 Mbits/sec  1.544 ms  558/992 (56%)  
[  5] 185.00-186.00 sec   588 KBytes  4.82 Mbits/sec  1.204 ms  638/1140 (56%)  
[  5] 186.00-187.00 sec   620 KBytes  5.07 Mbits/sec  1.164 ms  657/1186 (55%)  
[  5] 187.00-188.00 sec   588 KBytes  4.82 Mbits/sec  1.312 ms  630/1132 (56%)  
[  5] 188.00-189.00 sec   619 KBytes  5.07 Mbits/sec  1.195 ms  661/1189 (56%)  
[  5] 189.00-190.00 sec   589 KBytes  4.83 Mbits/sec  1.173 ms  668/1171 (57%)  
[  5] 190.00-191.00 sec   629 KBytes  5.16 Mbits/sec  1.278 ms  904/1441 (63%)  
[  5] 191.00-192.00 sec   705 KBytes  5.77 Mbits/sec  1.700 ms  1129/1731 (65%)  
[  5] 192.00-193.00 sec   589 KBytes  4.83 Mbits/sec  1.421 ms  974/1477 (66%)  
[  5] 193.00-194.00 sec   708 KBytes  5.80 Mbits/sec  1.269 ms  925/1529 (60%)  
[  5] 194.00-195.00 sec   629 KBytes  5.15 Mbits/sec  1.218 ms  765/1302 (59%)  
[  5] 195.00-196.00 sec   589 KBytes  4.83 Mbits/sec  1.432 ms  865/1368 (63%)  
[  5] 196.00-197.00 sec   588 KBytes  4.82 Mbits/sec  1.480 ms  1181/1683 (70%)  
[  5] 197.00-198.00 sec   620 KBytes  5.08 Mbits/sec  1.316 ms  1127/1656 (68%)  
[  5] 198.00-199.00 sec   518 KBytes  4.24 Mbits/sec  1.417 ms  959/1401 (68%)  
[  5] 199.00-200.00 sec   500 KBytes  4.10 Mbits/sec  1.224 ms  677/1104 (61%)  
[  5] 200.00-201.00 sec   589 KBytes  4.83 Mbits/sec  1.470 ms  801/1304 (61%)  
[  5] 201.00-202.00 sec   498 KBytes  4.08 Mbits/sec  1.272 ms  660/1085 (61%)  
[  5] 202.00-203.00 sec   430 KBytes  3.52 Mbits/sec  1.147 ms  524/891 (59%)  
[  5] 203.00-204.00 sec   499 KBytes  4.09 Mbits/sec  1.267 ms  636/1062 (60%)  
[  5] 204.00-205.00 sec   400 KBytes  3.27 Mbits/sec  1.266 ms  480/821 (58%)  
[  5] 205.00-206.00 sec   409 KBytes  3.35 Mbits/sec  1.248 ms  463/812 (57%)  
[  5] 206.00-207.00 sec   489 KBytes  4.00 Mbits/sec  1.335 ms  571/988 (58%)  
[  5] 207.00-208.00 sec   530 KBytes  4.34 Mbits/sec  1.217 ms  575/1027 (56%)  
[  5] 208.00-209.00 sec   566 KBytes  4.64 Mbits/sec  1.290 ms  665/1148 (58%)  
[  5] 209.00-210.00 sec   620 KBytes  5.08 Mbits/sec  1.208 ms  662/1191 (56%)  
[  5] 210.00-211.00 sec   588 KBytes  4.82 Mbits/sec  1.126 ms  638/1140 (56%)  
[  5] 211.00-212.00 sec   620 KBytes  5.08 Mbits/sec  1.170 ms  670/1199 (56%)  
[  5] 212.00-213.00 sec   588 KBytes  4.82 Mbits/sec  1.258 ms  632/1134 (56%)  
[  5] 213.00-214.00 sec   620 KBytes  5.08 Mbits/sec  1.463 ms  692/1221 (57%)  
[  5] 214.00-215.00 sec   696 KBytes  5.71 Mbits/sec  2.056 ms  867/1461 (59%)  
[  5] 215.00-216.00 sec   588 KBytes  4.82 Mbits/sec  1.606 ms  924/1426 (65%)  
[  5] 216.00-217.00 sec   620 KBytes  5.08 Mbits/sec  1.442 ms  937/1466 (64%)  
[  5] 217.00-218.00 sec   589 KBytes  4.83 Mbits/sec  1.326 ms  742/1245 (60%)  
[  5] 218.00-219.00 sec   708 KBytes  5.79 Mbits/sec  1.559 ms  1131/1735 (65%)  
[  5] 219.00-220.00 sec   620 KBytes  5.08 Mbits/sec  1.417 ms  1240/1769 (70%)  
[  5] 220.00-221.00 sec   689 KBytes  5.65 Mbits/sec  1.520 ms  1401/1989 (70%)  
[  5] 221.00-222.00 sec   607 KBytes  4.97 Mbits/sec  1.875 ms  1291/1809 (71%)  
[  5] 222.00-223.00 sec   709 KBytes  5.81 Mbits/sec  1.378 ms  1164/1769 (66%)  
[  5] 223.00-224.00 sec   589 KBytes  4.83 Mbits/sec  1.300 ms  806/1309 (62%)  
[  5] 224.00-225.00 sec   619 KBytes  5.07 Mbits/sec  1.295 ms  711/1239 (57%)  
[  5] 225.00-226.00 sec   718 KBytes  5.88 Mbits/sec  1.269 ms  905/1518 (60%)  
[  5] 226.00-227.00 sec   589 KBytes  4.83 Mbits/sec  1.314 ms  674/1177 (57%)  
[  5] 227.00-228.00 sec   607 KBytes  4.97 Mbits/sec  1.322 ms  771/1289 (60%)  
[  5] 228.00-229.00 sec   709 KBytes  5.80 Mbits/sec  1.265 ms  798/1403 (57%)  
[  5] 229.00-230.00 sec   589 KBytes  4.83 Mbits/sec  1.178 ms  609/1112 (55%)  
[  5] 230.00-231.00 sec   619 KBytes  5.07 Mbits/sec  1.222 ms  675/1203 (56%)  
[  5] 231.00-232.00 sec   688 KBytes  5.64 Mbits/sec  1.288 ms  780/1367 (57%)  
[  5] 232.00-233.00 sec   620 KBytes  5.08 Mbits/sec  1.189 ms  671/1200 (56%)  
[  5] 233.00-234.00 sec   588 KBytes  4.82 Mbits/sec  1.355 ms  650/1152 (56%)  
[  5] 234.00-235.00 sec   620 KBytes  5.08 Mbits/sec  1.188 ms  638/1167 (55%)  
[  5] 235.00-236.00 sec   709 KBytes  5.81 Mbits/sec  1.232 ms  758/1363 (56%)  
[  5] 236.00-237.00 sec   601 KBytes  4.92 Mbits/sec  1.364 ms  669/1182 (57%)  
[  5] 237.00-238.00 sec   589 KBytes  4.83 Mbits/sec  1.242 ms  672/1175 (57%)  
[  5] 238.00-239.00 sec   718 KBytes  5.88 Mbits/sec  1.152 ms  761/1374 (55%)  
[  5] 239.00-240.00 sec   589 KBytes  4.83 Mbits/sec  1.343 ms  660/1163 (57%)  
[  5] 240.00-241.00 sec   708 KBytes  5.79 Mbits/sec  1.231 ms  783/1387 (56%)  
[  5] 241.00-242.00 sec   620 KBytes  5.09 Mbits/sec  1.196 ms  684/1213 (56%)  
[  5] 242.00-243.00 sec   589 KBytes  4.83 Mbits/sec  1.239 ms  650/1153 (56%)  
[  5] 243.00-244.00 sec   718 KBytes  5.89 Mbits/sec  1.119 ms  759/1372 (55%)  
[  5] 244.00-245.00 sec   589 KBytes  4.83 Mbits/sec  1.277 ms  645/1148 (56%)  
[  5] 245.00-246.00 sec   619 KBytes  5.06 Mbits/sec  1.243 ms  676/1204 (56%)  
[  5] 246.00-247.00 sec   709 KBytes  5.81 Mbits/sec  1.250 ms  778/1383 (56%)  
[  5] 247.00-248.00 sec   619 KBytes  5.07 Mbits/sec  1.205 ms  706/1234 (57%)  
[  5] 248.00-249.00 sec   682 KBytes  5.59 Mbits/sec  1.158 ms  780/1362 (57%)  
[  5] 249.00-250.00 sec   619 KBytes  5.07 Mbits/sec  1.194 ms  712/1240 (57%)  
[  5] 250.00-251.00 sec   589 KBytes  4.82 Mbits/sec  1.224 ms  661/1164 (57%)  
[  5] 251.00-252.00 sec   709 KBytes  5.82 Mbits/sec  1.194 ms  775/1380 (56%)  
[  5] 252.00-253.00 sec   619 KBytes  5.07 Mbits/sec  1.189 ms  669/1197 (56%)  
[  5] 253.00-254.00 sec   689 KBytes  5.64 Mbits/sec  1.184 ms  732/1320 (55%)  
[  5] 254.00-255.00 sec   619 KBytes  5.07 Mbits/sec  1.087 ms  651/1179 (55%)  
[  5] 255.00-256.00 sec   589 KBytes  4.83 Mbits/sec  1.188 ms  624/1127 (55%)  
[  5] 256.00-257.00 sec   619 KBytes  5.07 Mbits/sec  1.245 ms  681/1209 (56%)  
[  5] 257.00-258.00 sec   589 KBytes  4.83 Mbits/sec  1.221 ms  693/1196 (58%)  
[  5] 258.00-259.00 sec   619 KBytes  5.07 Mbits/sec  1.199 ms  718/1246 (58%)  
[  5] 259.00-260.00 sec   707 KBytes  5.79 Mbits/sec  1.236 ms  754/1357 (56%)  
[  5] 260.00-261.00 sec   589 KBytes  4.83 Mbits/sec  1.316 ms  628/1131 (56%)  
[  5] 261.00-262.00 sec   618 KBytes  5.06 Mbits/sec  1.185 ms  652/1179 (55%)  
[  5] 262.00-263.00 sec   720 KBytes  5.90 Mbits/sec  1.254 ms  785/1399 (56%)  
[  5] 263.00-264.00 sec   589 KBytes  4.83 Mbits/sec  1.413 ms  644/1147 (56%)  
[  5] 264.00-265.00 sec   709 KBytes  5.81 Mbits/sec  1.219 ms  803/1408 (57%)  
[  5] 265.00-266.00 sec   607 KBytes  4.97 Mbits/sec  1.195 ms  696/1214 (57%)  
[  5] 266.00-267.00 sec   589 KBytes  4.83 Mbits/sec  1.198 ms  614/1117 (55%)  
[  5] 267.00-268.00 sec   619 KBytes  5.07 Mbits/sec  1.165 ms  657/1185 (55%)  
[  5] 268.00-269.00 sec   589 KBytes  4.83 Mbits/sec  1.210 ms  637/1140 (56%)  
[  5] 269.00-270.00 sec   715 KBytes  5.85 Mbits/sec  1.226 ms  773/1383 (56%)  
[  5] 270.00-271.00 sec   620 KBytes  5.08 Mbits/sec  1.177 ms  771/1300 (59%)  
[  5] 271.00-272.00 sec   677 KBytes  5.55 Mbits/sec  1.255 ms  824/1402 (59%)  
[  5] 272.00-273.00 sec   620 KBytes  5.08 Mbits/sec  1.311 ms  703/1232 (57%)  
[  5] 273.00-274.00 sec   718 KBytes  5.89 Mbits/sec  1.158 ms  805/1418 (57%)  
[  5] 274.00-275.00 sec   589 KBytes  4.83 Mbits/sec  1.186 ms  624/1127 (55%)  
[  5] 275.00-276.00 sec   619 KBytes  5.07 Mbits/sec  1.162 ms  679/1207 (56%)  
[  5] 276.00-277.00 sec   589 KBytes  4.83 Mbits/sec  1.191 ms  641/1144 (56%)  
[  5] 277.00-278.00 sec   709 KBytes  5.80 Mbits/sec  1.166 ms  747/1352 (55%)  
[  5] 278.00-279.00 sec   607 KBytes  4.98 Mbits/sec  1.319 ms  686/1204 (57%)  
[  5] 279.00-280.00 sec   689 KBytes  5.65 Mbits/sec  1.140 ms  758/1346 (56%)  
[  5] 280.00-281.00 sec   619 KBytes  5.07 Mbits/sec  1.231 ms  693/1221 (57%)  
[  5] 281.00-282.00 sec   688 KBytes  5.64 Mbits/sec  1.316 ms  855/1442 (59%)  
[  5] 282.00-283.00 sec   578 KBytes  4.73 Mbits/sec  1.182 ms  688/1181 (58%)  
[  5] 283.00-284.00 sec   607 KBytes  4.97 Mbits/sec  1.225 ms  706/1224 (58%)  
[  5] 284.00-285.00 sec   718 KBytes  5.89 Mbits/sec  1.270 ms  769/1382 (56%)  
[  5] 285.00-286.00 sec   589 KBytes  4.83 Mbits/sec  1.227 ms  635/1138 (56%)  
[  5] 286.00-287.00 sec   619 KBytes  5.07 Mbits/sec  1.228 ms  658/1186 (55%)  
[  5] 287.00-288.00 sec   709 KBytes  5.82 Mbits/sec  1.171 ms  758/1363 (56%)  
[  5] 288.00-289.00 sec   589 KBytes  4.83 Mbits/sec  1.196 ms  642/1145 (56%)  
[  5] 289.00-290.00 sec   720 KBytes  5.90 Mbits/sec  1.214 ms  774/1388 (56%)  
[  5] 290.00-291.00 sec   588 KBytes  4.81 Mbits/sec  1.298 ms  678/1180 (57%)  
[  5] 291.00-292.00 sec   619 KBytes  5.07 Mbits/sec  1.274 ms  689/1217 (57%)  
[  5] 292.00-293.00 sec   709 KBytes  5.81 Mbits/sec  1.311 ms  750/1355 (55%)  
[  5] 293.00-294.00 sec   589 KBytes  4.83 Mbits/sec  1.210 ms  667/1170 (57%)  
[  5] 294.00-295.00 sec   718 KBytes  5.88 Mbits/sec  1.235 ms  760/1373 (55%)  
[  5] 295.00-296.00 sec   620 KBytes  5.07 Mbits/sec  1.135 ms  660/1189 (56%)  
[  5] 296.00-297.00 sec   677 KBytes  5.55 Mbits/sec  1.300 ms  729/1307 (56%)  
[  5] 297.00-298.00 sec   620 KBytes  5.08 Mbits/sec  1.259 ms  673/1202 (56%)  
[  5] 298.00-299.00 sec   619 KBytes  5.07 Mbits/sec  1.258 ms  654/1182 (55%)  
[  5] 299.00-300.00 sec   589 KBytes  4.83 Mbits/sec  1.267 ms  642/1145 (56%)  
[  5] 300.00-301.00 sec   715 KBytes  5.85 Mbits/sec  1.300 ms  799/1409 (57%)  
[  5] 301.00-302.00 sec   589 KBytes  4.83 Mbits/sec  1.236 ms  653/1156 (56%)  
[  5] 302.00-303.00 sec   709 KBytes  5.81 Mbits/sec  1.198 ms  761/1366 (56%)  
[  5] 303.00-304.00 sec   619 KBytes  5.07 Mbits/sec  1.274 ms  681/1209 (56%)  
[  5] 304.00-305.00 sec   589 KBytes  4.83 Mbits/sec  1.301 ms  646/1149 (56%)  
[  5] 305.00-306.00 sec   720 KBytes  5.90 Mbits/sec  1.270 ms  779/1393 (56%)  
[  5] 306.00-307.00 sec   588 KBytes  4.81 Mbits/sec  1.279 ms  634/1136 (56%)  
[  5] 307.00-308.00 sec   619 KBytes  5.08 Mbits/sec  1.269 ms  645/1173 (55%)  
[  5] 308.00-309.00 sec   589 KBytes  4.83 Mbits/sec  1.258 ms  631/1134 (56%)  
[  5] 309.00-310.00 sec   709 KBytes  5.81 Mbits/sec  1.252 ms  747/1352 (55%)  
[  5] 310.00-311.00 sec   619 KBytes  5.07 Mbits/sec  1.259 ms  642/1170 (55%)  
[  5] 311.00-312.00 sec   720 KBytes  5.89 Mbits/sec  1.290 ms  814/1428 (57%)  
[  5] 312.00-313.00 sec   588 KBytes  4.82 Mbits/sec  1.278 ms  649/1151 (56%)  
[  5] 313.00-314.00 sec   709 KBytes  5.81 Mbits/sec  1.316 ms  809/1414 (57%)  
[  5] 314.00-315.00 sec   620 KBytes  5.08 Mbits/sec  1.177 ms  696/1225 (57%)  
[  5] 315.00-316.00 sec   588 KBytes  4.82 Mbits/sec  1.326 ms  634/1136 (56%)  
[  5] 316.00-317.00 sec   629 KBytes  5.15 Mbits/sec  1.180 ms  668/1205 (55%)  
[  5] 317.00-318.00 sec   489 KBytes  4.00 Mbits/sec  1.270 ms  543/960 (57%)  
[  5] 318.00-319.00 sec   619 KBytes  5.07 Mbits/sec  1.247 ms  661/1189 (56%)  
[  5] 319.00-320.00 sec   499 KBytes  4.09 Mbits/sec  1.239 ms  554/980 (57%)  
[  5] 320.00-321.00 sec   499 KBytes  4.09 Mbits/sec  1.279 ms  553/979 (56%)  
[  5] 321.00-322.00 sec   400 KBytes  3.27 Mbits/sec  1.263 ms  434/775 (56%)  
[  5] 322.00-323.00 sec   499 KBytes  4.09 Mbits/sec  1.300 ms  545/971 (56%)  
[  5] 323.00-324.00 sec   530 KBytes  4.34 Mbits/sec  1.120 ms  638/1090 (59%)  
[  5] 324.00-325.00 sec   489 KBytes  4.00 Mbits/sec  1.316 ms  547/964 (57%)  
[  5] 325.00-326.00 sec   301 KBytes  2.47 Mbits/sec  1.458 ms  328/585 (56%)  
[  5] 326.00-327.00 sec   499 KBytes  4.09 Mbits/sec  1.266 ms  527/953 (55%)  
[  5] 327.00-328.00 sec   589 KBytes  4.83 Mbits/sec  1.334 ms  625/1128 (55%)  
[  5] 328.00-329.00 sec   529 KBytes  4.33 Mbits/sec  1.091 ms  557/1008 (55%)  
[  5] 329.00-330.00 sec   589 KBytes  4.83 Mbits/sec  1.146 ms  642/1145 (56%)  
[  5] 330.00-331.00 sec   529 KBytes  4.33 Mbits/sec  1.149 ms  562/1013 (55%)  
[  5] 331.00-332.00 sec   580 KBytes  4.75 Mbits/sec  1.250 ms  593/1088 (55%)  
[  5] 332.00-333.00 sec   499 KBytes  4.09 Mbits/sec  1.222 ms  555/981 (57%)  
[  5] 333.00-334.00 sec   530 KBytes  4.34 Mbits/sec  1.204 ms  601/1053 (57%)  
[  5] 334.00-335.00 sec   588 KBytes  4.82 Mbits/sec  1.368 ms  730/1232 (59%)  
[  5] 335.00-336.00 sec   620 KBytes  5.07 Mbits/sec  1.275 ms  849/1378 (62%)  
[  5] 336.00-337.00 sec   498 KBytes  4.08 Mbits/sec  1.229 ms  677/1102 (61%)  
[  5] 337.00-338.00 sec   499 KBytes  4.09 Mbits/sec  5.612 ms  755/1181 (64%)  
[  5] 338.00-339.00 sec   611 KBytes  5.00 Mbits/sec  1.307 ms  1055/1576 (67%)  
[  5] 339.00-340.00 sec   489 KBytes  4.00 Mbits/sec  1.448 ms  866/1283 (67%)  
[  5] 340.00-341.00 sec   619 KBytes  5.07 Mbits/sec  1.285 ms  1124/1652 (68%)  
[  5] 341.00-342.00 sec   499 KBytes  4.09 Mbits/sec  1.419 ms  719/1145 (63%)  
[  5] 342.00-343.00 sec   499 KBytes  4.09 Mbits/sec  1.726 ms  851/1277 (67%)  
[  5] 343.00-344.00 sec   519 KBytes  4.25 Mbits/sec  1.307 ms  1449/1892 (77%)  
[  5] 344.00-345.00 sec   499 KBytes  4.09 Mbits/sec  1.558 ms  634/1060 (60%)  
[  5] 345.00-346.00 sec   499 KBytes  4.09 Mbits/sec  1.338 ms  672/1098 (61%)  
[  5] 346.00-347.00 sec   604 KBytes  4.94 Mbits/sec  1.494 ms  880/1395 (63%)  
[  5] 347.00-348.00 sec   486 KBytes  3.99 Mbits/sec  1.351 ms  735/1150 (64%)  
[  5] 348.00-349.00 sec   477 KBytes  3.91 Mbits/sec  1.462 ms  705/1112 (63%)  
[  5] 349.00-350.00 sec   529 KBytes  4.33 Mbits/sec  1.404 ms  782/1233 (63%)  
[  5] 350.00-351.00 sec   589 KBytes  4.83 Mbits/sec  1.567 ms  827/1330 (62%)  
[  5] 351.00-352.00 sec   485 KBytes  3.97 Mbits/sec  1.257 ms  737/1151 (64%)  
[  5] 352.00-353.00 sec   609 KBytes  4.99 Mbits/sec  1.443 ms  872/1392 (63%)  
[  5] 353.00-354.00 sec   500 KBytes  4.10 Mbits/sec  1.187 ms  671/1098 (61%)  
[  5] 354.00-355.00 sec   518 KBytes  4.24 Mbits/sec  1.311 ms  743/1185 (63%)  
[  5] 355.00-356.00 sec   499 KBytes  4.09 Mbits/sec  1.306 ms  689/1115 (62%)  
[  5] 356.00-357.00 sec   400 KBytes  3.27 Mbits/sec  1.573 ms  598/939 (64%)  
[  5] 357.00-358.00 sec   410 KBytes  3.36 Mbits/sec  1.336 ms  571/921 (62%)  
[  5] 358.00-359.00 sec   308 KBytes  2.52 Mbits/sec  1.359 ms  430/693 (62%)  
[  5] 359.00-360.00 sec   280 KBytes  2.30 Mbits/sec  1.336 ms  423/662 (64%)  
[  5] 360.00-361.00 sec   530 KBytes  4.34 Mbits/sec  1.314 ms  777/1229 (63%)  
[  5] 361.00-362.00 sec   490 KBytes  4.01 Mbits/sec  1.385 ms  732/1150 (64%)  
[  5] 362.00-363.00 sec   498 KBytes  4.08 Mbits/sec  1.556 ms  794/1219 (65%)  
[  5] 363.00-364.00 sec   530 KBytes  4.34 Mbits/sec  1.512 ms  874/1326 (66%)  
[  5] 364.00-365.00 sec   490 KBytes  4.01 Mbits/sec  1.337 ms  760/1178 (65%)  
[  5] 365.00-366.00 sec   498 KBytes  4.08 Mbits/sec  1.376 ms  707/1132 (62%)  
[  5] 366.00-367.00 sec   620 KBytes  5.08 Mbits/sec  1.438 ms  879/1408 (62%)  
[  5] 367.00-368.00 sec   499 KBytes  4.09 Mbits/sec  1.485 ms  826/1252 (66%)  
[  5] 368.00-369.00 sec   498 KBytes  4.08 Mbits/sec  1.303 ms  829/1254 (66%)  
[  5] 369.00-370.00 sec   620 KBytes  5.08 Mbits/sec  1.199 ms  908/1437 (63%)  
[  5] 370.00-371.00 sec   588 KBytes  4.82 Mbits/sec  1.189 ms  782/1284 (61%)  
[  5] 371.00-372.00 sec   620 KBytes  5.08 Mbits/sec  1.271 ms  758/1287 (59%)  
[  5] 372.00-373.00 sec   619 KBytes  5.07 Mbits/sec  1.215 ms  864/1392 (62%)  
[  5] 373.00-374.00 sec   588 KBytes  4.82 Mbits/sec  1.427 ms  1014/1516 (67%)  
[  5] 374.00-375.00 sec   499 KBytes  4.09 Mbits/sec  1.385 ms  809/1235 (66%)  
[  5] 375.00-376.00 sec   620 KBytes  5.07 Mbits/sec  1.481 ms  1244/1773 (70%)  
[  5] 376.00-377.00 sec   507 KBytes  4.16 Mbits/sec  2.278 ms  1689/2122 (80%)  
[  5] 377.00-378.00 sec   588 KBytes  4.82 Mbits/sec  1.470 ms  1493/1995 (75%)  
[  5] 378.00-379.00 sec   620 KBytes  5.08 Mbits/sec  1.396 ms  1046/1575 (66%)  
[  5] 379.00-380.00 sec   566 KBytes  4.64 Mbits/sec  1.439 ms  923/1406 (66%)  
[  5] 380.00-381.00 sec   519 KBytes  4.25 Mbits/sec  1.370 ms  769/1212 (63%)  
[  5] 381.00-382.00 sec   578 KBytes  4.73 Mbits/sec  1.337 ms  958/1451 (66%)  
[  5] 382.00-383.00 sec   498 KBytes  4.08 Mbits/sec  1.586 ms  782/1207 (65%)  
[  5] 383.00-384.00 sec   309 KBytes  2.54 Mbits/sec  1.446 ms  443/707 (63%)  
[  5] 384.00-385.00 sec   400 KBytes  3.27 Mbits/sec  1.457 ms  593/934 (63%)  
[  5] 385.00-386.00 sec   381 KBytes  3.12 Mbits/sec  3.693 ms  684/1009 (68%)  
[  5] 386.00-387.00 sec   428 KBytes  3.50 Mbits/sec  1.384 ms  519/884 (59%)  
[  5] 387.00-388.00 sec   620 KBytes  5.08 Mbits/sec  1.379 ms  823/1352 (61%)  
[  5] 388.00-389.00 sec   589 KBytes  4.83 Mbits/sec  1.411 ms  712/1215 (59%)  
[  5] 389.00-390.00 sec   400 KBytes  3.27 Mbits/sec  1.323 ms  492/833 (59%)  
[  5] 390.00-391.00 sec   628 KBytes  5.15 Mbits/sec  1.300 ms  818/1354 (60%)  
[  5] 391.00-392.00 sec   490 KBytes  4.01 Mbits/sec  1.384 ms  615/1033 (60%)  
[  5] 392.00-393.00 sec   308 KBytes  2.52 Mbits/sec  1.368 ms  378/641 (59%)  
[  5] 393.00-394.00 sec   410 KBytes  3.36 Mbits/sec  1.259 ms  531/881 (60%)  
[  5] 394.00-395.00 sec   589 KBytes  4.83 Mbits/sec  1.138 ms  727/1230 (59%)  
[  5] 395.00-396.00 sec   429 KBytes  3.51 Mbits/sec  1.396 ms  687/1053 (65%)  
[  5] 396.00-397.00 sec   499 KBytes  4.09 Mbits/sec  1.320 ms  674/1100 (61%)  
[  5] 397.00-398.00 sec   490 KBytes  4.01 Mbits/sec  1.354 ms  597/1015 (59%)  
[  5] 398.00-399.00 sec   629 KBytes  5.16 Mbits/sec  1.098 ms  766/1303 (59%)  
[  5] 399.00-400.00 sec   489 KBytes  4.00 Mbits/sec  1.269 ms  668/1085 (62%)  
[  5] 400.00-401.00 sec   499 KBytes  4.09 Mbits/sec  1.203 ms  670/1096 (61%)  
[  5] 401.00-402.00 sec   530 KBytes  4.34 Mbits/sec  1.394 ms  770/1222 (63%)  
[  5] 402.00-403.00 sec   489 KBytes  4.00 Mbits/sec  1.574 ms  795/1212 (66%)  
[  5] 403.00-404.00 sec   409 KBytes  3.35 Mbits/sec  1.863 ms  1054/1403 (75%)  
[  5] 404.00-405.00 sec   490 KBytes  4.01 Mbits/sec  1.763 ms  1146/1564 (73%)  
[  5] 405.00-406.00 sec   442 KBytes  3.62 Mbits/sec  6.129 ms  1182/1559 (76%)  
[  5] 406.00-407.00 sec   367 KBytes  3.01 Mbits/sec  1.343 ms  487/800 (61%)  
[  5] 407.00-408.00 sec   507 KBytes  4.15 Mbits/sec  1.281 ms  715/1148 (62%)  
[  5] 408.00-409.00 sec   398 KBytes  3.27 Mbits/sec  1.407 ms  530/870 (61%)  
[  5] 409.00-410.00 sec   309 KBytes  2.53 Mbits/sec  1.746 ms  511/775 (66%)  
[  5] 410.00-411.00 sec   380 KBytes  3.11 Mbits/sec  1.214 ms  614/938 (65%)  
[  5] 411.00-412.00 sec   430 KBytes  3.52 Mbits/sec  1.350 ms  617/984 (63%)  
[  5] 412.00-413.00 sec   279 KBytes  2.28 Mbits/sec  1.297 ms  407/645 (63%)  
[  5] 413.00-414.00 sec   439 KBytes  3.60 Mbits/sec  1.606 ms  943/1318 (72%)  
[  5] 414.00-415.00 sec   489 KBytes  4.00 Mbits/sec  1.321 ms  1170/1587 (74%)  
[  5] 415.00-416.00 sec   410 KBytes  3.36 Mbits/sec  1.241 ms  605/955 (63%)  
[  5] 416.00-417.00 sec   489 KBytes  4.00 Mbits/sec  1.682 ms  906/1323 (68%)  
[  5] 417.00-418.00 sec   409 KBytes  3.35 Mbits/sec  1.513 ms  675/1024 (66%)  
[  5] 418.00-419.00 sec   388 KBytes  3.18 Mbits/sec  1.410 ms  671/1002 (67%)  
[  5] 419.00-420.00 sec   400 KBytes  3.27 Mbits/sec  1.488 ms  600/941 (64%)  
[  5] 420.00-421.00 sec   499 KBytes  4.09 Mbits/sec  1.418 ms  751/1177 (64%)  
[  5] 421.00-422.00 sec   389 KBytes  3.19 Mbits/sec  1.310 ms  659/991 (66%)  
