Connecting to host 172.22.0.50, port 5202
Reverse mode, remote host 172.22.0.50 is sending
[  5] local 192.168.102.2 port 39432 connected to 172.22.0.50 port 5202
[ ID] Interval           Transfer     Bitrate         Jitter    Lost/Total Datagrams
[  5]   0.00-1.00   sec   440 KBytes  3.60 Mbits/sec  0.365 ms  0/4501 (0%)  
[  5]   1.00-2.00   sec   440 KBytes  3.61 Mbits/sec  0.315 ms  0/4508 (0%)  
[  5]   2.00-3.00   sec   438 KBytes  3.59 Mbits/sec  0.258 ms  0/4484 (0%)  
[  5]   3.00-4.00   sec   439 KBytes  3.59 Mbits/sec  0.270 ms  0/4492 (0%)  
[  5]   4.00-5.00   sec   440 KBytes  3.60 Mbits/sec  0.449 ms  0/4504 (0%)  
[  5]   5.00-6.00   sec   441 KBytes  3.61 Mbits/sec  0.281 ms  0/4511 (0%)  
[  5]   6.00-7.00   sec   438 KBytes  3.58 Mbits/sec  0.440 ms  0/4483 (0%)  
[  5]   7.00-8.00   sec   440 KBytes  3.61 Mbits/sec  0.316 ms  0/4510 (0%)  
[  5]   8.00-9.00   sec   440 KBytes  3.60 Mbits/sec  0.240 ms  0/4501 (0%)  
[  5]   9.00-10.00  sec   438 KBytes  3.58 Mbits/sec  0.602 ms  0/4481 (0%)  
[  5]  10.00-11.00  sec   440 KBytes  3.61 Mbits/sec  0.407 ms  0/4509 (0%)  
[  5]  11.00-12.00  sec   439 KBytes  3.60 Mbits/sec  0.249 ms  0/4498 (0%)  
[  5]  12.00-13.00  sec   439 KBytes  3.59 Mbits/sec  0.759 ms  0/4492 (0%)  
[  5]  13.00-14.00  sec   440 KBytes  3.61 Mbits/sec  0.356 ms  0/4508 (0%)  
[  5]  14.00-15.00  sec   441 KBytes  3.61 Mbits/sec  0.293 ms  0/4516 (0%)  
[  5]  15.00-16.00  sec   439 KBytes  3.60 Mbits/sec  0.252 ms  0/4497 (0%)  
[  5]  16.00-17.00  sec   439 KBytes  3.59 Mbits/sec  0.315 ms  0/4492 (0%)  
[  5]  17.00-18.00  sec   440 KBytes  3.60 Mbits/sec  0.275 ms  0/4505 (0%)  
[  5]  18.00-19.00  sec   330 KBytes  2.70 Mbits/sec  0.353 ms  0/3379 (0%)  
[  5]  19.00-20.00  sec   325 KBytes  2.66 Mbits/sec  0.424 ms  0/3324 (0%)  
[  5]  20.00-21.00  sec   322 KBytes  2.63 Mbits/sec  0.453 ms  0/3300 (0%)  
[  5]  21.00-22.00  sec   319 KBytes  2.61 Mbits/sec  0.382 ms  0/3265 (0%)  
[  5]  22.00-23.00  sec   311 KBytes  2.54 Mbits/sec  0.421 ms  0/3181 (0%)  
[  5]  23.00-24.00  sec   310 KBytes  2.54 Mbits/sec  0.377 ms  0/3173 (0%)  
[  5]  24.00-25.00  sec   321 KBytes  2.63 Mbits/sec  0.405 ms  0/3283 (0%)  
[  5]  25.00-26.00  sec   309 KBytes  2.53 Mbits/sec  0.374 ms  0/3162 (0%)  
[  5]  26.00-27.00  sec   317 KBytes  2.60 Mbits/sec  0.376 ms  0/3246 (0%)  
[  5]  27.00-28.00  sec   310 KBytes  2.54 Mbits/sec  0.422 ms  0/3173 (0%)  
[  5]  28.00-29.00  sec   301 KBytes  2.47 Mbits/sec  0.419 ms  0/3082 (0%)  
[  5]  29.00-30.00  sec   299 KBytes  2.45 Mbits/sec  0.383 ms  0/3061 (0%)  
[  5]  30.00-31.00  sec   292 KBytes  2.39 Mbits/sec  0.392 ms  0/2990 (0%)  
[  5]  31.00-32.00  sec   294 KBytes  2.41 Mbits/sec  0.597 ms  0/3013 (0%)  
[  5]  32.00-33.00  sec   303 KBytes  2.48 Mbits/sec  0.354 ms  0/3103 (0%)  
[  5]  33.00-34.00  sec   304 KBytes  2.49 Mbits/sec  0.442 ms  0/3118 (0%)  
[  5]  34.00-35.00  sec   308 KBytes  2.52 Mbits/sec  0.421 ms  0/3150 (0%)  
[  5]  35.00-36.00  sec   308 KBytes  2.52 Mbits/sec  0.421 ms  0/3154 (0%)  
[  5]  36.00-37.00  sec   305 KBytes  2.50 Mbits/sec  0.364 ms  0/3127 (0%)  
[  5]  37.00-38.00  sec   304 KBytes  2.49 Mbits/sec  0.332 ms  0/3108 (0%)  
[  5]  38.00-39.00  sec   299 KBytes  2.45 Mbits/sec  0.507 ms  0/3059 (0%)  
[  5]  39.00-40.00  sec   303 KBytes  2.48 Mbits/sec  0.350 ms  0/3104 (0%)  
[  5]  40.00-41.00  sec   300 KBytes  2.46 Mbits/sec  0.428 ms  0/3076 (0%)  
[  5]  41.00-42.00  sec   306 KBytes  2.51 Mbits/sec  0.364 ms  0/3136 (0%)  
[  5]  42.00-43.00  sec   302 KBytes  2.47 Mbits/sec  0.356 ms  0/3089 (0%)  
[  5]  43.00-44.00  sec   303 KBytes  2.48 Mbits/sec  0.348 ms  0/3100 (0%)  
[  5]  44.00-45.00  sec   304 KBytes  2.49 Mbits/sec  0.366 ms  0/3113 (0%)  
[  5]  45.00-46.00  sec   305 KBytes  2.50 Mbits/sec  0.366 ms  0/3127 (0%)  
[  5]  46.00-47.00  sec   312 KBytes  2.55 Mbits/sec  0.376 ms  0/3191 (0%)  
[  5]  47.00-48.00  sec   298 KBytes  2.44 Mbits/sec  0.669 ms  0/3048 (0%)  
[  5]  48.00-49.00  sec   289 KBytes  2.37 Mbits/sec  0.388 ms  0/2958 (0%)  
[  5]  49.00-50.00  sec   297 KBytes  2.44 Mbits/sec  0.474 ms  0/3045 (0%)  
[  5]  50.00-51.00  sec   301 KBytes  2.47 Mbits/sec  0.404 ms  0/3084 (0%)  
[  5]  51.00-52.00  sec   292 KBytes  2.39 Mbits/sec  0.427 ms  0/2990 (0%)  
[  5]  52.00-53.00  sec   297 KBytes  2.43 Mbits/sec  0.435 ms  0/3045 (0%)  
[  5]  53.00-54.00  sec   304 KBytes  2.49 Mbits/sec  0.405 ms  0/3113 (0%)  
[  5]  54.00-55.00  sec   299 KBytes  2.45 Mbits/sec  0.394 ms  0/3062 (0%)  
[  5]  55.00-56.00  sec   306 KBytes  2.51 Mbits/sec  0.459 ms  0/3137 (0%)  
[  5]  56.00-57.00  sec   316 KBytes  2.59 Mbits/sec  0.400 ms  0/3236 (0%)  
[  5]  57.00-58.00  sec   323 KBytes  2.65 Mbits/sec  0.460 ms  0/3307 (0%)  
[  5]  58.00-59.00  sec   327 KBytes  2.68 Mbits/sec  0.386 ms  0/3349 (0%)  
[  5]  59.00-60.00  sec   310 KBytes  2.54 Mbits/sec  0.438 ms  0/3174 (0%)  
[  5]  60.00-61.00  sec   326 KBytes  2.67 Mbits/sec  0.391 ms  0/3336 (0%)  
[  5]  61.00-62.00  sec   328 KBytes  2.68 Mbits/sec  0.417 ms  0/3356 (0%)  
[  5]  62.00-63.00  sec   329 KBytes  2.69 Mbits/sec  0.399 ms  0/3364 (0%)  
[  5]  63.00-64.00  sec   315 KBytes  2.58 Mbits/sec  0.357 ms  0/3223 (0%)  
[  5]  64.00-65.00  sec   321 KBytes  2.63 Mbits/sec  0.348 ms  0/3292 (0%)  
[  5]  65.00-66.00  sec   322 KBytes  2.63 Mbits/sec  0.406 ms  0/3293 (0%)  
[  5]  66.00-67.00  sec   323 KBytes  2.65 Mbits/sec  0.326 ms  0/3309 (0%)  
[  5]  67.00-68.00  sec   329 KBytes  2.70 Mbits/sec  0.422 ms  0/3370 (0%)  
[  5]  68.00-69.00  sec   320 KBytes  2.62 Mbits/sec  0.391 ms  0/3273 (0%)  
[  5]  69.00-70.00  sec   310 KBytes  2.54 Mbits/sec  0.387 ms  0/3177 (0%)  
[  5]  70.00-71.00  sec   326 KBytes  2.67 Mbits/sec  0.365 ms  0/3341 (0%)  
[  5]  71.00-72.00  sec   322 KBytes  2.63 Mbits/sec  0.358 ms  0/3296 (0%)  
[  5]  72.00-73.00  sec   320 KBytes  2.62 Mbits/sec  0.340 ms  0/3279 (0%)  
[  5]  73.00-74.00  sec   320 KBytes  2.63 Mbits/sec  0.388 ms  0/3281 (0%)  
[  5]  74.00-75.00  sec   321 KBytes  2.63 Mbits/sec  0.408 ms  0/3292 (0%)  
[  5]  75.00-76.00  sec   317 KBytes  2.59 Mbits/sec  0.328 ms  0/3241 (0%)  
[  5]  76.00-77.00  sec   318 KBytes  2.60 Mbits/sec  0.359 ms  0/3256 (0%)  
[  5]  77.00-78.00  sec   314 KBytes  2.57 Mbits/sec  0.394 ms  0/3213 (0%)  
[  5]  78.00-79.00  sec   313 KBytes  2.56 Mbits/sec  0.407 ms  0/3210 (0%)  
[  5]  79.00-80.00  sec   308 KBytes  2.52 Mbits/sec  0.356 ms  0/3150 (0%)  
[  5]  80.00-81.00  sec   321 KBytes  2.62 Mbits/sec  0.438 ms  0/3283 (0%)  
[  5]  81.00-82.00  sec   321 KBytes  2.63 Mbits/sec  0.362 ms  0/3290 (0%)  
[  5]  82.00-83.00  sec   315 KBytes  2.58 Mbits/sec  0.341 ms  0/3223 (0%)  
[  5]  83.00-84.00  sec   312 KBytes  2.56 Mbits/sec  0.373 ms  0/3195 (0%)  
[  5]  84.00-85.00  sec   317 KBytes  2.60 Mbits/sec  0.446 ms  0/3248 (0%)  
[  5]  85.00-86.00  sec   315 KBytes  2.58 Mbits/sec  0.465 ms  0/3222 (0%)  
[  5]  86.00-87.00  sec   319 KBytes  2.61 Mbits/sec  0.427 ms  0/3273 (0%)  
[  5]  87.00-88.00  sec   312 KBytes  2.55 Mbits/sec  0.363 ms  0/3190 (0%)  
[  5]  88.00-89.00  sec   304 KBytes  2.49 Mbits/sec  0.433 ms  0/3118 (0%)  
[  5]  89.00-90.00  sec   319 KBytes  2.61 Mbits/sec  0.363 ms  0/3265 (0%)  
[  5]  90.00-91.00  sec   326 KBytes  2.67 Mbits/sec  0.367 ms  0/3337 (0%)  
[  5]  91.00-92.00  sec   325 KBytes  2.66 Mbits/sec  0.356 ms  0/3323 (0%)  
[  5]  92.00-93.00  sec   319 KBytes  2.61 Mbits/sec  0.407 ms  0/3264 (0%)  
[  5]  93.00-94.00  sec   318 KBytes  2.60 Mbits/sec  0.405 ms  0/3256 (0%)  
[  5]  94.00-95.00  sec   316 KBytes  2.59 Mbits/sec  0.309 ms  0/3240 (0%)  
[  5]  95.00-96.00  sec   306 KBytes  2.50 Mbits/sec  0.349 ms  0/3131 (0%)  
[  5]  96.00-97.00  sec   316 KBytes  2.59 Mbits/sec  0.403 ms  0/3233 (0%)  
[  5]  97.00-98.00  sec   316 KBytes  2.59 Mbits/sec  0.399 ms  0/3237 (0%)  
[  5]  98.00-99.00  sec   317 KBytes  2.59 Mbits/sec  0.406 ms  0/3242 (0%)  
[  5]  99.00-100.00 sec   274 KBytes  2.24 Mbits/sec  0.225 ms  484/3290 (15%)  
[  5] 100.00-101.00 sec   277 KBytes  2.27 Mbits/sec  0.218 ms  1196/4040 (30%)  
[  5] 101.00-102.00 sec   307 KBytes  2.52 Mbits/sec  0.201 ms  1382/4527 (31%)  
[  5] 102.00-103.00 sec   326 KBytes  2.67 Mbits/sec  0.213 ms  1372/4709 (29%)  
[  5] 103.00-104.00 sec   314 KBytes  2.57 Mbits/sec  0.217 ms  1361/4574 (30%)  
[  5] 104.00-105.00 sec   318 KBytes  2.61 Mbits/sec  0.237 ms  1291/4550 (28%)  
[  5] 105.00-106.00 sec   304 KBytes  2.49 Mbits/sec  0.219 ms  1358/4468 (30%)  
[  5] 106.00-107.00 sec   253 KBytes  2.07 Mbits/sec  0.245 ms  1302/3895 (33%)  
[  5] 107.00-108.00 sec   325 KBytes  2.66 Mbits/sec  0.216 ms  1394/4719 (30%)  
[  5] 108.00-109.00 sec   272 KBytes  2.23 Mbits/sec  0.219 ms  1042/3825 (27%)  
[  5] 109.00-110.00 sec   317 KBytes  2.60 Mbits/sec  0.221 ms  1287/4533 (28%)  
[  5] 110.00-111.00 sec   280 KBytes  2.30 Mbits/sec  0.220 ms  1083/3954 (27%)  
[  5] 111.00-112.00 sec   253 KBytes  2.08 Mbits/sec  0.241 ms  1319/3914 (34%)  
[  5] 112.00-113.00 sec   304 KBytes  2.49 Mbits/sec  0.218 ms  1670/4779 (35%)  
[  5] 113.00-114.00 sec   267 KBytes  2.19 Mbits/sec  0.218 ms  1199/3932 (30%)  
[  5] 114.00-115.00 sec   314 KBytes  2.57 Mbits/sec  0.219 ms  1159/4372 (27%)  
[  5] 115.00-116.00 sec   281 KBytes  2.30 Mbits/sec  0.222 ms  1008/3883 (26%)  
[  5] 116.00-117.00 sec   314 KBytes  2.57 Mbits/sec  0.219 ms  1206/4417 (27%)  
[  5] 117.00-118.00 sec   313 KBytes  2.56 Mbits/sec  0.383 ms  1317/4524 (29%)  
[  5] 118.00-119.00 sec   279 KBytes  2.29 Mbits/sec  1.060 ms  1120/3980 (28%)  
[  5] 119.00-120.00 sec   313 KBytes  2.57 Mbits/sec  0.213 ms  1246/4455 (28%)  
[  5] 120.00-121.00 sec   317 KBytes  2.60 Mbits/sec  0.216 ms  1428/4673 (31%)  
[  5] 121.00-122.00 sec   320 KBytes  2.62 Mbits/sec  0.217 ms  1386/4659 (30%)  
[  5] 122.00-123.00 sec   316 KBytes  2.59 Mbits/sec  0.222 ms  1228/4466 (27%)  
[  5] 123.00-124.00 sec   298 KBytes  2.44 Mbits/sec  0.217 ms  1406/4453 (32%)  
[  5] 124.00-125.00 sec   326 KBytes  2.67 Mbits/sec  0.213 ms  1351/4688 (29%)  
[  5] 125.00-126.00 sec   281 KBytes  2.30 Mbits/sec  0.253 ms  1623/4504 (36%)  
[  5] 126.00-127.00 sec   262 KBytes  2.15 Mbits/sec  0.217 ms  1194/3882 (31%)  
[  5] 127.00-128.00 sec   283 KBytes  2.32 Mbits/sec  0.222 ms  1537/4436 (35%)  
[  5] 128.00-129.00 sec   272 KBytes  2.23 Mbits/sec  0.220 ms  1041/3825 (27%)  
[  5] 129.00-130.00 sec   279 KBytes  2.28 Mbits/sec  0.212 ms  1278/4134 (31%)  
[  5] 130.00-131.00 sec   271 KBytes  2.22 Mbits/sec  0.212 ms  1326/4105 (32%)  
[  5] 131.00-132.00 sec   301 KBytes  2.47 Mbits/sec  0.357 ms  1664/4748 (35%)  
[  5] 132.00-133.00 sec   257 KBytes  2.11 Mbits/sec  0.215 ms  1651/4285 (39%)  
[  5] 133.00-134.00 sec   298 KBytes  2.44 Mbits/sec  0.227 ms  1499/4551 (33%)  
[  5] 134.00-135.00 sec   270 KBytes  2.21 Mbits/sec  0.221 ms  1633/4396 (37%)  
[  5] 135.00-136.00 sec   318 KBytes  2.61 Mbits/sec  0.215 ms  1672/4932 (34%)  
[  5] 136.00-137.00 sec   268 KBytes  2.20 Mbits/sec  0.290 ms  1566/4313 (36%)  
[  5] 137.00-138.00 sec   302 KBytes  2.47 Mbits/sec  0.216 ms  1662/4751 (35%)  
[  5] 138.00-139.00 sec   309 KBytes  2.53 Mbits/sec  0.421 ms  1905/5071 (38%)  
[  5] 139.00-140.00 sec   309 KBytes  2.53 Mbits/sec  0.222 ms  1641/4808 (34%)  
[  5] 140.00-141.00 sec   326 KBytes  2.67 Mbits/sec  0.220 ms  1568/4906 (32%)  
[  5] 141.00-142.00 sec   317 KBytes  2.60 Mbits/sec  0.220 ms  1311/4556 (29%)  
[  5] 142.00-143.00 sec   298 KBytes  2.44 Mbits/sec  0.216 ms  1486/4541 (33%)  
[  5] 143.00-144.00 sec   316 KBytes  2.59 Mbits/sec  0.331 ms  1468/4704 (31%)  
[  5] 144.00-145.00 sec   313 KBytes  2.57 Mbits/sec  0.240 ms  1339/4545 (29%)  
[  5] 145.00-146.00 sec   277 KBytes  2.27 Mbits/sec  0.219 ms  1183/4018 (29%)  
[  5] 146.00-147.00 sec   317 KBytes  2.60 Mbits/sec  0.214 ms  1249/4494 (28%)  
[  5] 147.00-148.00 sec   313 KBytes  2.56 Mbits/sec  0.218 ms  1265/4469 (28%)  
[  5] 148.00-149.00 sec   320 KBytes  2.62 Mbits/sec  0.215 ms  1229/4502 (27%)  
[  5] 149.00-150.00 sec   312 KBytes  2.55 Mbits/sec  0.338 ms  1312/4504 (29%)  
[  5] 150.00-151.00 sec   269 KBytes  2.20 Mbits/sec  0.225 ms  1509/4260 (35%)  
[  5] 151.00-152.00 sec   317 KBytes  2.60 Mbits/sec  0.220 ms  1592/4838 (33%)  
[  5] 152.00-153.00 sec   278 KBytes  2.28 Mbits/sec  0.211 ms  2062/4907 (42%)  
[  5] 153.00-154.00 sec   281 KBytes  2.30 Mbits/sec  0.229 ms  1612/4487 (36%)  
[  5] 154.00-155.00 sec   317 KBytes  2.60 Mbits/sec  0.203 ms  1716/4962 (35%)  
[  5] 155.00-156.00 sec   311 KBytes  2.55 Mbits/sec  0.210 ms  1649/4837 (34%)  
[  5] 156.00-157.00 sec   307 KBytes  2.51 Mbits/sec  0.219 ms  1850/4991 (37%)  
[  5] 157.00-158.00 sec   271 KBytes  2.22 Mbits/sec  0.215 ms  1354/4133 (33%)  
[  5] 158.00-159.00 sec   298 KBytes  2.44 Mbits/sec  0.220 ms  1746/4794 (36%)  
[  5] 159.00-160.00 sec   280 KBytes  2.30 Mbits/sec  0.218 ms  1359/4228 (32%)  
[  5] 160.00-161.00 sec   317 KBytes  2.59 Mbits/sec  0.222 ms  1471/4713 (31%)  
[  5] 161.00-162.00 sec   272 KBytes  2.23 Mbits/sec  0.231 ms  1098/3881 (28%)  
[  5] 162.00-163.00 sec   326 KBytes  2.67 Mbits/sec  0.217 ms  1356/4694 (29%)  
[  5] 163.00-164.00 sec   303 KBytes  2.48 Mbits/sec  0.217 ms  1402/4502 (31%)  
[  5] 164.00-165.00 sec   306 KBytes  2.51 Mbits/sec  0.214 ms  1293/4431 (29%)  
[  5] 165.00-166.00 sec   321 KBytes  2.63 Mbits/sec  0.213 ms  1261/4548 (28%)  
[  5] 166.00-167.00 sec   317 KBytes  2.59 Mbits/sec  0.218 ms  1246/4492 (28%)  
[  5] 167.00-168.00 sec   319 KBytes  2.61 Mbits/sec  0.215 ms  1472/4735 (31%)  
[  5] 168.00-169.00 sec   315 KBytes  2.58 Mbits/sec  0.216 ms  1366/4589 (30%)  
[  5] 169.00-170.00 sec   304 KBytes  2.50 Mbits/sec  0.209 ms  1469/4587 (32%)  
[  5] 170.00-171.00 sec   318 KBytes  2.60 Mbits/sec  0.214 ms  1434/4688 (31%)  
[  5] 171.00-172.00 sec   271 KBytes  2.22 Mbits/sec  0.239 ms  1116/3895 (29%)  
[  5] 172.00-173.00 sec   320 KBytes  2.62 Mbits/sec  0.217 ms  1480/4757 (31%)  
[  5] 173.00-174.00 sec   307 KBytes  2.51 Mbits/sec  0.218 ms  1521/4661 (33%)  
[  5] 174.00-175.00 sec   317 KBytes  2.60 Mbits/sec  0.196 ms  1357/4603 (29%)  
[  5] 175.00-176.00 sec   326 KBytes  2.67 Mbits/sec  0.211 ms  1406/4743 (30%)  
[  5] 176.00-177.00 sec   317 KBytes  2.59 Mbits/sec  0.217 ms  1360/4602 (30%)  
[  5] 177.00-178.00 sec   276 KBytes  2.26 Mbits/sec  0.231 ms  1325/4152 (32%)  
[  5] 178.00-179.00 sec   316 KBytes  2.59 Mbits/sec  0.212 ms  1474/4705 (31%)  
[  5] 179.00-180.00 sec   313 KBytes  2.57 Mbits/sec  0.214 ms  1262/4469 (28%)  
[  5] 180.00-181.00 sec   326 KBytes  2.67 Mbits/sec  0.209 ms  1604/4941 (32%)  
[  5] 181.00-182.00 sec   271 KBytes  2.22 Mbits/sec  0.218 ms  1294/4073 (32%)  
[  5] 182.00-183.00 sec   299 KBytes  2.45 Mbits/sec  0.335 ms  1731/4788 (36%)  
[  5] 183.00-184.00 sec   296 KBytes  2.42 Mbits/sec  0.245 ms  1844/4872 (38%)  
[  5] 184.00-185.00 sec   293 KBytes  2.40 Mbits/sec  0.216 ms  1814/4814 (38%)  
[  5] 185.00-186.00 sec   280 KBytes  2.30 Mbits/sec  0.219 ms  1255/4126 (30%)  
[  5] 186.00-187.00 sec   317 KBytes  2.60 Mbits/sec  0.217 ms  1343/4589 (29%)  
[  5] 187.00-188.00 sec   274 KBytes  2.24 Mbits/sec  0.217 ms  1648/4449 (37%)  
[  5] 188.00-189.00 sec   326 KBytes  2.67 Mbits/sec  0.214 ms  1201/4539 (26%)  
[  5] 189.00-190.00 sec   316 KBytes  2.59 Mbits/sec  0.218 ms  1262/4502 (28%)  
[  5] 190.00-191.00 sec   317 KBytes  2.59 Mbits/sec  0.216 ms  1167/4409 (26%)  
[  5] 191.00-192.00 sec   281 KBytes  2.30 Mbits/sec  0.216 ms  1063/3938 (27%)  
[  5] 192.00-193.00 sec   304 KBytes  2.49 Mbits/sec  0.218 ms  1294/4412 (29%)  
[  5] 193.00-194.00 sec   326 KBytes  2.67 Mbits/sec  0.211 ms  1319/4657 (28%)  
[  5] 194.00-195.00 sec   226 KBytes  1.85 Mbits/sec  0.221 ms  979/3294 (30%)  
[  5] 195.00-196.00 sec   248 KBytes  2.03 Mbits/sec  0.218 ms  1286/3828 (34%)  
[  5] 196.00-197.00 sec   274 KBytes  2.24 Mbits/sec  0.222 ms  1622/4423 (37%)  
[  5] 197.00-198.00 sec   259 KBytes  2.12 Mbits/sec  0.208 ms  1269/3917 (32%)  
[  5] 198.00-199.00 sec   220 KBytes  1.81 Mbits/sec  0.210 ms  967/3223 (30%)  
[  5] 199.00-200.00 sec   236 KBytes  1.93 Mbits/sec  0.221 ms  917/3330 (28%)  
[  5] 200.00-201.00 sec   250 KBytes  2.04 Mbits/sec  0.219 ms  1287/3843 (33%)  
[  5] 201.00-202.00 sec   281 KBytes  2.30 Mbits/sec  0.221 ms  1110/3984 (28%)  
[  5] 202.00-203.00 sec   201 KBytes  1.65 Mbits/sec  0.211 ms  1312/3373 (39%)  
[  5] 203.00-204.00 sec   226 KBytes  1.85 Mbits/sec  0.219 ms  1111/3428 (32%)  
[  5] 204.00-205.00 sec   259 KBytes  2.13 Mbits/sec  0.214 ms  1431/4087 (35%)  
[  5] 205.00-206.00 sec   238 KBytes  1.95 Mbits/sec  0.295 ms  1529/3970 (39%)  
[  5] 206.00-207.00 sec   245 KBytes  2.01 Mbits/sec  0.256 ms  977/3490 (28%)  
[  5] 207.00-208.00 sec   302 KBytes  2.47 Mbits/sec  0.216 ms  1804/4895 (37%)  
[  5] 208.00-209.00 sec   257 KBytes  2.11 Mbits/sec  0.222 ms  1509/4142 (36%)  
[  5] 209.00-210.00 sec   260 KBytes  2.13 Mbits/sec  0.250 ms  1649/4312 (38%)  
[  5] 210.00-211.00 sec   258 KBytes  2.11 Mbits/sec  0.226 ms  1703/4340 (39%)  
[  5] 211.00-212.00 sec   317 KBytes  2.60 Mbits/sec  0.215 ms  1421/4666 (30%)  
[  5] 212.00-213.00 sec   271 KBytes  2.22 Mbits/sec  0.216 ms  1076/3855 (28%)  
[  5] 213.00-214.00 sec   256 KBytes  2.10 Mbits/sec  0.946 ms  1515/4141 (37%)  
[  5] 214.00-215.00 sec   313 KBytes  2.57 Mbits/sec  0.259 ms  1343/4552 (30%)  
[  5] 215.00-216.00 sec   269 KBytes  2.20 Mbits/sec  0.220 ms  1155/3909 (30%)  
[  5] 216.00-217.00 sec   326 KBytes  2.67 Mbits/sec  0.216 ms  1252/4589 (27%)  
[  5] 217.00-218.00 sec   272 KBytes  2.23 Mbits/sec  0.203 ms  1059/3843 (28%)  
[  5] 218.00-219.00 sec   292 KBytes  2.39 Mbits/sec  0.219 ms  1587/4579 (35%)  
[  5] 219.00-220.00 sec   325 KBytes  2.67 Mbits/sec  0.223 ms  1378/4710 (29%)  
[  5] 220.00-221.00 sec   315 KBytes  2.58 Mbits/sec  0.218 ms  1768/4992 (35%)  
[  5] 221.00-222.00 sec   266 KBytes  2.18 Mbits/sec  0.221 ms  2151/4879 (44%)  
[  5] 222.00-223.00 sec   323 KBytes  2.65 Mbits/sec  0.227 ms  1835/5142 (36%)  
[  5] 223.00-224.00 sec   306 KBytes  2.50 Mbits/sec  0.231 ms  2085/5215 (40%)  
[  5] 224.00-225.00 sec   300 KBytes  2.45 Mbits/sec  0.882 ms  2708/5775 (47%)  
[  5] 225.00-226.00 sec   326 KBytes  2.67 Mbits/sec  0.235 ms  3003/6340 (47%)  
[  5] 226.00-227.00 sec   304 KBytes  2.49 Mbits/sec  0.217 ms  2321/5434 (43%)  
[  5] 227.00-228.00 sec   318 KBytes  2.61 Mbits/sec  0.211 ms  2535/5795 (44%)  
[  5] 228.00-229.00 sec   309 KBytes  2.53 Mbits/sec  0.213 ms  2542/5704 (45%)  
[  5] 229.00-230.00 sec   314 KBytes  2.57 Mbits/sec  0.225 ms  2408/5624 (43%)  
[  5] 230.00-231.00 sec   308 KBytes  2.53 Mbits/sec  0.508 ms  1963/5119 (38%)  
[  5] 231.00-232.00 sec   300 KBytes  2.45 Mbits/sec  0.332 ms  1804/4872 (37%)  
[  5] 232.00-233.00 sec   325 KBytes  2.66 Mbits/sec  0.223 ms  1620/4950 (33%)  
[  5] 233.00-234.00 sec   311 KBytes  2.55 Mbits/sec  0.219 ms  1582/4765 (33%)  
[  5] 234.00-235.00 sec   317 KBytes  2.60 Mbits/sec  0.214 ms  1563/4809 (33%)  
[  5] 235.00-236.00 sec   324 KBytes  2.66 Mbits/sec  0.220 ms  1688/5010 (34%)  
[  5] 236.00-237.00 sec   268 KBytes  2.20 Mbits/sec  0.221 ms  1463/4209 (35%)  
[  5] 237.00-238.00 sec   305 KBytes  2.50 Mbits/sec  0.217 ms  1895/5015 (38%)  
[  5] 238.00-239.00 sec   309 KBytes  2.53 Mbits/sec  0.267 ms  1634/4796 (34%)  
[  5] 239.00-240.00 sec   294 KBytes  2.41 Mbits/sec  0.198 ms  1797/4805 (37%)  
[  5] 240.00-241.00 sec   326 KBytes  2.67 Mbits/sec  0.240 ms  1524/4861 (31%)  
[  5] 241.00-242.00 sec   316 KBytes  2.59 Mbits/sec  0.220 ms  1627/4860 (33%)  
[  5] 242.00-243.00 sec   303 KBytes  2.48 Mbits/sec  0.215 ms  1647/4749 (35%)  
[  5] 243.00-244.00 sec   326 KBytes  2.67 Mbits/sec  0.212 ms  1425/4763 (30%)  
[  5] 244.00-245.00 sec   294 KBytes  2.41 Mbits/sec  0.217 ms  1502/4514 (33%)  
[  5] 245.00-246.00 sec   325 KBytes  2.66 Mbits/sec  0.233 ms  1259/4586 (27%)  
[  5] 246.00-247.00 sec   297 KBytes  2.44 Mbits/sec  0.219 ms  1467/4513 (33%)  
[  5] 247.00-248.00 sec   317 KBytes  2.60 Mbits/sec  0.212 ms  1272/4518 (28%)  
[  5] 248.00-249.00 sec   280 KBytes  2.30 Mbits/sec  0.208 ms  1121/3992 (28%)  
[  5] 249.00-250.00 sec   305 KBytes  2.50 Mbits/sec  0.227 ms  1329/4452 (30%)  
[  5] 250.00-251.00 sec   272 KBytes  2.23 Mbits/sec  0.209 ms  1110/3893 (29%)  
[  5] 251.00-252.00 sec   278 KBytes  2.27 Mbits/sec  0.223 ms  1159/4003 (29%)  
[  5] 252.00-253.00 sec   310 KBytes  2.54 Mbits/sec  0.220 ms  1324/4495 (29%)  
[  5] 253.00-254.00 sec   272 KBytes  2.23 Mbits/sec  0.238 ms  1222/4010 (30%)  
[  5] 254.00-255.00 sec   271 KBytes  2.22 Mbits/sec  0.220 ms  1009/3788 (27%)  
[  5] 255.00-256.00 sec   292 KBytes  2.39 Mbits/sec  0.211 ms  1393/4384 (32%)  
[  5] 256.00-257.00 sec   309 KBytes  2.53 Mbits/sec  0.307 ms  1376/4542 (30%)  
[  5] 257.00-258.00 sec   306 KBytes  2.51 Mbits/sec  0.207 ms  1256/4392 (29%)  
[  5] 258.00-259.00 sec   308 KBytes  2.52 Mbits/sec  0.202 ms  1389/4538 (31%)  
[  5] 259.00-260.00 sec   317 KBytes  2.60 Mbits/sec  0.201 ms  1533/4779 (32%)  
[  5] 260.00-261.00 sec   298 KBytes  2.44 Mbits/sec  0.218 ms  1577/4624 (34%)  
[  5] 261.00-262.00 sec   325 KBytes  2.66 Mbits/sec  0.217 ms  1320/4653 (28%)  
[  5] 262.00-263.00 sec   305 KBytes  2.50 Mbits/sec  0.220 ms  1402/4526 (31%)  
[  5] 263.00-264.00 sec   281 KBytes  2.30 Mbits/sec  0.218 ms  1080/3954 (27%)  
[  5] 264.00-265.00 sec   315 KBytes  2.58 Mbits/sec  0.211 ms  1181/4403 (27%)  
[  5] 265.00-266.00 sec   315 KBytes  2.58 Mbits/sec  0.218 ms  1167/4397 (27%)  
[  5] 266.00-267.00 sec   315 KBytes  2.58 Mbits/sec  0.340 ms  1286/4512 (29%)  
[  5] 267.00-268.00 sec   288 KBytes  2.36 Mbits/sec  0.265 ms  1396/4347 (32%)  
[  5] 268.00-269.00 sec   270 KBytes  2.22 Mbits/sec  0.218 ms  1449/4218 (34%)  
[  5] 269.00-270.00 sec   326 KBytes  2.67 Mbits/sec  0.208 ms  1311/4648 (28%)  
[  5] 270.00-271.00 sec   293 KBytes  2.40 Mbits/sec  0.214 ms  1490/4491 (33%)  
[  5] 271.00-272.00 sec   281 KBytes  2.30 Mbits/sec  0.219 ms  1667/4546 (37%)  
[  5] 272.00-273.00 sec   326 KBytes  2.67 Mbits/sec  0.216 ms  1368/4705 (29%)  
[  5] 273.00-274.00 sec   317 KBytes  2.60 Mbits/sec  0.216 ms  1541/4787 (32%)  
[  5] 274.00-275.00 sec   324 KBytes  2.66 Mbits/sec  0.214 ms  1671/4992 (33%)  
[  5] 275.00-276.00 sec   317 KBytes  2.60 Mbits/sec  0.211 ms  1795/5041 (36%)  
[  5] 276.00-277.00 sec   317 KBytes  2.59 Mbits/sec  0.227 ms  1715/4956 (35%)  
[  5] 277.00-278.00 sec   323 KBytes  2.64 Mbits/sec  0.208 ms  1822/5128 (36%)  
[  5] 278.00-279.00 sec   306 KBytes  2.51 Mbits/sec  0.341 ms  1530/4666 (33%)  
[  5] 279.00-280.00 sec   272 KBytes  2.23 Mbits/sec  0.220 ms  1261/4045 (31%)  
[  5] 280.00-281.00 sec   321 KBytes  2.63 Mbits/sec  0.219 ms  1232/4516 (27%)  
[  5] 281.00-282.00 sec   300 KBytes  2.46 Mbits/sec  0.205 ms  1465/4538 (32%)  
[  5] 282.00-283.00 sec   309 KBytes  2.53 Mbits/sec  0.209 ms  1510/4676 (32%)  
[  5] 283.00-284.00 sec   317 KBytes  2.60 Mbits/sec  0.217 ms  1286/4531 (28%)  
[  5] 284.00-285.00 sec   308 KBytes  2.52 Mbits/sec  0.226 ms  1311/4461 (29%)  
[  5] 285.00-286.00 sec   323 KBytes  2.64 Mbits/sec  0.216 ms  1280/4585 (28%)  
[  5] 286.00-287.00 sec   317 KBytes  2.60 Mbits/sec  0.218 ms  1281/4526 (28%)  
[  5] 287.00-288.00 sec   271 KBytes  2.22 Mbits/sec  0.215 ms  1099/3874 (28%)  
[  5] 288.00-289.00 sec   326 KBytes  2.67 Mbits/sec  0.214 ms  1233/4571 (27%)  
[  5] 289.00-290.00 sec   302 KBytes  2.48 Mbits/sec  0.221 ms  1565/4659 (34%)  
[  5] 290.00-291.00 sec   315 KBytes  2.58 Mbits/sec  0.217 ms  1475/4705 (31%)  
[  5] 291.00-292.00 sec   317 KBytes  2.60 Mbits/sec  0.216 ms  1303/4548 (29%)  
[  5] 292.00-293.00 sec   313 KBytes  2.56 Mbits/sec  0.219 ms  1461/4668 (31%)  
[  5] 293.00-294.00 sec   325 KBytes  2.67 Mbits/sec  0.219 ms  1426/4756 (30%)  
[  5] 294.00-295.00 sec   314 KBytes  2.57 Mbits/sec  0.211 ms  1246/4465 (28%)  
[  5] 295.00-296.00 sec   299 KBytes  2.45 Mbits/sec  0.212 ms  1474/4531 (33%)  
[  5] 296.00-297.00 sec   267 KBytes  2.19 Mbits/sec  0.215 ms  1355/4087 (33%)  
[  5] 297.00-298.00 sec   344 KBytes  2.82 Mbits/sec  0.217 ms  1354/4879 (28%)  
[  5] 298.00-299.00 sec   280 KBytes  2.30 Mbits/sec  0.220 ms  1044/3914 (27%)  
[  5] 299.00-300.00 sec   313 KBytes  2.56 Mbits/sec  0.201 ms  1373/4578 (30%)  
[  5] 300.00-301.00 sec   326 KBytes  2.67 Mbits/sec  0.216 ms  1393/4731 (29%)  
[  5] 301.00-302.00 sec   303 KBytes  2.49 Mbits/sec  0.216 ms  1379/4486 (31%)  
[  5] 302.00-303.00 sec   256 KBytes  2.09 Mbits/sec  0.179 ms  1177/3796 (31%)  
[  5] 303.00-304.00 sec   304 KBytes  2.49 Mbits/sec  0.287 ms  1344/4456 (30%)  
[  5] 304.00-305.00 sec   291 KBytes  2.38 Mbits/sec  0.210 ms  1825/4805 (38%)  
[  5] 305.00-306.00 sec   254 KBytes  2.09 Mbits/sec  0.786 ms  992/3597 (28%)  
[  5] 306.00-307.00 sec   280 KBytes  2.30 Mbits/sec  0.215 ms  1260/4130 (31%)  
[  5] 307.00-308.00 sec   213 KBytes  1.74 Mbits/sec  0.221 ms  1412/3595 (39%)  
[  5] 308.00-309.00 sec   281 KBytes  2.30 Mbits/sec  0.243 ms  1415/4289 (33%)  
[  5] 309.00-310.00 sec   262 KBytes  2.15 Mbits/sec  0.219 ms  1309/3996 (33%)  
[  5] 310.00-311.00 sec   315 KBytes  2.58 Mbits/sec  0.241 ms  1406/4629 (30%)  
[  5] 311.00-312.00 sec   311 KBytes  2.55 Mbits/sec  0.212 ms  1479/4663 (32%)  
[  5] 312.00-313.00 sec   300 KBytes  2.46 Mbits/sec  0.415 ms  1591/4661 (34%)  
[  5] 313.00-314.00 sec   262 KBytes  2.15 Mbits/sec  0.218 ms  1227/3912 (31%)  
[  5] 314.00-315.00 sec   267 KBytes  2.19 Mbits/sec  0.216 ms  1067/3802 (28%)  
[  5] 315.00-316.00 sec   252 KBytes  2.06 Mbits/sec  0.429 ms  1288/3869 (33%)  
[  5] 316.00-317.00 sec   220 KBytes  1.80 Mbits/sec  0.216 ms  986/3243 (30%)  
[  5] 317.00-318.00 sec   259 KBytes  2.12 Mbits/sec  1.006 ms  1385/4033 (34%)  
[  5] 318.00-319.01 sec   227 KBytes  1.85 Mbits/sec  0.220 ms  915/3235 (28%)  
[  5] 319.01-320.00 sec   226 KBytes  1.86 Mbits/sec  0.230 ms  854/3171 (27%)  
[  5] 320.00-321.00 sec   177 KBytes  1.45 Mbits/sec  0.234 ms  785/2594 (30%)  
[  5] 321.00-322.00 sec   172 KBytes  1.41 Mbits/sec  0.217 ms  967/2726 (35%)  
[  5] 322.00-323.00 sec   174 KBytes  1.43 Mbits/sec  0.216 ms  726/2506 (29%)  
[  5] 323.00-324.00 sec   126 KBytes  1.03 Mbits/sec  0.304 ms  1144/2437 (47%)  
[  5] 324.00-325.00 sec   131 KBytes  1.07 Mbits/sec  0.220 ms  934/2272 (41%)  
[  5] 325.00-326.00 sec   226 KBytes  1.85 Mbits/sec  0.220 ms  855/3172 (27%)  
[  5] 326.00-327.00 sec   170 KBytes  1.39 Mbits/sec  0.222 ms  686/2422 (28%)  
[  5] 327.00-328.00 sec   112 KBytes   920 Kbits/sec  0.289 ms  684/1834 (37%)  
[  5] 328.00-329.00 sec   112 KBytes   920 Kbits/sec  0.253 ms  798/1948 (41%)  
[  5] 329.00-330.00 sec   109 KBytes   892 Kbits/sec  0.265 ms  1569/2685 (58%)  
[  5] 330.00-331.00 sec   112 KBytes   920 Kbits/sec  0.160 ms  777/1927 (40%)  
[  5] 331.00-332.00 sec   189 KBytes  1.55 Mbits/sec  0.251 ms  1277/3215 (40%)  
[  5] 332.00-333.00 sec   167 KBytes  1.37 Mbits/sec  0.221 ms  1299/3006 (43%)  
[  5] 333.00-334.00 sec   227 KBytes  1.86 Mbits/sec  0.219 ms  1043/3364 (31%)  
[  5] 334.00-335.00 sec   176 KBytes  1.44 Mbits/sec  0.242 ms  882/2680 (33%)  
[  5] 335.00-336.00 sec   158 KBytes  1.29 Mbits/sec  0.217 ms  1090/2703 (40%)  
[  5] 336.00-337.00 sec   200 KBytes  1.64 Mbits/sec  0.269 ms  1314/3360 (39%)  
[  5] 337.00-338.00 sec   194 KBytes  1.59 Mbits/sec  0.234 ms  1409/3393 (42%)  
[  5] 338.00-339.00 sec   180 KBytes  1.48 Mbits/sec  0.222 ms  1086/2932 (37%)  
[  5] 339.00-340.00 sec   214 KBytes  1.76 Mbits/sec  0.192 ms  1752/3947 (44%)  
[  5] 340.00-341.00 sec   213 KBytes  1.75 Mbits/sec  0.306 ms  1426/3608 (40%)  
[  5] 341.00-342.00 sec   173 KBytes  1.41 Mbits/sec  0.270 ms  1269/3041 (42%)  
[  5] 342.00-343.00 sec   173 KBytes  1.42 Mbits/sec  0.219 ms  1383/3154 (44%)  
[  5] 343.00-344.00 sec   188 KBytes  1.54 Mbits/sec  0.220 ms  1648/3578 (46%)  
[  5] 344.00-345.00 sec   226 KBytes  1.85 Mbits/sec  0.218 ms  949/3266 (29%)  
[  5] 345.00-346.00 sec   199 KBytes  1.63 Mbits/sec  0.215 ms  1289/3322 (39%)  
[  5] 346.00-347.00 sec   161 KBytes  1.32 Mbits/sec  0.219 ms  907/2551 (36%)  
[  5] 347.00-348.00 sec   221 KBytes  1.81 Mbits/sec  0.238 ms  1051/3311 (32%)  
[  5] 348.00-349.00 sec   172 KBytes  1.41 Mbits/sec  0.221 ms  789/2550 (31%)  
[  5] 349.00-350.00 sec   220 KBytes  1.80 Mbits/sec  0.208 ms  1792/4043 (44%)  
[  5] 350.00-351.00 sec   152 KBytes  1.24 Mbits/sec  0.210 ms  1197/2753 (43%)  
[  5] 351.00-352.00 sec   135 KBytes  1.11 Mbits/sec  0.216 ms  846/2233 (38%)  
[  5] 352.00-353.00 sec   217 KBytes  1.78 Mbits/sec  0.214 ms  1191/3415 (35%)  
[  5] 353.00-354.00 sec   245 KBytes  2.01 Mbits/sec  0.202 ms  2892/5402 (54%)  
[  5] 354.00-355.00 sec   204 KBytes  1.67 Mbits/sec  0.220 ms  1790/3877 (46%)  
[  5] 355.00-356.00 sec   272 KBytes  2.23 Mbits/sec  0.219 ms  2218/5001 (44%)  
[  5] 356.00-357.00 sec   259 KBytes  2.12 Mbits/sec  0.366 ms  2450/5106 (48%)  
[  5] 357.00-358.00 sec   281 KBytes  2.30 Mbits/sec  0.210 ms  3486/6361 (55%)  
[  5] 358.00-359.00 sec   226 KBytes  1.85 Mbits/sec  0.223 ms  3525/5842 (60%)  
[  5] 359.00-360.00 sec   203 KBytes  1.66 Mbits/sec  0.422 ms  3096/5171 (60%)  
[  5] 360.00-361.00 sec   269 KBytes  2.20 Mbits/sec  0.225 ms  5028/7780 (65%)  
[  5] 361.00-362.00 sec   272 KBytes  2.23 Mbits/sec  0.213 ms  3870/6653 (58%)  
[  5] 362.00-363.00 sec   271 KBytes  2.22 Mbits/sec  0.223 ms  5361/8140 (66%)  
[  5] 363.00-364.00 sec   211 KBytes  1.73 Mbits/sec  0.180 ms  4326/6487 (67%)  
[  5] 364.00-365.00 sec   195 KBytes  1.60 Mbits/sec  0.397 ms  3327/5326 (62%)  
[  5] 365.00-366.00 sec   215 KBytes  1.76 Mbits/sec  0.214 ms  3539/5736 (62%)  
[  5] 366.00-367.00 sec   191 KBytes  1.56 Mbits/sec  0.203 ms  2332/4286 (54%)  
[  5] 367.00-368.00 sec   259 KBytes  2.12 Mbits/sec  0.216 ms  3779/6431 (59%)  
[  5] 368.00-369.00 sec   245 KBytes  2.01 Mbits/sec  0.580 ms  3509/6019 (58%)  
[  5] 369.00-370.00 sec   271 KBytes  2.22 Mbits/sec  0.216 ms  2838/5617 (51%)  
[  5] 370.00-371.00 sec   236 KBytes  1.93 Mbits/sec  0.224 ms  2712/5124 (53%)  
[  5] 371.00-372.00 sec   247 KBytes  2.03 Mbits/sec  0.224 ms  3683/6216 (59%)  
[  5] 372.00-373.00 sec   269 KBytes  2.20 Mbits/sec  0.181 ms  2944/5697 (52%)  
[  5] 373.00-374.00 sec   264 KBytes  2.16 Mbits/sec  0.218 ms  3895/6599 (59%)  
[  5] 374.00-375.00 sec   240 KBytes  1.97 Mbits/sec  0.213 ms  2370/4828 (49%)  
[  5] 375.00-376.00 sec   255 KBytes  2.09 Mbits/sec  0.218 ms  2587/5198 (50%)  
[  5] 376.00-377.00 sec   281 KBytes  2.30 Mbits/sec  0.221 ms  2617/5492 (48%)  
[  5] 377.00-378.00 sec   183 KBytes  1.50 Mbits/sec  0.222 ms  3117/4994 (62%)  
[  5] 378.00-379.00 sec   272 KBytes  2.23 Mbits/sec  0.221 ms  3329/6113 (54%)  
[  5] 379.00-380.00 sec   268 KBytes  2.19 Mbits/sec  0.212 ms  3114/5856 (53%)  
[  5] 380.00-381.00 sec   269 KBytes  2.20 Mbits/sec  0.217 ms  4888/7639 (64%)  
[  5] 381.00-382.00 sec   268 KBytes  2.20 Mbits/sec  0.272 ms  2955/5702 (52%)  
[  5] 382.00-383.00 sec   248 KBytes  2.03 Mbits/sec  0.220 ms  2119/4659 (45%)  
[  5] 383.00-384.00 sec   273 KBytes  2.23 Mbits/sec  0.222 ms  2296/5094 (45%)  
[  5] 384.00-385.00 sec   256 KBytes  2.10 Mbits/sec  0.253 ms  1787/4405 (41%)  
[  5] 385.00-386.00 sec   307 KBytes  2.51 Mbits/sec  0.700 ms  2464/5608 (44%)  
[  5] 386.00-387.00 sec   260 KBytes  2.13 Mbits/sec  0.200 ms  2596/5258 (49%)  
[  5] 387.00-388.00 sec   263 KBytes  2.15 Mbits/sec  0.198 ms  2251/4945 (46%)  
[  5] 388.00-389.00 sec   224 KBytes  1.83 Mbits/sec  0.218 ms  2243/4536 (49%)  
[  5] 389.00-390.00 sec   212 KBytes  1.73 Mbits/sec  0.289 ms  1308/3475 (38%)  
[  5] 390.00-391.00 sec   257 KBytes  2.10 Mbits/sec  0.472 ms  2116/4743 (45%)  
[  5] 391.00-392.00 sec   271 KBytes  2.22 Mbits/sec  0.215 ms  2020/4799 (42%)  
[  5] 392.00-393.00 sec   280 KBytes  2.29 Mbits/sec  0.219 ms  2653/5516 (48%)  
[  5] 393.00-394.00 sec   271 KBytes  2.22 Mbits/sec  0.227 ms  3916/6693 (59%)  
[  5] 394.00-395.00 sec   280 KBytes  2.29 Mbits/sec  0.213 ms  2121/5003 (42%)  
[  5] 395.00-396.00 sec   271 KBytes  2.22 Mbits/sec  0.220 ms  1952/4731 (41%)  
[  5] 396.00-397.00 sec   262 KBytes  2.15 Mbits/sec  0.210 ms  2005/4690 (43%)  
[  5] 397.00-398.00 sec   302 KBytes  2.47 Mbits/sec  0.213 ms  2252/5340 (42%)  
[  5] 398.00-399.00 sec   259 KBytes  2.12 Mbits/sec  0.300 ms  1844/4495 (41%)  
[  5] 399.00-400.00 sec   277 KBytes  2.27 Mbits/sec  0.255 ms  2022/4856 (42%)  
[  5] 400.00-401.00 sec   266 KBytes  2.18 Mbits/sec  0.209 ms  1989/4713 (42%)  
[  5] 401.00-402.00 sec   281 KBytes  2.30 Mbits/sec  0.220 ms  1932/4807 (40%)  
[  5] 402.00-403.00 sec   244 KBytes  2.00 Mbits/sec  0.301 ms  1830/4327 (42%)  
[  5] 403.00-404.00 sec   268 KBytes  2.19 Mbits/sec  0.211 ms  2122/4862 (44%)  
[  5] 404.00-405.00 sec   179 KBytes  1.46 Mbits/sec  0.221 ms  1680/3511 (48%)  
[  5] 405.00-406.00 sec   239 KBytes  1.96 Mbits/sec  0.218 ms  2181/4629 (47%)  
[  5] 406.00-407.00 sec   238 KBytes  1.95 Mbits/sec  0.217 ms  2208/4644 (48%)  
[  5] 407.00-408.00 sec   236 KBytes  1.93 Mbits/sec  0.237 ms  1372/3784 (36%)  
[  5] 408.00-409.00 sec   239 KBytes  1.96 Mbits/sec  0.227 ms  1800/4245 (42%)  
[  5] 409.00-410.00 sec   218 KBytes  1.79 Mbits/sec  0.237 ms  1544/3781 (41%)  
[  5] 410.00-411.00 sec   271 KBytes  2.22 Mbits/sec  0.223 ms  1811/4590 (39%)  
[  5] 411.00-412.00 sec   259 KBytes  2.12 Mbits/sec  0.214 ms  1886/4534 (42%)  
[  5] 412.00-413.00 sec   188 KBytes  1.54 Mbits/sec  0.598 ms  1392/3317 (42%)  
[  5] 413.00-414.00 sec   206 KBytes  1.69 Mbits/sec  0.592 ms  1626/3735 (44%)  
[  5] 414.00-415.00 sec   230 KBytes  1.89 Mbits/sec  0.236 ms  1955/4313 (45%)  
[  5] 415.00-416.00 sec   241 KBytes  1.98 Mbits/sec  0.222 ms  1859/4330 (43%)  
[  5] 416.00-417.00 sec   280 KBytes  2.30 Mbits/sec  0.228 ms  1968/4839 (41%)  
[  5] 417.00-418.00 sec   222 KBytes  1.82 Mbits/sec  0.219 ms  1748/4021 (43%)  
[  5] 418.00-419.00 sec   258 KBytes  2.11 Mbits/sec  0.219 ms  1997/4635 (43%)  
[  5] 419.00-420.00 sec   281 KBytes  2.30 Mbits/sec  0.221 ms  1643/4518 (36%)  
[  5] 420.00-421.00 sec   226 KBytes  1.85 Mbits/sec  0.216 ms  1330/3646 (36%)  
[  5] 421.00-422.00 sec   267 KBytes  2.18 Mbits/sec  0.212 ms  1557/4289 (36%)  
[  5] 422.00-423.00 sec   280 KBytes  2.30 Mbits/sec  0.220 ms  1404/4274 (33%)  
[  5] 423.00-424.00 sec   220 KBytes  1.80 Mbits/sec  0.659 ms  1255/3510 (36%)  
[  5] 424.00-425.00 sec   238 KBytes  1.95 Mbits/sec  0.322 ms  1293/3732 (35%)  
[  5] 425.00-426.00 sec   249 KBytes  2.04 Mbits/sec  0.260 ms  1701/4254 (40%)  
