Connecting to host 172.22.0.50, port 5202
Reverse mode, remote host 172.22.0.50 is sending
[  5] local 192.168.102.2 port 60199 connected to 172.22.0.50 port 5202
[ ID] Interval           Transfer     Bitrate         Jitter    Lost/Total Datagrams
[  5]   0.00-1.00   sec   439 KBytes  3.60 Mbits/sec  0.312 ms  0/4500 (0%)  
[  5]   1.00-2.00   sec   439 KBytes  3.60 Mbits/sec  0.290 ms  0/4500 (0%)  
[  5]   2.00-3.00   sec   438 KBytes  3.59 Mbits/sec  0.555 ms  0/4490 (0%)  
[  5]   3.00-4.00   sec   440 KBytes  3.61 Mbits/sec  0.288 ms  0/4510 (0%)  
[  5]   4.00-5.00   sec   439 KBytes  3.59 Mbits/sec  0.442 ms  0/4494 (0%)  
[  5]   5.00-6.00   sec   437 KBytes  3.57 Mbits/sec  0.610 ms  0/4474 (0%)  
[  5]   6.00-7.00   sec   441 KBytes  3.62 Mbits/sec  0.266 ms  0/4518 (0%)  
[  5]   7.00-8.00   sec   440 KBytes  3.60 Mbits/sec  0.275 ms  0/4504 (0%)  
[  5]   8.00-9.00   sec   437 KBytes  3.58 Mbits/sec  0.534 ms  0/4471 (0%)  
[  5]   9.00-10.00  sec   441 KBytes  3.61 Mbits/sec  0.246 ms  0/4517 (0%)  
[  5]  10.00-11.00  sec   440 KBytes  3.60 Mbits/sec  0.245 ms  0/4505 (0%)  
[  5]  11.00-12.00  sec   441 KBytes  3.61 Mbits/sec  0.268 ms  0/4513 (0%)  
[  5]  12.00-13.00  sec   439 KBytes  3.60 Mbits/sec  0.289 ms  0/4498 (0%)  
[  5]  13.00-14.00  sec   437 KBytes  3.58 Mbits/sec  0.668 ms  0/4477 (0%)  
[  5]  14.00-15.00  sec   438 KBytes  3.59 Mbits/sec  0.225 ms  0/4483 (0%)  
[  5]  15.00-16.00  sec   443 KBytes  3.63 Mbits/sec  0.255 ms  0/4541 (0%)  
[  5]  16.00-17.00  sec   437 KBytes  3.58 Mbits/sec  0.287 ms  0/4479 (0%)  
[  5]  17.00-18.00  sec   430 KBytes  3.52 Mbits/sec  0.507 ms  0/4404 (0%)  
[  5]  18.00-19.00  sec   388 KBytes  3.18 Mbits/sec  0.472 ms  0/3968 (0%)  
[  5]  19.00-20.00  sec   409 KBytes  3.35 Mbits/sec  0.278 ms  0/4193 (0%)  
[  5]  20.00-21.00  sec   414 KBytes  3.39 Mbits/sec  0.384 ms  0/4241 (0%)  
[  5]  21.00-22.00  sec   413 KBytes  3.38 Mbits/sec  0.484 ms  0/4228 (0%)  
[  5]  22.00-23.00  sec   406 KBytes  3.33 Mbits/sec  0.348 ms  0/4155 (0%)  
[  5]  23.00-24.00  sec   405 KBytes  3.31 Mbits/sec  0.397 ms  0/4144 (0%)  
[  5]  24.00-25.00  sec   408 KBytes  3.34 Mbits/sec  0.313 ms  0/4176 (0%)  
[  5]  25.00-26.00  sec   407 KBytes  3.33 Mbits/sec  0.265 ms  0/4167 (0%)  
[  5]  26.00-27.00  sec   404 KBytes  3.31 Mbits/sec  0.426 ms  0/4134 (0%)  
[  5]  27.00-28.00  sec   409 KBytes  3.35 Mbits/sec  0.316 ms  0/4192 (0%)  
[  5]  28.00-29.00  sec   395 KBytes  3.24 Mbits/sec  0.346 ms  0/4045 (0%)  
[  5]  29.00-30.00  sec   402 KBytes  3.29 Mbits/sec  0.454 ms  0/4117 (0%)  
[  5]  30.00-31.00  sec   411 KBytes  3.37 Mbits/sec  0.347 ms  0/4207 (0%)  
[  5]  31.00-32.00  sec   408 KBytes  3.34 Mbits/sec  0.412 ms  0/4175 (0%)  
[  5]  32.00-33.00  sec   401 KBytes  3.29 Mbits/sec  0.371 ms  0/4106 (0%)  
[  5]  33.00-34.00  sec   411 KBytes  3.36 Mbits/sec  0.450 ms  0/4206 (0%)  
[  5]  34.00-35.00  sec   412 KBytes  3.38 Mbits/sec  0.319 ms  0/4222 (0%)  
[  5]  35.00-36.00  sec   407 KBytes  3.33 Mbits/sec  0.319 ms  0/4169 (0%)  
[  5]  36.00-37.00  sec   411 KBytes  3.36 Mbits/sec  0.286 ms  0/4204 (0%)  
[  5]  37.00-38.00  sec   406 KBytes  3.32 Mbits/sec  0.767 ms  0/4156 (0%)  
[  5]  38.00-39.00  sec   367 KBytes  3.01 Mbits/sec  0.502 ms  0/3762 (0%)  
[  5]  39.00-40.00  sec   370 KBytes  3.03 Mbits/sec  0.472 ms  0/3788 (0%)  
[  5]  40.00-41.00  sec   357 KBytes  2.93 Mbits/sec  0.352 ms  0/3658 (0%)  
[  5]  41.00-42.00  sec   380 KBytes  3.11 Mbits/sec  0.341 ms  0/3887 (0%)  
[  5]  42.00-43.00  sec   386 KBytes  3.16 Mbits/sec  0.364 ms  0/3954 (0%)  
[  5]  43.00-44.00  sec   404 KBytes  3.31 Mbits/sec  0.358 ms  0/4133 (0%)  
[  5]  44.00-45.00  sec   412 KBytes  3.38 Mbits/sec  0.331 ms  0/4222 (0%)  
[  5]  45.00-46.00  sec   413 KBytes  3.38 Mbits/sec  0.332 ms  0/4229 (0%)  
[  5]  46.00-47.00  sec   404 KBytes  3.31 Mbits/sec  0.303 ms  0/4133 (0%)  
[  5]  47.00-48.00  sec   400 KBytes  3.28 Mbits/sec  0.405 ms  0/4100 (0%)  
[  5]  48.00-49.00  sec   401 KBytes  3.29 Mbits/sec  0.326 ms  0/4107 (0%)  
[  5]  49.00-50.00  sec   410 KBytes  3.36 Mbits/sec  0.422 ms  0/4199 (0%)  
[  5]  50.00-51.00  sec   412 KBytes  3.38 Mbits/sec  0.290 ms  0/4223 (0%)  
[  5]  51.00-52.00  sec   405 KBytes  3.31 Mbits/sec  0.325 ms  0/4143 (0%)  
[  5]  52.00-53.00  sec   405 KBytes  3.31 Mbits/sec  0.442 ms  0/4143 (0%)  
[  5]  53.00-54.00  sec   401 KBytes  3.29 Mbits/sec  0.343 ms  0/4114 (0%)  
[  5]  54.00-55.00  sec   393 KBytes  3.22 Mbits/sec  0.313 ms  0/4023 (0%)  
[  5]  55.00-56.00  sec   390 KBytes  3.20 Mbits/sec  0.373 ms  0/3997 (0%)  
[  5]  56.00-57.00  sec   393 KBytes  3.22 Mbits/sec  0.349 ms  0/4022 (0%)  
[  5]  57.00-58.00  sec   400 KBytes  3.28 Mbits/sec  0.337 ms  0/4096 (0%)  
[  5]  58.00-59.00  sec   400 KBytes  3.28 Mbits/sec  0.397 ms  0/4100 (0%)  
[  5]  59.00-60.00  sec   401 KBytes  3.28 Mbits/sec  0.305 ms  0/4102 (0%)  
[  5]  60.00-61.00  sec   394 KBytes  3.23 Mbits/sec  0.440 ms  0/4039 (0%)  
[  5]  61.00-62.00  sec   396 KBytes  3.24 Mbits/sec  0.376 ms  0/4054 (0%)  
[  5]  62.00-63.00  sec   394 KBytes  3.23 Mbits/sec  0.391 ms  0/4034 (0%)  
[  5]  63.00-64.00  sec   399 KBytes  3.27 Mbits/sec  0.406 ms  0/4088 (0%)  
[  5]  64.00-65.00  sec   392 KBytes  3.21 Mbits/sec  0.340 ms  0/4009 (0%)  
[  5]  65.00-66.00  sec   402 KBytes  3.30 Mbits/sec  0.316 ms  0/4121 (0%)  
[  5]  66.00-67.00  sec   406 KBytes  3.33 Mbits/sec  0.361 ms  0/4162 (0%)  
[  5]  67.00-68.00  sec   402 KBytes  3.30 Mbits/sec  0.363 ms  0/4121 (0%)  
[  5]  68.00-69.00  sec   376 KBytes  3.08 Mbits/sec  0.327 ms  0/3850 (0%)  
[  5]  69.00-70.00  sec   391 KBytes  3.20 Mbits/sec  0.369 ms  0/4003 (0%)  
[  5]  70.00-71.00  sec   398 KBytes  3.26 Mbits/sec  0.313 ms  0/4076 (0%)  
[  5]  71.00-72.00  sec   393 KBytes  3.22 Mbits/sec  0.376 ms  0/4023 (0%)  
[  5]  72.00-73.00  sec   393 KBytes  3.22 Mbits/sec  0.341 ms  0/4022 (0%)  
[  5]  73.00-74.00  sec   404 KBytes  3.31 Mbits/sec  0.393 ms  0/4142 (0%)  
[  5]  74.00-75.00  sec   401 KBytes  3.28 Mbits/sec  0.334 ms  0/4102 (0%)  
[  5]  75.00-76.00  sec   404 KBytes  3.31 Mbits/sec  0.401 ms  0/4139 (0%)  
[  5]  76.00-77.00  sec   408 KBytes  3.34 Mbits/sec  0.344 ms  0/4178 (0%)  
[  5]  77.00-78.00  sec   401 KBytes  3.28 Mbits/sec  0.388 ms  0/4102 (0%)  
[  5]  78.00-79.00  sec   400 KBytes  3.28 Mbits/sec  0.329 ms  0/4094 (0%)  
[  5]  79.00-80.00  sec   392 KBytes  3.21 Mbits/sec  0.387 ms  0/4013 (0%)  
[  5]  80.00-81.00  sec   401 KBytes  3.29 Mbits/sec  0.442 ms  0/4102 (0%)  
[  5]  81.00-82.00  sec   405 KBytes  3.32 Mbits/sec  0.305 ms  0/4148 (0%)  
[  5]  82.00-83.00  sec   408 KBytes  3.34 Mbits/sec  0.291 ms  0/4173 (0%)  
[  5]  83.00-84.00  sec   403 KBytes  3.30 Mbits/sec  0.313 ms  0/4127 (0%)  
[  5]  84.00-85.00  sec   407 KBytes  3.33 Mbits/sec  0.379 ms  0/4168 (0%)  
[  5]  85.00-86.00  sec   403 KBytes  3.30 Mbits/sec  0.390 ms  0/4130 (0%)  
[  5]  86.00-87.00  sec   398 KBytes  3.26 Mbits/sec  0.420 ms  0/4075 (0%)  
[  5]  87.00-88.00  sec   394 KBytes  3.23 Mbits/sec  0.384 ms  0/4038 (0%)  
[  5]  88.00-89.00  sec   380 KBytes  3.11 Mbits/sec  0.353 ms  0/3887 (0%)  
[  5]  89.00-90.00  sec   390 KBytes  3.19 Mbits/sec  0.344 ms  0/3997 (0%)  
[  5]  90.00-91.00  sec   398 KBytes  3.27 Mbits/sec  0.352 ms  0/4073 (0%)  
[  5]  91.00-92.00  sec   401 KBytes  3.28 Mbits/sec  0.319 ms  0/4111 (0%)  
[  5]  92.00-93.00  sec   397 KBytes  3.25 Mbits/sec  0.386 ms  0/4067 (0%)  
[  5]  93.00-94.00  sec   399 KBytes  3.27 Mbits/sec  0.369 ms  0/4086 (0%)  
[  5]  94.00-95.00  sec   395 KBytes  3.24 Mbits/sec  0.348 ms  0/4048 (0%)  
[  5]  95.00-96.00  sec   381 KBytes  3.12 Mbits/sec  0.301 ms  0/3906 (0%)  
[  5]  96.00-97.00  sec   386 KBytes  3.16 Mbits/sec  0.309 ms  0/3949 (0%)  
[  5]  97.00-98.00  sec   396 KBytes  3.24 Mbits/sec  0.362 ms  0/4051 (0%)  
[  5]  98.00-99.00  sec   403 KBytes  3.30 Mbits/sec  0.299 ms  0/4127 (0%)  
[  5]  99.00-100.00 sec   399 KBytes  3.26 Mbits/sec  0.346 ms  0/4082 (0%)  
[  5] 100.00-101.00 sec   405 KBytes  3.32 Mbits/sec  0.330 ms  0/4151 (0%)  
[  5] 101.00-102.00 sec   401 KBytes  3.29 Mbits/sec  0.328 ms  0/4107 (0%)  
[  5] 102.00-103.00 sec   399 KBytes  3.27 Mbits/sec  0.332 ms  0/4082 (0%)  
[  5] 103.00-104.00 sec   403 KBytes  3.30 Mbits/sec  0.333 ms  0/4125 (0%)  
[  5] 104.00-105.00 sec   402 KBytes  3.29 Mbits/sec  0.323 ms  0/4114 (0%)  
[  5] 105.00-106.00 sec   389 KBytes  3.18 Mbits/sec  0.376 ms  0/3983 (0%)  
[  5] 106.00-107.00 sec   394 KBytes  3.23 Mbits/sec  0.376 ms  0/4031 (0%)  
[  5] 107.00-108.00 sec   398 KBytes  3.26 Mbits/sec  0.346 ms  0/4076 (0%)  
[  5] 108.00-109.00 sec   399 KBytes  3.27 Mbits/sec  0.342 ms  0/4090 (0%)  
[  5] 109.00-110.00 sec   398 KBytes  3.26 Mbits/sec  0.301 ms  0/4077 (0%)  
[  5] 110.00-111.00 sec   400 KBytes  3.28 Mbits/sec  0.415 ms  0/4099 (0%)  
[  5] 111.00-112.00 sec   401 KBytes  3.28 Mbits/sec  0.311 ms  0/4102 (0%)  
[  5] 112.00-113.00 sec   389 KBytes  3.19 Mbits/sec  0.348 ms  0/3980 (0%)  
[  5] 113.00-114.00 sec   379 KBytes  3.10 Mbits/sec  0.342 ms  0/3877 (0%)  
[  5] 114.00-115.00 sec   381 KBytes  3.13 Mbits/sec  0.330 ms  0/3905 (0%)  
[  5] 115.00-116.00 sec   374 KBytes  3.06 Mbits/sec  0.375 ms  0/3826 (0%)  
[  5] 116.00-117.00 sec   368 KBytes  3.02 Mbits/sec  0.444 ms  0/3771 (0%)  
[  5] 117.00-118.00 sec   372 KBytes  3.05 Mbits/sec  0.314 ms  0/3809 (0%)  
[  5] 118.00-119.00 sec   375 KBytes  3.08 Mbits/sec  0.355 ms  0/3845 (0%)  
[  5] 119.00-120.00 sec   377 KBytes  3.09 Mbits/sec  0.353 ms  0/3857 (0%)  
[  5] 120.00-121.00 sec   363 KBytes  2.97 Mbits/sec  0.337 ms  0/3719 (0%)  
[  5] 121.00-122.00 sec   374 KBytes  3.06 Mbits/sec  0.389 ms  0/3827 (0%)  
[  5] 122.00-123.00 sec   381 KBytes  3.12 Mbits/sec  0.357 ms  0/3898 (0%)  
[  5] 123.00-124.00 sec   373 KBytes  3.05 Mbits/sec  0.537 ms  0/3815 (0%)  
[  5] 124.00-125.00 sec   389 KBytes  3.19 Mbits/sec  0.339 ms  0/3986 (0%)  
[  5] 125.00-126.00 sec   404 KBytes  3.31 Mbits/sec  0.311 ms  0/4133 (0%)  
[  5] 126.00-127.00 sec   401 KBytes  3.28 Mbits/sec  0.395 ms  0/4107 (0%)  
[  5] 127.00-128.00 sec   405 KBytes  3.32 Mbits/sec  0.318 ms  0/4150 (0%)  
[  5] 128.00-129.00 sec   374 KBytes  3.07 Mbits/sec  0.367 ms  0/3833 (0%)  
[  5] 129.00-130.00 sec   390 KBytes  3.19 Mbits/sec  0.374 ms  0/3989 (0%)  
[  5] 130.00-131.00 sec   375 KBytes  3.07 Mbits/sec  0.245 ms  0/3841 (0%)  
[  5] 131.00-132.00 sec   396 KBytes  3.25 Mbits/sec  0.417 ms  0/4059 (0%)  
[  5] 132.00-133.00 sec   403 KBytes  3.30 Mbits/sec  0.360 ms  0/4125 (0%)  
[  5] 133.00-134.00 sec   404 KBytes  3.31 Mbits/sec  0.426 ms  0/4136 (0%)  
[  5] 134.00-135.00 sec   407 KBytes  3.33 Mbits/sec  0.399 ms  0/4172 (0%)  
[  5] 135.00-136.00 sec   398 KBytes  3.27 Mbits/sec  0.382 ms  0/4080 (0%)  
[  5] 136.00-137.00 sec   395 KBytes  3.23 Mbits/sec  0.305 ms  0/4042 (0%)  
[  5] 137.00-138.00 sec   393 KBytes  3.22 Mbits/sec  0.323 ms  0/4020 (0%)  
[  5] 138.00-139.00 sec   396 KBytes  3.25 Mbits/sec  0.386 ms  0/4060 (0%)  
[  5] 139.00-140.00 sec   407 KBytes  3.33 Mbits/sec  0.414 ms  0/4167 (0%)  
[  5] 140.00-141.00 sec   413 KBytes  3.38 Mbits/sec  0.329 ms  0/4230 (0%)  
[  5] 141.00-142.00 sec   396 KBytes  3.25 Mbits/sec  0.331 ms  0/4057 (0%)  
[  5] 142.00-143.00 sec   398 KBytes  3.25 Mbits/sec  0.333 ms  0/4071 (0%)  
[  5] 143.00-144.00 sec   408 KBytes  3.35 Mbits/sec  0.316 ms  0/4181 (0%)  
[  5] 144.00-145.00 sec   407 KBytes  3.33 Mbits/sec  0.361 ms  0/4169 (0%)  
[  5] 145.00-146.00 sec   400 KBytes  3.27 Mbits/sec  0.392 ms  0/4091 (0%)  
[  5] 146.00-147.00 sec   385 KBytes  3.15 Mbits/sec  0.334 ms  0/3952 (0%)  
[  5] 147.00-148.00 sec   367 KBytes  3.00 Mbits/sec  0.317 ms  0/3753 (0%)  
[  5] 148.00-149.00 sec   361 KBytes  2.96 Mbits/sec  0.444 ms  0/3700 (0%)  
[  5] 149.00-150.00 sec   371 KBytes  3.04 Mbits/sec  0.430 ms  0/3799 (0%)  
[  5] 150.00-151.00 sec   376 KBytes  3.08 Mbits/sec  0.389 ms  0/3854 (0%)  
[  5] 151.00-152.00 sec   399 KBytes  3.27 Mbits/sec  0.396 ms  0/4084 (0%)  
[  5] 152.00-153.00 sec   400 KBytes  3.27 Mbits/sec  0.338 ms  0/4094 (0%)  
[  5] 153.00-154.00 sec   395 KBytes  3.23 Mbits/sec  0.375 ms  0/4041 (0%)  
[  5] 154.00-155.00 sec   399 KBytes  3.27 Mbits/sec  0.301 ms  0/4083 (0%)  
[  5] 155.00-156.00 sec   408 KBytes  3.34 Mbits/sec  0.299 ms  0/4179 (0%)  
[  5] 156.00-157.00 sec   406 KBytes  3.32 Mbits/sec  0.366 ms  0/4156 (0%)  
[  5] 157.00-158.00 sec   408 KBytes  3.34 Mbits/sec  0.446 ms  0/4178 (0%)  
[  5] 158.00-159.00 sec   397 KBytes  3.26 Mbits/sec  0.314 ms  0/4068 (0%)  
[  5] 159.00-160.00 sec   388 KBytes  3.18 Mbits/sec  0.338 ms  0/3972 (0%)  
[  5] 160.00-161.00 sec   377 KBytes  3.09 Mbits/sec  0.397 ms  0/3858 (0%)  
[  5] 161.00-162.00 sec   371 KBytes  3.04 Mbits/sec  0.404 ms  0/3804 (0%)  
[  5] 162.00-163.00 sec   387 KBytes  3.17 Mbits/sec  0.330 ms  0/3960 (0%)  
[  5] 163.00-164.00 sec   396 KBytes  3.25 Mbits/sec  0.513 ms  0/4058 (0%)  
[  5] 164.00-165.00 sec   404 KBytes  3.31 Mbits/sec  0.409 ms  0/4132 (0%)  
[  5] 165.00-166.00 sec   395 KBytes  3.24 Mbits/sec  0.367 ms  0/4046 (0%)  
[  5] 166.00-167.00 sec   395 KBytes  3.24 Mbits/sec  0.383 ms  0/4048 (0%)  
[  5] 167.00-168.00 sec   403 KBytes  3.30 Mbits/sec  0.797 ms  0/4125 (0%)  
[  5] 168.00-169.00 sec   399 KBytes  3.27 Mbits/sec  0.369 ms  0/4082 (0%)  
[  5] 169.00-170.00 sec   390 KBytes  3.20 Mbits/sec  0.318 ms  0/3997 (0%)  
[  5] 170.00-171.00 sec   395 KBytes  3.23 Mbits/sec  0.307 ms  0/4042 (0%)  
[  5] 171.00-172.00 sec   401 KBytes  3.29 Mbits/sec  0.520 ms  0/4107 (0%)  
[  5] 172.00-173.00 sec   403 KBytes  3.30 Mbits/sec  0.426 ms  0/4125 (0%)  
[  5] 173.00-174.00 sec   408 KBytes  3.33 Mbits/sec  0.392 ms  0/4173 (0%)  
[  5] 174.00-175.00 sec   404 KBytes  3.31 Mbits/sec  0.352 ms  0/4139 (0%)  
[  5] 175.00-176.00 sec   408 KBytes  3.34 Mbits/sec  0.296 ms  0/4175 (0%)  
[  5] 176.00-177.00 sec   398 KBytes  3.26 Mbits/sec  0.342 ms  0/4077 (0%)  
[  5] 177.00-178.00 sec   385 KBytes  3.15 Mbits/sec  0.470 ms  0/3943 (0%)  
[  5] 178.00-179.00 sec   386 KBytes  3.16 Mbits/sec  0.310 ms  0/3949 (0%)  
[  5] 179.00-180.00 sec   398 KBytes  3.26 Mbits/sec  0.345 ms  0/4076 (0%)  
[  5] 180.00-181.00 sec   402 KBytes  3.30 Mbits/sec  0.372 ms  0/4119 (0%)  
[  5] 181.00-182.00 sec   405 KBytes  3.32 Mbits/sec  0.387 ms  0/4151 (0%)  
[  5] 182.00-183.00 sec   402 KBytes  3.29 Mbits/sec  0.342 ms  0/4116 (0%)  
[  5] 183.00-184.00 sec   401 KBytes  3.28 Mbits/sec  0.413 ms  0/4104 (0%)  
[  5] 184.00-185.00 sec   403 KBytes  3.30 Mbits/sec  0.361 ms  0/4125 (0%)  
[  5] 185.00-186.00 sec   397 KBytes  3.25 Mbits/sec  0.341 ms  0/4065 (0%)  
[  5] 186.00-187.00 sec   399 KBytes  3.27 Mbits/sec  0.395 ms  0/4090 (0%)  
[  5] 187.00-188.00 sec   393 KBytes  3.22 Mbits/sec  0.309 ms  0/4021 (0%)  
[  5] 188.00-189.00 sec   399 KBytes  3.27 Mbits/sec  0.283 ms  0/4088 (0%)  
[  5] 189.00-190.00 sec   391 KBytes  3.21 Mbits/sec  0.350 ms  0/4008 (0%)  
[  5] 190.00-191.00 sec   397 KBytes  3.25 Mbits/sec  0.586 ms  0/4065 (0%)  
[  5] 191.00-192.00 sec   404 KBytes  3.31 Mbits/sec  0.313 ms  0/4139 (0%)  
[  5] 192.00-193.00 sec   401 KBytes  3.28 Mbits/sec  0.329 ms  0/4108 (0%)  
[  5] 193.00-194.00 sec   381 KBytes  3.13 Mbits/sec  0.379 ms  0/3906 (0%)  
[  5] 194.00-195.00 sec   296 KBytes  2.42 Mbits/sec  0.402 ms  0/3027 (0%)  
[  5] 195.00-196.00 sec   330 KBytes  2.71 Mbits/sec  0.277 ms  0/3384 (0%)  
[  5] 196.00-197.00 sec   337 KBytes  2.77 Mbits/sec  0.342 ms  0/3455 (0%)  
[  5] 197.00-198.00 sec   327 KBytes  2.67 Mbits/sec  0.446 ms  0/3353 (0%)  
[  5] 198.00-199.00 sec   309 KBytes  2.54 Mbits/sec  0.299 ms  0/3160 (0%)  
[  5] 199.00-200.00 sec   389 KBytes  3.18 Mbits/sec  0.271 ms  0/3980 (0%)  
[  5] 200.00-201.00 sec   401 KBytes  3.28 Mbits/sec  0.305 ms  0/4102 (0%)  
[  5] 201.00-202.00 sec   388 KBytes  3.18 Mbits/sec  0.337 ms  0/3978 (0%)  
[  5] 202.00-203.00 sec   336 KBytes  2.75 Mbits/sec  0.873 ms  0/3438 (0%)  
[  5] 203.00-204.00 sec   316 KBytes  2.59 Mbits/sec  0.496 ms  0/3240 (0%)  
[  5] 204.00-205.00 sec   394 KBytes  3.23 Mbits/sec  0.370 ms  0/4036 (0%)  
[  5] 205.00-206.00 sec   404 KBytes  3.31 Mbits/sec  0.372 ms  0/4142 (0%)  
[  5] 206.00-207.00 sec   408 KBytes  3.35 Mbits/sec  0.303 ms  0/4181 (0%)  
[  5] 207.00-208.00 sec   405 KBytes  3.32 Mbits/sec  0.327 ms  0/4145 (0%)  
[  5] 208.00-209.00 sec   397 KBytes  3.26 Mbits/sec  0.331 ms  0/4070 (0%)  
[  5] 209.00-210.00 sec   322 KBytes  2.64 Mbits/sec  0.217 ms  341/3638 (9.4%)  
[  5] 210.00-211.00 sec   359 KBytes  2.94 Mbits/sec  0.214 ms  413/4085 (10%)  
[  5] 211.00-212.00 sec   401 KBytes  3.28 Mbits/sec  0.221 ms  619/4722 (13%)  
[  5] 212.00-213.00 sec   352 KBytes  2.88 Mbits/sec  0.223 ms  726/4331 (17%)  
[  5] 213.00-214.00 sec   380 KBytes  3.11 Mbits/sec  0.294 ms  635/4523 (14%)  
[  5] 214.00-215.00 sec   348 KBytes  2.85 Mbits/sec  0.234 ms  1869/5432 (34%)  
[  5] 215.00-216.00 sec   390 KBytes  3.20 Mbits/sec  0.214 ms  1907/5903 (32%)  
[  5] 216.00-217.00 sec   384 KBytes  3.15 Mbits/sec  0.244 ms  1727/5662 (31%)  
[  5] 217.00-218.00 sec   342 KBytes  2.80 Mbits/sec  0.217 ms  1689/5191 (33%)  
[  5] 218.00-219.00 sec   428 KBytes  3.51 Mbits/sec  0.216 ms  988/5369 (18%)  
[  5] 219.00-220.00 sec   351 KBytes  2.88 Mbits/sec  0.224 ms  452/4050 (11%)  
[  5] 220.00-221.00 sec   322 KBytes  2.64 Mbits/sec  0.237 ms  1006/4304 (23%)  
[  5] 221.00-222.00 sec   349 KBytes  2.86 Mbits/sec  0.244 ms  875/4450 (20%)  
[  5] 222.00-223.00 sec   300 KBytes  2.46 Mbits/sec  0.326 ms  2074/5144 (40%)  
[  5] 223.00-224.00 sec   428 KBytes  3.50 Mbits/sec  0.220 ms  820/5203 (16%)  
[  5] 224.00-225.00 sec   333 KBytes  2.73 Mbits/sec  0.212 ms  631/4036 (16%)  
[  5] 225.00-226.00 sec   394 KBytes  3.23 Mbits/sec  0.236 ms  744/4779 (16%)  
[  5] 226.00-227.00 sec   416 KBytes  3.41 Mbits/sec  0.219 ms  379/4639 (8.2%)  
[  5] 227.00-228.00 sec   316 KBytes  2.59 Mbits/sec  0.208 ms  452/3688 (12%)  
[  5] 228.00-229.00 sec   368 KBytes  3.01 Mbits/sec  0.218 ms  814/4578 (18%)  
[  5] 229.00-230.00 sec   414 KBytes  3.39 Mbits/sec  0.217 ms  621/4858 (13%)  
[  5] 230.00-231.00 sec   359 KBytes  2.95 Mbits/sec  0.215 ms  372/4053 (9.2%)  
[  5] 231.00-232.00 sec   388 KBytes  3.17 Mbits/sec  0.205 ms  906/4874 (19%)  
[  5] 232.00-233.00 sec   339 KBytes  2.77 Mbits/sec  0.219 ms  626/4100 (15%)  
[  5] 233.00-234.00 sec   410 KBytes  3.37 Mbits/sec  0.220 ms  598/4799 (12%)  
[  5] 234.00-235.00 sec   353 KBytes  2.89 Mbits/sec  0.211 ms  542/4155 (13%)  
[  5] 235.00-236.00 sec   417 KBytes  3.42 Mbits/sec  0.217 ms  390/4664 (8.4%)  
[  5] 236.00-237.00 sec   333 KBytes  2.73 Mbits/sec  0.272 ms  866/4278 (20%)  
[  5] 237.00-238.00 sec   391 KBytes  3.20 Mbits/sec  0.202 ms  743/4747 (16%)  
[  5] 238.00-239.00 sec   349 KBytes  2.86 Mbits/sec  0.219 ms  587/4158 (14%)  
[  5] 239.00-240.00 sec   419 KBytes  3.43 Mbits/sec  0.213 ms  1295/5584 (23%)  
[  5] 240.00-241.00 sec   392 KBytes  3.21 Mbits/sec  0.203 ms  861/4874 (18%)  
[  5] 241.00-242.00 sec   347 KBytes  2.85 Mbits/sec  0.206 ms  535/4092 (13%)  
[  5] 242.00-243.00 sec   423 KBytes  3.47 Mbits/sec  0.218 ms  776/5107 (15%)  
[  5] 243.00-244.00 sec   357 KBytes  2.93 Mbits/sec  0.216 ms  374/4032 (9.3%)  
[  5] 244.00-245.00 sec   357 KBytes  2.92 Mbits/sec  0.212 ms  1001/4655 (22%)  
[  5] 245.00-246.00 sec   402 KBytes  3.30 Mbits/sec  0.228 ms  841/4962 (17%)  
[  5] 246.00-247.00 sec   362 KBytes  2.96 Mbits/sec  0.236 ms  503/4208 (12%)  
[  5] 247.00-248.00 sec   382 KBytes  3.13 Mbits/sec  0.256 ms  872/4782 (18%)  
[  5] 248.00-249.00 sec   343 KBytes  2.81 Mbits/sec  0.612 ms  774/4282 (18%)  
[  5] 249.00-250.00 sec   342 KBytes  2.80 Mbits/sec  0.216 ms  1300/4804 (27%)  
[  5] 250.00-251.00 sec   405 KBytes  3.32 Mbits/sec  0.230 ms  554/4704 (12%)  
[  5] 251.00-252.00 sec   386 KBytes  3.16 Mbits/sec  0.236 ms  488/4440 (11%)  
[  5] 252.00-253.00 sec   339 KBytes  2.77 Mbits/sec  0.761 ms  578/4048 (14%)  
[  5] 253.00-254.00 sec   405 KBytes  3.32 Mbits/sec  0.220 ms  448/4596 (9.7%)  
[  5] 254.00-255.00 sec   343 KBytes  2.81 Mbits/sec  0.205 ms  837/4348 (19%)  
[  5] 255.00-256.00 sec   421 KBytes  3.45 Mbits/sec  0.235 ms  426/4742 (9%)  
[  5] 256.00-257.00 sec   382 KBytes  3.13 Mbits/sec  0.273 ms  1055/4969 (21%)  
[  5] 257.00-258.00 sec   337 KBytes  2.76 Mbits/sec  0.205 ms  668/4120 (16%)  
[  5] 258.00-259.00 sec   432 KBytes  3.54 Mbits/sec  0.217 ms  464/4890 (9.5%)  
[  5] 259.00-260.00 sec   307 KBytes  2.51 Mbits/sec  0.220 ms  792/3933 (20%)  
[  5] 260.00-261.00 sec   384 KBytes  3.15 Mbits/sec  1.697 ms  739/4675 (16%)  
[  5] 261.00-262.00 sec   360 KBytes  2.95 Mbits/sec  0.214 ms  605/4290 (14%)  
[  5] 262.00-263.00 sec   421 KBytes  3.45 Mbits/sec  0.209 ms  496/4808 (10%)  
[  5] 263.00-264.00 sec   362 KBytes  2.96 Mbits/sec  0.221 ms  308/4013 (7.7%)  
[  5] 264.00-265.00 sec   374 KBytes  3.06 Mbits/sec  0.208 ms  328/4155 (7.9%)  
[  5] 265.00-266.00 sec   394 KBytes  3.22 Mbits/sec  0.228 ms  697/4727 (15%)  
[  5] 266.00-267.00 sec   361 KBytes  2.96 Mbits/sec  0.209 ms  440/4133 (11%)  
[  5] 267.00-268.00 sec   328 KBytes  2.68 Mbits/sec  0.216 ms  763/4119 (19%)  
[  5] 268.00-269.00 sec   321 KBytes  2.63 Mbits/sec  1.433 ms  769/4054 (19%)  
[  5] 269.00-270.00 sec   351 KBytes  2.87 Mbits/sec  0.227 ms  601/4197 (14%)  
[  5] 270.00-271.00 sec   400 KBytes  3.28 Mbits/sec  0.224 ms  694/4794 (14%)  
[  5] 271.00-272.00 sec   427 KBytes  3.50 Mbits/sec  0.193 ms  678/5054 (13%)  
[  5] 272.00-273.00 sec   342 KBytes  2.79 Mbits/sec  0.208 ms  553/4055 (14%)  
[  5] 273.00-274.00 sec   361 KBytes  2.97 Mbits/sec  0.220 ms  1084/4784 (23%)  
[  5] 274.00-275.00 sec   354 KBytes  2.90 Mbits/sec  0.225 ms  772/4394 (18%)  
[  5] 275.00-276.00 sec   374 KBytes  3.06 Mbits/sec  0.223 ms  744/4575 (16%)  
[  5] 276.00-277.00 sec   324 KBytes  2.66 Mbits/sec  0.217 ms  714/4034 (18%)  
[  5] 277.00-278.00 sec   399 KBytes  3.27 Mbits/sec  0.220 ms  844/4933 (17%)  
[  5] 278.00-279.00 sec   342 KBytes  2.80 Mbits/sec  0.219 ms  594/4093 (15%)  
[  5] 279.00-280.00 sec   403 KBytes  3.30 Mbits/sec  0.213 ms  627/4752 (13%)  
[  5] 280.00-281.00 sec   312 KBytes  2.56 Mbits/sec  0.217 ms  1067/4265 (25%)  
[  5] 281.00-282.00 sec   433 KBytes  3.55 Mbits/sec  0.203 ms  564/5000 (11%)  
[  5] 282.00-283.00 sec   327 KBytes  2.68 Mbits/sec  0.247 ms  938/4290 (22%)  
[  5] 283.00-284.00 sec   407 KBytes  3.34 Mbits/sec  0.217 ms  538/4707 (11%)  
[  5] 284.00-285.00 sec   343 KBytes  2.81 Mbits/sec  0.231 ms  636/4144 (15%)  
[  5] 285.00-286.00 sec   343 KBytes  2.82 Mbits/sec  0.226 ms  971/4486 (22%)  
[  5] 286.00-287.00 sec   420 KBytes  3.44 Mbits/sec  0.219 ms  875/5175 (17%)  
[  5] 287.00-288.00 sec   397 KBytes  3.25 Mbits/sec  0.442 ms  830/4891 (17%)  
[  5] 288.00-289.00 sec   337 KBytes  2.76 Mbits/sec  0.240 ms  1062/4508 (24%)  
[  5] 289.00-290.00 sec   407 KBytes  3.34 Mbits/sec  0.223 ms  609/4778 (13%)  
[  5] 290.00-291.00 sec   349 KBytes  2.86 Mbits/sec  0.216 ms  544/4119 (13%)  
[  5] 291.00-292.00 sec   360 KBytes  2.95 Mbits/sec  0.541 ms  742/4426 (17%)  
[  5] 292.00-293.00 sec   353 KBytes  2.89 Mbits/sec  0.211 ms  891/4501 (20%)  
[  5] 293.00-294.00 sec   350 KBytes  2.87 Mbits/sec  0.254 ms  641/4224 (15%)  
[  5] 294.00-295.00 sec   408 KBytes  3.34 Mbits/sec  0.230 ms  572/4752 (12%)  
[  5] 295.00-296.00 sec   335 KBytes  2.74 Mbits/sec  0.214 ms  910/4342 (21%)  
[  5] 296.00-297.00 sec   434 KBytes  3.55 Mbits/sec  0.201 ms  435/4877 (8.9%)  
[  5] 297.00-298.00 sec   348 KBytes  2.85 Mbits/sec  0.218 ms  415/3981 (10%)  
[  5] 298.00-299.00 sec   407 KBytes  3.34 Mbits/sec  0.230 ms  816/4986 (16%)  
[  5] 299.00-300.00 sec   330 KBytes  2.70 Mbits/sec  0.235 ms  735/4112 (18%)  
[  5] 300.00-301.00 sec   338 KBytes  2.77 Mbits/sec  0.224 ms  387/3847 (10%)  
[  5] 301.00-302.00 sec   372 KBytes  3.05 Mbits/sec  0.236 ms  321/4132 (7.8%)  
[  5] 302.00-303.00 sec   349 KBytes  2.86 Mbits/sec  0.209 ms  582/4160 (14%)  
[  5] 303.00-304.00 sec   350 KBytes  2.87 Mbits/sec  0.219 ms  958/4544 (21%)  
[  5] 304.00-305.00 sec   410 KBytes  3.36 Mbits/sec  0.217 ms  632/4826 (13%)  
[  5] 305.00-306.00 sec   368 KBytes  3.01 Mbits/sec  0.223 ms  472/4239 (11%)  
[  5] 306.00-307.00 sec   329 KBytes  2.69 Mbits/sec  0.292 ms  686/4052 (17%)  
[  5] 307.00-308.00 sec   337 KBytes  2.76 Mbits/sec  0.212 ms  607/4053 (15%)  
[  5] 308.00-309.00 sec   332 KBytes  2.72 Mbits/sec  0.326 ms  819/4221 (19%)  
[  5] 309.00-310.00 sec   293 KBytes  2.40 Mbits/sec  0.241 ms  355/3352 (11%)  
[  5] 310.00-311.00 sec   355 KBytes  2.91 Mbits/sec  0.225 ms  502/4135 (12%)  
[  5] 311.00-312.00 sec   410 KBytes  3.36 Mbits/sec  0.267 ms  744/4945 (15%)  
[  5] 312.00-313.00 sec   362 KBytes  2.96 Mbits/sec  0.216 ms  427/4132 (10%)  
[  5] 313.00-314.00 sec   322 KBytes  2.64 Mbits/sec  0.219 ms  810/4106 (20%)  
[  5] 314.00-315.00 sec   366 KBytes  3.00 Mbits/sec  0.217 ms  599/4348 (14%)  
[  5] 315.00-316.00 sec   344 KBytes  2.82 Mbits/sec  0.246 ms  601/4125 (15%)  
[  5] 316.00-317.00 sec   362 KBytes  2.96 Mbits/sec  0.211 ms  387/4092 (9.5%)  
[  5] 317.00-318.00 sec   354 KBytes  2.90 Mbits/sec  0.214 ms  414/4037 (10%)  
[  5] 318.00-319.00 sec   330 KBytes  2.70 Mbits/sec  0.226 ms  943/4322 (22%)  
[  5] 319.00-320.00 sec   321 KBytes  2.63 Mbits/sec  0.238 ms  863/4153 (21%)  
[  5] 320.00-321.00 sec   372 KBytes  3.04 Mbits/sec  0.206 ms  511/4317 (12%)  
[  5] 321.00-322.00 sec   301 KBytes  2.46 Mbits/sec  0.196 ms  718/3801 (19%)  
[  5] 322.00-323.00 sec   237 KBytes  1.94 Mbits/sec  0.209 ms  603/3027 (20%)  
[  5] 323.00-324.00 sec   291 KBytes  2.38 Mbits/sec  0.207 ms  710/3688 (19%)  
[  5] 324.00-325.00 sec   349 KBytes  2.86 Mbits/sec  0.275 ms  954/4525 (21%)  
[  5] 325.00-326.00 sec   295 KBytes  2.41 Mbits/sec  0.210 ms  582/3598 (16%)  
[  5] 326.00-327.00 sec   332 KBytes  2.71 Mbits/sec  0.203 ms  1058/4457 (24%)  
[  5] 327.00-328.00 sec   297 KBytes  2.43 Mbits/sec  0.269 ms  615/3652 (17%)  
[  5] 328.00-329.00 sec   292 KBytes  2.39 Mbits/sec  0.215 ms  753/3744 (20%)  
[  5] 329.00-330.00 sec   273 KBytes  2.23 Mbits/sec  0.262 ms  1774/4565 (39%)  
[  5] 330.00-331.00 sec   265 KBytes  2.17 Mbits/sec  0.254 ms  888/3601 (25%)  
[  5] 331.00-332.00 sec   325 KBytes  2.66 Mbits/sec  0.466 ms  1483/4808 (31%)  
[  5] 332.00-333.00 sec   326 KBytes  2.67 Mbits/sec  0.230 ms  585/3919 (15%)  
[  5] 333.00-334.00 sec   343 KBytes  2.81 Mbits/sec  0.199 ms  738/4249 (17%)  
[  5] 334.00-335.00 sec   302 KBytes  2.47 Mbits/sec  0.220 ms  563/3652 (15%)  
[  5] 335.00-336.00 sec   373 KBytes  3.06 Mbits/sec  0.204 ms  659/4480 (15%)  
[  5] 336.00-337.00 sec   282 KBytes  2.31 Mbits/sec  0.232 ms  637/3524 (18%)  
[  5] 337.00-338.00 sec   358 KBytes  2.93 Mbits/sec  0.218 ms  597/4260 (14%)  
[  5] 338.00-339.00 sec   322 KBytes  2.64 Mbits/sec  0.214 ms  1166/4467 (26%)  
[  5] 339.00-340.00 sec   352 KBytes  2.88 Mbits/sec  0.310 ms  857/4458 (19%)  
[  5] 340.00-341.00 sec   338 KBytes  2.77 Mbits/sec  0.215 ms  1160/4621 (25%)  
[  5] 341.00-342.00 sec   327 KBytes  2.68 Mbits/sec  0.226 ms  1485/4838 (31%)  
[  5] 342.00-343.00 sec   361 KBytes  2.96 Mbits/sec  0.220 ms  880/4579 (19%)  
[  5] 343.00-344.00 sec   301 KBytes  2.46 Mbits/sec  0.220 ms  1074/4152 (26%)  
[  5] 344.00-345.00 sec   367 KBytes  3.01 Mbits/sec  0.213 ms  2253/6012 (37%)  
[  5] 345.00-346.00 sec   341 KBytes  2.80 Mbits/sec  0.213 ms  1887/5383 (35%)  
[  5] 346.00-347.00 sec   410 KBytes  3.36 Mbits/sec  0.217 ms  1528/5729 (27%)  
[  5] 347.00-348.00 sec   335 KBytes  2.75 Mbits/sec  0.210 ms  1290/4722 (27%)  
[  5] 348.00-349.00 sec   362 KBytes  2.96 Mbits/sec  0.204 ms  1311/5016 (26%)  
[  5] 349.00-350.00 sec   355 KBytes  2.91 Mbits/sec  0.214 ms  1589/5224 (30%)  
[  5] 350.00-351.00 sec   354 KBytes  2.90 Mbits/sec  0.239 ms  1381/5010 (28%)  
[  5] 351.00-352.00 sec   345 KBytes  2.83 Mbits/sec  0.217 ms  1544/5080 (30%)  
[  5] 352.00-353.00 sec   351 KBytes  2.88 Mbits/sec  0.240 ms  1271/4867 (26%)  
[  5] 353.00-354.00 sec   318 KBytes  2.61 Mbits/sec  0.329 ms  1546/4805 (32%)  
[  5] 354.00-355.00 sec   341 KBytes  2.79 Mbits/sec  0.210 ms  1342/4829 (28%)  
[  5] 355.00-356.00 sec   328 KBytes  2.69 Mbits/sec  0.203 ms  1734/5097 (34%)  
[  5] 356.00-357.00 sec   278 KBytes  2.28 Mbits/sec  0.210 ms  989/3840 (26%)  
[  5] 357.00-358.00 sec   297 KBytes  2.44 Mbits/sec  0.209 ms  877/3923 (22%)  
[  5] 358.00-359.00 sec   121 KBytes   990 Kbits/sec  0.219 ms  351/1588 (22%)  
[  5] 359.00-360.00 sec   362 KBytes  2.96 Mbits/sec  0.217 ms  1241/4947 (25%)  
[  5] 360.00-361.00 sec   352 KBytes  2.88 Mbits/sec  0.215 ms  1006/4607 (22%)  
[  5] 361.00-362.00 sec   225 KBytes  1.84 Mbits/sec  0.218 ms  538/2839 (19%)  
[  5] 362.00-363.00 sec   313 KBytes  2.57 Mbits/sec  0.214 ms  515/3723 (14%)  
[  5] 363.00-364.00 sec   275 KBytes  2.25 Mbits/sec  0.216 ms  1039/3857 (27%)  
[  5] 364.00-365.00 sec   298 KBytes  2.44 Mbits/sec  0.214 ms  645/3696 (17%)  
[  5] 365.00-366.00 sec   341 KBytes  2.79 Mbits/sec  0.217 ms  1341/4831 (28%)  
[  5] 366.00-367.00 sec   300 KBytes  2.46 Mbits/sec  0.217 ms  660/3730 (18%)  
[  5] 367.00-368.00 sec   280 KBytes  2.30 Mbits/sec  0.214 ms  988/3860 (26%)  
[  5] 368.00-369.00 sec   349 KBytes  2.86 Mbits/sec  0.217 ms  770/4345 (18%)  
[  5] 369.00-370.00 sec   296 KBytes  2.42 Mbits/sec  0.249 ms  546/3576 (15%)  
[  5] 370.00-371.00 sec   291 KBytes  2.38 Mbits/sec  0.220 ms  843/3822 (22%)  
[  5] 371.00-372.00 sec   298 KBytes  2.44 Mbits/sec  0.219 ms  1069/4117 (26%)  
[  5] 372.00-373.00 sec   357 KBytes  2.93 Mbits/sec  0.213 ms  944/4604 (21%)  
[  5] 373.00-374.00 sec   275 KBytes  2.25 Mbits/sec  0.212 ms  986/3798 (26%)  
[  5] 374.00-375.00 sec   310 KBytes  2.54 Mbits/sec  0.207 ms  1351/4523 (30%)  
[  5] 375.00-376.00 sec   305 KBytes  2.50 Mbits/sec  0.200 ms  695/3823 (18%)  
[  5] 376.00-377.00 sec   348 KBytes  2.85 Mbits/sec  0.226 ms  806/4366 (18%)  
[  5] 377.00-378.00 sec   288 KBytes  2.36 Mbits/sec  0.212 ms  730/3680 (20%)  
[  5] 378.00-379.00 sec   286 KBytes  2.34 Mbits/sec  0.242 ms  897/3827 (23%)  
[  5] 379.00-380.00 sec   362 KBytes  2.96 Mbits/sec  0.215 ms  801/4506 (18%)  
[  5] 380.00-381.00 sec   342 KBytes  2.80 Mbits/sec  0.196 ms  1959/5459 (36%)  
[  5] 381.00-382.00 sec   259 KBytes  2.12 Mbits/sec  0.216 ms  4657/7310 (64%)  
[  5] 382.00-383.00 sec   344 KBytes  2.82 Mbits/sec  0.181 ms  1209/4736 (26%)  
[  5] 383.00-384.00 sec   295 KBytes  2.42 Mbits/sec  0.219 ms  861/3882 (22%)  
[  5] 384.00-385.00 sec   364 KBytes  2.98 Mbits/sec  0.276 ms  1952/5679 (34%)  
[  5] 385.00-386.00 sec   301 KBytes  2.47 Mbits/sec  0.186 ms  1749/4833 (36%)  
[  5] 386.00-387.00 sec   352 KBytes  2.89 Mbits/sec  0.467 ms  1372/4980 (28%)  
[  5] 387.00-388.00 sec   277 KBytes  2.27 Mbits/sec  0.219 ms  1406/4245 (33%)  
[  5] 388.00-389.00 sec   344 KBytes  2.82 Mbits/sec  0.209 ms  1805/5329 (34%)  
[  5] 389.00-390.00 sec   240 KBytes  1.97 Mbits/sec  0.216 ms  1417/3878 (37%)  
[  5] 390.00-391.00 sec   350 KBytes  2.87 Mbits/sec  0.214 ms  1681/5269 (32%)  
[  5] 391.00-392.00 sec   267 KBytes  2.19 Mbits/sec  0.319 ms  1299/4031 (32%)  
[  5] 392.00-393.00 sec   346 KBytes  2.83 Mbits/sec  0.207 ms  1453/4992 (29%)  
[  5] 393.00-394.00 sec   272 KBytes  2.23 Mbits/sec  0.213 ms  1269/4058 (31%)  
[  5] 394.00-395.00 sec   358 KBytes  2.93 Mbits/sec  0.181 ms  1297/4960 (26%)  
[  5] 395.00-396.00 sec   300 KBytes  2.46 Mbits/sec  0.235 ms  949/4021 (24%)  
[  5] 396.00-397.00 sec   361 KBytes  2.96 Mbits/sec  0.202 ms  1216/4917 (25%)  
[  5] 397.00-398.00 sec   313 KBytes  2.56 Mbits/sec  0.246 ms  1077/4282 (25%)  
[  5] 398.00-399.00 sec   283 KBytes  2.32 Mbits/sec  0.217 ms  1342/4237 (32%)  
[  5] 399.00-400.00 sec   293 KBytes  2.40 Mbits/sec  0.219 ms  1679/4683 (36%)  
[  5] 400.00-401.00 sec   314 KBytes  2.57 Mbits/sec  0.292 ms  1134/4345 (26%)  
[  5] 401.00-402.00 sec   344 KBytes  2.81 Mbits/sec  0.217 ms  1121/4640 (24%)  
[  5] 402.00-403.00 sec   291 KBytes  2.38 Mbits/sec  0.216 ms  1003/3984 (25%)  
[  5] 403.00-404.00 sec   353 KBytes  2.89 Mbits/sec  0.221 ms  1349/4959 (27%)  
[  5] 404.00-405.00 sec   296 KBytes  2.42 Mbits/sec  0.213 ms  956/3984 (24%)  
[  5] 405.00-406.00 sec   323 KBytes  2.64 Mbits/sec  0.317 ms  1258/4561 (28%)  
[  5] 406.00-407.00 sec   297 KBytes  2.43 Mbits/sec  0.219 ms  1244/4286 (29%)  
[  5] 407.00-408.00 sec   350 KBytes  2.87 Mbits/sec  0.217 ms  1391/4977 (28%)  
[  5] 408.00-409.00 sec   285 KBytes  2.33 Mbits/sec  0.218 ms  1157/4076 (28%)  
[  5] 409.00-410.00 sec   294 KBytes  2.41 Mbits/sec  0.210 ms  1123/4131 (27%)  
[  5] 410.00-411.00 sec   366 KBytes  3.00 Mbits/sec  0.204 ms  1134/4883 (23%)  
[  5] 411.00-412.00 sec   301 KBytes  2.47 Mbits/sec  0.190 ms  928/4011 (23%)  
[  5] 412.00-413.00 sec   366 KBytes  3.00 Mbits/sec  0.211 ms  1190/4938 (24%)  
[  5] 413.00-414.00 sec   301 KBytes  2.47 Mbits/sec  0.201 ms  1050/4133 (25%)  
[  5] 414.00-415.00 sec   323 KBytes  2.64 Mbits/sec  0.401 ms  1686/4990 (34%)  
[  5] 415.00-416.00 sec   300 KBytes  2.46 Mbits/sec  0.218 ms  957/4029 (24%)  
[  5] 416.00-417.00 sec   365 KBytes  2.99 Mbits/sec  0.236 ms  1265/5001 (25%)  
[  5] 417.00-418.00 sec   263 KBytes  2.15 Mbits/sec  0.217 ms  1334/4027 (33%)  
[  5] 418.00-419.00 sec   305 KBytes  2.50 Mbits/sec  0.302 ms  1377/4504 (31%)  
[  5] 419.00-420.00 sec   373 KBytes  3.06 Mbits/sec  0.209 ms  1436/5257 (27%)  
[  5] 420.00-421.00 sec   281 KBytes  2.31 Mbits/sec  1.273 ms  1328/4210 (32%)  
[  5] 421.00-422.00 sec   300 KBytes  2.46 Mbits/sec  0.219 ms  1109/4186 (26%)  
[  5] 422.00-423.00 sec   365 KBytes  2.99 Mbits/sec  0.255 ms  1452/5186 (28%)  
