Connecting to host 172.22.0.50, port 5202
Reverse mode, remote host 172.22.0.50 is sending
[  5] local 192.168.102.2 port 48979 connected to 172.22.0.50 port 5202
[ ID] Interval           Transfer     Bitrate         Jitter    Lost/Total Datagrams
[  5]   0.00-1.00   sec   440 KBytes  3.60 Mbits/sec  0.308 ms  0/4508 (0%)  
[  5]   1.00-2.00   sec   439 KBytes  3.60 Mbits/sec  0.311 ms  0/4497 (0%)  
[  5]   2.00-3.00   sec   440 KBytes  3.60 Mbits/sec  0.296 ms  0/4505 (0%)  
[  5]   3.00-4.00   sec   440 KBytes  3.59 Mbits/sec  0.263 ms  0/4502 (0%)  
[  5]   4.00-5.00   sec   437 KBytes  3.59 Mbits/sec  0.405 ms  0/4471 (0%)  
[  5]   5.00-6.00   sec   440 KBytes  3.60 Mbits/sec  0.433 ms  0/4505 (0%)  
[  5]   6.00-7.00   sec   439 KBytes  3.60 Mbits/sec  0.186 ms  0/4493 (0%)  
[  5]   7.00-8.00   sec   439 KBytes  3.59 Mbits/sec  0.474 ms  0/4491 (0%)  
[  5]   8.00-9.00   sec   440 KBytes  3.61 Mbits/sec  0.257 ms  0/4506 (0%)  
[  5]   9.00-10.00  sec   441 KBytes  3.61 Mbits/sec  0.260 ms  0/4512 (0%)  
[  5]  10.00-11.00  sec   439 KBytes  3.59 Mbits/sec  0.275 ms  0/4495 (0%)  
[  5]  11.00-12.00  sec   440 KBytes  3.61 Mbits/sec  0.287 ms  0/4506 (0%)  
[  5]  12.00-13.00  sec   440 KBytes  3.60 Mbits/sec  0.333 ms  0/4508 (0%)  
[  5]  13.00-14.00  sec   438 KBytes  3.59 Mbits/sec  0.239 ms  0/4489 (0%)  
[  5]  14.00-15.00  sec   441 KBytes  3.61 Mbits/sec  0.272 ms  0/4513 (0%)  
[  5]  15.00-16.00  sec   437 KBytes  3.58 Mbits/sec  0.353 ms  0/4477 (0%)  
[  5]  16.00-17.00  sec   436 KBytes  3.57 Mbits/sec  0.623 ms  0/4465 (0%)  
[  5]  17.00-18.00  sec   409 KBytes  3.35 Mbits/sec  0.323 ms  0/4186 (0%)  
[  5]  18.00-19.00  sec   406 KBytes  3.33 Mbits/sec  0.432 ms  0/4156 (0%)  
[  5]  19.00-20.00  sec   404 KBytes  3.30 Mbits/sec  0.405 ms  0/4133 (0%)  
[  5]  20.00-21.00  sec   415 KBytes  3.40 Mbits/sec  0.420 ms  0/4250 (0%)  
[  5]  21.00-22.00  sec   416 KBytes  3.41 Mbits/sec  0.309 ms  0/4261 (0%)  
[  5]  22.00-23.00  sec   401 KBytes  3.29 Mbits/sec  0.349 ms  0/4107 (0%)  
[  5]  23.00-24.00  sec   398 KBytes  3.26 Mbits/sec  0.415 ms  0/4077 (0%)  
[  5]  24.00-25.00  sec   417 KBytes  3.41 Mbits/sec  0.278 ms  0/4266 (0%)  
[  5]  25.00-26.00  sec   414 KBytes  3.39 Mbits/sec  0.328 ms  0/4235 (0%)  
[  5]  26.00-27.00  sec   399 KBytes  3.27 Mbits/sec  0.408 ms  0/4086 (0%)  
[  5]  27.00-28.00  sec   397 KBytes  3.25 Mbits/sec  0.267 ms  0/4067 (0%)  
[  5]  28.00-29.00  sec   388 KBytes  3.18 Mbits/sec  0.395 ms  0/3978 (0%)  
[  5]  29.00-30.00  sec   392 KBytes  3.21 Mbits/sec  0.361 ms  0/4013 (0%)  
[  5]  30.00-31.00  sec   380 KBytes  3.11 Mbits/sec  0.382 ms  0/3892 (0%)  
[  5]  31.00-32.00  sec   390 KBytes  3.20 Mbits/sec  0.349 ms  0/3998 (0%)  
[  5]  32.00-33.00  sec   400 KBytes  3.28 Mbits/sec  0.259 ms  0/4101 (0%)  
[  5]  33.00-34.00  sec   401 KBytes  3.28 Mbits/sec  0.326 ms  0/4108 (0%)  
[  5]  34.00-35.00  sec   408 KBytes  3.35 Mbits/sec  0.343 ms  0/4179 (0%)  
[  5]  35.00-36.00  sec   407 KBytes  3.33 Mbits/sec  0.309 ms  0/4164 (0%)  
[  5]  36.00-37.00  sec   404 KBytes  3.31 Mbits/sec  0.310 ms  0/4136 (0%)  
[  5]  37.00-38.00  sec   404 KBytes  3.31 Mbits/sec  0.304 ms  0/4133 (0%)  
[  5]  38.00-39.00  sec   399 KBytes  3.27 Mbits/sec  0.306 ms  0/4082 (0%)  
[  5]  39.00-40.00  sec   395 KBytes  3.24 Mbits/sec  0.485 ms  0/4046 (0%)  
[  5]  40.00-41.00  sec   401 KBytes  3.29 Mbits/sec  0.376 ms  0/4107 (0%)  
[  5]  41.00-42.00  sec   412 KBytes  3.38 Mbits/sec  0.348 ms  0/4222 (0%)  
[  5]  42.00-43.00  sec   407 KBytes  3.34 Mbits/sec  0.401 ms  0/4172 (0%)  
[  5]  43.00-44.00  sec   404 KBytes  3.31 Mbits/sec  0.330 ms  0/4142 (0%)  
[  5]  44.00-45.00  sec   407 KBytes  3.33 Mbits/sec  0.317 ms  0/4167 (0%)  
[  5]  45.00-46.00  sec   402 KBytes  3.30 Mbits/sec  0.328 ms  0/4120 (0%)  
[  5]  46.00-47.00  sec   398 KBytes  3.26 Mbits/sec  0.404 ms  0/4078 (0%)  
[  5]  47.00-48.00  sec   388 KBytes  3.17 Mbits/sec  0.318 ms  0/3972 (0%)  
[  5]  48.00-49.00  sec   395 KBytes  3.24 Mbits/sec  0.310 ms  0/4046 (0%)  
[  5]  49.00-50.00  sec   400 KBytes  3.28 Mbits/sec  0.360 ms  0/4101 (0%)  
[  5]  50.00-51.00  sec   403 KBytes  3.30 Mbits/sec  0.319 ms  0/4132 (0%)  
[  5]  51.00-52.00  sec   392 KBytes  3.21 Mbits/sec  0.380 ms  0/4012 (0%)  
[  5]  52.00-53.00  sec   377 KBytes  3.08 Mbits/sec  0.525 ms  0/3856 (0%)  
[  5]  53.00-54.00  sec   372 KBytes  3.05 Mbits/sec  0.412 ms  0/3813 (0%)  
[  5]  54.00-55.00  sec   371 KBytes  3.04 Mbits/sec  0.317 ms  0/3804 (0%)  
[  5]  55.00-56.00  sec   380 KBytes  3.11 Mbits/sec  0.347 ms  0/3892 (0%)  
[  5]  56.00-57.00  sec   375 KBytes  3.07 Mbits/sec  0.276 ms  0/3835 (0%)  
[  5]  57.00-58.00  sec   388 KBytes  3.17 Mbits/sec  0.444 ms  0/3968 (0%)  
[  5]  58.00-59.00  sec   360 KBytes  2.95 Mbits/sec  0.507 ms  0/3686 (0%)  
[  5]  59.00-60.00  sec   386 KBytes  3.16 Mbits/sec  0.331 ms  0/3948 (0%)  
[  5]  60.00-61.00  sec   392 KBytes  3.21 Mbits/sec  0.317 ms  0/4009 (0%)  
[  5]  61.00-62.00  sec   409 KBytes  3.35 Mbits/sec  0.405 ms  0/4187 (0%)  
[  5]  62.00-63.00  sec   402 KBytes  3.30 Mbits/sec  0.457 ms  0/4119 (0%)  
[  5]  63.00-64.00  sec   387 KBytes  3.17 Mbits/sec  0.298 ms  0/3961 (0%)  
[  5]  64.00-65.00  sec   389 KBytes  3.18 Mbits/sec  0.561 ms  0/3979 (0%)  
[  5]  65.00-66.00  sec   403 KBytes  3.30 Mbits/sec  0.325 ms  0/4125 (0%)  
[  5]  66.00-67.00  sec   402 KBytes  3.29 Mbits/sec  0.433 ms  0/4114 (0%)  
[  5]  67.00-68.00  sec   394 KBytes  3.23 Mbits/sec  0.408 ms  0/4033 (0%)  
[  5]  68.00-69.00  sec   410 KBytes  3.36 Mbits/sec  0.344 ms  0/4199 (0%)  
[  5]  69.00-70.00  sec   402 KBytes  3.30 Mbits/sec  0.298 ms  0/4121 (0%)  
[  5]  70.00-71.00  sec   409 KBytes  3.35 Mbits/sec  0.328 ms  0/4193 (0%)  
[  5]  71.00-72.00  sec   397 KBytes  3.25 Mbits/sec  0.367 ms  0/4065 (0%)  
[  5]  72.00-73.00  sec   386 KBytes  3.16 Mbits/sec  0.301 ms  0/3955 (0%)  
[  5]  73.00-74.00  sec   400 KBytes  3.27 Mbits/sec  0.368 ms  0/4093 (0%)  
[  5]  74.00-75.00  sec   402 KBytes  3.30 Mbits/sec  0.387 ms  0/4120 (0%)  
[  5]  75.00-76.00  sec   394 KBytes  3.23 Mbits/sec  0.325 ms  0/4036 (0%)  
[  5]  76.00-77.00  sec   401 KBytes  3.29 Mbits/sec  0.379 ms  0/4111 (0%)  
[  5]  77.00-78.00  sec   407 KBytes  3.34 Mbits/sec  0.295 ms  0/4169 (0%)  
[  5]  78.00-79.00  sec   399 KBytes  3.27 Mbits/sec  0.317 ms  0/4089 (0%)  
[  5]  79.00-80.00  sec   396 KBytes  3.25 Mbits/sec  0.493 ms  0/4060 (0%)  
[  5]  80.00-81.00  sec   396 KBytes  3.25 Mbits/sec  0.278 ms  0/4058 (0%)  
[  5]  81.00-82.00  sec   388 KBytes  3.18 Mbits/sec  0.520 ms  0/3972 (0%)  
[  5]  82.00-83.00  sec   384 KBytes  3.15 Mbits/sec  0.330 ms  0/3937 (0%)  
[  5]  83.00-84.00  sec   388 KBytes  3.18 Mbits/sec  0.343 ms  0/3978 (0%)  
[  5]  84.00-85.00  sec   392 KBytes  3.21 Mbits/sec  0.339 ms  0/4019 (0%)  
[  5]  85.00-86.00  sec   396 KBytes  3.24 Mbits/sec  0.361 ms  0/4051 (0%)  
[  5]  86.00-87.00  sec   405 KBytes  3.32 Mbits/sec  0.395 ms  0/4150 (0%)  
[  5]  87.00-88.00  sec   397 KBytes  3.26 Mbits/sec  0.308 ms  0/4068 (0%)  
[  5]  88.00-89.00  sec   389 KBytes  3.19 Mbits/sec  0.389 ms  0/3988 (0%)  
[  5]  89.00-90.00  sec   394 KBytes  3.23 Mbits/sec  0.320 ms  0/4032 (0%)  
[  5]  90.00-91.00  sec   405 KBytes  3.32 Mbits/sec  0.322 ms  0/4152 (0%)  
[  5]  91.00-92.00  sec   401 KBytes  3.28 Mbits/sec  0.325 ms  0/4106 (0%)  
[  5]  92.00-93.00  sec   407 KBytes  3.33 Mbits/sec  0.306 ms  0/4164 (0%)  
[  5]  93.00-94.00  sec   408 KBytes  3.34 Mbits/sec  0.319 ms  0/4179 (0%)  
[  5]  94.00-95.00  sec   394 KBytes  3.23 Mbits/sec  0.340 ms  0/4039 (0%)  
[  5]  95.00-96.00  sec   392 KBytes  3.21 Mbits/sec  0.362 ms  0/4019 (0%)  
[  5]  96.00-97.00  sec   403 KBytes  3.30 Mbits/sec  0.390 ms  0/4124 (0%)  
[  5]  97.00-98.00  sec   402 KBytes  3.30 Mbits/sec  0.208 ms  0/4120 (0%)  
[  5]  98.00-99.00  sec   402 KBytes  3.29 Mbits/sec  0.368 ms  0/4117 (0%)  
[  5]  99.00-100.00 sec   398 KBytes  3.26 Mbits/sec  0.412 ms  0/4077 (0%)  
[  5] 100.00-101.00 sec   405 KBytes  3.32 Mbits/sec  0.398 ms  0/4146 (0%)  
[  5] 101.00-102.00 sec   411 KBytes  3.37 Mbits/sec  0.392 ms  0/4205 (0%)  
[  5] 102.00-103.00 sec   404 KBytes  3.31 Mbits/sec  0.338 ms  0/4141 (0%)  
[  5] 103.00-104.00 sec   403 KBytes  3.30 Mbits/sec  0.348 ms  0/4128 (0%)  
[  5] 104.00-105.00 sec   394 KBytes  3.23 Mbits/sec  0.266 ms  0/4034 (0%)  
[  5] 105.00-106.00 sec   396 KBytes  3.25 Mbits/sec  0.357 ms  0/4059 (0%)  
[  5] 106.00-107.00 sec   411 KBytes  3.37 Mbits/sec  0.330 ms  0/4210 (0%)  
[  5] 107.00-108.00 sec   402 KBytes  3.30 Mbits/sec  0.406 ms  0/4119 (0%)  
[  5] 108.00-109.00 sec   407 KBytes  3.33 Mbits/sec  0.404 ms  0/4167 (0%)  
[  5] 109.00-110.00 sec   407 KBytes  3.33 Mbits/sec  0.307 ms  0/4171 (0%)  
[  5] 110.00-111.00 sec   409 KBytes  3.35 Mbits/sec  0.321 ms  0/4190 (0%)  
[  5] 111.00-112.00 sec   397 KBytes  3.25 Mbits/sec  0.410 ms  0/4065 (0%)  
[  5] 112.00-113.00 sec   395 KBytes  3.23 Mbits/sec  0.375 ms  0/4045 (0%)  
[  5] 113.00-114.00 sec   387 KBytes  3.17 Mbits/sec  0.341 ms  0/3963 (0%)  
[  5] 114.00-115.00 sec   384 KBytes  3.14 Mbits/sec  0.364 ms  0/3929 (0%)  
[  5] 115.00-116.00 sec   389 KBytes  3.19 Mbits/sec  0.392 ms  0/3988 (0%)  
[  5] 116.00-117.00 sec   388 KBytes  3.18 Mbits/sec  0.324 ms  0/3972 (0%)  
[  5] 117.00-118.00 sec   394 KBytes  3.23 Mbits/sec  0.383 ms  0/4034 (0%)  
[  5] 118.00-119.00 sec   383 KBytes  3.14 Mbits/sec  0.356 ms  0/3923 (0%)  
[  5] 119.00-120.00 sec   392 KBytes  3.21 Mbits/sec  0.340 ms  0/4019 (0%)  
[  5] 120.00-121.00 sec   396 KBytes  3.25 Mbits/sec  0.453 ms  0/4057 (0%)  
[  5] 121.00-122.00 sec   379 KBytes  3.10 Mbits/sec  0.316 ms  0/3879 (0%)  
[  5] 122.00-123.00 sec   400 KBytes  3.28 Mbits/sec  0.333 ms  0/4096 (0%)  
[  5] 123.00-124.00 sec   402 KBytes  3.29 Mbits/sec  0.374 ms  0/4115 (0%)  
[  5] 124.00-125.00 sec   403 KBytes  3.30 Mbits/sec  0.340 ms  0/4131 (0%)  
[  5] 125.00-126.00 sec   401 KBytes  3.29 Mbits/sec  0.320 ms  0/4107 (0%)  
[  5] 126.00-127.00 sec   395 KBytes  3.23 Mbits/sec  0.318 ms  0/4040 (0%)  
[  5] 127.00-128.00 sec   398 KBytes  3.26 Mbits/sec  0.345 ms  0/4077 (0%)  
[  5] 128.00-129.00 sec   407 KBytes  3.33 Mbits/sec  0.343 ms  0/4163 (0%)  
[  5] 129.00-130.00 sec   383 KBytes  3.14 Mbits/sec  0.434 ms  0/3919 (0%)  
[  5] 130.00-131.00 sec   391 KBytes  3.21 Mbits/sec  0.372 ms  0/4008 (0%)  
[  5] 131.00-132.00 sec   408 KBytes  3.34 Mbits/sec  0.339 ms  0/4175 (0%)  
[  5] 132.00-133.00 sec   402 KBytes  3.29 Mbits/sec  0.333 ms  0/4114 (0%)  
[  5] 133.00-134.00 sec   405 KBytes  3.32 Mbits/sec  0.315 ms  0/4144 (0%)  
[  5] 134.00-135.00 sec   400 KBytes  3.28 Mbits/sec  0.325 ms  0/4100 (0%)  
[  5] 135.00-136.00 sec   404 KBytes  3.31 Mbits/sec  0.325 ms  0/4138 (0%)  
[  5] 136.00-137.00 sec   395 KBytes  3.23 Mbits/sec  0.538 ms  0/4040 (0%)  
[  5] 137.00-138.00 sec   381 KBytes  3.12 Mbits/sec  0.338 ms  0/3900 (0%)  
[  5] 138.00-139.00 sec   391 KBytes  3.20 Mbits/sec  0.331 ms  0/4003 (0%)  
[  5] 139.00-140.00 sec   404 KBytes  3.31 Mbits/sec  0.395 ms  0/4133 (0%)  
[  5] 140.00-141.00 sec   396 KBytes  3.24 Mbits/sec  0.328 ms  0/4052 (0%)  
[  5] 141.00-142.00 sec   395 KBytes  3.24 Mbits/sec  0.448 ms  0/4046 (0%)  
[  5] 142.00-143.00 sec   399 KBytes  3.27 Mbits/sec  0.342 ms  0/4083 (0%)  
[  5] 143.00-144.00 sec   399 KBytes  3.27 Mbits/sec  0.358 ms  0/4083 (0%)  
[  5] 144.00-145.00 sec   401 KBytes  3.28 Mbits/sec  0.353 ms  0/4102 (0%)  
[  5] 145.00-146.00 sec   391 KBytes  3.20 Mbits/sec  0.337 ms  0/4002 (0%)  
[  5] 146.00-147.00 sec   393 KBytes  3.22 Mbits/sec  0.322 ms  0/4023 (0%)  
[  5] 147.00-148.00 sec   390 KBytes  3.20 Mbits/sec  0.371 ms  0/3997 (0%)  
[  5] 148.00-149.00 sec   399 KBytes  3.27 Mbits/sec  0.318 ms  0/4088 (0%)  
[  5] 149.00-150.00 sec   403 KBytes  3.30 Mbits/sec  0.364 ms  0/4122 (0%)  
[  5] 150.00-151.00 sec   385 KBytes  3.15 Mbits/sec  0.331 ms  0/3942 (0%)  
[  5] 151.00-152.00 sec   372 KBytes  3.05 Mbits/sec  0.346 ms  0/3808 (0%)  
[  5] 152.00-153.00 sec   371 KBytes  3.04 Mbits/sec  0.389 ms  0/3796 (0%)  
[  5] 153.00-154.00 sec   364 KBytes  2.99 Mbits/sec  0.378 ms  0/3730 (0%)  
[  5] 154.00-155.00 sec   390 KBytes  3.20 Mbits/sec  0.332 ms  0/3997 (0%)  
[  5] 155.00-156.00 sec   400 KBytes  3.28 Mbits/sec  0.528 ms  0/4095 (0%)  
[  5] 156.00-157.00 sec   399 KBytes  3.27 Mbits/sec  0.337 ms  0/4089 (0%)  
[  5] 157.00-158.00 sec   397 KBytes  3.25 Mbits/sec  0.286 ms  0/4065 (0%)  
[  5] 158.00-159.00 sec   398 KBytes  3.26 Mbits/sec  0.265 ms  0/4076 (0%)  
[  5] 159.00-160.00 sec   402 KBytes  3.30 Mbits/sec  0.272 ms  0/4120 (0%)  
[  5] 160.00-161.00 sec   400 KBytes  3.28 Mbits/sec  0.339 ms  0/4096 (0%)  
[  5] 161.00-162.00 sec   400 KBytes  3.28 Mbits/sec  0.385 ms  0/4093 (0%)  
[  5] 162.00-163.00 sec   395 KBytes  3.23 Mbits/sec  0.384 ms  0/4042 (0%)  
[  5] 163.00-164.00 sec   402 KBytes  3.29 Mbits/sec  0.338 ms  0/4117 (0%)  
[  5] 164.00-165.00 sec   403 KBytes  3.30 Mbits/sec  0.333 ms  0/4127 (0%)  
[  5] 165.00-166.00 sec   397 KBytes  3.25 Mbits/sec  0.449 ms  0/4065 (0%)  
[  5] 166.00-167.00 sec   403 KBytes  3.31 Mbits/sec  0.300 ms  0/4131 (0%)  
[  5] 167.00-168.00 sec   396 KBytes  3.25 Mbits/sec  0.337 ms  0/4059 (0%)  
[  5] 168.00-169.00 sec   400 KBytes  3.28 Mbits/sec  0.340 ms  0/4094 (0%)  
[  5] 169.00-170.00 sec   382 KBytes  3.13 Mbits/sec  0.396 ms  0/3914 (0%)  
[  5] 170.00-171.00 sec   384 KBytes  3.14 Mbits/sec  0.588 ms  0/3930 (0%)  
[  5] 171.00-172.00 sec   389 KBytes  3.19 Mbits/sec  0.587 ms  0/3981 (0%)  
[  5] 172.00-173.00 sec   397 KBytes  3.26 Mbits/sec  0.273 ms  0/4069 (0%)  
[  5] 173.00-174.00 sec   393 KBytes  3.22 Mbits/sec  0.316 ms  0/4028 (0%)  
[  5] 174.00-175.00 sec   400 KBytes  3.28 Mbits/sec  0.279 ms  0/4101 (0%)  
[  5] 175.00-176.00 sec   404 KBytes  3.30 Mbits/sec  0.331 ms  0/4132 (0%)  
[  5] 176.00-177.00 sec   410 KBytes  3.36 Mbits/sec  0.328 ms  0/4198 (0%)  
[  5] 177.00-178.00 sec   399 KBytes  3.27 Mbits/sec  0.364 ms  0/4088 (0%)  
[  5] 178.00-179.00 sec   395 KBytes  3.24 Mbits/sec  0.361 ms  0/4049 (0%)  
[  5] 179.00-180.00 sec   393 KBytes  3.22 Mbits/sec  0.434 ms  0/4023 (0%)  
[  5] 180.00-181.00 sec   404 KBytes  3.31 Mbits/sec  0.393 ms  0/4141 (0%)  
[  5] 181.00-182.00 sec   398 KBytes  3.26 Mbits/sec  0.335 ms  0/4076 (0%)  
[  5] 182.00-183.00 sec   395 KBytes  3.24 Mbits/sec  0.314 ms  0/4048 (0%)  
[  5] 183.00-184.00 sec   402 KBytes  3.29 Mbits/sec  0.328 ms  0/4113 (0%)  
[  5] 184.00-185.00 sec   406 KBytes  3.32 Mbits/sec  0.384 ms  0/4154 (0%)  
[  5] 185.00-186.00 sec   396 KBytes  3.25 Mbits/sec  0.423 ms  0/4059 (0%)  
[  5] 186.00-187.00 sec   392 KBytes  3.21 Mbits/sec  0.308 ms  0/4017 (0%)  
[  5] 187.00-188.00 sec   389 KBytes  3.19 Mbits/sec  0.359 ms  0/3985 (0%)  
[  5] 188.00-189.00 sec   400 KBytes  3.28 Mbits/sec  0.395 ms  0/4096 (0%)  
[  5] 189.00-190.00 sec   399 KBytes  3.27 Mbits/sec  0.282 ms  0/4088 (0%)  
[  5] 190.00-191.00 sec   398 KBytes  3.26 Mbits/sec  0.256 ms  0/4077 (0%)  
[  5] 191.00-192.00 sec   404 KBytes  3.31 Mbits/sec  0.287 ms  0/4133 (0%)  
[  5] 192.00-193.00 sec   399 KBytes  3.27 Mbits/sec  0.430 ms  0/4089 (0%)  
[  5] 193.00-194.00 sec   403 KBytes  3.30 Mbits/sec  0.241 ms  0/4129 (0%)  
[  5] 194.00-195.00 sec   391 KBytes  3.20 Mbits/sec  0.258 ms  0/4000 (0%)  
[  5] 195.00-196.00 sec   397 KBytes  3.26 Mbits/sec  0.292 ms  0/4070 (0%)  
[  5] 196.00-197.00 sec   403 KBytes  3.30 Mbits/sec  0.303 ms  0/4131 (0%)  
[  5] 197.00-198.00 sec   406 KBytes  3.33 Mbits/sec  0.354 ms  0/4162 (0%)  
[  5] 198.00-199.00 sec   385 KBytes  3.16 Mbits/sec  0.364 ms  0/3945 (0%)  
[  5] 199.00-200.00 sec   401 KBytes  3.29 Mbits/sec  0.339 ms  0/4111 (0%)  
[  5] 200.00-201.00 sec   402 KBytes  3.29 Mbits/sec  0.313 ms  0/4114 (0%)  
[  5] 201.00-202.00 sec   399 KBytes  3.27 Mbits/sec  0.331 ms  0/4084 (0%)  
[  5] 202.00-203.00 sec   387 KBytes  3.17 Mbits/sec  0.308 ms  0/3960 (0%)  
[  5] 203.00-204.00 sec   388 KBytes  3.18 Mbits/sec  0.335 ms  0/3978 (0%)  
[  5] 204.00-205.00 sec   387 KBytes  3.17 Mbits/sec  0.332 ms  0/3966 (0%)  
[  5] 205.00-206.00 sec   388 KBytes  3.17 Mbits/sec  0.374 ms  0/3968 (0%)  
[  5] 206.00-207.00 sec   396 KBytes  3.24 Mbits/sec  0.353 ms  0/4052 (0%)  
[  5] 207.00-208.00 sec   398 KBytes  3.26 Mbits/sec  0.345 ms  0/4071 (0%)  
[  5] 208.00-209.00 sec   404 KBytes  3.31 Mbits/sec  0.292 ms  0/4132 (0%)  
[  5] 209.00-210.00 sec   406 KBytes  3.32 Mbits/sec  0.358 ms  0/4156 (0%)  
[  5] 210.00-211.00 sec   286 KBytes  2.35 Mbits/sec  0.175 ms  46/2978 (1.5%)  
[  5] 211.00-212.00 sec   434 KBytes  3.56 Mbits/sec  0.204 ms  452/4894 (9.2%)  
[  5] 212.00-213.00 sec   319 KBytes  2.61 Mbits/sec  0.228 ms  617/3879 (16%)  
[  5] 213.00-214.00 sec   395 KBytes  3.24 Mbits/sec  0.234 ms  974/5021 (19%)  
[  5] 214.00-215.00 sec   345 KBytes  2.82 Mbits/sec  0.288 ms  561/4090 (14%)  
[  5] 215.00-216.00 sec   393 KBytes  3.22 Mbits/sec  0.238 ms  821/4841 (17%)  
[  5] 216.00-217.00 sec   358 KBytes  2.94 Mbits/sec  0.199 ms  1024/4694 (22%)  
[  5] 217.00-218.00 sec   355 KBytes  2.91 Mbits/sec  0.218 ms  551/4191 (13%)  
[  5] 218.00-219.00 sec   419 KBytes  3.43 Mbits/sec  0.209 ms  591/4882 (12%)  
[  5] 219.00-220.00 sec   347 KBytes  2.84 Mbits/sec  0.214 ms  527/4077 (13%)  
[  5] 220.00-221.00 sec   377 KBytes  3.09 Mbits/sec  0.214 ms  723/4582 (16%)  
[  5] 221.00-222.00 sec   355 KBytes  2.91 Mbits/sec  0.214 ms  545/4183 (13%)  
[  5] 222.00-223.00 sec   361 KBytes  2.96 Mbits/sec  0.219 ms  806/4501 (18%)  
[  5] 223.00-224.00 sec   440 KBytes  3.60 Mbits/sec  0.192 ms  664/5168 (13%)  
[  5] 224.00-225.00 sec   349 KBytes  2.86 Mbits/sec  2.496 ms  524/4100 (13%)  
[  5] 225.00-226.00 sec   416 KBytes  3.41 Mbits/sec  0.217 ms  528/4785 (11%)  
[  5] 226.00-227.00 sec   363 KBytes  2.97 Mbits/sec  0.215 ms  510/4226 (12%)  
[  5] 227.00-228.00 sec   380 KBytes  3.11 Mbits/sec  0.211 ms  774/4663 (17%)  
[  5] 228.00-229.00 sec   361 KBytes  2.96 Mbits/sec  0.217 ms  327/4027 (8.1%)  
[  5] 229.00-230.00 sec   434 KBytes  3.56 Mbits/sec  0.283 ms  552/4994 (11%)  
[  5] 230.00-231.00 sec   360 KBytes  2.95 Mbits/sec  0.215 ms  555/4240 (13%)  
[  5] 231.00-232.00 sec   446 KBytes  3.65 Mbits/sec  0.244 ms  512/5074 (10%)  
[  5] 232.00-233.00 sec   325 KBytes  2.66 Mbits/sec  0.207 ms  541/3874 (14%)  
[  5] 233.00-234.00 sec   392 KBytes  3.21 Mbits/sec  0.219 ms  675/4690 (14%)  
[  5] 234.00-235.00 sec   423 KBytes  3.46 Mbits/sec  0.207 ms  474/4805 (9.9%)  
[  5] 235.00-236.00 sec   357 KBytes  2.92 Mbits/sec  0.377 ms  426/4082 (10%)  
[  5] 236.00-237.00 sec   346 KBytes  2.83 Mbits/sec  0.269 ms  527/4066 (13%)  
[  5] 237.00-238.00 sec   426 KBytes  3.49 Mbits/sec  0.211 ms  650/5009 (13%)  
[  5] 238.00-239.00 sec   329 KBytes  2.69 Mbits/sec  0.207 ms  764/4131 (18%)  
[  5] 239.00-240.00 sec   374 KBytes  3.06 Mbits/sec  0.216 ms  412/4239 (9.7%)  
[  5] 240.00-241.00 sec   412 KBytes  3.37 Mbits/sec  0.220 ms  592/4809 (12%)  
[  5] 241.00-242.00 sec   298 KBytes  2.44 Mbits/sec  0.241 ms  1094/4145 (26%)  
[  5] 242.00-243.00 sec   334 KBytes  2.74 Mbits/sec  0.210 ms  899/4323 (21%)  
[  5] 243.00-244.00 sec   421 KBytes  3.45 Mbits/sec  0.222 ms  386/4697 (8.2%)  
[  5] 244.00-245.00 sec   361 KBytes  2.96 Mbits/sec  0.197 ms  361/4060 (8.9%)  
[  5] 245.00-246.00 sec   371 KBytes  3.04 Mbits/sec  0.208 ms  566/4368 (13%)  
[  5] 246.00-247.00 sec   354 KBytes  2.91 Mbits/sec  0.688 ms  536/4166 (13%)  
[  5] 247.00-248.00 sec   291 KBytes  2.38 Mbits/sec  0.250 ms  1084/4062 (27%)  
[  5] 248.00-249.00 sec   313 KBytes  2.56 Mbits/sec  0.218 ms  1047/4253 (25%)  
[  5] 249.00-250.00 sec   413 KBytes  3.39 Mbits/sec  0.209 ms  665/4898 (14%)  
[  5] 250.00-251.00 sec   361 KBytes  2.96 Mbits/sec  0.244 ms  375/4074 (9.2%)  
[  5] 251.00-252.00 sec   404 KBytes  3.31 Mbits/sec  0.235 ms  643/4780 (13%)  
[  5] 252.00-253.00 sec   326 KBytes  2.67 Mbits/sec  0.215 ms  786/4124 (19%)  
[  5] 253.00-254.00 sec   361 KBytes  2.96 Mbits/sec  0.213 ms  423/4122 (10%)  
[  5] 254.00-255.00 sec   406 KBytes  3.33 Mbits/sec  0.248 ms  649/4806 (14%)  
[  5] 255.00-256.00 sec   345 KBytes  2.83 Mbits/sec  0.206 ms  757/4290 (18%)  
[  5] 256.00-257.00 sec   421 KBytes  3.45 Mbits/sec  0.214 ms  564/4876 (12%)  
[  5] 257.00-258.00 sec   311 KBytes  2.55 Mbits/sec  0.215 ms  784/3967 (20%)  
[  5] 258.00-259.00 sec   316 KBytes  2.59 Mbits/sec  0.222 ms  1407/4641 (30%)  
[  5] 259.00-260.00 sec   407 KBytes  3.34 Mbits/sec  0.195 ms  693/4862 (14%)  
[  5] 260.00-261.00 sec   302 KBytes  2.48 Mbits/sec  0.233 ms  1098/4195 (26%)  
[  5] 261.00-262.00 sec   393 KBytes  3.22 Mbits/sec  0.208 ms  621/4649 (13%)  
[  5] 262.00-263.00 sec   399 KBytes  3.26 Mbits/sec  0.218 ms  724/4805 (15%)  
[  5] 263.00-264.00 sec   366 KBytes  3.00 Mbits/sec  0.214 ms  1245/4990 (25%)  
[  5] 264.00-265.00 sec   366 KBytes  2.99 Mbits/sec  0.164 ms  877/4620 (19%)  
[  5] 265.00-266.00 sec   390 KBytes  3.20 Mbits/sec  0.219 ms  1229/5226 (24%)  
[  5] 266.00-267.00 sec   342 KBytes  2.80 Mbits/sec  0.216 ms  855/4359 (20%)  
[  5] 267.00-268.00 sec   355 KBytes  2.91 Mbits/sec  0.210 ms  610/4244 (14%)  
[  5] 268.00-269.00 sec   422 KBytes  3.46 Mbits/sec  0.219 ms  499/4819 (10%)  
[  5] 269.00-270.00 sec   352 KBytes  2.88 Mbits/sec  0.220 ms  651/4252 (15%)  
[  5] 270.00-271.00 sec   382 KBytes  3.13 Mbits/sec  0.218 ms  885/4800 (18%)  
[  5] 271.00-272.00 sec   347 KBytes  2.85 Mbits/sec  0.200 ms  620/4177 (15%)  
[  5] 272.00-273.00 sec   397 KBytes  3.25 Mbits/sec  0.218 ms  1009/5077 (20%)  
[  5] 273.00-274.00 sec   374 KBytes  3.06 Mbits/sec  0.216 ms  479/4306 (11%)  
[  5] 274.00-275.00 sec   367 KBytes  3.00 Mbits/sec  0.227 ms  624/4377 (14%)  
[  5] 275.00-276.00 sec   409 KBytes  3.36 Mbits/sec  0.215 ms  455/4647 (9.8%)  
[  5] 276.00-277.00 sec   338 KBytes  2.77 Mbits/sec  0.213 ms  663/4124 (16%)  
[  5] 277.00-278.00 sec   432 KBytes  3.54 Mbits/sec  0.217 ms  704/5129 (14%)  
[  5] 278.00-279.00 sec   335 KBytes  2.74 Mbits/sec  0.219 ms  839/4268 (20%)  
[  5] 279.00-280.00 sec   395 KBytes  3.24 Mbits/sec  0.221 ms  796/4839 (16%)  
[  5] 280.00-281.00 sec   373 KBytes  3.06 Mbits/sec  0.213 ms  460/4281 (11%)  
[  5] 281.00-282.00 sec   412 KBytes  3.37 Mbits/sec  0.214 ms  559/4774 (12%)  
[  5] 282.00-283.00 sec   335 KBytes  2.75 Mbits/sec  0.494 ms  769/4203 (18%)  
[  5] 283.00-284.00 sec   416 KBytes  3.41 Mbits/sec  0.210 ms  477/4741 (10%)  
[  5] 284.00-285.00 sec   319 KBytes  2.62 Mbits/sec  0.220 ms  846/4115 (21%)  
[  5] 285.00-286.00 sec   390 KBytes  3.20 Mbits/sec  0.242 ms  1009/5007 (20%)  
[  5] 286.00-287.00 sec   342 KBytes  2.81 Mbits/sec  0.265 ms  671/4178 (16%)  
[  5] 287.00-288.00 sec   400 KBytes  3.27 Mbits/sec  0.250 ms  817/4908 (17%)  
[  5] 288.00-289.00 sec   364 KBytes  2.98 Mbits/sec  0.217 ms  637/4365 (15%)  
[  5] 289.00-290.00 sec   380 KBytes  3.11 Mbits/sec  0.238 ms  784/4676 (17%)  
[  5] 290.00-291.00 sec   362 KBytes  2.97 Mbits/sec  0.226 ms  504/4213 (12%)  
[  5] 291.00-292.00 sec   388 KBytes  3.17 Mbits/sec  0.218 ms  867/4835 (18%)  
[  5] 292.00-293.00 sec   346 KBytes  2.84 Mbits/sec  0.223 ms  640/4186 (15%)  
[  5] 293.00-294.00 sec   377 KBytes  3.09 Mbits/sec  0.217 ms  1072/4934 (22%)  
[  5] 294.00-295.00 sec   360 KBytes  2.95 Mbits/sec  0.206 ms  569/4257 (13%)  
[  5] 295.00-296.00 sec   361 KBytes  2.96 Mbits/sec  0.240 ms  490/4188 (12%)  
[  5] 296.00-297.00 sec   395 KBytes  3.24 Mbits/sec  0.192 ms  556/4604 (12%)  
[  5] 297.00-298.00 sec   360 KBytes  2.95 Mbits/sec  0.186 ms  796/4483 (18%)  
[  5] 298.00-299.00 sec   399 KBytes  3.27 Mbits/sec  0.212 ms  850/4940 (17%)  
[  5] 299.00-300.00 sec   355 KBytes  2.91 Mbits/sec  0.218 ms  377/4011 (9.4%)  
[  5] 300.00-301.00 sec   342 KBytes  2.80 Mbits/sec  0.213 ms  703/4202 (17%)  
[  5] 301.00-302.00 sec   357 KBytes  2.93 Mbits/sec  0.204 ms  411/4070 (10%)  
[  5] 302.00-303.00 sec   280 KBytes  2.30 Mbits/sec  0.219 ms  277/3149 (8.8%)  
[  5] 303.00-304.00 sec   299 KBytes  2.44 Mbits/sec  0.295 ms  791/3848 (21%)  
[  5] 304.00-305.00 sec   222 KBytes  1.82 Mbits/sec  0.296 ms  517/2794 (19%)  
[  5] 305.00-306.00 sec   224 KBytes  1.83 Mbits/sec  0.219 ms  514/2808 (18%)  
[  5] 306.00-307.00 sec   219 KBytes  1.80 Mbits/sec  0.218 ms  542/2788 (19%)  
[  5] 307.00-308.00 sec   367 KBytes  3.01 Mbits/sec  0.217 ms  662/4425 (15%)  
[  5] 308.00-309.00 sec   194 KBytes  1.59 Mbits/sec  0.255 ms  294/2283 (13%)  
[  5] 309.00-310.00 sec   190 KBytes  1.56 Mbits/sec  0.223 ms  566/2515 (23%)  
[  5] 310.00-311.00 sec   209 KBytes  1.71 Mbits/sec  0.208 ms  981/3124 (31%)  
[  5] 311.00-312.00 sec   240 KBytes  1.96 Mbits/sec  0.211 ms  356/2812 (13%)  
[  5] 312.00-313.00 sec   207 KBytes  1.69 Mbits/sec  0.254 ms  649/2765 (23%)  
[  5] 313.00-314.00 sec   241 KBytes  1.97 Mbits/sec  0.219 ms  216/2684 (8%)  
[  5] 314.00-315.00 sec   253 KBytes  2.08 Mbits/sec  0.211 ms  245/2835 (8.6%)  
[  5] 315.00-316.00 sec   255 KBytes  2.09 Mbits/sec  0.208 ms  874/3489 (25%)  
[  5] 316.00-317.00 sec   169 KBytes  1.38 Mbits/sec  0.215 ms  338/2065 (16%)  
[  5] 317.00-318.00 sec   172 KBytes  1.41 Mbits/sec  0.218 ms  1194/2954 (40%)  
[  5] 318.00-319.00 sec   140 KBytes  1.15 Mbits/sec  0.215 ms  721/2157 (33%)  
[  5] 319.00-320.00 sec   200 KBytes  1.64 Mbits/sec  0.220 ms  903/2952 (31%)  
[  5] 320.00-321.00 sec   208 KBytes  1.70 Mbits/sec  0.220 ms  329/2459 (13%)  
[  5] 321.00-322.00 sec   287 KBytes  2.36 Mbits/sec  0.214 ms  760/3703 (21%)  
[  5] 322.00-323.00 sec   244 KBytes  2.00 Mbits/sec  0.338 ms  921/3416 (27%)  
[  5] 323.00-324.00 sec   277 KBytes  2.27 Mbits/sec  0.215 ms  710/3551 (20%)  
[  5] 324.00-325.00 sec   265 KBytes  2.17 Mbits/sec  0.213 ms  745/3456 (22%)  
[  5] 325.00-326.00 sec   290 KBytes  2.38 Mbits/sec  0.217 ms  585/3557 (16%)  
[  5] 326.00-327.00 sec   191 KBytes  1.56 Mbits/sec  0.288 ms  861/2812 (31%)  
[  5] 327.00-328.00 sec   161 KBytes  1.32 Mbits/sec  0.449 ms  455/2099 (22%)  
[  5] 328.00-329.00 sec   226 KBytes  1.85 Mbits/sec  0.215 ms  454/2772 (16%)  
[  5] 329.00-330.00 sec   220 KBytes  1.80 Mbits/sec  0.194 ms  673/2923 (23%)  
[  5] 330.00-331.00 sec   194 KBytes  1.59 Mbits/sec  0.221 ms  1424/3410 (42%)  
[  5] 331.00-332.00 sec   196 KBytes  1.60 Mbits/sec  0.213 ms  1459/3470 (42%)  
[  5] 332.00-333.00 sec   253 KBytes  2.08 Mbits/sec  0.203 ms  1260/3850 (33%)  
[  5] 333.00-334.00 sec   207 KBytes  1.70 Mbits/sec  0.747 ms  1668/3787 (44%)  
[  5] 334.00-335.00 sec   202 KBytes  1.65 Mbits/sec  0.107 ms  2513/4580 (55%)  
[  5] 335.00-336.00 sec   156 KBytes  1.28 Mbits/sec  0.191 ms  2642/4243 (62%)  
[  5] 336.00-337.00 sec   278 KBytes  2.27 Mbits/sec  0.218 ms  1942/4784 (41%)  
[  5] 337.00-338.00 sec   169 KBytes  1.39 Mbits/sec  0.209 ms  1749/3483 (50%)  
[  5] 338.00-339.00 sec   241 KBytes  1.98 Mbits/sec  0.228 ms  2241/4709 (48%)  
[  5] 339.00-340.00 sec   169 KBytes  1.38 Mbits/sec  0.206 ms  2199/3927 (56%)  
[  5] 340.00-341.00 sec   235 KBytes  1.93 Mbits/sec  0.202 ms  2625/5036 (52%)  
[  5] 341.00-342.00 sec   214 KBytes  1.75 Mbits/sec  0.242 ms  2107/4294 (49%)  
[  5] 342.00-343.00 sec   173 KBytes  1.42 Mbits/sec  0.203 ms  2805/4577 (61%)  
[  5] 343.00-344.00 sec   276 KBytes  2.26 Mbits/sec  0.384 ms  2004/4832 (41%)  
[  5] 344.00-345.00 sec   258 KBytes  2.11 Mbits/sec  0.198 ms  1739/4380 (40%)  
[  5] 345.00-346.00 sec   260 KBytes  2.13 Mbits/sec  0.153 ms  3406/6072 (56%)  
[  5] 346.00-347.00 sec   192 KBytes  1.57 Mbits/sec  0.212 ms  2292/4258 (54%)  
[  5] 347.00-348.00 sec   298 KBytes  2.44 Mbits/sec  0.224 ms  3995/7042 (57%)  
[  5] 348.00-349.00 sec   150 KBytes  1.23 Mbits/sec  0.220 ms  2013/3553 (57%)  
[  5] 349.00-350.00 sec   212 KBytes  1.74 Mbits/sec  0.131 ms  1780/3955 (45%)  
[  5] 350.00-351.00 sec   242 KBytes  1.98 Mbits/sec  0.211 ms  2384/4862 (49%)  
[  5] 351.00-352.00 sec   298 KBytes  2.44 Mbits/sec  0.216 ms  1632/4679 (35%)  
[  5] 352.00-353.00 sec   331 KBytes  2.71 Mbits/sec  0.210 ms  1827/5213 (35%)  
[  5] 353.00-354.00 sec   308 KBytes  2.52 Mbits/sec  0.227 ms  1531/4682 (33%)  
[  5] 354.00-355.00 sec   338 KBytes  2.77 Mbits/sec  0.215 ms  2284/5740 (40%)  
[  5] 355.00-356.00 sec   300 KBytes  2.46 Mbits/sec  0.225 ms  3277/6346 (52%)  
[  5] 356.00-357.00 sec   349 KBytes  2.86 Mbits/sec  0.208 ms  3875/7448 (52%)  
[  5] 357.00-358.00 sec   300 KBytes  2.46 Mbits/sec  0.215 ms  1659/4729 (35%)  
[  5] 358.00-359.00 sec   361 KBytes  2.96 Mbits/sec  0.218 ms  3487/7188 (49%)  
[  5] 359.00-360.00 sec   271 KBytes  2.22 Mbits/sec  0.220 ms  2819/5598 (50%)  
[  5] 360.00-361.00 sec   264 KBytes  2.17 Mbits/sec  0.684 ms  2823/5527 (51%)  
[  5] 361.00-362.00 sec   342 KBytes  2.80 Mbits/sec  0.201 ms  2798/6303 (44%)  
[  5] 362.00-363.00 sec   311 KBytes  2.55 Mbits/sec  0.212 ms  2240/5427 (41%)  
[  5] 363.00-364.00 sec   342 KBytes  2.80 Mbits/sec  0.205 ms  3516/7014 (50%)  
[  5] 364.00-365.00 sec   286 KBytes  2.34 Mbits/sec  0.211 ms  1865/4795 (39%)  
[  5] 365.00-366.00 sec   335 KBytes  2.74 Mbits/sec  0.212 ms  2925/6354 (46%)  
[  5] 366.00-367.00 sec   324 KBytes  2.65 Mbits/sec  0.203 ms  3944/7257 (54%)  
[  5] 367.00-368.00 sec   277 KBytes  2.27 Mbits/sec  0.256 ms  2308/5146 (45%)  
[  5] 368.00-369.00 sec   325 KBytes  2.66 Mbits/sec  0.204 ms  2547/5871 (43%)  
[  5] 369.00-370.00 sec   299 KBytes  2.45 Mbits/sec  0.202 ms  1666/4727 (35%)  
[  5] 370.00-371.00 sec   364 KBytes  2.98 Mbits/sec  0.218 ms  2695/6421 (42%)  
[  5] 371.00-372.00 sec   331 KBytes  2.71 Mbits/sec  0.214 ms  3668/7053 (52%)  
[  5] 372.00-373.00 sec   343 KBytes  2.81 Mbits/sec  0.194 ms  2318/5826 (40%)  
[  5] 373.00-374.00 sec   321 KBytes  2.63 Mbits/sec  0.214 ms  1973/5255 (38%)  
[  5] 374.00-375.00 sec   330 KBytes  2.70 Mbits/sec  0.218 ms  1888/5267 (36%)  
[  5] 375.00-376.00 sec   326 KBytes  2.67 Mbits/sec  0.208 ms  1520/4858 (31%)  
[  5] 376.00-377.00 sec   343 KBytes  2.81 Mbits/sec  0.215 ms  1430/4940 (29%)  
[  5] 377.00-378.00 sec   347 KBytes  2.84 Mbits/sec  0.210 ms  1331/4887 (27%)  
[  5] 378.00-379.00 sec   350 KBytes  2.87 Mbits/sec  0.324 ms  1177/4765 (25%)  
[  5] 379.00-380.00 sec   345 KBytes  2.82 Mbits/sec  0.223 ms  1510/5039 (30%)  
[  5] 380.00-381.00 sec   355 KBytes  2.91 Mbits/sec  0.207 ms  1442/5082 (28%)  
[  5] 381.00-382.00 sec   326 KBytes  2.67 Mbits/sec  0.240 ms  1554/4897 (32%)  
[  5] 382.00-383.00 sec   361 KBytes  2.96 Mbits/sec  0.203 ms  1141/4840 (24%)  
[  5] 383.00-384.00 sec   351 KBytes  2.87 Mbits/sec  0.260 ms  1445/5036 (29%)  
[  5] 384.00-385.00 sec   336 KBytes  2.75 Mbits/sec  0.221 ms  1707/5144 (33%)  
[  5] 385.00-386.00 sec   313 KBytes  2.56 Mbits/sec  0.218 ms  821/4026 (20%)  
[  5] 386.00-387.00 sec   303 KBytes  2.48 Mbits/sec  0.222 ms  1435/4536 (32%)  
[  5] 387.00-388.00 sec   364 KBytes  2.98 Mbits/sec  0.216 ms  1049/4775 (22%)  
[  5] 388.00-389.00 sec   352 KBytes  2.88 Mbits/sec  0.211 ms  1251/4852 (26%)  
[  5] 389.00-390.00 sec   287 KBytes  2.35 Mbits/sec  0.697 ms  934/3873 (24%)  
[  5] 390.00-391.00 sec   274 KBytes  2.25 Mbits/sec  0.222 ms  1434/4244 (34%)  
[  5] 391.00-392.00 sec   299 KBytes  2.45 Mbits/sec  0.181 ms  1044/4109 (25%)  
[  5] 392.00-393.00 sec   362 KBytes  2.97 Mbits/sec  0.216 ms  852/4559 (19%)  
[  5] 393.00-394.00 sec   348 KBytes  2.85 Mbits/sec  0.218 ms  743/4305 (17%)  
[  5] 394.00-395.00 sec   334 KBytes  2.74 Mbits/sec  1.529 ms  1031/4450 (23%)  
[  5] 395.00-396.00 sec   339 KBytes  2.78 Mbits/sec  0.222 ms  1193/4664 (26%)  
[  5] 396.00-397.00 sec   302 KBytes  2.47 Mbits/sec  0.271 ms  750/3839 (20%)  
[  5] 397.00-398.00 sec   373 KBytes  3.05 Mbits/sec  0.212 ms  774/4589 (17%)  
[  5] 398.00-399.00 sec   290 KBytes  2.37 Mbits/sec  0.221 ms  1490/4458 (33%)  
[  5] 399.00-400.00 sec   237 KBytes  1.94 Mbits/sec  0.811 ms  1550/3977 (39%)  
[  5] 400.00-401.00 sec   219 KBytes  1.80 Mbits/sec  0.215 ms  820/3065 (27%)  
[  5] 401.00-402.00 sec   259 KBytes  2.12 Mbits/sec  0.286 ms  1027/3677 (28%)  
[  5] 402.00-403.00 sec   190 KBytes  1.56 Mbits/sec  0.214 ms  531/2475 (21%)  
[  5] 403.00-404.00 sec   279 KBytes  2.28 Mbits/sec  0.215 ms  1473/4329 (34%)  
[  5] 404.00-405.00 sec   291 KBytes  2.38 Mbits/sec  0.204 ms  664/3644 (18%)  
[  5] 405.00-406.00 sec   263 KBytes  2.15 Mbits/sec  0.209 ms  1265/3959 (32%)  
[  5] 406.00-407.00 sec   358 KBytes  2.94 Mbits/sec  0.201 ms  1012/4683 (22%)  
[  5] 407.00-408.00 sec   203 KBytes  1.66 Mbits/sec  0.213 ms  444/2518 (18%)  
[  5] 408.00-409.00 sec   275 KBytes  2.26 Mbits/sec  0.213 ms  1481/4298 (34%)  
[  5] 409.00-410.00 sec   169 KBytes  1.38 Mbits/sec  0.222 ms  1315/3044 (43%)  
[  5] 410.00-411.00 sec   301 KBytes  2.47 Mbits/sec  0.214 ms  918/4000 (23%)  
[  5] 411.00-412.00 sec   291 KBytes  2.38 Mbits/sec  0.202 ms  831/3811 (22%)  
[  5] 412.00-413.00 sec   282 KBytes  2.31 Mbits/sec  0.212 ms  1068/3959 (27%)  
[  5] 413.00-414.00 sec   288 KBytes  2.36 Mbits/sec  0.218 ms  913/3865 (24%)  
[  5] 414.00-415.00 sec   301 KBytes  2.47 Mbits/sec  0.212 ms  1654/4738 (35%)  
[  5] 415.00-416.00 sec   247 KBytes  2.02 Mbits/sec  0.228 ms  1664/4189 (40%)  
[  5] 416.00-417.00 sec   298 KBytes  2.44 Mbits/sec  0.215 ms  1081/4132 (26%)  
[  5] 417.00-418.00 sec   311 KBytes  2.55 Mbits/sec  0.293 ms  1342/4530 (30%)  
[  5] 418.00-419.00 sec   265 KBytes  2.17 Mbits/sec  0.314 ms  1108/3826 (29%)  
[  5] 419.00-420.00 sec   354 KBytes  2.90 Mbits/sec  0.223 ms  1108/4733 (23%)  
[  5] 420.00-421.00 sec   279 KBytes  2.28 Mbits/sec  0.214 ms  961/3816 (25%)  
[  5] 421.00-422.00 sec   293 KBytes  2.40 Mbits/sec  0.228 ms  945/3942 (24%)  
[  5] 422.00-423.00 sec   314 KBytes  2.57 Mbits/sec  0.213 ms  848/4059 (21%)  
[  5] 423.00-424.00 sec   279 KBytes  2.28 Mbits/sec  0.748 ms  1068/3924 (27%)  
[  5] 424.00-425.00 sec   361 KBytes  2.96 Mbits/sec  0.275 ms  1592/5291 (30%)  
[  5] 425.00-426.00 sec   301 KBytes  2.46 Mbits/sec  0.262 ms  2301/5379 (43%)  
[  5] 426.00-427.00 sec   301 KBytes  2.47 Mbits/sec  0.213 ms  1866/4950 (38%)  
[  5] 427.00-428.00 sec   349 KBytes  2.86 Mbits/sec  0.216 ms  1729/5302 (33%)  
[  5] 428.00-429.00 sec   299 KBytes  2.45 Mbits/sec  0.215 ms  1780/4846 (37%)  
