Connecting to host 172.22.0.50, port 5202
Reverse mode, remote host 172.22.0.50 is sending
[  5] local 192.168.102.2 port 44661 connected to 172.22.0.50 port 5202
[ ID] Interval           Transfer     Bitrate         Jitter    Lost/Total Datagrams
[  5]   0.00-1.00   sec   440 KBytes  3.60 Mbits/sec  0.409 ms  0/4502 (0%)  
[  5]   1.00-2.00   sec   440 KBytes  3.61 Mbits/sec  0.313 ms  0/4507 (0%)  
[  5]   2.00-3.00   sec   439 KBytes  3.59 Mbits/sec  0.271 ms  0/4494 (0%)  
[  5]   3.00-4.00   sec   436 KBytes  3.57 Mbits/sec  0.413 ms  0/4469 (0%)  
[  5]   4.00-5.00   sec   441 KBytes  3.61 Mbits/sec  0.507 ms  0/4512 (0%)  
[  5]   5.00-6.00   sec   438 KBytes  3.59 Mbits/sec  0.297 ms  0/4487 (0%)  
[  5]   6.00-7.00   sec   438 KBytes  3.59 Mbits/sec  0.447 ms  0/4483 (0%)  
[  5]   7.00-8.00   sec   441 KBytes  3.61 Mbits/sec  0.282 ms  0/4512 (0%)  
[  5]   8.00-9.00   sec   441 KBytes  3.61 Mbits/sec  0.587 ms  0/4513 (0%)  
[  5]   9.00-10.00  sec   438 KBytes  3.59 Mbits/sec  0.265 ms  0/4484 (0%)  
[  5]  10.00-11.00  sec   442 KBytes  3.62 Mbits/sec  0.324 ms  0/4522 (0%)  
[  5]  11.00-12.00  sec   440 KBytes  3.61 Mbits/sec  0.431 ms  0/4510 (0%)  
[  5]  12.00-13.00  sec   439 KBytes  3.60 Mbits/sec  0.225 ms  0/4511 (0%)  
[  5]  13.00-14.00  sec   439 KBytes  3.60 Mbits/sec  0.280 ms  0/4494 (0%)  
[  5]  14.00-15.00  sec   440 KBytes  3.60 Mbits/sec  0.243 ms  0/4509 (0%)  
[  5]  15.00-16.00  sec   437 KBytes  3.58 Mbits/sec  0.371 ms  0/4471 (0%)  
[  5]  16.00-17.00  sec   442 KBytes  3.62 Mbits/sec  0.280 ms  0/4525 (0%)  
[  5]  17.00-18.00  sec   439 KBytes  3.59 Mbits/sec  0.255 ms  0/4492 (0%)  
[  5]  18.00-19.00  sec   363 KBytes  2.97 Mbits/sec  0.467 ms  0/3717 (0%)  
[  5]  19.00-20.00  sec   310 KBytes  2.54 Mbits/sec  0.494 ms  0/3175 (0%)  
[  5]  20.00-21.00  sec   321 KBytes  2.63 Mbits/sec  0.338 ms  0/3284 (0%)  
[  5]  21.00-22.00  sec   310 KBytes  2.54 Mbits/sec  0.501 ms  0/3175 (0%)  
[  5]  22.00-23.01  sec   294 KBytes  2.39 Mbits/sec  0.358 ms  0/3010 (0%)  
[  5]  23.01-24.00  sec   270 KBytes  2.23 Mbits/sec  0.397 ms  0/2766 (0%)  
[  5]  24.00-25.00  sec   339 KBytes  2.77 Mbits/sec  0.380 ms  0/3467 (0%)  
[  5]  25.00-26.00  sec   346 KBytes  2.83 Mbits/sec  0.493 ms  0/3548 (0%)  
[  5]  26.00-27.00  sec   278 KBytes  2.29 Mbits/sec  0.333 ms  0/2851 (0%)  
[  5]  27.00-28.00  sec   343 KBytes  2.81 Mbits/sec  0.341 ms  0/3517 (0%)  
[  5]  28.00-29.00  sec   324 KBytes  2.66 Mbits/sec  0.583 ms  0/3322 (0%)  
[  5]  29.00-30.00  sec   279 KBytes  2.29 Mbits/sec  0.666 ms  0/2857 (0%)  
[  5]  30.00-31.00  sec   285 KBytes  2.33 Mbits/sec  0.383 ms  0/2923 (0%)  
[  5]  31.00-32.00  sec   273 KBytes  2.24 Mbits/sec  0.386 ms  0/2799 (0%)  
[  5]  32.00-33.00  sec   267 KBytes  2.19 Mbits/sec  0.403 ms  0/2735 (0%)  
[  5]  33.00-34.00  sec   287 KBytes  2.35 Mbits/sec  0.477 ms  0/2941 (0%)  
[  5]  34.00-35.00  sec   294 KBytes  2.41 Mbits/sec  0.352 ms  0/3008 (0%)  
[  5]  35.00-36.00  sec   294 KBytes  2.40 Mbits/sec  0.434 ms  0/3006 (0%)  
[  5]  36.00-37.00  sec   278 KBytes  2.28 Mbits/sec  0.365 ms  0/2851 (0%)  
[  5]  37.00-38.00  sec   257 KBytes  2.11 Mbits/sec  0.489 ms  0/2636 (0%)  
[  5]  38.00-39.00  sec   227 KBytes  1.87 Mbits/sec  0.470 ms  0/2329 (0%)  
[  5]  39.00-40.00  sec   283 KBytes  2.31 Mbits/sec  0.625 ms  0/2893 (0%)  
[  5]  40.00-41.00  sec   248 KBytes  2.04 Mbits/sec  0.302 ms  0/2537 (0%)  
[  5]  41.00-42.00  sec   268 KBytes  2.19 Mbits/sec  0.368 ms  0/2743 (0%)  
[  5]  42.00-43.00  sec   243 KBytes  1.99 Mbits/sec  0.550 ms  0/2487 (0%)  
[  5]  43.00-44.00  sec   275 KBytes  2.25 Mbits/sec  0.395 ms  0/2815 (0%)  
[  5]  44.00-45.00  sec   290 KBytes  2.38 Mbits/sec  0.363 ms  0/2973 (0%)  
[  5]  45.00-46.00  sec   302 KBytes  2.47 Mbits/sec  0.634 ms  0/3089 (0%)  
[  5]  46.00-47.00  sec   282 KBytes  2.31 Mbits/sec  0.335 ms  0/2890 (0%)  
[  5]  47.00-48.00  sec   276 KBytes  2.26 Mbits/sec  0.372 ms  0/2826 (0%)  
[  5]  48.00-49.00  sec   292 KBytes  2.39 Mbits/sec  0.370 ms  0/2987 (0%)  
[  5]  49.00-50.00  sec   295 KBytes  2.42 Mbits/sec  0.365 ms  0/3022 (0%)  
[  5]  50.00-51.00  sec   286 KBytes  2.34 Mbits/sec  0.374 ms  0/2925 (0%)  
[  5]  51.00-52.00  sec   273 KBytes  2.24 Mbits/sec  0.480 ms  0/2793 (0%)  
[  5]  52.00-53.00  sec   276 KBytes  2.26 Mbits/sec  0.466 ms  0/2826 (0%)  
[  5]  53.00-54.00  sec   280 KBytes  2.29 Mbits/sec  0.588 ms  0/2865 (0%)  
[  5]  54.00-55.00  sec   278 KBytes  2.28 Mbits/sec  0.359 ms  0/2845 (0%)  
[  5]  55.00-56.00  sec   272 KBytes  2.23 Mbits/sec  0.528 ms  0/2784 (0%)  
[  5]  56.00-57.00  sec   304 KBytes  2.50 Mbits/sec  0.393 ms  0/3115 (0%)  
[  5]  57.00-58.00  sec   277 KBytes  2.27 Mbits/sec  0.948 ms  0/2841 (0%)  
[  5]  58.00-59.00  sec   280 KBytes  2.29 Mbits/sec  0.319 ms  0/2863 (0%)  
[  5]  59.00-60.00  sec   293 KBytes  2.40 Mbits/sec  0.347 ms  0/3004 (0%)  
[  5]  60.00-61.00  sec   265 KBytes  2.17 Mbits/sec  0.684 ms  0/2712 (0%)  
[  5]  61.00-62.00  sec   272 KBytes  2.23 Mbits/sec  0.329 ms  0/2786 (0%)  
[  5]  62.00-63.00  sec   275 KBytes  2.26 Mbits/sec  0.464 ms  0/2820 (0%)  
[  5]  63.00-64.00  sec   309 KBytes  2.53 Mbits/sec  0.508 ms  0/3169 (0%)  
[  5]  64.00-65.00  sec   327 KBytes  2.68 Mbits/sec  0.355 ms  0/3346 (0%)  
[  5]  65.00-66.00  sec   321 KBytes  2.63 Mbits/sec  0.401 ms  0/3289 (0%)  
[  5]  66.00-67.00  sec   320 KBytes  2.62 Mbits/sec  0.459 ms  0/3279 (0%)  
[  5]  67.00-68.00  sec   298 KBytes  2.44 Mbits/sec  0.501 ms  0/3053 (0%)  
[  5]  68.00-69.00  sec   274 KBytes  2.25 Mbits/sec  0.368 ms  0/2808 (0%)  
[  5]  69.00-70.00  sec   315 KBytes  2.58 Mbits/sec  0.369 ms  0/3225 (0%)  
[  5]  70.00-71.00  sec   301 KBytes  2.47 Mbits/sec  0.315 ms  0/3084 (0%)  
[  5]  71.00-72.00  sec   272 KBytes  2.23 Mbits/sec  0.315 ms  0/2785 (0%)  
[  5]  72.00-73.00  sec   275 KBytes  2.25 Mbits/sec  0.339 ms  0/2815 (0%)  
[  5]  73.00-74.00  sec   267 KBytes  2.19 Mbits/sec  0.315 ms  0/2737 (0%)  
[  5]  74.00-75.00  sec   287 KBytes  2.35 Mbits/sec  0.377 ms  0/2937 (0%)  
[  5]  75.00-76.00  sec   300 KBytes  2.46 Mbits/sec  0.366 ms  0/3071 (0%)  
[  5]  76.00-77.00  sec   288 KBytes  2.36 Mbits/sec  0.444 ms  0/2948 (0%)  
[  5]  77.00-78.00  sec   270 KBytes  2.22 Mbits/sec  0.428 ms  0/2769 (0%)  
[  5]  78.00-79.00  sec   279 KBytes  2.29 Mbits/sec  0.383 ms  0/2857 (0%)  
[  5]  79.00-80.00  sec   302 KBytes  2.48 Mbits/sec  0.362 ms  0/3095 (0%)  
[  5]  80.00-81.00  sec   317 KBytes  2.60 Mbits/sec  0.404 ms  0/3249 (0%)  
[  5]  81.00-82.00  sec   316 KBytes  2.59 Mbits/sec  0.470 ms  0/3235 (0%)  
[  5]  82.00-83.00  sec   288 KBytes  2.36 Mbits/sec  0.391 ms  0/2945 (0%)  
[  5]  83.00-84.00  sec   274 KBytes  2.25 Mbits/sec  0.339 ms  0/2808 (0%)  
[  5]  84.00-85.00  sec   294 KBytes  2.41 Mbits/sec  0.409 ms  0/3010 (0%)  
[  5]  85.00-86.00  sec   317 KBytes  2.59 Mbits/sec  0.551 ms  0/3243 (0%)  
[  5]  86.00-87.00  sec   306 KBytes  2.51 Mbits/sec  0.579 ms  0/3137 (0%)  
[  5]  87.00-88.00  sec   314 KBytes  2.57 Mbits/sec  0.583 ms  0/3211 (0%)  
[  5]  88.00-89.00  sec   259 KBytes  2.12 Mbits/sec  0.347 ms  0/2652 (0%)  
[  5]  89.00-90.00  sec   336 KBytes  2.76 Mbits/sec  0.357 ms  0/3444 (0%)  
[  5]  90.00-91.00  sec   292 KBytes  2.39 Mbits/sec  0.623 ms  0/2991 (0%)  
[  5]  91.00-92.00  sec   317 KBytes  2.59 Mbits/sec  0.307 ms  0/3242 (0%)  
[  5]  92.00-93.00  sec   329 KBytes  2.69 Mbits/sec  0.358 ms  0/3365 (0%)  
[  5]  93.00-94.00  sec   212 KBytes  1.74 Mbits/sec  0.216 ms  1320/3492 (38%)  
[  5]  94.00-95.00  sec   275 KBytes  2.25 Mbits/sec  0.206 ms  1651/4464 (37%)  
[  5]  95.00-96.00  sec   301 KBytes  2.46 Mbits/sec  0.213 ms  1334/4415 (30%)  
[  5]  96.00-97.00  sec   294 KBytes  2.41 Mbits/sec  0.219 ms  1680/4686 (36%)  
[  5]  97.00-98.00  sec   313 KBytes  2.55 Mbits/sec  0.221 ms  2049/5250 (39%)  
[  5]  98.00-99.00  sec   194 KBytes  1.59 Mbits/sec  0.233 ms  1957/3941 (50%)  
[  5]  99.00-100.00 sec   249 KBytes  2.04 Mbits/sec  0.207 ms  1734/4288 (40%)  
[  5] 100.00-101.00 sec   272 KBytes  2.23 Mbits/sec  0.219 ms  2646/5433 (49%)  
[  5] 101.00-102.00 sec   337 KBytes  2.76 Mbits/sec  0.404 ms  2082/5536 (38%)  
[  5] 102.00-103.00 sec   291 KBytes  2.38 Mbits/sec  0.219 ms  2072/5051 (41%)  
[  5] 103.00-104.00 sec   368 KBytes  3.02 Mbits/sec  0.208 ms  2090/5862 (36%)  
[  5] 104.00-105.00 sec   351 KBytes  2.88 Mbits/sec  0.213 ms  1503/5098 (29%)  
[  5] 105.00-106.00 sec   200 KBytes  1.64 Mbits/sec  0.212 ms  1429/3475 (41%)  
[  5] 106.00-107.00 sec   304 KBytes  2.49 Mbits/sec  0.216 ms  1578/4693 (34%)  
[  5] 107.00-108.00 sec   215 KBytes  1.76 Mbits/sec  0.254 ms  1605/3805 (42%)  
[  5] 108.00-109.00 sec   273 KBytes  2.24 Mbits/sec  0.220 ms  1984/4781 (41%)  
[  5] 109.00-110.00 sec   230 KBytes  1.89 Mbits/sec  0.202 ms  1467/3826 (38%)  
[  5] 110.00-111.00 sec   280 KBytes  2.30 Mbits/sec  0.237 ms  1505/4376 (34%)  
[  5] 111.00-112.00 sec   337 KBytes  2.76 Mbits/sec  0.175 ms  1814/5260 (34%)  
[  5] 112.00-113.00 sec   190 KBytes  1.56 Mbits/sec  3.405 ms  1562/3511 (44%)  
[  5] 113.00-114.00 sec   217 KBytes  1.77 Mbits/sec  0.250 ms  2168/4385 (49%)  
[  5] 114.00-115.00 sec   158 KBytes  1.29 Mbits/sec  0.238 ms  1634/3249 (50%)  
[  5] 115.00-116.00 sec   241 KBytes  1.98 Mbits/sec  0.308 ms  1055/3523 (30%)  
[  5] 116.00-117.00 sec   230 KBytes  1.88 Mbits/sec  0.218 ms  1424/3778 (38%)  
[  5] 117.00-118.00 sec   182 KBytes  1.49 Mbits/sec  0.192 ms  1481/3348 (44%)  
[  5] 118.00-119.00 sec   219 KBytes  1.80 Mbits/sec  0.241 ms  1833/4076 (45%)  
[  5] 119.00-120.00 sec   241 KBytes  1.97 Mbits/sec  0.216 ms  1047/3515 (30%)  
[  5] 120.00-121.00 sec   264 KBytes  2.16 Mbits/sec  0.211 ms  1725/4432 (39%)  
[  5] 121.00-122.00 sec   233 KBytes  1.91 Mbits/sec  0.227 ms  1304/3690 (35%)  
[  5] 122.00-123.00 sec   193 KBytes  1.58 Mbits/sec  0.294 ms  1638/3615 (45%)  
[  5] 123.00-124.00 sec   206 KBytes  1.69 Mbits/sec  0.219 ms  1138/3252 (35%)  
[  5] 124.00-125.00 sec   139 KBytes  1.13 Mbits/sec  0.224 ms  2014/3433 (59%)  
[  5] 125.00-126.00 sec   282 KBytes  2.30 Mbits/sec  0.205 ms  2036/4919 (41%)  
[  5] 126.00-127.00 sec   242 KBytes  1.99 Mbits/sec  0.217 ms  1300/3782 (34%)  
[  5] 127.00-128.00 sec   257 KBytes  2.10 Mbits/sec  0.209 ms  1758/4387 (40%)  
[  5] 128.00-129.00 sec   185 KBytes  1.51 Mbits/sec  0.324 ms  1443/3335 (43%)  
[  5] 129.00-130.00 sec   284 KBytes  2.33 Mbits/sec  0.208 ms  1167/4075 (29%)  
[  5] 130.00-131.00 sec   198 KBytes  1.62 Mbits/sec  0.156 ms  1424/3453 (41%)  
[  5] 131.00-132.00 sec   195 KBytes  1.60 Mbits/sec  0.234 ms  1021/3017 (34%)  
[  5] 132.00-133.00 sec   266 KBytes  2.18 Mbits/sec  0.214 ms  1328/4054 (33%)  
[  5] 133.00-134.00 sec   218 KBytes  1.78 Mbits/sec  0.215 ms  1378/3609 (38%)  
[  5] 134.00-135.00 sec   275 KBytes  2.26 Mbits/sec  0.272 ms  1753/4571 (38%)  
[  5] 135.00-136.00 sec   268 KBytes  2.20 Mbits/sec  0.195 ms  2292/5040 (45%)  
[  5] 136.00-137.00 sec   216 KBytes  1.77 Mbits/sec  0.215 ms  2336/4551 (51%)  
[  5] 137.00-138.00 sec   297 KBytes  2.43 Mbits/sec  0.797 ms  1671/4713 (35%)  
[  5] 138.00-139.00 sec   274 KBytes  2.25 Mbits/sec  0.214 ms  1794/4602 (39%)  
[  5] 139.00-140.00 sec   298 KBytes  2.44 Mbits/sec  0.214 ms  1206/4261 (28%)  
[  5] 140.00-141.00 sec   301 KBytes  2.47 Mbits/sec  0.206 ms  1530/4616 (33%)  
[  5] 141.00-142.00 sec   229 KBytes  1.88 Mbits/sec  0.537 ms  3491/5836 (60%)  
[  5] 142.00-143.01 sec   254 KBytes  2.07 Mbits/sec  2.445 ms  2209/4812 (46%)  
[  5] 143.01-144.00 sec   284 KBytes  2.34 Mbits/sec  0.274 ms  2642/5548 (48%)  
[  5] 144.00-145.00 sec   262 KBytes  2.15 Mbits/sec  0.223 ms  2553/5237 (49%)  
[  5] 145.00-146.00 sec   215 KBytes  1.76 Mbits/sec  0.396 ms  2276/4479 (51%)  
[  5] 146.00-147.00 sec   285 KBytes  2.34 Mbits/sec  0.211 ms  1942/4860 (40%)  
[  5] 147.00-148.00 sec   188 KBytes  1.54 Mbits/sec  0.258 ms  2407/4334 (56%)  
[  5] 148.00-149.00 sec   178 KBytes  1.46 Mbits/sec  2.124 ms  3117/4941 (63%)  
[  5] 149.00-150.00 sec   278 KBytes  2.28 Mbits/sec  0.193 ms  2524/5375 (47%)  
[  5] 150.00-151.00 sec   238 KBytes  1.94 Mbits/sec  0.577 ms  3160/5595 (56%)  
[  5] 151.00-152.00 sec   233 KBytes  1.91 Mbits/sec  0.174 ms  2468/4852 (51%)  
[  5] 152.00-153.00 sec   272 KBytes  2.23 Mbits/sec  0.210 ms  2559/5346 (48%)  
[  5] 153.00-154.00 sec   298 KBytes  2.44 Mbits/sec  0.218 ms  1916/4972 (39%)  
[  5] 154.00-155.00 sec   241 KBytes  1.97 Mbits/sec  0.173 ms  1607/4073 (39%)  
[  5] 155.00-156.00 sec   215 KBytes  1.76 Mbits/sec  0.202 ms  1438/3642 (39%)  
[  5] 156.00-157.00 sec   219 KBytes  1.79 Mbits/sec  0.296 ms  2980/5218 (57%)  
[  5] 157.00-158.00 sec   227 KBytes  1.86 Mbits/sec  0.172 ms  2059/4382 (47%)  
[  5] 158.00-159.00 sec   260 KBytes  2.13 Mbits/sec  0.218 ms  2411/5071 (48%)  
[  5] 159.00-160.00 sec   266 KBytes  2.18 Mbits/sec  0.359 ms  2556/5278 (48%)  
[  5] 160.00-161.00 sec   265 KBytes  2.17 Mbits/sec  0.212 ms  2168/4877 (44%)  
[  5] 161.00-162.00 sec   361 KBytes  2.96 Mbits/sec  0.198 ms  2020/5717 (35%)  
[  5] 162.00-163.00 sec   264 KBytes  2.16 Mbits/sec  0.212 ms  1936/4636 (42%)  
[  5] 163.00-164.00 sec   285 KBytes  2.34 Mbits/sec  0.307 ms  1614/4534 (36%)  
[  5] 164.00-165.00 sec   257 KBytes  2.10 Mbits/sec  0.190 ms  1965/4595 (43%)  
[  5] 165.00-166.00 sec   295 KBytes  2.41 Mbits/sec  0.213 ms  2101/5118 (41%)  
[  5] 166.00-167.00 sec   284 KBytes  2.33 Mbits/sec  0.218 ms  1632/4544 (36%)  
[  5] 167.00-168.00 sec   203 KBytes  1.67 Mbits/sec  0.226 ms  1858/3941 (47%)  
[  5] 168.00-169.00 sec   274 KBytes  2.24 Mbits/sec  0.248 ms  2683/5485 (49%)  
[  5] 169.00-170.00 sec   301 KBytes  2.47 Mbits/sec  0.215 ms  1544/4628 (33%)  
[  5] 170.00-171.00 sec   281 KBytes  2.31 Mbits/sec  0.220 ms  1927/4809 (40%)  
[  5] 171.00-172.00 sec   205 KBytes  1.68 Mbits/sec  0.218 ms  2363/4459 (53%)  
[  5] 172.00-173.00 sec   260 KBytes  2.13 Mbits/sec  0.215 ms  2804/5467 (51%)  
[  5] 173.00-174.00 sec   264 KBytes  2.16 Mbits/sec  0.220 ms  2353/5052 (47%)  
[  5] 174.00-175.00 sec   310 KBytes  2.53 Mbits/sec  0.211 ms  1536/4708 (33%)  
[  5] 175.00-176.00 sec   269 KBytes  2.20 Mbits/sec  0.216 ms  1837/4587 (40%)  
[  5] 176.00-177.00 sec   214 KBytes  1.76 Mbits/sec  0.216 ms  1912/4108 (47%)  
[  5] 177.00-178.00 sec   338 KBytes  2.77 Mbits/sec  0.223 ms  3123/6580 (47%)  
[  5] 178.00-179.00 sec   277 KBytes  2.27 Mbits/sec  0.214 ms  1821/4656 (39%)  
[  5] 179.00-180.00 sec   226 KBytes  1.85 Mbits/sec  0.256 ms  2617/4930 (53%)  
[  5] 180.00-181.00 sec   277 KBytes  2.27 Mbits/sec  0.214 ms  2548/5382 (47%)  
[  5] 181.00-182.00 sec   291 KBytes  2.38 Mbits/sec  3.299 ms  2026/5005 (40%)  
[  5] 182.00-183.00 sec   372 KBytes  3.05 Mbits/sec  0.204 ms  2331/6139 (38%)  
[  5] 183.00-184.00 sec   330 KBytes  2.70 Mbits/sec  0.262 ms  2043/5418 (38%)  
[  5] 184.00-185.00 sec   332 KBytes  2.72 Mbits/sec  0.204 ms  1713/5112 (34%)  
[  5] 185.00-186.00 sec   312 KBytes  2.55 Mbits/sec  0.219 ms  764/3955 (19%)  
[  5] 186.00-187.00 sec   319 KBytes  2.61 Mbits/sec  0.208 ms  1860/5127 (36%)  
[  5] 187.00-188.00 sec   256 KBytes  2.09 Mbits/sec  0.220 ms  1928/4545 (42%)  
[  5] 188.00-189.00 sec   357 KBytes  2.92 Mbits/sec  0.208 ms  1878/5531 (34%)  
[  5] 189.00-190.00 sec   250 KBytes  2.05 Mbits/sec  0.382 ms  1596/4158 (38%)  
[  5] 190.00-191.00 sec   343 KBytes  2.81 Mbits/sec  0.287 ms  2211/5724 (39%)  
[  5] 191.00-192.00 sec   289 KBytes  2.36 Mbits/sec  0.234 ms  1425/4380 (33%)  
[  5] 192.00-193.00 sec   301 KBytes  2.47 Mbits/sec  0.217 ms  1337/4421 (30%)  
[  5] 193.00-194.00 sec   359 KBytes  2.94 Mbits/sec  0.214 ms  1748/5426 (32%)  
[  5] 194.00-195.00 sec   279 KBytes  2.29 Mbits/sec  0.197 ms  2050/4908 (42%)  
[  5] 195.00-196.00 sec   281 KBytes  2.30 Mbits/sec  0.318 ms  1459/4338 (34%)  
[  5] 196.00-197.00 sec   310 KBytes  2.54 Mbits/sec  0.230 ms  2019/5196 (39%)  
[  5] 197.00-198.00 sec   295 KBytes  2.42 Mbits/sec  0.209 ms  1352/4372 (31%)  
[  5] 198.00-199.00 sec   279 KBytes  2.29 Mbits/sec  1.367 ms  1610/4469 (36%)  
[  5] 199.00-200.00 sec   301 KBytes  2.46 Mbits/sec  0.203 ms  1138/4216 (27%)  
[  5] 200.00-201.00 sec   310 KBytes  2.54 Mbits/sec  0.199 ms  1156/4332 (27%)  
[  5] 201.00-202.00 sec   290 KBytes  2.38 Mbits/sec  0.693 ms  1097/4068 (27%)  
[  5] 202.00-203.00 sec   296 KBytes  2.43 Mbits/sec  0.219 ms  1210/4242 (29%)  
[  5] 203.00-204.00 sec   279 KBytes  2.29 Mbits/sec  0.201 ms  1735/4591 (38%)  
[  5] 204.00-205.00 sec   232 KBytes  1.90 Mbits/sec  0.222 ms  1052/3430 (31%)  
[  5] 205.00-206.00 sec   361 KBytes  2.96 Mbits/sec  0.213 ms  1240/4939 (25%)  
[  5] 206.00-207.00 sec   277 KBytes  2.27 Mbits/sec  0.203 ms  1055/3894 (27%)  
[  5] 207.00-208.00 sec   292 KBytes  2.39 Mbits/sec  0.211 ms  947/3937 (24%)  
[  5] 208.00-209.00 sec   371 KBytes  3.04 Mbits/sec  0.217 ms  939/4739 (20%)  
[  5] 209.00-210.00 sec   264 KBytes  2.17 Mbits/sec  0.219 ms  1326/4034 (33%)  
[  5] 210.00-211.00 sec   199 KBytes  1.63 Mbits/sec  0.330 ms  1898/3933 (48%)  
[  5] 211.00-212.00 sec   266 KBytes  2.17 Mbits/sec  0.265 ms  1308/4028 (32%)  
[  5] 212.00-213.00 sec   301 KBytes  2.46 Mbits/sec  0.230 ms  1291/4370 (30%)  
[  5] 213.00-214.00 sec   179 KBytes  1.47 Mbits/sec  0.326 ms  1368/3206 (43%)  
[  5] 214.00-215.00 sec   262 KBytes  2.15 Mbits/sec  0.345 ms  1431/4119 (35%)  
[  5] 215.00-216.00 sec   243 KBytes  1.99 Mbits/sec  0.215 ms  1828/4314 (42%)  
[  5] 216.00-217.00 sec   285 KBytes  2.33 Mbits/sec  0.214 ms  1239/4156 (30%)  
[  5] 217.00-218.00 sec   343 KBytes  2.81 Mbits/sec  0.207 ms  1522/5030 (30%)  
[  5] 218.00-219.00 sec   313 KBytes  2.56 Mbits/sec  0.212 ms  1090/4296 (25%)  
[  5] 219.00-220.00 sec   325 KBytes  2.66 Mbits/sec  0.221 ms  1528/4860 (31%)  
[  5] 220.00-221.00 sec   362 KBytes  2.96 Mbits/sec  0.218 ms  1359/5064 (27%)  
[  5] 221.00-222.00 sec   363 KBytes  2.97 Mbits/sec  0.205 ms  1711/5429 (32%)  
[  5] 222.00-223.00 sec   344 KBytes  2.82 Mbits/sec  0.221 ms  1772/5299 (33%)  
[  5] 223.00-224.00 sec   333 KBytes  2.73 Mbits/sec  0.279 ms  2054/5468 (38%)  
[  5] 224.00-225.00 sec   360 KBytes  2.95 Mbits/sec  0.190 ms  1600/5288 (30%)  
[  5] 225.00-226.00 sec   352 KBytes  2.89 Mbits/sec  0.267 ms  1547/5155 (30%)  
[  5] 226.00-227.00 sec   388 KBytes  3.18 Mbits/sec  0.378 ms  2250/6226 (36%)  
[  5] 227.00-228.00 sec   397 KBytes  3.25 Mbits/sec  0.202 ms  1931/5994 (32%)  
[  5] 228.00-229.00 sec   362 KBytes  2.97 Mbits/sec  0.197 ms  1237/4942 (25%)  
[  5] 229.00-230.00 sec   340 KBytes  2.79 Mbits/sec  0.217 ms  1640/5122 (32%)  
[  5] 230.00-231.00 sec   321 KBytes  2.63 Mbits/sec  0.247 ms  1263/4545 (28%)  
[  5] 231.00-232.00 sec   362 KBytes  2.96 Mbits/sec  0.222 ms  2045/5750 (36%)  
[  5] 232.00-233.00 sec   367 KBytes  3.01 Mbits/sec  0.207 ms  1528/5289 (29%)  
[  5] 233.00-234.00 sec   357 KBytes  2.92 Mbits/sec  0.207 ms  1402/5058 (28%)  
[  5] 234.00-235.00 sec   399 KBytes  3.27 Mbits/sec  0.204 ms  3546/7636 (46%)  
[  5] 235.00-236.00 sec   370 KBytes  3.03 Mbits/sec  0.253 ms  1690/5483 (31%)  
[  5] 236.00-237.00 sec   376 KBytes  3.08 Mbits/sec  0.208 ms  2095/5945 (35%)  
[  5] 237.00-238.00 sec   324 KBytes  2.65 Mbits/sec  0.217 ms  1473/4790 (31%)  
[  5] 238.00-239.00 sec   341 KBytes  2.80 Mbits/sec  0.216 ms  1658/5152 (32%)  
[  5] 239.00-240.00 sec   393 KBytes  3.22 Mbits/sec  0.298 ms  1393/5413 (26%)  
[  5] 240.00-241.00 sec   362 KBytes  2.96 Mbits/sec  0.219 ms  766/4469 (17%)  
[  5] 241.00-242.00 sec   424 KBytes  3.47 Mbits/sec  0.215 ms  1115/5458 (20%)  
[  5] 242.00-243.00 sec   343 KBytes  2.81 Mbits/sec  0.216 ms  853/4366 (20%)  
[  5] 243.00-244.00 sec   328 KBytes  2.69 Mbits/sec  0.217 ms  1142/4496 (25%)  
[  5] 244.00-245.00 sec   305 KBytes  2.50 Mbits/sec  2.541 ms  1369/4491 (30%)  
[  5] 245.00-246.00 sec   402 KBytes  3.29 Mbits/sec  0.213 ms  837/4952 (17%)  
[  5] 246.00-247.00 sec   335 KBytes  2.74 Mbits/sec  0.210 ms  996/4423 (23%)  
[  5] 247.00-248.00 sec   372 KBytes  3.05 Mbits/sec  0.646 ms  1186/5000 (24%)  
[  5] 248.00-249.00 sec   352 KBytes  2.88 Mbits/sec  0.212 ms  888/4494 (20%)  
[  5] 249.00-250.00 sec   434 KBytes  3.55 Mbits/sec  0.214 ms  952/5394 (18%)  
[  5] 250.00-251.00 sec   360 KBytes  2.95 Mbits/sec  0.240 ms  728/4411 (17%)  
[  5] 251.00-252.00 sec   446 KBytes  3.65 Mbits/sec  0.219 ms  964/5529 (17%)  
[  5] 252.00-253.00 sec   349 KBytes  2.86 Mbits/sec  0.215 ms  392/3969 (9.9%)  
[  5] 253.00-254.00 sec   368 KBytes  3.01 Mbits/sec  0.215 ms  371/4140 (9%)  
[  5] 254.00-255.00 sec   386 KBytes  3.16 Mbits/sec  0.300 ms  1010/4966 (20%)  
[  5] 255.00-256.00 sec   346 KBytes  2.84 Mbits/sec  0.198 ms  410/3956 (10%)  
[  5] 256.00-257.00 sec   399 KBytes  3.27 Mbits/sec  0.190 ms  833/4923 (17%)  
[  5] 257.00-258.00 sec   348 KBytes  2.85 Mbits/sec  0.195 ms  996/4555 (22%)  
[  5] 258.00-259.00 sec   342 KBytes  2.80 Mbits/sec  0.210 ms  503/4004 (13%)  
[  5] 259.00-260.00 sec   424 KBytes  3.48 Mbits/sec  0.205 ms  722/5066 (14%)  
[  5] 260.00-261.00 sec   356 KBytes  2.92 Mbits/sec  0.319 ms  565/4213 (13%)  
[  5] 261.00-262.00 sec   419 KBytes  3.43 Mbits/sec  0.209 ms  567/4858 (12%)  
[  5] 262.00-263.00 sec   347 KBytes  2.85 Mbits/sec  0.217 ms  842/4399 (19%)  
[  5] 263.00-264.00 sec   388 KBytes  3.18 Mbits/sec  2.924 ms  998/4967 (20%)  
[  5] 264.00-265.00 sec   327 KBytes  2.68 Mbits/sec  0.215 ms  1002/4348 (23%)  
[  5] 265.00-266.00 sec   383 KBytes  3.14 Mbits/sec  0.200 ms  410/4330 (9.5%)  
[  5] 266.00-267.00 sec   362 KBytes  2.96 Mbits/sec  0.221 ms  897/4601 (19%)  
[  5] 267.00-268.00 sec   434 KBytes  3.55 Mbits/sec  0.209 ms  648/5091 (13%)  
[  5] 268.00-269.00 sec   383 KBytes  3.14 Mbits/sec  0.322 ms  403/4322 (9.3%)  
[  5] 269.00-270.00 sec   330 KBytes  2.71 Mbits/sec  0.318 ms  734/4117 (18%)  
[  5] 270.00-271.00 sec   349 KBytes  2.86 Mbits/sec  0.206 ms  1000/4577 (22%)  
[  5] 271.00-272.00 sec   318 KBytes  2.61 Mbits/sec  0.357 ms  945/4205 (22%)  
[  5] 272.00-273.00 sec   385 KBytes  3.16 Mbits/sec  0.217 ms  1011/4958 (20%)  
[  5] 273.00-274.00 sec   374 KBytes  3.06 Mbits/sec  0.211 ms  454/4281 (11%)  
[  5] 274.00-275.00 sec   299 KBytes  2.44 Mbits/sec  0.217 ms  1056/4113 (26%)  
[  5] 275.00-276.00 sec   319 KBytes  2.62 Mbits/sec  0.214 ms  805/4076 (20%)  
[  5] 276.00-277.00 sec   329 KBytes  2.70 Mbits/sec  0.209 ms  868/4242 (20%)  
[  5] 277.00-278.00 sec   316 KBytes  2.59 Mbits/sec  0.209 ms  1015/4247 (24%)  
[  5] 278.00-279.00 sec   337 KBytes  2.76 Mbits/sec  0.216 ms  748/4201 (18%)  
[  5] 279.00-280.00 sec   305 KBytes  2.50 Mbits/sec  0.215 ms  1254/4378 (29%)  
[  5] 280.00-281.00 sec   362 KBytes  2.96 Mbits/sec  0.205 ms  489/4194 (12%)  
[  5] 281.00-282.00 sec   369 KBytes  3.03 Mbits/sec  0.293 ms  652/4432 (15%)  
[  5] 282.00-283.00 sec   342 KBytes  2.80 Mbits/sec  0.198 ms  500/4002 (12%)  
[  5] 283.00-284.00 sec   353 KBytes  2.89 Mbits/sec  0.238 ms  555/4173 (13%)  
[  5] 284.00-285.00 sec   344 KBytes  2.82 Mbits/sec  0.316 ms  624/4145 (15%)  
[  5] 285.00-286.00 sec   405 KBytes  3.32 Mbits/sec  0.264 ms  512/4660 (11%)  
[  5] 286.00-287.00 sec   351 KBytes  2.87 Mbits/sec  0.234 ms  428/4019 (11%)  
[  5] 287.00-288.00 sec   385 KBytes  3.15 Mbits/sec  0.218 ms  1171/5109 (23%)  
[  5] 288.00-289.00 sec   300 KBytes  2.45 Mbits/sec  0.220 ms  799/3868 (21%)  
[  5] 289.00-290.00 sec   421 KBytes  3.45 Mbits/sec  0.285 ms  666/4981 (13%)  
[  5] 290.00-291.00 sec   340 KBytes  2.78 Mbits/sec  0.220 ms  683/4162 (16%)  
[  5] 291.00-292.00 sec   413 KBytes  3.38 Mbits/sec  0.216 ms  793/5024 (16%)  
[  5] 292.00-293.00 sec   364 KBytes  2.98 Mbits/sec  0.204 ms  531/4256 (12%)  
[  5] 293.00-294.00 sec   339 KBytes  2.78 Mbits/sec  9.593 ms  834/4310 (19%)  
[  5] 294.00-295.00 sec   419 KBytes  3.43 Mbits/sec  0.199 ms  824/5117 (16%)  
[  5] 295.00-296.00 sec   374 KBytes  3.06 Mbits/sec  0.205 ms  830/4657 (18%)  
[  5] 296.00-297.00 sec   333 KBytes  2.73 Mbits/sec  1.164 ms  1090/4498 (24%)  
[  5] 297.00-298.00 sec   405 KBytes  3.32 Mbits/sec  0.296 ms  1171/5323 (22%)  
[  5] 298.00-299.00 sec   365 KBytes  2.99 Mbits/sec  0.269 ms  948/4685 (20%)  
[  5] 299.00-300.00 sec   362 KBytes  2.96 Mbits/sec  0.225 ms  823/4528 (18%)  
[  5] 300.00-301.00 sec   367 KBytes  3.00 Mbits/sec  0.173 ms  1464/5221 (28%)  
[  5] 301.00-302.00 sec   335 KBytes  2.75 Mbits/sec  0.211 ms  683/4118 (17%)  
[  5] 302.00-303.00 sec   411 KBytes  3.36 Mbits/sec  0.210 ms  1332/5537 (24%)  
[  5] 303.00-304.00 sec   340 KBytes  2.79 Mbits/sec  0.287 ms  540/4024 (13%)  
[  5] 304.00-305.00 sec   392 KBytes  3.21 Mbits/sec  0.249 ms  1141/5157 (22%)  
[  5] 305.00-306.00 sec   360 KBytes  2.95 Mbits/sec  0.235 ms  466/4154 (11%)  
[  5] 306.00-307.00 sec   421 KBytes  3.45 Mbits/sec  0.213 ms  692/5006 (14%)  
[  5] 307.00-308.00 sec   339 KBytes  2.78 Mbits/sec  0.215 ms  630/4099 (15%)  
[  5] 308.00-309.00 sec   374 KBytes  3.06 Mbits/sec  0.282 ms  429/4256 (10%)  
[  5] 309.00-310.00 sec   373 KBytes  3.05 Mbits/sec  0.209 ms  959/4776 (20%)  
[  5] 310.00-311.00 sec   334 KBytes  2.73 Mbits/sec  0.211 ms  767/4185 (18%)  
[  5] 311.00-312.00 sec   323 KBytes  2.65 Mbits/sec  0.215 ms  890/4197 (21%)  
[  5] 312.00-313.00 sec   415 KBytes  3.40 Mbits/sec  0.212 ms  555/4809 (12%)  
[  5] 313.00-314.00 sec   349 KBytes  2.85 Mbits/sec  0.209 ms  846/4415 (19%)  
[  5] 314.00-315.00 sec   400 KBytes  3.27 Mbits/sec  0.209 ms  937/5028 (19%)  
[  5] 315.00-316.00 sec   362 KBytes  2.96 Mbits/sec  0.218 ms  424/4129 (10%)  
[  5] 316.00-317.00 sec   403 KBytes  3.30 Mbits/sec  0.227 ms  866/4991 (17%)  
[  5] 317.00-318.00 sec   317 KBytes  2.59 Mbits/sec  0.229 ms  830/4072 (20%)  
[  5] 318.00-319.00 sec   324 KBytes  2.65 Mbits/sec  0.212 ms  1088/4402 (25%)  
[  5] 319.00-320.00 sec   374 KBytes  3.06 Mbits/sec  0.260 ms  528/4355 (12%)  
[  5] 320.00-321.00 sec   359 KBytes  2.94 Mbits/sec  0.236 ms  376/4056 (9.3%)  
[  5] 321.00-322.00 sec   390 KBytes  3.19 Mbits/sec  0.215 ms  502/4493 (11%)  
[  5] 322.00-323.00 sec   277 KBytes  2.27 Mbits/sec  0.292 ms  362/3202 (11%)  
[  5] 323.00-324.00 sec   335 KBytes  2.75 Mbits/sec  0.216 ms  794/4229 (19%)  
[  5] 324.00-325.00 sec   360 KBytes  2.95 Mbits/sec  0.214 ms  573/4263 (13%)  
[  5] 325.00-326.00 sec   294 KBytes  2.41 Mbits/sec  0.223 ms  1055/4065 (26%)  
[  5] 326.00-327.00 sec   288 KBytes  2.36 Mbits/sec  0.226 ms  415/3360 (12%)  
[  5] 327.00-328.00 sec   220 KBytes  1.80 Mbits/sec  0.208 ms  1380/3630 (38%)  
[  5] 328.00-329.00 sec   277 KBytes  2.27 Mbits/sec  0.197 ms  741/3580 (21%)  
[  5] 329.00-330.00 sec   286 KBytes  2.33 Mbits/sec  0.177 ms  663/3587 (18%)  
[  5] 330.00-331.00 sec   311 KBytes  2.56 Mbits/sec  0.213 ms  449/3638 (12%)  
[  5] 331.00-332.00 sec   338 KBytes  2.76 Mbits/sec  0.329 ms  539/3998 (13%)  
[  5] 332.00-333.00 sec   310 KBytes  2.55 Mbits/sec  0.211 ms  365/3544 (10%)  
[  5] 333.00-334.00 sec   220 KBytes  1.80 Mbits/sec  0.220 ms  534/2789 (19%)  
[  5] 334.00-335.00 sec   374 KBytes  3.06 Mbits/sec  0.210 ms  486/4313 (11%)  
[  5] 335.00-336.00 sec   282 KBytes  2.31 Mbits/sec  0.235 ms  534/3420 (16%)  
[  5] 336.00-337.00 sec   291 KBytes  2.38 Mbits/sec  0.201 ms  465/3441 (14%)  
[  5] 337.00-338.00 sec   286 KBytes  2.34 Mbits/sec  0.214 ms  847/3777 (22%)  
[  5] 338.00-339.00 sec   302 KBytes  2.47 Mbits/sec  0.216 ms  731/3820 (19%)  
[  5] 339.00-340.00 sec   326 KBytes  2.67 Mbits/sec  0.212 ms  793/4129 (19%)  
[  5] 340.00-341.00 sec   369 KBytes  3.02 Mbits/sec  0.254 ms  516/4291 (12%)  
[  5] 341.00-342.00 sec   301 KBytes  2.47 Mbits/sec  0.218 ms  634/3718 (17%)  
[  5] 342.00-343.00 sec   356 KBytes  2.92 Mbits/sec  0.213 ms  1084/4732 (23%)  
[  5] 343.00-344.00 sec   312 KBytes  2.56 Mbits/sec  0.216 ms  1559/4759 (33%)  
[  5] 344.00-345.00 sec   360 KBytes  2.95 Mbits/sec  0.213 ms  904/4593 (20%)  
[  5] 345.00-346.00 sec   332 KBytes  2.72 Mbits/sec  0.252 ms  1204/4602 (26%)  
[  5] 346.00-347.00 sec   299 KBytes  2.45 Mbits/sec  0.248 ms  869/3930 (22%)  
[  5] 347.00-348.00 sec   359 KBytes  2.94 Mbits/sec  0.207 ms  952/4630 (21%)  
[  5] 348.00-349.00 sec   295 KBytes  2.42 Mbits/sec  0.325 ms  1474/4490 (33%)  
[  5] 349.00-350.00 sec   365 KBytes  2.98 Mbits/sec  0.215 ms  1835/5569 (33%)  
[  5] 350.00-351.00 sec   315 KBytes  2.59 Mbits/sec  0.338 ms  2567/5790 (44%)  
[  5] 351.00-352.00 sec   347 KBytes  2.84 Mbits/sec  0.212 ms  1541/5093 (30%)  
[  5] 352.00-353.00 sec   373 KBytes  3.06 Mbits/sec  0.200 ms  1543/5363 (29%)  
[  5] 353.00-354.00 sec   302 KBytes  2.47 Mbits/sec  0.220 ms  995/4085 (24%)  
[  5] 354.00-355.00 sec   416 KBytes  3.40 Mbits/sec  0.215 ms  1946/6202 (31%)  
[  5] 355.00-356.00 sec   349 KBytes  2.86 Mbits/sec  0.264 ms  1795/5366 (33%)  
[  5] 356.00-357.00 sec   350 KBytes  2.87 Mbits/sec  0.263 ms  1525/5110 (30%)  
[  5] 357.00-358.00 sec   355 KBytes  2.91 Mbits/sec  0.242 ms  1550/5182 (30%)  
[  5] 358.00-359.00 sec   359 KBytes  2.94 Mbits/sec  0.219 ms  1253/4934 (25%)  
[  5] 359.00-360.00 sec   345 KBytes  2.82 Mbits/sec  0.218 ms  1268/4798 (26%)  
[  5] 360.00-361.00 sec   361 KBytes  2.95 Mbits/sec  0.253 ms  1174/4871 (24%)  
[  5] 361.00-362.00 sec   291 KBytes  2.38 Mbits/sec  0.304 ms  1034/4011 (26%)  
[  5] 362.00-363.00 sec   339 KBytes  2.78 Mbits/sec  0.216 ms  1405/4878 (29%)  
[  5] 363.00-364.00 sec   301 KBytes  2.46 Mbits/sec  0.201 ms  950/4028 (24%)  
[  5] 364.00-365.00 sec   287 KBytes  2.35 Mbits/sec  0.210 ms  756/3698 (20%)  
[  5] 365.00-366.00 sec   348 KBytes  2.85 Mbits/sec  0.214 ms  974/4535 (21%)  
[  5] 366.00-367.00 sec   301 KBytes  2.47 Mbits/sec  0.215 ms  722/3806 (19%)  
[  5] 367.00-368.00 sec   301 KBytes  2.47 Mbits/sec  0.214 ms  747/3833 (19%)  
[  5] 368.00-369.00 sec   366 KBytes  3.00 Mbits/sec  0.227 ms  1192/4940 (24%)  
[  5] 369.00-370.00 sec   240 KBytes  1.97 Mbits/sec  0.210 ms  636/3098 (21%)  
[  5] 370.00-371.00 sec   358 KBytes  2.93 Mbits/sec  0.215 ms  772/4435 (17%)  
[  5] 371.00-372.00 sec   311 KBytes  2.55 Mbits/sec  0.268 ms  820/4008 (20%)  
[  5] 372.00-373.00 sec   301 KBytes  2.47 Mbits/sec  0.199 ms  539/3623 (15%)  
[  5] 373.00-374.00 sec   361 KBytes  2.96 Mbits/sec  0.214 ms  842/4541 (19%)  
[  5] 374.00-375.00 sec   258 KBytes  2.11 Mbits/sec  0.236 ms  1143/3783 (30%)  
[  5] 375.00-376.00 sec   303 KBytes  2.48 Mbits/sec  0.215 ms  961/4060 (24%)  
[  5] 376.00-377.00 sec   306 KBytes  2.51 Mbits/sec  0.212 ms  1201/4335 (28%)  
[  5] 377.00-378.00 sec   298 KBytes  2.44 Mbits/sec  0.214 ms  613/3662 (17%)  
[  5] 378.00-379.00 sec   366 KBytes  3.00 Mbits/sec  0.220 ms  776/4521 (17%)  
[  5] 379.00-380.00 sec   301 KBytes  2.47 Mbits/sec  0.258 ms  593/3677 (16%)  
[  5] 380.00-381.00 sec   352 KBytes  2.89 Mbits/sec  0.221 ms  904/4511 (20%)  
[  5] 381.00-382.00 sec   263 KBytes  2.15 Mbits/sec  0.259 ms  905/3595 (25%)  
[  5] 382.00-383.00 sec   334 KBytes  2.74 Mbits/sec  0.211 ms  1241/4660 (27%)  
[  5] 383.00-384.00 sec   299 KBytes  2.45 Mbits/sec  0.221 ms  734/3800 (19%)  
[  5] 384.00-385.00 sec   323 KBytes  2.65 Mbits/sec  0.338 ms  1384/4694 (29%)  
[  5] 385.00-386.00 sec   290 KBytes  2.38 Mbits/sec  0.223 ms  1027/3998 (26%)  
[  5] 386.00-387.00 sec   336 KBytes  2.75 Mbits/sec  0.196 ms  1689/5130 (33%)  
[  5] 387.00-388.00 sec   287 KBytes  2.35 Mbits/sec  0.235 ms  1262/4202 (30%)  
[  5] 388.00-389.00 sec   302 KBytes  2.47 Mbits/sec  0.226 ms  2059/5151 (40%)  
[  5] 389.00-390.00 sec   276 KBytes  2.26 Mbits/sec  0.216 ms  1406/4230 (33%)  
[  5] 390.00-391.00 sec   302 KBytes  2.47 Mbits/sec  0.201 ms  1106/4195 (26%)  
[  5] 391.00-392.00 sec   350 KBytes  2.87 Mbits/sec  0.217 ms  1745/5330 (33%)  
[  5] 392.00-393.00 sec   299 KBytes  2.45 Mbits/sec  0.211 ms  1617/4679 (35%)  
[  5] 393.00-394.00 sec   275 KBytes  2.25 Mbits/sec  0.219 ms  1293/4107 (31%)  
[  5] 394.00-395.00 sec   374 KBytes  3.06 Mbits/sec  0.193 ms  1178/5005 (24%)  
[  5] 395.00-396.00 sec   299 KBytes  2.45 Mbits/sec  0.206 ms  1138/4202 (27%)  
[  5] 396.00-397.00 sec   356 KBytes  2.92 Mbits/sec  0.220 ms  1300/4944 (26%)  
[  5] 397.00-398.00 sec   294 KBytes  2.41 Mbits/sec  0.273 ms  1131/4146 (27%)  
[  5] 398.00-399.00 sec   278 KBytes  2.28 Mbits/sec  0.244 ms  1610/4457 (36%)  
[  5] 399.00-400.00 sec   269 KBytes  2.21 Mbits/sec  0.213 ms  1367/4124 (33%)  
[  5] 400.00-401.00 sec   352 KBytes  2.88 Mbits/sec  0.281 ms  1317/4922 (27%)  
[  5] 401.00-402.00 sec   297 KBytes  2.44 Mbits/sec  0.219 ms  1048/4090 (26%)  
[  5] 402.00-403.00 sec   302 KBytes  2.47 Mbits/sec  0.210 ms  895/3984 (22%)  
[  5] 403.00-404.00 sec   304 KBytes  2.49 Mbits/sec  0.539 ms  1615/4728 (34%)  
[  5] 404.00-405.00 sec   297 KBytes  2.43 Mbits/sec  0.216 ms  1222/4265 (29%)  
[  5] 405.00-406.00 sec   368 KBytes  3.02 Mbits/sec  0.210 ms  1282/5055 (25%)  
[  5] 406.00-407.00 sec   289 KBytes  2.37 Mbits/sec  0.142 ms  1045/4003 (26%)  
[  5] 407.00-408.00 sec   358 KBytes  2.93 Mbits/sec  0.216 ms  1067/4730 (23%)  
[  5] 408.00-409.00 sec   369 KBytes  3.02 Mbits/sec  0.204 ms  1180/4956 (24%)  
[  5] 409.00-410.00 sec   349 KBytes  2.86 Mbits/sec  0.219 ms  1457/5026 (29%)  
[  5] 410.00-411.00 sec   288 KBytes  2.36 Mbits/sec  0.205 ms  1079/4033 (27%)  
[  5] 411.00-412.00 sec   311 KBytes  2.55 Mbits/sec  0.204 ms  1385/4567 (30%)  
[  5] 412.00-413.00 sec   289 KBytes  2.37 Mbits/sec  0.740 ms  1137/4099 (28%)  
[  5] 413.00-414.00 sec   315 KBytes  2.58 Mbits/sec  0.315 ms  1843/5070 (36%)  
[  5] 414.00-415.00 sec   288 KBytes  2.36 Mbits/sec  0.210 ms  1066/4010 (27%)  
[  5] 415.00-416.00 sec   312 KBytes  2.55 Mbits/sec  0.216 ms  1166/4356 (27%)  
[  5] 416.00-417.00 sec   305 KBytes  2.50 Mbits/sec  0.379 ms  1884/5009 (38%)  
[  5] 417.00-418.00 sec   219 KBytes  1.79 Mbits/sec  0.338 ms  1936/4175 (46%)  
[  5] 418.00-419.00 sec   305 KBytes  2.50 Mbits/sec  0.210 ms  1140/4261 (27%)  
[  5] 419.00-420.00 sec   288 KBytes  2.35 Mbits/sec  0.601 ms  1246/4190 (30%)  
[  5] 420.00-421.00 sec   362 KBytes  2.97 Mbits/sec  0.214 ms  1287/4992 (26%)  
[  5] 421.00-422.00 sec   262 KBytes  2.15 Mbits/sec  0.303 ms  1758/4440 (40%)  
[  5] 422.00-423.00 sec   372 KBytes  3.05 Mbits/sec  0.221 ms  1318/5129 (26%)  
[  5] 423.00-424.00 sec   400 KBytes  3.28 Mbits/sec  0.212 ms  1507/5637 (27%)  
[  5] 424.00-425.00 sec   311 KBytes  2.55 Mbits/sec  0.205 ms  1261/4444 (28%)  
[  5] 425.00-426.00 sec   331 KBytes  2.71 Mbits/sec  0.380 ms  1336/4727 (28%)  
[  5] 426.00-427.00 sec   295 KBytes  2.41 Mbits/sec  0.213 ms  1309/4332 (30%)  
[  5] 427.00-428.00 sec   373 KBytes  3.06 Mbits/sec  0.225 ms  1070/4891 (22%)  
[  5] 428.00-429.00 sec   350 KBytes  2.87 Mbits/sec  0.207 ms  1297/4885 (27%)  
[  5] 429.00-430.00 sec   357 KBytes  2.92 Mbits/sec  0.216 ms  874/4526 (19%)  
[  5] 430.00-431.00 sec   313 KBytes  2.57 Mbits/sec  0.240 ms  691/3898 (18%)  
