Connecting to host 172.22.0.50, port 5201
Reverse mode, remote host 172.22.0.50 is sending
[  5] local 192.168.100.2 port 39459 connected to 172.22.0.50 port 5201
[ ID] Interval           Transfer     Bitrate         Jitter    Lost/Total Datagrams
[  5]   0.00-1.00   sec  1.43 MBytes  12.0 Mbits/sec  0.812 ms  0/1249 (0%)  
[  5]   1.00-2.00   sec  1.42 MBytes  12.0 Mbits/sec  1.484 ms  0/1245 (0%)  
[  5]   2.00-3.00   sec  1.44 MBytes  12.1 Mbits/sec  1.167 ms  0/1257 (0%)  
[  5]   3.00-4.00   sec  1.43 MBytes  12.0 Mbits/sec  1.134 ms  0/1247 (0%)  
[  5]   4.00-5.00   sec  1.39 MBytes  11.7 Mbits/sec  1.654 ms  0/1217 (0%)  
[  5]   5.00-6.00   sec  1.46 MBytes  12.3 Mbits/sec  1.143 ms  0/1280 (0%)  
[  5]   6.00-7.00   sec  1.43 MBytes  12.0 Mbits/sec  1.120 ms  0/1252 (0%)  
[  5]   7.00-8.00   sec  1.43 MBytes  11.9 Mbits/sec  1.170 ms  0/1249 (0%)  
[  5]   8.00-9.00   sec  1.44 MBytes  12.1 Mbits/sec  0.955 ms  0/1254 (0%)  
[  5]   9.00-10.00  sec  1.43 MBytes  12.0 Mbits/sec  1.073 ms  0/1250 (0%)  
[  5]  10.00-11.00  sec  1.42 MBytes  11.9 Mbits/sec  1.286 ms  0/1243 (0%)  
[  5]  11.00-12.00  sec  1.44 MBytes  12.1 Mbits/sec  1.181 ms  0/1261 (0%)  
[  5]  12.00-13.00  sec  1.42 MBytes  11.9 Mbits/sec  1.049 ms  0/1244 (0%)  
[  5]  13.00-14.00  sec  1.43 MBytes  12.0 Mbits/sec  0.927 ms  0/1251 (0%)  
[  5]  14.00-15.00  sec  1.43 MBytes  12.0 Mbits/sec  1.018 ms  0/1247 (0%)  
[  5]  15.00-16.00  sec  1.44 MBytes  12.0 Mbits/sec  0.945 ms  0/1256 (0%)  
[  5]  16.00-17.00  sec   614 KBytes  5.04 Mbits/sec  2.466 ms  0/524 (0%)  
[  5]  17.00-18.00  sec   421 KBytes  3.45 Mbits/sec  1.981 ms  0/359 (0%)  
[  5]  18.00-19.00  sec   420 KBytes  3.43 Mbits/sec  2.469 ms  0/358 (0%)  
[  5]  19.00-20.00  sec   412 KBytes  3.38 Mbits/sec  2.509 ms  0/352 (0%)  
[  5]  20.00-21.00  sec   387 KBytes  3.17 Mbits/sec  2.867 ms  0/330 (0%)  
[  5]  21.00-22.00  sec   363 KBytes  2.98 Mbits/sec  2.200 ms  0/310 (0%)  
[  5]  22.00-23.00  sec   449 KBytes  3.68 Mbits/sec  2.253 ms  0/383 (0%)  
[  5]  23.00-24.00  sec   456 KBytes  3.73 Mbits/sec  2.308 ms  0/389 (0%)  
[  5]  24.00-25.00  sec   376 KBytes  3.08 Mbits/sec  2.020 ms  0/321 (0%)  
[  5]  25.00-26.00  sec   458 KBytes  3.75 Mbits/sec  2.021 ms  0/391 (0%)  
[  5]  26.00-27.00  sec   517 KBytes  4.23 Mbits/sec  1.525 ms  0/441 (0%)  
[  5]  27.00-28.00  sec   461 KBytes  3.77 Mbits/sec  2.076 ms  0/393 (0%)  
[  5]  28.00-29.00  sec   468 KBytes  3.83 Mbits/sec  2.156 ms  0/399 (0%)  
[  5]  29.00-30.00  sec   449 KBytes  3.68 Mbits/sec  2.960 ms  0/383 (0%)  
[  5]  30.00-31.00  sec   448 KBytes  3.67 Mbits/sec  2.072 ms  0/382 (0%)  
[  5]  31.00-32.00  sec   476 KBytes  3.90 Mbits/sec  2.069 ms  0/406 (0%)  
[  5]  32.00-33.00  sec   490 KBytes  4.01 Mbits/sec  2.397 ms  0/418 (0%)  
[  5]  33.00-34.00  sec   488 KBytes  4.00 Mbits/sec  2.062 ms  0/416 (0%)  
[  5]  34.00-35.00  sec   456 KBytes  3.74 Mbits/sec  2.235 ms  0/389 (0%)  
[  5]  35.00-36.00  sec   429 KBytes  3.51 Mbits/sec  1.981 ms  0/366 (0%)  
[  5]  36.00-37.00  sec   375 KBytes  3.07 Mbits/sec  2.377 ms  0/320 (0%)  
[  5]  37.00-38.00  sec   473 KBytes  3.89 Mbits/sec  1.755 ms  0/404 (0%)  
[  5]  38.00-39.00  sec   408 KBytes  3.34 Mbits/sec  1.846 ms  0/348 (0%)  
[  5]  39.00-40.00  sec   438 KBytes  3.59 Mbits/sec  2.217 ms  0/374 (0%)  
[  5]  40.00-41.00  sec   407 KBytes  3.33 Mbits/sec  1.919 ms  0/347 (0%)  
[  5]  41.00-42.00  sec   456 KBytes  3.73 Mbits/sec  2.141 ms  0/389 (0%)  
[  5]  42.00-43.00  sec   483 KBytes  3.95 Mbits/sec  2.049 ms  0/412 (0%)  
[  5]  43.00-44.00  sec   504 KBytes  4.13 Mbits/sec  1.654 ms  0/430 (0%)  
[  5]  44.00-45.00  sec   463 KBytes  3.79 Mbits/sec  1.996 ms  0/395 (0%)  
[  5]  45.00-46.00  sec   458 KBytes  3.76 Mbits/sec  1.786 ms  0/391 (0%)  
[  5]  46.00-47.00  sec   328 KBytes  2.69 Mbits/sec  1.618 ms  594/874 (68%)  
[  5]  47.00-48.00  sec   507 KBytes  4.16 Mbits/sec  1.435 ms  844/1277 (66%)  
[  5]  48.00-49.00  sec   499 KBytes  4.09 Mbits/sec  1.415 ms  901/1327 (68%)  
[  5]  49.00-50.00  sec   400 KBytes  3.28 Mbits/sec  1.441 ms  716/1057 (68%)  
[  5]  50.00-51.00  sec   499 KBytes  4.09 Mbits/sec  1.638 ms  952/1378 (69%)  
[  5]  51.00-52.00  sec   417 KBytes  3.42 Mbits/sec  2.909 ms  871/1227 (71%)  
[  5]  52.00-53.00  sec   490 KBytes  4.01 Mbits/sec  1.303 ms  885/1303 (68%)  
[  5]  53.00-54.00  sec   409 KBytes  3.35 Mbits/sec  1.262 ms  697/1046 (67%)  
[  5]  54.00-55.00  sec   489 KBytes  4.00 Mbits/sec  1.682 ms  854/1271 (67%)  
[  5]  55.00-56.00  sec   499 KBytes  4.09 Mbits/sec  1.563 ms  893/1319 (68%)  
[  5]  56.00-57.00  sec   400 KBytes  3.27 Mbits/sec  1.493 ms  839/1180 (71%)  
[  5]  57.00-58.00  sec   529 KBytes  4.33 Mbits/sec  1.559 ms  1212/1663 (73%)  
[  5]  58.00-59.00  sec   499 KBytes  4.09 Mbits/sec  1.344 ms  891/1317 (68%)  
[  5]  59.00-60.00  sec   400 KBytes  3.27 Mbits/sec  1.732 ms  917/1258 (73%)  
[  5]  60.00-61.00  sec   499 KBytes  4.09 Mbits/sec  1.581 ms  963/1389 (69%)  
[  5]  61.00-62.00  sec   530 KBytes  4.34 Mbits/sec  1.223 ms  1163/1615 (72%)  
[  5]  62.00-63.00  sec   489 KBytes  4.00 Mbits/sec  1.348 ms  877/1294 (68%)  
[  5]  63.00-64.00  sec   499 KBytes  4.09 Mbits/sec  1.427 ms  830/1256 (66%)  
[  5]  64.00-65.00  sec   619 KBytes  5.07 Mbits/sec  1.610 ms  1099/1627 (68%)  
[  5]  65.00-66.00  sec   400 KBytes  3.27 Mbits/sec  1.826 ms  754/1095 (69%)  
[  5]  66.00-67.00  sec   499 KBytes  4.09 Mbits/sec  1.634 ms  856/1282 (67%)  
[  5]  67.00-68.00  sec   499 KBytes  4.09 Mbits/sec  1.171 ms  828/1254 (66%)  
[  5]  68.00-69.00  sec   530 KBytes  4.34 Mbits/sec  1.383 ms  986/1438 (69%)  
[  5]  69.00-70.00  sec   398 KBytes  3.26 Mbits/sec  1.498 ms  755/1095 (69%)  
[  5]  70.00-71.00  sec   499 KBytes  4.09 Mbits/sec  1.738 ms  938/1364 (69%)  
[  5]  71.00-72.00  sec   400 KBytes  3.28 Mbits/sec  1.521 ms  743/1084 (69%)  
[  5]  72.00-73.00  sec   500 KBytes  4.10 Mbits/sec  1.328 ms  933/1360 (69%)  
[  5]  73.00-74.00  sec   518 KBytes  4.24 Mbits/sec  1.518 ms  975/1417 (69%)  
[  5]  74.00-75.00  sec   499 KBytes  4.09 Mbits/sec  1.491 ms  805/1231 (65%)  
[  5]  75.00-76.00  sec   397 KBytes  3.26 Mbits/sec  1.988 ms  758/1097 (69%)  
[  5]  76.00-77.00  sec   530 KBytes  4.34 Mbits/sec  1.690 ms  993/1445 (69%)  
[  5]  77.00-78.00  sec   498 KBytes  4.08 Mbits/sec  1.545 ms  833/1258 (66%)  
[  5]  78.00-79.00  sec   500 KBytes  4.10 Mbits/sec  1.290 ms  992/1419 (70%)  
[  5]  79.00-80.00  sec   519 KBytes  4.25 Mbits/sec  1.456 ms  1008/1451 (69%)  
[  5]  80.00-81.00  sec   498 KBytes  4.08 Mbits/sec  1.367 ms  861/1286 (67%)  
[  5]  81.00-82.00  sec   400 KBytes  3.27 Mbits/sec  1.424 ms  612/953 (64%)  
[  5]  82.00-83.00  sec   500 KBytes  4.10 Mbits/sec  1.460 ms  747/1174 (64%)  
[  5]  83.00-84.00  sec   499 KBytes  4.09 Mbits/sec  1.305 ms  736/1162 (63%)  
[  5]  84.00-85.00  sec   529 KBytes  4.33 Mbits/sec  1.534 ms  804/1255 (64%)  
[  5]  85.00-86.00  sec   490 KBytes  4.01 Mbits/sec  1.597 ms  841/1259 (67%)  
[  5]  86.00-87.00  sec   499 KBytes  4.09 Mbits/sec  1.440 ms  909/1335 (68%)  
[  5]  87.00-88.00  sec   529 KBytes  4.33 Mbits/sec  1.578 ms  840/1291 (65%)  
[  5]  88.00-89.00  sec   478 KBytes  3.91 Mbits/sec  1.470 ms  828/1236 (67%)  
[  5]  89.00-90.00  sec   499 KBytes  4.09 Mbits/sec  1.361 ms  931/1357 (69%)  
[  5]  90.00-91.00  sec   529 KBytes  4.33 Mbits/sec  1.692 ms  1004/1455 (69%)  
[  5]  91.00-92.00  sec   589 KBytes  4.83 Mbits/sec  1.809 ms  1127/1630 (69%)  
[  5]  92.00-93.00  sec   499 KBytes  4.09 Mbits/sec  1.352 ms  862/1288 (67%)  
[  5]  93.00-94.00  sec   484 KBytes  3.97 Mbits/sec  2.318 ms  809/1222 (66%)  
[  5]  94.00-95.00  sec   444 KBytes  3.64 Mbits/sec  1.398 ms  857/1236 (69%)  
[  5]  95.00-96.00  sec   490 KBytes  4.01 Mbits/sec  1.488 ms  938/1356 (69%)  
[  5]  96.00-97.00  sec   529 KBytes  4.34 Mbits/sec  1.534 ms  866/1317 (66%)  
[  5]  97.00-98.00  sec   499 KBytes  4.08 Mbits/sec  1.630 ms  774/1200 (64%)  
[  5]  98.00-99.00  sec   486 KBytes  3.99 Mbits/sec  1.358 ms  753/1168 (64%)  
[  5]  99.00-100.00 sec   519 KBytes  4.25 Mbits/sec  1.561 ms  886/1329 (67%)  
[  5] 100.00-101.00 sec   579 KBytes  4.74 Mbits/sec  1.395 ms  1122/1616 (69%)  
[  5] 101.00-102.00 sec   499 KBytes  4.09 Mbits/sec  1.330 ms  833/1259 (66%)  
[  5] 102.00-103.00 sec   619 KBytes  5.07 Mbits/sec  1.308 ms  959/1487 (64%)  
[  5] 103.00-104.00 sec   499 KBytes  4.09 Mbits/sec  1.517 ms  802/1228 (65%)  
[  5] 104.00-105.00 sec   400 KBytes  3.27 Mbits/sec  1.558 ms  634/975 (65%)  
[  5] 105.00-106.00 sec   409 KBytes  3.35 Mbits/sec  1.281 ms  847/1196 (71%)  
[  5] 106.00-107.00 sec   520 KBytes  4.27 Mbits/sec  1.265 ms  726/1170 (62%)  
[  5] 107.00-108.00 sec   498 KBytes  4.08 Mbits/sec  1.234 ms  841/1266 (66%)  
[  5] 108.00-109.00 sec   499 KBytes  4.09 Mbits/sec  1.402 ms  778/1204 (65%)  
[  5] 109.00-110.00 sec   499 KBytes  4.09 Mbits/sec  1.258 ms  713/1139 (63%)  
[  5] 110.00-111.00 sec   400 KBytes  3.27 Mbits/sec  1.382 ms  625/966 (65%)  
[  5] 111.00-112.00 sec   417 KBytes  3.42 Mbits/sec  1.657 ms  597/953 (63%)  
[  5] 112.00-113.00 sec   380 KBytes  3.11 Mbits/sec  1.320 ms  685/1009 (68%)  
[  5] 113.00-114.00 sec   430 KBytes  3.52 Mbits/sec  1.536 ms  731/1098 (67%)  
[  5] 114.00-115.00 sec   498 KBytes  4.08 Mbits/sec  1.465 ms  829/1254 (66%)  
[  5] 115.00-116.00 sec   309 KBytes  2.53 Mbits/sec  1.592 ms  507/771 (66%)  
[  5] 116.00-117.00 sec   490 KBytes  4.02 Mbits/sec  1.393 ms  931/1349 (69%)  
[  5] 117.00-118.00 sec   409 KBytes  3.35 Mbits/sec  1.559 ms  700/1049 (67%)  
[  5] 118.00-119.00 sec   500 KBytes  4.10 Mbits/sec  1.277 ms  820/1247 (66%)  
[  5] 119.00-120.00 sec   398 KBytes  3.25 Mbits/sec  1.506 ms  591/931 (63%)  
[  5] 120.00-121.00 sec   430 KBytes  3.52 Mbits/sec  1.292 ms  609/976 (62%)  
[  5] 121.00-122.00 sec   409 KBytes  3.36 Mbits/sec  1.336 ms  579/928 (62%)  
[  5] 122.00-123.00 sec   400 KBytes  3.28 Mbits/sec  1.272 ms  542/883 (61%)  
[  5] 123.00-124.00 sec   398 KBytes  3.26 Mbits/sec  1.394 ms  505/845 (60%)  
[  5] 124.00-125.00 sec   410 KBytes  3.36 Mbits/sec  1.541 ms  592/942 (63%)  
[  5] 125.00-126.00 sec   498 KBytes  4.08 Mbits/sec  1.353 ms  840/1265 (66%)  
[  5] 126.00-127.00 sec   520 KBytes  4.26 Mbits/sec  1.488 ms  1097/1541 (71%)  
[  5] 127.00-128.00 sec   409 KBytes  3.35 Mbits/sec  1.500 ms  781/1130 (69%)  
[  5] 128.00-129.00 sec   400 KBytes  3.27 Mbits/sec  1.483 ms  731/1072 (68%)  
[  5] 129.00-130.00 sec   400 KBytes  3.28 Mbits/sec  1.372 ms  666/1007 (66%)  
[  5] 130.00-131.00 sec   498 KBytes  4.08 Mbits/sec  1.507 ms  835/1260 (66%)  
[  5] 131.00-132.00 sec   410 KBytes  3.36 Mbits/sec  1.289 ms  650/1000 (65%)  
[  5] 132.00-133.00 sec   490 KBytes  4.01 Mbits/sec  1.445 ms  734/1152 (64%)  
[  5] 133.00-134.00 sec   529 KBytes  4.33 Mbits/sec  1.855 ms  1431/1882 (76%)  
[  5] 134.00-135.00 sec   499 KBytes  4.09 Mbits/sec  1.412 ms  998/1424 (70%)  
[  5] 135.00-136.00 sec   482 KBytes  3.95 Mbits/sec  1.561 ms  1041/1452 (72%)  
[  5] 136.00-137.00 sec   409 KBytes  3.35 Mbits/sec  1.716 ms  820/1169 (70%)  
[  5] 137.00-138.00 sec   529 KBytes  4.33 Mbits/sec  1.316 ms  1185/1636 (72%)  
[  5] 138.00-139.00 sec   490 KBytes  4.01 Mbits/sec  1.544 ms  863/1281 (67%)  
[  5] 139.00-140.00 sec   499 KBytes  4.09 Mbits/sec  1.481 ms  1016/1442 (70%)  
[  5] 140.00-141.00 sec   400 KBytes  3.27 Mbits/sec  1.941 ms  784/1125 (70%)  
[  5] 141.00-142.00 sec   529 KBytes  4.33 Mbits/sec  1.544 ms  1122/1573 (71%)  
[  5] 142.00-143.00 sec   499 KBytes  4.09 Mbits/sec  1.754 ms  1105/1531 (72%)  
[  5] 143.00-144.00 sec   400 KBytes  3.27 Mbits/sec  1.356 ms  965/1306 (74%)  
[  5] 144.00-145.00 sec   499 KBytes  4.09 Mbits/sec  1.387 ms  1070/1496 (72%)  
[  5] 145.00-146.00 sec   499 KBytes  4.09 Mbits/sec  1.742 ms  1000/1426 (70%)  
[  5] 146.00-147.00 sec   400 KBytes  3.27 Mbits/sec  1.685 ms  787/1128 (70%)  
[  5] 147.00-148.00 sec   500 KBytes  4.10 Mbits/sec  1.441 ms  834/1261 (66%)  
[  5] 148.00-149.00 sec   489 KBytes  4.00 Mbits/sec  1.717 ms  978/1395 (70%)  
[  5] 149.00-150.00 sec   409 KBytes  3.35 Mbits/sec  1.732 ms  907/1256 (72%)  
[  5] 150.00-151.00 sec   530 KBytes  4.34 Mbits/sec  1.437 ms  1040/1492 (70%)  
[  5] 151.00-152.00 sec   489 KBytes  4.00 Mbits/sec  1.607 ms  947/1364 (69%)  
[  5] 152.00-153.00 sec   410 KBytes  3.36 Mbits/sec  1.454 ms  744/1094 (68%)  
[  5] 153.00-154.00 sec   489 KBytes  4.00 Mbits/sec  1.486 ms  890/1307 (68%)  
[  5] 154.00-155.00 sec   396 KBytes  3.24 Mbits/sec  1.231 ms  680/1018 (67%)  
[  5] 155.00-156.00 sec   520 KBytes  4.26 Mbits/sec  1.302 ms  906/1350 (67%)  
[  5] 156.00-157.00 sec   409 KBytes  3.35 Mbits/sec  1.503 ms  641/990 (65%)  
[  5] 157.00-158.00 sec   489 KBytes  4.00 Mbits/sec  1.519 ms  903/1320 (68%)  
[  5] 158.00-159.00 sec   499 KBytes  4.09 Mbits/sec  1.372 ms  857/1283 (67%)  
[  5] 159.00-160.00 sec   619 KBytes  5.07 Mbits/sec  1.408 ms  1038/1566 (66%)  
[  5] 160.00-161.00 sec   499 KBytes  4.09 Mbits/sec  1.328 ms  872/1298 (67%)  
[  5] 161.00-162.00 sec   499 KBytes  4.09 Mbits/sec  1.425 ms  915/1341 (68%)  
[  5] 162.00-163.00 sec   519 KBytes  4.25 Mbits/sec  1.729 ms  860/1303 (66%)  
[  5] 163.00-164.00 sec   499 KBytes  4.09 Mbits/sec  1.386 ms  954/1380 (69%)  
[  5] 164.00-165.00 sec   499 KBytes  4.09 Mbits/sec  1.690 ms  902/1328 (68%)  
[  5] 165.00-166.00 sec   530 KBytes  4.34 Mbits/sec  1.686 ms  1053/1505 (70%)  
[  5] 166.00-167.00 sec   489 KBytes  4.00 Mbits/sec  1.632 ms  860/1277 (67%)  
[  5] 167.00-168.00 sec   518 KBytes  4.24 Mbits/sec  1.848 ms  885/1327 (67%)  
[  5] 168.00-169.00 sec   499 KBytes  4.09 Mbits/sec  1.423 ms  882/1308 (67%)  
[  5] 169.00-170.00 sec   489 KBytes  4.00 Mbits/sec  1.456 ms  857/1274 (67%)  
[  5] 170.00-171.00 sec   530 KBytes  4.34 Mbits/sec  1.383 ms  971/1423 (68%)  
[  5] 171.00-172.00 sec   499 KBytes  4.09 Mbits/sec  1.528 ms  899/1325 (68%)  
[  5] 172.00-173.00 sec   499 KBytes  4.09 Mbits/sec  1.347 ms  981/1407 (70%)  
[  5] 173.00-174.00 sec   519 KBytes  4.26 Mbits/sec  1.500 ms  1042/1485 (70%)  
[  5] 174.00-175.00 sec   499 KBytes  4.09 Mbits/sec  1.491 ms  895/1321 (68%)  
[  5] 175.00-176.00 sec   575 KBytes  4.71 Mbits/sec  1.566 ms  1141/1632 (70%)  
[  5] 176.00-177.00 sec   517 KBytes  4.24 Mbits/sec  1.337 ms  872/1313 (66%)  
[  5] 177.00-178.00 sec   499 KBytes  4.09 Mbits/sec  1.229 ms  752/1178 (64%)  
[  5] 178.00-179.00 sec   489 KBytes  4.00 Mbits/sec  1.426 ms  605/1022 (59%)  
[  5] 179.00-180.00 sec   620 KBytes  5.08 Mbits/sec  1.409 ms  938/1467 (64%)  
[  5] 180.00-181.00 sec   499 KBytes  4.09 Mbits/sec  1.479 ms  835/1261 (66%)  
[  5] 181.00-182.00 sec   619 KBytes  5.07 Mbits/sec  1.468 ms  1010/1538 (66%)  
[  5] 182.00-183.00 sec   588 KBytes  4.82 Mbits/sec  1.615 ms  918/1420 (65%)  
[  5] 183.00-184.00 sec   620 KBytes  5.08 Mbits/sec  1.303 ms  1009/1538 (66%)  
[  5] 184.00-185.00 sec   499 KBytes  4.09 Mbits/sec  1.400 ms  804/1230 (65%)  
[  5] 185.00-186.00 sec   529 KBytes  4.33 Mbits/sec  1.303 ms  863/1314 (66%)  
[  5] 186.00-187.00 sec   589 KBytes  4.83 Mbits/sec  1.445 ms  997/1500 (66%)  
[  5] 187.00-188.00 sec   478 KBytes  3.92 Mbits/sec  1.335 ms  822/1230 (67%)  
[  5] 188.00-189.00 sec   619 KBytes  5.06 Mbits/sec  1.447 ms  1000/1528 (65%)  
[  5] 189.00-190.00 sec   499 KBytes  4.09 Mbits/sec  1.457 ms  714/1140 (63%)  
[  5] 190.00-191.00 sec   598 KBytes  4.89 Mbits/sec  1.575 ms  1017/1527 (67%)  
[  5] 191.00-192.00 sec   499 KBytes  4.09 Mbits/sec  1.266 ms  794/1220 (65%)  
[  5] 192.00-193.00 sec   619 KBytes  5.06 Mbits/sec  1.375 ms  904/1432 (63%)  
[  5] 193.00-194.00 sec   500 KBytes  4.10 Mbits/sec  1.282 ms  729/1156 (63%)  
[  5] 194.00-195.00 sec   480 KBytes  3.94 Mbits/sec  1.388 ms  719/1129 (64%)  
[  5] 195.00-196.00 sec   529 KBytes  4.33 Mbits/sec  1.350 ms  824/1275 (65%)  
[  5] 196.00-197.00 sec   500 KBytes  4.10 Mbits/sec  1.399 ms  773/1200 (64%)  
[  5] 197.00-198.00 sec   489 KBytes  4.00 Mbits/sec  1.482 ms  714/1131 (63%)  
[  5] 198.00-199.00 sec   529 KBytes  4.33 Mbits/sec  1.305 ms  682/1133 (60%)  
[  5] 199.00-200.00 sec   490 KBytes  4.01 Mbits/sec  1.733 ms  668/1086 (62%)  
[  5] 200.00-201.00 sec   498 KBytes  4.08 Mbits/sec  1.213 ms  652/1077 (61%)  
[  5] 201.00-202.00 sec   490 KBytes  4.01 Mbits/sec  1.444 ms  644/1062 (61%)  
[  5] 202.00-203.00 sec   530 KBytes  4.34 Mbits/sec  1.380 ms  716/1168 (61%)  
[  5] 203.00-204.00 sec   498 KBytes  4.08 Mbits/sec  1.372 ms  718/1143 (63%)  
[  5] 204.00-205.00 sec   490 KBytes  4.01 Mbits/sec  1.369 ms  678/1096 (62%)  
[  5] 205.00-206.00 sec   629 KBytes  5.16 Mbits/sec  1.137 ms  902/1439 (63%)  
[  5] 206.00-207.00 sec   476 KBytes  3.90 Mbits/sec  1.343 ms  685/1091 (63%)  
[  5] 207.00-208.00 sec   499 KBytes  4.09 Mbits/sec  1.600 ms  698/1124 (62%)  
[  5] 208.00-209.00 sec   530 KBytes  4.33 Mbits/sec  1.226 ms  803/1255 (64%)  
[  5] 209.00-210.00 sec   588 KBytes  4.83 Mbits/sec  1.220 ms  862/1364 (63%)  
[  5] 210.00-211.00 sec   400 KBytes  3.27 Mbits/sec  1.372 ms  584/925 (63%)  
[  5] 211.00-212.00 sec   430 KBytes  3.52 Mbits/sec  1.178 ms  562/929 (60%)  
[  5] 212.00-213.00 sec   499 KBytes  4.09 Mbits/sec  1.336 ms  762/1188 (64%)  
[  5] 213.00-214.00 sec   498 KBytes  4.08 Mbits/sec  1.346 ms  742/1167 (64%)  
[  5] 214.00-215.00 sec   620 KBytes  5.08 Mbits/sec  1.217 ms  979/1508 (65%)  
[  5] 215.00-216.00 sec   499 KBytes  4.09 Mbits/sec  1.181 ms  806/1232 (65%)  
[  5] 216.00-217.00 sec   588 KBytes  4.82 Mbits/sec  1.288 ms  992/1494 (66%)  
[  5] 217.00-218.00 sec   520 KBytes  4.26 Mbits/sec  1.348 ms  795/1239 (64%)  
[  5] 218.00-219.00 sec   598 KBytes  4.90 Mbits/sec  1.227 ms  907/1417 (64%)  
[  5] 219.00-220.00 sec   619 KBytes  5.07 Mbits/sec  1.344 ms  1042/1570 (66%)  
[  5] 220.00-221.00 sec   589 KBytes  4.83 Mbits/sec  1.402 ms  1099/1602 (69%)  
[  5] 221.00-222.00 sec   618 KBytes  5.06 Mbits/sec  1.222 ms  902/1429 (63%)  
[  5] 222.00-223.00 sec   591 KBytes  4.84 Mbits/sec  1.366 ms  827/1331 (62%)  
[  5] 223.00-224.00 sec   709 KBytes  5.81 Mbits/sec  1.198 ms  1060/1665 (64%)  
[  5] 224.00-225.00 sec   618 KBytes  5.06 Mbits/sec  1.251 ms  939/1466 (64%)  
[  5] 225.00-226.00 sec   591 KBytes  4.84 Mbits/sec  1.304 ms  912/1416 (64%)  
[  5] 226.00-227.00 sec   618 KBytes  5.06 Mbits/sec  1.431 ms  945/1472 (64%)  
[  5] 227.00-228.00 sec   620 KBytes  5.08 Mbits/sec  1.311 ms  1094/1623 (67%)  
[  5] 228.00-229.00 sec   589 KBytes  4.83 Mbits/sec  1.399 ms  1297/1800 (72%)  
[  5] 229.00-230.00 sec   628 KBytes  5.15 Mbits/sec  1.283 ms  967/1503 (64%)  
[  5] 230.00-231.00 sec   580 KBytes  4.75 Mbits/sec  1.339 ms  800/1295 (62%)  
[  5] 231.00-232.00 sec   718 KBytes  5.88 Mbits/sec  1.108 ms  948/1561 (61%)  
[  5] 232.00-233.00 sec   588 KBytes  4.82 Mbits/sec  1.385 ms  909/1411 (64%)  
[  5] 233.00-234.00 sec   709 KBytes  5.81 Mbits/sec  1.336 ms  843/1448 (58%)  
[  5] 234.00-235.00 sec   620 KBytes  5.08 Mbits/sec  1.338 ms  769/1298 (59%)  
[  5] 235.00-236.00 sec   588 KBytes  4.82 Mbits/sec  1.292 ms  728/1230 (59%)  
[  5] 236.00-237.00 sec   720 KBytes  5.89 Mbits/sec  1.199 ms  859/1473 (58%)  
[  5] 237.00-238.00 sec   619 KBytes  5.06 Mbits/sec  1.248 ms  734/1262 (58%)  
[  5] 238.00-239.00 sec   709 KBytes  5.82 Mbits/sec  1.183 ms  804/1409 (57%)  
[  5] 239.00-240.00 sec   588 KBytes  4.82 Mbits/sec  1.212 ms  667/1169 (57%)  
[  5] 240.00-241.00 sec   620 KBytes  5.07 Mbits/sec  1.232 ms  702/1231 (57%)  
[  5] 241.00-242.00 sec   668 KBytes  5.48 Mbits/sec  1.155 ms  827/1397 (59%)  
[  5] 242.00-243.00 sec   620 KBytes  5.07 Mbits/sec  1.212 ms  757/1286 (59%)  
[  5] 243.00-244.00 sec   589 KBytes  4.83 Mbits/sec  1.268 ms  721/1224 (59%)  
[  5] 244.00-245.00 sec   708 KBytes  5.80 Mbits/sec  1.254 ms  830/1434 (58%)  
[  5] 245.00-246.00 sec   620 KBytes  5.08 Mbits/sec  1.218 ms  749/1278 (59%)  
[  5] 246.00-247.00 sec   606 KBytes  4.96 Mbits/sec  1.755 ms  647/1164 (56%)  
[  5] 247.00-248.00 sec   689 KBytes  5.64 Mbits/sec  1.188 ms  703/1291 (54%)  
[  5] 248.00-249.00 sec   708 KBytes  5.79 Mbits/sec  1.362 ms  769/1373 (56%)  
[  5] 249.00-250.00 sec   620 KBytes  5.08 Mbits/sec  1.396 ms  652/1181 (55%)  
[  5] 250.00-251.00 sec   589 KBytes  4.83 Mbits/sec  1.279 ms  671/1174 (57%)  
[  5] 251.00-252.00 sec   718 KBytes  5.88 Mbits/sec  1.156 ms  789/1402 (56%)  
[  5] 252.00-253.00 sec   589 KBytes  4.83 Mbits/sec  1.235 ms  638/1141 (56%)  
[  5] 253.00-254.00 sec   709 KBytes  5.81 Mbits/sec  1.188 ms  776/1381 (56%)  
[  5] 254.00-255.00 sec   599 KBytes  4.91 Mbits/sec  1.252 ms  687/1198 (57%)  
[  5] 255.00-256.00 sec   689 KBytes  5.64 Mbits/sec  1.166 ms  772/1360 (57%)  
[  5] 256.00-257.00 sec   619 KBytes  5.07 Mbits/sec  1.199 ms  677/1205 (56%)  
[  5] 257.00-258.00 sec   588 KBytes  4.82 Mbits/sec  1.178 ms  674/1176 (57%)  
[  5] 258.00-259.00 sec   709 KBytes  5.81 Mbits/sec  1.334 ms  758/1363 (56%)  
[  5] 259.00-260.00 sec   620 KBytes  5.07 Mbits/sec  1.290 ms  639/1168 (55%)  
[  5] 260.00-261.00 sec   619 KBytes  5.07 Mbits/sec  1.262 ms  678/1206 (56%)  
[  5] 261.00-262.00 sec   689 KBytes  5.64 Mbits/sec  1.158 ms  770/1358 (57%)  
[  5] 262.00-263.00 sec   619 KBytes  5.07 Mbits/sec  1.285 ms  624/1152 (54%)  
[  5] 263.00-264.00 sec   709 KBytes  5.81 Mbits/sec  1.152 ms  721/1326 (54%)  
[  5] 264.00-265.00 sec   677 KBytes  5.55 Mbits/sec  1.165 ms  751/1329 (57%)  
[  5] 265.00-266.00 sec   619 KBytes  5.07 Mbits/sec  1.176 ms  686/1214 (57%)  
[  5] 266.00-267.00 sec   701 KBytes  5.74 Mbits/sec  1.195 ms  774/1372 (56%)  
[  5] 267.00-268.00 sec   589 KBytes  4.83 Mbits/sec  1.232 ms  637/1140 (56%)  
[  5] 268.00-269.00 sec   619 KBytes  5.07 Mbits/sec  1.303 ms  631/1159 (54%)  
[  5] 269.00-270.00 sec   709 KBytes  5.80 Mbits/sec  1.244 ms  756/1361 (56%)  
[  5] 270.00-271.00 sec   589 KBytes  4.84 Mbits/sec  1.234 ms  634/1137 (56%)  
[  5] 271.00-272.00 sec   718 KBytes  5.88 Mbits/sec  1.337 ms  794/1407 (56%)  
[  5] 272.00-273.00 sec   619 KBytes  5.07 Mbits/sec  1.193 ms  684/1212 (56%)  
[  5] 273.00-274.00 sec   589 KBytes  4.83 Mbits/sec  1.219 ms  647/1150 (56%)  
[  5] 274.00-275.00 sec   600 KBytes  4.92 Mbits/sec  1.914 ms  675/1187 (57%)  
[  5] 275.00-276.00 sec   518 KBytes  4.24 Mbits/sec  1.312 ms  534/976 (55%)  
[  5] 276.00-277.00 sec   589 KBytes  4.83 Mbits/sec  1.190 ms  626/1129 (55%)  
[  5] 277.00-278.00 sec   619 KBytes  5.07 Mbits/sec  1.233 ms  637/1165 (55%)  
[  5] 278.00-279.00 sec   589 KBytes  4.83 Mbits/sec  1.173 ms  588/1091 (54%)  
[  5] 279.00-280.00 sec   619 KBytes  5.07 Mbits/sec  1.278 ms  631/1159 (54%)  
[  5] 280.00-281.00 sec   618 KBytes  5.06 Mbits/sec  1.207 ms  625/1152 (54%)  
[  5] 281.00-282.00 sec   589 KBytes  4.83 Mbits/sec  1.322 ms  621/1124 (55%)  
[  5] 282.00-283.00 sec   718 KBytes  5.89 Mbits/sec  1.159 ms  751/1364 (55%)  
[  5] 283.00-284.00 sec   589 KBytes  4.83 Mbits/sec  1.177 ms  654/1157 (57%)  
[  5] 284.00-285.00 sec   708 KBytes  5.80 Mbits/sec  1.305 ms  813/1417 (57%)  
[  5] 285.00-286.00 sec   620 KBytes  5.08 Mbits/sec  1.176 ms  647/1176 (55%)  
[  5] 286.00-287.00 sec   718 KBytes  5.88 Mbits/sec  1.135 ms  767/1380 (56%)  
[  5] 287.00-288.00 sec   589 KBytes  4.83 Mbits/sec  1.185 ms  701/1204 (58%)  
[  5] 288.00-289.00 sec   709 KBytes  5.81 Mbits/sec  1.243 ms  833/1438 (58%)  
[  5] 289.00-290.00 sec   589 KBytes  4.83 Mbits/sec  1.325 ms  751/1254 (60%)  
[  5] 290.00-291.00 sec   709 KBytes  5.81 Mbits/sec  1.285 ms  890/1495 (60%)  
[  5] 291.00-292.00 sec   619 KBytes  5.06 Mbits/sec  1.335 ms  786/1314 (60%)  
[  5] 292.00-293.00 sec   628 KBytes  5.15 Mbits/sec  1.201 ms  775/1311 (59%)  
[  5] 293.00-294.00 sec   591 KBytes  4.84 Mbits/sec  1.144 ms  713/1217 (59%)  
[  5] 294.00-295.00 sec   708 KBytes  5.80 Mbits/sec  1.209 ms  864/1468 (59%)  
[  5] 295.00-296.00 sec   589 KBytes  4.83 Mbits/sec  1.246 ms  688/1191 (58%)  
[  5] 296.00-297.00 sec   702 KBytes  5.75 Mbits/sec  1.305 ms  816/1415 (58%)  
[  5] 297.00-298.00 sec   629 KBytes  5.16 Mbits/sec  1.108 ms  700/1237 (57%)  
[  5] 298.00-299.00 sec   588 KBytes  4.81 Mbits/sec  1.191 ms  615/1117 (55%)  
[  5] 299.00-300.00 sec   709 KBytes  5.82 Mbits/sec  1.247 ms  759/1364 (56%)  
[  5] 300.00-301.00 sec   605 KBytes  4.95 Mbits/sec  1.149 ms  679/1195 (57%)  
[  5] 301.00-302.00 sec   718 KBytes  5.88 Mbits/sec  1.125 ms  760/1373 (55%)  
[  5] 302.00-303.00 sec   589 KBytes  4.83 Mbits/sec  1.176 ms  623/1126 (55%)  
[  5] 303.00-304.00 sec   708 KBytes  5.79 Mbits/sec  1.169 ms  724/1328 (55%)  
[  5] 304.00-305.00 sec   589 KBytes  4.83 Mbits/sec  1.233 ms  616/1119 (55%)  
[  5] 305.00-306.00 sec   619 KBytes  5.07 Mbits/sec  1.261 ms  675/1203 (56%)  
[  5] 306.00-307.00 sec   720 KBytes  5.89 Mbits/sec  1.165 ms  783/1397 (56%)  
[  5] 307.00-308.00 sec   588 KBytes  4.82 Mbits/sec  1.181 ms  671/1173 (57%)  
[  5] 308.00-309.00 sec   619 KBytes  5.07 Mbits/sec  1.216 ms  710/1238 (57%)  
[  5] 309.00-310.00 sec   710 KBytes  5.81 Mbits/sec  1.154 ms  735/1341 (55%)  
[  5] 310.00-311.00 sec   588 KBytes  4.83 Mbits/sec  1.232 ms  628/1130 (56%)  
[  5] 311.00-312.00 sec   709 KBytes  5.81 Mbits/sec  1.267 ms  735/1340 (55%)  
[  5] 312.00-313.00 sec   607 KBytes  4.98 Mbits/sec  2.019 ms  779/1297 (60%)  
[  5] 313.00-314.00 sec   667 KBytes  5.46 Mbits/sec  1.292 ms  736/1305 (56%)  
[  5] 314.00-315.00 sec   619 KBytes  5.07 Mbits/sec  1.236 ms  631/1159 (54%)  
[  5] 315.00-316.00 sec   709 KBytes  5.80 Mbits/sec  1.180 ms  763/1368 (56%)  
[  5] 316.00-317.00 sec   589 KBytes  4.83 Mbits/sec  1.182 ms  652/1155 (56%)  
[  5] 317.00-318.00 sec   628 KBytes  5.15 Mbits/sec  1.190 ms  678/1214 (56%)  
[  5] 318.00-319.00 sec   490 KBytes  4.01 Mbits/sec  1.229 ms  494/912 (54%)  
[  5] 319.00-320.00 sec   619 KBytes  5.07 Mbits/sec  1.246 ms  631/1159 (54%)  
[  5] 320.00-321.00 sec   589 KBytes  4.83 Mbits/sec  1.424 ms  662/1165 (57%)  
[  5] 321.00-322.00 sec   607 KBytes  4.97 Mbits/sec  1.301 ms  695/1213 (57%)  
[  5] 322.00-323.00 sec   589 KBytes  4.83 Mbits/sec  1.248 ms  630/1133 (56%)  
[  5] 323.00-324.00 sec   499 KBytes  4.09 Mbits/sec  1.364 ms  547/973 (56%)  
[  5] 324.00-325.00 sec   619 KBytes  5.06 Mbits/sec  1.237 ms  671/1199 (56%)  
[  5] 325.00-326.00 sec   410 KBytes  3.37 Mbits/sec  1.165 ms  452/802 (56%)  
[  5] 326.00-327.00 sec   489 KBytes  4.00 Mbits/sec  1.283 ms  529/946 (56%)  
[  5] 327.00-328.00 sec   525 KBytes  4.30 Mbits/sec  1.094 ms  553/1001 (55%)  
[  5] 328.00-329.00 sec   588 KBytes  4.82 Mbits/sec  1.254 ms  620/1122 (55%)  
[  5] 329.00-330.00 sec   499 KBytes  4.09 Mbits/sec  1.184 ms  534/960 (56%)  
[  5] 330.00-331.00 sec   519 KBytes  4.25 Mbits/sec  1.313 ms  543/986 (55%)  
[  5] 331.00-332.00 sec   499 KBytes  4.09 Mbits/sec  1.302 ms  517/943 (55%)  
[  5] 332.00-333.00 sec   499 KBytes  4.09 Mbits/sec  1.184 ms  524/950 (55%)  
[  5] 333.00-334.00 sec   507 KBytes  4.16 Mbits/sec  1.657 ms  569/1002 (57%)  
[  5] 334.00-335.00 sec   588 KBytes  4.82 Mbits/sec  1.230 ms  745/1247 (60%)  
[  5] 335.00-336.00 sec   520 KBytes  4.26 Mbits/sec  1.352 ms  694/1138 (61%)  
[  5] 336.00-337.00 sec   588 KBytes  4.82 Mbits/sec  1.336 ms  761/1263 (60%)  
[  5] 337.00-338.00 sec   519 KBytes  4.25 Mbits/sec  3.850 ms  677/1120 (60%)  
[  5] 338.00-339.00 sec   599 KBytes  4.91 Mbits/sec  1.308 ms  754/1265 (60%)  
[  5] 339.00-340.00 sec   589 KBytes  4.83 Mbits/sec  1.255 ms  728/1231 (59%)  
[  5] 340.00-341.00 sec   530 KBytes  4.34 Mbits/sec  1.269 ms  694/1146 (61%)  
[  5] 341.00-342.00 sec   589 KBytes  4.83 Mbits/sec  1.426 ms  790/1293 (61%)  
[  5] 342.00-343.00 sec   618 KBytes  5.06 Mbits/sec  1.602 ms  898/1425 (63%)  
[  5] 343.00-344.00 sec   591 KBytes  4.84 Mbits/sec  1.343 ms  1089/1593 (68%)  
[  5] 344.00-345.00 sec   618 KBytes  5.06 Mbits/sec  1.477 ms  959/1486 (65%)  
[  5] 345.00-346.00 sec   500 KBytes  4.10 Mbits/sec  1.428 ms  778/1205 (65%)  
[  5] 346.00-347.00 sec   618 KBytes  5.06 Mbits/sec  1.371 ms  890/1417 (63%)  
[  5] 347.00-348.00 sec   580 KBytes  4.75 Mbits/sec  1.306 ms  875/1370 (64%)  
[  5] 348.00-349.00 sec   620 KBytes  5.07 Mbits/sec  1.230 ms  1087/1616 (67%)  
[  5] 349.00-350.00 sec   588 KBytes  4.82 Mbits/sec  1.394 ms  853/1355 (63%)  
[  5] 350.00-351.00 sec   620 KBytes  5.08 Mbits/sec  1.424 ms  952/1481 (64%)  
[  5] 351.00-352.00 sec   588 KBytes  4.82 Mbits/sec  1.421 ms  833/1335 (62%)  
[  5] 352.00-353.00 sec   620 KBytes  5.08 Mbits/sec  1.322 ms  847/1376 (62%)  
[  5] 353.00-354.00 sec   619 KBytes  5.07 Mbits/sec  1.344 ms  854/1382 (62%)  
[  5] 354.00-355.00 sec   588 KBytes  4.82 Mbits/sec  1.337 ms  807/1309 (62%)  
[  5] 355.00-356.00 sec   620 KBytes  5.08 Mbits/sec  1.315 ms  855/1384 (62%)  
[  5] 356.00-357.00 sec   588 KBytes  4.82 Mbits/sec  1.275 ms  769/1271 (61%)  
[  5] 357.00-358.00 sec   623 KBytes  5.11 Mbits/sec  1.222 ms  799/1331 (60%)  
[  5] 358.00-359.00 sec   588 KBytes  4.81 Mbits/sec  1.313 ms  738/1240 (60%)  
[  5] 359.00-360.00 sec   620 KBytes  5.09 Mbits/sec  1.243 ms  750/1279 (59%)  
[  5] 360.00-361.00 sec   588 KBytes  4.82 Mbits/sec  1.246 ms  758/1260 (60%)  
[  5] 361.00-362.00 sec   520 KBytes  4.26 Mbits/sec  1.370 ms  693/1137 (61%)  
[  5] 362.00-363.00 sec   499 KBytes  4.08 Mbits/sec  1.372 ms  615/1041 (59%)  
[  5] 363.00-364.00 sec   489 KBytes  4.01 Mbits/sec  1.234 ms  633/1050 (60%)  
[  5] 364.00-365.00 sec   620 KBytes  5.08 Mbits/sec  1.274 ms  742/1271 (58%)  
[  5] 365.00-366.00 sec   499 KBytes  4.09 Mbits/sec  1.301 ms  608/1034 (59%)  
[  5] 366.00-367.00 sec   490 KBytes  4.01 Mbits/sec  1.305 ms  613/1031 (59%)  
[  5] 367.00-368.00 sec   529 KBytes  4.33 Mbits/sec  1.252 ms  683/1134 (60%)  
[  5] 368.00-369.00 sec   499 KBytes  4.09 Mbits/sec  1.310 ms  643/1069 (60%)  
[  5] 369.00-370.00 sec   589 KBytes  4.83 Mbits/sec  1.156 ms  671/1174 (57%)  
[  5] 370.00-371.00 sec   529 KBytes  4.33 Mbits/sec  1.216 ms  649/1100 (59%)  
[  5] 371.00-372.00 sec   490 KBytes  4.01 Mbits/sec  1.300 ms  546/964 (57%)  
[  5] 372.00-373.00 sec   619 KBytes  5.07 Mbits/sec  1.249 ms  758/1286 (59%)  
[  5] 373.00-374.00 sec   499 KBytes  4.09 Mbits/sec  1.303 ms  610/1036 (59%)  
[  5] 374.00-375.00 sec   499 KBytes  4.09 Mbits/sec  1.144 ms  571/997 (57%)  
[  5] 375.00-376.00 sec   619 KBytes  5.07 Mbits/sec  1.190 ms  776/1304 (60%)  
[  5] 376.00-377.00 sec   490 KBytes  4.01 Mbits/sec  1.340 ms  611/1029 (59%)  
[  5] 377.00-378.00 sec   629 KBytes  5.15 Mbits/sec  1.222 ms  817/1354 (60%)  
[  5] 378.00-379.00 sec   578 KBytes  4.73 Mbits/sec  1.465 ms  763/1256 (61%)  
[  5] 379.00-380.00 sec   499 KBytes  4.09 Mbits/sec  1.495 ms  813/1239 (66%)  
[  5] 380.00-381.00 sec   530 KBytes  4.34 Mbits/sec  1.478 ms  799/1251 (64%)  
[  5] 381.00-382.00 sec   589 KBytes  4.83 Mbits/sec  1.354 ms  838/1341 (62%)  
[  5] 382.00-383.00 sec   564 KBytes  4.62 Mbits/sec  2.861 ms  869/1350 (64%)  
[  5] 383.00-384.00 sec   554 KBytes  4.54 Mbits/sec  1.268 ms  784/1257 (62%)  
[  5] 384.00-385.00 sec   619 KBytes  5.07 Mbits/sec  1.526 ms  1070/1598 (67%)  
[  5] 385.00-386.00 sec   490 KBytes  4.01 Mbits/sec  1.364 ms  740/1158 (64%)  
[  5] 386.00-387.00 sec   490 KBytes  4.01 Mbits/sec  1.339 ms  716/1134 (63%)  
[  5] 387.00-388.00 sec   620 KBytes  5.08 Mbits/sec  1.316 ms  869/1398 (62%)  
[  5] 388.00-389.00 sec   499 KBytes  4.09 Mbits/sec  1.383 ms  742/1168 (64%)  
[  5] 389.00-390.00 sec   499 KBytes  4.09 Mbits/sec  1.194 ms  716/1142 (63%)  
[  5] 390.00-391.00 sec   619 KBytes  5.07 Mbits/sec  1.466 ms  906/1434 (63%)  
[  5] 391.00-392.00 sec   484 KBytes  3.97 Mbits/sec  1.414 ms  752/1165 (65%)  
[  5] 392.00-393.00 sec   500 KBytes  4.10 Mbits/sec  1.461 ms  718/1145 (63%)  
[  5] 393.00-394.00 sec   618 KBytes  5.06 Mbits/sec  1.494 ms  876/1403 (62%)  
[  5] 394.00-395.00 sec   500 KBytes  4.10 Mbits/sec  1.294 ms  674/1101 (61%)  
[  5] 395.00-396.00 sec   499 KBytes  4.09 Mbits/sec  1.222 ms  662/1088 (61%)  
[  5] 396.00-397.00 sec   619 KBytes  5.07 Mbits/sec  1.440 ms  874/1402 (62%)  
[  5] 397.00-398.00 sec   514 KBytes  4.21 Mbits/sec  1.266 ms  750/1189 (63%)  
[  5] 398.00-399.00 sec   499 KBytes  4.09 Mbits/sec  1.337 ms  716/1142 (63%)  
[  5] 399.00-400.00 sec   589 KBytes  4.83 Mbits/sec  1.507 ms  807/1310 (62%)  
[  5] 400.00-401.00 sec   485 KBytes  3.97 Mbits/sec  1.220 ms  682/1096 (62%)  
[  5] 401.00-402.00 sec   529 KBytes  4.33 Mbits/sec  1.287 ms  722/1173 (62%)  
[  5] 402.00-403.00 sec   589 KBytes  4.83 Mbits/sec  1.325 ms  816/1319 (62%)  
[  5] 403.00-404.00 sec   607 KBytes  4.97 Mbits/sec  1.357 ms  901/1419 (63%)  
[  5] 404.00-405.00 sec   490 KBytes  4.01 Mbits/sec  1.387 ms  766/1184 (65%)  
[  5] 405.00-406.00 sec   619 KBytes  5.07 Mbits/sec  1.375 ms  903/1431 (63%)  
[  5] 406.00-407.00 sec   589 KBytes  4.83 Mbits/sec  1.335 ms  857/1360 (63%)  
[  5] 407.00-408.00 sec   529 KBytes  4.33 Mbits/sec  1.394 ms  742/1193 (62%)  
[  5] 408.00-409.00 sec   589 KBytes  4.83 Mbits/sec  1.314 ms  869/1372 (63%)  
[  5] 409.00-410.00 sec   488 KBytes  3.99 Mbits/sec  1.390 ms  758/1174 (65%)  
[  5] 410.00-411.00 sec   529 KBytes  4.33 Mbits/sec  1.375 ms  743/1194 (62%)  
[  5] 411.00-412.00 sec   490 KBytes  4.01 Mbits/sec  1.362 ms  700/1118 (63%)  
[  5] 412.00-413.00 sec   629 KBytes  5.16 Mbits/sec  1.334 ms  979/1516 (65%)  
[  5] 413.00-414.00 sec   489 KBytes  4.00 Mbits/sec  1.400 ms  692/1109 (62%)  
[  5] 414.00-415.00 sec   499 KBytes  4.09 Mbits/sec  1.615 ms  764/1190 (64%)  
[  5] 415.00-416.00 sec   619 KBytes  5.07 Mbits/sec  1.349 ms  874/1402 (62%)  
[  5] 416.00-417.00 sec   499 KBytes  4.09 Mbits/sec  1.419 ms  738/1164 (63%)  
[  5] 417.00-418.00 sec   489 KBytes  4.00 Mbits/sec  1.460 ms  746/1163 (64%)  
[  5] 418.00-419.00 sec   530 KBytes  4.33 Mbits/sec  1.381 ms  762/1214 (63%)  
[  5] 419.00-420.00 sec   589 KBytes  4.83 Mbits/sec  1.367 ms  838/1341 (62%)  
[  5] 420.00-421.00 sec   619 KBytes  5.07 Mbits/sec  1.229 ms  837/1365 (61%)  
[  5] 421.00-422.00 sec   589 KBytes  4.83 Mbits/sec  1.334 ms  833/1336 (62%)  
[  5] 422.00-423.00 sec   619 KBytes  5.07 Mbits/sec  1.384 ms  781/1309 (60%)  
[  5] 423.00-424.00 sec   499 KBytes  4.09 Mbits/sec  1.371 ms  619/1045 (59%)  
[  5] 424.00-425.00 sec   607 KBytes  4.97 Mbits/sec  1.315 ms  820/1338 (61%)  
[  5] 425.00-426.00 sec   589 KBytes  4.82 Mbits/sec  1.297 ms  828/1331 (62%)  
[  5] 426.00-427.00 sec   619 KBytes  5.07 Mbits/sec  1.326 ms  1038/1566 (66%)  
[  5] 427.00-428.00 sec   499 KBytes  4.09 Mbits/sec  1.432 ms  718/1144 (63%)  
[  5] 428.00-429.00 sec   619 KBytes  5.07 Mbits/sec  1.331 ms  907/1435 (63%)  
