Connecting to host 172.22.0.50, port 5201
Reverse mode, remote host 172.22.0.50 is sending
[  5] local 192.168.100.2 port 58544 connected to 172.22.0.50 port 5201
[ ID] Interval           Transfer     Bitrate         Jitter    Lost/Total Datagrams
[  5]   0.00-1.00   sec  1.43 MBytes  12.0 Mbits/sec  0.738 ms  0/1249 (0%)  
[  5]   1.00-2.00   sec  1.43 MBytes  12.0 Mbits/sec  0.911 ms  0/1248 (0%)  
[  5]   2.00-3.00   sec  1.43 MBytes  12.0 Mbits/sec  0.878 ms  0/1253 (0%)  
[  5]   3.00-4.00   sec  1.43 MBytes  12.0 Mbits/sec  1.164 ms  0/1250 (0%)  
[  5]   4.00-5.00   sec  1.43 MBytes  12.0 Mbits/sec  0.984 ms  0/1250 (0%)  
[  5]   5.00-6.00   sec  1.42 MBytes  11.9 Mbits/sec  1.356 ms  0/1243 (0%)  
[  5]   6.00-7.00   sec  1.44 MBytes  12.1 Mbits/sec  1.108 ms  0/1259 (0%)  
[  5]   7.00-8.00   sec  1.43 MBytes  12.0 Mbits/sec  0.831 ms  0/1252 (0%)  
[  5]   8.00-9.00   sec  1.43 MBytes  12.0 Mbits/sec  0.843 ms  0/1248 (0%)  
[  5]   9.00-10.00  sec  1.43 MBytes  12.0 Mbits/sec  0.821 ms  0/1250 (0%)  
[  5]  10.00-11.00  sec  1.42 MBytes  12.0 Mbits/sec  1.063 ms  0/1245 (0%)  
[  5]  11.00-12.00  sec  1.43 MBytes  12.0 Mbits/sec  1.060 ms  0/1253 (0%)  
[  5]  12.00-13.00  sec  1.43 MBytes  12.0 Mbits/sec  1.119 ms  0/1246 (0%)  
[  5]  13.00-14.00  sec  1.43 MBytes  12.0 Mbits/sec  0.855 ms  0/1252 (0%)  
[  5]  14.00-15.00  sec  1.43 MBytes  12.0 Mbits/sec  0.791 ms  0/1253 (0%)  
[  5]  15.00-16.00  sec  1.32 MBytes  11.1 Mbits/sec  1.644 ms  0/1157 (0%)  
[  5]  16.00-17.00  sec   622 KBytes  5.10 Mbits/sec  1.228 ms  0/531 (0%)  
[  5]  17.00-18.00  sec   642 KBytes  5.26 Mbits/sec  1.218 ms  0/549 (0%)  
[  5]  18.00-19.00  sec   642 KBytes  5.26 Mbits/sec  1.142 ms  0/548 (0%)  
[  5]  19.00-20.00  sec   634 KBytes  5.19 Mbits/sec  1.356 ms  0/541 (0%)  
[  5]  20.00-21.00  sec   622 KBytes  5.10 Mbits/sec  1.274 ms  0/531 (0%)  
[  5]  21.00-22.00  sec   613 KBytes  5.02 Mbits/sec  1.426 ms  0/523 (0%)  
[  5]  22.00-23.00  sec   634 KBytes  5.19 Mbits/sec  1.394 ms  0/541 (0%)  
[  5]  23.00-24.00  sec   638 KBytes  5.22 Mbits/sec  1.315 ms  0/544 (0%)  
[  5]  24.00-25.00  sec   634 KBytes  5.20 Mbits/sec  1.364 ms  0/541 (0%)  
[  5]  25.00-26.00  sec   638 KBytes  5.23 Mbits/sec  1.236 ms  0/544 (0%)  
[  5]  26.00-27.00  sec   776 KBytes  6.35 Mbits/sec  1.021 ms  0/662 (0%)  
[  5]  27.00-28.00  sec   759 KBytes  6.22 Mbits/sec  1.262 ms  0/648 (0%)  
[  5]  28.00-29.00  sec   755 KBytes  6.18 Mbits/sec  1.328 ms  0/644 (0%)  
[  5]  29.00-30.00  sec   761 KBytes  6.22 Mbits/sec  1.320 ms  0/649 (0%)  
[  5]  30.00-31.00  sec   758 KBytes  6.22 Mbits/sec  1.195 ms  0/647 (0%)  
[  5]  31.00-32.00  sec   768 KBytes  6.29 Mbits/sec  1.133 ms  0/655 (0%)  
[  5]  32.00-33.00  sec   772 KBytes  6.33 Mbits/sec  1.239 ms  0/659 (0%)  
[  5]  33.00-34.00  sec   777 KBytes  6.36 Mbits/sec  1.002 ms  0/663 (0%)  
[  5]  34.00-35.00  sec   782 KBytes  6.40 Mbits/sec  1.144 ms  0/667 (0%)  
[  5]  35.00-36.00  sec   769 KBytes  6.30 Mbits/sec  0.990 ms  0/656 (0%)  
[  5]  36.00-37.00  sec   764 KBytes  6.26 Mbits/sec  1.135 ms  0/652 (0%)  
[  5]  37.00-38.00  sec   762 KBytes  6.24 Mbits/sec  1.095 ms  0/650 (0%)  
[  5]  38.00-39.00  sec   771 KBytes  6.31 Mbits/sec  1.380 ms  0/658 (0%)  
[  5]  39.00-40.00  sec   687 KBytes  5.63 Mbits/sec  1.321 ms  0/586 (0%)  
[  5]  40.00-41.00  sec   709 KBytes  5.81 Mbits/sec  1.164 ms  556/1161 (48%)  
[  5]  41.00-42.00  sec   809 KBytes  6.62 Mbits/sec  1.143 ms  647/1337 (48%)  
[  5]  42.00-43.00  sec   809 KBytes  6.62 Mbits/sec  1.095 ms  638/1328 (48%)  
[  5]  43.00-44.00  sec   709 KBytes  5.81 Mbits/sec  1.046 ms  551/1156 (48%)  
[  5]  44.00-45.00  sec   809 KBytes  6.62 Mbits/sec  1.113 ms  631/1321 (48%)  
[  5]  45.00-46.00  sec   809 KBytes  6.62 Mbits/sec  1.108 ms  618/1308 (47%)  
[  5]  46.00-47.00  sec   709 KBytes  5.81 Mbits/sec  1.149 ms  525/1130 (46%)  
[  5]  47.00-48.00  sec   803 KBytes  6.58 Mbits/sec  0.987 ms  621/1306 (48%)  
[  5]  48.00-49.00  sec   799 KBytes  6.55 Mbits/sec  1.123 ms  622/1304 (48%)  
[  5]  49.00-50.00  sec   718 KBytes  5.88 Mbits/sec  1.121 ms  558/1171 (48%)  
[  5]  50.00-51.00  sec   810 KBytes  6.64 Mbits/sec  1.017 ms  633/1324 (48%)  
[  5]  51.00-52.00  sec   798 KBytes  6.54 Mbits/sec  1.122 ms  600/1281 (47%)  
[  5]  52.00-53.00  sec   810 KBytes  6.63 Mbits/sec  1.096 ms  603/1294 (47%)  
[  5]  53.00-54.00  sec   708 KBytes  5.80 Mbits/sec  1.159 ms  520/1124 (46%)  
[  5]  54.00-55.00  sec   810 KBytes  6.63 Mbits/sec  1.079 ms  598/1289 (46%)  
[  5]  55.00-56.00  sec   807 KBytes  6.62 Mbits/sec  1.169 ms  614/1303 (47%)  
[  5]  56.00-57.00  sec   710 KBytes  5.81 Mbits/sec  1.157 ms  530/1136 (47%)  
[  5]  57.00-58.00  sec   807 KBytes  6.62 Mbits/sec  1.113 ms  618/1307 (47%)  
[  5]  58.00-59.00  sec   710 KBytes  5.82 Mbits/sec  1.120 ms  570/1176 (48%)  
[  5]  59.00-60.00  sec   809 KBytes  6.63 Mbits/sec  1.112 ms  633/1323 (48%)  
[  5]  60.00-61.00  sec   688 KBytes  5.63 Mbits/sec  1.093 ms  514/1101 (47%)  
[  5]  61.00-62.00  sec   817 KBytes  6.69 Mbits/sec  1.100 ms  617/1314 (47%)  
[  5]  62.00-63.00  sec   688 KBytes  5.64 Mbits/sec  0.981 ms  496/1083 (46%)  
[  5]  63.00-64.00  sec   810 KBytes  6.63 Mbits/sec  1.126 ms  626/1317 (48%)  
[  5]  64.00-65.00  sec   829 KBytes  6.79 Mbits/sec  1.057 ms  598/1305 (46%)  
[  5]  65.00-66.00  sec   809 KBytes  6.62 Mbits/sec  1.079 ms  631/1321 (48%)  
[  5]  66.00-67.00  sec   708 KBytes  5.80 Mbits/sec  1.008 ms  534/1138 (47%)  
[  5]  67.00-68.00  sec   778 KBytes  6.37 Mbits/sec  1.098 ms  587/1251 (47%)  
[  5]  68.00-69.00  sec   809 KBytes  6.62 Mbits/sec  1.158 ms  629/1319 (48%)  
[  5]  69.00-70.00  sec   709 KBytes  5.81 Mbits/sec  1.159 ms  564/1169 (48%)  
[  5]  70.00-71.00  sec   809 KBytes  6.62 Mbits/sec  1.134 ms  629/1319 (48%)  
[  5]  71.00-72.00  sec   810 KBytes  6.63 Mbits/sec  1.036 ms  638/1329 (48%)  
[  5]  72.00-73.00  sec   708 KBytes  5.80 Mbits/sec  1.136 ms  551/1155 (48%)  
[  5]  73.00-74.00  sec   789 KBytes  6.46 Mbits/sec  1.066 ms  678/1351 (50%)  
[  5]  74.00-75.00  sec   807 KBytes  6.62 Mbits/sec  1.084 ms  628/1317 (48%)  
[  5]  75.00-76.00  sec   710 KBytes  5.82 Mbits/sec  1.071 ms  539/1145 (47%)  
[  5]  76.00-77.00  sec   807 KBytes  6.61 Mbits/sec  1.131 ms  594/1283 (46%)  
[  5]  77.00-78.00  sec   710 KBytes  5.82 Mbits/sec  1.084 ms  533/1139 (47%)  
[  5]  78.00-79.00  sec   807 KBytes  6.61 Mbits/sec  1.142 ms  619/1308 (47%)  
[  5]  79.00-80.00  sec   810 KBytes  6.63 Mbits/sec  1.097 ms  603/1294 (47%)  
[  5]  80.00-81.00  sec   708 KBytes  5.79 Mbits/sec  1.119 ms  530/1134 (47%)  
[  5]  81.00-82.00  sec   810 KBytes  6.64 Mbits/sec  1.102 ms  636/1327 (48%)  
[  5]  82.00-83.00  sec   809 KBytes  6.62 Mbits/sec  1.075 ms  613/1303 (47%)  
[  5]  83.00-84.00  sec   709 KBytes  5.81 Mbits/sec  1.109 ms  559/1164 (48%)  
[  5]  84.00-85.00  sec   809 KBytes  6.62 Mbits/sec  1.099 ms  617/1307 (47%)  
[  5]  85.00-86.00  sec   809 KBytes  6.62 Mbits/sec  1.000 ms  603/1293 (47%)  
[  5]  86.00-87.00  sec   709 KBytes  5.81 Mbits/sec  1.078 ms  565/1170 (48%)  
[  5]  87.00-88.00  sec   809 KBytes  6.62 Mbits/sec  1.103 ms  604/1294 (47%)  
[  5]  88.00-89.00  sec   667 KBytes  5.46 Mbits/sec  1.153 ms  533/1102 (48%)  
[  5]  89.00-90.00  sec   809 KBytes  6.63 Mbits/sec  1.131 ms  634/1324 (48%)  
[  5]  90.00-91.00  sec   809 KBytes  6.63 Mbits/sec  1.115 ms  647/1337 (48%)  
[  5]  91.00-92.00  sec   709 KBytes  5.81 Mbits/sec  1.136 ms  544/1149 (47%)  
[  5]  92.00-93.00  sec   809 KBytes  6.62 Mbits/sec  1.056 ms  597/1287 (46%)  
[  5]  93.00-94.00  sec   809 KBytes  6.62 Mbits/sec  1.075 ms  612/1302 (47%)  
[  5]  94.00-95.00  sec   710 KBytes  5.82 Mbits/sec  1.098 ms  531/1137 (47%)  
[  5]  95.00-96.00  sec   807 KBytes  6.61 Mbits/sec  0.984 ms  601/1290 (47%)  
[  5]  96.00-97.00  sec   710 KBytes  5.82 Mbits/sec  1.083 ms  528/1134 (47%)  
[  5]  97.00-98.00  sec   796 KBytes  6.52 Mbits/sec  1.207 ms  630/1309 (48%)  
[  5]  98.00-99.00  sec   810 KBytes  6.63 Mbits/sec  1.107 ms  667/1358 (49%)  
[  5]  99.00-100.00 sec   780 KBytes  6.39 Mbits/sec  1.193 ms  668/1334 (50%)  
[  5] 100.00-101.00 sec   720 KBytes  5.89 Mbits/sec  1.000 ms  561/1175 (48%)  
[  5] 101.00-102.00 sec   798 KBytes  6.53 Mbits/sec  1.132 ms  607/1288 (47%)  
[  5] 102.00-103.00 sec   720 KBytes  5.90 Mbits/sec  1.171 ms  536/1150 (47%)  
[  5] 103.00-104.00 sec   809 KBytes  6.62 Mbits/sec  1.002 ms  612/1302 (47%)  
[  5] 104.00-105.00 sec   697 KBytes  5.71 Mbits/sec  1.336 ms  535/1130 (47%)  
[  5] 105.00-106.00 sec   809 KBytes  6.62 Mbits/sec  1.043 ms  620/1310 (47%)  
[  5] 106.00-107.00 sec   799 KBytes  6.55 Mbits/sec  1.182 ms  636/1318 (48%)  
[  5] 107.00-108.00 sec   718 KBytes  5.89 Mbits/sec  1.138 ms  582/1195 (49%)  
[  5] 108.00-109.00 sec   809 KBytes  6.62 Mbits/sec  1.089 ms  621/1311 (47%)  
[  5] 109.00-110.00 sec   799 KBytes  6.55 Mbits/sec  1.138 ms  589/1271 (46%)  
[  5] 110.00-111.00 sec   718 KBytes  5.88 Mbits/sec  0.927 ms  537/1150 (47%)  
[  5] 111.00-112.00 sec   799 KBytes  6.55 Mbits/sec  1.095 ms  605/1287 (47%)  
[  5] 112.00-113.00 sec   809 KBytes  6.63 Mbits/sec  1.078 ms  599/1289 (46%)  
[  5] 113.00-114.00 sec   688 KBytes  5.63 Mbits/sec  1.110 ms  553/1140 (49%)  
[  5] 114.00-115.00 sec   830 KBytes  6.80 Mbits/sec  1.129 ms  672/1380 (49%)  
[  5] 115.00-116.00 sec   809 KBytes  6.62 Mbits/sec  1.066 ms  645/1335 (48%)  
[  5] 116.00-117.00 sec   720 KBytes  5.89 Mbits/sec  1.097 ms  569/1183 (48%)  
[  5] 117.00-118.00 sec   798 KBytes  6.54 Mbits/sec  1.126 ms  615/1296 (47%)  
[  5] 118.00-119.00 sec   689 KBytes  5.64 Mbits/sec  1.076 ms  538/1126 (48%)  
[  5] 119.00-120.00 sec   788 KBytes  6.45 Mbits/sec  1.104 ms  592/1264 (47%)  
[  5] 120.00-121.00 sec   718 KBytes  5.89 Mbits/sec  1.044 ms  542/1155 (47%)  
[  5] 121.00-122.00 sec   799 KBytes  6.55 Mbits/sec  1.051 ms  590/1272 (46%)  
[  5] 122.00-123.00 sec   809 KBytes  6.62 Mbits/sec  1.137 ms  635/1325 (48%)  
[  5] 123.00-124.00 sec   718 KBytes  5.89 Mbits/sec  1.000 ms  569/1182 (48%)  
[  5] 124.00-125.00 sec   799 KBytes  6.55 Mbits/sec  1.105 ms  599/1281 (47%)  
[  5] 125.00-126.00 sec   809 KBytes  6.62 Mbits/sec  1.091 ms  611/1301 (47%)  
[  5] 126.00-127.00 sec   709 KBytes  5.81 Mbits/sec  1.109 ms  527/1132 (47%)  
[  5] 127.00-128.00 sec   809 KBytes  6.62 Mbits/sec  1.114 ms  599/1289 (46%)  
[  5] 128.00-129.00 sec   718 KBytes  5.88 Mbits/sec  1.087 ms  578/1191 (49%)  
[  5] 129.00-130.00 sec   799 KBytes  6.55 Mbits/sec  1.091 ms  616/1298 (47%)  
[  5] 130.00-131.00 sec   809 KBytes  6.62 Mbits/sec  1.110 ms  666/1356 (49%)  
[  5] 131.00-132.00 sec   709 KBytes  5.81 Mbits/sec  1.166 ms  569/1174 (48%)  
[  5] 132.00-133.00 sec   718 KBytes  5.88 Mbits/sec  1.140 ms  550/1163 (47%)  
[  5] 133.00-134.00 sec   709 KBytes  5.81 Mbits/sec  1.090 ms  540/1145 (47%)  
[  5] 134.00-135.00 sec   689 KBytes  5.65 Mbits/sec  1.071 ms  515/1103 (47%)  
[  5] 135.00-136.00 sec   709 KBytes  5.81 Mbits/sec  1.125 ms  514/1119 (46%)  
[  5] 136.00-137.00 sec   619 KBytes  5.07 Mbits/sec  1.091 ms  482/1010 (48%)  
[  5] 137.00-138.00 sec   589 KBytes  4.83 Mbits/sec  1.102 ms  449/952 (47%)  
[  5] 138.00-139.00 sec   709 KBytes  5.81 Mbits/sec  1.121 ms  523/1128 (46%)  
[  5] 139.00-140.00 sec   628 KBytes  5.15 Mbits/sec  1.124 ms  525/1061 (49%)  
[  5] 140.00-141.00 sec   680 KBytes  5.57 Mbits/sec  1.153 ms  537/1117 (48%)  
[  5] 141.00-142.00 sec   619 KBytes  5.07 Mbits/sec  1.111 ms  479/1007 (48%)  
[  5] 142.00-143.00 sec   697 KBytes  5.71 Mbits/sec  1.101 ms  561/1156 (49%)  
[  5] 143.00-144.00 sec   578 KBytes  4.73 Mbits/sec  1.134 ms  462/955 (48%)  
[  5] 144.00-145.00 sec   718 KBytes  5.88 Mbits/sec  1.107 ms  547/1160 (47%)  
[  5] 145.00-146.00 sec   619 KBytes  5.07 Mbits/sec  1.165 ms  475/1003 (47%)  
[  5] 146.00-147.00 sec   578 KBytes  4.73 Mbits/sec  1.180 ms  473/966 (49%)  
[  5] 147.00-148.00 sec   709 KBytes  5.81 Mbits/sec  1.199 ms  691/1296 (53%)  
[  5] 148.00-149.00 sec   619 KBytes  5.07 Mbits/sec  1.085 ms  563/1091 (52%)  
[  5] 149.00-150.00 sec   689 KBytes  5.64 Mbits/sec  1.271 ms  628/1216 (52%)  
[  5] 150.00-151.00 sec   620 KBytes  5.07 Mbits/sec  1.265 ms  654/1183 (55%)  
[  5] 151.00-152.00 sec   618 KBytes  5.07 Mbits/sec  1.302 ms  694/1221 (57%)  
[  5] 152.00-153.00 sec   680 KBytes  5.57 Mbits/sec  1.164 ms  796/1376 (58%)  
[  5] 153.00-154.00 sec   606 KBytes  4.96 Mbits/sec  1.318 ms  642/1159 (55%)  
[  5] 154.00-155.00 sec   619 KBytes  5.07 Mbits/sec  1.119 ms  712/1240 (57%)  
[  5] 155.00-156.00 sec   579 KBytes  4.74 Mbits/sec  1.283 ms  580/1074 (54%)  
[  5] 156.00-157.00 sec   720 KBytes  5.90 Mbits/sec  1.206 ms  751/1365 (55%)  
[  5] 157.00-158.00 sec   709 KBytes  5.81 Mbits/sec  1.119 ms  728/1333 (55%)  
[  5] 158.00-159.00 sec   588 KBytes  4.82 Mbits/sec  1.221 ms  661/1163 (57%)  
[  5] 159.00-160.00 sec   619 KBytes  5.07 Mbits/sec  1.148 ms  581/1109 (52%)  
[  5] 160.00-161.00 sec   620 KBytes  5.08 Mbits/sec  1.238 ms  629/1158 (54%)  
[  5] 161.00-162.00 sec   688 KBytes  5.64 Mbits/sec  1.204 ms  935/1522 (61%)  
[  5] 162.00-163.00 sec   620 KBytes  5.08 Mbits/sec  1.148 ms  578/1107 (52%)  
[  5] 163.00-164.00 sec   588 KBytes  4.82 Mbits/sec  1.249 ms  580/1082 (54%)  
[  5] 164.00-165.00 sec   619 KBytes  5.07 Mbits/sec  1.523 ms  706/1234 (57%)  
[  5] 165.00-166.00 sec   607 KBytes  4.97 Mbits/sec  1.723 ms  715/1233 (58%)  
[  5] 166.00-167.00 sec   493 KBytes  4.04 Mbits/sec  1.172 ms  526/947 (56%)  
[  5] 167.00-168.00 sec   466 KBytes  3.82 Mbits/sec  1.208 ms  538/936 (57%)  
[  5] 168.00-169.00 sec   629 KBytes  5.16 Mbits/sec  1.167 ms  669/1206 (55%)  
[  5] 169.00-170.00 sec   489 KBytes  4.00 Mbits/sec  1.292 ms  570/987 (58%)  
[  5] 170.00-171.00 sec   620 KBytes  5.08 Mbits/sec  1.200 ms  751/1280 (59%)  
[  5] 171.00-172.00 sec   588 KBytes  4.82 Mbits/sec  1.295 ms  660/1162 (57%)  
[  5] 172.00-173.00 sec   530 KBytes  4.34 Mbits/sec  1.170 ms  518/970 (53%)  
[  5] 173.00-174.00 sec   499 KBytes  4.09 Mbits/sec  1.104 ms  466/892 (52%)  
[  5] 174.00-175.00 sec   589 KBytes  4.82 Mbits/sec  1.176 ms  540/1043 (52%)  
[  5] 175.00-176.00 sec   529 KBytes  4.34 Mbits/sec  1.155 ms  722/1173 (62%)  
[  5] 176.00-177.00 sec   589 KBytes  4.83 Mbits/sec  1.249 ms  730/1233 (59%)  
[  5] 177.00-178.00 sec   519 KBytes  4.26 Mbits/sec  1.168 ms  584/1027 (57%)  
[  5] 178.00-179.00 sec   588 KBytes  4.82 Mbits/sec  1.322 ms  581/1083 (54%)  
[  5] 179.00-180.00 sec   629 KBytes  5.16 Mbits/sec  1.116 ms  668/1205 (55%)  
[  5] 180.00-181.00 sec   560 KBytes  4.59 Mbits/sec  1.462 ms  716/1194 (60%)  
[  5] 181.00-182.00 sec   628 KBytes  5.15 Mbits/sec  1.194 ms  779/1315 (59%)  
[  5] 182.00-183.00 sec   490 KBytes  4.01 Mbits/sec  1.332 ms  548/966 (57%)  
[  5] 183.00-184.00 sec   619 KBytes  5.08 Mbits/sec  1.381 ms  873/1401 (62%)  
[  5] 184.00-185.00 sec   619 KBytes  5.07 Mbits/sec  1.964 ms  1025/1553 (66%)  
[  5] 185.00-186.00 sec   578 KBytes  4.73 Mbits/sec  1.056 ms  779/1272 (61%)  
[  5] 186.00-187.00 sec   499 KBytes  4.08 Mbits/sec  1.441 ms  723/1149 (63%)  
[  5] 187.00-188.00 sec   619 KBytes  5.07 Mbits/sec  1.330 ms  818/1346 (61%)  
[  5] 188.00-189.00 sec   619 KBytes  5.08 Mbits/sec  1.384 ms  812/1340 (61%)  
[  5] 189.00-190.00 sec   589 KBytes  4.83 Mbits/sec  1.422 ms  967/1470 (66%)  
[  5] 190.00-191.00 sec   608 KBytes  4.98 Mbits/sec  1.263 ms  820/1339 (61%)  
[  5] 191.00-192.00 sec   589 KBytes  4.83 Mbits/sec  1.455 ms  868/1371 (63%)  
[  5] 192.00-193.00 sec   618 KBytes  5.06 Mbits/sec  1.191 ms  872/1399 (62%)  
[  5] 193.00-194.00 sec   708 KBytes  5.79 Mbits/sec  1.261 ms  1023/1627 (63%)  
[  5] 194.00-195.00 sec   589 KBytes  4.83 Mbits/sec  1.276 ms  670/1173 (57%)  
[  5] 195.00-196.00 sec   709 KBytes  5.80 Mbits/sec  1.268 ms  921/1526 (60%)  
[  5] 196.00-197.00 sec   629 KBytes  5.16 Mbits/sec  1.188 ms  793/1330 (60%)  
[  5] 197.00-198.00 sec   589 KBytes  4.83 Mbits/sec  1.245 ms  765/1268 (60%)  
[  5] 198.00-199.00 sec   606 KBytes  4.96 Mbits/sec  1.279 ms  809/1326 (61%)  
[  5] 199.00-200.00 sec   588 KBytes  4.82 Mbits/sec  1.262 ms  749/1251 (60%)  
[  5] 200.00-201.00 sec   709 KBytes  5.81 Mbits/sec  1.398 ms  957/1562 (61%)  
[  5] 201.00-202.00 sec   620 KBytes  5.08 Mbits/sec  1.189 ms  794/1323 (60%)  
[  5] 202.00-203.00 sec   688 KBytes  5.63 Mbits/sec  1.132 ms  939/1526 (62%)  
[  5] 203.00-204.00 sec   620 KBytes  5.08 Mbits/sec  1.319 ms  830/1359 (61%)  
[  5] 204.00-205.00 sec   619 KBytes  5.07 Mbits/sec  1.109 ms  680/1208 (56%)  
[  5] 205.00-206.00 sec   588 KBytes  4.82 Mbits/sec  1.160 ms  688/1190 (58%)  
[  5] 206.00-207.00 sec   620 KBytes  5.08 Mbits/sec  1.333 ms  739/1268 (58%)  
[  5] 207.00-208.00 sec   588 KBytes  4.82 Mbits/sec  1.229 ms  666/1168 (57%)  
[  5] 208.00-209.00 sec   611 KBytes  5.00 Mbits/sec  1.380 ms  685/1206 (57%)  
[  5] 209.00-210.00 sec   619 KBytes  5.07 Mbits/sec  1.144 ms  669/1197 (56%)  
[  5] 210.00-211.00 sec   716 KBytes  5.87 Mbits/sec  1.237 ms  756/1367 (55%)  
[  5] 211.00-212.00 sec   589 KBytes  4.83 Mbits/sec  1.112 ms  632/1135 (56%)  
[  5] 212.00-213.00 sec   697 KBytes  5.72 Mbits/sec  1.825 ms  819/1414 (58%)  
[  5] 213.00-214.00 sec   619 KBytes  5.07 Mbits/sec  1.427 ms  778/1306 (60%)  
[  5] 214.00-215.00 sec   709 KBytes  5.80 Mbits/sec  1.220 ms  772/1377 (56%)  
[  5] 215.00-216.00 sec   599 KBytes  4.91 Mbits/sec  1.154 ms  660/1171 (56%)  
[  5] 216.00-217.00 sec   620 KBytes  5.08 Mbits/sec  1.101 ms  646/1175 (55%)  
[  5] 217.00-218.00 sec   489 KBytes  4.00 Mbits/sec  1.331 ms  507/924 (55%)  
[  5] 218.00-219.00 sec   619 KBytes  5.07 Mbits/sec  1.187 ms  652/1180 (55%)  
[  5] 219.00-220.00 sec   689 KBytes  5.65 Mbits/sec  1.144 ms  794/1382 (57%)  
[  5] 220.00-221.00 sec   709 KBytes  5.81 Mbits/sec  1.316 ms  805/1410 (57%)  
[  5] 221.00-222.00 sec   809 KBytes  6.62 Mbits/sec  1.331 ms  1094/1784 (61%)  
[  5] 222.00-223.00 sec   709 KBytes  5.81 Mbits/sec  1.306 ms  842/1447 (58%)  
[  5] 223.00-224.00 sec   727 KBytes  5.95 Mbits/sec  5.485 ms  830/1450 (57%)  
[  5] 224.00-225.00 sec   791 KBytes  6.48 Mbits/sec  1.089 ms  816/1491 (55%)  
[  5] 225.00-226.00 sec   689 KBytes  5.64 Mbits/sec  1.161 ms  775/1363 (57%)  
[  5] 226.00-227.00 sec   697 KBytes  5.71 Mbits/sec  1.209 ms  765/1360 (56%)  
[  5] 227.00-228.00 sec   718 KBytes  5.89 Mbits/sec  1.141 ms  707/1320 (54%)  
[  5] 228.00-229.00 sec   799 KBytes  6.55 Mbits/sec  1.218 ms  815/1497 (54%)  
[  5] 229.00-230.00 sec   718 KBytes  5.89 Mbits/sec  1.237 ms  856/1469 (58%)  
[  5] 230.00-231.00 sec   799 KBytes  6.54 Mbits/sec  1.379 ms  1139/1821 (63%)  
[  5] 231.00-232.00 sec   718 KBytes  5.89 Mbits/sec  1.124 ms  906/1519 (60%)  
[  5] 232.00-233.00 sec   810 KBytes  6.63 Mbits/sec  1.040 ms  724/1415 (51%)  
[  5] 233.00-234.00 sec   708 KBytes  5.80 Mbits/sec  1.114 ms  608/1212 (50%)  
[  5] 234.00-235.00 sec   710 KBytes  5.82 Mbits/sec  1.078 ms  575/1181 (49%)  
[  5] 235.00-236.00 sec   807 KBytes  6.61 Mbits/sec  1.092 ms  675/1364 (49%)  
[  5] 236.00-237.00 sec   689 KBytes  5.65 Mbits/sec  1.064 ms  570/1158 (49%)  
[  5] 237.00-238.00 sec   829 KBytes  6.79 Mbits/sec  1.213 ms  724/1431 (51%)  
[  5] 238.00-239.00 sec   689 KBytes  5.65 Mbits/sec  1.067 ms  611/1199 (51%)  
[  5] 239.00-240.00 sec   829 KBytes  6.79 Mbits/sec  1.127 ms  705/1412 (50%)  
[  5] 240.00-241.00 sec   689 KBytes  5.64 Mbits/sec  1.082 ms  575/1163 (49%)  
[  5] 241.00-242.00 sec   709 KBytes  5.81 Mbits/sec  1.146 ms  569/1174 (48%)  
[  5] 242.00-243.00 sec   809 KBytes  6.62 Mbits/sec  1.144 ms  650/1340 (49%)  
[  5] 243.00-244.00 sec   709 KBytes  5.81 Mbits/sec  1.135 ms  587/1192 (49%)  
[  5] 244.00-245.00 sec   809 KBytes  6.62 Mbits/sec  1.087 ms  649/1339 (48%)  
[  5] 245.00-246.00 sec   718 KBytes  5.89 Mbits/sec  1.118 ms  594/1207 (49%)  
[  5] 246.00-247.00 sec   709 KBytes  5.81 Mbits/sec  1.082 ms  556/1161 (48%)  
[  5] 247.00-248.00 sec   698 KBytes  5.72 Mbits/sec  1.339 ms  588/1184 (50%)  
[  5] 248.00-249.00 sec   690 KBytes  5.65 Mbits/sec  1.009 ms  537/1126 (48%)  
[  5] 249.00-250.00 sec   709 KBytes  5.81 Mbits/sec  1.152 ms  578/1183 (49%)  
[  5] 250.00-251.00 sec   709 KBytes  5.81 Mbits/sec  1.097 ms  549/1154 (48%)  
[  5] 251.00-252.00 sec   809 KBytes  6.62 Mbits/sec  1.138 ms  666/1356 (49%)  
[  5] 252.00-253.00 sec   718 KBytes  5.89 Mbits/sec  1.072 ms  597/1210 (49%)  
[  5] 253.00-254.00 sec   799 KBytes  6.55 Mbits/sec  1.139 ms  673/1355 (50%)  
[  5] 254.00-255.00 sec   688 KBytes  5.63 Mbits/sec  1.129 ms  586/1173 (50%)  
[  5] 255.00-256.00 sec   709 KBytes  5.80 Mbits/sec  1.116 ms  586/1191 (49%)  
[  5] 256.00-257.00 sec   620 KBytes  5.08 Mbits/sec  1.081 ms  502/1031 (49%)  
[  5] 257.00-258.00 sec   718 KBytes  5.88 Mbits/sec  1.084 ms  574/1187 (48%)  
[  5] 258.00-259.00 sec   679 KBytes  5.56 Mbits/sec  1.145 ms  547/1126 (49%)  
[  5] 259.00-260.00 sec   709 KBytes  5.81 Mbits/sec  1.154 ms  587/1192 (49%)  
[  5] 260.00-261.00 sec   718 KBytes  5.89 Mbits/sec  1.121 ms  673/1286 (52%)  
[  5] 261.00-262.00 sec   698 KBytes  5.72 Mbits/sec  1.113 ms  700/1296 (54%)  
[  5] 262.00-263.00 sec   809 KBytes  6.62 Mbits/sec  1.192 ms  760/1450 (52%)  
[  5] 263.00-264.00 sec   620 KBytes  5.08 Mbits/sec  1.041 ms  504/1033 (49%)  
[  5] 264.00-265.00 sec   709 KBytes  5.81 Mbits/sec  1.100 ms  580/1185 (49%)  
[  5] 265.00-266.00 sec   588 KBytes  4.82 Mbits/sec  1.201 ms  466/968 (48%)  
[  5] 266.00-267.00 sec   620 KBytes  5.08 Mbits/sec  1.111 ms  467/996 (47%)  
[  5] 267.00-268.00 sec   689 KBytes  5.64 Mbits/sec  1.120 ms  548/1136 (48%)  
[  5] 268.00-269.00 sec   529 KBytes  4.33 Mbits/sec  1.072 ms  429/880 (49%)  
[  5] 269.00-270.00 sec   589 KBytes  4.83 Mbits/sec  1.164 ms  516/1019 (51%)  
[  5] 270.00-271.00 sec   709 KBytes  5.81 Mbits/sec  1.291 ms  798/1403 (57%)  
[  5] 271.00-272.00 sec   708 KBytes  5.80 Mbits/sec  1.232 ms  671/1275 (53%)  
[  5] 272.00-273.00 sec   720 KBytes  5.90 Mbits/sec  1.119 ms  666/1280 (52%)  
[  5] 273.00-274.00 sec   589 KBytes  4.83 Mbits/sec  1.110 ms  533/1036 (51%)  
[  5] 274.00-275.00 sec   529 KBytes  4.33 Mbits/sec  1.142 ms  516/967 (53%)  
[  5] 275.00-276.00 sec   589 KBytes  4.83 Mbits/sec  1.054 ms  566/1069 (53%)  
[  5] 276.00-277.00 sec   619 KBytes  5.07 Mbits/sec  1.040 ms  521/1049 (50%)  
[  5] 277.00-278.00 sec   709 KBytes  5.81 Mbits/sec  1.123 ms  582/1187 (49%)  
[  5] 278.00-279.00 sec   589 KBytes  4.83 Mbits/sec  1.220 ms  524/1027 (51%)  
[  5] 279.00-280.00 sec   809 KBytes  6.62 Mbits/sec  1.162 ms  905/1595 (57%)  
[  5] 280.00-281.00 sec   709 KBytes  5.81 Mbits/sec  1.188 ms  822/1427 (58%)  
[  5] 281.00-282.00 sec   718 KBytes  5.89 Mbits/sec  1.127 ms  718/1331 (54%)  
[  5] 282.00-283.00 sec   799 KBytes  6.55 Mbits/sec  1.625 ms  1005/1687 (60%)  
[  5] 283.00-284.00 sec   718 KBytes  5.88 Mbits/sec  1.148 ms  887/1500 (59%)  
[  5] 284.00-285.00 sec   809 KBytes  6.62 Mbits/sec  1.144 ms  767/1457 (53%)  
[  5] 285.00-286.00 sec   709 KBytes  5.81 Mbits/sec  1.182 ms  763/1368 (56%)  
[  5] 286.00-287.00 sec   589 KBytes  4.83 Mbits/sec  1.248 ms  564/1067 (53%)  
[  5] 287.00-288.00 sec   709 KBytes  5.81 Mbits/sec  1.625 ms  782/1387 (56%)  
[  5] 288.00-289.00 sec   718 KBytes  5.88 Mbits/sec  1.150 ms  1041/1654 (63%)  
[  5] 289.00-290.00 sec   709 KBytes  5.81 Mbits/sec  1.421 ms  887/1492 (59%)  
[  5] 290.00-291.00 sec   589 KBytes  4.83 Mbits/sec  1.200 ms  646/1149 (56%)  
[  5] 291.00-292.00 sec   718 KBytes  5.88 Mbits/sec  1.105 ms  640/1253 (51%)  
[  5] 292.00-293.00 sec   709 KBytes  5.81 Mbits/sec  1.118 ms  724/1329 (54%)  
[  5] 293.00-294.00 sec   709 KBytes  5.81 Mbits/sec  1.137 ms  556/1161 (48%)  
[  5] 294.00-295.00 sec   582 KBytes  4.77 Mbits/sec  1.186 ms  513/1010 (51%)  
[  5] 295.00-296.00 sec   720 KBytes  5.89 Mbits/sec  1.122 ms  582/1196 (49%)  
[  5] 296.00-297.00 sec   687 KBytes  5.63 Mbits/sec  1.166 ms  630/1216 (52%)  
[  5] 297.00-298.00 sec   718 KBytes  5.89 Mbits/sec  1.124 ms  575/1188 (48%)  
[  5] 298.00-299.00 sec   709 KBytes  5.81 Mbits/sec  1.172 ms  548/1153 (48%)  
[  5] 299.00-300.00 sec   720 KBytes  5.90 Mbits/sec  1.278 ms  710/1324 (54%)  
[  5] 300.00-301.00 sec   789 KBytes  6.45 Mbits/sec  1.503 ms  758/1431 (53%)  
[  5] 301.00-302.00 sec   689 KBytes  5.65 Mbits/sec  1.108 ms  671/1259 (53%)  
[  5] 302.00-303.00 sec   620 KBytes  5.07 Mbits/sec  1.136 ms  590/1119 (53%)  
[  5] 303.00-304.00 sec   798 KBytes  6.55 Mbits/sec  1.386 ms  896/1577 (57%)  
[  5] 304.00-305.00 sec   720 KBytes  5.89 Mbits/sec  1.121 ms  669/1283 (52%)  
[  5] 305.00-306.00 sec   708 KBytes  5.79 Mbits/sec  1.204 ms  678/1282 (53%)  
[  5] 306.00-307.00 sec   589 KBytes  4.83 Mbits/sec  1.254 ms  534/1037 (51%)  
[  5] 307.00-308.00 sec   720 KBytes  5.89 Mbits/sec  1.010 ms  623/1237 (50%)  
[  5] 308.00-309.00 sec   741 KBytes  6.07 Mbits/sec  3.036 ms  886/1518 (58%)  
[  5] 309.00-310.00 sec   769 KBytes  6.30 Mbits/sec  1.166 ms  750/1413 (53%)  
[  5] 310.00-311.00 sec   619 KBytes  5.07 Mbits/sec  1.174 ms  570/1098 (52%)  
[  5] 311.00-312.00 sec   679 KBytes  5.56 Mbits/sec  1.158 ms  572/1151 (50%)  
[  5] 312.00-313.00 sec   809 KBytes  6.63 Mbits/sec  1.156 ms  706/1396 (51%)  
[  5] 313.00-314.00 sec   709 KBytes  5.81 Mbits/sec  1.174 ms  569/1174 (48%)  
[  5] 314.00-315.00 sec   720 KBytes  5.90 Mbits/sec  1.068 ms  625/1239 (50%)  
[  5] 315.00-316.00 sec   809 KBytes  6.62 Mbits/sec  1.143 ms  770/1460 (53%)  
[  5] 316.00-317.00 sec   619 KBytes  5.07 Mbits/sec  1.016 ms  511/1039 (49%)  
[  5] 317.00-318.00 sec   709 KBytes  5.80 Mbits/sec  1.005 ms  552/1157 (48%)  
[  5] 318.00-319.00 sec   679 KBytes  5.56 Mbits/sec  1.226 ms  620/1199 (52%)  
[  5] 319.00-320.00 sec   718 KBytes  5.88 Mbits/sec  1.236 ms  766/1379 (56%)  
[  5] 320.00-321.00 sec   710 KBytes  5.82 Mbits/sec  1.121 ms  734/1340 (55%)  
[  5] 321.00-322.00 sec   619 KBytes  5.07 Mbits/sec  0.990 ms  539/1067 (51%)  
[  5] 322.00-323.00 sec   588 KBytes  4.82 Mbits/sec  1.214 ms  499/1001 (50%)  
[  5] 323.00-324.00 sec   620 KBytes  5.08 Mbits/sec  1.155 ms  527/1056 (50%)  
[  5] 324.00-325.00 sec   629 KBytes  5.15 Mbits/sec  1.067 ms  648/1185 (55%)  
[  5] 325.00-326.00 sec   489 KBytes  4.00 Mbits/sec  1.171 ms  422/839 (50%)  
[  5] 326.00-327.00 sec   689 KBytes  5.65 Mbits/sec  1.095 ms  618/1206 (51%)  
[  5] 327.00-328.00 sec   619 KBytes  5.07 Mbits/sec  1.080 ms  525/1053 (50%)  
[  5] 328.00-329.00 sec   627 KBytes  5.13 Mbits/sec  3.030 ms  537/1072 (50%)  
[  5] 329.00-330.00 sec   671 KBytes  5.50 Mbits/sec  1.224 ms  538/1111 (48%)  
[  5] 330.00-331.00 sec   619 KBytes  5.07 Mbits/sec  1.196 ms  533/1061 (50%)  
[  5] 331.00-332.00 sec   711 KBytes  5.82 Mbits/sec  1.171 ms  717/1324 (54%)  
[  5] 332.00-333.00 sec   709 KBytes  5.81 Mbits/sec  1.234 ms  644/1249 (52%)  
[  5] 333.00-334.00 sec   718 KBytes  5.89 Mbits/sec  1.091 ms  692/1305 (53%)  
[  5] 334.00-335.00 sec   668 KBytes  5.47 Mbits/sec  1.072 ms  646/1216 (53%)  
[  5] 335.00-336.00 sec   709 KBytes  5.81 Mbits/sec  1.318 ms  698/1303 (54%)  
[  5] 336.00-337.00 sec   720 KBytes  5.90 Mbits/sec  1.161 ms  790/1404 (56%)  
[  5] 337.00-338.00 sec   709 KBytes  5.81 Mbits/sec  1.215 ms  812/1417 (57%)  
[  5] 338.00-339.00 sec   718 KBytes  5.88 Mbits/sec  1.172 ms  913/1526 (60%)  
[  5] 339.00-340.00 sec   679 KBytes  5.56 Mbits/sec  1.202 ms  1032/1611 (64%)  
[  5] 340.00-341.00 sec   619 KBytes  5.07 Mbits/sec  1.178 ms  640/1168 (55%)  
[  5] 341.00-342.00 sec   634 KBytes  5.19 Mbits/sec  2.618 ms  681/1222 (56%)  
[  5] 342.00-343.00 sec   664 KBytes  5.44 Mbits/sec  1.218 ms  701/1268 (55%)  
[  5] 343.00-344.00 sec   619 KBytes  5.08 Mbits/sec  1.204 ms  716/1244 (58%)  
[  5] 344.00-345.00 sec   589 KBytes  4.83 Mbits/sec  1.246 ms  615/1118 (55%)  
[  5] 345.00-346.00 sec   718 KBytes  5.89 Mbits/sec  1.245 ms  731/1344 (54%)  
[  5] 346.00-347.00 sec   620 KBytes  5.08 Mbits/sec  1.151 ms  637/1166 (55%)  
[  5] 347.00-348.00 sec   679 KBytes  5.56 Mbits/sec  1.173 ms  605/1184 (51%)  
[  5] 348.00-349.00 sec   718 KBytes  5.88 Mbits/sec  1.095 ms  653/1266 (52%)  
[  5] 349.00-350.00 sec   709 KBytes  5.81 Mbits/sec  1.250 ms  630/1235 (51%)  
[  5] 350.00-351.00 sec   718 KBytes  5.88 Mbits/sec  1.164 ms  662/1275 (52%)  
[  5] 351.00-352.00 sec   680 KBytes  5.57 Mbits/sec  1.261 ms  608/1188 (51%)  
[  5] 352.00-353.00 sec   738 KBytes  6.05 Mbits/sec  1.207 ms  672/1302 (52%)  
[  5] 353.00-354.00 sec   589 KBytes  4.83 Mbits/sec  1.184 ms  596/1099 (54%)  
[  5] 354.00-355.00 sec   718 KBytes  5.88 Mbits/sec  1.225 ms  696/1309 (53%)  
[  5] 355.00-356.00 sec   589 KBytes  4.83 Mbits/sec  1.183 ms  562/1065 (53%)  
[  5] 356.00-357.00 sec   620 KBytes  5.08 Mbits/sec  1.398 ms  774/1303 (59%)  
[  5] 357.00-358.00 sec   708 KBytes  5.80 Mbits/sec  1.227 ms  877/1481 (59%)  
[  5] 358.00-359.00 sec   589 KBytes  4.83 Mbits/sec  1.152 ms  651/1154 (56%)  
[  5] 359.00-360.00 sec   716 KBytes  5.87 Mbits/sec  1.175 ms  697/1308 (53%)  
[  5] 360.00-361.00 sec   619 KBytes  5.07 Mbits/sec  1.308 ms  637/1165 (55%)  
[  5] 361.00-362.00 sec   708 KBytes  5.80 Mbits/sec  1.169 ms  742/1346 (55%)  
[  5] 362.00-363.00 sec   689 KBytes  5.65 Mbits/sec  1.134 ms  670/1258 (53%)  
[  5] 363.00-364.00 sec   620 KBytes  5.08 Mbits/sec  1.112 ms  586/1115 (53%)  
[  5] 364.00-365.00 sec   588 KBytes  4.82 Mbits/sec  1.127 ms  535/1037 (52%)  
[  5] 365.00-366.00 sec   696 KBytes  5.71 Mbits/sec  1.169 ms  655/1249 (52%)  
[  5] 366.00-367.00 sec   720 KBytes  5.89 Mbits/sec  1.132 ms  665/1279 (52%)  
[  5] 367.00-368.00 sec   709 KBytes  5.80 Mbits/sec  1.104 ms  680/1285 (53%)  
[  5] 368.00-369.00 sec   709 KBytes  5.82 Mbits/sec  1.163 ms  681/1286 (53%)  
[  5] 369.00-370.00 sec   688 KBytes  5.63 Mbits/sec  1.186 ms  821/1408 (58%)  
[  5] 370.00-371.00 sec   709 KBytes  5.81 Mbits/sec  1.175 ms  856/1461 (59%)  
[  5] 371.00-372.00 sec   619 KBytes  5.07 Mbits/sec  1.131 ms  650/1178 (55%)  
[  5] 372.00-373.00 sec   690 KBytes  5.65 Mbits/sec  1.119 ms  708/1297 (55%)  
[  5] 373.00-374.00 sec   709 KBytes  5.81 Mbits/sec  1.159 ms  678/1283 (53%)  
[  5] 374.00-375.00 sec   708 KBytes  5.80 Mbits/sec  1.236 ms  775/1379 (56%)  
[  5] 375.00-376.00 sec   718 KBytes  5.88 Mbits/sec  1.199 ms  736/1349 (55%)  
[  5] 376.00-377.00 sec   589 KBytes  4.83 Mbits/sec  1.234 ms  572/1075 (53%)  
[  5] 377.00-378.00 sec   710 KBytes  5.82 Mbits/sec  1.200 ms  789/1395 (57%)  
[  5] 378.00-379.00 sec   718 KBytes  5.89 Mbits/sec  1.067 ms  784/1397 (56%)  
[  5] 379.00-380.00 sec   599 KBytes  4.91 Mbits/sec  5.156 ms  564/1075 (52%)  
[  5] 380.00-381.00 sec   696 KBytes  5.70 Mbits/sec  1.196 ms  674/1268 (53%)  
[  5] 381.00-382.00 sec   720 KBytes  5.89 Mbits/sec  1.130 ms  660/1274 (52%)  
[  5] 382.00-383.00 sec   709 KBytes  5.81 Mbits/sec  1.149 ms  675/1280 (53%)  
[  5] 383.00-384.00 sec   709 KBytes  5.80 Mbits/sec  1.126 ms  672/1277 (53%)  
[  5] 384.00-385.00 sec   688 KBytes  5.64 Mbits/sec  1.078 ms  635/1222 (52%)  
[  5] 385.00-386.00 sec   709 KBytes  5.81 Mbits/sec  1.161 ms  680/1285 (53%)  
[  5] 386.00-387.00 sec   638 KBytes  5.22 Mbits/sec  3.803 ms  614/1158 (53%)  
[  5] 387.00-388.00 sec   786 KBytes  6.44 Mbits/sec  1.369 ms  760/1431 (53%)  
[  5] 388.00-389.00 sec   589 KBytes  4.83 Mbits/sec  1.181 ms  583/1089 (54%)  
[  5] 389.00-390.00 sec   709 KBytes  5.81 Mbits/sec  1.245 ms  702/1307 (54%)  
[  5] 390.00-391.00 sec   718 KBytes  5.89 Mbits/sec  1.096 ms  716/1329 (54%)  
[  5] 391.00-392.00 sec   709 KBytes  5.80 Mbits/sec  1.118 ms  683/1288 (53%)  
[  5] 392.00-393.00 sec   709 KBytes  5.81 Mbits/sec  1.191 ms  685/1290 (53%)  
[  5] 393.00-394.00 sec   690 KBytes  5.65 Mbits/sec  1.139 ms  696/1285 (54%)  
[  5] 394.00-395.00 sec   558 KBytes  4.57 Mbits/sec  3.033 ms  513/989 (52%)  
[  5] 395.00-396.00 sec   649 KBytes  5.32 Mbits/sec  1.178 ms  625/1179 (53%)  
[  5] 396.00-397.00 sec   527 KBytes  4.32 Mbits/sec  1.053 ms  506/956 (53%)  
[  5] 397.00-398.00 sec   589 KBytes  4.83 Mbits/sec  1.066 ms  561/1064 (53%)  
[  5] 398.00-399.00 sec   518 KBytes  4.24 Mbits/sec  1.187 ms  491/933 (53%)  
[  5] 399.00-400.00 sec   500 KBytes  4.10 Mbits/sec  1.186 ms  460/887 (52%)  
[  5] 400.00-401.00 sec   596 KBytes  4.89 Mbits/sec  1.180 ms  615/1124 (55%)  
[  5] 401.00-402.00 sec   500 KBytes  4.09 Mbits/sec  1.352 ms  482/909 (53%)  
[  5] 402.00-403.00 sec   529 KBytes  4.34 Mbits/sec  1.094 ms  508/959 (53%)  
[  5] 403.00-404.00 sec   489 KBytes  4.00 Mbits/sec  1.130 ms  443/860 (52%)  
[  5] 404.00-405.00 sec   500 KBytes  4.10 Mbits/sec  1.220 ms  480/907 (53%)  
[  5] 405.00-406.00 sec   489 KBytes  4.00 Mbits/sec  1.087 ms  496/913 (54%)  
[  5] 406.00-407.00 sec   517 KBytes  4.24 Mbits/sec  1.141 ms  518/959 (54%)  
[  5] 407.00-408.00 sec   580 KBytes  4.75 Mbits/sec  1.161 ms  521/1016 (51%)  
[  5] 408.00-409.00 sec   409 KBytes  3.35 Mbits/sec  1.249 ms  394/743 (53%)  
[  5] 409.00-410.00 sec   619 KBytes  5.06 Mbits/sec  1.222 ms  597/1125 (53%)  
[  5] 410.00-411.00 sec   388 KBytes  3.18 Mbits/sec  1.204 ms  396/727 (54%)  
[  5] 411.00-412.00 sec   619 KBytes  5.07 Mbits/sec  1.253 ms  618/1146 (54%)  
[  5] 412.00-413.00 sec   589 KBytes  4.83 Mbits/sec  1.233 ms  704/1207 (58%)  
[  5] 413.00-414.00 sec   619 KBytes  5.07 Mbits/sec  1.292 ms  740/1268 (58%)  
[  5] 414.00-415.00 sec   499 KBytes  4.09 Mbits/sec  1.677 ms  661/1087 (61%)  
[  5] 415.00-416.00 sec   619 KBytes  5.07 Mbits/sec  1.212 ms  909/1437 (63%)  
[  5] 416.00-417.00 sec   589 KBytes  4.83 Mbits/sec  1.399 ms  944/1447 (65%)  
