[m46mr3_sla_seed266] talking to gNB E2 agent (listen=6600, gNB=6655)...

Omega log: /home/kmanojp/oranslice_rig/experiments/results/m47_2_2/sla/seed266/omega_log.jsonl
{
  "run_id": "m46mr3_sla_seed266",
  "algorithm": "dqn",
  "mode": "live_testbed",
  "seed": 1074,
  "n_episodes": 1,
  "mean_reward_per_step": -7.941166666666665,
  "mean_blocks_per_episode": 0.0,
  "mean_urllc_blocks_per_episode": 0.0,
  "blocks_per_episode": [
    0
  ],
  "blocks_per_episode_by_slice": [
    {}
  ],
  "mean_rho": null,
  "omega_path": "/home/kmanojp/oranslice_rig/experiments/results/m47_2_2/sla/seed266/omega_log.jsonl",
  "checkpoint_path": "",
  "drift_flag": false,
  "drift_reason": "",
  "sla_compliance_by_slice": {
    "embb": 0.0,
    "urllc": 0.0,
    "mmtc": 1.0
  },
  "sla_compliance_all_slices": 0.0,
  "sla_compliance_by_slice_per_episode": [
    {
      "embb": 0.0,
      "urllc": 0.0,
      "mmtc": 1.0
    }
  ],
  "sla_margin_by_slice": {
    "embb": -9584.23535,
    "urllc": -6959.889983333333,
    "mmtc": 0.9961999989921719
  },
  "sla_margin_by_slice_per_episode": [
    {
      "embb": -9584.23535,
      "urllc": -6959.889983333333,
      "mmtc": 0.9961999989921719
    }
  ],
  "mean_mos_by_slice": {
    "embb": 1.4228998661041259,
    "urllc": 1.013441135485967,
    "mmtc": 4.94093283812205
  },
  "mean_cost": 0.4596666666666668,
  "mean_sla_viol": 0.9865222222222222
}
