[m46mr3_sla_seed267] talking to gNB E2 agent (listen=6600, gNB=6655)...

Omega log: /home/kmanojp/oranslice_rig/experiments/results/m47_2_2/sla/seed267/omega_log.jsonl
{
  "run_id": "m46mr3_sla_seed267",
  "algorithm": "dqn",
  "mode": "live_testbed",
  "seed": 1075,
  "n_episodes": 1,
  "mean_reward_per_step": -7.459500000000001,
  "mean_blocks_per_episode": 0.0,
  "mean_urllc_blocks_per_episode": 0.0,
  "blocks_per_episode": [
    0
  ],
  "blocks_per_episode_by_slice": [
    {}
  ],
  "mean_rho": null,
  "omega_path": "/home/kmanojp/oranslice_rig/experiments/results/m47_2_2/sla/seed267/omega_log.jsonl",
  "checkpoint_path": "",
  "drift_flag": false,
  "drift_reason": "",
  "sla_compliance_by_slice": {
    "embb": 0.0,
    "urllc": 0.0,
    "mmtc": 1.0
  },
  "sla_compliance_all_slices": 0.0,
  "sla_compliance_by_slice_per_episode": [
    {
      "embb": 0.0,
      "urllc": 0.0,
      "mmtc": 1.0
    }
  ],
  "sla_margin_by_slice": {
    "embb": -9570.704783333333,
    "urllc": -5765.746650000001,
    "mmtc": 0.9980999988996221
  },
  "sla_margin_by_slice_per_episode": [
    {
      "embb": -9570.704783333333,
      "urllc": -5765.746650000001,
      "mmtc": 0.9980999988996221
    }
  ],
  "mean_mos_by_slice": {
    "embb": 1.4274348100026448,
    "urllc": 1.0,
    "mmtc": 4.942145880063375
  },
  "mean_cost": 0.4663333333333334,
  "mean_sla_viol": 1.0
}
