[m46mr3_qoe_seed267] talking to gNB E2 agent (listen=6600, gNB=6655)...

Omega log: /home/kmanojp/oranslice_rig/experiments/results/m47_2_2/qoe/seed267/omega_log.jsonl
{
  "run_id": "m46mr3_qoe_seed267",
  "algorithm": "dqn",
  "mode": "live_testbed",
  "seed": 975,
  "n_episodes": 1,
  "mean_reward_per_step": -0.12598661093976762,
  "mean_blocks_per_episode": 122.0,
  "mean_urllc_blocks_per_episode": 41.0,
  "blocks_per_episode": [
    122
  ],
  "blocks_per_episode_by_slice": [
    {
      "mmtc": 50,
      "urllc": 41,
      "embb": 31
    }
  ],
  "mean_rho": null,
  "omega_path": "/home/kmanojp/oranslice_rig/experiments/results/m47_2_2/qoe/seed267/omega_log.jsonl",
  "checkpoint_path": "",
  "drift_flag": true,
  "drift_reason": "mean URLLC block rate 41.00/episode exceeds 2x the 1.0/episode acceptance bar",
  "sla_compliance_by_slice": {
    "embb": 0.0,
    "urllc": 0.016666666666666666,
    "mmtc": 1.0
  },
  "sla_compliance_all_slices": 0.0,
  "sla_compliance_by_slice_per_episode": [
    {
      "embb": 0.0,
      "urllc": 0.016666666666666666,
      "mmtc": 1.0
    }
  ],
  "sla_margin_by_slice": {
    "embb": -9580.689250000003,
    "urllc": -8510.888366666664,
    "mmtc": 0.9824166665542798
  },
  "sla_margin_by_slice_per_episode": [
    {
      "embb": -9580.689250000003,
      "urllc": -8510.888366666664,
      "mmtc": 0.9824166665542798
    }
  ],
  "mean_mos_by_slice": {
    "embb": 1.4201847910881042,
    "urllc": 1.0433176040649415,
    "mmtc": 4.932458273569742
  },
  "mean_cost": 0.0,
  "mean_sla_viol": 0.9846333333333334
}
