[m46mr3_sla_seed265] talking to gNB E2 agent (listen=6600, gNB=6655)...

Omega log: /home/kmanojp/oranslice_rig/experiments/results/m47_2_2/sla/seed265/omega_log.jsonl
{
  "run_id": "m46mr3_sla_seed265",
  "algorithm": "dqn",
  "mode": "live_testbed",
  "seed": 1073,
  "n_episodes": 1,
  "mean_reward_per_step": -7.933166666666667,
  "mean_blocks_per_episode": 48.0,
  "mean_urllc_blocks_per_episode": 0.0,
  "blocks_per_episode": [
    48
  ],
  "blocks_per_episode_by_slice": [
    {
      "mmtc": 48
    }
  ],
  "mean_rho": null,
  "omega_path": "/home/kmanojp/oranslice_rig/experiments/results/m47_2_2/sla/seed265/omega_log.jsonl",
  "checkpoint_path": "",
  "drift_flag": false,
  "drift_reason": "",
  "sla_compliance_by_slice": {
    "embb": 0.016666666666666666,
    "urllc": 0.016666666666666666,
    "mmtc": 1.0
  },
  "sla_compliance_all_slices": 0.016666666666666666,
  "sla_compliance_by_slice_per_episode": [
    {
      "embb": 0.016666666666666666,
      "urllc": 0.016666666666666666,
      "mmtc": 1.0
    }
  ],
  "sla_margin_by_slice": {
    "embb": -9583.61391666667,
    "urllc": -6953.113950000027,
    "mmtc": 0.9999499987890317
  },
  "sla_margin_by_slice_per_episode": [
    {
      "embb": -9583.61391666667,
      "urllc": -6953.113950000027,
      "mmtc": 0.9999499987890317
    }
  ],
  "mean_mos_by_slice": {
    "embb": 1.427422006924947,
    "urllc": 1.0663232247034709,
    "mmtc": 4.943320727348327
  },
  "mean_cost": 0.2776666666666668,
  "mean_sla_viol": 0.9833333333333333
}
