[m46mr3_qoe_seed261] talking to gNB E2 agent (listen=6600, gNB=6655)...

Omega log: /home/kmanojp/oranslice_rig/experiments/results/m47_2_2/qoe/seed261/omega_log.jsonl
{
  "run_id": "m46mr3_qoe_seed261",
  "algorithm": "dqn",
  "mode": "live_testbed",
  "seed": 969,
  "n_episodes": 1,
  "mean_reward_per_step": -0.18309676436053385,
  "mean_blocks_per_episode": 44.0,
  "mean_urllc_blocks_per_episode": 3.0,
  "blocks_per_episode": [
    44
  ],
  "blocks_per_episode_by_slice": [
    {
      "mmtc": 41,
      "urllc": 3
    }
  ],
  "mean_rho": null,
  "omega_path": "/home/kmanojp/oranslice_rig/experiments/results/m47_2_2/qoe/seed261/omega_log.jsonl",
  "checkpoint_path": "",
  "drift_flag": true,
  "drift_reason": "mean URLLC block rate 3.00/episode exceeds 2x the 1.0/episode acceptance bar",
  "sla_compliance_by_slice": {
    "embb": 0.0,
    "urllc": 0.05,
    "mmtc": 1.0
  },
  "sla_compliance_all_slices": 0.0,
  "sla_compliance_by_slice_per_episode": [
    {
      "embb": 0.0,
      "urllc": 0.05,
      "mmtc": 1.0
    }
  ],
  "sla_margin_by_slice": {
    "embb": -9574.521416666668,
    "urllc": -104.71074999999998,
    "mmtc": 0.996199999309142
  },
  "sla_margin_by_slice_per_episode": [
    {
      "embb": -9574.521416666668,
      "urllc": -104.71074999999998,
      "mmtc": 0.996199999309142
    }
  ],
  "mean_mos_by_slice": {
    "embb": 1.4354936480522156,
    "urllc": 1.183906094233195,
    "mmtc": 4.941039085388184
  },
  "mean_cost": 0.31566666666666676,
  "mean_sla_viol": 1.0
}
