[m46mr3_qoe_seed265] talking to gNB E2 agent (listen=6600, gNB=6655)...

Omega log: /home/kmanojp/oranslice_rig/experiments/results/m47_2_2/qoe/seed265/omega_log.jsonl
{
  "run_id": "m46mr3_qoe_seed265",
  "algorithm": "dqn",
  "mode": "live_testbed",
  "seed": 973,
  "n_episodes": 1,
  "mean_reward_per_step": -0.16721095007790462,
  "mean_blocks_per_episode": 76.0,
  "mean_urllc_blocks_per_episode": 43.0,
  "blocks_per_episode": [
    76
  ],
  "blocks_per_episode_by_slice": [
    {
      "mmtc": 33,
      "urllc": 43
    }
  ],
  "mean_rho": null,
  "omega_path": "/home/kmanojp/oranslice_rig/experiments/results/m47_2_2/qoe/seed265/omega_log.jsonl",
  "checkpoint_path": "",
  "drift_flag": true,
  "drift_reason": "mean URLLC block rate 43.00/episode exceeds 2x the 1.0/episode acceptance bar",
  "sla_compliance_by_slice": {
    "embb": 0.0,
    "urllc": 0.0,
    "mmtc": 1.0
  },
  "sla_compliance_all_slices": 0.0,
  "sla_compliance_by_slice_per_episode": [
    {
      "embb": 0.0,
      "urllc": 0.0,
      "mmtc": 1.0
    }
  ],
  "sla_margin_by_slice": {
    "embb": -9560.411916666666,
    "urllc": -9024.810816666668,
    "mmtc": 0.9980999984598399
  },
  "sla_margin_by_slice_per_episode": [
    {
      "embb": -9560.411916666666,
      "urllc": -9024.810816666668,
      "mmtc": 0.9980999984598399
    }
  ],
  "mean_mos_by_slice": {
    "embb": 1.434922711054484,
    "urllc": 1.0,
    "mmtc": 4.942145888010661
  },
  "mean_cost": 0.15983333333333333,
  "mean_sla_viol": 1.0
}
