[m46mr3_qoe_seed266] talking to gNB E2 agent (listen=6600, gNB=6655)...

Omega log: /home/kmanojp/oranslice_rig/experiments/results/m47_2_2/qoe/seed266/omega_log.jsonl
{
  "run_id": "m46mr3_qoe_seed266",
  "algorithm": "dqn",
  "mode": "live_testbed",
  "seed": 974,
  "n_episodes": 1,
  "mean_reward_per_step": -0.13298251131110722,
  "mean_blocks_per_episode": 122.0,
  "mean_urllc_blocks_per_episode": 44.0,
  "blocks_per_episode": [
    122
  ],
  "blocks_per_episode_by_slice": [
    {
      "mmtc": 35,
      "urllc": 44,
      "embb": 43
    }
  ],
  "mean_rho": null,
  "omega_path": "/home/kmanojp/oranslice_rig/experiments/results/m47_2_2/qoe/seed266/omega_log.jsonl",
  "checkpoint_path": "",
  "drift_flag": true,
  "drift_reason": "mean URLLC block rate 44.00/episode exceeds 2x the 1.0/episode acceptance bar",
  "sla_compliance_by_slice": {
    "embb": 0.016666666666666666,
    "urllc": 0.0,
    "mmtc": 1.0
  },
  "sla_compliance_all_slices": 0.0,
  "sla_compliance_by_slice_per_episode": [
    {
      "embb": 0.016666666666666666,
      "urllc": 0.0,
      "mmtc": 1.0
    }
  ],
  "sla_margin_by_slice": {
    "embb": -9601.453266666667,
    "urllc": -8993.721716666669,
    "mmtc": 0.9942999978365845
  },
  "sla_margin_by_slice_per_episode": [
    {
      "embb": -9601.453266666667,
      "urllc": -8993.721716666669,
      "mmtc": 0.9942999978365845
    }
  ],
  "mean_mos_by_slice": {
    "embb": 1.415913196404775,
    "urllc": 1.0,
    "mmtc": 4.939830001195272
  },
  "mean_cost": 0.0,
  "mean_sla_viol": 0.9919222222222221
}
