[m46mr3_qoe_seed262] talking to gNB E2 agent (listen=6600, gNB=6655)...

Omega log: /home/kmanojp/oranslice_rig/experiments/results/m47_2_2/qoe/seed262/omega_log.jsonl
{
  "run_id": "m46mr3_qoe_seed262",
  "algorithm": "dqn",
  "mode": "live_testbed",
  "seed": 970,
  "n_episodes": 1,
  "mean_reward_per_step": -0.1323028516438272,
  "mean_blocks_per_episode": 122.0,
  "mean_urllc_blocks_per_episode": 36.0,
  "blocks_per_episode": [
    122
  ],
  "blocks_per_episode_by_slice": [
    {
      "mmtc": 48,
      "urllc": 36,
      "embb": 38
    }
  ],
  "mean_rho": null,
  "omega_path": "/home/kmanojp/oranslice_rig/experiments/results/m47_2_2/qoe/seed262/omega_log.jsonl",
  "checkpoint_path": "",
  "drift_flag": true,
  "drift_reason": "mean URLLC block rate 36.00/episode exceeds 2x the 1.0/episode acceptance bar",
  "sla_compliance_by_slice": {
    "embb": 0.0,
    "urllc": 0.016666666666666666,
    "mmtc": 1.0
  },
  "sla_compliance_all_slices": 0.0,
  "sla_compliance_by_slice_per_episode": [
    {
      "embb": 0.0,
      "urllc": 0.016666666666666666,
      "mmtc": 1.0
    }
  ],
  "sla_margin_by_slice": {
    "embb": -9602.0179,
    "urllc": -9013.018633333333,
    "mmtc": 0.9961999992806675
  },
  "sla_margin_by_slice_per_episode": [
    {
      "embb": -9602.0179,
      "urllc": -9013.018633333333,
      "mmtc": 0.9961999992806675
    }
  ],
  "mean_mos_by_slice": {
    "embb": 1.4221916536490122,
    "urllc": 1.049241264661153,
    "mmtc": 4.9409328619639075
  },
  "mean_cost": 0.0,
  "mean_sla_viol": 1.0
}
