[m46mr3_sla_seed263] talking to gNB E2 agent (listen=6600, gNB=6655)...

Omega log: /home/kmanojp/oranslice_rig/experiments/results/m47_2_2/sla/seed263/omega_log.jsonl
{
  "run_id": "m46mr3_sla_seed263",
  "algorithm": "dqn",
  "mode": "live_testbed",
  "seed": 1071,
  "n_episodes": 1,
  "mean_reward_per_step": -7.125166666666668,
  "mean_blocks_per_episode": 0.0,
  "mean_urllc_blocks_per_episode": 0.0,
  "blocks_per_episode": [
    0
  ],
  "blocks_per_episode_by_slice": [
    {}
  ],
  "mean_rho": null,
  "omega_path": "/home/kmanojp/oranslice_rig/experiments/results/m47_2_2/sla/seed263/omega_log.jsonl",
  "checkpoint_path": "",
  "drift_flag": false,
  "drift_reason": "",
  "sla_compliance_by_slice": {
    "embb": 0.0,
    "urllc": 0.0,
    "mmtc": 1.0
  },
  "sla_compliance_all_slices": 0.0,
  "sla_compliance_by_slice_per_episode": [
    {
      "embb": 0.0,
      "urllc": 0.0,
      "mmtc": 1.0
    }
  ],
  "sla_margin_by_slice": {
    "embb": -9581.496883333331,
    "urllc": -7703.511199999998,
    "mmtc": 0.9923999985397057
  },
  "sla_margin_by_slice_per_episode": [
    {
      "embb": -9581.496883333331,
      "urllc": -7703.511199999998,
      "mmtc": 0.9923999985397057
    }
  ],
  "mean_mos_by_slice": {
    "embb": 1.427001800139745,
    "urllc": 1.0,
    "mmtc": 4.938525549570719
  },
  "mean_cost": 0.4756666666666668,
  "mean_sla_viol": 1.0
}
