[m46mr3_sla_seed264] talking to gNB E2 agent (listen=6600, gNB=6655)...

Omega log: /home/kmanojp/oranslice_rig/experiments/results/m47_2_2/sla/seed264/omega_log.jsonl
{
  "run_id": "m46mr3_sla_seed264",
  "algorithm": "dqn",
  "mode": "live_testbed",
  "seed": 1072,
  "n_episodes": 1,
  "mean_reward_per_step": -8.395333333333333,
  "mean_blocks_per_episode": 0.0,
  "mean_urllc_blocks_per_episode": 0.0,
  "blocks_per_episode": [
    0
  ],
  "blocks_per_episode_by_slice": [
    {}
  ],
  "mean_rho": null,
  "omega_path": "/home/kmanojp/oranslice_rig/experiments/results/m47_2_2/sla/seed264/omega_log.jsonl",
  "checkpoint_path": "",
  "drift_flag": false,
  "drift_reason": "",
  "sla_compliance_by_slice": {
    "embb": 0.016666666666666666,
    "urllc": 0.0,
    "mmtc": 1.0
  },
  "sla_compliance_all_slices": 0.0,
  "sla_compliance_by_slice_per_episode": [
    {
      "embb": 0.016666666666666666,
      "urllc": 0.0,
      "mmtc": 1.0
    }
  ],
  "sla_margin_by_slice": {
    "embb": -9554.2674,
    "urllc": -6664.77365,
    "mmtc": 0.9923999988990378
  },
  "sla_margin_by_slice_per_episode": [
    {
      "embb": -9554.2674,
      "urllc": -6664.77365,
      "mmtc": 0.9923999988990378
    }
  ],
  "mean_mos_by_slice": {
    "embb": 1.42881174882253,
    "urllc": 1.004568306605021,
    "mmtc": 4.9385249773661295
  },
  "mean_cost": 0.48133333333333345,
  "mean_sla_viol": 0.9867111111111111
}
