[m46mr3_qoe_seed264] talking to gNB E2 agent (listen=6600, gNB=6655)...

Omega log: /home/kmanojp/oranslice_rig/experiments/results/m47_2_2/qoe/seed264/omega_log.jsonl
{
  "run_id": "m46mr3_qoe_seed264",
  "algorithm": "dqn",
  "mode": "live_testbed",
  "seed": 972,
  "n_episodes": 1,
  "mean_reward_per_step": -0.16508838448524474,
  "mean_blocks_per_episode": 79.0,
  "mean_urllc_blocks_per_episode": 33.0,
  "blocks_per_episode": [
    79
  ],
  "blocks_per_episode_by_slice": [
    {
      "mmtc": 46,
      "urllc": 33
    }
  ],
  "mean_rho": null,
  "omega_path": "/home/kmanojp/oranslice_rig/experiments/results/m47_2_2/qoe/seed264/omega_log.jsonl",
  "checkpoint_path": "",
  "drift_flag": true,
  "drift_reason": "mean URLLC block rate 33.00/episode exceeds 2x the 1.0/episode acceptance bar",
  "sla_compliance_by_slice": {
    "embb": 0.0,
    "urllc": 0.0,
    "mmtc": 1.0
  },
  "sla_compliance_all_slices": 0.0,
  "sla_compliance_by_slice_per_episode": [
    {
      "embb": 0.0,
      "urllc": 0.0,
      "mmtc": 1.0
    }
  ],
  "sla_margin_by_slice": {
    "embb": -9584.608650000002,
    "urllc": -9122.532800000003,
    "mmtc": 0.9980999988699265
  },
  "sla_margin_by_slice_per_episode": [
    {
      "embb": -9584.608650000002,
      "urllc": -9122.532800000003,
      "mmtc": 0.9980999988699265
    }
  ],
  "mean_mos_by_slice": {
    "embb": 1.4259935061136881,
    "urllc": 1.0,
    "mmtc": 4.942145880063375
  },
  "mean_cost": 0.14550000000000002,
  "mean_sla_viol": 1.0
}
