[m46mr3_sla_seed261] talking to gNB E2 agent (listen=6600, gNB=6655)...

Omega log: /home/kmanojp/oranslice_rig/experiments/results/m47_2_2/sla/seed261/omega_log.jsonl
{
  "run_id": "m46mr3_sla_seed261",
  "algorithm": "dqn",
  "mode": "live_testbed",
  "seed": 1069,
  "n_episodes": 1,
  "mean_reward_per_step": -6.664416666666667,
  "mean_blocks_per_episode": 2.0,
  "mean_urllc_blocks_per_episode": 0.0,
  "blocks_per_episode": [
    2
  ],
  "blocks_per_episode_by_slice": [
    {
      "mmtc": 2
    }
  ],
  "mean_rho": null,
  "omega_path": "/home/kmanojp/oranslice_rig/experiments/results/m47_2_2/sla/seed261/omega_log.jsonl",
  "checkpoint_path": "",
  "drift_flag": false,
  "drift_reason": "",
  "sla_compliance_by_slice": {
    "embb": 0.0,
    "urllc": 0.11666666666666667,
    "mmtc": 1.0
  },
  "sla_compliance_all_slices": 0.0,
  "sla_compliance_by_slice_per_episode": [
    {
      "embb": 0.0,
      "urllc": 0.11666666666666667,
      "mmtc": 1.0
    }
  ],
  "sla_margin_by_slice": {
    "embb": -9549.272649999995,
    "urllc": -3524.39755,
    "mmtc": 0.9980999999132772
  },
  "sla_margin_by_slice_per_episode": [
    {
      "embb": -9549.272649999995,
      "urllc": -3524.39755,
      "mmtc": 0.9980999999132772
    }
  ],
  "mean_mos_by_slice": {
    "embb": 1.4346619208653768,
    "urllc": 1.401815382639567,
    "mmtc": 4.942145895957947
  },
  "mean_cost": 0.4518333333333334,
  "mean_sla_viol": 1.0
}
