Connecting to host 172.22.0.50, port 5201
Reverse mode, remote host 172.22.0.50 is sending
[  5] local 192.168.100.2 port 38853 connected to 172.22.0.50 port 5201
[ ID] Interval           Transfer     Bitrate         Jitter    Lost/Total Datagrams
[  5]   0.00-1.00   sec  1.43 MBytes  12.0 Mbits/sec  0.917 ms  0/1252 (0%)  
[  5]   1.00-2.00   sec  1.43 MBytes  12.0 Mbits/sec  1.151 ms  0/1247 (0%)  
[  5]   2.00-3.00   sec  1.44 MBytes  12.0 Mbits/sec  1.131 ms  0/1256 (0%)  
[  5]   3.00-4.00   sec  1.43 MBytes  12.0 Mbits/sec  0.927 ms  0/1249 (0%)  
[  5]   4.00-5.00   sec  1.43 MBytes  12.0 Mbits/sec  0.996 ms  0/1251 (0%)  
[  5]   5.00-6.00   sec  1.42 MBytes  12.0 Mbits/sec  0.810 ms  0/1243 (0%)  
[  5]   6.00-7.00   sec  1.43 MBytes  12.0 Mbits/sec  0.994 ms  0/1253 (0%)  
[  5]   7.00-8.00   sec  1.43 MBytes  12.0 Mbits/sec  1.086 ms  0/1250 (0%)  
[  5]   8.00-9.00   sec  1.43 MBytes  12.0 Mbits/sec  0.948 ms  0/1253 (0%)  
[  5]   9.00-10.00  sec  1.43 MBytes  12.0 Mbits/sec  0.966 ms  0/1250 (0%)  
[  5]  10.00-11.00  sec  1.42 MBytes  11.9 Mbits/sec  0.957 ms  0/1240 (0%)  
[  5]  11.00-12.00  sec  1.44 MBytes  12.1 Mbits/sec  0.948 ms  0/1258 (0%)  
[  5]  12.00-13.00  sec  1.43 MBytes  12.0 Mbits/sec  0.984 ms  0/1250 (0%)  
[  5]  13.00-14.00  sec  1.43 MBytes  12.0 Mbits/sec  0.873 ms  0/1251 (0%)  
[  5]  14.00-15.00  sec  1.43 MBytes  12.0 Mbits/sec  1.095 ms  0/1246 (0%)  
[  5]  15.00-16.00  sec  1.43 MBytes  12.0 Mbits/sec  0.953 ms  0/1250 (0%)  
[  5]  16.00-17.00  sec   766 KBytes  6.29 Mbits/sec  2.287 ms  0/654 (0%)  
[  5]  17.00-18.00  sec   409 KBytes  3.35 Mbits/sec  2.370 ms  0/349 (0%)  
[  5]  18.00-19.00  sec   449 KBytes  3.68 Mbits/sec  2.290 ms  0/383 (0%)  
[  5]  19.00-20.00  sec   422 KBytes  3.46 Mbits/sec  2.525 ms  0/360 (0%)  
[  5]  20.00-21.00  sec   437 KBytes  3.58 Mbits/sec  2.201 ms  0/373 (0%)  
[  5]  21.00-22.00  sec   452 KBytes  3.71 Mbits/sec  2.058 ms  0/386 (0%)  
[  5]  22.00-23.00  sec   477 KBytes  3.91 Mbits/sec  1.985 ms  0/407 (0%)  
[  5]  23.00-24.00  sec   485 KBytes  3.97 Mbits/sec  1.780 ms  0/414 (0%)  
[  5]  24.00-25.00  sec   465 KBytes  3.81 Mbits/sec  1.918 ms  0/397 (0%)  
[  5]  25.00-26.00  sec   446 KBytes  3.66 Mbits/sec  3.565 ms  0/381 (0%)  
[  5]  26.00-27.00  sec   537 KBytes  4.40 Mbits/sec  1.287 ms  0/458 (0%)  
[  5]  27.00-28.00  sec   573 KBytes  4.69 Mbits/sec  1.989 ms  0/489 (0%)  
[  5]  28.00-29.00  sec   571 KBytes  4.68 Mbits/sec  1.629 ms  0/487 (0%)  
[  5]  29.00-30.00  sec   570 KBytes  4.67 Mbits/sec  2.031 ms  0/486 (0%)  
[  5]  30.00-31.00  sec   655 KBytes  5.37 Mbits/sec  1.276 ms  0/559 (0%)  
[  5]  31.00-32.00  sec   674 KBytes  5.52 Mbits/sec  1.333 ms  0/575 (0%)  
[  5]  32.00-33.00  sec   683 KBytes  5.60 Mbits/sec  1.651 ms  0/583 (0%)  
[  5]  33.00-34.00  sec   663 KBytes  5.43 Mbits/sec  1.359 ms  0/566 (0%)  
[  5]  34.00-35.00  sec   615 KBytes  5.04 Mbits/sec  1.574 ms  0/525 (0%)  
[  5]  35.00-36.00  sec   670 KBytes  5.49 Mbits/sec  1.576 ms  0/572 (0%)  
[  5]  36.00-37.00  sec   559 KBytes  4.57 Mbits/sec  1.859 ms  0/477 (0%)  
[  5]  37.00-38.00  sec   587 KBytes  4.82 Mbits/sec  1.506 ms  0/501 (0%)  
[  5]  38.00-39.00  sec   650 KBytes  5.33 Mbits/sec  1.499 ms  0/555 (0%)  
[  5]  39.00-40.00  sec   667 KBytes  5.46 Mbits/sec  1.752 ms  0/569 (0%)  
[  5]  40.00-41.00  sec   648 KBytes  5.31 Mbits/sec  1.496 ms  0/553 (0%)  
[  5]  41.00-42.00  sec   489 KBytes  4.00 Mbits/sec  1.330 ms  811/1228 (66%)  
[  5]  42.00-43.00  sec   589 KBytes  4.83 Mbits/sec  1.189 ms  694/1197 (58%)  
[  5]  43.00-44.00  sec   608 KBytes  4.98 Mbits/sec  1.333 ms  906/1425 (64%)  
[  5]  44.00-45.00  sec   499 KBytes  4.09 Mbits/sec  1.371 ms  670/1096 (61%)  
[  5]  45.00-46.00  sec   619 KBytes  5.07 Mbits/sec  1.165 ms  728/1256 (58%)  
[  5]  46.00-47.00  sec   677 KBytes  5.54 Mbits/sec  1.108 ms  710/1288 (55%)  
[  5]  47.00-48.00  sec   619 KBytes  5.08 Mbits/sec  1.134 ms  574/1102 (52%)  
[  5]  48.00-49.00  sec   620 KBytes  5.08 Mbits/sec  1.167 ms  644/1173 (55%)  
[  5]  49.00-50.00  sec   702 KBytes  5.75 Mbits/sec  1.224 ms  755/1354 (56%)  
[  5]  50.00-51.00  sec   478 KBytes  3.92 Mbits/sec  1.163 ms  593/1001 (59%)  
[  5]  51.00-52.00  sec   708 KBytes  5.80 Mbits/sec  1.334 ms  815/1419 (57%)  
[  5]  52.00-53.00  sec   578 KBytes  4.73 Mbits/sec  1.340 ms  801/1294 (62%)  
[  5]  53.00-54.00  sec   619 KBytes  5.07 Mbits/sec  1.236 ms  732/1260 (58%)  
[  5]  54.00-55.00  sec   589 KBytes  4.83 Mbits/sec  1.172 ms  590/1093 (54%)  
[  5]  55.00-56.00  sec   718 KBytes  5.89 Mbits/sec  1.177 ms  774/1387 (56%)  
[  5]  56.00-57.00  sec   620 KBytes  5.08 Mbits/sec  1.250 ms  669/1198 (56%)  
[  5]  57.00-58.00  sec   588 KBytes  4.82 Mbits/sec  1.384 ms  759/1261 (60%)  
[  5]  58.00-59.00  sec   607 KBytes  4.97 Mbits/sec  1.715 ms  731/1249 (59%)  
[  5]  59.00-60.00  sec   499 KBytes  4.09 Mbits/sec  1.262 ms  654/1080 (61%)  
[  5]  60.00-61.00  sec   709 KBytes  5.81 Mbits/sec  1.312 ms  910/1515 (60%)  
[  5]  61.00-62.00  sec   709 KBytes  5.81 Mbits/sec  1.254 ms  824/1429 (58%)  
[  5]  62.00-63.00  sec   697 KBytes  5.71 Mbits/sec  1.295 ms  825/1420 (58%)  
[  5]  63.00-64.00  sec   696 KBytes  5.70 Mbits/sec  1.168 ms  794/1388 (57%)  
[  5]  64.00-65.00  sec   688 KBytes  5.63 Mbits/sec  1.164 ms  758/1345 (56%)  
[  5]  65.00-66.00  sec   709 KBytes  5.81 Mbits/sec  1.276 ms  899/1504 (60%)  
[  5]  66.00-67.00  sec   718 KBytes  5.89 Mbits/sec  1.273 ms  790/1403 (56%)  
[  5]  67.00-68.00  sec   710 KBytes  5.81 Mbits/sec  1.203 ms  788/1394 (57%)  
[  5]  68.00-69.00  sec   708 KBytes  5.80 Mbits/sec  1.268 ms  799/1403 (57%)  
[  5]  69.00-70.00  sec   673 KBytes  5.51 Mbits/sec  1.097 ms  779/1353 (58%)  
[  5]  70.00-71.00  sec   709 KBytes  5.81 Mbits/sec  1.767 ms  747/1352 (55%)  
[  5]  71.00-72.00  sec   606 KBytes  4.96 Mbits/sec  1.561 ms  727/1244 (58%)  
[  5]  72.00-73.00  sec   591 KBytes  4.84 Mbits/sec  1.399 ms  702/1206 (58%)  
[  5]  73.00-74.00  sec   618 KBytes  5.06 Mbits/sec  1.448 ms  927/1454 (64%)  
[  5]  74.00-75.00  sec   711 KBytes  5.83 Mbits/sec  1.199 ms  805/1412 (57%)  
[  5]  75.00-76.00  sec   709 KBytes  5.81 Mbits/sec  1.106 ms  647/1252 (52%)  
[  5]  76.00-77.00  sec   718 KBytes  5.88 Mbits/sec  1.094 ms  640/1253 (51%)  
[  5]  77.00-78.00  sec   680 KBytes  5.57 Mbits/sec  1.175 ms  654/1234 (53%)  
[  5]  78.00-79.00  sec   709 KBytes  5.81 Mbits/sec  1.144 ms  663/1268 (52%)  
[  5]  79.00-80.00  sec   613 KBytes  5.02 Mbits/sec  1.187 ms  542/1065 (51%)  
[  5]  80.00-81.00  sec   589 KBytes  4.83 Mbits/sec  1.111 ms  528/1031 (51%)  
[  5]  81.00-82.00  sec   619 KBytes  5.08 Mbits/sec  1.197 ms  565/1093 (52%)  
[  5]  82.00-83.00  sec   628 KBytes  5.15 Mbits/sec  1.101 ms  628/1164 (54%)  
[  5]  83.00-84.00  sec   680 KBytes  5.57 Mbits/sec  1.165 ms  574/1154 (50%)  
[  5]  84.00-85.00  sec   709 KBytes  5.81 Mbits/sec  1.123 ms  669/1274 (53%)  
[  5]  85.00-86.00  sec   718 KBytes  5.88 Mbits/sec  1.266 ms  694/1307 (53%)  
[  5]  86.00-87.00  sec   679 KBytes  5.56 Mbits/sec  1.340 ms  890/1469 (61%)  
[  5]  87.00-88.00  sec   709 KBytes  5.81 Mbits/sec  1.204 ms  831/1436 (58%)  
[  5]  88.00-89.00  sec   720 KBytes  5.89 Mbits/sec  1.150 ms  625/1239 (50%)  
[  5]  89.00-90.00  sec   809 KBytes  6.62 Mbits/sec  1.096 ms  720/1410 (51%)  
[  5]  90.00-91.00  sec   709 KBytes  5.80 Mbits/sec  1.142 ms  635/1240 (51%)  
[  5]  91.00-92.00  sec   697 KBytes  5.72 Mbits/sec  1.109 ms  678/1273 (53%)  
[  5]  92.00-93.00  sec   689 KBytes  5.64 Mbits/sec  1.226 ms  683/1271 (54%)  
[  5]  93.00-94.00  sec   721 KBytes  5.91 Mbits/sec  4.911 ms  913/1528 (60%)  
[  5]  94.00-95.00  sec   797 KBytes  6.52 Mbits/sec  1.442 ms  954/1634 (58%)  
[  5]  95.00-96.00  sec   619 KBytes  5.07 Mbits/sec  1.370 ms  726/1254 (58%)  
[  5]  96.00-97.00  sec   809 KBytes  6.62 Mbits/sec  1.129 ms  801/1491 (54%)  
[  5]  97.00-98.00  sec   709 KBytes  5.81 Mbits/sec  1.074 ms  681/1286 (53%)  
[  5]  98.00-99.00  sec   689 KBytes  5.65 Mbits/sec  1.108 ms  624/1212 (51%)  
[  5]  99.00-100.00 sec   817 KBytes  6.69 Mbits/sec  1.192 ms  781/1478 (53%)  
[  5] 100.00-101.00 sec   689 KBytes  5.65 Mbits/sec  1.107 ms  607/1195 (51%)  
[  5] 101.00-102.00 sec   709 KBytes  5.81 Mbits/sec  1.145 ms  568/1173 (48%)  
[  5] 102.00-103.00 sec   718 KBytes  5.87 Mbits/sec  1.090 ms  601/1214 (50%)  
[  5] 103.00-104.00 sec   709 KBytes  5.82 Mbits/sec  1.120 ms  597/1202 (50%)  
[  5] 104.00-105.00 sec   709 KBytes  5.81 Mbits/sec  1.188 ms  668/1273 (52%)  
[  5] 105.00-106.00 sec   689 KBytes  5.64 Mbits/sec  1.126 ms  575/1163 (49%)  
[  5] 106.00-107.00 sec   605 KBytes  4.95 Mbits/sec  1.192 ms  550/1066 (52%)  
[  5] 107.00-108.00 sec   709 KBytes  5.82 Mbits/sec  1.127 ms  591/1196 (49%)  
[  5] 108.00-109.00 sec   809 KBytes  6.62 Mbits/sec  1.924 ms  810/1500 (54%)  
[  5] 109.00-110.00 sec   709 KBytes  5.81 Mbits/sec  1.079 ms  617/1222 (50%)  
[  5] 110.00-111.00 sec   577 KBytes  4.72 Mbits/sec  1.220 ms  506/998 (51%)  
[  5] 111.00-112.00 sec   629 KBytes  5.15 Mbits/sec  1.046 ms  534/1071 (50%)  
[  5] 112.00-113.00 sec   490 KBytes  4.01 Mbits/sec  1.179 ms  401/819 (49%)  
[  5] 113.00-114.00 sec   589 KBytes  4.84 Mbits/sec  1.164 ms  480/983 (49%)  
[  5] 114.00-115.00 sec   718 KBytes  5.87 Mbits/sec  0.992 ms  592/1205 (49%)  
[  5] 115.00-116.00 sec   709 KBytes  5.82 Mbits/sec  1.199 ms  643/1248 (52%)  
[  5] 116.00-117.00 sec   619 KBytes  5.07 Mbits/sec  1.112 ms  550/1078 (51%)  
[  5] 117.00-118.00 sec   718 KBytes  5.88 Mbits/sec  1.075 ms  636/1249 (51%)  
[  5] 118.00-119.00 sec   680 KBytes  5.56 Mbits/sec  1.215 ms  580/1160 (50%)  
[  5] 119.00-120.00 sec   708 KBytes  5.80 Mbits/sec  1.208 ms  656/1260 (52%)  
[  5] 120.00-121.00 sec   698 KBytes  5.72 Mbits/sec  1.182 ms  798/1394 (57%)  
[  5] 121.00-122.00 sec   730 KBytes  5.98 Mbits/sec  1.241 ms  784/1407 (56%)  
[  5] 122.00-123.00 sec   810 KBytes  6.63 Mbits/sec  1.083 ms  636/1327 (48%)  
[  5] 123.00-124.00 sec   679 KBytes  5.56 Mbits/sec  1.196 ms  575/1154 (50%)  
[  5] 124.00-125.00 sec   807 KBytes  6.61 Mbits/sec  1.258 ms  827/1516 (55%)  
[  5] 125.00-126.00 sec   710 KBytes  5.82 Mbits/sec  1.159 ms  857/1463 (59%)  
[  5] 126.00-127.00 sec   718 KBytes  5.88 Mbits/sec  1.293 ms  1170/1783 (66%)  
[  5] 127.00-128.00 sec   809 KBytes  6.63 Mbits/sec  1.134 ms  840/1530 (55%)  
[  5] 128.00-129.00 sec   709 KBytes  5.81 Mbits/sec  1.037 ms  595/1200 (50%)  
[  5] 129.00-130.00 sec   709 KBytes  5.81 Mbits/sec  1.270 ms  677/1282 (53%)  
[  5] 130.00-131.00 sec   803 KBytes  6.58 Mbits/sec  1.187 ms  847/1532 (55%)  
[  5] 131.00-132.00 sec   689 KBytes  5.64 Mbits/sec  1.012 ms  701/1289 (54%)  
[  5] 132.00-133.00 sec   829 KBytes  6.78 Mbits/sec  1.133 ms  733/1440 (51%)  
[  5] 133.00-134.00 sec   689 KBytes  5.65 Mbits/sec  1.145 ms  570/1158 (49%)  
[  5] 134.00-135.00 sec   709 KBytes  5.81 Mbits/sec  1.189 ms  636/1241 (51%)  
[  5] 135.00-136.00 sec   809 KBytes  6.61 Mbits/sec  1.169 ms  655/1345 (49%)  
[  5] 136.00-137.00 sec   708 KBytes  5.81 Mbits/sec  1.137 ms  573/1177 (49%)  
[  5] 137.00-138.00 sec   720 KBytes  5.89 Mbits/sec  1.156 ms  565/1179 (48%)  
[  5] 138.00-139.00 sec   809 KBytes  6.62 Mbits/sec  1.079 ms  649/1339 (48%)  
[  5] 139.00-140.00 sec   698 KBytes  5.73 Mbits/sec  1.353 ms  600/1196 (50%)  
[  5] 140.00-141.00 sec   809 KBytes  6.62 Mbits/sec  1.233 ms  734/1424 (52%)  
[  5] 141.00-142.00 sec   697 KBytes  5.71 Mbits/sec  1.436 ms  600/1195 (50%)  
[  5] 142.00-143.00 sec   688 KBytes  5.63 Mbits/sec  1.079 ms  572/1159 (49%)  
[  5] 143.00-144.00 sec   709 KBytes  5.81 Mbits/sec  1.104 ms  556/1161 (48%)  
[  5] 144.00-145.00 sec   809 KBytes  6.62 Mbits/sec  1.057 ms  645/1335 (48%)  
[  5] 145.00-146.00 sec   709 KBytes  5.80 Mbits/sec  1.127 ms  590/1195 (49%)  
[  5] 146.00-147.00 sec   709 KBytes  5.81 Mbits/sec  1.170 ms  557/1162 (48%)  
[  5] 147.00-148.00 sec   809 KBytes  6.61 Mbits/sec  1.144 ms  692/1382 (50%)  
[  5] 148.00-149.00 sec   689 KBytes  5.66 Mbits/sec  1.126 ms  586/1174 (50%)  
[  5] 149.00-150.00 sec   829 KBytes  6.78 Mbits/sec  1.063 ms  708/1415 (50%)  
[  5] 150.00-151.00 sec   689 KBytes  5.65 Mbits/sec  1.039 ms  571/1159 (49%)  
[  5] 151.00-152.00 sec   700 KBytes  5.73 Mbits/sec  1.177 ms  582/1179 (49%)  
[  5] 152.00-153.00 sec   709 KBytes  5.81 Mbits/sec  1.155 ms  582/1187 (49%)  
[  5] 153.00-154.00 sec   809 KBytes  6.62 Mbits/sec  1.144 ms  654/1344 (49%)  
[  5] 154.00-155.00 sec   720 KBytes  5.89 Mbits/sec  1.018 ms  581/1195 (49%)  
[  5] 155.00-156.00 sec   798 KBytes  6.53 Mbits/sec  1.210 ms  670/1351 (50%)  
[  5] 156.00-157.00 sec   720 KBytes  5.90 Mbits/sec  1.102 ms  627/1241 (51%)  
[  5] 157.00-158.00 sec   709 KBytes  5.81 Mbits/sec  1.099 ms  602/1207 (50%)  
[  5] 158.00-159.00 sec   809 KBytes  6.62 Mbits/sec  1.075 ms  676/1366 (49%)  
[  5] 159.00-160.00 sec   709 KBytes  5.81 Mbits/sec  1.153 ms  589/1194 (49%)  
[  5] 160.00-161.00 sec   688 KBytes  5.64 Mbits/sec  1.083 ms  566/1153 (49%)  
[  5] 161.00-162.00 sec   789 KBytes  6.46 Mbits/sec  1.115 ms  648/1321 (49%)  
[  5] 162.00-163.00 sec   711 KBytes  5.83 Mbits/sec  1.117 ms  598/1205 (50%)  
[  5] 163.00-164.00 sec   799 KBytes  6.55 Mbits/sec  1.184 ms  674/1356 (50%)  
[  5] 164.00-165.00 sec   718 KBytes  5.88 Mbits/sec  1.252 ms  624/1237 (50%)  
[  5] 165.00-166.00 sec   799 KBytes  6.55 Mbits/sec  1.131 ms  695/1377 (50%)  
[  5] 166.00-167.00 sec   709 KBytes  5.81 Mbits/sec  1.095 ms  563/1168 (48%)  
[  5] 167.00-168.00 sec   720 KBytes  5.89 Mbits/sec  1.051 ms  604/1218 (50%)  
[  5] 168.00-169.00 sec   680 KBytes  5.57 Mbits/sec  1.109 ms  563/1143 (49%)  
[  5] 169.00-170.00 sec   798 KBytes  6.54 Mbits/sec  1.089 ms  639/1320 (48%)  
[  5] 170.00-171.00 sec   720 KBytes  5.89 Mbits/sec  1.116 ms  581/1195 (49%)  
[  5] 171.00-172.00 sec   807 KBytes  6.61 Mbits/sec  1.098 ms  681/1370 (50%)  
[  5] 172.00-173.00 sec   710 KBytes  5.82 Mbits/sec  1.113 ms  593/1199 (49%)  
[  5] 173.00-174.00 sec   744 KBytes  6.09 Mbits/sec  1.786 ms  628/1263 (50%)  
[  5] 174.00-175.00 sec   773 KBytes  6.34 Mbits/sec  1.049 ms  610/1270 (48%)  
[  5] 175.00-176.00 sec   718 KBytes  5.88 Mbits/sec  1.051 ms  586/1199 (49%)  
[  5] 176.00-177.00 sec   679 KBytes  5.56 Mbits/sec  1.162 ms  521/1100 (47%)  
[  5] 177.00-178.00 sec   696 KBytes  5.70 Mbits/sec  1.186 ms  592/1186 (50%)  
[  5] 178.00-179.00 sec   809 KBytes  6.63 Mbits/sec  1.159 ms  704/1394 (51%)  
[  5] 179.00-180.00 sec   718 KBytes  5.88 Mbits/sec  1.114 ms  631/1244 (51%)  
[  5] 180.00-181.00 sec   799 KBytes  6.54 Mbits/sec  1.212 ms  689/1371 (50%)  
[  5] 181.00-182.00 sec   707 KBytes  5.80 Mbits/sec  1.092 ms  606/1209 (50%)  
[  5] 182.00-183.00 sec   799 KBytes  6.55 Mbits/sec  1.207 ms  648/1330 (49%)  
[  5] 183.00-184.00 sec   720 KBytes  5.89 Mbits/sec  1.043 ms  583/1197 (49%)  
[  5] 184.00-185.00 sec   679 KBytes  5.56 Mbits/sec  1.196 ms  556/1135 (49%)  
[  5] 185.00-186.00 sec   702 KBytes  5.75 Mbits/sec  1.103 ms  573/1172 (49%)  
[  5] 186.00-187.00 sec   809 KBytes  6.62 Mbits/sec  1.130 ms  659/1349 (49%)  
[  5] 187.00-188.00 sec   720 KBytes  5.89 Mbits/sec  1.002 ms  589/1203 (49%)  
[  5] 188.00-189.00 sec   798 KBytes  6.54 Mbits/sec  1.155 ms  703/1384 (51%)  
[  5] 189.00-190.00 sec   720 KBytes  5.89 Mbits/sec  1.171 ms  648/1262 (51%)  
[  5] 190.00-191.00 sec   800 KBytes  6.55 Mbits/sec  1.060 ms  681/1364 (50%)  
[  5] 191.00-192.00 sec   709 KBytes  5.81 Mbits/sec  1.094 ms  555/1160 (48%)  
[  5] 192.00-193.00 sec   809 KBytes  6.62 Mbits/sec  1.001 ms  649/1339 (48%)  
[  5] 193.00-194.00 sec   679 KBytes  5.56 Mbits/sec  1.126 ms  569/1148 (50%)  
[  5] 194.00-195.00 sec   709 KBytes  5.80 Mbits/sec  1.059 ms  585/1190 (49%)  
[  5] 195.00-196.00 sec   809 KBytes  6.63 Mbits/sec  1.114 ms  654/1344 (49%)  
[  5] 196.00-197.00 sec   718 KBytes  5.88 Mbits/sec  1.097 ms  635/1248 (51%)  
[  5] 197.00-198.00 sec   703 KBytes  5.77 Mbits/sec  1.199 ms  599/1199 (50%)  
[  5] 198.00-199.00 sec   797 KBytes  6.53 Mbits/sec  1.083 ms  671/1351 (50%)  
[  5] 199.00-200.00 sec   709 KBytes  5.81 Mbits/sec  1.066 ms  571/1176 (49%)  
[  5] 200.00-201.00 sec   809 KBytes  6.62 Mbits/sec  1.165 ms  649/1339 (48%)  
[  5] 201.00-202.00 sec   709 KBytes  5.81 Mbits/sec  1.072 ms  567/1172 (48%)  
[  5] 202.00-203.00 sec   809 KBytes  6.62 Mbits/sec  1.153 ms  675/1365 (49%)  
[  5] 203.00-204.00 sec   680 KBytes  5.57 Mbits/sec  1.155 ms  549/1129 (49%)  
[  5] 204.00-205.00 sec   809 KBytes  6.62 Mbits/sec  1.226 ms  660/1350 (49%)  
[  5] 205.00-206.00 sec   709 KBytes  5.80 Mbits/sec  1.185 ms  590/1195 (49%)  
[  5] 206.00-207.00 sec   718 KBytes  5.89 Mbits/sec  1.081 ms  598/1211 (49%)  
[  5] 207.00-208.00 sec   809 KBytes  6.62 Mbits/sec  1.090 ms  652/1342 (49%)  
[  5] 208.00-209.00 sec   709 KBytes  5.81 Mbits/sec  1.119 ms  594/1199 (50%)  
[  5] 209.00-210.00 sec   697 KBytes  5.71 Mbits/sec  1.734 ms  605/1200 (50%)  
[  5] 210.00-211.00 sec   798 KBytes  6.53 Mbits/sec  1.168 ms  662/1343 (49%)  
[  5] 211.00-212.00 sec   677 KBytes  5.55 Mbits/sec  1.081 ms  564/1142 (49%)  
[  5] 212.00-213.00 sec   709 KBytes  5.81 Mbits/sec  1.126 ms  558/1163 (48%)  
[  5] 213.00-214.00 sec   809 KBytes  6.63 Mbits/sec  1.051 ms  681/1371 (50%)  
[  5] 214.00-215.00 sec   709 KBytes  5.81 Mbits/sec  1.122 ms  591/1196 (49%)  
[  5] 215.00-216.00 sec   718 KBytes  5.89 Mbits/sec  1.095 ms  576/1189 (48%)  
[  5] 216.00-217.00 sec   709 KBytes  5.81 Mbits/sec  1.138 ms  566/1171 (48%)  
[  5] 217.00-218.00 sec   809 KBytes  6.63 Mbits/sec  1.098 ms  658/1348 (49%)  
[  5] 218.00-219.00 sec   709 KBytes  5.81 Mbits/sec  1.087 ms  589/1194 (49%)  
[  5] 219.00-220.00 sec   809 KBytes  6.62 Mbits/sec  1.159 ms  683/1373 (50%)  
[  5] 220.00-221.00 sec   709 KBytes  5.81 Mbits/sec  1.267 ms  577/1182 (49%)  
[  5] 221.00-222.00 sec   689 KBytes  5.64 Mbits/sec  1.008 ms  555/1143 (49%)  
[  5] 222.00-223.00 sec   839 KBytes  6.87 Mbits/sec  1.089 ms  706/1422 (50%)  
[  5] 223.00-224.00 sec   679 KBytes  5.56 Mbits/sec  1.070 ms  564/1143 (49%)  
[  5] 224.00-225.00 sec   710 KBytes  5.82 Mbits/sec  1.089 ms  612/1218 (50%)  
[  5] 225.00-226.00 sec   807 KBytes  6.61 Mbits/sec  1.181 ms  678/1367 (50%)  
[  5] 226.00-227.00 sec   697 KBytes  5.71 Mbits/sec  1.095 ms  575/1170 (49%)  
[  5] 227.00-228.00 sec   718 KBytes  5.88 Mbits/sec  1.058 ms  602/1215 (50%)  
[  5] 228.00-229.00 sec   679 KBytes  5.56 Mbits/sec  1.118 ms  573/1152 (50%)  
[  5] 229.00-230.00 sec   839 KBytes  6.87 Mbits/sec  1.120 ms  719/1435 (50%)  
[  5] 230.00-231.00 sec   679 KBytes  5.56 Mbits/sec  1.129 ms  616/1195 (52%)  
[  5] 231.00-232.00 sec   839 KBytes  6.87 Mbits/sec  1.149 ms  680/1396 (49%)  
[  5] 232.00-233.00 sec   688 KBytes  5.64 Mbits/sec  1.118 ms  554/1141 (49%)  
[  5] 233.00-234.00 sec   709 KBytes  5.81 Mbits/sec  1.156 ms  571/1176 (49%)  
[  5] 234.00-235.00 sec   731 KBytes  5.99 Mbits/sec  2.956 ms  641/1265 (51%)  
[  5] 235.00-236.00 sec   788 KBytes  6.45 Mbits/sec  1.098 ms  617/1289 (48%)  
[  5] 236.00-237.00 sec   718 KBytes  5.88 Mbits/sec  1.095 ms  585/1198 (49%)  
[  5] 237.00-238.00 sec   799 KBytes  6.55 Mbits/sec  1.105 ms  677/1359 (50%)  
[  5] 238.00-239.00 sec   718 KBytes  5.88 Mbits/sec  1.081 ms  615/1228 (50%)  
[  5] 239.00-240.00 sec   799 KBytes  6.55 Mbits/sec  1.096 ms  685/1367 (50%)  
[  5] 240.00-241.00 sec   689 KBytes  5.64 Mbits/sec  1.086 ms  573/1161 (49%)  
[  5] 241.00-242.00 sec   709 KBytes  5.81 Mbits/sec  1.105 ms  595/1200 (50%)  
[  5] 242.00-243.00 sec   718 KBytes  5.88 Mbits/sec  1.049 ms  585/1198 (49%)  
[  5] 243.00-244.00 sec   709 KBytes  5.82 Mbits/sec  1.119 ms  581/1186 (49%)  
[  5] 244.00-245.00 sec   809 KBytes  6.62 Mbits/sec  1.158 ms  657/1347 (49%)  
[  5] 245.00-246.00 sec   709 KBytes  5.81 Mbits/sec  1.345 ms  594/1199 (50%)  
[  5] 246.00-247.00 sec   804 KBytes  6.59 Mbits/sec  1.136 ms  698/1384 (50%)  
[  5] 247.00-248.00 sec   709 KBytes  5.81 Mbits/sec  1.125 ms  586/1191 (49%)  
[  5] 248.00-249.00 sec   689 KBytes  5.65 Mbits/sec  1.078 ms  551/1139 (48%)  
[  5] 249.00-250.00 sec   708 KBytes  5.80 Mbits/sec  1.120 ms  611/1215 (50%)  
[  5] 250.00-251.00 sec   806 KBytes  6.60 Mbits/sec  1.022 ms  664/1352 (49%)  
[  5] 251.00-252.00 sec   709 KBytes  5.80 Mbits/sec  1.124 ms  573/1178 (49%)  
[  5] 252.00-253.01 sec   718 KBytes  5.86 Mbits/sec  1.100 ms  580/1193 (49%)  
[  5] 253.01-254.00 sec   709 KBytes  5.85 Mbits/sec  1.044 ms  576/1181 (49%)  
[  5] 254.00-255.00 sec   809 KBytes  6.62 Mbits/sec  1.097 ms  686/1376 (50%)  
[  5] 255.00-256.00 sec   709 KBytes  5.81 Mbits/sec  1.060 ms  626/1231 (51%)  
[  5] 256.00-257.00 sec   689 KBytes  5.64 Mbits/sec  1.017 ms  602/1190 (51%)  
[  5] 257.00-258.00 sec   709 KBytes  5.81 Mbits/sec  1.118 ms  610/1215 (50%)  
[  5] 258.00-259.00 sec   718 KBytes  5.88 Mbits/sec  1.093 ms  614/1227 (50%)  
[  5] 259.00-260.00 sec   709 KBytes  5.81 Mbits/sec  1.081 ms  563/1168 (48%)  
[  5] 260.00-261.00 sec   809 KBytes  6.63 Mbits/sec  1.032 ms  658/1348 (49%)  
[  5] 261.00-262.00 sec   709 KBytes  5.81 Mbits/sec  1.113 ms  581/1186 (49%)  
[  5] 262.00-263.00 sec   700 KBytes  5.73 Mbits/sec  1.776 ms  630/1227 (51%)  
[  5] 263.00-264.00 sec   770 KBytes  6.31 Mbits/sec  1.132 ms  676/1333 (51%)  
[  5] 264.00-265.00 sec   709 KBytes  5.81 Mbits/sec  1.216 ms  608/1213 (50%)  
[  5] 265.00-266.00 sec   718 KBytes  5.88 Mbits/sec  1.237 ms  607/1220 (50%)  
[  5] 266.00-267.00 sec   709 KBytes  5.81 Mbits/sec  1.173 ms  617/1222 (50%)  
[  5] 267.00-268.00 sec   809 KBytes  6.62 Mbits/sec  1.199 ms  701/1391 (50%)  
[  5] 268.00-269.00 sec   709 KBytes  5.81 Mbits/sec  1.132 ms  600/1205 (50%)  
[  5] 269.00-270.00 sec   688 KBytes  5.64 Mbits/sec  1.149 ms  595/1182 (50%)  
[  5] 270.00-271.00 sec   809 KBytes  6.62 Mbits/sec  1.100 ms  717/1407 (51%)  
[  5] 271.00-272.00 sec   708 KBytes  5.80 Mbits/sec  1.147 ms  632/1236 (51%)  
[  5] 272.00-273.00 sec   810 KBytes  6.63 Mbits/sec  1.049 ms  703/1394 (50%)  
[  5] 273.00-274.00 sec   709 KBytes  5.81 Mbits/sec  1.123 ms  592/1197 (49%)  
[  5] 274.00-275.00 sec   718 KBytes  5.89 Mbits/sec  1.111 ms  623/1236 (50%)  
[  5] 275.00-276.00 sec   709 KBytes  5.81 Mbits/sec  1.149 ms  588/1193 (49%)  
[  5] 276.00-277.00 sec   797 KBytes  6.53 Mbits/sec  1.077 ms  696/1376 (51%)  
[  5] 277.00-278.00 sec   704 KBytes  5.77 Mbits/sec  1.130 ms  600/1201 (50%)  
[  5] 278.00-279.00 sec   809 KBytes  6.63 Mbits/sec  1.128 ms  708/1398 (51%)  
[  5] 279.00-280.00 sec   709 KBytes  5.81 Mbits/sec  1.141 ms  640/1245 (51%)  
[  5] 280.00-281.00 sec   793 KBytes  6.49 Mbits/sec  1.191 ms  676/1353 (50%)  
[  5] 281.00-282.00 sec   709 KBytes  5.82 Mbits/sec  1.082 ms  558/1163 (48%)  
[  5] 282.00-283.00 sec   689 KBytes  5.64 Mbits/sec  0.963 ms  564/1152 (49%)  
[  5] 283.00-284.00 sec   709 KBytes  5.81 Mbits/sec  1.138 ms  585/1190 (49%)  
[  5] 284.00-285.00 sec   809 KBytes  6.62 Mbits/sec  1.076 ms  658/1348 (49%)  
[  5] 285.00-286.00 sec   709 KBytes  5.81 Mbits/sec  1.107 ms  570/1175 (49%)  
[  5] 286.00-287.00 sec   720 KBytes  5.90 Mbits/sec  1.150 ms  620/1234 (50%)  
[  5] 287.00-288.00 sec   798 KBytes  6.54 Mbits/sec  1.204 ms  703/1384 (51%)  
[  5] 288.00-289.00 sec   689 KBytes  5.65 Mbits/sec  1.043 ms  579/1167 (50%)  
[  5] 289.00-290.00 sec   829 KBytes  6.79 Mbits/sec  1.155 ms  697/1404 (50%)  
[  5] 290.00-291.00 sec   689 KBytes  5.64 Mbits/sec  1.121 ms  556/1144 (49%)  
[  5] 291.00-292.00 sec   709 KBytes  5.81 Mbits/sec  1.130 ms  566/1171 (48%)  
[  5] 292.00-293.00 sec   711 KBytes  5.83 Mbits/sec  1.050 ms  578/1185 (49%)  
[  5] 293.00-294.00 sec   799 KBytes  6.55 Mbits/sec  1.100 ms  625/1307 (48%)  
[  5] 294.00-295.00 sec   718 KBytes  5.89 Mbits/sec  1.090 ms  612/1225 (50%)  
[  5] 295.00-296.00 sec   709 KBytes  5.81 Mbits/sec  1.039 ms  635/1240 (51%)  
[  5] 296.00-297.00 sec   809 KBytes  6.62 Mbits/sec  1.133 ms  684/1374 (50%)  
[  5] 297.00-298.00 sec   709 KBytes  5.81 Mbits/sec  1.089 ms  574/1179 (49%)  
[  5] 298.00-299.00 sec   689 KBytes  5.65 Mbits/sec  1.068 ms  572/1160 (49%)  
[  5] 299.00-300.00 sec   709 KBytes  5.80 Mbits/sec  1.167 ms  589/1194 (49%)  
[  5] 300.00-301.00 sec   709 KBytes  5.81 Mbits/sec  1.135 ms  568/1173 (48%)  
[  5] 301.00-302.00 sec   718 KBytes  5.89 Mbits/sec  1.161 ms  576/1189 (48%)  
[  5] 302.00-303.00 sec   810 KBytes  6.63 Mbits/sec  1.059 ms  688/1379 (50%)  
[  5] 303.00-304.00 sec   708 KBytes  5.79 Mbits/sec  1.134 ms  604/1208 (50%)  
[  5] 304.00-305.00 sec   709 KBytes  5.81 Mbits/sec  1.173 ms  650/1255 (52%)  
[  5] 305.00-306.00 sec   689 KBytes  5.64 Mbits/sec  1.076 ms  584/1172 (50%)  
[  5] 306.00-307.00 sec   709 KBytes  5.81 Mbits/sec  1.213 ms  594/1199 (50%)  
[  5] 307.00-308.00 sec   809 KBytes  6.62 Mbits/sec  1.105 ms  651/1341 (49%)  
[  5] 308.00-309.00 sec   709 KBytes  5.81 Mbits/sec  1.135 ms  575/1180 (49%)  
[  5] 309.00-310.00 sec   720 KBytes  5.90 Mbits/sec  1.094 ms  583/1197 (49%)  
[  5] 310.00-311.00 sec   798 KBytes  6.54 Mbits/sec  1.131 ms  682/1363 (50%)  
[  5] 311.00-312.00 sec   689 KBytes  5.64 Mbits/sec  1.039 ms  627/1215 (52%)  
[  5] 312.00-313.00 sec   709 KBytes  5.80 Mbits/sec  1.164 ms  634/1239 (51%)  
[  5] 313.00-314.00 sec   709 KBytes  5.82 Mbits/sec  1.120 ms  642/1247 (51%)  
[  5] 314.00-315.00 sec   709 KBytes  5.81 Mbits/sec  1.103 ms  607/1212 (50%)  
[  5] 315.00-316.00 sec   709 KBytes  5.81 Mbits/sec  1.166 ms  606/1211 (50%)  
[  5] 316.00-317.00 sec   689 KBytes  5.64 Mbits/sec  1.092 ms  582/1170 (50%)  
[  5] 317.00-318.00 sec   709 KBytes  5.81 Mbits/sec  1.177 ms  602/1207 (50%)  
[  5] 318.00-319.00 sec   720 KBytes  5.90 Mbits/sec  1.000 ms  606/1220 (50%)  
[  5] 319.00-320.00 sec   708 KBytes  5.80 Mbits/sec  1.151 ms  661/1265 (52%)  
[  5] 320.00-321.00 sec   619 KBytes  5.07 Mbits/sec  1.120 ms  548/1076 (51%)  
[  5] 321.00-322.00 sec   589 KBytes  4.83 Mbits/sec  1.208 ms  526/1029 (51%)  
[  5] 322.00-323.00 sec   619 KBytes  5.07 Mbits/sec  1.128 ms  517/1045 (49%)  
[  5] 323.00-324.00 sec   589 KBytes  4.83 Mbits/sec  1.169 ms  492/995 (49%)  
[  5] 324.00-325.00 sec   708 KBytes  5.80 Mbits/sec  1.060 ms  604/1208 (50%)  
[  5] 325.00-326.00 sec   710 KBytes  5.82 Mbits/sec  1.282 ms  623/1229 (51%)  
[  5] 326.00-327.00 sec   588 KBytes  4.82 Mbits/sec  1.086 ms  516/1018 (51%)  
[  5] 327.00-328.00 sec   709 KBytes  5.81 Mbits/sec  1.187 ms  613/1218 (50%)  
[  5] 328.00-329.00 sec   720 KBytes  5.89 Mbits/sec  1.215 ms  652/1266 (52%)  
[  5] 329.00-330.00 sec   709 KBytes  5.80 Mbits/sec  1.129 ms  623/1228 (51%)  
[  5] 330.00-331.00 sec   588 KBytes  4.82 Mbits/sec  1.152 ms  510/1012 (50%)  
[  5] 331.00-332.00 sec   718 KBytes  5.89 Mbits/sec  1.235 ms  691/1304 (53%)  
[  5] 332.00-333.00 sec   710 KBytes  5.82 Mbits/sec  1.115 ms  693/1299 (53%)  
[  5] 333.00-334.00 sec   718 KBytes  5.88 Mbits/sec  1.006 ms  693/1306 (53%)  
[  5] 334.00-335.00 sec   705 KBytes  5.78 Mbits/sec  1.187 ms  726/1328 (55%)  
[  5] 335.00-336.00 sec   679 KBytes  5.56 Mbits/sec  1.393 ms  795/1374 (58%)  
[  5] 336.00-337.00 sec   718 KBytes  5.88 Mbits/sec  1.236 ms  899/1512 (59%)  
[  5] 337.00-338.00 sec   709 KBytes  5.81 Mbits/sec  1.195 ms  798/1403 (57%)  
[  5] 338.00-339.00 sec   589 KBytes  4.83 Mbits/sec  1.261 ms  583/1086 (54%)  
[  5] 339.00-340.00 sec   720 KBytes  5.90 Mbits/sec  1.186 ms  703/1317 (53%)  
[  5] 340.00-341.00 sec   708 KBytes  5.80 Mbits/sec  1.259 ms  784/1388 (56%)  
[  5] 341.00-342.00 sec   720 KBytes  5.89 Mbits/sec  1.071 ms  656/1270 (52%)  
[  5] 342.00-343.00 sec   679 KBytes  5.56 Mbits/sec  1.207 ms  636/1215 (52%)  
[  5] 343.00-344.00 sec   709 KBytes  5.81 Mbits/sec  1.168 ms  664/1269 (52%)  
[  5] 344.00-345.00 sec   720 KBytes  5.89 Mbits/sec  1.185 ms  712/1326 (54%)  
[  5] 345.00-346.00 sec   709 KBytes  5.80 Mbits/sec  1.240 ms  667/1272 (52%)  
[  5] 346.00-347.00 sec   689 KBytes  5.65 Mbits/sec  2.597 ms  697/1285 (54%)  
[  5] 347.00-348.00 sec   618 KBytes  5.06 Mbits/sec  1.166 ms  593/1120 (53%)  
[  5] 348.00-349.00 sec   710 KBytes  5.82 Mbits/sec  1.179 ms  665/1271 (52%)  
[  5] 349.00-350.00 sec   709 KBytes  5.81 Mbits/sec  1.091 ms  639/1244 (51%)  
[  5] 350.00-351.00 sec   718 KBytes  5.88 Mbits/sec  1.139 ms  670/1283 (52%)  
[  5] 351.00-352.00 sec   709 KBytes  5.81 Mbits/sec  1.112 ms  669/1274 (53%)  
[  5] 352.00-353.00 sec   588 KBytes  4.82 Mbits/sec  1.243 ms  558/1060 (53%)  
[  5] 353.00-354.00 sec   720 KBytes  5.89 Mbits/sec  1.239 ms  719/1333 (54%)  
[  5] 354.00-355.00 sec   619 KBytes  5.07 Mbits/sec  1.313 ms  607/1135 (53%)  
[  5] 355.00-356.00 sec   679 KBytes  5.56 Mbits/sec  1.322 ms  623/1202 (52%)  
[  5] 356.00-357.00 sec   410 KBytes  3.35 Mbits/sec  1.087 ms  388/738 (53%)  
[  5] 357.00-358.00 sec   708 KBytes  5.80 Mbits/sec  1.240 ms  669/1273 (53%)  
[  5] 358.00-359.00 sec   620 KBytes  5.08 Mbits/sec  1.242 ms  576/1105 (52%)  
[  5] 359.00-360.00 sec   709 KBytes  5.81 Mbits/sec  1.112 ms  639/1244 (51%)  
[  5] 360.00-361.00 sec   599 KBytes  4.90 Mbits/sec  1.180 ms  574/1085 (53%)  
[  5] 361.00-362.00 sec   709 KBytes  5.80 Mbits/sec  1.206 ms  665/1270 (52%)  
[  5] 362.00-363.00 sec   709 KBytes  5.82 Mbits/sec  1.094 ms  705/1310 (54%)  
[  5] 363.00-364.00 sec   589 KBytes  4.83 Mbits/sec  1.160 ms  578/1081 (53%)  
[  5] 364.00-365.00 sec   718 KBytes  5.88 Mbits/sec  1.154 ms  646/1259 (51%)  
[  5] 365.00-366.00 sec   709 KBytes  5.81 Mbits/sec  1.117 ms  669/1274 (53%)  
[  5] 366.00-367.00 sec   642 KBytes  5.25 Mbits/sec  1.643 ms  629/1177 (53%)  
[  5] 367.00-368.00 sec   666 KBytes  5.47 Mbits/sec  1.167 ms  649/1217 (53%)  
[  5] 368.00-369.00 sec   709 KBytes  5.80 Mbits/sec  1.174 ms  712/1317 (54%)  
[  5] 369.00-370.00 sec   709 KBytes  5.81 Mbits/sec  1.147 ms  825/1430 (58%)  
[  5] 370.00-371.00 sec   689 KBytes  5.64 Mbits/sec  1.120 ms  1180/1768 (67%)  
[  5] 371.00-372.00 sec   696 KBytes  5.69 Mbits/sec  1.173 ms  708/1302 (54%)  
[  5] 372.00-373.00 sec   720 KBytes  5.90 Mbits/sec  1.109 ms  678/1292 (52%)  
[  5] 373.00-374.00 sec   619 KBytes  5.07 Mbits/sec  1.122 ms  735/1263 (58%)  
[  5] 374.00-375.00 sec   679 KBytes  5.56 Mbits/sec  1.258 ms  695/1274 (55%)  
[  5] 375.00-376.00 sec   720 KBytes  5.89 Mbits/sec  1.051 ms  679/1293 (53%)  
[  5] 376.00-377.00 sec   619 KBytes  5.07 Mbits/sec  1.210 ms  592/1120 (53%)  
[  5] 377.00-378.00 sec   697 KBytes  5.71 Mbits/sec  1.226 ms  721/1316 (55%)  
[  5] 378.00-379.00 sec   720 KBytes  5.89 Mbits/sec  1.135 ms  755/1369 (55%)  
[  5] 379.00-380.00 sec   679 KBytes  5.56 Mbits/sec  1.169 ms  662/1241 (53%)  
[  5] 380.00-381.00 sec   709 KBytes  5.81 Mbits/sec  1.221 ms  699/1304 (54%)  
[  5] 381.00-382.00 sec   619 KBytes  5.07 Mbits/sec  1.185 ms  580/1108 (52%)  
[  5] 382.00-383.00 sec   689 KBytes  5.64 Mbits/sec  1.141 ms  639/1227 (52%)  
[  5] 383.00-384.00 sec   709 KBytes  5.81 Mbits/sec  1.154 ms  666/1271 (52%)  
[  5] 384.00-385.00 sec   619 KBytes  5.07 Mbits/sec  1.175 ms  585/1113 (53%)  
[  5] 385.00-386.00 sec   689 KBytes  5.64 Mbits/sec  1.118 ms  687/1275 (54%)  
[  5] 386.00-387.00 sec   709 KBytes  5.81 Mbits/sec  1.174 ms  692/1297 (53%)  
[  5] 387.00-388.00 sec   709 KBytes  5.81 Mbits/sec  1.322 ms  746/1351 (55%)  
[  5] 388.00-389.00 sec   720 KBytes  5.89 Mbits/sec  1.105 ms  693/1307 (53%)  
[  5] 389.00-390.00 sec   618 KBytes  5.06 Mbits/sec  1.159 ms  601/1128 (53%)  
[  5] 390.00-391.00 sec   680 KBytes  5.57 Mbits/sec  1.169 ms  679/1259 (54%)  
[  5] 391.00-392.00 sec   712 KBytes  5.84 Mbits/sec  1.030 ms  708/1316 (54%)  
[  5] 392.00-393.00 sec   709 KBytes  5.81 Mbits/sec  1.103 ms  648/1253 (52%)  
[  5] 393.00-394.00 sec   709 KBytes  5.81 Mbits/sec  1.244 ms  687/1292 (53%)  
[  5] 394.00-395.00 sec   589 KBytes  4.83 Mbits/sec  1.188 ms  566/1069 (53%)  
[  5] 395.00-396.00 sec   718 KBytes  5.88 Mbits/sec  1.309 ms  743/1356 (55%)  
[  5] 396.00-397.00 sec   619 KBytes  5.07 Mbits/sec  1.160 ms  621/1149 (54%)  
[  5] 397.00-398.00 sec   588 KBytes  4.82 Mbits/sec  1.219 ms  593/1095 (54%)  
[  5] 398.00-399.00 sec   709 KBytes  5.81 Mbits/sec  1.234 ms  665/1270 (52%)  
[  5] 399.00-400.00 sec   718 KBytes  5.88 Mbits/sec  1.141 ms  691/1304 (53%)  
[  5] 400.00-401.00 sec   709 KBytes  5.81 Mbits/sec  1.252 ms  671/1276 (53%)  
[  5] 401.00-402.00 sec   589 KBytes  4.83 Mbits/sec  1.289 ms  572/1075 (53%)  
[  5] 402.00-403.00 sec   718 KBytes  5.89 Mbits/sec  1.216 ms  715/1328 (54%)  
[  5] 403.00-404.00 sec   709 KBytes  5.80 Mbits/sec  1.194 ms  682/1287 (53%)  
[  5] 404.00-405.00 sec   589 KBytes  4.83 Mbits/sec  1.216 ms  579/1082 (54%)  
[  5] 405.00-406.00 sec   709 KBytes  5.81 Mbits/sec  1.202 ms  688/1293 (53%)  
[  5] 406.00-407.00 sec   718 KBytes  5.88 Mbits/sec  1.112 ms  689/1302 (53%)  
[  5] 407.00-408.01 sec   591 KBytes  4.82 Mbits/sec  1.271 ms  590/1094 (54%)  
[  5] 408.01-409.00 sec   708 KBytes  5.82 Mbits/sec  1.243 ms  705/1309 (54%)  
[  5] 409.00-410.00 sec   708 KBytes  5.80 Mbits/sec  1.096 ms  772/1376 (56%)  
[  5] 410.00-411.00 sec   709 KBytes  5.81 Mbits/sec  1.236 ms  737/1342 (55%)  
[  5] 411.00-412.00 sec   588 KBytes  4.82 Mbits/sec  1.273 ms  653/1155 (57%)  
[  5] 412.00-413.00 sec   709 KBytes  5.80 Mbits/sec  1.237 ms  721/1326 (54%)  
[  5] 413.00-414.00 sec   633 KBytes  5.18 Mbits/sec  8.066 ms  628/1168 (54%)  
