Connecting to host 172.22.0.50, port 5201
Reverse mode, remote host 172.22.0.50 is sending
[  5] local 192.168.100.2 port 44094 connected to 172.22.0.50 port 5201
[ ID] Interval           Transfer     Bitrate         Jitter    Lost/Total Datagrams
[  5]   0.00-1.00   sec  1.43 MBytes  12.0 Mbits/sec  1.046 ms  0/1250 (0%)  
[  5]   1.00-2.00   sec  1.43 MBytes  12.0 Mbits/sec  1.017 ms  0/1252 (0%)  
[  5]   2.00-3.00   sec  1.43 MBytes  12.0 Mbits/sec  0.975 ms  0/1248 (0%)  
[  5]   3.00-4.00   sec  1.44 MBytes  12.0 Mbits/sec  0.725 ms  0/1255 (0%)  
[  5]   4.00-5.00   sec  1.43 MBytes  12.0 Mbits/sec  1.055 ms  0/1249 (0%)  
[  5]   5.00-6.00   sec  1.42 MBytes  11.9 Mbits/sec  0.842 ms  0/1240 (0%)  
[  5]   6.00-7.00   sec  1.44 MBytes  12.1 Mbits/sec  0.906 ms  0/1257 (0%)  
[  5]   7.00-8.00   sec  1.44 MBytes  12.0 Mbits/sec  0.883 ms  0/1254 (0%)  
[  5]   8.00-9.00   sec  1.43 MBytes  12.0 Mbits/sec  0.912 ms  0/1246 (0%)  
[  5]   9.00-10.00  sec  1.43 MBytes  12.0 Mbits/sec  0.882 ms  0/1250 (0%)  
[  5]  10.00-11.00  sec  1.43 MBytes  12.0 Mbits/sec  0.897 ms  0/1251 (0%)  
[  5]  11.00-12.00  sec  1.43 MBytes  12.0 Mbits/sec  0.923 ms  0/1248 (0%)  
[  5]  12.00-13.00  sec  1.43 MBytes  12.0 Mbits/sec  0.918 ms  0/1249 (0%)  
[  5]  13.00-14.00  sec  1.44 MBytes  12.0 Mbits/sec  0.990 ms  0/1254 (0%)  
[  5]  14.00-15.00  sec  1.42 MBytes  12.0 Mbits/sec  1.203 ms  0/1245 (0%)  
[  5]  15.00-16.00  sec  1.44 MBytes  12.0 Mbits/sec  0.733 ms  0/1255 (0%)  
[  5]  16.00-17.00  sec   652 KBytes  5.34 Mbits/sec  1.301 ms  0/556 (0%)  
[  5]  17.00-18.00  sec   634 KBytes  5.19 Mbits/sec  1.216 ms  0/541 (0%)  
[  5]  18.00-19.00  sec   630 KBytes  5.16 Mbits/sec  1.207 ms  0/538 (0%)  
[  5]  19.00-20.00  sec   634 KBytes  5.19 Mbits/sec  1.273 ms  0/541 (0%)  
[  5]  20.00-21.00  sec   625 KBytes  5.11 Mbits/sec  1.238 ms  0/533 (0%)  
[  5]  21.00-22.00  sec   695 KBytes  5.69 Mbits/sec  1.045 ms  0/593 (0%)  
[  5]  22.00-23.00  sec   704 KBytes  5.78 Mbits/sec  1.061 ms  0/601 (0%)  
[  5]  23.00-24.00  sec   715 KBytes  5.86 Mbits/sec  1.035 ms  0/610 (0%)  
[  5]  24.00-25.00  sec   711 KBytes  5.83 Mbits/sec  1.243 ms  0/607 (0%)  
[  5]  25.00-26.00  sec   696 KBytes  5.70 Mbits/sec  1.388 ms  0/594 (0%)  
[  5]  26.00-27.00  sec   765 KBytes  6.27 Mbits/sec  1.360 ms  0/653 (0%)  
[  5]  27.00-28.00  sec   775 KBytes  6.35 Mbits/sec  1.253 ms  0/661 (0%)  
[  5]  28.00-29.00  sec   749 KBytes  6.13 Mbits/sec  1.095 ms  0/639 (0%)  
[  5]  29.00-30.00  sec   761 KBytes  6.23 Mbits/sec  0.996 ms  0/649 (0%)  
[  5]  30.00-31.00  sec   779 KBytes  6.39 Mbits/sec  1.281 ms  0/665 (0%)  
[  5]  31.00-32.00  sec   771 KBytes  6.31 Mbits/sec  1.403 ms  0/658 (0%)  
[  5]  32.00-33.00  sec   778 KBytes  6.38 Mbits/sec  1.074 ms  0/664 (0%)  
[  5]  33.00-34.00  sec   783 KBytes  6.41 Mbits/sec  1.064 ms  0/668 (0%)  
[  5]  34.00-35.00  sec   776 KBytes  6.36 Mbits/sec  1.040 ms  0/662 (0%)  
[  5]  35.00-36.00  sec   780 KBytes  6.39 Mbits/sec  1.104 ms  0/666 (0%)  
[  5]  36.00-37.00  sec   761 KBytes  6.23 Mbits/sec  1.053 ms  0/649 (0%)  
[  5]  37.00-38.00  sec   759 KBytes  6.22 Mbits/sec  1.274 ms  0/648 (0%)  
[  5]  38.00-39.00  sec   763 KBytes  6.25 Mbits/sec  0.988 ms  0/651 (0%)  
[  5]  39.00-40.00  sec   783 KBytes  6.41 Mbits/sec  1.216 ms  0/668 (0%)  
[  5]  40.00-41.00  sec   620 KBytes  5.08 Mbits/sec  1.094 ms  165/694 (24%)  
[  5]  41.00-42.00  sec   820 KBytes  6.72 Mbits/sec  1.060 ms  663/1363 (49%)  
[  5]  42.00-43.00  sec   810 KBytes  6.64 Mbits/sec  1.090 ms  614/1305 (47%)  
[  5]  43.00-44.00  sec   718 KBytes  5.88 Mbits/sec  1.076 ms  551/1164 (47%)  
[  5]  44.00-45.00  sec   819 KBytes  6.71 Mbits/sec  1.127 ms  617/1316 (47%)  
[  5]  45.00-46.00  sec   705 KBytes  5.78 Mbits/sec  1.115 ms  550/1152 (48%)  
[  5]  46.00-47.00  sec   820 KBytes  6.72 Mbits/sec  1.077 ms  625/1325 (47%)  
[  5]  47.00-48.00  sec   720 KBytes  5.90 Mbits/sec  1.146 ms  536/1150 (47%)  
[  5]  48.00-49.00  sec   820 KBytes  6.72 Mbits/sec  1.067 ms  645/1345 (48%)  
[  5]  49.00-50.00  sec   810 KBytes  6.64 Mbits/sec  1.107 ms  625/1316 (47%)  
[  5]  50.00-51.00  sec   720 KBytes  5.89 Mbits/sec  1.180 ms  570/1184 (48%)  
[  5]  51.00-52.00  sec   820 KBytes  6.72 Mbits/sec  1.098 ms  617/1317 (47%)  
[  5]  52.00-53.00  sec   720 KBytes  5.89 Mbits/sec  1.011 ms  527/1141 (46%)  
[  5]  53.00-54.00  sec   819 KBytes  6.71 Mbits/sec  1.141 ms  625/1324 (47%)  
[  5]  54.00-55.00  sec   720 KBytes  5.89 Mbits/sec  1.077 ms  534/1148 (47%)  
[  5]  55.00-56.00  sec   820 KBytes  6.72 Mbits/sec  1.091 ms  609/1309 (47%)  
[  5]  56.00-57.00  sec   810 KBytes  6.63 Mbits/sec  1.107 ms  607/1298 (47%)  
[  5]  57.00-58.00  sec   730 KBytes  5.98 Mbits/sec  1.087 ms  578/1201 (48%)  
[  5]  58.00-59.00  sec   695 KBytes  5.69 Mbits/sec  1.165 ms  575/1168 (49%)  
[  5]  59.00-60.00  sec   811 KBytes  6.64 Mbits/sec  1.081 ms  632/1324 (48%)  
[  5]  60.00-61.00  sec   729 KBytes  5.97 Mbits/sec  1.117 ms  539/1161 (46%)  
[  5]  61.00-62.00  sec   810 KBytes  6.63 Mbits/sec  1.061 ms  597/1288 (46%)  
[  5]  62.00-63.00  sec   729 KBytes  5.97 Mbits/sec  1.029 ms  544/1166 (47%)  
[  5]  63.00-64.00  sec   810 KBytes  6.63 Mbits/sec  1.040 ms  599/1290 (46%)  
[  5]  64.00-65.00  sec   720 KBytes  5.89 Mbits/sec  1.077 ms  540/1154 (47%)  
[  5]  65.00-66.00  sec   819 KBytes  6.71 Mbits/sec  1.100 ms  640/1339 (48%)  
[  5]  66.00-67.00  sec   720 KBytes  5.89 Mbits/sec  1.083 ms  550/1164 (47%)  
[  5]  67.00-68.00  sec   718 KBytes  5.88 Mbits/sec  1.044 ms  537/1150 (47%)  
[  5]  68.00-69.00  sec   700 KBytes  5.73 Mbits/sec  1.055 ms  528/1125 (47%)  
[  5]  69.00-70.00  sec   810 KBytes  6.63 Mbits/sec  1.125 ms  637/1328 (48%)  
[  5]  70.00-71.00  sec   729 KBytes  5.97 Mbits/sec  1.046 ms  584/1206 (48%)  
[  5]  71.00-72.00  sec   718 KBytes  5.88 Mbits/sec  1.013 ms  550/1163 (47%)  
[  5]  72.00-73.00  sec   810 KBytes  6.63 Mbits/sec  1.090 ms  615/1306 (47%)  
[  5]  73.00-74.00  sec   698 KBytes  5.72 Mbits/sec  1.121 ms  576/1172 (49%)  
[  5]  74.00-75.00  sec   819 KBytes  6.71 Mbits/sec  1.150 ms  655/1354 (48%)  
[  5]  75.00-76.00  sec   823 KBytes  6.74 Mbits/sec  1.067 ms  668/1370 (49%)  
[  5]  76.00-77.00  sec   718 KBytes  5.88 Mbits/sec  1.125 ms  565/1178 (48%)  
[  5]  77.00-78.00  sec   718 KBytes  5.88 Mbits/sec  1.155 ms  565/1178 (48%)  
[  5]  78.00-79.00  sec   820 KBytes  6.72 Mbits/sec  1.015 ms  648/1348 (48%)  
[  5]  79.00-80.00  sec   810 KBytes  6.63 Mbits/sec  1.198 ms  655/1346 (49%)  
[  5]  80.00-81.00  sec   730 KBytes  5.98 Mbits/sec  0.982 ms  589/1212 (49%)  
[  5]  81.00-82.00  sec   797 KBytes  6.53 Mbits/sec  1.174 ms  688/1368 (50%)  
[  5]  82.00-83.00  sec   762 KBytes  6.24 Mbits/sec  3.277 ms  654/1304 (50%)  
[  5]  83.00-84.00  sec   764 KBytes  6.26 Mbits/sec  1.116 ms  621/1273 (49%)  
[  5]  84.00-85.00  sec   821 KBytes  6.73 Mbits/sec  1.084 ms  646/1347 (48%)  
[  5]  85.00-86.00  sec   718 KBytes  5.88 Mbits/sec  1.063 ms  571/1184 (48%)  
[  5]  86.00-87.00  sec   820 KBytes  6.72 Mbits/sec  1.044 ms  622/1322 (47%)  
[  5]  87.00-88.00  sec   718 KBytes  5.88 Mbits/sec  1.082 ms  534/1147 (47%)  
[  5]  88.00-89.00  sec   720 KBytes  5.89 Mbits/sec  1.069 ms  539/1153 (47%)  
[  5]  89.00-90.00  sec   819 KBytes  6.71 Mbits/sec  1.130 ms  660/1359 (49%)  
[  5]  90.00-91.00  sec   718 KBytes  5.89 Mbits/sec  1.084 ms  561/1174 (48%)  
[  5]  91.00-92.00  sec   820 KBytes  6.72 Mbits/sec  1.092 ms  641/1341 (48%)  
[  5]  92.00-93.00  sec   802 KBytes  6.57 Mbits/sec  1.095 ms  599/1283 (47%)  
[  5]  93.00-94.00  sec   720 KBytes  5.89 Mbits/sec  1.015 ms  533/1147 (46%)  
[  5]  94.00-95.00  sec   812 KBytes  6.65 Mbits/sec  1.218 ms  604/1297 (47%)  
[  5]  95.00-96.00  sec   718 KBytes  5.89 Mbits/sec  1.094 ms  548/1161 (47%)  
[  5]  96.00-97.00  sec   820 KBytes  6.72 Mbits/sec  1.022 ms  616/1316 (47%)  
[  5]  97.00-98.00  sec   718 KBytes  5.89 Mbits/sec  1.129 ms  548/1161 (47%)  
[  5]  98.00-99.00  sec   820 KBytes  6.72 Mbits/sec  1.068 ms  655/1355 (48%)  
[  5]  99.00-100.00 sec   718 KBytes  5.88 Mbits/sec  1.084 ms  564/1177 (48%)  
[  5] 100.00-101.00 sec   820 KBytes  6.72 Mbits/sec  1.095 ms  656/1356 (48%)  
[  5] 101.00-102.00 sec   711 KBytes  5.82 Mbits/sec  1.344 ms  554/1161 (48%)  
[  5] 102.00-103.00 sec   810 KBytes  6.64 Mbits/sec  1.084 ms  631/1322 (48%)  
[  5] 103.00-104.00 sec   710 KBytes  5.82 Mbits/sec  1.629 ms  576/1182 (49%)  
[  5] 104.00-105.00 sec   689 KBytes  5.65 Mbits/sec  1.129 ms  533/1121 (48%)  
[  5] 105.00-106.00 sec   840 KBytes  6.88 Mbits/sec  1.105 ms  642/1359 (47%)  
[  5] 106.00-107.00 sec   700 KBytes  5.73 Mbits/sec  1.038 ms  556/1153 (48%)  
[  5] 107.00-108.00 sec   793 KBytes  6.49 Mbits/sec  1.254 ms  624/1311 (48%)  
[  5] 108.00-109.00 sec   710 KBytes  5.82 Mbits/sec  1.084 ms  556/1162 (48%)  
[  5] 109.00-110.00 sec   729 KBytes  5.97 Mbits/sec  1.034 ms  564/1186 (48%)  
[  5] 110.00-111.00 sec   720 KBytes  5.89 Mbits/sec  1.081 ms  538/1152 (47%)  
[  5] 111.00-112.00 sec   810 KBytes  6.64 Mbits/sec  1.112 ms  613/1304 (47%)  
[  5] 112.00-113.00 sec   729 KBytes  5.97 Mbits/sec  1.146 ms  561/1183 (47%)  
[  5] 113.00-114.00 sec   811 KBytes  6.64 Mbits/sec  1.167 ms  628/1320 (48%)  
[  5] 114.00-115.00 sec   820 KBytes  6.72 Mbits/sec  1.094 ms  652/1352 (48%)  
[  5] 115.00-116.00 sec   718 KBytes  5.88 Mbits/sec  1.152 ms  587/1200 (49%)  
[  5] 116.00-117.00 sec   811 KBytes  6.64 Mbits/sec  1.001 ms  664/1356 (49%)  
[  5] 117.00-118.00 sec   718 KBytes  5.88 Mbits/sec  1.099 ms  572/1185 (48%)  
[  5] 118.00-119.00 sec   820 KBytes  6.72 Mbits/sec  1.082 ms  659/1359 (48%)  
[  5] 119.00-120.00 sec   718 KBytes  5.88 Mbits/sec  1.200 ms  580/1193 (49%)  
[  5] 120.00-121.00 sec   718 KBytes  5.87 Mbits/sec  1.119 ms  562/1175 (48%)  
[  5] 121.00-122.00 sec   820 KBytes  6.74 Mbits/sec  1.150 ms  696/1396 (50%)  
[  5] 122.00-123.00 sec   718 KBytes  5.89 Mbits/sec  1.287 ms  602/1215 (50%)  
[  5] 123.00-124.00 sec   810 KBytes  6.63 Mbits/sec  1.137 ms  650/1341 (48%)  
[  5] 124.00-125.00 sec   820 KBytes  6.72 Mbits/sec  1.111 ms  614/1314 (47%)  
[  5] 125.00-126.00 sec   717 KBytes  5.86 Mbits/sec  1.126 ms  536/1148 (47%)  
[  5] 126.00-127.00 sec   720 KBytes  5.91 Mbits/sec  1.077 ms  528/1142 (46%)  
[  5] 127.00-128.00 sec   820 KBytes  6.72 Mbits/sec  1.139 ms  628/1328 (47%)  
[  5] 128.00-129.00 sec   805 KBytes  6.60 Mbits/sec  1.486 ms  632/1319 (48%)  
[  5] 129.00-130.00 sec   707 KBytes  5.79 Mbits/sec  1.098 ms  548/1155 (47%)  
[  5] 130.00-131.00 sec   810 KBytes  6.63 Mbits/sec  1.205 ms  650/1341 (48%)  
[  5] 131.00-132.00 sec   730 KBytes  5.98 Mbits/sec  1.023 ms  601/1224 (49%)  
[  5] 132.00-133.00 sec   810 KBytes  6.63 Mbits/sec  1.078 ms  641/1332 (48%)  
[  5] 133.00-134.00 sec   729 KBytes  5.97 Mbits/sec  1.040 ms  578/1200 (48%)  
[  5] 134.00-135.00 sec   710 KBytes  5.81 Mbits/sec  3.222 ms  541/1147 (47%)  
[  5] 135.00-136.00 sec   819 KBytes  6.72 Mbits/sec  1.103 ms  623/1322 (47%)  
[  5] 136.00-137.00 sec   700 KBytes  5.73 Mbits/sec  1.069 ms  533/1130 (47%)  
[  5] 137.00-138.00 sec   810 KBytes  6.63 Mbits/sec  1.100 ms  594/1285 (46%)  
[  5] 138.00-139.00 sec   714 KBytes  5.85 Mbits/sec  1.049 ms  579/1188 (49%)  
[  5] 139.00-140.00 sec   820 KBytes  6.71 Mbits/sec  1.068 ms  656/1356 (48%)  
[  5] 140.00-141.00 sec   718 KBytes  5.90 Mbits/sec  1.085 ms  549/1162 (47%)  
[  5] 141.00-142.00 sec   820 KBytes  6.72 Mbits/sec  1.058 ms  618/1318 (47%)  
[  5] 142.00-143.00 sec   720 KBytes  5.90 Mbits/sec  1.084 ms  531/1145 (46%)  
[  5] 143.00-144.00 sec   810 KBytes  6.63 Mbits/sec  1.168 ms  609/1300 (47%)  
[  5] 144.00-145.00 sec   729 KBytes  5.97 Mbits/sec  1.076 ms  549/1171 (47%)  
[  5] 145.00-146.00 sec   799 KBytes  6.55 Mbits/sec  1.148 ms  628/1310 (48%)  
[  5] 146.00-147.00 sec   729 KBytes  5.97 Mbits/sec  1.000 ms  595/1217 (49%)  
[  5] 147.00-148.00 sec   805 KBytes  6.60 Mbits/sec  1.146 ms  695/1382 (50%)  
[  5] 148.00-149.00 sec   817 KBytes  6.69 Mbits/sec  1.113 ms  684/1381 (50%)  
[  5] 149.00-150.00 sec   720 KBytes  5.89 Mbits/sec  1.092 ms  564/1178 (48%)  
[  5] 150.00-151.00 sec   718 KBytes  5.88 Mbits/sec  1.136 ms  550/1163 (47%)  
[  5] 151.00-152.00 sec   729 KBytes  5.97 Mbits/sec  1.016 ms  560/1182 (47%)  
[  5] 152.00-153.00 sec   810 KBytes  6.63 Mbits/sec  1.142 ms  618/1309 (47%)  
[  5] 153.00-154.00 sec   730 KBytes  5.98 Mbits/sec  0.990 ms  555/1178 (47%)  
[  5] 154.00-155.00 sec   810 KBytes  6.63 Mbits/sec  1.148 ms  622/1313 (47%)  
[  5] 155.00-156.00 sec   718 KBytes  5.89 Mbits/sec  1.092 ms  560/1173 (48%)  
[  5] 156.00-157.00 sec   698 KBytes  5.72 Mbits/sec  1.055 ms  561/1157 (48%)  
[  5] 157.00-158.00 sec   841 KBytes  6.89 Mbits/sec  1.066 ms  634/1352 (47%)  
[  5] 158.00-159.00 sec   718 KBytes  5.88 Mbits/sec  1.122 ms  543/1156 (47%)  
[  5] 159.00-160.00 sec   698 KBytes  5.71 Mbits/sec  1.079 ms  538/1134 (47%)  
[  5] 160.00-161.00 sec   720 KBytes  5.90 Mbits/sec  1.068 ms  541/1155 (47%)  
[  5] 161.00-162.00 sec   795 KBytes  6.51 Mbits/sec  1.025 ms  641/1319 (49%)  
[  5] 162.00-163.00 sec   729 KBytes  5.97 Mbits/sec  1.084 ms  591/1213 (49%)  
[  5] 163.00-164.00 sec   720 KBytes  5.89 Mbits/sec  1.128 ms  588/1202 (49%)  
[  5] 164.00-165.00 sec   820 KBytes  6.72 Mbits/sec  1.036 ms  665/1365 (49%)  
[  5] 165.00-166.00 sec   720 KBytes  5.89 Mbits/sec  1.081 ms  579/1193 (49%)  
[  5] 166.00-167.00 sec   718 KBytes  5.89 Mbits/sec  1.122 ms  569/1182 (48%)  
[  5] 167.00-168.00 sec   689 KBytes  5.64 Mbits/sec  1.136 ms  558/1146 (49%)  
[  5] 168.00-169.00 sec   728 KBytes  5.96 Mbits/sec  1.025 ms  586/1207 (49%)  
[  5] 169.00-170.00 sec   811 KBytes  6.64 Mbits/sec  1.074 ms  662/1354 (49%)  
[  5] 170.00-171.00 sec   720 KBytes  5.89 Mbits/sec  1.214 ms  579/1193 (49%)  
[  5] 171.00-172.00 sec   820 KBytes  6.72 Mbits/sec  1.124 ms  687/1387 (50%)  
[  5] 172.00-173.00 sec   718 KBytes  5.89 Mbits/sec  1.098 ms  601/1214 (50%)  
[  5] 173.00-174.00 sec   820 KBytes  6.72 Mbits/sec  1.121 ms  681/1381 (49%)  
[  5] 174.00-175.00 sec   720 KBytes  5.89 Mbits/sec  1.107 ms  571/1185 (48%)  
[  5] 175.00-176.00 sec   820 KBytes  6.72 Mbits/sec  1.110 ms  664/1364 (49%)  
[  5] 176.00-177.00 sec   720 KBytes  5.89 Mbits/sec  1.138 ms  583/1197 (49%)  
[  5] 177.00-178.00 sec   810 KBytes  6.63 Mbits/sec  1.136 ms  682/1373 (50%)  
[  5] 178.00-179.00 sec   722 KBytes  5.91 Mbits/sec  1.134 ms  630/1246 (51%)  
[  5] 179.00-180.00 sec   811 KBytes  6.64 Mbits/sec  1.141 ms  742/1434 (52%)  
[  5] 180.00-181.00 sec   709 KBytes  5.81 Mbits/sec  1.161 ms  629/1234 (51%)  
[  5] 181.00-182.00 sec   813 KBytes  6.66 Mbits/sec  1.047 ms  675/1369 (49%)  
[  5] 182.00-183.00 sec   718 KBytes  5.88 Mbits/sec  1.177 ms  545/1158 (47%)  
[  5] 183.00-184.00 sec   718 KBytes  5.89 Mbits/sec  1.082 ms  545/1158 (47%)  
[  5] 184.00-185.00 sec   820 KBytes  6.72 Mbits/sec  1.113 ms  617/1317 (47%)  
[  5] 185.00-186.00 sec   718 KBytes  5.87 Mbits/sec  1.131 ms  539/1152 (47%)  
[  5] 186.00-187.00 sec   820 KBytes  6.73 Mbits/sec  1.048 ms  635/1335 (48%)  
[  5] 187.00-188.00 sec   718 KBytes  5.89 Mbits/sec  1.198 ms  572/1185 (48%)  
[  5] 188.00-189.00 sec   820 KBytes  6.72 Mbits/sec  1.101 ms  639/1339 (48%)  
[  5] 189.00-190.00 sec   810 KBytes  6.63 Mbits/sec  1.056 ms  626/1317 (48%)  
[  5] 190.00-191.00 sec   730 KBytes  5.98 Mbits/sec  0.904 ms  539/1162 (46%)  
[  5] 191.00-192.00 sec   718 KBytes  5.88 Mbits/sec  1.073 ms  544/1157 (47%)  
[  5] 192.00-193.00 sec   820 KBytes  6.72 Mbits/sec  1.112 ms  643/1343 (48%)  
[  5] 193.00-194.00 sec   720 KBytes  5.89 Mbits/sec  1.062 ms  559/1173 (48%)  
[  5] 194.00-195.00 sec   809 KBytes  6.62 Mbits/sec  1.123 ms  638/1328 (48%)  
[  5] 195.00-196.00 sec   684 KBytes  5.61 Mbits/sec  1.095 ms  590/1174 (50%)  
[  5] 196.00-197.00 sec   836 KBytes  6.84 Mbits/sec  1.156 ms  688/1401 (49%)  
[  5] 197.00-198.00 sec   729 KBytes  5.97 Mbits/sec  1.055 ms  607/1229 (49%)  
[  5] 198.00-199.00 sec   810 KBytes  6.63 Mbits/sec  1.050 ms  595/1286 (46%)  
[  5] 199.00-200.00 sec   720 KBytes  5.89 Mbits/sec  1.103 ms  561/1175 (48%)  
[  5] 200.00-201.00 sec   698 KBytes  5.72 Mbits/sec  1.093 ms  528/1124 (47%)  
[  5] 201.00-202.00 sec   841 KBytes  6.89 Mbits/sec  1.068 ms  617/1335 (46%)  
[  5] 202.00-203.00 sec   697 KBytes  5.71 Mbits/sec  1.077 ms  525/1120 (47%)  
[  5] 203.00-204.00 sec   810 KBytes  6.63 Mbits/sec  1.100 ms  631/1322 (48%)  
[  5] 204.00-205.00 sec   718 KBytes  5.89 Mbits/sec  1.207 ms  585/1198 (49%)  
[  5] 205.00-206.00 sec   806 KBytes  6.60 Mbits/sec  1.143 ms  655/1343 (49%)  
[  5] 206.00-207.00 sec   819 KBytes  6.70 Mbits/sec  1.047 ms  626/1325 (47%)  
[  5] 207.00-208.00 sec   718 KBytes  5.89 Mbits/sec  1.054 ms  545/1158 (47%)  
[  5] 208.00-209.00 sec   718 KBytes  5.89 Mbits/sec  1.181 ms  581/1194 (49%)  
[  5] 209.00-210.00 sec   813 KBytes  6.66 Mbits/sec  1.136 ms  676/1370 (49%)  
[  5] 210.00-211.00 sec   718 KBytes  5.88 Mbits/sec  1.147 ms  546/1159 (47%)  
[  5] 211.00-212.00 sec   820 KBytes  6.72 Mbits/sec  1.111 ms  675/1375 (49%)  
[  5] 212.00-213.00 sec   720 KBytes  5.89 Mbits/sec  1.114 ms  562/1176 (48%)  
[  5] 213.00-214.00 sec   810 KBytes  6.63 Mbits/sec  1.157 ms  663/1354 (49%)  
[  5] 214.00-215.00 sec   718 KBytes  5.88 Mbits/sec  1.059 ms  559/1172 (48%)  
[  5] 215.00-216.00 sec   820 KBytes  6.72 Mbits/sec  1.121 ms  629/1329 (47%)  
[  5] 216.00-217.00 sec   720 KBytes  5.89 Mbits/sec  1.108 ms  544/1158 (47%)  
[  5] 217.00-218.00 sec   729 KBytes  5.97 Mbits/sec  1.087 ms  561/1183 (47%)  
[  5] 218.00-219.00 sec   810 KBytes  6.63 Mbits/sec  1.159 ms  612/1303 (47%)  
[  5] 219.00-220.00 sec   720 KBytes  5.89 Mbits/sec  1.079 ms  543/1157 (47%)  
[  5] 220.00-221.00 sec   820 KBytes  6.72 Mbits/sec  1.105 ms  644/1344 (48%)  
[  5] 221.00-222.00 sec   820 KBytes  6.72 Mbits/sec  1.095 ms  641/1341 (48%)  
[  5] 222.00-223.00 sec   720 KBytes  5.89 Mbits/sec  1.071 ms  547/1161 (47%)  
[  5] 223.00-224.00 sec   809 KBytes  6.63 Mbits/sec  1.133 ms  659/1349 (49%)  
[  5] 224.00-225.00 sec   729 KBytes  5.97 Mbits/sec  1.061 ms  576/1198 (48%)  
[  5] 225.00-226.00 sec   720 KBytes  5.89 Mbits/sec  1.100 ms  573/1187 (48%)  
[  5] 226.00-227.00 sec   811 KBytes  6.64 Mbits/sec  1.094 ms  627/1319 (48%)  
[  5] 227.00-228.00 sec   729 KBytes  5.97 Mbits/sec  1.074 ms  570/1192 (48%)  
[  5] 228.00-229.00 sec   810 KBytes  6.63 Mbits/sec  1.083 ms  640/1331 (48%)  
[  5] 229.00-230.00 sec   729 KBytes  5.98 Mbits/sec  1.066 ms  589/1211 (49%)  
[  5] 230.00-231.00 sec   811 KBytes  6.64 Mbits/sec  1.161 ms  613/1305 (47%)  
[  5] 231.00-232.00 sec   729 KBytes  5.97 Mbits/sec  1.077 ms  557/1179 (47%)  
[  5] 232.00-233.00 sec   720 KBytes  5.89 Mbits/sec  1.115 ms  554/1168 (47%)  
[  5] 233.00-234.00 sec   810 KBytes  6.63 Mbits/sec  1.054 ms  626/1317 (48%)  
[  5] 234.00-235.00 sec   698 KBytes  5.72 Mbits/sec  1.105 ms  520/1116 (47%)  
[  5] 235.00-236.00 sec   836 KBytes  6.84 Mbits/sec  1.368 ms  640/1353 (47%)  
[  5] 236.00-237.00 sec   700 KBytes  5.73 Mbits/sec  1.121 ms  553/1150 (48%)  
[  5] 237.00-238.00 sec   839 KBytes  6.88 Mbits/sec  1.138 ms  666/1382 (48%)  
[  5] 238.00-239.00 sec   700 KBytes  5.73 Mbits/sec  1.057 ms  584/1181 (49%)  
[  5] 239.00-240.00 sec   840 KBytes  6.88 Mbits/sec  1.060 ms  673/1390 (48%)  
[  5] 240.00-241.00 sec   700 KBytes  5.73 Mbits/sec  1.121 ms  544/1141 (48%)  
[  5] 241.00-242.00 sec   707 KBytes  5.79 Mbits/sec  1.144 ms  541/1144 (47%)  
[  5] 242.00-243.00 sec   821 KBytes  6.73 Mbits/sec  1.107 ms  646/1347 (48%)  
[  5] 243.00-244.00 sec   717 KBytes  5.88 Mbits/sec  1.102 ms  563/1175 (48%)  
[  5] 244.00-245.00 sec   810 KBytes  6.63 Mbits/sec  1.140 ms  647/1338 (48%)  
[  5] 245.00-246.00 sec   729 KBytes  5.97 Mbits/sec  1.043 ms  589/1211 (49%)  
[  5] 246.00-247.00 sec   810 KBytes  6.63 Mbits/sec  1.139 ms  649/1340 (48%)  
[  5] 247.00-248.00 sec   720 KBytes  5.89 Mbits/sec  1.212 ms  550/1164 (47%)  
[  5] 248.00-249.00 sec   820 KBytes  6.72 Mbits/sec  1.075 ms  645/1345 (48%)  
[  5] 249.00-250.00 sec   720 KBytes  5.89 Mbits/sec  1.092 ms  556/1170 (48%)  
[  5] 250.00-251.00 sec   755 KBytes  6.19 Mbits/sec  2.649 ms  577/1221 (47%)  
[  5] 251.00-252.00 sec   770 KBytes  6.31 Mbits/sec  1.100 ms  600/1257 (48%)  
[  5] 252.00-253.00 sec   799 KBytes  6.55 Mbits/sec  1.878 ms  637/1319 (48%)  
[  5] 253.00-254.00 sec   686 KBytes  5.62 Mbits/sec  1.158 ms  583/1168 (50%)  
[  5] 254.00-255.00 sec   844 KBytes  6.91 Mbits/sec  1.062 ms  724/1444 (50%)  
[  5] 255.00-256.00 sec   720 KBytes  5.89 Mbits/sec  1.195 ms  570/1184 (48%)  
[  5] 256.00-257.00 sec   820 KBytes  6.71 Mbits/sec  1.082 ms  651/1351 (48%)  
[  5] 257.00-258.00 sec   689 KBytes  5.66 Mbits/sec  1.044 ms  526/1114 (47%)  
[  5] 258.00-259.00 sec   720 KBytes  5.89 Mbits/sec  1.075 ms  562/1176 (48%)  
[  5] 259.00-260.00 sec   718 KBytes  5.88 Mbits/sec  1.098 ms  552/1165 (47%)  
[  5] 260.00-261.00 sec   820 KBytes  6.72 Mbits/sec  1.056 ms  639/1339 (48%)  
[  5] 261.00-262.00 sec   720 KBytes  5.89 Mbits/sec  1.119 ms  585/1199 (49%)  
[  5] 262.00-263.00 sec   820 KBytes  6.72 Mbits/sec  1.021 ms  653/1353 (48%)  
[  5] 263.00-264.00 sec   839 KBytes  6.88 Mbits/sec  1.070 ms  627/1343 (47%)  
[  5] 264.00-265.00 sec   689 KBytes  5.64 Mbits/sec  1.177 ms  530/1118 (47%)  
[  5] 265.00-266.00 sec   720 KBytes  5.89 Mbits/sec  1.146 ms  544/1158 (47%)  
[  5] 266.00-267.00 sec   819 KBytes  6.71 Mbits/sec  1.082 ms  624/1323 (47%)  
[  5] 267.00-268.00 sec   720 KBytes  5.89 Mbits/sec  1.096 ms  550/1164 (47%)  
[  5] 268.00-269.00 sec   819 KBytes  6.71 Mbits/sec  1.107 ms  630/1329 (47%)  
[  5] 269.00-270.00 sec   720 KBytes  5.90 Mbits/sec  1.142 ms  604/1218 (50%)  
[  5] 270.00-271.00 sec   820 KBytes  6.72 Mbits/sec  1.161 ms  684/1384 (49%)  
[  5] 271.00-272.00 sec   810 KBytes  6.63 Mbits/sec  1.110 ms  653/1344 (49%)  
[  5] 272.00-273.00 sec   729 KBytes  5.97 Mbits/sec  1.049 ms  577/1199 (48%)  
[  5] 273.00-274.00 sec   720 KBytes  5.89 Mbits/sec  1.145 ms  566/1180 (48%)  
[  5] 274.00-275.00 sec   811 KBytes  6.64 Mbits/sec  1.129 ms  620/1312 (47%)  
[  5] 275.00-276.00 sec   729 KBytes  5.97 Mbits/sec  1.119 ms  559/1181 (47%)  
[  5] 276.00-277.00 sec   810 KBytes  6.64 Mbits/sec  1.116 ms  615/1306 (47%)  
[  5] 277.00-278.00 sec   729 KBytes  5.97 Mbits/sec  1.048 ms  579/1201 (48%)  
[  5] 278.00-279.00 sec   718 KBytes  5.89 Mbits/sec  1.064 ms  583/1196 (49%)  
[  5] 279.00-280.00 sec   820 KBytes  6.72 Mbits/sec  0.991 ms  632/1332 (47%)  
[  5] 280.00-281.00 sec   718 KBytes  5.88 Mbits/sec  1.089 ms  567/1180 (48%)  
[  5] 281.00-282.00 sec   689 KBytes  5.64 Mbits/sec  1.111 ms  529/1117 (47%)  
[  5] 282.00-283.00 sec   718 KBytes  5.88 Mbits/sec  1.089 ms  533/1146 (47%)  
[  5] 283.00-284.00 sec   819 KBytes  6.71 Mbits/sec  1.102 ms  608/1307 (47%)  
[  5] 284.00-285.00 sec   720 KBytes  5.89 Mbits/sec  1.152 ms  550/1164 (47%)  
[  5] 285.00-286.00 sec   820 KBytes  6.72 Mbits/sec  1.138 ms  667/1367 (49%)  
[  5] 286.00-287.00 sec   720 KBytes  5.89 Mbits/sec  1.133 ms  597/1211 (49%)  
[  5] 287.00-288.00 sec   718 KBytes  5.88 Mbits/sec  1.096 ms  565/1178 (48%)  
[  5] 288.00-289.00 sec   820 KBytes  6.72 Mbits/sec  1.149 ms  626/1326 (47%)  
[  5] 289.00-290.00 sec   720 KBytes  5.90 Mbits/sec  1.145 ms  575/1189 (48%)  
[  5] 290.00-291.00 sec   718 KBytes  5.88 Mbits/sec  1.097 ms  575/1188 (48%)  
[  5] 291.00-292.00 sec   806 KBytes  6.61 Mbits/sec  1.106 ms  686/1374 (50%)  
[  5] 292.00-293.00 sec   720 KBytes  5.89 Mbits/sec  1.140 ms  592/1206 (49%)  
[  5] 293.00-294.00 sec   820 KBytes  6.72 Mbits/sec  1.248 ms  672/1372 (49%)  
[  5] 294.00-295.00 sec   720 KBytes  5.89 Mbits/sec  1.132 ms  613/1227 (50%)  
[  5] 295.00-296.00 sec   820 KBytes  6.72 Mbits/sec  1.141 ms  662/1362 (49%)  
[  5] 296.00-297.00 sec   820 KBytes  6.72 Mbits/sec  1.061 ms  660/1360 (49%)  
[  5] 297.00-298.00 sec   718 KBytes  5.88 Mbits/sec  1.115 ms  562/1175 (48%)  
[  5] 298.00-299.00 sec   720 KBytes  5.90 Mbits/sec  1.097 ms  585/1199 (49%)  
[  5] 299.00-300.00 sec   790 KBytes  6.47 Mbits/sec  1.053 ms  642/1316 (49%)  
[  5] 300.00-301.00 sec   826 KBytes  6.77 Mbits/sec  1.117 ms  672/1377 (49%)  
[  5] 301.00-302.00 sec   730 KBytes  5.98 Mbits/sec  1.117 ms  608/1231 (49%)  
[  5] 302.00-303.00 sec   810 KBytes  6.63 Mbits/sec  1.129 ms  669/1360 (49%)  
[  5] 303.00-304.00 sec   720 KBytes  5.89 Mbits/sec  1.069 ms  578/1192 (48%)  
[  5] 304.00-305.00 sec   819 KBytes  6.71 Mbits/sec  1.062 ms  633/1332 (48%)  
[  5] 305.00-306.00 sec   688 KBytes  5.63 Mbits/sec  1.197 ms  532/1119 (48%)  
[  5] 306.00-307.00 sec   820 KBytes  6.73 Mbits/sec  1.113 ms  611/1311 (47%)  
[  5] 307.00-308.00 sec   720 KBytes  5.89 Mbits/sec  1.091 ms  533/1147 (46%)  
[  5] 308.00-309.00 sec   820 KBytes  6.72 Mbits/sec  0.967 ms  605/1305 (46%)  
[  5] 309.00-310.00 sec   704 KBytes  5.77 Mbits/sec  1.152 ms  581/1182 (49%)  
[  5] 310.00-311.00 sec   821 KBytes  6.73 Mbits/sec  1.072 ms  657/1358 (48%)  
[  5] 311.00-312.00 sec   709 KBytes  5.81 Mbits/sec  1.053 ms  562/1167 (48%)  
[  5] 312.00-313.00 sec   841 KBytes  6.89 Mbits/sec  1.127 ms  628/1346 (47%)  
[  5] 313.00-314.00 sec   696 KBytes  5.70 Mbits/sec  1.052 ms  525/1119 (47%)  
[  5] 314.00-315.00 sec   841 KBytes  6.89 Mbits/sec  1.057 ms  625/1343 (47%)  
[  5] 315.00-316.00 sec   698 KBytes  5.72 Mbits/sec  1.038 ms  529/1125 (47%)  
[  5] 316.00-317.00 sec   718 KBytes  5.89 Mbits/sec  1.145 ms  557/1170 (48%)  
[  5] 317.00-318.00 sec   718 KBytes  5.89 Mbits/sec  1.108 ms  565/1178 (48%)  
[  5] 318.00-319.00 sec   689 KBytes  5.64 Mbits/sec  1.219 ms  558/1146 (49%)  
[  5] 319.00-320.00 sec   598 KBytes  4.90 Mbits/sec  1.132 ms  464/974 (48%)  
[  5] 320.00-321.00 sec   720 KBytes  5.89 Mbits/sec  1.167 ms  582/1196 (49%)  
[  5] 321.00-322.00 sec   729 KBytes  5.97 Mbits/sec  1.062 ms  568/1190 (48%)  
[  5] 322.00-323.00 sec   688 KBytes  5.64 Mbits/sec  1.079 ms  512/1099 (47%)  
[  5] 323.00-324.00 sec   598 KBytes  4.89 Mbits/sec  1.108 ms  463/973 (48%)  
[  5] 324.00-325.00 sec   718 KBytes  5.89 Mbits/sec  1.118 ms  544/1157 (47%)  
[  5] 325.00-326.00 sec   720 KBytes  5.89 Mbits/sec  1.155 ms  546/1160 (47%)  
[  5] 326.00-327.00 sec   689 KBytes  5.64 Mbits/sec  1.131 ms  518/1106 (47%)  
[  5] 327.00-328.00 sec   820 KBytes  6.73 Mbits/sec  1.156 ms  651/1351 (48%)  
[  5] 328.00-329.00 sec   718 KBytes  5.88 Mbits/sec  1.056 ms  570/1183 (48%)  
[  5] 329.00-330.00 sec   698 KBytes  5.72 Mbits/sec  1.146 ms  552/1148 (48%)  
[  5] 330.00-331.00 sec   712 KBytes  5.85 Mbits/sec  1.087 ms  688/1296 (53%)  
[  5] 331.00-332.00 sec   709 KBytes  5.80 Mbits/sec  1.140 ms  648/1253 (52%)  
[  5] 332.00-333.00 sec   718 KBytes  5.89 Mbits/sec  1.155 ms  696/1309 (53%)  
[  5] 333.00-334.00 sec   680 KBytes  5.57 Mbits/sec  1.193 ms  717/1297 (55%)  
[  5] 334.00-335.00 sec   797 KBytes  6.53 Mbits/sec  1.100 ms  810/1490 (54%)  
[  5] 335.00-336.00 sec   709 KBytes  5.81 Mbits/sec  1.158 ms  692/1297 (53%)  
[  5] 336.00-337.00 sec   619 KBytes  5.07 Mbits/sec  1.243 ms  625/1153 (54%)  
[  5] 337.00-338.00 sec   657 KBytes  5.38 Mbits/sec  1.107 ms  659/1220 (54%)  
[  5] 338.00-339.00 sec   718 KBytes  5.89 Mbits/sec  1.157 ms  662/1275 (52%)  
[  5] 339.00-340.00 sec   704 KBytes  5.77 Mbits/sec  1.137 ms  621/1222 (51%)  
[  5] 340.00-341.00 sec   718 KBytes  5.88 Mbits/sec  1.096 ms  630/1243 (51%)  
[  5] 341.00-342.00 sec   709 KBytes  5.81 Mbits/sec  1.107 ms  613/1218 (50%)  
[  5] 342.00-343.00 sec   689 KBytes  5.64 Mbits/sec  1.172 ms  633/1221 (52%)  
[  5] 343.00-344.00 sec   709 KBytes  5.81 Mbits/sec  1.206 ms  652/1257 (52%)  
[  5] 344.00-345.00 sec   809 KBytes  6.62 Mbits/sec  1.121 ms  713/1403 (51%)  
[  5] 345.00-346.00 sec   709 KBytes  5.81 Mbits/sec  1.150 ms  587/1192 (49%)  
[  5] 346.00-347.00 sec   709 KBytes  5.81 Mbits/sec  1.156 ms  608/1213 (50%)  
[  5] 347.00-348.00 sec   718 KBytes  5.88 Mbits/sec  1.159 ms  638/1251 (51%)  
[  5] 348.00-349.00 sec   709 KBytes  5.81 Mbits/sec  1.027 ms  618/1223 (51%)  
[  5] 349.00-350.00 sec   589 KBytes  4.83 Mbits/sec  1.136 ms  541/1044 (52%)  
[  5] 350.00-351.00 sec   718 KBytes  5.88 Mbits/sec  0.989 ms  677/1290 (52%)  
[  5] 351.00-352.00 sec   701 KBytes  5.74 Mbits/sec  1.160 ms  667/1265 (53%)  
[  5] 352.00-353.00 sec   589 KBytes  4.83 Mbits/sec  1.194 ms  563/1066 (53%)  
[  5] 353.00-354.00 sec   720 KBytes  5.89 Mbits/sec  1.202 ms  718/1332 (54%)  
[  5] 354.00-355.00 sec   708 KBytes  5.80 Mbits/sec  1.186 ms  642/1246 (52%)  
[  5] 355.00-356.00 sec   589 KBytes  4.83 Mbits/sec  1.130 ms  510/1013 (50%)  
[  5] 356.00-357.00 sec   709 KBytes  5.81 Mbits/sec  1.138 ms  623/1228 (51%)  
[  5] 357.00-358.00 sec   809 KBytes  6.62 Mbits/sec  1.148 ms  704/1394 (51%)  
[  5] 358.00-359.00 sec   709 KBytes  5.81 Mbits/sec  1.186 ms  625/1230 (51%)  
[  5] 359.00-360.00 sec   720 KBytes  5.90 Mbits/sec  1.197 ms  639/1253 (51%)  
[  5] 360.00-361.00 sec   708 KBytes  5.80 Mbits/sec  1.140 ms  620/1224 (51%)  
[  5] 361.00-362.00 sec   689 KBytes  5.64 Mbits/sec  1.063 ms  633/1221 (52%)  
[  5] 362.00-363.00 sec   709 KBytes  5.81 Mbits/sec  1.177 ms  682/1287 (53%)  
[  5] 363.00-364.00 sec   708 KBytes  5.80 Mbits/sec  1.113 ms  747/1351 (55%)  
[  5] 364.00-365.00 sec   709 KBytes  5.81 Mbits/sec  1.186 ms  673/1278 (53%)  
[  5] 365.00-366.00 sec   798 KBytes  6.54 Mbits/sec  1.051 ms  842/1523 (55%)  
[  5] 366.00-367.00 sec   709 KBytes  5.81 Mbits/sec  1.148 ms  707/1312 (54%)  
[  5] 367.00-368.00 sec   720 KBytes  5.90 Mbits/sec  1.133 ms  726/1340 (54%)  
[  5] 368.00-369.00 sec   668 KBytes  5.46 Mbits/sec  1.199 ms  703/1273 (55%)  
[  5] 369.00-370.00 sec   709 KBytes  5.82 Mbits/sec  1.220 ms  655/1260 (52%)  
[  5] 370.00-371.00 sec   718 KBytes  5.89 Mbits/sec  1.099 ms  641/1254 (51%)  
[  5] 371.00-372.00 sec   709 KBytes  5.81 Mbits/sec  1.126 ms  628/1233 (51%)  
[  5] 372.00-373.00 sec   709 KBytes  5.81 Mbits/sec  1.087 ms  656/1261 (52%)  
[  5] 373.00-374.00 sec   679 KBytes  5.56 Mbits/sec  1.153 ms  582/1161 (50%)  
[  5] 374.00-375.00 sec   709 KBytes  5.81 Mbits/sec  1.120 ms  624/1229 (51%)  
[  5] 375.00-376.00 sec   720 KBytes  5.89 Mbits/sec  1.083 ms  636/1250 (51%)  
[  5] 376.00-377.00 sec   798 KBytes  6.54 Mbits/sec  1.124 ms  704/1385 (51%)  
[  5] 377.00-378.00 sec   720 KBytes  5.89 Mbits/sec  1.125 ms  635/1249 (51%)  
[  5] 378.00-379.00 sec   708 KBytes  5.80 Mbits/sec  1.103 ms  602/1206 (50%)  
[  5] 379.00-380.00 sec   682 KBytes  5.59 Mbits/sec  1.039 ms  610/1192 (51%)  
[  5] 380.00-381.00 sec   709 KBytes  5.81 Mbits/sec  1.166 ms  619/1224 (51%)  
[  5] 381.00-382.00 sec   709 KBytes  5.81 Mbits/sec  1.189 ms  610/1215 (50%)  
[  5] 382.00-383.00 sec   809 KBytes  6.62 Mbits/sec  1.172 ms  744/1434 (52%)  
[  5] 383.00-384.00 sec   720 KBytes  5.90 Mbits/sec  1.044 ms  660/1274 (52%)  
[  5] 384.00-385.00 sec   709 KBytes  5.80 Mbits/sec  1.082 ms  663/1268 (52%)  
[  5] 385.00-386.00 sec   709 KBytes  5.81 Mbits/sec  1.087 ms  668/1273 (52%)  
[  5] 386.00-387.00 sec   688 KBytes  5.63 Mbits/sec  1.271 ms  622/1209 (51%)  
[  5] 387.00-388.00 sec   709 KBytes  5.81 Mbits/sec  1.197 ms  607/1212 (50%)  
[  5] 388.00-389.00 sec   620 KBytes  5.08 Mbits/sec  1.087 ms  520/1049 (50%)  
[  5] 389.00-390.00 sec   689 KBytes  5.65 Mbits/sec  1.024 ms  601/1189 (51%)  
[  5] 390.00-391.00 sec   618 KBytes  5.06 Mbits/sec  1.102 ms  558/1085 (51%)  
[  5] 391.00-392.00 sec   709 KBytes  5.81 Mbits/sec  1.152 ms  614/1219 (50%)  
[  5] 392.00-393.00 sec   718 KBytes  5.88 Mbits/sec  1.109 ms  659/1272 (52%)  
[  5] 393.00-394.00 sec   680 KBytes  5.57 Mbits/sec  1.124 ms  621/1201 (52%)  
[  5] 394.00-395.00 sec   708 KBytes  5.80 Mbits/sec  1.178 ms  611/1215 (50%)  
[  5] 395.00-396.00 sec   607 KBytes  4.97 Mbits/sec  1.199 ms  535/1053 (51%)  
[  5] 396.00-397.00 sec   717 KBytes  5.87 Mbits/sec  1.141 ms  603/1215 (50%)  
[  5] 397.00-398.00 sec   589 KBytes  4.83 Mbits/sec  1.153 ms  517/1020 (51%)  
[  5] 398.00-399.00 sec   702 KBytes  5.75 Mbits/sec  1.109 ms  641/1240 (52%)  
[  5] 399.00-400.00 sec   718 KBytes  5.89 Mbits/sec  1.164 ms  666/1279 (52%)  
[  5] 400.00-401.00 sec   679 KBytes  5.56 Mbits/sec  1.234 ms  620/1199 (52%)  
[  5] 401.00-402.00 sec   720 KBytes  5.89 Mbits/sec  1.090 ms  664/1278 (52%)  
[  5] 402.00-403.00 sec   709 KBytes  5.81 Mbits/sec  1.202 ms  752/1357 (55%)  
[  5] 403.00-404.00 sec   698 KBytes  5.72 Mbits/sec  1.241 ms  756/1352 (56%)  
[  5] 404.00-405.00 sec   619 KBytes  5.07 Mbits/sec  1.265 ms  642/1170 (55%)  
[  5] 405.00-406.00 sec   689 KBytes  5.64 Mbits/sec  1.153 ms  668/1256 (53%)  
[  5] 406.00-407.00 sec   708 KBytes  5.79 Mbits/sec  1.201 ms  661/1265 (52%)  
[  5] 407.00-408.00 sec   720 KBytes  5.89 Mbits/sec  1.128 ms  686/1300 (53%)  
