Connecting to host 172.22.0.50, port 5201
Reverse mode, remote host 172.22.0.50 is sending
[  5] local 192.168.100.2 port 51704 connected to 172.22.0.50 port 5201
[ ID] Interval           Transfer     Bitrate         Jitter    Lost/Total Datagrams
[  5]   0.00-1.00   sec  1.43 MBytes  12.0 Mbits/sec  0.862 ms  0/1250 (0%)  
[  5]   1.00-2.00   sec  1.43 MBytes  12.0 Mbits/sec  1.069 ms  0/1250 (0%)  
[  5]   2.00-3.00   sec  1.43 MBytes  12.0 Mbits/sec  1.099 ms  0/1250 (0%)  
[  5]   3.00-4.00   sec  1.43 MBytes  12.0 Mbits/sec  0.993 ms  0/1250 (0%)  
[  5]   4.00-5.00   sec  1.43 MBytes  12.0 Mbits/sec  0.852 ms  0/1252 (0%)  
[  5]   5.00-6.00   sec  1.42 MBytes  11.9 Mbits/sec  0.938 ms  0/1244 (0%)  
[  5]   6.00-7.00   sec  1.43 MBytes  12.0 Mbits/sec  1.139 ms  0/1251 (0%)  
[  5]   7.00-8.00   sec  1.43 MBytes  12.0 Mbits/sec  1.146 ms  0/1253 (0%)  
[  5]   8.00-9.00   sec  1.43 MBytes  12.0 Mbits/sec  1.093 ms  0/1251 (0%)  
[  5]   9.00-10.00  sec  1.43 MBytes  12.0 Mbits/sec  0.889 ms  0/1251 (0%)  
[  5]  10.00-11.00  sec   953 KBytes  7.80 Mbits/sec  1.483 ms  0/813 (0%)  
[  5]  11.00-12.00  sec   571 KBytes  4.68 Mbits/sec  1.493 ms  0/487 (0%)  
[  5]  12.00-13.00  sec   572 KBytes  4.68 Mbits/sec  1.426 ms  0/488 (0%)  
[  5]  13.00-14.00  sec   572 KBytes  4.68 Mbits/sec  1.537 ms  0/488 (0%)  
[  5]  14.00-15.00  sec   568 KBytes  4.66 Mbits/sec  1.366 ms  0/485 (0%)  
[  5]  15.00-16.00  sec   518 KBytes  4.24 Mbits/sec  1.962 ms  0/442 (0%)  
[  5]  16.00-17.00  sec   489 KBytes  4.00 Mbits/sec  1.858 ms  0/417 (0%)  
[  5]  17.00-18.00  sec   477 KBytes  3.91 Mbits/sec  1.675 ms  0/407 (0%)  
[  5]  18.00-19.00  sec   478 KBytes  3.92 Mbits/sec  1.700 ms  0/408 (0%)  
[  5]  19.00-20.00  sec   478 KBytes  3.92 Mbits/sec  1.662 ms  0/408 (0%)  
[  5]  20.00-21.00  sec   529 KBytes  4.33 Mbits/sec  1.336 ms  0/451 (0%)  
[  5]  21.00-22.00  sec   568 KBytes  4.66 Mbits/sec  1.275 ms  0/485 (0%)  
[  5]  22.00-23.00  sec   572 KBytes  4.68 Mbits/sec  1.306 ms  0/488 (0%)  
[  5]  23.00-24.00  sec   568 KBytes  4.66 Mbits/sec  1.393 ms  0/485 (0%)  
[  5]  24.00-25.00  sec   562 KBytes  4.61 Mbits/sec  1.433 ms  0/480 (0%)  
[  5]  25.00-26.00  sec   538 KBytes  4.40 Mbits/sec  1.501 ms  0/459 (0%)  
[  5]  26.00-27.00  sec   551 KBytes  4.52 Mbits/sec  1.650 ms  0/470 (0%)  
[  5]  27.00-28.00  sec   560 KBytes  4.59 Mbits/sec  1.391 ms  0/478 (0%)  
[  5]  28.00-29.00  sec   564 KBytes  4.62 Mbits/sec  1.335 ms  0/481 (0%)  
[  5]  29.00-30.00  sec   568 KBytes  4.66 Mbits/sec  1.357 ms  0/485 (0%)  
[  5]  30.00-31.00  sec   514 KBytes  4.21 Mbits/sec  1.838 ms  0/439 (0%)  
[  5]  31.00-32.00  sec   479 KBytes  3.92 Mbits/sec  1.935 ms  0/409 (0%)  
[  5]  32.00-33.00  sec   482 KBytes  3.95 Mbits/sec  1.660 ms  0/411 (0%)  
[  5]  33.00-34.00  sec   471 KBytes  3.86 Mbits/sec  1.651 ms  0/402 (0%)  
[  5]  34.00-35.00  sec   471 KBytes  3.86 Mbits/sec  1.716 ms  0/402 (0%)  
[  5]  35.00-36.00  sec   430 KBytes  3.52 Mbits/sec  2.144 ms  0/367 (0%)  
[  5]  36.00-37.00  sec   404 KBytes  3.31 Mbits/sec  2.115 ms  0/345 (0%)  
[  5]  37.00-38.00  sec   405 KBytes  3.32 Mbits/sec  2.036 ms  0/346 (0%)  
[  5]  38.00-39.00  sec   407 KBytes  3.33 Mbits/sec  2.117 ms  0/347 (0%)  
[  5]  39.00-40.00  sec   353 KBytes  2.89 Mbits/sec  1.568 ms  293/594 (49%)  
[  5]  40.00-41.00  sec   380 KBytes  3.11 Mbits/sec  1.440 ms  516/840 (61%)  
[  5]  41.00-42.00  sec   479 KBytes  3.93 Mbits/sec  1.499 ms  635/1044 (61%)  
[  5]  42.00-43.00  sec   479 KBytes  3.92 Mbits/sec  1.553 ms  641/1050 (61%)  
[  5]  43.00-44.00  sec   507 KBytes  4.16 Mbits/sec  1.423 ms  696/1129 (62%)  
[  5]  44.00-45.00  sec   401 KBytes  3.29 Mbits/sec  1.851 ms  544/886 (61%)  
[  5]  45.00-46.00  sec   502 KBytes  4.11 Mbits/sec  1.469 ms  727/1155 (63%)  
[  5]  46.00-47.00  sec   479 KBytes  3.93 Mbits/sec  1.436 ms  682/1091 (63%)  
[  5]  47.00-48.00  sec   479 KBytes  3.93 Mbits/sec  1.504 ms  676/1085 (62%)  
[  5]  48.00-49.00  sec   429 KBytes  3.51 Mbits/sec  1.589 ms  583/949 (61%)  
[  5]  49.00-50.00  sec   480 KBytes  3.93 Mbits/sec  1.638 ms  649/1059 (61%)  
[  5]  50.00-51.00  sec   507 KBytes  4.16 Mbits/sec  1.470 ms  698/1131 (62%)  
[  5]  51.00-52.00  sec   405 KBytes  3.32 Mbits/sec  1.884 ms  617/963 (64%)  
[  5]  52.00-53.00  sec   492 KBytes  4.03 Mbits/sec  1.861 ms  864/1284 (67%)  
[  5]  53.00-54.00  sec   488 KBytes  3.99 Mbits/sec  1.768 ms  851/1267 (67%)  
[  5]  54.00-55.00  sec   493 KBytes  4.04 Mbits/sec  1.766 ms  890/1311 (68%)  
[  5]  55.00-56.00  sec   493 KBytes  4.04 Mbits/sec  1.712 ms  876/1297 (68%)  
[  5]  56.00-57.00  sec   482 KBytes  3.95 Mbits/sec  2.030 ms  991/1402 (71%)  
[  5]  57.00-58.00  sec   469 KBytes  3.84 Mbits/sec  2.173 ms  1044/1444 (72%)  
[  5]  58.00-59.00  sec   437 KBytes  3.58 Mbits/sec  2.103 ms  976/1349 (72%)  
[  5]  59.00-60.00  sec   473 KBytes  3.88 Mbits/sec  2.033 ms  1059/1463 (72%)  
[  5]  60.00-61.00  sec   524 KBytes  4.29 Mbits/sec  1.727 ms  1152/1599 (72%)  
[  5]  61.00-62.00  sec   584 KBytes  4.78 Mbits/sec  1.781 ms  1083/1581 (69%)  
[  5]  62.00-63.00  sec   577 KBytes  4.72 Mbits/sec  1.678 ms  1045/1537 (68%)  
[  5]  63.00-64.00  sec   584 KBytes  4.78 Mbits/sec  1.709 ms  1037/1535 (68%)  
[  5]  64.00-65.00  sec   525 KBytes  4.30 Mbits/sec  2.934 ms  952/1400 (68%)  
[  5]  65.00-66.00  sec   593 KBytes  4.86 Mbits/sec  1.652 ms  1051/1557 (68%)  
[  5]  66.00-67.00  sec   734 KBytes  6.01 Mbits/sec  1.638 ms  1307/1933 (68%)  
[  5]  67.00-68.00  sec   716 KBytes  5.87 Mbits/sec  1.637 ms  1270/1881 (68%)  
[  5]  68.00-69.00  sec   649 KBytes  5.32 Mbits/sec  1.728 ms  1208/1762 (69%)  
[  5]  69.00-70.00  sec   716 KBytes  5.87 Mbits/sec  1.645 ms  1296/1907 (68%)  
[  5]  70.00-71.00  sec   715 KBytes  5.85 Mbits/sec  1.644 ms  1255/1865 (67%)  
[  5]  71.00-72.00  sec   559 KBytes  4.58 Mbits/sec  1.741 ms  1003/1480 (68%)  
[  5]  72.00-73.00  sec   650 KBytes  5.32 Mbits/sec  1.610 ms  1134/1689 (67%)  
[  5]  73.00-74.00  sec   642 KBytes  5.26 Mbits/sec  1.802 ms  1125/1673 (67%)  
[  5]  74.00-75.00  sec   650 KBytes  5.33 Mbits/sec  1.723 ms  1177/1732 (68%)  
[  5]  75.00-76.00  sec   546 KBytes  4.47 Mbits/sec  1.523 ms  918/1384 (66%)  
[  5]  76.00-77.00  sec   580 KBytes  4.75 Mbits/sec  1.466 ms  798/1293 (62%)  
[  5]  77.00-78.00  sec   579 KBytes  4.74 Mbits/sec  1.509 ms  775/1269 (61%)  
[  5]  78.00-79.00  sec   509 KBytes  4.17 Mbits/sec  1.444 ms  689/1123 (61%)  
[  5]  79.00-80.00  sec   580 KBytes  4.75 Mbits/sec  1.447 ms  769/1264 (61%)  
[  5]  80.00-81.00  sec   566 KBytes  4.64 Mbits/sec  1.306 ms  716/1199 (60%)  
[  5]  81.00-82.00  sec   612 KBytes  5.01 Mbits/sec  1.183 ms  581/1103 (53%)  
[  5]  82.00-83.00  sec   550 KBytes  4.50 Mbits/sec  1.415 ms  506/975 (52%)  
[  5]  83.00-84.00  sec   531 KBytes  4.35 Mbits/sec  1.318 ms  536/989 (54%)  
[  5]  84.00-85.00  sec   575 KBytes  4.71 Mbits/sec  1.312 ms  508/999 (51%)  
[  5]  85.00-86.00  sec   531 KBytes  4.35 Mbits/sec  1.205 ms  489/942 (52%)  
[  5]  86.00-87.00  sec   432 KBytes  3.54 Mbits/sec  1.531 ms  403/772 (52%)  
[  5]  87.00-88.00  sec   477 KBytes  3.91 Mbits/sec  1.449 ms  516/923 (56%)  
[  5]  88.00-89.00  sec   488 KBytes  3.99 Mbits/sec  1.546 ms  569/985 (58%)  
[  5]  89.00-90.00  sec   489 KBytes  4.00 Mbits/sec  1.597 ms  570/987 (58%)  
[  5]  90.00-91.00  sec   409 KBytes  3.35 Mbits/sec  8.638 ms  478/827 (58%)  
[  5]  91.00-92.00  sec   408 KBytes  3.34 Mbits/sec  1.515 ms  431/779 (55%)  
[  5]  92.00-93.00  sec   400 KBytes  3.28 Mbits/sec  1.549 ms  468/809 (58%)  
[  5]  93.00-94.00  sec   408 KBytes  3.34 Mbits/sec  1.429 ms  459/807 (57%)  
[  5]  94.00-95.00  sec   418 KBytes  3.42 Mbits/sec  1.828 ms  531/888 (60%)  
[  5]  95.00-96.00  sec   430 KBytes  3.53 Mbits/sec  1.474 ms  612/979 (63%)  
[  5]  96.00-97.00  sec   479 KBytes  3.93 Mbits/sec  1.619 ms  652/1061 (61%)  
[  5]  97.00-98.00  sec   479 KBytes  3.93 Mbits/sec  1.500 ms  663/1072 (62%)  
[  5]  98.00-99.00  sec   507 KBytes  4.16 Mbits/sec  1.455 ms  689/1122 (61%)  
[  5]  99.00-100.00 sec   401 KBytes  3.28 Mbits/sec  1.791 ms  554/896 (62%)  
[  5] 100.00-101.00 sec   530 KBytes  4.34 Mbits/sec  1.449 ms  713/1165 (61%)  
[  5] 101.00-102.00 sec   580 KBytes  4.75 Mbits/sec  1.414 ms  777/1272 (61%)  
[  5] 102.00-103.00 sec   500 KBytes  4.10 Mbits/sec  1.414 ms  688/1115 (62%)  
[  5] 103.00-104.00 sec   579 KBytes  4.74 Mbits/sec  1.458 ms  800/1294 (62%)  
[  5] 104.00-105.00 sec   580 KBytes  4.75 Mbits/sec  1.381 ms  795/1290 (62%)  
[  5] 105.00-106.00 sec   622 KBytes  5.10 Mbits/sec  1.648 ms  998/1529 (65%)  
[  5] 106.00-107.00 sec   649 KBytes  5.32 Mbits/sec  1.763 ms  1196/1750 (68%)  
[  5] 107.00-108.00 sec   716 KBytes  5.87 Mbits/sec  1.736 ms  1298/1909 (68%)  
[  5] 108.00-109.00 sec   649 KBytes  5.32 Mbits/sec  1.682 ms  1140/1694 (67%)  
[  5] 109.00-110.00 sec   716 KBytes  5.87 Mbits/sec  1.995 ms  1608/2219 (72%)  
[  5] 110.00-111.00 sec   709 KBytes  5.81 Mbits/sec  1.987 ms  1592/2197 (72%)  
[  5] 111.00-112.00 sec   649 KBytes  5.31 Mbits/sec  2.024 ms  1465/2019 (73%)  
[  5] 112.00-113.00 sec   650 KBytes  5.33 Mbits/sec  1.599 ms  1149/1704 (67%)  
[  5] 113.00-114.00 sec   559 KBytes  4.58 Mbits/sec  1.916 ms  981/1458 (67%)  
[  5] 114.00-115.00 sec   643 KBytes  5.27 Mbits/sec  1.793 ms  1140/1689 (67%)  
[  5] 115.00-116.00 sec   667 KBytes  5.46 Mbits/sec  1.494 ms  1182/1751 (68%)  
[  5] 116.00-117.00 sec   551 KBytes  4.51 Mbits/sec  1.531 ms  759/1229 (62%)  
[  5] 117.00-118.00 sec   659 KBytes  5.39 Mbits/sec  1.462 ms  901/1463 (62%)  
[  5] 118.00-119.00 sec   558 KBytes  4.57 Mbits/sec  1.443 ms  745/1221 (61%)  
[  5] 119.00-120.00 sec   652 KBytes  5.34 Mbits/sec  1.581 ms  887/1443 (61%)  
[  5] 120.00-121.00 sec   638 KBytes  5.22 Mbits/sec  1.402 ms  720/1264 (57%)  
[  5] 121.00-122.00 sec   575 KBytes  4.71 Mbits/sec  1.270 ms  544/1035 (53%)  
[  5] 122.00-123.00 sec   648 KBytes  5.31 Mbits/sec  1.353 ms  634/1187 (53%)  
[  5] 123.00-124.00 sec   575 KBytes  4.71 Mbits/sec  1.291 ms  550/1041 (53%)  
[  5] 124.00-125.00 sec   648 KBytes  5.31 Mbits/sec  1.198 ms  615/1168 (53%)  
[  5] 125.00-126.00 sec   550 KBytes  4.50 Mbits/sec  1.253 ms  495/964 (51%)  
[  5] 126.00-127.00 sec   577 KBytes  4.72 Mbits/sec  1.237 ms  623/1115 (56%)  
[  5] 127.00-128.00 sec   489 KBytes  4.01 Mbits/sec  1.370 ms  543/960 (57%)  
[  5] 128.00-129.00 sec   600 KBytes  4.92 Mbits/sec  1.252 ms  662/1174 (56%)  
[  5] 129.00-130.00 sec   489 KBytes  4.00 Mbits/sec  1.540 ms  556/973 (57%)  
[  5] 130.00-131.00 sec   537 KBytes  4.40 Mbits/sec  1.528 ms  611/1069 (57%)  
[  5] 131.00-132.00 sec   408 KBytes  3.34 Mbits/sec  1.341 ms  485/833 (58%)  
[  5] 132.00-133.00 sec   409 KBytes  3.35 Mbits/sec  1.533 ms  502/851 (59%)  
[  5] 133.00-134.00 sec   408 KBytes  3.34 Mbits/sec  1.496 ms  484/832 (58%)  
[  5] 134.00-135.00 sec   400 KBytes  3.27 Mbits/sec  1.680 ms  467/808 (58%)  
[  5] 135.00-136.00 sec   441 KBytes  3.61 Mbits/sec  1.462 ms  509/885 (58%)  
[  5] 136.00-137.00 sec   470 KBytes  3.85 Mbits/sec  2.756 ms  581/982 (59%)  
[  5] 137.00-138.00 sec   464 KBytes  3.80 Mbits/sec  4.455 ms  526/922 (57%)  
[  5] 138.00-139.00 sec   531 KBytes  4.35 Mbits/sec  1.501 ms  615/1068 (58%)  
[  5] 139.00-140.00 sec   432 KBytes  3.54 Mbits/sec  1.283 ms  527/896 (59%)  
[  5] 140.00-141.00 sec   513 KBytes  4.20 Mbits/sec  1.349 ms  586/1024 (57%)  
[  5] 141.00-142.00 sec   648 KBytes  5.31 Mbits/sec  1.298 ms  747/1300 (57%)  
[  5] 142.00-143.00 sec   598 KBytes  4.90 Mbits/sec  2.084 ms  747/1257 (59%)  
[  5] 143.00-144.00 sec   626 KBytes  5.12 Mbits/sec  1.365 ms  774/1309 (59%)  
[  5] 144.00-145.00 sec   647 KBytes  5.30 Mbits/sec  1.428 ms  869/1421 (61%)  
[  5] 145.00-146.00 sec   558 KBytes  4.57 Mbits/sec  1.473 ms  803/1279 (63%)  
[  5] 146.00-147.00 sec   652 KBytes  5.34 Mbits/sec  1.574 ms  927/1483 (63%)  
[  5] 147.00-148.00 sec   657 KBytes  5.38 Mbits/sec  1.449 ms  950/1511 (63%)  
[  5] 148.00-149.00 sec   548 KBytes  4.50 Mbits/sec  1.915 ms  790/1258 (63%)  
[  5] 149.00-150.00 sec   649 KBytes  5.32 Mbits/sec  2.140 ms  1475/2029 (73%)  
[  5] 150.00-151.00 sec   553 KBytes  4.53 Mbits/sec  1.963 ms  1252/1724 (73%)  
[  5] 151.00-152.00 sec   568 KBytes  4.66 Mbits/sec  2.118 ms  1278/1763 (72%)  
[  5] 152.00-153.00 sec   596 KBytes  4.89 Mbits/sec  1.685 ms  1149/1658 (69%)  
[  5] 153.00-154.00 sec   582 KBytes  4.77 Mbits/sec  1.765 ms  1009/1506 (67%)  
[  5] 154.00-155.00 sec   560 KBytes  4.59 Mbits/sec  1.686 ms  962/1440 (67%)  
[  5] 155.00-156.00 sec   492 KBytes  4.03 Mbits/sec  1.773 ms  865/1285 (67%)  
[  5] 156.00-157.00 sec   479 KBytes  3.93 Mbits/sec  1.676 ms  796/1205 (66%)  
[  5] 157.00-158.00 sec   489 KBytes  4.00 Mbits/sec  1.713 ms  566/983 (58%)  
[  5] 158.00-159.00 sec   489 KBytes  4.01 Mbits/sec  1.619 ms  570/987 (58%)  
[  5] 159.00-160.00 sec   489 KBytes  4.00 Mbits/sec  1.424 ms  545/962 (57%)  
[  5] 160.00-161.00 sec   439 KBytes  3.60 Mbits/sec  1.583 ms  528/903 (58%)  
[  5] 161.00-162.00 sec   480 KBytes  3.94 Mbits/sec  1.405 ms  555/965 (58%)  
[  5] 162.00-163.00 sec   489 KBytes  4.00 Mbits/sec  1.354 ms  573/990 (58%)  
[  5] 163.00-164.00 sec   488 KBytes  3.99 Mbits/sec  1.391 ms  568/984 (58%)  
[  5] 164.00-165.00 sec   409 KBytes  3.35 Mbits/sec  1.475 ms  488/837 (58%)  
[  5] 165.00-166.00 sec   512 KBytes  4.20 Mbits/sec  1.804 ms  585/1022 (57%)  
[  5] 166.00-167.00 sec   577 KBytes  4.72 Mbits/sec  1.559 ms  706/1198 (59%)  
[  5] 167.00-168.00 sec   592 KBytes  4.85 Mbits/sec  1.270 ms  689/1194 (58%)  
[  5] 168.00-169.00 sec   568 KBytes  4.66 Mbits/sec  1.387 ms  662/1147 (58%)  
[  5] 169.00-170.00 sec   514 KBytes  4.21 Mbits/sec  6.056 ms  720/1159 (62%)  
[  5] 170.00-171.00 sec   574 KBytes  4.70 Mbits/sec  1.402 ms  758/1248 (61%)  
[  5] 171.00-172.00 sec   580 KBytes  4.75 Mbits/sec  1.411 ms  784/1279 (61%)  
[  5] 172.00-173.00 sec   579 KBytes  4.74 Mbits/sec  1.482 ms  786/1280 (61%)  
[  5] 173.00-174.00 sec   509 KBytes  4.17 Mbits/sec  1.458 ms  699/1133 (62%)  
[  5] 174.00-175.00 sec   574 KBytes  4.71 Mbits/sec  1.812 ms  976/1466 (67%)  
[  5] 175.00-176.00 sec   554 KBytes  4.54 Mbits/sec  1.712 ms  968/1441 (67%)  
[  5] 176.00-177.00 sec   492 KBytes  4.03 Mbits/sec  1.810 ms  891/1311 (68%)  
[  5] 177.00-178.00 sec   428 KBytes  3.51 Mbits/sec  1.841 ms  758/1123 (67%)  
[  5] 178.00-179.00 sec   469 KBytes  3.84 Mbits/sec  1.848 ms  832/1232 (68%)  
[  5] 179.00-180.00 sec   486 KBytes  3.98 Mbits/sec  2.020 ms  870/1285 (68%)  
[  5] 180.00-181.00 sec   428 KBytes  3.50 Mbits/sec  1.739 ms  760/1125 (68%)  
[  5] 181.00-182.00 sec   402 KBytes  3.29 Mbits/sec  1.869 ms  722/1065 (68%)  
[  5] 182.00-183.00 sec   366 KBytes  3.00 Mbits/sec  4.909 ms  697/1009 (69%)  
[  5] 183.00-184.00 sec   393 KBytes  3.22 Mbits/sec  1.983 ms  686/1021 (67%)  
[  5] 184.00-185.00 sec   420 KBytes  3.44 Mbits/sec  1.837 ms  709/1067 (66%)  
[  5] 185.00-186.00 sec   430 KBytes  3.52 Mbits/sec  1.480 ms  588/955 (62%)  
[  5] 186.00-187.00 sec   479 KBytes  3.93 Mbits/sec  1.757 ms  651/1060 (61%)  
[  5] 187.00-188.00 sec   479 KBytes  3.92 Mbits/sec  1.744 ms  650/1059 (61%)  
[  5] 188.00-189.00 sec   430 KBytes  3.53 Mbits/sec  1.781 ms  573/940 (61%)  
[  5] 189.00-190.00 sec   478 KBytes  3.92 Mbits/sec  1.760 ms  637/1045 (61%)  
[  5] 190.00-191.00 sec   423 KBytes  3.46 Mbits/sec  1.594 ms  564/925 (61%)  
[  5] 191.00-192.00 sec   507 KBytes  4.16 Mbits/sec  1.568 ms  678/1111 (61%)  
[  5] 192.00-193.00 sec   480 KBytes  3.94 Mbits/sec  1.839 ms  666/1076 (62%)  
[  5] 193.00-194.00 sec   478 KBytes  3.92 Mbits/sec  1.851 ms  680/1088 (62%)  
[  5] 194.00-195.00 sec   480 KBytes  3.94 Mbits/sec  1.698 ms  669/1079 (62%)  
[  5] 195.00-196.00 sec   429 KBytes  3.51 Mbits/sec  1.824 ms  624/990 (63%)  
[  5] 196.00-197.00 sec   488 KBytes  3.99 Mbits/sec  1.731 ms  719/1135 (63%)  
[  5] 197.00-198.00 sec   493 KBytes  4.04 Mbits/sec  1.734 ms  878/1299 (68%)  
[  5] 198.00-199.00 sec   492 KBytes  4.03 Mbits/sec  1.730 ms  889/1309 (68%)  
[  5] 199.00-200.00 sec   464 KBytes  3.80 Mbits/sec  1.961 ms  823/1219 (68%)  
[  5] 200.00-201.00 sec   517 KBytes  4.23 Mbits/sec  1.794 ms  949/1390 (68%)  
[  5] 201.00-202.00 sec   582 KBytes  4.77 Mbits/sec  2.111 ms  1249/1746 (72%)  
[  5] 202.00-203.00 sec   574 KBytes  4.70 Mbits/sec  2.109 ms  1364/1854 (74%)  
[  5] 203.00-204.00 sec   509 KBytes  4.16 Mbits/sec  2.116 ms  1155/1589 (73%)  
[  5] 204.00-205.00 sec   598 KBytes  4.89 Mbits/sec  1.909 ms  1351/1861 (73%)  
[  5] 205.00-206.00 sec   511 KBytes  4.19 Mbits/sec  1.683 ms  901/1337 (67%)  
[  5] 206.00-207.00 sec   649 KBytes  5.31 Mbits/sec  1.664 ms  1163/1717 (68%)  
[  5] 207.00-208.00 sec   649 KBytes  5.32 Mbits/sec  1.733 ms  1202/1756 (68%)  
[  5] 208.00-209.00 sec   643 KBytes  5.27 Mbits/sec  1.642 ms  1197/1746 (69%)  
[  5] 209.00-210.00 sec   559 KBytes  4.58 Mbits/sec  1.844 ms  1015/1492 (68%)  
[  5] 210.00-211.00 sec   649 KBytes  5.32 Mbits/sec  1.821 ms  1161/1715 (68%)  
[  5] 211.00-212.00 sec   584 KBytes  4.78 Mbits/sec  1.693 ms  1021/1519 (67%)  
[  5] 212.00-213.00 sec   626 KBytes  5.13 Mbits/sec  1.649 ms  1117/1651 (68%)  
[  5] 213.00-214.00 sec   643 KBytes  5.27 Mbits/sec  1.849 ms  1128/1677 (67%)  
[  5] 214.00-215.00 sec   584 KBytes  4.78 Mbits/sec  1.644 ms  1025/1523 (67%)  
[  5] 215.00-216.00 sec   559 KBytes  4.58 Mbits/sec  1.772 ms  977/1454 (67%)  
[  5] 216.00-217.00 sec   649 KBytes  5.32 Mbits/sec  1.357 ms  1036/1590 (65%)  
[  5] 217.00-218.00 sec   579 KBytes  4.74 Mbits/sec  1.436 ms  795/1289 (62%)  
[  5] 218.00-219.00 sec   552 KBytes  4.52 Mbits/sec  1.386 ms  749/1220 (61%)  
[  5] 219.00-220.00 sec   657 KBytes  5.38 Mbits/sec  1.477 ms  903/1464 (62%)  
[  5] 220.00-221.00 sec   558 KBytes  4.58 Mbits/sec  1.418 ms  794/1270 (63%)  
[  5] 221.00-222.00 sec   662 KBytes  5.42 Mbits/sec  1.260 ms  855/1420 (60%)  
[  5] 222.00-223.00 sec   568 KBytes  4.66 Mbits/sec  1.372 ms  659/1144 (58%)  
[  5] 223.00-224.00 sec   648 KBytes  5.31 Mbits/sec  1.242 ms  718/1271 (56%)  
[  5] 224.00-225.00 sec   649 KBytes  5.32 Mbits/sec  1.338 ms  731/1285 (57%)  
[  5] 225.00-226.00 sec   568 KBytes  4.66 Mbits/sec  1.325 ms  665/1150 (58%)  
[  5] 226.00-227.00 sec   656 KBytes  5.38 Mbits/sec  1.266 ms  797/1357 (59%)  
[  5] 227.00-228.00 sec   625 KBytes  5.12 Mbits/sec  1.288 ms  733/1266 (58%)  
[  5] 228.00-229.00 sec   648 KBytes  5.31 Mbits/sec  1.288 ms  765/1318 (58%)  
[  5] 229.00-230.00 sec   568 KBytes  4.66 Mbits/sec  1.405 ms  703/1188 (59%)  
[  5] 230.00-231.00 sec   600 KBytes  4.91 Mbits/sec  1.502 ms  742/1254 (59%)  
[  5] 231.00-232.00 sec   480 KBytes  3.93 Mbits/sec  1.819 ms  594/1004 (59%)  
[  5] 232.00-233.00 sec   489 KBytes  4.01 Mbits/sec  1.752 ms  593/1010 (59%)  
[  5] 233.00-234.00 sec   439 KBytes  3.60 Mbits/sec  1.535 ms  534/909 (59%)  
[  5] 234.00-235.00 sec   489 KBytes  4.00 Mbits/sec  1.534 ms  609/1026 (59%)  
[  5] 235.00-236.00 sec   488 KBytes  3.99 Mbits/sec  1.558 ms  618/1034 (60%)  
[  5] 236.00-237.00 sec   593 KBytes  4.86 Mbits/sec  1.373 ms  736/1242 (59%)  
[  5] 237.00-238.00 sec   513 KBytes  4.20 Mbits/sec  1.390 ms  614/1052 (58%)  
[  5] 238.00-239.00 sec   575 KBytes  4.71 Mbits/sec  1.374 ms  704/1195 (59%)  
[  5] 239.00-240.00 sec   568 KBytes  4.66 Mbits/sec  1.373 ms  678/1163 (58%)  
[  5] 240.00-241.00 sec   537 KBytes  4.40 Mbits/sec  1.356 ms  620/1078 (58%)  
[  5] 241.00-242.00 sec   736 KBytes  6.03 Mbits/sec  1.350 ms  838/1466 (57%)  
[  5] 242.00-243.00 sec   729 KBytes  5.97 Mbits/sec  1.337 ms  846/1468 (58%)  
[  5] 243.00-244.00 sec   736 KBytes  6.03 Mbits/sec  1.373 ms  844/1472 (57%)  
[  5] 244.00-245.00 sec   625 KBytes  5.12 Mbits/sec  1.353 ms  712/1245 (57%)  
[  5] 245.00-246.00 sec   704 KBytes  5.77 Mbits/sec  1.368 ms  828/1429 (58%)  
[  5] 246.00-247.00 sec   489 KBytes  4.00 Mbits/sec  1.328 ms  584/1001 (58%)  
[  5] 247.00-248.00 sec   587 KBytes  4.81 Mbits/sec  1.627 ms  951/1452 (65%)  
[  5] 248.00-249.00 sec   578 KBytes  4.73 Mbits/sec  1.733 ms  989/1482 (67%)  
[  5] 249.00-250.00 sec   493 KBytes  4.04 Mbits/sec  1.775 ms  868/1289 (67%)  
[  5] 250.00-251.00 sec   582 KBytes  4.77 Mbits/sec  1.758 ms  1042/1539 (68%)  
[  5] 251.00-252.00 sec   514 KBytes  4.22 Mbits/sec  1.446 ms  839/1278 (66%)  
[  5] 252.00-253.00 sec   579 KBytes  4.74 Mbits/sec  1.470 ms  803/1297 (62%)  
[  5] 253.00-254.00 sec   580 KBytes  4.75 Mbits/sec  1.447 ms  809/1304 (62%)  
[  5] 254.00-255.00 sec   580 KBytes  4.75 Mbits/sec  1.424 ms  820/1315 (62%)  
[  5] 255.00-256.00 sec   479 KBytes  3.93 Mbits/sec  1.787 ms  676/1085 (62%)  
[  5] 256.00-257.00 sec   495 KBytes  4.05 Mbits/sec  1.276 ms  627/1049 (60%)  
[  5] 257.00-258.00 sec   468 KBytes  3.83 Mbits/sec  1.503 ms  437/836 (52%)  
[  5] 258.00-259.00 sec   443 KBytes  3.63 Mbits/sec  7.622 ms  442/820 (54%)  
[  5] 259.00-260.00 sec   493 KBytes  4.04 Mbits/sec  1.241 ms  428/849 (50%)  
[  5] 260.00-261.00 sec   468 KBytes  3.83 Mbits/sec  1.190 ms  427/826 (52%)  
[  5] 261.00-262.00 sec   495 KBytes  4.05 Mbits/sec  1.234 ms  447/869 (51%)  
[  5] 262.00-263.00 sec   442 KBytes  3.62 Mbits/sec  1.177 ms  428/805 (53%)  
[  5] 263.00-264.00 sec   459 KBytes  3.76 Mbits/sec  1.456 ms  416/808 (51%)  
[  5] 264.00-265.00 sec   491 KBytes  4.02 Mbits/sec  1.513 ms  658/1077 (61%)  
[  5] 265.00-266.00 sec   430 KBytes  3.52 Mbits/sec  1.485 ms  600/967 (62%)  
[  5] 266.00-267.00 sec   479 KBytes  3.93 Mbits/sec  1.494 ms  681/1090 (62%)  
[  5] 267.00-268.00 sec   479 KBytes  3.92 Mbits/sec  1.601 ms  677/1086 (62%)  
[  5] 268.00-269.00 sec   507 KBytes  4.16 Mbits/sec  1.543 ms  728/1161 (63%)  
[  5] 269.00-270.00 sec   401 KBytes  3.28 Mbits/sec  1.732 ms  559/901 (62%)  
[  5] 270.00-271.00 sec   530 KBytes  4.34 Mbits/sec  1.444 ms  768/1220 (63%)  
[  5] 271.00-272.00 sec   502 KBytes  4.11 Mbits/sec  1.469 ms  703/1131 (62%)  
[  5] 272.00-273.00 sec   579 KBytes  4.74 Mbits/sec  1.457 ms  796/1290 (62%)  
[  5] 273.00-274.00 sec   580 KBytes  4.75 Mbits/sec  1.446 ms  794/1289 (62%)  
[  5] 274.00-275.00 sec   586 KBytes  4.80 Mbits/sec  1.465 ms  808/1308 (62%)  
[  5] 275.00-276.00 sec   523 KBytes  4.28 Mbits/sec  1.671 ms  938/1384 (68%)  
[  5] 276.00-277.00 sec   643 KBytes  5.28 Mbits/sec  1.647 ms  1147/1696 (68%)  
[  5] 277.00-278.00 sec   649 KBytes  5.32 Mbits/sec  1.783 ms  1193/1747 (68%)  
[  5] 278.00-279.00 sec   560 KBytes  4.59 Mbits/sec  1.644 ms  982/1460 (67%)  
[  5] 279.00-280.00 sec   558 KBytes  4.56 Mbits/sec  1.765 ms  1009/1485 (68%)  
[  5] 280.00-281.00 sec   645 KBytes  5.29 Mbits/sec  1.680 ms  1190/1740 (68%)  
[  5] 281.00-282.00 sec   649 KBytes  5.32 Mbits/sec  1.699 ms  1206/1760 (69%)  
[  5] 282.00-283.00 sec   582 KBytes  4.77 Mbits/sec  1.780 ms  1063/1560 (68%)  
[  5] 283.00-284.00 sec   650 KBytes  5.33 Mbits/sec  1.595 ms  1147/1702 (67%)  
[  5] 284.00-285.00 sec   643 KBytes  5.27 Mbits/sec  1.679 ms  1178/1727 (68%)  
[  5] 285.00-286.00 sec   582 KBytes  4.77 Mbits/sec  2.357 ms  1068/1565 (68%)  
[  5] 286.00-287.00 sec   424 KBytes  3.47 Mbits/sec  2.128 ms  777/1139 (68%)  
[  5] 287.00-288.00 sec   509 KBytes  4.16 Mbits/sec  1.439 ms  734/1168 (63%)  
[  5] 288.00-289.00 sec   479 KBytes  3.93 Mbits/sec  1.811 ms  679/1088 (62%)  
[  5] 289.00-290.00 sec   429 KBytes  3.51 Mbits/sec  1.495 ms  578/944 (61%)  
[  5] 290.00-291.00 sec   451 KBytes  3.70 Mbits/sec  1.548 ms  619/1004 (62%)  
[  5] 291.00-292.00 sec   429 KBytes  3.51 Mbits/sec  1.743 ms  584/950 (61%)  
[  5] 292.00-293.00 sec   401 KBytes  3.29 Mbits/sec  1.578 ms  540/882 (61%)  
[  5] 293.00-294.00 sec   408 KBytes  3.34 Mbits/sec  1.589 ms  507/855 (59%)  
[  5] 294.00-295.00 sec   400 KBytes  3.27 Mbits/sec  1.466 ms  453/794 (57%)  
[  5] 295.00-296.00 sec   353 KBytes  2.89 Mbits/sec  1.697 ms  396/697 (57%)  
[  5] 296.00-297.00 sec   409 KBytes  3.35 Mbits/sec  1.336 ms  489/838 (58%)  
[  5] 297.00-298.00 sec   408 KBytes  3.34 Mbits/sec  1.626 ms  509/857 (59%)  
[  5] 298.00-299.00 sec   353 KBytes  2.89 Mbits/sec  1.509 ms  430/731 (59%)  
[  5] 299.00-300.00 sec   408 KBytes  3.34 Mbits/sec  1.608 ms  514/862 (60%)  
[  5] 300.00-301.00 sec   456 KBytes  3.73 Mbits/sec  1.243 ms  534/923 (58%)  
[  5] 301.00-302.00 sec   568 KBytes  4.66 Mbits/sec  1.804 ms  663/1148 (58%)  
[  5] 302.00-303.00 sec   520 KBytes  4.26 Mbits/sec  1.361 ms  615/1059 (58%)  
[  5] 303.00-304.00 sec   568 KBytes  4.66 Mbits/sec  1.325 ms  643/1128 (57%)  
[  5] 304.00-305.00 sec   512 KBytes  4.20 Mbits/sec  1.348 ms  584/1021 (57%)  
[  5] 305.00-306.00 sec   600 KBytes  4.92 Mbits/sec  1.373 ms  687/1199 (57%)  
[  5] 306.00-307.00 sec   564 KBytes  4.61 Mbits/sec  1.626 ms  829/1310 (63%)  
[  5] 307.00-308.00 sec   649 KBytes  5.32 Mbits/sec  1.706 ms  1222/1776 (69%)  
[  5] 308.00-309.00 sec   553 KBytes  4.53 Mbits/sec  1.834 ms  995/1467 (68%)  
[  5] 309.00-310.00 sec   649 KBytes  5.32 Mbits/sec  1.758 ms  1154/1708 (68%)  
[  5] 310.00-311.00 sec   578 KBytes  4.73 Mbits/sec  1.941 ms  1190/1683 (71%)  
[  5] 311.00-312.00 sec   553 KBytes  4.54 Mbits/sec  1.963 ms  1254/1726 (73%)  
[  5] 312.00-313.00 sec   568 KBytes  4.66 Mbits/sec  2.031 ms  1311/1796 (73%)  
[  5] 313.00-314.00 sec   493 KBytes  4.04 Mbits/sec  2.112 ms  1157/1578 (73%)  
[  5] 314.00-315.00 sec   568 KBytes  4.65 Mbits/sec  2.084 ms  1346/1831 (74%)  
[  5] 315.00-316.00 sec   654 KBytes  5.36 Mbits/sec  2.172 ms  1508/2066 (73%)  
[  5] 316.00-317.00 sec   568 KBytes  4.66 Mbits/sec  1.994 ms  1273/1758 (72%)  
[  5] 317.00-318.00 sec   554 KBytes  4.54 Mbits/sec  1.430 ms  932/1405 (66%)  
[  5] 318.00-319.00 sec   580 KBytes  4.75 Mbits/sec  1.511 ms  807/1302 (62%)  
[  5] 319.00-320.00 sec   551 KBytes  4.51 Mbits/sec  1.437 ms  827/1297 (64%)  
[  5] 320.00-321.00 sec   659 KBytes  5.39 Mbits/sec  1.475 ms  978/1540 (64%)  
[  5] 321.00-322.00 sec   580 KBytes  4.75 Mbits/sec  1.417 ms  831/1326 (63%)  
[  5] 322.00-323.00 sec   544 KBytes  4.45 Mbits/sec  1.568 ms  650/1114 (58%)  
[  5] 323.00-324.00 sec   648 KBytes  5.31 Mbits/sec  1.354 ms  772/1325 (58%)  
[  5] 324.00-325.00 sec   568 KBytes  4.66 Mbits/sec  1.451 ms  697/1182 (59%)  
[  5] 325.00-326.00 sec   568 KBytes  4.65 Mbits/sec  1.374 ms  708/1193 (59%)  
[  5] 326.00-327.00 sec   568 KBytes  4.66 Mbits/sec  1.325 ms  692/1177 (59%)  
[  5] 327.00-328.00 sec   489 KBytes  4.00 Mbits/sec  1.565 ms  692/1109 (62%)  
[  5] 328.00-329.00 sec   649 KBytes  5.30 Mbits/sec  1.375 ms  857/1411 (61%)  
[  5] 329.00-330.00 sec   568 KBytes  4.67 Mbits/sec  1.371 ms  762/1247 (61%)  
[  5] 330.00-331.00 sec   575 KBytes  4.71 Mbits/sec  1.425 ms  828/1319 (63%)  
[  5] 331.00-332.00 sec   625 KBytes  5.12 Mbits/sec  1.606 ms  841/1374 (61%)  
[  5] 332.00-333.00 sec   568 KBytes  4.66 Mbits/sec  1.437 ms  752/1237 (61%)  
[  5] 333.00-334.00 sec   648 KBytes  5.31 Mbits/sec  1.409 ms  869/1422 (61%)  
[  5] 334.00-335.00 sec   568 KBytes  4.65 Mbits/sec  1.322 ms  722/1207 (60%)  
[  5] 335.00-336.00 sec   568 KBytes  4.67 Mbits/sec  1.377 ms  722/1207 (60%)  
[  5] 336.00-337.00 sec   656 KBytes  5.38 Mbits/sec  1.320 ms  814/1374 (59%)  
[  5] 337.00-338.00 sec   568 KBytes  4.66 Mbits/sec  1.390 ms  718/1203 (60%)  
[  5] 338.00-339.00 sec   568 KBytes  4.66 Mbits/sec  1.419 ms  696/1181 (59%)  
[  5] 339.00-340.00 sec   625 KBytes  5.12 Mbits/sec  1.706 ms  789/1322 (60%)  
[  5] 340.00-341.00 sec   570 KBytes  4.67 Mbits/sec  1.434 ms  758/1244 (61%)  
[  5] 341.00-342.00 sec   567 KBytes  4.65 Mbits/sec  1.377 ms  739/1223 (60%)  
[  5] 342.00-343.00 sec   489 KBytes  4.00 Mbits/sec  1.427 ms  679/1096 (62%)  
[  5] 343.00-344.00 sec   568 KBytes  4.66 Mbits/sec  1.426 ms  774/1259 (61%)  
[  5] 344.00-345.00 sec   489 KBytes  4.00 Mbits/sec  1.311 ms  686/1103 (62%)  
[  5] 345.00-346.00 sec   568 KBytes  4.66 Mbits/sec  1.402 ms  754/1239 (61%)  
[  5] 346.00-347.00 sec   567 KBytes  4.65 Mbits/sec  1.409 ms  729/1213 (60%)  
[  5] 347.00-348.00 sec   568 KBytes  4.65 Mbits/sec  1.371 ms  691/1176 (59%)  
[  5] 348.00-349.00 sec   489 KBytes  4.00 Mbits/sec  1.386 ms  583/1000 (58%)  
[  5] 349.00-350.00 sec   650 KBytes  5.32 Mbits/sec  1.447 ms  780/1336 (58%)  
[  5] 350.00-351.00 sec   572 KBytes  4.68 Mbits/sec  1.401 ms  683/1172 (58%)  
[  5] 351.00-352.00 sec   545 KBytes  4.47 Mbits/sec  1.609 ms  668/1133 (59%)  
[  5] 352.00-353.00 sec   568 KBytes  4.66 Mbits/sec  1.420 ms  743/1228 (61%)  
[  5] 353.00-354.00 sec   568 KBytes  4.65 Mbits/sec  1.378 ms  728/1213 (60%)  
[  5] 354.00-355.00 sec   568 KBytes  4.66 Mbits/sec  1.405 ms  720/1205 (60%)  
[  5] 355.00-356.00 sec   568 KBytes  4.65 Mbits/sec  1.240 ms  694/1179 (59%)  
[  5] 356.00-357.00 sec   568 KBytes  4.66 Mbits/sec  1.313 ms  716/1201 (60%)  
[  5] 357.00-358.00 sec   568 KBytes  4.65 Mbits/sec  1.357 ms  743/1228 (61%)  
[  5] 358.00-359.00 sec   568 KBytes  4.66 Mbits/sec  1.517 ms  779/1264 (62%)  
[  5] 359.00-360.00 sec   568 KBytes  4.65 Mbits/sec  1.382 ms  863/1348 (64%)  
[  5] 360.00-361.00 sec   577 KBytes  4.72 Mbits/sec  1.462 ms  799/1291 (62%)  
[  5] 361.00-362.00 sec   568 KBytes  4.66 Mbits/sec  1.522 ms  873/1358 (64%)  
[  5] 362.00-363.00 sec   568 KBytes  4.66 Mbits/sec  1.453 ms  830/1315 (63%)  
[  5] 363.00-364.00 sec   544 KBytes  4.46 Mbits/sec  1.462 ms  751/1215 (62%)  
[  5] 364.00-365.00 sec   570 KBytes  4.67 Mbits/sec  1.352 ms  789/1275 (62%)  
[  5] 365.00-366.00 sec   568 KBytes  4.66 Mbits/sec  1.367 ms  837/1322 (63%)  
[  5] 366.00-367.00 sec   648 KBytes  5.31 Mbits/sec  1.321 ms  854/1407 (61%)  
[  5] 367.00-368.00 sec   568 KBytes  4.66 Mbits/sec  1.567 ms  748/1233 (61%)  
[  5] 368.00-369.00 sec   577 KBytes  4.72 Mbits/sec  1.360 ms  794/1286 (62%)  
[  5] 369.00-370.00 sec   479 KBytes  3.93 Mbits/sec  1.418 ms  621/1030 (60%)  
[  5] 370.00-371.00 sec   656 KBytes  5.38 Mbits/sec  1.461 ms  903/1463 (62%)  
[  5] 371.00-372.00 sec   545 KBytes  4.46 Mbits/sec  1.597 ms  698/1163 (60%)  
[  5] 372.00-373.00 sec   568 KBytes  4.66 Mbits/sec  1.412 ms  766/1251 (61%)  
[  5] 373.00-374.00 sec   568 KBytes  4.66 Mbits/sec  1.450 ms  772/1257 (61%)  
[  5] 374.00-375.00 sec   568 KBytes  4.65 Mbits/sec  1.345 ms  763/1248 (61%)  
[  5] 375.00-376.00 sec   568 KBytes  4.66 Mbits/sec  1.305 ms  752/1237 (61%)  
[  5] 376.00-377.00 sec   568 KBytes  4.65 Mbits/sec  1.441 ms  805/1290 (62%)  
[  5] 377.00-378.00 sec   568 KBytes  4.66 Mbits/sec  1.387 ms  779/1264 (62%)  
[  5] 378.00-379.00 sec   568 KBytes  4.66 Mbits/sec  1.422 ms  778/1263 (62%)  
[  5] 379.00-380.00 sec   568 KBytes  4.66 Mbits/sec  1.498 ms  728/1213 (60%)  
[  5] 380.00-381.00 sec   656 KBytes  5.38 Mbits/sec  1.420 ms  868/1428 (61%)  
[  5] 381.00-382.00 sec   545 KBytes  4.46 Mbits/sec  1.628 ms  700/1165 (60%)  
[  5] 382.00-383.00 sec   512 KBytes  4.20 Mbits/sec  1.302 ms  669/1106 (60%)  
[  5] 383.00-384.00 sec   623 KBytes  5.11 Mbits/sec  1.529 ms  824/1356 (61%)  
[  5] 384.00-385.00 sec   489 KBytes  4.00 Mbits/sec  1.406 ms  647/1064 (61%)  
[  5] 385.00-386.00 sec   568 KBytes  4.66 Mbits/sec  1.488 ms  758/1243 (61%)  
[  5] 386.00-387.00 sec   570 KBytes  4.67 Mbits/sec  1.291 ms  781/1267 (62%)  
[  5] 387.00-388.00 sec   648 KBytes  5.31 Mbits/sec  1.405 ms  859/1412 (61%)  
[  5] 388.00-389.00 sec   488 KBytes  3.99 Mbits/sec  1.366 ms  640/1056 (61%)  
[  5] 389.00-390.00 sec   568 KBytes  4.66 Mbits/sec  1.458 ms  780/1265 (62%)  
[  5] 390.00-391.00 sec   568 KBytes  4.66 Mbits/sec  1.483 ms  789/1274 (62%)  
[  5] 391.00-392.00 sec   577 KBytes  4.72 Mbits/sec  1.383 ms  772/1264 (61%)  
[  5] 392.00-393.00 sec   568 KBytes  4.65 Mbits/sec  1.405 ms  749/1234 (61%)  
[  5] 393.00-394.00 sec   568 KBytes  4.66 Mbits/sec  1.392 ms  771/1256 (61%)  
[  5] 394.00-395.00 sec   489 KBytes  4.00 Mbits/sec  1.403 ms  674/1091 (62%)  
[  5] 395.00-396.00 sec   537 KBytes  4.40 Mbits/sec  1.340 ms  672/1130 (59%)  
[  5] 396.00-397.00 sec   656 KBytes  5.38 Mbits/sec  1.346 ms  812/1372 (59%)  
[  5] 397.00-398.00 sec   488 KBytes  3.99 Mbits/sec  1.415 ms  608/1024 (59%)  
[  5] 398.00-399.00 sec   570 KBytes  4.67 Mbits/sec  1.401 ms  795/1281 (62%)  
[  5] 399.00-400.00 sec   567 KBytes  4.65 Mbits/sec  1.439 ms  783/1267 (62%)  
[  5] 400.00-401.00 sec   568 KBytes  4.66 Mbits/sec  1.388 ms  750/1235 (61%)  
