Connecting to host 172.22.0.50, port 5201
Reverse mode, remote host 172.22.0.50 is sending
[  5] local 192.168.100.2 port 39010 connected to 172.22.0.50 port 5201
[ ID] Interval           Transfer     Bitrate         Jitter    Lost/Total Datagrams
[  5]   0.00-1.00   sec  1.43 MBytes  12.0 Mbits/sec  0.865 ms  0/1253 (0%)  
[  5]   1.00-2.00   sec  1.42 MBytes  11.9 Mbits/sec  1.071 ms  0/1243 (0%)  
[  5]   2.00-3.00   sec  1.44 MBytes  12.1 Mbits/sec  0.822 ms  0/1256 (0%)  
[  5]   3.00-4.00   sec  1.43 MBytes  12.0 Mbits/sec  0.752 ms  0/1248 (0%)  
[  5]   4.00-5.00   sec  1.43 MBytes  12.0 Mbits/sec  1.035 ms  0/1252 (0%)  
[  5]   5.00-6.00   sec  1.43 MBytes  12.0 Mbits/sec  1.043 ms  0/1247 (0%)  
[  5]   6.00-7.00   sec  1.43 MBytes  12.0 Mbits/sec  0.855 ms  0/1249 (0%)  
[  5]   7.00-8.00   sec  1.43 MBytes  12.0 Mbits/sec  1.156 ms  0/1247 (0%)  
[  5]   8.00-9.00   sec  1.44 MBytes  12.0 Mbits/sec  0.866 ms  0/1255 (0%)  
[  5]   9.00-10.00  sec  1.42 MBytes  11.9 Mbits/sec  1.053 ms  0/1244 (0%)  
[  5]  10.00-11.00  sec  1.44 MBytes  12.1 Mbits/sec  0.775 ms  0/1258 (0%)  
[  5]  11.00-12.00  sec  1.42 MBytes  12.0 Mbits/sec  1.131 ms  0/1245 (0%)  
[  5]  12.00-13.00  sec  1.44 MBytes  12.1 Mbits/sec  0.917 ms  0/1255 (0%)  
[  5]  13.00-14.00  sec  1.43 MBytes  12.0 Mbits/sec  0.817 ms  0/1251 (0%)  
[  5]  14.00-15.00  sec  1.43 MBytes  12.0 Mbits/sec  0.966 ms  0/1248 (0%)  
[  5]  15.00-16.00  sec  1.32 MBytes  11.0 Mbits/sec  1.581 ms  0/1151 (0%)  
[  5]  16.00-17.00  sec   546 KBytes  4.47 Mbits/sec  1.432 ms  0/466 (0%)  
[  5]  17.00-18.00  sec   564 KBytes  4.61 Mbits/sec  1.316 ms  0/481 (0%)  
[  5]  18.00-19.00  sec   561 KBytes  4.60 Mbits/sec  1.327 ms  0/479 (0%)  
[  5]  19.00-20.00  sec   561 KBytes  4.60 Mbits/sec  1.471 ms  0/479 (0%)  
[  5]  20.00-21.00  sec   546 KBytes  4.47 Mbits/sec  1.928 ms  0/466 (0%)  
[  5]  21.00-22.00  sec   557 KBytes  4.56 Mbits/sec  1.511 ms  0/475 (0%)  
[  5]  22.00-23.00  sec   562 KBytes  4.61 Mbits/sec  1.444 ms  0/480 (0%)  
[  5]  23.00-24.00  sec   571 KBytes  4.68 Mbits/sec  1.460 ms  0/487 (0%)  
[  5]  24.00-25.00  sec   574 KBytes  4.70 Mbits/sec  1.319 ms  0/490 (0%)  
[  5]  25.00-26.00  sec   561 KBytes  4.60 Mbits/sec  1.630 ms  0/479 (0%)  
[  5]  26.00-27.00  sec   554 KBytes  4.54 Mbits/sec  1.486 ms  0/473 (0%)  
[  5]  27.00-28.00  sec   568 KBytes  4.66 Mbits/sec  1.487 ms  0/485 (0%)  
[  5]  28.00-29.00  sec   551 KBytes  4.51 Mbits/sec  1.425 ms  0/470 (0%)  
[  5]  29.00-30.00  sec   551 KBytes  4.51 Mbits/sec  1.601 ms  0/470 (0%)  
[  5]  30.00-31.00  sec   564 KBytes  4.62 Mbits/sec  1.451 ms  0/481 (0%)  
[  5]  31.00-32.00  sec   633 KBytes  5.18 Mbits/sec  1.273 ms  0/540 (0%)  
[  5]  32.00-33.00  sec   638 KBytes  5.22 Mbits/sec  1.105 ms  0/544 (0%)  
[  5]  33.00-34.00  sec   638 KBytes  5.22 Mbits/sec  1.384 ms  0/544 (0%)  
[  5]  34.00-35.00  sec   634 KBytes  5.19 Mbits/sec  1.198 ms  0/541 (0%)  
[  5]  35.00-36.00  sec   629 KBytes  5.16 Mbits/sec  1.251 ms  0/537 (0%)  
[  5]  36.00-37.00  sec   616 KBytes  5.05 Mbits/sec  1.326 ms  0/526 (0%)  
[  5]  37.00-38.00  sec   630 KBytes  5.17 Mbits/sec  1.413 ms  0/538 (0%)  
[  5]  38.00-39.00  sec   621 KBytes  5.09 Mbits/sec  1.341 ms  0/530 (0%)  
[  5]  39.00-40.00  sec   636 KBytes  5.21 Mbits/sec  1.358 ms  0/543 (0%)  
[  5]  40.00-41.00  sec   634 KBytes  5.19 Mbits/sec  1.391 ms  0/541 (0%)  
[  5]  41.00-42.00  sec   599 KBytes  4.90 Mbits/sec  1.274 ms  0/511 (0%)  
[  5]  42.00-43.00  sec   581 KBytes  4.76 Mbits/sec  1.419 ms  775/1271 (61%)  
[  5]  43.00-44.00  sec   553 KBytes  4.54 Mbits/sec  1.509 ms  769/1241 (62%)  
[  5]  44.00-45.00  sec   652 KBytes  5.34 Mbits/sec  1.485 ms  907/1463 (62%)  
[  5]  45.00-46.00  sec   660 KBytes  5.40 Mbits/sec  1.437 ms  923/1486 (62%)  
[  5]  46.00-47.00  sec   561 KBytes  4.60 Mbits/sec  1.269 ms  672/1151 (58%)  
[  5]  47.00-48.00  sec   648 KBytes  5.31 Mbits/sec  1.305 ms  714/1267 (56%)  
[  5]  48.00-49.00  sec   649 KBytes  5.32 Mbits/sec  1.323 ms  722/1276 (57%)  
[  5]  49.00-50.00  sec   568 KBytes  4.66 Mbits/sec  1.338 ms  628/1113 (56%)  
[  5]  50.00-51.00  sec   656 KBytes  5.38 Mbits/sec  1.287 ms  736/1296 (57%)  
[  5]  51.00-52.00  sec   704 KBytes  5.77 Mbits/sec  1.289 ms  821/1422 (58%)  
[  5]  52.00-53.00  sec   649 KBytes  5.32 Mbits/sec  1.258 ms  741/1295 (57%)  
[  5]  53.00-54.00  sec   728 KBytes  5.96 Mbits/sec  1.314 ms  840/1461 (57%)  
[  5]  54.00-55.00  sec   737 KBytes  6.04 Mbits/sec  1.263 ms  830/1459 (57%)  
[  5]  55.00-56.00  sec   623 KBytes  5.11 Mbits/sec  1.357 ms  708/1240 (57%)  
[  5]  56.00-57.00  sec   729 KBytes  5.97 Mbits/sec  1.239 ms  824/1446 (57%)  
[  5]  57.00-58.00  sec   736 KBytes  6.03 Mbits/sec  1.260 ms  832/1460 (57%)  
[  5]  58.00-59.00  sec   704 KBytes  5.77 Mbits/sec  1.354 ms  809/1410 (57%)  
[  5]  59.00-60.00  sec   649 KBytes  5.32 Mbits/sec  1.342 ms  764/1318 (58%)  
[  5]  60.00-61.00  sec   729 KBytes  5.97 Mbits/sec  1.302 ms  892/1514 (59%)  
[  5]  61.00-62.00  sec   623 KBytes  5.11 Mbits/sec  1.277 ms  710/1242 (57%)  
[  5]  62.00-63.00  sec   737 KBytes  6.04 Mbits/sec  1.269 ms  842/1471 (57%)  
[  5]  63.00-64.00  sec   648 KBytes  5.31 Mbits/sec  1.180 ms  718/1271 (56%)  
[  5]  64.00-65.00  sec   711 KBytes  5.83 Mbits/sec  1.279 ms  784/1391 (56%)  
[  5]  65.00-66.00  sec   729 KBytes  5.97 Mbits/sec  1.234 ms  677/1299 (52%)  
[  5]  66.00-67.00  sec   702 KBytes  5.75 Mbits/sec  1.152 ms  671/1270 (53%)  
[  5]  67.00-68.00  sec   819 KBytes  6.70 Mbits/sec  1.059 ms  780/1479 (53%)  
[  5]  68.00-69.00  sec   702 KBytes  5.75 Mbits/sec  1.138 ms  644/1243 (52%)  
[  5]  69.00-70.00  sec   810 KBytes  6.64 Mbits/sec  1.221 ms  752/1443 (52%)  
[  5]  70.00-71.00  sec   695 KBytes  5.69 Mbits/sec  1.236 ms  678/1271 (53%)  
[  5]  71.00-72.00  sec   819 KBytes  6.71 Mbits/sec  1.145 ms  757/1456 (52%)  
[  5]  72.00-73.00  sec   702 KBytes  5.75 Mbits/sec  1.141 ms  656/1255 (52%)  
[  5]  73.00-74.00  sec   810 KBytes  6.63 Mbits/sec  1.229 ms  756/1447 (52%)  
[  5]  74.00-75.00  sec   791 KBytes  6.48 Mbits/sec  1.174 ms  776/1451 (53%)  
[  5]  75.00-76.00  sec   718 KBytes  5.88 Mbits/sec  1.166 ms  724/1337 (54%)  
[  5]  76.00-77.00  sec   784 KBytes  6.43 Mbits/sec  1.277 ms  767/1436 (53%)  
[  5]  77.00-78.00  sec   729 KBytes  5.97 Mbits/sec  1.104 ms  694/1316 (53%)  
[  5]  78.00-79.00  sec   809 KBytes  6.62 Mbits/sec  1.063 ms  687/1377 (50%)  
[  5]  79.00-80.00  sec   679 KBytes  5.56 Mbits/sec  1.068 ms  522/1101 (47%)  
[  5]  80.00-81.00  sec   838 KBytes  6.86 Mbits/sec  1.036 ms  668/1383 (48%)  
[  5]  81.00-82.00  sec   680 KBytes  5.57 Mbits/sec  1.138 ms  534/1114 (48%)  
[  5]  82.00-83.00  sec   809 KBytes  6.62 Mbits/sec  1.041 ms  644/1334 (48%)  
[  5]  83.00-84.00  sec   798 KBytes  6.54 Mbits/sec  1.098 ms  669/1350 (50%)  
[  5]  84.00-85.00  sec   720 KBytes  5.90 Mbits/sec  1.118 ms  564/1178 (48%)  
[  5]  85.00-86.00  sec   809 KBytes  6.62 Mbits/sec  1.044 ms  633/1323 (48%)  
[  5]  86.00-87.00  sec   709 KBytes  5.81 Mbits/sec  1.113 ms  529/1134 (47%)  
[  5]  87.00-88.00  sec   703 KBytes  5.75 Mbits/sec  1.118 ms  535/1135 (47%)  
[  5]  88.00-89.00  sec   797 KBytes  6.53 Mbits/sec  1.161 ms  658/1338 (49%)  
[  5]  89.00-90.00  sec   718 KBytes  5.88 Mbits/sec  1.098 ms  592/1205 (49%)  
[  5]  90.00-91.00  sec   799 KBytes  6.55 Mbits/sec  1.085 ms  650/1332 (49%)  
[  5]  91.00-92.00  sec   689 KBytes  5.65 Mbits/sec  0.990 ms  563/1151 (49%)  
[  5]  92.00-93.00  sec   829 KBytes  6.79 Mbits/sec  1.094 ms  639/1346 (47%)  
[  5]  93.00-94.00  sec   797 KBytes  6.53 Mbits/sec  1.408 ms  629/1309 (48%)  
[  5]  94.00-95.00  sec   718 KBytes  5.88 Mbits/sec  1.050 ms  557/1170 (48%)  
[  5]  95.00-96.00  sec   755 KBytes  6.18 Mbits/sec  1.472 ms  574/1218 (47%)  
[  5]  96.00-97.00  sec   732 KBytes  6.00 Mbits/sec  1.007 ms  544/1170 (46%)  
[  5]  97.00-98.00  sec   799 KBytes  6.55 Mbits/sec  1.098 ms  628/1310 (48%)  
[  5]  98.00-99.00  sec   718 KBytes  5.88 Mbits/sec  1.127 ms  608/1221 (50%)  
[  5]  99.00-100.00 sec   809 KBytes  6.63 Mbits/sec  1.175 ms  703/1393 (50%)  
[  5] 100.00-101.00 sec   799 KBytes  6.55 Mbits/sec  1.201 ms  633/1315 (48%)  
[  5] 101.00-102.00 sec   718 KBytes  5.88 Mbits/sec  1.084 ms  569/1182 (48%)  
[  5] 102.00-103.00 sec   709 KBytes  5.81 Mbits/sec  1.114 ms  568/1173 (48%)  
[  5] 103.00-104.00 sec   809 KBytes  6.62 Mbits/sec  1.105 ms  630/1320 (48%)  
[  5] 104.00-105.00 sec   709 KBytes  5.81 Mbits/sec  1.085 ms  542/1147 (47%)  
[  5] 105.00-106.00 sec   809 KBytes  6.62 Mbits/sec  1.064 ms  644/1334 (48%)  
[  5] 106.00-107.00 sec   709 KBytes  5.81 Mbits/sec  1.127 ms  560/1165 (48%)  
[  5] 107.00-108.00 sec   809 KBytes  6.62 Mbits/sec  1.100 ms  657/1347 (49%)  
[  5] 108.00-109.00 sec   779 KBytes  6.38 Mbits/sec  1.043 ms  611/1276 (48%)  
[  5] 109.00-110.00 sec   698 KBytes  5.71 Mbits/sec  1.132 ms  569/1165 (49%)  
[  5] 110.00-111.00 sec   810 KBytes  6.64 Mbits/sec  1.115 ms  615/1306 (47%)  
[  5] 111.00-112.00 sec   708 KBytes  5.80 Mbits/sec  1.132 ms  535/1139 (47%)  
[  5] 112.00-113.00 sec   799 KBytes  6.55 Mbits/sec  1.125 ms  618/1300 (48%)  
[  5] 113.00-114.00 sec   809 KBytes  6.62 Mbits/sec  1.184 ms  658/1348 (49%)  
[  5] 114.00-115.00 sec   709 KBytes  5.80 Mbits/sec  1.140 ms  594/1199 (50%)  
[  5] 115.00-116.00 sec   809 KBytes  6.63 Mbits/sec  1.121 ms  657/1347 (49%)  
[  5] 116.00-117.00 sec   707 KBytes  5.79 Mbits/sec  1.142 ms  556/1159 (48%)  
[  5] 117.00-118.00 sec   688 KBytes  5.63 Mbits/sec  1.138 ms  551/1138 (48%)  
[  5] 118.00-119.00 sec   809 KBytes  6.63 Mbits/sec  1.140 ms  649/1339 (48%)  
[  5] 119.00-120.00 sec   710 KBytes  5.82 Mbits/sec  1.098 ms  545/1151 (47%)  
[  5] 120.00-121.00 sec   807 KBytes  6.61 Mbits/sec  1.092 ms  624/1313 (48%)  
[  5] 121.00-122.00 sec   710 KBytes  5.82 Mbits/sec  1.162 ms  549/1155 (48%)  
[  5] 122.00-123.00 sec   807 KBytes  6.61 Mbits/sec  1.149 ms  645/1334 (48%)  
[  5] 123.00-124.00 sec   810 KBytes  6.63 Mbits/sec  1.134 ms  654/1345 (49%)  
[  5] 124.00-125.00 sec   697 KBytes  5.71 Mbits/sec  1.115 ms  563/1158 (49%)  
[  5] 125.00-126.00 sec   810 KBytes  6.63 Mbits/sec  1.053 ms  617/1308 (47%)  
[  5] 126.00-127.00 sec   708 KBytes  5.80 Mbits/sec  1.114 ms  550/1154 (48%)  
[  5] 127.00-128.00 sec   810 KBytes  6.63 Mbits/sec  1.175 ms  642/1333 (48%)  
[  5] 128.00-129.00 sec   709 KBytes  5.81 Mbits/sec  1.162 ms  570/1175 (49%)  
[  5] 129.00-130.00 sec   809 KBytes  6.62 Mbits/sec  1.167 ms  665/1355 (49%)  
[  5] 130.00-131.00 sec   797 KBytes  6.53 Mbits/sec  1.091 ms  669/1349 (50%)  
[  5] 131.00-132.00 sec   709 KBytes  5.81 Mbits/sec  1.083 ms  575/1180 (49%)  
[  5] 132.00-133.00 sec   809 KBytes  6.62 Mbits/sec  1.122 ms  644/1334 (48%)  
[  5] 133.00-134.00 sec   709 KBytes  5.81 Mbits/sec  1.068 ms  560/1165 (48%)  
[  5] 134.00-135.00 sec   689 KBytes  5.65 Mbits/sec  1.037 ms  530/1118 (47%)  
[  5] 135.00-136.00 sec   839 KBytes  6.87 Mbits/sec  1.038 ms  650/1366 (48%)  
[  5] 136.00-137.00 sec   679 KBytes  5.56 Mbits/sec  1.089 ms  521/1100 (47%)  
[  5] 137.00-138.00 sec   809 KBytes  6.62 Mbits/sec  1.059 ms  635/1325 (48%)  
[  5] 138.00-139.00 sec   709 KBytes  5.81 Mbits/sec  1.129 ms  566/1171 (48%)  
[  5] 139.00-140.00 sec   809 KBytes  6.63 Mbits/sec  1.113 ms  631/1321 (48%)  
[  5] 140.00-141.00 sec   809 KBytes  6.62 Mbits/sec  1.077 ms  666/1356 (49%)  
[  5] 141.00-142.00 sec   709 KBytes  5.81 Mbits/sec  1.115 ms  537/1142 (47%)  
[  5] 142.00-143.00 sec   805 KBytes  6.60 Mbits/sec  1.046 ms  620/1307 (47%)  
[  5] 143.00-144.00 sec   697 KBytes  5.71 Mbits/sec  1.117 ms  555/1150 (48%)  
[  5] 144.00-145.00 sec   809 KBytes  6.62 Mbits/sec  1.094 ms  659/1349 (49%)  
[  5] 145.00-146.00 sec   709 KBytes  5.80 Mbits/sec  1.140 ms  570/1175 (49%)  
[  5] 146.00-147.00 sec   809 KBytes  6.63 Mbits/sec  1.127 ms  649/1339 (48%)  
[  5] 147.00-148.00 sec   709 KBytes  5.81 Mbits/sec  1.107 ms  585/1190 (49%)  
[  5] 148.00-149.00 sec   809 KBytes  6.62 Mbits/sec  1.162 ms  681/1371 (50%)  
[  5] 149.00-150.00 sec   709 KBytes  5.81 Mbits/sec  1.104 ms  561/1166 (48%)  
[  5] 150.00-151.00 sec   689 KBytes  5.64 Mbits/sec  1.017 ms  520/1108 (47%)  
[  5] 151.00-152.00 sec   838 KBytes  6.87 Mbits/sec  1.030 ms  653/1368 (48%)  
[  5] 152.00-153.00 sec   680 KBytes  5.57 Mbits/sec  1.055 ms  510/1090 (47%)  
[  5] 153.00-154.00 sec   789 KBytes  6.46 Mbits/sec  1.122 ms  650/1323 (49%)  
[  5] 154.00-155.00 sec   739 KBytes  6.06 Mbits/sec  3.567 ms  584/1215 (48%)  
[  5] 155.00-156.00 sec   778 KBytes  6.37 Mbits/sec  1.042 ms  626/1290 (49%)  
[  5] 156.00-157.00 sec   799 KBytes  6.55 Mbits/sec  1.170 ms  644/1326 (49%)  
[  5] 157.00-158.00 sec   718 KBytes  5.88 Mbits/sec  1.075 ms  562/1175 (48%)  
[  5] 158.00-159.00 sec   809 KBytes  6.62 Mbits/sec  1.054 ms  654/1344 (49%)  
[  5] 159.00-160.00 sec   709 KBytes  5.81 Mbits/sec  1.162 ms  578/1183 (49%)  
[  5] 160.00-161.00 sec   809 KBytes  6.62 Mbits/sec  1.015 ms  649/1339 (48%)  
[  5] 161.00-162.00 sec   799 KBytes  6.55 Mbits/sec  1.104 ms  634/1316 (48%)  
[  5] 162.00-163.00 sec   718 KBytes  5.88 Mbits/sec  1.169 ms  573/1186 (48%)  
[  5] 163.00-164.00 sec   709 KBytes  5.81 Mbits/sec  1.143 ms  587/1192 (49%)  
[  5] 164.00-165.00 sec   809 KBytes  6.62 Mbits/sec  1.054 ms  642/1332 (48%)  
[  5] 165.00-166.00 sec   709 KBytes  5.81 Mbits/sec  1.080 ms  570/1175 (49%)  
[  5] 166.00-167.00 sec   809 KBytes  6.63 Mbits/sec  1.148 ms  642/1332 (48%)  
[  5] 167.00-168.00 sec   720 KBytes  5.89 Mbits/sec  1.038 ms  554/1168 (47%)  
[  5] 168.00-169.00 sec   769 KBytes  6.30 Mbits/sec  1.135 ms  575/1231 (47%)  
[  5] 169.00-170.00 sec   720 KBytes  5.89 Mbits/sec  0.982 ms  561/1175 (48%)  
[  5] 170.00-171.00 sec   798 KBytes  6.54 Mbits/sec  1.112 ms  606/1287 (47%)  
[  5] 171.00-172.00 sec   720 KBytes  5.90 Mbits/sec  0.982 ms  579/1193 (49%)  
[  5] 172.00-173.00 sec   798 KBytes  6.54 Mbits/sec  1.148 ms  640/1321 (48%)  
[  5] 173.00-174.00 sec   720 KBytes  5.89 Mbits/sec  1.164 ms  571/1185 (48%)  
[  5] 174.00-175.00 sec   807 KBytes  6.62 Mbits/sec  1.133 ms  654/1343 (49%)  
[  5] 175.00-176.00 sec   799 KBytes  6.55 Mbits/sec  1.151 ms  644/1326 (49%)  
[  5] 176.00-177.00 sec   720 KBytes  5.89 Mbits/sec  1.040 ms  574/1188 (48%)  
[  5] 177.00-178.00 sec   709 KBytes  5.81 Mbits/sec  1.112 ms  578/1183 (49%)  
[  5] 178.00-179.00 sec   809 KBytes  6.63 Mbits/sec  1.158 ms  648/1338 (48%)  
[  5] 179.00-180.00 sec   709 KBytes  5.81 Mbits/sec  1.068 ms  577/1182 (49%)  
[  5] 180.00-181.00 sec   778 KBytes  6.37 Mbits/sec  1.132 ms  618/1282 (48%)  
[  5] 181.00-182.00 sec   709 KBytes  5.81 Mbits/sec  1.150 ms  564/1169 (48%)  
[  5] 182.00-183.00 sec   809 KBytes  6.62 Mbits/sec  1.170 ms  631/1321 (48%)  
[  5] 183.00-184.00 sec   708 KBytes  5.80 Mbits/sec  1.071 ms  588/1192 (49%)  
[  5] 184.00-185.00 sec   788 KBytes  6.45 Mbits/sec  1.105 ms  656/1328 (49%)  
[  5] 185.00-186.00 sec   718 KBytes  5.88 Mbits/sec  1.038 ms  561/1174 (48%)  
[  5] 186.00-187.00 sec   709 KBytes  5.81 Mbits/sec  1.096 ms  542/1147 (47%)  
[  5] 187.00-188.00 sec   809 KBytes  6.62 Mbits/sec  1.207 ms  641/1331 (48%)  
[  5] 188.00-189.00 sec   709 KBytes  5.81 Mbits/sec  1.174 ms  558/1163 (48%)  
[  5] 189.00-190.00 sec   809 KBytes  6.62 Mbits/sec  1.083 ms  644/1334 (48%)  
[  5] 190.00-191.00 sec   709 KBytes  5.81 Mbits/sec  1.147 ms  587/1192 (49%)  
[  5] 191.00-192.00 sec   689 KBytes  5.65 Mbits/sec  1.105 ms  538/1126 (48%)  
[  5] 192.00-193.00 sec   709 KBytes  5.81 Mbits/sec  1.187 ms  582/1187 (49%)  
[  5] 193.00-194.00 sec   720 KBytes  5.89 Mbits/sec  1.035 ms  580/1194 (49%)  
[  5] 194.00-195.00 sec   709 KBytes  5.81 Mbits/sec  1.107 ms  553/1158 (48%)  
[  5] 195.00-196.00 sec   809 KBytes  6.62 Mbits/sec  1.068 ms  647/1337 (48%)  
[  5] 196.00-197.00 sec   709 KBytes  5.80 Mbits/sec  1.064 ms  570/1175 (49%)  
[  5] 197.00-198.00 sec   709 KBytes  5.81 Mbits/sec  1.112 ms  579/1184 (49%)  
[  5] 198.00-199.00 sec   688 KBytes  5.64 Mbits/sec  1.133 ms  557/1144 (49%)  
[  5] 199.00-200.00 sec   809 KBytes  6.62 Mbits/sec  1.078 ms  690/1380 (50%)  
[  5] 200.00-201.00 sec   709 KBytes  5.81 Mbits/sec  1.107 ms  578/1183 (49%)  
[  5] 201.00-202.00 sec   709 KBytes  5.81 Mbits/sec  1.234 ms  590/1195 (49%)  
[  5] 202.00-203.00 sec   809 KBytes  6.62 Mbits/sec  1.279 ms  674/1364 (49%)  
[  5] 203.00-204.00 sec   720 KBytes  5.89 Mbits/sec  1.050 ms  590/1204 (49%)  
[  5] 204.00-205.00 sec   679 KBytes  5.56 Mbits/sec  1.177 ms  588/1167 (50%)  
[  5] 205.00-206.00 sec   809 KBytes  6.62 Mbits/sec  1.164 ms  715/1405 (51%)  
[  5] 206.00-207.00 sec   709 KBytes  5.80 Mbits/sec  1.146 ms  645/1250 (52%)  
[  5] 207.00-208.00 sec   809 KBytes  6.63 Mbits/sec  1.233 ms  708/1398 (51%)  
[  5] 208.00-209.00 sec   709 KBytes  5.81 Mbits/sec  1.149 ms  607/1212 (50%)  
[  5] 209.00-210.00 sec   720 KBytes  5.89 Mbits/sec  1.017 ms  610/1224 (50%)  
[  5] 210.00-211.00 sec   809 KBytes  6.63 Mbits/sec  1.092 ms  703/1393 (50%)  
[  5] 211.00-212.00 sec   709 KBytes  5.81 Mbits/sec  1.131 ms  584/1189 (49%)  
[  5] 212.00-213.00 sec   809 KBytes  6.62 Mbits/sec  1.119 ms  685/1375 (50%)  
[  5] 213.00-214.00 sec   709 KBytes  5.81 Mbits/sec  1.152 ms  615/1220 (50%)  
[  5] 214.00-215.00 sec   809 KBytes  6.62 Mbits/sec  1.133 ms  689/1379 (50%)  
[  5] 215.00-216.00 sec   679 KBytes  5.56 Mbits/sec  1.137 ms  550/1129 (49%)  
[  5] 216.00-217.00 sec   809 KBytes  6.62 Mbits/sec  1.135 ms  672/1362 (49%)  
[  5] 217.00-218.00 sec   709 KBytes  5.81 Mbits/sec  1.114 ms  574/1179 (49%)  
[  5] 218.00-219.00 sec   809 KBytes  6.62 Mbits/sec  1.149 ms  673/1363 (49%)  
[  5] 219.00-220.00 sec   810 KBytes  6.63 Mbits/sec  1.092 ms  653/1344 (49%)  
[  5] 220.00-221.00 sec   708 KBytes  5.80 Mbits/sec  1.119 ms  560/1164 (48%)  
[  5] 221.00-222.00 sec   810 KBytes  6.63 Mbits/sec  1.173 ms  680/1371 (50%)  
[  5] 222.00-223.00 sec   697 KBytes  5.71 Mbits/sec  1.118 ms  579/1174 (49%)  
[  5] 223.00-224.00 sec   810 KBytes  6.63 Mbits/sec  1.170 ms  669/1360 (49%)  
[  5] 224.00-225.00 sec   718 KBytes  5.88 Mbits/sec  1.093 ms  568/1181 (48%)  
[  5] 225.00-226.00 sec   708 KBytes  5.80 Mbits/sec  1.094 ms  558/1162 (48%)  
[  5] 226.00-227.00 sec   810 KBytes  6.63 Mbits/sec  1.112 ms  637/1328 (48%)  
[  5] 227.00-228.00 sec   679 KBytes  5.56 Mbits/sec  1.142 ms  528/1107 (48%)  
[  5] 228.00-229.00 sec   809 KBytes  6.62 Mbits/sec  1.113 ms  673/1363 (49%)  
[  5] 229.00-230.00 sec   709 KBytes  5.81 Mbits/sec  1.090 ms  566/1171 (48%)  
[  5] 230.00-231.00 sec   807 KBytes  6.61 Mbits/sec  1.132 ms  623/1312 (47%)  
[  5] 231.00-232.00 sec   809 KBytes  6.62 Mbits/sec  1.111 ms  621/1311 (47%)  
[  5] 232.00-233.00 sec   684 KBytes  5.60 Mbits/sec  1.184 ms  585/1169 (50%)  
[  5] 233.00-234.00 sec   809 KBytes  6.63 Mbits/sec  1.234 ms  646/1336 (48%)  
[  5] 234.00-235.00 sec   709 KBytes  5.81 Mbits/sec  1.141 ms  554/1159 (48%)  
[  5] 235.00-236.00 sec   809 KBytes  6.62 Mbits/sec  1.115 ms  622/1312 (47%)  
[  5] 236.00-237.00 sec   708 KBytes  5.80 Mbits/sec  1.135 ms  600/1204 (50%)  
[  5] 237.00-238.00 sec   809 KBytes  6.62 Mbits/sec  1.149 ms  674/1364 (49%)  
[  5] 238.00-239.00 sec   720 KBytes  5.89 Mbits/sec  1.065 ms  640/1254 (51%)  
[  5] 239.00-240.00 sec   798 KBytes  6.54 Mbits/sec  1.132 ms  624/1305 (48%)  
[  5] 240.00-241.00 sec   690 KBytes  5.65 Mbits/sec  1.055 ms  525/1114 (47%)  
[  5] 241.00-242.00 sec   708 KBytes  5.80 Mbits/sec  1.113 ms  568/1172 (48%)  
[  5] 242.00-243.00 sec   810 KBytes  6.63 Mbits/sec  1.068 ms  624/1315 (47%)  
[  5] 243.00-244.00 sec   708 KBytes  5.80 Mbits/sec  1.144 ms  551/1155 (48%)  
[  5] 244.00-245.00 sec   810 KBytes  6.63 Mbits/sec  1.153 ms  633/1324 (48%)  
[  5] 245.00-246.00 sec   807 KBytes  6.61 Mbits/sec  1.066 ms  655/1344 (49%)  
[  5] 246.00-247.00 sec   710 KBytes  5.81 Mbits/sec  1.120 ms  560/1166 (48%)  
[  5] 247.00-248.00 sec   803 KBytes  6.58 Mbits/sec  1.068 ms  632/1317 (48%)  
[  5] 248.00-249.00 sec   710 KBytes  5.82 Mbits/sec  1.120 ms  560/1166 (48%)  
[  5] 249.00-250.00 sec   807 KBytes  6.61 Mbits/sec  1.181 ms  624/1313 (48%)  
[  5] 250.00-251.00 sec   710 KBytes  5.81 Mbits/sec  1.104 ms  551/1157 (48%)  
[  5] 251.00-252.00 sec   718 KBytes  5.89 Mbits/sec  1.065 ms  565/1178 (48%)  
[  5] 252.00-253.00 sec   809 KBytes  6.63 Mbits/sec  1.062 ms  660/1350 (49%)  
[  5] 253.00-254.00 sec   709 KBytes  5.81 Mbits/sec  1.069 ms  595/1200 (50%)  
[  5] 254.00-255.00 sec   709 KBytes  5.81 Mbits/sec  1.169 ms  618/1223 (51%)  
[  5] 255.00-256.00 sec   779 KBytes  6.38 Mbits/sec  1.063 ms  613/1278 (48%)  
[  5] 256.00-257.00 sec   738 KBytes  6.05 Mbits/sec  1.097 ms  573/1203 (48%)  
[  5] 257.00-258.00 sec   689 KBytes  5.64 Mbits/sec  1.124 ms  538/1126 (48%)  
[  5] 258.00-259.00 sec   809 KBytes  6.62 Mbits/sec  1.075 ms  630/1320 (48%)  
[  5] 259.00-260.00 sec   709 KBytes  5.81 Mbits/sec  1.109 ms  552/1157 (48%)  
[  5] 260.00-261.00 sec   809 KBytes  6.62 Mbits/sec  1.022 ms  617/1307 (47%)  
[  5] 261.00-262.00 sec   708 KBytes  5.80 Mbits/sec  1.197 ms  584/1188 (49%)  
[  5] 262.00-263.00 sec   809 KBytes  6.62 Mbits/sec  1.186 ms  673/1363 (49%)  
[  5] 263.00-264.00 sec   809 KBytes  6.62 Mbits/sec  1.051 ms  648/1338 (48%)  
[  5] 264.00-265.00 sec   709 KBytes  5.81 Mbits/sec  1.169 ms  583/1188 (49%)  
[  5] 265.00-266.00 sec   809 KBytes  6.62 Mbits/sec  1.008 ms  663/1353 (49%)  
[  5] 266.00-267.00 sec   709 KBytes  5.81 Mbits/sec  1.157 ms  595/1200 (50%)  
[  5] 267.00-268.00 sec   809 KBytes  6.62 Mbits/sec  1.126 ms  687/1377 (50%)  
[  5] 268.00-269.00 sec   700 KBytes  5.73 Mbits/sec  1.147 ms  616/1213 (51%)  
[  5] 269.00-270.00 sec   809 KBytes  6.63 Mbits/sec  1.118 ms  693/1383 (50%)  
[  5] 270.00-271.00 sec   700 KBytes  5.73 Mbits/sec  1.102 ms  580/1177 (49%)  
[  5] 271.00-272.00 sec   809 KBytes  6.63 Mbits/sec  1.172 ms  668/1358 (49%)  
[  5] 272.00-273.00 sec   709 KBytes  5.81 Mbits/sec  1.102 ms  529/1134 (47%)  
[  5] 273.00-274.00 sec   689 KBytes  5.64 Mbits/sec  1.065 ms  532/1120 (48%)  
[  5] 274.00-275.00 sec   809 KBytes  6.63 Mbits/sec  1.064 ms  643/1333 (48%)  
[  5] 275.00-276.00 sec   789 KBytes  6.46 Mbits/sec  1.117 ms  605/1278 (47%)  
[  5] 276.00-277.00 sec   720 KBytes  5.89 Mbits/sec  1.075 ms  555/1169 (47%)  
[  5] 277.00-278.00 sec   798 KBytes  6.54 Mbits/sec  1.106 ms  636/1317 (48%)  
[  5] 278.00-279.00 sec   720 KBytes  5.89 Mbits/sec  1.124 ms  583/1197 (49%)  
[  5] 279.00-280.00 sec   809 KBytes  6.62 Mbits/sec  1.076 ms  647/1337 (48%)  
[  5] 280.00-281.00 sec   709 KBytes  5.81 Mbits/sec  1.087 ms  541/1146 (47%)  
[  5] 281.00-282.00 sec   809 KBytes  6.62 Mbits/sec  0.980 ms  621/1311 (47%)  
[  5] 282.00-283.00 sec   709 KBytes  5.81 Mbits/sec  1.140 ms  596/1201 (50%)  
[  5] 283.00-284.00 sec   718 KBytes  5.88 Mbits/sec  1.095 ms  601/1214 (50%)  
[  5] 284.00-285.00 sec   799 KBytes  6.55 Mbits/sec  1.094 ms  644/1326 (49%)  
[  5] 285.00-286.00 sec   689 KBytes  5.64 Mbits/sec  1.119 ms  574/1162 (49%)  
[  5] 286.00-287.00 sec   704 KBytes  5.78 Mbits/sec  1.129 ms  575/1176 (49%)  
[  5] 287.00-288.00 sec   709 KBytes  5.81 Mbits/sec  1.107 ms  575/1180 (49%)  
[  5] 288.00-289.00 sec   720 KBytes  5.89 Mbits/sec  1.073 ms  544/1158 (47%)  
[  5] 289.00-290.00 sec   708 KBytes  5.80 Mbits/sec  1.122 ms  575/1179 (49%)  
[  5] 290.00-291.00 sec   810 KBytes  6.63 Mbits/sec  1.025 ms  629/1320 (48%)  
[  5] 291.00-292.00 sec   708 KBytes  5.80 Mbits/sec  1.263 ms  585/1189 (49%)  
[  5] 292.00-293.00 sec   689 KBytes  5.64 Mbits/sec  1.232 ms  528/1116 (47%)  
[  5] 293.00-294.00 sec   829 KBytes  6.78 Mbits/sec  1.079 ms  643/1350 (48%)  
[  5] 294.00-295.00 sec   689 KBytes  5.64 Mbits/sec  1.087 ms  559/1147 (49%)  
[  5] 295.00-296.00 sec   809 KBytes  6.63 Mbits/sec  1.128 ms  695/1385 (50%)  
[  5] 296.00-297.00 sec   799 KBytes  6.55 Mbits/sec  1.160 ms  637/1319 (48%)  
[  5] 297.00-298.00 sec   718 KBytes  5.89 Mbits/sec  1.145 ms  601/1214 (50%)  
[  5] 298.00-299.00 sec   709 KBytes  5.80 Mbits/sec  1.128 ms  618/1223 (51%)  
[  5] 299.00-300.00 sec   809 KBytes  6.64 Mbits/sec  1.153 ms  704/1394 (51%)  
[  5] 300.00-301.01 sec   809 KBytes  6.58 Mbits/sec  1.044 ms  691/1381 (50%)  
[  5] 301.01-302.00 sec   709 KBytes  5.84 Mbits/sec  1.177 ms  632/1237 (51%)  
[  5] 302.00-303.00 sec   709 KBytes  5.81 Mbits/sec  1.157 ms  640/1245 (51%)  
[  5] 303.00-304.00 sec   809 KBytes  6.62 Mbits/sec  1.157 ms  698/1388 (50%)  
[  5] 304.00-305.00 sec   718 KBytes  5.88 Mbits/sec  1.079 ms  610/1223 (50%)  
[  5] 305.00-306.00 sec   799 KBytes  6.54 Mbits/sec  1.130 ms  638/1320 (48%)  
[  5] 306.00-307.00 sec   689 KBytes  5.64 Mbits/sec  1.099 ms  528/1116 (47%)  
[  5] 307.00-308.00 sec   839 KBytes  6.88 Mbits/sec  1.089 ms  666/1382 (48%)  
[  5] 308.00-309.00 sec   679 KBytes  5.56 Mbits/sec  1.061 ms  514/1093 (47%)  
[  5] 309.00-310.00 sec   809 KBytes  6.62 Mbits/sec  1.082 ms  651/1341 (49%)  
[  5] 310.00-311.00 sec   709 KBytes  5.81 Mbits/sec  1.067 ms  586/1191 (49%)  
[  5] 311.00-312.00 sec   809 KBytes  6.62 Mbits/sec  0.999 ms  655/1345 (49%)  
[  5] 312.00-313.00 sec   709 KBytes  5.81 Mbits/sec  1.114 ms  543/1148 (47%)  
[  5] 313.00-314.00 sec   805 KBytes  6.60 Mbits/sec  1.219 ms  666/1353 (49%)  
[  5] 314.00-315.00 sec   709 KBytes  5.80 Mbits/sec  1.182 ms  577/1182 (49%)  
[  5] 315.00-316.00 sec   809 KBytes  6.62 Mbits/sec  1.184 ms  660/1350 (49%)  
[  5] 316.00-317.00 sec   709 KBytes  5.81 Mbits/sec  1.069 ms  556/1161 (48%)  
[  5] 317.00-318.00 sec   589 KBytes  4.83 Mbits/sec  1.122 ms  464/967 (48%)  
[  5] 318.00-319.00 sec   718 KBytes  5.88 Mbits/sec  1.232 ms  583/1196 (49%)  
[  5] 319.00-320.00 sec   709 KBytes  5.81 Mbits/sec  1.230 ms  589/1194 (49%)  
[  5] 320.00-321.00 sec   589 KBytes  4.82 Mbits/sec  1.186 ms  483/986 (49%)  
[  5] 321.00-322.00 sec   720 KBytes  5.91 Mbits/sec  1.024 ms  569/1183 (48%)  
[  5] 322.00-323.00 sec   708 KBytes  5.80 Mbits/sec  1.159 ms  543/1147 (47%)  
[  5] 323.00-324.00 sec   720 KBytes  5.90 Mbits/sec  1.057 ms  566/1180 (48%)  
[  5] 324.00-325.00 sec   708 KBytes  5.80 Mbits/sec  1.105 ms  547/1151 (48%)  
[  5] 325.00-326.00 sec   710 KBytes  5.82 Mbits/sec  1.149 ms  554/1160 (48%)  
[  5] 326.00-327.00 sec   689 KBytes  5.65 Mbits/sec  1.030 ms  544/1132 (48%)  
[  5] 327.00-328.00 sec   709 KBytes  5.81 Mbits/sec  1.139 ms  564/1169 (48%)  
[  5] 328.00-329.00 sec   718 KBytes  5.88 Mbits/sec  1.016 ms  583/1196 (49%)  
[  5] 329.00-330.00 sec   709 KBytes  5.81 Mbits/sec  1.325 ms  590/1195 (49%)  
[  5] 330.00-331.00 sec   679 KBytes  5.55 Mbits/sec  1.173 ms  664/1243 (53%)  
[  5] 331.00-332.00 sec   718 KBytes  5.89 Mbits/sec  1.253 ms  706/1319 (54%)  
[  5] 332.00-333.00 sec   710 KBytes  5.82 Mbits/sec  1.110 ms  656/1262 (52%)  
[  5] 333.00-334.00 sec   711 KBytes  5.83 Mbits/sec  1.116 ms  772/1379 (56%)  
[  5] 334.00-335.00 sec   709 KBytes  5.81 Mbits/sec  1.147 ms  694/1299 (53%)  
[  5] 335.00-336.00 sec   709 KBytes  5.81 Mbits/sec  1.162 ms  695/1300 (53%)  
[  5] 336.00-337.00 sec   809 KBytes  6.62 Mbits/sec  1.270 ms  788/1478 (53%)  
[  5] 337.00-338.00 sec   679 KBytes  5.56 Mbits/sec  1.182 ms  667/1246 (54%)  
[  5] 338.00-339.00 sec   718 KBytes  5.88 Mbits/sec  1.157 ms  648/1261 (51%)  
[  5] 339.00-340.00 sec   709 KBytes  5.81 Mbits/sec  1.333 ms  650/1255 (52%)  
[  5] 340.00-341.00 sec   720 KBytes  5.89 Mbits/sec  1.091 ms  616/1230 (50%)  
[  5] 341.00-342.00 sec   709 KBytes  5.79 Mbits/sec  1.158 ms  642/1247 (51%)  
[  5] 342.00-343.00 sec   689 KBytes  5.66 Mbits/sec  1.079 ms  616/1204 (51%)  
[  5] 343.00-344.00 sec   829 KBytes  6.79 Mbits/sec  1.088 ms  727/1434 (51%)  
[  5] 344.00-345.00 sec   689 KBytes  5.65 Mbits/sec  1.100 ms  630/1218 (52%)  
[  5] 345.00-346.00 sec   709 KBytes  5.81 Mbits/sec  1.211 ms  638/1243 (51%)  
[  5] 346.00-347.00 sec   708 KBytes  5.80 Mbits/sec  1.171 ms  671/1275 (53%)  
[  5] 347.00-348.00 sec   709 KBytes  5.81 Mbits/sec  1.152 ms  622/1227 (51%)  
[  5] 348.00-349.00 sec   704 KBytes  5.77 Mbits/sec  1.178 ms  632/1233 (51%)  
[  5] 349.00-350.00 sec   589 KBytes  4.83 Mbits/sec  1.118 ms  499/1002 (50%)  
[  5] 350.00-351.00 sec   629 KBytes  5.16 Mbits/sec  1.044 ms  563/1100 (51%)  
[  5] 351.00-352.00 sec   679 KBytes  5.56 Mbits/sec  1.078 ms  596/1175 (51%)  
[  5] 352.00-353.00 sec   709 KBytes  5.81 Mbits/sec  1.127 ms  658/1263 (52%)  
[  5] 353.00-354.00 sec   718 KBytes  5.88 Mbits/sec  1.012 ms  644/1257 (51%)  
[  5] 354.00-355.00 sec   709 KBytes  5.80 Mbits/sec  1.163 ms  629/1234 (51%)  
[  5] 355.00-356.00 sec   709 KBytes  5.81 Mbits/sec  1.067 ms  609/1214 (50%)  
[  5] 356.00-357.00 sec   588 KBytes  4.82 Mbits/sec  1.118 ms  515/1017 (51%)  
[  5] 357.00-358.00 sec   720 KBytes  5.89 Mbits/sec  1.141 ms  612/1226 (50%)  
[  5] 358.00-359.00 sec   797 KBytes  6.53 Mbits/sec  1.039 ms  704/1384 (51%)  
[  5] 359.00-360.00 sec   709 KBytes  5.81 Mbits/sec  1.142 ms  602/1207 (50%)  
[  5] 360.00-361.00 sec   709 KBytes  5.81 Mbits/sec  1.106 ms  646/1251 (52%)  
[  5] 361.00-362.00 sec   689 KBytes  5.64 Mbits/sec  1.154 ms  663/1251 (53%)  
[  5] 362.00-363.00 sec   708 KBytes  5.80 Mbits/sec  1.188 ms  706/1310 (54%)  
[  5] 363.00-364.00 sec   810 KBytes  6.63 Mbits/sec  1.166 ms  901/1592 (57%)  
[  5] 364.00-365.00 sec   708 KBytes  5.80 Mbits/sec  1.192 ms  712/1316 (54%)  
[  5] 365.00-366.00 sec   720 KBytes  5.89 Mbits/sec  1.025 ms  654/1268 (52%)  
[  5] 366.00-367.00 sec   709 KBytes  5.80 Mbits/sec  1.210 ms  665/1270 (52%)  
[  5] 367.00-368.00 sec   718 KBytes  5.89 Mbits/sec  1.137 ms  709/1322 (54%)  
[  5] 368.00-369.00 sec   680 KBytes  5.57 Mbits/sec  1.172 ms  664/1244 (53%)  
[  5] 369.00-370.00 sec   709 KBytes  5.81 Mbits/sec  1.178 ms  688/1293 (53%)  
[  5] 370.00-371.00 sec   718 KBytes  5.88 Mbits/sec  1.255 ms  668/1281 (52%)  
[  5] 371.00-372.00 sec   589 KBytes  4.82 Mbits/sec  1.101 ms  519/1022 (51%)  
[  5] 372.00-373.00 sec   709 KBytes  5.81 Mbits/sec  1.150 ms  621/1226 (51%)  
[  5] 373.00-374.00 sec   809 KBytes  6.63 Mbits/sec  1.196 ms  716/1406 (51%)  
[  5] 374.00-375.00 sec   709 KBytes  5.81 Mbits/sec  1.232 ms  599/1204 (50%)  
[  5] 375.00-376.00 sec   718 KBytes  5.88 Mbits/sec  1.185 ms  599/1212 (49%)  
[  5] 376.00-377.00 sec   709 KBytes  5.81 Mbits/sec  1.128 ms  627/1232 (51%)  
[  5] 377.00-378.00 sec   704 KBytes  5.77 Mbits/sec  1.409 ms  652/1253 (52%)  
[  5] 378.00-379.00 sec   679 KBytes  5.55 Mbits/sec  1.222 ms  593/1172 (51%)  
[  5] 379.00-380.00 sec   709 KBytes  5.81 Mbits/sec  1.181 ms  663/1268 (52%)  
[  5] 380.00-381.00 sec   718 KBytes  5.88 Mbits/sec  1.120 ms  654/1267 (52%)  
[  5] 381.00-382.00 sec   709 KBytes  5.82 Mbits/sec  1.257 ms  676/1281 (53%)  
[  5] 382.00-383.00 sec   809 KBytes  6.62 Mbits/sec  1.233 ms  744/1434 (52%)  
[  5] 383.00-384.00 sec   709 KBytes  5.81 Mbits/sec  1.104 ms  633/1238 (51%)  
[  5] 384.00-385.00 sec   689 KBytes  5.64 Mbits/sec  1.129 ms  639/1227 (52%)  
[  5] 385.00-386.00 sec   709 KBytes  5.81 Mbits/sec  1.162 ms  662/1267 (52%)  
[  5] 386.00-387.00 sec   709 KBytes  5.81 Mbits/sec  1.140 ms  642/1247 (51%)  
[  5] 387.00-388.00 sec   718 KBytes  5.89 Mbits/sec  1.102 ms  612/1225 (50%)  
[  5] 388.00-389.00 sec   589 KBytes  4.82 Mbits/sec  1.169 ms  509/1012 (50%)  
[  5] 389.00-390.00 sec   697 KBytes  5.72 Mbits/sec  1.183 ms  654/1249 (52%)  
[  5] 390.00-391.00 sec   619 KBytes  5.07 Mbits/sec  1.275 ms  560/1088 (51%)  
[  5] 391.00-392.00 sec   718 KBytes  5.88 Mbits/sec  1.078 ms  632/1245 (51%)  
[  5] 392.00-393.00 sec   709 KBytes  5.81 Mbits/sec  1.175 ms  640/1245 (51%)  
[  5] 393.00-394.00 sec   680 KBytes  5.57 Mbits/sec  1.211 ms  613/1193 (51%)  
[  5] 394.00-395.00 sec   718 KBytes  5.89 Mbits/sec  1.129 ms  630/1243 (51%)  
[  5] 395.00-396.00 sec   620 KBytes  5.07 Mbits/sec  1.158 ms  554/1083 (51%)  
[  5] 396.00-397.00 sec   708 KBytes  5.80 Mbits/sec  1.185 ms  630/1234 (51%)  
[  5] 397.00-398.00 sec   689 KBytes  5.64 Mbits/sec  1.097 ms  642/1230 (52%)  
[  5] 398.00-399.00 sec   620 KBytes  5.08 Mbits/sec  1.095 ms  531/1060 (50%)  
[  5] 399.00-400.00 sec   707 KBytes  5.79 Mbits/sec  1.107 ms  632/1235 (51%)  
[  5] 400.00-401.00 sec   718 KBytes  5.88 Mbits/sec  1.099 ms  647/1260 (51%)  
[  5] 401.00-402.00 sec   588 KBytes  4.82 Mbits/sec  1.187 ms  592/1094 (54%)  
[  5] 402.00-403.00 sec   710 KBytes  5.82 Mbits/sec  1.157 ms  720/1326 (54%)  
[  5] 403.00-404.00 sec   695 KBytes  5.69 Mbits/sec  1.233 ms  755/1348 (56%)  
[  5] 404.00-405.00 sec   720 KBytes  5.89 Mbits/sec  1.208 ms  726/1340 (54%)  
[  5] 405.00-406.00 sec   588 KBytes  4.82 Mbits/sec  1.169 ms  553/1055 (52%)  
[  5] 406.00-407.00 sec   688 KBytes  5.64 Mbits/sec  1.208 ms  670/1257 (53%)  
