Connecting to host 172.22.0.50, port 5202
Reverse mode, remote host 172.22.0.50 is sending
[  5] local 192.168.102.2 port 41833 connected to 172.22.0.50 port 5202
[ ID] Interval           Transfer     Bitrate         Jitter    Lost/Total Datagrams
[  5]   0.00-1.00   sec   440 KBytes  3.60 Mbits/sec  0.289 ms  0/4508 (0%)  
[  5]   1.00-2.00   sec   439 KBytes  3.60 Mbits/sec  0.290 ms  0/4496 (0%)  
[  5]   2.00-3.00   sec   438 KBytes  3.59 Mbits/sec  0.218 ms  0/4490 (0%)  
[  5]   3.00-4.00   sec   439 KBytes  3.60 Mbits/sec  0.343 ms  0/4497 (0%)  
[  5]   4.00-5.00   sec   438 KBytes  3.59 Mbits/sec  0.297 ms  0/4489 (0%)  
[  5]   5.00-6.00   sec   441 KBytes  3.61 Mbits/sec  0.342 ms  0/4512 (0%)  
[  5]   6.00-7.00   sec   439 KBytes  3.60 Mbits/sec  0.400 ms  0/4497 (0%)  
[  5]   7.00-8.00   sec   441 KBytes  3.61 Mbits/sec  0.312 ms  0/4511 (0%)  
[  5]   8.00-9.00   sec   440 KBytes  3.61 Mbits/sec  0.255 ms  0/4510 (0%)  
[  5]   9.00-10.00  sec   438 KBytes  3.59 Mbits/sec  0.290 ms  0/4487 (0%)  
[  5]  10.00-11.00  sec   440 KBytes  3.61 Mbits/sec  0.308 ms  0/4509 (0%)  
[  5]  11.00-12.00  sec   439 KBytes  3.59 Mbits/sec  0.293 ms  0/4492 (0%)  
[  5]  12.00-13.00  sec   390 KBytes  3.20 Mbits/sec  0.448 ms  0/3997 (0%)  
[  5]  13.00-14.00  sec   322 KBytes  2.64 Mbits/sec  0.378 ms  0/3296 (0%)  
[  5]  14.00-15.00  sec   322 KBytes  2.64 Mbits/sec  0.341 ms  0/3296 (0%)  
[  5]  15.00-16.00  sec   325 KBytes  2.67 Mbits/sec  0.370 ms  0/3333 (0%)  
[  5]  16.00-17.00  sec   332 KBytes  2.72 Mbits/sec  0.348 ms  0/3402 (0%)  
[  5]  17.00-18.00  sec   352 KBytes  2.88 Mbits/sec  0.295 ms  0/3604 (0%)  
[  5]  18.00-19.00  sec   381 KBytes  3.12 Mbits/sec  0.337 ms  0/3905 (0%)  
[  5]  19.00-20.00  sec   387 KBytes  3.17 Mbits/sec  0.301 ms  0/3963 (0%)  
[  5]  20.00-21.00  sec   401 KBytes  3.29 Mbits/sec  0.333 ms  0/4106 (0%)  
[  5]  21.00-22.00  sec   387 KBytes  3.17 Mbits/sec  0.359 ms  0/3964 (0%)  
[  5]  22.00-23.00  sec   380 KBytes  3.11 Mbits/sec  0.405 ms  0/3887 (0%)  
[  5]  23.00-24.00  sec   386 KBytes  3.17 Mbits/sec  0.408 ms  0/3957 (0%)  
[  5]  24.00-25.00  sec   390 KBytes  3.19 Mbits/sec  0.449 ms  0/3989 (0%)  
[  5]  25.00-26.00  sec   376 KBytes  3.08 Mbits/sec  0.271 ms  0/3854 (0%)  
[  5]  26.00-27.00  sec   412 KBytes  3.37 Mbits/sec  0.339 ms  0/4215 (0%)  
[  5]  27.00-28.00  sec   403 KBytes  3.30 Mbits/sec  0.437 ms  2/4132 (0.048%)  
[  5]  28.00-29.00  sec   352 KBytes  2.88 Mbits/sec  0.408 ms  0/3602 (0%)  
[  5]  29.00-30.00  sec   353 KBytes  2.89 Mbits/sec  0.383 ms  0/3614 (0%)  
[  5]  30.00-31.00  sec   344 KBytes  2.82 Mbits/sec  0.460 ms  0/3525 (0%)  
[  5]  31.00-32.00  sec   344 KBytes  2.82 Mbits/sec  0.344 ms  0/3519 (0%)  
[  5]  32.00-33.00  sec   344 KBytes  2.82 Mbits/sec  0.398 ms  0/3525 (0%)  
[  5]  33.00-34.00  sec   357 KBytes  2.92 Mbits/sec  0.396 ms  0/3654 (0%)  
[  5]  34.00-35.00  sec   360 KBytes  2.95 Mbits/sec  0.314 ms  0/3684 (0%)  
[  5]  35.00-36.00  sec   363 KBytes  2.97 Mbits/sec  0.328 ms  0/3718 (0%)  
[  5]  36.00-37.00  sec   366 KBytes  3.00 Mbits/sec  0.389 ms  0/3746 (0%)  
[  5]  37.00-38.00  sec   380 KBytes  3.11 Mbits/sec  0.280 ms  0/3887 (0%)  
[  5]  38.00-39.00  sec   413 KBytes  3.39 Mbits/sec  0.341 ms  0/4233 (0%)  
[  5]  39.00-40.00  sec   422 KBytes  3.46 Mbits/sec  0.441 ms  0/4320 (0%)  
[  5]  40.00-41.00  sec   424 KBytes  3.47 Mbits/sec  0.369 ms  0/4342 (0%)  
[  5]  41.00-42.00  sec   434 KBytes  3.55 Mbits/sec  0.286 ms  0/4443 (0%)  
[  5]  42.00-43.00  sec   433 KBytes  3.55 Mbits/sec  0.347 ms  0/4438 (0%)  
[  5]  43.00-44.00  sec   443 KBytes  3.63 Mbits/sec  0.306 ms  0/4535 (0%)  
[  5]  44.00-45.00  sec   441 KBytes  3.62 Mbits/sec  0.373 ms  0/4520 (0%)  
[  5]  45.00-46.00  sec   436 KBytes  3.57 Mbits/sec  0.303 ms  0/4465 (0%)  
[  5]  46.00-47.00  sec   422 KBytes  3.46 Mbits/sec  0.294 ms  0/4324 (0%)  
[  5]  47.00-48.00  sec   409 KBytes  3.35 Mbits/sec  0.346 ms  0/4187 (0%)  
[  5]  48.00-49.00  sec   365 KBytes  2.99 Mbits/sec  0.388 ms  0/3735 (0%)  
[  5]  49.00-50.00  sec   371 KBytes  3.04 Mbits/sec  0.358 ms  0/3809 (0%)  
[  5]  50.00-51.00  sec   366 KBytes  3.00 Mbits/sec  0.347 ms  0/3750 (0%)  
[  5]  51.00-52.00  sec   363 KBytes  2.97 Mbits/sec  0.367 ms  0/3714 (0%)  
[  5]  52.00-53.00  sec   381 KBytes  3.12 Mbits/sec  0.279 ms  0/3897 (0%)  
[  5]  53.00-54.00  sec   439 KBytes  3.59 Mbits/sec  0.322 ms  0/4492 (0%)  
[  5]  54.00-55.00  sec   414 KBytes  3.40 Mbits/sec  0.294 ms  0/4244 (0%)  
[  5]  55.00-56.00  sec   423 KBytes  3.47 Mbits/sec  0.296 ms  0/4336 (0%)  
[  5]  56.00-57.00  sec   426 KBytes  3.49 Mbits/sec  0.310 ms  0/4364 (0%)  
[  5]  57.00-58.00  sec   420 KBytes  3.44 Mbits/sec  0.343 ms  0/4301 (0%)  
[  5]  58.00-59.00  sec   365 KBytes  2.99 Mbits/sec  0.332 ms  0/3740 (0%)  
[  5]  59.00-60.00  sec   365 KBytes  2.99 Mbits/sec  0.402 ms  0/3737 (0%)  
[  5]  60.00-61.00  sec   358 KBytes  2.93 Mbits/sec  0.369 ms  0/3667 (0%)  
[  5]  61.00-62.00  sec   355 KBytes  2.91 Mbits/sec  0.446 ms  0/3639 (0%)  
[  5]  62.00-63.00  sec   348 KBytes  2.85 Mbits/sec  0.299 ms  0/3564 (0%)  
[  5]  63.00-64.00  sec   354 KBytes  2.90 Mbits/sec  0.339 ms  0/3626 (0%)  
[  5]  64.00-65.00  sec   363 KBytes  2.97 Mbits/sec  0.302 ms  0/3714 (0%)  
[  5]  65.00-66.00  sec   371 KBytes  3.04 Mbits/sec  0.318 ms  0/3800 (0%)  
[  5]  66.00-67.00  sec   369 KBytes  3.02 Mbits/sec  0.333 ms  0/3777 (0%)  
[  5]  67.00-68.00  sec   377 KBytes  3.09 Mbits/sec  0.358 ms  0/3863 (0%)  
[  5]  68.00-69.00  sec   438 KBytes  3.58 Mbits/sec  0.358 ms  0/4481 (0%)  
[  5]  69.00-70.00  sec   439 KBytes  3.60 Mbits/sec  0.350 ms  0/4498 (0%)  
[  5]  70.00-71.00  sec   426 KBytes  3.49 Mbits/sec  0.328 ms  0/4366 (0%)  
[  5]  71.00-72.00  sec   423 KBytes  3.47 Mbits/sec  0.314 ms  0/4334 (0%)  
[  5]  72.00-73.00  sec   432 KBytes  3.54 Mbits/sec  0.279 ms  0/4423 (0%)  
[  5]  73.00-74.00  sec   478 KBytes  3.91 Mbits/sec  0.326 ms  0/4893 (0%)  
[  5]  74.00-75.00  sec   476 KBytes  3.90 Mbits/sec  0.328 ms  0/4874 (0%)  
[  5]  75.00-76.00  sec   474 KBytes  3.89 Mbits/sec  0.296 ms  0/4857 (0%)  
[  5]  76.00-77.00  sec   476 KBytes  3.90 Mbits/sec  0.360 ms  0/4878 (0%)  
[  5]  77.00-78.00  sec   475 KBytes  3.89 Mbits/sec  0.303 ms  0/4866 (0%)  
[  5]  78.00-79.00  sec   473 KBytes  3.86 Mbits/sec  0.329 ms  0/4840 (0%)  
[  5]  79.00-80.00  sec   462 KBytes  3.79 Mbits/sec  0.307 ms  0/4728 (0%)  
[  5]  80.00-81.00  sec   461 KBytes  3.78 Mbits/sec  0.410 ms  0/4721 (0%)  
[  5]  81.00-82.00  sec   473 KBytes  3.88 Mbits/sec  0.304 ms  0/4845 (0%)  
[  5]  82.00-83.00  sec   473 KBytes  3.87 Mbits/sec  0.291 ms  0/4845 (0%)  
[  5]  83.00-84.00  sec   479 KBytes  3.93 Mbits/sec  0.345 ms  0/4909 (0%)  
[  5]  84.00-85.00  sec   479 KBytes  3.92 Mbits/sec  0.296 ms  0/4901 (0%)  
[  5]  85.00-86.00  sec   471 KBytes  3.86 Mbits/sec  0.355 ms  0/4828 (0%)  
[  5]  86.00-87.00  sec   468 KBytes  3.83 Mbits/sec  0.291 ms  0/4789 (0%)  
[  5]  87.00-88.00  sec   435 KBytes  3.56 Mbits/sec  0.366 ms  0/4453 (0%)  
[  5]  88.00-89.00  sec   404 KBytes  3.31 Mbits/sec  0.361 ms  0/4140 (0%)  
[  5]  89.00-90.00  sec   415 KBytes  3.40 Mbits/sec  0.337 ms  0/4247 (0%)  
[  5]  90.00-91.00  sec   414 KBytes  3.39 Mbits/sec  0.383 ms  0/4238 (0%)  
[  5]  91.00-92.00  sec   414 KBytes  3.40 Mbits/sec  0.318 ms  0/4242 (0%)  
[  5]  92.00-93.00  sec   403 KBytes  3.30 Mbits/sec  0.366 ms  0/4131 (0%)  
[  5]  93.00-94.00  sec   353 KBytes  2.89 Mbits/sec  0.362 ms  0/3616 (0%)  
[  5]  94.00-95.00  sec   358 KBytes  2.93 Mbits/sec  0.350 ms  0/3669 (0%)  
[  5]  95.00-96.00  sec   346 KBytes  2.84 Mbits/sec  0.396 ms  0/3543 (0%)  
[  5]  96.00-97.00  sec   355 KBytes  2.91 Mbits/sec  0.366 ms  0/3635 (0%)  
[  5]  97.00-98.00  sec   359 KBytes  2.94 Mbits/sec  0.366 ms  0/3681 (0%)  
[  5]  98.00-99.00  sec   367 KBytes  3.01 Mbits/sec  0.349 ms  0/3763 (0%)  
[  5]  99.00-100.00 sec   371 KBytes  3.04 Mbits/sec  0.360 ms  0/3795 (0%)  
[  5] 100.00-101.00 sec   367 KBytes  3.01 Mbits/sec  0.372 ms  0/3760 (0%)  
[  5] 101.00-102.00 sec   373 KBytes  3.05 Mbits/sec  0.337 ms  0/3817 (0%)  
[  5] 102.00-103.00 sec   372 KBytes  3.05 Mbits/sec  0.457 ms  0/3808 (0%)  
[  5] 103.00-104.00 sec   421 KBytes  3.45 Mbits/sec  0.284 ms  0/4315 (0%)  
[  5] 104.00-105.00 sec   420 KBytes  3.44 Mbits/sec  0.332 ms  0/4299 (0%)  
[  5] 105.00-106.00 sec   421 KBytes  3.45 Mbits/sec  0.314 ms  0/4314 (0%)  
[  5] 106.00-107.00 sec   421 KBytes  3.45 Mbits/sec  0.349 ms  0/4308 (0%)  
[  5] 107.00-108.00 sec   431 KBytes  3.53 Mbits/sec  0.422 ms  0/4413 (0%)  
[  5] 108.00-109.00 sec   472 KBytes  3.87 Mbits/sec  0.325 ms  0/4837 (0%)  
[  5] 109.00-110.00 sec   477 KBytes  3.91 Mbits/sec  0.306 ms  0/4888 (0%)  
[  5] 110.00-111.00 sec   477 KBytes  3.91 Mbits/sec  0.305 ms  0/4882 (0%)  
[  5] 111.00-112.00 sec   473 KBytes  3.88 Mbits/sec  0.320 ms  0/4845 (0%)  
[  5] 112.00-113.00 sec   462 KBytes  3.78 Mbits/sec  0.383 ms  0/4730 (0%)  
[  5] 113.00-114.00 sec   425 KBytes  3.48 Mbits/sec  0.304 ms  0/4353 (0%)  
[  5] 114.00-115.00 sec   439 KBytes  3.59 Mbits/sec  0.297 ms  0/4498 (0%)  
[  5] 115.00-116.00 sec   431 KBytes  3.53 Mbits/sec  0.276 ms  0/4411 (0%)  
[  5] 116.00-117.00 sec   421 KBytes  3.45 Mbits/sec  0.347 ms  0/4312 (0%)  
[  5] 117.00-118.00 sec   412 KBytes  3.38 Mbits/sec  0.363 ms  0/4220 (0%)  
[  5] 118.00-119.00 sec   362 KBytes  2.97 Mbits/sec  0.375 ms  0/3708 (0%)  
[  5] 119.00-120.00 sec   347 KBytes  2.85 Mbits/sec  0.402 ms  0/3557 (0%)  
[  5] 120.00-121.00 sec   354 KBytes  2.90 Mbits/sec  0.385 ms  0/3620 (0%)  
[  5] 121.00-122.00 sec   356 KBytes  2.91 Mbits/sec  0.335 ms  0/3646 (0%)  
[  5] 122.00-123.00 sec   363 KBytes  2.98 Mbits/sec  0.420 ms  0/3722 (0%)  
[  5] 123.00-124.00 sec   373 KBytes  3.06 Mbits/sec  0.313 ms  0/3822 (0%)  
[  5] 124.00-125.00 sec   371 KBytes  3.04 Mbits/sec  0.563 ms  0/3804 (0%)  
[  5] 125.00-126.00 sec   373 KBytes  3.06 Mbits/sec  0.348 ms  0/3822 (0%)  
[  5] 126.00-127.00 sec   362 KBytes  2.96 Mbits/sec  0.366 ms  0/3705 (0%)  
[  5] 127.00-128.00 sec   378 KBytes  3.10 Mbits/sec  0.296 ms  0/3874 (0%)  
[  5] 128.00-129.00 sec   473 KBytes  3.87 Mbits/sec  0.299 ms  0/4840 (0%)  
[  5] 129.00-130.00 sec   475 KBytes  3.89 Mbits/sec  0.302 ms  0/4864 (0%)  
[  5] 130.00-131.00 sec   485 KBytes  3.97 Mbits/sec  0.332 ms  0/4965 (0%)  
[  5] 131.00-132.00 sec   481 KBytes  3.94 Mbits/sec  0.324 ms  0/4924 (0%)  
[  5] 132.00-133.00 sec   479 KBytes  3.92 Mbits/sec  0.326 ms  0/4900 (0%)  
[  5] 133.00-134.00 sec   484 KBytes  3.97 Mbits/sec  0.362 ms  0/4961 (0%)  
[  5] 134.00-135.00 sec   477 KBytes  3.91 Mbits/sec  0.316 ms  0/4885 (0%)  
[  5] 135.00-136.00 sec   480 KBytes  3.94 Mbits/sec  0.266 ms  0/4919 (0%)  
[  5] 136.00-137.00 sec   470 KBytes  3.85 Mbits/sec  0.234 ms  0/4814 (0%)  
[  5] 137.00-138.00 sec   461 KBytes  3.78 Mbits/sec  0.406 ms  0/4721 (0%)  
[  5] 138.00-139.00 sec   431 KBytes  3.53 Mbits/sec  0.303 ms  0/4411 (0%)  
[  5] 139.00-140.00 sec   440 KBytes  3.61 Mbits/sec  0.320 ms  0/4508 (0%)  
[  5] 140.00-141.00 sec   439 KBytes  3.60 Mbits/sec  0.323 ms  0/4497 (0%)  
[  5] 141.00-142.00 sec   442 KBytes  3.62 Mbits/sec  0.370 ms  0/4527 (0%)  
[  5] 142.00-143.00 sec   437 KBytes  3.58 Mbits/sec  0.321 ms  0/4476 (0%)  
[  5] 143.00-144.00 sec   433 KBytes  3.55 Mbits/sec  0.422 ms  0/4433 (0%)  
[  5] 144.00-145.00 sec   413 KBytes  3.38 Mbits/sec  0.332 ms  0/4230 (0%)  
[  5] 145.00-146.00 sec   420 KBytes  3.44 Mbits/sec  0.286 ms  0/4302 (0%)  
[  5] 146.00-147.00 sec   418 KBytes  3.42 Mbits/sec  0.319 ms  0/4281 (0%)  
[  5] 147.00-148.00 sec   416 KBytes  3.40 Mbits/sec  0.358 ms  0/4258 (0%)  
[  5] 148.00-149.00 sec   361 KBytes  2.96 Mbits/sec  0.315 ms  0/3696 (0%)  
[  5] 149.00-150.00 sec   353 KBytes  2.89 Mbits/sec  0.338 ms  0/3616 (0%)  
[  5] 150.00-151.00 sec   360 KBytes  2.95 Mbits/sec  0.315 ms  0/3685 (0%)  
[  5] 151.00-152.00 sec   364 KBytes  2.99 Mbits/sec  0.412 ms  0/3732 (0%)  
[  5] 152.00-153.00 sec   350 KBytes  2.87 Mbits/sec  0.390 ms  0/3582 (0%)  
[  5] 153.00-154.00 sec   350 KBytes  2.87 Mbits/sec  0.341 ms  0/3582 (0%)  
[  5] 154.00-155.00 sec   345 KBytes  2.82 Mbits/sec  0.373 ms  0/3529 (0%)  
[  5] 155.00-156.00 sec   356 KBytes  2.92 Mbits/sec  0.466 ms  0/3647 (0%)  
[  5] 156.00-157.00 sec   357 KBytes  2.92 Mbits/sec  0.405 ms  0/3655 (0%)  
[  5] 157.00-158.00 sec   367 KBytes  3.01 Mbits/sec  0.332 ms  0/3757 (0%)  
[  5] 158.00-159.00 sec   425 KBytes  3.48 Mbits/sec  0.304 ms  0/4357 (0%)  
[  5] 159.00-160.00 sec   424 KBytes  3.48 Mbits/sec  0.382 ms  0/4346 (0%)  
[  5] 160.00-161.00 sec   410 KBytes  3.36 Mbits/sec  0.327 ms  0/4195 (0%)  
[  5] 161.00-162.00 sec   409 KBytes  3.35 Mbits/sec  0.317 ms  0/4186 (0%)  
[  5] 162.00-163.00 sec   399 KBytes  3.27 Mbits/sec  0.339 ms  0/4088 (0%)  
[  5] 163.00-164.00 sec   353 KBytes  2.89 Mbits/sec  0.262 ms  0/3616 (0%)  
[  5] 164.00-165.00 sec   350 KBytes  2.86 Mbits/sec  0.306 ms  0/3580 (0%)  
[  5] 165.00-166.00 sec   354 KBytes  2.90 Mbits/sec  0.312 ms  0/3626 (0%)  
[  5] 166.00-167.00 sec   353 KBytes  2.89 Mbits/sec  0.298 ms  0/3617 (0%)  
[  5] 167.00-168.00 sec   355 KBytes  2.91 Mbits/sec  0.333 ms  0/3639 (0%)  
[  5] 168.00-169.00 sec   350 KBytes  2.86 Mbits/sec  0.314 ms  0/3580 (0%)  
[  5] 169.00-170.00 sec   356 KBytes  2.92 Mbits/sec  0.380 ms  0/3649 (0%)  
[  5] 170.00-171.00 sec   354 KBytes  2.90 Mbits/sec  0.345 ms  0/3625 (0%)  
[  5] 171.00-172.00 sec   363 KBytes  2.97 Mbits/sec  0.375 ms  0/3713 (0%)  
[  5] 172.00-173.00 sec   368 KBytes  3.01 Mbits/sec  0.351 ms  0/3766 (0%)  
[  5] 173.00-174.00 sec   429 KBytes  3.52 Mbits/sec  0.368 ms  0/4396 (0%)  
[  5] 174.00-175.00 sec   430 KBytes  3.52 Mbits/sec  0.417 ms  0/4399 (0%)  
[  5] 175.00-176.00 sec   422 KBytes  3.45 Mbits/sec  0.362 ms  0/4318 (0%)  
[  5] 176.00-177.00 sec   419 KBytes  3.43 Mbits/sec  0.461 ms  0/4294 (0%)  
[  5] 177.00-178.00 sec   412 KBytes  3.38 Mbits/sec  0.251 ms  0/4222 (0%)  
[  5] 178.00-179.00 sec   409 KBytes  3.35 Mbits/sec  0.362 ms  0/4189 (0%)  
[  5] 179.00-180.00 sec   420 KBytes  3.44 Mbits/sec  0.300 ms  0/4302 (0%)  
[  5] 180.00-181.00 sec   421 KBytes  3.45 Mbits/sec  0.336 ms  0/4312 (0%)  
[  5] 181.00-182.00 sec   426 KBytes  3.49 Mbits/sec  0.375 ms  0/4363 (0%)  
[  5] 182.00-183.00 sec   422 KBytes  3.46 Mbits/sec  0.385 ms  0/4324 (0%)  
[  5] 183.00-184.00 sec   363 KBytes  2.97 Mbits/sec  0.413 ms  0/3717 (0%)  
[  5] 184.00-185.00 sec   362 KBytes  2.97 Mbits/sec  0.356 ms  0/3712 (0%)  
[  5] 185.00-186.00 sec   361 KBytes  2.96 Mbits/sec  0.416 ms  0/3696 (0%)  
[  5] 186.00-187.00 sec   363 KBytes  2.97 Mbits/sec  0.343 ms  0/3716 (0%)  
[  5] 187.00-188.00 sec   367 KBytes  3.01 Mbits/sec  0.313 ms  0/3759 (0%)  
[  5] 188.00-189.00 sec   359 KBytes  2.94 Mbits/sec  0.440 ms  0/3676 (0%)  
[  5] 189.00-190.00 sec   365 KBytes  2.99 Mbits/sec  0.336 ms  0/3740 (0%)  
[  5] 190.00-191.00 sec   359 KBytes  2.94 Mbits/sec  0.386 ms  0/3673 (0%)  
[  5] 191.00-192.00 sec   367 KBytes  3.01 Mbits/sec  0.377 ms  0/3758 (0%)  
[  5] 192.00-193.00 sec   367 KBytes  3.00 Mbits/sec  0.346 ms  0/3754 (0%)  
[  5] 193.00-194.00 sec   407 KBytes  3.34 Mbits/sec  0.299 ms  0/4171 (0%)  
[  5] 194.00-195.00 sec   411 KBytes  3.36 Mbits/sec  0.312 ms  0/4205 (0%)  
[  5] 195.00-196.00 sec   426 KBytes  3.49 Mbits/sec  0.338 ms  0/4361 (0%)  
[  5] 196.00-197.00 sec   422 KBytes  3.46 Mbits/sec  0.319 ms  0/4324 (0%)  
[  5] 197.00-198.00 sec   412 KBytes  3.38 Mbits/sec  0.334 ms  0/4220 (0%)  
[  5] 198.00-199.00 sec   363 KBytes  2.97 Mbits/sec  0.412 ms  0/3714 (0%)  
[  5] 199.00-200.00 sec   364 KBytes  2.99 Mbits/sec  0.401 ms  0/3731 (0%)  
[  5] 200.00-201.00 sec   367 KBytes  3.00 Mbits/sec  0.467 ms  0/3754 (0%)  
[  5] 201.00-202.00 sec   351 KBytes  2.88 Mbits/sec  0.419 ms  0/3594 (0%)  
[  5] 202.00-203.00 sec   363 KBytes  2.98 Mbits/sec  0.335 ms  0/3719 (0%)  
[  5] 203.00-204.00 sec   427 KBytes  3.50 Mbits/sec  0.280 ms  0/4373 (0%)  
[  5] 204.00-205.00 sec   427 KBytes  3.50 Mbits/sec  0.339 ms  0/4374 (0%)  
[  5] 205.00-206.00 sec   429 KBytes  3.51 Mbits/sec  0.349 ms  0/4388 (0%)  
[  5] 206.00-207.00 sec   431 KBytes  3.53 Mbits/sec  0.296 ms  0/4411 (0%)  
[  5] 207.00-208.00 sec   421 KBytes  3.45 Mbits/sec  0.366 ms  0/4312 (0%)  
[  5] 208.00-209.00 sec   426 KBytes  3.49 Mbits/sec  0.250 ms  0/4362 (0%)  
[  5] 209.00-210.00 sec   412 KBytes  3.37 Mbits/sec  0.306 ms  0/4216 (0%)  
[  5] 210.00-211.00 sec   413 KBytes  3.39 Mbits/sec  0.318 ms  0/4229 (0%)  
[  5] 211.00-212.00 sec   418 KBytes  3.42 Mbits/sec  0.310 ms  0/4277 (0%)  
[  5] 212.00-213.00 sec   431 KBytes  3.53 Mbits/sec  0.260 ms  0/4410 (0%)  
[  5] 213.00-214.00 sec   431 KBytes  3.53 Mbits/sec  0.342 ms  0/4416 (0%)  
[  5] 214.00-215.00 sec   425 KBytes  3.48 Mbits/sec  0.343 ms  0/4352 (0%)  
[  5] 215.00-216.00 sec   428 KBytes  3.50 Mbits/sec  0.258 ms  0/4383 (0%)  
[  5] 216.00-217.00 sec   432 KBytes  3.54 Mbits/sec  0.342 ms  0/4421 (0%)  
[  5] 217.00-218.00 sec   415 KBytes  3.40 Mbits/sec  0.421 ms  0/4249 (0%)  
[  5] 218.00-219.00 sec   360 KBytes  2.95 Mbits/sec  0.359 ms  0/3690 (0%)  
[  5] 219.00-220.00 sec   356 KBytes  2.91 Mbits/sec  0.397 ms  0/3641 (0%)  
[  5] 220.00-221.00 sec   282 KBytes  2.31 Mbits/sec  0.237 ms  1/2888 (0.035%)  
[  5] 221.00-222.00 sec   406 KBytes  3.33 Mbits/sec  0.449 ms  470/4630 (10%)  
[  5] 222.00-223.00 sec   285 KBytes  2.33 Mbits/sec  0.211 ms  86/3001 (2.9%)  
[  5] 223.00-224.00 sec   410 KBytes  3.36 Mbits/sec  0.374 ms  701/4896 (14%)  
[  5] 224.00-225.00 sec   424 KBytes  3.47 Mbits/sec  0.319 ms  517/4859 (11%)  
[  5] 225.00-226.00 sec   317 KBytes  2.59 Mbits/sec  0.230 ms  260/3501 (7.4%)  
[  5] 226.00-227.00 sec   428 KBytes  3.51 Mbits/sec  0.245 ms  213/4600 (4.6%)  
[  5] 227.00-228.00 sec   419 KBytes  3.43 Mbits/sec  0.218 ms  423/4713 (9%)  
[  5] 228.00-229.00 sec   386 KBytes  3.16 Mbits/sec  0.210 ms  687/4640 (15%)  
[  5] 229.00-230.00 sec   407 KBytes  3.33 Mbits/sec  2.960 ms  1078/5245 (21%)  
[  5] 230.00-231.00 sec   506 KBytes  4.14 Mbits/sec  0.210 ms  135/5319 (2.5%)  
[  5] 231.00-232.00 sec   499 KBytes  4.09 Mbits/sec  0.212 ms  177/5284 (3.3%)  
[  5] 232.00-233.00 sec   342 KBytes  2.80 Mbits/sec  0.217 ms  1052/4553 (23%)  
[  5] 233.00-234.00 sec   494 KBytes  4.05 Mbits/sec  0.321 ms  344/5401 (6.4%)  
[  5] 234.00-235.00 sec   412 KBytes  3.38 Mbits/sec  0.285 ms  98/4320 (2.3%)  
[  5] 235.00-236.00 sec   337 KBytes  2.76 Mbits/sec  0.218 ms  267/3720 (7.2%)  
[  5] 236.00-237.00 sec   416 KBytes  3.40 Mbits/sec  0.217 ms  1271/5527 (23%)  
[  5] 237.00-238.00 sec   380 KBytes  3.12 Mbits/sec  0.256 ms  1633/5529 (30%)  
[  5] 238.00-239.00 sec   370 KBytes  3.03 Mbits/sec  0.198 ms  1030/4816 (21%)  
[  5] 239.00-240.00 sec   419 KBytes  3.43 Mbits/sec  0.213 ms  1240/5533 (22%)  
[  5] 240.00-241.00 sec   494 KBytes  4.04 Mbits/sec  0.345 ms  332/5388 (6.2%)  
[  5] 241.00-242.00 sec   392 KBytes  3.21 Mbits/sec  0.340 ms  350/4362 (8%)  
[  5] 242.00-243.00 sec   345 KBytes  2.83 Mbits/sec  0.217 ms  138/3674 (3.8%)  
[  5] 243.00-244.00 sec   385 KBytes  3.15 Mbits/sec  0.206 ms  317/4255 (7.5%)  
[  5] 244.00-245.00 sec   423 KBytes  3.46 Mbits/sec  0.218 ms  409/4736 (8.6%)  
[  5] 245.00-246.00 sec   482 KBytes  3.95 Mbits/sec  0.329 ms  47/4980 (0.94%)  
[  5] 246.00-247.00 sec   421 KBytes  3.45 Mbits/sec  0.348 ms  0/4307 (0%)  
[  5] 247.00-248.00 sec   423 KBytes  3.47 Mbits/sec  0.387 ms  0/4336 (0%)  
[  5] 248.00-249.00 sec   424 KBytes  3.48 Mbits/sec  0.328 ms  0/4344 (0%)  
[  5] 249.00-250.00 sec   404 KBytes  3.31 Mbits/sec  0.351 ms  0/4134 (0%)  
[  5] 250.00-251.00 sec   409 KBytes  3.35 Mbits/sec  0.385 ms  0/4187 (0%)  
[  5] 251.00-252.00 sec   411 KBytes  3.37 Mbits/sec  0.454 ms  0/4210 (0%)  
[  5] 252.00-253.00 sec   397 KBytes  3.25 Mbits/sec  0.353 ms  0/4063 (0%)  
[  5] 253.00-254.00 sec   355 KBytes  2.91 Mbits/sec  0.343 ms  0/3635 (0%)  
[  5] 254.00-255.00 sec   356 KBytes  2.92 Mbits/sec  0.352 ms  0/3644 (0%)  
[  5] 255.00-256.00 sec   358 KBytes  2.93 Mbits/sec  0.345 ms  0/3662 (0%)  
[  5] 256.00-257.00 sec   360 KBytes  2.95 Mbits/sec  0.298 ms  0/3685 (0%)  
[  5] 257.00-258.00 sec   356 KBytes  2.92 Mbits/sec  0.340 ms  0/3645 (0%)  
[  5] 258.00-259.00 sec   343 KBytes  2.81 Mbits/sec  0.380 ms  0/3515 (0%)  
[  5] 259.00-260.00 sec   344 KBytes  2.82 Mbits/sec  0.432 ms  0/3522 (0%)  
[  5] 260.00-261.00 sec   354 KBytes  2.90 Mbits/sec  0.352 ms  0/3626 (0%)  
[  5] 261.00-262.00 sec   292 KBytes  2.39 Mbits/sec  0.228 ms  4/2996 (0.13%)  
[  5] 262.00-263.00 sec   366 KBytes  3.00 Mbits/sec  0.199 ms  252/4004 (6.3%)  
[  5] 263.00-264.00 sec   431 KBytes  3.53 Mbits/sec  0.216 ms  472/4884 (9.7%)  
[  5] 264.00-265.00 sec   420 KBytes  3.44 Mbits/sec  0.214 ms  168/4469 (3.8%)  
[  5] 265.00-266.00 sec   429 KBytes  3.52 Mbits/sec  0.259 ms  215/4609 (4.7%)  
[  5] 266.00-267.00 sec   382 KBytes  3.13 Mbits/sec  0.248 ms  282/4196 (6.7%)  
[  5] 267.00-268.00 sec   407 KBytes  3.34 Mbits/sec  0.212 ms  242/4414 (5.5%)  
[  5] 268.00-269.00 sec   365 KBytes  2.99 Mbits/sec  0.267 ms  547/4285 (13%)  
[  5] 269.00-270.00 sec   420 KBytes  3.44 Mbits/sec  0.217 ms  358/4659 (7.7%)  
[  5] 270.00-271.00 sec   415 KBytes  3.40 Mbits/sec  0.216 ms  571/4825 (12%)  
[  5] 271.00-272.00 sec   386 KBytes  3.16 Mbits/sec  0.217 ms  384/4335 (8.9%)  
[  5] 272.00-273.00 sec   424 KBytes  3.48 Mbits/sec  0.216 ms  746/5090 (15%)  
[  5] 273.00-274.00 sec   427 KBytes  3.50 Mbits/sec  0.207 ms  1107/5483 (20%)  
[  5] 274.00-275.00 sec   366 KBytes  3.00 Mbits/sec  0.222 ms  1048/4798 (22%)  
[  5] 275.00-276.00 sec   421 KBytes  3.45 Mbits/sec  0.217 ms  1152/5461 (21%)  
[  5] 276.00-277.00 sec   380 KBytes  3.12 Mbits/sec  0.210 ms  943/4839 (19%)  
[  5] 277.00-278.00 sec   432 KBytes  3.54 Mbits/sec  0.221 ms  1279/5701 (22%)  
[  5] 278.00-279.00 sec   434 KBytes  3.55 Mbits/sec  0.213 ms  1136/5579 (20%)  
[  5] 279.00-280.00 sec   367 KBytes  3.01 Mbits/sec  0.209 ms  1032/4793 (22%)  
[  5] 280.00-281.00 sec   439 KBytes  3.60 Mbits/sec  0.182 ms  1113/5610 (20%)  
[  5] 281.00-282.00 sec   451 KBytes  3.70 Mbits/sec  0.208 ms  163/4784 (3.4%)  
[  5] 282.00-283.00 sec   399 KBytes  3.27 Mbits/sec  0.215 ms  464/4546 (10%)  
[  5] 283.00-284.00 sec   343 KBytes  2.81 Mbits/sec  0.219 ms  56/3573 (1.6%)  
[  5] 284.00-285.00 sec   344 KBytes  2.82 Mbits/sec  0.218 ms  167/3686 (4.5%)  
[  5] 285.00-286.00 sec   388 KBytes  3.17 Mbits/sec  0.213 ms  281/4249 (6.6%)  
[  5] 286.00-287.00 sec   329 KBytes  2.69 Mbits/sec  0.207 ms  443/3808 (12%)  
[  5] 287.00-288.00 sec   358 KBytes  2.94 Mbits/sec  0.217 ms  265/3936 (6.7%)  
[  5] 288.00-289.00 sec   371 KBytes  3.04 Mbits/sec  0.210 ms  251/4049 (6.2%)  
[  5] 289.00-290.00 sec   351 KBytes  2.88 Mbits/sec  0.214 ms  264/3860 (6.8%)  
[  5] 290.00-291.00 sec   363 KBytes  2.97 Mbits/sec  0.227 ms  233/3946 (5.9%)  
[  5] 291.00-292.00 sec   343 KBytes  2.81 Mbits/sec  0.217 ms  292/3809 (7.7%)  
[  5] 292.00-293.00 sec   365 KBytes  2.99 Mbits/sec  0.226 ms  326/4066 (8%)  
[  5] 293.00-294.00 sec   420 KBytes  3.44 Mbits/sec  0.219 ms  389/4685 (8.3%)  
[  5] 294.00-295.00 sec   414 KBytes  3.39 Mbits/sec  0.230 ms  449/4685 (9.6%)  
[  5] 295.00-296.00 sec   377 KBytes  3.08 Mbits/sec  0.230 ms  250/4106 (6.1%)  
[  5] 296.00-297.00 sec   422 KBytes  3.46 Mbits/sec  0.243 ms  481/4801 (10%)  
[  5] 297.00-298.00 sec   444 KBytes  3.64 Mbits/sec  0.212 ms  299/4843 (6.2%)  
[  5] 298.00-299.00 sec   377 KBytes  3.08 Mbits/sec  0.219 ms  192/4048 (4.7%)  
[  5] 299.00-300.00 sec   412 KBytes  3.37 Mbits/sec  0.227 ms  326/4549 (7.2%)  
[  5] 300.00-301.00 sec   469 KBytes  3.85 Mbits/sec  0.335 ms  140/4938 (2.8%)  
[  5] 301.00-302.00 sec   369 KBytes  3.02 Mbits/sec  0.217 ms  143/3918 (3.6%)  
[  5] 302.00-303.00 sec   429 KBytes  3.52 Mbits/sec  0.218 ms  932/5330 (17%)  
[  5] 303.00-304.00 sec   438 KBytes  3.59 Mbits/sec  0.213 ms  1047/5532 (19%)  
[  5] 304.00-305.00 sec   380 KBytes  3.11 Mbits/sec  0.218 ms  793/4684 (17%)  
[  5] 305.00-306.00 sec   390 KBytes  3.20 Mbits/sec  0.220 ms  1369/5365 (26%)  
[  5] 306.00-307.00 sec   426 KBytes  3.49 Mbits/sec  0.217 ms  956/5323 (18%)  
[  5] 307.00-308.00 sec   412 KBytes  3.38 Mbits/sec  0.220 ms  1058/5282 (20%)  
[  5] 308.00-309.00 sec   336 KBytes  2.76 Mbits/sec  0.204 ms  1171/4613 (25%)  
[  5] 309.00-310.00 sec   398 KBytes  3.26 Mbits/sec  0.216 ms  1325/5398 (25%)  
[  5] 310.00-311.00 sec   388 KBytes  3.18 Mbits/sec  0.226 ms  753/4722 (16%)  
[  5] 311.00-312.00 sec   442 KBytes  3.62 Mbits/sec  0.218 ms  188/4712 (4%)  
[  5] 312.00-313.00 sec   363 KBytes  2.97 Mbits/sec  0.264 ms  546/4264 (13%)  
[  5] 313.00-314.00 sec   359 KBytes  2.94 Mbits/sec  0.194 ms  867/4543 (19%)  
[  5] 314.00-315.00 sec   315 KBytes  2.58 Mbits/sec  0.218 ms  635/3865 (16%)  
[  5] 315.00-316.00 sec   374 KBytes  3.06 Mbits/sec  0.220 ms  254/4082 (6.2%)  
[  5] 316.00-317.00 sec   261 KBytes  2.14 Mbits/sec  0.208 ms  171/2848 (6%)  
[  5] 317.00-318.00 sec   335 KBytes  2.74 Mbits/sec  0.211 ms  871/4297 (20%)  
[  5] 318.00-319.00 sec   345 KBytes  2.83 Mbits/sec  0.227 ms  466/3998 (12%)  
[  5] 319.00-320.00 sec   357 KBytes  2.92 Mbits/sec  0.211 ms  225/3880 (5.8%)  
[  5] 320.00-321.00 sec   428 KBytes  3.51 Mbits/sec  0.215 ms  95/4477 (2.1%)  
[  5] 321.00-322.00 sec   351 KBytes  2.87 Mbits/sec  0.225 ms  341/3933 (8.7%)  
[  5] 322.00-323.00 sec   380 KBytes  3.11 Mbits/sec  0.230 ms  315/4206 (7.5%)  
[  5] 323.00-324.00 sec   337 KBytes  2.76 Mbits/sec  0.232 ms  219/3667 (6%)  
[  5] 324.00-325.00 sec   361 KBytes  2.96 Mbits/sec  0.223 ms  363/4063 (8.9%)  
[  5] 325.00-326.00 sec   345 KBytes  2.83 Mbits/sec  0.226 ms  576/4113 (14%)  
[  5] 326.00-327.00 sec   348 KBytes  2.85 Mbits/sec  0.207 ms  385/3948 (9.8%)  
[  5] 327.00-328.00 sec   375 KBytes  3.07 Mbits/sec  0.219 ms  675/4513 (15%)  
[  5] 328.00-329.00 sec   369 KBytes  3.03 Mbits/sec  0.206 ms  488/4271 (11%)  
[  5] 329.00-330.00 sec   349 KBytes  2.86 Mbits/sec  0.079 ms  234/3809 (6.1%)  
[  5] 330.00-331.00 sec   374 KBytes  3.06 Mbits/sec  0.214 ms  153/3984 (3.8%)  
[  5] 331.00-332.00 sec   351 KBytes  2.87 Mbits/sec  0.213 ms  609/4200 (14%)  
[  5] 332.00-333.00 sec   357 KBytes  2.93 Mbits/sec  0.226 ms  413/4073 (10%)  
[  5] 333.00-334.00 sec   313 KBytes  2.57 Mbits/sec  0.225 ms  1278/4484 (29%)  
[  5] 334.00-335.00 sec   356 KBytes  2.92 Mbits/sec  0.247 ms  760/4404 (17%)  
[  5] 335.00-336.00 sec   372 KBytes  3.05 Mbits/sec  0.215 ms  1128/4938 (23%)  
[  5] 336.00-337.00 sec   383 KBytes  3.14 Mbits/sec  0.220 ms  1353/5279 (26%)  
[  5] 337.00-338.00 sec   415 KBytes  3.40 Mbits/sec  0.213 ms  1273/5525 (23%)  
[  5] 338.00-339.00 sec   367 KBytes  3.01 Mbits/sec  0.207 ms  703/4461 (16%)  
[  5] 339.00-340.00 sec   364 KBytes  2.98 Mbits/sec  0.210 ms  813/4538 (18%)  
[  5] 340.00-341.00 sec   357 KBytes  2.92 Mbits/sec  0.257 ms  871/4524 (19%)  
[  5] 341.00-342.00 sec   272 KBytes  2.23 Mbits/sec  0.228 ms  907/3692 (25%)  
[  5] 342.00-343.00 sec   417 KBytes  3.41 Mbits/sec  0.320 ms  620/4888 (13%)  
[  5] 343.00-344.00 sec   339 KBytes  2.78 Mbits/sec  0.219 ms  1071/4543 (24%)  
[  5] 344.00-345.00 sec   368 KBytes  3.02 Mbits/sec  0.212 ms  696/4469 (16%)  
[  5] 345.00-346.00 sec   325 KBytes  2.66 Mbits/sec  0.217 ms  1243/4571 (27%)  
[  5] 346.00-347.00 sec   311 KBytes  2.55 Mbits/sec  0.218 ms  401/3581 (11%)  
[  5] 347.00-348.00 sec   377 KBytes  3.09 Mbits/sec  0.210 ms  760/4621 (16%)  
[  5] 348.00-349.00 sec   380 KBytes  3.11 Mbits/sec  0.218 ms  751/4641 (16%)  
[  5] 349.00-350.00 sec   376 KBytes  3.08 Mbits/sec  0.204 ms  621/4476 (14%)  
[  5] 350.00-351.00 sec   367 KBytes  3.01 Mbits/sec  0.212 ms  818/4576 (18%)  
[  5] 351.00-352.00 sec   379 KBytes  3.11 Mbits/sec  0.206 ms  676/4560 (15%)  
[  5] 352.00-353.00 sec   377 KBytes  3.09 Mbits/sec  0.215 ms  586/4446 (13%)  
[  5] 353.00-354.00 sec   403 KBytes  3.30 Mbits/sec  0.219 ms  950/5075 (19%)  
[  5] 354.00-355.00 sec   363 KBytes  2.98 Mbits/sec  0.348 ms  745/4466 (17%)  
[  5] 355.00-356.00 sec   388 KBytes  3.17 Mbits/sec  0.219 ms  497/4467 (11%)  
[  5] 356.00-357.00 sec   356 KBytes  2.92 Mbits/sec  0.211 ms  656/4299 (15%)  
[  5] 357.00-358.00 sec   347 KBytes  2.85 Mbits/sec  0.264 ms  1412/4969 (28%)  
[  5] 358.00-359.00 sec   389 KBytes  3.19 Mbits/sec  0.218 ms  659/4644 (14%)  
[  5] 359.00-360.00 sec   302 KBytes  2.48 Mbits/sec  0.213 ms  1289/4384 (29%)  
[  5] 360.00-361.00 sec   389 KBytes  3.19 Mbits/sec  0.255 ms  1362/5349 (25%)  
[  5] 361.00-362.00 sec   384 KBytes  3.15 Mbits/sec  0.210 ms  592/4527 (13%)  
[  5] 362.00-363.00 sec   350 KBytes  2.87 Mbits/sec  0.245 ms  801/4387 (18%)  
[  5] 363.00-364.00 sec   413 KBytes  3.39 Mbits/sec  0.221 ms  728/4961 (15%)  
[  5] 364.00-365.00 sec   366 KBytes  3.00 Mbits/sec  0.216 ms  884/4631 (19%)  
[  5] 365.00-366.00 sec   377 KBytes  3.08 Mbits/sec  0.215 ms  729/4590 (16%)  
[  5] 366.00-367.00 sec   373 KBytes  3.06 Mbits/sec  0.215 ms  727/4548 (16%)  
[  5] 367.00-368.00 sec   363 KBytes  2.98 Mbits/sec  0.254 ms  1189/4908 (24%)  
[  5] 368.00-369.00 sec   424 KBytes  3.47 Mbits/sec  0.218 ms  670/5020 (13%)  
[  5] 369.00-370.00 sec   373 KBytes  3.06 Mbits/sec  0.215 ms  481/4305 (11%)  
[  5] 370.00-371.00 sec   441 KBytes  3.62 Mbits/sec  0.218 ms  705/5225 (13%)  
[  5] 371.00-372.00 sec   351 KBytes  2.88 Mbits/sec  0.211 ms  763/4360 (18%)  
[  5] 372.00-373.00 sec   379 KBytes  3.11 Mbits/sec  0.247 ms  566/4449 (13%)  
[  5] 373.00-374.00 sec   358 KBytes  2.93 Mbits/sec  0.219 ms  444/4112 (11%)  
[  5] 374.00-375.00 sec   387 KBytes  3.17 Mbits/sec  0.215 ms  301/4268 (7.1%)  
[  5] 375.00-376.00 sec   423 KBytes  3.46 Mbits/sec  0.208 ms  837/5164 (16%)  
[  5] 376.00-377.00 sec   321 KBytes  2.63 Mbits/sec  0.207 ms  837/4128 (20%)  
[  5] 377.00-378.00 sec   349 KBytes  2.86 Mbits/sec  1.524 ms  790/4369 (18%)  
[  5] 378.00-379.00 sec   371 KBytes  3.04 Mbits/sec  0.262 ms  615/4410 (14%)  
[  5] 379.00-380.00 sec   388 KBytes  3.18 Mbits/sec  0.216 ms  366/4336 (8.4%)  
[  5] 380.00-381.00 sec   377 KBytes  3.09 Mbits/sec  0.219 ms  441/4302 (10%)  
[  5] 381.00-382.00 sec   393 KBytes  3.22 Mbits/sec  0.496 ms  398/4419 (9%)  
[  5] 382.00-383.00 sec   402 KBytes  3.29 Mbits/sec  0.237 ms  715/4832 (15%)  
[  5] 383.00-384.00 sec   368 KBytes  3.02 Mbits/sec  0.217 ms  619/4390 (14%)  
[  5] 384.00-385.00 sec   385 KBytes  3.15 Mbits/sec  0.204 ms  533/4472 (12%)  
[  5] 385.00-386.00 sec   353 KBytes  2.89 Mbits/sec  0.210 ms  555/4173 (13%)  
[  5] 386.00-387.00 sec   399 KBytes  3.27 Mbits/sec  0.213 ms  438/4521 (9.7%)  
[  5] 387.00-388.00 sec   307 KBytes  2.52 Mbits/sec  0.244 ms  1109/4256 (26%)  
[  5] 388.00-389.00 sec   377 KBytes  3.09 Mbits/sec  0.217 ms  313/4174 (7.5%)  
[  5] 389.00-390.00 sec   387 KBytes  3.17 Mbits/sec  0.232 ms  400/4359 (9.2%)  
[  5] 390.00-391.00 sec   367 KBytes  3.01 Mbits/sec  0.215 ms  445/4207 (11%)  
[  5] 391.00-392.00 sec   358 KBytes  2.93 Mbits/sec  0.213 ms  759/4420 (17%)  
[  5] 392.00-393.00 sec   353 KBytes  2.89 Mbits/sec  0.222 ms  821/4435 (19%)  
[  5] 393.00-394.00 sec   293 KBytes  2.40 Mbits/sec  0.285 ms  703/3702 (19%)  
[  5] 394.00-395.00 sec   400 KBytes  3.28 Mbits/sec  0.247 ms  526/4618 (11%)  
[  5] 395.00-396.00 sec   322 KBytes  2.64 Mbits/sec  0.215 ms  886/4185 (21%)  
[  5] 396.00-397.00 sec   363 KBytes  2.97 Mbits/sec  0.211 ms  937/4656 (20%)  
[  5] 397.00-398.00 sec   351 KBytes  2.87 Mbits/sec  0.248 ms  635/4226 (15%)  
[  5] 398.00-399.00 sec   370 KBytes  3.03 Mbits/sec  0.259 ms  553/4339 (13%)  
[  5] 399.00-400.00 sec   368 KBytes  3.02 Mbits/sec  0.213 ms  567/4337 (13%)  
[  5] 400.00-401.00 sec   414 KBytes  3.39 Mbits/sec  0.217 ms  813/5049 (16%)  
[  5] 401.00-402.00 sec   316 KBytes  2.59 Mbits/sec  0.279 ms  645/3885 (17%)  
[  5] 402.00-403.00 sec   355 KBytes  2.91 Mbits/sec  0.210 ms  605/4243 (14%)  
[  5] 403.00-404.00 sec   359 KBytes  2.94 Mbits/sec  0.217 ms  805/4483 (18%)  
