Connecting to host 172.22.0.50, port 5201
Reverse mode, remote host 172.22.0.50 is sending
[  5] local 192.168.100.2 port 46545 connected to 172.22.0.50 port 5201
[ ID] Interval           Transfer     Bitrate         Jitter    Lost/Total Datagrams
[  5]   0.00-1.00   sec  1.42 MBytes  11.9 Mbits/sec  1.051 ms  0/1245 (0%)  
[  5]   1.00-2.00   sec  1.44 MBytes  12.0 Mbits/sec  1.157 ms  0/1254 (0%)  
[  5]   2.00-3.00   sec  1.44 MBytes  12.1 Mbits/sec  0.977 ms  0/1255 (0%)  
[  5]   3.00-4.00   sec  1.43 MBytes  12.0 Mbits/sec  0.759 ms  0/1248 (0%)  
[  5]   4.00-5.00   sec  1.43 MBytes  12.0 Mbits/sec  1.122 ms  0/1249 (0%)  
[  5]   5.00-6.00   sec  1.43 MBytes  12.0 Mbits/sec  0.742 ms  0/1250 (0%)  
[  5]   6.00-7.00   sec  1.43 MBytes  12.0 Mbits/sec  0.831 ms  0/1252 (0%)  
[  5]   7.00-8.00   sec  1.42 MBytes  12.0 Mbits/sec  0.953 ms  0/1245 (0%)  
[  5]   8.00-9.00   sec  1.44 MBytes  12.1 Mbits/sec  0.852 ms  0/1257 (0%)  
[  5]   9.00-10.00  sec  1.18 MBytes  9.94 Mbits/sec  1.850 ms  0/1035 (0%)  
[  5]  10.00-11.00  sec   480 KBytes  3.93 Mbits/sec  1.838 ms  0/410 (0%)  
[  5]  11.00-12.00  sec   471 KBytes  3.86 Mbits/sec  1.731 ms  0/402 (0%)  
[  5]  12.00-13.00  sec   476 KBytes  3.90 Mbits/sec  2.054 ms  0/406 (0%)  
[  5]  13.00-14.00  sec   478 KBytes  3.92 Mbits/sec  1.788 ms  0/408 (0%)  
[  5]  14.00-15.00  sec   499 KBytes  4.09 Mbits/sec  1.482 ms  0/426 (0%)  
[  5]  15.00-16.00  sec   568 KBytes  4.66 Mbits/sec  1.416 ms  0/485 (0%)  
[  5]  16.00-17.00  sec   561 KBytes  4.59 Mbits/sec  1.491 ms  0/479 (0%)  
[  5]  17.00-18.00  sec   571 KBytes  4.68 Mbits/sec  1.498 ms  0/487 (0%)  
[  5]  18.00-19.00  sec   571 KBytes  4.68 Mbits/sec  1.431 ms  0/487 (0%)  
[  5]  19.00-20.00  sec   573 KBytes  4.69 Mbits/sec  1.326 ms  0/489 (0%)  
[  5]  20.00-21.00  sec   618 KBytes  5.06 Mbits/sec  1.473 ms  0/527 (0%)  
[  5]  21.00-22.00  sec   626 KBytes  5.13 Mbits/sec  1.206 ms  0/534 (0%)  
[  5]  22.00-23.00  sec   633 KBytes  5.19 Mbits/sec  1.416 ms  0/540 (0%)  
[  5]  23.00-24.00  sec   638 KBytes  5.22 Mbits/sec  1.547 ms  0/544 (0%)  
[  5]  24.00-25.00  sec   618 KBytes  5.06 Mbits/sec  1.533 ms  0/527 (0%)  
[  5]  25.00-26.00  sec   572 KBytes  4.68 Mbits/sec  1.569 ms  0/488 (0%)  
[  5]  26.00-27.00  sec   561 KBytes  4.61 Mbits/sec  1.566 ms  0/480 (0%)  
[  5]  27.00-28.00  sec   566 KBytes  4.64 Mbits/sec  1.792 ms  0/483 (0%)  
[  5]  28.00-29.00  sec   548 KBytes  4.49 Mbits/sec  1.567 ms  0/468 (0%)  
[  5]  29.00-30.00  sec   537 KBytes  4.40 Mbits/sec  1.777 ms  0/458 (0%)  
[  5]  30.00-31.00  sec   469 KBytes  3.84 Mbits/sec  1.750 ms  0/400 (0%)  
[  5]  31.00-32.00  sec   484 KBytes  3.97 Mbits/sec  1.626 ms  0/413 (0%)  
[  5]  32.00-33.00  sec   488 KBytes  3.99 Mbits/sec  1.538 ms  0/416 (0%)  
[  5]  33.00-34.00  sec   486 KBytes  3.99 Mbits/sec  1.605 ms  0/415 (0%)  
[  5]  34.00-35.00  sec   466 KBytes  3.82 Mbits/sec  1.895 ms  0/398 (0%)  
[  5]  35.00-36.00  sec   409 KBytes  3.35 Mbits/sec  2.061 ms  0/349 (0%)  
[  5]  36.00-37.00  sec   394 KBytes  3.22 Mbits/sec  2.260 ms  0/336 (0%)  
[  5]  37.00-38.00  sec   346 KBytes  2.83 Mbits/sec  2.982 ms  70/365 (19%)  
[  5]  38.00-39.00  sec   408 KBytes  3.34 Mbits/sec  1.550 ms  478/826 (58%)  
[  5]  39.00-40.00  sec   409 KBytes  3.35 Mbits/sec  1.516 ms  476/825 (58%)  
[  5]  40.00-41.00  sec   432 KBytes  3.54 Mbits/sec  1.517 ms  501/870 (58%)  
[  5]  41.00-42.00  sec   489 KBytes  4.00 Mbits/sec  1.518 ms  546/963 (57%)  
[  5]  42.00-43.00  sec   488 KBytes  3.99 Mbits/sec  1.537 ms  540/956 (56%)  
[  5]  43.00-44.00  sec   489 KBytes  4.00 Mbits/sec  1.432 ms  553/970 (57%)  
[  5]  44.00-45.00  sec   472 KBytes  3.87 Mbits/sec  1.622 ms  545/948 (57%)  
[  5]  45.00-46.00  sec   479 KBytes  3.92 Mbits/sec  1.584 ms  640/1049 (61%)  
[  5]  46.00-47.00  sec   428 KBytes  3.51 Mbits/sec  1.530 ms  589/954 (62%)  
[  5]  47.00-48.00  sec   485 KBytes  3.97 Mbits/sec  1.502 ms  654/1068 (61%)  
[  5]  48.00-49.00  sec   500 KBytes  4.10 Mbits/sec  1.360 ms  688/1115 (62%)  
[  5]  49.00-50.00  sec   479 KBytes  3.93 Mbits/sec  1.469 ms  683/1092 (63%)  
[  5]  50.00-51.00  sec   662 KBytes  5.43 Mbits/sec  1.688 ms  1074/1639 (66%)  
[  5]  51.00-52.00  sec   648 KBytes  5.31 Mbits/sec  1.641 ms  1135/1688 (67%)  
[  5]  52.00-53.00  sec   558 KBytes  4.57 Mbits/sec  1.590 ms  953/1429 (67%)  
[  5]  53.00-54.00  sec   648 KBytes  5.31 Mbits/sec  1.655 ms  1127/1680 (67%)  
[  5]  54.00-55.00  sec   555 KBytes  4.55 Mbits/sec  2.016 ms  1109/1583 (70%)  
[  5]  55.00-56.00  sec   727 KBytes  5.95 Mbits/sec  2.137 ms  1683/2303 (73%)  
[  5]  56.00-57.00  sec   655 KBytes  5.36 Mbits/sec  5.891 ms  1489/2048 (73%)  
[  5]  57.00-58.00  sec   717 KBytes  5.88 Mbits/sec  1.812 ms  1374/1986 (69%)  
[  5]  58.00-59.00  sec   737 KBytes  6.04 Mbits/sec  1.793 ms  1310/1939 (68%)  
[  5]  59.00-60.00  sec   715 KBytes  5.86 Mbits/sec  1.743 ms  1245/1855 (67%)  
[  5]  60.00-61.00  sec   648 KBytes  5.31 Mbits/sec  1.696 ms  1152/1705 (68%)  
[  5]  61.00-62.00  sec   712 KBytes  5.84 Mbits/sec  1.726 ms  1309/1917 (68%)  
[  5]  62.00-63.00  sec   648 KBytes  5.31 Mbits/sec  1.706 ms  1155/1708 (68%)  
[  5]  63.00-64.00  sec   738 KBytes  6.05 Mbits/sec  1.691 ms  1287/1917 (67%)  
[  5]  64.00-65.00  sec   707 KBytes  5.78 Mbits/sec  1.322 ms  856/1459 (59%)  
[  5]  65.00-66.00  sec   734 KBytes  6.02 Mbits/sec  1.322 ms  841/1467 (57%)  
[  5]  66.00-67.00  sec   648 KBytes  5.30 Mbits/sec  1.294 ms  749/1302 (58%)  
[  5]  67.00-68.00  sec   736 KBytes  6.03 Mbits/sec  1.271 ms  846/1474 (57%)  
[  5]  68.00-69.00  sec   696 KBytes  5.70 Mbits/sec  1.149 ms  776/1370 (57%)  
[  5]  69.00-70.00  sec   729 KBytes  5.96 Mbits/sec  1.249 ms  714/1336 (53%)  
[  5]  70.00-71.00  sec   639 KBytes  5.24 Mbits/sec  1.135 ms  619/1164 (53%)  
[  5]  71.00-72.00  sec   729 KBytes  5.97 Mbits/sec  1.218 ms  702/1324 (53%)  
[  5]  72.00-73.00  sec   639 KBytes  5.23 Mbits/sec  1.219 ms  591/1136 (52%)  
[  5]  73.00-74.00  sec   729 KBytes  5.97 Mbits/sec  1.200 ms  660/1282 (51%)  
[  5]  74.00-75.00  sec   738 KBytes  6.05 Mbits/sec  1.216 ms  710/1340 (53%)  
[  5]  75.00-76.00  sec   720 KBytes  5.89 Mbits/sec  1.293 ms  677/1291 (52%)  
[  5]  76.00-77.00  sec   648 KBytes  5.31 Mbits/sec  1.187 ms  608/1161 (52%)  
[  5]  77.00-78.00  sec   729 KBytes  5.97 Mbits/sec  1.139 ms  667/1289 (52%)  
[  5]  78.00-79.00  sec   639 KBytes  5.23 Mbits/sec  1.262 ms  599/1144 (52%)  
[  5]  79.00-80.00  sec   729 KBytes  5.97 Mbits/sec  1.172 ms  668/1290 (52%)  
[  5]  80.00-81.00  sec   639 KBytes  5.23 Mbits/sec  1.238 ms  591/1136 (52%)  
[  5]  81.00-82.00  sec   648 KBytes  5.31 Mbits/sec  1.171 ms  594/1147 (52%)  
[  5]  82.00-83.00  sec   550 KBytes  4.50 Mbits/sec  1.505 ms  497/966 (51%)  
[  5]  83.00-84.00  sec   675 KBytes  5.53 Mbits/sec  1.130 ms  636/1212 (52%)  
[  5]  84.00-85.00  sec   639 KBytes  5.23 Mbits/sec  1.196 ms  633/1178 (54%)  
[  5]  85.00-86.00  sec   558 KBytes  4.57 Mbits/sec  1.230 ms  535/1011 (53%)  
[  5]  86.00-87.00  sec   640 KBytes  5.24 Mbits/sec  1.281 ms  591/1137 (52%)  
[  5]  87.00-88.00  sec   629 KBytes  5.15 Mbits/sec  1.940 ms  576/1113 (52%)  
[  5]  88.00-89.00  sec   594 KBytes  4.87 Mbits/sec  1.106 ms  540/1047 (52%)  
[  5]  89.00-90.00  sec   639 KBytes  5.23 Mbits/sec  1.247 ms  583/1128 (52%)  
[  5]  90.00-91.00  sec   495 KBytes  4.05 Mbits/sec  1.431 ms  481/903 (53%)  
[  5]  91.00-92.00  sec   495 KBytes  4.05 Mbits/sec  1.466 ms  471/893 (53%)  
[  5]  92.00-93.00  sec   469 KBytes  3.84 Mbits/sec  1.445 ms  467/867 (54%)  
[  5]  93.00-94.00  sec   496 KBytes  4.06 Mbits/sec  1.485 ms  469/892 (53%)  
[  5]  94.00-95.00  sec   495 KBytes  4.05 Mbits/sec  1.218 ms  473/895 (53%)  
[  5]  95.00-96.00  sec   468 KBytes  3.83 Mbits/sec  1.460 ms  443/842 (53%)  
[  5]  96.00-97.00  sec   430 KBytes  3.52 Mbits/sec  1.662 ms  419/786 (53%)  
[  5]  97.00-98.00  sec   489 KBytes  4.00 Mbits/sec  1.662 ms  535/952 (56%)  
[  5]  98.00-99.00  sec   488 KBytes  3.99 Mbits/sec  1.866 ms  559/975 (57%)  
[  5]  99.00-100.00 sec   489 KBytes  4.00 Mbits/sec  1.398 ms  549/966 (57%)  
[  5] 100.00-101.00 sec   408 KBytes  3.34 Mbits/sec  1.506 ms  459/807 (57%)  
[  5] 101.00-102.00 sec   489 KBytes  4.00 Mbits/sec  1.366 ms  544/961 (57%)  
[  5] 102.00-103.00 sec   489 KBytes  4.01 Mbits/sec  1.368 ms  541/958 (56%)  
[  5] 103.00-104.00 sec   432 KBytes  3.54 Mbits/sec  1.579 ms  515/884 (58%)  
[  5] 104.00-105.00 sec   488 KBytes  3.99 Mbits/sec  1.352 ms  603/1019 (59%)  
[  5] 105.00-106.00 sec   464 KBytes  3.80 Mbits/sec  1.536 ms  567/963 (59%)  
[  5] 106.00-107.00 sec   489 KBytes  4.00 Mbits/sec  1.552 ms  583/1000 (58%)  
[  5] 107.00-108.00 sec   489 KBytes  4.00 Mbits/sec  1.538 ms  544/961 (57%)  
[  5] 108.00-109.00 sec   489 KBytes  4.00 Mbits/sec  1.614 ms  554/971 (57%)  
[  5] 109.00-110.00 sec   483 KBytes  3.95 Mbits/sec  1.857 ms  552/964 (57%)  
[  5] 110.00-111.00 sec   493 KBytes  4.04 Mbits/sec  1.603 ms  831/1252 (66%)  
[  5] 111.00-112.00 sec   468 KBytes  3.83 Mbits/sec  1.792 ms  802/1201 (67%)  
[  5] 112.00-113.00 sec   492 KBytes  4.03 Mbits/sec  1.704 ms  847/1267 (67%)  
[  5] 113.00-114.00 sec   491 KBytes  4.02 Mbits/sec  1.762 ms  871/1290 (68%)  
[  5] 114.00-115.00 sec   421 KBytes  3.45 Mbits/sec  1.713 ms  752/1111 (68%)  
[  5] 115.00-116.00 sec   582 KBytes  4.77 Mbits/sec  1.705 ms  1052/1549 (68%)  
[  5] 116.00-117.00 sec   582 KBytes  4.78 Mbits/sec  1.624 ms  1042/1539 (68%)  
[  5] 117.00-118.00 sec   558 KBytes  4.57 Mbits/sec  1.758 ms  1011/1487 (68%)  
[  5] 118.00-119.00 sec   511 KBytes  4.19 Mbits/sec  1.759 ms  905/1341 (67%)  
[  5] 119.00-120.00 sec   582 KBytes  4.77 Mbits/sec  1.783 ms  1069/1566 (68%)  
[  5] 120.00-121.00 sec   492 KBytes  4.03 Mbits/sec  1.718 ms  915/1335 (69%)  
[  5] 121.00-122.00 sec   581 KBytes  4.76 Mbits/sec  1.849 ms  1065/1561 (68%)  
[  5] 122.00-123.00 sec   516 KBytes  4.22 Mbits/sec  1.758 ms  936/1376 (68%)  
[  5] 123.00-124.00 sec   577 KBytes  4.72 Mbits/sec  1.653 ms  1020/1512 (67%)  
[  5] 124.00-125.00 sec   582 KBytes  4.77 Mbits/sec  1.670 ms  1017/1514 (67%)  
[  5] 125.00-126.00 sec   491 KBytes  4.02 Mbits/sec  1.808 ms  865/1284 (67%)  
[  5] 126.00-127.00 sec   582 KBytes  4.77 Mbits/sec  1.733 ms  1005/1502 (67%)  
[  5] 127.00-128.00 sec   492 KBytes  4.03 Mbits/sec  1.857 ms  865/1285 (67%)  
[  5] 128.00-129.00 sec   581 KBytes  4.76 Mbits/sec  1.623 ms  1017/1513 (67%)  
[  5] 129.00-130.00 sec   510 KBytes  4.18 Mbits/sec  1.883 ms  906/1341 (68%)  
[  5] 130.00-131.00 sec   582 KBytes  4.77 Mbits/sec  1.781 ms  995/1492 (67%)  
[  5] 131.00-132.00 sec   582 KBytes  4.77 Mbits/sec  1.776 ms  1012/1509 (67%)  
[  5] 132.00-133.00 sec   587 KBytes  4.80 Mbits/sec  1.438 ms  889/1390 (64%)  
[  5] 133.00-134.00 sec   479 KBytes  3.93 Mbits/sec  1.859 ms  663/1072 (62%)  
[  5] 134.00-135.00 sec   578 KBytes  4.73 Mbits/sec  1.789 ms  793/1286 (62%)  
[  5] 135.00-136.00 sec   499 KBytes  4.09 Mbits/sec  1.495 ms  713/1139 (63%)  
[  5] 136.00-137.00 sec   479 KBytes  3.93 Mbits/sec  1.539 ms  691/1100 (63%)  
[  5] 137.00-138.00 sec   485 KBytes  3.97 Mbits/sec  1.733 ms  701/1115 (63%)  
[  5] 138.00-139.00 sec   478 KBytes  3.92 Mbits/sec  1.724 ms  673/1081 (62%)  
[  5] 139.00-140.00 sec   499 KBytes  4.09 Mbits/sec  1.635 ms  716/1142 (63%)  
[  5] 140.00-141.00 sec   579 KBytes  4.74 Mbits/sec  1.482 ms  833/1327 (63%)  
[  5] 141.00-142.00 sec   507 KBytes  4.16 Mbits/sec  1.484 ms  728/1161 (63%)  
[  5] 142.00-143.00 sec   578 KBytes  4.73 Mbits/sec  1.495 ms  818/1311 (62%)  
[  5] 143.00-144.00 sec   578 KBytes  4.73 Mbits/sec  1.496 ms  839/1332 (63%)  
[  5] 144.00-145.00 sec   507 KBytes  4.16 Mbits/sec  1.456 ms  759/1192 (64%)  
[  5] 145.00-146.00 sec   656 KBytes  5.38 Mbits/sec  1.374 ms  947/1507 (63%)  
[  5] 146.00-147.00 sec   628 KBytes  5.15 Mbits/sec  1.482 ms  870/1406 (62%)  
[  5] 147.00-148.00 sec   595 KBytes  4.88 Mbits/sec  3.341 ms  866/1374 (63%)  
[  5] 148.00-149.00 sec   640 KBytes  5.24 Mbits/sec  1.472 ms  872/1418 (61%)  
[  5] 149.00-150.00 sec   628 KBytes  5.15 Mbits/sec  1.465 ms  860/1396 (62%)  
[  5] 150.00-151.00 sec   579 KBytes  4.74 Mbits/sec  1.459 ms  800/1294 (62%)  
[  5] 151.00-152.00 sec   507 KBytes  4.16 Mbits/sec  1.433 ms  718/1151 (62%)  
[  5] 152.00-153.00 sec   589 KBytes  4.83 Mbits/sec  1.767 ms  1015/1518 (67%)  
[  5] 153.00-154.00 sec   558 KBytes  4.57 Mbits/sec  1.861 ms  981/1457 (67%)  
[  5] 154.00-155.00 sec   582 KBytes  4.77 Mbits/sec  1.732 ms  998/1495 (67%)  
[  5] 155.00-156.00 sec   492 KBytes  4.03 Mbits/sec  1.786 ms  858/1278 (67%)  
[  5] 156.00-157.00 sec   421 KBytes  3.45 Mbits/sec  1.767 ms  673/1032 (65%)  
[  5] 157.00-158.00 sec   478 KBytes  3.92 Mbits/sec  1.775 ms  629/1037 (61%)  
[  5] 158.00-159.00 sec   478 KBytes  3.92 Mbits/sec  1.865 ms  657/1065 (62%)  
[  5] 159.00-160.00 sec   500 KBytes  4.10 Mbits/sec  1.403 ms  692/1119 (62%)  
[  5] 160.00-161.00 sec   428 KBytes  3.50 Mbits/sec  1.378 ms  587/952 (62%)  
[  5] 161.00-162.00 sec   486 KBytes  3.98 Mbits/sec  1.483 ms  695/1110 (63%)  
[  5] 162.00-163.00 sec   486 KBytes  3.98 Mbits/sec  1.261 ms  631/1046 (60%)  
[  5] 163.00-164.00 sec   464 KBytes  3.80 Mbits/sec  1.312 ms  530/926 (57%)  
[  5] 164.00-165.00 sec   488 KBytes  3.99 Mbits/sec  1.374 ms  567/983 (58%)  
[  5] 165.00-166.00 sec   601 KBytes  4.93 Mbits/sec  1.342 ms  692/1205 (57%)  
[  5] 166.00-167.00 sec   488 KBytes  3.99 Mbits/sec  1.540 ms  568/984 (58%)  
[  5] 167.00-168.00 sec   593 KBytes  4.86 Mbits/sec  1.327 ms  666/1172 (57%)  
[  5] 168.00-169.00 sec   573 KBytes  4.70 Mbits/sec  1.566 ms  729/1218 (60%)  
[  5] 169.00-170.00 sec   586 KBytes  4.80 Mbits/sec  1.711 ms  836/1336 (63%)  
[  5] 170.00-171.00 sec   578 KBytes  4.73 Mbits/sec  1.428 ms  807/1300 (62%)  
[  5] 171.00-172.00 sec   579 KBytes  4.74 Mbits/sec  1.397 ms  785/1279 (61%)  
[  5] 172.00-173.00 sec   499 KBytes  4.09 Mbits/sec  1.470 ms  681/1107 (62%)  
[  5] 173.00-174.00 sec   570 KBytes  4.67 Mbits/sec  1.791 ms  905/1391 (65%)  
[  5] 174.00-175.00 sec   582 KBytes  4.77 Mbits/sec  1.597 ms  1016/1513 (67%)  
[  5] 175.00-176.00 sec   330 KBytes  2.71 Mbits/sec  2.012 ms  580/862 (67%)  
[  5] 176.00-177.00 sec   425 KBytes  3.48 Mbits/sec  1.745 ms  741/1104 (67%)  
[  5] 177.00-178.00 sec   402 KBytes  3.29 Mbits/sec  2.283 ms  748/1091 (69%)  
[  5] 178.00-179.00 sec   402 KBytes  3.29 Mbits/sec  2.174 ms  759/1102 (69%)  
[  5] 179.00-180.00 sec   360 KBytes  2.95 Mbits/sec  1.810 ms  664/971 (68%)  
[  5] 180.00-181.00 sec   402 KBytes  3.29 Mbits/sec  1.811 ms  711/1054 (67%)  
[  5] 181.00-182.00 sec   402 KBytes  3.29 Mbits/sec  1.964 ms  719/1062 (68%)  
[  5] 182.00-183.00 sec   402 KBytes  3.29 Mbits/sec  1.855 ms  704/1047 (67%)  
[  5] 183.00-184.00 sec   402 KBytes  3.29 Mbits/sec  1.961 ms  696/1039 (67%)  
[  5] 184.00-185.00 sec   360 KBytes  2.95 Mbits/sec  1.816 ms  613/920 (67%)  
[  5] 185.00-186.00 sec   479 KBytes  3.93 Mbits/sec  1.545 ms  642/1051 (61%)  
[  5] 186.00-187.00 sec   506 KBytes  4.15 Mbits/sec  1.462 ms  699/1131 (62%)  
[  5] 187.00-188.00 sec   428 KBytes  3.50 Mbits/sec  1.490 ms  591/956 (62%)  
[  5] 188.00-189.00 sec   479 KBytes  3.93 Mbits/sec  1.473 ms  648/1057 (61%)  
[  5] 189.00-190.00 sec   478 KBytes  3.92 Mbits/sec  1.757 ms  644/1052 (61%)  
[  5] 190.00-191.00 sec   430 KBytes  3.52 Mbits/sec  1.513 ms  582/949 (61%)  
[  5] 191.00-192.00 sec   478 KBytes  3.92 Mbits/sec  1.752 ms  653/1061 (62%)  
[  5] 192.00-193.00 sec   428 KBytes  3.50 Mbits/sec  1.871 ms  588/953 (62%)  
[  5] 193.00-194.00 sec   478 KBytes  3.92 Mbits/sec  1.827 ms  647/1055 (61%)  
[  5] 194.00-195.00 sec   479 KBytes  3.93 Mbits/sec  1.803 ms  656/1065 (62%)  
[  5] 195.00-196.00 sec   500 KBytes  4.10 Mbits/sec  1.489 ms  694/1121 (62%)  
[  5] 196.00-197.00 sec   488 KBytes  3.99 Mbits/sec  2.266 ms  758/1174 (65%)  
[  5] 197.00-198.00 sec   475 KBytes  3.89 Mbits/sec  2.243 ms  1115/1520 (73%)  
[  5] 198.00-199.00 sec   493 KBytes  4.04 Mbits/sec  2.087 ms  1155/1576 (73%)  
[  5] 199.00-200.00 sec   490 KBytes  4.01 Mbits/sec  2.047 ms  1128/1546 (73%)  
[  5] 200.00-201.00 sec   412 KBytes  3.38 Mbits/sec  2.257 ms  955/1307 (73%)  
[  5] 201.00-202.00 sec   496 KBytes  4.06 Mbits/sec  2.141 ms  1142/1565 (73%)  
[  5] 202.00-203.00 sec   472 KBytes  3.87 Mbits/sec  2.160 ms  1081/1484 (73%)  
[  5] 203.00-204.00 sec   492 KBytes  4.03 Mbits/sec  2.218 ms  1160/1580 (73%)  
[  5] 204.00-205.00 sec   491 KBytes  4.02 Mbits/sec  2.286 ms  1150/1569 (73%)  
[  5] 205.00-206.00 sec   483 KBytes  3.96 Mbits/sec  1.693 ms  886/1298 (68%)  
[  5] 206.00-207.00 sec   425 KBytes  3.49 Mbits/sec  1.943 ms  781/1144 (68%)  
[  5] 207.00-208.00 sec   493 KBytes  4.04 Mbits/sec  1.738 ms  893/1314 (68%)  
[  5] 208.00-209.00 sec   468 KBytes  3.83 Mbits/sec  1.845 ms  856/1255 (68%)  
[  5] 209.00-210.00 sec   492 KBytes  4.03 Mbits/sec  1.879 ms  938/1358 (69%)  
[  5] 210.00-211.00 sec   492 KBytes  4.03 Mbits/sec  1.814 ms  908/1328 (68%)  
[  5] 211.00-212.00 sec   468 KBytes  3.83 Mbits/sec  2.332 ms  866/1265 (68%)  
[  5] 212.00-213.00 sec   492 KBytes  4.03 Mbits/sec  1.779 ms  908/1328 (68%)  
[  5] 213.00-214.00 sec   492 KBytes  4.03 Mbits/sec  1.930 ms  886/1306 (68%)  
[  5] 214.00-215.00 sec   492 KBytes  4.03 Mbits/sec  1.835 ms  853/1273 (67%)  
[  5] 215.00-216.00 sec   493 KBytes  4.04 Mbits/sec  1.663 ms  845/1266 (67%)  
[  5] 216.00-217.00 sec   575 KBytes  4.71 Mbits/sec  1.729 ms  1020/1511 (68%)  
[  5] 217.00-218.00 sec   582 KBytes  4.77 Mbits/sec  1.789 ms  1043/1540 (68%)  
[  5] 218.00-219.00 sec   516 KBytes  4.22 Mbits/sec  1.730 ms  915/1355 (68%)  
[  5] 219.00-220.00 sec   577 KBytes  4.72 Mbits/sec  1.736 ms  1019/1511 (67%)  
[  5] 220.00-221.00 sec   630 KBytes  5.16 Mbits/sec  1.662 ms  1101/1639 (67%)  
[  5] 221.00-222.00 sec   648 KBytes  5.31 Mbits/sec  1.780 ms  1134/1687 (67%)  
[  5] 222.00-223.00 sec   575 KBytes  4.71 Mbits/sec  1.730 ms  1032/1523 (68%)  
[  5] 223.00-224.00 sec   648 KBytes  5.31 Mbits/sec  1.607 ms  1153/1706 (68%)  
[  5] 224.00-225.00 sec   648 KBytes  5.31 Mbits/sec  1.764 ms  1188/1741 (68%)  
[  5] 225.00-226.00 sec   492 KBytes  4.03 Mbits/sec  1.761 ms  898/1318 (68%)  
[  5] 226.00-227.00 sec   582 KBytes  4.77 Mbits/sec  1.727 ms  1037/1534 (68%)  
[  5] 227.00-228.00 sec   582 KBytes  4.77 Mbits/sec  1.747 ms  1016/1513 (67%)  
[  5] 228.00-229.00 sec   577 KBytes  4.73 Mbits/sec  1.648 ms  994/1486 (67%)  
[  5] 229.00-230.00 sec   514 KBytes  4.21 Mbits/sec  1.732 ms  887/1326 (67%)  
[  5] 230.00-231.00 sec   559 KBytes  4.58 Mbits/sec  1.793 ms  962/1439 (67%)  
[  5] 231.00-232.00 sec   598 KBytes  4.90 Mbits/sec  1.481 ms  906/1416 (64%)  
[  5] 232.00-233.00 sec   500 KBytes  4.10 Mbits/sec  1.494 ms  703/1130 (62%)  
[  5] 233.00-234.00 sec   584 KBytes  4.78 Mbits/sec  1.483 ms  823/1321 (62%)  
[  5] 234.00-235.00 sec   502 KBytes  4.11 Mbits/sec  1.580 ms  696/1124 (62%)  
[  5] 235.00-236.00 sec   578 KBytes  4.73 Mbits/sec  1.344 ms  793/1286 (62%)  
[  5] 236.00-237.00 sec   581 KBytes  4.77 Mbits/sec  1.351 ms  761/1257 (61%)  
[  5] 237.00-238.00 sec   488 KBytes  3.99 Mbits/sec  1.577 ms  558/974 (57%)  
[  5] 238.00-239.00 sec   593 KBytes  4.86 Mbits/sec  1.229 ms  676/1182 (57%)  
[  5] 239.00-240.00 sec   568 KBytes  4.66 Mbits/sec  1.763 ms  651/1136 (57%)  
[  5] 240.00-241.00 sec   600 KBytes  4.92 Mbits/sec  1.372 ms  699/1211 (58%)  
[  5] 241.00-242.00 sec   568 KBytes  4.65 Mbits/sec  1.329 ms  668/1153 (58%)  
[  5] 242.00-243.00 sec   514 KBytes  4.21 Mbits/sec  3.698 ms  753/1192 (63%)  
[  5] 243.00-244.00 sec   572 KBytes  4.68 Mbits/sec  1.483 ms  774/1262 (61%)  
[  5] 244.00-245.00 sec   578 KBytes  4.73 Mbits/sec  1.419 ms  806/1299 (62%)  
[  5] 245.00-246.00 sec   579 KBytes  4.74 Mbits/sec  1.390 ms  781/1275 (61%)  
[  5] 246.00-247.00 sec   557 KBytes  4.56 Mbits/sec  1.718 ms  760/1235 (62%)  
[  5] 247.00-248.00 sec   578 KBytes  4.73 Mbits/sec  1.761 ms  799/1292 (62%)  
[  5] 248.00-249.00 sec   579 KBytes  4.74 Mbits/sec  1.813 ms  806/1300 (62%)  
[  5] 249.00-250.00 sec   507 KBytes  4.16 Mbits/sec  1.795 ms  730/1163 (63%)  
[  5] 250.00-251.00 sec   499 KBytes  4.09 Mbits/sec  1.573 ms  750/1176 (64%)  
[  5] 251.00-252.00 sec   479 KBytes  3.93 Mbits/sec  1.555 ms  691/1100 (63%)  
[  5] 252.00-253.00 sec   478 KBytes  3.92 Mbits/sec  1.538 ms  675/1083 (62%)  
[  5] 253.00-254.00 sec   507 KBytes  4.16 Mbits/sec  1.418 ms  693/1126 (62%)  
[  5] 254.00-255.00 sec   479 KBytes  3.93 Mbits/sec  1.583 ms  664/1073 (62%)  
[  5] 255.00-256.00 sec   478 KBytes  3.92 Mbits/sec  1.669 ms  651/1059 (61%)  
[  5] 256.00-257.00 sec   429 KBytes  3.51 Mbits/sec  1.757 ms  577/943 (61%)  
[  5] 257.00-258.00 sec   478 KBytes  3.91 Mbits/sec  1.558 ms  634/1042 (61%)  
[  5] 258.00-259.00 sec   507 KBytes  4.16 Mbits/sec  1.427 ms  709/1142 (62%)  
[  5] 259.00-260.00 sec   478 KBytes  3.92 Mbits/sec  1.446 ms  656/1064 (62%)  
[  5] 260.00-261.00 sec   578 KBytes  4.73 Mbits/sec  1.447 ms  798/1291 (62%)  
[  5] 261.00-262.00 sec   579 KBytes  4.74 Mbits/sec  1.465 ms  769/1263 (61%)  
[  5] 262.00-263.00 sec   557 KBytes  4.56 Mbits/sec  1.774 ms  738/1213 (61%)  
[  5] 263.00-264.00 sec   529 KBytes  4.33 Mbits/sec  1.424 ms  691/1142 (61%)  
[  5] 264.00-265.00 sec   579 KBytes  4.74 Mbits/sec  1.379 ms  762/1256 (61%)  
[  5] 265.00-266.00 sec   478 KBytes  3.92 Mbits/sec  1.589 ms  636/1044 (61%)  
[  5] 266.00-267.00 sec   579 KBytes  4.74 Mbits/sec  1.492 ms  818/1312 (62%)  
[  5] 267.00-268.00 sec   579 KBytes  4.74 Mbits/sec  1.509 ms  821/1315 (62%)  
[  5] 268.00-269.00 sec   572 KBytes  4.68 Mbits/sec  1.662 ms  938/1426 (66%)  
[  5] 269.00-270.00 sec   581 KBytes  4.76 Mbits/sec  1.757 ms  1046/1542 (68%)  
[  5] 270.00-271.00 sec   486 KBytes  3.98 Mbits/sec  2.088 ms  858/1273 (67%)  
[  5] 271.00-272.00 sec   425 KBytes  3.49 Mbits/sec  1.787 ms  747/1110 (67%)  
[  5] 272.00-273.00 sec   493 KBytes  4.04 Mbits/sec  1.779 ms  851/1272 (67%)  
[  5] 273.00-274.00 sec   491 KBytes  4.02 Mbits/sec  1.776 ms  847/1266 (67%)  
[  5] 274.00-275.00 sec   469 KBytes  3.84 Mbits/sec  2.245 ms  814/1214 (67%)  
[  5] 275.00-276.00 sec   491 KBytes  4.02 Mbits/sec  1.869 ms  860/1279 (67%)  
[  5] 276.00-277.00 sec   492 KBytes  4.03 Mbits/sec  1.782 ms  855/1275 (67%)  
[  5] 277.00-278.00 sec   427 KBytes  3.49 Mbits/sec  1.653 ms  727/1091 (67%)  
[  5] 278.00-279.00 sec   479 KBytes  3.93 Mbits/sec  1.635 ms  688/1097 (63%)  
[  5] 279.00-280.00 sec   479 KBytes  3.92 Mbits/sec  1.637 ms  652/1061 (61%)  
[  5] 280.00-281.00 sec   586 KBytes  4.81 Mbits/sec  1.520 ms  802/1302 (62%)  
[  5] 281.00-282.00 sec   499 KBytes  4.09 Mbits/sec  1.407 ms  707/1133 (62%)  
[  5] 282.00-283.00 sec   578 KBytes  4.73 Mbits/sec  1.491 ms  815/1308 (62%)  
[  5] 283.00-284.00 sec   586 KBytes  4.80 Mbits/sec  1.455 ms  857/1357 (63%)  
[  5] 284.00-285.00 sec   579 KBytes  4.74 Mbits/sec  1.428 ms  838/1332 (63%)  
[  5] 285.00-286.00 sec   655 KBytes  5.37 Mbits/sec  1.397 ms  882/1441 (61%)  
[  5] 286.00-287.00 sec   551 KBytes  4.51 Mbits/sec  1.462 ms  728/1198 (61%)  
[  5] 287.00-288.00 sec   657 KBytes  5.39 Mbits/sec  1.435 ms  878/1439 (61%)  
[  5] 288.00-289.00 sec   634 KBytes  5.19 Mbits/sec  1.723 ms  1081/1622 (67%)  
[  5] 289.00-290.00 sec   648 KBytes  5.30 Mbits/sec  1.674 ms  1158/1711 (68%)  
[  5] 290.00-291.00 sec   516 KBytes  4.23 Mbits/sec  1.789 ms  938/1378 (68%)  
[  5] 291.00-292.00 sec   582 KBytes  4.77 Mbits/sec  1.730 ms  1056/1553 (68%)  
[  5] 292.00-293.00 sec   558 KBytes  4.57 Mbits/sec  1.761 ms  969/1445 (67%)  
[  5] 293.00-294.00 sec   582 KBytes  4.77 Mbits/sec  1.668 ms  1020/1517 (67%)  
[  5] 294.00-295.00 sec   510 KBytes  4.18 Mbits/sec  1.986 ms  931/1366 (68%)  
[  5] 295.00-296.00 sec   427 KBytes  3.49 Mbits/sec  1.699 ms  759/1123 (68%)  
[  5] 296.00-297.00 sec   407 KBytes  3.33 Mbits/sec  1.571 ms  710/1057 (67%)  
[  5] 297.00-298.00 sec   400 KBytes  3.27 Mbits/sec  1.581 ms  543/884 (61%)  
[  5] 298.00-299.00 sec   407 KBytes  3.33 Mbits/sec  1.900 ms  602/949 (63%)  
[  5] 299.00-300.00 sec   350 KBytes  2.87 Mbits/sec  1.646 ms  496/795 (62%)  
[  5] 300.00-301.00 sec   407 KBytes  3.33 Mbits/sec  1.573 ms  583/930 (63%)  
[  5] 301.00-302.00 sec   450 KBytes  3.69 Mbits/sec  1.794 ms  604/988 (61%)  
[  5] 302.00-303.00 sec   407 KBytes  3.33 Mbits/sec  2.218 ms  544/891 (61%)  
[  5] 303.00-304.00 sec   407 KBytes  3.33 Mbits/sec  1.986 ms  522/869 (60%)  
[  5] 304.00-305.00 sec   431 KBytes  3.53 Mbits/sec  1.324 ms  484/852 (57%)  
[  5] 305.00-306.00 sec   456 KBytes  3.74 Mbits/sec  1.837 ms  511/900 (57%)  
[  5] 306.00-307.00 sec   441 KBytes  3.61 Mbits/sec  1.569 ms  496/872 (57%)  
[  5] 307.00-308.00 sec   489 KBytes  4.00 Mbits/sec  1.501 ms  550/967 (57%)  
[  5] 308.00-309.00 sec   489 KBytes  4.00 Mbits/sec  1.519 ms  534/951 (56%)  
[  5] 309.00-310.00 sec   431 KBytes  3.53 Mbits/sec  1.373 ms  495/863 (57%)  
[  5] 310.00-311.00 sec   455 KBytes  3.72 Mbits/sec  1.904 ms  547/935 (59%)  
[  5] 311.00-312.00 sec   428 KBytes  3.50 Mbits/sec  1.868 ms  597/962 (62%)  
[  5] 312.00-313.00 sec   429 KBytes  3.51 Mbits/sec  1.873 ms  576/942 (61%)  
[  5] 313.00-314.00 sec   428 KBytes  3.51 Mbits/sec  1.771 ms  600/965 (62%)  
[  5] 314.00-315.00 sec   479 KBytes  3.93 Mbits/sec  1.840 ms  674/1083 (62%)  
[  5] 315.00-316.00 sec   429 KBytes  3.51 Mbits/sec  1.753 ms  612/978 (63%)  
[  5] 316.00-317.00 sec   428 KBytes  3.50 Mbits/sec  1.922 ms  587/952 (62%)  
[  5] 317.00-318.00 sec   490 KBytes  4.01 Mbits/sec  2.127 ms  1032/1450 (71%)  
[  5] 318.00-319.00 sec   429 KBytes  3.52 Mbits/sec  2.097 ms  988/1354 (73%)  
[  5] 319.00-320.00 sec   473 KBytes  3.88 Mbits/sec  2.375 ms  1099/1503 (73%)  
[  5] 320.00-321.00 sec   496 KBytes  4.06 Mbits/sec  2.196 ms  1140/1563 (73%)  
[  5] 321.00-322.00 sec   412 KBytes  3.38 Mbits/sec  2.150 ms  935/1287 (73%)  
[  5] 322.00-323.00 sec   432 KBytes  3.54 Mbits/sec  2.100 ms  954/1323 (72%)  
[  5] 323.00-324.00 sec   471 KBytes  3.86 Mbits/sec  2.179 ms  1028/1430 (72%)  
[  5] 324.00-325.00 sec   432 KBytes  3.54 Mbits/sec  2.148 ms  944/1313 (72%)  
[  5] 325.00-326.00 sec   500 KBytes  4.10 Mbits/sec  1.817 ms  1100/1527 (72%)  
[  5] 326.00-327.00 sec   421 KBytes  3.45 Mbits/sec  1.818 ms  730/1089 (67%)  
[  5] 327.00-328.00 sec   468 KBytes  3.83 Mbits/sec  1.932 ms  854/1253 (68%)  
[  5] 328.00-329.00 sec   425 KBytes  3.48 Mbits/sec  2.252 ms  797/1160 (69%)  
[  5] 329.00-330.00 sec   493 KBytes  4.04 Mbits/sec  1.834 ms  889/1310 (68%)  
[  5] 330.00-331.00 sec   424 KBytes  3.48 Mbits/sec  1.899 ms  754/1116 (68%)  
[  5] 331.00-332.00 sec   493 KBytes  4.04 Mbits/sec  1.930 ms  964/1385 (70%)  
[  5] 332.00-333.00 sec   425 KBytes  3.49 Mbits/sec  1.863 ms  845/1208 (70%)  
[  5] 333.00-334.00 sec   486 KBytes  3.99 Mbits/sec  1.642 ms  978/1393 (70%)  
[  5] 334.00-335.00 sec   425 KBytes  3.48 Mbits/sec  1.877 ms  864/1227 (70%)  
[  5] 335.00-336.00 sec   492 KBytes  4.03 Mbits/sec  1.880 ms  968/1388 (70%)  
[  5] 336.00-337.00 sec   402 KBytes  3.29 Mbits/sec  2.324 ms  779/1122 (69%)  
[  5] 337.00-338.00 sec   427 KBytes  3.49 Mbits/sec  1.959 ms  848/1212 (70%)  
[  5] 338.00-339.00 sec   492 KBytes  4.03 Mbits/sec  2.032 ms  908/1328 (68%)  
[  5] 339.00-340.00 sec   421 KBytes  3.45 Mbits/sec  2.083 ms  784/1143 (69%)  
[  5] 340.00-341.00 sec   425 KBytes  3.49 Mbits/sec  1.813 ms  799/1162 (69%)  
[  5] 341.00-342.00 sec   360 KBytes  2.95 Mbits/sec  2.090 ms  675/982 (69%)  
[  5] 342.00-343.00 sec   445 KBytes  3.65 Mbits/sec  1.814 ms  816/1196 (68%)  
[  5] 343.00-344.00 sec   402 KBytes  3.29 Mbits/sec  1.810 ms  805/1148 (70%)  
[  5] 344.00-345.00 sec   491 KBytes  4.02 Mbits/sec  1.847 ms  993/1412 (70%)  
[  5] 345.00-346.00 sec   427 KBytes  3.49 Mbits/sec  1.936 ms  817/1181 (69%)  
[  5] 346.00-347.00 sec   420 KBytes  3.44 Mbits/sec  2.120 ms  775/1133 (68%)  
[  5] 347.00-348.00 sec   427 KBytes  3.49 Mbits/sec  2.356 ms  798/1162 (69%)  
[  5] 348.00-349.00 sec   493 KBytes  4.04 Mbits/sec  1.804 ms  934/1355 (69%)  
[  5] 349.00-350.00 sec   420 KBytes  3.44 Mbits/sec  1.725 ms  770/1128 (68%)  
[  5] 350.00-351.00 sec   492 KBytes  4.03 Mbits/sec  1.827 ms  916/1336 (69%)  
[  5] 351.00-352.00 sec   425 KBytes  3.49 Mbits/sec  1.821 ms  825/1188 (69%)  
[  5] 352.00-353.00 sec   493 KBytes  4.04 Mbits/sec  1.908 ms  948/1369 (69%)  
[  5] 353.00-354.00 sec   425 KBytes  3.49 Mbits/sec  1.898 ms  819/1182 (69%)  
[  5] 354.00-355.00 sec   421 KBytes  3.44 Mbits/sec  1.820 ms  804/1163 (69%)  
[  5] 355.00-356.00 sec   475 KBytes  3.89 Mbits/sec  1.984 ms  902/1307 (69%)  
[  5] 356.00-357.00 sec   420 KBytes  3.44 Mbits/sec  2.184 ms  789/1147 (69%)  
[  5] 357.00-358.00 sec   425 KBytes  3.48 Mbits/sec  2.311 ms  798/1161 (69%)  
[  5] 358.00-359.00 sec   427 KBytes  3.49 Mbits/sec  1.891 ms  811/1175 (69%)  
[  5] 359.00-360.00 sec   492 KBytes  4.03 Mbits/sec  2.117 ms  970/1390 (70%)  
[  5] 360.00-361.00 sec   420 KBytes  3.44 Mbits/sec  2.074 ms  856/1214 (71%)  
[  5] 361.00-362.00 sec   492 KBytes  4.03 Mbits/sec  1.780 ms  1015/1435 (71%)  
[  5] 362.00-363.00 sec   427 KBytes  3.49 Mbits/sec  1.917 ms  900/1264 (71%)  
[  5] 363.00-364.00 sec   491 KBytes  4.02 Mbits/sec  2.164 ms  1090/1509 (72%)  
[  5] 364.00-365.00 sec   427 KBytes  3.50 Mbits/sec  1.733 ms  900/1264 (71%)  
[  5] 365.00-366.00 sec   468 KBytes  3.83 Mbits/sec  1.874 ms  936/1335 (70%)  
[  5] 366.00-367.00 sec   425 KBytes  3.48 Mbits/sec  2.036 ms  826/1189 (69%)  
[  5] 367.00-368.00 sec   486 KBytes  3.98 Mbits/sec  2.290 ms  1009/1424 (71%)  
[  5] 368.00-369.00 sec   427 KBytes  3.49 Mbits/sec  1.876 ms  852/1216 (70%)  
[  5] 369.00-370.00 sec   425 KBytes  3.48 Mbits/sec  1.922 ms  847/1210 (70%)  
[  5] 370.00-371.00 sec   427 KBytes  3.49 Mbits/sec  1.834 ms  798/1162 (69%)  
[  5] 371.00-372.00 sec   421 KBytes  3.45 Mbits/sec  2.088 ms  761/1120 (68%)  
[  5] 372.00-373.00 sec   425 KBytes  3.48 Mbits/sec  2.356 ms  791/1154 (69%)  
[  5] 373.00-374.00 sec   427 KBytes  3.49 Mbits/sec  1.872 ms  796/1160 (69%)  
[  5] 374.00-375.00 sec   492 KBytes  4.03 Mbits/sec  1.815 ms  942/1362 (69%)  
[  5] 375.00-376.00 sec   420 KBytes  3.43 Mbits/sec  1.891 ms  821/1179 (70%)  
[  5] 376.00-377.00 sec   427 KBytes  3.50 Mbits/sec  1.977 ms  862/1226 (70%)  
[  5] 377.00-378.00 sec   492 KBytes  4.03 Mbits/sec  1.856 ms  1004/1424 (71%)  
[  5] 378.00-379.00 sec   354 KBytes  2.90 Mbits/sec  1.794 ms  696/998 (70%)  
[  5] 379.00-380.00 sec   427 KBytes  3.49 Mbits/sec  1.869 ms  830/1194 (70%)  
[  5] 380.00-381.00 sec   492 KBytes  4.03 Mbits/sec  1.838 ms  970/1390 (70%)  
[  5] 381.00-382.00 sec   427 KBytes  3.50 Mbits/sec  1.805 ms  822/1186 (69%)  
[  5] 382.00-383.00 sec   420 KBytes  3.43 Mbits/sec  1.839 ms  807/1165 (69%)  
[  5] 383.00-384.00 sec   475 KBytes  3.89 Mbits/sec  1.915 ms  887/1292 (69%)  
[  5] 384.00-385.00 sec   444 KBytes  3.64 Mbits/sec  1.872 ms  845/1224 (69%)  
[  5] 385.00-386.00 sec   427 KBytes  3.50 Mbits/sec  1.832 ms  807/1171 (69%)  
[  5] 386.00-387.00 sec   420 KBytes  3.44 Mbits/sec  1.759 ms  783/1141 (69%)  
[  5] 387.00-388.00 sec   425 KBytes  3.48 Mbits/sec  1.886 ms  809/1172 (69%)  
[  5] 388.00-389.00 sec   427 KBytes  3.49 Mbits/sec  1.885 ms  797/1161 (69%)  
[  5] 389.00-390.00 sec   425 KBytes  3.48 Mbits/sec  1.809 ms  853/1216 (70%)  
[  5] 390.00-391.00 sec   421 KBytes  3.45 Mbits/sec  2.016 ms  866/1225 (71%)  
[  5] 391.00-392.00 sec   473 KBytes  3.88 Mbits/sec  2.215 ms  983/1387 (71%)  
[  5] 392.00-393.00 sec   486 KBytes  3.98 Mbits/sec  1.806 ms  1018/1433 (71%)  
[  5] 393.00-394.00 sec   427 KBytes  3.49 Mbits/sec  1.825 ms  874/1238 (71%)  
[  5] 394.00-395.00 sec   491 KBytes  4.02 Mbits/sec  1.963 ms  987/1406 (70%)  
[  5] 395.00-396.00 sec   427 KBytes  3.50 Mbits/sec  1.822 ms  844/1208 (70%)  
[  5] 396.00-397.00 sec   425 KBytes  3.48 Mbits/sec  1.764 ms  818/1181 (69%)  
[  5] 397.00-398.00 sec   420 KBytes  3.44 Mbits/sec  1.881 ms  807/1165 (69%)  
