Connecting to host 172.22.0.50, port 5201
Reverse mode, remote host 172.22.0.50 is sending
[  5] local 192.168.100.2 port 34586 connected to 172.22.0.50 port 5201
[ ID] Interval           Transfer     Bitrate         Jitter    Lost/Total Datagrams
[  5]   0.00-1.00   sec  1.43 MBytes  12.0 Mbits/sec  0.973 ms  0/1252 (0%)  
[  5]   1.00-2.00   sec  1.42 MBytes  11.9 Mbits/sec  0.774 ms  0/1243 (0%)  
[  5]   2.00-3.00   sec  1.44 MBytes  12.1 Mbits/sec  0.925 ms  0/1256 (0%)  
[  5]   3.00-4.00   sec  1.43 MBytes  12.0 Mbits/sec  0.880 ms  0/1250 (0%)  
[  5]   4.00-5.00   sec  1.43 MBytes  12.0 Mbits/sec  0.806 ms  0/1250 (0%)  
[  5]   5.00-6.00   sec  1.42 MBytes  11.9 Mbits/sec  1.044 ms  0/1244 (0%)  
[  5]   6.00-7.00   sec  1.43 MBytes  12.0 Mbits/sec  1.196 ms  0/1250 (0%)  
[  5]   7.00-8.00   sec  1.44 MBytes  12.1 Mbits/sec  0.763 ms  0/1257 (0%)  
[  5]   8.00-9.00   sec  1.43 MBytes  11.9 Mbits/sec  1.169 ms  0/1246 (0%)  
[  5]   9.00-10.00  sec  1.43 MBytes  12.0 Mbits/sec  1.143 ms  0/1251 (0%)  
[  5]  10.00-11.00  sec  1.43 MBytes  12.0 Mbits/sec  0.941 ms  0/1249 (0%)  
[  5]  11.00-12.00  sec  1.43 MBytes  12.0 Mbits/sec  0.811 ms  0/1253 (0%)  
[  5]  12.00-13.00  sec  1.43 MBytes  12.0 Mbits/sec  0.752 ms  0/1250 (0%)  
[  5]  13.00-14.00  sec  1.43 MBytes  12.0 Mbits/sec  0.779 ms  0/1250 (0%)  
[  5]  14.00-15.00  sec  1.43 MBytes  12.0 Mbits/sec  0.830 ms  0/1251 (0%)  
[  5]  15.00-16.00  sec  1.15 MBytes  9.59 Mbits/sec  1.879 ms  0/1001 (0%)  
[  5]  16.00-17.00  sec   473 KBytes  3.89 Mbits/sec  1.788 ms  0/404 (0%)  
[  5]  17.00-18.00  sec   475 KBytes  3.89 Mbits/sec  1.686 ms  0/405 (0%)  
[  5]  18.00-19.00  sec   482 KBytes  3.95 Mbits/sec  1.685 ms  0/411 (0%)  
[  5]  19.00-20.00  sec   482 KBytes  3.95 Mbits/sec  2.041 ms  0/411 (0%)  
[  5]  20.00-21.00  sec   451 KBytes  3.70 Mbits/sec  2.254 ms  0/385 (0%)  
[  5]  21.00-22.00  sec   396 KBytes  3.24 Mbits/sec  1.997 ms  0/338 (0%)  
[  5]  22.00-23.00  sec   408 KBytes  3.34 Mbits/sec  2.064 ms  0/348 (0%)  
[  5]  23.00-24.00  sec   411 KBytes  3.37 Mbits/sec  2.079 ms  0/351 (0%)  
[  5]  24.00-25.00  sec   405 KBytes  3.32 Mbits/sec  2.090 ms  0/346 (0%)  
[  5]  25.00-26.00  sec   398 KBytes  3.27 Mbits/sec  2.075 ms  0/340 (0%)  
[  5]  26.00-27.00  sec   400 KBytes  3.27 Mbits/sec  2.054 ms  0/341 (0%)  
[  5]  27.00-28.00  sec   396 KBytes  3.25 Mbits/sec  2.337 ms  0/338 (0%)  
[  5]  28.00-29.00  sec   388 KBytes  3.18 Mbits/sec  2.181 ms  0/331 (0%)  
[  5]  29.00-30.00  sec   390 KBytes  3.20 Mbits/sec  2.154 ms  0/333 (0%)  
[  5]  30.00-31.00  sec   400 KBytes  3.27 Mbits/sec  2.107 ms  0/341 (0%)  
[  5]  31.00-32.00  sec   405 KBytes  3.32 Mbits/sec  2.300 ms  0/346 (0%)  
[  5]  32.00-33.00  sec   407 KBytes  3.33 Mbits/sec  2.076 ms  0/347 (0%)  
[  5]  33.00-34.00  sec   405 KBytes  3.32 Mbits/sec  2.208 ms  0/346 (0%)  
[  5]  34.00-35.00  sec   407 KBytes  3.33 Mbits/sec  2.004 ms  0/347 (0%)  
[  5]  35.00-36.00  sec   408 KBytes  3.34 Mbits/sec  2.000 ms  0/348 (0%)  
[  5]  36.00-37.00  sec   398 KBytes  3.26 Mbits/sec  2.098 ms  0/340 (0%)  
[  5]  37.00-38.00  sec   393 KBytes  3.22 Mbits/sec  2.267 ms  0/335 (0%)  
[  5]  38.00-39.00  sec   402 KBytes  3.29 Mbits/sec  2.348 ms  0/343 (0%)  
[  5]  39.00-40.00  sec   405 KBytes  3.32 Mbits/sec  2.137 ms  0/346 (0%)  
[  5]  40.00-41.00  sec   402 KBytes  3.29 Mbits/sec  2.004 ms  0/343 (0%)  
[  5]  41.00-42.00  sec   404 KBytes  3.31 Mbits/sec  2.428 ms  0/345 (0%)  
[  5]  42.00-43.00  sec   405 KBytes  3.32 Mbits/sec  2.062 ms  0/346 (0%)  
[  5]  43.00-44.00  sec   411 KBytes  3.37 Mbits/sec  2.200 ms  0/351 (0%)  
[  5]  44.00-45.00  sec   401 KBytes  3.28 Mbits/sec  2.135 ms  0/342 (0%)  
[  5]  45.00-46.00  sec   402 KBytes  3.29 Mbits/sec  2.172 ms  0/343 (0%)  
[  5]  46.00-47.00  sec   397 KBytes  3.25 Mbits/sec  2.206 ms  0/339 (0%)  
[  5]  47.00-48.00  sec   407 KBytes  3.33 Mbits/sec  2.014 ms  0/347 (0%)  
[  5]  48.00-49.00  sec   333 KBytes  2.73 Mbits/sec  2.503 ms  115/399 (29%)  
[  5]  49.00-50.00  sec   394 KBytes  3.23 Mbits/sec  2.274 ms  891/1227 (73%)  
[  5]  50.00-51.00  sec   412 KBytes  3.38 Mbits/sec  2.083 ms  933/1285 (73%)  
[  5]  51.00-52.00  sec   396 KBytes  3.24 Mbits/sec  2.653 ms  926/1264 (73%)  
[  5]  52.00-53.00  sec   410 KBytes  3.36 Mbits/sec  2.391 ms  976/1326 (74%)  
[  5]  53.00-54.00  sec   396 KBytes  3.24 Mbits/sec  2.417 ms  920/1258 (73%)  
[  5]  54.00-55.00  sec   412 KBytes  3.38 Mbits/sec  2.127 ms  934/1286 (73%)  
[  5]  55.00-56.00  sec   393 KBytes  3.22 Mbits/sec  2.398 ms  875/1210 (72%)  
[  5]  56.00-57.00  sec   414 KBytes  3.39 Mbits/sec  2.123 ms  913/1266 (72%)  
[  5]  57.00-58.00  sec   393 KBytes  3.22 Mbits/sec  2.186 ms  878/1213 (72%)  
[  5]  58.00-59.00  sec   412 KBytes  3.38 Mbits/sec  2.097 ms  914/1266 (72%)  
[  5]  59.00-60.00  sec   393 KBytes  3.21 Mbits/sec  2.238 ms  870/1205 (72%)  
[  5]  60.00-61.00  sec   394 KBytes  3.23 Mbits/sec  2.820 ms  899/1235 (73%)  
[  5]  61.00-62.00  sec   397 KBytes  3.25 Mbits/sec  2.553 ms  931/1270 (73%)  
[  5]  62.00-63.00  sec   412 KBytes  3.38 Mbits/sec  2.101 ms  921/1273 (72%)  
[  5]  63.00-64.00  sec   394 KBytes  3.23 Mbits/sec  2.386 ms  881/1217 (72%)  
[  5]  64.00-65.00  sec   412 KBytes  3.38 Mbits/sec  2.086 ms  936/1288 (73%)  
[  5]  65.00-66.00  sec   393 KBytes  3.22 Mbits/sec  2.389 ms  870/1205 (72%)  
[  5]  66.00-67.00  sec   414 KBytes  3.39 Mbits/sec  2.191 ms  922/1275 (72%)  
[  5]  67.00-68.00  sec   393 KBytes  3.22 Mbits/sec  2.468 ms  863/1198 (72%)  
[  5]  68.00-69.00  sec   396 KBytes  3.24 Mbits/sec  2.425 ms  898/1236 (73%)  
[  5]  69.00-70.00  sec   414 KBytes  3.39 Mbits/sec  2.156 ms  933/1286 (73%)  
[  5]  70.00-71.00  sec   353 KBytes  2.89 Mbits/sec  2.098 ms  806/1107 (73%)  
[  5]  71.00-72.00  sec   393 KBytes  3.22 Mbits/sec  2.324 ms  875/1210 (72%)  
[  5]  72.00-73.00  sec   451 KBytes  3.70 Mbits/sec  2.308 ms  1000/1386 (72%)  
[  5]  73.00-74.00  sec   412 KBytes  3.38 Mbits/sec  2.073 ms  909/1261 (72%)  
[  5]  74.00-75.00  sec   394 KBytes  3.23 Mbits/sec  2.357 ms  871/1207 (72%)  
[  5]  75.00-76.00  sec   412 KBytes  3.38 Mbits/sec  2.139 ms  937/1289 (73%)  
[  5]  76.00-77.00  sec   397 KBytes  3.25 Mbits/sec  2.242 ms  906/1245 (73%)  
[  5]  77.00-78.00  sec   353 KBytes  2.89 Mbits/sec  2.224 ms  827/1128 (73%)  
[  5]  78.00-79.00  sec   394 KBytes  3.23 Mbits/sec  2.331 ms  909/1245 (73%)  
[  5]  79.00-80.00  sec   452 KBytes  3.70 Mbits/sec  2.354 ms  1024/1410 (73%)  
[  5]  80.00-81.00  sec   412 KBytes  3.38 Mbits/sec  2.168 ms  948/1300 (73%)  
[  5]  81.00-82.00  sec   394 KBytes  3.23 Mbits/sec  2.107 ms  874/1210 (72%)  
[  5]  82.00-83.00  sec   412 KBytes  3.38 Mbits/sec  2.083 ms  913/1265 (72%)  
[  5]  83.00-84.00  sec   393 KBytes  3.22 Mbits/sec  2.353 ms  859/1194 (72%)  
[  5]  84.00-85.00  sec   357 KBytes  2.93 Mbits/sec  2.203 ms  810/1115 (73%)  
[  5]  85.00-86.00  sec   394 KBytes  3.23 Mbits/sec  2.593 ms  926/1262 (73%)  
[  5]  86.00-87.00  sec   411 KBytes  3.37 Mbits/sec  2.217 ms  943/1294 (73%)  
[  5]  87.00-88.00  sec   333 KBytes  2.73 Mbits/sec  2.546 ms  751/1035 (73%)  
[  5]  88.00-89.00  sec   412 KBytes  3.38 Mbits/sec  2.189 ms  932/1284 (73%)  
[  5]  89.00-90.00  sec   394 KBytes  3.23 Mbits/sec  2.447 ms  886/1222 (73%)  
[  5]  90.00-91.00  sec   412 KBytes  3.38 Mbits/sec  2.310 ms  941/1293 (73%)  
[  5]  91.00-92.00  sec   398 KBytes  3.26 Mbits/sec  2.244 ms  905/1245 (73%)  
[  5]  92.00-93.00  sec   393 KBytes  3.22 Mbits/sec  2.322 ms  894/1229 (73%)  
[  5]  93.00-94.00  sec   411 KBytes  3.37 Mbits/sec  2.227 ms  957/1308 (73%)  
[  5]  94.00-95.00  sec   393 KBytes  3.22 Mbits/sec  2.369 ms  909/1244 (73%)  
[  5]  95.00-96.00  sec   412 KBytes  3.38 Mbits/sec  2.057 ms  919/1271 (72%)  
[  5]  96.00-97.00  sec   394 KBytes  3.22 Mbits/sec  2.326 ms  871/1207 (72%)  
[  5]  97.00-98.00  sec   412 KBytes  3.38 Mbits/sec  2.201 ms  903/1255 (72%)  
[  5]  98.00-99.00  sec   397 KBytes  3.26 Mbits/sec  2.360 ms  889/1228 (72%)  
[  5]  99.00-100.00 sec   414 KBytes  3.39 Mbits/sec  2.183 ms  939/1292 (73%)  
[  5] 100.00-101.00 sec   353 KBytes  2.89 Mbits/sec  2.125 ms  795/1096 (73%)  
[  5] 101.00-102.00 sec   395 KBytes  3.24 Mbits/sec  2.223 ms  926/1263 (73%)  
[  5] 102.00-103.00 sec   390 KBytes  3.20 Mbits/sec  2.383 ms  921/1254 (73%)  
[  5] 103.00-104.00 sec   412 KBytes  3.38 Mbits/sec  2.128 ms  904/1256 (72%)  
[  5] 104.00-105.00 sec   393 KBytes  3.22 Mbits/sec  2.401 ms  886/1221 (73%)  
[  5] 105.00-106.00 sec   414 KBytes  3.39 Mbits/sec  2.295 ms  928/1281 (72%)  
[  5] 106.00-107.00 sec   398 KBytes  3.26 Mbits/sec  2.078 ms  892/1232 (72%)  
[  5] 107.00-108.00 sec   393 KBytes  3.22 Mbits/sec  2.378 ms  889/1224 (73%)  
[  5] 108.00-109.00 sec   412 KBytes  3.38 Mbits/sec  2.149 ms  962/1314 (73%)  
[  5] 109.00-110.00 sec   395 KBytes  3.23 Mbits/sec  2.211 ms  953/1290 (74%)  
[  5] 110.00-111.00 sec   391 KBytes  3.21 Mbits/sec  2.495 ms  941/1275 (74%)  
[  5] 111.00-112.00 sec   412 KBytes  3.38 Mbits/sec  2.070 ms  979/1331 (74%)  
[  5] 112.00-113.00 sec   353 KBytes  2.89 Mbits/sec  2.149 ms  829/1130 (73%)  
[  5] 113.00-114.00 sec   393 KBytes  3.22 Mbits/sec  2.280 ms  900/1235 (73%)  
[  5] 114.00-115.00 sec   398 KBytes  3.26 Mbits/sec  2.417 ms  925/1265 (73%)  
[  5] 115.00-116.00 sec   412 KBytes  3.38 Mbits/sec  2.077 ms  926/1278 (72%)  
[  5] 116.00-117.00 sec   393 KBytes  3.22 Mbits/sec  2.322 ms  864/1199 (72%)  
[  5] 117.00-118.00 sec   412 KBytes  3.38 Mbits/sec  2.140 ms  957/1309 (73%)  
[  5] 118.00-119.00 sec   354 KBytes  2.90 Mbits/sec  2.146 ms  811/1113 (73%)  
[  5] 119.00-120.00 sec   393 KBytes  3.22 Mbits/sec  2.155 ms  900/1235 (73%)  
[  5] 120.00-121.00 sec   393 KBytes  3.21 Mbits/sec  2.329 ms  871/1206 (72%)  
[  5] 121.00-122.00 sec   359 KBytes  2.94 Mbits/sec  2.179 ms  809/1115 (73%)  
[  5] 122.00-123.00 sec   393 KBytes  3.22 Mbits/sec  2.336 ms  912/1247 (73%)  
[  5] 123.00-124.00 sec   414 KBytes  3.39 Mbits/sec  2.123 ms  939/1292 (73%)  
[  5] 124.00-125.00 sec   393 KBytes  3.22 Mbits/sec  2.413 ms  885/1220 (73%)  
[  5] 125.00-126.00 sec   410 KBytes  3.36 Mbits/sec  2.298 ms  974/1324 (74%)  
[  5] 126.00-127.00 sec   354 KBytes  2.90 Mbits/sec  2.119 ms  861/1163 (74%)  
[  5] 127.00-128.00 sec   396 KBytes  3.24 Mbits/sec  2.170 ms  940/1278 (74%)  
[  5] 128.00-129.00 sec   353 KBytes  2.89 Mbits/sec  2.124 ms  784/1085 (72%)  
[  5] 129.00-130.00 sec   393 KBytes  3.22 Mbits/sec  2.335 ms  870/1205 (72%)  
[  5] 130.00-131.00 sec   414 KBytes  3.39 Mbits/sec  2.068 ms  931/1284 (73%)  
[  5] 131.00-132.00 sec   393 KBytes  3.22 Mbits/sec  2.112 ms  883/1218 (72%)  
[  5] 132.00-133.00 sec   398 KBytes  3.26 Mbits/sec  2.424 ms  904/1244 (73%)  
[  5] 133.00-134.00 sec   411 KBytes  3.37 Mbits/sec  2.321 ms  915/1266 (72%)  
[  5] 134.00-135.00 sec   390 KBytes  3.20 Mbits/sec  2.308 ms  891/1224 (73%)  
[  5] 135.00-136.00 sec   395 KBytes  3.23 Mbits/sec  2.458 ms  929/1266 (73%)  
[  5] 136.00-137.00 sec   412 KBytes  3.38 Mbits/sec  2.172 ms  969/1321 (73%)  
[  5] 137.00-138.00 sec   393 KBytes  3.22 Mbits/sec  2.415 ms  926/1261 (73%)  
[  5] 138.00-139.00 sec   414 KBytes  3.39 Mbits/sec  2.240 ms  956/1309 (73%)  
[  5] 139.00-140.00 sec   397 KBytes  3.25 Mbits/sec  2.341 ms  916/1255 (73%)  
[  5] 140.00-141.00 sec   414 KBytes  3.39 Mbits/sec  2.097 ms  951/1304 (73%)  
[  5] 141.00-142.00 sec   391 KBytes  3.21 Mbits/sec  2.630 ms  903/1237 (73%)  
[  5] 142.00-143.00 sec   395 KBytes  3.24 Mbits/sec  2.462 ms  976/1313 (74%)  
[  5] 143.00-144.00 sec   353 KBytes  2.89 Mbits/sec  2.446 ms  864/1165 (74%)  
[  5] 144.00-145.00 sec   393 KBytes  3.22 Mbits/sec  2.388 ms  935/1270 (74%)  
[  5] 145.00-146.00 sec   412 KBytes  3.38 Mbits/sec  2.095 ms  964/1316 (73%)  
[  5] 146.00-147.00 sec   394 KBytes  3.23 Mbits/sec  2.414 ms  907/1243 (73%)  
[  5] 147.00-148.00 sec   412 KBytes  3.38 Mbits/sec  2.106 ms  955/1307 (73%)  
[  5] 148.00-149.00 sec   393 KBytes  3.22 Mbits/sec  2.307 ms  902/1237 (73%)  
[  5] 149.00-150.00 sec   417 KBytes  3.42 Mbits/sec  2.370 ms  982/1338 (73%)  
[  5] 150.00-151.00 sec   391 KBytes  3.20 Mbits/sec  2.272 ms  953/1287 (74%)  
[  5] 151.00-152.00 sec   394 KBytes  3.23 Mbits/sec  2.434 ms  1001/1337 (75%)  
[  5] 152.00-153.00 sec   412 KBytes  3.38 Mbits/sec  2.120 ms  958/1310 (73%)  
[  5] 153.00-154.00 sec   394 KBytes  3.23 Mbits/sec  2.404 ms  901/1237 (73%)  
[  5] 154.00-155.00 sec   412 KBytes  3.38 Mbits/sec  2.152 ms  948/1300 (73%)  
[  5] 155.00-156.00 sec   393 KBytes  3.22 Mbits/sec  2.421 ms  880/1215 (72%)  
[  5] 156.00-157.00 sec   414 KBytes  3.39 Mbits/sec  2.105 ms  922/1275 (72%)  
[  5] 157.00-158.00 sec   397 KBytes  3.26 Mbits/sec  2.087 ms  888/1227 (72%)  
[  5] 158.00-159.00 sec   393 KBytes  3.22 Mbits/sec  2.327 ms  914/1249 (73%)  
[  5] 159.00-160.00 sec   352 KBytes  2.88 Mbits/sec  2.392 ms  809/1109 (73%)  
[  5] 160.00-161.00 sec   412 KBytes  3.38 Mbits/sec  2.126 ms  929/1281 (73%)  
[  5] 161.00-162.00 sec   397 KBytes  3.25 Mbits/sec  2.317 ms  893/1232 (72%)  
[  5] 162.00-163.00 sec   414 KBytes  3.39 Mbits/sec  2.080 ms  920/1273 (72%)  
[  5] 163.00-164.00 sec   393 KBytes  3.22 Mbits/sec  2.119 ms  892/1227 (73%)  
[  5] 164.00-165.00 sec   393 KBytes  3.22 Mbits/sec  2.300 ms  899/1234 (73%)  
[  5] 165.00-166.00 sec   412 KBytes  3.38 Mbits/sec  2.177 ms  952/1304 (73%)  
[  5] 166.00-167.00 sec   395 KBytes  3.24 Mbits/sec  2.300 ms  960/1297 (74%)  
[  5] 167.00-168.00 sec   412 KBytes  3.38 Mbits/sec  2.187 ms  990/1342 (74%)  
[  5] 168.00-169.00 sec   393 KBytes  3.22 Mbits/sec  2.338 ms  894/1229 (73%)  
[  5] 169.00-170.00 sec   412 KBytes  3.38 Mbits/sec  2.083 ms  938/1290 (73%)  
[  5] 170.00-171.00 sec   394 KBytes  3.23 Mbits/sec  2.218 ms  871/1207 (72%)  
[  5] 171.00-172.00 sec   393 KBytes  3.22 Mbits/sec  2.358 ms  876/1211 (72%)  
[  5] 172.00-173.00 sec   412 KBytes  3.38 Mbits/sec  2.149 ms  945/1297 (73%)  
[  5] 173.00-174.00 sec   393 KBytes  3.22 Mbits/sec  2.427 ms  900/1235 (73%)  
[  5] 174.00-175.00 sec   417 KBytes  3.42 Mbits/sec  2.199 ms  967/1323 (73%)  
[  5] 175.00-176.00 sec   393 KBytes  3.22 Mbits/sec  2.147 ms  910/1245 (73%)  
[  5] 176.00-177.00 sec   352 KBytes  2.88 Mbits/sec  2.237 ms  802/1102 (73%)  
[  5] 177.00-178.00 sec   397 KBytes  3.25 Mbits/sec  2.465 ms  885/1224 (72%)  
[  5] 178.00-179.00 sec   454 KBytes  3.71 Mbits/sec  2.357 ms  1012/1399 (72%)  
[  5] 179.00-180.00 sec   412 KBytes  3.38 Mbits/sec  2.099 ms  928/1280 (72%)  
[  5] 180.00-181.00 sec   393 KBytes  3.22 Mbits/sec  2.378 ms  918/1253 (73%)  
[  5] 181.00-182.00 sec   414 KBytes  3.39 Mbits/sec  2.148 ms  958/1311 (73%)  
[  5] 182.00-183.00 sec   393 KBytes  3.22 Mbits/sec  2.189 ms  921/1256 (73%)  
[  5] 183.00-184.00 sec   353 KBytes  2.89 Mbits/sec  2.225 ms  840/1141 (74%)  
[  5] 184.00-185.00 sec   393 KBytes  3.22 Mbits/sec  2.507 ms  907/1242 (73%)  
[  5] 185.00-186.00 sec   412 KBytes  3.38 Mbits/sec  2.112 ms  927/1279 (72%)  
[  5] 186.00-187.00 sec   394 KBytes  3.23 Mbits/sec  2.122 ms  866/1202 (72%)  
[  5] 187.00-188.00 sec   357 KBytes  2.93 Mbits/sec  2.186 ms  811/1116 (73%)  
[  5] 188.00-189.00 sec   394 KBytes  3.23 Mbits/sec  2.374 ms  877/1213 (72%)  
[  5] 189.00-190.00 sec   412 KBytes  3.38 Mbits/sec  2.141 ms  931/1283 (73%)  
[  5] 190.00-191.00 sec   391 KBytes  3.20 Mbits/sec  2.518 ms  900/1234 (73%)  
[  5] 191.00-192.00 sec   417 KBytes  3.42 Mbits/sec  2.053 ms  977/1333 (73%)  
[  5] 192.00-193.00 sec   391 KBytes  3.21 Mbits/sec  2.365 ms  894/1228 (73%)  
[  5] 193.00-194.00 sec   414 KBytes  3.39 Mbits/sec  2.058 ms  908/1261 (72%)  
[  5] 194.00-195.00 sec   393 KBytes  3.22 Mbits/sec  2.290 ms  898/1233 (73%)  
[  5] 195.00-196.00 sec   412 KBytes  3.38 Mbits/sec  2.196 ms  952/1304 (73%)  
[  5] 196.00-197.00 sec   394 KBytes  3.23 Mbits/sec  2.361 ms  890/1226 (73%)  
[  5] 197.00-198.00 sec   412 KBytes  3.38 Mbits/sec  2.041 ms  931/1283 (73%)  
[  5] 198.00-199.00 sec   393 KBytes  3.22 Mbits/sec  2.218 ms  890/1225 (73%)  
[  5] 199.00-200.00 sec   395 KBytes  3.24 Mbits/sec  2.419 ms  928/1265 (73%)  
[  5] 200.00-201.00 sec   353 KBytes  2.89 Mbits/sec  2.373 ms  838/1139 (74%)  
[  5] 201.00-202.00 sec   397 KBytes  3.25 Mbits/sec  2.440 ms  895/1234 (73%)  
[  5] 202.00-203.00 sec   414 KBytes  3.39 Mbits/sec  2.088 ms  918/1271 (72%)  
[  5] 203.00-204.00 sec   393 KBytes  3.22 Mbits/sec  2.336 ms  889/1224 (73%)  
[  5] 204.00-205.00 sec   412 KBytes  3.38 Mbits/sec  2.148 ms  921/1273 (72%)  
[  5] 205.00-206.00 sec   394 KBytes  3.22 Mbits/sec  2.462 ms  880/1216 (72%)  
[  5] 206.00-207.00 sec   412 KBytes  3.38 Mbits/sec  2.124 ms  920/1272 (72%)  
[  5] 207.00-208.00 sec   394 KBytes  3.23 Mbits/sec  2.441 ms  932/1268 (74%)  
[  5] 208.00-209.00 sec   412 KBytes  3.38 Mbits/sec  2.229 ms  985/1337 (74%)  
[  5] 209.00-210.00 sec   393 KBytes  3.21 Mbits/sec  2.400 ms  924/1259 (73%)  
[  5] 210.00-211.00 sec   354 KBytes  2.90 Mbits/sec  2.327 ms  837/1139 (73%)  
[  5] 211.00-212.00 sec   397 KBytes  3.25 Mbits/sec  2.448 ms  921/1260 (73%)  
[  5] 212.00-213.00 sec   412 KBytes  3.37 Mbits/sec  2.067 ms  939/1291 (73%)  
[  5] 213.00-214.00 sec   394 KBytes  3.23 Mbits/sec  2.480 ms  891/1227 (73%)  
[  5] 214.00-215.00 sec   353 KBytes  2.89 Mbits/sec  2.359 ms  793/1094 (72%)  
[  5] 215.00-216.00 sec   411 KBytes  3.37 Mbits/sec  2.188 ms  952/1303 (73%)  
[  5] 216.00-217.00 sec   338 KBytes  2.77 Mbits/sec  2.435 ms  779/1067 (73%)  
[  5] 217.00-218.00 sec   414 KBytes  3.39 Mbits/sec  2.057 ms  925/1278 (72%)  
[  5] 218.00-219.00 sec   393 KBytes  3.22 Mbits/sec  2.174 ms  890/1225 (73%)  
[  5] 219.00-220.00 sec   353 KBytes  2.89 Mbits/sec  2.299 ms  801/1102 (73%)  
[  5] 220.00-221.00 sec   394 KBytes  3.22 Mbits/sec  2.376 ms  880/1216 (72%)  
[  5] 221.00-222.00 sec   412 KBytes  3.38 Mbits/sec  2.132 ms  933/1285 (73%)  
[  5] 222.00-223.00 sec   393 KBytes  3.22 Mbits/sec  2.287 ms  895/1230 (73%)  
[  5] 223.00-224.00 sec   414 KBytes  3.39 Mbits/sec  2.415 ms  973/1326 (73%)  
[  5] 224.00-225.00 sec   395 KBytes  3.24 Mbits/sec  2.096 ms  944/1281 (74%)  
[  5] 225.00-226.00 sec   391 KBytes  3.20 Mbits/sec  2.381 ms  949/1283 (74%)  
[  5] 226.00-227.00 sec   412 KBytes  3.38 Mbits/sec  2.223 ms  935/1287 (73%)  
[  5] 227.00-228.00 sec   398 KBytes  3.26 Mbits/sec  2.410 ms  905/1245 (73%)  
[  5] 228.00-229.00 sec   412 KBytes  3.39 Mbits/sec  2.290 ms  932/1284 (73%)  
[  5] 229.00-230.00 sec   333 KBytes  2.73 Mbits/sec  2.345 ms  757/1041 (73%)  
[  5] 230.00-231.00 sec   414 KBytes  3.39 Mbits/sec  2.094 ms  938/1291 (73%)  
[  5] 231.00-232.00 sec   393 KBytes  3.22 Mbits/sec  2.503 ms  892/1227 (73%)  
[  5] 232.00-233.00 sec   416 KBytes  3.41 Mbits/sec  2.211 ms  953/1308 (73%)  
[  5] 233.00-234.00 sec   393 KBytes  3.22 Mbits/sec  2.361 ms  904/1239 (73%)  
[  5] 234.00-235.00 sec   414 KBytes  3.39 Mbits/sec  2.186 ms  943/1296 (73%)  
[  5] 235.00-236.00 sec   393 KBytes  3.22 Mbits/sec  2.387 ms  907/1242 (73%)  
[  5] 236.00-237.00 sec   412 KBytes  3.38 Mbits/sec  2.122 ms  952/1304 (73%)  
[  5] 237.00-238.00 sec   393 KBytes  3.22 Mbits/sec  2.498 ms  932/1267 (74%)  
[  5] 238.00-239.00 sec   414 KBytes  3.39 Mbits/sec  2.225 ms  999/1352 (74%)  
[  5] 239.00-240.00 sec   396 KBytes  3.24 Mbits/sec  2.268 ms  983/1321 (74%)  
[  5] 240.00-241.00 sec   394 KBytes  3.23 Mbits/sec  2.163 ms  990/1326 (75%)  
[  5] 241.00-242.00 sec   352 KBytes  2.88 Mbits/sec  2.204 ms  870/1170 (74%)  
[  5] 242.00-243.00 sec   394 KBytes  3.22 Mbits/sec  2.542 ms  938/1274 (74%)  
[  5] 243.00-244.00 sec   353 KBytes  2.89 Mbits/sec  2.482 ms  826/1127 (73%)  
[  5] 244.00-245.00 sec   412 KBytes  3.38 Mbits/sec  2.235 ms  976/1328 (73%)  
[  5] 245.00-246.00 sec   394 KBytes  3.23 Mbits/sec  2.388 ms  900/1236 (73%)  
[  5] 246.00-247.00 sec   397 KBytes  3.25 Mbits/sec  2.332 ms  889/1228 (72%)  
[  5] 247.00-248.00 sec   412 KBytes  3.38 Mbits/sec  2.278 ms  934/1286 (73%)  
[  5] 248.00-249.00 sec   391 KBytes  3.21 Mbits/sec  2.383 ms  911/1245 (73%)  
[  5] 249.00-250.00 sec   415 KBytes  3.40 Mbits/sec  2.377 ms  967/1321 (73%)  
[  5] 250.00-251.00 sec   353 KBytes  2.89 Mbits/sec  2.117 ms  795/1096 (73%)  
[  5] 251.00-252.00 sec   394 KBytes  3.23 Mbits/sec  2.348 ms  892/1228 (73%)  
[  5] 252.00-253.00 sec   412 KBytes  3.38 Mbits/sec  2.183 ms  943/1295 (73%)  
[  5] 253.00-254.00 sec   393 KBytes  3.22 Mbits/sec  2.334 ms  920/1255 (73%)  
[  5] 254.00-255.00 sec   412 KBytes  3.38 Mbits/sec  2.097 ms  942/1294 (73%)  
[  5] 255.00-256.00 sec   434 KBytes  3.55 Mbits/sec  2.554 ms  1007/1377 (73%)  
[  5] 256.00-257.00 sec   357 KBytes  2.93 Mbits/sec  2.495 ms  845/1150 (73%)  
[  5] 257.00-258.00 sec   414 KBytes  3.39 Mbits/sec  2.255 ms  987/1340 (74%)  
[  5] 258.00-259.00 sec   393 KBytes  3.22 Mbits/sec  2.364 ms  879/1214 (72%)  
[  5] 259.00-260.00 sec   412 KBytes  3.38 Mbits/sec  2.161 ms  938/1290 (73%)  
[  5] 260.00-261.00 sec   393 KBytes  3.22 Mbits/sec  2.535 ms  888/1223 (73%)  
[  5] 261.00-262.00 sec   394 KBytes  3.23 Mbits/sec  2.392 ms  878/1214 (72%)  
[  5] 262.00-263.00 sec   412 KBytes  3.38 Mbits/sec  2.385 ms  928/1280 (72%)  
[  5] 263.00-264.00 sec   412 KBytes  3.38 Mbits/sec  2.104 ms  912/1264 (72%)  
[  5] 264.00-265.00 sec   396 KBytes  3.25 Mbits/sec  2.386 ms  940/1278 (74%)  
[  5] 265.00-266.00 sec   354 KBytes  2.90 Mbits/sec  2.129 ms  857/1159 (74%)  
[  5] 266.00-267.00 sec   393 KBytes  3.22 Mbits/sec  2.362 ms  952/1287 (74%)  
[  5] 267.00-268.00 sec   412 KBytes  3.38 Mbits/sec  2.223 ms  985/1337 (74%)  
[  5] 268.00-269.00 sec   393 KBytes  3.22 Mbits/sec  2.197 ms  952/1287 (74%)  
[  5] 269.00-270.00 sec   412 KBytes  3.38 Mbits/sec  2.127 ms  953/1305 (73%)  
[  5] 270.00-271.00 sec   394 KBytes  3.23 Mbits/sec  2.251 ms  906/1242 (73%)  
[  5] 271.00-272.00 sec   397 KBytes  3.25 Mbits/sec  2.594 ms  900/1239 (73%)  
[  5] 272.00-273.00 sec   412 KBytes  3.38 Mbits/sec  2.281 ms  952/1304 (73%)  
[  5] 273.00-274.00 sec   333 KBytes  2.73 Mbits/sec  2.515 ms  762/1046 (73%)  
[  5] 274.00-275.00 sec   412 KBytes  3.38 Mbits/sec  2.230 ms  959/1311 (73%)  
[  5] 275.00-276.00 sec   354 KBytes  2.90 Mbits/sec  2.261 ms  805/1107 (73%)  
[  5] 276.00-277.00 sec   393 KBytes  3.22 Mbits/sec  2.551 ms  877/1212 (72%)  
[  5] 277.00-278.00 sec   418 KBytes  3.43 Mbits/sec  2.102 ms  930/1287 (72%)  
[  5] 278.00-279.00 sec   393 KBytes  3.21 Mbits/sec  2.063 ms  885/1220 (73%)  
[  5] 279.00-280.00 sec   393 KBytes  3.22 Mbits/sec  2.383 ms  875/1210 (72%)  
[  5] 280.00-281.00 sec   412 KBytes  3.38 Mbits/sec  2.264 ms  947/1299 (73%)  
[  5] 281.00-282.00 sec   354 KBytes  2.90 Mbits/sec  2.277 ms  838/1140 (74%)  
[  5] 282.00-283.00 sec   393 KBytes  3.22 Mbits/sec  2.480 ms  925/1260 (73%)  
[  5] 283.00-284.00 sec   412 KBytes  3.38 Mbits/sec  2.243 ms  930/1282 (73%)  
[  5] 284.00-285.00 sec   398 KBytes  3.26 Mbits/sec  2.066 ms  924/1264 (73%)  
[  5] 285.00-286.00 sec   412 KBytes  3.38 Mbits/sec  2.081 ms  944/1296 (73%)  
[  5] 286.00-287.00 sec   393 KBytes  3.22 Mbits/sec  2.403 ms  896/1231 (73%)  
[  5] 287.00-288.00 sec   394 KBytes  3.22 Mbits/sec  2.433 ms  875/1211 (72%)  
[  5] 288.00-289.00 sec   411 KBytes  3.37 Mbits/sec  2.314 ms  955/1306 (73%)  
[  5] 289.00-290.00 sec   355 KBytes  2.91 Mbits/sec  2.257 ms  820/1123 (73%)  
[  5] 290.00-291.00 sec   391 KBytes  3.21 Mbits/sec  2.466 ms  920/1254 (73%)  
[  5] 291.00-292.00 sec   412 KBytes  3.38 Mbits/sec  2.093 ms  924/1276 (72%)  
[  5] 292.00-293.00 sec   394 KBytes  3.23 Mbits/sec  2.241 ms  895/1231 (73%)  
[  5] 293.00-294.00 sec   397 KBytes  3.25 Mbits/sec  2.341 ms  881/1220 (72%)  
[  5] 294.00-295.00 sec   414 KBytes  3.39 Mbits/sec  2.142 ms  935/1288 (73%)  
[  5] 295.00-296.00 sec   393 KBytes  3.22 Mbits/sec  2.416 ms  903/1238 (73%)  
[  5] 296.00-297.00 sec   412 KBytes  3.38 Mbits/sec  2.255 ms  985/1337 (74%)  
[  5] 297.00-298.00 sec   394 KBytes  3.22 Mbits/sec  2.354 ms  988/1324 (75%)  
[  5] 298.00-299.00 sec   412 KBytes  3.38 Mbits/sec  2.127 ms  1001/1353 (74%)  
[  5] 299.00-300.00 sec   393 KBytes  3.22 Mbits/sec  2.250 ms  932/1267 (74%)  
[  5] 300.00-301.00 sec   393 KBytes  3.21 Mbits/sec  2.447 ms  920/1255 (73%)  
[  5] 301.00-302.00 sec   414 KBytes  3.39 Mbits/sec  2.171 ms  947/1300 (73%)  
[  5] 302.00-303.00 sec   353 KBytes  2.89 Mbits/sec  2.244 ms  820/1121 (73%)  
[  5] 303.00-304.00 sec   397 KBytes  3.25 Mbits/sec  2.198 ms  914/1253 (73%)  
[  5] 304.00-305.00 sec   414 KBytes  3.39 Mbits/sec  2.328 ms  984/1337 (74%)  
[  5] 305.00-306.00 sec   393 KBytes  3.22 Mbits/sec  2.115 ms  928/1263 (73%)  
[  5] 306.00-307.00 sec   393 KBytes  3.22 Mbits/sec  2.383 ms  931/1266 (74%)  
[  5] 307.00-308.00 sec   353 KBytes  2.89 Mbits/sec  2.374 ms  778/1079 (72%)  
[  5] 308.00-309.00 sec   412 KBytes  3.38 Mbits/sec  2.227 ms  926/1278 (72%)  
[  5] 309.00-310.00 sec   394 KBytes  3.23 Mbits/sec  2.107 ms  858/1194 (72%)  
[  5] 310.00-311.00 sec   397 KBytes  3.25 Mbits/sec  2.355 ms  920/1259 (73%)  
[  5] 311.00-312.00 sec   412 KBytes  3.38 Mbits/sec  2.222 ms  956/1308 (73%)  
[  5] 312.00-313.00 sec   452 KBytes  3.71 Mbits/sec  2.272 ms  1054/1440 (73%)  
[  5] 313.00-314.00 sec   390 KBytes  3.20 Mbits/sec  2.624 ms  938/1271 (74%)  
[  5] 314.00-315.00 sec   355 KBytes  2.91 Mbits/sec  2.415 ms  855/1158 (74%)  
[  5] 315.00-316.00 sec   412 KBytes  3.38 Mbits/sec  2.257 ms  931/1283 (73%)  
[  5] 316.00-317.00 sec   339 KBytes  2.77 Mbits/sec  2.377 ms  766/1055 (73%)  
[  5] 317.00-318.00 sec   412 KBytes  3.38 Mbits/sec  2.226 ms  930/1282 (73%)  
[  5] 318.00-319.00 sec   353 KBytes  2.89 Mbits/sec  2.493 ms  786/1087 (72%)  
[  5] 319.00-320.00 sec   354 KBytes  2.90 Mbits/sec  2.143 ms  790/1092 (72%)  
[  5] 320.00-321.00 sec   353 KBytes  2.89 Mbits/sec  2.107 ms  792/1093 (72%)  
[  5] 321.00-322.00 sec   338 KBytes  2.76 Mbits/sec  2.519 ms  778/1066 (73%)  
[  5] 322.00-323.00 sec   353 KBytes  2.89 Mbits/sec  2.205 ms  799/1100 (73%)  
[  5] 323.00-324.00 sec   356 KBytes  2.92 Mbits/sec  2.397 ms  854/1158 (74%)  
[  5] 324.00-325.00 sec   393 KBytes  3.22 Mbits/sec  2.426 ms  879/1214 (72%)  
[  5] 325.00-326.00 sec   354 KBytes  2.90 Mbits/sec  2.438 ms  810/1112 (73%)  
[  5] 326.00-327.00 sec   412 KBytes  3.38 Mbits/sec  2.262 ms  959/1311 (73%)  
[  5] 327.00-328.00 sec   353 KBytes  2.89 Mbits/sec  2.305 ms  863/1164 (74%)  
[  5] 328.00-329.00 sec   334 KBytes  2.74 Mbits/sec  2.568 ms  779/1064 (73%)  
[  5] 329.00-330.00 sec   412 KBytes  3.38 Mbits/sec  2.201 ms  932/1284 (73%)  
[  5] 330.00-331.00 sec   356 KBytes  2.92 Mbits/sec  2.174 ms  839/1143 (73%)  
[  5] 331.00-332.00 sec   336 KBytes  2.76 Mbits/sec  2.271 ms  786/1073 (73%)  
[  5] 332.00-333.00 sec   353 KBytes  2.89 Mbits/sec  2.568 ms  833/1134 (73%)  
[  5] 333.00-334.00 sec   353 KBytes  2.89 Mbits/sec  2.569 ms  810/1111 (73%)  
[  5] 334.00-335.00 sec   354 KBytes  2.90 Mbits/sec  2.392 ms  796/1098 (72%)  
[  5] 335.00-336.00 sec   412 KBytes  3.38 Mbits/sec  2.308 ms  930/1282 (73%)  
[  5] 336.00-337.00 sec   371 KBytes  3.04 Mbits/sec  3.218 ms  848/1165 (73%)  
[  5] 337.00-338.00 sec   377 KBytes  3.09 Mbits/sec  2.081 ms  817/1141 (72%)  
[  5] 338.00-339.00 sec   393 KBytes  3.22 Mbits/sec  2.362 ms  867/1202 (72%)  
[  5] 339.00-340.00 sec   354 KBytes  2.90 Mbits/sec  2.264 ms  817/1119 (73%)  
[  5] 340.00-341.00 sec   395 KBytes  3.23 Mbits/sec  2.493 ms  921/1258 (73%)  
[  5] 341.00-342.00 sec   412 KBytes  3.38 Mbits/sec  2.345 ms  978/1330 (74%)  
[  5] 342.00-343.00 sec   354 KBytes  2.90 Mbits/sec  2.243 ms  892/1194 (75%)  
[  5] 343.00-344.00 sec   393 KBytes  3.22 Mbits/sec  2.499 ms  1006/1341 (75%)  
[  5] 344.00-345.00 sec   412 KBytes  3.38 Mbits/sec  2.355 ms  1076/1428 (75%)  
[  5] 345.00-346.00 sec   394 KBytes  3.23 Mbits/sec  2.427 ms  1085/1421 (76%)  
[  5] 346.00-347.00 sec   353 KBytes  2.89 Mbits/sec  2.616 ms  921/1222 (75%)  
[  5] 347.00-348.00 sec   355 KBytes  2.91 Mbits/sec  2.146 ms  933/1236 (75%)  
[  5] 348.00-349.00 sec   336 KBytes  2.75 Mbits/sec  2.718 ms  918/1205 (76%)  
[  5] 349.00-350.00 sec   371 KBytes  3.04 Mbits/sec  2.221 ms  981/1298 (76%)  
[  5] 350.00-351.00 sec   353 KBytes  2.89 Mbits/sec  2.289 ms  863/1164 (74%)  
[  5] 351.00-352.00 sec   339 KBytes  2.77 Mbits/sec  2.495 ms  835/1124 (74%)  
[  5] 352.00-353.00 sec   412 KBytes  3.38 Mbits/sec  2.346 ms  1028/1380 (74%)  
[  5] 353.00-354.00 sec   354 KBytes  2.90 Mbits/sec  2.292 ms  887/1189 (75%)  
[  5] 354.00-355.00 sec   333 KBytes  2.72 Mbits/sec  2.556 ms  842/1126 (75%)  
[  5] 355.00-356.00 sec   416 KBytes  3.41 Mbits/sec  2.282 ms  1088/1443 (75%)  
[  5] 356.00-357.00 sec   350 KBytes  2.87 Mbits/sec  2.299 ms  922/1221 (76%)  
[  5] 357.00-358.00 sec   336 KBytes  2.76 Mbits/sec  2.545 ms  886/1173 (76%)  
[  5] 358.00-359.00 sec   412 KBytes  3.38 Mbits/sec  2.395 ms  1065/1417 (75%)  
[  5] 359.00-360.00 sec   394 KBytes  3.23 Mbits/sec  2.708 ms  1001/1337 (75%)  
[  5] 360.00-361.00 sec   353 KBytes  2.89 Mbits/sec  2.407 ms  946/1247 (76%)  
[  5] 361.00-362.00 sec   412 KBytes  3.38 Mbits/sec  2.352 ms  1018/1370 (74%)  
[  5] 362.00-363.00 sec   339 KBytes  2.77 Mbits/sec  2.494 ms  819/1108 (74%)  
[  5] 363.00-364.00 sec   412 KBytes  3.38 Mbits/sec  2.222 ms  998/1350 (74%)  
[  5] 364.00-365.00 sec   353 KBytes  2.89 Mbits/sec  2.394 ms  845/1146 (74%)  
[  5] 365.00-366.00 sec   391 KBytes  3.21 Mbits/sec  2.392 ms  948/1282 (74%)  
[  5] 366.00-367.00 sec   359 KBytes  2.93 Mbits/sec  2.188 ms  844/1150 (73%)  
[  5] 367.00-368.00 sec   393 KBytes  3.22 Mbits/sec  2.463 ms  925/1260 (73%)  
[  5] 368.00-369.00 sec   354 KBytes  2.90 Mbits/sec  2.454 ms  838/1140 (74%)  
[  5] 369.00-370.00 sec   412 KBytes  3.38 Mbits/sec  2.148 ms  976/1328 (73%)  
[  5] 370.00-371.00 sec   353 KBytes  2.89 Mbits/sec  2.192 ms  830/1131 (73%)  
[  5] 371.00-372.00 sec   394 KBytes  3.23 Mbits/sec  2.576 ms  954/1290 (74%)  
[  5] 372.00-373.00 sec   354 KBytes  2.90 Mbits/sec  2.393 ms  904/1206 (75%)  
[  5] 373.00-374.00 sec   396 KBytes  3.24 Mbits/sec  2.550 ms  1071/1409 (76%)  
[  5] 374.00-375.00 sec   353 KBytes  2.89 Mbits/sec  2.515 ms  1015/1316 (77%)  
[  5] 375.00-376.00 sec   414 KBytes  3.39 Mbits/sec  2.208 ms  1093/1446 (76%)  
[  5] 376.00-377.00 sec   393 KBytes  3.22 Mbits/sec  2.442 ms  1007/1342 (75%)  
[  5] 377.00-378.00 sec   353 KBytes  2.89 Mbits/sec  2.583 ms  895/1196 (75%)  
[  5] 378.00-379.00 sec   354 KBytes  2.90 Mbits/sec  2.319 ms  885/1187 (75%)  
[  5] 379.00-380.00 sec   357 KBytes  2.93 Mbits/sec  2.438 ms  963/1268 (76%)  
[  5] 380.00-381.00 sec   393 KBytes  3.22 Mbits/sec  2.452 ms  984/1319 (75%)  
[  5] 381.00-382.00 sec   353 KBytes  2.89 Mbits/sec  2.509 ms  896/1197 (75%)  
[  5] 382.00-383.00 sec   353 KBytes  2.89 Mbits/sec  2.497 ms  893/1194 (75%)  
[  5] 383.00-384.00 sec   394 KBytes  3.23 Mbits/sec  2.784 ms  950/1286 (74%)  
[  5] 384.00-385.00 sec   357 KBytes  2.93 Mbits/sec  2.467 ms  869/1174 (74%)  
[  5] 385.00-386.00 sec   414 KBytes  3.39 Mbits/sec  2.211 ms  988/1341 (74%)  
[  5] 386.00-387.00 sec   353 KBytes  2.89 Mbits/sec  2.196 ms  831/1132 (73%)  
[  5] 387.00-388.00 sec   333 KBytes  2.73 Mbits/sec  2.553 ms  789/1073 (74%)  
[  5] 388.00-389.00 sec   355 KBytes  2.91 Mbits/sec  2.909 ms  921/1224 (75%)  
[  5] 389.00-390.00 sec   355 KBytes  2.91 Mbits/sec  2.553 ms  916/1219 (75%)  
[  5] 390.00-391.00 sec   411 KBytes  3.37 Mbits/sec  2.357 ms  1028/1379 (75%)  
[  5] 391.00-392.00 sec   354 KBytes  2.90 Mbits/sec  2.190 ms  856/1158 (74%)  
[  5] 392.00-393.00 sec   393 KBytes  3.22 Mbits/sec  2.347 ms  986/1321 (75%)  
[  5] 393.00-394.00 sec   359 KBytes  2.94 Mbits/sec  2.209 ms  892/1198 (74%)  
[  5] 394.00-395.00 sec   353 KBytes  2.89 Mbits/sec  2.452 ms  881/1182 (75%)  
[  5] 395.00-396.00 sec   353 KBytes  2.89 Mbits/sec  2.286 ms  845/1146 (74%)  
[  5] 396.00-397.00 sec   353 KBytes  2.89 Mbits/sec  2.211 ms  890/1191 (75%)  
[  5] 397.00-398.00 sec   339 KBytes  2.77 Mbits/sec  2.401 ms  821/1110 (74%)  
[  5] 398.00-399.00 sec   412 KBytes  3.38 Mbits/sec  2.508 ms  1037/1389 (75%)  
[  5] 399.00-400.00 sec   354 KBytes  2.90 Mbits/sec  2.228 ms  835/1137 (73%)  
[  5] 400.00-401.00 sec   353 KBytes  2.89 Mbits/sec  2.249 ms  832/1133 (73%)  
[  5] 401.00-402.00 sec   393 KBytes  3.22 Mbits/sec  2.574 ms  941/1276 (74%)  
[  5] 402.00-403.00 sec   354 KBytes  2.90 Mbits/sec  2.384 ms  846/1148 (74%)  
[  5] 403.00-404.00 sec   357 KBytes  2.93 Mbits/sec  2.258 ms  880/1185 (74%)  
[  5] 404.00-405.00 sec   334 KBytes  2.74 Mbits/sec  2.874 ms  868/1153 (75%)  
[  5] 405.00-406.00 sec   412 KBytes  3.38 Mbits/sec  2.226 ms  1067/1419 (75%)  
