Connecting to host 172.22.0.50, port 5202
Reverse mode, remote host 172.22.0.50 is sending
[  5] local 192.168.102.2 port 54027 connected to 172.22.0.50 port 5202
[ ID] Interval           Transfer     Bitrate         Jitter    Lost/Total Datagrams
[  5]   0.00-1.00   sec   440 KBytes  3.60 Mbits/sec  0.325 ms  0/4503 (0%)  
[  5]   1.00-2.00   sec   439 KBytes  3.60 Mbits/sec  0.266 ms  0/4496 (0%)  
[  5]   2.00-3.00   sec   439 KBytes  3.60 Mbits/sec  0.268 ms  0/4495 (0%)  
[  5]   3.00-4.00   sec   439 KBytes  3.60 Mbits/sec  0.320 ms  0/4494 (0%)  
[  5]   4.00-5.00   sec   439 KBytes  3.60 Mbits/sec  0.240 ms  0/4500 (0%)  
[  5]   5.00-6.00   sec   439 KBytes  3.60 Mbits/sec  0.339 ms  0/4499 (0%)  
[  5]   6.00-7.00   sec   440 KBytes  3.60 Mbits/sec  0.262 ms  0/4515 (0%)  
[  5]   7.00-8.00   sec   439 KBytes  3.60 Mbits/sec  0.291 ms  0/4496 (0%)  
[  5]   8.00-9.00   sec   440 KBytes  3.60 Mbits/sec  0.328 ms  0/4501 (0%)  
[  5]   9.00-10.00  sec   439 KBytes  3.59 Mbits/sec  0.299 ms  0/4492 (0%)  
[  5]  10.00-11.00  sec   440 KBytes  3.60 Mbits/sec  0.300 ms  0/4505 (0%)  
[  5]  11.00-12.00  sec   437 KBytes  3.58 Mbits/sec  0.283 ms  0/4479 (0%)  
[  5]  12.00-13.00  sec   388 KBytes  3.18 Mbits/sec  0.350 ms  0/3972 (0%)  
[  5]  13.00-14.00  sec   361 KBytes  2.95 Mbits/sec  0.376 ms  0/3694 (0%)  
[  5]  14.00-15.00  sec   360 KBytes  2.96 Mbits/sec  0.512 ms  0/3691 (0%)  
[  5]  15.00-16.00  sec   362 KBytes  2.97 Mbits/sec  0.346 ms  0/3712 (0%)  
[  5]  16.00-17.00  sec   360 KBytes  2.95 Mbits/sec  0.304 ms  0/3685 (0%)  
[  5]  17.00-18.00  sec   360 KBytes  2.95 Mbits/sec  0.420 ms  0/3690 (0%)  
[  5]  18.00-19.00  sec   365 KBytes  2.99 Mbits/sec  0.344 ms  0/3741 (0%)  
[  5]  19.00-20.00  sec   359 KBytes  2.94 Mbits/sec  0.378 ms  0/3677 (0%)  
[  5]  20.00-21.00  sec   361 KBytes  2.96 Mbits/sec  0.322 ms  0/3694 (0%)  
[  5]  21.00-22.00  sec   360 KBytes  2.95 Mbits/sec  0.299 ms  0/3685 (0%)  
[  5]  22.00-23.00  sec   361 KBytes  2.96 Mbits/sec  0.311 ms  0/3698 (0%)  
[  5]  23.00-24.00  sec   359 KBytes  2.94 Mbits/sec  0.334 ms  0/3677 (0%)  
[  5]  24.00-25.00  sec   362 KBytes  2.96 Mbits/sec  0.368 ms  0/3704 (0%)  
[  5]  25.00-26.00  sec   359 KBytes  2.94 Mbits/sec  0.341 ms  0/3681 (0%)  
[  5]  26.00-27.00  sec   356 KBytes  2.92 Mbits/sec  0.284 ms  0/3648 (0%)  
[  5]  27.00-28.00  sec   375 KBytes  3.07 Mbits/sec  0.348 ms  0/3837 (0%)  
[  5]  28.00-29.00  sec   413 KBytes  3.39 Mbits/sec  0.348 ms  0/4232 (0%)  
[  5]  29.00-30.00  sec   421 KBytes  3.45 Mbits/sec  0.328 ms  0/4312 (0%)  
[  5]  30.00-31.00  sec   425 KBytes  3.48 Mbits/sec  0.363 ms  0/4347 (0%)  
[  5]  31.00-32.00  sec   426 KBytes  3.49 Mbits/sec  0.348 ms  0/4366 (0%)  
[  5]  32.00-33.00  sec   450 KBytes  3.68 Mbits/sec  0.311 ms  0/4606 (0%)  
[  5]  33.00-34.00  sec   481 KBytes  3.93 Mbits/sec  0.263 ms  0/4923 (0%)  
[  5]  34.00-35.00  sec   481 KBytes  3.95 Mbits/sec  0.300 ms  0/4930 (0%)  
[  5]  35.00-36.00  sec   472 KBytes  3.87 Mbits/sec  0.327 ms  0/4834 (0%)  
[  5]  36.00-37.00  sec   472 KBytes  3.87 Mbits/sec  0.337 ms  0/4837 (0%)  
[  5]  37.00-38.00  sec   473 KBytes  3.88 Mbits/sec  0.291 ms  0/4845 (0%)  
[  5]  38.00-39.00  sec   483 KBytes  3.96 Mbits/sec  0.438 ms  0/4947 (0%)  
[  5]  39.00-40.00  sec   485 KBytes  3.97 Mbits/sec  0.313 ms  0/4967 (0%)  
[  5]  40.00-41.00  sec   487 KBytes  3.99 Mbits/sec  0.495 ms  0/4985 (0%)  
[  5]  41.00-42.00  sec   478 KBytes  3.91 Mbits/sec  0.309 ms  0/4893 (0%)  
[  5]  42.00-43.00  sec   471 KBytes  3.85 Mbits/sec  0.353 ms  0/4818 (0%)  
[  5]  43.00-44.00  sec   461 KBytes  3.78 Mbits/sec  0.324 ms  0/4725 (0%)  
[  5]  44.00-45.00  sec   466 KBytes  3.82 Mbits/sec  0.380 ms  0/4774 (0%)  
[  5]  45.00-46.00  sec   475 KBytes  3.89 Mbits/sec  0.333 ms  0/4866 (0%)  
[  5]  46.00-47.00  sec   479 KBytes  3.93 Mbits/sec  0.286 ms  0/4907 (0%)  
[  5]  47.00-48.00  sec   472 KBytes  3.86 Mbits/sec  0.304 ms  0/4831 (0%)  
[  5]  48.00-49.00  sec   474 KBytes  3.88 Mbits/sec  0.366 ms  0/4851 (0%)  
[  5]  49.00-50.00  sec   474 KBytes  3.88 Mbits/sec  0.319 ms  0/4851 (0%)  
[  5]  50.00-51.00  sec   475 KBytes  3.89 Mbits/sec  0.319 ms  0/4868 (0%)  
[  5]  51.00-52.00  sec   475 KBytes  3.89 Mbits/sec  0.251 ms  0/4865 (0%)  
[  5]  52.00-53.00  sec   464 KBytes  3.80 Mbits/sec  0.356 ms  0/4752 (0%)  
[  5]  53.00-54.00  sec   463 KBytes  3.79 Mbits/sec  0.293 ms  0/4742 (0%)  
[  5]  54.00-55.00  sec   476 KBytes  3.90 Mbits/sec  0.370 ms  0/4871 (0%)  
[  5]  55.00-56.00  sec   479 KBytes  3.92 Mbits/sec  0.293 ms  0/4902 (0%)  
[  5]  56.00-57.00  sec   479 KBytes  3.92 Mbits/sec  0.334 ms  0/4900 (0%)  
[  5]  57.00-58.00  sec   416 KBytes  3.41 Mbits/sec  0.432 ms  0/4262 (0%)  
[  5]  58.00-59.00  sec   364 KBytes  2.98 Mbits/sec  0.409 ms  0/3730 (0%)  
[  5]  59.00-60.00  sec   362 KBytes  2.97 Mbits/sec  0.433 ms  0/3708 (0%)  
[  5]  60.00-61.00  sec   353 KBytes  2.89 Mbits/sec  0.334 ms  0/3615 (0%)  
[  5]  61.00-62.00  sec   356 KBytes  2.92 Mbits/sec  0.356 ms  0/3650 (0%)  
[  5]  62.00-63.00  sec   357 KBytes  2.92 Mbits/sec  0.369 ms  0/3654 (0%)  
[  5]  63.00-64.00  sec   357 KBytes  2.92 Mbits/sec  0.331 ms  0/3656 (0%)  
[  5]  64.00-65.00  sec   361 KBytes  2.96 Mbits/sec  0.375 ms  0/3700 (0%)  
[  5]  65.00-66.00  sec   361 KBytes  2.96 Mbits/sec  0.410 ms  0/3699 (0%)  
[  5]  66.00-67.00  sec   363 KBytes  2.97 Mbits/sec  0.352 ms  0/3713 (0%)  
[  5]  67.00-68.00  sec   361 KBytes  2.96 Mbits/sec  0.341 ms  0/3694 (0%)  
[  5]  68.00-69.00  sec   348 KBytes  2.85 Mbits/sec  0.520 ms  0/3562 (0%)  
[  5]  69.00-70.00  sec   347 KBytes  2.84 Mbits/sec  0.545 ms  0/3557 (0%)  
[  5]  70.00-71.00  sec   355 KBytes  2.91 Mbits/sec  0.420 ms  0/3640 (0%)  
[  5]  71.00-72.00  sec   352 KBytes  2.89 Mbits/sec  0.344 ms  0/3607 (0%)  
[  5]  72.00-73.00  sec   383 KBytes  3.14 Mbits/sec  0.275 ms  0/3920 (0%)  
[  5]  73.00-74.00  sec   415 KBytes  3.40 Mbits/sec  0.320 ms  0/4253 (0%)  
[  5]  74.00-75.00  sec   422 KBytes  3.46 Mbits/sec  0.320 ms  0/4319 (0%)  
[  5]  75.00-76.00  sec   429 KBytes  3.51 Mbits/sec  0.381 ms  0/4393 (0%)  
[  5]  76.00-77.00  sec   418 KBytes  3.42 Mbits/sec  0.284 ms  0/4280 (0%)  
[  5]  77.00-78.00  sec   440 KBytes  3.61 Mbits/sec  0.337 ms  0/4509 (0%)  
[  5]  78.00-79.00  sec   463 KBytes  3.79 Mbits/sec  0.458 ms  0/4740 (0%)  
[  5]  79.00-80.00  sec   476 KBytes  3.90 Mbits/sec  0.287 ms  0/4876 (0%)  
[  5]  80.00-81.00  sec   475 KBytes  3.89 Mbits/sec  0.317 ms  0/4862 (0%)  
[  5]  81.00-82.00  sec   474 KBytes  3.89 Mbits/sec  0.264 ms  0/4857 (0%)  
[  5]  82.00-83.00  sec   453 KBytes  3.71 Mbits/sec  0.433 ms  0/4641 (0%)  
[  5]  83.00-84.00  sec   428 KBytes  3.50 Mbits/sec  0.412 ms  0/4379 (0%)  
[  5]  84.00-85.00  sec   422 KBytes  3.46 Mbits/sec  0.348 ms  0/4323 (0%)  
[  5]  85.00-86.00  sec   418 KBytes  3.42 Mbits/sec  0.417 ms  0/4281 (0%)  
[  5]  86.00-87.00  sec   423 KBytes  3.46 Mbits/sec  0.282 ms  0/4328 (0%)  
[  5]  87.00-88.00  sec   414 KBytes  3.39 Mbits/sec  0.327 ms  0/4237 (0%)  
[  5]  88.00-89.00  sec   415 KBytes  3.39 Mbits/sec  0.338 ms  0/4247 (0%)  
[  5]  89.00-90.00  sec   419 KBytes  3.44 Mbits/sec  0.333 ms  0/4292 (0%)  
[  5]  90.00-91.00  sec   420 KBytes  3.44 Mbits/sec  0.326 ms  0/4297 (0%)  
[  5]  91.00-92.00  sec   430 KBytes  3.52 Mbits/sec  0.512 ms  0/4400 (0%)  
[  5]  92.00-93.00  sec   426 KBytes  3.49 Mbits/sec  0.394 ms  0/4367 (0%)  
[  5]  93.00-94.00  sec   424 KBytes  3.47 Mbits/sec  0.343 ms  0/4339 (0%)  
[  5]  94.00-95.00  sec   429 KBytes  3.51 Mbits/sec  0.317 ms  0/4389 (0%)  
[  5]  95.00-96.00  sec   433 KBytes  3.55 Mbits/sec  0.306 ms  0/4438 (0%)  
[  5]  96.00-97.00  sec   426 KBytes  3.50 Mbits/sec  0.287 ms  0/4367 (0%)  
[  5]  97.00-98.00  sec   399 KBytes  3.27 Mbits/sec  0.375 ms  0/4086 (0%)  
[  5]  98.00-99.00  sec   358 KBytes  2.93 Mbits/sec  0.340 ms  0/3667 (0%)  
[  5]  99.00-100.00 sec   365 KBytes  2.99 Mbits/sec  0.359 ms  0/3741 (0%)  
[  5] 100.00-101.00 sec   357 KBytes  2.92 Mbits/sec  0.343 ms  0/3652 (0%)  
[  5] 101.00-102.00 sec   351 KBytes  2.87 Mbits/sec  0.361 ms  0/3590 (0%)  
[  5] 102.00-103.00 sec   379 KBytes  3.11 Mbits/sec  0.368 ms  0/3886 (0%)  
[  5] 103.00-104.00 sec   421 KBytes  3.45 Mbits/sec  0.351 ms  0/4314 (0%)  
[  5] 104.00-105.00 sec   422 KBytes  3.46 Mbits/sec  0.398 ms  0/4322 (0%)  
[  5] 105.00-106.00 sec   432 KBytes  3.54 Mbits/sec  0.333 ms  0/4423 (0%)  
[  5] 106.00-107.00 sec   424 KBytes  3.47 Mbits/sec  0.398 ms  0/4339 (0%)  
[  5] 107.00-108.00 sec   421 KBytes  3.45 Mbits/sec  0.302 ms  0/4314 (0%)  
[  5] 108.00-109.00 sec   411 KBytes  3.37 Mbits/sec  0.406 ms  0/4210 (0%)  
[  5] 109.00-110.00 sec   410 KBytes  3.36 Mbits/sec  0.344 ms  0/4198 (0%)  
[  5] 110.00-111.00 sec   412 KBytes  3.37 Mbits/sec  0.326 ms  0/4215 (0%)  
[  5] 111.00-112.00 sec   421 KBytes  3.45 Mbits/sec  0.335 ms  0/4312 (0%)  
[  5] 112.00-113.00 sec   394 KBytes  3.23 Mbits/sec  0.411 ms  0/4033 (0%)  
[  5] 113.00-114.00 sec   360 KBytes  2.95 Mbits/sec  0.369 ms  0/3684 (0%)  
[  5] 114.00-115.00 sec   362 KBytes  2.97 Mbits/sec  0.363 ms  0/3708 (0%)  
[  5] 115.00-116.00 sec   355 KBytes  2.91 Mbits/sec  0.336 ms  0/3636 (0%)  
[  5] 116.00-117.00 sec   353 KBytes  2.89 Mbits/sec  0.322 ms  0/3612 (0%)  
[  5] 117.00-118.00 sec   341 KBytes  2.79 Mbits/sec  0.383 ms  0/3493 (0%)  
[  5] 118.00-119.00 sec   346 KBytes  2.84 Mbits/sec  0.371 ms  0/3544 (0%)  
[  5] 119.00-120.00 sec   351 KBytes  2.87 Mbits/sec  0.282 ms  0/3593 (0%)  
[  5] 120.00-121.00 sec   350 KBytes  2.86 Mbits/sec  0.401 ms  0/3581 (0%)  
[  5] 121.00-122.00 sec   349 KBytes  2.86 Mbits/sec  0.368 ms  0/3569 (0%)  
[  5] 122.00-123.00 sec   343 KBytes  2.81 Mbits/sec  0.452 ms  0/3513 (0%)  
[  5] 123.00-124.00 sec   353 KBytes  2.89 Mbits/sec  0.302 ms  0/3612 (0%)  
[  5] 124.00-125.00 sec   351 KBytes  2.87 Mbits/sec  0.385 ms  0/3592 (0%)  
[  5] 125.00-126.00 sec   337 KBytes  2.76 Mbits/sec  0.495 ms  0/3453 (0%)  
[  5] 126.00-127.00 sec   339 KBytes  2.78 Mbits/sec  0.396 ms  0/3475 (0%)  
[  5] 127.00-128.00 sec   337 KBytes  2.76 Mbits/sec  0.418 ms  0/3447 (0%)  
[  5] 128.00-129.00 sec   348 KBytes  2.85 Mbits/sec  0.356 ms  0/3566 (0%)  
[  5] 129.00-130.00 sec   347 KBytes  2.84 Mbits/sec  0.373 ms  0/3549 (0%)  
[  5] 130.00-131.00 sec   345 KBytes  2.83 Mbits/sec  0.378 ms  0/3534 (0%)  
[  5] 131.00-132.00 sec   346 KBytes  2.83 Mbits/sec  0.332 ms  0/3543 (0%)  
[  5] 132.00-133.00 sec   355 KBytes  2.91 Mbits/sec  0.370 ms  0/3637 (0%)  
[  5] 133.00-134.00 sec   360 KBytes  2.95 Mbits/sec  0.433 ms  0/3691 (0%)  
[  5] 134.00-135.00 sec   359 KBytes  2.95 Mbits/sec  0.393 ms  0/3677 (0%)  
[  5] 135.00-136.00 sec   361 KBytes  2.96 Mbits/sec  0.385 ms  0/3694 (0%)  
[  5] 136.00-137.00 sec   363 KBytes  2.97 Mbits/sec  0.486 ms  0/3718 (0%)  
[  5] 137.00-138.00 sec   365 KBytes  2.99 Mbits/sec  0.381 ms  0/3740 (0%)  
[  5] 138.00-139.00 sec   362 KBytes  2.97 Mbits/sec  0.355 ms  0/3708 (0%)  
[  5] 139.00-140.00 sec   366 KBytes  3.00 Mbits/sec  0.345 ms  0/3744 (0%)  
[  5] 140.00-141.00 sec   368 KBytes  3.01 Mbits/sec  0.310 ms  0/3764 (0%)  
[  5] 141.00-142.00 sec   358 KBytes  2.94 Mbits/sec  0.339 ms  0/3671 (0%)  
[  5] 142.00-143.00 sec   354 KBytes  2.90 Mbits/sec  0.390 ms  0/3622 (0%)  
[  5] 143.00-144.00 sec   350 KBytes  2.86 Mbits/sec  0.332 ms  0/3579 (0%)  
[  5] 144.00-145.00 sec   356 KBytes  2.92 Mbits/sec  0.365 ms  0/3648 (0%)  
[  5] 145.00-146.00 sec   350 KBytes  2.87 Mbits/sec  0.307 ms  0/3581 (0%)  
[  5] 146.00-147.00 sec   348 KBytes  2.85 Mbits/sec  0.351 ms  0/3561 (0%)  
[  5] 147.00-148.00 sec   381 KBytes  3.12 Mbits/sec  0.352 ms  0/3901 (0%)  
[  5] 148.00-149.00 sec   416 KBytes  3.41 Mbits/sec  0.309 ms  0/4257 (0%)  
[  5] 149.00-150.00 sec   415 KBytes  3.40 Mbits/sec  0.362 ms  0/4248 (0%)  
[  5] 150.00-151.00 sec   408 KBytes  3.34 Mbits/sec  0.349 ms  0/4177 (0%)  
[  5] 151.00-152.00 sec   416 KBytes  3.40 Mbits/sec  0.404 ms  0/4259 (0%)  
[  5] 152.00-153.00 sec   421 KBytes  3.45 Mbits/sec  0.294 ms  0/4307 (0%)  
[  5] 153.00-154.00 sec   423 KBytes  3.46 Mbits/sec  0.335 ms  0/4329 (0%)  
[  5] 154.00-155.00 sec   423 KBytes  3.47 Mbits/sec  0.376 ms  0/4335 (0%)  
[  5] 155.00-156.00 sec   425 KBytes  3.48 Mbits/sec  0.314 ms  0/4351 (0%)  
[  5] 156.00-157.00 sec   426 KBytes  3.49 Mbits/sec  0.343 ms  0/4366 (0%)  
[  5] 157.00-158.00 sec   393 KBytes  3.21 Mbits/sec  0.351 ms  0/4020 (0%)  
[  5] 158.00-159.00 sec   356 KBytes  2.92 Mbits/sec  0.373 ms  0/3643 (0%)  
[  5] 159.00-160.00 sec   361 KBytes  2.95 Mbits/sec  0.424 ms  0/3694 (0%)  
[  5] 160.00-161.00 sec   355 KBytes  2.91 Mbits/sec  0.441 ms  0/3631 (0%)  
[  5] 161.00-162.00 sec   356 KBytes  2.92 Mbits/sec  0.457 ms  0/3645 (0%)  
[  5] 162.00-163.00 sec   388 KBytes  3.18 Mbits/sec  0.273 ms  0/3971 (0%)  
[  5] 163.00-164.00 sec   424 KBytes  3.47 Mbits/sec  0.390 ms  0/4339 (0%)  
[  5] 164.00-165.00 sec   425 KBytes  3.49 Mbits/sec  0.402 ms  0/4357 (0%)  
[  5] 165.00-166.00 sec   418 KBytes  3.42 Mbits/sec  0.364 ms  0/4276 (0%)  
[  5] 166.00-167.00 sec   420 KBytes  3.44 Mbits/sec  0.299 ms  0/4300 (0%)  
[  5] 167.00-168.00 sec   419 KBytes  3.43 Mbits/sec  0.223 ms  0/4287 (0%)  
[  5] 168.00-169.00 sec   425 KBytes  3.48 Mbits/sec  0.369 ms  0/4351 (0%)  
[  5] 169.00-170.00 sec   425 KBytes  3.47 Mbits/sec  0.260 ms  0/4349 (0%)  
[  5] 170.00-171.00 sec   429 KBytes  3.52 Mbits/sec  0.403 ms  0/4397 (0%)  
[  5] 171.00-172.00 sec   431 KBytes  3.53 Mbits/sec  0.306 ms  0/4410 (0%)  
[  5] 172.00-173.00 sec   398 KBytes  3.26 Mbits/sec  0.331 ms  0/4080 (0%)  
[  5] 173.00-174.00 sec   361 KBytes  2.96 Mbits/sec  0.346 ms  0/3698 (0%)  
[  5] 174.00-175.00 sec   346 KBytes  2.83 Mbits/sec  0.327 ms  0/3544 (0%)  
[  5] 175.00-176.00 sec   347 KBytes  2.84 Mbits/sec  0.395 ms  0/3549 (0%)  
[  5] 176.00-177.00 sec   348 KBytes  2.85 Mbits/sec  0.417 ms  0/3565 (0%)  
[  5] 177.00-178.00 sec   383 KBytes  3.14 Mbits/sec  0.324 ms  0/3924 (0%)  
[  5] 178.00-179.00 sec   425 KBytes  3.48 Mbits/sec  0.179 ms  0/4347 (0%)  
[  5] 179.00-180.00 sec   425 KBytes  3.48 Mbits/sec  0.361 ms  0/4351 (0%)  
[  5] 180.00-181.00 sec   423 KBytes  3.47 Mbits/sec  0.287 ms  0/4334 (0%)  
[  5] 181.00-182.00 sec   416 KBytes  3.41 Mbits/sec  0.340 ms  0/4258 (0%)  
[  5] 182.00-183.00 sec   431 KBytes  3.53 Mbits/sec  0.370 ms  0/4417 (0%)  
[  5] 183.00-184.00 sec   462 KBytes  3.79 Mbits/sec  0.284 ms  0/4731 (0%)  
[  5] 184.00-185.00 sec   466 KBytes  3.81 Mbits/sec  0.359 ms  0/4772 (0%)  
[  5] 185.00-186.00 sec   480 KBytes  3.94 Mbits/sec  0.292 ms  0/4916 (0%)  
[  5] 186.00-187.00 sec   478 KBytes  3.91 Mbits/sec  0.306 ms  0/4894 (0%)  
[  5] 187.00-188.00 sec   454 KBytes  3.72 Mbits/sec  0.306 ms  0/4648 (0%)  
[  5] 188.00-189.00 sec   431 KBytes  3.52 Mbits/sec  0.302 ms  0/4411 (0%)  
[  5] 189.00-190.00 sec   421 KBytes  3.45 Mbits/sec  0.330 ms  0/4307 (0%)  
[  5] 190.00-191.00 sec   414 KBytes  3.39 Mbits/sec  0.377 ms  0/4242 (0%)  
[  5] 191.00-192.00 sec   411 KBytes  3.37 Mbits/sec  0.408 ms  0/4210 (0%)  
[  5] 192.00-193.00 sec   416 KBytes  3.41 Mbits/sec  0.329 ms  0/4260 (0%)  
[  5] 193.00-194.00 sec   419 KBytes  3.43 Mbits/sec  0.365 ms  0/4286 (0%)  
[  5] 194.00-195.00 sec   422 KBytes  3.46 Mbits/sec  0.397 ms  0/4322 (0%)  
[  5] 195.00-196.00 sec   429 KBytes  3.52 Mbits/sec  0.311 ms  0/4394 (0%)  
[  5] 196.00-197.00 sec   428 KBytes  3.51 Mbits/sec  0.251 ms  0/4384 (0%)  
[  5] 197.00-198.00 sec   394 KBytes  3.23 Mbits/sec  0.365 ms  0/4033 (0%)  
[  5] 198.00-199.00 sec   360 KBytes  2.95 Mbits/sec  0.320 ms  0/3686 (0%)  
[  5] 199.00-200.00 sec   358 KBytes  2.93 Mbits/sec  0.351 ms  0/3666 (0%)  
[  5] 200.00-201.00 sec   358 KBytes  2.93 Mbits/sec  0.358 ms  0/3667 (0%)  
[  5] 201.00-202.00 sec   367 KBytes  3.00 Mbits/sec  0.344 ms  0/3754 (0%)  
[  5] 202.00-203.00 sec   396 KBytes  3.24 Mbits/sec  0.327 ms  0/4052 (0%)  
[  5] 203.00-204.00 sec   423 KBytes  3.47 Mbits/sec  0.344 ms  0/4334 (0%)  
[  5] 204.00-205.00 sec   424 KBytes  3.47 Mbits/sec  0.295 ms  0/4341 (0%)  
[  5] 205.00-206.00 sec   422 KBytes  3.45 Mbits/sec  0.476 ms  0/4318 (0%)  
[  5] 206.00-207.00 sec   415 KBytes  3.40 Mbits/sec  0.392 ms  0/4251 (0%)  
[  5] 207.00-208.00 sec   431 KBytes  3.53 Mbits/sec  0.316 ms  0/4410 (0%)  
[  5] 208.00-209.00 sec   467 KBytes  3.83 Mbits/sec  0.326 ms  0/4783 (0%)  
[  5] 209.00-210.00 sec   475 KBytes  3.89 Mbits/sec  0.266 ms  0/4859 (0%)  
[  5] 210.00-211.00 sec   476 KBytes  3.90 Mbits/sec  0.267 ms  0/4874 (0%)  
[  5] 211.00-212.00 sec   470 KBytes  3.85 Mbits/sec  0.295 ms  0/4808 (0%)  
[  5] 212.00-213.00 sec   406 KBytes  3.32 Mbits/sec  0.434 ms  0/4155 (0%)  
[  5] 213.00-214.00 sec   347 KBytes  2.84 Mbits/sec  0.355 ms  0/3553 (0%)  
[  5] 214.00-215.00 sec   349 KBytes  2.86 Mbits/sec  0.344 ms  0/3575 (0%)  
[  5] 215.00-216.00 sec   340 KBytes  2.79 Mbits/sec  0.366 ms  0/3484 (0%)  
[  5] 216.00-217.00 sec   336 KBytes  2.75 Mbits/sec  0.345 ms  0/3442 (0%)  
[  5] 217.00-218.00 sec   392 KBytes  3.21 Mbits/sec  0.294 ms  0/4009 (0%)  
[  5] 218.00-219.00 sec   453 KBytes  3.71 Mbits/sec  0.376 ms  0/4643 (0%)  
[  5] 219.00-220.00 sec   453 KBytes  3.71 Mbits/sec  0.285 ms  0/4638 (0%)  
[  5] 220.00-221.00 sec   448 KBytes  3.67 Mbits/sec  0.326 ms  0/4584 (0%)  
[  5] 221.00-222.00 sec   444 KBytes  3.64 Mbits/sec  0.314 ms  0/4545 (0%)  
[  5] 222.00-223.00 sec   405 KBytes  3.32 Mbits/sec  0.412 ms  0/4148 (0%)  
[  5] 223.00-224.00 sec   342 KBytes  2.80 Mbits/sec  0.316 ms  0/3498 (0%)  
[  5] 224.00-225.00 sec   345 KBytes  2.83 Mbits/sec  0.380 ms  0/3533 (0%)  
[  5] 225.00-226.00 sec   353 KBytes  2.89 Mbits/sec  0.390 ms  0/3613 (0%)  
[  5] 226.00-227.00 sec   354 KBytes  2.90 Mbits/sec  0.389 ms  0/3622 (0%)  
[  5] 227.00-228.00 sec   351 KBytes  2.87 Mbits/sec  0.234 ms  0/3592 (0%)  
[  5] 228.00-229.00 sec   358 KBytes  2.93 Mbits/sec  0.479 ms  0/3663 (0%)  
[  5] 229.00-230.00 sec   353 KBytes  2.89 Mbits/sec  0.376 ms  0/3612 (0%)  
[  5] 230.00-231.00 sec   355 KBytes  2.91 Mbits/sec  0.348 ms  0/3635 (0%)  
[  5] 231.00-232.00 sec   340 KBytes  2.79 Mbits/sec  0.517 ms  0/3483 (0%)  
[  5] 232.00-233.00 sec   351 KBytes  2.88 Mbits/sec  0.345 ms  0/3595 (0%)  
[  5] 233.00-234.00 sec   360 KBytes  2.95 Mbits/sec  0.337 ms  0/3690 (0%)  
[  5] 234.00-235.00 sec   364 KBytes  2.99 Mbits/sec  0.308 ms  0/3731 (0%)  
[  5] 235.00-236.00 sec   293 KBytes  2.40 Mbits/sec  0.220 ms  296/3300 (9%)  
[  5] 236.00-237.00 sec   340 KBytes  2.78 Mbits/sec  0.262 ms  1343/4823 (28%)  
[  5] 237.00-238.00 sec   439 KBytes  3.60 Mbits/sec  0.426 ms  564/5064 (11%)  
[  5] 238.00-239.00 sec   420 KBytes  3.44 Mbits/sec  0.360 ms  0/4302 (0%)  
[  5] 239.00-240.00 sec   420 KBytes  3.44 Mbits/sec  0.315 ms  0/4302 (0%)  
[  5] 240.00-241.00 sec   412 KBytes  3.37 Mbits/sec  0.414 ms  0/4217 (0%)  
[  5] 241.00-242.00 sec   418 KBytes  3.42 Mbits/sec  0.311 ms  0/4285 (0%)  
[  5] 242.00-243.00 sec   418 KBytes  3.43 Mbits/sec  0.334 ms  0/4279 (0%)  
[  5] 243.00-244.00 sec   347 KBytes  2.84 Mbits/sec  0.224 ms  849/4404 (19%)  
[  5] 244.00-245.00 sec   396 KBytes  3.24 Mbits/sec  0.221 ms  1633/5684 (29%)  
[  5] 245.00-246.00 sec   325 KBytes  2.66 Mbits/sec  0.213 ms  1510/4841 (31%)  
[  5] 246.00-247.00 sec   434 KBytes  3.56 Mbits/sec  0.214 ms  1069/5518 (19%)  
[  5] 247.00-248.00 sec   412 KBytes  3.37 Mbits/sec  0.231 ms  1330/5545 (24%)  
[  5] 248.00-249.00 sec   354 KBytes  2.90 Mbits/sec  0.249 ms  1175/4799 (24%)  
[  5] 249.00-250.00 sec   401 KBytes  3.28 Mbits/sec  0.223 ms  1430/5535 (26%)  
[  5] 250.00-251.00 sec   427 KBytes  3.50 Mbits/sec  0.216 ms  1346/5720 (24%)  
[  5] 251.00-252.00 sec   338 KBytes  2.76 Mbits/sec  0.220 ms  1413/4869 (29%)  
[  5] 252.00-253.00 sec   373 KBytes  3.05 Mbits/sec  0.219 ms  1301/5119 (25%)  
[  5] 253.00-254.00 sec   321 KBytes  2.63 Mbits/sec  0.201 ms  765/4054 (19%)  
[  5] 254.00-255.00 sec   325 KBytes  2.67 Mbits/sec  0.224 ms  951/4284 (22%)  
[  5] 255.00-256.00 sec   322 KBytes  2.64 Mbits/sec  0.365 ms  1561/4858 (32%)  
[  5] 256.00-257.00 sec   408 KBytes  3.35 Mbits/sec  0.208 ms  341/4523 (7.5%)  
[  5] 257.00-258.00 sec   337 KBytes  2.76 Mbits/sec  0.220 ms  210/3661 (5.7%)  
[  5] 258.00-259.00 sec   337 KBytes  2.76 Mbits/sec  0.299 ms  369/3824 (9.6%)  
[  5] 259.00-260.00 sec   444 KBytes  3.64 Mbits/sec  0.217 ms  420/4971 (8.4%)  
[  5] 260.00-261.00 sec   385 KBytes  3.15 Mbits/sec  0.229 ms  566/4512 (13%)  
[  5] 261.00-262.00 sec   452 KBytes  3.71 Mbits/sec  0.220 ms  220/4849 (4.5%)  
[  5] 262.00-263.00 sec   354 KBytes  2.90 Mbits/sec  0.213 ms  448/4075 (11%)  
[  5] 263.00-264.00 sec   473 KBytes  3.87 Mbits/sec  0.218 ms  316/5157 (6.1%)  
[  5] 264.00-265.00 sec   471 KBytes  3.85 Mbits/sec  0.210 ms  476/5294 (9%)  
[  5] 265.00-266.00 sec   414 KBytes  3.39 Mbits/sec  0.219 ms  256/4498 (5.7%)  
[  5] 266.00-267.00 sec   479 KBytes  3.93 Mbits/sec  0.192 ms  498/5408 (9.2%)  
[  5] 267.00-268.00 sec   455 KBytes  3.73 Mbits/sec  0.234 ms  332/4989 (6.7%)  
[  5] 268.00-269.00 sec   393 KBytes  3.22 Mbits/sec  0.217 ms  332/4353 (7.6%)  
[  5] 269.00-270.00 sec   395 KBytes  3.24 Mbits/sec  0.191 ms  618/4663 (13%)  
[  5] 270.00-271.00 sec   399 KBytes  3.27 Mbits/sec  0.215 ms  860/4947 (17%)  
[  5] 271.00-272.00 sec   416 KBytes  3.41 Mbits/sec  0.246 ms  1323/5587 (24%)  
[  5] 272.00-273.00 sec   344 KBytes  2.82 Mbits/sec  0.203 ms  1323/4846 (27%)  
[  5] 273.00-274.00 sec   400 KBytes  3.27 Mbits/sec  0.226 ms  1428/5520 (26%)  
[  5] 274.00-275.00 sec   376 KBytes  3.08 Mbits/sec  0.203 ms  974/4828 (20%)  
[  5] 275.00-276.00 sec   422 KBytes  3.46 Mbits/sec  0.221 ms  588/4909 (12%)  
[  5] 276.00-277.00 sec   400 KBytes  3.27 Mbits/sec  0.406 ms  384/4476 (8.6%)  
[  5] 277.00-278.00 sec   355 KBytes  2.91 Mbits/sec  0.210 ms  744/4382 (17%)  
[  5] 278.00-279.00 sec   351 KBytes  2.88 Mbits/sec  0.268 ms  222/3817 (5.8%)  
[  5] 279.00-280.00 sec   328 KBytes  2.69 Mbits/sec  0.217 ms  248/3611 (6.9%)  
[  5] 280.00-281.00 sec   391 KBytes  3.20 Mbits/sec  0.316 ms  94/4119 (2.3%)  
[  5] 281.00-282.00 sec   340 KBytes  2.79 Mbits/sec  0.361 ms  0/3485 (0%)  
[  5] 282.00-283.00 sec   376 KBytes  3.08 Mbits/sec  0.408 ms  0/3846 (0%)  
[  5] 283.00-284.00 sec   415 KBytes  3.40 Mbits/sec  0.374 ms  0/4248 (0%)  
[  5] 284.00-285.00 sec   424 KBytes  3.47 Mbits/sec  0.269 ms  0/4339 (0%)  
[  5] 285.00-286.00 sec   421 KBytes  3.45 Mbits/sec  0.331 ms  0/4307 (0%)  
[  5] 286.00-287.00 sec   421 KBytes  3.45 Mbits/sec  0.326 ms  0/4307 (0%)  
[  5] 287.00-288.00 sec   418 KBytes  3.42 Mbits/sec  0.353 ms  0/4281 (0%)  
[  5] 288.00-289.00 sec   411 KBytes  3.37 Mbits/sec  0.346 ms  0/4208 (0%)  
[  5] 289.00-290.00 sec   416 KBytes  3.41 Mbits/sec  0.329 ms  0/4260 (0%)  
[  5] 290.00-291.00 sec   424 KBytes  3.47 Mbits/sec  0.337 ms  0/4339 (0%)  
[  5] 291.00-292.00 sec   425 KBytes  3.49 Mbits/sec  0.314 ms  0/4356 (0%)  
[  5] 292.00-293.00 sec   349 KBytes  2.86 Mbits/sec  0.218 ms  211/3784 (5.6%)  
[  5] 293.00-294.00 sec   366 KBytes  3.00 Mbits/sec  0.314 ms  141/3893 (3.6%)  
[  5] 294.00-295.00 sec   323 KBytes  2.64 Mbits/sec  0.210 ms  151/3456 (4.4%)  
[  5] 295.00-296.00 sec   367 KBytes  3.01 Mbits/sec  0.218 ms  327/4088 (8%)  
[  5] 296.00-297.00 sec   322 KBytes  2.64 Mbits/sec  0.228 ms  157/3459 (4.5%)  
[  5] 297.00-298.00 sec   310 KBytes  2.54 Mbits/sec  0.215 ms  1220/4391 (28%)  
[  5] 298.00-299.00 sec   351 KBytes  2.88 Mbits/sec  0.232 ms  1030/4629 (22%)  
[  5] 299.00-300.00 sec   345 KBytes  2.83 Mbits/sec  0.211 ms  1227/4760 (26%)  
[  5] 300.00-301.00 sec   371 KBytes  3.04 Mbits/sec  0.208 ms  1158/4962 (23%)  
[  5] 301.00-302.00 sec   337 KBytes  2.76 Mbits/sec  0.216 ms  1118/4567 (24%)  
[  5] 302.00-303.00 sec   312 KBytes  2.56 Mbits/sec  0.219 ms  329/3528 (9.3%)  
[  5] 303.00-304.00 sec   377 KBytes  3.09 Mbits/sec  0.211 ms  216/4077 (5.3%)  
[  5] 304.00-305.00 sec   292 KBytes  2.39 Mbits/sec  0.218 ms  329/3314 (9.9%)  
[  5] 305.00-306.00 sec   337 KBytes  2.76 Mbits/sec  0.212 ms  467/3913 (12%)  
[  5] 306.00-307.00 sec   291 KBytes  2.38 Mbits/sec  0.208 ms  372/3348 (11%)  
[  5] 307.00-308.00 sec   373 KBytes  3.05 Mbits/sec  0.226 ms  222/4039 (5.5%)  
[  5] 308.00-309.00 sec   310 KBytes  2.54 Mbits/sec  0.270 ms  189/3359 (5.6%)  
[  5] 309.00-310.00 sec   362 KBytes  2.97 Mbits/sec  0.214 ms  303/4015 (7.5%)  
[  5] 310.00-311.00 sec   327 KBytes  2.68 Mbits/sec  1.179 ms  393/3738 (11%)  
[  5] 311.00-312.00 sec   351 KBytes  2.88 Mbits/sec  0.325 ms  517/4114 (13%)  
[  5] 312.00-313.00 sec   325 KBytes  2.66 Mbits/sec  0.355 ms  203/3526 (5.8%)  
[  5] 313.00-314.00 sec   280 KBytes  2.30 Mbits/sec  0.209 ms  63/2934 (2.1%)  
[  5] 314.00-315.00 sec   299 KBytes  2.45 Mbits/sec  0.227 ms  652/3717 (18%)  
[  5] 315.00-316.00 sec   303 KBytes  2.49 Mbits/sec  0.218 ms  920/4019 (23%)  
[  5] 316.00-317.00 sec   228 KBytes  1.87 Mbits/sec  0.321 ms  1108/3443 (32%)  
[  5] 317.00-318.00 sec   371 KBytes  3.04 Mbits/sec  0.211 ms  899/4699 (19%)  
[  5] 318.00-319.00 sec   294 KBytes  2.41 Mbits/sec  0.189 ms  1035/4045 (26%)  
[  5] 319.00-320.00 sec   326 KBytes  2.67 Mbits/sec  0.218 ms  828/4165 (20%)  
[  5] 320.00-321.00 sec   289 KBytes  2.37 Mbits/sec  0.212 ms  1051/4010 (26%)  
[  5] 321.00-322.00 sec   325 KBytes  2.67 Mbits/sec  0.214 ms  878/4210 (21%)  
[  5] 322.00-323.00 sec   351 KBytes  2.88 Mbits/sec  0.221 ms  976/4570 (21%)  
[  5] 323.00-324.00 sec   317 KBytes  2.59 Mbits/sec  0.213 ms  660/3902 (17%)  
[  5] 324.00-325.00 sec   326 KBytes  2.67 Mbits/sec  0.215 ms  710/4047 (18%)  
[  5] 325.00-326.00 sec   362 KBytes  2.97 Mbits/sec  0.221 ms  836/4545 (18%)  
[  5] 326.00-327.00 sec   312 KBytes  2.55 Mbits/sec  0.219 ms  1026/4217 (24%)  
[  5] 327.00-328.00 sec   317 KBytes  2.59 Mbits/sec  0.250 ms  1018/4259 (24%)  
[  5] 328.00-329.00 sec   280 KBytes  2.29 Mbits/sec  0.219 ms  1329/4194 (32%)  
[  5] 329.00-330.00 sec   281 KBytes  2.30 Mbits/sec  0.219 ms  842/3717 (23%)  
[  5] 330.00-331.00 sec   315 KBytes  2.58 Mbits/sec  0.233 ms  1196/4419 (27%)  
[  5] 331.00-332.00 sec   326 KBytes  2.67 Mbits/sec  0.219 ms  1190/4528 (26%)  
[  5] 332.00-333.00 sec   308 KBytes  2.52 Mbits/sec  0.216 ms  1013/4169 (24%)  
[  5] 333.00-334.00 sec   326 KBytes  2.67 Mbits/sec  0.218 ms  994/4332 (23%)  
[  5] 334.00-335.00 sec   362 KBytes  2.97 Mbits/sec  0.199 ms  1206/4912 (25%)  
[  5] 335.00-336.00 sec   349 KBytes  2.86 Mbits/sec  0.258 ms  1513/5091 (30%)  
[  5] 336.00-337.00 sec   314 KBytes  2.57 Mbits/sec  0.343 ms  1231/4449 (28%)  
[  5] 337.00-338.00 sec   311 KBytes  2.54 Mbits/sec  0.214 ms  1312/4494 (29%)  
[  5] 338.00-339.00 sec   291 KBytes  2.38 Mbits/sec  0.210 ms  1636/4617 (35%)  
[  5] 339.00-340.00 sec   348 KBytes  2.85 Mbits/sec  0.303 ms  1622/5189 (31%)  
[  5] 340.00-341.00 sec   310 KBytes  2.54 Mbits/sec  0.304 ms  1243/4414 (28%)  
[  5] 341.00-342.00 sec   326 KBytes  2.67 Mbits/sec  0.212 ms  1200/4537 (26%)  
[  5] 342.00-343.00 sec   338 KBytes  2.77 Mbits/sec  0.219 ms  1532/4994 (31%)  
[  5] 343.00-344.00 sec   260 KBytes  2.13 Mbits/sec  0.216 ms  1034/3694 (28%)  
[  5] 344.00-345.00 sec   320 KBytes  2.62 Mbits/sec  0.212 ms  1019/4291 (24%)  
[  5] 345.00-346.00 sec   310 KBytes  2.54 Mbits/sec  0.217 ms  1073/4252 (25%)  
[  5] 346.00-347.00 sec   271 KBytes  2.22 Mbits/sec  0.210 ms  866/3645 (24%)  
[  5] 347.00-348.00 sec   326 KBytes  2.67 Mbits/sec  0.217 ms  971/4305 (23%)  
[  5] 348.00-349.00 sec   303 KBytes  2.49 Mbits/sec  0.219 ms  1218/4324 (28%)  
[  5] 349.00-350.00 sec   321 KBytes  2.63 Mbits/sec  0.219 ms  1272/4554 (28%)  
[  5] 350.00-351.00 sec   243 KBytes  1.99 Mbits/sec  0.223 ms  1227/3716 (33%)  
[  5] 351.00-352.00 sec   270 KBytes  2.21 Mbits/sec  0.177 ms  1766/4526 (39%)  
[  5] 352.00-353.00 sec   351 KBytes  2.88 Mbits/sec  0.229 ms  1736/5333 (33%)  
[  5] 353.00-354.00 sec   251 KBytes  2.05 Mbits/sec  0.329 ms  1329/3896 (34%)  
[  5] 354.00-355.00 sec   332 KBytes  2.72 Mbits/sec  0.220 ms  1192/4594 (26%)  
[  5] 355.00-356.00 sec   300 KBytes  2.45 Mbits/sec  0.216 ms  954/4021 (24%)  
[  5] 356.00-357.00 sec   340 KBytes  2.78 Mbits/sec  0.194 ms  1406/4886 (29%)  
[  5] 357.00-358.00 sec   317 KBytes  2.60 Mbits/sec  0.210 ms  823/4069 (20%)  
[  5] 358.00-359.00 sec   313 KBytes  2.56 Mbits/sec  0.215 ms  1084/4285 (25%)  
[  5] 359.00-360.00 sec   310 KBytes  2.54 Mbits/sec  0.283 ms  983/4159 (24%)  
[  5] 360.00-361.00 sec   275 KBytes  2.25 Mbits/sec  0.264 ms  1481/4300 (34%)  
[  5] 361.00-362.00 sec   306 KBytes  2.51 Mbits/sec  0.211 ms  1300/4436 (29%)  
[  5] 362.00-363.00 sec   317 KBytes  2.60 Mbits/sec  0.220 ms  1047/4293 (24%)  
[  5] 363.00-364.00 sec   265 KBytes  2.17 Mbits/sec  0.210 ms  1080/3789 (29%)  
[  5] 364.00-365.00 sec   341 KBytes  2.79 Mbits/sec  0.214 ms  1336/4830 (28%)  
[  5] 365.00-366.00 sec   316 KBytes  2.58 Mbits/sec  0.275 ms  1005/4236 (24%)  
[  5] 366.00-367.00 sec   303 KBytes  2.48 Mbits/sec  0.216 ms  1502/4604 (33%)  
[  5] 367.00-368.00 sec   314 KBytes  2.58 Mbits/sec  0.205 ms  1428/4647 (31%)  
[  5] 368.00-369.00 sec   287 KBytes  2.35 Mbits/sec  0.282 ms  1601/4535 (35%)  
[  5] 369.00-370.00 sec   279 KBytes  2.29 Mbits/sec  0.214 ms  2040/4899 (42%)  
[  5] 370.00-371.00 sec   305 KBytes  2.50 Mbits/sec  0.219 ms  1698/4819 (35%)  
[  5] 371.00-372.00 sec   314 KBytes  2.57 Mbits/sec  0.234 ms  1296/4510 (29%)  
[  5] 372.00-373.00 sec   317 KBytes  2.60 Mbits/sec  0.243 ms  1412/4653 (30%)  
[  5] 373.00-374.00 sec   350 KBytes  2.87 Mbits/sec  0.253 ms  1652/5234 (32%)  
[  5] 374.00-375.00 sec   281 KBytes  2.30 Mbits/sec  0.221 ms  1220/4095 (30%)  
[  5] 375.00-376.00 sec   294 KBytes  2.41 Mbits/sec  0.214 ms  1291/4302 (30%)  
[  5] 376.00-377.00 sec   314 KBytes  2.57 Mbits/sec  0.210 ms  1308/4521 (29%)  
[  5] 377.00-378.00 sec   334 KBytes  2.73 Mbits/sec  0.183 ms  1700/5118 (33%)  
[  5] 378.00-379.00 sec   282 KBytes  2.31 Mbits/sec  0.283 ms  1293/4182 (31%)  
[  5] 379.00-380.00 sec   306 KBytes  2.51 Mbits/sec  0.226 ms  1146/4284 (27%)  
[  5] 380.00-381.00 sec   310 KBytes  2.54 Mbits/sec  0.220 ms  1411/4583 (31%)  
[  5] 381.00-382.00 sec   317 KBytes  2.59 Mbits/sec  0.214 ms  1607/4849 (33%)  
[  5] 382.00-383.00 sec   310 KBytes  2.54 Mbits/sec  0.246 ms  1314/4489 (29%)  
[  5] 383.00-384.00 sec   317 KBytes  2.60 Mbits/sec  0.213 ms  1163/4409 (26%)  
[  5] 384.00-385.00 sec   324 KBytes  2.65 Mbits/sec  0.215 ms  1254/4567 (27%)  
[  5] 385.00-386.00 sec   306 KBytes  2.51 Mbits/sec  0.226 ms  1445/4580 (32%)  
[  5] 386.00-387.00 sec   317 KBytes  2.59 Mbits/sec  0.220 ms  1393/4635 (30%)  
[  5] 387.00-388.00 sec   279 KBytes  2.28 Mbits/sec  0.283 ms  1186/4041 (29%)  
[  5] 388.00-389.00 sec   315 KBytes  2.58 Mbits/sec  0.241 ms  1479/4704 (31%)  
[  5] 389.00-390.00 sec   295 KBytes  2.42 Mbits/sec  0.236 ms  1360/4381 (31%)  
[  5] 390.00-391.00 sec   315 KBytes  2.58 Mbits/sec  0.221 ms  1162/4384 (27%)  
[  5] 391.00-392.00 sec   326 KBytes  2.67 Mbits/sec  0.212 ms  1157/4494 (26%)  
[  5] 392.00-393.00 sec   302 KBytes  2.47 Mbits/sec  0.208 ms  1261/4349 (29%)  
[  5] 393.00-394.00 sec   296 KBytes  2.42 Mbits/sec  0.223 ms  1384/4410 (31%)  
[  5] 394.00-395.00 sec   321 KBytes  2.63 Mbits/sec  0.222 ms  1330/4618 (29%)  
[  5] 395.00-396.00 sec   252 KBytes  2.06 Mbits/sec  0.208 ms  1195/3774 (32%)  
[  5] 396.00-397.00 sec   334 KBytes  2.74 Mbits/sec  0.218 ms  1192/4617 (26%)  
[  5] 397.00-398.00 sec   273 KBytes  2.23 Mbits/sec  0.293 ms  1495/4287 (35%)  
[  5] 398.00-399.00 sec   336 KBytes  2.75 Mbits/sec  0.244 ms  1724/5164 (33%)  
[  5] 399.00-400.00 sec   256 KBytes  2.10 Mbits/sec  0.198 ms  1347/3969 (34%)  
[  5] 400.00-401.00 sec   270 KBytes  2.21 Mbits/sec  0.216 ms  1661/4427 (38%)  
[  5] 401.00-402.00 sec   322 KBytes  2.63 Mbits/sec  0.207 ms  1248/4542 (27%)  
[  5] 402.00-403.00 sec   315 KBytes  2.57 Mbits/sec  0.211 ms  1243/4465 (28%)  
