Connecting to host 172.22.0.50, port 5201
Reverse mode, remote host 172.22.0.50 is sending
[  5] local 192.168.100.2 port 55868 connected to 172.22.0.50 port 5201
[ ID] Interval           Transfer     Bitrate         Jitter    Lost/Total Datagrams
[  5]   0.00-1.00   sec  1.43 MBytes  12.0 Mbits/sec  0.861 ms  0/1253 (0%)  
[  5]   1.00-2.00   sec  1.43 MBytes  12.0 Mbits/sec  0.854 ms  0/1249 (0%)  
[  5]   2.00-3.00   sec  1.43 MBytes  12.0 Mbits/sec  0.793 ms  0/1249 (0%)  
[  5]   3.00-4.00   sec  1.43 MBytes  12.0 Mbits/sec  0.884 ms  0/1249 (0%)  
[  5]   4.00-5.00   sec  1.42 MBytes  11.9 Mbits/sec  0.958 ms  0/1243 (0%)  
[  5]   5.00-6.00   sec  1.43 MBytes  12.0 Mbits/sec  0.977 ms  0/1253 (0%)  
[  5]   6.00-7.00   sec  1.44 MBytes  12.0 Mbits/sec  0.924 ms  0/1254 (0%)  
[  5]   7.00-8.00   sec  1.43 MBytes  12.0 Mbits/sec  0.987 ms  0/1252 (0%)  
[  5]   8.00-9.00   sec  1.43 MBytes  12.0 Mbits/sec  0.980 ms  0/1249 (0%)  
[  5]   9.00-10.00  sec  1.43 MBytes  12.0 Mbits/sec  1.065 ms  0/1250 (0%)  
[  5]  10.00-11.00  sec  1.14 MBytes  9.53 Mbits/sec  1.392 ms  0/994 (0%)  
[  5]  11.00-12.00  sec   745 KBytes  6.11 Mbits/sec  1.189 ms  0/636 (0%)  
[  5]  12.00-13.00  sec   745 KBytes  6.11 Mbits/sec  1.071 ms  0/636 (0%)  
[  5]  13.00-14.00  sec   743 KBytes  6.09 Mbits/sec  1.184 ms  0/634 (0%)  
[  5]  14.00-15.00  sec   764 KBytes  6.26 Mbits/sec  1.359 ms  0/652 (0%)  
[  5]  15.00-16.00  sec   763 KBytes  6.25 Mbits/sec  1.141 ms  0/651 (0%)  
[  5]  16.00-17.00  sec   778 KBytes  6.37 Mbits/sec  1.068 ms  0/664 (0%)  
[  5]  17.00-18.00  sec   771 KBytes  6.31 Mbits/sec  1.216 ms  0/658 (0%)  
[  5]  18.00-19.00  sec   772 KBytes  6.33 Mbits/sec  1.169 ms  0/659 (0%)  
[  5]  19.00-20.00  sec   762 KBytes  6.24 Mbits/sec  1.152 ms  0/650 (0%)  
[  5]  20.00-21.00  sec   743 KBytes  6.09 Mbits/sec  0.984 ms  0/634 (0%)  
[  5]  21.00-22.00  sec   750 KBytes  6.14 Mbits/sec  1.086 ms  0/640 (0%)  
[  5]  22.00-23.00  sec   762 KBytes  6.25 Mbits/sec  1.015 ms  0/650 (0%)  
[  5]  23.00-24.00  sec   761 KBytes  6.23 Mbits/sec  0.999 ms  0/649 (0%)  
[  5]  24.00-25.00  sec   768 KBytes  6.29 Mbits/sec  0.979 ms  0/655 (0%)  
[  5]  25.00-26.00  sec   751 KBytes  6.15 Mbits/sec  0.978 ms  0/641 (0%)  
[  5]  26.00-27.00  sec   757 KBytes  6.20 Mbits/sec  1.184 ms  0/646 (0%)  
[  5]  27.00-28.00  sec   758 KBytes  6.21 Mbits/sec  1.134 ms  0/647 (0%)  
[  5]  28.00-29.00  sec   756 KBytes  6.19 Mbits/sec  0.967 ms  0/645 (0%)  
[  5]  29.00-30.00  sec   755 KBytes  6.17 Mbits/sec  1.019 ms  0/644 (0%)  
[  5]  30.00-31.00  sec   765 KBytes  6.28 Mbits/sec  1.164 ms  0/653 (0%)  
[  5]  31.00-32.00  sec   764 KBytes  6.26 Mbits/sec  0.945 ms  0/652 (0%)  
[  5]  32.00-33.00  sec   766 KBytes  6.28 Mbits/sec  1.021 ms  0/654 (0%)  
[  5]  33.00-34.00  sec   772 KBytes  6.33 Mbits/sec  1.028 ms  0/659 (0%)  
[  5]  34.00-35.00  sec   765 KBytes  6.27 Mbits/sec  1.124 ms  0/653 (0%)  
[  5]  35.00-36.00  sec   766 KBytes  6.28 Mbits/sec  1.264 ms  0/654 (0%)  
[  5]  36.00-37.00  sec   638 KBytes  5.22 Mbits/sec  1.041 ms  204/748 (27%)  
[  5]  37.00-38.00  sec   712 KBytes  5.84 Mbits/sec  1.084 ms  571/1179 (48%)  
[  5]  38.00-39.00  sec   790 KBytes  6.47 Mbits/sec  1.065 ms  648/1322 (49%)  
[  5]  39.00-40.00  sec   683 KBytes  5.60 Mbits/sec  1.131 ms  544/1127 (48%)  
[  5]  40.00-41.00  sec   811 KBytes  6.63 Mbits/sec  1.077 ms  654/1346 (49%)  
[  5]  41.00-42.00  sec   799 KBytes  6.56 Mbits/sec  1.168 ms  639/1321 (48%)  
[  5]  42.00-43.00  sec   712 KBytes  5.84 Mbits/sec  1.134 ms  562/1170 (48%)  
[  5]  43.00-44.00  sec   811 KBytes  6.65 Mbits/sec  1.106 ms  640/1332 (48%)  
[  5]  44.00-45.00  sec   683 KBytes  5.60 Mbits/sec  1.107 ms  538/1121 (48%)  
[  5]  45.00-46.00  sec   802 KBytes  6.57 Mbits/sec  1.104 ms  612/1296 (47%)  
[  5]  46.00-47.00  sec   711 KBytes  5.83 Mbits/sec  1.132 ms  548/1155 (47%)  
[  5]  47.00-48.00  sec   811 KBytes  6.64 Mbits/sec  1.076 ms  636/1328 (48%)  
[  5]  48.00-49.00  sec   703 KBytes  5.76 Mbits/sec  1.108 ms  546/1146 (48%)  
[  5]  49.00-50.00  sec   778 KBytes  6.37 Mbits/sec  1.130 ms  649/1313 (49%)  
[  5]  50.00-51.00  sec   804 KBytes  6.59 Mbits/sec  1.125 ms  660/1346 (49%)  
[  5]  51.00-52.00  sec   810 KBytes  6.63 Mbits/sec  1.085 ms  634/1325 (48%)  
[  5]  52.00-53.00  sec   683 KBytes  5.60 Mbits/sec  1.089 ms  533/1116 (48%)  
[  5]  53.00-54.00  sec   802 KBytes  6.56 Mbits/sec  1.176 ms  625/1309 (48%)  
[  5]  54.00-55.00  sec   712 KBytes  5.84 Mbits/sec  1.091 ms  551/1159 (48%)  
[  5]  55.00-56.00  sec   811 KBytes  6.65 Mbits/sec  1.001 ms  635/1327 (48%)  
[  5]  56.00-57.00  sec   680 KBytes  5.57 Mbits/sec  1.039 ms  549/1129 (49%)  
[  5]  57.00-58.00  sec   797 KBytes  6.53 Mbits/sec  1.106 ms  663/1343 (49%)  
[  5]  58.00-59.00  sec   806 KBytes  6.60 Mbits/sec  1.145 ms  658/1346 (49%)  
[  5]  59.00-60.00  sec   712 KBytes  5.84 Mbits/sec  1.049 ms  561/1169 (48%)  
[  5]  60.00-61.00  sec   782 KBytes  6.40 Mbits/sec  1.053 ms  607/1274 (48%)  
[  5]  61.00-62.00  sec   712 KBytes  5.83 Mbits/sec  1.083 ms  541/1149 (47%)  
[  5]  62.00-63.00  sec   802 KBytes  6.57 Mbits/sec  1.085 ms  603/1287 (47%)  
[  5]  63.00-64.00  sec   682 KBytes  5.59 Mbits/sec  1.122 ms  522/1104 (47%)  
[  5]  64.00-65.00  sec   811 KBytes  6.64 Mbits/sec  1.031 ms  641/1333 (48%)  
[  5]  65.00-66.00  sec   752 KBytes  6.16 Mbits/sec  1.927 ms  664/1329 (50%)  
[  5]  66.00-67.00  sec   723 KBytes  5.92 Mbits/sec  1.335 ms  584/1201 (49%)  
[  5]  67.00-68.00  sec   783 KBytes  6.41 Mbits/sec  1.109 ms  659/1327 (50%)  
[  5]  68.00-69.00  sec   711 KBytes  5.83 Mbits/sec  1.046 ms  556/1163 (48%)  
[  5]  69.00-70.00  sec   802 KBytes  6.57 Mbits/sec  1.075 ms  622/1306 (48%)  
[  5]  70.00-71.00  sec   712 KBytes  5.84 Mbits/sec  1.094 ms  547/1155 (47%)  
[  5]  71.00-72.00  sec   811 KBytes  6.64 Mbits/sec  0.981 ms  629/1321 (48%)  
[  5]  72.00-73.00  sec   682 KBytes  5.59 Mbits/sec  1.051 ms  551/1133 (49%)  
[  5]  73.00-74.00  sec   803 KBytes  6.58 Mbits/sec  1.142 ms  647/1332 (49%)  
[  5]  74.00-75.00  sec   800 KBytes  6.56 Mbits/sec  1.159 ms  642/1325 (48%)  
[  5]  75.00-76.00  sec   723 KBytes  5.92 Mbits/sec  1.131 ms  613/1230 (50%)  
[  5]  76.00-77.00  sec   771 KBytes  6.31 Mbits/sec  1.105 ms  601/1259 (48%)  
[  5]  77.00-78.00  sec   712 KBytes  5.84 Mbits/sec  1.100 ms  555/1163 (48%)  
[  5]  78.00-79.00  sec   802 KBytes  6.57 Mbits/sec  1.119 ms  626/1310 (48%)  
[  5]  79.00-80.00  sec   712 KBytes  5.84 Mbits/sec  1.112 ms  565/1173 (48%)  
[  5]  80.00-81.00  sec   811 KBytes  6.64 Mbits/sec  1.045 ms  655/1347 (49%)  
[  5]  81.00-82.00  sec   677 KBytes  5.55 Mbits/sec  1.130 ms  550/1128 (49%)  
[  5]  82.00-83.00  sec   806 KBytes  6.61 Mbits/sec  1.118 ms  644/1332 (48%)  
[  5]  83.00-84.00  sec   715 KBytes  5.86 Mbits/sec  1.142 ms  566/1176 (48%)  
[  5]  84.00-85.00  sec   683 KBytes  5.60 Mbits/sec  1.124 ms  551/1134 (49%)  
[  5]  85.00-86.00  sec   800 KBytes  6.56 Mbits/sec  1.180 ms  640/1323 (48%)  
[  5]  86.00-87.00  sec   712 KBytes  5.84 Mbits/sec  1.169 ms  568/1176 (48%)  
[  5]  87.00-88.00  sec   811 KBytes  6.64 Mbits/sec  1.136 ms  629/1321 (48%)  
[  5]  88.00-89.00  sec   683 KBytes  5.60 Mbits/sec  1.186 ms  530/1113 (48%)  
[  5]  89.00-90.00  sec   803 KBytes  6.57 Mbits/sec  1.227 ms  642/1327 (48%)  
[  5]  90.00-91.00  sec   809 KBytes  6.62 Mbits/sec  1.099 ms  647/1337 (48%)  
[  5]  91.00-92.00  sec   715 KBytes  5.87 Mbits/sec  1.117 ms  597/1207 (49%)  
[  5]  92.00-93.00  sec   803 KBytes  6.57 Mbits/sec  1.061 ms  627/1312 (48%)  
[  5]  93.00-94.00  sec   682 KBytes  5.59 Mbits/sec  1.154 ms  537/1119 (48%)  
[  5]  94.00-95.00  sec   840 KBytes  6.88 Mbits/sec  1.090 ms  705/1422 (50%)  
[  5]  95.00-96.00  sec   683 KBytes  5.60 Mbits/sec  1.096 ms  570/1153 (49%)  
[  5]  96.00-97.00  sec   800 KBytes  6.56 Mbits/sec  1.134 ms  679/1362 (50%)  
[  5]  97.00-98.00  sec   714 KBytes  5.85 Mbits/sec  1.151 ms  597/1206 (50%)  
[  5]  98.00-99.00  sec   809 KBytes  6.62 Mbits/sec  1.078 ms  671/1361 (49%)  
[  5]  99.00-100.00 sec   676 KBytes  5.54 Mbits/sec  1.217 ms  570/1147 (50%)  
[  5] 100.00-101.00 sec   811 KBytes  6.64 Mbits/sec  1.054 ms  641/1333 (48%)  
[  5] 101.00-102.00 sec   712 KBytes  5.84 Mbits/sec  1.069 ms  558/1166 (48%)  
[  5] 102.00-103.00 sec   683 KBytes  5.59 Mbits/sec  1.109 ms  532/1115 (48%)  
[  5] 103.00-104.00 sec   714 KBytes  5.85 Mbits/sec  1.111 ms  555/1164 (48%)  
[  5] 104.00-105.00 sec   793 KBytes  6.50 Mbits/sec  1.110 ms  638/1315 (49%)  
[  5] 105.00-106.00 sec   802 KBytes  6.57 Mbits/sec  1.137 ms  641/1325 (48%)  
[  5] 106.00-107.00 sec   687 KBytes  5.63 Mbits/sec  1.174 ms  554/1140 (49%)  
[  5] 107.00-108.00 sec   809 KBytes  6.62 Mbits/sec  1.013 ms  634/1324 (48%)  
[  5] 108.00-109.00 sec   803 KBytes  6.57 Mbits/sec  1.138 ms  637/1322 (48%)  
[  5] 109.00-110.00 sec   683 KBytes  5.60 Mbits/sec  1.184 ms  517/1100 (47%)  
[  5] 110.00-111.00 sec   712 KBytes  5.84 Mbits/sec  1.109 ms  597/1205 (50%)  
[  5] 111.00-112.00 sec   802 KBytes  6.57 Mbits/sec  1.231 ms  666/1350 (49%)  
[  5] 112.00-113.00 sec   712 KBytes  5.83 Mbits/sec  1.150 ms  600/1208 (50%)  
[  5] 113.00-114.00 sec   812 KBytes  6.65 Mbits/sec  1.013 ms  659/1352 (49%)  
[  5] 114.00-115.00 sec   682 KBytes  5.59 Mbits/sec  1.094 ms  616/1198 (51%)  
[  5] 115.00-116.00 sec   802 KBytes  6.57 Mbits/sec  1.228 ms  694/1378 (50%)  
[  5] 116.00-117.00 sec   711 KBytes  5.83 Mbits/sec  1.085 ms  578/1185 (49%)  
[  5] 117.00-118.00 sec   782 KBytes  6.40 Mbits/sec  1.076 ms  617/1284 (48%)  
[  5] 118.00-119.00 sec   712 KBytes  5.83 Mbits/sec  1.094 ms  565/1173 (48%)  
[  5] 119.00-120.00 sec   712 KBytes  5.84 Mbits/sec  1.076 ms  559/1167 (48%)  
[  5] 120.00-121.00 sec   772 KBytes  6.32 Mbits/sec  1.049 ms  599/1258 (48%)  
[  5] 121.00-122.00 sec   711 KBytes  5.83 Mbits/sec  1.091 ms  559/1166 (48%)  
[  5] 122.00-123.00 sec   806 KBytes  6.60 Mbits/sec  1.215 ms  668/1356 (49%)  
[  5] 123.00-124.00 sec   680 KBytes  5.57 Mbits/sec  1.111 ms  558/1138 (49%)  
[  5] 124.00-125.00 sec   804 KBytes  6.59 Mbits/sec  1.157 ms  635/1321 (48%)  
[  5] 125.00-126.00 sec   712 KBytes  5.84 Mbits/sec  1.100 ms  569/1177 (48%)  
[  5] 126.00-127.00 sec   712 KBytes  5.84 Mbits/sec  1.111 ms  603/1211 (50%)  
[  5] 127.00-128.00 sec   811 KBytes  6.64 Mbits/sec  1.177 ms  664/1356 (49%)  
[  5] 128.00-129.00 sec   682 KBytes  5.59 Mbits/sec  1.084 ms  552/1134 (49%)  
[  5] 129.00-130.00 sec   712 KBytes  5.84 Mbits/sec  1.103 ms  566/1174 (48%)  
[  5] 130.00-131.00 sec   800 KBytes  6.56 Mbits/sec  1.091 ms  659/1342 (49%)  
[  5] 131.00-132.00 sec   683 KBytes  5.60 Mbits/sec  1.170 ms  584/1167 (50%)  
[  5] 132.00-133.00 sec   811 KBytes  6.64 Mbits/sec  1.072 ms  714/1406 (51%)  
[  5] 133.00-134.00 sec   711 KBytes  5.83 Mbits/sec  1.092 ms  602/1209 (50%)  
[  5] 134.00-135.00 sec   800 KBytes  6.56 Mbits/sec  1.185 ms  658/1341 (49%)  
[  5] 135.00-136.00 sec   723 KBytes  5.92 Mbits/sec  1.066 ms  595/1212 (49%)  
[  5] 136.00-137.00 sec   800 KBytes  6.55 Mbits/sec  1.095 ms  644/1327 (49%)  
[  5] 137.00-138.00 sec   682 KBytes  5.59 Mbits/sec  1.188 ms  552/1134 (49%)  
[  5] 138.00-139.00 sec   805 KBytes  6.59 Mbits/sec  1.127 ms  665/1352 (49%)  
[  5] 139.00-140.00 sec   809 KBytes  6.63 Mbits/sec  1.190 ms  687/1377 (50%)  
[  5] 140.00-141.00 sec   675 KBytes  5.53 Mbits/sec  1.148 ms  580/1156 (50%)  
[  5] 141.00-142.00 sec   810 KBytes  6.63 Mbits/sec  1.246 ms  690/1381 (50%)  
[  5] 142.00-143.00 sec   714 KBytes  5.85 Mbits/sec  1.206 ms  594/1203 (49%)  
[  5] 143.00-144.00 sec   800 KBytes  6.54 Mbits/sec  1.119 ms  636/1319 (48%)  
[  5] 144.00-145.00 sec   723 KBytes  5.94 Mbits/sec  1.097 ms  602/1219 (49%)  
[  5] 145.00-146.00 sec   772 KBytes  6.33 Mbits/sec  1.008 ms  606/1265 (48%)  
[  5] 146.00-147.00 sec   714 KBytes  5.85 Mbits/sec  0.991 ms  596/1205 (49%)  
[  5] 147.00-148.00 sec   807 KBytes  6.61 Mbits/sec  1.086 ms  669/1358 (49%)  
[  5] 148.00-149.00 sec   676 KBytes  5.54 Mbits/sec  1.128 ms  554/1131 (49%)  
[  5] 149.00-150.00 sec   811 KBytes  6.62 Mbits/sec  1.054 ms  656/1348 (49%)  
[  5] 150.00-151.00 sec   712 KBytes  5.85 Mbits/sec  1.087 ms  554/1162 (48%)  
[  5] 151.00-152.00 sec   802 KBytes  6.56 Mbits/sec  1.111 ms  613/1297 (47%)  
[  5] 152.00-153.00 sec   682 KBytes  5.59 Mbits/sec  1.103 ms  543/1125 (48%)  
[  5] 153.00-154.00 sec   802 KBytes  6.56 Mbits/sec  1.169 ms  635/1319 (48%)  
[  5] 154.00-155.00 sec   711 KBytes  5.83 Mbits/sec  1.083 ms  557/1164 (48%)  
[  5] 155.00-156.00 sec   816 KBytes  6.68 Mbits/sec  1.063 ms  677/1373 (49%)  
[  5] 156.00-157.00 sec   677 KBytes  5.55 Mbits/sec  1.134 ms  568/1146 (50%)  
[  5] 157.00-158.00 sec   811 KBytes  6.64 Mbits/sec  1.045 ms  663/1355 (49%)  
[  5] 158.00-159.00 sec   711 KBytes  5.83 Mbits/sec  1.129 ms  584/1191 (49%)  
[  5] 159.00-160.00 sec   712 KBytes  5.83 Mbits/sec  1.082 ms  564/1172 (48%)  
[  5] 160.00-161.00 sec   683 KBytes  5.60 Mbits/sec  1.076 ms  538/1121 (48%)  
[  5] 161.00-162.00 sec   802 KBytes  6.57 Mbits/sec  1.156 ms  644/1328 (48%)  
[  5] 162.00-163.00 sec   711 KBytes  5.82 Mbits/sec  1.107 ms  579/1186 (49%)  
[  5] 163.00-164.00 sec   811 KBytes  6.65 Mbits/sec  1.079 ms  686/1378 (50%)  
[  5] 164.00-165.00 sec   704 KBytes  5.77 Mbits/sec  1.139 ms  567/1168 (49%)  
[  5] 165.00-166.00 sec   780 KBytes  6.39 Mbits/sec  1.054 ms  625/1291 (48%)  
[  5] 166.00-167.00 sec   712 KBytes  5.84 Mbits/sec  1.111 ms  574/1182 (49%)  
[  5] 167.00-168.00 sec   792 KBytes  6.49 Mbits/sec  1.140 ms  642/1318 (49%)  
[  5] 168.00-169.00 sec   714 KBytes  5.84 Mbits/sec  1.142 ms  561/1170 (48%)  
[  5] 169.00-170.00 sec   811 KBytes  6.65 Mbits/sec  1.040 ms  649/1341 (48%)  
[  5] 170.00-171.00 sec   800 KBytes  6.56 Mbits/sec  1.129 ms  642/1325 (48%)  
[  5] 171.00-172.00 sec   683 KBytes  5.60 Mbits/sec  1.105 ms  609/1192 (51%)  
[  5] 172.00-173.00 sec   809 KBytes  6.62 Mbits/sec  1.031 ms  723/1413 (51%)  
[  5] 173.00-174.00 sec   709 KBytes  5.81 Mbits/sec  1.154 ms  611/1216 (50%)  
[  5] 174.00-175.00 sec   778 KBytes  6.37 Mbits/sec  1.084 ms  632/1296 (49%)  
[  5] 175.00-176.00 sec   712 KBytes  5.84 Mbits/sec  1.154 ms  582/1190 (49%)  
[  5] 176.00-177.00 sec   804 KBytes  6.59 Mbits/sec  1.081 ms  650/1336 (49%)  
[  5] 177.00-178.00 sec   686 KBytes  5.61 Mbits/sec  1.054 ms  547/1132 (48%)  
[  5] 178.00-179.00 sec   792 KBytes  6.49 Mbits/sec  1.186 ms  629/1305 (48%)  
[  5] 179.00-180.00 sec   715 KBytes  5.85 Mbits/sec  1.149 ms  575/1185 (49%)  
[  5] 180.00-181.00 sec   708 KBytes  5.81 Mbits/sec  1.060 ms  574/1178 (49%)  
[  5] 181.00-182.00 sec   775 KBytes  6.34 Mbits/sec  1.113 ms  649/1310 (50%)  
[  5] 182.00-183.00 sec   714 KBytes  5.85 Mbits/sec  1.171 ms  543/1152 (47%)  
[  5] 183.00-184.00 sec   812 KBytes  6.64 Mbits/sec  1.105 ms  635/1328 (48%)  
[  5] 184.00-185.00 sec   711 KBytes  5.84 Mbits/sec  1.093 ms  570/1177 (48%)  
[  5] 185.00-186.00 sec   802 KBytes  6.57 Mbits/sec  1.133 ms  620/1304 (48%)  
[  5] 186.00-187.00 sec   681 KBytes  5.58 Mbits/sec  1.141 ms  541/1122 (48%)  
[  5] 187.00-188.00 sec   813 KBytes  6.66 Mbits/sec  1.064 ms  690/1384 (50%)  
[  5] 188.00-189.00 sec   681 KBytes  5.58 Mbits/sec  1.042 ms  574/1155 (50%)  
[  5] 189.00-190.00 sec   802 KBytes  6.57 Mbits/sec  1.101 ms  662/1346 (49%)  
[  5] 190.00-191.00 sec   712 KBytes  5.83 Mbits/sec  1.119 ms  584/1192 (49%)  
[  5] 191.00-192.00 sec   711 KBytes  5.83 Mbits/sec  1.073 ms  578/1185 (49%)  
[  5] 192.00-193.00 sec   782 KBytes  6.41 Mbits/sec  1.048 ms  655/1322 (50%)  
[  5] 193.00-194.00 sec   711 KBytes  5.83 Mbits/sec  1.093 ms  597/1204 (50%)  
[  5] 194.00-195.00 sec   800 KBytes  6.56 Mbits/sec  1.164 ms  668/1351 (49%)  
[  5] 195.00-196.00 sec   684 KBytes  5.61 Mbits/sec  1.139 ms  564/1148 (49%)  
[  5] 196.00-197.00 sec   805 KBytes  6.60 Mbits/sec  1.157 ms  657/1344 (49%)  
[  5] 197.00-198.00 sec   716 KBytes  5.86 Mbits/sec  1.112 ms  594/1205 (49%)  
[  5] 198.00-199.00 sec   802 KBytes  6.57 Mbits/sec  1.116 ms  625/1309 (48%)  
[  5] 199.00-200.00 sec   682 KBytes  5.59 Mbits/sec  1.229 ms  538/1120 (48%)  
[  5] 200.00-201.00 sec   812 KBytes  6.66 Mbits/sec  1.131 ms  665/1358 (49%)  
[  5] 201.00-202.00 sec   711 KBytes  5.83 Mbits/sec  1.037 ms  582/1189 (49%)  
[  5] 202.00-203.00 sec   771 KBytes  6.32 Mbits/sec  1.189 ms  651/1309 (50%)  
[  5] 203.00-204.00 sec   840 KBytes  6.88 Mbits/sec  1.060 ms  713/1430 (50%)  
[  5] 204.00-205.00 sec   683 KBytes  5.60 Mbits/sec  1.129 ms  577/1160 (50%)  
[  5] 205.00-206.00 sec   712 KBytes  5.84 Mbits/sec  1.055 ms  616/1224 (50%)  
[  5] 206.00-207.00 sec   771 KBytes  6.32 Mbits/sec  1.096 ms  609/1267 (48%)  
[  5] 207.00-208.00 sec   712 KBytes  5.84 Mbits/sec  1.085 ms  555/1163 (48%)  
[  5] 208.00-209.00 sec   803 KBytes  6.58 Mbits/sec  1.114 ms  624/1309 (48%)  
[  5] 209.00-210.00 sec   711 KBytes  5.83 Mbits/sec  1.142 ms  568/1175 (48%)  
[  5] 210.00-211.00 sec   780 KBytes  6.39 Mbits/sec  1.089 ms  636/1302 (49%)  
[  5] 211.00-212.00 sec   711 KBytes  5.83 Mbits/sec  1.073 ms  567/1174 (48%)  
[  5] 212.00-213.00 sec   803 KBytes  6.58 Mbits/sec  1.112 ms  670/1355 (49%)  
[  5] 213.00-214.00 sec   810 KBytes  6.62 Mbits/sec  1.111 ms  691/1382 (50%)  
[  5] 214.00-215.00 sec   683 KBytes  5.60 Mbits/sec  1.104 ms  549/1132 (48%)  
[  5] 215.00-216.00 sec   802 KBytes  6.56 Mbits/sec  1.135 ms  622/1306 (48%)  
[  5] 216.00-217.00 sec   711 KBytes  5.83 Mbits/sec  1.114 ms  546/1153 (47%)  
[  5] 217.00-218.00 sec   800 KBytes  6.56 Mbits/sec  1.066 ms  689/1372 (50%)  
[  5] 218.00-219.00 sec   674 KBytes  5.52 Mbits/sec  1.148 ms  555/1130 (49%)  
[  5] 219.00-220.00 sec   812 KBytes  6.65 Mbits/sec  1.049 ms  648/1341 (48%)  
[  5] 220.00-221.00 sec   707 KBytes  5.79 Mbits/sec  1.130 ms  602/1205 (50%)  
[  5] 221.00-222.00 sec   777 KBytes  6.36 Mbits/sec  1.074 ms  648/1311 (49%)  
[  5] 222.00-223.00 sec   711 KBytes  5.83 Mbits/sec  1.149 ms  596/1203 (50%)  
[  5] 223.00-224.00 sec   810 KBytes  6.63 Mbits/sec  1.084 ms  648/1339 (48%)  
[  5] 224.00-225.00 sec   683 KBytes  5.60 Mbits/sec  1.026 ms  535/1118 (48%)  
[  5] 225.00-226.00 sec   701 KBytes  5.74 Mbits/sec  1.060 ms  556/1154 (48%)  
[  5] 226.00-227.00 sec   792 KBytes  6.49 Mbits/sec  1.336 ms  625/1301 (48%)  
[  5] 227.00-228.00 sec   682 KBytes  5.59 Mbits/sec  1.119 ms  534/1116 (48%)  
[  5] 228.00-229.00 sec   802 KBytes  6.57 Mbits/sec  1.191 ms  663/1347 (49%)  
[  5] 229.00-230.00 sec   800 KBytes  6.56 Mbits/sec  1.172 ms  691/1374 (50%)  
[  5] 230.00-231.00 sec   711 KBytes  5.83 Mbits/sec  1.137 ms  570/1177 (48%)  
[  5] 231.00-232.00 sec   811 KBytes  6.64 Mbits/sec  1.101 ms  645/1337 (48%)  
[  5] 232.00-233.00 sec   674 KBytes  5.52 Mbits/sec  1.153 ms  543/1118 (49%)  
[  5] 233.00-234.00 sec   811 KBytes  6.65 Mbits/sec  1.134 ms  685/1377 (50%)  
[  5] 234.00-235.00 sec   712 KBytes  5.84 Mbits/sec  1.115 ms  571/1179 (48%)  
[  5] 235.00-236.00 sec   681 KBytes  5.58 Mbits/sec  1.253 ms  551/1132 (49%)  
[  5] 236.00-237.00 sec   803 KBytes  6.58 Mbits/sec  1.090 ms  649/1334 (49%)  
[  5] 237.00-238.00 sec   721 KBytes  5.90 Mbits/sec  1.102 ms  615/1230 (50%)  
[  5] 238.00-239.00 sec   800 KBytes  6.56 Mbits/sec  1.101 ms  653/1336 (49%)  
[  5] 239.00-240.00 sec   682 KBytes  5.59 Mbits/sec  1.218 ms  555/1137 (49%)  
[  5] 240.00-241.00 sec   712 KBytes  5.84 Mbits/sec  1.093 ms  572/1180 (48%)  
[  5] 241.00-242.00 sec   802 KBytes  6.57 Mbits/sec  1.146 ms  636/1320 (48%)  
[  5] 242.00-243.00 sec   722 KBytes  5.91 Mbits/sec  1.054 ms  593/1209 (49%)  
[  5] 243.00-244.00 sec   682 KBytes  5.59 Mbits/sec  1.069 ms  558/1140 (49%)  
[  5] 244.00-245.00 sec   795 KBytes  6.51 Mbits/sec  1.188 ms  635/1313 (48%)  
[  5] 245.00-246.00 sec   708 KBytes  5.80 Mbits/sec  1.119 ms  572/1176 (49%)  
[  5] 246.00-247.00 sec   778 KBytes  6.37 Mbits/sec  1.180 ms  631/1295 (49%)  
[  5] 247.00-248.00 sec   712 KBytes  5.84 Mbits/sec  1.109 ms  574/1182 (49%)  
[  5] 248.00-249.00 sec   714 KBytes  5.84 Mbits/sec  1.069 ms  624/1233 (51%)  
[  5] 249.00-250.00 sec   811 KBytes  6.65 Mbits/sec  1.091 ms  696/1388 (50%)  
[  5] 250.00-251.00 sec   655 KBytes  5.37 Mbits/sec  1.190 ms  568/1127 (50%)  
[  5] 251.00-252.00 sec   722 KBytes  5.91 Mbits/sec  1.070 ms  597/1213 (49%)  
[  5] 252.00-253.00 sec   772 KBytes  6.33 Mbits/sec  1.102 ms  619/1278 (48%)  
[  5] 253.00-254.00 sec   712 KBytes  5.84 Mbits/sec  1.153 ms  628/1236 (51%)  
[  5] 254.00-255.00 sec   804 KBytes  6.58 Mbits/sec  1.128 ms  692/1378 (50%)  
[  5] 255.00-256.00 sec   811 KBytes  6.65 Mbits/sec  1.108 ms  692/1384 (50%)  
[  5] 256.00-257.00 sec   674 KBytes  5.52 Mbits/sec  1.159 ms  545/1120 (49%)  
[  5] 257.00-258.00 sec   811 KBytes  6.64 Mbits/sec  1.136 ms  654/1346 (49%)  
[  5] 258.00-259.00 sec   711 KBytes  5.83 Mbits/sec  1.109 ms  601/1208 (50%)  
[  5] 259.00-260.00 sec   800 KBytes  6.55 Mbits/sec  1.155 ms  673/1356 (50%)  
[  5] 260.00-261.00 sec   693 KBytes  5.68 Mbits/sec  1.085 ms  577/1168 (49%)  
[  5] 261.00-262.00 sec   800 KBytes  6.56 Mbits/sec  1.141 ms  673/1356 (50%)  
[  5] 262.00-263.00 sec   802 KBytes  6.57 Mbits/sec  1.181 ms  700/1384 (51%)  
[  5] 263.00-264.00 sec   712 KBytes  5.84 Mbits/sec  1.142 ms  608/1216 (50%)  
[  5] 264.00-265.00 sec   812 KBytes  6.64 Mbits/sec  1.147 ms  663/1356 (49%)  
[  5] 265.00-266.00 sec   682 KBytes  5.59 Mbits/sec  1.050 ms  548/1130 (48%)  
[  5] 266.00-267.00 sec   712 KBytes  5.83 Mbits/sec  1.058 ms  563/1171 (48%)  
[  5] 267.00-268.00 sec   800 KBytes  6.56 Mbits/sec  1.081 ms  629/1312 (48%)  
[  5] 268.00-269.00 sec   682 KBytes  5.59 Mbits/sec  1.162 ms  536/1118 (48%)  
[  5] 269.00-270.00 sec   806 KBytes  6.60 Mbits/sec  1.192 ms  667/1355 (49%)  
[  5] 270.00-271.00 sec   807 KBytes  6.61 Mbits/sec  1.123 ms  660/1349 (49%)  
[  5] 271.00-272.00 sec   712 KBytes  5.84 Mbits/sec  1.057 ms  560/1168 (48%)  
[  5] 272.00-273.00 sec   772 KBytes  6.32 Mbits/sec  1.097 ms  589/1248 (47%)  
[  5] 273.00-274.00 sec   721 KBytes  5.91 Mbits/sec  1.108 ms  572/1187 (48%)  
[  5] 274.00-275.00 sec   802 KBytes  6.56 Mbits/sec  1.141 ms  610/1294 (47%)  
[  5] 275.00-276.00 sec   712 KBytes  5.84 Mbits/sec  1.058 ms  558/1166 (48%)  
[  5] 276.00-277.00 sec   811 KBytes  6.65 Mbits/sec  1.079 ms  640/1332 (48%)  
[  5] 277.00-278.00 sec   675 KBytes  5.53 Mbits/sec  1.130 ms  545/1121 (49%)  
[  5] 278.00-279.00 sec   811 KBytes  6.64 Mbits/sec  1.068 ms  710/1402 (51%)  
[  5] 279.00-280.00 sec   800 KBytes  6.56 Mbits/sec  1.135 ms  680/1363 (50%)  
[  5] 280.00-281.00 sec   683 KBytes  5.60 Mbits/sec  1.152 ms  551/1134 (49%)  
[  5] 281.00-282.00 sec   711 KBytes  5.82 Mbits/sec  1.108 ms  573/1180 (49%)  
[  5] 282.00-283.00 sec   811 KBytes  6.65 Mbits/sec  1.014 ms  652/1344 (49%)  
[  5] 283.00-284.00 sec   712 KBytes  5.84 Mbits/sec  1.103 ms  593/1201 (49%)  
[  5] 284.00-285.00 sec   771 KBytes  6.32 Mbits/sec  1.171 ms  603/1261 (48%)  
[  5] 285.00-286.00 sec   715 KBytes  5.86 Mbits/sec  1.051 ms  578/1188 (49%)  
[  5] 286.00-287.00 sec   798 KBytes  6.54 Mbits/sec  1.054 ms  637/1318 (48%)  
[  5] 287.00-288.00 sec   681 KBytes  5.58 Mbits/sec  1.097 ms  557/1138 (49%)  
[  5] 288.00-289.00 sec   798 KBytes  6.54 Mbits/sec  1.145 ms  663/1344 (49%)  
[  5] 289.00-290.00 sec   711 KBytes  5.83 Mbits/sec  1.130 ms  550/1157 (48%)  
[  5] 290.00-291.00 sec   771 KBytes  6.32 Mbits/sec  1.169 ms  596/1254 (48%)  
[  5] 291.00-292.00 sec   712 KBytes  5.84 Mbits/sec  1.151 ms  553/1161 (48%)  
[  5] 292.00-293.00 sec   811 KBytes  6.64 Mbits/sec  1.062 ms  640/1332 (48%)  
[  5] 293.00-294.00 sec   802 KBytes  6.57 Mbits/sec  1.115 ms  657/1341 (49%)  
[  5] 294.00-295.00 sec   682 KBytes  5.59 Mbits/sec  1.199 ms  595/1177 (51%)  
[  5] 295.00-296.00 sec   790 KBytes  6.46 Mbits/sec  1.150 ms  737/1411 (52%)  
[  5] 296.00-297.00 sec   712 KBytes  5.85 Mbits/sec  1.092 ms  595/1203 (49%)  
[  5] 297.00-298.00 sec   702 KBytes  5.75 Mbits/sec  1.108 ms  579/1178 (49%)  
[  5] 298.00-299.00 sec   772 KBytes  6.32 Mbits/sec  1.086 ms  624/1283 (49%)  
[  5] 299.00-300.00 sec   701 KBytes  5.75 Mbits/sec  1.130 ms  577/1175 (49%)  
[  5] 300.00-301.00 sec   811 KBytes  6.64 Mbits/sec  1.100 ms  645/1337 (48%)  
[  5] 301.00-302.00 sec   796 KBytes  6.52 Mbits/sec  1.112 ms  636/1315 (48%)  
[  5] 302.00-303.00 sec   682 KBytes  5.59 Mbits/sec  1.208 ms  562/1144 (49%)  
[  5] 303.00-304.00 sec   800 KBytes  6.56 Mbits/sec  1.116 ms  661/1344 (49%)  
[  5] 304.00-305.00 sec   722 KBytes  5.91 Mbits/sec  1.072 ms  573/1189 (48%)  
[  5] 305.00-306.00 sec   802 KBytes  6.57 Mbits/sec  1.136 ms  626/1310 (48%)  
[  5] 306.00-307.00 sec   682 KBytes  5.57 Mbits/sec  1.106 ms  552/1134 (49%)  
[  5] 307.00-308.00 sec   792 KBytes  6.50 Mbits/sec  1.071 ms  683/1359 (50%)  
[  5] 308.00-309.00 sec   712 KBytes  5.84 Mbits/sec  1.063 ms  571/1179 (48%)  
[  5] 309.00-310.00 sec   771 KBytes  6.32 Mbits/sec  1.126 ms  632/1290 (49%)  
[  5] 310.00-311.00 sec   708 KBytes  5.80 Mbits/sec  1.141 ms  600/1204 (50%)  
[  5] 311.00-312.00 sec   717 KBytes  5.88 Mbits/sec  1.230 ms  588/1200 (49%)  
[  5] 312.00-313.00 sec   698 KBytes  5.72 Mbits/sec  1.113 ms  569/1165 (49%)  
[  5] 313.00-314.00 sec   682 KBytes  5.58 Mbits/sec  1.246 ms  536/1118 (48%)  
[  5] 314.00-315.00 sec   614 KBytes  5.03 Mbits/sec  1.090 ms  514/1038 (50%)  
[  5] 315.00-316.00 sec   707 KBytes  5.79 Mbits/sec  1.035 ms  551/1154 (48%)  
[  5] 316.00-317.00 sec   712 KBytes  5.84 Mbits/sec  1.067 ms  571/1179 (48%)  
[  5] 317.00-318.00 sec   673 KBytes  5.51 Mbits/sec  1.147 ms  507/1081 (47%)  
[  5] 318.00-319.00 sec   696 KBytes  5.70 Mbits/sec  1.236 ms  601/1195 (50%)  
[  5] 319.00-320.00 sec   712 KBytes  5.84 Mbits/sec  1.156 ms  593/1201 (49%)  
[  5] 320.00-321.00 sec   811 KBytes  6.64 Mbits/sec  1.112 ms  664/1356 (49%)  
[  5] 321.00-322.00 sec   714 KBytes  5.84 Mbits/sec  1.083 ms  558/1167 (48%)  
[  5] 322.00-323.00 sec   712 KBytes  5.84 Mbits/sec  1.160 ms  567/1175 (48%)  
[  5] 323.00-324.00 sec   683 KBytes  5.60 Mbits/sec  1.104 ms  543/1126 (48%)  
[  5] 324.00-325.00 sec   705 KBytes  5.77 Mbits/sec  1.134 ms  612/1214 (50%)  
[  5] 325.00-326.00 sec   718 KBytes  5.88 Mbits/sec  1.177 ms  676/1289 (52%)  
[  5] 326.00-327.00 sec   710 KBytes  5.83 Mbits/sec  1.231 ms  687/1293 (53%)  
[  5] 327.00-328.00 sec   806 KBytes  6.60 Mbits/sec  1.164 ms  861/1549 (56%)  
[  5] 328.00-329.00 sec   618 KBytes  5.06 Mbits/sec  1.156 ms  609/1136 (54%)  
[  5] 329.00-330.00 sec   809 KBytes  6.63 Mbits/sec  1.103 ms  753/1443 (52%)  
[  5] 330.00-331.00 sec   588 KBytes  4.82 Mbits/sec  1.279 ms  540/1042 (52%)  
[  5] 331.00-332.00 sec   809 KBytes  6.62 Mbits/sec  1.171 ms  749/1439 (52%)  
[  5] 332.00-333.00 sec   709 KBytes  5.81 Mbits/sec  1.167 ms  622/1227 (51%)  
[  5] 333.00-334.00 sec   720 KBytes  5.89 Mbits/sec  1.107 ms  604/1218 (50%)  
[  5] 334.00-335.00 sec   709 KBytes  5.81 Mbits/sec  1.098 ms  611/1216 (50%)  
[  5] 335.00-336.00 sec   689 KBytes  5.64 Mbits/sec  1.147 ms  622/1210 (51%)  
[  5] 336.00-337.00 sec   695 KBytes  5.70 Mbits/sec  1.332 ms  651/1244 (52%)  
[  5] 337.00-338.00 sec   717 KBytes  5.88 Mbits/sec  1.013 ms  659/1271 (52%)  
[  5] 338.00-339.00 sec   709 KBytes  5.81 Mbits/sec  1.145 ms  633/1238 (51%)  
[  5] 339.00-340.00 sec   680 KBytes  5.57 Mbits/sec  1.118 ms  585/1165 (50%)  
[  5] 340.00-341.00 sec   718 KBytes  5.89 Mbits/sec  1.110 ms  611/1224 (50%)  
[  5] 341.00-342.00 sec   709 KBytes  5.81 Mbits/sec  1.209 ms  628/1233 (51%)  
[  5] 342.00-343.00 sec   715 KBytes  5.86 Mbits/sec  1.076 ms  644/1254 (51%)  
[  5] 343.00-344.00 sec   709 KBytes  5.81 Mbits/sec  1.193 ms  647/1252 (52%)  
[  5] 344.00-345.00 sec   586 KBytes  4.80 Mbits/sec  1.233 ms  551/1051 (52%)  
[  5] 345.00-346.00 sec   705 KBytes  5.78 Mbits/sec  1.176 ms  653/1255 (52%)  
[  5] 346.00-347.00 sec   709 KBytes  5.81 Mbits/sec  1.103 ms  631/1236 (51%)  
[  5] 347.00-348.00 sec   588 KBytes  4.82 Mbits/sec  1.167 ms  557/1059 (53%)  
[  5] 348.00-349.00 sec   718 KBytes  5.89 Mbits/sec  1.153 ms  650/1263 (51%)  
[  5] 349.00-350.00 sec   709 KBytes  5.81 Mbits/sec  1.267 ms  610/1215 (50%)  
[  5] 350.00-351.00 sec   809 KBytes  6.63 Mbits/sec  1.128 ms  721/1411 (51%)  
[  5] 351.00-352.00 sec   709 KBytes  5.80 Mbits/sec  1.169 ms  622/1227 (51%)  
[  5] 352.00-353.00 sec   716 KBytes  5.86 Mbits/sec  1.273 ms  658/1269 (52%)  
[  5] 353.00-354.00 sec   714 KBytes  5.85 Mbits/sec  1.214 ms  653/1262 (52%)  
[  5] 354.00-355.00 sec   680 KBytes  5.57 Mbits/sec  1.165 ms  597/1177 (51%)  
[  5] 355.00-356.00 sec   697 KBytes  5.71 Mbits/sec  1.240 ms  654/1249 (52%)  
[  5] 356.00-357.00 sec   718 KBytes  5.88 Mbits/sec  1.189 ms  752/1365 (55%)  
[  5] 357.00-358.00 sec   702 KBytes  5.75 Mbits/sec  1.174 ms  727/1326 (55%)  
[  5] 358.00-359.00 sec   718 KBytes  5.89 Mbits/sec  1.114 ms  711/1324 (54%)  
[  5] 359.00-360.00 sec   680 KBytes  5.57 Mbits/sec  1.182 ms  661/1241 (53%)  
[  5] 360.00-361.00 sec   708 KBytes  5.80 Mbits/sec  1.207 ms  674/1278 (53%)  
[  5] 361.00-362.00 sec   717 KBytes  5.88 Mbits/sec  1.226 ms  759/1371 (55%)  
[  5] 362.00-363.00 sec   588 KBytes  4.81 Mbits/sec  1.144 ms  497/999 (50%)  
[  5] 363.00-364.00 sec   710 KBytes  5.82 Mbits/sec  1.127 ms  623/1229 (51%)  
[  5] 364.00-365.00 sec   619 KBytes  5.07 Mbits/sec  1.114 ms  537/1065 (50%)  
[  5] 365.00-366.00 sec   688 KBytes  5.63 Mbits/sec  1.092 ms  587/1174 (50%)  
[  5] 366.00-367.00 sec   739 KBytes  6.06 Mbits/sec  1.138 ms  633/1264 (50%)  
[  5] 367.00-368.00 sec   689 KBytes  5.64 Mbits/sec  1.103 ms  613/1201 (51%)  
[  5] 368.00-369.00 sec   709 KBytes  5.80 Mbits/sec  1.179 ms  687/1292 (53%)  
[  5] 369.00-370.00 sec   717 KBytes  5.88 Mbits/sec  1.116 ms  695/1307 (53%)  
[  5] 370.00-371.00 sec   710 KBytes  5.82 Mbits/sec  1.076 ms  638/1244 (51%)  
[  5] 371.00-372.00 sec   679 KBytes  5.56 Mbits/sec  1.190 ms  606/1185 (51%)  
[  5] 372.00-373.00 sec   718 KBytes  5.87 Mbits/sec  1.090 ms  661/1274 (52%)  
[  5] 373.00-374.00 sec   709 KBytes  5.82 Mbits/sec  1.167 ms  656/1261 (52%)  
[  5] 374.00-375.00 sec   711 KBytes  5.82 Mbits/sec  1.130 ms  669/1276 (52%)  
[  5] 375.00-376.00 sec   800 KBytes  6.56 Mbits/sec  1.174 ms  750/1433 (52%)  
[  5] 376.00-377.00 sec   718 KBytes  5.89 Mbits/sec  1.259 ms  774/1387 (56%)  
[  5] 377.00-378.00 sec   680 KBytes  5.57 Mbits/sec  1.347 ms  711/1291 (55%)  
[  5] 378.00-379.00 sec   718 KBytes  5.88 Mbits/sec  1.081 ms  745/1358 (55%)  
[  5] 379.00-380.00 sec   709 KBytes  5.81 Mbits/sec  1.204 ms  684/1289 (53%)  
[  5] 380.00-381.00 sec   709 KBytes  5.81 Mbits/sec  1.139 ms  682/1287 (53%)  
[  5] 381.00-382.00 sec   688 KBytes  5.64 Mbits/sec  1.143 ms  638/1225 (52%)  
[  5] 382.00-383.00 sec   709 KBytes  5.81 Mbits/sec  1.139 ms  633/1238 (51%)  
[  5] 383.00-384.00 sec   619 KBytes  5.07 Mbits/sec  1.135 ms  523/1051 (50%)  
[  5] 384.00-385.00 sec   709 KBytes  5.81 Mbits/sec  1.042 ms  630/1235 (51%)  
[  5] 385.00-386.00 sec   708 KBytes  5.80 Mbits/sec  1.156 ms  635/1239 (51%)  
[  5] 386.00-387.00 sec   679 KBytes  5.56 Mbits/sec  1.348 ms  639/1218 (52%)  
[  5] 387.00-388.00 sec   720 KBytes  5.90 Mbits/sec  1.202 ms  629/1243 (51%)  
[  5] 388.00-389.00 sec   709 KBytes  5.81 Mbits/sec  1.079 ms  614/1219 (50%)  
[  5] 389.00-390.00 sec   619 KBytes  5.06 Mbits/sec  1.083 ms  557/1085 (51%)  
[  5] 390.00-391.00 sec   688 KBytes  5.64 Mbits/sec  1.141 ms  617/1204 (51%)  
[  5] 391.00-392.00 sec   709 KBytes  5.81 Mbits/sec  1.181 ms  644/1249 (52%)  
[  5] 392.00-393.00 sec   718 KBytes  5.89 Mbits/sec  1.085 ms  645/1258 (51%)  
[  5] 393.00-394.00 sec   707 KBytes  5.79 Mbits/sec  1.100 ms  644/1247 (52%)  
[  5] 394.00-395.00 sec   687 KBytes  5.62 Mbits/sec  1.186 ms  635/1221 (52%)  
[  5] 395.00-396.00 sec   709 KBytes  5.81 Mbits/sec  1.378 ms  646/1251 (52%)  
[  5] 396.00-397.00 sec   613 KBytes  5.01 Mbits/sec  1.189 ms  595/1118 (53%)  
[  5] 397.00-398.00 sec   718 KBytes  5.89 Mbits/sec  1.191 ms  707/1320 (54%)  
[  5] 398.00-399.00 sec   709 KBytes  5.81 Mbits/sec  1.205 ms  706/1311 (54%)  
[  5] 399.00-400.00 sec   720 KBytes  5.89 Mbits/sec  1.134 ms  667/1281 (52%)  
[  5] 400.00-401.00 sec   675 KBytes  5.53 Mbits/sec  1.190 ms  617/1193 (52%)  
