Connecting to host 172.22.0.50, port 5202
Reverse mode, remote host 172.22.0.50 is sending
[  5] local 192.168.102.2 port 44515 connected to 172.22.0.50 port 5202
[ ID] Interval           Transfer     Bitrate         Jitter    Lost/Total Datagrams
[  5]   0.00-1.00   sec   440 KBytes  3.60 Mbits/sec  0.362 ms  0/4503 (0%)  
[  5]   1.00-2.00   sec   440 KBytes  3.60 Mbits/sec  0.271 ms  0/4505 (0%)  
[  5]   2.00-3.00   sec   437 KBytes  3.58 Mbits/sec  0.274 ms  0/4475 (0%)  
[  5]   3.00-4.00   sec   441 KBytes  3.61 Mbits/sec  0.304 ms  0/4518 (0%)  
[  5]   4.00-5.00   sec   440 KBytes  3.60 Mbits/sec  0.213 ms  0/4505 (0%)  
[  5]   5.00-6.00   sec   439 KBytes  3.59 Mbits/sec  0.249 ms  0/4491 (0%)  
[  5]   6.00-7.00   sec   438 KBytes  3.59 Mbits/sec  0.389 ms  0/4485 (0%)  
[  5]   7.00-8.00   sec   441 KBytes  3.61 Mbits/sec  0.263 ms  0/4513 (0%)  
[  5]   8.00-9.00   sec   439 KBytes  3.60 Mbits/sec  0.358 ms  0/4495 (0%)  
[  5]   9.00-10.00  sec   440 KBytes  3.60 Mbits/sec  0.363 ms  0/4503 (0%)  
[  5]  10.00-11.00  sec   440 KBytes  3.60 Mbits/sec  0.293 ms  0/4509 (0%)  
[  5]  11.00-12.00  sec   438 KBytes  3.59 Mbits/sec  0.255 ms  0/4487 (0%)  
[  5]  12.00-13.00  sec   440 KBytes  3.60 Mbits/sec  0.303 ms  0/4507 (0%)  
[  5]  13.00-14.00  sec   438 KBytes  3.58 Mbits/sec  0.235 ms  0/4480 (0%)  
[  5]  14.00-15.00  sec   440 KBytes  3.61 Mbits/sec  0.267 ms  0/4510 (0%)  
[  5]  15.00-16.00  sec   441 KBytes  3.61 Mbits/sec  0.213 ms  0/4518 (0%)  
[  5]  16.00-17.00  sec   421 KBytes  3.45 Mbits/sec  0.316 ms  0/4313 (0%)  
[  5]  17.00-18.00  sec   367 KBytes  3.00 Mbits/sec  0.320 ms  0/3754 (0%)  
[  5]  18.00-19.00  sec   365 KBytes  2.99 Mbits/sec  0.341 ms  0/3739 (0%)  
[  5]  19.00-20.00  sec   367 KBytes  3.01 Mbits/sec  0.323 ms  0/3759 (0%)  
[  5]  20.00-21.00  sec   368 KBytes  3.01 Mbits/sec  0.346 ms  0/3764 (0%)  
[  5]  21.00-22.00  sec   363 KBytes  2.97 Mbits/sec  0.340 ms  0/3716 (0%)  
[  5]  22.00-23.00  sec   358 KBytes  2.93 Mbits/sec  0.346 ms  0/3661 (0%)  
[  5]  23.00-24.00  sec   358 KBytes  2.93 Mbits/sec  0.376 ms  0/3664 (0%)  
[  5]  24.00-25.00  sec   369 KBytes  3.02 Mbits/sec  0.350 ms  0/3781 (0%)  
[  5]  25.00-26.00  sec   368 KBytes  3.01 Mbits/sec  0.385 ms  0/3764 (0%)  
[  5]  26.00-27.00  sec   366 KBytes  3.00 Mbits/sec  0.378 ms  0/3746 (0%)  
[  5]  27.00-28.00  sec   366 KBytes  3.00 Mbits/sec  0.318 ms  0/3752 (0%)  
[  5]  28.00-29.00  sec   364 KBytes  2.98 Mbits/sec  0.340 ms  0/3727 (0%)  
[  5]  29.00-30.00  sec   364 KBytes  2.98 Mbits/sec  0.342 ms  0/3723 (0%)  
[  5]  30.00-31.00  sec   358 KBytes  2.94 Mbits/sec  0.369 ms  0/3671 (0%)  
[  5]  31.00-32.00  sec   361 KBytes  2.96 Mbits/sec  0.339 ms  0/3699 (0%)  
[  5]  32.00-33.00  sec   364 KBytes  2.98 Mbits/sec  0.335 ms  0/3723 (0%)  
[  5]  33.00-34.00  sec   363 KBytes  2.97 Mbits/sec  0.322 ms  0/3716 (0%)  
[  5]  34.00-35.00  sec   367 KBytes  3.00 Mbits/sec  0.377 ms  0/3754 (0%)  
[  5]  35.00-36.00  sec   365 KBytes  2.99 Mbits/sec  0.297 ms  0/3740 (0%)  
[  5]  36.00-37.00  sec   361 KBytes  2.95 Mbits/sec  0.663 ms  0/3692 (0%)  
[  5]  37.00-38.00  sec   366 KBytes  2.99 Mbits/sec  0.302 ms  0/3743 (0%)  
[  5]  38.00-39.00  sec   353 KBytes  2.89 Mbits/sec  0.384 ms  0/3612 (0%)  
[  5]  39.00-40.00  sec   362 KBytes  2.96 Mbits/sec  0.372 ms  0/3709 (0%)  
[  5]  40.00-41.00  sec   362 KBytes  2.97 Mbits/sec  0.363 ms  0/3703 (0%)  
[  5]  41.00-42.00  sec   368 KBytes  3.01 Mbits/sec  0.393 ms  0/3767 (0%)  
[  5]  42.00-43.00  sec   368 KBytes  3.01 Mbits/sec  0.324 ms  0/3764 (0%)  
[  5]  43.00-44.00  sec   371 KBytes  3.04 Mbits/sec  0.318 ms  0/3799 (0%)  
[  5]  44.00-45.00  sec   367 KBytes  3.00 Mbits/sec  0.350 ms  0/3754 (0%)  
[  5]  45.00-46.00  sec   368 KBytes  3.01 Mbits/sec  0.326 ms  0/3764 (0%)  
[  5]  46.00-47.00  sec   363 KBytes  2.98 Mbits/sec  0.316 ms  0/3721 (0%)  
[  5]  47.00-48.00  sec   360 KBytes  2.95 Mbits/sec  0.347 ms  0/3685 (0%)  
[  5]  48.00-49.00  sec   363 KBytes  2.97 Mbits/sec  0.323 ms  0/3718 (0%)  
[  5]  49.00-50.00  sec   363 KBytes  2.98 Mbits/sec  0.319 ms  0/3721 (0%)  
[  5]  50.00-51.00  sec   361 KBytes  2.96 Mbits/sec  0.348 ms  0/3696 (0%)  
[  5]  51.00-52.00  sec   371 KBytes  3.04 Mbits/sec  0.344 ms  0/3799 (0%)  
[  5]  52.00-53.00  sec   374 KBytes  3.06 Mbits/sec  0.344 ms  0/3827 (0%)  
[  5]  53.00-54.00  sec   368 KBytes  3.01 Mbits/sec  0.306 ms  0/3767 (0%)  
[  5]  54.00-55.00  sec   363 KBytes  2.98 Mbits/sec  0.340 ms  0/3719 (0%)  
[  5]  55.00-56.00  sec   359 KBytes  2.94 Mbits/sec  0.360 ms  0/3677 (0%)  
[  5]  56.00-57.00  sec   364 KBytes  2.98 Mbits/sec  0.311 ms  0/3729 (0%)  
[  5]  57.00-58.00  sec   368 KBytes  3.02 Mbits/sec  0.295 ms  0/3772 (0%)  
[  5]  58.00-59.00  sec   360 KBytes  2.95 Mbits/sec  0.334 ms  0/3690 (0%)  
[  5]  59.00-60.00  sec   361 KBytes  2.96 Mbits/sec  0.333 ms  0/3695 (0%)  
[  5]  60.00-61.00  sec   366 KBytes  2.99 Mbits/sec  0.338 ms  0/3744 (0%)  
[  5]  61.00-62.00  sec   368 KBytes  3.01 Mbits/sec  0.332 ms  0/3764 (0%)  
[  5]  62.00-63.00  sec   367 KBytes  3.00 Mbits/sec  0.333 ms  0/3754 (0%)  
[  5]  63.00-64.00  sec   352 KBytes  2.89 Mbits/sec  0.329 ms  0/3607 (0%)  
[  5]  64.00-65.00  sec   365 KBytes  2.99 Mbits/sec  0.355 ms  0/3741 (0%)  
[  5]  65.00-66.00  sec   368 KBytes  3.01 Mbits/sec  0.310 ms  0/3767 (0%)  
[  5]  66.00-67.00  sec   370 KBytes  3.03 Mbits/sec  0.384 ms  0/3787 (0%)  
[  5]  67.00-68.00  sec   370 KBytes  3.03 Mbits/sec  0.369 ms  0/3790 (0%)  
[  5]  68.00-69.00  sec   365 KBytes  2.99 Mbits/sec  0.289 ms  0/3735 (0%)  
[  5]  69.00-70.00  sec   360 KBytes  2.95 Mbits/sec  0.457 ms  0/3687 (0%)  
[  5]  70.00-71.00  sec   362 KBytes  2.97 Mbits/sec  0.420 ms  0/3708 (0%)  
[  5]  71.00-72.00  sec   358 KBytes  2.93 Mbits/sec  0.280 ms  0/3661 (0%)  
[  5]  72.00-73.00  sec   357 KBytes  2.93 Mbits/sec  0.381 ms  0/3658 (0%)  
[  5]  73.00-74.00  sec   358 KBytes  2.93 Mbits/sec  0.369 ms  0/3662 (0%)  
[  5]  74.00-75.00  sec   363 KBytes  2.97 Mbits/sec  0.368 ms  0/3718 (0%)  
[  5]  75.00-76.00  sec   366 KBytes  3.00 Mbits/sec  0.402 ms  0/3750 (0%)  
[  5]  76.00-77.00  sec   369 KBytes  3.02 Mbits/sec  0.341 ms  0/3776 (0%)  
[  5]  77.00-78.00  sec   369 KBytes  3.02 Mbits/sec  0.399 ms  0/3778 (0%)  
[  5]  78.00-79.00  sec   366 KBytes  3.00 Mbits/sec  0.382 ms  0/3752 (0%)  
[  5]  79.00-80.00  sec   354 KBytes  2.90 Mbits/sec  0.400 ms  0/3623 (0%)  
[  5]  80.00-81.00  sec   364 KBytes  2.98 Mbits/sec  0.334 ms  0/3726 (0%)  
[  5]  81.00-82.00  sec   369 KBytes  3.02 Mbits/sec  0.345 ms  0/3776 (0%)  
[  5]  82.00-83.00  sec   368 KBytes  3.02 Mbits/sec  0.303 ms  0/3773 (0%)  
[  5]  83.00-84.00  sec   369 KBytes  3.02 Mbits/sec  0.425 ms  0/3782 (0%)  
[  5]  84.00-85.00  sec   373 KBytes  3.06 Mbits/sec  0.341 ms  0/3822 (0%)  
[  5]  85.00-86.00  sec   365 KBytes  2.99 Mbits/sec  0.395 ms  0/3736 (0%)  
[  5]  86.00-87.00  sec   362 KBytes  2.97 Mbits/sec  0.365 ms  0/3709 (0%)  
[  5]  87.00-88.00  sec   357 KBytes  2.92 Mbits/sec  0.326 ms  0/3652 (0%)  
[  5]  88.00-89.00  sec   355 KBytes  2.91 Mbits/sec  0.356 ms  0/3639 (0%)  
[  5]  89.00-90.00  sec   363 KBytes  2.97 Mbits/sec  0.327 ms  0/3713 (0%)  
[  5]  90.00-91.00  sec   367 KBytes  3.00 Mbits/sec  0.294 ms  0/3754 (0%)  
[  5]  91.00-92.00  sec   366 KBytes  3.00 Mbits/sec  0.335 ms  0/3745 (0%)  
[  5]  92.00-93.00  sec   364 KBytes  2.98 Mbits/sec  0.404 ms  0/3731 (0%)  
[  5]  93.00-94.00  sec   367 KBytes  3.00 Mbits/sec  0.340 ms  0/3754 (0%)  
[  5]  94.00-95.00  sec   369 KBytes  3.02 Mbits/sec  0.408 ms  0/3777 (0%)  
[  5]  95.00-96.00  sec   352 KBytes  2.89 Mbits/sec  0.389 ms  0/3608 (0%)  
[  5]  96.00-97.00  sec   351 KBytes  2.88 Mbits/sec  0.458 ms  0/3598 (0%)  
[  5]  97.00-98.00  sec   352 KBytes  2.88 Mbits/sec  0.438 ms  0/3608 (0%)  
[  5]  98.00-99.00  sec   353 KBytes  2.89 Mbits/sec  0.333 ms  0/3615 (0%)  
[  5]  99.00-100.00 sec   353 KBytes  2.89 Mbits/sec  0.327 ms  0/3617 (0%)  
[  5] 100.00-101.00 sec   357 KBytes  2.93 Mbits/sec  0.326 ms  0/3658 (0%)  
[  5] 101.00-102.00 sec   350 KBytes  2.87 Mbits/sec  0.480 ms  0/3585 (0%)  
[  5] 102.00-103.00 sec   353 KBytes  2.89 Mbits/sec  0.407 ms  0/3616 (0%)  
[  5] 103.00-104.00 sec   331 KBytes  2.71 Mbits/sec  0.353 ms  0/3388 (0%)  
[  5] 104.00-105.00 sec   348 KBytes  2.85 Mbits/sec  0.393 ms  0/3562 (0%)  
[  5] 105.00-106.00 sec   352 KBytes  2.88 Mbits/sec  0.351 ms  0/3604 (0%)  
[  5] 106.00-107.00 sec   364 KBytes  2.98 Mbits/sec  0.454 ms  0/3731 (0%)  
[  5] 107.00-108.00 sec   368 KBytes  3.02 Mbits/sec  0.352 ms  0/3771 (0%)  
[  5] 108.00-109.00 sec   367 KBytes  3.01 Mbits/sec  0.294 ms  0/3763 (0%)  
[  5] 109.00-110.00 sec   371 KBytes  3.04 Mbits/sec  0.355 ms  0/3799 (0%)  
[  5] 110.00-111.00 sec   350 KBytes  2.87 Mbits/sec  0.354 ms  0/3581 (0%)  
[  5] 111.00-112.00 sec   364 KBytes  2.98 Mbits/sec  0.387 ms  0/3723 (0%)  
[  5] 112.00-113.00 sec   366 KBytes  3.00 Mbits/sec  0.356 ms  0/3748 (0%)  
[  5] 113.00-114.00 sec   362 KBytes  2.97 Mbits/sec  0.352 ms  0/3712 (0%)  
[  5] 114.00-115.00 sec   365 KBytes  2.99 Mbits/sec  0.355 ms  0/3742 (0%)  
[  5] 115.00-116.00 sec   361 KBytes  2.95 Mbits/sec  0.385 ms  0/3693 (0%)  
[  5] 116.00-117.00 sec   367 KBytes  3.01 Mbits/sec  0.374 ms  0/3760 (0%)  
[  5] 117.00-118.00 sec   362 KBytes  2.96 Mbits/sec  0.437 ms  0/3707 (0%)  
[  5] 118.00-119.00 sec   363 KBytes  2.98 Mbits/sec  0.411 ms  0/3722 (0%)  
[  5] 119.00-120.00 sec   363 KBytes  2.97 Mbits/sec  0.339 ms  0/3717 (0%)  
[  5] 120.00-121.00 sec   357 KBytes  2.92 Mbits/sec  0.373 ms  0/3654 (0%)  
[  5] 121.00-122.00 sec   355 KBytes  2.91 Mbits/sec  0.454 ms  125/3760 (3.3%)  
[  5] 122.00-123.00 sec   368 KBytes  3.01 Mbits/sec  0.340 ms  0/3767 (0%)  
[  5] 123.00-124.00 sec   365 KBytes  2.99 Mbits/sec  0.409 ms  0/3743 (0%)  
[  5] 124.00-125.00 sec   360 KBytes  2.94 Mbits/sec  0.300 ms  0/3683 (0%)  
[  5] 125.00-126.00 sec   361 KBytes  2.96 Mbits/sec  0.329 ms  0/3698 (0%)  
[  5] 126.00-127.00 sec   356 KBytes  2.92 Mbits/sec  0.391 ms  0/3650 (0%)  
[  5] 127.00-128.00 sec   350 KBytes  2.87 Mbits/sec  0.302 ms  0/3589 (0%)  
[  5] 128.00-129.00 sec   346 KBytes  2.83 Mbits/sec  0.414 ms  0/3539 (0%)  
[  5] 129.00-130.00 sec   359 KBytes  2.94 Mbits/sec  0.291 ms  0/3672 (0%)  
[  5] 130.00-131.00 sec   365 KBytes  2.99 Mbits/sec  0.424 ms  0/3735 (0%)  
[  5] 131.00-132.00 sec   362 KBytes  2.96 Mbits/sec  0.324 ms  0/3704 (0%)  
[  5] 132.00-133.00 sec   367 KBytes  3.01 Mbits/sec  0.345 ms  0/3762 (0%)  
[  5] 133.00-134.00 sec   366 KBytes  3.00 Mbits/sec  0.330 ms  0/3746 (0%)  
[  5] 134.00-135.00 sec   301 KBytes  2.46 Mbits/sec  0.213 ms  293/3375 (8.7%)  
[  5] 135.00-136.00 sec   354 KBytes  2.90 Mbits/sec  0.214 ms  834/4463 (19%)  
[  5] 136.00-137.00 sec   278 KBytes  2.28 Mbits/sec  0.218 ms  1185/4036 (29%)  
[  5] 137.00-138.00 sec   351 KBytes  2.88 Mbits/sec  0.255 ms  842/4439 (19%)  
[  5] 138.00-139.00 sec   358 KBytes  2.94 Mbits/sec  0.233 ms  842/4512 (19%)  
[  5] 139.00-140.00 sec   358 KBytes  2.94 Mbits/sec  0.217 ms  922/4593 (20%)  
[  5] 140.00-141.00 sec   354 KBytes  2.90 Mbits/sec  0.213 ms  856/4482 (19%)  
[  5] 141.00-142.00 sec   339 KBytes  2.78 Mbits/sec  0.385 ms  1200/4669 (26%)  
[  5] 142.00-143.00 sec   342 KBytes  2.80 Mbits/sec  0.217 ms  1078/4584 (24%)  
[  5] 143.00-144.00 sec   362 KBytes  2.97 Mbits/sec  0.209 ms  845/4556 (19%)  
[  5] 144.00-145.00 sec   367 KBytes  3.00 Mbits/sec  0.216 ms  804/4559 (18%)  
[  5] 145.00-146.00 sec   301 KBytes  2.47 Mbits/sec  0.220 ms  786/3871 (20%)  
[  5] 146.00-147.00 sec   343 KBytes  2.81 Mbits/sec  0.223 ms  867/4380 (20%)  
[  5] 147.00-148.00 sec   336 KBytes  2.75 Mbits/sec  0.222 ms  1392/4830 (29%)  
[  5] 148.00-149.00 sec   362 KBytes  2.97 Mbits/sec  0.216 ms  1068/4779 (22%)  
[  5] 149.00-150.00 sec   362 KBytes  2.96 Mbits/sec  0.261 ms  1007/4711 (21%)  
[  5] 150.00-151.00 sec   362 KBytes  2.97 Mbits/sec  0.219 ms  777/4485 (17%)  
[  5] 151.00-152.00 sec   340 KBytes  2.78 Mbits/sec  0.218 ms  1120/4600 (24%)  
[  5] 152.00-153.00 sec   339 KBytes  2.78 Mbits/sec  0.214 ms  1033/4505 (23%)  
[  5] 153.00-154.00 sec   357 KBytes  2.92 Mbits/sec  0.202 ms  891/4542 (20%)  
[  5] 154.00-155.00 sec   349 KBytes  2.86 Mbits/sec  0.218 ms  872/4441 (20%)  
[  5] 155.00-156.00 sec   347 KBytes  2.85 Mbits/sec  0.201 ms  1083/4641 (23%)  
[  5] 156.00-157.00 sec   358 KBytes  2.94 Mbits/sec  0.471 ms  891/4561 (20%)  
[  5] 157.00-158.00 sec   325 KBytes  2.66 Mbits/sec  0.240 ms  955/4284 (22%)  
[  5] 158.00-159.00 sec   308 KBytes  2.53 Mbits/sec  0.215 ms  1330/4485 (30%)  
[  5] 159.00-160.00 sec   335 KBytes  2.75 Mbits/sec  0.220 ms  1028/4463 (23%)  
[  5] 160.00-161.00 sec   340 KBytes  2.78 Mbits/sec  0.240 ms  784/4265 (18%)  
[  5] 161.00-162.00 sec   362 KBytes  2.97 Mbits/sec  0.220 ms  988/4696 (21%)  
[  5] 162.00-163.00 sec   335 KBytes  2.74 Mbits/sec  0.207 ms  1154/4584 (25%)  
[  5] 163.00-164.00 sec   344 KBytes  2.82 Mbits/sec  0.297 ms  863/4390 (20%)  
[  5] 164.00-165.00 sec   339 KBytes  2.78 Mbits/sec  0.213 ms  1075/4551 (24%)  
[  5] 165.00-166.00 sec   365 KBytes  2.99 Mbits/sec  0.215 ms  1070/4804 (22%)  
[  5] 166.00-167.00 sec   362 KBytes  2.97 Mbits/sec  0.278 ms  952/4660 (20%)  
[  5] 167.00-168.00 sec   359 KBytes  2.94 Mbits/sec  0.215 ms  964/4644 (21%)  
[  5] 168.00-169.00 sec   322 KBytes  2.64 Mbits/sec  0.215 ms  1203/4499 (27%)  
[  5] 169.00-170.00 sec   336 KBytes  2.75 Mbits/sec  0.260 ms  1194/4635 (26%)  
[  5] 170.00-171.00 sec   299 KBytes  2.45 Mbits/sec  0.261 ms  791/3857 (21%)  
[  5] 171.00-172.00 sec   354 KBytes  2.90 Mbits/sec  0.221 ms  875/4502 (19%)  
[  5] 172.00-173.00 sec   339 KBytes  2.78 Mbits/sec  0.226 ms  1155/4623 (25%)  
[  5] 173.00-174.00 sec   328 KBytes  2.69 Mbits/sec  0.217 ms  1208/4570 (26%)  
[  5] 174.00-175.00 sec   319 KBytes  2.61 Mbits/sec  0.215 ms  1370/4633 (30%)  
[  5] 175.00-176.00 sec   349 KBytes  2.86 Mbits/sec  0.213 ms  858/4435 (19%)  
[  5] 176.00-177.00 sec   336 KBytes  2.75 Mbits/sec  0.228 ms  999/4444 (22%)  
[  5] 177.00-178.00 sec   288 KBytes  2.36 Mbits/sec  0.226 ms  764/3719 (21%)  
[  5] 178.00-179.00 sec   349 KBytes  2.86 Mbits/sec  0.205 ms  1333/4909 (27%)  
[  5] 179.00-180.00 sec   359 KBytes  2.94 Mbits/sec  0.211 ms  796/4477 (18%)  
[  5] 180.00-181.00 sec   346 KBytes  2.83 Mbits/sec  0.215 ms  926/4464 (21%)  
[  5] 181.00-182.00 sec   358 KBytes  2.93 Mbits/sec  0.244 ms  1031/4697 (22%)  
[  5] 182.00-183.00 sec   365 KBytes  2.99 Mbits/sec  0.232 ms  1030/4771 (22%)  
[  5] 183.00-184.00 sec   362 KBytes  2.97 Mbits/sec  0.219 ms  824/4532 (18%)  
[  5] 184.00-185.00 sec   362 KBytes  2.96 Mbits/sec  0.212 ms  884/4587 (19%)  
[  5] 185.00-186.00 sec   362 KBytes  2.97 Mbits/sec  0.208 ms  694/4402 (16%)  
[  5] 186.00-187.00 sec   350 KBytes  2.87 Mbits/sec  0.200 ms  973/4556 (21%)  
[  5] 187.00-188.00 sec   356 KBytes  2.92 Mbits/sec  0.218 ms  837/4485 (19%)  
[  5] 188.00-189.00 sec   351 KBytes  2.87 Mbits/sec  0.238 ms  805/4398 (18%)  
[  5] 189.00-190.00 sec   288 KBytes  2.36 Mbits/sec  0.232 ms  1072/4022 (27%)  
[  5] 190.00-191.00 sec   362 KBytes  2.97 Mbits/sec  0.227 ms  881/4590 (19%)  
[  5] 191.00-192.00 sec   370 KBytes  3.03 Mbits/sec  0.216 ms  882/4667 (19%)  
[  5] 192.00-193.00 sec   309 KBytes  2.53 Mbits/sec  0.187 ms  846/4011 (21%)  
[  5] 193.00-194.00 sec   348 KBytes  2.85 Mbits/sec  0.228 ms  829/4393 (19%)  
[  5] 194.00-195.00 sec   323 KBytes  2.65 Mbits/sec  0.342 ms  992/4304 (23%)  
[  5] 195.00-196.00 sec   348 KBytes  2.85 Mbits/sec  0.349 ms  822/4386 (19%)  
[  5] 196.00-197.00 sec   366 KBytes  3.00 Mbits/sec  0.204 ms  901/4653 (19%)  
[  5] 197.00-198.00 sec   360 KBytes  2.95 Mbits/sec  0.274 ms  840/4523 (19%)  
[  5] 198.00-199.00 sec   364 KBytes  2.98 Mbits/sec  0.216 ms  901/4626 (19%)  
[  5] 199.00-200.00 sec   362 KBytes  2.97 Mbits/sec  0.218 ms  760/4468 (17%)  
[  5] 200.00-201.00 sec   326 KBytes  2.67 Mbits/sec  0.237 ms  1049/4388 (24%)  
[  5] 201.00-202.00 sec   348 KBytes  2.85 Mbits/sec  0.219 ms  1051/4618 (23%)  
[  5] 202.00-203.00 sec   301 KBytes  2.47 Mbits/sec  0.216 ms  833/3918 (21%)  
[  5] 203.00-204.00 sec   366 KBytes  3.00 Mbits/sec  0.238 ms  763/4512 (17%)  
[  5] 204.00-205.00 sec   350 KBytes  2.87 Mbits/sec  0.176 ms  936/4520 (21%)  
[  5] 205.00-206.00 sec   340 KBytes  2.79 Mbits/sec  0.214 ms  996/4480 (22%)  
[  5] 206.00-207.00 sec   361 KBytes  2.96 Mbits/sec  0.211 ms  815/4512 (18%)  
[  5] 207.00-208.00 sec   362 KBytes  2.97 Mbits/sec  0.214 ms  945/4653 (20%)  
[  5] 208.00-209.00 sec   360 KBytes  2.95 Mbits/sec  0.219 ms  895/4583 (20%)  
[  5] 209.00-210.00 sec   359 KBytes  2.94 Mbits/sec  0.221 ms  839/4511 (19%)  
[  5] 210.00-211.00 sec   370 KBytes  3.03 Mbits/sec  0.208 ms  975/4765 (20%)  
[  5] 211.00-212.00 sec   346 KBytes  2.83 Mbits/sec  0.221 ms  1159/4700 (25%)  
[  5] 212.00-213.00 sec   359 KBytes  2.94 Mbits/sec  0.223 ms  1107/4783 (23%)  
[  5] 213.00-214.00 sec   356 KBytes  2.92 Mbits/sec  0.220 ms  945/4595 (21%)  
[  5] 214.00-215.00 sec   346 KBytes  2.83 Mbits/sec  0.221 ms  1240/4782 (26%)  
[  5] 215.00-216.00 sec   362 KBytes  2.97 Mbits/sec  0.219 ms  1099/4811 (23%)  
[  5] 216.00-217.00 sec   350 KBytes  2.87 Mbits/sec  0.216 ms  995/4580 (22%)  
[  5] 217.00-218.00 sec   285 KBytes  2.34 Mbits/sec  0.202 ms  1080/4003 (27%)  
[  5] 218.00-219.00 sec   362 KBytes  2.97 Mbits/sec  0.218 ms  818/4526 (18%)  
[  5] 219.00-220.00 sec   353 KBytes  2.89 Mbits/sec  0.238 ms  984/4599 (21%)  
[  5] 220.00-221.00 sec   349 KBytes  2.86 Mbits/sec  0.219 ms  849/4427 (19%)  
[  5] 221.00-222.00 sec   371 KBytes  3.04 Mbits/sec  0.213 ms  850/4654 (18%)  
[  5] 222.00-223.00 sec   312 KBytes  2.56 Mbits/sec  0.220 ms  788/3981 (20%)  
[  5] 223.00-224.00 sec   411 KBytes  3.37 Mbits/sec  0.206 ms  1078/5290 (20%)  
[  5] 224.00-225.00 sec   359 KBytes  2.94 Mbits/sec  0.241 ms  843/4517 (19%)  
[  5] 225.00-226.00 sec   333 KBytes  2.73 Mbits/sec  0.216 ms  1231/4638 (27%)  
[  5] 226.00-227.00 sec   321 KBytes  2.63 Mbits/sec  0.356 ms  890/4178 (21%)  
[  5] 227.00-228.00 sec   352 KBytes  2.89 Mbits/sec  0.215 ms  755/4363 (17%)  
[  5] 228.00-229.00 sec   338 KBytes  2.77 Mbits/sec  0.219 ms  979/4442 (22%)  
[  5] 229.00-230.00 sec   360 KBytes  2.95 Mbits/sec  0.211 ms  919/4604 (20%)  
[  5] 230.00-231.00 sec   344 KBytes  2.81 Mbits/sec  1.879 ms  1057/4575 (23%)  
[  5] 231.00-232.00 sec   335 KBytes  2.74 Mbits/sec  0.214 ms  1073/4499 (24%)  
[  5] 232.00-233.00 sec   370 KBytes  3.03 Mbits/sec  0.218 ms  774/4561 (17%)  
[  5] 233.00-234.00 sec   356 KBytes  2.92 Mbits/sec  0.216 ms  769/4414 (17%)  
[  5] 234.00-235.00 sec   363 KBytes  2.97 Mbits/sec  0.213 ms  791/4509 (18%)  
[  5] 235.00-236.00 sec   329 KBytes  2.69 Mbits/sec  0.208 ms  1025/4391 (23%)  
[  5] 236.00-237.00 sec   325 KBytes  2.66 Mbits/sec  0.224 ms  733/4056 (18%)  
[  5] 237.00-238.00 sec   358 KBytes  2.93 Mbits/sec  0.215 ms  817/4478 (18%)  
[  5] 238.00-239.00 sec   352 KBytes  2.89 Mbits/sec  0.215 ms  1123/4732 (24%)  
[  5] 239.00-240.00 sec   354 KBytes  2.90 Mbits/sec  0.213 ms  1092/4714 (23%)  
[  5] 240.00-241.00 sec   371 KBytes  3.04 Mbits/sec  0.216 ms  867/4667 (19%)  
[  5] 241.00-242.00 sec   362 KBytes  2.97 Mbits/sec  0.210 ms  786/4494 (17%)  
[  5] 242.00-243.00 sec   360 KBytes  2.95 Mbits/sec  0.216 ms  843/4534 (19%)  
[  5] 243.00-244.00 sec   361 KBytes  2.96 Mbits/sec  0.216 ms  832/4532 (18%)  
[  5] 244.00-245.00 sec   362 KBytes  2.97 Mbits/sec  0.213 ms  647/4355 (15%)  
[  5] 245.00-246.00 sec   361 KBytes  2.96 Mbits/sec  0.219 ms  818/4511 (18%)  
[  5] 246.00-247.00 sec   339 KBytes  2.77 Mbits/sec  0.224 ms  777/4244 (18%)  
[  5] 247.00-248.00 sec   319 KBytes  2.61 Mbits/sec  0.218 ms  1069/4331 (25%)  
[  5] 248.00-249.00 sec   359 KBytes  2.94 Mbits/sec  0.211 ms  835/4511 (19%)  
[  5] 249.00-250.00 sec   314 KBytes  2.57 Mbits/sec  0.217 ms  733/3944 (19%)  
[  5] 250.00-251.00 sec   368 KBytes  3.02 Mbits/sec  0.216 ms  831/4604 (18%)  
[  5] 251.00-252.00 sec   329 KBytes  2.70 Mbits/sec  0.216 ms  1038/4412 (24%)  
[  5] 252.00-253.00 sec   317 KBytes  2.60 Mbits/sec  0.252 ms  866/4112 (21%)  
[  5] 253.00-254.00 sec   329 KBytes  2.69 Mbits/sec  0.241 ms  1112/4478 (25%)  
[  5] 254.00-255.00 sec   371 KBytes  3.04 Mbits/sec  0.238 ms  848/4648 (18%)  
[  5] 255.00-256.00 sec   350 KBytes  2.86 Mbits/sec  0.220 ms  945/4527 (21%)  
[  5] 256.00-257.00 sec   336 KBytes  2.76 Mbits/sec  0.199 ms  935/4380 (21%)  
[  5] 257.00-258.00 sec   317 KBytes  2.60 Mbits/sec  0.280 ms  978/4224 (23%)  
[  5] 258.00-259.00 sec   361 KBytes  2.96 Mbits/sec  0.219 ms  784/4481 (17%)  
[  5] 259.00-260.00 sec   370 KBytes  3.03 Mbits/sec  0.245 ms  804/4597 (17%)  
[  5] 260.00-261.00 sec   362 KBytes  2.97 Mbits/sec  0.207 ms  781/4489 (17%)  
[  5] 261.00-262.00 sec   360 KBytes  2.95 Mbits/sec  0.203 ms  748/4438 (17%)  
[  5] 262.00-263.00 sec   347 KBytes  2.84 Mbits/sec  0.339 ms  976/4525 (22%)  
[  5] 263.00-264.00 sec   351 KBytes  2.88 Mbits/sec  0.239 ms  978/4577 (21%)  
[  5] 264.00-265.00 sec   359 KBytes  2.94 Mbits/sec  0.310 ms  979/4655 (21%)  
[  5] 265.00-266.00 sec   362 KBytes  2.97 Mbits/sec  0.212 ms  840/4548 (18%)  
[  5] 266.00-267.00 sec   326 KBytes  2.67 Mbits/sec  0.215 ms  628/3966 (16%)  
[  5] 267.00-268.00 sec   362 KBytes  2.96 Mbits/sec  0.226 ms  827/4531 (18%)  
[  5] 268.00-269.00 sec   371 KBytes  3.04 Mbits/sec  0.199 ms  877/4681 (19%)  
[  5] 269.00-270.00 sec   349 KBytes  2.86 Mbits/sec  0.210 ms  1041/4619 (23%)  
[  5] 270.00-271.00 sec   362 KBytes  2.97 Mbits/sec  0.197 ms  1159/4867 (24%)  
[  5] 271.00-272.00 sec   349 KBytes  2.86 Mbits/sec  0.211 ms  1283/4855 (26%)  
[  5] 272.00-273.00 sec   346 KBytes  2.84 Mbits/sec  0.226 ms  1122/4666 (24%)  
[  5] 273.00-274.00 sec   367 KBytes  3.01 Mbits/sec  0.215 ms  923/4681 (20%)  
[  5] 274.00-275.00 sec   362 KBytes  2.97 Mbits/sec  0.211 ms  821/4529 (18%)  
[  5] 275.00-276.00 sec   322 KBytes  2.64 Mbits/sec  0.226 ms  790/4087 (19%)  
[  5] 276.00-277.00 sec   349 KBytes  2.86 Mbits/sec  0.268 ms  969/4541 (21%)  
[  5] 277.00-278.00 sec   345 KBytes  2.82 Mbits/sec  0.219 ms  1081/4610 (23%)  
[  5] 278.00-279.00 sec   371 KBytes  3.04 Mbits/sec  0.221 ms  900/4700 (19%)  
[  5] 279.00-280.00 sec   361 KBytes  2.96 Mbits/sec  0.207 ms  1039/4734 (22%)  
[  5] 280.00-281.00 sec   369 KBytes  3.03 Mbits/sec  0.208 ms  900/4681 (19%)  
[  5] 281.00-282.00 sec   283 KBytes  2.32 Mbits/sec  4.372 ms  1001/3903 (26%)  
[  5] 282.00-283.00 sec   351 KBytes  2.88 Mbits/sec  0.221 ms  964/4560 (21%)  
[  5] 283.00-284.00 sec   362 KBytes  2.97 Mbits/sec  0.218 ms  770/4479 (17%)  
[  5] 284.00-285.00 sec   362 KBytes  2.96 Mbits/sec  0.223 ms  883/4587 (19%)  
[  5] 285.00-286.00 sec   359 KBytes  2.94 Mbits/sec  0.202 ms  753/4432 (17%)  
[  5] 286.00-287.00 sec   317 KBytes  2.60 Mbits/sec  0.274 ms  650/3895 (17%)  
[  5] 287.00-288.00 sec   361 KBytes  2.95 Mbits/sec  0.218 ms  1004/4697 (21%)  
[  5] 288.00-289.00 sec   356 KBytes  2.92 Mbits/sec  0.215 ms  907/4552 (20%)  
[  5] 289.00-290.00 sec   360 KBytes  2.95 Mbits/sec  0.217 ms  927/4610 (20%)  
[  5] 290.00-291.00 sec   361 KBytes  2.96 Mbits/sec  0.220 ms  736/4430 (17%)  
[  5] 291.00-292.00 sec   326 KBytes  2.67 Mbits/sec  0.203 ms  664/4001 (17%)  
[  5] 292.00-293.00 sec   349 KBytes  2.86 Mbits/sec  0.217 ms  869/4439 (20%)  
[  5] 293.00-294.00 sec   371 KBytes  3.04 Mbits/sec  0.217 ms  737/4537 (16%)  
[  5] 294.00-295.00 sec   352 KBytes  2.88 Mbits/sec  0.217 ms  944/4547 (21%)  
[  5] 295.00-296.00 sec   325 KBytes  2.66 Mbits/sec  0.214 ms  796/4121 (19%)  
[  5] 296.00-297.00 sec   360 KBytes  2.95 Mbits/sec  0.233 ms  970/4654 (21%)  
[  5] 297.00-298.00 sec   359 KBytes  2.94 Mbits/sec  0.226 ms  1063/4742 (22%)  
[  5] 298.00-299.00 sec   350 KBytes  2.86 Mbits/sec  0.267 ms  1050/4629 (23%)  
[  5] 299.00-300.00 sec   330 KBytes  2.71 Mbits/sec  0.220 ms  957/4341 (22%)  
[  5] 300.00-301.00 sec   347 KBytes  2.84 Mbits/sec  0.217 ms  1118/4673 (24%)  
[  5] 301.00-302.00 sec   332 KBytes  2.72 Mbits/sec  0.227 ms  1147/4547 (25%)  
[  5] 302.00-303.00 sec   351 KBytes  2.88 Mbits/sec  0.251 ms  903/4498 (20%)  
[  5] 303.00-304.00 sec   356 KBytes  2.91 Mbits/sec  0.212 ms  1096/4737 (23%)  
[  5] 304.00-305.00 sec   353 KBytes  2.89 Mbits/sec  0.210 ms  996/4611 (22%)  
[  5] 305.00-306.00 sec   369 KBytes  3.02 Mbits/sec  0.217 ms  945/4721 (20%)  
[  5] 306.00-307.00 sec   317 KBytes  2.60 Mbits/sec  0.219 ms  712/3958 (18%)  
[  5] 307.00-308.00 sec   371 KBytes  3.04 Mbits/sec  0.206 ms  841/4641 (18%)  
[  5] 308.00-309.00 sec   356 KBytes  2.92 Mbits/sec  0.216 ms  924/4574 (20%)  
[  5] 309.00-310.00 sec   356 KBytes  2.92 Mbits/sec  0.233 ms  942/4589 (21%)  
[  5] 310.00-311.00 sec   362 KBytes  2.97 Mbits/sec  0.219 ms  920/4628 (20%)  
[  5] 311.00-312.00 sec   326 KBytes  2.67 Mbits/sec  0.217 ms  769/4106 (19%)  
[  5] 312.00-313.00 sec   362 KBytes  2.97 Mbits/sec  0.219 ms  960/4668 (21%)  
[  5] 313.00-314.00 sec   341 KBytes  2.79 Mbits/sec  0.215 ms  1139/4630 (25%)  
[  5] 314.00-315.00 sec   358 KBytes  2.94 Mbits/sec  0.202 ms  1067/4734 (23%)  
[  5] 315.00-316.00 sec   311 KBytes  2.55 Mbits/sec  0.314 ms  745/3932 (19%)  
[  5] 316.00-317.00 sec   371 KBytes  3.04 Mbits/sec  0.218 ms  824/4624 (18%)  
[  5] 317.00-318.00 sec   315 KBytes  2.58 Mbits/sec  0.217 ms  666/3887 (17%)  
[  5] 318.00-319.00 sec   345 KBytes  2.83 Mbits/sec  0.219 ms  910/4444 (20%)  
[  5] 319.00-320.00 sec   303 KBytes  2.48 Mbits/sec  0.221 ms  864/3969 (22%)  
[  5] 320.00-321.00 sec   312 KBytes  2.56 Mbits/sec  0.215 ms  736/3927 (19%)  
[  5] 321.00-322.00 sec   326 KBytes  2.67 Mbits/sec  0.216 ms  737/4074 (18%)  
[  5] 322.00-323.00 sec   315 KBytes  2.58 Mbits/sec  0.223 ms  1224/4446 (28%)  
[  5] 323.00-324.00 sec   326 KBytes  2.67 Mbits/sec  0.285 ms  730/4065 (18%)  
[  5] 324.00-325.00 sec   291 KBytes  2.38 Mbits/sec  0.221 ms  995/3973 (25%)  
[  5] 325.00-326.00 sec   319 KBytes  2.62 Mbits/sec  0.215 ms  833/4101 (20%)  
[  5] 326.00-327.00 sec   359 KBytes  2.94 Mbits/sec  0.219 ms  857/4538 (19%)  
[  5] 327.00-328.00 sec   313 KBytes  2.57 Mbits/sec  0.217 ms  746/3956 (19%)  
[  5] 328.00-329.00 sec   332 KBytes  2.72 Mbits/sec  0.207 ms  1309/4712 (28%)  
[  5] 329.00-330.00 sec   342 KBytes  2.80 Mbits/sec  0.216 ms  1092/4598 (24%)  
[  5] 330.00-331.00 sec   322 KBytes  2.64 Mbits/sec  0.217 ms  833/4127 (20%)  
[  5] 331.00-332.00 sec   338 KBytes  2.77 Mbits/sec  0.308 ms  968/4429 (22%)  
[  5] 332.00-333.00 sec   324 KBytes  2.65 Mbits/sec  0.214 ms  874/4194 (21%)  
[  5] 333.00-334.00 sec   306 KBytes  2.51 Mbits/sec  0.192 ms  972/4110 (24%)  
[  5] 334.00-335.00 sec   362 KBytes  2.97 Mbits/sec  0.199 ms  870/4578 (19%)  
[  5] 335.00-336.00 sec   359 KBytes  2.94 Mbits/sec  0.229 ms  895/4573 (20%)  
[  5] 336.00-337.00 sec   311 KBytes  2.55 Mbits/sec  0.221 ms  877/4060 (22%)  
[  5] 337.00-338.00 sec   371 KBytes  3.04 Mbits/sec  0.218 ms  966/4770 (20%)  
[  5] 338.00-339.00 sec   317 KBytes  2.59 Mbits/sec  0.251 ms  722/3963 (18%)  
[  5] 339.00-340.00 sec   339 KBytes  2.77 Mbits/sec  0.220 ms  1439/4906 (29%)  
[  5] 340.00-341.00 sec   308 KBytes  2.53 Mbits/sec  0.193 ms  1141/4299 (27%)  
[  5] 341.00-342.00 sec   308 KBytes  2.53 Mbits/sec  0.217 ms  1074/4232 (25%)  
[  5] 342.00-343.00 sec   369 KBytes  3.02 Mbits/sec  0.224 ms  1258/5034 (25%)  
[  5] 343.00-344.00 sec   317 KBytes  2.60 Mbits/sec  0.346 ms  1248/4493 (28%)  
[  5] 344.00-345.00 sec   358 KBytes  2.94 Mbits/sec  0.196 ms  1253/4923 (25%)  
[  5] 345.00-346.00 sec   371 KBytes  3.04 Mbits/sec  0.212 ms  1396/5196 (27%)  
[  5] 346.00-347.00 sec   316 KBytes  2.59 Mbits/sec  0.212 ms  1195/4427 (27%)  
[  5] 347.00-348.00 sec   319 KBytes  2.61 Mbits/sec  0.219 ms  1575/4840 (33%)  
[  5] 348.00-349.00 sec   297 KBytes  2.43 Mbits/sec  0.235 ms  995/4034 (25%)  
[  5] 349.00-350.00 sec   281 KBytes  2.30 Mbits/sec  0.222 ms  785/3659 (21%)  
[  5] 350.00-351.00 sec   312 KBytes  2.56 Mbits/sec  0.219 ms  917/4117 (22%)  
[  5] 351.00-352.00 sec   317 KBytes  2.59 Mbits/sec  0.219 ms  830/4072 (20%)  
[  5] 352.00-353.00 sec   371 KBytes  3.04 Mbits/sec  0.213 ms  975/4776 (20%)  
[  5] 353.00-354.00 sec   317 KBytes  2.59 Mbits/sec  0.232 ms  923/4164 (22%)  
[  5] 354.00-355.00 sec   270 KBytes  2.21 Mbits/sec  0.232 ms  1466/4230 (35%)  
[  5] 355.00-356.00 sec   326 KBytes  2.67 Mbits/sec  0.221 ms  984/4321 (23%)  
[  5] 356.00-357.00 sec   312 KBytes  2.55 Mbits/sec  0.213 ms  993/4186 (24%)  
[  5] 357.00-358.00 sec   359 KBytes  2.94 Mbits/sec  0.244 ms  1139/4820 (24%)  
[  5] 358.00-359.00 sec   310 KBytes  2.54 Mbits/sec  0.214 ms  907/4083 (22%)  
[  5] 359.00-360.00 sec   358 KBytes  2.93 Mbits/sec  0.213 ms  1020/4683 (22%)  
[  5] 360.00-361.00 sec   319 KBytes  2.61 Mbits/sec  0.286 ms  974/4241 (23%)  
[  5] 361.00-362.00 sec   355 KBytes  2.91 Mbits/sec  0.231 ms  1201/4840 (25%)  
[  5] 362.00-363.00 sec   310 KBytes  2.54 Mbits/sec  0.196 ms  1040/4213 (25%)  
[  5] 363.00-364.00 sec   336 KBytes  2.75 Mbits/sec  0.251 ms  1603/5044 (32%)  
[  5] 364.00-365.00 sec   290 KBytes  2.38 Mbits/sec  0.226 ms  1240/4212 (29%)  
[  5] 365.00-366.00 sec   311 KBytes  2.55 Mbits/sec  0.218 ms  1035/4224 (25%)  
[  5] 366.00-367.00 sec   323 KBytes  2.64 Mbits/sec  0.240 ms  1056/4362 (24%)  
[  5] 367.00-368.00 sec   326 KBytes  2.67 Mbits/sec  0.228 ms  1148/4485 (26%)  
[  5] 368.00-369.00 sec   331 KBytes  2.71 Mbits/sec  0.218 ms  1288/4678 (28%)  
[  5] 369.00-370.00 sec   315 KBytes  2.58 Mbits/sec  0.227 ms  928/4153 (22%)  
[  5] 370.00-371.00 sec   339 KBytes  2.78 Mbits/sec  0.217 ms  1502/4976 (30%)  
[  5] 371.00-372.00 sec   308 KBytes  2.53 Mbits/sec  0.207 ms  1487/4643 (32%)  
[  5] 372.00-373.00 sec   339 KBytes  2.78 Mbits/sec  0.228 ms  1877/5352 (35%)  
[  5] 373.00-374.00 sec   321 KBytes  2.63 Mbits/sec  0.215 ms  1180/4464 (26%)  
[  5] 374.00-375.00 sec   303 KBytes  2.48 Mbits/sec  0.214 ms  1226/4331 (28%)  
[  5] 375.00-376.00 sec   356 KBytes  2.91 Mbits/sec  0.262 ms  1332/4973 (27%)  
[  5] 376.00-377.00 sec   325 KBytes  2.66 Mbits/sec  0.746 ms  1343/4668 (29%)  
[  5] 377.00-378.00 sec   294 KBytes  2.41 Mbits/sec  0.216 ms  1358/4365 (31%)  
[  5] 378.00-379.00 sec   371 KBytes  3.04 Mbits/sec  0.219 ms  1503/5307 (28%)  
[  5] 379.00-380.00 sec   316 KBytes  2.59 Mbits/sec  0.200 ms  899/4137 (22%)  
[  5] 380.00-381.00 sec   307 KBytes  2.51 Mbits/sec  0.222 ms  1205/4348 (28%)  
[  5] 381.00-382.00 sec   311 KBytes  2.55 Mbits/sec  0.220 ms  907/4095 (22%)  
[  5] 382.00-383.00 sec   352 KBytes  2.88 Mbits/sec  0.221 ms  1219/4819 (25%)  
[  5] 383.00-384.00 sec   295 KBytes  2.41 Mbits/sec  0.221 ms  1393/4409 (32%)  
[  5] 384.00-385.00 sec   351 KBytes  2.88 Mbits/sec  0.204 ms  1162/4757 (24%)  
[  5] 385.00-386.00 sec   322 KBytes  2.64 Mbits/sec  0.224 ms  938/4239 (22%)  
[  5] 386.00-387.00 sec   333 KBytes  2.72 Mbits/sec  0.252 ms  1361/4770 (29%)  
[  5] 387.00-388.00 sec   308 KBytes  2.52 Mbits/sec  0.248 ms  1128/4280 (26%)  
[  5] 388.00-389.00 sec   255 KBytes  2.08 Mbits/sec  0.206 ms  1076/3683 (29%)  
[  5] 389.00-390.00 sec   317 KBytes  2.59 Mbits/sec  0.215 ms  858/4099 (21%)  
[  5] 390.00-391.00 sec   317 KBytes  2.60 Mbits/sec  0.194 ms  958/4204 (23%)  
[  5] 391.00-392.00 sec   326 KBytes  2.67 Mbits/sec  0.215 ms  994/4331 (23%)  
[  5] 392.00-393.00 sec   336 KBytes  2.75 Mbits/sec  0.249 ms  1194/4636 (26%)  
[  5] 393.00-394.00 sec   326 KBytes  2.67 Mbits/sec  0.216 ms  1021/4358 (23%)  
[  5] 394.00-395.00 sec   311 KBytes  2.55 Mbits/sec  0.775 ms  982/4165 (24%)  
[  5] 395.00-396.00 sec   293 KBytes  2.40 Mbits/sec  0.272 ms  1442/4445 (32%)  
[  5] 396.00-397.00 sec   296 KBytes  2.42 Mbits/sec  0.214 ms  1189/4220 (28%)  
[  5] 397.00-398.00 sec   295 KBytes  2.42 Mbits/sec  0.523 ms  1284/4306 (30%)  
[  5] 398.00-399.00 sec   310 KBytes  2.54 Mbits/sec  0.221 ms  910/4088 (22%)  
[  5] 399.00-400.00 sec   326 KBytes  2.67 Mbits/sec  0.219 ms  857/4191 (20%)  
[  5] 400.00-401.00 sec   317 KBytes  2.60 Mbits/sec  0.231 ms  878/4124 (21%)  
[  5] 401.00-402.00 sec   287 KBytes  2.35 Mbits/sec  0.211 ms  1248/4191 (30%)  
[  5] 402.00-403.00 sec   298 KBytes  2.44 Mbits/sec  0.217 ms  1294/4343 (30%)  
[  5] 403.00-404.00 sec   337 KBytes  2.76 Mbits/sec  0.356 ms  1098/4550 (24%)  
[  5] 404.00-405.00 sec   284 KBytes  2.33 Mbits/sec  0.211 ms  1151/4062 (28%)  
[  5] 405.00-406.00 sec   311 KBytes  2.55 Mbits/sec  0.203 ms  1215/4397 (28%)  
[  5] 406.00-407.00 sec   304 KBytes  2.49 Mbits/sec  0.220 ms  1076/4193 (26%)  
