Connecting to host 172.22.0.50, port 5201
Reverse mode, remote host 172.22.0.50 is sending
[  5] local 192.168.100.2 port 34365 connected to 172.22.0.50 port 5201
[ ID] Interval           Transfer     Bitrate         Jitter    Lost/Total Datagrams
[  5]   0.00-1.00   sec  1.43 MBytes  12.0 Mbits/sec  1.112 ms  0/1250 (0%)  
[  5]   1.00-2.00   sec  1.43 MBytes  12.0 Mbits/sec  0.809 ms  0/1246 (0%)  
[  5]   2.00-3.00   sec  1.44 MBytes  12.1 Mbits/sec  0.870 ms  0/1256 (0%)  
[  5]   3.00-4.00   sec  1.43 MBytes  12.0 Mbits/sec  0.912 ms  0/1249 (0%)  
[  5]   4.00-5.00   sec  1.43 MBytes  12.0 Mbits/sec  0.992 ms  0/1248 (0%)  
[  5]   5.00-6.00   sec  1.43 MBytes  12.0 Mbits/sec  0.802 ms  0/1251 (0%)  
[  5]   6.00-7.00   sec  1.43 MBytes  12.0 Mbits/sec  1.137 ms  0/1251 (0%)  
[  5]   7.00-8.00   sec  1.43 MBytes  12.0 Mbits/sec  0.778 ms  0/1251 (0%)  
[  5]   8.00-9.00   sec  1.43 MBytes  12.0 Mbits/sec  1.136 ms  0/1247 (0%)  
[  5]   9.00-10.00  sec  1.42 MBytes  11.9 Mbits/sec  0.975 ms  0/1242 (0%)  
[  5]  10.00-11.00  sec  1.22 MBytes  10.3 Mbits/sec  1.247 ms  0/1070 (0%)  
[  5]  11.00-12.00  sec   757 KBytes  6.20 Mbits/sec  1.669 ms  0/646 (0%)  
[  5]  12.00-13.00  sec   761 KBytes  6.23 Mbits/sec  0.992 ms  0/649 (0%)  
[  5]  13.00-14.00  sec   756 KBytes  6.19 Mbits/sec  1.153 ms  0/645 (0%)  
[  5]  14.00-15.00  sec   769 KBytes  6.30 Mbits/sec  1.010 ms  0/656 (0%)  
[  5]  15.00-16.00  sec   769 KBytes  6.30 Mbits/sec  1.163 ms  0/656 (0%)  
[  5]  16.00-17.00  sec   764 KBytes  6.26 Mbits/sec  1.137 ms  0/652 (0%)  
[  5]  17.00-18.00  sec   773 KBytes  6.33 Mbits/sec  1.195 ms  0/660 (0%)  
[  5]  18.00-19.00  sec   769 KBytes  6.30 Mbits/sec  1.128 ms  0/656 (0%)  
[  5]  19.00-20.00  sec   757 KBytes  6.20 Mbits/sec  1.345 ms  0/646 (0%)  
[  5]  20.00-21.00  sec   759 KBytes  6.23 Mbits/sec  0.896 ms  0/648 (0%)  
[  5]  21.00-22.00  sec   750 KBytes  6.14 Mbits/sec  0.954 ms  0/640 (0%)  
[  5]  22.00-23.00  sec   765 KBytes  6.27 Mbits/sec  1.324 ms  0/653 (0%)  
[  5]  23.00-24.00  sec   768 KBytes  6.29 Mbits/sec  1.168 ms  0/655 (0%)  
[  5]  24.00-25.00  sec   769 KBytes  6.30 Mbits/sec  1.250 ms  0/656 (0%)  
[  5]  25.00-26.00  sec   732 KBytes  6.00 Mbits/sec  1.262 ms  0/625 (0%)  
[  5]  26.00-27.00  sec   750 KBytes  6.14 Mbits/sec  1.160 ms  0/640 (0%)  
[  5]  27.00-28.00  sec   752 KBytes  6.16 Mbits/sec  1.545 ms  0/642 (0%)  
[  5]  28.00-29.00  sec   710 KBytes  5.82 Mbits/sec  1.516 ms  0/606 (0%)  
[  5]  29.00-30.00  sec   720 KBytes  5.89 Mbits/sec  1.500 ms  0/614 (0%)  
[  5]  30.00-31.00  sec   739 KBytes  6.06 Mbits/sec  1.217 ms  0/631 (0%)  
[  5]  31.00-32.00  sec   751 KBytes  6.15 Mbits/sec  0.978 ms  0/641 (0%)  
[  5]  32.00-33.00  sec   757 KBytes  6.20 Mbits/sec  1.174 ms  0/646 (0%)  
[  5]  33.00-34.00  sec   741 KBytes  6.07 Mbits/sec  1.324 ms  0/632 (0%)  
[  5]  34.00-35.00  sec   751 KBytes  6.16 Mbits/sec  1.036 ms  0/641 (0%)  
[  5]  35.00-36.00  sec   743 KBytes  6.08 Mbits/sec  1.018 ms  0/634 (0%)  
[  5]  36.00-37.00  sec   722 KBytes  5.92 Mbits/sec  1.269 ms  0/616 (0%)  
[  5]  37.00-38.00  sec   620 KBytes  5.08 Mbits/sec  1.158 ms  463/992 (47%)  
[  5]  38.00-39.00  sec   718 KBytes  5.89 Mbits/sec  1.035 ms  610/1223 (50%)  
[  5]  39.00-40.00  sec   799 KBytes  6.55 Mbits/sec  1.138 ms  648/1330 (49%)  
[  5]  40.00-41.00  sec   718 KBytes  5.88 Mbits/sec  1.181 ms  578/1191 (49%)  
[  5]  41.00-42.00  sec   809 KBytes  6.62 Mbits/sec  1.078 ms  734/1424 (52%)  
[  5]  42.00-43.00  sec   799 KBytes  6.55 Mbits/sec  1.096 ms  707/1389 (51%)  
[  5]  43.00-44.00  sec   688 KBytes  5.64 Mbits/sec  1.039 ms  567/1154 (49%)  
[  5]  44.00-45.00  sec   839 KBytes  6.87 Mbits/sec  1.086 ms  690/1406 (49%)  
[  5]  45.00-46.00  sec   679 KBytes  5.56 Mbits/sec  1.160 ms  527/1106 (48%)  
[  5]  46.00-47.00  sec   839 KBytes  6.87 Mbits/sec  1.020 ms  710/1426 (50%)  
[  5]  47.00-48.00  sec   679 KBytes  5.56 Mbits/sec  1.163 ms  544/1123 (48%)  
[  5]  48.00-49.00  sec   809 KBytes  6.62 Mbits/sec  1.133 ms  676/1366 (49%)  
[  5]  49.00-50.00  sec   709 KBytes  5.81 Mbits/sec  1.177 ms  583/1188 (49%)  
[  5]  50.00-51.00  sec   809 KBytes  6.62 Mbits/sec  1.230 ms  680/1370 (50%)  
[  5]  51.00-52.00  sec   810 KBytes  6.63 Mbits/sec  1.053 ms  648/1339 (48%)  
[  5]  52.00-53.00  sec   708 KBytes  5.80 Mbits/sec  1.112 ms  559/1163 (48%)  
[  5]  53.00-54.00  sec   798 KBytes  6.55 Mbits/sec  1.097 ms  644/1325 (49%)  
[  5]  54.00-55.00  sec   708 KBytes  5.80 Mbits/sec  1.178 ms  550/1154 (48%)  
[  5]  55.00-56.00  sec   789 KBytes  6.46 Mbits/sec  1.129 ms  634/1307 (49%)  
[  5]  56.00-57.00  sec   708 KBytes  5.80 Mbits/sec  1.142 ms  567/1171 (48%)  
[  5]  57.00-58.00  sec   810 KBytes  6.64 Mbits/sec  1.119 ms  659/1350 (49%)  
[  5]  58.00-59.00  sec   701 KBytes  5.74 Mbits/sec  1.092 ms  606/1204 (50%)  
[  5]  59.00-60.00  sec   777 KBytes  6.36 Mbits/sec  1.078 ms  659/1322 (50%)  
[  5]  60.00-61.00  sec   708 KBytes  5.80 Mbits/sec  1.066 ms  562/1166 (48%)  
[  5]  61.00-62.00  sec   798 KBytes  6.54 Mbits/sec  1.129 ms  603/1284 (47%)  
[  5]  62.00-63.00  sec   809 KBytes  6.62 Mbits/sec  1.142 ms  624/1314 (47%)  
[  5]  63.00-64.00  sec   720 KBytes  5.88 Mbits/sec  1.097 ms  551/1165 (47%)  
[  5]  64.00-65.00  sec   798 KBytes  6.55 Mbits/sec  1.117 ms  602/1283 (47%)  
[  5]  65.00-66.00  sec   689 KBytes  5.65 Mbits/sec  1.063 ms  561/1149 (49%)  
[  5]  66.00-67.00  sec   829 KBytes  6.78 Mbits/sec  1.086 ms  663/1370 (48%)  
[  5]  67.00-68.00  sec   689 KBytes  5.65 Mbits/sec  1.083 ms  540/1128 (48%)  
[  5]  68.00-69.00  sec   809 KBytes  6.62 Mbits/sec  1.079 ms  637/1327 (48%)  
[  5]  69.00-70.00  sec   709 KBytes  5.81 Mbits/sec  1.190 ms  563/1168 (48%)  
[  5]  70.00-71.00  sec   809 KBytes  6.62 Mbits/sec  0.992 ms  646/1336 (48%)  
[  5]  71.00-72.00  sec   709 KBytes  5.81 Mbits/sec  1.116 ms  548/1153 (48%)  
[  5]  72.00-73.00  sec   809 KBytes  6.62 Mbits/sec  1.100 ms  626/1316 (48%)  
[  5]  73.00-74.00  sec   693 KBytes  5.67 Mbits/sec  1.106 ms  580/1171 (50%)  
[  5]  74.00-75.00  sec   809 KBytes  6.63 Mbits/sec  1.144 ms  643/1333 (48%)  
[  5]  75.00-76.00  sec   697 KBytes  5.71 Mbits/sec  1.083 ms  562/1157 (49%)  
[  5]  76.00-77.00  sec   788 KBytes  6.45 Mbits/sec  1.061 ms  646/1318 (49%)  
[  5]  77.00-78.00  sec   689 KBytes  5.63 Mbits/sec  1.112 ms  529/1117 (47%)  
[  5]  78.00-79.00  sec   825 KBytes  6.77 Mbits/sec  1.229 ms  654/1358 (48%)  
[  5]  79.00-80.00  sec   689 KBytes  5.64 Mbits/sec  1.107 ms  559/1147 (49%)  
[  5]  80.00-81.00  sec   806 KBytes  6.61 Mbits/sec  1.159 ms  689/1377 (50%)  
[  5]  81.00-82.00  sec   679 KBytes  5.55 Mbits/sec  1.122 ms  546/1125 (49%)  
[  5]  82.00-83.00  sec   809 KBytes  6.63 Mbits/sec  1.012 ms  643/1333 (48%)  
[  5]  83.00-84.00  sec   703 KBytes  5.76 Mbits/sec  1.147 ms  579/1179 (49%)  
[  5]  84.00-85.00  sec   809 KBytes  6.63 Mbits/sec  1.094 ms  624/1314 (47%)  
[  5]  85.00-86.00  sec   709 KBytes  5.81 Mbits/sec  1.171 ms  555/1160 (48%)  
[  5]  86.00-87.00  sec   809 KBytes  6.62 Mbits/sec  1.109 ms  649/1339 (48%)  
[  5]  87.00-88.00  sec   709 KBytes  5.81 Mbits/sec  1.097 ms  577/1182 (49%)  
[  5]  88.00-89.00  sec   809 KBytes  6.62 Mbits/sec  1.078 ms  635/1325 (48%)  
[  5]  89.00-90.00  sec   720 KBytes  5.89 Mbits/sec  1.045 ms  606/1220 (50%)  
[  5]  90.00-91.00  sec   793 KBytes  6.50 Mbits/sec  1.091 ms  645/1322 (49%)  
[  5]  91.00-92.00  sec   689 KBytes  5.64 Mbits/sec  1.037 ms  555/1143 (49%)  
[  5]  92.00-93.00  sec   709 KBytes  5.81 Mbits/sec  1.186 ms  547/1152 (47%)  
[  5]  93.00-94.00  sec   802 KBytes  6.57 Mbits/sec  1.081 ms  633/1317 (48%)  
[  5]  94.00-95.00  sec   709 KBytes  5.81 Mbits/sec  1.131 ms  556/1161 (48%)  
[  5]  95.00-96.00  sec   809 KBytes  6.62 Mbits/sec  1.099 ms  654/1344 (49%)  
[  5]  96.00-97.00  sec   709 KBytes  5.81 Mbits/sec  1.177 ms  559/1164 (48%)  
[  5]  97.00-98.00  sec   809 KBytes  6.62 Mbits/sec  1.199 ms  626/1316 (48%)  
[  5]  98.00-99.00  sec   720 KBytes  5.90 Mbits/sec  1.080 ms  595/1209 (49%)  
[  5]  99.00-100.00 sec   789 KBytes  6.46 Mbits/sec  1.161 ms  669/1342 (50%)  
[  5] 100.00-101.00 sec   809 KBytes  6.62 Mbits/sec  1.172 ms  654/1344 (49%)  
[  5] 101.00-102.00 sec   696 KBytes  5.70 Mbits/sec  1.099 ms  578/1172 (49%)  
[  5] 102.00-103.00 sec   809 KBytes  6.62 Mbits/sec  1.069 ms  646/1336 (48%)  
[  5] 103.00-104.00 sec   720 KBytes  5.89 Mbits/sec  1.034 ms  577/1191 (48%)  
[  5] 104.00-105.00 sec   679 KBytes  5.56 Mbits/sec  1.134 ms  541/1120 (48%)  
[  5] 105.00-106.00 sec   839 KBytes  6.87 Mbits/sec  1.127 ms  704/1420 (50%)  
[  5] 106.00-107.00 sec   666 KBytes  5.44 Mbits/sec  1.135 ms  570/1138 (50%)  
[  5] 107.00-108.00 sec   810 KBytes  6.65 Mbits/sec  1.067 ms  656/1347 (49%)  
[  5] 108.00-109.00 sec   698 KBytes  5.72 Mbits/sec  1.047 ms  565/1161 (49%)  
[  5] 109.00-110.00 sec   810 KBytes  6.63 Mbits/sec  1.133 ms  636/1327 (48%)  
[  5] 110.00-111.00 sec   708 KBytes  5.80 Mbits/sec  1.140 ms  547/1151 (48%)  
[  5] 111.00-112.00 sec   810 KBytes  6.64 Mbits/sec  1.102 ms  662/1353 (49%)  
[  5] 112.00-113.00 sec   718 KBytes  5.88 Mbits/sec  1.070 ms  570/1183 (48%)  
[  5] 113.00-114.00 sec   799 KBytes  6.55 Mbits/sec  1.108 ms  602/1284 (47%)  
[  5] 114.00-115.00 sec   718 KBytes  5.88 Mbits/sec  1.054 ms  573/1186 (48%)  
[  5] 115.00-116.00 sec   799 KBytes  6.54 Mbits/sec  1.136 ms  632/1314 (48%)  
[  5] 116.00-117.00 sec   809 KBytes  6.63 Mbits/sec  1.136 ms  658/1348 (49%)  
[  5] 117.00-118.00 sec   718 KBytes  5.88 Mbits/sec  0.997 ms  594/1207 (49%)  
[  5] 118.00-119.00 sec   709 KBytes  5.81 Mbits/sec  1.100 ms  581/1186 (49%)  
[  5] 119.00-120.00 sec   809 KBytes  6.62 Mbits/sec  1.055 ms  666/1356 (49%)  
[  5] 120.00-121.00 sec   709 KBytes  5.81 Mbits/sec  1.083 ms  566/1171 (48%)  
[  5] 121.00-122.00 sec   809 KBytes  6.62 Mbits/sec  1.163 ms  641/1331 (48%)  
[  5] 122.00-123.00 sec   679 KBytes  5.56 Mbits/sec  1.114 ms  544/1123 (48%)  
[  5] 123.00-124.00 sec   809 KBytes  6.62 Mbits/sec  1.177 ms  645/1335 (48%)  
[  5] 124.00-125.00 sec   709 KBytes  5.81 Mbits/sec  1.139 ms  559/1164 (48%)  
[  5] 125.00-126.00 sec   809 KBytes  6.62 Mbits/sec  1.126 ms  610/1300 (47%)  
[  5] 126.00-127.00 sec   709 KBytes  5.80 Mbits/sec  1.105 ms  557/1162 (48%)  
[  5] 127.00-128.00 sec   809 KBytes  6.62 Mbits/sec  1.139 ms  646/1336 (48%)  
[  5] 128.00-129.00 sec   809 KBytes  6.63 Mbits/sec  1.110 ms  621/1311 (47%)  
[  5] 129.00-130.00 sec   709 KBytes  5.81 Mbits/sec  1.152 ms  557/1162 (48%)  
[  5] 130.00-131.00 sec   809 KBytes  6.63 Mbits/sec  1.183 ms  658/1348 (49%)  
[  5] 131.00-132.00 sec   720 KBytes  5.89 Mbits/sec  1.106 ms  640/1254 (51%)  
[  5] 132.00-133.00 sec   798 KBytes  6.54 Mbits/sec  1.192 ms  645/1326 (49%)  
[  5] 133.00-134.00 sec   689 KBytes  5.64 Mbits/sec  1.071 ms  553/1141 (48%)  
[  5] 134.00-135.00 sec   829 KBytes  6.79 Mbits/sec  1.094 ms  633/1340 (47%)  
[  5] 135.00-136.00 sec   689 KBytes  5.64 Mbits/sec  1.015 ms  532/1120 (48%)  
[  5] 136.00-137.00 sec   697 KBytes  5.72 Mbits/sec  1.098 ms  566/1161 (49%)  
[  5] 137.00-138.00 sec   807 KBytes  6.61 Mbits/sec  1.153 ms  629/1318 (48%)  
[  5] 138.00-139.00 sec   710 KBytes  5.82 Mbits/sec  1.102 ms  546/1152 (47%)  
[  5] 139.00-140.00 sec   807 KBytes  6.61 Mbits/sec  1.131 ms  654/1343 (49%)  
[  5] 140.00-141.00 sec   710 KBytes  5.82 Mbits/sec  1.101 ms  562/1168 (48%)  
[  5] 141.00-142.00 sec   807 KBytes  6.61 Mbits/sec  1.118 ms  625/1314 (48%)  
[  5] 142.00-143.00 sec   720 KBytes  5.89 Mbits/sec  1.061 ms  572/1186 (48%)  
[  5] 143.00-144.00 sec   798 KBytes  6.54 Mbits/sec  1.126 ms  628/1309 (48%)  
[  5] 144.00-145.00 sec   690 KBytes  5.65 Mbits/sec  1.036 ms  546/1135 (48%)  
[  5] 145.00-146.00 sec   829 KBytes  6.79 Mbits/sec  1.079 ms  635/1342 (47%)  
[  5] 146.00-147.00 sec   689 KBytes  5.64 Mbits/sec  1.087 ms  574/1162 (49%)  
[  5] 147.00-148.00 sec   838 KBytes  6.86 Mbits/sec  1.085 ms  726/1441 (50%)  
[  5] 148.00-149.00 sec   680 KBytes  5.57 Mbits/sec  1.180 ms  584/1164 (50%)  
[  5] 149.00-150.00 sec   809 KBytes  6.62 Mbits/sec  0.986 ms  658/1348 (49%)  
[  5] 150.00-151.00 sec   709 KBytes  5.81 Mbits/sec  1.142 ms  546/1151 (47%)  
[  5] 151.00-152.00 sec   809 KBytes  6.62 Mbits/sec  1.074 ms  630/1320 (48%)  
[  5] 152.00-153.00 sec   709 KBytes  5.81 Mbits/sec  1.162 ms  568/1173 (48%)  
[  5] 153.00-154.00 sec   809 KBytes  6.62 Mbits/sec  1.043 ms  629/1319 (48%)  
[  5] 154.00-155.00 sec   709 KBytes  5.81 Mbits/sec  1.221 ms  555/1160 (48%)  
[  5] 155.00-156.00 sec   718 KBytes  5.88 Mbits/sec  1.066 ms  595/1208 (49%)  
[  5] 156.00-157.00 sec   799 KBytes  6.55 Mbits/sec  1.095 ms  669/1351 (50%)  
[  5] 157.00-158.00 sec   688 KBytes  5.63 Mbits/sec  1.049 ms  544/1131 (48%)  
[  5] 158.00-159.00 sec   839 KBytes  6.87 Mbits/sec  1.066 ms  670/1386 (48%)  
[  5] 159.00-160.00 sec   679 KBytes  5.56 Mbits/sec  1.186 ms  516/1095 (47%)  
[  5] 160.00-161.00 sec   709 KBytes  5.81 Mbits/sec  1.105 ms  565/1170 (48%)  
[  5] 161.00-162.00 sec   809 KBytes  6.62 Mbits/sec  1.195 ms  645/1335 (48%)  
[  5] 162.00-163.00 sec   720 KBytes  5.89 Mbits/sec  1.065 ms  565/1179 (48%)  
[  5] 163.00-164.00 sec   709 KBytes  5.81 Mbits/sec  1.122 ms  593/1198 (49%)  
[  5] 164.00-165.00 sec   809 KBytes  6.63 Mbits/sec  0.975 ms  640/1330 (48%)  
[  5] 165.00-166.00 sec   709 KBytes  5.81 Mbits/sec  1.069 ms  575/1180 (49%)  
[  5] 166.00-167.00 sec   680 KBytes  5.57 Mbits/sec  1.140 ms  548/1128 (49%)  
[  5] 167.00-168.00 sec   718 KBytes  5.87 Mbits/sec  1.084 ms  594/1207 (49%)  
[  5] 168.00-169.00 sec   709 KBytes  5.82 Mbits/sec  1.125 ms  577/1182 (49%)  
[  5] 169.00-170.00 sec   718 KBytes  5.89 Mbits/sec  1.081 ms  594/1207 (49%)  
[  5] 170.00-171.00 sec   786 KBytes  6.44 Mbits/sec  1.122 ms  663/1334 (50%)  
[  5] 171.00-172.00 sec   718 KBytes  5.88 Mbits/sec  1.125 ms  594/1207 (49%)  
[  5] 172.00-173.00 sec   799 KBytes  6.56 Mbits/sec  1.113 ms  680/1362 (50%)  
[  5] 173.00-174.00 sec   809 KBytes  6.62 Mbits/sec  1.154 ms  679/1369 (50%)  
[  5] 174.00-175.00 sec   688 KBytes  5.63 Mbits/sec  1.087 ms  566/1153 (49%)  
[  5] 175.00-176.00 sec   709 KBytes  5.81 Mbits/sec  1.107 ms  578/1183 (49%)  
[  5] 176.00-177.00 sec   809 KBytes  6.62 Mbits/sec  1.147 ms  671/1361 (49%)  
[  5] 177.00-178.00 sec   709 KBytes  5.81 Mbits/sec  1.143 ms  601/1206 (50%)  
[  5] 178.00-179.00 sec   809 KBytes  6.62 Mbits/sec  1.126 ms  697/1387 (50%)  
[  5] 179.00-180.00 sec   709 KBytes  5.81 Mbits/sec  1.174 ms  628/1233 (51%)  
[  5] 180.00-181.00 sec   809 KBytes  6.62 Mbits/sec  1.220 ms  717/1407 (51%)  
[  5] 181.00-182.00 sec   710 KBytes  5.82 Mbits/sec  1.159 ms  606/1212 (50%)  
[  5] 182.00-183.00 sec   807 KBytes  6.61 Mbits/sec  1.130 ms  703/1392 (51%)  
[  5] 183.00-184.00 sec   720 KBytes  5.90 Mbits/sec  1.056 ms  578/1192 (48%)  
[  5] 184.00-185.00 sec   709 KBytes  5.81 Mbits/sec  1.116 ms  551/1156 (48%)  
[  5] 185.00-186.00 sec   802 KBytes  6.57 Mbits/sec  1.116 ms  632/1316 (48%)  
[  5] 186.00-187.00 sec   809 KBytes  6.62 Mbits/sec  1.113 ms  647/1337 (48%)  
[  5] 187.00-188.00 sec   701 KBytes  5.74 Mbits/sec  1.197 ms  587/1185 (50%)  
[  5] 188.00-189.00 sec   809 KBytes  6.63 Mbits/sec  1.072 ms  666/1356 (49%)  
[  5] 189.00-190.00 sec   799 KBytes  6.55 Mbits/sec  1.076 ms  636/1318 (48%)  
[  5] 190.00-191.00 sec   718 KBytes  5.88 Mbits/sec  1.104 ms  557/1170 (48%)  
[  5] 191.00-192.00 sec   810 KBytes  6.63 Mbits/sec  1.125 ms  638/1329 (48%)  
[  5] 192.00-193.00 sec   679 KBytes  5.56 Mbits/sec  1.101 ms  554/1133 (49%)  
[  5] 193.00-194.00 sec   809 KBytes  6.62 Mbits/sec  1.003 ms  650/1340 (49%)  
[  5] 194.00-195.00 sec   709 KBytes  5.81 Mbits/sec  1.147 ms  572/1177 (49%)  
[  5] 195.00-196.00 sec   797 KBytes  6.52 Mbits/sec  1.132 ms  674/1354 (50%)  
[  5] 196.00-197.00 sec   709 KBytes  5.81 Mbits/sec  1.102 ms  584/1189 (49%)  
[  5] 197.00-198.00 sec   809 KBytes  6.62 Mbits/sec  1.157 ms  669/1359 (49%)  
[  5] 198.00-199.00 sec   709 KBytes  5.81 Mbits/sec  1.090 ms  551/1156 (48%)  
[  5] 199.00-200.00 sec   718 KBytes  5.88 Mbits/sec  1.167 ms  555/1168 (48%)  
[  5] 200.00-201.00 sec   809 KBytes  6.63 Mbits/sec  1.073 ms  620/1310 (47%)  
[  5] 201.00-202.00 sec   709 KBytes  5.81 Mbits/sec  1.084 ms  530/1135 (47%)  
[  5] 202.00-203.00 sec   809 KBytes  6.62 Mbits/sec  1.053 ms  607/1297 (47%)  
[  5] 203.00-204.00 sec   697 KBytes  5.70 Mbits/sec  1.600 ms  556/1151 (48%)  
[  5] 204.00-205.00 sec   809 KBytes  6.64 Mbits/sec  1.121 ms  653/1343 (49%)  
[  5] 205.00-206.00 sec   809 KBytes  6.62 Mbits/sec  0.944 ms  642/1332 (48%)  
[  5] 206.00-207.00 sec   709 KBytes  5.81 Mbits/sec  1.079 ms  562/1167 (48%)  
[  5] 207.00-208.00 sec   809 KBytes  6.63 Mbits/sec  1.098 ms  625/1315 (48%)  
[  5] 208.00-209.00 sec   680 KBytes  5.56 Mbits/sec  1.151 ms  563/1143 (49%)  
[  5] 209.00-210.00 sec   809 KBytes  6.63 Mbits/sec  1.158 ms  663/1353 (49%)  
[  5] 210.00-211.00 sec   708 KBytes  5.80 Mbits/sec  1.107 ms  575/1179 (49%)  
[  5] 211.00-212.00 sec   809 KBytes  6.63 Mbits/sec  1.175 ms  645/1335 (48%)  
[  5] 212.00-213.00 sec   709 KBytes  5.81 Mbits/sec  1.170 ms  615/1220 (50%)  
[  5] 213.00-214.00 sec   718 KBytes  5.88 Mbits/sec  1.145 ms  579/1192 (49%)  
[  5] 214.00-215.00 sec   810 KBytes  6.63 Mbits/sec  0.993 ms  642/1333 (48%)  
[  5] 215.00-216.00 sec   709 KBytes  5.81 Mbits/sec  1.122 ms  559/1164 (48%)  
[  5] 216.00-217.00 sec   709 KBytes  5.80 Mbits/sec  1.013 ms  553/1158 (48%)  
[  5] 217.00-218.00 sec   796 KBytes  6.53 Mbits/sec  1.349 ms  622/1301 (48%)  
[  5] 218.00-219.00 sec   688 KBytes  5.63 Mbits/sec  1.058 ms  547/1134 (48%)  
[  5] 219.00-220.00 sec   830 KBytes  6.80 Mbits/sec  1.141 ms  616/1324 (47%)  
[  5] 220.00-221.00 sec   778 KBytes  6.37 Mbits/sec  1.152 ms  607/1271 (48%)  
[  5] 221.00-222.00 sec   708 KBytes  5.80 Mbits/sec  1.092 ms  599/1203 (50%)  
[  5] 222.00-223.00 sec   788 KBytes  6.45 Mbits/sec  1.122 ms  635/1307 (49%)  
[  5] 223.00-224.00 sec   716 KBytes  5.87 Mbits/sec  1.041 ms  596/1207 (49%)  
[  5] 224.00-225.00 sec   798 KBytes  6.54 Mbits/sec  1.125 ms  665/1346 (49%)  
[  5] 225.00-226.00 sec   720 KBytes  5.90 Mbits/sec  1.113 ms  590/1204 (49%)  
[  5] 226.00-227.00 sec   708 KBytes  5.80 Mbits/sec  1.137 ms  578/1182 (49%)  
[  5] 227.00-228.00 sec   810 KBytes  6.62 Mbits/sec  1.197 ms  691/1382 (50%)  
[  5] 228.00-229.00 sec   695 KBytes  5.70 Mbits/sec  1.089 ms  588/1181 (50%)  
[  5] 229.00-230.00 sec   797 KBytes  6.53 Mbits/sec  1.358 ms  682/1362 (50%)  
[  5] 230.00-231.00 sec   679 KBytes  5.56 Mbits/sec  1.102 ms  553/1132 (49%)  
[  5] 231.00-232.00 sec   809 KBytes  6.62 Mbits/sec  1.147 ms  632/1322 (48%)  
[  5] 232.00-233.00 sec   718 KBytes  5.88 Mbits/sec  1.068 ms  572/1185 (48%)  
[  5] 233.00-234.00 sec   799 KBytes  6.54 Mbits/sec  1.142 ms  627/1309 (48%)  
[  5] 234.00-235.00 sec   718 KBytes  5.89 Mbits/sec  1.085 ms  566/1179 (48%)  
[  5] 235.00-236.00 sec   799 KBytes  6.55 Mbits/sec  1.127 ms  624/1306 (48%)  
[  5] 236.00-237.00 sec   718 KBytes  5.89 Mbits/sec  1.121 ms  574/1187 (48%)  
[  5] 237.00-238.00 sec   809 KBytes  6.62 Mbits/sec  1.118 ms  663/1353 (49%)  
[  5] 238.00-239.00 sec   698 KBytes  5.72 Mbits/sec  1.385 ms  581/1177 (49%)  
[  5] 239.00-240.00 sec   804 KBytes  6.59 Mbits/sec  1.119 ms  667/1353 (49%)  
[  5] 240.00-241.00 sec   709 KBytes  5.81 Mbits/sec  1.189 ms  579/1184 (49%)  
[  5] 241.00-242.00 sec   795 KBytes  6.51 Mbits/sec  1.096 ms  673/1351 (50%)  
[  5] 242.00-243.00 sec   709 KBytes  5.81 Mbits/sec  1.073 ms  549/1154 (48%)  
[  5] 243.00-244.00 sec   690 KBytes  5.65 Mbits/sec  1.043 ms  543/1132 (48%)  
[  5] 244.00-245.00 sec   798 KBytes  6.54 Mbits/sec  1.171 ms  642/1323 (49%)  
[  5] 245.00-246.00 sec   720 KBytes  5.90 Mbits/sec  1.106 ms  600/1214 (49%)  
[  5] 246.00-247.00 sec   776 KBytes  6.36 Mbits/sec  1.097 ms  669/1331 (50%)  
[  5] 247.00-248.00 sec   720 KBytes  5.89 Mbits/sec  1.128 ms  585/1199 (49%)  
[  5] 248.00-249.00 sec   792 KBytes  6.49 Mbits/sec  1.026 ms  637/1313 (49%)  
[  5] 249.00-250.00 sec   701 KBytes  5.74 Mbits/sec  1.104 ms  563/1161 (48%)  
[  5] 250.00-251.00 sec   696 KBytes  5.70 Mbits/sec  1.118 ms  560/1154 (49%)  
[  5] 251.00-252.00 sec   809 KBytes  6.62 Mbits/sec  1.054 ms  625/1315 (48%)  
[  5] 252.00-253.00 sec   718 KBytes  5.88 Mbits/sec  1.037 ms  547/1160 (47%)  
[  5] 253.00-254.00 sec   679 KBytes  5.56 Mbits/sec  1.153 ms  570/1149 (50%)  
[  5] 254.00-255.00 sec   809 KBytes  6.63 Mbits/sec  1.050 ms  688/1378 (50%)  
[  5] 255.00-256.00 sec   709 KBytes  5.81 Mbits/sec  1.198 ms  601/1206 (50%)  
[  5] 256.00-257.00 sec   729 KBytes  5.97 Mbits/sec  3.349 ms  607/1229 (49%)  
[  5] 257.00-258.00 sec   789 KBytes  6.46 Mbits/sec  1.139 ms  599/1272 (47%)  
[  5] 258.00-259.00 sec   718 KBytes  5.88 Mbits/sec  1.017 ms  610/1223 (50%)  
[  5] 259.00-260.00 sec   710 KBytes  5.81 Mbits/sec  1.089 ms  552/1158 (48%)  
[  5] 260.00-261.00 sec   809 KBytes  6.63 Mbits/sec  1.061 ms  650/1340 (49%)  
[  5] 261.00-262.00 sec   709 KBytes  5.81 Mbits/sec  1.054 ms  594/1199 (50%)  
[  5] 262.00-263.00 sec   809 KBytes  6.63 Mbits/sec  1.118 ms  686/1376 (50%)  
[  5] 263.00-264.00 sec   778 KBytes  6.38 Mbits/sec  1.078 ms  666/1330 (50%)  
[  5] 264.00-265.00 sec   709 KBytes  5.81 Mbits/sec  1.069 ms  566/1171 (48%)  
[  5] 265.00-266.00 sec   809 KBytes  6.62 Mbits/sec  1.107 ms  670/1360 (49%)  
[  5] 266.00-267.00 sec   697 KBytes  5.71 Mbits/sec  1.101 ms  558/1153 (48%)  
[  5] 267.00-268.00 sec   809 KBytes  6.62 Mbits/sec  1.100 ms  639/1329 (48%)  
[  5] 268.00-269.00 sec   709 KBytes  5.80 Mbits/sec  1.124 ms  592/1197 (49%)  
[  5] 269.00-270.00 sec   809 KBytes  6.63 Mbits/sec  1.174 ms  719/1409 (51%)  
[  5] 270.00-271.00 sec   709 KBytes  5.81 Mbits/sec  1.099 ms  609/1214 (50%)  
[  5] 271.00-272.00 sec   809 KBytes  6.62 Mbits/sec  1.158 ms  685/1375 (50%)  
[  5] 272.00-273.00 sec   720 KBytes  5.89 Mbits/sec  1.072 ms  579/1193 (49%)  
[  5] 273.00-274.00 sec   709 KBytes  5.81 Mbits/sec  1.085 ms  555/1160 (48%)  
[  5] 274.00-275.00 sec   796 KBytes  6.52 Mbits/sec  0.981 ms  642/1321 (49%)  
[  5] 275.00-276.00 sec   680 KBytes  5.57 Mbits/sec  1.145 ms  539/1119 (48%)  
[  5] 276.00-277.00 sec   809 KBytes  6.63 Mbits/sec  1.009 ms  616/1306 (47%)  
[  5] 277.00-278.00 sec   709 KBytes  5.81 Mbits/sec  1.122 ms  574/1179 (49%)  
[  5] 278.00-279.00 sec   809 KBytes  6.61 Mbits/sec  1.114 ms  651/1341 (49%)  
[  5] 279.00-280.00 sec   709 KBytes  5.82 Mbits/sec  1.212 ms  592/1197 (49%)  
[  5] 280.00-281.00 sec   809 KBytes  6.62 Mbits/sec  1.097 ms  625/1315 (48%)  
[  5] 281.00-282.00 sec   709 KBytes  5.80 Mbits/sec  1.123 ms  560/1165 (48%)  
[  5] 282.00-283.00 sec   809 KBytes  6.63 Mbits/sec  1.103 ms  642/1332 (48%)  
[  5] 283.00-284.00 sec   709 KBytes  5.81 Mbits/sec  1.106 ms  543/1148 (47%)  
[  5] 284.00-285.00 sec   809 KBytes  6.62 Mbits/sec  1.070 ms  633/1323 (48%)  
[  5] 285.00-286.00 sec   708 KBytes  5.80 Mbits/sec  1.033 ms  627/1231 (51%)  
[  5] 286.00-287.00 sec   799 KBytes  6.55 Mbits/sec  1.102 ms  687/1369 (50%)  
[  5] 287.00-288.00 sec   688 KBytes  5.63 Mbits/sec  1.176 ms  589/1176 (50%)  
[  5] 288.00-289.00 sec   809 KBytes  6.63 Mbits/sec  1.091 ms  632/1322 (48%)  
[  5] 289.00-290.00 sec   709 KBytes  5.81 Mbits/sec  1.212 ms  555/1160 (48%)  
[  5] 290.00-291.00 sec   709 KBytes  5.80 Mbits/sec  1.153 ms  545/1150 (47%)  
[  5] 291.00-292.00 sec   809 KBytes  6.63 Mbits/sec  1.139 ms  681/1371 (50%)  
[  5] 292.00-293.00 sec   731 KBytes  5.99 Mbits/sec  4.972 ms  588/1212 (49%)  
[  5] 293.00-294.00 sec   786 KBytes  6.44 Mbits/sec  1.185 ms  627/1298 (48%)  
[  5] 294.00-295.00 sec   809 KBytes  6.62 Mbits/sec  1.144 ms  651/1341 (49%)  
[  5] 295.00-296.00 sec   709 KBytes  5.81 Mbits/sec  1.132 ms  563/1168 (48%)  
[  5] 296.00-297.00 sec   809 KBytes  6.62 Mbits/sec  1.095 ms  628/1318 (48%)  
[  5] 297.00-298.00 sec   720 KBytes  5.89 Mbits/sec  1.092 ms  561/1175 (48%)  
[  5] 298.00-299.00 sec   798 KBytes  6.53 Mbits/sec  1.119 ms  616/1297 (47%)  
[  5] 299.00-300.00 sec   689 KBytes  5.65 Mbits/sec  1.025 ms  539/1127 (48%)  
[  5] 300.00-301.00 sec   839 KBytes  6.88 Mbits/sec  1.071 ms  678/1394 (49%)  
[  5] 301.00-302.00 sec   786 KBytes  6.44 Mbits/sec  1.413 ms  656/1327 (49%)  
[  5] 302.00-303.00 sec   689 KBytes  5.64 Mbits/sec  1.095 ms  606/1194 (51%)  
[  5] 303.00-304.00 sec   708 KBytes  5.80 Mbits/sec  1.192 ms  586/1190 (49%)  
[  5] 304.00-305.00 sec   810 KBytes  6.63 Mbits/sec  1.073 ms  637/1328 (48%)  
[  5] 305.00-306.00 sec   708 KBytes  5.80 Mbits/sec  1.167 ms  546/1150 (47%)  
[  5] 306.00-307.00 sec   810 KBytes  6.63 Mbits/sec  1.136 ms  622/1313 (47%)  
[  5] 307.00-308.00 sec   708 KBytes  5.80 Mbits/sec  1.153 ms  547/1151 (48%)  
[  5] 308.00-309.00 sec   810 KBytes  6.64 Mbits/sec  1.092 ms  642/1333 (48%)  
[  5] 309.00-310.00 sec   718 KBytes  5.88 Mbits/sec  1.076 ms  565/1178 (48%)  
[  5] 310.00-311.00 sec   799 KBytes  6.55 Mbits/sec  1.105 ms  628/1310 (48%)  
[  5] 311.00-312.00 sec   710 KBytes  5.82 Mbits/sec  0.996 ms  596/1202 (50%)  
[  5] 312.00-313.00 sec   709 KBytes  5.81 Mbits/sec  1.090 ms  550/1155 (48%)  
[  5] 313.00-314.00 sec   700 KBytes  5.73 Mbits/sec  1.252 ms  551/1148 (48%)  
[  5] 314.00-315.00 sec   599 KBytes  4.91 Mbits/sec  1.098 ms  494/1005 (49%)  
[  5] 315.00-316.00 sec   709 KBytes  5.81 Mbits/sec  1.128 ms  547/1152 (47%)  
[  5] 316.00-317.00 sec   709 KBytes  5.81 Mbits/sec  1.172 ms  563/1168 (48%)  
[  5] 317.00-318.00 sec   689 KBytes  5.64 Mbits/sec  1.038 ms  575/1163 (49%)  
[  5] 318.00-319.00 sec   709 KBytes  5.81 Mbits/sec  1.214 ms  576/1181 (49%)  
[  5] 319.00-320.00 sec   619 KBytes  5.07 Mbits/sec  1.123 ms  503/1031 (49%)  
[  5] 320.00-321.00 sec   718 KBytes  5.89 Mbits/sec  1.049 ms  583/1196 (49%)  
[  5] 321.00-322.00 sec   680 KBytes  5.57 Mbits/sec  1.130 ms  548/1128 (49%)  
[  5] 322.00-323.00 sec   709 KBytes  5.81 Mbits/sec  1.114 ms  571/1176 (49%)  
[  5] 323.00-324.00 sec   718 KBytes  5.88 Mbits/sec  1.089 ms  557/1170 (48%)  
[  5] 324.00-325.00 sec   709 KBytes  5.81 Mbits/sec  1.154 ms  572/1177 (49%)  
[  5] 325.00-326.00 sec   720 KBytes  5.89 Mbits/sec  1.073 ms  631/1245 (51%)  
[  5] 326.00-327.00 sec   679 KBytes  5.55 Mbits/sec  1.147 ms  613/1192 (51%)  
[  5] 327.00-328.00 sec   709 KBytes  5.81 Mbits/sec  1.194 ms  689/1294 (53%)  
[  5] 328.00-329.00 sec   718 KBytes  5.89 Mbits/sec  1.172 ms  732/1345 (54%)  
[  5] 329.00-330.00 sec   709 KBytes  5.81 Mbits/sec  1.108 ms  640/1245 (51%)  
[  5] 330.00-331.00 sec   720 KBytes  5.89 Mbits/sec  1.031 ms  652/1266 (52%)  
[  5] 331.00-332.00 sec   708 KBytes  5.80 Mbits/sec  1.242 ms  730/1334 (55%)  
[  5] 332.00-333.00 sec   779 KBytes  6.39 Mbits/sec  1.068 ms  758/1423 (53%)  
[  5] 333.00-334.00 sec   700 KBytes  5.73 Mbits/sec  1.254 ms  705/1302 (54%)  
[  5] 334.00-335.00 sec   717 KBytes  5.88 Mbits/sec  1.171 ms  681/1293 (53%)  
[  5] 335.00-336.00 sec   689 KBytes  5.65 Mbits/sec  1.298 ms  723/1311 (55%)  
[  5] 336.00-337.00 sec   709 KBytes  5.81 Mbits/sec  1.268 ms  649/1254 (52%)  
[  5] 337.00-338.00 sec   677 KBytes  5.55 Mbits/sec  1.203 ms  634/1212 (52%)  
[  5] 338.00-339.00 sec   709 KBytes  5.81 Mbits/sec  1.149 ms  649/1254 (52%)  
[  5] 339.00-340.00 sec   720 KBytes  5.89 Mbits/sec  1.081 ms  629/1243 (51%)  
[  5] 340.00-341.00 sec   709 KBytes  5.81 Mbits/sec  1.181 ms  619/1224 (51%)  
[  5] 341.00-342.00 sec   708 KBytes  5.80 Mbits/sec  1.142 ms  610/1214 (50%)  
[  5] 342.00-343.00 sec   718 KBytes  5.88 Mbits/sec  1.160 ms  665/1278 (52%)  
[  5] 343.00-344.00 sec   589 KBytes  4.83 Mbits/sec  1.166 ms  543/1046 (52%)  
[  5] 344.00-345.00 sec   620 KBytes  5.08 Mbits/sec  1.197 ms  563/1092 (52%)  
[  5] 345.00-346.00 sec   708 KBytes  5.80 Mbits/sec  1.117 ms  635/1239 (51%)  
[  5] 346.00-347.00 sec   689 KBytes  5.64 Mbits/sec  1.096 ms  603/1191 (51%)  
[  5] 347.00-348.00 sec   705 KBytes  5.78 Mbits/sec  1.138 ms  590/1192 (49%)  
[  5] 348.00-349.00 sec   709 KBytes  5.81 Mbits/sec  1.209 ms  621/1226 (51%)  
[  5] 349.00-350.00 sec   720 KBytes  5.89 Mbits/sec  1.101 ms  703/1317 (53%)  
[  5] 350.00-351.00 sec   679 KBytes  5.56 Mbits/sec  1.184 ms  635/1214 (52%)  
[  5] 351.00-352.00 sec   718 KBytes  5.88 Mbits/sec  1.116 ms  650/1263 (51%)  
[  5] 352.00-353.00 sec   619 KBytes  5.07 Mbits/sec  1.156 ms  586/1114 (53%)  
[  5] 353.00-354.00 sec   710 KBytes  5.82 Mbits/sec  1.143 ms  646/1252 (52%)  
[  5] 354.00-355.00 sec   696 KBytes  5.70 Mbits/sec  1.119 ms  677/1271 (53%)  
[  5] 355.00-356.00 sec   679 KBytes  5.56 Mbits/sec  1.125 ms  593/1172 (51%)  
[  5] 356.00-357.00 sec   709 KBytes  5.81 Mbits/sec  1.185 ms  673/1278 (53%)  
[  5] 357.00-358.00 sec   718 KBytes  5.88 Mbits/sec  1.117 ms  768/1381 (56%)  
[  5] 358.00-359.00 sec   697 KBytes  5.71 Mbits/sec  1.125 ms  794/1389 (57%)  
[  5] 359.00-360.00 sec   680 KBytes  5.57 Mbits/sec  1.190 ms  644/1224 (53%)  
[  5] 360.00-361.00 sec   720 KBytes  5.89 Mbits/sec  1.124 ms  680/1294 (53%)  
[  5] 361.00-362.00 sec   708 KBytes  5.80 Mbits/sec  1.165 ms  690/1294 (53%)  
[  5] 362.00-363.00 sec   619 KBytes  5.07 Mbits/sec  1.300 ms  614/1142 (54%)  
[  5] 363.00-364.00 sec   689 KBytes  5.62 Mbits/sec  1.038 ms  633/1221 (52%)  
[  5] 364.00-365.00 sec   709 KBytes  5.83 Mbits/sec  1.204 ms  643/1248 (52%)  
[  5] 365.00-366.00 sec   709 KBytes  5.81 Mbits/sec  1.190 ms  663/1268 (52%)  
[  5] 366.00-367.00 sec   703 KBytes  5.76 Mbits/sec  1.148 ms  688/1288 (53%)  
[  5] 367.00-368.00 sec   709 KBytes  5.80 Mbits/sec  1.179 ms  673/1278 (53%)  
[  5] 368.00-369.00 sec   688 KBytes  5.64 Mbits/sec  1.122 ms  672/1259 (53%)  
[  5] 369.00-370.00 sec   709 KBytes  5.81 Mbits/sec  1.162 ms  690/1295 (53%)  
[  5] 370.00-371.00 sec   709 KBytes  5.81 Mbits/sec  1.166 ms  661/1266 (52%)  
[  5] 371.00-372.00 sec   629 KBytes  5.15 Mbits/sec  1.160 ms  587/1124 (52%)  
[  5] 372.00-373.00 sec   679 KBytes  5.57 Mbits/sec  1.212 ms  603/1182 (51%)  
[  5] 373.00-374.00 sec   709 KBytes  5.81 Mbits/sec  1.294 ms  683/1288 (53%)  
[  5] 374.00-375.00 sec   720 KBytes  5.89 Mbits/sec  1.108 ms  657/1271 (52%)  
[  5] 375.00-376.00 sec   708 KBytes  5.80 Mbits/sec  1.120 ms  653/1257 (52%)  
[  5] 376.00-377.00 sec   710 KBytes  5.81 Mbits/sec  1.107 ms  683/1289 (53%)  
[  5] 377.00-378.00 sec   668 KBytes  5.47 Mbits/sec  1.182 ms  684/1254 (55%)  
[  5] 378.00-379.00 sec   708 KBytes  5.80 Mbits/sec  1.138 ms  687/1291 (53%)  
[  5] 379.00-380.00 sec   718 KBytes  5.89 Mbits/sec  1.118 ms  649/1262 (51%)  
[  5] 380.00-381.00 sec   588 KBytes  4.82 Mbits/sec  1.051 ms  521/1023 (51%)  
[  5] 381.00-382.00 sec   710 KBytes  5.82 Mbits/sec  1.151 ms  636/1242 (51%)  
[  5] 382.00-383.00 sec   708 KBytes  5.79 Mbits/sec  1.187 ms  685/1289 (53%)  
[  5] 383.00-384.00 sec   718 KBytes  5.89 Mbits/sec  1.153 ms  670/1283 (52%)  
[  5] 384.00-385.00 sec   708 KBytes  5.79 Mbits/sec  1.213 ms  701/1305 (54%)  
[  5] 385.00-386.00 sec   589 KBytes  4.83 Mbits/sec  1.325 ms  606/1109 (55%)  
[  5] 386.00-387.00 sec   720 KBytes  5.89 Mbits/sec  1.173 ms  709/1323 (54%)  
[  5] 387.00-388.00 sec   709 KBytes  5.80 Mbits/sec  1.279 ms  664/1269 (52%)  
[  5] 388.00-389.00 sec   698 KBytes  5.73 Mbits/sec  1.226 ms  675/1271 (53%)  
[  5] 389.00-390.00 sec   599 KBytes  4.91 Mbits/sec  1.129 ms  545/1056 (52%)  
[  5] 390.00-391.00 sec   696 KBytes  5.70 Mbits/sec  1.184 ms  639/1233 (52%)  
[  5] 391.00-392.00 sec   709 KBytes  5.81 Mbits/sec  1.129 ms  648/1253 (52%)  
[  5] 392.00-393.00 sec   718 KBytes  5.89 Mbits/sec  1.097 ms  664/1277 (52%)  
[  5] 393.00-394.00 sec   709 KBytes  5.81 Mbits/sec  1.202 ms  695/1300 (53%)  
[  5] 394.00-395.00 sec   688 KBytes  5.63 Mbits/sec  1.141 ms  671/1258 (53%)  
[  5] 395.00-396.00 sec   709 KBytes  5.81 Mbits/sec  1.330 ms  677/1282 (53%)  
[  5] 396.00-397.00 sec   709 KBytes  5.81 Mbits/sec  1.181 ms  672/1277 (53%)  
[  5] 397.00-398.00 sec   720 KBytes  5.89 Mbits/sec  1.150 ms  692/1306 (53%)  
[  5] 398.00-399.00 sec   709 KBytes  5.80 Mbits/sec  1.162 ms  682/1287 (53%)  
[  5] 399.00-400.00 sec   718 KBytes  5.89 Mbits/sec  1.067 ms  713/1326 (54%)  
[  5] 400.00-401.00 sec   679 KBytes  5.56 Mbits/sec  1.175 ms  670/1249 (54%)  
