Connecting to host 172.22.0.50, port 5201
Reverse mode, remote host 172.22.0.50 is sending
[  5] local 192.168.100.2 port 37293 connected to 172.22.0.50 port 5201
[ ID] Interval           Transfer     Bitrate         Jitter    Lost/Total Datagrams
[  5]   0.00-1.00   sec  1.43 MBytes  12.0 Mbits/sec  0.805 ms  0/1253 (0%)  
[  5]   1.00-2.00   sec  1.42 MBytes  11.9 Mbits/sec  0.966 ms  0/1245 (0%)  
[  5]   2.00-3.00   sec  1.44 MBytes  12.1 Mbits/sec  0.972 ms  0/1254 (0%)  
[  5]   3.00-4.00   sec  1.43 MBytes  12.0 Mbits/sec  0.768 ms  0/1249 (0%)  
[  5]   4.00-5.00   sec  1.43 MBytes  12.0 Mbits/sec  1.009 ms  0/1250 (0%)  
[  5]   5.00-6.00   sec  1.43 MBytes  12.0 Mbits/sec  0.815 ms  0/1251 (0%)  
[  5]   6.00-7.00   sec  1.43 MBytes  12.0 Mbits/sec  0.957 ms  0/1253 (0%)  
[  5]   7.00-8.00   sec  1.43 MBytes  12.0 Mbits/sec  0.863 ms  0/1247 (0%)  
[  5]   8.00-9.00   sec  1.43 MBytes  12.0 Mbits/sec  0.823 ms  0/1251 (0%)  
[  5]   9.00-10.00  sec  1.43 MBytes  12.0 Mbits/sec  0.994 ms  0/1248 (0%)  
[  5]  10.00-11.00  sec  1.43 MBytes  12.0 Mbits/sec  0.866 ms  0/1253 (0%)  
[  5]  11.00-12.00  sec  1.43 MBytes  12.0 Mbits/sec  0.915 ms  0/1248 (0%)  
[  5]  12.00-13.00  sec  1.43 MBytes  12.0 Mbits/sec  0.781 ms  0/1249 (0%)  
[  5]  13.00-14.00  sec  1.43 MBytes  12.0 Mbits/sec  0.892 ms  0/1253 (0%)  
[  5]  14.00-15.00  sec  1.43 MBytes  12.0 Mbits/sec  0.874 ms  0/1248 (0%)  
[  5]  15.00-16.00  sec  1.40 MBytes  11.7 Mbits/sec  1.206 ms  0/1224 (0%)  
[  5]  16.00-17.00  sec   555 KBytes  4.55 Mbits/sec  1.368 ms  0/474 (0%)  
[  5]  17.00-18.00  sec   571 KBytes  4.68 Mbits/sec  1.483 ms  0/487 (0%)  
[  5]  18.00-19.00  sec   573 KBytes  4.69 Mbits/sec  1.353 ms  0/489 (0%)  
[  5]  19.00-20.00  sec   570 KBytes  4.67 Mbits/sec  1.568 ms  0/486 (0%)  
[  5]  20.00-21.00  sec   557 KBytes  4.56 Mbits/sec  1.631 ms  0/475 (0%)  
[  5]  21.00-22.00  sec   559 KBytes  4.58 Mbits/sec  1.511 ms  0/477 (0%)  
[  5]  22.00-23.00  sec   577 KBytes  4.72 Mbits/sec  1.261 ms  0/492 (0%)  
[  5]  23.00-24.00  sec   572 KBytes  4.68 Mbits/sec  1.518 ms  0/488 (0%)  
[  5]  24.00-25.00  sec   573 KBytes  4.70 Mbits/sec  1.231 ms  0/489 (0%)  
[  5]  25.00-26.00  sec   559 KBytes  4.58 Mbits/sec  1.586 ms  0/477 (0%)  
[  5]  26.00-27.00  sec   544 KBytes  4.45 Mbits/sec  1.382 ms  0/464 (0%)  
[  5]  27.00-28.00  sec   553 KBytes  4.53 Mbits/sec  1.556 ms  0/472 (0%)  
[  5]  28.00-29.00  sec   537 KBytes  4.40 Mbits/sec  1.449 ms  0/458 (0%)  
[  5]  29.00-30.00  sec   534 KBytes  4.38 Mbits/sec  1.592 ms  0/456 (0%)  
[  5]  30.00-31.00  sec   552 KBytes  4.52 Mbits/sec  1.497 ms  0/471 (0%)  
[  5]  31.00-32.00  sec   550 KBytes  4.51 Mbits/sec  1.718 ms  0/469 (0%)  
[  5]  32.00-33.00  sec   555 KBytes  4.55 Mbits/sec  1.316 ms  0/474 (0%)  
[  5]  33.00-34.00  sec   554 KBytes  4.54 Mbits/sec  1.389 ms  0/473 (0%)  
[  5]  34.00-35.00  sec   554 KBytes  4.54 Mbits/sec  1.423 ms  0/473 (0%)  
[  5]  35.00-36.00  sec   554 KBytes  4.54 Mbits/sec  1.704 ms  0/473 (0%)  
[  5]  36.00-37.00  sec   559 KBytes  4.58 Mbits/sec  1.543 ms  0/477 (0%)  
[  5]  37.00-38.00  sec   567 KBytes  4.65 Mbits/sec  1.291 ms  0/484 (0%)  
[  5]  38.00-39.00  sec   561 KBytes  4.60 Mbits/sec  1.381 ms  0/479 (0%)  
[  5]  39.00-40.00  sec   572 KBytes  4.68 Mbits/sec  1.362 ms  0/488 (0%)  
[  5]  40.00-41.00  sec   573 KBytes  4.70 Mbits/sec  1.397 ms  0/489 (0%)  
[  5]  41.00-42.00  sec   571 KBytes  4.68 Mbits/sec  1.552 ms  0/487 (0%)  
[  5]  42.00-43.00  sec   572 KBytes  4.68 Mbits/sec  1.516 ms  0/488 (0%)  
[  5]  43.00-44.00  sec   475 KBytes  3.89 Mbits/sec  1.440 ms  206/611 (34%)  
[  5]  44.00-45.00  sec   579 KBytes  4.74 Mbits/sec  1.542 ms  818/1312 (62%)  
[  5]  45.00-46.00  sec   580 KBytes  4.75 Mbits/sec  1.506 ms  851/1346 (63%)  
[  5]  46.00-47.00  sec   558 KBytes  4.57 Mbits/sec  1.464 ms  828/1304 (63%)  
[  5]  47.00-48.00  sec   652 KBytes  5.34 Mbits/sec  1.471 ms  916/1472 (62%)  
[  5]  48.00-49.00  sec   659 KBytes  5.39 Mbits/sec  1.544 ms  933/1495 (62%)  
[  5]  49.00-50.00  sec   629 KBytes  5.16 Mbits/sec  1.452 ms  884/1421 (62%)  
[  5]  50.00-51.00  sec   659 KBytes  5.39 Mbits/sec  1.434 ms  933/1495 (62%)  
[  5]  51.00-52.00  sec   730 KBytes  5.98 Mbits/sec  1.422 ms  1012/1635 (62%)  
[  5]  52.00-53.00  sec   629 KBytes  5.16 Mbits/sec  1.401 ms  872/1409 (62%)  
[  5]  53.00-54.00  sec   708 KBytes  5.80 Mbits/sec  1.461 ms  970/1574 (62%)  
[  5]  54.00-55.00  sec   751 KBytes  6.15 Mbits/sec  1.348 ms  1006/1647 (61%)  
[  5]  55.00-56.00  sec   709 KBytes  5.81 Mbits/sec  1.419 ms  949/1554 (61%)  
[  5]  56.00-57.00  sec   708 KBytes  5.80 Mbits/sec  1.421 ms  942/1546 (61%)  
[  5]  57.00-58.00  sec   802 KBytes  6.57 Mbits/sec  1.330 ms  1058/1742 (61%)  
[  5]  58.00-59.00  sec   709 KBytes  5.81 Mbits/sec  1.382 ms  962/1567 (61%)  
[  5]  59.00-60.00  sec   816 KBytes  6.68 Mbits/sec  1.315 ms  1080/1776 (61%)  
[  5]  60.00-61.00  sec   817 KBytes  6.69 Mbits/sec  1.317 ms  932/1629 (57%)  
[  5]  61.00-62.00  sec   704 KBytes  5.77 Mbits/sec  1.259 ms  789/1390 (57%)  
[  5]  62.00-63.00  sec   784 KBytes  6.42 Mbits/sec  1.294 ms  850/1519 (56%)  
[  5]  63.00-64.00  sec   817 KBytes  6.69 Mbits/sec  1.237 ms  899/1596 (56%)  
[  5]  64.00-65.00  sec   702 KBytes  5.75 Mbits/sec  1.116 ms  628/1227 (51%)  
[  5]  65.00-66.00  sec   818 KBytes  6.69 Mbits/sec  1.148 ms  758/1456 (52%)  
[  5]  66.00-67.00  sec   810 KBytes  6.65 Mbits/sec  1.156 ms  739/1430 (52%)  
[  5]  67.00-68.00  sec   702 KBytes  5.75 Mbits/sec  1.106 ms  637/1236 (52%)  
[  5]  68.00-69.00  sec   812 KBytes  6.66 Mbits/sec  1.060 ms  692/1385 (50%)  
[  5]  69.00-70.00  sec   809 KBytes  6.62 Mbits/sec  1.165 ms  626/1316 (48%)  
[  5]  70.00-71.00  sec   709 KBytes  5.81 Mbits/sec  1.111 ms  549/1154 (48%)  
[  5]  71.00-72.00  sec   809 KBytes  6.63 Mbits/sec  1.088 ms  619/1309 (47%)  
[  5]  72.00-73.00  sec   709 KBytes  5.81 Mbits/sec  1.055 ms  544/1149 (47%)  
[  5]  73.00-74.00  sec   809 KBytes  6.62 Mbits/sec  1.091 ms  622/1312 (47%)  
[  5]  74.00-75.00  sec   790 KBytes  6.47 Mbits/sec  1.724 ms  635/1309 (49%)  
[  5]  75.00-76.00  sec   680 KBytes  5.57 Mbits/sec  1.035 ms  526/1106 (48%)  
[  5]  76.00-77.00  sec   809 KBytes  6.62 Mbits/sec  1.096 ms  611/1301 (47%)  
[  5]  77.00-78.00  sec   806 KBytes  6.61 Mbits/sec  1.087 ms  613/1301 (47%)  
[  5]  78.00-79.00  sec   709 KBytes  5.81 Mbits/sec  1.173 ms  559/1164 (48%)  
[  5]  79.00-80.00  sec   809 KBytes  6.62 Mbits/sec  1.093 ms  602/1292 (47%)  
[  5]  80.00-81.00  sec   809 KBytes  6.62 Mbits/sec  1.071 ms  606/1296 (47%)  
[  5]  81.00-82.00  sec   709 KBytes  5.81 Mbits/sec  1.068 ms  556/1161 (48%)  
[  5]  82.00-83.00  sec   809 KBytes  6.63 Mbits/sec  1.092 ms  629/1319 (48%)  
[  5]  83.00-84.00  sec   809 KBytes  6.62 Mbits/sec  1.027 ms  647/1337 (48%)  
[  5]  84.00-85.00  sec   799 KBytes  6.54 Mbits/sec  1.116 ms  624/1306 (48%)  
[  5]  85.00-86.00  sec   718 KBytes  5.89 Mbits/sec  1.123 ms  549/1162 (47%)  
[  5]  86.00-87.00  sec   799 KBytes  6.55 Mbits/sec  1.090 ms  608/1290 (47%)  
[  5]  87.00-88.00  sec   718 KBytes  5.89 Mbits/sec  1.124 ms  527/1140 (46%)  
[  5]  88.00-89.00  sec   809 KBytes  6.62 Mbits/sec  1.084 ms  618/1308 (47%)  
[  5]  89.00-90.00  sec   709 KBytes  5.81 Mbits/sec  1.079 ms  548/1153 (48%)  
[  5]  90.00-91.00  sec   809 KBytes  6.62 Mbits/sec  1.159 ms  644/1334 (48%)  
[  5]  91.00-92.00  sec   809 KBytes  6.63 Mbits/sec  0.981 ms  608/1298 (47%)  
[  5]  92.00-93.00  sec   680 KBytes  5.57 Mbits/sec  1.137 ms  509/1089 (47%)  
[  5]  93.00-94.00  sec   809 KBytes  6.62 Mbits/sec  0.995 ms  597/1287 (46%)  
[  5]  94.00-95.00  sec   709 KBytes  5.81 Mbits/sec  1.092 ms  515/1120 (46%)  
[  5]  95.00-96.00  sec   809 KBytes  6.62 Mbits/sec  1.079 ms  592/1282 (46%)  
[  5]  96.00-97.00  sec   809 KBytes  6.62 Mbits/sec  1.093 ms  623/1313 (47%)  
[  5]  97.00-98.00  sec   709 KBytes  5.81 Mbits/sec  1.075 ms  513/1118 (46%)  
[  5]  98.00-99.00  sec   807 KBytes  6.62 Mbits/sec  1.005 ms  662/1351 (49%)  
[  5]  99.00-100.00 sec   809 KBytes  6.62 Mbits/sec  1.104 ms  690/1380 (50%)  
[  5] 100.00-101.00 sec   709 KBytes  5.81 Mbits/sec  1.119 ms  557/1162 (48%)  
[  5] 101.00-102.00 sec   797 KBytes  6.53 Mbits/sec  1.016 ms  624/1304 (48%)  
[  5] 102.00-103.00 sec   709 KBytes  5.81 Mbits/sec  1.129 ms  552/1157 (48%)  
[  5] 103.00-104.00 sec   809 KBytes  6.62 Mbits/sec  1.049 ms  616/1306 (47%)  
[  5] 104.00-105.00 sec   709 KBytes  5.81 Mbits/sec  1.206 ms  542/1147 (47%)  
[  5] 105.00-106.00 sec   809 KBytes  6.62 Mbits/sec  1.090 ms  614/1304 (47%)  
[  5] 106.00-107.00 sec   709 KBytes  5.81 Mbits/sec  1.171 ms  554/1159 (48%)  
[  5] 107.00-108.00 sec   798 KBytes  6.54 Mbits/sec  1.076 ms  634/1315 (48%)  
[  5] 108.00-109.00 sec   715 KBytes  5.86 Mbits/sec  1.129 ms  576/1186 (49%)  
[  5] 109.00-110.00 sec   799 KBytes  6.54 Mbits/sec  1.110 ms  594/1276 (47%)  
[  5] 110.00-111.00 sec   809 KBytes  6.63 Mbits/sec  1.065 ms  627/1317 (48%)  
[  5] 111.00-112.00 sec   709 KBytes  5.81 Mbits/sec  1.070 ms  533/1138 (47%)  
[  5] 112.00-113.00 sec   809 KBytes  6.63 Mbits/sec  1.074 ms  610/1300 (47%)  
[  5] 113.00-114.00 sec   810 KBytes  6.63 Mbits/sec  1.130 ms  625/1316 (47%)  
[  5] 114.00-115.00 sec   708 KBytes  5.80 Mbits/sec  1.078 ms  593/1197 (50%)  
[  5] 115.00-116.00 sec   810 KBytes  6.63 Mbits/sec  1.099 ms  655/1346 (49%)  
[  5] 116.00-117.00 sec   679 KBytes  5.56 Mbits/sec  1.101 ms  531/1110 (48%)  
[  5] 117.00-118.00 sec   809 KBytes  6.62 Mbits/sec  1.099 ms  643/1333 (48%)  
[  5] 118.00-119.00 sec   705 KBytes  5.77 Mbits/sec  1.087 ms  587/1189 (49%)  
[  5] 119.00-120.00 sec   800 KBytes  6.56 Mbits/sec  1.171 ms  626/1309 (48%)  
[  5] 120.00-121.00 sec   718 KBytes  5.88 Mbits/sec  1.065 ms  553/1166 (47%)  
[  5] 121.00-122.00 sec   799 KBytes  6.55 Mbits/sec  1.079 ms  598/1280 (47%)  
[  5] 122.00-123.00 sec   809 KBytes  6.62 Mbits/sec  1.206 ms  648/1338 (48%)  
[  5] 123.00-124.00 sec   709 KBytes  5.81 Mbits/sec  1.143 ms  565/1170 (48%)  
[  5] 124.00-125.00 sec   809 KBytes  6.62 Mbits/sec  1.092 ms  616/1306 (47%)  
[  5] 125.00-126.00 sec   809 KBytes  6.63 Mbits/sec  1.074 ms  619/1309 (47%)  
[  5] 126.00-127.00 sec   709 KBytes  5.81 Mbits/sec  1.070 ms  535/1140 (47%)  
[  5] 127.00-128.00 sec   809 KBytes  6.62 Mbits/sec  1.117 ms  619/1309 (47%)  
[  5] 128.00-129.00 sec   718 KBytes  5.88 Mbits/sec  1.093 ms  559/1172 (48%)  
[  5] 129.00-130.00 sec   799 KBytes  6.56 Mbits/sec  1.073 ms  640/1322 (48%)  
[  5] 130.00-131.00 sec   810 KBytes  6.63 Mbits/sec  1.130 ms  686/1377 (50%)  
[  5] 131.00-132.00 sec   679 KBytes  5.56 Mbits/sec  1.159 ms  547/1126 (49%)  
[  5] 132.00-133.00 sec   718 KBytes  5.89 Mbits/sec  1.021 ms  565/1178 (48%)  
[  5] 133.00-134.00 sec   799 KBytes  6.55 Mbits/sec  1.078 ms  603/1285 (47%)  
[  5] 134.00-135.00 sec   718 KBytes  5.88 Mbits/sec  1.195 ms  543/1156 (47%)  
[  5] 135.00-136.00 sec   800 KBytes  6.56 Mbits/sec  1.072 ms  632/1315 (48%)  
[  5] 136.00-137.00 sec   709 KBytes  5.81 Mbits/sec  1.059 ms  519/1124 (46%)  
[  5] 137.00-138.00 sec   800 KBytes  6.56 Mbits/sec  1.133 ms  617/1300 (47%)  
[  5] 138.00-139.00 sec   709 KBytes  5.81 Mbits/sec  1.119 ms  564/1169 (48%)  
[  5] 139.00-140.00 sec   809 KBytes  6.62 Mbits/sec  1.103 ms  639/1329 (48%)  
[  5] 140.00-141.00 sec   809 KBytes  6.63 Mbits/sec  1.089 ms  629/1319 (48%)  
[  5] 141.00-142.00 sec   799 KBytes  6.55 Mbits/sec  1.138 ms  603/1285 (47%)  
[  5] 142.00-143.00 sec   718 KBytes  5.88 Mbits/sec  1.082 ms  561/1174 (48%)  
[  5] 143.00-144.00 sec   799 KBytes  6.55 Mbits/sec  1.069 ms  619/1301 (48%)  
[  5] 144.00-145.00 sec   689 KBytes  5.65 Mbits/sec  1.073 ms  573/1161 (49%)  
[  5] 145.00-146.00 sec   838 KBytes  6.86 Mbits/sec  1.127 ms  693/1408 (49%)  
[  5] 146.00-147.00 sec   680 KBytes  5.57 Mbits/sec  1.135 ms  551/1131 (49%)  
[  5] 147.00-148.00 sec   809 KBytes  6.62 Mbits/sec  1.065 ms  680/1370 (50%)  
[  5] 148.00-149.00 sec   709 KBytes  5.81 Mbits/sec  1.197 ms  591/1196 (49%)  
[  5] 149.00-150.00 sec   709 KBytes  5.81 Mbits/sec  1.161 ms  555/1160 (48%)  
[  5] 150.00-151.00 sec   809 KBytes  6.62 Mbits/sec  1.136 ms  615/1305 (47%)  
[  5] 151.00-152.00 sec   718 KBytes  5.88 Mbits/sec  1.005 ms  550/1163 (47%)  
[  5] 152.00-153.00 sec   799 KBytes  6.55 Mbits/sec  1.107 ms  589/1271 (46%)  
[  5] 153.00-154.00 sec   720 KBytes  5.90 Mbits/sec  1.083 ms  546/1160 (47%)  
[  5] 154.00-155.00 sec   708 KBytes  5.80 Mbits/sec  1.093 ms  543/1147 (47%)  
[  5] 155.00-156.00 sec   810 KBytes  6.63 Mbits/sec  1.041 ms  640/1331 (48%)  
[  5] 156.00-157.00 sec   708 KBytes  5.80 Mbits/sec  1.184 ms  568/1172 (48%)  
[  5] 157.00-158.00 sec   810 KBytes  6.63 Mbits/sec  1.102 ms  627/1318 (48%)  
[  5] 158.00-159.00 sec   679 KBytes  5.56 Mbits/sec  1.086 ms  509/1088 (47%)  
[  5] 159.00-160.00 sec   718 KBytes  5.89 Mbits/sec  1.058 ms  575/1188 (48%)  
[  5] 160.00-161.00 sec   799 KBytes  6.55 Mbits/sec  1.130 ms  639/1321 (48%)  
[  5] 161.00-162.00 sec   718 KBytes  5.88 Mbits/sec  1.219 ms  595/1208 (49%)  
[  5] 162.00-163.00 sec   722 KBytes  5.91 Mbits/sec  4.578 ms  609/1225 (50%)  
[  5] 163.00-164.00 sec   796 KBytes  6.52 Mbits/sec  1.082 ms  666/1345 (50%)  
[  5] 164.00-165.00 sec   709 KBytes  5.81 Mbits/sec  1.096 ms  581/1186 (49%)  
[  5] 165.00-166.00 sec   809 KBytes  6.62 Mbits/sec  1.061 ms  659/1349 (49%)  
[  5] 166.00-167.00 sec   680 KBytes  5.57 Mbits/sec  1.170 ms  569/1149 (50%)  
[  5] 167.00-168.00 sec   718 KBytes  5.88 Mbits/sec  1.162 ms  576/1189 (48%)  
[  5] 168.00-169.00 sec   809 KBytes  6.62 Mbits/sec  1.070 ms  675/1365 (49%)  
[  5] 169.00-170.00 sec   799 KBytes  6.55 Mbits/sec  1.087 ms  646/1328 (49%)  
[  5] 170.00-171.00 sec   718 KBytes  5.89 Mbits/sec  1.082 ms  584/1197 (49%)  
[  5] 171.00-172.00 sec   809 KBytes  6.62 Mbits/sec  1.089 ms  682/1372 (50%)  
[  5] 172.00-173.00 sec   799 KBytes  6.55 Mbits/sec  1.190 ms  664/1346 (49%)  
[  5] 173.00-174.00 sec   718 KBytes  5.89 Mbits/sec  1.074 ms  598/1211 (49%)  
[  5] 174.00-175.00 sec   788 KBytes  6.45 Mbits/sec  1.182 ms  639/1311 (49%)  
[  5] 175.00-176.00 sec   718 KBytes  5.88 Mbits/sec  1.206 ms  591/1204 (49%)  
[  5] 176.00-177.00 sec   809 KBytes  6.62 Mbits/sec  1.103 ms  686/1376 (50%)  
[  5] 177.00-178.00 sec   695 KBytes  5.69 Mbits/sec  1.230 ms  581/1174 (49%)  
[  5] 178.00-179.00 sec   779 KBytes  6.38 Mbits/sec  1.006 ms  641/1306 (49%)  
[  5] 179.00-180.00 sec   709 KBytes  5.81 Mbits/sec  1.246 ms  594/1199 (50%)  
[  5] 180.00-181.00 sec   809 KBytes  6.62 Mbits/sec  1.100 ms  664/1354 (49%)  
[  5] 181.00-182.00 sec   838 KBytes  6.86 Mbits/sec  1.038 ms  646/1361 (47%)  
[  5] 182.00-183.00 sec   680 KBytes  5.57 Mbits/sec  1.155 ms  519/1099 (47%)  
[  5] 183.00-184.00 sec   809 KBytes  6.62 Mbits/sec  0.995 ms  617/1307 (47%)  
[  5] 184.00-185.00 sec   709 KBytes  5.81 Mbits/sec  1.101 ms  536/1141 (47%)  
[  5] 185.00-186.00 sec   797 KBytes  6.53 Mbits/sec  1.041 ms  611/1291 (47%)  
[  5] 186.00-187.00 sec   709 KBytes  5.81 Mbits/sec  1.103 ms  537/1142 (47%)  
[  5] 187.00-188.00 sec   809 KBytes  6.63 Mbits/sec  1.109 ms  645/1335 (48%)  
[  5] 188.00-189.00 sec   809 KBytes  6.62 Mbits/sec  1.107 ms  653/1343 (49%)  
[  5] 189.00-190.00 sec   709 KBytes  5.81 Mbits/sec  1.057 ms  548/1153 (48%)  
[  5] 190.00-191.00 sec   809 KBytes  6.62 Mbits/sec  1.169 ms  649/1339 (48%)  
[  5] 191.00-192.00 sec   809 KBytes  6.62 Mbits/sec  1.034 ms  642/1332 (48%)  
[  5] 192.00-193.00 sec   709 KBytes  5.81 Mbits/sec  1.090 ms  562/1167 (48%)  
[  5] 193.00-194.00 sec   720 KBytes  5.89 Mbits/sec  1.034 ms  563/1177 (48%)  
[  5] 194.00-195.00 sec   798 KBytes  6.54 Mbits/sec  1.070 ms  608/1289 (47%)  
[  5] 195.00-196.00 sec   689 KBytes  5.64 Mbits/sec  1.027 ms  547/1135 (48%)  
[  5] 196.00-197.00 sec   799 KBytes  6.55 Mbits/sec  1.156 ms  651/1333 (49%)  
[  5] 197.00-198.00 sec   718 KBytes  5.88 Mbits/sec  1.052 ms  565/1178 (48%)  
[  5] 198.00-199.00 sec   799 KBytes  6.54 Mbits/sec  1.087 ms  610/1292 (47%)  
[  5] 199.00-200.00 sec   755 KBytes  6.19 Mbits/sec  2.608 ms  589/1233 (48%)  
[  5] 200.00-201.00 sec   772 KBytes  6.33 Mbits/sec  1.009 ms  568/1227 (46%)  
[  5] 201.00-202.00 sec   709 KBytes  5.81 Mbits/sec  1.105 ms  535/1140 (47%)  
[  5] 202.00-203.00 sec   809 KBytes  6.62 Mbits/sec  1.109 ms  627/1317 (48%)  
[  5] 203.00-204.00 sec   709 KBytes  5.81 Mbits/sec  1.154 ms  551/1156 (48%)  
[  5] 204.00-205.00 sec   810 KBytes  6.63 Mbits/sec  1.098 ms  631/1322 (48%)  
[  5] 205.00-206.00 sec   807 KBytes  6.62 Mbits/sec  1.107 ms  671/1360 (49%)  
[  5] 206.00-207.00 sec   698 KBytes  5.72 Mbits/sec  2.001 ms  579/1175 (49%)  
[  5] 207.00-208.00 sec   807 KBytes  6.61 Mbits/sec  1.096 ms  650/1339 (49%)  
[  5] 208.00-209.00 sec   710 KBytes  5.82 Mbits/sec  1.052 ms  573/1179 (49%)  
[  5] 209.00-210.00 sec   788 KBytes  6.45 Mbits/sec  1.156 ms  670/1342 (50%)  
[  5] 210.00-211.00 sec   710 KBytes  5.82 Mbits/sec  1.061 ms  565/1171 (48%)  
[  5] 211.00-212.00 sec   807 KBytes  6.61 Mbits/sec  1.074 ms  632/1321 (48%)  
[  5] 212.00-213.00 sec   690 KBytes  5.66 Mbits/sec  1.154 ms  552/1141 (48%)  
[  5] 213.00-214.00 sec   798 KBytes  6.54 Mbits/sec  1.147 ms  661/1342 (49%)  
[  5] 214.00-215.00 sec   809 KBytes  6.63 Mbits/sec  1.139 ms  632/1322 (48%)  
[  5] 215.00-216.00 sec   709 KBytes  5.81 Mbits/sec  1.105 ms  549/1154 (48%)  
[  5] 216.00-217.00 sec   809 KBytes  6.62 Mbits/sec  1.123 ms  621/1311 (47%)  
[  5] 217.00-218.00 sec   707 KBytes  5.79 Mbits/sec  1.100 ms  575/1178 (49%)  
[  5] 218.00-219.00 sec   798 KBytes  6.54 Mbits/sec  1.081 ms  591/1272 (46%)  
[  5] 219.00-220.00 sec   809 KBytes  6.62 Mbits/sec  1.134 ms  608/1298 (47%)  
[  5] 220.00-221.00 sec   709 KBytes  5.81 Mbits/sec  1.152 ms  587/1192 (49%)  
[  5] 221.00-222.00 sec   809 KBytes  6.63 Mbits/sec  1.163 ms  667/1357 (49%)  
[  5] 222.00-223.00 sec   809 KBytes  6.62 Mbits/sec  1.107 ms  639/1329 (48%)  
[  5] 223.00-224.00 sec   709 KBytes  5.81 Mbits/sec  1.046 ms  561/1166 (48%)  
[  5] 224.00-225.00 sec   689 KBytes  5.65 Mbits/sec  1.007 ms  538/1126 (48%)  
[  5] 225.00-226.00 sec   839 KBytes  6.87 Mbits/sec  1.053 ms  672/1388 (48%)  
[  5] 226.00-227.00 sec   680 KBytes  5.57 Mbits/sec  1.089 ms  511/1091 (47%)  
[  5] 227.00-228.00 sec   798 KBytes  6.53 Mbits/sec  1.011 ms  643/1324 (49%)  
[  5] 228.00-229.00 sec   709 KBytes  5.81 Mbits/sec  1.098 ms  586/1191 (49%)  
[  5] 229.00-230.00 sec   809 KBytes  6.62 Mbits/sec  1.004 ms  639/1329 (48%)  
[  5] 230.00-231.00 sec   709 KBytes  5.81 Mbits/sec  1.056 ms  532/1137 (47%)  
[  5] 231.00-232.00 sec   809 KBytes  6.62 Mbits/sec  1.149 ms  608/1298 (47%)  
[  5] 232.00-233.00 sec   709 KBytes  5.80 Mbits/sec  1.088 ms  529/1134 (47%)  
[  5] 233.00-234.00 sec   797 KBytes  6.53 Mbits/sec  1.079 ms  624/1304 (48%)  
[  5] 234.00-235.00 sec   809 KBytes  6.62 Mbits/sec  1.104 ms  616/1306 (47%)  
[  5] 235.00-236.00 sec   709 KBytes  5.81 Mbits/sec  1.097 ms  553/1158 (48%)  
[  5] 236.00-237.00 sec   809 KBytes  6.62 Mbits/sec  1.165 ms  695/1385 (50%)  
[  5] 237.00-238.00 sec   709 KBytes  5.81 Mbits/sec  1.078 ms  600/1205 (50%)  
[  5] 238.00-239.00 sec   809 KBytes  6.63 Mbits/sec  1.103 ms  669/1359 (49%)  
[  5] 239.00-240.00 sec   709 KBytes  5.81 Mbits/sec  1.007 ms  563/1168 (48%)  
[  5] 240.00-241.00 sec   693 KBytes  5.67 Mbits/sec  7.020 ms  581/1172 (50%)  
[  5] 241.00-242.00 sec   804 KBytes  6.58 Mbits/sec  1.106 ms  602/1288 (47%)  
[  5] 242.00-243.00 sec   709 KBytes  5.81 Mbits/sec  1.134 ms  544/1149 (47%)  
[  5] 243.00-244.00 sec   809 KBytes  6.62 Mbits/sec  1.002 ms  610/1300 (47%)  
[  5] 244.00-245.00 sec   709 KBytes  5.81 Mbits/sec  1.115 ms  559/1164 (48%)  
[  5] 245.00-246.00 sec   790 KBytes  6.47 Mbits/sec  1.188 ms  680/1354 (50%)  
[  5] 246.00-247.00 sec   810 KBytes  6.63 Mbits/sec  1.062 ms  644/1335 (48%)  
[  5] 247.00-248.00 sec   708 KBytes  5.80 Mbits/sec  1.178 ms  553/1157 (48%)  
[  5] 248.00-249.00 sec   810 KBytes  6.63 Mbits/sec  1.012 ms  631/1322 (48%)  
[  5] 249.00-250.00 sec   708 KBytes  5.80 Mbits/sec  1.156 ms  557/1161 (48%)  
[  5] 250.00-251.00 sec   810 KBytes  6.63 Mbits/sec  1.153 ms  629/1320 (48%)  
[  5] 251.00-252.00 sec   799 KBytes  6.55 Mbits/sec  1.153 ms  640/1322 (48%)  
[  5] 252.00-253.00 sec   718 KBytes  5.88 Mbits/sec  1.075 ms  581/1194 (49%)  
[  5] 253.00-254.00 sec   798 KBytes  6.54 Mbits/sec  1.034 ms  700/1381 (51%)  
[  5] 254.00-255.00 sec   709 KBytes  5.81 Mbits/sec  1.107 ms  594/1199 (50%)  
[  5] 255.00-256.00 sec   809 KBytes  6.63 Mbits/sec  1.166 ms  638/1328 (48%)  
[  5] 256.00-257.00 sec   709 KBytes  5.81 Mbits/sec  1.195 ms  557/1162 (48%)  
[  5] 257.00-258.00 sec   718 KBytes  5.88 Mbits/sec  1.164 ms  571/1184 (48%)  
[  5] 258.00-259.00 sec   799 KBytes  6.55 Mbits/sec  1.126 ms  607/1289 (47%)  
[  5] 259.00-260.00 sec   809 KBytes  6.62 Mbits/sec  1.093 ms  609/1299 (47%)  
[  5] 260.00-261.00 sec   679 KBytes  5.56 Mbits/sec  1.112 ms  511/1090 (47%)  
[  5] 261.00-262.00 sec   809 KBytes  6.62 Mbits/sec  1.098 ms  648/1338 (48%)  
[  5] 262.00-263.00 sec   734 KBytes  6.01 Mbits/sec  3.837 ms  602/1229 (49%)  
[  5] 263.00-264.00 sec   783 KBytes  6.41 Mbits/sec  1.175 ms  594/1262 (47%)  
[  5] 264.00-265.00 sec   809 KBytes  6.62 Mbits/sec  1.111 ms  616/1306 (47%)  
[  5] 265.00-266.00 sec   709 KBytes  5.81 Mbits/sec  1.127 ms  532/1137 (47%)  
[  5] 266.00-267.00 sec   809 KBytes  6.62 Mbits/sec  1.179 ms  656/1346 (49%)  
[  5] 267.00-268.00 sec   709 KBytes  5.81 Mbits/sec  1.111 ms  590/1195 (49%)  
[  5] 268.00-269.00 sec   798 KBytes  6.54 Mbits/sec  1.165 ms  648/1329 (49%)  
[  5] 269.00-270.00 sec   720 KBytes  5.89 Mbits/sec  1.015 ms  593/1207 (49%)  
[  5] 270.00-271.00 sec   797 KBytes  6.53 Mbits/sec  1.181 ms  647/1327 (49%)  
[  5] 271.00-272.00 sec   720 KBytes  5.90 Mbits/sec  1.095 ms  544/1158 (47%)  
[  5] 272.00-273.00 sec   679 KBytes  5.56 Mbits/sec  1.102 ms  513/1092 (47%)  
[  5] 273.00-274.00 sec   809 KBytes  6.63 Mbits/sec  1.185 ms  654/1344 (49%)  
[  5] 274.00-275.00 sec   709 KBytes  5.81 Mbits/sec  1.119 ms  537/1142 (47%)  
[  5] 275.00-276.00 sec   714 KBytes  5.84 Mbits/sec  0.997 ms  562/1171 (48%)  
[  5] 276.00-277.00 sec   798 KBytes  6.54 Mbits/sec  1.157 ms  599/1280 (47%)  
[  5] 277.00-278.00 sec   720 KBytes  5.89 Mbits/sec  1.181 ms  558/1172 (48%)  
[  5] 278.00-279.00 sec   809 KBytes  6.63 Mbits/sec  1.024 ms  658/1348 (49%)  
[  5] 279.00-280.00 sec   709 KBytes  5.81 Mbits/sec  1.133 ms  571/1176 (49%)  
[  5] 280.00-281.00 sec   809 KBytes  6.62 Mbits/sec  1.076 ms  617/1307 (47%)  
[  5] 281.00-282.00 sec   709 KBytes  5.81 Mbits/sec  1.122 ms  551/1156 (48%)  
[  5] 282.00-283.00 sec   689 KBytes  5.64 Mbits/sec  1.081 ms  576/1164 (49%)  
[  5] 283.00-284.00 sec   799 KBytes  6.55 Mbits/sec  1.135 ms  633/1315 (48%)  
[  5] 284.00-285.00 sec   718 KBytes  5.88 Mbits/sec  1.093 ms  595/1208 (49%)  
[  5] 285.00-286.00 sec   799 KBytes  6.55 Mbits/sec  1.140 ms  685/1367 (50%)  
[  5] 286.00-287.00 sec   718 KBytes  5.88 Mbits/sec  1.241 ms  622/1235 (50%)  
[  5] 287.00-288.00 sec   799 KBytes  6.55 Mbits/sec  1.121 ms  683/1365 (50%)  
[  5] 288.00-289.00 sec   708 KBytes  5.80 Mbits/sec  1.173 ms  601/1205 (50%)  
[  5] 289.00-290.00 sec   809 KBytes  6.62 Mbits/sec  1.090 ms  653/1343 (49%)  
[  5] 290.00-291.00 sec   709 KBytes  5.81 Mbits/sec  1.141 ms  560/1165 (48%)  
[  5] 291.00-292.00 sec   809 KBytes  6.62 Mbits/sec  1.132 ms  644/1334 (48%)  
[  5] 292.00-293.00 sec   709 KBytes  5.81 Mbits/sec  1.161 ms  571/1176 (49%)  
[  5] 293.00-294.00 sec   809 KBytes  6.63 Mbits/sec  1.149 ms  687/1377 (50%)  
[  5] 294.00-295.00 sec   807 KBytes  6.61 Mbits/sec  1.025 ms  692/1381 (50%)  
[  5] 295.00-296.00 sec   709 KBytes  5.81 Mbits/sec  1.025 ms  568/1173 (48%)  
[  5] 296.00-297.00 sec   786 KBytes  6.44 Mbits/sec  1.090 ms  642/1313 (49%)  
[  5] 297.00-298.00 sec   679 KBytes  5.56 Mbits/sec  1.132 ms  561/1140 (49%)  
[  5] 298.00-299.00 sec   839 KBytes  6.87 Mbits/sec  1.107 ms  687/1403 (49%)  
[  5] 299.00-300.00 sec   679 KBytes  5.56 Mbits/sec  1.164 ms  537/1116 (48%)  
[  5] 300.00-301.00 sec   809 KBytes  6.62 Mbits/sec  1.121 ms  629/1319 (48%)  
[  5] 301.00-302.00 sec   720 KBytes  5.90 Mbits/sec  1.119 ms  581/1195 (49%)  
[  5] 302.00-303.00 sec   700 KBytes  5.73 Mbits/sec  1.215 ms  599/1196 (50%)  
[  5] 303.00-304.00 sec   809 KBytes  6.63 Mbits/sec  0.990 ms  656/1346 (49%)  
[  5] 304.00-305.00 sec   698 KBytes  5.72 Mbits/sec  1.107 ms  540/1136 (48%)  
[  5] 305.00-306.00 sec   809 KBytes  6.62 Mbits/sec  1.204 ms  607/1297 (47%)  
[  5] 306.00-307.00 sec   709 KBytes  5.81 Mbits/sec  1.195 ms  541/1146 (47%)  
[  5] 307.00-308.00 sec   809 KBytes  6.62 Mbits/sec  1.063 ms  615/1305 (47%)  
[  5] 308.00-309.00 sec   680 KBytes  5.57 Mbits/sec  1.162 ms  524/1104 (47%)  
[  5] 309.00-310.00 sec   807 KBytes  6.62 Mbits/sec  1.124 ms  628/1317 (48%)  
[  5] 310.00-311.00 sec   810 KBytes  6.63 Mbits/sec  1.044 ms  638/1329 (48%)  
[  5] 311.00-312.00 sec   708 KBytes  5.80 Mbits/sec  1.174 ms  574/1178 (49%)  
[  5] 312.00-313.00 sec   797 KBytes  6.53 Mbits/sec  1.136 ms  678/1358 (50%)  
[  5] 313.00-314.00 sec   807 KBytes  6.61 Mbits/sec  1.117 ms  676/1365 (50%)  
[  5] 314.00-315.00 sec   710 KBytes  5.81 Mbits/sec  1.114 ms  587/1193 (49%)  
[  5] 315.00-316.00 sec   718 KBytes  5.89 Mbits/sec  1.087 ms  587/1200 (49%)  
[  5] 316.00-317.00 sec   709 KBytes  5.81 Mbits/sec  1.087 ms  544/1149 (47%)  
[  5] 317.00-318.00 sec   709 KBytes  5.80 Mbits/sec  1.100 ms  560/1165 (48%)  
[  5] 318.00-319.00 sec   689 KBytes  5.65 Mbits/sec  1.134 ms  568/1156 (49%)  
[  5] 319.00-320.00 sec   708 KBytes  5.80 Mbits/sec  1.172 ms  585/1189 (49%)  
[  5] 320.00-321.00 sec   720 KBytes  5.89 Mbits/sec  1.012 ms  548/1162 (47%)  
[  5] 321.00-322.00 sec   589 KBytes  4.83 Mbits/sec  1.058 ms  466/969 (48%)  
[  5] 322.00-323.00 sec   709 KBytes  5.81 Mbits/sec  1.119 ms  556/1161 (48%)  
[  5] 323.00-324.00 sec   709 KBytes  5.81 Mbits/sec  1.111 ms  543/1148 (47%)  
[  5] 324.00-325.00 sec   718 KBytes  5.88 Mbits/sec  1.105 ms  546/1159 (47%)  
[  5] 325.00-326.00 sec   709 KBytes  5.81 Mbits/sec  1.107 ms  539/1144 (47%)  
[  5] 326.00-327.00 sec   589 KBytes  4.83 Mbits/sec  1.101 ms  444/947 (47%)  
[  5] 327.00-328.00 sec   718 KBytes  5.88 Mbits/sec  1.088 ms  575/1188 (48%)  
[  5] 328.00-329.00 sec   799 KBytes  6.55 Mbits/sec  1.153 ms  648/1330 (49%)  
[  5] 329.00-330.00 sec   599 KBytes  4.91 Mbits/sec  1.101 ms  511/1022 (50%)  
[  5] 330.00-331.00 sec   709 KBytes  5.81 Mbits/sec  1.163 ms  658/1263 (52%)  
[  5] 331.00-332.00 sec   709 KBytes  5.81 Mbits/sec  1.260 ms  646/1251 (52%)  
[  5] 332.00-333.00 sec   718 KBytes  5.88 Mbits/sec  1.123 ms  647/1260 (51%)  
[  5] 333.00-334.00 sec   709 KBytes  5.81 Mbits/sec  1.191 ms  672/1277 (53%)  
[  5] 334.00-335.00 sec   689 KBytes  5.64 Mbits/sec  1.138 ms  725/1313 (55%)  
[  5] 335.00-336.00 sec   607 KBytes  4.97 Mbits/sec  1.069 ms  617/1135 (54%)  
[  5] 336.00-337.00 sec   709 KBytes  5.80 Mbits/sec  1.185 ms  675/1280 (53%)  
[  5] 337.00-338.00 sec   709 KBytes  5.82 Mbits/sec  1.188 ms  727/1332 (55%)  
[  5] 338.00-339.00 sec   689 KBytes  5.65 Mbits/sec  1.092 ms  683/1271 (54%)  
[  5] 339.00-340.00 sec   709 KBytes  5.81 Mbits/sec  1.316 ms  671/1276 (53%)  
[  5] 340.00-341.00 sec   718 KBytes  5.89 Mbits/sec  1.112 ms  668/1281 (52%)  
[  5] 341.00-342.00 sec   770 KBytes  6.31 Mbits/sec  1.134 ms  730/1387 (53%)  
[  5] 342.00-343.00 sec   718 KBytes  5.88 Mbits/sec  1.025 ms  642/1255 (51%)  
[  5] 343.00-344.00 sec   709 KBytes  5.81 Mbits/sec  1.214 ms  694/1299 (53%)  
[  5] 344.00-345.00 sec   718 KBytes  5.88 Mbits/sec  1.171 ms  684/1297 (53%)  
[  5] 345.00-346.00 sec   778 KBytes  6.38 Mbits/sec  2.077 ms  797/1461 (55%)  
[  5] 346.00-347.00 sec   611 KBytes  5.00 Mbits/sec  7.875 ms  589/1111 (53%)  
[  5] 347.00-348.00 sec   717 KBytes  5.88 Mbits/sec  1.093 ms  648/1260 (51%)  
[  5] 348.00-349.00 sec   709 KBytes  5.81 Mbits/sec  1.163 ms  677/1282 (53%)  
[  5] 349.00-350.00 sec   712 KBytes  5.83 Mbits/sec  1.217 ms  674/1282 (53%)  
[  5] 350.00-351.00 sec   588 KBytes  4.83 Mbits/sec  1.100 ms  562/1064 (53%)  
[  5] 351.00-352.00 sec   620 KBytes  5.08 Mbits/sec  1.050 ms  545/1074 (51%)  
[  5] 352.00-353.00 sec   709 KBytes  5.81 Mbits/sec  1.117 ms  677/1282 (53%)  
[  5] 353.00-354.00 sec   679 KBytes  5.56 Mbits/sec  1.181 ms  614/1193 (51%)  
[  5] 354.00-355.00 sec   641 KBytes  5.25 Mbits/sec  2.926 ms  590/1137 (52%)  
[  5] 355.00-356.00 sec   697 KBytes  5.71 Mbits/sec  1.157 ms  570/1165 (49%)  
[  5] 356.00-357.00 sec   708 KBytes  5.80 Mbits/sec  1.154 ms  614/1218 (50%)  
[  5] 357.00-358.00 sec   689 KBytes  5.64 Mbits/sec  1.192 ms  578/1166 (50%)  
[  5] 358.00-359.00 sec   709 KBytes  5.81 Mbits/sec  1.163 ms  605/1210 (50%)  
[  5] 359.00-360.00 sec   709 KBytes  5.81 Mbits/sec  1.139 ms  638/1243 (51%)  
[  5] 360.00-361.00 sec   718 KBytes  5.88 Mbits/sec  1.136 ms  655/1268 (52%)  
[  5] 361.00-362.00 sec   709 KBytes  5.81 Mbits/sec  1.125 ms  652/1257 (52%)  
[  5] 362.00-363.00 sec   690 KBytes  5.65 Mbits/sec  1.101 ms  677/1266 (53%)  
[  5] 363.00-364.00 sec   696 KBytes  5.70 Mbits/sec  1.270 ms  710/1304 (54%)  
[  5] 364.00-365.00 sec   708 KBytes  5.80 Mbits/sec  1.325 ms  788/1392 (57%)  
[  5] 365.00-366.00 sec   718 KBytes  5.88 Mbits/sec  1.205 ms  768/1381 (56%)  
[  5] 366.00-367.00 sec   589 KBytes  4.83 Mbits/sec  1.188 ms  636/1139 (56%)  
[  5] 367.00-368.00 sec   709 KBytes  5.81 Mbits/sec  1.285 ms  698/1303 (54%)  
[  5] 368.00-369.00 sec   718 KBytes  5.88 Mbits/sec  1.104 ms  682/1295 (53%)  
[  5] 369.00-370.00 sec   710 KBytes  5.82 Mbits/sec  1.138 ms  713/1319 (54%)  
[  5] 370.00-371.00 sec   698 KBytes  5.72 Mbits/sec  1.343 ms  678/1274 (53%)  
[  5] 371.00-372.00 sec   689 KBytes  5.64 Mbits/sec  1.245 ms  632/1220 (52%)  
[  5] 372.00-373.00 sec   709 KBytes  5.81 Mbits/sec  1.195 ms  637/1242 (51%)  
[  5] 373.00-374.00 sec   720 KBytes  5.89 Mbits/sec  1.014 ms  626/1240 (50%)  
[  5] 374.00-375.00 sec   709 KBytes  5.81 Mbits/sec  1.260 ms  671/1276 (53%)  
[  5] 375.00-376.00 sec   709 KBytes  5.81 Mbits/sec  1.128 ms  635/1240 (51%)  
[  5] 376.00-377.00 sec   688 KBytes  5.64 Mbits/sec  1.214 ms  662/1249 (53%)  
[  5] 377.00-378.00 sec   709 KBytes  5.81 Mbits/sec  1.167 ms  674/1279 (53%)  
[  5] 378.00-379.00 sec   709 KBytes  5.81 Mbits/sec  1.177 ms  656/1261 (52%)  
[  5] 379.00-380.00 sec   718 KBytes  5.88 Mbits/sec  1.149 ms  701/1314 (53%)  
[  5] 380.00-381.00 sec   680 KBytes  5.57 Mbits/sec  1.176 ms  651/1231 (53%)  
[  5] 381.00-382.00 sec   714 KBytes  5.85 Mbits/sec  1.031 ms  666/1275 (52%)  
[  5] 382.00-383.00 sec   700 KBytes  5.73 Mbits/sec  1.163 ms  671/1268 (53%)  
[  5] 383.00-384.00 sec   619 KBytes  5.07 Mbits/sec  1.115 ms  575/1103 (52%)  
[  5] 384.00-385.00 sec   689 KBytes  5.64 Mbits/sec  1.167 ms  662/1250 (53%)  
[  5] 385.00-386.00 sec   710 KBytes  5.82 Mbits/sec  1.175 ms  669/1275 (52%)  
[  5] 386.00-387.00 sec   708 KBytes  5.80 Mbits/sec  1.142 ms  666/1270 (52%)  
[  5] 387.00-388.00 sec   720 KBytes  5.89 Mbits/sec  1.151 ms  656/1270 (52%)  
[  5] 388.00-389.00 sec   679 KBytes  5.55 Mbits/sec  1.154 ms  597/1176 (51%)  
[  5] 389.00-390.00 sec   709 KBytes  5.81 Mbits/sec  1.151 ms  631/1236 (51%)  
[  5] 390.00-391.00 sec   718 KBytes  5.89 Mbits/sec  1.139 ms  634/1247 (51%)  
[  5] 391.00-392.00 sec   620 KBytes  5.08 Mbits/sec  1.143 ms  555/1084 (51%)  
[  5] 392.00-393.00 sec   679 KBytes  5.56 Mbits/sec  1.295 ms  626/1205 (52%)  
[  5] 393.00-394.00 sec   718 KBytes  5.88 Mbits/sec  1.114 ms  671/1284 (52%)  
[  5] 394.00-395.00 sec   709 KBytes  5.80 Mbits/sec  1.330 ms  689/1294 (53%)  
[  5] 395.00-396.00 sec   709 KBytes  5.81 Mbits/sec  1.265 ms  671/1276 (53%)  
[  5] 396.00-397.00 sec   720 KBytes  5.90 Mbits/sec  1.351 ms  707/1321 (54%)  
[  5] 397.00-398.00 sec   588 KBytes  4.82 Mbits/sec  1.209 ms  572/1074 (53%)  
[  5] 398.00-399.00 sec   709 KBytes  5.80 Mbits/sec  1.314 ms  659/1264 (52%)  
[  5] 399.00-400.00 sec   718 KBytes  5.89 Mbits/sec  1.239 ms  685/1298 (53%)  
[  5] 400.00-401.00 sec   591 KBytes  4.84 Mbits/sec  1.120 ms  528/1032 (51%)  
[  5] 401.00-402.00 sec   708 KBytes  5.80 Mbits/sec  1.149 ms  673/1277 (53%)  
[  5] 402.00-403.00 sec   718 KBytes  5.88 Mbits/sec  1.160 ms  676/1289 (52%)  
[  5] 403.00-404.00 sec   697 KBytes  5.71 Mbits/sec  1.127 ms  668/1263 (53%)  
[  5] 404.00-405.00 sec   709 KBytes  5.81 Mbits/sec  1.165 ms  740/1345 (55%)  
[  5] 405.00-406.00 sec   589 KBytes  4.83 Mbits/sec  1.032 ms  555/1058 (52%)  
[  5] 406.00-407.00 sec   720 KBytes  5.89 Mbits/sec  1.212 ms  686/1300 (53%)  
[  5] 407.00-408.00 sec   708 KBytes  5.80 Mbits/sec  1.122 ms  679/1283 (53%)  
[  5] 408.00-409.00 sec   689 KBytes  5.65 Mbits/sec  1.110 ms  652/1240 (53%)  
[  5] 409.00-410.00 sec   709 KBytes  5.81 Mbits/sec  1.135 ms  663/1268 (52%)  
