Connecting to host 172.22.0.50, port 5202
Reverse mode, remote host 172.22.0.50 is sending
[  5] local 192.168.102.2 port 58836 connected to 172.22.0.50 port 5202
[ ID] Interval           Transfer     Bitrate         Jitter    Lost/Total Datagrams
[  5]   0.00-1.00   sec   440 KBytes  3.61 Mbits/sec  0.305 ms  0/4510 (0%)  
[  5]   1.00-2.00   sec   439 KBytes  3.60 Mbits/sec  0.283 ms  0/4500 (0%)  
[  5]   2.00-3.00   sec   439 KBytes  3.59 Mbits/sec  0.278 ms  0/4494 (0%)  
[  5]   3.00-4.00   sec   439 KBytes  3.60 Mbits/sec  0.421 ms  0/4495 (0%)  
[  5]   4.00-5.00   sec   440 KBytes  3.61 Mbits/sec  0.324 ms  0/4506 (0%)  
[  5]   5.00-6.00   sec   439 KBytes  3.60 Mbits/sec  0.258 ms  0/4499 (0%)  
[  5]   6.00-7.00   sec   437 KBytes  3.57 Mbits/sec  0.396 ms  0/4472 (0%)  
[  5]   7.00-8.00   sec   443 KBytes  3.63 Mbits/sec  0.286 ms  0/4532 (0%)  
[  5]   8.00-9.00   sec   437 KBytes  3.58 Mbits/sec  0.435 ms  0/4479 (0%)  
[  5]   9.00-10.00  sec   440 KBytes  3.60 Mbits/sec  0.460 ms  0/4502 (0%)  
[  5]  10.00-11.00  sec   441 KBytes  3.61 Mbits/sec  0.295 ms  0/4516 (0%)  
[  5]  11.00-12.00  sec   439 KBytes  3.60 Mbits/sec  0.263 ms  0/4500 (0%)  
[  5]  12.00-13.00  sec   394 KBytes  3.23 Mbits/sec  0.360 ms  0/4038 (0%)  
[  5]  13.00-14.00  sec   365 KBytes  2.99 Mbits/sec  0.366 ms  0/3733 (0%)  
[  5]  14.00-15.00  sec   358 KBytes  2.94 Mbits/sec  0.407 ms  0/3670 (0%)  
[  5]  15.00-16.00  sec   363 KBytes  2.97 Mbits/sec  0.360 ms  0/3719 (0%)  
[  5]  16.00-17.00  sec   368 KBytes  3.02 Mbits/sec  0.315 ms  0/3773 (0%)  
[  5]  17.00-18.00  sec   367 KBytes  3.01 Mbits/sec  0.346 ms  0/3763 (0%)  
[  5]  18.00-19.00  sec   363 KBytes  2.97 Mbits/sec  0.335 ms  0/3714 (0%)  
[  5]  19.00-20.00  sec   367 KBytes  3.00 Mbits/sec  0.361 ms  0/3754 (0%)  
[  5]  20.00-21.00  sec   365 KBytes  2.99 Mbits/sec  0.354 ms  0/3735 (0%)  
[  5]  21.00-22.00  sec   362 KBytes  2.97 Mbits/sec  0.379 ms  0/3711 (0%)  
[  5]  22.00-23.00  sec   344 KBytes  2.82 Mbits/sec  0.346 ms  0/3526 (0%)  
[  5]  23.00-24.00  sec   350 KBytes  2.87 Mbits/sec  0.382 ms  0/3586 (0%)  
[  5]  24.00-25.00  sec   368 KBytes  3.02 Mbits/sec  0.357 ms  0/3771 (0%)  
[  5]  25.00-26.00  sec   363 KBytes  2.98 Mbits/sec  0.386 ms  0/3722 (0%)  
[  5]  26.00-27.00  sec   366 KBytes  3.00 Mbits/sec  0.315 ms  0/3750 (0%)  
[  5]  27.00-28.00  sec   365 KBytes  2.99 Mbits/sec  0.453 ms  0/3741 (0%)  
[  5]  28.00-29.00  sec   360 KBytes  2.95 Mbits/sec  0.376 ms  0/3685 (0%)  
[  5]  29.00-30.00  sec   355 KBytes  2.91 Mbits/sec  0.419 ms  0/3636 (0%)  
[  5]  30.00-31.00  sec   351 KBytes  2.87 Mbits/sec  0.340 ms  0/3591 (0%)  
[  5]  31.00-32.00  sec   362 KBytes  2.96 Mbits/sec  0.438 ms  0/3703 (0%)  
[  5]  32.00-33.00  sec   365 KBytes  2.99 Mbits/sec  0.330 ms  0/3733 (0%)  
[  5]  33.00-34.00  sec   369 KBytes  3.02 Mbits/sec  0.348 ms  0/3777 (0%)  
[  5]  34.00-35.00  sec   370 KBytes  3.03 Mbits/sec  0.340 ms  0/3785 (0%)  
[  5]  35.00-36.00  sec   371 KBytes  3.04 Mbits/sec  0.335 ms  0/3796 (0%)  
[  5]  36.00-37.00  sec   369 KBytes  3.02 Mbits/sec  0.308 ms  0/3781 (0%)  
[  5]  37.00-38.00  sec   368 KBytes  3.02 Mbits/sec  0.409 ms  0/3773 (0%)  
[  5]  38.00-39.00  sec   352 KBytes  2.88 Mbits/sec  0.367 ms  0/3600 (0%)  
[  5]  39.00-40.00  sec   348 KBytes  2.85 Mbits/sec  0.424 ms  0/3567 (0%)  
[  5]  40.00-41.00  sec   355 KBytes  2.91 Mbits/sec  0.331 ms  0/3637 (0%)  
[  5]  41.00-42.00  sec   363 KBytes  2.98 Mbits/sec  0.421 ms  0/3719 (0%)  
[  5]  42.00-43.00  sec   365 KBytes  2.99 Mbits/sec  0.359 ms  0/3735 (0%)  
[  5]  43.00-44.00  sec   366 KBytes  2.99 Mbits/sec  0.302 ms  0/3743 (0%)  
[  5]  44.00-45.00  sec   367 KBytes  3.00 Mbits/sec  0.361 ms  0/3756 (0%)  
[  5]  45.00-46.00  sec   371 KBytes  3.04 Mbits/sec  0.417 ms  0/3804 (0%)  
[  5]  46.00-47.00  sec   361 KBytes  2.96 Mbits/sec  0.324 ms  0/3701 (0%)  
[  5]  47.00-48.00  sec   360 KBytes  2.95 Mbits/sec  0.331 ms  0/3691 (0%)  
[  5]  48.00-49.00  sec   355 KBytes  2.91 Mbits/sec  0.330 ms  0/3636 (0%)  
[  5]  49.00-50.00  sec   368 KBytes  3.01 Mbits/sec  0.411 ms  0/3768 (0%)  
[  5]  50.00-51.00  sec   369 KBytes  3.02 Mbits/sec  0.328 ms  0/3781 (0%)  
[  5]  51.00-52.00  sec   369 KBytes  3.02 Mbits/sec  0.388 ms  0/3779 (0%)  
[  5]  52.00-53.00  sec   374 KBytes  3.06 Mbits/sec  0.318 ms  0/3831 (0%)  
[  5]  53.00-54.00  sec   367 KBytes  3.00 Mbits/sec  0.391 ms  0/3754 (0%)  
[  5]  54.00-55.00  sec   357 KBytes  2.92 Mbits/sec  0.343 ms  0/3651 (0%)  
[  5]  55.00-56.00  sec   353 KBytes  2.90 Mbits/sec  0.399 ms  0/3615 (0%)  
[  5]  56.00-57.00  sec   358 KBytes  2.93 Mbits/sec  0.367 ms  0/3661 (0%)  
[  5]  57.00-58.00  sec   366 KBytes  2.99 Mbits/sec  0.333 ms  0/3744 (0%)  
[  5]  58.00-59.00  sec   360 KBytes  2.95 Mbits/sec  0.395 ms  0/3683 (0%)  
[  5]  59.00-60.00  sec   371 KBytes  3.04 Mbits/sec  0.406 ms  0/3795 (0%)  
[  5]  60.00-61.00  sec   370 KBytes  3.03 Mbits/sec  0.357 ms  0/3786 (0%)  
[  5]  61.00-62.00  sec   370 KBytes  3.03 Mbits/sec  0.420 ms  0/3791 (0%)  
[  5]  62.00-63.00  sec   358 KBytes  2.94 Mbits/sec  0.340 ms  0/3671 (0%)  
[  5]  63.00-64.00  sec   354 KBytes  2.90 Mbits/sec  0.371 ms  0/3624 (0%)  
[  5]  64.00-65.00  sec   357 KBytes  2.92 Mbits/sec  0.526 ms  0/3654 (0%)  
[  5]  65.00-66.00  sec   372 KBytes  3.04 Mbits/sec  0.354 ms  0/3805 (0%)  
[  5]  66.00-67.00  sec   369 KBytes  3.02 Mbits/sec  0.362 ms  0/3782 (0%)  
[  5]  67.00-68.00  sec   361 KBytes  2.96 Mbits/sec  0.339 ms  0/3699 (0%)  
[  5]  68.00-69.00  sec   362 KBytes  2.97 Mbits/sec  0.388 ms  0/3708 (0%)  
[  5]  69.00-70.00  sec   362 KBytes  2.96 Mbits/sec  0.371 ms  0/3704 (0%)  
[  5]  70.00-71.00  sec   356 KBytes  2.91 Mbits/sec  0.379 ms  0/3641 (0%)  
[  5]  71.00-72.00  sec   355 KBytes  2.91 Mbits/sec  0.342 ms  0/3637 (0%)  
[  5]  72.00-73.00  sec   361 KBytes  2.96 Mbits/sec  0.348 ms  0/3701 (0%)  
[  5]  73.00-74.00  sec   367 KBytes  3.01 Mbits/sec  0.336 ms  0/3763 (0%)  
[  5]  74.00-75.00  sec   368 KBytes  3.01 Mbits/sec  0.338 ms  0/3764 (0%)  
[  5]  75.00-76.00  sec   375 KBytes  3.06 Mbits/sec  0.358 ms  0/3835 (0%)  
[  5]  76.00-77.00  sec   374 KBytes  3.07 Mbits/sec  0.397 ms  0/3833 (0%)  
[  5]  77.00-78.00  sec   365 KBytes  2.99 Mbits/sec  0.391 ms  0/3736 (0%)  
[  5]  78.00-79.00  sec   365 KBytes  2.99 Mbits/sec  0.334 ms  0/3741 (0%)  
[  5]  79.00-80.00  sec   362 KBytes  2.97 Mbits/sec  0.427 ms  0/3711 (0%)  
[  5]  80.00-81.00  sec   364 KBytes  2.98 Mbits/sec  0.331 ms  0/3727 (0%)  
[  5]  81.00-82.00  sec   368 KBytes  3.02 Mbits/sec  0.358 ms  0/3772 (0%)  
[  5]  82.00-83.00  sec   373 KBytes  3.06 Mbits/sec  0.380 ms  0/3819 (0%)  
[  5]  83.00-84.00  sec   361 KBytes  2.96 Mbits/sec  0.374 ms  0/3700 (0%)  
[  5]  84.00-85.00  sec   360 KBytes  2.95 Mbits/sec  0.320 ms  0/3685 (0%)  
[  5]  85.00-86.00  sec   364 KBytes  2.98 Mbits/sec  0.315 ms  0/3727 (0%)  
[  5]  86.00-87.00  sec   358 KBytes  2.94 Mbits/sec  0.305 ms  0/3671 (0%)  
[  5]  87.00-88.00  sec   337 KBytes  2.76 Mbits/sec  0.309 ms  0/3448 (0%)  
[  5]  88.00-89.00  sec   342 KBytes  2.80 Mbits/sec  0.389 ms  0/3498 (0%)  
[  5]  89.00-90.00  sec   359 KBytes  2.94 Mbits/sec  0.375 ms  0/3679 (0%)  
[  5]  90.00-91.00  sec   366 KBytes  3.00 Mbits/sec  0.426 ms  0/3749 (0%)  
[  5]  91.00-92.00  sec   371 KBytes  3.04 Mbits/sec  0.394 ms  0/3800 (0%)  
[  5]  92.00-93.00  sec   369 KBytes  3.03 Mbits/sec  0.335 ms  0/3781 (0%)  
[  5]  93.00-94.00  sec   371 KBytes  3.04 Mbits/sec  0.412 ms  0/3800 (0%)  
[  5]  94.00-95.00  sec   369 KBytes  3.02 Mbits/sec  0.331 ms  0/3777 (0%)  
[  5]  95.00-96.00  sec   360 KBytes  2.95 Mbits/sec  0.313 ms  0/3687 (0%)  
[  5]  96.00-97.00  sec   361 KBytes  2.95 Mbits/sec  0.364 ms  0/3692 (0%)  
[  5]  97.00-98.00  sec   361 KBytes  2.96 Mbits/sec  0.350 ms  0/3696 (0%)  
[  5]  98.00-99.00  sec   356 KBytes  2.92 Mbits/sec  0.511 ms  0/3649 (0%)  
[  5]  99.00-100.00 sec   359 KBytes  2.94 Mbits/sec  0.512 ms  0/3676 (0%)  
[  5] 100.00-101.00 sec   362 KBytes  2.97 Mbits/sec  0.422 ms  0/3709 (0%)  
[  5] 101.00-102.00 sec   365 KBytes  2.99 Mbits/sec  0.369 ms  0/3742 (0%)  
[  5] 102.00-103.00 sec   368 KBytes  3.02 Mbits/sec  0.364 ms  0/3771 (0%)  
[  5] 103.00-104.00 sec   359 KBytes  2.94 Mbits/sec  0.340 ms  0/3672 (0%)  
[  5] 104.00-105.00 sec   351 KBytes  2.88 Mbits/sec  0.304 ms  0/3597 (0%)  
[  5] 105.00-106.00 sec   362 KBytes  2.97 Mbits/sec  0.291 ms  0/3709 (0%)  
[  5] 106.00-107.00 sec   372 KBytes  3.04 Mbits/sec  0.372 ms  0/3805 (0%)  
[  5] 107.00-108.00 sec   368 KBytes  3.02 Mbits/sec  0.396 ms  0/3768 (0%)  
[  5] 108.00-109.00 sec   367 KBytes  3.01 Mbits/sec  0.357 ms  0/3762 (0%)  
[  5] 109.00-110.00 sec   369 KBytes  3.02 Mbits/sec  0.475 ms  0/3777 (0%)  
[  5] 110.00-111.00 sec   365 KBytes  2.99 Mbits/sec  0.320 ms  0/3737 (0%)  
[  5] 111.00-112.00 sec   351 KBytes  2.87 Mbits/sec  0.333 ms  0/3592 (0%)  
[  5] 112.00-113.00 sec   342 KBytes  2.81 Mbits/sec  0.388 ms  0/3507 (0%)  
[  5] 113.00-114.00 sec   346 KBytes  2.84 Mbits/sec  0.403 ms  0/3548 (0%)  
[  5] 114.00-115.00 sec   355 KBytes  2.91 Mbits/sec  0.357 ms  0/3635 (0%)  
[  5] 115.00-116.00 sec   362 KBytes  2.96 Mbits/sec  0.325 ms  0/3704 (0%)  
[  5] 116.00-117.00 sec   366 KBytes  3.00 Mbits/sec  0.465 ms  0/3750 (0%)  
[  5] 117.00-118.00 sec   361 KBytes  2.95 Mbits/sec  0.363 ms  0/3693 (0%)  
[  5] 118.00-119.00 sec   366 KBytes  3.00 Mbits/sec  0.384 ms  0/3752 (0%)  
[  5] 119.00-120.00 sec   354 KBytes  2.90 Mbits/sec  0.408 ms  0/3629 (0%)  
[  5] 120.00-121.00 sec   337 KBytes  2.76 Mbits/sec  0.390 ms  0/3449 (0%)  
[  5] 121.00-122.00 sec   344 KBytes  2.82 Mbits/sec  0.354 ms  0/3527 (0%)  
[  5] 122.00-123.00 sec   352 KBytes  2.88 Mbits/sec  0.359 ms  0/3603 (0%)  
[  5] 123.00-124.00 sec   356 KBytes  2.92 Mbits/sec  0.384 ms  0/3648 (0%)  
[  5] 124.00-125.00 sec   357 KBytes  2.93 Mbits/sec  0.318 ms  0/3658 (0%)  
[  5] 125.00-126.00 sec   357 KBytes  2.93 Mbits/sec  0.373 ms  0/3660 (0%)  
[  5] 126.00-127.00 sec   358 KBytes  2.94 Mbits/sec  0.329 ms  0/3671 (0%)  
[  5] 127.00-128.00 sec   352 KBytes  2.89 Mbits/sec  0.341 ms  0/3608 (0%)  
[  5] 128.00-129.00 sec   338 KBytes  2.76 Mbits/sec  0.302 ms  0/3458 (0%)  
[  5] 129.00-130.00 sec   347 KBytes  2.84 Mbits/sec  0.343 ms  0/3553 (0%)  
[  5] 130.00-131.00 sec   315 KBytes  2.58 Mbits/sec  0.200 ms  89/3315 (2.7%)  
[  5] 131.00-132.00 sec   342 KBytes  2.80 Mbits/sec  0.217 ms  977/4479 (22%)  
[  5] 132.00-133.00 sec   358 KBytes  2.93 Mbits/sec  0.220 ms  949/4615 (21%)  
[  5] 133.00-134.00 sec   358 KBytes  2.93 Mbits/sec  0.219 ms  1143/4810 (24%)  
[  5] 134.00-135.00 sec   326 KBytes  2.67 Mbits/sec  0.208 ms  1489/4826 (31%)  
[  5] 135.00-136.00 sec   331 KBytes  2.72 Mbits/sec  0.236 ms  1016/4410 (23%)  
[  5] 136.00-137.00 sec   335 KBytes  2.75 Mbits/sec  0.235 ms  1211/4644 (26%)  
[  5] 137.00-138.00 sec   313 KBytes  2.57 Mbits/sec  0.279 ms  646/3854 (17%)  
[  5] 138.00-139.00 sec   362 KBytes  2.96 Mbits/sec  0.214 ms  882/4586 (19%)  
[  5] 139.00-140.00 sec   409 KBytes  3.35 Mbits/sec  0.207 ms  931/5122 (18%)  
[  5] 140.00-141.00 sec   360 KBytes  2.95 Mbits/sec  0.267 ms  928/4617 (20%)  
[  5] 141.00-142.00 sec   320 KBytes  2.62 Mbits/sec  0.211 ms  1035/4313 (24%)  
[  5] 142.00-143.00 sec   336 KBytes  2.76 Mbits/sec  0.322 ms  1092/4537 (24%)  
[  5] 143.00-144.00 sec   354 KBytes  2.90 Mbits/sec  0.212 ms  1293/4921 (26%)  
[  5] 144.00-145.00 sec   345 KBytes  2.83 Mbits/sec  0.218 ms  922/4455 (21%)  
[  5] 145.00-146.00 sec   308 KBytes  2.52 Mbits/sec  0.213 ms  734/3884 (19%)  
[  5] 146.00-147.00 sec   351 KBytes  2.87 Mbits/sec  0.217 ms  963/4555 (21%)  
[  5] 147.00-148.00 sec   356 KBytes  2.92 Mbits/sec  0.218 ms  1005/4651 (22%)  
[  5] 148.00-149.00 sec   340 KBytes  2.78 Mbits/sec  0.320 ms  981/4462 (22%)  
[  5] 149.00-150.00 sec   354 KBytes  2.90 Mbits/sec  0.970 ms  1421/5042 (28%)  
[  5] 150.00-151.00 sec   341 KBytes  2.79 Mbits/sec  0.215 ms  1178/4665 (25%)  
[  5] 151.00-152.00 sec   363 KBytes  2.97 Mbits/sec  0.217 ms  908/4624 (20%)  
[  5] 152.00-153.00 sec   362 KBytes  2.96 Mbits/sec  0.213 ms  740/4448 (17%)  
[  5] 153.00-154.00 sec   355 KBytes  2.91 Mbits/sec  0.204 ms  871/4503 (19%)  
[  5] 154.00-155.00 sec   358 KBytes  2.94 Mbits/sec  0.247 ms  786/4455 (18%)  
[  5] 155.00-156.00 sec   360 KBytes  2.95 Mbits/sec  0.218 ms  852/4536 (19%)  
[  5] 156.00-157.00 sec   358 KBytes  2.93 Mbits/sec  0.219 ms  735/4398 (17%)  
[  5] 157.00-158.00 sec   360 KBytes  2.95 Mbits/sec  0.219 ms  937/4626 (20%)  
[  5] 158.00-159.00 sec   364 KBytes  2.98 Mbits/sec  0.206 ms  909/4634 (20%)  
[  5] 159.00-160.00 sec   342 KBytes  2.80 Mbits/sec  0.221 ms  802/4301 (19%)  
[  5] 160.00-161.00 sec   300 KBytes  2.46 Mbits/sec  0.215 ms  906/3980 (23%)  
[  5] 161.00-162.00 sec   352 KBytes  2.88 Mbits/sec  0.220 ms  728/4334 (17%)  
[  5] 162.00-163.00 sec   359 KBytes  2.94 Mbits/sec  0.213 ms  834/4510 (18%)  
[  5] 163.00-164.00 sec   353 KBytes  2.89 Mbits/sec  0.219 ms  949/4567 (21%)  
[  5] 164.00-165.00 sec   351 KBytes  2.88 Mbits/sec  0.206 ms  974/4573 (21%)  
[  5] 165.00-166.00 sec   351 KBytes  2.88 Mbits/sec  0.239 ms  1249/4847 (26%)  
[  5] 166.00-167.00 sec   335 KBytes  2.74 Mbits/sec  0.172 ms  1397/4825 (29%)  
[  5] 167.00-168.00 sec   360 KBytes  2.95 Mbits/sec  0.221 ms  964/4647 (21%)  
[  5] 168.00-169.00 sec   360 KBytes  2.95 Mbits/sec  0.218 ms  782/4468 (18%)  
[  5] 169.00-170.00 sec   356 KBytes  2.92 Mbits/sec  0.219 ms  735/4385 (17%)  
[  5] 170.00-171.00 sec   358 KBytes  2.93 Mbits/sec  0.220 ms  748/4414 (17%)  
[  5] 171.00-172.00 sec   362 KBytes  2.96 Mbits/sec  0.215 ms  703/4407 (16%)  
[  5] 172.00-173.00 sec   371 KBytes  3.04 Mbits/sec  0.279 ms  798/4594 (17%)  
[  5] 173.00-174.00 sec   312 KBytes  2.55 Mbits/sec  0.360 ms  819/4009 (20%)  
[  5] 174.00-175.00 sec   344 KBytes  2.81 Mbits/sec  0.215 ms  1130/4648 (24%)  
[  5] 175.00-176.00 sec   360 KBytes  2.95 Mbits/sec  0.217 ms  828/4511 (18%)  
[  5] 176.00-177.00 sec   362 KBytes  2.96 Mbits/sec  0.226 ms  939/4643 (20%)  
[  5] 177.00-178.00 sec   358 KBytes  2.93 Mbits/sec  0.213 ms  941/4607 (20%)  
[  5] 178.00-179.00 sec   358 KBytes  2.93 Mbits/sec  0.213 ms  918/4585 (20%)  
[  5] 179.00-180.00 sec   361 KBytes  2.96 Mbits/sec  0.194 ms  774/4475 (17%)  
[  5] 180.00-181.00 sec   348 KBytes  2.85 Mbits/sec  0.221 ms  974/4541 (21%)  
[  5] 181.00-182.00 sec   346 KBytes  2.84 Mbits/sec  2.768 ms  1223/4771 (26%)  
[  5] 182.00-183.00 sec   356 KBytes  2.92 Mbits/sec  0.219 ms  1108/4756 (23%)  
[  5] 183.00-184.00 sec   342 KBytes  2.80 Mbits/sec  0.216 ms  974/4473 (22%)  
[  5] 184.00-185.00 sec   369 KBytes  3.02 Mbits/sec  0.231 ms  732/4507 (16%)  
[  5] 185.00-186.00 sec   360 KBytes  2.95 Mbits/sec  0.222 ms  681/4367 (16%)  
[  5] 186.00-187.00 sec   351 KBytes  2.88 Mbits/sec  0.216 ms  823/4422 (19%)  
[  5] 187.00-188.00 sec   284 KBytes  2.33 Mbits/sec  0.272 ms  848/3752 (23%)  
[  5] 188.00-189.00 sec   336 KBytes  2.75 Mbits/sec  0.205 ms  1322/4765 (28%)  
[  5] 189.00-190.00 sec   347 KBytes  2.84 Mbits/sec  0.210 ms  1085/4640 (23%)  
[  5] 190.00-191.00 sec   336 KBytes  2.75 Mbits/sec  0.213 ms  1185/4626 (26%)  
[  5] 191.00-192.00 sec   328 KBytes  2.68 Mbits/sec  0.219 ms  1233/4588 (27%)  
[  5] 192.00-193.00 sec   362 KBytes  2.97 Mbits/sec  0.219 ms  938/4643 (20%)  
[  5] 193.00-194.00 sec   358 KBytes  2.93 Mbits/sec  0.214 ms  914/4580 (20%)  
[  5] 194.00-195.00 sec   317 KBytes  2.59 Mbits/sec  0.240 ms  941/4182 (23%)  
[  5] 195.00-196.00 sec   340 KBytes  2.78 Mbits/sec  0.225 ms  1035/4512 (23%)  
[  5] 196.00-197.00 sec   353 KBytes  2.89 Mbits/sec  0.213 ms  1167/4778 (24%)  
[  5] 197.00-198.00 sec   360 KBytes  2.95 Mbits/sec  0.219 ms  793/4483 (18%)  
[  5] 198.00-199.00 sec   354 KBytes  2.90 Mbits/sec  0.214 ms  860/4486 (19%)  
[  5] 199.00-200.00 sec   355 KBytes  2.91 Mbits/sec  0.248 ms  1008/4641 (22%)  
[  5] 200.00-201.00 sec   325 KBytes  2.67 Mbits/sec  0.245 ms  733/4066 (18%)  
[  5] 201.00-202.00 sec   352 KBytes  2.89 Mbits/sec  0.229 ms  731/4339 (17%)  
[  5] 202.00-203.00 sec   334 KBytes  2.74 Mbits/sec  0.215 ms  915/4336 (21%)  
[  5] 203.00-204.00 sec   340 KBytes  2.78 Mbits/sec  0.201 ms  952/4429 (21%)  
[  5] 204.00-205.00 sec   362 KBytes  2.96 Mbits/sec  0.219 ms  726/4430 (16%)  
[  5] 205.00-206.00 sec   369 KBytes  3.02 Mbits/sec  0.212 ms  832/4606 (18%)  
[  5] 206.00-207.00 sec   358 KBytes  2.93 Mbits/sec  0.224 ms  884/4547 (19%)  
[  5] 207.00-208.00 sec   350 KBytes  2.87 Mbits/sec  0.297 ms  1116/4699 (24%)  
[  5] 208.00-209.00 sec   350 KBytes  2.86 Mbits/sec  0.217 ms  1208/4789 (25%)  
[  5] 209.00-210.00 sec   317 KBytes  2.59 Mbits/sec  0.219 ms  774/4015 (19%)  
[  5] 210.00-211.00 sec   336 KBytes  2.75 Mbits/sec  0.214 ms  980/4421 (22%)  
[  5] 211.00-212.00 sec   362 KBytes  2.96 Mbits/sec  0.207 ms  816/4520 (18%)  
[  5] 212.00-213.00 sec   362 KBytes  2.97 Mbits/sec  0.217 ms  769/4478 (17%)  
[  5] 213.00-214.00 sec   298 KBytes  2.44 Mbits/sec  0.191 ms  566/3615 (16%)  
[  5] 214.00-215.00 sec   345 KBytes  2.82 Mbits/sec  0.206 ms  1372/4901 (28%)  
[  5] 215.00-216.00 sec   345 KBytes  2.82 Mbits/sec  0.202 ms  997/4528 (22%)  
[  5] 216.00-217.00 sec   324 KBytes  2.66 Mbits/sec  0.216 ms  685/4007 (17%)  
[  5] 217.00-218.00 sec   338 KBytes  2.77 Mbits/sec  0.219 ms  935/4396 (21%)  
[  5] 218.00-219.00 sec   316 KBytes  2.59 Mbits/sec  0.205 ms  625/3862 (16%)  
[  5] 219.00-220.00 sec   352 KBytes  2.88 Mbits/sec  0.219 ms  921/4522 (20%)  
[  5] 220.00-221.00 sec   362 KBytes  2.96 Mbits/sec  0.216 ms  764/4467 (17%)  
[  5] 221.00-222.00 sec   371 KBytes  3.05 Mbits/sec  0.215 ms  819/4623 (18%)  
[  5] 222.00-223.00 sec   345 KBytes  2.83 Mbits/sec  0.237 ms  1183/4720 (25%)  
[  5] 223.00-224.00 sec   349 KBytes  2.85 Mbits/sec  0.211 ms  1215/4784 (25%)  
[  5] 224.00-225.00 sec   366 KBytes  3.00 Mbits/sec  0.215 ms  940/4688 (20%)  
[  5] 225.00-226.00 sec   339 KBytes  2.78 Mbits/sec  0.220 ms  1013/4484 (23%)  
[  5] 226.00-227.00 sec   299 KBytes  2.45 Mbits/sec  0.291 ms  611/3676 (17%)  
[  5] 227.00-228.00 sec   336 KBytes  2.75 Mbits/sec  0.205 ms  1281/4719 (27%)  
[  5] 228.00-229.00 sec   345 KBytes  2.83 Mbits/sec  0.220 ms  1073/4610 (23%)  
[  5] 229.00-230.00 sec   357 KBytes  2.92 Mbits/sec  0.217 ms  1020/4671 (22%)  
[  5] 230.00-231.00 sec   337 KBytes  2.77 Mbits/sec  0.409 ms  1078/4530 (24%)  
[  5] 231.00-232.00 sec   365 KBytes  2.99 Mbits/sec  0.215 ms  1277/5017 (25%)  
[  5] 232.00-233.00 sec   345 KBytes  2.82 Mbits/sec  0.219 ms  1199/4729 (25%)  
[  5] 233.00-234.00 sec   357 KBytes  2.92 Mbits/sec  0.210 ms  901/4555 (20%)  
[  5] 234.00-235.00 sec   353 KBytes  2.89 Mbits/sec  0.215 ms  777/4389 (18%)  
[  5] 235.00-236.00 sec   351 KBytes  2.87 Mbits/sec  0.212 ms  955/4545 (21%)  
[  5] 236.00-237.00 sec   371 KBytes  3.04 Mbits/sec  0.208 ms  946/4742 (20%)  
[  5] 237.00-238.00 sec   355 KBytes  2.91 Mbits/sec  0.212 ms  981/4615 (21%)  
[  5] 238.00-239.00 sec   345 KBytes  2.83 Mbits/sec  0.216 ms  1339/4873 (27%)  
[  5] 239.00-240.00 sec   366 KBytes  3.00 Mbits/sec  0.207 ms  1112/4864 (23%)  
[  5] 240.00-241.00 sec   352 KBytes  2.89 Mbits/sec  0.270 ms  1044/4651 (22%)  
[  5] 241.00-242.00 sec   346 KBytes  2.83 Mbits/sec  0.215 ms  1102/4642 (24%)  
[  5] 242.00-243.00 sec   319 KBytes  2.62 Mbits/sec  0.459 ms  995/4263 (23%)  
[  5] 243.00-244.00 sec   316 KBytes  2.59 Mbits/sec  0.220 ms  854/4091 (21%)  
[  5] 244.00-245.00 sec   364 KBytes  2.98 Mbits/sec  0.219 ms  882/4609 (19%)  
[  5] 245.00-246.00 sec   356 KBytes  2.91 Mbits/sec  0.223 ms  814/4457 (18%)  
[  5] 246.00-247.00 sec   351 KBytes  2.88 Mbits/sec  0.217 ms  1000/4599 (22%)  
[  5] 247.00-248.00 sec   356 KBytes  2.91 Mbits/sec  0.251 ms  856/4499 (19%)  
[  5] 248.00-249.00 sec   362 KBytes  2.97 Mbits/sec  0.516 ms  934/4638 (20%)  
[  5] 249.00-250.00 sec   358 KBytes  2.93 Mbits/sec  0.231 ms  835/4497 (19%)  
[  5] 250.00-251.00 sec   343 KBytes  2.81 Mbits/sec  0.216 ms  814/4331 (19%)  
[  5] 251.00-252.00 sec   353 KBytes  2.89 Mbits/sec  0.220 ms  758/4370 (17%)  
[  5] 252.00-253.00 sec   320 KBytes  2.63 Mbits/sec  0.273 ms  765/4044 (19%)  
[  5] 253.00-254.00 sec   364 KBytes  2.98 Mbits/sec  0.211 ms  767/4494 (17%)  
[  5] 254.00-255.00 sec   353 KBytes  2.89 Mbits/sec  0.220 ms  913/4526 (20%)  
[  5] 255.00-256.00 sec   357 KBytes  2.92 Mbits/sec  0.217 ms  1121/4775 (23%)  
[  5] 256.00-257.00 sec   369 KBytes  3.02 Mbits/sec  0.218 ms  939/4719 (20%)  
[  5] 257.00-258.00 sec   362 KBytes  2.97 Mbits/sec  0.247 ms  740/4448 (17%)  
[  5] 258.00-259.00 sec   359 KBytes  2.94 Mbits/sec  0.219 ms  758/4437 (17%)  
[  5] 259.00-260.00 sec   337 KBytes  2.76 Mbits/sec  0.217 ms  785/4235 (19%)  
[  5] 260.00-261.00 sec   317 KBytes  2.59 Mbits/sec  0.219 ms  638/3880 (16%)  
[  5] 261.00-262.00 sec   361 KBytes  2.95 Mbits/sec  0.211 ms  739/4432 (17%)  
[  5] 262.00-263.00 sec   349 KBytes  2.86 Mbits/sec  0.183 ms  933/4511 (21%)  
[  5] 263.00-264.00 sec   338 KBytes  2.77 Mbits/sec  0.211 ms  1197/4656 (26%)  
[  5] 264.00-265.00 sec   351 KBytes  2.87 Mbits/sec  0.213 ms  1048/4642 (23%)  
[  5] 265.00-266.00 sec   371 KBytes  3.04 Mbits/sec  0.218 ms  900/4695 (19%)  
[  5] 266.00-267.00 sec   346 KBytes  2.84 Mbits/sec  0.204 ms  888/4436 (20%)  
[  5] 267.00-268.00 sec   348 KBytes  2.85 Mbits/sec  0.230 ms  831/4398 (19%)  
[  5] 268.00-269.00 sec   351 KBytes  2.87 Mbits/sec  0.215 ms  892/4484 (20%)  
[  5] 269.00-270.00 sec   350 KBytes  2.87 Mbits/sec  0.215 ms  937/4522 (21%)  
[  5] 270.00-271.00 sec   371 KBytes  3.04 Mbits/sec  0.219 ms  780/4575 (17%)  
[  5] 271.00-272.00 sec   349 KBytes  2.86 Mbits/sec  0.211 ms  1138/4708 (24%)  
[  5] 272.00-273.00 sec   343 KBytes  2.81 Mbits/sec  0.212 ms  1081/4596 (24%)  
[  5] 273.00-274.00 sec   362 KBytes  2.96 Mbits/sec  0.213 ms  929/4633 (20%)  
[  5] 274.00-275.00 sec   306 KBytes  2.50 Mbits/sec  0.218 ms  991/4121 (24%)  
[  5] 275.00-276.00 sec   316 KBytes  2.59 Mbits/sec  0.217 ms  884/4121 (21%)  
[  5] 276.00-277.00 sec   338 KBytes  2.77 Mbits/sec  0.208 ms  914/4375 (21%)  
[  5] 277.00-278.00 sec   354 KBytes  2.90 Mbits/sec  0.206 ms  937/4557 (21%)  
[  5] 278.00-279.00 sec   362 KBytes  2.96 Mbits/sec  0.190 ms  834/4538 (18%)  
[  5] 279.00-280.00 sec   367 KBytes  3.01 Mbits/sec  0.207 ms  1071/4834 (22%)  
[  5] 280.00-281.00 sec   362 KBytes  2.97 Mbits/sec  0.219 ms  1152/4858 (24%)  
[  5] 281.00-282.00 sec   361 KBytes  2.96 Mbits/sec  0.217 ms  936/4635 (20%)  
[  5] 282.00-283.00 sec   362 KBytes  2.96 Mbits/sec  0.220 ms  759/4463 (17%)  
[  5] 283.00-284.00 sec   353 KBytes  2.90 Mbits/sec  0.220 ms  806/4422 (18%)  
[  5] 284.00-285.00 sec   353 KBytes  2.89 Mbits/sec  0.215 ms  769/4381 (18%)  
[  5] 285.00-286.00 sec   371 KBytes  3.04 Mbits/sec  0.219 ms  759/4555 (17%)  
[  5] 286.00-287.00 sec   356 KBytes  2.91 Mbits/sec  0.232 ms  800/4441 (18%)  
[  5] 287.00-288.00 sec   319 KBytes  2.62 Mbits/sec  0.210 ms  1072/4341 (25%)  
[  5] 288.00-289.00 sec   350 KBytes  2.87 Mbits/sec  0.203 ms  924/4507 (21%)  
[  5] 289.00-290.00 sec   365 KBytes  2.99 Mbits/sec  0.232 ms  823/4559 (18%)  
[  5] 290.00-291.00 sec   360 KBytes  2.95 Mbits/sec  0.216 ms  722/4406 (16%)  
[  5] 291.00-292.00 sec   317 KBytes  2.60 Mbits/sec  0.207 ms  598/3844 (16%)  
[  5] 292.00-293.00 sec   362 KBytes  2.97 Mbits/sec  0.208 ms  779/4491 (17%)  
[  5] 293.00-294.00 sec   337 KBytes  2.76 Mbits/sec  0.219 ms  1136/4589 (25%)  
[  5] 294.00-295.00 sec   371 KBytes  3.03 Mbits/sec  0.214 ms  960/4756 (20%)  
[  5] 295.00-296.00 sec   345 KBytes  2.83 Mbits/sec  0.214 ms  1247/4780 (26%)  
[  5] 296.00-297.00 sec   353 KBytes  2.89 Mbits/sec  0.220 ms  1232/4847 (25%)  
[  5] 297.00-298.00 sec   365 KBytes  2.99 Mbits/sec  0.220 ms  927/4663 (20%)  
[  5] 298.00-299.00 sec   362 KBytes  2.96 Mbits/sec  0.216 ms  775/4479 (17%)  
[  5] 299.00-300.00 sec   359 KBytes  2.94 Mbits/sec  0.213 ms  783/4461 (18%)  
[  5] 300.00-301.00 sec   371 KBytes  3.04 Mbits/sec  0.217 ms  729/4529 (16%)  
[  5] 301.00-302.00 sec   362 KBytes  2.96 Mbits/sec  0.217 ms  709/4413 (16%)  
[  5] 302.00-303.00 sec   369 KBytes  3.02 Mbits/sec  0.227 ms  750/4526 (17%)  
[  5] 303.00-304.00 sec   320 KBytes  2.62 Mbits/sec  0.220 ms  805/4083 (20%)  
[  5] 304.00-305.00 sec   350 KBytes  2.87 Mbits/sec  0.217 ms  1165/4745 (25%)  
[  5] 305.00-306.00 sec   362 KBytes  2.97 Mbits/sec  0.219 ms  880/4590 (19%)  
[  5] 306.00-307.00 sec   352 KBytes  2.88 Mbits/sec  0.186 ms  862/4464 (19%)  
[  5] 307.00-308.00 sec   326 KBytes  2.67 Mbits/sec  0.222 ms  720/4054 (18%)  
[  5] 308.00-309.00 sec   355 KBytes  2.91 Mbits/sec  0.196 ms  892/4524 (20%)  
[  5] 309.00-310.00 sec   338 KBytes  2.77 Mbits/sec  0.219 ms  1149/4609 (25%)  
[  5] 310.00-311.00 sec   299 KBytes  2.45 Mbits/sec  0.233 ms  947/4005 (24%)  
[  5] 311.00-312.00 sec   361 KBytes  2.96 Mbits/sec  0.210 ms  995/4689 (21%)  
[  5] 312.00-313.00 sec   352 KBytes  2.89 Mbits/sec  0.199 ms  1152/4761 (24%)  
[  5] 313.00-314.00 sec   304 KBytes  2.49 Mbits/sec  0.209 ms  930/4046 (23%)  
[  5] 314.00-315.00 sec   371 KBytes  3.04 Mbits/sec  0.213 ms  805/4601 (17%)  
[  5] 315.00-316.00 sec   314 KBytes  2.58 Mbits/sec  0.221 ms  658/3877 (17%)  
[  5] 316.00-317.00 sec   292 KBytes  2.39 Mbits/sec  0.220 ms  765/3752 (20%)  
[  5] 317.00-318.00 sec   317 KBytes  2.59 Mbits/sec  0.218 ms  634/3875 (16%)  
[  5] 318.00-319.00 sec   314 KBytes  2.57 Mbits/sec  0.216 ms  632/3843 (16%)  
[  5] 319.00-320.00 sec   291 KBytes  2.38 Mbits/sec  0.327 ms  593/3573 (17%)  
[  5] 320.00-321.00 sec   339 KBytes  2.77 Mbits/sec  0.197 ms  837/4305 (19%)  
[  5] 321.00-322.00 sec   311 KBytes  2.55 Mbits/sec  0.210 ms  915/4104 (22%)  
[  5] 322.00-323.00 sec   301 KBytes  2.46 Mbits/sec  0.212 ms  877/3957 (22%)  
[  5] 323.00-324.00 sec   312 KBytes  2.56 Mbits/sec  0.211 ms  796/3994 (20%)  
[  5] 324.00-325.00 sec   371 KBytes  3.04 Mbits/sec  0.219 ms  857/4652 (18%)  
[  5] 325.00-326.00 sec   313 KBytes  2.56 Mbits/sec  0.257 ms  773/3974 (19%)  
[  5] 326.00-327.00 sec   313 KBytes  2.56 Mbits/sec  0.209 ms  824/4030 (20%)  
[  5] 327.00-328.00 sec   329 KBytes  2.70 Mbits/sec  0.264 ms  962/4331 (22%)  
[  5] 328.00-329.00 sec   319 KBytes  2.62 Mbits/sec  0.215 ms  1016/4286 (24%)  
[  5] 329.00-330.00 sec   341 KBytes  2.80 Mbits/sec  0.210 ms  1151/4646 (25%)  
[  5] 330.00-331.00 sec   309 KBytes  2.53 Mbits/sec  0.214 ms  1034/4198 (25%)  
[  5] 331.00-332.00 sec   357 KBytes  2.92 Mbits/sec  0.212 ms  1159/4814 (24%)  
[  5] 332.00-333.00 sec   317 KBytes  2.59 Mbits/sec  0.229 ms  802/4043 (20%)  
[  5] 333.00-334.00 sec   317 KBytes  2.59 Mbits/sec  0.224 ms  735/3977 (18%)  
[  5] 334.00-335.00 sec   297 KBytes  2.43 Mbits/sec  0.219 ms  926/3969 (23%)  
[  5] 335.00-336.00 sec   357 KBytes  2.92 Mbits/sec  0.221 ms  1269/4922 (26%)  
[  5] 336.00-337.00 sec   297 KBytes  2.43 Mbits/sec  0.220 ms  1170/4210 (28%)  
[  5] 337.00-338.00 sec   365 KBytes  2.99 Mbits/sec  0.216 ms  1234/4973 (25%)  
[  5] 338.00-339.00 sec   312 KBytes  2.56 Mbits/sec  0.213 ms  1530/4726 (32%)  
[  5] 339.00-340.00 sec   351 KBytes  2.87 Mbits/sec  0.242 ms  1569/5160 (30%)  
[  5] 340.00-341.00 sec   283 KBytes  2.32 Mbits/sec  0.262 ms  1441/4343 (33%)  
[  5] 341.00-342.00 sec   337 KBytes  2.75 Mbits/sec  0.283 ms  1449/4895 (30%)  
[  5] 342.00-343.00 sec   350 KBytes  2.88 Mbits/sec  0.218 ms  1729/5317 (33%)  
[  5] 343.00-344.00 sec   304 KBytes  2.49 Mbits/sec  0.213 ms  1257/4367 (29%)  
[  5] 344.00-345.00 sec   317 KBytes  2.59 Mbits/sec  0.217 ms  1063/4304 (25%)  
[  5] 345.00-346.00 sec   314 KBytes  2.57 Mbits/sec  0.215 ms  1083/4301 (25%)  
[  5] 346.00-347.00 sec   279 KBytes  2.28 Mbits/sec  0.219 ms  1047/3901 (27%)  
[  5] 347.00-348.00 sec   350 KBytes  2.87 Mbits/sec  0.220 ms  1312/4894 (27%)  
[  5] 348.00-349.00 sec   296 KBytes  2.42 Mbits/sec  0.221 ms  1024/4050 (25%)  
[  5] 349.00-350.00 sec   293 KBytes  2.40 Mbits/sec  0.228 ms  1059/4060 (26%)  
[  5] 350.00-351.00 sec   271 KBytes  2.22 Mbits/sec  0.215 ms  784/3559 (22%)  
[  5] 351.00-352.00 sec   301 KBytes  2.47 Mbits/sec  0.217 ms  1215/4302 (28%)  
[  5] 352.00-353.00 sec   357 KBytes  2.93 Mbits/sec  0.205 ms  1108/4768 (23%)  
[  5] 353.00-354.00 sec   314 KBytes  2.57 Mbits/sec  0.207 ms  926/4138 (22%)  
[  5] 354.00-355.00 sec   367 KBytes  3.00 Mbits/sec  0.213 ms  1300/5056 (26%)  
[  5] 355.00-356.00 sec   366 KBytes  2.99 Mbits/sec  0.207 ms  1331/5074 (26%)  
[  5] 356.00-357.00 sec   291 KBytes  2.39 Mbits/sec  0.207 ms  1230/4213 (29%)  
[  5] 357.00-358.00 sec   282 KBytes  2.31 Mbits/sec  0.215 ms  1224/4109 (30%)  
[  5] 358.00-359.00 sec   296 KBytes  2.43 Mbits/sec  0.203 ms  1006/4037 (25%)  
[  5] 359.00-360.00 sec   351 KBytes  2.88 Mbits/sec  0.213 ms  1246/4845 (26%)  
[  5] 360.00-361.00 sec   339 KBytes  2.78 Mbits/sec  0.252 ms  1195/4669 (26%)  
[  5] 361.00-362.00 sec   304 KBytes  2.49 Mbits/sec  0.214 ms  1241/4358 (28%)  
[  5] 362.00-363.00 sec   365 KBytes  2.99 Mbits/sec  0.213 ms  1166/4902 (24%)  
[  5] 363.00-364.00 sec   309 KBytes  2.53 Mbits/sec  0.283 ms  1179/4346 (27%)  
[  5] 364.00-365.00 sec   361 KBytes  2.96 Mbits/sec  0.218 ms  1230/4928 (25%)  
[  5] 365.00-366.00 sec   311 KBytes  2.55 Mbits/sec  0.216 ms  966/4150 (23%)  
[  5] 366.00-367.00 sec   293 KBytes  2.40 Mbits/sec  0.235 ms  917/3917 (23%)  
[  5] 367.00-368.00 sec   345 KBytes  2.82 Mbits/sec  0.239 ms  1785/5314 (34%)  
[  5] 368.00-369.00 sec   317 KBytes  2.60 Mbits/sec  0.221 ms  1808/5054 (36%)  
[  5] 369.00-370.00 sec   368 KBytes  3.02 Mbits/sec  0.215 ms  1352/5122 (26%)  
[  5] 370.00-371.00 sec   306 KBytes  2.51 Mbits/sec  0.213 ms  1381/4517 (31%)  
[  5] 371.00-372.00 sec   350 KBytes  2.87 Mbits/sec  0.110 ms  1512/5094 (30%)  
[  5] 372.00-373.00 sec   321 KBytes  2.63 Mbits/sec  0.213 ms  1590/4876 (33%)  
[  5] 373.00-374.00 sec   308 KBytes  2.52 Mbits/sec  0.177 ms  1451/4603 (32%)  
[  5] 374.00-375.00 sec   345 KBytes  2.82 Mbits/sec  0.219 ms  1267/4798 (26%)  
[  5] 375.00-376.00 sec   336 KBytes  2.75 Mbits/sec  0.384 ms  1449/4889 (30%)  
[  5] 376.00-377.00 sec   307 KBytes  2.51 Mbits/sec  0.216 ms  1080/4219 (26%)  
[  5] 377.00-378.00 sec   334 KBytes  2.73 Mbits/sec  0.230 ms  1283/4699 (27%)  
[  5] 378.00-379.00 sec   325 KBytes  2.66 Mbits/sec  0.238 ms  1078/4404 (24%)  
[  5] 379.00-380.00 sec   321 KBytes  2.63 Mbits/sec  0.234 ms  1313/4601 (29%)  
[  5] 380.00-381.00 sec   292 KBytes  2.39 Mbits/sec  0.517 ms  1391/4379 (32%)  
[  5] 381.00-382.00 sec   309 KBytes  2.53 Mbits/sec  0.303 ms  1197/4366 (27%)  
[  5] 382.00-383.00 sec   307 KBytes  2.51 Mbits/sec  0.245 ms  825/3964 (21%)  
[  5] 383.00-384.00 sec   281 KBytes  2.31 Mbits/sec  0.240 ms  736/3617 (20%)  
[  5] 384.00-385.00 sec   297 KBytes  2.44 Mbits/sec  0.218 ms  1062/4107 (26%)  
[  5] 385.00-386.00 sec   359 KBytes  2.94 Mbits/sec  0.190 ms  1107/4781 (23%)  
[  5] 386.00-387.00 sec   318 KBytes  2.60 Mbits/sec  0.272 ms  1021/4277 (24%)  
[  5] 387.00-388.00 sec   296 KBytes  2.42 Mbits/sec  0.273 ms  1276/4302 (30%)  
[  5] 388.00-389.00 sec   322 KBytes  2.63 Mbits/sec  0.207 ms  1200/4493 (27%)  
[  5] 389.00-390.00 sec   293 KBytes  2.40 Mbits/sec  0.215 ms  1180/4179 (28%)  
[  5] 390.00-391.00 sec   291 KBytes  2.38 Mbits/sec  0.223 ms  1114/4092 (27%)  
[  5] 391.00-392.00 sec   317 KBytes  2.59 Mbits/sec  0.207 ms  894/4136 (22%)  
[  5] 392.00-393.00 sec   320 KBytes  2.62 Mbits/sec  0.223 ms  957/4237 (23%)  
[  5] 393.00-394.00 sec   337 KBytes  2.76 Mbits/sec  0.219 ms  1188/4640 (26%)  
[  5] 394.00-395.00 sec   317 KBytes  2.59 Mbits/sec  0.219 ms  904/4145 (22%)  
[  5] 395.00-396.00 sec   303 KBytes  2.48 Mbits/sec  0.213 ms  1125/4224 (27%)  
[  5] 396.00-397.00 sec   311 KBytes  2.55 Mbits/sec  0.207 ms  1150/4334 (27%)  
[  5] 397.00-398.00 sec   348 KBytes  2.85 Mbits/sec  0.266 ms  1191/4754 (25%)  
[  5] 398.00-399.00 sec   284 KBytes  2.33 Mbits/sec  0.236 ms  984/3896 (25%)  
[  5] 399.00-400.00 sec   306 KBytes  2.51 Mbits/sec  0.405 ms  1274/4412 (29%)  
[  5] 400.00-401.00 sec   313 KBytes  2.57 Mbits/sec  0.205 ms  934/4144 (23%)  
[  5] 401.00-402.00 sec   286 KBytes  2.35 Mbits/sec  0.234 ms  1503/4436 (34%)  
