Connecting to host 172.22.0.50, port 5202
Reverse mode, remote host 172.22.0.50 is sending
[  5] local 192.168.102.2 port 39526 connected to 172.22.0.50 port 5202
[ ID] Interval           Transfer     Bitrate         Jitter    Lost/Total Datagrams
[  5]   0.00-1.00   sec   439 KBytes  3.60 Mbits/sec  0.374 ms  0/4497 (0%)  
[  5]   1.00-2.00   sec   440 KBytes  3.60 Mbits/sec  0.306 ms  0/4503 (0%)  
[  5]   2.00-3.00   sec   440 KBytes  3.60 Mbits/sec  0.294 ms  0/4503 (0%)  
[  5]   3.00-4.00   sec   437 KBytes  3.58 Mbits/sec  0.289 ms  0/4476 (0%)  
[  5]   4.00-5.00   sec   441 KBytes  3.62 Mbits/sec  0.267 ms  0/4520 (0%)  
[  5]   5.00-6.00   sec   439 KBytes  3.60 Mbits/sec  0.210 ms  0/4500 (0%)  
[  5]   6.00-7.00   sec   439 KBytes  3.60 Mbits/sec  0.272 ms  0/4497 (0%)  
[  5]   7.00-8.00   sec   440 KBytes  3.60 Mbits/sec  0.358 ms  0/4504 (0%)  
[  5]   8.00-9.00   sec   439 KBytes  3.60 Mbits/sec  0.243 ms  0/4500 (0%)  
[  5]   9.00-10.00  sec   440 KBytes  3.60 Mbits/sec  0.294 ms  0/4503 (0%)  
[  5]  10.00-11.00  sec   438 KBytes  3.58 Mbits/sec  0.217 ms  0/4480 (0%)  
[  5]  11.00-12.00  sec   441 KBytes  3.61 Mbits/sec  0.358 ms  0/4517 (0%)  
[  5]  12.00-13.00  sec   386 KBytes  3.16 Mbits/sec  0.391 ms  0/3949 (0%)  
[  5]  13.00-14.00  sec   360 KBytes  2.95 Mbits/sec  0.334 ms  0/3687 (0%)  
[  5]  14.00-15.00  sec   359 KBytes  2.94 Mbits/sec  0.336 ms  0/3677 (0%)  
[  5]  15.00-16.00  sec   360 KBytes  2.95 Mbits/sec  0.340 ms  0/3691 (0%)  
[  5]  16.00-17.00  sec   367 KBytes  3.00 Mbits/sec  0.349 ms  0/3754 (0%)  
[  5]  17.00-18.00  sec   365 KBytes  2.99 Mbits/sec  0.354 ms  0/3741 (0%)  
[  5]  18.00-19.00  sec   362 KBytes  2.96 Mbits/sec  0.370 ms  0/3704 (0%)  
[  5]  19.00-20.00  sec   367 KBytes  3.01 Mbits/sec  0.378 ms  0/3758 (0%)  
[  5]  20.00-21.00  sec   363 KBytes  2.98 Mbits/sec  0.308 ms  0/3721 (0%)  
[  5]  21.00-22.00  sec   367 KBytes  3.01 Mbits/sec  0.379 ms  0/3757 (0%)  
[  5]  22.00-23.00  sec   347 KBytes  2.85 Mbits/sec  0.375 ms  0/3557 (0%)  
[  5]  23.00-24.00  sec   348 KBytes  2.85 Mbits/sec  0.354 ms  0/3559 (0%)  
[  5]  24.00-25.00  sec   368 KBytes  3.02 Mbits/sec  0.361 ms  0/3771 (0%)  
[  5]  25.00-26.00  sec   369 KBytes  3.02 Mbits/sec  0.354 ms  0/3777 (0%)  
[  5]  26.00-27.00  sec   366 KBytes  2.99 Mbits/sec  0.377 ms  0/3746 (0%)  
[  5]  27.00-28.00  sec   361 KBytes  2.95 Mbits/sec  0.331 ms  0/3693 (0%)  
[  5]  28.00-29.00  sec   365 KBytes  2.99 Mbits/sec  0.372 ms  0/3741 (0%)  
[  5]  29.00-30.00  sec   367 KBytes  3.01 Mbits/sec  0.351 ms  0/3763 (0%)  
[  5]  30.00-31.00  sec   351 KBytes  2.88 Mbits/sec  0.321 ms  0/3598 (0%)  
[  5]  31.00-32.00  sec   357 KBytes  2.92 Mbits/sec  0.358 ms  0/3654 (0%)  
[  5]  32.00-33.00  sec   357 KBytes  2.93 Mbits/sec  0.346 ms  0/3658 (0%)  
[  5]  33.00-34.00  sec   368 KBytes  3.01 Mbits/sec  0.344 ms  0/3764 (0%)  
[  5]  34.00-35.00  sec   371 KBytes  3.04 Mbits/sec  0.388 ms  0/3800 (0%)  
[  5]  35.00-36.00  sec   367 KBytes  3.01 Mbits/sec  0.377 ms  0/3762 (0%)  
[  5]  36.00-37.00  sec   369 KBytes  3.02 Mbits/sec  0.401 ms  0/3777 (0%)  
[  5]  37.00-38.00  sec   370 KBytes  3.03 Mbits/sec  0.426 ms  0/3787 (0%)  
[  5]  38.00-39.00  sec   344 KBytes  2.82 Mbits/sec  0.392 ms  0/3520 (0%)  
[  5]  39.00-40.00  sec   347 KBytes  2.84 Mbits/sec  0.486 ms  0/3555 (0%)  
[  5]  40.00-41.00  sec   363 KBytes  2.97 Mbits/sec  0.345 ms  0/3715 (0%)  
[  5]  41.00-42.00  sec   368 KBytes  3.02 Mbits/sec  0.351 ms  0/3771 (0%)  
[  5]  42.00-43.00  sec   366 KBytes  3.00 Mbits/sec  0.363 ms  0/3750 (0%)  
[  5]  43.00-44.00  sec   367 KBytes  3.01 Mbits/sec  0.625 ms  0/3760 (0%)  
[  5]  44.00-45.00  sec   371 KBytes  3.04 Mbits/sec  0.325 ms  0/3794 (0%)  
[  5]  45.00-46.00  sec   367 KBytes  3.01 Mbits/sec  0.374 ms  0/3760 (0%)  
[  5]  46.00-47.00  sec   356 KBytes  2.91 Mbits/sec  0.362 ms  0/3641 (0%)  
[  5]  47.00-48.00  sec   363 KBytes  2.97 Mbits/sec  0.323 ms  0/3714 (0%)  
[  5]  48.00-49.00  sec   352 KBytes  2.89 Mbits/sec  0.342 ms  0/3608 (0%)  
[  5]  49.00-50.00  sec   369 KBytes  3.02 Mbits/sec  0.357 ms  0/3777 (0%)  
[  5]  50.00-51.00  sec   371 KBytes  3.04 Mbits/sec  0.308 ms  0/3804 (0%)  
[  5]  51.00-52.00  sec   369 KBytes  3.03 Mbits/sec  0.375 ms  0/3778 (0%)  
[  5]  52.00-53.00  sec   368 KBytes  3.01 Mbits/sec  0.513 ms  0/3767 (0%)  
[  5]  53.00-54.00  sec   375 KBytes  3.07 Mbits/sec  0.347 ms  0/3841 (0%)  
[  5]  54.00-55.00  sec   365 KBytes  2.99 Mbits/sec  0.480 ms  0/3733 (0%)  
[  5]  55.00-56.00  sec   358 KBytes  2.93 Mbits/sec  0.401 ms  0/3662 (0%)  
[  5]  56.00-57.00  sec   361 KBytes  2.95 Mbits/sec  0.357 ms  0/3692 (0%)  
[  5]  57.00-58.00  sec   365 KBytes  2.99 Mbits/sec  0.470 ms  0/3742 (0%)  
[  5]  58.00-59.00  sec   358 KBytes  2.93 Mbits/sec  0.344 ms  0/3661 (0%)  
[  5]  59.00-60.00  sec   355 KBytes  2.91 Mbits/sec  0.404 ms  0/3641 (0%)  
[  5]  60.00-61.00  sec   359 KBytes  2.94 Mbits/sec  0.323 ms  0/3674 (0%)  
[  5]  61.00-62.00  sec   360 KBytes  2.95 Mbits/sec  0.350 ms  0/3685 (0%)  
[  5]  62.00-63.00  sec   352 KBytes  2.88 Mbits/sec  0.257 ms  0/3604 (0%)  
[  5]  63.00-64.00  sec   343 KBytes  2.82 Mbits/sec  0.411 ms  0/3517 (0%)  
[  5]  64.00-65.00  sec   333 KBytes  2.73 Mbits/sec  0.348 ms  0/3408 (0%)  
[  5]  65.00-66.00  sec   356 KBytes  2.91 Mbits/sec  0.368 ms  0/3644 (0%)  
[  5]  66.00-67.00  sec   355 KBytes  2.91 Mbits/sec  0.345 ms  0/3639 (0%)  
[  5]  67.00-68.00  sec   353 KBytes  2.89 Mbits/sec  0.323 ms  0/3613 (0%)  
[  5]  68.00-69.00  sec   358 KBytes  2.93 Mbits/sec  0.334 ms  0/3662 (0%)  
[  5]  69.00-70.00  sec   365 KBytes  2.99 Mbits/sec  0.354 ms  0/3740 (0%)  
[  5]  70.00-71.00  sec   355 KBytes  2.91 Mbits/sec  0.339 ms  0/3632 (0%)  
[  5]  71.00-72.00  sec   357 KBytes  2.92 Mbits/sec  0.354 ms  0/3655 (0%)  
[  5]  72.00-73.00  sec   357 KBytes  2.93 Mbits/sec  0.372 ms  0/3660 (0%)  
[  5]  73.00-74.00  sec   369 KBytes  3.03 Mbits/sec  0.407 ms  0/3783 (0%)  
[  5]  74.00-75.00  sec   374 KBytes  3.06 Mbits/sec  0.343 ms  0/3825 (0%)  
[  5]  75.00-76.00  sec   368 KBytes  3.02 Mbits/sec  0.306 ms  0/3773 (0%)  
[  5]  76.00-77.00  sec   360 KBytes  2.95 Mbits/sec  0.361 ms  0/3689 (0%)  
[  5]  77.00-78.00  sec   364 KBytes  2.98 Mbits/sec  0.358 ms  0/3727 (0%)  
[  5]  78.00-79.00  sec   361 KBytes  2.96 Mbits/sec  0.338 ms  0/3700 (0%)  
[  5]  79.00-80.00  sec   356 KBytes  2.92 Mbits/sec  0.369 ms  0/3649 (0%)  
[  5]  80.00-81.00  sec   361 KBytes  2.95 Mbits/sec  0.349 ms  0/3692 (0%)  
[  5]  81.00-82.00  sec   367 KBytes  3.01 Mbits/sec  0.402 ms  0/3764 (0%)  
[  5]  82.00-83.00  sec   369 KBytes  3.02 Mbits/sec  0.302 ms  0/3777 (0%)  
[  5]  83.00-84.00  sec   370 KBytes  3.03 Mbits/sec  0.407 ms  0/3791 (0%)  
[  5]  84.00-85.00  sec   368 KBytes  3.01 Mbits/sec  0.306 ms  0/3767 (0%)  
[  5]  85.00-86.00  sec   360 KBytes  2.95 Mbits/sec  0.355 ms  0/3689 (0%)  
[  5]  86.00-87.00  sec   361 KBytes  2.96 Mbits/sec  0.380 ms  0/3696 (0%)  
[  5]  87.00-88.00  sec   349 KBytes  2.86 Mbits/sec  0.334 ms  0/3575 (0%)  
[  5]  88.00-89.00  sec   357 KBytes  2.92 Mbits/sec  0.326 ms  0/3654 (0%)  
[  5]  89.00-90.00  sec   360 KBytes  2.95 Mbits/sec  0.359 ms  0/3685 (0%)  
[  5]  90.00-91.00  sec   370 KBytes  3.03 Mbits/sec  0.322 ms  0/3787 (0%)  
[  5]  91.00-92.00  sec   371 KBytes  3.04 Mbits/sec  0.254 ms  0/3804 (0%)  
[  5]  92.00-93.00  sec   368 KBytes  3.01 Mbits/sec  0.336 ms  0/3767 (0%)  
[  5]  93.00-94.00  sec   374 KBytes  3.07 Mbits/sec  0.313 ms  0/3833 (0%)  
[  5]  94.00-95.00  sec   366 KBytes  3.00 Mbits/sec  0.354 ms  0/3745 (0%)  
[  5]  95.00-96.00  sec   357 KBytes  2.92 Mbits/sec  0.456 ms  0/3654 (0%)  
[  5]  96.00-97.00  sec   361 KBytes  2.96 Mbits/sec  0.400 ms  0/3697 (0%)  
[  5]  97.00-98.00  sec   363 KBytes  2.98 Mbits/sec  0.379 ms  0/3718 (0%)  
[  5]  98.00-99.00  sec   361 KBytes  2.96 Mbits/sec  0.351 ms  0/3698 (0%)  
[  5]  99.00-100.00 sec   364 KBytes  2.98 Mbits/sec  0.363 ms  0/3727 (0%)  
[  5] 100.00-101.00 sec   357 KBytes  2.92 Mbits/sec  0.304 ms  0/3654 (0%)  
[  5] 101.00-102.00 sec   360 KBytes  2.95 Mbits/sec  0.375 ms  0/3689 (0%)  
[  5] 102.00-103.00 sec   361 KBytes  2.96 Mbits/sec  0.439 ms  0/3694 (0%)  
[  5] 103.00-104.00 sec   348 KBytes  2.85 Mbits/sec  0.337 ms  0/3566 (0%)  
[  5] 104.00-105.00 sec   346 KBytes  2.84 Mbits/sec  0.417 ms  0/3546 (0%)  
[  5] 105.00-106.01 sec   361 KBytes  2.94 Mbits/sec  0.325 ms  0/3697 (0%)  
[  5] 106.01-107.00 sec   365 KBytes  3.01 Mbits/sec  0.381 ms  0/3741 (0%)  
[  5] 107.00-108.00 sec   368 KBytes  3.01 Mbits/sec  0.349 ms  0/3768 (0%)  
[  5] 108.00-109.00 sec   362 KBytes  2.96 Mbits/sec  0.364 ms  0/3702 (0%)  
[  5] 109.00-110.00 sec   365 KBytes  2.99 Mbits/sec  0.382 ms  0/3742 (0%)  
[  5] 110.00-111.00 sec   363 KBytes  2.98 Mbits/sec  0.346 ms  0/3721 (0%)  
[  5] 111.00-112.00 sec   360 KBytes  2.95 Mbits/sec  0.373 ms  0/3683 (0%)  
[  5] 112.00-113.00 sec   353 KBytes  2.89 Mbits/sec  0.358 ms  0/3617 (0%)  
[  5] 113.00-114.00 sec   349 KBytes  2.86 Mbits/sec  0.343 ms  0/3578 (0%)  
[  5] 114.00-115.00 sec   357 KBytes  2.92 Mbits/sec  0.400 ms  0/3654 (0%)  
[  5] 115.00-116.00 sec   358 KBytes  2.94 Mbits/sec  0.339 ms  0/3671 (0%)  
[  5] 116.00-117.00 sec   359 KBytes  2.94 Mbits/sec  0.453 ms  0/3677 (0%)  
[  5] 117.00-118.00 sec   361 KBytes  2.96 Mbits/sec  0.302 ms  0/3694 (0%)  
[  5] 118.00-119.00 sec   361 KBytes  2.96 Mbits/sec  0.334 ms  0/3699 (0%)  
[  5] 119.00-120.00 sec   355 KBytes  2.91 Mbits/sec  0.372 ms  0/3634 (0%)  
[  5] 120.00-121.00 sec   344 KBytes  2.82 Mbits/sec  0.344 ms  0/3526 (0%)  
[  5] 121.00-122.00 sec   350 KBytes  2.88 Mbits/sec  0.413 ms  0/3588 (0%)  
[  5] 122.00-123.00 sec   363 KBytes  2.97 Mbits/sec  0.321 ms  0/3717 (0%)  
[  5] 123.00-124.00 sec   363 KBytes  2.98 Mbits/sec  0.376 ms  0/3721 (0%)  
[  5] 124.00-125.00 sec   367 KBytes  3.00 Mbits/sec  0.378 ms  0/3754 (0%)  
[  5] 125.00-126.00 sec   369 KBytes  3.03 Mbits/sec  0.427 ms  0/3783 (0%)  
[  5] 126.00-127.00 sec   373 KBytes  3.06 Mbits/sec  0.362 ms  0/3823 (0%)  
[  5] 127.00-128.00 sec   362 KBytes  2.97 Mbits/sec  0.422 ms  0/3711 (0%)  
[  5] 128.00-129.00 sec   298 KBytes  2.44 Mbits/sec  0.216 ms  209/3256 (6.4%)  
[  5] 129.00-130.00 sec   297 KBytes  2.43 Mbits/sec  0.219 ms  763/3805 (20%)  
[  5] 130.00-131.00 sec   369 KBytes  3.02 Mbits/sec  0.212 ms  813/4587 (18%)  
[  5] 131.00-132.00 sec   329 KBytes  2.69 Mbits/sec  0.216 ms  1114/4478 (25%)  
[  5] 132.00-133.00 sec   296 KBytes  2.43 Mbits/sec  0.237 ms  974/4006 (24%)  
[  5] 133.00-134.00 sec   355 KBytes  2.91 Mbits/sec  0.216 ms  1100/4738 (23%)  
[  5] 134.00-135.00 sec   358 KBytes  2.93 Mbits/sec  0.211 ms  948/4612 (21%)  
[  5] 135.00-136.00 sec   339 KBytes  2.77 Mbits/sec  0.279 ms  1232/4699 (26%)  
[  5] 136.00-137.00 sec   312 KBytes  2.56 Mbits/sec  0.217 ms  790/3987 (20%)  
[  5] 137.00-138.00 sec   356 KBytes  2.92 Mbits/sec  0.211 ms  882/4529 (19%)  
[  5] 138.00-139.00 sec   362 KBytes  2.97 Mbits/sec  0.210 ms  794/4502 (18%)  
[  5] 139.00-140.00 sec   365 KBytes  2.99 Mbits/sec  0.217 ms  903/4638 (19%)  
[  5] 140.00-141.00 sec   359 KBytes  2.94 Mbits/sec  0.213 ms  935/4607 (20%)  
[  5] 141.00-142.00 sec   361 KBytes  2.96 Mbits/sec  0.219 ms  1083/4784 (23%)  
[  5] 142.00-143.00 sec   319 KBytes  2.62 Mbits/sec  0.224 ms  1111/4382 (25%)  
[  5] 143.00-144.00 sec   362 KBytes  2.97 Mbits/sec  0.230 ms  1051/4759 (22%)  
[  5] 144.00-145.00 sec   318 KBytes  2.60 Mbits/sec  0.208 ms  761/4018 (19%)  
[  5] 145.00-146.00 sec   358 KBytes  2.94 Mbits/sec  0.214 ms  796/4467 (18%)  
[  5] 146.00-147.00 sec   336 KBytes  2.75 Mbits/sec  0.217 ms  974/4416 (22%)  
[  5] 147.00-148.00 sec   369 KBytes  3.02 Mbits/sec  0.214 ms  694/4475 (16%)  
[  5] 148.00-149.00 sec   348 KBytes  2.85 Mbits/sec  0.219 ms  847/4410 (19%)  
[  5] 149.00-150.00 sec   352 KBytes  2.89 Mbits/sec  0.312 ms  1224/4833 (25%)  
[  5] 150.00-151.00 sec   348 KBytes  2.85 Mbits/sec  0.219 ms  1246/4813 (26%)  
[  5] 151.00-152.00 sec   367 KBytes  3.00 Mbits/sec  0.217 ms  929/4685 (20%)  
[  5] 152.00-153.00 sec   335 KBytes  2.74 Mbits/sec  0.311 ms  934/4367 (21%)  
[  5] 153.00-154.00 sec   318 KBytes  2.61 Mbits/sec  0.215 ms  897/4155 (22%)  
[  5] 154.00-155.00 sec   360 KBytes  2.95 Mbits/sec  0.216 ms  892/4578 (19%)  
[  5] 155.00-156.00 sec   362 KBytes  2.97 Mbits/sec  0.191 ms  875/4583 (19%)  
[  5] 156.00-157.00 sec   330 KBytes  2.70 Mbits/sec  0.345 ms  1173/4549 (26%)  
[  5] 157.00-158.00 sec   346 KBytes  2.84 Mbits/sec  0.391 ms  1187/4731 (25%)  
[  5] 158.00-159.00 sec   368 KBytes  3.02 Mbits/sec  0.215 ms  998/4768 (21%)  
[  5] 159.00-160.00 sec   359 KBytes  2.94 Mbits/sec  0.240 ms  953/4633 (21%)  
[  5] 160.00-161.00 sec   293 KBytes  2.40 Mbits/sec  0.220 ms  752/3748 (20%)  
[  5] 161.00-162.00 sec   353 KBytes  2.89 Mbits/sec  0.215 ms  651/4263 (15%)  
[  5] 162.00-163.00 sec   346 KBytes  2.84 Mbits/sec  0.218 ms  954/4498 (21%)  
[  5] 163.00-164.00 sec   354 KBytes  2.90 Mbits/sec  0.314 ms  850/4470 (19%)  
[  5] 164.00-165.00 sec   371 KBytes  3.04 Mbits/sec  0.213 ms  959/4763 (20%)  
[  5] 165.00-166.00 sec   353 KBytes  2.89 Mbits/sec  0.322 ms  1037/4653 (22%)  
[  5] 166.00-167.00 sec   365 KBytes  2.99 Mbits/sec  0.212 ms  1051/4788 (22%)  
[  5] 167.00-168.00 sec   343 KBytes  2.81 Mbits/sec  0.217 ms  994/4509 (22%)  
[  5] 168.00-169.00 sec   338 KBytes  2.77 Mbits/sec  0.219 ms  1059/4523 (23%)  
[  5] 169.00-170.00 sec   339 KBytes  2.78 Mbits/sec  0.202 ms  969/4441 (22%)  
[  5] 170.00-171.00 sec   369 KBytes  3.02 Mbits/sec  0.253 ms  731/4506 (16%)  
[  5] 171.00-172.00 sec   315 KBytes  2.59 Mbits/sec  0.226 ms  1246/4476 (28%)  
[  5] 172.00-173.00 sec   326 KBytes  2.67 Mbits/sec  0.216 ms  705/4042 (17%)  
[  5] 173.00-174.00 sec   361 KBytes  2.96 Mbits/sec  0.212 ms  942/4635 (20%)  
[  5] 174.00-175.00 sec   356 KBytes  2.91 Mbits/sec  0.214 ms  1085/4733 (23%)  
[  5] 175.00-176.00 sec   365 KBytes  2.99 Mbits/sec  0.210 ms  876/4610 (19%)  
[  5] 176.00-177.00 sec   371 KBytes  3.05 Mbits/sec  0.214 ms  807/4607 (18%)  
[  5] 177.00-178.00 sec   362 KBytes  2.96 Mbits/sec  0.216 ms  812/4520 (18%)  
[  5] 178.00-179.00 sec   360 KBytes  2.96 Mbits/sec  0.204 ms  812/4501 (18%)  
[  5] 179.00-180.00 sec   369 KBytes  3.02 Mbits/sec  0.220 ms  940/4718 (20%)  
[  5] 180.00-181.00 sec   362 KBytes  2.97 Mbits/sec  0.216 ms  816/4523 (18%)  
[  5] 181.00-182.00 sec   317 KBytes  2.60 Mbits/sec  0.222 ms  914/4158 (22%)  
[  5] 182.00-183.00 sec   365 KBytes  2.99 Mbits/sec  0.338 ms  1079/4818 (22%)  
[  5] 183.00-184.00 sec   367 KBytes  3.00 Mbits/sec  0.209 ms  933/4686 (20%)  
[  5] 184.00-185.00 sec   371 KBytes  3.05 Mbits/sec  0.216 ms  788/4592 (17%)  
[  5] 185.00-186.00 sec   355 KBytes  2.91 Mbits/sec  0.219 ms  791/4429 (18%)  
[  5] 186.00-187.00 sec   293 KBytes  2.40 Mbits/sec  0.252 ms  624/3624 (17%)  
[  5] 187.00-188.00 sec   338 KBytes  2.77 Mbits/sec  0.219 ms  1232/4693 (26%)  
[  5] 188.00-189.00 sec   297 KBytes  2.44 Mbits/sec  0.276 ms  917/3962 (23%)  
[  5] 189.00-190.00 sec   341 KBytes  2.79 Mbits/sec  0.238 ms  1060/4552 (23%)  
[  5] 190.00-191.00 sec   323 KBytes  2.65 Mbits/sec  0.214 ms  790/4102 (19%)  
[  5] 191.00-192.00 sec   357 KBytes  2.93 Mbits/sec  0.213 ms  978/4637 (21%)  
[  5] 192.00-193.00 sec   362 KBytes  2.97 Mbits/sec  0.220 ms  774/4482 (17%)  
[  5] 193.00-194.00 sec   297 KBytes  2.43 Mbits/sec  0.215 ms  914/3953 (23%)  
[  5] 194.00-195.00 sec   341 KBytes  2.79 Mbits/sec  0.223 ms  1063/4551 (23%)  
[  5] 195.00-196.00 sec   335 KBytes  2.74 Mbits/sec  0.269 ms  1191/4622 (26%)  
[  5] 196.00-197.00 sec   309 KBytes  2.53 Mbits/sec  0.215 ms  777/3937 (20%)  
[  5] 197.00-198.00 sec   362 KBytes  2.96 Mbits/sec  0.219 ms  730/4433 (16%)  
[  5] 198.00-199.00 sec   348 KBytes  2.85 Mbits/sec  0.208 ms  1073/4636 (23%)  
[  5] 199.00-200.00 sec   363 KBytes  2.97 Mbits/sec  0.218 ms  940/4656 (20%)  
[  5] 200.00-201.00 sec   313 KBytes  2.57 Mbits/sec  0.214 ms  950/4158 (23%)  
[  5] 201.00-202.00 sec   348 KBytes  2.85 Mbits/sec  0.212 ms  724/4288 (17%)  
[  5] 202.00-203.00 sec   312 KBytes  2.55 Mbits/sec  0.456 ms  942/4138 (23%)  
[  5] 203.00-204.00 sec   296 KBytes  2.42 Mbits/sec  0.210 ms  1164/4191 (28%)  
[  5] 204.00-205.00 sec   348 KBytes  2.85 Mbits/sec  0.232 ms  923/4487 (21%)  
[  5] 205.00-206.00 sec   360 KBytes  2.95 Mbits/sec  0.218 ms  818/4506 (18%)  
[  5] 206.00-207.00 sec   368 KBytes  3.01 Mbits/sec  0.219 ms  1102/4867 (23%)  
[  5] 207.00-208.00 sec   360 KBytes  2.95 Mbits/sec  0.240 ms  979/4666 (21%)  
[  5] 208.00-209.00 sec   365 KBytes  2.99 Mbits/sec  0.212 ms  1239/4979 (25%)  
[  5] 209.00-210.00 sec   308 KBytes  2.52 Mbits/sec  0.226 ms  856/4006 (21%)  
[  5] 210.00-211.00 sec   343 KBytes  2.81 Mbits/sec  0.219 ms  1084/4599 (24%)  
[  5] 211.00-212.00 sec   407 KBytes  3.34 Mbits/sec  0.213 ms  1101/5272 (21%)  
[  5] 212.00-213.00 sec   356 KBytes  2.92 Mbits/sec  0.265 ms  974/4624 (21%)  
[  5] 213.00-214.00 sec   374 KBytes  3.06 Mbits/sec  0.218 ms  999/4826 (21%)  
[  5] 214.00-215.00 sec   369 KBytes  3.02 Mbits/sec  0.219 ms  1049/4823 (22%)  
[  5] 215.00-216.00 sec   346 KBytes  2.83 Mbits/sec  0.219 ms  1129/4676 (24%)  
[  5] 216.00-217.00 sec   286 KBytes  2.34 Mbits/sec  0.218 ms  1200/4126 (29%)  
[  5] 217.00-218.00 sec   332 KBytes  2.72 Mbits/sec  0.216 ms  1133/4535 (25%)  
[  5] 218.00-219.00 sec   353 KBytes  2.89 Mbits/sec  0.202 ms  914/4530 (20%)  
[  5] 219.00-220.00 sec   341 KBytes  2.80 Mbits/sec  0.226 ms  950/4446 (21%)  
[  5] 220.00-221.00 sec   295 KBytes  2.42 Mbits/sec  0.226 ms  696/3718 (19%)  
[  5] 221.00-222.00 sec   349 KBytes  2.86 Mbits/sec  0.518 ms  1393/4971 (28%)  
[  5] 222.00-223.00 sec   362 KBytes  2.97 Mbits/sec  0.211 ms  1164/4874 (24%)  
[  5] 223.00-224.00 sec   346 KBytes  2.83 Mbits/sec  0.219 ms  1471/5013 (29%)  
[  5] 224.00-225.00 sec   358 KBytes  2.93 Mbits/sec  0.425 ms  1150/4813 (24%)  
[  5] 225.00-226.00 sec   362 KBytes  2.97 Mbits/sec  0.238 ms  890/4598 (19%)  
[  5] 226.00-227.00 sec   362 KBytes  2.97 Mbits/sec  0.213 ms  800/4509 (18%)  
[  5] 227.00-228.00 sec   362 KBytes  2.97 Mbits/sec  0.220 ms  732/4440 (16%)  
[  5] 228.00-229.00 sec   371 KBytes  3.04 Mbits/sec  0.217 ms  822/4622 (18%)  
[  5] 229.00-230.00 sec   306 KBytes  2.51 Mbits/sec  0.216 ms  792/3926 (20%)  
[  5] 230.00-231.00 sec   365 KBytes  2.99 Mbits/sec  0.240 ms  970/4703 (21%)  
[  5] 231.00-232.00 sec   324 KBytes  2.66 Mbits/sec  0.238 ms  1275/4594 (28%)  
[  5] 232.00-233.00 sec   349 KBytes  2.86 Mbits/sec  0.217 ms  1001/4574 (22%)  
[  5] 233.00-234.00 sec   362 KBytes  2.97 Mbits/sec  0.284 ms  733/4441 (17%)  
[  5] 234.00-235.00 sec   367 KBytes  3.01 Mbits/sec  0.219 ms  770/4528 (17%)  
[  5] 235.00-236.00 sec   317 KBytes  2.60 Mbits/sec  0.214 ms  612/3858 (16%)  
[  5] 236.00-237.00 sec   344 KBytes  2.82 Mbits/sec  0.205 ms  946/4469 (21%)  
[  5] 237.00-238.00 sec   367 KBytes  3.00 Mbits/sec  0.208 ms  876/4630 (19%)  
[  5] 238.00-239.00 sec   361 KBytes  2.96 Mbits/sec  0.218 ms  1076/4777 (23%)  
[  5] 239.00-240.00 sec   364 KBytes  2.98 Mbits/sec  0.217 ms  1150/4874 (24%)  
[  5] 240.00-241.00 sec   344 KBytes  2.81 Mbits/sec  0.214 ms  1129/4647 (24%)  
[  5] 241.00-242.00 sec   362 KBytes  2.96 Mbits/sec  0.217 ms  919/4623 (20%)  
[  5] 242.00-243.00 sec   324 KBytes  2.66 Mbits/sec  0.198 ms  957/4279 (22%)  
[  5] 243.00-244.00 sec   353 KBytes  2.89 Mbits/sec  0.215 ms  845/4462 (19%)  
[  5] 244.00-245.00 sec   371 KBytes  3.04 Mbits/sec  0.220 ms  768/4567 (17%)  
[  5] 245.00-246.00 sec   342 KBytes  2.80 Mbits/sec  0.194 ms  995/4501 (22%)  
[  5] 246.00-247.00 sec   298 KBytes  2.44 Mbits/sec  0.358 ms  915/3969 (23%)  
[  5] 247.00-248.00 sec   358 KBytes  2.93 Mbits/sec  0.214 ms  1040/4701 (22%)  
[  5] 248.00-249.00 sec   358 KBytes  2.93 Mbits/sec  0.215 ms  967/4630 (21%)  
[  5] 249.00-250.00 sec   362 KBytes  2.97 Mbits/sec  0.222 ms  765/4473 (17%)  
[  5] 250.00-251.00 sec   358 KBytes  2.93 Mbits/sec  0.300 ms  916/4580 (20%)  
[  5] 251.00-252.00 sec   345 KBytes  2.82 Mbits/sec  0.211 ms  970/4499 (22%)  
[  5] 252.00-253.00 sec   361 KBytes  2.95 Mbits/sec  0.217 ms  843/4538 (19%)  
[  5] 253.00-254.00 sec   354 KBytes  2.90 Mbits/sec  0.210 ms  1000/4629 (22%)  
[  5] 254.00-255.00 sec   315 KBytes  2.58 Mbits/sec  0.214 ms  764/3989 (19%)  
[  5] 255.00-256.00 sec   366 KBytes  3.00 Mbits/sec  0.221 ms  938/4687 (20%)  
[  5] 256.00-257.00 sec   320 KBytes  2.62 Mbits/sec  0.216 ms  1374/4648 (30%)  
[  5] 257.00-258.00 sec   348 KBytes  2.85 Mbits/sec  0.218 ms  1083/4651 (23%)  
[  5] 258.00-259.00 sec   348 KBytes  2.85 Mbits/sec  0.219 ms  809/4376 (18%)  
[  5] 259.00-260.00 sec   349 KBytes  2.86 Mbits/sec  0.215 ms  772/4343 (18%)  
[  5] 260.00-261.00 sec   362 KBytes  2.97 Mbits/sec  0.236 ms  664/4372 (15%)  
[  5] 261.00-262.00 sec   310 KBytes  2.54 Mbits/sec  0.225 ms  692/3863 (18%)  
[  5] 262.00-263.00 sec   370 KBytes  3.03 Mbits/sec  0.201 ms  739/4529 (16%)  
[  5] 263.00-264.00 sec   366 KBytes  2.99 Mbits/sec  0.213 ms  1015/4758 (21%)  
[  5] 264.00-265.00 sec   365 KBytes  2.99 Mbits/sec  0.217 ms  1039/4774 (22%)  
[  5] 265.00-266.00 sec   339 KBytes  2.78 Mbits/sec  0.217 ms  1144/4617 (25%)  
[  5] 266.00-267.00 sec   323 KBytes  2.64 Mbits/sec  1.185 ms  1181/4486 (26%)  
[  5] 267.00-268.00 sec   351 KBytes  2.87 Mbits/sec  0.244 ms  897/4488 (20%)  
[  5] 268.00-269.00 sec   323 KBytes  2.65 Mbits/sec  0.224 ms  1112/4421 (25%)  
[  5] 269.00-270.00 sec   326 KBytes  2.67 Mbits/sec  0.215 ms  801/4139 (19%)  
[  5] 270.00-271.00 sec   357 KBytes  2.92 Mbits/sec  0.266 ms  827/4480 (18%)  
[  5] 271.00-272.00 sec   360 KBytes  2.95 Mbits/sec  0.266 ms  993/4675 (21%)  
[  5] 272.00-273.00 sec   365 KBytes  2.99 Mbits/sec  0.212 ms  832/4569 (18%)  
[  5] 273.00-274.00 sec   348 KBytes  2.85 Mbits/sec  0.231 ms  794/4360 (18%)  
[  5] 274.00-275.00 sec   349 KBytes  2.86 Mbits/sec  0.214 ms  1246/4817 (26%)  
[  5] 275.00-276.00 sec   299 KBytes  2.45 Mbits/sec  0.215 ms  669/3727 (18%)  
[  5] 276.00-277.00 sec   362 KBytes  2.97 Mbits/sec  0.204 ms  787/4495 (18%)  
[  5] 277.00-278.00 sec   317 KBytes  2.60 Mbits/sec  0.217 ms  715/3961 (18%)  
[  5] 278.00-279.00 sec   369 KBytes  3.02 Mbits/sec  0.218 ms  754/4531 (17%)  
[  5] 279.00-280.00 sec   349 KBytes  2.85 Mbits/sec  0.290 ms  1084/4653 (23%)  
[  5] 280.00-281.00 sec   321 KBytes  2.63 Mbits/sec  0.215 ms  908/4191 (22%)  
[  5] 281.00-282.00 sec   363 KBytes  2.98 Mbits/sec  0.216 ms  1028/4747 (22%)  
[  5] 282.00-283.00 sec   371 KBytes  3.04 Mbits/sec  0.211 ms  828/4628 (18%)  
[  5] 283.00-284.00 sec   307 KBytes  2.52 Mbits/sec  0.207 ms  729/3873 (19%)  
[  5] 284.00-285.00 sec   353 KBytes  2.89 Mbits/sec  0.205 ms  762/4378 (17%)  
[  5] 285.00-286.00 sec   341 KBytes  2.80 Mbits/sec  0.197 ms  1120/4610 (24%)  
[  5] 286.00-287.00 sec   371 KBytes  3.04 Mbits/sec  0.219 ms  837/4637 (18%)  
[  5] 287.00-288.00 sec   357 KBytes  2.92 Mbits/sec  0.216 ms  819/4475 (18%)  
[  5] 288.00-289.00 sec   353 KBytes  2.89 Mbits/sec  0.208 ms  1150/4769 (24%)  
[  5] 289.00-290.00 sec   336 KBytes  2.75 Mbits/sec  0.220 ms  1310/4749 (28%)  
[  5] 290.00-291.00 sec   341 KBytes  2.79 Mbits/sec  0.225 ms  997/4487 (22%)  
[  5] 291.00-292.00 sec   306 KBytes  2.51 Mbits/sec  0.219 ms  633/3768 (17%)  
[  5] 292.00-293.00 sec   344 KBytes  2.82 Mbits/sec  0.216 ms  838/4362 (19%)  
[  5] 293.00-294.00 sec   371 KBytes  3.04 Mbits/sec  0.217 ms  763/4563 (17%)  
[  5] 294.00-295.00 sec   315 KBytes  2.58 Mbits/sec  0.212 ms  1242/4469 (28%)  
[  5] 295.00-296.00 sec   353 KBytes  2.89 Mbits/sec  0.218 ms  923/4535 (20%)  
[  5] 296.00-297.00 sec   366 KBytes  3.00 Mbits/sec  0.197 ms  1494/5244 (28%)  
[  5] 297.00-298.00 sec   358 KBytes  2.93 Mbits/sec  0.217 ms  1290/4957 (26%)  
[  5] 298.00-299.00 sec   371 KBytes  3.04 Mbits/sec  0.220 ms  982/4782 (21%)  
[  5] 299.00-300.00 sec   353 KBytes  2.89 Mbits/sec  0.220 ms  882/4499 (20%)  
[  5] 300.00-301.00 sec   285 KBytes  2.33 Mbits/sec  0.217 ms  1006/3922 (26%)  
[  5] 301.00-302.00 sec   362 KBytes  2.97 Mbits/sec  0.211 ms  895/4603 (19%)  
[  5] 302.00-303.00 sec   362 KBytes  2.97 Mbits/sec  0.217 ms  904/4612 (20%)  
[  5] 303.00-304.00 sec   365 KBytes  2.99 Mbits/sec  0.212 ms  1029/4770 (22%)  
[  5] 304.00-305.00 sec   363 KBytes  2.97 Mbits/sec  0.217 ms  1168/4881 (24%)  
[  5] 305.00-306.00 sec   371 KBytes  3.04 Mbits/sec  0.219 ms  1053/4855 (22%)  
[  5] 306.00-307.00 sec   313 KBytes  2.57 Mbits/sec  0.230 ms  747/3955 (19%)  
[  5] 307.00-308.00 sec   352 KBytes  2.88 Mbits/sec  0.217 ms  880/4482 (20%)  
[  5] 308.00-309.00 sec   317 KBytes  2.59 Mbits/sec  0.217 ms  635/3876 (16%)  
[  5] 309.00-310.00 sec   358 KBytes  2.94 Mbits/sec  0.217 ms  959/4629 (21%)  
[  5] 310.00-311.00 sec   358 KBytes  2.93 Mbits/sec  0.215 ms  784/4453 (18%)  
[  5] 311.00-312.00 sec   356 KBytes  2.92 Mbits/sec  0.216 ms  1068/4715 (23%)  
[  5] 312.00-313.00 sec   313 KBytes  2.56 Mbits/sec  0.215 ms  931/4135 (23%)  
[  5] 313.00-314.00 sec   356 KBytes  2.91 Mbits/sec  0.213 ms  1169/4814 (24%)  
[  5] 314.00-315.00 sec   326 KBytes  2.67 Mbits/sec  0.218 ms  738/4075 (18%)  
[  5] 315.00-316.00 sec   317 KBytes  2.60 Mbits/sec  0.209 ms  691/3937 (18%)  
[  5] 316.00-317.00 sec   291 KBytes  2.39 Mbits/sec  0.220 ms  854/3834 (22%)  
[  5] 317.00-318.00 sec   283 KBytes  2.32 Mbits/sec  0.209 ms  909/3804 (24%)  
[  5] 318.00-319.00 sec   364 KBytes  2.98 Mbits/sec  0.213 ms  801/4528 (18%)  
[  5] 319.00-320.00 sec   313 KBytes  2.57 Mbits/sec  0.212 ms  729/3933 (19%)  
[  5] 320.00-321.00 sec   301 KBytes  2.47 Mbits/sec  0.224 ms  992/4074 (24%)  
[  5] 321.00-322.00 sec   299 KBytes  2.45 Mbits/sec  0.211 ms  1111/4176 (27%)  
[  5] 322.00-323.00 sec   321 KBytes  2.63 Mbits/sec  0.221 ms  880/4172 (21%)  
[  5] 323.00-324.00 sec   361 KBytes  2.96 Mbits/sec  0.211 ms  812/4512 (18%)  
[  5] 324.00-325.00 sec   306 KBytes  2.51 Mbits/sec  0.247 ms  594/3731 (16%)  
[  5] 325.00-326.00 sec   297 KBytes  2.43 Mbits/sec  0.211 ms  960/3997 (24%)  
[  5] 326.00-327.00 sec   349 KBytes  2.85 Mbits/sec  0.202 ms  1021/4590 (22%)  
[  5] 327.00-328.00 sec   320 KBytes  2.62 Mbits/sec  0.238 ms  987/4261 (23%)  
[  5] 328.00-329.00 sec   355 KBytes  2.91 Mbits/sec  0.216 ms  989/4625 (21%)  
[  5] 329.00-330.00 sec   368 KBytes  3.01 Mbits/sec  0.261 ms  1115/4880 (23%)  
[  5] 330.00-331.00 sec   321 KBytes  2.63 Mbits/sec  0.217 ms  949/4234 (22%)  
[  5] 331.00-332.00 sec   367 KBytes  3.01 Mbits/sec  0.226 ms  1039/4797 (22%)  
[  5] 332.00-333.00 sec   312 KBytes  2.55 Mbits/sec  0.220 ms  756/3950 (19%)  
[  5] 333.00-334.00 sec   362 KBytes  2.97 Mbits/sec  0.217 ms  781/4489 (17%)  
[  5] 334.00-335.00 sec   335 KBytes  2.74 Mbits/sec  0.244 ms  766/4195 (18%)  
[  5] 335.00-336.00 sec   339 KBytes  2.78 Mbits/sec  0.212 ms  1127/4598 (25%)  
[  5] 336.00-337.00 sec   314 KBytes  2.57 Mbits/sec  0.226 ms  1133/4344 (26%)  
[  5] 337.00-338.00 sec   318 KBytes  2.61 Mbits/sec  0.217 ms  1183/4442 (27%)  
[  5] 338.00-339.00 sec   308 KBytes  2.52 Mbits/sec  0.651 ms  1926/5080 (38%)  
[  5] 339.00-340.00 sec   332 KBytes  2.72 Mbits/sec  0.178 ms  1437/4835 (30%)  
[  5] 340.00-341.00 sec   302 KBytes  2.48 Mbits/sec  0.234 ms  1044/4139 (25%)  
[  5] 341.00-342.00 sec   352 KBytes  2.88 Mbits/sec  0.222 ms  1333/4939 (27%)  
[  5] 342.00-343.00 sec   302 KBytes  2.48 Mbits/sec  0.214 ms  1369/4463 (31%)  
[  5] 343.00-344.00 sec   297 KBytes  2.43 Mbits/sec  0.222 ms  1339/4379 (31%)  
[  5] 344.00-345.00 sec   291 KBytes  2.39 Mbits/sec  0.217 ms  1182/4164 (28%)  
[  5] 345.00-346.00 sec   323 KBytes  2.65 Mbits/sec  0.214 ms  1049/4357 (24%)  
[  5] 346.00-347.00 sec   344 KBytes  2.82 Mbits/sec  0.283 ms  1541/5068 (30%)  
[  5] 347.00-348.00 sec   315 KBytes  2.58 Mbits/sec  0.220 ms  1075/4303 (25%)  
[  5] 348.00-349.00 sec   274 KBytes  2.25 Mbits/sec  0.218 ms  1316/4123 (32%)  
[  5] 349.00-350.00 sec   298 KBytes  2.44 Mbits/sec  0.186 ms  1041/4097 (25%)  
[  5] 350.00-351.00 sec   326 KBytes  2.67 Mbits/sec  0.210 ms  857/4194 (20%)  
[  5] 351.00-352.00 sec   354 KBytes  2.90 Mbits/sec  0.218 ms  1005/4635 (22%)  
[  5] 352.00-353.00 sec   298 KBytes  2.44 Mbits/sec  1.398 ms  1012/4065 (25%)  
[  5] 353.00-354.00 sec   361 KBytes  2.96 Mbits/sec  0.164 ms  1128/4828 (23%)  
[  5] 354.00-355.00 sec   279 KBytes  2.29 Mbits/sec  0.231 ms  1007/3867 (26%)  
[  5] 355.00-356.00 sec   319 KBytes  2.61 Mbits/sec  0.236 ms  1279/4542 (28%)  
[  5] 356.00-357.00 sec   301 KBytes  2.45 Mbits/sec  0.220 ms  1157/4236 (27%)  
[  5] 357.00-358.00 sec   324 KBytes  2.67 Mbits/sec  0.219 ms  1431/4752 (30%)  
[  5] 358.00-359.00 sec   310 KBytes  2.54 Mbits/sec  0.220 ms  1164/4340 (27%)  
[  5] 359.00-360.00 sec   371 KBytes  3.04 Mbits/sec  0.216 ms  1204/5004 (24%)  
[  5] 360.00-361.00 sec   317 KBytes  2.60 Mbits/sec  0.220 ms  1097/4343 (25%)  
[  5] 361.00-362.00 sec   349 KBytes  2.86 Mbits/sec  0.218 ms  1337/4912 (27%)  
[  5] 362.00-363.00 sec   306 KBytes  2.51 Mbits/sec  0.210 ms  1346/4480 (30%)  
[  5] 363.00-364.00 sec   360 KBytes  2.95 Mbits/sec  0.210 ms  1365/5056 (27%)  
[  5] 364.00-365.00 sec   335 KBytes  2.74 Mbits/sec  0.217 ms  1342/4770 (28%)  
[  5] 365.00-366.00 sec   292 KBytes  2.39 Mbits/sec  0.214 ms  1192/4184 (28%)  
[  5] 366.00-367.00 sec   317 KBytes  2.59 Mbits/sec  0.304 ms  1302/4546 (29%)  
[  5] 367.00-368.00 sec   356 KBytes  2.92 Mbits/sec  0.233 ms  1420/5067 (28%)  
[  5] 368.00-369.00 sec   326 KBytes  2.67 Mbits/sec  0.205 ms  1052/4389 (24%)  
[  5] 369.00-370.00 sec   301 KBytes  2.47 Mbits/sec  0.218 ms  1141/4223 (27%)  
[  5] 370.00-371.00 sec   350 KBytes  2.86 Mbits/sec  0.127 ms  1497/5076 (29%)  
[  5] 371.00-372.00 sec   313 KBytes  2.56 Mbits/sec  0.221 ms  1228/4429 (28%)  
[  5] 372.00-373.00 sec   356 KBytes  2.92 Mbits/sec  0.217 ms  1427/5073 (28%)  
[  5] 373.00-374.00 sec   317 KBytes  2.59 Mbits/sec  0.220 ms  999/4241 (24%)  
[  5] 374.00-375.00 sec   322 KBytes  2.63 Mbits/sec  0.907 ms  1601/4896 (33%)  
[  5] 375.00-376.00 sec   312 KBytes  2.55 Mbits/sec  0.226 ms  918/4111 (22%)  
[  5] 376.00-377.00 sec   353 KBytes  2.89 Mbits/sec  0.218 ms  1352/4970 (27%)  
[  5] 377.00-378.00 sec   307 KBytes  2.52 Mbits/sec  0.476 ms  1239/4381 (28%)  
[  5] 378.00-379.00 sec   375 KBytes  3.07 Mbits/sec  0.219 ms  1286/5127 (25%)  
[  5] 379.00-380.00 sec   314 KBytes  2.57 Mbits/sec  0.071 ms  964/4176 (23%)  
[  5] 380.00-381.00 sec   367 KBytes  3.01 Mbits/sec  0.229 ms  1147/4904 (23%)  
[  5] 381.00-382.00 sec   283 KBytes  2.32 Mbits/sec  0.215 ms  1203/4100 (29%)  
[  5] 382.00-383.00 sec   249 KBytes  2.04 Mbits/sec  0.217 ms  917/3464 (26%)  
[  5] 383.00-384.00 sec   324 KBytes  2.65 Mbits/sec  0.211 ms  874/4190 (21%)  
[  5] 384.00-385.00 sec   316 KBytes  2.59 Mbits/sec  0.260 ms  897/4129 (22%)  
[  5] 385.00-386.00 sec   307 KBytes  2.51 Mbits/sec  0.203 ms  1010/4151 (24%)  
[  5] 386.00-387.00 sec   369 KBytes  3.02 Mbits/sec  0.209 ms  1034/4808 (22%)  
[  5] 387.00-388.00 sec   322 KBytes  2.64 Mbits/sec  0.164 ms  966/4265 (23%)  
[  5] 388.00-389.00 sec   311 KBytes  2.54 Mbits/sec  0.211 ms  1174/4355 (27%)  
[  5] 389.00-390.00 sec   276 KBytes  2.26 Mbits/sec  0.217 ms  1389/4216 (33%)  
[  5] 390.00-391.00 sec   309 KBytes  2.53 Mbits/sec  0.219 ms  1380/4543 (30%)  
[  5] 391.00-392.00 sec   323 KBytes  2.65 Mbits/sec  0.205 ms  1364/4675 (29%)  
[  5] 392.00-393.00 sec   339 KBytes  2.78 Mbits/sec  0.269 ms  1203/4677 (26%)  
[  5] 393.00-394.00 sec   309 KBytes  2.53 Mbits/sec  0.221 ms  1200/4363 (28%)  
[  5] 394.00-395.00 sec   325 KBytes  2.66 Mbits/sec  0.198 ms  949/4274 (22%)  
[  5] 395.00-396.00 sec   358 KBytes  2.93 Mbits/sec  0.206 ms  1213/4879 (25%)  
[  5] 396.00-397.00 sec   291 KBytes  2.39 Mbits/sec  0.219 ms  1264/4247 (30%)  
[  5] 397.00-398.00 sec   313 KBytes  2.57 Mbits/sec  0.227 ms  1018/4226 (24%)  
[  5] 398.00-399.00 sec   295 KBytes  2.42 Mbits/sec  0.211 ms  933/3954 (24%)  
[  5] 399.00-400.00 sec   315 KBytes  2.58 Mbits/sec  0.220 ms  1167/4388 (27%)  
