Connecting to host 172.22.0.50, port 5201
Reverse mode, remote host 172.22.0.50 is sending
[  5] local 192.168.100.2 port 54835 connected to 172.22.0.50 port 5201
[ ID] Interval           Transfer     Bitrate         Jitter    Lost/Total Datagrams
[  5]   0.00-1.00   sec  1.43 MBytes  12.0 Mbits/sec  0.897 ms  0/1252 (0%)  
[  5]   1.00-2.00   sec  1.42 MBytes  11.9 Mbits/sec  0.900 ms  0/1245 (0%)  
[  5]   2.00-3.00   sec  1.43 MBytes  12.0 Mbits/sec  1.008 ms  0/1253 (0%)  
[  5]   3.00-4.00   sec  1.43 MBytes  12.0 Mbits/sec  1.178 ms  0/1249 (0%)  
[  5]   4.00-5.00   sec  1.43 MBytes  12.0 Mbits/sec  0.959 ms  0/1252 (0%)  
[  5]   5.00-6.00   sec  1.43 MBytes  12.0 Mbits/sec  1.008 ms  0/1251 (0%)  
[  5]   6.00-7.00   sec  1.43 MBytes  12.0 Mbits/sec  0.935 ms  0/1252 (0%)  
[  5]   7.00-8.00   sec  1.43 MBytes  12.0 Mbits/sec  0.913 ms  0/1248 (0%)  
[  5]   8.00-9.00   sec  1.42 MBytes  11.9 Mbits/sec  1.117 ms  0/1240 (0%)  
[  5]   9.00-10.00  sec  1.44 MBytes  12.0 Mbits/sec  1.024 ms  0/1256 (0%)  
[  5]  10.00-11.00  sec  1016 KBytes  8.33 Mbits/sec  2.085 ms  0/867 (0%)  
[  5]  11.00-12.00  sec   405 KBytes  3.32 Mbits/sec  2.020 ms  0/346 (0%)  
[  5]  12.00-13.00  sec   398 KBytes  3.26 Mbits/sec  2.088 ms  0/340 (0%)  
[  5]  13.00-14.00  sec   403 KBytes  3.30 Mbits/sec  2.134 ms  0/344 (0%)  
[  5]  14.00-15.00  sec   412 KBytes  3.38 Mbits/sec  2.146 ms  0/352 (0%)  
[  5]  15.00-16.00  sec   407 KBytes  3.33 Mbits/sec  2.398 ms  0/347 (0%)  
[  5]  16.00-17.00  sec   407 KBytes  3.33 Mbits/sec  2.105 ms  0/347 (0%)  
[  5]  17.00-18.00  sec   409 KBytes  3.35 Mbits/sec  2.192 ms  0/349 (0%)  
[  5]  18.00-19.00  sec   412 KBytes  3.38 Mbits/sec  2.089 ms  0/352 (0%)  
[  5]  19.00-20.00  sec   409 KBytes  3.35 Mbits/sec  2.216 ms  0/349 (0%)  
[  5]  20.00-21.00  sec   397 KBytes  3.25 Mbits/sec  2.271 ms  0/339 (0%)  
[  5]  21.00-22.00  sec   402 KBytes  3.29 Mbits/sec  2.144 ms  0/343 (0%)  
[  5]  22.00-23.00  sec   408 KBytes  3.34 Mbits/sec  2.010 ms  0/348 (0%)  
[  5]  23.00-24.00  sec   417 KBytes  3.41 Mbits/sec  1.924 ms  0/356 (0%)  
[  5]  24.00-25.00  sec   410 KBytes  3.36 Mbits/sec  2.097 ms  0/350 (0%)  
[  5]  25.00-26.00  sec   404 KBytes  3.31 Mbits/sec  2.201 ms  0/345 (0%)  
[  5]  26.00-27.00  sec   409 KBytes  3.35 Mbits/sec  2.182 ms  0/349 (0%)  
[  5]  27.00-28.00  sec   405 KBytes  3.32 Mbits/sec  2.081 ms  0/346 (0%)  
[  5]  28.00-29.00  sec   395 KBytes  3.24 Mbits/sec  2.132 ms  0/337 (0%)  
[  5]  29.00-30.00  sec   402 KBytes  3.29 Mbits/sec  2.334 ms  0/343 (0%)  
[  5]  30.00-31.00  sec   407 KBytes  3.33 Mbits/sec  2.094 ms  0/347 (0%)  
[  5]  31.00-32.00  sec   411 KBytes  3.37 Mbits/sec  2.072 ms  0/351 (0%)  
[  5]  32.00-33.00  sec   415 KBytes  3.40 Mbits/sec  2.130 ms  0/354 (0%)  
[  5]  33.00-34.00  sec   416 KBytes  3.41 Mbits/sec  2.187 ms  0/355 (0%)  
[  5]  34.00-35.00  sec   416 KBytes  3.41 Mbits/sec  2.110 ms  0/355 (0%)  
[  5]  35.00-36.00  sec   412 KBytes  3.38 Mbits/sec  2.147 ms  0/352 (0%)  
[  5]  36.00-37.00  sec   400 KBytes  3.27 Mbits/sec  2.164 ms  0/341 (0%)  
[  5]  37.00-38.00  sec   400 KBytes  3.27 Mbits/sec  2.443 ms  0/341 (0%)  
[  5]  38.00-39.00  sec   407 KBytes  3.33 Mbits/sec  2.081 ms  0/347 (0%)  
[  5]  39.00-40.00  sec   411 KBytes  3.37 Mbits/sec  2.136 ms  0/351 (0%)  
[  5]  40.00-41.00  sec   405 KBytes  3.32 Mbits/sec  2.450 ms  0/346 (0%)  
[  5]  41.00-42.00  sec   407 KBytes  3.33 Mbits/sec  2.066 ms  0/347 (0%)  
[  5]  42.00-43.00  sec   381 KBytes  3.12 Mbits/sec  2.164 ms  0/325 (0%)  
[  5]  43.00-44.00  sec   355 KBytes  2.91 Mbits/sec  2.463 ms  813/1116 (73%)  
[  5]  44.00-45.00  sec   411 KBytes  3.37 Mbits/sec  2.427 ms  938/1289 (73%)  
[  5]  45.00-46.00  sec   412 KBytes  3.38 Mbits/sec  2.253 ms  921/1273 (72%)  
[  5]  46.00-47.00  sec   395 KBytes  3.23 Mbits/sec  2.235 ms  865/1202 (72%)  
[  5]  47.00-48.00  sec   412 KBytes  3.38 Mbits/sec  2.215 ms  888/1240 (72%)  
[  5]  48.00-49.00  sec   416 KBytes  3.41 Mbits/sec  2.106 ms  908/1263 (72%)  
[  5]  49.00-50.00  sec   391 KBytes  3.21 Mbits/sec  2.203 ms  872/1206 (72%)  
[  5]  50.00-51.00  sec   417 KBytes  3.42 Mbits/sec  2.066 ms  938/1294 (72%)  
[  5]  51.00-52.00  sec   390 KBytes  3.20 Mbits/sec  2.315 ms  880/1213 (73%)  
[  5]  52.00-53.00  sec   412 KBytes  3.38 Mbits/sec  2.119 ms  933/1285 (73%)  
[  5]  53.00-54.00  sec   397 KBytes  3.25 Mbits/sec  2.289 ms  898/1237 (73%)  
[  5]  54.00-55.00  sec   410 KBytes  3.36 Mbits/sec  2.527 ms  906/1256 (72%)  
[  5]  55.00-56.00  sec   417 KBytes  3.42 Mbits/sec  2.166 ms  914/1270 (72%)  
[  5]  56.00-57.00  sec   410 KBytes  3.36 Mbits/sec  2.170 ms  879/1229 (72%)  
[  5]  57.00-58.00  sec   397 KBytes  3.26 Mbits/sec  2.104 ms  852/1191 (72%)  
[  5]  58.00-59.00  sec   353 KBytes  2.89 Mbits/sec  2.377 ms  760/1061 (72%)  
[  5]  59.00-60.00  sec   415 KBytes  3.40 Mbits/sec  2.285 ms  920/1274 (72%)  
[  5]  60.00-61.00  sec   393 KBytes  3.22 Mbits/sec  2.362 ms  894/1229 (73%)  
[  5]  61.00-62.00  sec   416 KBytes  3.41 Mbits/sec  2.146 ms  949/1304 (73%)  
[  5]  62.00-63.00  sec   352 KBytes  2.88 Mbits/sec  2.051 ms  766/1066 (72%)  
[  5]  63.00-64.00  sec   412 KBytes  3.38 Mbits/sec  2.206 ms  899/1251 (72%)  
[  5]  64.00-65.00  sec   394 KBytes  3.23 Mbits/sec  2.356 ms  886/1222 (73%)  
[  5]  65.00-66.00  sec   414 KBytes  3.39 Mbits/sec  2.070 ms  915/1268 (72%)  
[  5]  66.00-67.00  sec   396 KBytes  3.24 Mbits/sec  2.399 ms  886/1224 (72%)  
[  5]  67.00-68.00  sec   411 KBytes  3.37 Mbits/sec  2.206 ms  895/1246 (72%)  
[  5]  68.00-69.00  sec   417 KBytes  3.42 Mbits/sec  2.154 ms  954/1310 (73%)  
[  5]  69.00-70.00  sec   390 KBytes  3.20 Mbits/sec  2.214 ms  907/1240 (73%)  
[  5]  70.00-71.00  sec   417 KBytes  3.42 Mbits/sec  2.105 ms  934/1290 (72%)  
[  5]  71.00-72.00  sec   391 KBytes  3.21 Mbits/sec  2.384 ms  862/1196 (72%)  
[  5]  72.00-73.00  sec   415 KBytes  3.40 Mbits/sec  2.147 ms  911/1265 (72%)  
[  5]  73.00-74.00  sec   414 KBytes  3.39 Mbits/sec  2.026 ms  904/1257 (72%)  
[  5]  74.00-75.00  sec   394 KBytes  3.23 Mbits/sec  2.335 ms  874/1210 (72%)  
[  5]  75.00-76.00  sec   412 KBytes  3.38 Mbits/sec  2.180 ms  906/1258 (72%)  
[  5]  76.00-77.00  sec   353 KBytes  2.89 Mbits/sec  2.273 ms  783/1084 (72%)  
[  5]  77.00-78.00  sec   415 KBytes  3.40 Mbits/sec  2.121 ms  930/1284 (72%)  
[  5]  78.00-79.00  sec   393 KBytes  3.22 Mbits/sec  2.260 ms  881/1216 (72%)  
[  5]  79.00-80.00  sec   416 KBytes  3.40 Mbits/sec  2.116 ms  948/1303 (73%)  
[  5]  80.00-81.00  sec   391 KBytes  3.21 Mbits/sec  2.368 ms  893/1227 (73%)  
[  5]  81.00-82.00  sec   412 KBytes  3.38 Mbits/sec  2.220 ms  945/1297 (73%)  
[  5]  82.00-83.00  sec   415 KBytes  3.40 Mbits/sec  2.106 ms  934/1288 (73%)  
[  5]  83.00-84.00  sec   393 KBytes  3.22 Mbits/sec  2.789 ms  894/1229 (73%)  
[  5]  84.00-85.00  sec   416 KBytes  3.41 Mbits/sec  2.203 ms  974/1329 (73%)  
[  5]  85.00-86.00  sec   391 KBytes  3.21 Mbits/sec  2.967 ms  909/1243 (73%)  
[  5]  86.00-87.00  sec   417 KBytes  3.41 Mbits/sec  2.214 ms  982/1338 (73%)  
[  5]  87.00-88.00  sec   411 KBytes  3.37 Mbits/sec  2.113 ms  951/1302 (73%)  
[  5]  88.00-89.00  sec   356 KBytes  2.92 Mbits/sec  2.115 ms  805/1109 (73%)  
[  5]  89.00-90.00  sec   393 KBytes  3.22 Mbits/sec  2.390 ms  900/1235 (73%)  
[  5]  90.00-91.00  sec   415 KBytes  3.40 Mbits/sec  2.122 ms  941/1295 (73%)  
[  5]  91.00-92.00  sec   393 KBytes  3.22 Mbits/sec  2.362 ms  839/1174 (71%)  
[  5]  92.00-93.00  sec   415 KBytes  3.40 Mbits/sec  2.184 ms  932/1286 (72%)  
[  5]  93.00-94.00  sec   352 KBytes  2.88 Mbits/sec  2.189 ms  798/1098 (73%)  
[  5]  94.00-95.00  sec   412 KBytes  3.38 Mbits/sec  2.277 ms  928/1280 (72%)  
[  5]  95.00-96.00  sec   396 KBytes  3.24 Mbits/sec  2.302 ms  878/1216 (72%)  
[  5]  96.00-97.00  sec   352 KBytes  2.88 Mbits/sec  2.420 ms  788/1088 (72%)  
[  5]  97.00-98.00  sec   417 KBytes  3.42 Mbits/sec  2.137 ms  924/1280 (72%)  
[  5]  98.00-99.00  sec   410 KBytes  3.36 Mbits/sec  2.206 ms  906/1256 (72%)  
[  5]  99.00-100.00 sec   397 KBytes  3.25 Mbits/sec  2.119 ms  943/1282 (74%)  
[  5] 100.00-101.00 sec   355 KBytes  2.91 Mbits/sec  2.118 ms  816/1119 (73%)  
[  5] 101.00-102.00 sec   412 KBytes  3.38 Mbits/sec  2.346 ms  945/1297 (73%)  
[  5] 102.00-103.00 sec   393 KBytes  3.22 Mbits/sec  2.319 ms  880/1215 (72%)  
[  5] 103.00-104.00 sec   414 KBytes  3.39 Mbits/sec  2.123 ms  906/1259 (72%)  
[  5] 104.00-105.00 sec   414 KBytes  3.39 Mbits/sec  1.996 ms  902/1255 (72%)  
[  5] 105.00-106.00 sec   395 KBytes  3.24 Mbits/sec  2.074 ms  871/1208 (72%)  
[  5] 106.00-107.00 sec   411 KBytes  3.37 Mbits/sec  2.190 ms  923/1274 (72%)  
[  5] 107.00-108.00 sec   393 KBytes  3.22 Mbits/sec  2.575 ms  879/1214 (72%)  
[  5] 108.00-109.00 sec   415 KBytes  3.40 Mbits/sec  2.032 ms  942/1296 (73%)  
[  5] 109.00-110.00 sec   356 KBytes  2.92 Mbits/sec  2.127 ms  831/1135 (73%)  
[  5] 110.00-111.00 sec   391 KBytes  3.21 Mbits/sec  2.551 ms  907/1241 (73%)  
[  5] 111.00-112.00 sec   415 KBytes  3.40 Mbits/sec  2.348 ms  968/1322 (73%)  
[  5] 112.00-113.00 sec   412 KBytes  3.38 Mbits/sec  2.095 ms  935/1287 (73%)  
[  5] 113.00-114.00 sec   395 KBytes  3.24 Mbits/sec  2.360 ms  896/1233 (73%)  
[  5] 114.00-115.00 sec   411 KBytes  3.37 Mbits/sec  2.277 ms  936/1287 (73%)  
[  5] 115.00-116.00 sec   411 KBytes  3.37 Mbits/sec  2.174 ms  959/1310 (73%)  
[  5] 116.00-117.00 sec   395 KBytes  3.24 Mbits/sec  2.404 ms  933/1270 (73%)  
[  5] 117.00-118.00 sec   412 KBytes  3.38 Mbits/sec  2.257 ms  957/1309 (73%)  
[  5] 118.00-119.00 sec   356 KBytes  2.92 Mbits/sec  2.207 ms  844/1148 (74%)  
[  5] 119.00-120.00 sec   395 KBytes  3.24 Mbits/sec  2.380 ms  930/1267 (73%)  
[  5] 120.00-121.00 sec   412 KBytes  3.38 Mbits/sec  2.269 ms  960/1312 (73%)  
[  5] 121.00-122.00 sec   409 KBytes  3.35 Mbits/sec  2.303 ms  964/1313 (73%)  
[  5] 122.00-123.00 sec   397 KBytes  3.26 Mbits/sec  2.297 ms  949/1288 (74%)  
[  5] 123.00-124.00 sec   472 KBytes  3.87 Mbits/sec  2.121 ms  1097/1500 (73%)  
[  5] 124.00-125.00 sec   395 KBytes  3.24 Mbits/sec  2.331 ms  917/1254 (73%)  
[  5] 125.00-126.00 sec   412 KBytes  3.38 Mbits/sec  2.120 ms  995/1347 (74%)  
[  5] 126.00-127.00 sec   355 KBytes  2.90 Mbits/sec  2.213 ms  817/1120 (73%)  
[  5] 127.00-128.00 sec   411 KBytes  3.37 Mbits/sec  2.168 ms  921/1272 (72%)  
[  5] 128.00-129.00 sec   393 KBytes  3.22 Mbits/sec  2.318 ms  858/1193 (72%)  
[  5] 129.00-130.00 sec   415 KBytes  3.40 Mbits/sec  2.358 ms  927/1281 (72%)  
[  5] 130.00-131.00 sec   412 KBytes  3.38 Mbits/sec  1.824 ms  925/1277 (72%)  
[  5] 131.00-132.00 sec   395 KBytes  3.24 Mbits/sec  2.075 ms  875/1212 (72%)  
[  5] 132.00-133.00 sec   411 KBytes  3.37 Mbits/sec  2.127 ms  921/1272 (72%)  
[  5] 133.00-134.00 sec   393 KBytes  3.22 Mbits/sec  2.355 ms  902/1237 (73%)  
[  5] 134.00-135.00 sec   354 KBytes  2.90 Mbits/sec  2.870 ms  832/1134 (73%)  
[  5] 135.00-136.00 sec   418 KBytes  3.43 Mbits/sec  2.188 ms  968/1325 (73%)  
[  5] 136.00-137.00 sec   391 KBytes  3.21 Mbits/sec  2.319 ms  897/1231 (73%)  
[  5] 137.00-138.00 sec   415 KBytes  3.40 Mbits/sec  2.351 ms  940/1294 (73%)  
[  5] 138.00-139.00 sec   414 KBytes  3.39 Mbits/sec  2.035 ms  919/1272 (72%)  
[  5] 139.00-140.00 sec   394 KBytes  3.23 Mbits/sec  2.297 ms  883/1219 (72%)  
[  5] 140.00-141.00 sec   412 KBytes  3.37 Mbits/sec  2.065 ms  924/1276 (72%)  
[  5] 141.00-142.00 sec   412 KBytes  3.39 Mbits/sec  2.100 ms  919/1271 (72%)  
[  5] 142.00-143.00 sec   396 KBytes  3.24 Mbits/sec  2.254 ms  910/1248 (73%)  
[  5] 143.00-144.00 sec   412 KBytes  3.38 Mbits/sec  2.032 ms  923/1275 (72%)  
[  5] 144.00-145.00 sec   395 KBytes  3.23 Mbits/sec  2.306 ms  876/1213 (72%)  
[  5] 145.00-146.00 sec   412 KBytes  3.38 Mbits/sec  2.086 ms  903/1255 (72%)  
[  5] 146.00-147.00 sec   412 KBytes  3.38 Mbits/sec  2.046 ms  912/1264 (72%)  
[  5] 147.00-148.00 sec   394 KBytes  3.23 Mbits/sec  2.326 ms  878/1214 (72%)  
[  5] 148.00-149.00 sec   414 KBytes  3.39 Mbits/sec  2.033 ms  900/1253 (72%)  
[  5] 149.00-150.00 sec   395 KBytes  3.24 Mbits/sec  2.380 ms  884/1221 (72%)  
[  5] 150.00-151.00 sec   373 KBytes  3.05 Mbits/sec  2.220 ms  895/1213 (74%)  
[  5] 151.00-152.00 sec   391 KBytes  3.21 Mbits/sec  2.252 ms  895/1229 (73%)  
[  5] 152.00-153.00 sec   416 KBytes  3.41 Mbits/sec  1.998 ms  949/1304 (73%)  
[  5] 153.00-154.00 sec   393 KBytes  3.22 Mbits/sec  2.342 ms  884/1219 (73%)  
[  5] 154.00-155.00 sec   416 KBytes  3.41 Mbits/sec  2.204 ms  942/1297 (73%)  
[  5] 155.00-156.00 sec   410 KBytes  3.36 Mbits/sec  2.195 ms  927/1277 (73%)  
[  5] 156.00-157.00 sec   397 KBytes  3.25 Mbits/sec  2.473 ms  881/1220 (72%)  
[  5] 157.00-158.00 sec   410 KBytes  3.36 Mbits/sec  2.405 ms  926/1276 (73%)  
[  5] 158.00-159.00 sec   357 KBytes  2.93 Mbits/sec  2.089 ms  816/1121 (73%)  
[  5] 159.00-160.00 sec   393 KBytes  3.22 Mbits/sec  2.387 ms  901/1236 (73%)  
[  5] 160.00-161.00 sec   415 KBytes  3.40 Mbits/sec  2.174 ms  924/1278 (72%)  
[  5] 161.00-162.00 sec   412 KBytes  3.38 Mbits/sec  2.108 ms  916/1268 (72%)  
[  5] 162.00-163.00 sec   396 KBytes  3.24 Mbits/sec  2.319 ms  863/1201 (72%)  
[  5] 163.00-164.00 sec   411 KBytes  3.37 Mbits/sec  2.086 ms  914/1265 (72%)  
[  5] 164.00-165.00 sec   412 KBytes  3.38 Mbits/sec  2.269 ms  949/1301 (73%)  
[  5] 165.00-166.00 sec   395 KBytes  3.24 Mbits/sec  2.374 ms  920/1257 (73%)  
[  5] 166.00-167.00 sec   412 KBytes  3.38 Mbits/sec  2.102 ms  955/1307 (73%)  
[  5] 167.00-168.00 sec   396 KBytes  3.24 Mbits/sec  2.336 ms  906/1244 (73%)  
[  5] 168.00-169.00 sec   411 KBytes  3.37 Mbits/sec  2.093 ms  908/1259 (72%)  
[  5] 169.00-170.00 sec   412 KBytes  3.38 Mbits/sec  2.292 ms  917/1269 (72%)  
[  5] 170.00-171.00 sec   355 KBytes  2.91 Mbits/sec  7.669 ms  839/1142 (73%)  
[  5] 171.00-172.00 sec   396 KBytes  3.25 Mbits/sec  2.431 ms  852/1190 (72%)  
[  5] 172.00-173.00 sec   412 KBytes  3.38 Mbits/sec  2.082 ms  908/1260 (72%)  
[  5] 173.00-174.00 sec   395 KBytes  3.23 Mbits/sec  2.319 ms  891/1228 (73%)  
[  5] 174.00-175.00 sec   414 KBytes  3.39 Mbits/sec  2.039 ms  948/1301 (73%)  
[  5] 175.00-176.00 sec   395 KBytes  3.23 Mbits/sec  2.473 ms  898/1235 (73%)  
[  5] 176.00-177.00 sec   411 KBytes  3.37 Mbits/sec  2.321 ms  914/1265 (72%)  
[  5] 177.00-178.00 sec   412 KBytes  3.38 Mbits/sec  2.110 ms  907/1259 (72%)  
[  5] 178.00-179.00 sec   395 KBytes  3.23 Mbits/sec  2.349 ms  879/1216 (72%)  
[  5] 179.00-180.00 sec   412 KBytes  3.38 Mbits/sec  2.371 ms  954/1306 (73%)  
[  5] 180.00-181.00 sec   416 KBytes  3.41 Mbits/sec  2.229 ms  963/1318 (73%)  
[  5] 181.00-182.00 sec   391 KBytes  3.21 Mbits/sec  2.366 ms  917/1251 (73%)  
[  5] 182.00-183.00 sec   412 KBytes  3.38 Mbits/sec  2.076 ms  969/1321 (73%)  
[  5] 183.00-184.00 sec   415 KBytes  3.40 Mbits/sec  2.163 ms  992/1346 (74%)  
[  5] 184.00-185.00 sec   393 KBytes  3.22 Mbits/sec  2.170 ms  886/1221 (73%)  
[  5] 185.00-186.00 sec   356 KBytes  2.92 Mbits/sec  2.404 ms  800/1104 (72%)  
[  5] 186.00-187.00 sec   410 KBytes  3.36 Mbits/sec  2.174 ms  901/1251 (72%)  
[  5] 187.00-188.00 sec   398 KBytes  3.26 Mbits/sec  2.255 ms  873/1213 (72%)  
[  5] 188.00-189.00 sec   409 KBytes  3.35 Mbits/sec  2.145 ms  907/1256 (72%)  
[  5] 189.00-190.00 sec   417 KBytes  3.42 Mbits/sec  2.113 ms  922/1278 (72%)  
[  5] 190.00-191.00 sec   393 KBytes  3.21 Mbits/sec  2.452 ms  898/1233 (73%)  
[  5] 191.00-192.00 sec   416 KBytes  3.41 Mbits/sec  2.057 ms  947/1302 (73%)  
[  5] 192.00-193.00 sec   393 KBytes  3.21 Mbits/sec  2.309 ms  878/1213 (72%)  
[  5] 193.00-194.00 sec   415 KBytes  3.40 Mbits/sec  2.220 ms  932/1286 (72%)  
[  5] 194.00-195.00 sec   412 KBytes  3.38 Mbits/sec  2.093 ms  940/1292 (73%)  
[  5] 195.00-196.00 sec   352 KBytes  2.88 Mbits/sec  2.151 ms  798/1098 (73%)  
[  5] 196.00-197.00 sec   395 KBytes  3.23 Mbits/sec  2.381 ms  888/1225 (72%)  
[  5] 197.00-198.00 sec   473 KBytes  3.88 Mbits/sec  2.002 ms  1049/1453 (72%)  
[  5] 198.00-199.00 sec   335 KBytes  2.75 Mbits/sec  2.472 ms  758/1044 (73%)  
[  5] 199.00-200.00 sec   411 KBytes  3.37 Mbits/sec  2.399 ms  949/1300 (73%)  
[  5] 200.00-201.00 sec   412 KBytes  3.38 Mbits/sec  2.246 ms  942/1294 (73%)  
[  5] 201.00-202.00 sec   396 KBytes  3.24 Mbits/sec  2.263 ms  875/1213 (72%)  
[  5] 202.00-203.00 sec   412 KBytes  3.38 Mbits/sec  2.318 ms  899/1251 (72%)  
[  5] 203.00-204.00 sec   356 KBytes  2.92 Mbits/sec  2.078 ms  782/1086 (72%)  
[  5] 204.00-205.00 sec   415 KBytes  3.40 Mbits/sec  2.192 ms  938/1292 (73%)  
[  5] 205.00-206.00 sec   393 KBytes  3.22 Mbits/sec  2.377 ms  865/1200 (72%)  
[  5] 206.00-207.00 sec   410 KBytes  3.36 Mbits/sec  2.238 ms  918/1268 (72%)  
[  5] 207.00-208.00 sec   418 KBytes  3.42 Mbits/sec  2.095 ms  960/1317 (73%)  
[  5] 208.00-209.00 sec   391 KBytes  3.20 Mbits/sec  2.394 ms  934/1268 (74%)  
[  5] 209.00-210.00 sec   415 KBytes  3.41 Mbits/sec  2.242 ms  973/1327 (73%)  
[  5] 210.00-211.00 sec   393 KBytes  3.21 Mbits/sec  2.519 ms  904/1239 (73%)  
[  5] 211.00-212.00 sec   415 KBytes  3.40 Mbits/sec  2.175 ms  937/1291 (73%)  
[  5] 212.00-213.00 sec   412 KBytes  3.38 Mbits/sec  2.117 ms  922/1274 (72%)  
[  5] 213.00-214.00 sec   352 KBytes  2.88 Mbits/sec  2.248 ms  781/1081 (72%)  
[  5] 214.00-215.00 sec   395 KBytes  3.24 Mbits/sec  2.437 ms  892/1229 (73%)  
[  5] 215.00-216.00 sec   357 KBytes  2.93 Mbits/sec  2.584 ms  800/1105 (72%)  
[  5] 216.00-217.00 sec   412 KBytes  3.38 Mbits/sec  2.094 ms  934/1286 (73%)  
[  5] 217.00-218.00 sec   395 KBytes  3.23 Mbits/sec  2.322 ms  891/1228 (73%)  
[  5] 218.00-219.00 sec   412 KBytes  3.38 Mbits/sec  2.125 ms  930/1282 (73%)  
[  5] 219.00-220.00 sec   355 KBytes  2.91 Mbits/sec  2.210 ms  800/1103 (73%)  
[  5] 220.00-221.00 sec   412 KBytes  3.38 Mbits/sec  2.089 ms  922/1274 (72%)  
[  5] 221.00-222.00 sec   393 KBytes  3.21 Mbits/sec  2.321 ms  859/1194 (72%)  
[  5] 222.00-223.00 sec   415 KBytes  3.40 Mbits/sec  2.022 ms  947/1301 (73%)  
[  5] 223.00-224.00 sec   393 KBytes  3.22 Mbits/sec  2.294 ms  914/1249 (73%)  
[  5] 224.00-225.00 sec   415 KBytes  3.40 Mbits/sec  2.159 ms  979/1333 (73%)  
[  5] 225.00-226.00 sec   412 KBytes  3.38 Mbits/sec  2.027 ms  937/1289 (73%)  
[  5] 226.00-227.00 sec   391 KBytes  3.20 Mbits/sec  2.742 ms  894/1228 (73%)  
[  5] 227.00-228.00 sec   416 KBytes  3.41 Mbits/sec  2.099 ms  946/1301 (73%)  
[  5] 228.00-229.00 sec   412 KBytes  3.38 Mbits/sec  2.138 ms  934/1286 (73%)  
[  5] 229.00-230.00 sec   396 KBytes  3.25 Mbits/sec  2.047 ms  898/1236 (73%)  
[  5] 230.00-231.00 sec   380 KBytes  3.11 Mbits/sec  3.742 ms  876/1200 (73%)  
[  5] 231.00-232.00 sec   389 KBytes  3.19 Mbits/sec  2.173 ms  841/1173 (72%)  
[  5] 232.00-233.00 sec   389 KBytes  3.19 Mbits/sec  2.836 ms  877/1209 (73%)  
[  5] 233.00-234.00 sec   418 KBytes  3.43 Mbits/sec  2.031 ms  933/1290 (72%)  
[  5] 234.00-235.00 sec   411 KBytes  3.37 Mbits/sec  2.147 ms  944/1295 (73%)  
[  5] 235.00-236.00 sec   395 KBytes  3.24 Mbits/sec  2.308 ms  880/1217 (72%)  
[  5] 236.00-237.00 sec   414 KBytes  3.39 Mbits/sec  2.144 ms  960/1313 (73%)  
[  5] 237.00-238.00 sec   395 KBytes  3.24 Mbits/sec  2.364 ms  936/1273 (74%)  
[  5] 238.00-239.00 sec   412 KBytes  3.38 Mbits/sec  2.090 ms  981/1333 (74%)  
[  5] 239.00-240.00 sec   411 KBytes  3.37 Mbits/sec  2.214 ms  984/1335 (74%)  
[  5] 240.00-241.00 sec   395 KBytes  3.24 Mbits/sec  2.453 ms  960/1297 (74%)  
[  5] 241.00-242.00 sec   353 KBytes  2.89 Mbits/sec  2.327 ms  831/1132 (73%)  
[  5] 242.00-243.00 sec   415 KBytes  3.40 Mbits/sec  2.162 ms  952/1306 (73%)  
[  5] 243.00-244.00 sec   411 KBytes  3.37 Mbits/sec  2.110 ms  938/1289 (73%)  
[  5] 244.00-245.00 sec   397 KBytes  3.25 Mbits/sec  2.383 ms  904/1243 (73%)  
[  5] 245.00-246.00 sec   410 KBytes  3.36 Mbits/sec  2.356 ms  931/1281 (73%)  
[  5] 246.00-247.00 sec   409 KBytes  3.35 Mbits/sec  2.280 ms  942/1292 (73%)  
[  5] 247.00-248.00 sec   360 KBytes  2.95 Mbits/sec  2.060 ms  805/1112 (72%)  
[  5] 248.00-249.00 sec   395 KBytes  3.24 Mbits/sec  2.349 ms  890/1227 (73%)  
[  5] 249.00-250.00 sec   414 KBytes  3.39 Mbits/sec  2.016 ms  931/1284 (73%)  
[  5] 250.00-251.00 sec   395 KBytes  3.24 Mbits/sec  2.360 ms  874/1211 (72%)  
[  5] 251.00-252.00 sec   412 KBytes  3.38 Mbits/sec  2.383 ms  910/1262 (72%)  
[  5] 252.00-253.00 sec   412 KBytes  3.38 Mbits/sec  1.963 ms  944/1296 (73%)  
[  5] 253.00-254.00 sec   394 KBytes  3.23 Mbits/sec  2.248 ms  900/1236 (73%)  
[  5] 254.00-255.00 sec   412 KBytes  3.38 Mbits/sec  2.327 ms  932/1284 (73%)  
[  5] 255.00-256.00 sec   416 KBytes  3.41 Mbits/sec  2.008 ms  943/1298 (73%)  
[  5] 256.00-257.00 sec   393 KBytes  3.22 Mbits/sec  2.273 ms  916/1251 (73%)  
[  5] 257.00-258.00 sec   412 KBytes  3.38 Mbits/sec  2.176 ms  949/1301 (73%)  
[  5] 258.00-259.00 sec   395 KBytes  3.23 Mbits/sec  2.275 ms  876/1213 (72%)  
[  5] 259.00-260.00 sec   373 KBytes  3.05 Mbits/sec  2.163 ms  830/1148 (72%)  
[  5] 260.00-261.00 sec   395 KBytes  3.23 Mbits/sec  2.120 ms  881/1218 (72%)  
[  5] 261.00-262.00 sec   411 KBytes  3.37 Mbits/sec  2.214 ms  917/1268 (72%)  
[  5] 262.00-263.00 sec   397 KBytes  3.25 Mbits/sec  2.368 ms  887/1226 (72%)  
[  5] 263.00-264.00 sec   410 KBytes  3.36 Mbits/sec  2.113 ms  914/1264 (72%)  
[  5] 264.00-265.00 sec   412 KBytes  3.38 Mbits/sec  2.308 ms  954/1306 (73%)  
[  5] 265.00-266.00 sec   397 KBytes  3.25 Mbits/sec  2.420 ms  929/1268 (73%)  
[  5] 266.00-267.00 sec   410 KBytes  3.36 Mbits/sec  2.318 ms  943/1293 (73%)  
[  5] 267.00-268.00 sec   397 KBytes  3.26 Mbits/sec  2.424 ms  898/1237 (73%)  
[  5] 268.00-269.00 sec   410 KBytes  3.36 Mbits/sec  2.232 ms  957/1307 (73%)  
[  5] 269.00-270.00 sec   418 KBytes  3.43 Mbits/sec  2.063 ms  945/1302 (73%)  
[  5] 270.00-271.00 sec   391 KBytes  3.21 Mbits/sec  2.440 ms  898/1232 (73%)  
[  5] 271.00-272.00 sec   355 KBytes  2.91 Mbits/sec  2.371 ms  805/1108 (73%)  
[  5] 272.00-273.00 sec   414 KBytes  3.39 Mbits/sec  2.138 ms  944/1297 (73%)  
[  5] 273.00-274.00 sec   355 KBytes  2.91 Mbits/sec  2.216 ms  807/1110 (73%)  
[  5] 274.00-275.00 sec   412 KBytes  3.38 Mbits/sec  2.025 ms  925/1277 (72%)  
[  5] 275.00-276.00 sec   391 KBytes  3.21 Mbits/sec  2.199 ms  870/1204 (72%)  
[  5] 276.00-277.00 sec   415 KBytes  3.40 Mbits/sec  2.118 ms  930/1284 (72%)  
[  5] 277.00-278.00 sec   393 KBytes  3.22 Mbits/sec  2.324 ms  853/1188 (72%)  
[  5] 278.00-279.00 sec   417 KBytes  3.42 Mbits/sec  2.082 ms  898/1254 (72%)  
[  5] 279.00-280.00 sec   410 KBytes  3.36 Mbits/sec  2.145 ms  906/1256 (72%)  
[  5] 280.00-281.00 sec   398 KBytes  3.27 Mbits/sec  2.168 ms  898/1238 (73%)  
[  5] 281.00-282.00 sec   349 KBytes  2.86 Mbits/sec  2.355 ms  849/1147 (74%)  
[  5] 282.00-283.00 sec   417 KBytes  3.42 Mbits/sec  2.181 ms  976/1332 (73%)  
[  5] 283.00-284.00 sec   393 KBytes  3.22 Mbits/sec  2.330 ms  899/1234 (73%)  
[  5] 284.00-285.00 sec   415 KBytes  3.40 Mbits/sec  2.231 ms  957/1311 (73%)  
[  5] 285.00-286.00 sec   414 KBytes  3.39 Mbits/sec  2.091 ms  938/1291 (73%)  
[  5] 286.00-287.00 sec   394 KBytes  3.23 Mbits/sec  2.459 ms  900/1236 (73%)  
[  5] 287.00-288.00 sec   412 KBytes  3.38 Mbits/sec  2.159 ms  915/1267 (72%)  
[  5] 288.00-289.00 sec   393 KBytes  3.22 Mbits/sec  2.547 ms  881/1216 (72%)  
[  5] 289.00-290.00 sec   416 KBytes  3.41 Mbits/sec  2.114 ms  948/1303 (73%)  
[  5] 290.00-291.00 sec   352 KBytes  2.88 Mbits/sec  2.479 ms  797/1097 (73%)  
[  5] 291.00-292.00 sec   416 KBytes  3.41 Mbits/sec  2.110 ms  929/1284 (72%)  
[  5] 292.00-293.00 sec   391 KBytes  3.21 Mbits/sec  2.305 ms  873/1207 (72%)  
[  5] 293.00-294.00 sec   412 KBytes  3.38 Mbits/sec  2.243 ms  928/1280 (72%)  
[  5] 294.00-295.00 sec   415 KBytes  3.40 Mbits/sec  2.101 ms  936/1290 (73%)  
[  5] 295.00-296.00 sec   393 KBytes  3.22 Mbits/sec  2.252 ms  888/1223 (73%)  
[  5] 296.00-297.00 sec   416 KBytes  3.41 Mbits/sec  2.276 ms  1010/1365 (74%)  
[  5] 297.00-298.00 sec   412 KBytes  3.38 Mbits/sec  2.111 ms  997/1349 (74%)  
[  5] 298.00-299.00 sec   391 KBytes  3.21 Mbits/sec  2.176 ms  932/1266 (74%)  
[  5] 299.00-300.00 sec   415 KBytes  3.40 Mbits/sec  2.121 ms  971/1325 (73%)  
[  5] 300.00-301.00 sec   393 KBytes  3.22 Mbits/sec  2.535 ms  890/1225 (73%)  
[  5] 301.00-302.00 sec   416 KBytes  3.41 Mbits/sec  2.244 ms  926/1281 (72%)  
[  5] 302.00-303.00 sec   356 KBytes  2.92 Mbits/sec  2.037 ms  787/1091 (72%)  
[  5] 303.00-304.00 sec   393 KBytes  3.22 Mbits/sec  2.354 ms  868/1203 (72%)  
[  5] 304.00-305.00 sec   415 KBytes  3.40 Mbits/sec  2.085 ms  955/1309 (73%)  
[  5] 305.00-306.00 sec   412 KBytes  3.38 Mbits/sec  2.109 ms  930/1282 (73%)  
[  5] 306.00-307.00 sec   353 KBytes  2.89 Mbits/sec  2.036 ms  791/1092 (72%)  
[  5] 307.00-308.00 sec   395 KBytes  3.24 Mbits/sec  2.464 ms  884/1221 (72%)  
[  5] 308.00-309.00 sec   412 KBytes  3.38 Mbits/sec  2.101 ms  902/1254 (72%)  
[  5] 309.00-310.00 sec   396 KBytes  3.24 Mbits/sec  2.319 ms  872/1210 (72%)  
[  5] 310.00-311.00 sec   370 KBytes  3.03 Mbits/sec  2.412 ms  856/1172 (73%)  
[  5] 311.00-312.00 sec   397 KBytes  3.25 Mbits/sec  2.458 ms  916/1255 (73%)  
[  5] 312.00-313.00 sec   355 KBytes  2.91 Mbits/sec  2.478 ms  822/1125 (73%)  
[  5] 313.00-314.00 sec   353 KBytes  2.89 Mbits/sec  2.413 ms  825/1126 (73%)  
[  5] 314.00-315.00 sec   352 KBytes  2.88 Mbits/sec  2.726 ms  825/1125 (73%)  
[  5] 315.00-316.00 sec   355 KBytes  2.91 Mbits/sec  3.024 ms  817/1120 (73%)  
[  5] 316.00-317.00 sec   357 KBytes  2.93 Mbits/sec  2.380 ms  796/1101 (72%)  
[  5] 317.00-318.00 sec   371 KBytes  3.05 Mbits/sec  2.125 ms  815/1132 (72%)  
[  5] 318.00-319.00 sec   395 KBytes  3.24 Mbits/sec  2.322 ms  878/1215 (72%)  
[  5] 319.00-320.00 sec   357 KBytes  2.93 Mbits/sec  2.388 ms  788/1093 (72%)  
[  5] 320.00-321.00 sec   411 KBytes  3.37 Mbits/sec  2.142 ms  924/1275 (72%)  
[  5] 321.00-322.00 sec   355 KBytes  2.91 Mbits/sec  2.195 ms  803/1106 (73%)  
[  5] 322.00-323.00 sec   393 KBytes  3.22 Mbits/sec  2.486 ms  895/1230 (73%)  
[  5] 323.00-324.00 sec   356 KBytes  2.92 Mbits/sec  2.396 ms  816/1120 (73%)  
[  5] 324.00-325.00 sec   411 KBytes  3.37 Mbits/sec  2.109 ms  907/1258 (72%)  
[  5] 325.00-326.00 sec   412 KBytes  3.38 Mbits/sec  2.197 ms  923/1275 (72%)  
[  5] 326.00-327.00 sec   355 KBytes  2.91 Mbits/sec  2.156 ms  809/1112 (73%)  
[  5] 327.00-328.00 sec   393 KBytes  3.22 Mbits/sec  2.446 ms  907/1242 (73%)  
[  5] 328.00-329.00 sec   416 KBytes  3.41 Mbits/sec  2.218 ms  975/1330 (73%)  
[  5] 329.00-330.00 sec   395 KBytes  3.23 Mbits/sec  2.422 ms  918/1255 (73%)  
[  5] 330.00-331.00 sec   373 KBytes  3.05 Mbits/sec  2.156 ms  889/1207 (74%)  
[  5] 331.00-332.00 sec   396 KBytes  3.25 Mbits/sec  2.230 ms  928/1266 (73%)  
[  5] 332.00-333.00 sec   352 KBytes  2.88 Mbits/sec  2.363 ms  827/1127 (73%)  
[  5] 333.00-334.00 sec   412 KBytes  3.38 Mbits/sec  2.376 ms  949/1301 (73%)  
[  5] 334.00-335.00 sec   354 KBytes  2.90 Mbits/sec  2.281 ms  815/1117 (73%)  
[  5] 335.00-336.00 sec   397 KBytes  3.25 Mbits/sec  2.410 ms  920/1259 (73%)  
[  5] 336.00-337.00 sec   373 KBytes  3.05 Mbits/sec  2.129 ms  929/1247 (74%)  
[  5] 337.00-338.00 sec   395 KBytes  3.24 Mbits/sec  2.442 ms  972/1309 (74%)  
[  5] 338.00-339.00 sec   353 KBytes  2.89 Mbits/sec  2.826 ms  900/1201 (75%)  
[  5] 339.00-340.00 sec   416 KBytes  3.41 Mbits/sec  2.293 ms  1138/1493 (76%)  
[  5] 340.00-341.00 sec   355 KBytes  2.91 Mbits/sec  2.383 ms  940/1243 (76%)  
[  5] 341.00-342.00 sec   393 KBytes  3.22 Mbits/sec  2.489 ms  1023/1358 (75%)  
[  5] 342.00-343.00 sec   355 KBytes  2.91 Mbits/sec  2.611 ms  948/1251 (76%)  
[  5] 343.00-344.00 sec   373 KBytes  3.05 Mbits/sec  2.161 ms  913/1231 (74%)  
[  5] 344.00-345.00 sec   352 KBytes  2.88 Mbits/sec  2.346 ms  866/1166 (74%)  
[  5] 345.00-346.00 sec   395 KBytes  3.24 Mbits/sec  2.419 ms  948/1285 (74%)  
[  5] 346.00-347.00 sec   357 KBytes  2.93 Mbits/sec  2.359 ms  870/1175 (74%)  
[  5] 347.00-348.00 sec   352 KBytes  2.88 Mbits/sec  2.595 ms  863/1163 (74%)  
[  5] 348.00-349.00 sec   354 KBytes  2.90 Mbits/sec  2.509 ms  872/1174 (74%)  
[  5] 349.00-350.00 sec   357 KBytes  2.93 Mbits/sec  2.451 ms  824/1129 (73%)  
[  5] 350.00-351.00 sec   412 KBytes  3.38 Mbits/sec  2.068 ms  968/1320 (73%)  
[  5] 351.00-352.00 sec   415 KBytes  3.40 Mbits/sec  2.162 ms  968/1322 (73%)  
[  5] 352.00-353.00 sec   353 KBytes  2.89 Mbits/sec  2.107 ms  807/1108 (73%)  
[  5] 353.00-354.01 sec   396 KBytes  3.22 Mbits/sec  2.489 ms  916/1254 (73%)  
[  5] 354.01-355.00 sec   350 KBytes  2.89 Mbits/sec  3.130 ms  829/1128 (73%)  
[  5] 355.00-356.00 sec   418 KBytes  3.43 Mbits/sec  2.092 ms  999/1356 (74%)  
[  5] 356.00-357.00 sec   349 KBytes  2.86 Mbits/sec  2.503 ms  840/1138 (74%)  
[  5] 357.00-358.00 sec   397 KBytes  3.25 Mbits/sec  2.440 ms  966/1305 (74%)  
[  5] 358.00-359.00 sec   373 KBytes  3.05 Mbits/sec  2.147 ms  889/1207 (74%)  
[  5] 359.00-360.00 sec   395 KBytes  3.23 Mbits/sec  2.471 ms  974/1311 (74%)  
[  5] 360.00-361.00 sec   412 KBytes  3.38 Mbits/sec  2.234 ms  1018/1370 (74%)  
[  5] 361.00-362.00 sec   355 KBytes  2.91 Mbits/sec  2.140 ms  850/1153 (74%)  
[  5] 362.00-363.00 sec   411 KBytes  3.36 Mbits/sec  2.697 ms  1024/1375 (74%)  
[  5] 363.00-364.00 sec   338 KBytes  2.77 Mbits/sec  2.256 ms  821/1109 (74%)  
[  5] 364.00-365.00 sec   355 KBytes  2.91 Mbits/sec  2.572 ms  857/1160 (74%)  
[  5] 365.00-366.00 sec   412 KBytes  3.38 Mbits/sec  2.412 ms  976/1328 (73%)  
[  5] 366.00-367.00 sec   352 KBytes  2.88 Mbits/sec  2.328 ms  821/1121 (73%)  
[  5] 367.00-368.00 sec   416 KBytes  3.41 Mbits/sec  2.215 ms  991/1346 (74%)  
[  5] 368.00-369.00 sec   352 KBytes  2.88 Mbits/sec  2.406 ms  930/1230 (76%)  
[  5] 369.00-370.00 sec   397 KBytes  3.25 Mbits/sec  2.439 ms  1064/1403 (76%)  
[  5] 370.00-371.00 sec   410 KBytes  3.36 Mbits/sec  2.394 ms  1045/1395 (75%)  
[  5] 371.00-372.00 sec   357 KBytes  2.93 Mbits/sec  2.538 ms  912/1217 (75%)  
[  5] 372.00-373.00 sec   415 KBytes  3.40 Mbits/sec  2.155 ms  1102/1456 (76%)  
[  5] 373.00-374.00 sec   393 KBytes  3.22 Mbits/sec  2.407 ms  1046/1381 (76%)  
[  5] 374.00-375.00 sec   352 KBytes  2.88 Mbits/sec  3.106 ms  856/1156 (74%)  
[  5] 375.00-376.00 sec   415 KBytes  3.40 Mbits/sec  2.215 ms  996/1350 (74%)  
[  5] 376.00-377.00 sec   412 KBytes  3.38 Mbits/sec  2.326 ms  972/1324 (73%)  
[  5] 377.00-378.00 sec   336 KBytes  2.76 Mbits/sec  2.470 ms  800/1087 (74%)  
[  5] 378.00-379.00 sec   375 KBytes  3.07 Mbits/sec  2.336 ms  899/1219 (74%)  
[  5] 379.00-380.00 sec   393 KBytes  3.22 Mbits/sec  2.556 ms  977/1312 (74%)  
[  5] 380.00-381.00 sec   355 KBytes  2.91 Mbits/sec  2.402 ms  894/1197 (75%)  
[  5] 381.00-382.00 sec   352 KBytes  2.88 Mbits/sec  2.626 ms  850/1150 (74%)  
[  5] 382.00-383.00 sec   357 KBytes  2.93 Mbits/sec  2.452 ms  855/1160 (74%)  
[  5] 383.00-384.00 sec   355 KBytes  2.91 Mbits/sec  2.606 ms  857/1160 (74%)  
[  5] 384.00-385.00 sec   411 KBytes  3.37 Mbits/sec  2.172 ms  973/1324 (73%)  
[  5] 385.00-386.00 sec   357 KBytes  2.93 Mbits/sec  2.175 ms  837/1142 (73%)  
[  5] 386.00-387.00 sec   350 KBytes  2.87 Mbits/sec  2.329 ms  821/1120 (73%)  
[  5] 387.00-388.00 sec   356 KBytes  2.92 Mbits/sec  2.608 ms  859/1163 (74%)  
[  5] 388.00-389.00 sec   353 KBytes  2.89 Mbits/sec  2.486 ms  893/1194 (75%)  
[  5] 389.00-390.00 sec   355 KBytes  2.91 Mbits/sec  2.352 ms  889/1192 (75%)  
[  5] 390.00-391.00 sec   357 KBytes  2.93 Mbits/sec  2.457 ms  885/1190 (74%)  
[  5] 391.00-392.00 sec   412 KBytes  3.38 Mbits/sec  2.121 ms  1021/1373 (74%)  
[  5] 392.00-393.00 sec   354 KBytes  2.90 Mbits/sec  2.208 ms  845/1147 (74%)  
[  5] 393.00-394.00 sec   353 KBytes  2.89 Mbits/sec  2.251 ms  846/1147 (74%)  
[  5] 394.00-395.00 sec   356 KBytes  2.92 Mbits/sec  2.276 ms  844/1148 (74%)  
[  5] 395.00-396.00 sec   355 KBytes  2.91 Mbits/sec  2.166 ms  836/1139 (73%)  
[  5] 396.00-397.00 sec   353 KBytes  2.89 Mbits/sec  2.610 ms  850/1151 (74%)  
[  5] 397.00-398.00 sec   356 KBytes  2.92 Mbits/sec  2.542 ms  854/1158 (74%)  
[  5] 398.00-399.00 sec   355 KBytes  2.91 Mbits/sec  2.554 ms  842/1145 (74%)  
[  5] 399.00-400.00 sec   353 KBytes  2.89 Mbits/sec  2.707 ms  831/1132 (73%)  
