Connecting to host 172.22.0.50, port 5201
Reverse mode, remote host 172.22.0.50 is sending
[  5] local 192.168.100.2 port 37355 connected to 172.22.0.50 port 5201
[ ID] Interval           Transfer     Bitrate         Jitter    Lost/Total Datagrams
[  5]   0.00-1.00   sec  1.43 MBytes  12.0 Mbits/sec  0.919 ms  0/1251 (0%)  
[  5]   1.00-2.00   sec  1.43 MBytes  12.0 Mbits/sec  1.132 ms  0/1248 (0%)  
[  5]   2.00-3.00   sec  1.43 MBytes  12.0 Mbits/sec  0.807 ms  0/1251 (0%)  
[  5]   3.00-4.00   sec  1.43 MBytes  12.0 Mbits/sec  0.908 ms  0/1252 (0%)  
[  5]   4.00-5.00   sec  1.43 MBytes  12.0 Mbits/sec  0.930 ms  0/1248 (0%)  
[  5]   5.00-6.00   sec  1.42 MBytes  11.9 Mbits/sec  1.295 ms  0/1243 (0%)  
[  5]   6.00-7.00   sec  1.44 MBytes  12.1 Mbits/sec  0.940 ms  0/1258 (0%)  
[  5]   7.00-8.00   sec  1.43 MBytes  12.0 Mbits/sec  0.796 ms  0/1251 (0%)  
[  5]   8.00-9.00   sec  1.43 MBytes  12.0 Mbits/sec  0.945 ms  0/1247 (0%)  
[  5]   9.00-10.00  sec  1.43 MBytes  12.0 Mbits/sec  0.975 ms  0/1249 (0%)  
[  5]  10.00-11.00  sec  1.24 MBytes  10.4 Mbits/sec  2.225 ms  0/1084 (0%)  
[  5]  11.00-12.00  sec   397 KBytes  3.25 Mbits/sec  2.384 ms  0/339 (0%)  
[  5]  12.00-13.00  sec   391 KBytes  3.21 Mbits/sec  2.404 ms  0/334 (0%)  
[  5]  13.00-14.00  sec   401 KBytes  3.29 Mbits/sec  2.089 ms  0/342 (0%)  
[  5]  14.00-15.00  sec   407 KBytes  3.33 Mbits/sec  2.077 ms  0/347 (0%)  
[  5]  15.00-16.00  sec   401 KBytes  3.28 Mbits/sec  2.280 ms  0/342 (0%)  
[  5]  16.00-17.00  sec   402 KBytes  3.29 Mbits/sec  2.175 ms  0/343 (0%)  
[  5]  17.00-18.00  sec   405 KBytes  3.32 Mbits/sec  2.165 ms  0/346 (0%)  
[  5]  18.00-19.00  sec   408 KBytes  3.34 Mbits/sec  2.128 ms  0/348 (0%)  
[  5]  19.00-20.00  sec   400 KBytes  3.27 Mbits/sec  2.345 ms  0/341 (0%)  
[  5]  20.00-21.00  sec   391 KBytes  3.21 Mbits/sec  2.182 ms  0/334 (0%)  
[  5]  21.00-22.00  sec   395 KBytes  3.23 Mbits/sec  2.254 ms  0/337 (0%)  
[  5]  22.00-23.00  sec   401 KBytes  3.28 Mbits/sec  2.011 ms  0/342 (0%)  
[  5]  23.00-24.00  sec   409 KBytes  3.35 Mbits/sec  2.142 ms  0/349 (0%)  
[  5]  24.00-25.00  sec   407 KBytes  3.33 Mbits/sec  2.061 ms  0/347 (0%)  
[  5]  25.00-26.00  sec   398 KBytes  3.26 Mbits/sec  2.176 ms  0/340 (0%)  
[  5]  26.00-27.00  sec   395 KBytes  3.24 Mbits/sec  2.224 ms  0/337 (0%)  
[  5]  27.00-28.00  sec   391 KBytes  3.21 Mbits/sec  2.391 ms  0/334 (0%)  
[  5]  28.00-29.00  sec   389 KBytes  3.19 Mbits/sec  2.216 ms  0/332 (0%)  
[  5]  29.00-30.00  sec   398 KBytes  3.26 Mbits/sec  2.422 ms  0/340 (0%)  
[  5]  30.00-31.00  sec   404 KBytes  3.32 Mbits/sec  2.341 ms  0/345 (0%)  
[  5]  31.00-32.00  sec   407 KBytes  3.33 Mbits/sec  2.108 ms  0/347 (0%)  
[  5]  32.00-33.00  sec   403 KBytes  3.30 Mbits/sec  2.150 ms  0/344 (0%)  
[  5]  33.00-34.00  sec   409 KBytes  3.35 Mbits/sec  2.115 ms  0/349 (0%)  
[  5]  34.00-35.00  sec   409 KBytes  3.35 Mbits/sec  2.040 ms  0/349 (0%)  
[  5]  35.00-36.00  sec   403 KBytes  3.30 Mbits/sec  2.347 ms  0/344 (0%)  
[  5]  36.00-37.00  sec   394 KBytes  3.22 Mbits/sec  2.300 ms  0/336 (0%)  
[  5]  37.00-38.00  sec   394 KBytes  3.23 Mbits/sec  2.420 ms  0/336 (0%)  
[  5]  38.00-39.00  sec   395 KBytes  3.23 Mbits/sec  2.502 ms  0/337 (0%)  
[  5]  39.00-40.00  sec   407 KBytes  3.33 Mbits/sec  2.282 ms  0/347 (0%)  
[  5]  40.00-41.00  sec   407 KBytes  3.33 Mbits/sec  2.124 ms  0/347 (0%)  
[  5]  41.00-42.00  sec   401 KBytes  3.28 Mbits/sec  2.154 ms  0/342 (0%)  
[  5]  42.00-43.00  sec   403 KBytes  3.30 Mbits/sec  2.155 ms  0/344 (0%)  
[  5]  43.00-44.00  sec   348 KBytes  2.85 Mbits/sec  2.387 ms  334/631 (53%)  
[  5]  44.00-45.00  sec   412 KBytes  3.38 Mbits/sec  2.173 ms  959/1311 (73%)  
[  5]  45.00-46.00  sec   397 KBytes  3.25 Mbits/sec  2.119 ms  917/1256 (73%)  
[  5]  46.00-47.00  sec   355 KBytes  2.91 Mbits/sec  2.082 ms  807/1110 (73%)  
[  5]  47.00-48.00  sec   394 KBytes  3.22 Mbits/sec  2.339 ms  865/1201 (72%)  
[  5]  48.00-49.00  sec   412 KBytes  3.38 Mbits/sec  2.079 ms  917/1269 (72%)  
[  5]  49.00-50.00  sec   452 KBytes  3.71 Mbits/sec  2.152 ms  1037/1423 (73%)  
[  5]  50.00-51.00  sec   355 KBytes  2.91 Mbits/sec  2.069 ms  818/1121 (73%)  
[  5]  51.00-52.00  sec   452 KBytes  3.71 Mbits/sec  2.152 ms  1067/1453 (73%)  
[  5]  52.00-53.00  sec   394 KBytes  3.23 Mbits/sec  2.510 ms  918/1254 (73%)  
[  5]  53.00-54.00  sec   412 KBytes  3.38 Mbits/sec  2.134 ms  937/1289 (73%)  
[  5]  54.00-55.00  sec   395 KBytes  3.24 Mbits/sec  2.302 ms  881/1218 (72%)  
[  5]  55.00-56.00  sec   353 KBytes  2.89 Mbits/sec  2.441 ms  787/1088 (72%)  
[  5]  56.00-57.00  sec   414 KBytes  3.39 Mbits/sec  2.097 ms  923/1276 (72%)  
[  5]  57.00-58.00  sec   393 KBytes  3.22 Mbits/sec  2.387 ms  869/1204 (72%)  
[  5]  58.00-59.00  sec   414 KBytes  3.39 Mbits/sec  2.051 ms  911/1264 (72%)  
[  5]  59.00-60.00  sec   394 KBytes  3.23 Mbits/sec  2.173 ms  889/1225 (73%)  
[  5]  60.00-61.00  sec   393 KBytes  3.22 Mbits/sec  2.432 ms  912/1247 (73%)  
[  5]  61.00-62.00  sec   414 KBytes  3.39 Mbits/sec  2.277 ms  961/1314 (73%)  
[  5]  62.00-63.00  sec   393 KBytes  3.22 Mbits/sec  2.392 ms  903/1238 (73%)  
[  5]  63.00-64.00  sec   415 KBytes  3.40 Mbits/sec  2.112 ms  922/1276 (72%)  
[  5]  64.00-65.00  sec   393 KBytes  3.22 Mbits/sec  2.362 ms  871/1206 (72%)  
[  5]  65.00-66.00  sec   412 KBytes  3.38 Mbits/sec  2.138 ms  933/1285 (73%)  
[  5]  66.00-67.00  sec   394 KBytes  3.22 Mbits/sec  2.404 ms  892/1228 (73%)  
[  5]  67.00-68.00  sec   414 KBytes  3.39 Mbits/sec  2.087 ms  915/1268 (72%)  
[  5]  68.00-69.00  sec   394 KBytes  3.23 Mbits/sec  2.369 ms  887/1223 (73%)  
[  5]  69.00-70.00  sec   412 KBytes  3.38 Mbits/sec  2.148 ms  934/1286 (73%)  
[  5]  70.00-71.00  sec   393 KBytes  3.22 Mbits/sec  2.413 ms  925/1260 (73%)  
[  5]  71.00-72.00  sec   415 KBytes  3.40 Mbits/sec  2.131 ms  928/1282 (72%)  
[  5]  72.00-73.00  sec   393 KBytes  3.22 Mbits/sec  2.384 ms  880/1215 (72%)  
[  5]  73.00-74.00  sec   414 KBytes  3.38 Mbits/sec  2.200 ms  931/1284 (73%)  
[  5]  74.00-75.00  sec   393 KBytes  3.22 Mbits/sec  2.290 ms  891/1226 (73%)  
[  5]  75.00-76.00  sec   395 KBytes  3.24 Mbits/sec  2.509 ms  866/1203 (72%)  
[  5]  76.00-77.00  sec   412 KBytes  3.38 Mbits/sec  2.197 ms  927/1279 (72%)  
[  5]  77.00-78.00  sec   353 KBytes  2.89 Mbits/sec  2.076 ms  789/1090 (72%)  
[  5]  78.00-79.00  sec   394 KBytes  3.23 Mbits/sec  2.817 ms  880/1216 (72%)  
[  5]  79.00-80.00  sec   415 KBytes  3.40 Mbits/sec  2.112 ms  953/1307 (73%)  
[  5]  80.00-81.00  sec   393 KBytes  3.22 Mbits/sec  2.398 ms  916/1251 (73%)  
[  5]  81.00-82.00  sec   452 KBytes  3.71 Mbits/sec  2.337 ms  1034/1420 (73%)  
[  5]  82.00-83.00  sec   412 KBytes  3.38 Mbits/sec  2.215 ms  956/1308 (73%)  
[  5]  83.00-84.00  sec   395 KBytes  3.24 Mbits/sec  2.369 ms  874/1211 (72%)  
[  5]  84.00-85.00  sec   354 KBytes  2.90 Mbits/sec  2.522 ms  801/1103 (73%)  
[  5]  85.00-86.00  sec   412 KBytes  3.38 Mbits/sec  2.251 ms  953/1305 (73%)  
[  5]  86.00-87.00  sec   339 KBytes  2.78 Mbits/sec  2.480 ms  773/1062 (73%)  
[  5]  87.00-88.00  sec   410 KBytes  3.36 Mbits/sec  2.354 ms  905/1255 (72%)  
[  5]  88.00-89.00  sec   412 KBytes  3.38 Mbits/sec  2.258 ms  934/1286 (73%)  
[  5]  89.00-90.00  sec   397 KBytes  3.25 Mbits/sec  2.208 ms  899/1238 (73%)  
[  5]  90.00-91.00  sec   394 KBytes  3.23 Mbits/sec  2.412 ms  890/1226 (73%)  
[  5]  91.00-92.00  sec   469 KBytes  3.84 Mbits/sec  2.071 ms  1023/1423 (72%)  
[  5]  92.00-93.00  sec   394 KBytes  3.23 Mbits/sec  2.354 ms  892/1228 (73%)  
[  5]  93.00-94.00  sec   357 KBytes  2.93 Mbits/sec  2.218 ms  839/1144 (73%)  
[  5]  94.00-95.00  sec   394 KBytes  3.23 Mbits/sec  2.425 ms  926/1262 (73%)  
[  5]  95.00-96.00  sec   409 KBytes  3.35 Mbits/sec  2.207 ms  921/1270 (73%)  
[  5]  96.00-97.00  sec   397 KBytes  3.25 Mbits/sec  2.344 ms  882/1221 (72%)  
[  5]  97.00-98.00  sec   414 KBytes  3.39 Mbits/sec  2.098 ms  925/1278 (72%)  
[  5]  98.00-99.00  sec   393 KBytes  3.22 Mbits/sec  2.401 ms  905/1240 (73%)  
[  5]  99.00-100.00 sec   353 KBytes  2.89 Mbits/sec  2.443 ms  793/1094 (72%)  
[  5] 100.00-101.00 sec   395 KBytes  3.23 Mbits/sec  2.487 ms  897/1234 (73%)  
[  5] 101.00-102.00 sec   412 KBytes  3.38 Mbits/sec  2.187 ms  948/1300 (73%)  
[  5] 102.00-103.00 sec   394 KBytes  3.23 Mbits/sec  2.437 ms  905/1241 (73%)  
[  5] 103.00-104.00 sec   412 KBytes  3.38 Mbits/sec  2.053 ms  926/1278 (72%)  
[  5] 104.00-105.00 sec   395 KBytes  3.24 Mbits/sec  2.350 ms  872/1209 (72%)  
[  5] 105.00-106.00 sec   412 KBytes  3.38 Mbits/sec  2.124 ms  914/1266 (72%)  
[  5] 106.00-107.00 sec   394 KBytes  3.23 Mbits/sec  2.339 ms  875/1211 (72%)  
[  5] 107.00-108.00 sec   412 KBytes  3.38 Mbits/sec  2.062 ms  936/1288 (73%)  
[  5] 108.00-109.00 sec   395 KBytes  3.24 Mbits/sec  2.321 ms  926/1263 (73%)  
[  5] 109.00-110.00 sec   412 KBytes  3.38 Mbits/sec  2.172 ms  992/1344 (74%)  
[  5] 110.00-111.00 sec   393 KBytes  3.22 Mbits/sec  2.473 ms  946/1281 (74%)  
[  5] 111.00-112.00 sec   414 KBytes  3.39 Mbits/sec  2.110 ms  948/1301 (73%)  
[  5] 112.00-113.00 sec   355 KBytes  2.91 Mbits/sec  2.127 ms  798/1101 (72%)  
[  5] 113.00-114.00 sec   393 KBytes  3.22 Mbits/sec  2.346 ms  884/1219 (73%)  
[  5] 114.00-115.00 sec   412 KBytes  3.38 Mbits/sec  2.277 ms  916/1268 (72%)  
[  5] 115.00-116.00 sec   393 KBytes  3.22 Mbits/sec  2.470 ms  864/1199 (72%)  
[  5] 116.00-117.00 sec   415 KBytes  3.40 Mbits/sec  2.173 ms  922/1276 (72%)  
[  5] 117.00-118.00 sec   354 KBytes  2.90 Mbits/sec  2.306 ms  863/1165 (74%)  
[  5] 118.00-119.00 sec   393 KBytes  3.22 Mbits/sec  2.267 ms  925/1260 (73%)  
[  5] 119.00-120.00 sec   398 KBytes  3.26 Mbits/sec  2.467 ms  900/1240 (73%)  
[  5] 120.00-121.00 sec   409 KBytes  3.35 Mbits/sec  2.227 ms  919/1268 (72%)  
[  5] 121.00-122.00 sec   397 KBytes  3.25 Mbits/sec  2.370 ms  911/1250 (73%)  
[  5] 122.00-123.00 sec   414 KBytes  3.39 Mbits/sec  2.048 ms  943/1296 (73%)  
[  5] 123.00-124.00 sec   393 KBytes  3.22 Mbits/sec  2.327 ms  924/1259 (73%)  
[  5] 124.00-125.00 sec   410 KBytes  3.36 Mbits/sec  2.056 ms  945/1295 (73%)  
[  5] 125.00-126.00 sec   397 KBytes  3.25 Mbits/sec  2.256 ms  937/1276 (73%)  
[  5] 126.00-127.00 sec   412 KBytes  3.38 Mbits/sec  2.212 ms  972/1324 (73%)  
[  5] 127.00-128.00 sec   394 KBytes  3.23 Mbits/sec  2.091 ms  900/1236 (73%)  
[  5] 128.00-129.00 sec   353 KBytes  2.89 Mbits/sec  2.181 ms  790/1091 (72%)  
[  5] 129.00-130.00 sec   395 KBytes  3.24 Mbits/sec  2.356 ms  875/1212 (72%)  
[  5] 130.00-131.00 sec   412 KBytes  3.38 Mbits/sec  2.111 ms  927/1279 (72%)  
[  5] 131.00-132.00 sec   393 KBytes  3.22 Mbits/sec  2.343 ms  872/1207 (72%)  
[  5] 132.00-133.00 sec   412 KBytes  3.38 Mbits/sec  2.207 ms  913/1265 (72%)  
[  5] 133.00-134.00 sec   395 KBytes  3.23 Mbits/sec  2.390 ms  889/1226 (73%)  
[  5] 134.00-135.00 sec   354 KBytes  2.90 Mbits/sec  2.376 ms  834/1136 (73%)  
[  5] 135.00-136.00 sec   412 KBytes  3.38 Mbits/sec  2.111 ms  953/1305 (73%)  
[  5] 136.00-137.00 sec   393 KBytes  3.22 Mbits/sec  2.535 ms  908/1243 (73%)  
[  5] 137.00-138.00 sec   415 KBytes  3.40 Mbits/sec  2.091 ms  958/1312 (73%)  
[  5] 138.00-139.00 sec   394 KBytes  3.23 Mbits/sec  2.401 ms  925/1261 (73%)  
[  5] 139.00-140.00 sec   412 KBytes  3.38 Mbits/sec  2.316 ms  958/1310 (73%)  
[  5] 140.00-141.00 sec   393 KBytes  3.22 Mbits/sec  2.431 ms  908/1243 (73%)  
[  5] 141.00-142.00 sec   415 KBytes  3.40 Mbits/sec  2.111 ms  947/1301 (73%)  
[  5] 142.00-143.00 sec   393 KBytes  3.22 Mbits/sec  2.335 ms  911/1246 (73%)  
[  5] 143.00-144.00 sec   414 KBytes  3.39 Mbits/sec  2.116 ms  962/1315 (73%)  
[  5] 144.00-145.00 sec   393 KBytes  3.22 Mbits/sec  2.366 ms  899/1234 (73%)  
[  5] 145.00-146.00 sec   355 KBytes  2.91 Mbits/sec  2.065 ms  782/1085 (72%)  
[  5] 146.00-147.00 sec   393 KBytes  3.22 Mbits/sec  2.394 ms  903/1238 (73%)  
[  5] 147.00-148.00 sec   418 KBytes  3.42 Mbits/sec  2.182 ms  937/1294 (72%)  
[  5] 148.00-149.00 sec   393 KBytes  3.22 Mbits/sec  2.312 ms  893/1228 (73%)  
[  5] 149.00-150.00 sec   410 KBytes  3.36 Mbits/sec  2.252 ms  918/1268 (72%)  
[  5] 150.00-151.00 sec   393 KBytes  3.21 Mbits/sec  2.330 ms  917/1252 (73%)  
[  5] 151.00-152.00 sec   417 KBytes  3.42 Mbits/sec  2.257 ms  972/1328 (73%)  
[  5] 152.00-153.00 sec   394 KBytes  3.22 Mbits/sec  2.134 ms  908/1244 (73%)  
[  5] 153.00-154.00 sec   394 KBytes  3.23 Mbits/sec  2.392 ms  903/1239 (73%)  
[  5] 154.00-155.00 sec   414 KBytes  3.39 Mbits/sec  2.170 ms  979/1332 (73%)  
[  5] 155.00-156.00 sec   393 KBytes  3.22 Mbits/sec  2.382 ms  902/1237 (73%)  
[  5] 156.00-157.00 sec   353 KBytes  2.89 Mbits/sec  2.453 ms  814/1115 (73%)  
[  5] 157.00-158.00 sec   414 KBytes  3.39 Mbits/sec  2.146 ms  955/1308 (73%)  
[  5] 158.00-159.00 sec   394 KBytes  3.23 Mbits/sec  2.477 ms  915/1251 (73%)  
[  5] 159.00-160.00 sec   354 KBytes  2.90 Mbits/sec  2.452 ms  814/1116 (73%)  
[  5] 160.00-161.00 sec   412 KBytes  3.38 Mbits/sec  2.106 ms  946/1298 (73%)  
[  5] 161.00-162.00 sec   393 KBytes  3.21 Mbits/sec  2.344 ms  880/1215 (72%)  
[  5] 162.00-163.00 sec   415 KBytes  3.40 Mbits/sec  2.077 ms  917/1271 (72%)  
[  5] 163.00-164.00 sec   394 KBytes  3.23 Mbits/sec  2.320 ms  900/1236 (73%)  
[  5] 164.00-165.00 sec   412 KBytes  3.38 Mbits/sec  2.232 ms  928/1280 (72%)  
[  5] 165.00-166.00 sec   393 KBytes  3.21 Mbits/sec  2.209 ms  886/1221 (73%)  
[  5] 166.00-167.00 sec   395 KBytes  3.24 Mbits/sec  2.550 ms  920/1257 (73%)  
[  5] 167.00-168.00 sec   412 KBytes  3.38 Mbits/sec  2.196 ms  972/1324 (73%)  
[  5] 168.00-169.00 sec   393 KBytes  3.22 Mbits/sec  2.328 ms  905/1240 (73%)  
[  5] 169.00-170.00 sec   412 KBytes  3.38 Mbits/sec  2.395 ms  957/1309 (73%)  
[  5] 170.00-171.00 sec   395 KBytes  3.24 Mbits/sec  2.479 ms  895/1232 (73%)  
[  5] 171.00-172.00 sec   354 KBytes  2.90 Mbits/sec  2.767 ms  811/1113 (73%)  
[  5] 172.00-173.00 sec   412 KBytes  3.38 Mbits/sec  2.265 ms  980/1332 (74%)  
[  5] 173.00-174.00 sec   398 KBytes  3.27 Mbits/sec  2.049 ms  903/1243 (73%)  
[  5] 174.00-175.00 sec   409 KBytes  3.35 Mbits/sec  2.388 ms  954/1303 (73%)  
[  5] 175.00-176.00 sec   394 KBytes  3.22 Mbits/sec  2.354 ms  912/1248 (73%)  
[  5] 176.00-177.00 sec   397 KBytes  3.25 Mbits/sec  2.598 ms  903/1242 (73%)  
[  5] 177.00-178.00 sec   412 KBytes  3.38 Mbits/sec  2.160 ms  926/1278 (72%)  
[  5] 178.00-179.00 sec   390 KBytes  3.20 Mbits/sec  2.524 ms  853/1186 (72%)  
[  5] 179.00-180.00 sec   418 KBytes  3.43 Mbits/sec  2.258 ms  942/1299 (73%)  
[  5] 180.00-181.00 sec   393 KBytes  3.22 Mbits/sec  2.413 ms  914/1249 (73%)  
[  5] 181.00-182.00 sec   412 KBytes  3.38 Mbits/sec  2.174 ms  958/1310 (73%)  
[  5] 182.00-183.00 sec   354 KBytes  2.90 Mbits/sec  2.208 ms  858/1160 (74%)  
[  5] 183.00-184.00 sec   394 KBytes  3.23 Mbits/sec  2.360 ms  942/1278 (74%)  
[  5] 184.00-185.00 sec   414 KBytes  3.39 Mbits/sec  2.224 ms  965/1318 (73%)  
[  5] 185.00-186.00 sec   393 KBytes  3.22 Mbits/sec  2.168 ms  911/1246 (73%)  
[  5] 186.00-187.00 sec   394 KBytes  3.23 Mbits/sec  2.327 ms  887/1223 (73%)  
[  5] 187.00-188.00 sec   354 KBytes  2.90 Mbits/sec  2.378 ms  804/1106 (73%)  
[  5] 188.00-189.00 sec   414 KBytes  3.39 Mbits/sec  2.118 ms  925/1278 (72%)  
[  5] 189.00-190.00 sec   393 KBytes  3.22 Mbits/sec  2.397 ms  883/1218 (72%)  
[  5] 190.00-191.00 sec   412 KBytes  3.38 Mbits/sec  2.193 ms  957/1309 (73%)  
[  5] 191.00-192.00 sec   395 KBytes  3.24 Mbits/sec  2.497 ms  916/1253 (73%)  
[  5] 192.00-193.00 sec   412 KBytes  3.38 Mbits/sec  2.171 ms  943/1295 (73%)  
[  5] 193.00-194.00 sec   393 KBytes  3.21 Mbits/sec  2.432 ms  881/1216 (72%)  
[  5] 194.00-195.00 sec   354 KBytes  2.90 Mbits/sec  2.384 ms  807/1109 (73%)  
[  5] 195.00-196.00 sec   414 KBytes  3.39 Mbits/sec  2.193 ms  966/1319 (73%)  
[  5] 196.00-197.00 sec   394 KBytes  3.22 Mbits/sec  2.448 ms  902/1238 (73%)  
[  5] 197.00-198.00 sec   407 KBytes  3.33 Mbits/sec  2.494 ms  928/1275 (73%)  
[  5] 198.00-199.00 sec   398 KBytes  3.27 Mbits/sec  2.304 ms  912/1252 (73%)  
[  5] 199.00-200.00 sec   355 KBytes  2.91 Mbits/sec  2.270 ms  829/1132 (73%)  
[  5] 200.00-201.00 sec   397 KBytes  3.25 Mbits/sec  2.382 ms  923/1262 (73%)  
[  5] 201.00-202.00 sec   414 KBytes  3.39 Mbits/sec  2.135 ms  943/1296 (73%)  
[  5] 202.00-203.00 sec   393 KBytes  3.21 Mbits/sec  2.347 ms  878/1213 (72%)  
[  5] 203.00-204.00 sec   415 KBytes  3.40 Mbits/sec  1.963 ms  932/1286 (72%)  
[  5] 204.00-205.00 sec   393 KBytes  3.22 Mbits/sec  2.408 ms  892/1227 (73%)  
[  5] 205.00-206.00 sec   354 KBytes  2.90 Mbits/sec  2.118 ms  806/1108 (73%)  
[  5] 206.00-207.00 sec   393 KBytes  3.22 Mbits/sec  2.466 ms  894/1229 (73%)  
[  5] 207.00-208.00 sec   414 KBytes  3.39 Mbits/sec  2.110 ms  973/1326 (73%)  
[  5] 208.00-209.00 sec   394 KBytes  3.23 Mbits/sec  2.484 ms  921/1257 (73%)  
[  5] 209.00-210.00 sec   412 KBytes  3.38 Mbits/sec  2.117 ms  953/1305 (73%)  
[  5] 210.00-211.00 sec   394 KBytes  3.23 Mbits/sec  2.358 ms  921/1257 (73%)  
[  5] 211.00-212.00 sec   412 KBytes  3.38 Mbits/sec  2.043 ms  965/1317 (73%)  
[  5] 212.00-213.00 sec   355 KBytes  2.91 Mbits/sec  2.132 ms  820/1123 (73%)  
[  5] 213.00-214.00 sec   393 KBytes  3.21 Mbits/sec  2.431 ms  905/1240 (73%)  
[  5] 214.00-215.00 sec   394 KBytes  3.23 Mbits/sec  2.393 ms  889/1225 (73%)  
[  5] 215.00-216.00 sec   353 KBytes  2.89 Mbits/sec  2.522 ms  812/1113 (73%)  
[  5] 216.00-217.00 sec   415 KBytes  3.40 Mbits/sec  2.171 ms  959/1313 (73%)  
[  5] 217.00-218.00 sec   353 KBytes  2.89 Mbits/sec  2.198 ms  800/1101 (73%)  
[  5] 218.00-219.00 sec   393 KBytes  3.21 Mbits/sec  2.813 ms  1000/1335 (75%)  
[  5] 219.00-220.00 sec   414 KBytes  3.39 Mbits/sec  2.155 ms  976/1329 (73%)  
[  5] 220.00-221.00 sec   355 KBytes  2.91 Mbits/sec  2.241 ms  838/1141 (73%)  
[  5] 221.00-222.00 sec   393 KBytes  3.22 Mbits/sec  2.237 ms  898/1233 (73%)  
[  5] 222.00-223.00 sec   417 KBytes  3.42 Mbits/sec  2.145 ms  938/1294 (72%)  
[  5] 223.00-224.00 sec   394 KBytes  3.23 Mbits/sec  2.131 ms  909/1245 (73%)  
[  5] 224.00-225.00 sec   394 KBytes  3.23 Mbits/sec  2.272 ms  910/1246 (73%)  
[  5] 225.00-226.00 sec   414 KBytes  3.39 Mbits/sec  2.201 ms  976/1329 (73%)  
[  5] 226.00-227.00 sec   393 KBytes  3.22 Mbits/sec  2.280 ms  904/1239 (73%)  
[  5] 227.00-228.00 sec   412 KBytes  3.38 Mbits/sec  2.210 ms  931/1283 (73%)  
[  5] 228.00-229.00 sec   394 KBytes  3.23 Mbits/sec  2.422 ms  898/1234 (73%)  
[  5] 229.00-230.00 sec   414 KBytes  3.39 Mbits/sec  2.214 ms  968/1321 (73%)  
[  5] 230.00-231.00 sec   354 KBytes  2.89 Mbits/sec  2.113 ms  809/1111 (73%)  
[  5] 231.00-232.00 sec   393 KBytes  3.22 Mbits/sec  2.320 ms  901/1236 (73%)  
[  5] 232.00-233.00 sec   412 KBytes  3.38 Mbits/sec  2.167 ms  967/1319 (73%)  
[  5] 233.00-234.00 sec   395 KBytes  3.23 Mbits/sec  2.363 ms  904/1241 (73%)  
[  5] 234.00-235.00 sec   412 KBytes  3.38 Mbits/sec  2.176 ms  954/1306 (73%)  
[  5] 235.00-236.00 sec   354 KBytes  2.90 Mbits/sec  2.155 ms  820/1122 (73%)  
[  5] 236.00-237.00 sec   393 KBytes  3.21 Mbits/sec  2.392 ms  904/1239 (73%)  
[  5] 237.00-238.00 sec   395 KBytes  3.24 Mbits/sec  2.568 ms  944/1281 (74%)  
[  5] 238.00-239.00 sec   412 KBytes  3.38 Mbits/sec  2.091 ms  955/1307 (73%)  
[  5] 239.00-240.00 sec   393 KBytes  3.22 Mbits/sec  2.539 ms  972/1307 (74%)  
[  5] 240.00-241.00 sec   414 KBytes  3.39 Mbits/sec  2.433 ms  1046/1399 (75%)  
[  5] 241.00-242.00 sec   394 KBytes  3.23 Mbits/sec  2.466 ms  959/1295 (74%)  
[  5] 242.00-243.00 sec   414 KBytes  3.39 Mbits/sec  2.155 ms  984/1337 (74%)  
[  5] 243.00-244.00 sec   393 KBytes  3.22 Mbits/sec  2.465 ms  941/1276 (74%)  
[  5] 244.00-245.00 sec   412 KBytes  3.38 Mbits/sec  2.220 ms  955/1307 (73%)  
[  5] 245.00-246.00 sec   355 KBytes  2.91 Mbits/sec  2.261 ms  827/1130 (73%)  
[  5] 246.00-247.00 sec   394 KBytes  3.23 Mbits/sec  2.210 ms  910/1246 (73%)  
[  5] 247.00-248.00 sec   397 KBytes  3.25 Mbits/sec  2.476 ms  931/1270 (73%)  
[  5] 248.00-249.00 sec   412 KBytes  3.38 Mbits/sec  2.082 ms  951/1303 (73%)  
[  5] 249.00-250.00 sec   355 KBytes  2.91 Mbits/sec  2.049 ms  808/1111 (73%)  
[  5] 250.00-251.00 sec   394 KBytes  3.23 Mbits/sec  2.429 ms  888/1224 (73%)  
[  5] 251.00-252.00 sec   412 KBytes  3.38 Mbits/sec  2.087 ms  922/1274 (72%)  
[  5] 252.00-253.00 sec   393 KBytes  3.22 Mbits/sec  2.376 ms  876/1211 (72%)  
[  5] 253.00-254.00 sec   414 KBytes  3.39 Mbits/sec  2.180 ms  947/1300 (73%)  
[  5] 254.00-255.00 sec   394 KBytes  3.23 Mbits/sec  2.337 ms  914/1250 (73%)  
[  5] 255.00-256.00 sec   414 KBytes  3.39 Mbits/sec  2.167 ms  974/1327 (73%)  
[  5] 256.00-257.00 sec   393 KBytes  3.22 Mbits/sec  2.488 ms  934/1269 (74%)  
[  5] 257.00-258.00 sec   414 KBytes  3.39 Mbits/sec  2.057 ms  963/1316 (73%)  
[  5] 258.00-259.00 sec   394 KBytes  3.23 Mbits/sec  2.184 ms  900/1236 (73%)  
[  5] 259.00-260.00 sec   412 KBytes  3.38 Mbits/sec  2.250 ms  951/1303 (73%)  
[  5] 260.00-261.00 sec   394 KBytes  3.23 Mbits/sec  2.165 ms  902/1238 (73%)  
[  5] 261.00-262.00 sec   353 KBytes  2.89 Mbits/sec  2.125 ms  795/1096 (73%)  
[  5] 262.00-263.00 sec   395 KBytes  3.24 Mbits/sec  2.332 ms  891/1228 (73%)  
[  5] 263.00-264.00 sec   412 KBytes  3.38 Mbits/sec  2.201 ms  934/1286 (73%)  
[  5] 264.00-265.00 sec   393 KBytes  3.22 Mbits/sec  2.367 ms  916/1251 (73%)  
[  5] 265.00-266.00 sec   414 KBytes  3.39 Mbits/sec  2.282 ms  956/1309 (73%)  
[  5] 266.00-267.00 sec   394 KBytes  3.22 Mbits/sec  2.388 ms  884/1220 (72%)  
[  5] 267.00-268.00 sec   414 KBytes  3.39 Mbits/sec  2.179 ms  938/1291 (73%)  
[  5] 268.00-269.00 sec   393 KBytes  3.22 Mbits/sec  2.408 ms  915/1250 (73%)  
[  5] 269.00-270.00 sec   412 KBytes  3.38 Mbits/sec  2.396 ms  964/1316 (73%)  
[  5] 270.00-271.00 sec   395 KBytes  3.24 Mbits/sec  2.407 ms  917/1254 (73%)  
[  5] 271.00-272.00 sec   412 KBytes  3.38 Mbits/sec  2.299 ms  964/1316 (73%)  
[  5] 272.00-273.00 sec   393 KBytes  3.22 Mbits/sec  2.391 ms  928/1263 (73%)  
[  5] 273.00-274.00 sec   398 KBytes  3.26 Mbits/sec  2.393 ms  934/1274 (73%)  
[  5] 274.00-275.00 sec   354 KBytes  2.90 Mbits/sec  2.644 ms  820/1122 (73%)  
[  5] 275.00-276.00 sec   409 KBytes  3.34 Mbits/sec  2.136 ms  915/1264 (72%)  
[  5] 276.00-277.00 sec   397 KBytes  3.27 Mbits/sec  2.508 ms  890/1229 (72%)  
[  5] 277.00-278.00 sec   414 KBytes  3.39 Mbits/sec  2.112 ms  918/1271 (72%)  
[  5] 278.00-279.00 sec   394 KBytes  3.23 Mbits/sec  2.333 ms  867/1203 (72%)  
[  5] 279.00-280.00 sec   414 KBytes  3.39 Mbits/sec  2.246 ms  947/1300 (73%)  
[  5] 280.00-281.00 sec   393 KBytes  3.22 Mbits/sec  2.483 ms  909/1244 (73%)  
[  5] 281.00-282.00 sec   414 KBytes  3.39 Mbits/sec  2.138 ms  957/1310 (73%)  
[  5] 282.00-283.00 sec   394 KBytes  3.23 Mbits/sec  2.313 ms  892/1228 (73%)  
[  5] 283.00-284.00 sec   394 KBytes  3.23 Mbits/sec  2.354 ms  913/1249 (73%)  
[  5] 284.00-285.00 sec   412 KBytes  3.38 Mbits/sec  2.154 ms  972/1324 (73%)  
[  5] 285.00-286.00 sec   393 KBytes  3.22 Mbits/sec  2.472 ms  927/1262 (73%)  
[  5] 286.00-287.00 sec   414 KBytes  3.39 Mbits/sec  2.064 ms  940/1293 (73%)  
[  5] 287.00-288.00 sec   395 KBytes  3.24 Mbits/sec  2.355 ms  886/1223 (72%)  
[  5] 288.00-289.00 sec   353 KBytes  2.89 Mbits/sec  2.418 ms  829/1130 (73%)  
[  5] 289.00-290.00 sec   412 KBytes  3.38 Mbits/sec  2.219 ms  951/1303 (73%)  
[  5] 290.00-291.00 sec   393 KBytes  3.22 Mbits/sec  2.478 ms  910/1245 (73%)  
[  5] 291.00-292.00 sec   415 KBytes  3.40 Mbits/sec  2.131 ms  920/1274 (72%)  
[  5] 292.00-293.00 sec   394 KBytes  3.23 Mbits/sec  2.356 ms  864/1200 (72%)  
[  5] 293.00-294.00 sec   353 KBytes  2.89 Mbits/sec  2.332 ms  788/1089 (72%)  
[  5] 294.00-295.00 sec   412 KBytes  3.38 Mbits/sec  2.106 ms  931/1283 (73%)  
[  5] 295.00-296.00 sec   395 KBytes  3.24 Mbits/sec  2.349 ms  888/1225 (72%)  
[  5] 296.00-297.00 sec   412 KBytes  3.38 Mbits/sec  2.181 ms  939/1291 (73%)  
[  5] 297.00-298.00 sec   393 KBytes  3.22 Mbits/sec  2.353 ms  925/1260 (73%)  
[  5] 298.00-299.00 sec   414 KBytes  3.39 Mbits/sec  2.459 ms  986/1339 (74%)  
[  5] 299.00-300.00 sec   395 KBytes  3.24 Mbits/sec  2.188 ms  892/1229 (73%)  
[  5] 300.00-301.00 sec   393 KBytes  3.22 Mbits/sec  2.489 ms  907/1242 (73%)  
[  5] 301.00-302.00 sec   412 KBytes  3.38 Mbits/sec  2.226 ms  929/1281 (73%)  
[  5] 302.00-303.00 sec   398 KBytes  3.26 Mbits/sec  2.334 ms  898/1238 (73%)  
[  5] 303.00-304.00 sec   409 KBytes  3.35 Mbits/sec  2.153 ms  932/1281 (73%)  
[  5] 304.00-305.00 sec   394 KBytes  3.22 Mbits/sec  2.323 ms  907/1243 (73%)  
[  5] 305.00-306.00 sec   357 KBytes  2.93 Mbits/sec  2.426 ms  831/1136 (73%)  
[  5] 306.00-307.00 sec   394 KBytes  3.22 Mbits/sec  2.436 ms  911/1247 (73%)  
[  5] 307.00-308.00 sec   409 KBytes  3.35 Mbits/sec  2.198 ms  908/1257 (72%)  
[  5] 308.00-309.00 sec   397 KBytes  3.25 Mbits/sec  2.378 ms  902/1241 (73%)  
[  5] 309.00-310.00 sec   414 KBytes  3.39 Mbits/sec  2.144 ms  923/1276 (72%)  
[  5] 310.00-311.00 sec   393 KBytes  3.21 Mbits/sec  2.445 ms  894/1229 (73%)  
[  5] 311.00-312.00 sec   353 KBytes  2.89 Mbits/sec  2.437 ms  806/1107 (73%)  
[  5] 312.00-313.00 sec   415 KBytes  3.40 Mbits/sec  2.304 ms  952/1306 (73%)  
[  5] 313.00-314.00 sec   354 KBytes  2.90 Mbits/sec  2.200 ms  845/1147 (74%)  
[  5] 314.00-315.00 sec   352 KBytes  2.88 Mbits/sec  2.319 ms  844/1144 (74%)  
[  5] 315.00-316.00 sec   354 KBytes  2.90 Mbits/sec  2.382 ms  826/1128 (73%)  
[  5] 316.00-317.00 sec   356 KBytes  2.92 Mbits/sec  8.217 ms  855/1159 (74%)  
[  5] 317.00-318.00 sec   353 KBytes  2.89 Mbits/sec  2.352 ms  757/1058 (72%)  
[  5] 318.00-319.00 sec   338 KBytes  2.76 Mbits/sec  2.735 ms  789/1077 (73%)  
[  5] 319.00-320.00 sec   412 KBytes  3.38 Mbits/sec  2.124 ms  926/1278 (72%)  
[  5] 320.00-321.00 sec   354 KBytes  2.90 Mbits/sec  2.191 ms  793/1095 (72%)  
[  5] 321.00-322.00 sec   395 KBytes  3.23 Mbits/sec  2.590 ms  900/1237 (73%)  
[  5] 322.00-323.00 sec   353 KBytes  2.89 Mbits/sec  2.663 ms  826/1127 (73%)  
[  5] 323.00-324.00 sec   412 KBytes  3.38 Mbits/sec  2.128 ms  959/1311 (73%)  
[  5] 324.00-325.00 sec   354 KBytes  2.90 Mbits/sec  2.098 ms  811/1113 (73%)  
[  5] 325.00-326.00 sec   395 KBytes  3.24 Mbits/sec  2.459 ms  892/1229 (73%)  
[  5] 326.00-327.00 sec   412 KBytes  3.38 Mbits/sec  2.111 ms  928/1280 (72%)  
[  5] 327.00-328.00 sec   353 KBytes  2.89 Mbits/sec  2.184 ms  816/1117 (73%)  
[  5] 328.00-329.00 sec   394 KBytes  3.22 Mbits/sec  2.252 ms  887/1223 (73%)  
[  5] 329.00-330.00 sec   354 KBytes  2.90 Mbits/sec  2.326 ms  805/1107 (73%)  
[  5] 330.00-331.00 sec   394 KBytes  3.23 Mbits/sec  2.884 ms  907/1243 (73%)  
[  5] 331.00-332.00 sec   417 KBytes  3.42 Mbits/sec  2.290 ms  982/1338 (73%)  
[  5] 332.00-333.00 sec   334 KBytes  2.74 Mbits/sec  2.427 ms  774/1059 (73%)  
[  5] 333.00-334.00 sec   414 KBytes  3.39 Mbits/sec  2.025 ms  943/1296 (73%)  
[  5] 334.00-335.00 sec   354 KBytes  2.90 Mbits/sec  2.069 ms  797/1099 (73%)  
[  5] 335.00-336.00 sec   353 KBytes  2.89 Mbits/sec  2.148 ms  797/1098 (73%)  
[  5] 336.00-337.00 sec   393 KBytes  3.22 Mbits/sec  2.320 ms  933/1268 (74%)  
[  5] 337.00-338.00 sec   354 KBytes  2.90 Mbits/sec  2.648 ms  871/1173 (74%)  
[  5] 338.00-339.00 sec   354 KBytes  2.90 Mbits/sec  2.873 ms  902/1204 (75%)  
[  5] 339.00-340.00 sec   414 KBytes  3.39 Mbits/sec  2.305 ms  1116/1469 (76%)  
[  5] 340.00-341.00 sec   338 KBytes  2.77 Mbits/sec  2.452 ms  897/1185 (76%)  
[  5] 341.00-342.00 sec   414 KBytes  3.39 Mbits/sec  2.227 ms  1035/1388 (75%)  
[  5] 342.00-343.00 sec   354 KBytes  2.89 Mbits/sec  2.315 ms  888/1190 (75%)  
[  5] 343.00-344.00 sec   354 KBytes  2.90 Mbits/sec  2.372 ms  973/1275 (76%)  
[  5] 344.00-345.00 sec   353 KBytes  2.89 Mbits/sec  2.219 ms  916/1217 (75%)  
[  5] 345.00-346.00 sec   353 KBytes  2.89 Mbits/sec  2.310 ms  874/1175 (74%)  
[  5] 346.00-347.00 sec   354 KBytes  2.90 Mbits/sec  2.629 ms  878/1180 (74%)  
[  5] 347.00-348.00 sec   335 KBytes  2.75 Mbits/sec  2.808 ms  838/1124 (75%)  
[  5] 348.00-349.00 sec   357 KBytes  2.93 Mbits/sec  2.563 ms  882/1187 (74%)  
[  5] 349.00-350.00 sec   412 KBytes  3.38 Mbits/sec  2.332 ms  1007/1359 (74%)  
[  5] 350.00-351.00 sec   354 KBytes  2.90 Mbits/sec  2.231 ms  839/1141 (74%)  
[  5] 351.00-352.00 sec   353 KBytes  2.89 Mbits/sec  2.216 ms  844/1145 (74%)  
[  5] 352.00-353.00 sec   335 KBytes  2.75 Mbits/sec  2.456 ms  811/1097 (74%)  
[  5] 353.00-354.00 sec   412 KBytes  3.38 Mbits/sec  2.230 ms  1000/1352 (74%)  
[  5] 354.00-355.00 sec   354 KBytes  2.90 Mbits/sec  2.227 ms  834/1136 (73%)  
[  5] 355.00-356.00 sec   353 KBytes  2.89 Mbits/sec  2.383 ms  878/1179 (74%)  
[  5] 356.00-357.00 sec   355 KBytes  2.91 Mbits/sec  2.306 ms  854/1157 (74%)  
[  5] 357.00-358.00 sec   393 KBytes  3.22 Mbits/sec  2.378 ms  956/1291 (74%)  
[  5] 358.00-359.00 sec   359 KBytes  2.94 Mbits/sec  2.189 ms  862/1168 (74%)  
[  5] 359.00-360.00 sec   393 KBytes  3.22 Mbits/sec  2.554 ms  985/1320 (75%)  
[  5] 360.00-361.00 sec   415 KBytes  3.40 Mbits/sec  2.107 ms  1018/1372 (74%)  
[  5] 361.00-362.00 sec   354 KBytes  2.90 Mbits/sec  2.175 ms  870/1172 (74%)  
[  5] 362.00-363.00 sec   393 KBytes  3.22 Mbits/sec  2.482 ms  999/1334 (75%)  
[  5] 363.00-364.00 sec   353 KBytes  2.89 Mbits/sec  2.508 ms  896/1197 (75%)  
[  5] 364.00-365.00 sec   412 KBytes  3.38 Mbits/sec  2.331 ms  1100/1452 (76%)  
[  5] 365.00-366.00 sec   355 KBytes  2.91 Mbits/sec  2.218 ms  857/1160 (74%)  
[  5] 366.00-367.00 sec   354 KBytes  2.90 Mbits/sec  2.292 ms  865/1167 (74%)  
[  5] 367.00-368.00 sec   353 KBytes  2.89 Mbits/sec  2.344 ms  862/1163 (74%)  
[  5] 368.00-369.00 sec   398 KBytes  3.27 Mbits/sec  2.383 ms  1025/1365 (75%)  
[  5] 369.00-370.00 sec   349 KBytes  2.86 Mbits/sec  2.342 ms  974/1272 (77%)  
[  5] 370.00-371.00 sec   398 KBytes  3.26 Mbits/sec  2.504 ms  1038/1378 (75%)  
[  5] 371.00-372.00 sec   353 KBytes  2.89 Mbits/sec  2.501 ms  924/1225 (75%)  
[  5] 372.00-373.00 sec   412 KBytes  3.38 Mbits/sec  2.225 ms  1078/1430 (75%)  
[  5] 373.00-374.00 sec   354 KBytes  2.90 Mbits/sec  2.404 ms  931/1233 (76%)  
[  5] 374.00-375.00 sec   394 KBytes  3.23 Mbits/sec  2.690 ms  1064/1400 (76%)  
[  5] 375.00-376.00 sec   354 KBytes  2.90 Mbits/sec  2.587 ms  898/1200 (75%)  
[  5] 376.00-377.00 sec   353 KBytes  2.89 Mbits/sec  2.502 ms  904/1205 (75%)  
[  5] 377.00-378.00 sec   412 KBytes  3.38 Mbits/sec  2.617 ms  1083/1435 (75%)  
[  5] 378.00-379.00 sec   335 KBytes  2.75 Mbits/sec  2.583 ms  847/1133 (75%)  
[  5] 379.00-380.00 sec   354 KBytes  2.90 Mbits/sec  2.914 ms  922/1224 (75%)  
[  5] 380.00-381.00 sec   357 KBytes  2.93 Mbits/sec  2.634 ms  966/1271 (76%)  
[  5] 381.00-382.00 sec   354 KBytes  2.90 Mbits/sec  2.563 ms  905/1207 (75%)  
[  5] 382.00-383.00 sec   353 KBytes  2.89 Mbits/sec  2.488 ms  895/1196 (75%)  
[  5] 383.00-384.00 sec   355 KBytes  2.91 Mbits/sec  2.379 ms  854/1157 (74%)  
[  5] 384.00-385.00 sec   353 KBytes  2.89 Mbits/sec  2.204 ms  838/1139 (74%)  
[  5] 385.00-386.00 sec   393 KBytes  3.22 Mbits/sec  2.499 ms  949/1284 (74%)  
[  5] 386.00-387.00 sec   359 KBytes  2.94 Mbits/sec  2.650 ms  857/1163 (74%)  
[  5] 387.00-388.00 sec   354 KBytes  2.90 Mbits/sec  2.659 ms  836/1138 (73%)  
[  5] 388.00-389.00 sec   354 KBytes  2.90 Mbits/sec  2.205 ms  866/1168 (74%)  
[  5] 389.00-390.00 sec   353 KBytes  2.89 Mbits/sec  2.389 ms  870/1171 (74%)  
[  5] 390.00-391.00 sec   394 KBytes  3.23 Mbits/sec  2.446 ms  1003/1339 (75%)  
[  5] 391.00-392.00 sec   353 KBytes  2.89 Mbits/sec  2.602 ms  915/1216 (75%)  
[  5] 392.00-393.00 sec   355 KBytes  2.91 Mbits/sec  2.614 ms  904/1207 (75%)  
[  5] 393.00-394.00 sec   412 KBytes  3.38 Mbits/sec  2.183 ms  1058/1410 (75%)  
[  5] 394.00-395.00 sec   354 KBytes  2.90 Mbits/sec  2.367 ms  874/1176 (74%)  
[  5] 395.00-396.00 sec   338 KBytes  2.76 Mbits/sec  2.344 ms  813/1101 (74%)  
[  5] 396.00-397.00 sec   410 KBytes  3.36 Mbits/sec  2.422 ms  1019/1369 (74%)  
[  5] 397.00-398.00 sec   299 KBytes  2.45 Mbits/sec  2.493 ms  730/985 (74%)  
[  5] 398.00-399.00 sec   353 KBytes  2.89 Mbits/sec  2.603 ms  868/1169 (74%)  
[  5] 399.00-400.00 sec   412 KBytes  3.38 Mbits/sec  2.325 ms  1004/1356 (74%)  
