Connecting to host 172.22.0.50, port 5202
Reverse mode, remote host 172.22.0.50 is sending
[  5] local 192.168.102.2 port 33415 connected to 172.22.0.50 port 5202
[ ID] Interval           Transfer     Bitrate         Jitter    Lost/Total Datagrams
[  5]   0.00-1.00   sec   440 KBytes  3.60 Mbits/sec  0.295 ms  0/4507 (0%)  
[  5]   1.00-2.00   sec   440 KBytes  3.61 Mbits/sec  0.296 ms  0/4506 (0%)  
[  5]   2.00-3.00   sec   439 KBytes  3.59 Mbits/sec  0.298 ms  0/4492 (0%)  
[  5]   3.00-4.00   sec   440 KBytes  3.60 Mbits/sec  0.249 ms  0/4502 (0%)  
[  5]   4.00-5.00   sec   438 KBytes  3.59 Mbits/sec  0.311 ms  0/4490 (0%)  
[  5]   5.00-6.00   sec   440 KBytes  3.60 Mbits/sec  0.401 ms  0/4506 (0%)  
[  5]   6.00-7.00   sec   439 KBytes  3.60 Mbits/sec  0.267 ms  0/4500 (0%)  
[  5]   7.00-8.00   sec   439 KBytes  3.60 Mbits/sec  0.297 ms  0/4493 (0%)  
[  5]   8.00-9.00   sec   439 KBytes  3.59 Mbits/sec  0.439 ms  0/4491 (0%)  
[  5]   9.00-10.00  sec   441 KBytes  3.61 Mbits/sec  0.346 ms  0/4515 (0%)  
[  5]  10.00-11.00  sec   439 KBytes  3.59 Mbits/sec  0.319 ms  0/4491 (0%)  
[  5]  11.00-12.00  sec   418 KBytes  3.42 Mbits/sec  0.312 ms  0/4281 (0%)  
[  5]  12.00-13.00  sec   363 KBytes  2.97 Mbits/sec  0.341 ms  0/3717 (0%)  
[  5]  13.00-14.00  sec   357 KBytes  2.93 Mbits/sec  0.368 ms  0/3658 (0%)  
[  5]  14.00-15.00  sec   361 KBytes  2.95 Mbits/sec  0.432 ms  0/3692 (0%)  
[  5]  15.00-16.00  sec   360 KBytes  2.95 Mbits/sec  0.507 ms  0/3688 (0%)  
[  5]  16.00-17.00  sec   375 KBytes  3.08 Mbits/sec  0.343 ms  0/3843 (0%)  
[  5]  17.00-18.00  sec   428 KBytes  3.51 Mbits/sec  0.279 ms  0/4384 (0%)  
[  5]  18.00-19.00  sec   426 KBytes  3.49 Mbits/sec  0.370 ms  0/4361 (0%)  
[  5]  19.00-20.00  sec   429 KBytes  3.51 Mbits/sec  0.328 ms  0/4389 (0%)  
[  5]  20.00-21.00  sec   429 KBytes  3.52 Mbits/sec  0.380 ms  0/4396 (0%)  
[  5]  21.00-22.00  sec   420 KBytes  3.44 Mbits/sec  0.391 ms  0/4303 (0%)  
[  5]  22.00-23.00  sec   421 KBytes  3.44 Mbits/sec  0.505 ms  0/4306 (0%)  
[  5]  23.00-24.00  sec   422 KBytes  3.45 Mbits/sec  0.242 ms  0/4318 (0%)  
[  5]  24.00-25.00  sec   426 KBytes  3.50 Mbits/sec  0.326 ms  0/4367 (0%)  
[  5]  25.00-26.00  sec   428 KBytes  3.51 Mbits/sec  0.315 ms  0/4385 (0%)  
[  5]  26.00-27.00  sec   412 KBytes  3.38 Mbits/sec  0.348 ms  0/4222 (0%)  
[  5]  27.00-28.00  sec   362 KBytes  2.96 Mbits/sec  0.339 ms  0/3704 (0%)  
[  5]  28.00-29.00  sec   359 KBytes  2.94 Mbits/sec  0.298 ms  0/3677 (0%)  
[  5]  29.00-30.00  sec   357 KBytes  2.92 Mbits/sec  0.459 ms  0/3654 (0%)  
[  5]  30.00-31.00  sec   348 KBytes  2.85 Mbits/sec  0.355 ms  0/3563 (0%)  
[  5]  31.00-32.00  sec   355 KBytes  2.91 Mbits/sec  0.361 ms  0/3635 (0%)  
[  5]  32.00-33.00  sec   352 KBytes  2.89 Mbits/sec  0.323 ms  0/3607 (0%)  
[  5]  33.00-34.00  sec   365 KBytes  2.99 Mbits/sec  0.298 ms  0/3735 (0%)  
[  5]  34.00-35.00  sec   368 KBytes  3.01 Mbits/sec  0.399 ms  0/3764 (0%)  
[  5]  35.00-36.00  sec   367 KBytes  3.01 Mbits/sec  0.337 ms  0/3758 (0%)  
[  5]  36.00-37.00  sec   365 KBytes  2.99 Mbits/sec  0.390 ms  0/3736 (0%)  
[  5]  37.00-38.00  sec   370 KBytes  3.03 Mbits/sec  0.325 ms  0/3785 (0%)  
[  5]  38.00-39.00  sec   355 KBytes  2.91 Mbits/sec  0.319 ms  0/3638 (0%)  
[  5]  39.00-40.00  sec   361 KBytes  2.95 Mbits/sec  0.345 ms  0/3693 (0%)  
[  5]  40.00-41.00  sec   367 KBytes  3.01 Mbits/sec  0.415 ms  0/3763 (0%)  
[  5]  41.00-42.00  sec   379 KBytes  3.11 Mbits/sec  0.273 ms  0/3886 (0%)  
[  5]  42.00-43.00  sec   426 KBytes  3.49 Mbits/sec  0.318 ms  0/4367 (0%)  
[  5]  43.00-44.00  sec   428 KBytes  3.51 Mbits/sec  0.353 ms  0/4383 (0%)  
[  5]  44.00-45.00  sec   429 KBytes  3.51 Mbits/sec  0.369 ms  0/4391 (0%)  
[  5]  45.00-46.00  sec   434 KBytes  3.56 Mbits/sec  0.293 ms  0/4448 (0%)  
[  5]  46.00-47.00  sec   435 KBytes  3.57 Mbits/sec  0.284 ms  0/4459 (0%)  
[  5]  47.00-48.00  sec   469 KBytes  3.84 Mbits/sec  0.272 ms  0/4806 (0%)  
[  5]  48.00-49.00  sec   473 KBytes  3.87 Mbits/sec  0.342 ms  0/4839 (0%)  
[  5]  49.00-50.00  sec   478 KBytes  3.91 Mbits/sec  0.273 ms  0/4892 (0%)  
[  5]  50.00-51.00  sec   484 KBytes  3.96 Mbits/sec  0.274 ms  0/4956 (0%)  
[  5]  51.00-52.00  sec   483 KBytes  3.95 Mbits/sec  0.320 ms  0/4942 (0%)  
[  5]  52.00-53.00  sec   480 KBytes  3.93 Mbits/sec  0.312 ms  0/4916 (0%)  
[  5]  53.00-54.00  sec   471 KBytes  3.86 Mbits/sec  0.275 ms  0/4828 (0%)  
[  5]  54.00-55.00  sec   469 KBytes  3.84 Mbits/sec  0.305 ms  0/4805 (0%)  
[  5]  55.00-56.00  sec   473 KBytes  3.87 Mbits/sec  0.324 ms  0/4842 (0%)  
[  5]  56.00-57.00  sec   457 KBytes  3.74 Mbits/sec  0.416 ms  0/4681 (0%)  
[  5]  57.00-58.00  sec   462 KBytes  3.78 Mbits/sec  0.299 ms  0/4728 (0%)  
[  5]  58.00-59.00  sec   452 KBytes  3.70 Mbits/sec  0.380 ms  0/4624 (0%)  
[  5]  59.00-60.00  sec   462 KBytes  3.78 Mbits/sec  0.309 ms  0/4729 (0%)  
[  5]  60.00-61.00  sec   469 KBytes  3.84 Mbits/sec  0.332 ms  0/4802 (0%)  
[  5]  61.00-62.00  sec   461 KBytes  3.77 Mbits/sec  0.392 ms  0/4717 (0%)  
[  5]  62.00-63.00  sec   422 KBytes  3.46 Mbits/sec  0.317 ms  0/4319 (0%)  
[  5]  63.00-64.00  sec   414 KBytes  3.39 Mbits/sec  0.339 ms  0/4235 (0%)  
[  5]  64.00-65.00  sec   418 KBytes  3.43 Mbits/sec  0.294 ms  0/4282 (0%)  
[  5]  65.00-66.00  sec   423 KBytes  3.46 Mbits/sec  0.277 ms  0/4329 (0%)  
[  5]  66.00-67.00  sec   405 KBytes  3.32 Mbits/sec  0.386 ms  0/4148 (0%)  
[  5]  67.00-68.00  sec   355 KBytes  2.90 Mbits/sec  0.378 ms  0/3631 (0%)  
[  5]  68.00-69.00  sec   352 KBytes  2.88 Mbits/sec  0.406 ms  0/3602 (0%)  
[  5]  69.00-70.00  sec   359 KBytes  2.94 Mbits/sec  0.375 ms  0/3677 (0%)  
[  5]  70.00-71.00  sec   356 KBytes  2.92 Mbits/sec  0.341 ms  0/3644 (0%)  
[  5]  71.00-72.00  sec   363 KBytes  2.97 Mbits/sec  0.363 ms  0/3713 (0%)  
[  5]  72.00-73.00  sec   408 KBytes  3.34 Mbits/sec  0.332 ms  0/4177 (0%)  
[  5]  73.00-74.00  sec   415 KBytes  3.40 Mbits/sec  0.400 ms  0/4249 (0%)  
[  5]  74.00-75.00  sec   423 KBytes  3.46 Mbits/sec  0.335 ms  0/4327 (0%)  
[  5]  75.00-76.00  sec   423 KBytes  3.46 Mbits/sec  0.326 ms  0/4329 (0%)  
[  5]  76.00-77.00  sec   434 KBytes  3.56 Mbits/sec  0.302 ms  0/4444 (0%)  
[  5]  77.00-78.00  sec   459 KBytes  3.76 Mbits/sec  0.473 ms  0/4705 (0%)  
[  5]  78.00-79.00  sec   459 KBytes  3.76 Mbits/sec  0.343 ms  0/4698 (0%)  
[  5]  79.00-80.00  sec   468 KBytes  3.84 Mbits/sec  0.281 ms  0/4796 (0%)  
[  5]  80.00-81.00  sec   465 KBytes  3.81 Mbits/sec  0.296 ms  0/4757 (0%)  
[  5]  81.00-82.00  sec   460 KBytes  3.76 Mbits/sec  0.268 ms  0/4707 (0%)  
[  5]  82.00-83.00  sec   428 KBytes  3.51 Mbits/sec  0.348 ms  0/4383 (0%)  
[  5]  83.00-84.00  sec   423 KBytes  3.46 Mbits/sec  0.286 ms  0/4330 (0%)  
[  5]  84.00-85.00  sec   425 KBytes  3.48 Mbits/sec  0.330 ms  0/4351 (0%)  
[  5]  85.00-86.00  sec   430 KBytes  3.52 Mbits/sec  0.277 ms  0/4399 (0%)  
[  5]  86.00-87.00  sec   405 KBytes  3.32 Mbits/sec  0.350 ms  0/4148 (0%)  
[  5]  87.00-88.00  sec   340 KBytes  2.78 Mbits/sec  0.337 ms  0/3480 (0%)  
[  5]  88.00-89.00  sec   343 KBytes  2.81 Mbits/sec  0.346 ms  0/3508 (0%)  
[  5]  89.00-90.00  sec   353 KBytes  2.89 Mbits/sec  0.301 ms  0/3619 (0%)  
[  5]  90.00-91.00  sec   359 KBytes  2.94 Mbits/sec  0.289 ms  0/3677 (0%)  
[  5]  91.00-92.00  sec   356 KBytes  2.92 Mbits/sec  0.413 ms  0/3648 (0%)  
[  5]  92.00-93.00  sec   369 KBytes  3.02 Mbits/sec  0.453 ms  0/3777 (0%)  
[  5]  93.00-94.00  sec   369 KBytes  3.02 Mbits/sec  0.339 ms  0/3781 (0%)  
[  5]  94.00-95.00  sec   367 KBytes  3.00 Mbits/sec  0.368 ms  0/3756 (0%)  
[  5]  95.00-96.00  sec   358 KBytes  2.94 Mbits/sec  0.353 ms  0/3670 (0%)  
[  5]  96.00-97.00  sec   377 KBytes  3.09 Mbits/sec  0.333 ms  0/3865 (0%)  
[  5]  97.00-98.00  sec   475 KBytes  3.89 Mbits/sec  0.321 ms  0/4867 (0%)  
[  5]  98.00-99.00  sec   475 KBytes  3.89 Mbits/sec  0.363 ms  0/4863 (0%)  
[  5]  99.00-100.00 sec   468 KBytes  3.84 Mbits/sec  0.302 ms  0/4796 (0%)  
[  5] 100.00-101.00 sec   477 KBytes  3.91 Mbits/sec  0.309 ms  0/4885 (0%)  
[  5] 101.00-102.00 sec   469 KBytes  3.84 Mbits/sec  0.277 ms  0/4803 (0%)  
[  5] 102.00-103.00 sec   470 KBytes  3.85 Mbits/sec  0.393 ms  0/4809 (0%)  
[  5] 103.00-104.00 sec   463 KBytes  3.80 Mbits/sec  0.409 ms  0/4744 (0%)  
[  5] 104.00-105.00 sec   475 KBytes  3.89 Mbits/sec  0.326 ms  0/4859 (0%)  
[  5] 105.00-106.00 sec   470 KBytes  3.85 Mbits/sec  0.245 ms  0/4808 (0%)  
[  5] 106.00-107.00 sec   450 KBytes  3.69 Mbits/sec  0.413 ms  0/4613 (0%)  
[  5] 107.00-108.00 sec   362 KBytes  2.97 Mbits/sec  0.438 ms  0/3709 (0%)  
[  5] 108.00-109.00 sec   363 KBytes  2.98 Mbits/sec  0.351 ms  0/3721 (0%)  
[  5] 109.00-110.00 sec   363 KBytes  2.97 Mbits/sec  0.366 ms  0/3716 (0%)  
[  5] 110.00-111.00 sec   365 KBytes  3.00 Mbits/sec  0.332 ms  0/3742 (0%)  
[  5] 111.00-112.00 sec   360 KBytes  2.95 Mbits/sec  0.388 ms  0/3684 (0%)  
[  5] 112.00-113.00 sec   365 KBytes  2.99 Mbits/sec  0.321 ms  0/3733 (0%)  
[  5] 113.00-114.00 sec   359 KBytes  2.94 Mbits/sec  0.317 ms  0/3674 (0%)  
[  5] 114.00-115.00 sec   367 KBytes  3.01 Mbits/sec  0.319 ms  0/3758 (0%)  
[  5] 115.00-116.00 sec   367 KBytes  3.00 Mbits/sec  0.324 ms  0/3754 (0%)  
[  5] 116.00-117.00 sec   366 KBytes  3.00 Mbits/sec  0.401 ms  0/3750 (0%)  
[  5] 117.00-118.00 sec   421 KBytes  3.45 Mbits/sec  0.306 ms  0/4312 (0%)  
[  5] 118.00-119.00 sec   422 KBytes  3.45 Mbits/sec  0.397 ms  0/4318 (0%)  
[  5] 119.00-120.00 sec   418 KBytes  3.43 Mbits/sec  0.354 ms  0/4281 (0%)  
[  5] 120.00-121.00 sec   412 KBytes  3.38 Mbits/sec  0.378 ms  0/4224 (0%)  
[  5] 121.00-122.00 sec   424 KBytes  3.47 Mbits/sec  0.304 ms  0/4339 (0%)  
[  5] 122.00-123.00 sec   466 KBytes  3.82 Mbits/sec  0.369 ms  0/4771 (0%)  
[  5] 123.00-124.00 sec   462 KBytes  3.78 Mbits/sec  0.325 ms  0/4742 (0%)  
[  5] 124.00-125.00 sec   457 KBytes  3.75 Mbits/sec  0.334 ms  0/4681 (0%)  
[  5] 125.00-126.00 sec   464 KBytes  3.80 Mbits/sec  0.326 ms  0/4750 (0%)  
[  5] 126.00-127.00 sec   463 KBytes  3.79 Mbits/sec  0.344 ms  0/4737 (0%)  
[  5] 127.00-128.00 sec   459 KBytes  3.76 Mbits/sec  0.312 ms  0/4702 (0%)  
[  5] 128.00-129.00 sec   454 KBytes  3.72 Mbits/sec  0.365 ms  0/4651 (0%)  
[  5] 129.00-130.00 sec   464 KBytes  3.80 Mbits/sec  0.322 ms  0/4755 (0%)  
[  5] 130.00-131.00 sec   468 KBytes  3.83 Mbits/sec  0.341 ms  0/4790 (0%)  
[  5] 131.00-132.00 sec   442 KBytes  3.62 Mbits/sec  0.409 ms  0/4530 (0%)  
[  5] 132.00-133.00 sec   354 KBytes  2.90 Mbits/sec  0.372 ms  0/3630 (0%)  
[  5] 133.00-134.00 sec   352 KBytes  2.88 Mbits/sec  0.347 ms  0/3608 (0%)  
[  5] 134.00-135.00 sec   354 KBytes  2.90 Mbits/sec  0.400 ms  0/3625 (0%)  
[  5] 135.00-136.00 sec   352 KBytes  2.88 Mbits/sec  0.397 ms  0/3602 (0%)  
[  5] 136.00-137.00 sec   355 KBytes  2.91 Mbits/sec  0.373 ms  0/3640 (0%)  
[  5] 137.00-138.00 sec   359 KBytes  2.94 Mbits/sec  0.341 ms  0/3681 (0%)  
[  5] 138.00-139.00 sec   362 KBytes  2.96 Mbits/sec  0.282 ms  0/3704 (0%)  
[  5] 139.00-140.00 sec   367 KBytes  3.00 Mbits/sec  0.343 ms  0/3754 (0%)  
[  5] 140.00-141.00 sec   365 KBytes  2.99 Mbits/sec  0.338 ms  0/3735 (0%)  
[  5] 141.00-142.00 sec   364 KBytes  2.98 Mbits/sec  0.337 ms  0/3731 (0%)  
[  5] 142.00-143.00 sec   361 KBytes  2.96 Mbits/sec  0.460 ms  0/3696 (0%)  
[  5] 143.00-144.00 sec   356 KBytes  2.91 Mbits/sec  0.392 ms  0/3642 (0%)  
[  5] 144.00-145.00 sec   353 KBytes  2.89 Mbits/sec  0.452 ms  0/3616 (0%)  
[  5] 145.00-146.00 sec   358 KBytes  2.93 Mbits/sec  0.521 ms  0/3664 (0%)  
[  5] 146.00-147.00 sec   360 KBytes  2.95 Mbits/sec  0.301 ms  0/3687 (0%)  
[  5] 147.00-148.00 sec   422 KBytes  3.46 Mbits/sec  0.308 ms  0/4319 (0%)  
[  5] 148.00-149.00 sec   416 KBytes  3.40 Mbits/sec  0.306 ms  0/4257 (0%)  
[  5] 149.00-150.00 sec   423 KBytes  3.47 Mbits/sec  0.386 ms  0/4331 (0%)  
[  5] 150.00-151.00 sec   418 KBytes  3.42 Mbits/sec  0.300 ms  0/4280 (0%)  
[  5] 151.00-152.00 sec   435 KBytes  3.56 Mbits/sec  0.293 ms  0/4451 (0%)  
[  5] 152.00-153.00 sec   464 KBytes  3.80 Mbits/sec  0.279 ms  0/4755 (0%)  
[  5] 153.00-154.00 sec   470 KBytes  3.85 Mbits/sec  0.342 ms  0/4816 (0%)  
[  5] 154.00-155.00 sec   473 KBytes  3.87 Mbits/sec  0.341 ms  0/4840 (0%)  
[  5] 155.00-156.00 sec   477 KBytes  3.91 Mbits/sec  0.318 ms  0/4885 (0%)  
[  5] 156.00-157.00 sec   467 KBytes  3.82 Mbits/sec  0.318 ms  0/4777 (0%)  
[  5] 157.00-158.00 sec   433 KBytes  3.55 Mbits/sec  0.318 ms  0/4438 (0%)  
[  5] 158.00-159.00 sec   425 KBytes  3.48 Mbits/sec  0.318 ms  0/4356 (0%)  
[  5] 159.00-160.00 sec   434 KBytes  3.55 Mbits/sec  0.419 ms  0/4440 (0%)  
[  5] 160.00-161.00 sec   419 KBytes  3.43 Mbits/sec  0.353 ms  0/4289 (0%)  
[  5] 161.00-162.00 sec   398 KBytes  3.26 Mbits/sec  0.326 ms  0/4079 (0%)  
[  5] 162.00-163.00 sec   354 KBytes  2.90 Mbits/sec  0.383 ms  0/3623 (0%)  
[  5] 163.00-164.00 sec   358 KBytes  2.93 Mbits/sec  0.318 ms  0/3667 (0%)  
[  5] 164.00-165.00 sec   358 KBytes  2.93 Mbits/sec  0.239 ms  0/3667 (0%)  
[  5] 165.00-166.00 sec   365 KBytes  2.99 Mbits/sec  0.387 ms  0/3741 (0%)  
[  5] 166.00-167.00 sec   362 KBytes  2.97 Mbits/sec  0.363 ms  0/3712 (0%)  
[  5] 167.00-168.00 sec   360 KBytes  2.95 Mbits/sec  0.322 ms  0/3690 (0%)  
[  5] 168.00-169.00 sec   356 KBytes  2.91 Mbits/sec  0.348 ms  0/3642 (0%)  
[  5] 169.00-170.00 sec   358 KBytes  2.94 Mbits/sec  0.413 ms  0/3669 (0%)  
[  5] 170.00-171.00 sec   359 KBytes  2.94 Mbits/sec  0.313 ms  0/3674 (0%)  
[  5] 171.00-172.00 sec   380 KBytes  3.11 Mbits/sec  0.292 ms  0/3891 (0%)  
[  5] 172.00-173.00 sec   478 KBytes  3.91 Mbits/sec  0.301 ms  0/4891 (0%)  
[  5] 173.00-174.00 sec   475 KBytes  3.88 Mbits/sec  0.302 ms  0/4859 (0%)  
[  5] 174.00-175.00 sec   476 KBytes  3.90 Mbits/sec  0.342 ms  0/4874 (0%)  
[  5] 175.00-176.00 sec   467 KBytes  3.83 Mbits/sec  0.333 ms  0/4783 (0%)  
[  5] 176.00-177.00 sec   463 KBytes  3.79 Mbits/sec  0.343 ms  0/4742 (0%)  
[  5] 177.00-178.00 sec   477 KBytes  3.91 Mbits/sec  0.298 ms  0/4881 (0%)  
[  5] 178.00-179.00 sec   470 KBytes  3.85 Mbits/sec  0.251 ms  0/4810 (0%)  
[  5] 179.00-180.00 sec   477 KBytes  3.91 Mbits/sec  0.330 ms  0/4882 (0%)  
[  5] 180.00-181.00 sec   474 KBytes  3.88 Mbits/sec  0.355 ms  0/4851 (0%)  
[  5] 181.00-182.00 sec   462 KBytes  3.79 Mbits/sec  0.353 ms  0/4732 (0%)  
[  5] 182.00-183.00 sec   427 KBytes  3.50 Mbits/sec  0.375 ms  0/4374 (0%)  
[  5] 183.00-184.00 sec   426 KBytes  3.49 Mbits/sec  0.325 ms  0/4366 (0%)  
[  5] 184.00-185.00 sec   424 KBytes  3.47 Mbits/sec  0.290 ms  0/4343 (0%)  
[  5] 185.00-186.00 sec   419 KBytes  3.43 Mbits/sec  0.314 ms  0/4288 (0%)  
[  5] 186.00-187.00 sec   418 KBytes  3.42 Mbits/sec  0.344 ms  0/4280 (0%)  
[  5] 187.00-188.00 sec   426 KBytes  3.49 Mbits/sec  0.340 ms  0/4362 (0%)  
[  5] 188.00-189.00 sec   419 KBytes  3.43 Mbits/sec  0.305 ms  0/4286 (0%)  
[  5] 189.00-190.00 sec   421 KBytes  3.45 Mbits/sec  0.371 ms  0/4314 (0%)  
[  5] 190.00-191.00 sec   413 KBytes  3.38 Mbits/sec  0.300 ms  0/4230 (0%)  
[  5] 191.00-192.00 sec   397 KBytes  3.25 Mbits/sec  0.359 ms  0/4065 (0%)  
[  5] 192.00-193.00 sec   349 KBytes  2.86 Mbits/sec  0.352 ms  0/3575 (0%)  
[  5] 193.00-194.00 sec   351 KBytes  2.87 Mbits/sec  0.364 ms  0/3592 (0%)  
[  5] 194.00-195.00 sec   350 KBytes  2.87 Mbits/sec  0.458 ms  0/3588 (0%)  
[  5] 195.00-196.00 sec   355 KBytes  2.91 Mbits/sec  0.335 ms  0/3638 (0%)  
[  5] 196.00-197.00 sec   364 KBytes  2.98 Mbits/sec  0.312 ms  0/3731 (0%)  
[  5] 197.00-198.00 sec   366 KBytes  3.00 Mbits/sec  0.415 ms  0/3750 (0%)  
[  5] 198.00-199.00 sec   359 KBytes  2.94 Mbits/sec  0.372 ms  0/3681 (0%)  
[  5] 199.00-200.00 sec   356 KBytes  2.92 Mbits/sec  0.394 ms  0/3648 (0%)  
[  5] 200.00-201.00 sec   359 KBytes  2.94 Mbits/sec  0.389 ms  0/3676 (0%)  
[  5] 201.00-202.00 sec   371 KBytes  3.04 Mbits/sec  0.634 ms  0/3802 (0%)  
[  5] 202.00-203.00 sec   428 KBytes  3.51 Mbits/sec  0.338 ms  0/4386 (0%)  
[  5] 203.00-204.00 sec   433 KBytes  3.55 Mbits/sec  0.331 ms  0/4435 (0%)  
[  5] 204.00-205.00 sec   438 KBytes  3.58 Mbits/sec  0.317 ms  0/4482 (0%)  
[  5] 205.00-206.00 sec   421 KBytes  3.45 Mbits/sec  0.416 ms  0/4312 (0%)  
[  5] 206.00-207.00 sec   423 KBytes  3.46 Mbits/sec  0.385 ms  0/4331 (0%)  
[  5] 207.00-208.00 sec   426 KBytes  3.50 Mbits/sec  0.296 ms  0/4366 (0%)  
[  5] 208.00-209.00 sec   419 KBytes  3.43 Mbits/sec  0.417 ms  0/4286 (0%)  
[  5] 209.00-210.00 sec   419 KBytes  3.44 Mbits/sec  0.328 ms  0/4293 (0%)  
[  5] 210.00-211.00 sec   422 KBytes  3.45 Mbits/sec  0.356 ms  0/4318 (0%)  
[  5] 211.00-212.00 sec   416 KBytes  3.41 Mbits/sec  0.397 ms  0/4261 (0%)  
[  5] 212.00-213.00 sec   367 KBytes  3.00 Mbits/sec  0.336 ms  0/3754 (0%)  
[  5] 213.00-214.00 sec   364 KBytes  2.99 Mbits/sec  0.348 ms  0/3731 (0%)  
[  5] 214.00-215.00 sec   367 KBytes  3.00 Mbits/sec  0.366 ms  0/3754 (0%)  
[  5] 215.00-216.00 sec   364 KBytes  2.99 Mbits/sec  0.366 ms  0/3731 (0%)  
[  5] 216.00-217.00 sec   380 KBytes  3.11 Mbits/sec  0.328 ms  0/3894 (0%)  
[  5] 217.00-218.00 sec   420 KBytes  3.44 Mbits/sec  0.285 ms  0/4297 (0%)  
[  5] 218.00-219.00 sec   420 KBytes  3.44 Mbits/sec  0.367 ms  0/4300 (0%)  
[  5] 219.00-220.00 sec   420 KBytes  3.44 Mbits/sec  0.346 ms  0/4298 (0%)  
[  5] 220.00-221.00 sec   418 KBytes  3.43 Mbits/sec  0.322 ms  0/4282 (0%)  
[  5] 221.00-222.00 sec   428 KBytes  3.51 Mbits/sec  0.393 ms  0/4383 (0%)  
[  5] 222.00-223.00 sec   469 KBytes  3.84 Mbits/sec  0.329 ms  0/4802 (0%)  
[  5] 223.00-224.00 sec   470 KBytes  3.85 Mbits/sec  0.318 ms  0/4808 (0%)  
[  5] 224.00-225.00 sec   471 KBytes  3.86 Mbits/sec  0.426 ms  0/4826 (0%)  
[  5] 225.00-226.00 sec   470 KBytes  3.85 Mbits/sec  0.338 ms  0/4809 (0%)  
[  5] 226.00-227.00 sec   461 KBytes  3.78 Mbits/sec  0.312 ms  0/4722 (0%)  
[  5] 227.00-228.00 sec   470 KBytes  3.85 Mbits/sec  0.367 ms  0/4815 (0%)  
[  5] 228.00-229.00 sec   472 KBytes  3.87 Mbits/sec  0.338 ms  0/4831 (0%)  
[  5] 229.00-230.00 sec   471 KBytes  3.86 Mbits/sec  0.293 ms  0/4820 (0%)  
[  5] 230.00-231.00 sec   479 KBytes  3.93 Mbits/sec  0.289 ms  0/4910 (0%)  
[  5] 231.00-232.00 sec   473 KBytes  3.87 Mbits/sec  0.379 ms  0/4845 (0%)  
[  5] 232.00-233.00 sec   472 KBytes  3.87 Mbits/sec  0.317 ms  0/4838 (0%)  
[  5] 233.00-234.00 sec   469 KBytes  3.85 Mbits/sec  0.279 ms  0/4807 (0%)  
[  5] 234.00-235.00 sec   459 KBytes  3.76 Mbits/sec  0.289 ms  0/4698 (0%)  
[  5] 235.00-236.00 sec   451 KBytes  3.69 Mbits/sec  0.342 ms  0/4614 (0%)  
[  5] 236.00-237.00 sec   452 KBytes  3.71 Mbits/sec  0.323 ms  0/4633 (0%)  
[  5] 237.00-238.00 sec   421 KBytes  3.45 Mbits/sec  0.307 ms  0/4312 (0%)  
[  5] 238.00-239.00 sec   421 KBytes  3.44 Mbits/sec  0.356 ms  0/4307 (0%)  
[  5] 239.00-240.00 sec   428 KBytes  3.51 Mbits/sec  0.301 ms  0/4383 (0%)  
[  5] 240.00-241.00 sec   430 KBytes  3.52 Mbits/sec  0.310 ms  0/4406 (0%)  
[  5] 241.00-242.00 sec   414 KBytes  3.39 Mbits/sec  0.331 ms  0/4241 (0%)  
[  5] 242.00-243.00 sec   355 KBytes  2.91 Mbits/sec  0.373 ms  0/3635 (0%)  
[  5] 243.00-244.00 sec   357 KBytes  2.93 Mbits/sec  0.535 ms  0/3657 (0%)  
[  5] 244.00-245.00 sec   360 KBytes  2.95 Mbits/sec  0.377 ms  0/3690 (0%)  
[  5] 245.00-246.00 sec   362 KBytes  2.96 Mbits/sec  0.331 ms  0/3702 (0%)  
[  5] 246.00-247.00 sec   378 KBytes  3.10 Mbits/sec  0.307 ms  0/3870 (0%)  
[  5] 247.00-248.00 sec   432 KBytes  3.54 Mbits/sec  0.277 ms  0/4428 (0%)  
[  5] 248.00-249.00 sec   432 KBytes  3.54 Mbits/sec  0.327 ms  0/4421 (0%)  
[  5] 249.00-250.00 sec   421 KBytes  3.45 Mbits/sec  0.346 ms  0/4314 (0%)  
[  5] 250.00-251.00 sec   417 KBytes  3.42 Mbits/sec  0.291 ms  0/4274 (0%)  
[  5] 251.00-252.00 sec   414 KBytes  3.39 Mbits/sec  0.309 ms  0/4235 (0%)  
[  5] 252.00-253.00 sec   420 KBytes  3.44 Mbits/sec  0.380 ms  0/4302 (0%)  
[  5] 253.00-254.00 sec   428 KBytes  3.51 Mbits/sec  0.284 ms  0/4382 (0%)  
[  5] 254.00-255.00 sec   428 KBytes  3.50 Mbits/sec  0.320 ms  0/4378 (0%)  
[  5] 255.00-256.00 sec   432 KBytes  3.54 Mbits/sec  0.395 ms  0/4423 (0%)  
[  5] 256.00-257.00 sec   425 KBytes  3.48 Mbits/sec  0.386 ms  0/4349 (0%)  
[  5] 257.00-258.00 sec   366 KBytes  3.00 Mbits/sec  0.412 ms  0/3750 (0%)  
[  5] 258.00-259.00 sec   362 KBytes  2.97 Mbits/sec  0.356 ms  0/3710 (0%)  
[  5] 259.00-260.00 sec   364 KBytes  2.99 Mbits/sec  0.344 ms  0/3732 (0%)  
[  5] 260.00-261.00 sec   364 KBytes  2.98 Mbits/sec  0.345 ms  0/3727 (0%)  
[  5] 261.00-262.00 sec   369 KBytes  3.02 Mbits/sec  0.380 ms  0/3777 (0%)  
[  5] 262.00-263.00 sec   358 KBytes  2.93 Mbits/sec  0.404 ms  0/3666 (0%)  
[  5] 263.00-264.00 sec   360 KBytes  2.95 Mbits/sec  0.329 ms  0/3690 (0%)  
[  5] 264.00-265.00 sec   348 KBytes  2.85 Mbits/sec  0.304 ms  0/3562 (0%)  
[  5] 265.00-266.00 sec   352 KBytes  2.89 Mbits/sec  0.348 ms  0/3607 (0%)  
[  5] 266.00-267.00 sec   353 KBytes  2.89 Mbits/sec  0.333 ms  0/3615 (0%)  
[  5] 267.00-268.00 sec   413 KBytes  3.39 Mbits/sec  0.316 ms  0/4232 (0%)  
[  5] 268.00-269.00 sec   423 KBytes  3.46 Mbits/sec  0.301 ms  0/4327 (0%)  
[  5] 269.00-270.00 sec   428 KBytes  3.51 Mbits/sec  0.332 ms  0/4383 (0%)  
[  5] 270.00-271.00 sec   433 KBytes  3.55 Mbits/sec  0.293 ms  0/4438 (0%)  
[  5] 271.00-272.00 sec   431 KBytes  3.53 Mbits/sec  0.340 ms  0/4416 (0%)  
[  5] 272.00-273.00 sec   425 KBytes  3.48 Mbits/sec  0.396 ms  0/4352 (0%)  
[  5] 273.00-274.00 sec   423 KBytes  3.46 Mbits/sec  0.282 ms  0/4329 (0%)  
[  5] 274.00-275.00 sec   424 KBytes  3.47 Mbits/sec  0.340 ms  0/4338 (0%)  
[  5] 275.00-276.00 sec   422 KBytes  3.45 Mbits/sec  0.324 ms  0/4317 (0%)  
[  5] 276.00-277.00 sec   412 KBytes  3.37 Mbits/sec  0.313 ms  0/4216 (0%)  
[  5] 277.00-278.00 sec   367 KBytes  3.01 Mbits/sec  0.341 ms  0/3758 (0%)  
[  5] 278.00-279.00 sec   363 KBytes  2.97 Mbits/sec  0.372 ms  0/3713 (0%)  
[  5] 279.00-280.00 sec   353 KBytes  2.89 Mbits/sec  0.430 ms  0/3614 (0%)  
[  5] 280.00-281.00 sec   355 KBytes  2.91 Mbits/sec  0.452 ms  0/3639 (0%)  
[  5] 281.00-282.00 sec   358 KBytes  2.94 Mbits/sec  0.392 ms  0/3671 (0%)  
[  5] 282.00-283.00 sec   352 KBytes  2.89 Mbits/sec  0.351 ms  0/3607 (0%)  
[  5] 283.00-284.00 sec   345 KBytes  2.82 Mbits/sec  0.349 ms  0/3528 (0%)  
[  5] 284.00-285.00 sec   351 KBytes  2.87 Mbits/sec  0.447 ms  0/3598 (0%)  
[  5] 285.00-286.00 sec   364 KBytes  2.99 Mbits/sec  0.351 ms  0/3727 (0%)  
[  5] 286.00-287.00 sec   362 KBytes  2.96 Mbits/sec  0.373 ms  0/3704 (0%)  
[  5] 287.00-288.00 sec   358 KBytes  2.94 Mbits/sec  0.483 ms  0/3671 (0%)  
[  5] 288.00-289.00 sec   360 KBytes  2.95 Mbits/sec  0.364 ms  0/3685 (0%)  
[  5] 289.00-290.00 sec   358 KBytes  2.93 Mbits/sec  0.329 ms  0/3662 (0%)  
[  5] 290.00-291.00 sec   360 KBytes  2.95 Mbits/sec  0.459 ms  0/3687 (0%)  
[  5] 291.00-292.00 sec   297 KBytes  2.43 Mbits/sec  0.259 ms  8/3049 (0.26%)  
[  5] 292.00-293.00 sec   369 KBytes  3.02 Mbits/sec  0.222 ms  287/4068 (7.1%)  
[  5] 293.00-294.00 sec   435 KBytes  3.57 Mbits/sec  0.209 ms  501/4959 (10%)  
[  5] 294.00-295.00 sec   372 KBytes  3.04 Mbits/sec  0.200 ms  268/4073 (6.6%)  
[  5] 295.00-296.00 sec   384 KBytes  3.15 Mbits/sec  0.206 ms  583/4517 (13%)  
[  5] 296.00-297.00 sec   428 KBytes  3.50 Mbits/sec  0.218 ms  329/4707 (7%)  
[  5] 297.00-298.00 sec   420 KBytes  3.44 Mbits/sec  0.215 ms  1042/5342 (20%)  
[  5] 298.00-299.00 sec   433 KBytes  3.54 Mbits/sec  0.218 ms  1015/5444 (19%)  
[  5] 299.00-300.00 sec   336 KBytes  2.75 Mbits/sec  0.218 ms  1386/4829 (29%)  
[  5] 300.00-301.00 sec   416 KBytes  3.41 Mbits/sec  0.202 ms  1185/5445 (22%)  
[  5] 301.00-302.00 sec   427 KBytes  3.49 Mbits/sec  0.216 ms  1158/5527 (21%)  
[  5] 302.00-303.00 sec   362 KBytes  2.97 Mbits/sec  0.246 ms  1147/4856 (24%)  
[  5] 303.00-304.00 sec   354 KBytes  2.90 Mbits/sec  0.208 ms  1030/4654 (22%)  
[  5] 304.00-305.00 sec   352 KBytes  2.89 Mbits/sec  0.232 ms  994/4601 (22%)  
[  5] 305.00-306.00 sec   335 KBytes  2.74 Mbits/sec  0.210 ms  1065/4491 (24%)  
[  5] 306.00-307.00 sec   365 KBytes  2.99 Mbits/sec  0.213 ms  937/4677 (20%)  
[  5] 307.00-308.00 sec   339 KBytes  2.77 Mbits/sec  0.271 ms  1055/4522 (23%)  
[  5] 308.00-309.00 sec   367 KBytes  3.01 Mbits/sec  0.197 ms  929/4688 (20%)  
[  5] 309.00-310.00 sec   313 KBytes  2.56 Mbits/sec  0.192 ms  717/3919 (18%)  
[  5] 310.00-311.00 sec   348 KBytes  2.85 Mbits/sec  0.212 ms  1129/4695 (24%)  
[  5] 311.00-312.00 sec   387 KBytes  3.17 Mbits/sec  0.213 ms  185/4149 (4.5%)  
[  5] 312.00-313.00 sec   288 KBytes  2.36 Mbits/sec  0.222 ms  223/3168 (7%)  
[  5] 313.00-314.00 sec   350 KBytes  2.86 Mbits/sec  0.217 ms  371/3957 (9.4%)  
[  5] 314.00-315.00 sec   310 KBytes  2.55 Mbits/sec  0.216 ms  303/3481 (8.7%)  
[  5] 315.00-316.00 sec   323 KBytes  2.65 Mbits/sec  0.206 ms  202/3513 (5.8%)  
[  5] 316.00-317.00 sec   300 KBytes  2.46 Mbits/sec  0.214 ms  251/3319 (7.6%)  
[  5] 317.00-318.00 sec   397 KBytes  3.25 Mbits/sec  0.480 ms  250/4313 (5.8%)  
[  5] 318.00-319.00 sec   274 KBytes  2.25 Mbits/sec  0.215 ms  117/2924 (4%)  
[  5] 319.00-320.00 sec   355 KBytes  2.91 Mbits/sec  0.211 ms  128/3767 (3.4%)  
[  5] 320.00-321.00 sec   342 KBytes  2.80 Mbits/sec  0.410 ms  381/3884 (9.8%)  
[  5] 321.00-322.00 sec   317 KBytes  2.60 Mbits/sec  0.203 ms  172/3422 (5%)  
[  5] 322.00-323.00 sec   312 KBytes  2.56 Mbits/sec  0.260 ms  238/3434 (6.9%)  
[  5] 323.00-324.00 sec   346 KBytes  2.83 Mbits/sec  0.218 ms  719/4259 (17%)  
[  5] 324.00-325.00 sec   284 KBytes  2.32 Mbits/sec  0.216 ms  966/3871 (25%)  
[  5] 325.00-326.00 sec   311 KBytes  2.55 Mbits/sec  0.828 ms  760/3945 (19%)  
[  5] 326.00-327.00 sec   361 KBytes  2.96 Mbits/sec  0.212 ms  690/4391 (16%)  
[  5] 327.00-328.00 sec   326 KBytes  2.67 Mbits/sec  0.220 ms  672/4010 (17%)  
[  5] 328.00-329.00 sec   337 KBytes  2.76 Mbits/sec  0.219 ms  937/4383 (21%)  
[  5] 329.00-330.00 sec   309 KBytes  2.53 Mbits/sec  0.218 ms  787/3952 (20%)  
[  5] 330.00-331.00 sec   357 KBytes  2.92 Mbits/sec  0.214 ms  1137/4790 (24%)  
[  5] 331.00-332.00 sec   361 KBytes  2.96 Mbits/sec  0.210 ms  965/4659 (21%)  
[  5] 332.00-333.00 sec   302 KBytes  2.47 Mbits/sec  0.224 ms  1022/4113 (25%)  
[  5] 333.00-334.00 sec   317 KBytes  2.60 Mbits/sec  0.204 ms  724/3970 (18%)  
[  5] 334.00-335.00 sec   329 KBytes  2.69 Mbits/sec  0.214 ms  1532/4899 (31%)  
[  5] 335.00-336.00 sec   326 KBytes  2.67 Mbits/sec  0.211 ms  1075/4412 (24%)  
[  5] 336.00-337.00 sec   312 KBytes  2.55 Mbits/sec  0.674 ms  1825/5018 (36%)  
[  5] 337.00-338.00 sec   287 KBytes  2.35 Mbits/sec  0.221 ms  1374/4310 (32%)  
[  5] 338.00-339.00 sec   372 KBytes  3.05 Mbits/sec  0.183 ms  1152/4960 (23%)  
[  5] 339.00-340.00 sec   280 KBytes  2.29 Mbits/sec  0.236 ms  1419/4284 (33%)  
[  5] 340.00-341.00 sec   286 KBytes  2.34 Mbits/sec  0.270 ms  1267/4199 (30%)  
[  5] 341.00-342.00 sec   255 KBytes  2.09 Mbits/sec  0.298 ms  1630/4237 (38%)  
[  5] 342.00-343.00 sec   306 KBytes  2.50 Mbits/sec  0.423 ms  1125/4255 (26%)  
[  5] 343.00-344.00 sec   283 KBytes  2.32 Mbits/sec  0.212 ms  1291/4185 (31%)  
[  5] 344.00-345.00 sec   308 KBytes  2.52 Mbits/sec  0.205 ms  837/3991 (21%)  
[  5] 345.00-346.00 sec   320 KBytes  2.62 Mbits/sec  0.213 ms  979/4257 (23%)  
[  5] 346.00-347.00 sec   307 KBytes  2.51 Mbits/sec  0.222 ms  1240/4383 (28%)  
[  5] 347.00-348.00 sec   325 KBytes  2.67 Mbits/sec  0.219 ms  1593/4925 (32%)  
[  5] 348.00-349.00 sec   322 KBytes  2.64 Mbits/sec  0.220 ms  966/4265 (23%)  
[  5] 349.00-350.00 sec   313 KBytes  2.57 Mbits/sec  0.215 ms  874/4084 (21%)  
[  5] 350.00-351.00 sec   326 KBytes  2.67 Mbits/sec  0.221 ms  917/4254 (22%)  
[  5] 351.00-352.00 sec   348 KBytes  2.85 Mbits/sec  0.228 ms  1174/4741 (25%)  
[  5] 352.00-353.00 sec   333 KBytes  2.73 Mbits/sec  0.320 ms  1050/4458 (24%)  
[  5] 353.00-354.00 sec   328 KBytes  2.69 Mbits/sec  0.225 ms  1077/4441 (24%)  
[  5] 354.00-355.00 sec   354 KBytes  2.90 Mbits/sec  0.210 ms  1233/4853 (25%)  
[  5] 355.00-356.00 sec   318 KBytes  2.61 Mbits/sec  0.206 ms  1008/4269 (24%)  
[  5] 356.00-357.00 sec   308 KBytes  2.52 Mbits/sec  0.218 ms  1008/4164 (24%)  
[  5] 357.00-358.00 sec   298 KBytes  2.44 Mbits/sec  0.212 ms  1324/4371 (30%)  
[  5] 358.00-359.00 sec   317 KBytes  2.60 Mbits/sec  0.211 ms  894/4140 (22%)  
[  5] 359.00-360.00 sec   339 KBytes  2.78 Mbits/sec  0.238 ms  975/4445 (22%)  
[  5] 360.00-361.00 sec   317 KBytes  2.60 Mbits/sec  1.554 ms  1284/4530 (28%)  
[  5] 361.00-362.00 sec   342 KBytes  2.80 Mbits/sec  0.235 ms  1261/4765 (26%)  
[  5] 362.00-363.00 sec   327 KBytes  2.68 Mbits/sec  0.208 ms  1134/4481 (25%)  
[  5] 363.00-364.00 sec   354 KBytes  2.90 Mbits/sec  0.223 ms  1353/4981 (27%)  
[  5] 364.00-365.00 sec   313 KBytes  2.57 Mbits/sec  0.213 ms  1206/4416 (27%)  
[  5] 365.00-366.00 sec   325 KBytes  2.66 Mbits/sec  0.708 ms  1964/5287 (37%)  
[  5] 366.00-367.00 sec   277 KBytes  2.27 Mbits/sec  0.237 ms  1754/4587 (38%)  
[  5] 367.00-368.00 sec   325 KBytes  2.66 Mbits/sec  0.265 ms  1539/4863 (32%)  
[  5] 368.00-369.00 sec   344 KBytes  2.82 Mbits/sec  0.223 ms  1157/4677 (25%)  
[  5] 369.00-370.00 sec   323 KBytes  2.65 Mbits/sec  0.205 ms  1033/4340 (24%)  
[  5] 370.00-371.00 sec   318 KBytes  2.60 Mbits/sec  0.201 ms  1207/4463 (27%)  
[  5] 371.00-372.00 sec   309 KBytes  2.53 Mbits/sec  0.211 ms  1162/4327 (27%)  
[  5] 372.00-373.00 sec   326 KBytes  2.67 Mbits/sec  0.214 ms  1054/4391 (24%)  
[  5] 373.00-374.00 sec   308 KBytes  2.52 Mbits/sec  0.214 ms  968/4124 (23%)  
[  5] 374.00-375.00 sec   363 KBytes  2.97 Mbits/sec  0.217 ms  1015/4728 (21%)  
[  5] 375.00-376.00 sec   293 KBytes  2.40 Mbits/sec  0.220 ms  1104/4104 (27%)  
[  5] 376.00-377.00 sec   326 KBytes  2.67 Mbits/sec  0.214 ms  903/4241 (21%)  
[  5] 377.00-378.00 sec   356 KBytes  2.92 Mbits/sec  0.227 ms  1182/4829 (24%)  
[  5] 378.00-379.00 sec   306 KBytes  2.50 Mbits/sec  0.245 ms  1127/4257 (26%)  
[  5] 379.00-380.00 sec   319 KBytes  2.61 Mbits/sec  0.880 ms  1136/4402 (26%)  
[  5] 380.00-381.00 sec   290 KBytes  2.38 Mbits/sec  0.209 ms  1459/4432 (33%)  
[  5] 381.00-382.00 sec   317 KBytes  2.60 Mbits/sec  0.220 ms  1030/4276 (24%)  
[  5] 382.00-383.00 sec   326 KBytes  2.67 Mbits/sec  0.200 ms  1070/4407 (24%)  
[  5] 383.00-384.00 sec   320 KBytes  2.62 Mbits/sec  0.220 ms  1039/4318 (24%)  
[  5] 384.00-385.00 sec   355 KBytes  2.91 Mbits/sec  0.218 ms  1202/4837 (25%)  
[  5] 385.00-386.00 sec   300 KBytes  2.46 Mbits/sec  0.229 ms  1091/4164 (26%)  
[  5] 386.00-387.00 sec   360 KBytes  2.95 Mbits/sec  0.208 ms  1124/4808 (23%)  
[  5] 387.00-388.00 sec   272 KBytes  2.23 Mbits/sec  0.215 ms  826/3609 (23%)  
[  5] 388.00-389.00 sec   319 KBytes  2.61 Mbits/sec  0.218 ms  888/4153 (21%)  
[  5] 389.00-390.00 sec   295 KBytes  2.41 Mbits/sec  0.244 ms  1216/4233 (29%)  
[  5] 390.00-391.00 sec   326 KBytes  2.67 Mbits/sec  0.214 ms  924/4261 (22%)  
[  5] 391.00-392.00 sec   355 KBytes  2.91 Mbits/sec  0.216 ms  1095/4729 (23%)  
[  5] 392.00-393.00 sec   317 KBytes  2.60 Mbits/sec  0.214 ms  1047/4293 (24%)  
[  5] 393.00-394.00 sec   320 KBytes  2.62 Mbits/sec  0.229 ms  1332/4606 (29%)  
[  5] 394.00-395.00 sec   362 KBytes  2.97 Mbits/sec  0.344 ms  1303/5012 (26%)  
[  5] 395.00-396.00 sec   362 KBytes  2.97 Mbits/sec  0.237 ms  1567/5278 (30%)  
[  5] 396.00-397.00 sec   303 KBytes  2.49 Mbits/sec  0.219 ms  1387/4494 (31%)  
[  5] 397.00-398.00 sec   298 KBytes  2.44 Mbits/sec  0.494 ms  1036/4090 (25%)  
[  5] 398.00-399.00 sec   308 KBytes  2.52 Mbits/sec  0.210 ms  1459/4611 (32%)  
[  5] 399.00-400.00 sec   357 KBytes  2.92 Mbits/sec  0.219 ms  1130/4783 (24%)  
