Connecting to host 172.22.0.50, port 5202
Reverse mode, remote host 172.22.0.50 is sending
[  5] local 192.168.102.2 port 32961 connected to 172.22.0.50 port 5202
[ ID] Interval           Transfer     Bitrate         Jitter    Lost/Total Datagrams
[  5]   0.00-1.00   sec   440 KBytes  3.60 Mbits/sec  0.285 ms  0/4504 (0%)  
[  5]   1.00-2.00   sec   439 KBytes  3.60 Mbits/sec  0.324 ms  0/4497 (0%)  
[  5]   2.00-3.00   sec   439 KBytes  3.60 Mbits/sec  0.329 ms  0/4495 (0%)  
[  5]   3.00-4.00   sec   439 KBytes  3.60 Mbits/sec  0.324 ms  0/4500 (0%)  
[  5]   4.00-5.00   sec   438 KBytes  3.59 Mbits/sec  0.320 ms  0/4487 (0%)  
[  5]   5.00-6.00   sec   441 KBytes  3.61 Mbits/sec  0.355 ms  0/4514 (0%)  
[  5]   6.00-7.00   sec   439 KBytes  3.60 Mbits/sec  0.249 ms  0/4500 (0%)  
[  5]   7.00-8.00   sec   440 KBytes  3.60 Mbits/sec  0.274 ms  0/4501 (0%)  
[  5]   8.00-9.00   sec   439 KBytes  3.60 Mbits/sec  0.285 ms  0/4498 (0%)  
[  5]   9.00-10.00  sec   440 KBytes  3.61 Mbits/sec  0.311 ms  0/4509 (0%)  
[  5]  10.00-11.00  sec   438 KBytes  3.59 Mbits/sec  0.293 ms  0/4485 (0%)  
[  5]  11.00-12.00  sec   441 KBytes  3.61 Mbits/sec  0.322 ms  0/4514 (0%)  
[  5]  12.00-13.00  sec   435 KBytes  3.56 Mbits/sec  0.571 ms  0/4454 (0%)  
[  5]  13.00-14.00  sec   443 KBytes  3.63 Mbits/sec  0.243 ms  0/4540 (0%)  
[  5]  14.00-15.00  sec   439 KBytes  3.59 Mbits/sec  0.372 ms  0/4495 (0%)  
[  5]  15.00-16.00  sec   436 KBytes  3.58 Mbits/sec  0.328 ms  0/4462 (0%)  
[  5]  16.00-17.00  sec   444 KBytes  3.64 Mbits/sec  0.243 ms  0/4545 (0%)  
[  5]  17.00-18.00  sec   438 KBytes  3.59 Mbits/sec  0.318 ms  0/4489 (0%)  
[  5]  18.00-19.00  sec   355 KBytes  2.91 Mbits/sec  0.292 ms  0/3637 (0%)  
[  5]  19.00-20.00  sec   360 KBytes  2.95 Mbits/sec  0.253 ms  0/3686 (0%)  
[  5]  20.00-21.00  sec   363 KBytes  2.97 Mbits/sec  0.399 ms  0/3716 (0%)  
[  5]  21.00-22.00  sec   360 KBytes  2.95 Mbits/sec  0.377 ms  0/3690 (0%)  
[  5]  22.00-23.00  sec   354 KBytes  2.90 Mbits/sec  0.380 ms  0/3622 (0%)  
[  5]  23.00-24.00  sec   352 KBytes  2.88 Mbits/sec  0.371 ms  0/3602 (0%)  
[  5]  24.00-25.00  sec   365 KBytes  2.99 Mbits/sec  0.368 ms  0/3736 (0%)  
[  5]  25.00-26.00  sec   361 KBytes  2.96 Mbits/sec  0.412 ms  0/3695 (0%)  
[  5]  26.00-27.00  sec   364 KBytes  2.98 Mbits/sec  0.395 ms  0/3723 (0%)  
[  5]  27.00-28.00  sec   355 KBytes  2.90 Mbits/sec  0.343 ms  0/3633 (0%)  
[  5]  28.00-29.00  sec   343 KBytes  2.82 Mbits/sec  0.320 ms  0/3517 (0%)  
[  5]  29.00-30.00  sec   350 KBytes  2.87 Mbits/sec  0.312 ms  0/3586 (0%)  
[  5]  30.00-31.00  sec   339 KBytes  2.78 Mbits/sec  0.406 ms  0/3473 (0%)  
[  5]  31.00-32.00  sec   338 KBytes  2.77 Mbits/sec  0.337 ms  0/3461 (0%)  
[  5]  32.00-33.00  sec   350 KBytes  2.86 Mbits/sec  0.374 ms  0/3579 (0%)  
[  5]  33.00-34.00  sec   350 KBytes  2.86 Mbits/sec  0.349 ms  0/3581 (0%)  
[  5]  34.00-35.00  sec   350 KBytes  2.87 Mbits/sec  0.364 ms  0/3584 (0%)  
[  5]  35.00-36.00  sec   350 KBytes  2.86 Mbits/sec  0.312 ms  0/3580 (0%)  
[  5]  36.00-37.00  sec   351 KBytes  2.88 Mbits/sec  0.403 ms  0/3594 (0%)  
[  5]  37.00-38.00  sec   352 KBytes  2.88 Mbits/sec  0.381 ms  0/3602 (0%)  
[  5]  38.00-39.00  sec   353 KBytes  2.89 Mbits/sec  0.352 ms  0/3617 (0%)  
[  5]  39.00-40.00  sec   358 KBytes  2.93 Mbits/sec  0.369 ms  0/3662 (0%)  
[  5]  40.00-41.00  sec   355 KBytes  2.91 Mbits/sec  0.338 ms  0/3635 (0%)  
[  5]  41.00-42.00  sec   361 KBytes  2.96 Mbits/sec  0.330 ms  0/3696 (0%)  
[  5]  42.00-43.00  sec   363 KBytes  2.98 Mbits/sec  0.340 ms  0/3721 (0%)  
[  5]  43.00-44.00  sec   362 KBytes  2.97 Mbits/sec  0.429 ms  0/3709 (0%)  
[  5]  44.00-45.00  sec   360 KBytes  2.95 Mbits/sec  0.374 ms  0/3686 (0%)  
[  5]  45.00-46.00  sec   364 KBytes  2.99 Mbits/sec  0.392 ms  0/3731 (0%)  
[  5]  46.00-47.00  sec   358 KBytes  2.93 Mbits/sec  0.341 ms  0/3662 (0%)  
[  5]  47.00-48.00  sec   355 KBytes  2.91 Mbits/sec  0.438 ms  0/3639 (0%)  
[  5]  48.00-49.00  sec   355 KBytes  2.91 Mbits/sec  0.397 ms  0/3639 (0%)  
[  5]  49.00-50.00  sec   357 KBytes  2.92 Mbits/sec  0.732 ms  0/3653 (0%)  
[  5]  50.00-51.00  sec   362 KBytes  2.96 Mbits/sec  0.353 ms  0/3704 (0%)  
[  5]  51.00-52.00  sec   361 KBytes  2.96 Mbits/sec  0.559 ms  0/3700 (0%)  
[  5]  52.00-53.00  sec   362 KBytes  2.97 Mbits/sec  0.460 ms  0/3708 (0%)  
[  5]  53.00-54.00  sec   355 KBytes  2.91 Mbits/sec  0.473 ms  0/3639 (0%)  
[  5]  54.00-55.00  sec   356 KBytes  2.92 Mbits/sec  0.349 ms  0/3644 (0%)  
[  5]  55.00-56.00  sec   353 KBytes  2.89 Mbits/sec  0.368 ms  0/3617 (0%)  
[  5]  56.00-57.00  sec   356 KBytes  2.92 Mbits/sec  0.339 ms  0/3648 (0%)  
[  5]  57.00-58.00  sec   359 KBytes  2.94 Mbits/sec  0.349 ms  0/3681 (0%)  
[  5]  58.00-59.00  sec   346 KBytes  2.83 Mbits/sec  0.358 ms  0/3539 (0%)  
[  5]  59.00-60.00  sec   350 KBytes  2.86 Mbits/sec  0.313 ms  0/3579 (0%)  
[  5]  60.00-61.00  sec   349 KBytes  2.86 Mbits/sec  0.375 ms  0/3571 (0%)  
[  5]  61.00-62.00  sec   350 KBytes  2.86 Mbits/sec  0.343 ms  0/3581 (0%)  
[  5]  62.00-63.00  sec   349 KBytes  2.86 Mbits/sec  0.492 ms  0/3573 (0%)  
[  5]  63.00-64.00  sec   349 KBytes  2.86 Mbits/sec  0.393 ms  0/3577 (0%)  
[  5]  64.00-65.00  sec   347 KBytes  2.84 Mbits/sec  0.333 ms  0/3549 (0%)  
[  5]  65.00-66.00  sec   353 KBytes  2.89 Mbits/sec  0.371 ms  0/3611 (0%)  
[  5]  66.00-67.00  sec   354 KBytes  2.90 Mbits/sec  0.437 ms  0/3624 (0%)  
[  5]  67.00-68.00  sec   350 KBytes  2.87 Mbits/sec  0.343 ms  0/3588 (0%)  
[  5]  68.00-69.00  sec   349 KBytes  2.86 Mbits/sec  0.349 ms  0/3575 (0%)  
[  5]  69.00-70.00  sec   356 KBytes  2.92 Mbits/sec  0.312 ms  0/3643 (0%)  
[  5]  70.00-71.00  sec   347 KBytes  2.85 Mbits/sec  0.387 ms  0/3557 (0%)  
[  5]  71.00-72.00  sec   346 KBytes  2.84 Mbits/sec  0.375 ms  0/3548 (0%)  
[  5]  72.00-73.00  sec   346 KBytes  2.84 Mbits/sec  0.380 ms  0/3547 (0%)  
[  5]  73.00-74.00  sec   345 KBytes  2.82 Mbits/sec  0.344 ms  0/3531 (0%)  
[  5]  74.00-75.00  sec   346 KBytes  2.84 Mbits/sec  0.354 ms  0/3548 (0%)  
[  5]  75.00-76.00  sec   349 KBytes  2.86 Mbits/sec  0.388 ms  0/3575 (0%)  
[  5]  76.00-77.00  sec   355 KBytes  2.91 Mbits/sec  0.366 ms  0/3639 (0%)  
[  5]  77.00-78.00  sec   354 KBytes  2.90 Mbits/sec  0.381 ms  0/3621 (0%)  
[  5]  78.00-79.00  sec   351 KBytes  2.88 Mbits/sec  0.388 ms  0/3594 (0%)  
[  5]  79.00-80.00  sec   342 KBytes  2.80 Mbits/sec  0.374 ms  0/3497 (0%)  
[  5]  80.00-81.00  sec   349 KBytes  2.86 Mbits/sec  0.387 ms  0/3577 (0%)  
[  5]  81.00-82.00  sec   356 KBytes  2.92 Mbits/sec  0.335 ms  0/3644 (0%)  
[  5]  82.00-83.00  sec   356 KBytes  2.92 Mbits/sec  0.389 ms  0/3648 (0%)  
[  5]  83.00-84.00  sec   355 KBytes  2.91 Mbits/sec  0.329 ms  0/3639 (0%)  
[  5]  84.00-85.00  sec   359 KBytes  2.94 Mbits/sec  0.399 ms  0/3673 (0%)  
[  5]  85.00-86.00  sec   354 KBytes  2.90 Mbits/sec  0.474 ms  0/3620 (0%)  
[  5]  86.00-87.00  sec   356 KBytes  2.92 Mbits/sec  0.478 ms  0/3648 (0%)  
[  5]  87.00-88.00  sec   347 KBytes  2.84 Mbits/sec  0.388 ms  0/3554 (0%)  
[  5]  88.00-89.00  sec   329 KBytes  2.70 Mbits/sec  0.341 ms  0/3373 (0%)  
[  5]  89.00-90.00  sec   340 KBytes  2.78 Mbits/sec  0.349 ms  0/3479 (0%)  
[  5]  90.00-91.00  sec   348 KBytes  2.86 Mbits/sec  0.412 ms  0/3568 (0%)  
[  5]  91.00-92.00  sec   349 KBytes  2.85 Mbits/sec  0.484 ms  0/3570 (0%)  
[  5]  92.00-93.00  sec   350 KBytes  2.87 Mbits/sec  0.368 ms  0/3580 (0%)  
[  5]  93.00-94.00  sec   350 KBytes  2.87 Mbits/sec  0.425 ms  0/3585 (0%)  
[  5]  94.00-95.00  sec   354 KBytes  2.90 Mbits/sec  0.347 ms  0/3621 (0%)  
[  5]  95.00-96.00  sec   347 KBytes  2.85 Mbits/sec  0.392 ms  0/3558 (0%)  
[  5]  96.00-97.00  sec   348 KBytes  2.85 Mbits/sec  0.345 ms  0/3565 (0%)  
[  5]  97.00-98.00  sec   347 KBytes  2.84 Mbits/sec  0.409 ms  0/3554 (0%)  
[  5]  98.00-99.00  sec   350 KBytes  2.86 Mbits/sec  0.349 ms  0/3579 (0%)  
[  5]  99.00-100.00 sec   348 KBytes  2.85 Mbits/sec  0.294 ms  0/3566 (0%)  
[  5] 100.00-101.00 sec   352 KBytes  2.89 Mbits/sec  0.294 ms  0/3607 (0%)  
[  5] 101.00-102.00 sec   353 KBytes  2.89 Mbits/sec  0.409 ms  0/3612 (0%)  
[  5] 102.00-103.00 sec   354 KBytes  2.90 Mbits/sec  0.346 ms  0/3627 (0%)  
[  5] 103.00-104.00 sec   335 KBytes  2.75 Mbits/sec  0.333 ms  0/3433 (0%)  
[  5] 104.00-105.00 sec   339 KBytes  2.78 Mbits/sec  0.393 ms  0/3475 (0%)  
[  5] 105.00-106.00 sec   345 KBytes  2.82 Mbits/sec  0.367 ms  0/3529 (0%)  
[  5] 106.00-107.00 sec   347 KBytes  2.84 Mbits/sec  0.284 ms  0/3552 (0%)  
[  5] 107.00-108.00 sec   342 KBytes  2.81 Mbits/sec  0.377 ms  0/3507 (0%)  
[  5] 108.00-109.00 sec   345 KBytes  2.82 Mbits/sec  0.325 ms  0/3530 (0%)  
[  5] 109.00-110.00 sec   350 KBytes  2.86 Mbits/sec  0.327 ms  0/3579 (0%)  
[  5] 110.00-111.00 sec   347 KBytes  2.84 Mbits/sec  0.407 ms  0/3554 (0%)  
[  5] 111.00-112.00 sec   350 KBytes  2.87 Mbits/sec  0.351 ms  0/3584 (0%)  
[  5] 112.00-113.00 sec   342 KBytes  2.81 Mbits/sec  0.307 ms  0/3507 (0%)  
[  5] 113.00-114.00 sec   348 KBytes  2.85 Mbits/sec  0.303 ms  0/3561 (0%)  
[  5] 114.00-115.00 sec   350 KBytes  2.87 Mbits/sec  0.359 ms  0/3585 (0%)  
[  5] 115.00-116.00 sec   352 KBytes  2.88 Mbits/sec  0.363 ms  0/3604 (0%)  
[  5] 116.00-117.00 sec   351 KBytes  2.88 Mbits/sec  0.419 ms  0/3598 (0%)  
[  5] 117.00-118.00 sec   351 KBytes  2.88 Mbits/sec  0.318 ms  0/3598 (0%)  
[  5] 118.00-119.00 sec   340 KBytes  2.79 Mbits/sec  0.362 ms  0/3483 (0%)  
[  5] 119.00-120.00 sec   338 KBytes  2.77 Mbits/sec  0.300 ms  0/3466 (0%)  
[  5] 120.00-121.00 sec   338 KBytes  2.77 Mbits/sec  0.368 ms  0/3465 (0%)  
[  5] 121.00-122.00 sec   340 KBytes  2.79 Mbits/sec  0.357 ms  0/3485 (0%)  
[  5] 122.00-123.00 sec   351 KBytes  2.87 Mbits/sec  0.307 ms  0/3594 (0%)  
[  5] 123.00-124.00 sec   353 KBytes  2.89 Mbits/sec  0.385 ms  0/3612 (0%)  
[  5] 124.00-125.00 sec   352 KBytes  2.88 Mbits/sec  0.307 ms  0/3606 (0%)  
[  5] 125.00-126.00 sec   283 KBytes  2.32 Mbits/sec  0.206 ms  930/3833 (24%)  
[  5] 126.00-127.00 sec   362 KBytes  2.97 Mbits/sec  0.214 ms  1083/4791 (23%)  
[  5] 127.00-128.00 sec   310 KBytes  2.54 Mbits/sec  0.227 ms  1061/4234 (25%)  
[  5] 128.00-129.00 sec   361 KBytes  2.96 Mbits/sec  0.209 ms  1043/4740 (22%)  
[  5] 129.00-130.00 sec   326 KBytes  2.67 Mbits/sec  0.214 ms  922/4259 (22%)  
[  5] 130.00-131.00 sec   332 KBytes  2.72 Mbits/sec  0.285 ms  1322/4725 (28%)  
[  5] 131.00-132.00 sec   358 KBytes  2.93 Mbits/sec  0.226 ms  994/4660 (21%)  
[  5] 132.00-133.00 sec   286 KBytes  2.34 Mbits/sec  0.218 ms  1238/4166 (30%)  
[  5] 133.00-134.00 sec   334 KBytes  2.74 Mbits/sec  0.215 ms  1302/4724 (28%)  
[  5] 134.00-135.00 sec   326 KBytes  2.67 Mbits/sec  0.217 ms  946/4283 (22%)  
[  5] 135.00-136.00 sec   355 KBytes  2.91 Mbits/sec  0.213 ms  1024/4663 (22%)  
[  5] 136.00-137.00 sec   317 KBytes  2.59 Mbits/sec  0.214 ms  811/4053 (20%)  
[  5] 137.00-138.00 sec   315 KBytes  2.58 Mbits/sec  0.218 ms  945/4166 (23%)  
[  5] 138.00-139.00 sec   338 KBytes  2.77 Mbits/sec  0.214 ms  1192/4654 (26%)  
[  5] 139.00-140.00 sec   324 KBytes  2.65 Mbits/sec  0.212 ms  879/4196 (21%)  
[  5] 140.00-141.00 sec   349 KBytes  2.86 Mbits/sec  0.210 ms  1221/4794 (25%)  
[  5] 141.00-142.00 sec   371 KBytes  3.04 Mbits/sec  0.202 ms  1173/4977 (24%)  
[  5] 142.00-143.00 sec   288 KBytes  2.36 Mbits/sec  0.285 ms  1045/3990 (26%)  
[  5] 143.00-144.00 sec   351 KBytes  2.88 Mbits/sec  0.212 ms  1427/5023 (28%)  
[  5] 144.00-145.00 sec   361 KBytes  2.95 Mbits/sec  0.215 ms  953/4646 (21%)  
[  5] 145.00-146.00 sec   302 KBytes  2.47 Mbits/sec  0.220 ms  1068/4163 (26%)  
[  5] 146.00-147.00 sec   349 KBytes  2.86 Mbits/sec  0.208 ms  1070/4647 (23%)  
[  5] 147.00-148.00 sec   270 KBytes  2.21 Mbits/sec  0.213 ms  1252/4013 (31%)  
[  5] 148.00-149.00 sec   349 KBytes  2.86 Mbits/sec  0.216 ms  1147/4721 (24%)  
[  5] 149.00-150.00 sec   317 KBytes  2.59 Mbits/sec  0.208 ms  916/4157 (22%)  
[  5] 150.00-151.00 sec   362 KBytes  2.96 Mbits/sec  0.207 ms  1148/4850 (24%)  
[  5] 151.00-152.00 sec   312 KBytes  2.56 Mbits/sec  0.211 ms  872/4069 (21%)  
[  5] 152.00-153.00 sec   311 KBytes  2.55 Mbits/sec  0.218 ms  901/4090 (22%)  
[  5] 153.00-154.00 sec   370 KBytes  3.03 Mbits/sec  0.208 ms  1004/4792 (21%)  
[  5] 154.00-155.00 sec   315 KBytes  2.58 Mbits/sec  0.219 ms  880/4106 (21%)  
[  5] 155.00-156.00 sec   313 KBytes  2.56 Mbits/sec  0.221 ms  1121/4323 (26%)  
[  5] 156.00-157.00 sec   362 KBytes  2.96 Mbits/sec  0.212 ms  1088/4797 (23%)  
[  5] 157.00-158.00 sec   306 KBytes  2.50 Mbits/sec  0.216 ms  1050/4179 (25%)  
[  5] 158.00-159.00 sec   331 KBytes  2.72 Mbits/sec  1.889 ms  1603/4995 (32%)  
[  5] 159.00-160.00 sec   291 KBytes  2.39 Mbits/sec  0.219 ms  1303/4286 (30%)  
[  5] 160.00-161.00 sec   369 KBytes  3.02 Mbits/sec  0.222 ms  1037/4817 (22%)  
[  5] 161.00-162.00 sec   293 KBytes  2.40 Mbits/sec  0.231 ms  1080/4080 (26%)  
[  5] 162.00-163.00 sec   307 KBytes  2.51 Mbits/sec  0.220 ms  1067/4209 (25%)  
[  5] 163.00-164.00 sec   341 KBytes  2.80 Mbits/sec  0.299 ms  1084/4575 (24%)  
[  5] 164.00-165.00 sec   303 KBytes  2.48 Mbits/sec  0.216 ms  938/4042 (23%)  
[  5] 165.00-166.00 sec   309 KBytes  2.53 Mbits/sec  0.217 ms  1115/4277 (26%)  
[  5] 166.00-167.00 sec   349 KBytes  2.86 Mbits/sec  0.289 ms  1050/4619 (23%)  
[  5] 167.00-168.00 sec   326 KBytes  2.67 Mbits/sec  0.208 ms  911/4249 (21%)  
[  5] 168.00-169.00 sec   362 KBytes  2.97 Mbits/sec  0.218 ms  1034/4742 (22%)  
[  5] 169.00-170.00 sec   326 KBytes  2.67 Mbits/sec  0.217 ms  824/4161 (20%)  
[  5] 170.00-171.00 sec   296 KBytes  2.43 Mbits/sec  0.210 ms  1047/4080 (26%)  
[  5] 171.00-172.00 sec   362 KBytes  2.97 Mbits/sec  0.219 ms  1093/4801 (23%)  
[  5] 172.00-173.00 sec   369 KBytes  3.02 Mbits/sec  0.219 ms  1155/4936 (23%)  
[  5] 173.00-174.00 sec   310 KBytes  2.54 Mbits/sec  0.296 ms  1014/4192 (24%)  
[  5] 174.00-175.00 sec   365 KBytes  2.99 Mbits/sec  0.238 ms  1326/5059 (26%)  
[  5] 175.00-176.00 sec   340 KBytes  2.78 Mbits/sec  3.896 ms  1339/4820 (28%)  
[  5] 176.00-177.00 sec   324 KBytes  2.66 Mbits/sec  0.216 ms  1009/4331 (23%)  
[  5] 177.00-178.00 sec   345 KBytes  2.83 Mbits/sec  0.205 ms  1286/4818 (27%)  
[  5] 178.00-179.00 sec   320 KBytes  2.62 Mbits/sec  0.331 ms  1013/4291 (24%)  
[  5] 179.00-180.00 sec   347 KBytes  2.84 Mbits/sec  0.537 ms  1184/4740 (25%)  
[  5] 180.00-181.00 sec   317 KBytes  2.59 Mbits/sec  0.222 ms  1060/4301 (25%)  
[  5] 181.00-182.00 sec   371 KBytes  3.04 Mbits/sec  0.217 ms  1122/4923 (23%)  
[  5] 182.00-183.00 sec   300 KBytes  2.46 Mbits/sec  0.216 ms  1141/4218 (27%)  
[  5] 183.00-184.00 sec   351 KBytes  2.88 Mbits/sec  0.295 ms  1386/4982 (28%)  
[  5] 184.00-185.00 sec   362 KBytes  2.97 Mbits/sec  0.213 ms  1147/4855 (24%)  
[  5] 185.00-186.00 sec   281 KBytes  2.30 Mbits/sec  0.210 ms  1365/4245 (32%)  
[  5] 186.00-187.00 sec   342 KBytes  2.80 Mbits/sec  0.219 ms  1313/4815 (27%)  
[  5] 187.00-188.00 sec   314 KBytes  2.57 Mbits/sec  0.214 ms  1180/4396 (27%)  
[  5] 188.00-189.00 sec   362 KBytes  2.97 Mbits/sec  0.216 ms  1089/4797 (23%)  
[  5] 189.00-190.00 sec   362 KBytes  2.97 Mbits/sec  0.226 ms  1120/4828 (23%)  
[  5] 190.00-191.00 sec   326 KBytes  2.67 Mbits/sec  0.212 ms  999/4337 (23%)  
[  5] 191.00-192.00 sec   362 KBytes  2.97 Mbits/sec  0.197 ms  1145/4853 (24%)  
[  5] 192.00-193.00 sec   346 KBytes  2.83 Mbits/sec  0.219 ms  1218/4762 (26%)  
[  5] 193.00-194.00 sec   304 KBytes  2.50 Mbits/sec  0.228 ms  961/4078 (24%)  
[  5] 194.00-195.00 sec   318 KBytes  2.61 Mbits/sec  0.219 ms  890/4150 (21%)  
[  5] 195.00-196.00 sec   357 KBytes  2.92 Mbits/sec  0.610 ms  1031/4683 (22%)  
[  5] 196.00-197.00 sec   293 KBytes  2.40 Mbits/sec  0.512 ms  1141/4139 (28%)  
[  5] 197.00-198.00 sec   362 KBytes  2.96 Mbits/sec  0.211 ms  923/4631 (20%)  
[  5] 198.00-199.00 sec   313 KBytes  2.56 Mbits/sec  2.026 ms  1146/4347 (26%)  
[  5] 199.00-200.00 sec   337 KBytes  2.76 Mbits/sec  0.213 ms  1207/4662 (26%)  
[  5] 200.00-201.00 sec   325 KBytes  2.66 Mbits/sec  0.219 ms  923/4250 (22%)  
[  5] 201.00-202.00 sec   348 KBytes  2.85 Mbits/sec  0.350 ms  1029/4588 (22%)  
[  5] 202.00-203.00 sec   312 KBytes  2.56 Mbits/sec  0.206 ms  1198/4398 (27%)  
[  5] 203.00-204.00 sec   361 KBytes  2.96 Mbits/sec  0.213 ms  1062/4760 (22%)  
[  5] 204.00-205.00 sec   307 KBytes  2.51 Mbits/sec  0.217 ms  1070/4212 (25%)  
[  5] 205.00-206.00 sec   362 KBytes  2.97 Mbits/sec  0.206 ms  955/4664 (20%)  
[  5] 206.00-207.00 sec   338 KBytes  2.77 Mbits/sec  0.262 ms  1261/4720 (27%)  
[  5] 207.00-208.00 sec   321 KBytes  2.63 Mbits/sec  0.207 ms  1039/4325 (24%)  
[  5] 208.00-209.00 sec   362 KBytes  2.97 Mbits/sec  0.214 ms  1021/4729 (22%)  
[  5] 209.00-210.00 sec   323 KBytes  2.65 Mbits/sec  0.229 ms  866/4178 (21%)  
[  5] 210.00-211.00 sec   357 KBytes  2.93 Mbits/sec  0.220 ms  997/4654 (21%)  
[  5] 211.00-212.00 sec   313 KBytes  2.57 Mbits/sec  0.210 ms  825/4035 (20%)  
[  5] 212.00-213.00 sec   365 KBytes  2.99 Mbits/sec  0.219 ms  1009/4744 (21%)  
[  5] 213.00-214.00 sec   313 KBytes  2.57 Mbits/sec  0.217 ms  883/4091 (22%)  
[  5] 214.00-215.00 sec   353 KBytes  2.89 Mbits/sec  0.210 ms  1192/4809 (25%)  
[  5] 215.00-216.00 sec   315 KBytes  2.58 Mbits/sec  0.199 ms  890/4116 (22%)  
[  5] 216.00-217.00 sec   362 KBytes  2.97 Mbits/sec  0.218 ms  1105/4814 (23%)  
[  5] 217.00-218.00 sec   314 KBytes  2.57 Mbits/sec  0.221 ms  946/4162 (23%)  
[  5] 218.00-219.00 sec   355 KBytes  2.91 Mbits/sec  0.267 ms  1249/4881 (26%)  
[  5] 219.00-220.00 sec   371 KBytes  3.04 Mbits/sec  0.216 ms  1114/4918 (23%)  
[  5] 220.00-221.00 sec   309 KBytes  2.53 Mbits/sec  0.235 ms  948/4112 (23%)  
[  5] 221.00-222.00 sec   369 KBytes  3.03 Mbits/sec  0.217 ms  1158/4936 (23%)  
[  5] 222.00-223.00 sec   351 KBytes  2.87 Mbits/sec  0.211 ms  1106/4696 (24%)  
[  5] 223.00-224.00 sec   315 KBytes  2.58 Mbits/sec  0.216 ms  907/4131 (22%)  
[  5] 224.00-225.00 sec   363 KBytes  2.97 Mbits/sec  0.210 ms  1264/4981 (25%)  
[  5] 225.00-226.00 sec   317 KBytes  2.59 Mbits/sec  0.218 ms  891/4133 (22%)  
[  5] 226.00-227.00 sec   350 KBytes  2.87 Mbits/sec  0.345 ms  1115/4698 (24%)  
[  5] 227.00-228.00 sec   294 KBytes  2.41 Mbits/sec  0.210 ms  1160/4169 (28%)  
[  5] 228.00-229.00 sec   305 KBytes  2.50 Mbits/sec  0.219 ms  1054/4177 (25%)  
[  5] 229.00-230.00 sec   362 KBytes  2.97 Mbits/sec  0.202 ms  935/4643 (20%)  
[  5] 230.00-231.00 sec   341 KBytes  2.80 Mbits/sec  0.245 ms  952/4448 (21%)  
[  5] 231.00-232.00 sec   286 KBytes  2.34 Mbits/sec  0.305 ms  1255/4184 (30%)  
[  5] 232.00-233.00 sec   362 KBytes  2.97 Mbits/sec  0.199 ms  1387/5095 (27%)  
[  5] 233.00-234.00 sec   314 KBytes  2.57 Mbits/sec  0.209 ms  965/4176 (23%)  
[  5] 234.00-235.00 sec   364 KBytes  2.98 Mbits/sec  0.192 ms  1162/4888 (24%)  
[  5] 235.00-236.00 sec   311 KBytes  2.55 Mbits/sec  0.197 ms  901/4087 (22%)  
[  5] 236.00-237.00 sec   323 KBytes  2.64 Mbits/sec  0.215 ms  1550/4854 (32%)  
[  5] 237.00-238.00 sec   314 KBytes  2.58 Mbits/sec  0.214 ms  857/4076 (21%)  
[  5] 238.00-239.00 sec   338 KBytes  2.77 Mbits/sec  0.245 ms  948/4414 (21%)  
[  5] 239.00-240.00 sec   352 KBytes  2.88 Mbits/sec  0.220 ms  1611/5211 (31%)  
[  5] 240.00-241.00 sec   317 KBytes  2.60 Mbits/sec  0.226 ms  873/4118 (21%)  
[  5] 241.00-242.00 sec   367 KBytes  3.00 Mbits/sec  0.230 ms  1016/4772 (21%)  
[  5] 242.00-243.00 sec   317 KBytes  2.60 Mbits/sec  0.205 ms  757/4003 (19%)  
[  5] 243.00-244.00 sec   317 KBytes  2.60 Mbits/sec  0.285 ms  930/4174 (22%)  
[  5] 244.00-245.00 sec   341 KBytes  2.79 Mbits/sec  0.239 ms  1135/4625 (25%)  
[  5] 245.00-246.00 sec   332 KBytes  2.72 Mbits/sec  0.217 ms  901/4300 (21%)  
[  5] 246.00-247.00 sec   348 KBytes  2.85 Mbits/sec  0.227 ms  911/4476 (20%)  
[  5] 247.00-248.00 sec   304 KBytes  2.49 Mbits/sec  0.207 ms  1241/4356 (28%)  
[  5] 248.00-249.00 sec   371 KBytes  3.04 Mbits/sec  0.221 ms  1233/5032 (25%)  
[  5] 249.00-250.00 sec   358 KBytes  2.93 Mbits/sec  0.204 ms  1314/4977 (26%)  
[  5] 250.00-251.00 sec   302 KBytes  2.48 Mbits/sec  0.216 ms  1149/4246 (27%)  
[  5] 251.00-252.00 sec   346 KBytes  2.84 Mbits/sec  0.209 ms  1111/4657 (24%)  
[  5] 252.00-253.00 sec   298 KBytes  2.44 Mbits/sec  0.227 ms  1153/4200 (27%)  
[  5] 253.00-254.00 sec   334 KBytes  2.74 Mbits/sec  0.246 ms  1254/4679 (27%)  
[  5] 254.00-255.00 sec   354 KBytes  2.90 Mbits/sec  0.229 ms  1115/4740 (24%)  
[  5] 255.00-256.00 sec   303 KBytes  2.48 Mbits/sec  0.249 ms  1034/4139 (25%)  
[  5] 256.00-257.00 sec   352 KBytes  2.88 Mbits/sec  0.212 ms  1190/4794 (25%)  
[  5] 257.00-258.00 sec   324 KBytes  2.65 Mbits/sec  0.212 ms  945/4264 (22%)  
[  5] 258.00-259.00 sec   317 KBytes  2.60 Mbits/sec  0.215 ms  861/4107 (21%)  
[  5] 259.00-260.00 sec   371 KBytes  3.04 Mbits/sec  0.218 ms  1045/4844 (22%)  
[  5] 260.00-261.00 sec   299 KBytes  2.45 Mbits/sec  0.217 ms  1060/4121 (26%)  
[  5] 261.00-262.00 sec   359 KBytes  2.94 Mbits/sec  0.211 ms  1094/4769 (23%)  
[  5] 262.00-263.00 sec   362 KBytes  2.97 Mbits/sec  0.222 ms  1057/4765 (22%)  
[  5] 263.00-264.00 sec   321 KBytes  2.63 Mbits/sec  0.312 ms  1000/4284 (23%)  
[  5] 264.00-265.00 sec   353 KBytes  2.89 Mbits/sec  0.207 ms  1320/4936 (27%)  
[  5] 265.00-266.00 sec   362 KBytes  2.97 Mbits/sec  0.312 ms  1153/4861 (24%)  
[  5] 266.00-267.00 sec   321 KBytes  2.63 Mbits/sec  0.216 ms  993/4277 (23%)  
[  5] 267.00-268.00 sec   336 KBytes  2.76 Mbits/sec  0.217 ms  1257/4700 (27%)  
[  5] 268.00-269.00 sec   316 KBytes  2.59 Mbits/sec  0.311 ms  907/4144 (22%)  
[  5] 269.00-270.00 sec   351 KBytes  2.88 Mbits/sec  0.220 ms  1140/4738 (24%)  
[  5] 270.00-271.00 sec   326 KBytes  2.67 Mbits/sec  0.219 ms  858/4195 (20%)  
[  5] 271.00-272.00 sec   328 KBytes  2.69 Mbits/sec  0.227 ms  1215/4574 (27%)  
[  5] 272.00-273.00 sec   321 KBytes  2.63 Mbits/sec  0.213 ms  1033/4324 (24%)  
[  5] 273.00-274.00 sec   348 KBytes  2.85 Mbits/sec  0.218 ms  1159/4727 (25%)  
[  5] 274.00-275.00 sec   310 KBytes  2.54 Mbits/sec  0.211 ms  948/4118 (23%)  
[  5] 275.00-276.00 sec   326 KBytes  2.67 Mbits/sec  0.215 ms  844/4181 (20%)  
[  5] 276.00-277.00 sec   315 KBytes  2.58 Mbits/sec  0.217 ms  812/4042 (20%)  
[  5] 277.00-278.00 sec   368 KBytes  3.02 Mbits/sec  0.207 ms  1108/4877 (23%)  
[  5] 278.00-279.00 sec   317 KBytes  2.60 Mbits/sec  0.200 ms  886/4131 (21%)  
[  5] 279.00-280.00 sec   348 KBytes  2.85 Mbits/sec  0.219 ms  1032/4595 (22%)  
[  5] 280.00-281.00 sec   340 KBytes  2.79 Mbits/sec  0.215 ms  1085/4568 (24%)  
[  5] 281.00-282.00 sec   321 KBytes  2.63 Mbits/sec  0.671 ms  959/4245 (23%)  
[  5] 282.00-283.00 sec   360 KBytes  2.94 Mbits/sec  0.213 ms  1071/4755 (23%)  
[  5] 283.00-284.00 sec   317 KBytes  2.60 Mbits/sec  0.203 ms  794/4036 (20%)  
[  5] 284.00-285.00 sec   326 KBytes  2.67 Mbits/sec  0.215 ms  903/4240 (21%)  
[  5] 285.00-286.00 sec   346 KBytes  2.84 Mbits/sec  0.217 ms  1156/4700 (25%)  
[  5] 286.00-287.00 sec   326 KBytes  2.67 Mbits/sec  0.217 ms  879/4217 (21%)  
[  5] 287.00-288.00 sec   335 KBytes  2.74 Mbits/sec  0.208 ms  1170/4596 (25%)  
[  5] 288.00-289.00 sec   310 KBytes  2.53 Mbits/sec  0.310 ms  847/4024 (21%)  
[  5] 289.00-290.00 sec   371 KBytes  3.05 Mbits/sec  0.216 ms  1178/4978 (24%)  
[  5] 290.00-291.00 sec   317 KBytes  2.60 Mbits/sec  0.219 ms  928/4173 (22%)  
[  5] 291.00-292.00 sec   349 KBytes  2.86 Mbits/sec  0.218 ms  1208/4777 (25%)  
[  5] 292.00-293.00 sec   317 KBytes  2.60 Mbits/sec  0.208 ms  819/4065 (20%)  
[  5] 293.00-294.00 sec   364 KBytes  2.98 Mbits/sec  0.207 ms  1236/4960 (25%)  
[  5] 294.00-295.00 sec   306 KBytes  2.51 Mbits/sec  0.217 ms  1011/4146 (24%)  
[  5] 295.00-296.00 sec   348 KBytes  2.85 Mbits/sec  0.211 ms  1272/4840 (26%)  
[  5] 296.00-297.00 sec   369 KBytes  3.02 Mbits/sec  0.200 ms  1242/5016 (25%)  
[  5] 297.00-298.00 sec   312 KBytes  2.56 Mbits/sec  0.342 ms  1299/4495 (29%)  
[  5] 298.00-299.00 sec   357 KBytes  2.93 Mbits/sec  0.213 ms  1210/4866 (25%)  
[  5] 299.00-300.00 sec   361 KBytes  2.95 Mbits/sec  0.220 ms  1147/4842 (24%)  
[  5] 300.00-301.00 sec   324 KBytes  2.66 Mbits/sec  0.217 ms  940/4260 (22%)  
[  5] 301.00-302.00 sec   312 KBytes  2.56 Mbits/sec  0.181 ms  959/4154 (23%)  
[  5] 302.00-303.00 sec   345 KBytes  2.82 Mbits/sec  0.217 ms  1222/4752 (26%)  
[  5] 303.00-304.00 sec   321 KBytes  2.63 Mbits/sec  0.229 ms  984/4273 (23%)  
[  5] 304.00-305.00 sec   359 KBytes  2.94 Mbits/sec  0.216 ms  1211/4884 (25%)  
[  5] 305.00-306.00 sec   308 KBytes  2.52 Mbits/sec  0.213 ms  1291/4440 (29%)  
[  5] 306.00-307.00 sec   359 KBytes  2.95 Mbits/sec  0.208 ms  1148/4829 (24%)  
[  5] 307.00-308.00 sec   293 KBytes  2.40 Mbits/sec  0.213 ms  1038/4037 (26%)  
[  5] 308.00-309.00 sec   302 KBytes  2.48 Mbits/sec  0.233 ms  1235/4332 (29%)  
[  5] 309.00-310.00 sec   352 KBytes  2.88 Mbits/sec  0.193 ms  1192/4792 (25%)  
[  5] 310.00-311.00 sec   361 KBytes  2.96 Mbits/sec  0.221 ms  1178/4873 (24%)  
[  5] 311.00-312.00 sec   302 KBytes  2.48 Mbits/sec  0.243 ms  979/4076 (24%)  
[  5] 312.00-313.00 sec   343 KBytes  2.81 Mbits/sec  0.220 ms  1210/4723 (26%)  
[  5] 313.00-314.00 sec   340 KBytes  2.78 Mbits/sec  0.238 ms  1511/4992 (30%)  
[  5] 314.00-315.00 sec   319 KBytes  2.61 Mbits/sec  0.314 ms  1040/4302 (24%)  
[  5] 315.00-316.00 sec   335 KBytes  2.75 Mbits/sec  0.246 ms  1242/4674 (27%)  
[  5] 316.00-317.00 sec   303 KBytes  2.49 Mbits/sec  0.230 ms  1065/4172 (26%)  
[  5] 317.00-318.00 sec   346 KBytes  2.84 Mbits/sec  0.216 ms  887/4433 (20%)  
[  5] 318.00-319.00 sec   263 KBytes  2.15 Mbits/sec  1.322 ms  999/3689 (27%)  
[  5] 319.00-320.00 sec   299 KBytes  2.44 Mbits/sec  0.237 ms  1060/4120 (26%)  
[  5] 320.00-321.00 sec   349 KBytes  2.86 Mbits/sec  0.230 ms  1021/4590 (22%)  
[  5] 321.00-322.00 sec   294 KBytes  2.41 Mbits/sec  0.214 ms  801/3810 (21%)  
[  5] 322.00-323.00 sec   317 KBytes  2.60 Mbits/sec  0.206 ms  877/4123 (21%)  
[  5] 323.00-324.00 sec   309 KBytes  2.53 Mbits/sec  0.229 ms  1195/4357 (27%)  
[  5] 324.00-325.00 sec   268 KBytes  2.20 Mbits/sec  0.222 ms  931/3675 (25%)  
[  5] 325.00-326.00 sec   292 KBytes  2.39 Mbits/sec  0.199 ms  1228/4220 (29%)  
[  5] 326.00-327.00 sec   325 KBytes  2.66 Mbits/sec  0.336 ms  1028/4357 (24%)  
[  5] 327.00-328.00 sec   317 KBytes  2.60 Mbits/sec  0.201 ms  899/4145 (22%)  
[  5] 328.00-329.00 sec   287 KBytes  2.35 Mbits/sec  0.225 ms  1299/4237 (31%)  
[  5] 329.00-330.00 sec   317 KBytes  2.60 Mbits/sec  0.210 ms  882/4128 (21%)  
[  5] 330.00-331.00 sec   295 KBytes  2.42 Mbits/sec  0.196 ms  1198/4217 (28%)  
[  5] 331.00-332.00 sec   292 KBytes  2.39 Mbits/sec  0.217 ms  1348/4337 (31%)  
[  5] 332.00-333.00 sec   246 KBytes  2.02 Mbits/sec  0.290 ms  881/3403 (26%)  
[  5] 333.00-334.00 sec   306 KBytes  2.50 Mbits/sec  2.427 ms  1187/4317 (27%)  
[  5] 334.00-335.00 sec   277 KBytes  2.27 Mbits/sec  0.242 ms  1305/4140 (32%)  
[  5] 335.00-336.00 sec   317 KBytes  2.60 Mbits/sec  0.210 ms  814/4060 (20%)  
[  5] 336.00-337.00 sec   297 KBytes  2.43 Mbits/sec  0.235 ms  1071/4111 (26%)  
[  5] 337.00-338.00 sec   278 KBytes  2.28 Mbits/sec  0.232 ms  925/3769 (25%)  
[  5] 338.00-339.00 sec   290 KBytes  2.38 Mbits/sec  0.209 ms  852/3826 (22%)  
[  5] 339.00-340.00 sec   285 KBytes  2.34 Mbits/sec  0.254 ms  1046/3969 (26%)  
[  5] 340.00-341.00 sec   299 KBytes  2.45 Mbits/sec  0.203 ms  1431/4491 (32%)  
[  5] 341.00-342.00 sec   319 KBytes  2.61 Mbits/sec  0.209 ms  1119/4384 (26%)  
[  5] 342.00-343.00 sec   362 KBytes  2.96 Mbits/sec  0.245 ms  1439/5147 (28%)  
[  5] 343.00-344.00 sec   317 KBytes  2.60 Mbits/sec  0.231 ms  1203/4445 (27%)  
[  5] 344.00-345.00 sec   324 KBytes  2.65 Mbits/sec  0.290 ms  1219/4538 (27%)  
[  5] 345.00-346.00 sec   308 KBytes  2.52 Mbits/sec  0.169 ms  1411/4565 (31%)  
[  5] 346.00-347.00 sec   306 KBytes  2.51 Mbits/sec  1.209 ms  1869/5004 (37%)  
[  5] 347.00-348.00 sec   352 KBytes  2.88 Mbits/sec  0.270 ms  1566/5171 (30%)  
[  5] 348.00-349.00 sec   323 KBytes  2.65 Mbits/sec  0.201 ms  1396/4705 (30%)  
[  5] 349.00-350.00 sec   266 KBytes  2.18 Mbits/sec  0.215 ms  1351/4078 (33%)  
[  5] 350.00-351.00 sec   324 KBytes  2.66 Mbits/sec  0.246 ms  1391/4712 (30%)  
[  5] 351.00-352.00 sec   317 KBytes  2.59 Mbits/sec  0.209 ms  1227/4468 (27%)  
[  5] 352.00-353.00 sec   263 KBytes  2.15 Mbits/sec  0.226 ms  1288/3977 (32%)  
[  5] 353.00-354.00 sec   291 KBytes  2.39 Mbits/sec  0.218 ms  1402/4385 (32%)  
[  5] 354.00-355.00 sec   271 KBytes  2.22 Mbits/sec  0.220 ms  994/3769 (26%)  
[  5] 355.00-356.00 sec   270 KBytes  2.21 Mbits/sec  0.241 ms  1929/4693 (41%)  
[  5] 356.00-357.00 sec   325 KBytes  2.66 Mbits/sec  0.217 ms  1312/4637 (28%)  
[  5] 357.00-358.00 sec   265 KBytes  2.17 Mbits/sec  0.211 ms  1354/4065 (33%)  
[  5] 358.00-359.00 sec   290 KBytes  2.38 Mbits/sec  0.214 ms  1569/4543 (35%)  
[  5] 359.00-360.00 sec   317 KBytes  2.59 Mbits/sec  0.231 ms  1314/4556 (29%)  
[  5] 360.00-361.00 sec   293 KBytes  2.40 Mbits/sec  0.285 ms  1364/4367 (31%)  
[  5] 361.00-362.00 sec   325 KBytes  2.66 Mbits/sec  0.202 ms  1612/4937 (33%)  
[  5] 362.00-363.00 sec   308 KBytes  2.52 Mbits/sec  0.264 ms  1355/4511 (30%)  
[  5] 363.00-364.00 sec   317 KBytes  2.60 Mbits/sec  0.212 ms  1143/4389 (26%)  
[  5] 364.00-365.00 sec   313 KBytes  2.57 Mbits/sec  0.542 ms  1480/4687 (32%)  
[  5] 365.00-366.00 sec   315 KBytes  2.58 Mbits/sec  0.196 ms  1174/4403 (27%)  
[  5] 366.00-367.00 sec   300 KBytes  2.46 Mbits/sec  0.218 ms  1402/4472 (31%)  
[  5] 367.00-368.00 sec   317 KBytes  2.59 Mbits/sec  0.233 ms  1050/4292 (24%)  
[  5] 368.00-369.00 sec   263 KBytes  2.16 Mbits/sec  0.219 ms  1038/3736 (28%)  
[  5] 369.00-370.00 sec   307 KBytes  2.52 Mbits/sec  0.215 ms  1203/4351 (28%)  
[  5] 370.00-371.00 sec   317 KBytes  2.59 Mbits/sec  0.222 ms  1080/4325 (25%)  
[  5] 371.00-372.00 sec   275 KBytes  2.25 Mbits/sec  0.212 ms  1591/4408 (36%)  
[  5] 372.00-373.00 sec   308 KBytes  2.52 Mbits/sec  0.402 ms  1341/4490 (30%)  
[  5] 373.00-374.00 sec   304 KBytes  2.48 Mbits/sec  0.255 ms  1424/4541 (31%)  
[  5] 374.00-375.00 sec   317 KBytes  2.61 Mbits/sec  0.215 ms  1473/4723 (31%)  
[  5] 375.00-376.00 sec   292 KBytes  2.39 Mbits/sec  0.223 ms  1660/4650 (36%)  
[  5] 376.00-377.00 sec   326 KBytes  2.67 Mbits/sec  0.216 ms  1761/5098 (35%)  
[  5] 377.00-378.00 sec   290 KBytes  2.38 Mbits/sec  0.213 ms  1872/4844 (39%)  
[  5] 378.00-379.00 sec   306 KBytes  2.50 Mbits/sec  0.220 ms  1657/4786 (35%)  
[  5] 379.00-380.00 sec   306 KBytes  2.51 Mbits/sec  0.191 ms  1623/4757 (34%)  
[  5] 380.00-381.00 sec   317 KBytes  2.60 Mbits/sec  0.203 ms  1319/4565 (29%)  
[  5] 381.00-382.00 sec   325 KBytes  2.67 Mbits/sec  0.213 ms  1478/4811 (31%)  
[  5] 382.00-383.00 sec   305 KBytes  2.50 Mbits/sec  0.180 ms  1371/4497 (30%)  
[  5] 383.00-384.00 sec   310 KBytes  2.54 Mbits/sec  0.204 ms  1259/4433 (28%)  
[  5] 384.00-385.00 sec   269 KBytes  2.21 Mbits/sec  0.217 ms  1776/4535 (39%)  
[  5] 385.00-386.00 sec   271 KBytes  2.22 Mbits/sec  0.246 ms  933/3712 (25%)  
[  5] 386.00-387.00 sec   298 KBytes  2.44 Mbits/sec  0.208 ms  1468/4523 (32%)  
[  5] 387.00-388.00 sec   282 KBytes  2.31 Mbits/sec  0.216 ms  1641/4529 (36%)  
[  5] 388.00-389.00 sec   315 KBytes  2.58 Mbits/sec  0.228 ms  1327/4552 (29%)  
[  5] 389.00-390.00 sec   308 KBytes  2.52 Mbits/sec  0.278 ms  1526/4679 (33%)  
[  5] 390.00-391.00 sec   308 KBytes  2.52 Mbits/sec  0.198 ms  1328/4480 (30%)  
[  5] 391.00-392.00 sec   293 KBytes  2.40 Mbits/sec  0.197 ms  1612/4612 (35%)  
[  5] 392.00-393.00 sec   265 KBytes  2.17 Mbits/sec  0.206 ms  1345/4055 (33%)  
[  5] 393.00-394.00 sec   315 KBytes  2.57 Mbits/sec  0.217 ms  1246/4467 (28%)  
[  5] 394.00-395.00 sec   312 KBytes  2.56 Mbits/sec  0.243 ms  1417/4611 (31%)  
[  5] 395.00-396.00 sec   306 KBytes  2.50 Mbits/sec  0.850 ms  1343/4475 (30%)  
[  5] 396.00-397.00 sec   301 KBytes  2.47 Mbits/sec  0.217 ms  1468/4550 (32%)  
[  5] 397.00-398.00 sec   317 KBytes  2.60 Mbits/sec  0.218 ms  1404/4653 (30%)  
[  5] 398.00-399.00 sec   245 KBytes  2.01 Mbits/sec  0.291 ms  1415/3922 (36%)  
[  5] 399.00-400.00 sec   325 KBytes  2.66 Mbits/sec  0.214 ms  1190/4521 (26%)  
[  5] 400.00-401.00 sec   249 KBytes  2.04 Mbits/sec  0.398 ms  1790/4336 (41%)  
[  5] 401.00-402.00 sec   252 KBytes  2.06 Mbits/sec  0.209 ms  1229/3805 (32%)  
[  5] 402.00-403.00 sec   311 KBytes  2.55 Mbits/sec  0.218 ms  1293/4476 (29%)  
[  5] 403.00-404.00 sec   311 KBytes  2.55 Mbits/sec  0.205 ms  1249/4434 (28%)  
[  5] 404.00-405.00 sec   290 KBytes  2.38 Mbits/sec  0.204 ms  1569/4538 (35%)  
[  5] 405.00-406.00 sec   282 KBytes  2.31 Mbits/sec  0.202 ms  1660/4549 (36%)  
[  5] 406.00-407.00 sec   244 KBytes  2.00 Mbits/sec  1.259 ms  1162/3662 (32%)  
[  5] 407.00-408.00 sec   326 KBytes  2.67 Mbits/sec  0.220 ms  1536/4874 (32%)  
[  5] 408.00-409.00 sec   309 KBytes  2.53 Mbits/sec  0.216 ms  1413/4577 (31%)  
[  5] 409.00-410.00 sec   295 KBytes  2.42 Mbits/sec  0.222 ms  1792/4812 (37%)  
[  5] 410.00-411.00 sec   314 KBytes  2.57 Mbits/sec  0.211 ms  1235/4452 (28%)  
[  5] 411.00-412.00 sec   326 KBytes  2.67 Mbits/sec  0.237 ms  1332/4669 (29%)  
