Connecting to host 172.22.0.50, port 5201
Reverse mode, remote host 172.22.0.50 is sending
[  5] local 192.168.100.2 port 46048 connected to 172.22.0.50 port 5201
[ ID] Interval           Transfer     Bitrate         Jitter    Lost/Total Datagrams
[  5]   0.00-1.00   sec  1.44 MBytes  12.0 Mbits/sec  0.729 ms  0/1254 (0%)  
[  5]   1.00-2.00   sec  1.43 MBytes  12.0 Mbits/sec  0.915 ms  0/1248 (0%)  
[  5]   2.00-3.00   sec  1.43 MBytes  12.0 Mbits/sec  1.050 ms  0/1246 (0%)  
[  5]   3.00-4.00   sec  1.44 MBytes  12.0 Mbits/sec  0.913 ms  0/1255 (0%)  
[  5]   4.00-5.00   sec  1.43 MBytes  12.0 Mbits/sec  0.890 ms  0/1247 (0%)  
[  5]   5.00-6.00   sec  1.43 MBytes  12.0 Mbits/sec  1.038 ms  0/1249 (0%)  
[  5]   6.00-7.00   sec  1.43 MBytes  12.0 Mbits/sec  0.826 ms  0/1250 (0%)  
[  5]   7.00-8.00   sec  1.44 MBytes  12.1 Mbits/sec  1.012 ms  0/1258 (0%)  
[  5]   8.00-9.00   sec  1.42 MBytes  12.0 Mbits/sec  0.957 ms  0/1245 (0%)  
[  5]   9.00-10.00  sec  1.42 MBytes  12.0 Mbits/sec  0.866 ms  0/1245 (0%)  
[  5]  10.00-11.00  sec  1.43 MBytes  12.0 Mbits/sec  0.991 ms  0/1251 (0%)  
[  5]  11.00-12.00  sec  1.43 MBytes  12.0 Mbits/sec  0.981 ms  0/1248 (0%)  
[  5]  12.00-13.00  sec  1.43 MBytes  12.0 Mbits/sec  0.986 ms  0/1246 (0%)  
[  5]  13.00-14.00  sec  1.44 MBytes  12.0 Mbits/sec  1.039 ms  0/1254 (0%)  
[  5]  14.00-15.00  sec  1.44 MBytes  12.1 Mbits/sec  1.042 ms  0/1257 (0%)  
[  5]  15.00-16.00  sec   850 KBytes  6.96 Mbits/sec  1.391 ms  0/725 (0%)  
[  5]  16.00-17.00  sec   625 KBytes  5.12 Mbits/sec  1.233 ms  0/533 (0%)  
[  5]  17.00-18.00  sec   628 KBytes  5.15 Mbits/sec  1.343 ms  0/536 (0%)  
[  5]  18.00-19.00  sec   626 KBytes  5.13 Mbits/sec  1.577 ms  0/534 (0%)  
[  5]  19.00-20.00  sec   628 KBytes  5.15 Mbits/sec  1.382 ms  0/536 (0%)  
[  5]  20.00-21.00  sec   650 KBytes  5.33 Mbits/sec  1.244 ms  0/555 (0%)  
[  5]  21.00-22.00  sec   691 KBytes  5.66 Mbits/sec  1.383 ms  0/590 (0%)  
[  5]  22.00-23.00  sec   702 KBytes  5.75 Mbits/sec  1.117 ms  0/599 (0%)  
[  5]  23.00-24.00  sec   708 KBytes  5.80 Mbits/sec  1.269 ms  0/604 (0%)  
[  5]  24.00-25.00  sec   696 KBytes  5.70 Mbits/sec  1.296 ms  0/594 (0%)  
[  5]  25.00-26.00  sec   738 KBytes  6.05 Mbits/sec  1.138 ms  0/630 (0%)  
[  5]  26.00-27.00  sec   759 KBytes  6.21 Mbits/sec  0.895 ms  0/648 (0%)  
[  5]  27.00-28.00  sec   779 KBytes  6.39 Mbits/sec  1.133 ms  0/665 (0%)  
[  5]  28.00-29.00  sec   742 KBytes  6.08 Mbits/sec  1.206 ms  0/633 (0%)  
[  5]  29.00-30.00  sec   750 KBytes  6.15 Mbits/sec  1.206 ms  0/640 (0%)  
[  5]  30.00-31.00  sec   765 KBytes  6.27 Mbits/sec  1.140 ms  0/653 (0%)  
[  5]  31.00-32.00  sec   716 KBytes  5.87 Mbits/sec  0.950 ms  0/611 (0%)  
[  5]  32.00-33.00  sec   778 KBytes  6.37 Mbits/sec  1.063 ms  0/664 (0%)  
[  5]  33.00-34.00  sec   784 KBytes  6.42 Mbits/sec  0.976 ms  0/669 (0%)  
[  5]  34.00-35.00  sec   775 KBytes  6.35 Mbits/sec  1.002 ms  0/661 (0%)  
[  5]  35.00-36.00  sec   773 KBytes  6.34 Mbits/sec  0.985 ms  0/660 (0%)  
[  5]  36.00-37.00  sec   750 KBytes  6.14 Mbits/sec  1.333 ms  0/640 (0%)  
[  5]  37.00-38.00  sec   751 KBytes  6.16 Mbits/sec  1.202 ms  0/641 (0%)  
[  5]  38.00-39.00  sec   751 KBytes  6.15 Mbits/sec  1.277 ms  0/641 (0%)  
[  5]  39.00-40.00  sec   648 KBytes  5.31 Mbits/sec  2.526 ms  19/572 (3.3%)  
[  5]  40.00-41.00  sec   679 KBytes  5.56 Mbits/sec  1.166 ms  522/1101 (47%)  
[  5]  41.00-42.00  sec   803 KBytes  6.58 Mbits/sec  1.101 ms  666/1351 (49%)  
[  5]  42.00-43.00  sec   709 KBytes  5.81 Mbits/sec  1.116 ms  582/1187 (49%)  
[  5]  43.00-44.00  sec   798 KBytes  6.54 Mbits/sec  1.528 ms  665/1346 (49%)  
[  5]  44.00-45.00  sec   800 KBytes  6.55 Mbits/sec  1.105 ms  670/1353 (50%)  
[  5]  45.00-46.00  sec   709 KBytes  5.81 Mbits/sec  1.104 ms  544/1149 (47%)  
[  5]  46.00-47.00  sec   718 KBytes  5.88 Mbits/sec  1.144 ms  538/1151 (47%)  
[  5]  47.00-48.00  sec   809 KBytes  6.62 Mbits/sec  1.089 ms  617/1307 (47%)  
[  5]  48.00-49.00  sec   799 KBytes  6.55 Mbits/sec  1.113 ms  611/1293 (47%)  
[  5]  49.00-50.00  sec   714 KBytes  5.85 Mbits/sec  1.165 ms  582/1191 (49%)  
[  5]  50.00-51.00  sec   790 KBytes  6.47 Mbits/sec  1.089 ms  674/1348 (50%)  
[  5]  51.00-52.00  sec   689 KBytes  5.64 Mbits/sec  1.080 ms  555/1143 (49%)  
[  5]  52.00-53.00  sec   839 KBytes  6.87 Mbits/sec  1.051 ms  674/1390 (48%)  
[  5]  53.00-54.00  sec   679 KBytes  5.56 Mbits/sec  1.163 ms  543/1122 (48%)  
[  5]  54.00-55.00  sec   709 KBytes  5.81 Mbits/sec  1.117 ms  560/1165 (48%)  
[  5]  55.00-56.00  sec   809 KBytes  6.62 Mbits/sec  1.126 ms  627/1317 (48%)  
[  5]  56.00-57.00  sec   709 KBytes  5.81 Mbits/sec  1.177 ms  546/1151 (47%)  
[  5]  57.00-58.00  sec   720 KBytes  5.89 Mbits/sec  1.100 ms  572/1186 (48%)  
[  5]  58.00-59.00  sec   709 KBytes  5.80 Mbits/sec  1.086 ms  575/1180 (49%)  
[  5]  59.00-60.00  sec   809 KBytes  6.63 Mbits/sec  1.085 ms  662/1352 (49%)  
[  5]  60.00-61.00  sec   709 KBytes  5.81 Mbits/sec  1.078 ms  544/1149 (47%)  
[  5]  61.00-62.00  sec   688 KBytes  5.64 Mbits/sec  1.088 ms  523/1110 (47%)  
[  5]  62.00-63.00  sec   810 KBytes  6.63 Mbits/sec  1.061 ms  630/1321 (48%)  
[  5]  63.00-64.00  sec   708 KBytes  5.80 Mbits/sec  1.131 ms  529/1133 (47%)  
[  5]  64.00-65.00  sec   810 KBytes  6.63 Mbits/sec  1.028 ms  685/1376 (50%)  
[  5]  65.00-66.00  sec   798 KBytes  6.54 Mbits/sec  1.120 ms  661/1342 (49%)  
[  5]  66.00-67.00  sec   720 KBytes  5.90 Mbits/sec  1.188 ms  605/1219 (50%)  
[  5]  67.00-68.00  sec   809 KBytes  6.62 Mbits/sec  1.057 ms  674/1364 (49%)  
[  5]  68.00-69.00  sec   709 KBytes  5.81 Mbits/sec  1.158 ms  590/1195 (49%)  
[  5]  69.00-70.00  sec   809 KBytes  6.63 Mbits/sec  1.097 ms  693/1383 (50%)  
[  5]  70.00-71.00  sec   709 KBytes  5.81 Mbits/sec  1.127 ms  615/1220 (50%)  
[  5]  71.00-72.00  sec   809 KBytes  6.62 Mbits/sec  1.149 ms  661/1351 (49%)  
[  5]  72.00-73.00  sec   709 KBytes  5.81 Mbits/sec  1.090 ms  588/1193 (49%)  
[  5]  73.00-74.00  sec   778 KBytes  6.37 Mbits/sec  1.193 ms  651/1315 (50%)  
[  5]  74.00-75.00  sec   739 KBytes  6.06 Mbits/sec  1.209 ms  622/1253 (50%)  
[  5]  75.00-76.00  sec   778 KBytes  6.37 Mbits/sec  1.100 ms  619/1283 (48%)  
[  5]  76.00-77.00  sec   709 KBytes  5.81 Mbits/sec  1.105 ms  559/1164 (48%)  
[  5]  77.00-78.00  sec   798 KBytes  6.54 Mbits/sec  1.159 ms  613/1294 (47%)  
[  5]  78.00-79.00  sec   718 KBytes  5.88 Mbits/sec  1.056 ms  549/1162 (47%)  
[  5]  79.00-80.00  sec   799 KBytes  6.55 Mbits/sec  1.148 ms  643/1325 (49%)  
[  5]  80.00-81.00  sec   809 KBytes  6.62 Mbits/sec  1.108 ms  626/1316 (48%)  
[  5]  81.00-82.00  sec   718 KBytes  5.89 Mbits/sec  1.135 ms  568/1181 (48%)  
[  5]  82.00-83.00  sec   784 KBytes  6.42 Mbits/sec  1.085 ms  649/1318 (49%)  
[  5]  83.00-84.00  sec   718 KBytes  5.88 Mbits/sec  0.999 ms  604/1217 (50%)  
[  5]  84.00-85.00  sec   795 KBytes  6.50 Mbits/sec  1.158 ms  626/1304 (48%)  
[  5]  85.00-86.00  sec   718 KBytes  5.89 Mbits/sec  1.103 ms  586/1199 (49%)  
[  5]  86.00-87.00  sec   810 KBytes  6.64 Mbits/sec  1.047 ms  641/1332 (48%)  
[  5]  87.00-88.00  sec   679 KBytes  5.56 Mbits/sec  1.143 ms  515/1094 (47%)  
[  5]  88.00-89.00  sec   709 KBytes  5.81 Mbits/sec  1.222 ms  564/1169 (48%)  
[  5]  89.00-90.00  sec   809 KBytes  6.62 Mbits/sec  1.127 ms  666/1356 (49%)  
[  5]  90.00-91.00  sec   709 KBytes  5.81 Mbits/sec  1.152 ms  585/1190 (49%)  
[  5]  91.00-92.00  sec   809 KBytes  6.62 Mbits/sec  1.143 ms  640/1330 (48%)  
[  5]  92.00-93.00  sec   809 KBytes  6.62 Mbits/sec  1.114 ms  617/1307 (47%)  
[  5]  93.00-94.00  sec   709 KBytes  5.80 Mbits/sec  1.104 ms  542/1147 (47%)  
[  5]  94.00-95.00  sec   809 KBytes  6.63 Mbits/sec  1.139 ms  628/1318 (48%)  
[  5]  95.00-96.00  sec   694 KBytes  5.68 Mbits/sec  1.122 ms  565/1157 (49%)  
[  5]  96.00-97.00  sec   720 KBytes  5.89 Mbits/sec  1.058 ms  544/1158 (47%)  
[  5]  97.00-98.00  sec   709 KBytes  5.81 Mbits/sec  1.048 ms  536/1141 (47%)  
[  5]  98.00-99.00  sec   786 KBytes  6.44 Mbits/sec  1.125 ms  729/1400 (52%)  
[  5]  99.00-100.00 sec   679 KBytes  5.56 Mbits/sec  1.148 ms  577/1156 (50%)  
[  5] 100.00-101.00 sec   720 KBytes  5.89 Mbits/sec  0.990 ms  593/1207 (49%)  
[  5] 101.00-102.00 sec   798 KBytes  6.54 Mbits/sec  1.100 ms  652/1333 (49%)  
[  5] 102.00-103.00 sec   720 KBytes  5.89 Mbits/sec  1.116 ms  562/1176 (48%)  
[  5] 103.00-104.00 sec   708 KBytes  5.80 Mbits/sec  1.121 ms  549/1153 (48%)  
[  5] 104.00-105.00 sec   810 KBytes  6.62 Mbits/sec  1.092 ms  642/1333 (48%)  
[  5] 105.00-106.00 sec   708 KBytes  5.79 Mbits/sec  1.084 ms  541/1145 (47%)  
[  5] 106.00-107.00 sec   805 KBytes  6.61 Mbits/sec  1.062 ms  653/1340 (49%)  
[  5] 107.00-108.00 sec   679 KBytes  5.56 Mbits/sec  1.101 ms  547/1126 (49%)  
[  5] 108.00-109.00 sec   809 KBytes  6.62 Mbits/sec  1.068 ms  652/1342 (49%)  
[  5] 109.00-110.00 sec   718 KBytes  5.89 Mbits/sec  1.309 ms  628/1241 (51%)  
[  5] 110.00-111.00 sec   799 KBytes  6.55 Mbits/sec  1.124 ms  672/1354 (50%)  
[  5] 111.00-112.00 sec   718 KBytes  5.88 Mbits/sec  1.148 ms  589/1202 (49%)  
[  5] 112.00-113.00 sec   799 KBytes  6.55 Mbits/sec  1.097 ms  679/1361 (50%)  
[  5] 113.00-114.00 sec   718 KBytes  5.88 Mbits/sec  1.193 ms  619/1232 (50%)  
[  5] 114.00-115.00 sec   709 KBytes  5.81 Mbits/sec  1.166 ms  596/1201 (50%)  
[  5] 115.00-116.00 sec   809 KBytes  6.63 Mbits/sec  1.105 ms  691/1381 (50%)  
[  5] 116.00-117.00 sec   709 KBytes  5.80 Mbits/sec  1.125 ms  581/1186 (49%)  
[  5] 117.00-118.00 sec   679 KBytes  5.56 Mbits/sec  1.060 ms  563/1142 (49%)  
[  5] 118.00-119.00 sec   798 KBytes  6.54 Mbits/sec  1.109 ms  641/1322 (48%)  
[  5] 119.00-120.00 sec   720 KBytes  5.89 Mbits/sec  1.185 ms  601/1215 (49%)  
[  5] 120.00-121.00 sec   809 KBytes  6.62 Mbits/sec  1.035 ms  641/1331 (48%)  
[  5] 121.00-122.00 sec   709 KBytes  5.81 Mbits/sec  1.109 ms  550/1155 (48%)  
[  5] 122.00-123.00 sec   798 KBytes  6.54 Mbits/sec  1.102 ms  656/1337 (49%)  
[  5] 123.00-124.00 sec   709 KBytes  5.81 Mbits/sec  1.086 ms  571/1176 (49%)  
[  5] 124.00-125.00 sec   809 KBytes  6.62 Mbits/sec  1.071 ms  651/1341 (49%)  
[  5] 125.00-126.00 sec   709 KBytes  5.81 Mbits/sec  1.078 ms  579/1184 (49%)  
[  5] 126.00-127.00 sec   809 KBytes  6.62 Mbits/sec  1.140 ms  675/1365 (49%)  
[  5] 127.00-128.00 sec   709 KBytes  5.81 Mbits/sec  1.060 ms  591/1196 (49%)  
[  5] 128.00-129.00 sec   809 KBytes  6.62 Mbits/sec  1.130 ms  678/1368 (50%)  
[  5] 129.00-130.00 sec   688 KBytes  5.64 Mbits/sec  1.095 ms  560/1147 (49%)  
[  5] 130.00-131.00 sec   830 KBytes  6.80 Mbits/sec  1.060 ms  684/1392 (49%)  
[  5] 131.00-132.00 sec   688 KBytes  5.63 Mbits/sec  1.073 ms  592/1179 (50%)  
[  5] 132.00-133.00 sec   799 KBytes  6.55 Mbits/sec  1.095 ms  645/1327 (49%)  
[  5] 133.00-134.00 sec   718 KBytes  5.88 Mbits/sec  1.068 ms  566/1179 (48%)  
[  5] 134.00-135.00 sec   810 KBytes  6.63 Mbits/sec  1.039 ms  636/1327 (48%)  
[  5] 135.00-136.00 sec   680 KBytes  5.57 Mbits/sec  1.108 ms  568/1148 (49%)  
[  5] 136.00-137.00 sec   709 KBytes  5.81 Mbits/sec  1.068 ms  559/1164 (48%)  
[  5] 137.00-138.00 sec   809 KBytes  6.62 Mbits/sec  1.094 ms  623/1313 (47%)  
[  5] 138.00-139.00 sec   810 KBytes  6.63 Mbits/sec  1.142 ms  675/1366 (49%)  
[  5] 139.00-140.00 sec   708 KBytes  5.80 Mbits/sec  1.175 ms  589/1193 (49%)  
[  5] 140.00-141.00 sec   810 KBytes  6.63 Mbits/sec  1.176 ms  667/1358 (49%)  
[  5] 141.00-142.00 sec   809 KBytes  6.62 Mbits/sec  1.059 ms  619/1309 (47%)  
[  5] 142.00-143.00 sec   696 KBytes  5.70 Mbits/sec  1.339 ms  547/1141 (48%)  
[  5] 143.00-144.00 sec   718 KBytes  5.88 Mbits/sec  1.108 ms  572/1185 (48%)  
[  5] 144.00-145.00 sec   769 KBytes  6.30 Mbits/sec  1.112 ms  603/1259 (48%)  
[  5] 145.00-146.00 sec   712 KBytes  5.83 Mbits/sec  1.113 ms  569/1177 (48%)  
[  5] 146.00-147.00 sec   708 KBytes  5.80 Mbits/sec  1.235 ms  573/1177 (49%)  
[  5] 147.00-148.00 sec   810 KBytes  6.63 Mbits/sec  1.096 ms  670/1361 (49%)  
[  5] 148.00-149.00 sec   708 KBytes  5.80 Mbits/sec  1.254 ms  603/1207 (50%)  
[  5] 149.00-150.00 sec   703 KBytes  5.76 Mbits/sec  1.432 ms  587/1187 (49%)  
[  5] 150.00-151.00 sec   680 KBytes  5.57 Mbits/sec  1.274 ms  546/1126 (48%)  
[  5] 151.00-152.00 sec   708 KBytes  5.80 Mbits/sec  1.121 ms  543/1147 (47%)  
[  5] 152.00-153.00 sec   798 KBytes  6.54 Mbits/sec  1.153 ms  630/1311 (48%)  
[  5] 153.00-154.00 sec   718 KBytes  5.88 Mbits/sec  1.055 ms  568/1181 (48%)  
[  5] 154.00-155.00 sec   708 KBytes  5.80 Mbits/sec  1.095 ms  542/1146 (47%)  
[  5] 155.00-156.00 sec   810 KBytes  6.63 Mbits/sec  1.002 ms  640/1331 (48%)  
[  5] 156.00-157.00 sec   799 KBytes  6.55 Mbits/sec  1.061 ms  661/1343 (49%)  
[  5] 157.00-158.00 sec   718 KBytes  5.89 Mbits/sec  1.194 ms  620/1233 (50%)  
[  5] 158.00-159.00 sec   809 KBytes  6.62 Mbits/sec  1.010 ms  680/1370 (50%)  
[  5] 159.00-160.00 sec   709 KBytes  5.81 Mbits/sec  1.161 ms  585/1190 (49%)  
[  5] 160.00-161.00 sec   720 KBytes  5.89 Mbits/sec  1.084 ms  612/1226 (50%)  
[  5] 161.00-162.00 sec   798 KBytes  6.54 Mbits/sec  1.157 ms  686/1367 (50%)  
[  5] 162.00-163.00 sec   809 KBytes  6.62 Mbits/sec  1.122 ms  699/1389 (50%)  
[  5] 163.00-164.00 sec   709 KBytes  5.81 Mbits/sec  1.106 ms  635/1240 (51%)  
[  5] 164.00-165.00 sec   765 KBytes  6.27 Mbits/sec  1.204 ms  696/1349 (52%)  
[  5] 165.00-166.00 sec   709 KBytes  5.81 Mbits/sec  1.203 ms  580/1185 (49%)  
[  5] 166.00-167.00 sec   720 KBytes  5.89 Mbits/sec  1.055 ms  608/1222 (50%)  
[  5] 167.00-168.00 sec   809 KBytes  6.62 Mbits/sec  1.069 ms  632/1322 (48%)  
[  5] 168.00-169.00 sec   709 KBytes  5.81 Mbits/sec  1.131 ms  535/1140 (47%)  
[  5] 169.00-170.00 sec   809 KBytes  6.62 Mbits/sec  1.067 ms  621/1311 (47%)  
[  5] 170.00-171.00 sec   704 KBytes  5.77 Mbits/sec  1.061 ms  554/1155 (48%)  
[  5] 171.00-172.00 sec   809 KBytes  6.62 Mbits/sec  1.127 ms  669/1359 (49%)  
[  5] 172.00-173.00 sec   809 KBytes  6.63 Mbits/sec  0.966 ms  650/1340 (49%)  
[  5] 173.00-174.00 sec   697 KBytes  5.71 Mbits/sec  1.061 ms  593/1188 (50%)  
[  5] 174.00-175.00 sec   809 KBytes  6.62 Mbits/sec  1.114 ms  622/1312 (47%)  
[  5] 175.00-176.00 sec   709 KBytes  5.81 Mbits/sec  1.088 ms  547/1152 (47%)  
[  5] 176.00-177.00 sec   809 KBytes  6.62 Mbits/sec  1.129 ms  658/1348 (49%)  
[  5] 177.00-178.00 sec   680 KBytes  5.57 Mbits/sec  1.178 ms  549/1129 (49%)  
[  5] 178.00-179.00 sec   807 KBytes  6.62 Mbits/sec  1.117 ms  661/1350 (49%)  
[  5] 179.00-180.00 sec   710 KBytes  5.82 Mbits/sec  1.021 ms  579/1185 (49%)  
[  5] 180.00-181.00 sec   807 KBytes  6.61 Mbits/sec  1.143 ms  667/1356 (49%)  
[  5] 181.00-182.00 sec   720 KBytes  5.89 Mbits/sec  0.975 ms  558/1172 (48%)  
[  5] 182.00-183.00 sec   798 KBytes  6.54 Mbits/sec  1.205 ms  640/1321 (48%)  
[  5] 183.00-184.00 sec   720 KBytes  5.89 Mbits/sec  1.076 ms  548/1162 (47%)  
[  5] 184.00-185.00 sec   799 KBytes  6.55 Mbits/sec  1.093 ms  611/1293 (47%)  
[  5] 185.00-186.00 sec   718 KBytes  5.88 Mbits/sec  1.077 ms  563/1176 (48%)  
[  5] 186.00-187.00 sec   809 KBytes  6.62 Mbits/sec  1.022 ms  621/1311 (47%)  
[  5] 187.00-188.00 sec   709 KBytes  5.81 Mbits/sec  1.116 ms  563/1168 (48%)  
[  5] 188.00-189.00 sec   779 KBytes  6.38 Mbits/sec  1.008 ms  618/1283 (48%)  
[  5] 189.00-190.00 sec   838 KBytes  6.86 Mbits/sec  1.059 ms  687/1402 (49%)  
[  5] 190.00-191.00 sec   659 KBytes  5.40 Mbits/sec  1.111 ms  532/1094 (49%)  
[  5] 191.00-192.00 sec   809 KBytes  6.62 Mbits/sec  1.023 ms  647/1337 (48%)  
[  5] 192.00-193.00 sec   709 KBytes  5.81 Mbits/sec  1.083 ms  573/1178 (49%)  
[  5] 193.00-194.00 sec   722 KBytes  5.91 Mbits/sec  4.509 ms  613/1229 (50%)  
[  5] 194.00-195.00 sec   796 KBytes  6.52 Mbits/sec  1.086 ms  606/1285 (47%)  
[  5] 195.00-196.00 sec   718 KBytes  5.89 Mbits/sec  1.106 ms  586/1199 (49%)  
[  5] 196.00-197.00 sec   703 KBytes  5.76 Mbits/sec  1.081 ms  604/1204 (50%)  
[  5] 197.00-198.00 sec   809 KBytes  6.62 Mbits/sec  1.126 ms  651/1341 (49%)  
[  5] 198.00-199.00 sec   709 KBytes  5.81 Mbits/sec  1.099 ms  538/1143 (47%)  
[  5] 199.00-200.00 sec   809 KBytes  6.62 Mbits/sec  1.094 ms  642/1332 (48%)  
[  5] 200.00-201.00 sec   679 KBytes  5.56 Mbits/sec  1.128 ms  516/1095 (47%)  
[  5] 201.00-202.00 sec   797 KBytes  6.52 Mbits/sec  1.155 ms  627/1307 (48%)  
[  5] 202.00-203.00 sec   709 KBytes  5.81 Mbits/sec  1.116 ms  531/1136 (47%)  
[  5] 203.00-204.00 sec   809 KBytes  6.62 Mbits/sec  1.128 ms  636/1326 (48%)  
[  5] 204.00-205.00 sec   788 KBytes  6.45 Mbits/sec  1.136 ms  660/1332 (50%)  
[  5] 205.00-206.00 sec   708 KBytes  5.80 Mbits/sec  1.152 ms  593/1197 (50%)  
[  5] 206.00-207.00 sec   810 KBytes  6.63 Mbits/sec  1.118 ms  655/1346 (49%)  
[  5] 207.00-208.00 sec   708 KBytes  5.80 Mbits/sec  1.272 ms  626/1230 (51%)  
[  5] 208.00-209.00 sec   810 KBytes  6.64 Mbits/sec  1.148 ms  691/1382 (50%)  
[  5] 209.00-210.00 sec   720 KBytes  5.89 Mbits/sec  1.036 ms  593/1207 (49%)  
[  5] 210.00-211.00 sec   798 KBytes  6.54 Mbits/sec  1.075 ms  608/1289 (47%)  
[  5] 211.00-212.00 sec   720 KBytes  5.89 Mbits/sec  1.138 ms  573/1187 (48%)  
[  5] 212.00-213.00 sec   798 KBytes  6.54 Mbits/sec  1.149 ms  649/1330 (49%)  
[  5] 213.00-214.00 sec   689 KBytes  5.65 Mbits/sec  1.042 ms  551/1139 (48%)  
[  5] 214.00-215.00 sec   839 KBytes  6.87 Mbits/sec  1.056 ms  685/1401 (49%)  
[  5] 215.00-216.00 sec   679 KBytes  5.56 Mbits/sec  1.150 ms  515/1094 (47%)  
[  5] 216.00-217.00 sec   708 KBytes  5.80 Mbits/sec  1.049 ms  544/1148 (47%)  
[  5] 217.00-218.00 sec   809 KBytes  6.62 Mbits/sec  1.094 ms  639/1329 (48%)  
[  5] 218.00-219.00 sec   708 KBytes  5.80 Mbits/sec  1.141 ms  551/1155 (48%)  
[  5] 219.00-220.00 sec   809 KBytes  6.62 Mbits/sec  1.096 ms  633/1323 (48%)  
[  5] 220.00-221.00 sec   718 KBytes  5.89 Mbits/sec  1.040 ms  581/1194 (49%)  
[  5] 221.00-222.00 sec   799 KBytes  6.55 Mbits/sec  1.128 ms  650/1332 (49%)  
[  5] 222.00-223.00 sec   718 KBytes  5.88 Mbits/sec  1.071 ms  575/1188 (48%)  
[  5] 223.00-224.00 sec   799 KBytes  6.55 Mbits/sec  1.131 ms  646/1328 (49%)  
[  5] 224.00-225.00 sec   718 KBytes  5.88 Mbits/sec  1.151 ms  565/1178 (48%)  
[  5] 225.00-226.00 sec   809 KBytes  6.63 Mbits/sec  1.115 ms  672/1362 (49%)  
[  5] 226.00-227.00 sec   697 KBytes  5.71 Mbits/sec  1.355 ms  556/1151 (48%)  
[  5] 227.00-228.00 sec   680 KBytes  5.57 Mbits/sec  1.127 ms  544/1124 (48%)  
[  5] 228.00-229.00 sec   809 KBytes  6.63 Mbits/sec  1.177 ms  678/1368 (50%)  
[  5] 229.00-230.00 sec   809 KBytes  6.62 Mbits/sec  1.075 ms  670/1360 (49%)  
[  5] 230.00-231.00 sec   697 KBytes  5.71 Mbits/sec  1.144 ms  586/1181 (50%)  
[  5] 231.00-232.00 sec   809 KBytes  6.63 Mbits/sec  1.065 ms  624/1314 (47%)  
[  5] 232.00-233.00 sec   709 KBytes  5.81 Mbits/sec  1.113 ms  558/1163 (48%)  
[  5] 233.00-234.00 sec   809 KBytes  6.63 Mbits/sec  1.192 ms  637/1327 (48%)  
[  5] 234.00-235.00 sec   809 KBytes  6.62 Mbits/sec  1.050 ms  638/1328 (48%)  
[  5] 235.00-236.00 sec   709 KBytes  5.81 Mbits/sec  1.111 ms  563/1168 (48%)  
[  5] 236.00-237.00 sec   809 KBytes  6.62 Mbits/sec  1.137 ms  649/1339 (48%)  
[  5] 237.00-238.00 sec   709 KBytes  5.81 Mbits/sec  1.111 ms  580/1185 (49%)  
[  5] 238.00-239.00 sec   809 KBytes  6.63 Mbits/sec  1.114 ms  678/1368 (50%)  
[  5] 239.00-240.00 sec   709 KBytes  5.81 Mbits/sec  1.113 ms  587/1192 (49%)  
[  5] 240.00-241.00 sec   797 KBytes  6.52 Mbits/sec  1.361 ms  635/1315 (48%)  
[  5] 241.00-242.00 sec   718 KBytes  5.89 Mbits/sec  1.061 ms  576/1189 (48%)  
[  5] 242.00-243.00 sec   680 KBytes  5.57 Mbits/sec  1.204 ms  530/1110 (48%)  
[  5] 243.00-244.00 sec   809 KBytes  6.62 Mbits/sec  0.999 ms  613/1303 (47%)  
[  5] 244.00-245.00 sec   709 KBytes  5.81 Mbits/sec  1.105 ms  561/1166 (48%)  
[  5] 245.00-246.00 sec   797 KBytes  6.53 Mbits/sec  1.118 ms  660/1340 (49%)  
[  5] 246.00-247.00 sec   809 KBytes  6.62 Mbits/sec  1.079 ms  642/1332 (48%)  
[  5] 247.00-248.00 sec   709 KBytes  5.81 Mbits/sec  1.145 ms  542/1147 (47%)  
[  5] 248.00-249.00 sec   809 KBytes  6.62 Mbits/sec  1.020 ms  647/1337 (48%)  
[  5] 249.00-250.00 sec   709 KBytes  5.81 Mbits/sec  1.073 ms  554/1159 (48%)  
[  5] 250.00-251.00 sec   809 KBytes  6.62 Mbits/sec  1.108 ms  636/1326 (48%)  
[  5] 251.00-252.00 sec   709 KBytes  5.81 Mbits/sec  1.076 ms  547/1152 (47%)  
[  5] 252.00-253.00 sec   809 KBytes  6.62 Mbits/sec  1.164 ms  667/1357 (49%)  
[  5] 253.00-254.00 sec   709 KBytes  5.81 Mbits/sec  1.119 ms  596/1201 (50%)  
[  5] 254.00-255.00 sec   798 KBytes  6.54 Mbits/sec  1.144 ms  691/1372 (50%)  
[  5] 255.00-256.00 sec   798 KBytes  6.53 Mbits/sec  1.129 ms  643/1324 (49%)  
[  5] 256.00-257.00 sec   709 KBytes  5.81 Mbits/sec  1.108 ms  556/1161 (48%)  
[  5] 257.00-258.00 sec   689 KBytes  5.64 Mbits/sec  1.078 ms  534/1122 (48%)  
[  5] 258.00-259.00 sec   829 KBytes  6.78 Mbits/sec  1.058 ms  636/1343 (47%)  
[  5] 259.00-260.00 sec   687 KBytes  5.63 Mbits/sec  1.080 ms  540/1126 (48%)  
[  5] 260.00-261.00 sec   810 KBytes  6.63 Mbits/sec  1.108 ms  639/1330 (48%)  
[  5] 261.00-262.00 sec   708 KBytes  5.80 Mbits/sec  1.113 ms  572/1176 (49%)  
[  5] 262.00-263.00 sec   810 KBytes  6.63 Mbits/sec  1.023 ms  641/1332 (48%)  
[  5] 263.00-264.00 sec   798 KBytes  6.54 Mbits/sec  1.176 ms  660/1341 (49%)  
[  5] 264.00-265.00 sec   720 KBytes  5.90 Mbits/sec  1.105 ms  548/1162 (47%)  
[  5] 265.00-266.00 sec   809 KBytes  6.62 Mbits/sec  1.078 ms  626/1316 (48%)  
[  5] 266.00-267.00 sec   709 KBytes  5.81 Mbits/sec  1.087 ms  533/1138 (47%)  
[  5] 267.00-268.00 sec   809 KBytes  6.62 Mbits/sec  1.087 ms  630/1320 (48%)  
[  5] 268.00-269.00 sec   709 KBytes  5.81 Mbits/sec  1.123 ms  584/1189 (49%)  
[  5] 269.00-270.00 sec   809 KBytes  6.62 Mbits/sec  1.184 ms  691/1381 (50%)  
[  5] 270.00-271.00 sec   709 KBytes  5.81 Mbits/sec  1.093 ms  575/1180 (49%)  
[  5] 271.00-272.00 sec   688 KBytes  5.64 Mbits/sec  0.999 ms  525/1112 (47%)  
[  5] 272.00-273.00 sec   799 KBytes  6.55 Mbits/sec  1.083 ms  613/1295 (47%)  
[  5] 273.00-274.00 sec   696 KBytes  5.70 Mbits/sec  1.115 ms  593/1187 (50%)  
[  5] 274.00-275.00 sec   709 KBytes  5.80 Mbits/sec  1.165 ms  563/1168 (48%)  
[  5] 275.00-276.00 sec   809 KBytes  6.64 Mbits/sec  1.116 ms  624/1314 (47%)  
[  5] 276.00-277.00 sec   809 KBytes  6.62 Mbits/sec  1.117 ms  632/1322 (48%)  
[  5] 277.00-278.00 sec   709 KBytes  5.81 Mbits/sec  1.138 ms  558/1163 (48%)  
[  5] 278.00-279.00 sec   809 KBytes  6.62 Mbits/sec  1.127 ms  649/1339 (48%)  
[  5] 279.00-280.00 sec   709 KBytes  5.81 Mbits/sec  1.078 ms  585/1190 (49%)  
[  5] 280.00-281.00 sec   809 KBytes  6.62 Mbits/sec  1.090 ms  625/1315 (48%)  
[  5] 281.00-282.00 sec   709 KBytes  5.81 Mbits/sec  1.083 ms  554/1159 (48%)  
[  5] 282.00-283.00 sec   809 KBytes  6.62 Mbits/sec  1.137 ms  673/1363 (49%)  
[  5] 283.00-284.00 sec   689 KBytes  5.64 Mbits/sec  1.188 ms  591/1179 (50%)  
[  5] 284.00-285.00 sec   829 KBytes  6.79 Mbits/sec  0.989 ms  657/1364 (48%)  
[  5] 285.00-286.00 sec   779 KBytes  6.38 Mbits/sec  1.103 ms  657/1322 (50%)  
[  5] 286.00-287.00 sec   709 KBytes  5.81 Mbits/sec  1.220 ms  596/1201 (50%)  
[  5] 287.00-288.00 sec   718 KBytes  5.88 Mbits/sec  1.096 ms  569/1182 (48%)  
[  5] 288.00-289.00 sec   809 KBytes  6.62 Mbits/sec  1.125 ms  633/1323 (48%)  
[  5] 289.00-290.00 sec   704 KBytes  5.76 Mbits/sec  1.103 ms  546/1147 (48%)  
[  5] 290.00-291.00 sec   730 KBytes  5.99 Mbits/sec  2.822 ms  600/1223 (49%)  
[  5] 291.00-292.00 sec   788 KBytes  6.44 Mbits/sec  1.062 ms  586/1258 (47%)  
[  5] 292.00-293.00 sec   807 KBytes  6.62 Mbits/sec  1.079 ms  618/1307 (47%)  
[  5] 293.00-294.00 sec   710 KBytes  5.82 Mbits/sec  1.089 ms  584/1190 (49%)  
[  5] 294.00-295.00 sec   689 KBytes  5.64 Mbits/sec  1.044 ms  566/1154 (49%)  
[  5] 295.00-296.00 sec   838 KBytes  6.87 Mbits/sec  1.032 ms  657/1372 (48%)  
[  5] 296.00-297.00 sec   680 KBytes  5.57 Mbits/sec  1.078 ms  508/1088 (47%)  
[  5] 297.00-298.00 sec   708 KBytes  5.80 Mbits/sec  1.136 ms  545/1149 (47%)  
[  5] 298.00-299.00 sec   810 KBytes  6.63 Mbits/sec  1.191 ms  656/1347 (49%)  
[  5] 299.00-300.00 sec   708 KBytes  5.79 Mbits/sec  1.077 ms  582/1186 (49%)  
[  5] 300.00-301.00 sec   718 KBytes  5.89 Mbits/sec  1.172 ms  580/1193 (49%)  
[  5] 301.00-302.00 sec   709 KBytes  5.81 Mbits/sec  1.131 ms  557/1162 (48%)  
[  5] 302.00-303.00 sec   779 KBytes  6.38 Mbits/sec  1.200 ms  666/1331 (50%)  
[  5] 303.00-304.00 sec   709 KBytes  5.81 Mbits/sec  1.141 ms  595/1200 (50%)  
[  5] 304.00-305.00 sec   720 KBytes  5.89 Mbits/sec  1.078 ms  574/1188 (48%)  
[  5] 305.00-306.00 sec   709 KBytes  5.81 Mbits/sec  1.200 ms  560/1165 (48%)  
[  5] 306.00-307.00 sec   809 KBytes  6.62 Mbits/sec  1.169 ms  657/1347 (49%)  
[  5] 307.00-308.00 sec   709 KBytes  5.81 Mbits/sec  1.111 ms  578/1183 (49%)  
[  5] 308.00-309.00 sec   718 KBytes  5.88 Mbits/sec  1.027 ms  587/1200 (49%)  
[  5] 309.00-310.00 sec   799 KBytes  6.55 Mbits/sec  1.093 ms  680/1362 (50%)  
[  5] 310.00-311.00 sec   809 KBytes  6.62 Mbits/sec  1.112 ms  687/1377 (50%)  
[  5] 311.00-312.00 sec   689 KBytes  5.65 Mbits/sec  1.095 ms  599/1187 (50%)  
[  5] 312.00-313.00 sec   829 KBytes  6.79 Mbits/sec  1.063 ms  686/1393 (49%)  
[  5] 313.00-314.00 sec   689 KBytes  5.64 Mbits/sec  1.059 ms  596/1184 (50%)  
[  5] 314.00-315.00 sec   829 KBytes  6.79 Mbits/sec  1.103 ms  704/1411 (50%)  
[  5] 315.00-316.00 sec   689 KBytes  5.65 Mbits/sec  1.125 ms  595/1183 (50%)  
[  5] 316.00-317.00 sec   708 KBytes  5.79 Mbits/sec  1.184 ms  613/1217 (50%)  
[  5] 317.00-318.00 sec   720 KBytes  5.90 Mbits/sec  1.073 ms  605/1219 (50%)  
[  5] 318.00-319.00 sec   708 KBytes  5.80 Mbits/sec  1.099 ms  600/1204 (50%)  
[  5] 319.00-320.00 sec   591 KBytes  4.84 Mbits/sec  1.186 ms  514/1018 (50%)  
[  5] 320.00-321.00 sec   618 KBytes  5.06 Mbits/sec  1.055 ms  516/1043 (49%)  
[  5] 321.00-322.00 sec   589 KBytes  4.83 Mbits/sec  1.167 ms  470/973 (48%)  
[  5] 322.00-323.00 sec   720 KBytes  5.89 Mbits/sec  1.042 ms  569/1183 (48%)  
[  5] 323.00-324.00 sec   598 KBytes  4.90 Mbits/sec  1.503 ms  479/989 (48%)  
[  5] 324.00-325.00 sec   598 KBytes  4.90 Mbits/sec  0.995 ms  475/985 (48%)  
[  5] 325.00-326.00 sec   518 KBytes  4.24 Mbits/sec  1.183 ms  397/839 (47%)  
[  5] 326.00-327.00 sec   589 KBytes  4.83 Mbits/sec  1.163 ms  464/967 (48%)  
[  5] 327.00-328.00 sec   619 KBytes  5.07 Mbits/sec  1.129 ms  471/999 (47%)  
[  5] 328.00-329.00 sec   599 KBytes  4.91 Mbits/sec  1.101 ms  494/1005 (49%)  
[  5] 329.00-330.00 sec   619 KBytes  5.07 Mbits/sec  1.110 ms  489/1017 (48%)  
[  5] 330.00-331.00 sec   589 KBytes  4.83 Mbits/sec  1.072 ms  502/1005 (50%)  
[  5] 331.00-332.00 sec   619 KBytes  5.07 Mbits/sec  1.301 ms  578/1106 (52%)  
[  5] 332.00-333.00 sec   588 KBytes  4.82 Mbits/sec  1.066 ms  502/1004 (50%)  
[  5] 333.00-334.00 sec   704 KBytes  5.77 Mbits/sec  1.226 ms  684/1285 (53%)  
[  5] 334.00-335.00 sec   514 KBytes  4.21 Mbits/sec  1.286 ms  559/998 (56%)  
[  5] 335.00-336.00 sec   679 KBytes  5.56 Mbits/sec  1.338 ms  820/1399 (59%)  
[  5] 336.00-337.00 sec   720 KBytes  5.89 Mbits/sec  1.127 ms  831/1445 (58%)  
[  5] 337.00-338.00 sec   619 KBytes  5.07 Mbits/sec  1.295 ms  653/1181 (55%)  
[  5] 338.00-339.00 sec   589 KBytes  4.83 Mbits/sec  1.130 ms  656/1159 (57%)  
[  5] 339.00-340.00 sec   619 KBytes  5.07 Mbits/sec  1.207 ms  715/1243 (58%)  
[  5] 340.00-341.00 sec   589 KBytes  4.83 Mbits/sec  1.195 ms  745/1248 (60%)  
[  5] 341.00-342.00 sec   708 KBytes  5.80 Mbits/sec  1.325 ms  972/1576 (62%)  
[  5] 342.00-343.00 sec   720 KBytes  5.89 Mbits/sec  1.300 ms  886/1500 (59%)  
[  5] 343.00-344.00 sec   589 KBytes  4.83 Mbits/sec  1.158 ms  686/1189 (58%)  
[  5] 344.00-345.00 sec   709 KBytes  5.81 Mbits/sec  1.280 ms  807/1412 (57%)  
[  5] 345.00-346.00 sec   619 KBytes  5.07 Mbits/sec  1.398 ms  881/1409 (63%)  
[  5] 346.00-347.00 sec   718 KBytes  5.88 Mbits/sec  1.163 ms  874/1487 (59%)  
[  5] 347.00-348.00 sec   580 KBytes  4.75 Mbits/sec  1.248 ms  608/1103 (55%)  
[  5] 348.00-349.00 sec   628 KBytes  5.14 Mbits/sec  1.079 ms  664/1200 (55%)  
[  5] 349.00-350.00 sec   589 KBytes  4.83 Mbits/sec  1.234 ms  817/1320 (62%)  
[  5] 350.00-351.00 sec   400 KBytes  3.27 Mbits/sec  1.203 ms  420/761 (55%)  
[  5] 351.00-352.00 sec  0.00 Bytes  0.00 bits/sec  1.203 ms  0/0 (0%)  
[  5] 352.00-353.00 sec  0.00 Bytes  0.00 bits/sec  1.203 ms  0/0 (0%)  
[  5] 353.00-354.00 sec  0.00 Bytes  0.00 bits/sec  1.203 ms  0/0 (0%)  
[  5] 354.00-355.00 sec  0.00 Bytes  0.00 bits/sec  1.203 ms  0/0 (0%)  
[  5] 355.00-356.00 sec  0.00 Bytes  0.00 bits/sec  1.203 ms  0/0 (0%)  
[  5] 356.00-357.00 sec  0.00 Bytes  0.00 bits/sec  1.203 ms  0/0 (0%)  
[  5] 357.00-358.00 sec  0.00 Bytes  0.00 bits/sec  1.203 ms  0/0 (0%)  
[  5] 358.00-359.00 sec  0.00 Bytes  0.00 bits/sec  1.203 ms  0/0 (0%)  
[  5] 359.00-360.00 sec  0.00 Bytes  0.00 bits/sec  1.203 ms  0/0 (0%)  
[  5] 360.00-361.00 sec  0.00 Bytes  0.00 bits/sec  1.203 ms  0/0 (0%)  
[  5] 361.00-362.00 sec  0.00 Bytes  0.00 bits/sec  1.203 ms  0/0 (0%)  
[  5] 362.00-363.00 sec  0.00 Bytes  0.00 bits/sec  1.203 ms  0/0 (0%)  
[  5] 363.00-364.00 sec  0.00 Bytes  0.00 bits/sec  1.203 ms  0/0 (0%)  
[  5] 364.00-365.00 sec  0.00 Bytes  0.00 bits/sec  1.203 ms  0/0 (0%)  
[  5] 365.00-366.00 sec  0.00 Bytes  0.00 bits/sec  1.203 ms  0/0 (0%)  
[  5] 366.00-367.00 sec  0.00 Bytes  0.00 bits/sec  1.203 ms  0/0 (0%)  
