Connecting to host 172.22.0.50, port 5202
Reverse mode, remote host 172.22.0.50 is sending
[  5] local 192.168.102.2 port 40381 connected to 172.22.0.50 port 5202
[ ID] Interval           Transfer     Bitrate         Jitter    Lost/Total Datagrams
[  5]   0.00-1.00   sec   440 KBytes  3.60 Mbits/sec  0.384 ms  0/4501 (0%)  
[  5]   1.00-2.00   sec   440 KBytes  3.60 Mbits/sec  0.291 ms  0/4505 (0%)  
[  5]   2.00-3.00   sec   439 KBytes  3.60 Mbits/sec  0.273 ms  0/4496 (0%)  
[  5]   3.00-4.00   sec   440 KBytes  3.60 Mbits/sec  0.360 ms  0/4502 (0%)  
[  5]   4.00-5.00   sec   439 KBytes  3.60 Mbits/sec  0.287 ms  0/4491 (0%)  
[  5]   5.00-6.00   sec   438 KBytes  3.58 Mbits/sec  0.314 ms  0/4480 (0%)  
[  5]   6.00-7.00   sec   439 KBytes  3.59 Mbits/sec  0.514 ms  0/4493 (0%)  
[  5]   7.00-8.00   sec   441 KBytes  3.61 Mbits/sec  0.439 ms  0/4517 (0%)  
[  5]   8.00-9.00   sec   439 KBytes  3.60 Mbits/sec  0.451 ms  0/4498 (0%)  
[  5]   9.00-10.00  sec   441 KBytes  3.62 Mbits/sec  0.293 ms  0/4520 (0%)  
[  5]  10.00-11.00  sec   439 KBytes  3.60 Mbits/sec  0.368 ms  0/4495 (0%)  
[  5]  11.00-12.00  sec   440 KBytes  3.60 Mbits/sec  0.296 ms  0/4501 (0%)  
[  5]  12.00-13.00  sec   439 KBytes  3.60 Mbits/sec  0.225 ms  0/4499 (0%)  
[  5]  13.00-14.00  sec   438 KBytes  3.59 Mbits/sec  0.243 ms  0/4486 (0%)  
[  5]  14.00-15.00  sec   440 KBytes  3.61 Mbits/sec  0.315 ms  0/4508 (0%)  
[  5]  15.00-16.00  sec   440 KBytes  3.60 Mbits/sec  0.285 ms  0/4502 (0%)  
[  5]  16.00-17.00  sec   439 KBytes  3.60 Mbits/sec  0.327 ms  0/4499 (0%)  
[  5]  17.00-18.00  sec   435 KBytes  3.57 Mbits/sec  0.351 ms  0/4458 (0%)  
[  5]  18.00-19.00  sec   444 KBytes  3.63 Mbits/sec  0.321 ms  0/4544 (0%)  
[  5]  19.00-20.00  sec   437 KBytes  3.58 Mbits/sec  0.358 ms  0/4475 (0%)  
[  5]  20.00-21.00  sec   438 KBytes  3.58 Mbits/sec  0.332 ms  0/4481 (0%)  
[  5]  21.00-22.00  sec   443 KBytes  3.63 Mbits/sec  0.299 ms  0/4532 (0%)  
[  5]  22.00-23.00  sec   436 KBytes  3.57 Mbits/sec  0.748 ms  0/4460 (0%)  
[  5]  23.00-24.00  sec   445 KBytes  3.64 Mbits/sec  0.306 ms  0/4553 (0%)  
[  5]  24.00-25.00  sec   439 KBytes  3.60 Mbits/sec  0.303 ms  0/4499 (0%)  
[  5]  25.00-26.00  sec   440 KBytes  3.60 Mbits/sec  0.308 ms  0/4502 (0%)  
[  5]  26.00-27.00  sec   439 KBytes  3.60 Mbits/sec  0.331 ms  0/4496 (0%)  
[  5]  27.00-28.00  sec   437 KBytes  3.58 Mbits/sec  0.383 ms  0/4473 (0%)  
[  5]  28.00-29.00  sec   194 KBytes  1.59 Mbits/sec  0.329 ms  2550/4533 (56%)  
[  5]  29.00-30.00  sec   437 KBytes  3.58 Mbits/sec  0.383 ms  0/4473 (0%)  
[  5]  30.00-31.00  sec   438 KBytes  3.59 Mbits/sec  0.426 ms  0/4489 (0%)  
[  5]  31.00-32.00  sec   442 KBytes  3.62 Mbits/sec  0.346 ms  0/4530 (0%)  
[  5]  32.00-33.00  sec   438 KBytes  3.59 Mbits/sec  0.586 ms  0/4487 (0%)  
[  5]  33.00-34.00  sec   442 KBytes  3.62 Mbits/sec  0.343 ms  0/4524 (0%)  
[  5]  34.00-35.00  sec   436 KBytes  3.57 Mbits/sec  0.332 ms  0/4466 (0%)  
[  5]  35.00-36.00  sec   442 KBytes  3.63 Mbits/sec  0.355 ms  0/4531 (0%)  
[  5]  36.00-37.00  sec   438 KBytes  3.59 Mbits/sec  0.605 ms  0/4484 (0%)  
[  5]  37.00-38.00  sec   442 KBytes  3.62 Mbits/sec  0.318 ms  0/4521 (0%)  
[  5]  38.00-39.00  sec   438 KBytes  3.59 Mbits/sec  0.317 ms  0/4490 (0%)  
[  5]  39.00-40.00  sec   439 KBytes  3.60 Mbits/sec  0.418 ms  0/4499 (0%)  
[  5]  40.00-41.00  sec   439 KBytes  3.60 Mbits/sec  0.356 ms  0/4501 (0%)  
[  5]  41.00-42.00  sec   440 KBytes  3.61 Mbits/sec  0.313 ms  0/4507 (0%)  
[  5]  42.00-43.00  sec   440 KBytes  3.60 Mbits/sec  0.332 ms  0/4501 (0%)  
[  5]  43.00-44.00  sec   439 KBytes  3.60 Mbits/sec  0.291 ms  0/4495 (0%)  
[  5]  44.00-45.00  sec   440 KBytes  3.60 Mbits/sec  0.367 ms  0/4501 (0%)  
[  5]  45.00-46.00  sec   439 KBytes  3.60 Mbits/sec  0.277 ms  0/4499 (0%)  
[  5]  46.00-47.00  sec   440 KBytes  3.60 Mbits/sec  0.205 ms  0/4502 (0%)  
[  5]  47.00-48.00  sec   438 KBytes  3.59 Mbits/sec  0.286 ms  0/4483 (0%)  
[  5]  48.00-49.00  sec   441 KBytes  3.61 Mbits/sec  0.374 ms  0/4515 (0%)  
[  5]  49.00-50.00  sec   438 KBytes  3.59 Mbits/sec  0.338 ms  0/4486 (0%)  
[  5]  50.00-51.00  sec   440 KBytes  3.60 Mbits/sec  0.392 ms  0/4505 (0%)  
[  5]  51.00-52.00  sec   438 KBytes  3.59 Mbits/sec  0.291 ms  0/4489 (0%)  
[  5]  52.00-53.00  sec   442 KBytes  3.62 Mbits/sec  0.308 ms  0/4526 (0%)  
[  5]  53.00-54.00  sec   438 KBytes  3.59 Mbits/sec  0.288 ms  0/4490 (0%)  
[  5]  54.00-55.00  sec   439 KBytes  3.60 Mbits/sec  0.349 ms  0/4495 (0%)  
[  5]  55.00-56.00  sec   439 KBytes  3.59 Mbits/sec  0.318 ms  0/4491 (0%)  
[  5]  56.00-57.00  sec   440 KBytes  3.60 Mbits/sec  0.367 ms  0/4505 (0%)  
[  5]  57.00-58.00  sec   441 KBytes  3.61 Mbits/sec  0.313 ms  0/4513 (0%)  
[  5]  58.00-59.00  sec   439 KBytes  3.60 Mbits/sec  0.415 ms  0/4497 (0%)  
[  5]  59.00-60.00  sec   439 KBytes  3.59 Mbits/sec  0.182 ms  0/4493 (0%)  
[  5]  60.00-61.00  sec   441 KBytes  3.61 Mbits/sec  0.423 ms  0/4515 (0%)  
[  5]  61.00-62.00  sec   439 KBytes  3.60 Mbits/sec  0.319 ms  0/4491 (0%)  
[  5]  62.00-63.00  sec   437 KBytes  3.58 Mbits/sec  0.307 ms  0/4473 (0%)  
[  5]  63.00-64.00  sec   442 KBytes  3.62 Mbits/sec  0.422 ms  0/4524 (0%)  
[  5]  64.00-65.00  sec   440 KBytes  3.60 Mbits/sec  0.323 ms  0/4501 (0%)  
[  5]  65.00-66.00  sec   440 KBytes  3.60 Mbits/sec  0.301 ms  0/4504 (0%)  
[  5]  66.00-67.00  sec   439 KBytes  3.59 Mbits/sec  0.316 ms  0/4491 (0%)  
[  5]  67.00-68.00  sec   438 KBytes  3.59 Mbits/sec  0.332 ms  0/4484 (0%)  
[  5]  68.00-69.00  sec   442 KBytes  3.62 Mbits/sec  0.351 ms  0/4523 (0%)  
[  5]  69.00-70.00  sec   440 KBytes  3.61 Mbits/sec  0.276 ms  0/4507 (0%)  
[  5]  70.00-71.00  sec   436 KBytes  3.57 Mbits/sec  0.313 ms  0/4468 (0%)  
[  5]  71.00-72.00  sec   440 KBytes  3.60 Mbits/sec  0.357 ms  0/4503 (0%)  
[  5]  72.00-73.00  sec   440 KBytes  3.60 Mbits/sec  0.366 ms  0/4501 (0%)  
[  5]  73.00-74.00  sec   439 KBytes  3.60 Mbits/sec  0.320 ms  0/4495 (0%)  
[  5]  74.00-75.00  sec   442 KBytes  3.62 Mbits/sec  0.293 ms  0/4521 (0%)  
[  5]  75.00-76.00  sec   439 KBytes  3.60 Mbits/sec  0.318 ms  0/4497 (0%)  
[  5]  76.00-77.00  sec   439 KBytes  3.60 Mbits/sec  0.330 ms  0/4499 (0%)  
[  5]  77.00-78.00  sec   441 KBytes  3.61 Mbits/sec  0.310 ms  0/4514 (0%)  
[  5]  78.00-79.00  sec   436 KBytes  3.57 Mbits/sec  0.417 ms  0/4462 (0%)  
[  5]  79.00-80.00  sec   442 KBytes  3.62 Mbits/sec  0.303 ms  0/4526 (0%)  
[  5]  80.00-81.00  sec   437 KBytes  3.58 Mbits/sec  0.444 ms  0/4474 (0%)  
[  5]  81.00-82.00  sec   443 KBytes  3.63 Mbits/sec  0.291 ms  0/4541 (0%)  
[  5]  82.00-83.00  sec   436 KBytes  3.57 Mbits/sec  0.352 ms  0/4469 (0%)  
[  5]  83.00-84.00  sec   441 KBytes  3.61 Mbits/sec  0.237 ms  0/4514 (0%)  
[  5]  84.00-85.00  sec   440 KBytes  3.61 Mbits/sec  0.332 ms  0/4508 (0%)  
[  5]  85.00-86.00  sec   440 KBytes  3.60 Mbits/sec  0.283 ms  0/4501 (0%)  
[  5]  86.00-87.00  sec   438 KBytes  3.58 Mbits/sec  0.313 ms  0/4481 (0%)  
[  5]  87.00-88.00  sec   442 KBytes  3.63 Mbits/sec  0.312 ms  0/4527 (0%)  
[  5]  88.00-89.00  sec   438 KBytes  3.59 Mbits/sec  0.318 ms  0/4483 (0%)  
[  5]  89.00-90.00  sec   435 KBytes  3.56 Mbits/sec  0.414 ms  0/4452 (0%)  
[  5]  90.00-91.00  sec   442 KBytes  3.62 Mbits/sec  0.382 ms  0/4521 (0%)  
[  5]  91.00-92.00  sec   433 KBytes  3.55 Mbits/sec  0.323 ms  0/4438 (0%)  
[  5]  92.00-93.00  sec   433 KBytes  3.55 Mbits/sec  0.416 ms  0/4431 (0%)  
[  5]  93.00-94.00  sec   443 KBytes  3.63 Mbits/sec  0.348 ms  0/4539 (0%)  
[  5]  94.00-95.00  sec   445 KBytes  3.64 Mbits/sec  0.342 ms  0/4556 (0%)  
[  5]  95.00-96.00  sec   439 KBytes  3.59 Mbits/sec  0.268 ms  0/4493 (0%)  
[  5]  96.00-97.00  sec   442 KBytes  3.61 Mbits/sec  0.379 ms  0/4522 (0%)  
[  5]  97.00-98.00  sec   445 KBytes  3.65 Mbits/sec  0.406 ms  0/4561 (0%)  
[  5]  98.00-99.00  sec   438 KBytes  3.59 Mbits/sec  0.365 ms  0/4484 (0%)  
[  5]  99.00-100.00 sec   439 KBytes  3.60 Mbits/sec  0.327 ms  0/4497 (0%)  
[  5] 100.00-101.00 sec   440 KBytes  3.61 Mbits/sec  0.412 ms  0/4510 (0%)  
[  5] 101.00-102.00 sec   439 KBytes  3.59 Mbits/sec  0.338 ms  0/4492 (0%)  
[  5] 102.00-103.00 sec   440 KBytes  3.60 Mbits/sec  0.296 ms  0/4502 (0%)  
[  5] 103.00-104.00 sec   438 KBytes  3.59 Mbits/sec  0.346 ms  0/4488 (0%)  
[  5] 104.00-105.00 sec   440 KBytes  3.61 Mbits/sec  0.389 ms  0/4507 (0%)  
[  5] 105.00-106.00 sec   439 KBytes  3.59 Mbits/sec  0.366 ms  0/4492 (0%)  
[  5] 106.00-107.00 sec   442 KBytes  3.62 Mbits/sec  0.294 ms  0/4526 (0%)  
[  5] 107.00-108.00 sec   438 KBytes  3.59 Mbits/sec  0.373 ms  0/4487 (0%)  
[  5] 108.00-109.00 sec   441 KBytes  3.62 Mbits/sec  0.295 ms  0/4518 (0%)  
[  5] 109.00-110.00 sec   440 KBytes  3.60 Mbits/sec  0.330 ms  0/4501 (0%)  
[  5] 110.00-111.00 sec   439 KBytes  3.60 Mbits/sec  0.321 ms  0/4494 (0%)  
[  5] 111.00-112.00 sec   434 KBytes  3.55 Mbits/sec  0.360 ms  0/4441 (0%)  
[  5] 112.00-113.00 sec   444 KBytes  3.64 Mbits/sec  0.296 ms  0/4548 (0%)  
[  5] 113.00-114.00 sec   441 KBytes  3.61 Mbits/sec  0.318 ms  0/4517 (0%)  
[  5] 114.00-115.00 sec   440 KBytes  3.60 Mbits/sec  0.289 ms  0/4502 (0%)  
[  5] 115.00-116.00 sec   439 KBytes  3.60 Mbits/sec  0.306 ms  0/4497 (0%)  
[  5] 116.00-117.00 sec   439 KBytes  3.59 Mbits/sec  0.300 ms  0/4492 (0%)  
[  5] 117.00-118.00 sec   440 KBytes  3.61 Mbits/sec  0.344 ms  0/4510 (0%)  
[  5] 118.00-119.00 sec   438 KBytes  3.59 Mbits/sec  0.363 ms  0/4489 (0%)  
[  5] 119.00-120.00 sec   437 KBytes  3.58 Mbits/sec  0.423 ms  0/4472 (0%)  
[  5] 120.00-121.00 sec   442 KBytes  3.62 Mbits/sec  0.324 ms  0/4523 (0%)  
[  5] 121.00-122.00 sec   439 KBytes  3.60 Mbits/sec  0.330 ms  0/4499 (0%)  
[  5] 122.00-123.00 sec   437 KBytes  3.58 Mbits/sec  0.372 ms  0/4470 (0%)  
[  5] 123.00-124.00 sec   441 KBytes  3.61 Mbits/sec  0.359 ms  0/4518 (0%)  
[  5] 124.00-125.00 sec   441 KBytes  3.61 Mbits/sec  0.277 ms  0/4517 (0%)  
[  5] 125.00-126.00 sec   439 KBytes  3.59 Mbits/sec  0.341 ms  0/4491 (0%)  
[  5] 126.00-127.00 sec   441 KBytes  3.61 Mbits/sec  0.377 ms  0/4513 (0%)  
[  5] 127.00-128.00 sec   439 KBytes  3.60 Mbits/sec  0.370 ms  0/4495 (0%)  
[  5] 128.00-129.00 sec   438 KBytes  3.59 Mbits/sec  0.342 ms  0/4484 (0%)  
[  5] 129.00-130.00 sec   442 KBytes  3.62 Mbits/sec  0.318 ms  0/4527 (0%)  
[  5] 130.00-131.00 sec   438 KBytes  3.59 Mbits/sec  0.309 ms  0/4488 (0%)  
[  5] 131.00-132.00 sec   441 KBytes  3.61 Mbits/sec  0.282 ms  0/4512 (0%)  
[  5] 132.00-133.00 sec   440 KBytes  3.60 Mbits/sec  0.344 ms  0/4501 (0%)  
[  5] 133.00-134.00 sec   438 KBytes  3.59 Mbits/sec  0.347 ms  0/4481 (0%)  
[  5] 134.00-135.00 sec   442 KBytes  3.62 Mbits/sec  0.317 ms  0/4522 (0%)  
[  5] 135.00-136.00 sec   433 KBytes  3.55 Mbits/sec  0.401 ms  0/4439 (0%)  
[  5] 136.00-137.00 sec   443 KBytes  3.63 Mbits/sec  0.302 ms  0/4536 (0%)  
[  5] 137.00-138.00 sec   439 KBytes  3.60 Mbits/sec  0.318 ms  0/4498 (0%)  
[  5] 138.00-139.00 sec   442 KBytes  3.62 Mbits/sec  0.325 ms  0/4527 (0%)  
[  5] 139.00-140.00 sec   439 KBytes  3.60 Mbits/sec  0.298 ms  0/4496 (0%)  
[  5] 140.00-141.00 sec   438 KBytes  3.59 Mbits/sec  0.348 ms  0/4483 (0%)  
[  5] 141.00-142.00 sec   438 KBytes  3.58 Mbits/sec  0.490 ms  0/4480 (0%)  
[  5] 142.00-143.00 sec   440 KBytes  3.60 Mbits/sec  0.677 ms  0/4503 (0%)  
[  5] 143.00-144.00 sec   442 KBytes  3.62 Mbits/sec  0.329 ms  0/4531 (0%)  
[  5] 144.00-145.00 sec   438 KBytes  3.59 Mbits/sec  0.309 ms  0/4487 (0%)  
[  5] 145.00-146.00 sec   441 KBytes  3.62 Mbits/sec  0.322 ms  0/4519 (0%)  
[  5] 146.00-147.00 sec   439 KBytes  3.60 Mbits/sec  0.244 ms  0/4497 (0%)  
[  5] 147.00-148.00 sec   434 KBytes  3.55 Mbits/sec  0.366 ms  0/4442 (0%)  
[  5] 148.00-149.00 sec   442 KBytes  3.62 Mbits/sec  0.319 ms  0/4525 (0%)  
[  5] 149.00-150.00 sec   440 KBytes  3.60 Mbits/sec  0.267 ms  0/4507 (0%)  
[  5] 150.00-151.00 sec   438 KBytes  3.59 Mbits/sec  0.314 ms  0/4489 (0%)  
[  5] 151.00-152.00 sec   440 KBytes  3.61 Mbits/sec  0.308 ms  0/4509 (0%)  
[  5] 152.00-153.00 sec   438 KBytes  3.59 Mbits/sec  0.297 ms  0/4486 (0%)  
[  5] 153.00-154.00 sec   440 KBytes  3.61 Mbits/sec  0.298 ms  0/4507 (0%)  
[  5] 154.00-155.00 sec   443 KBytes  3.63 Mbits/sec  0.297 ms  0/4533 (0%)  
[  5] 155.00-156.00 sec   439 KBytes  3.60 Mbits/sec  0.387 ms  0/4498 (0%)  
[  5] 156.00-157.00 sec   440 KBytes  3.61 Mbits/sec  0.344 ms  0/4506 (0%)  
[  5] 157.00-158.00 sec   438 KBytes  3.59 Mbits/sec  0.312 ms  0/4488 (0%)  
[  5] 158.00-159.00 sec   440 KBytes  3.60 Mbits/sec  0.295 ms  0/4501 (0%)  
[  5] 159.00-160.00 sec   438 KBytes  3.59 Mbits/sec  0.331 ms  0/4487 (0%)  
[  5] 160.00-161.00 sec   441 KBytes  3.62 Mbits/sec  0.322 ms  0/4520 (0%)  
[  5] 161.00-162.00 sec   439 KBytes  3.60 Mbits/sec  0.344 ms  0/4498 (0%)  
[  5] 162.00-163.00 sec   438 KBytes  3.59 Mbits/sec  0.291 ms  0/4489 (0%)  
[  5] 163.00-164.00 sec   441 KBytes  3.61 Mbits/sec  0.326 ms  0/4514 (0%)  
[  5] 164.00-165.00 sec   438 KBytes  3.59 Mbits/sec  0.291 ms  0/4490 (0%)  
[  5] 165.00-166.00 sec   439 KBytes  3.60 Mbits/sec  0.292 ms  0/4497 (0%)  
[  5] 166.00-167.00 sec   440 KBytes  3.61 Mbits/sec  0.302 ms  0/4508 (0%)  
[  5] 167.00-168.00 sec   440 KBytes  3.61 Mbits/sec  0.282 ms  0/4507 (0%)  
[  5] 168.00-169.00 sec   433 KBytes  3.55 Mbits/sec  0.357 ms  0/4439 (0%)  
[  5] 169.00-170.00 sec   445 KBytes  3.64 Mbits/sec  0.362 ms  0/4556 (0%)  
[  5] 170.00-171.00 sec   439 KBytes  3.59 Mbits/sec  0.388 ms  0/4494 (0%)  
[  5] 171.00-172.00 sec   436 KBytes  3.58 Mbits/sec  0.285 ms  0/4468 (0%)  
[  5] 172.00-173.00 sec   442 KBytes  3.63 Mbits/sec  0.318 ms  0/4531 (0%)  
[  5] 173.00-174.00 sec   440 KBytes  3.60 Mbits/sec  0.340 ms  0/4502 (0%)  
[  5] 174.00-175.00 sec   440 KBytes  3.60 Mbits/sec  0.344 ms  0/4501 (0%)  
[  5] 175.00-176.00 sec   439 KBytes  3.60 Mbits/sec  0.323 ms  0/4494 (0%)  
[  5] 176.00-177.00 sec   440 KBytes  3.60 Mbits/sec  0.382 ms  0/4506 (0%)  
[  5] 177.00-178.00 sec   438 KBytes  3.58 Mbits/sec  0.457 ms  0/4481 (0%)  
[  5] 178.00-179.00 sec   442 KBytes  3.62 Mbits/sec  0.359 ms  0/4524 (0%)  
[  5] 179.00-180.00 sec   438 KBytes  3.58 Mbits/sec  0.408 ms  0/4482 (0%)  
[  5] 180.00-181.00 sec   442 KBytes  3.62 Mbits/sec  0.290 ms  0/4523 (0%)  
[  5] 181.00-182.00 sec   436 KBytes  3.57 Mbits/sec  0.306 ms  0/4463 (0%)  
[  5] 182.00-183.00 sec   441 KBytes  3.61 Mbits/sec  0.391 ms  0/4517 (0%)  
[  5] 183.00-184.00 sec   439 KBytes  3.60 Mbits/sec  0.316 ms  0/4497 (0%)  
[  5] 184.00-185.00 sec   436 KBytes  3.57 Mbits/sec  0.327 ms  0/4469 (0%)  
[  5] 185.00-186.00 sec   443 KBytes  3.63 Mbits/sec  0.300 ms  0/4536 (0%)  
[  5] 186.00-187.00 sec   438 KBytes  3.59 Mbits/sec  0.325 ms  0/4485 (0%)  
[  5] 187.00-188.00 sec   439 KBytes  3.59 Mbits/sec  0.292 ms  0/4492 (0%)  
[  5] 188.00-189.00 sec   438 KBytes  3.59 Mbits/sec  0.370 ms  0/4484 (0%)  
[  5] 189.00-190.00 sec   441 KBytes  3.61 Mbits/sec  0.273 ms  0/4514 (0%)  
[  5] 190.00-191.00 sec   440 KBytes  3.61 Mbits/sec  0.365 ms  0/4508 (0%)  
[  5] 191.00-192.00 sec   440 KBytes  3.61 Mbits/sec  0.297 ms  0/4510 (0%)  
[  5] 192.00-193.00 sec   434 KBytes  3.56 Mbits/sec  0.360 ms  0/4447 (0%)  
[  5] 193.00-194.00 sec   441 KBytes  3.61 Mbits/sec  0.343 ms  0/4511 (0%)  
[  5] 194.00-195.00 sec   443 KBytes  3.63 Mbits/sec  0.280 ms  0/4539 (0%)  
[  5] 195.00-196.00 sec   439 KBytes  3.60 Mbits/sec  0.338 ms  0/4499 (0%)  
[  5] 196.00-197.00 sec   437 KBytes  3.58 Mbits/sec  0.365 ms  0/4475 (0%)  
[  5] 197.00-198.00 sec   435 KBytes  3.57 Mbits/sec  0.313 ms  0/4454 (0%)  
[  5] 198.00-199.00 sec   441 KBytes  3.61 Mbits/sec  0.435 ms  0/4514 (0%)  
[  5] 199.00-200.00 sec   444 KBytes  3.64 Mbits/sec  0.290 ms  0/4545 (0%)  
[  5] 200.00-201.00 sec   440 KBytes  3.61 Mbits/sec  0.313 ms  0/4510 (0%)  
[  5] 201.00-202.00 sec   439 KBytes  3.59 Mbits/sec  0.366 ms  0/4491 (0%)  
[  5] 202.00-203.00 sec   442 KBytes  3.62 Mbits/sec  0.303 ms  0/4522 (0%)  
[  5] 203.00-204.00 sec   440 KBytes  3.61 Mbits/sec  0.343 ms  0/4510 (0%)  
[  5] 204.00-205.00 sec   439 KBytes  3.60 Mbits/sec  0.341 ms  0/4494 (0%)  
[  5] 205.00-206.00 sec   439 KBytes  3.59 Mbits/sec  0.340 ms  0/4495 (0%)  
[  5] 206.00-207.00 sec   441 KBytes  3.61 Mbits/sec  0.300 ms  0/4515 (0%)  
[  5] 207.00-208.00 sec   439 KBytes  3.60 Mbits/sec  0.285 ms  0/4500 (0%)  
[  5] 208.00-209.00 sec   439 KBytes  3.59 Mbits/sec  0.330 ms  0/4491 (0%)  
[  5] 209.00-210.00 sec   440 KBytes  3.61 Mbits/sec  0.332 ms  0/4509 (0%)  
[  5] 210.00-211.00 sec   438 KBytes  3.59 Mbits/sec  0.448 ms  0/4486 (0%)  
[  5] 211.00-212.00 sec   439 KBytes  3.60 Mbits/sec  0.362 ms  0/4495 (0%)  
[  5] 212.00-213.00 sec   439 KBytes  3.59 Mbits/sec  0.345 ms  0/4493 (0%)  
[  5] 213.00-214.00 sec   430 KBytes  3.53 Mbits/sec  0.304 ms  0/4410 (0%)  
[  5] 214.00-215.00 sec   440 KBytes  3.61 Mbits/sec  0.314 ms  0/4510 (0%)  
[  5] 215.00-216.00 sec   446 KBytes  3.65 Mbits/sec  0.284 ms  0/4564 (0%)  
[  5] 216.00-217.00 sec   442 KBytes  3.62 Mbits/sec  0.321 ms  0/4530 (0%)  
[  5] 217.00-218.00 sec   431 KBytes  3.53 Mbits/sec  0.357 ms  0/4418 (0%)  
[  5] 218.00-219.00 sec   438 KBytes  3.59 Mbits/sec  0.309 ms  0/4485 (0%)  
[  5] 219.00-220.00 sec   445 KBytes  3.65 Mbits/sec  0.297 ms  0/4561 (0%)  
[  5] 220.00-221.00 sec   442 KBytes  3.63 Mbits/sec  0.470 ms  0/4531 (0%)  
[  5] 221.00-222.00 sec   442 KBytes  3.61 Mbits/sec  0.312 ms  0/4524 (0%)  
[  5] 222.00-223.00 sec   436 KBytes  3.57 Mbits/sec  0.530 ms  0/4468 (0%)  
[  5] 223.00-224.00 sec   440 KBytes  3.61 Mbits/sec  0.471 ms  0/4501 (0%)  
[  5] 224.00-225.00 sec   439 KBytes  3.60 Mbits/sec  0.331 ms  0/4502 (0%)  
[  5] 225.00-226.00 sec   439 KBytes  3.60 Mbits/sec  0.343 ms  0/4500 (0%)  
[  5] 226.00-227.00 sec   440 KBytes  3.60 Mbits/sec  0.373 ms  0/4507 (0%)  
[  5] 227.00-228.00 sec   437 KBytes  3.58 Mbits/sec  0.402 ms  0/4470 (0%)  
[  5] 228.00-229.00 sec   444 KBytes  3.63 Mbits/sec  0.301 ms  0/4543 (0%)  
[  5] 229.00-230.00 sec   439 KBytes  3.59 Mbits/sec  0.309 ms  0/4493 (0%)  
[  5] 230.00-231.00 sec   440 KBytes  3.61 Mbits/sec  0.293 ms  0/4507 (0%)  
[  5] 231.00-232.00 sec   438 KBytes  3.59 Mbits/sec  0.368 ms  0/4481 (0%)  
[  5] 232.00-233.00 sec   442 KBytes  3.62 Mbits/sec  0.310 ms  0/4527 (0%)  
[  5] 233.00-234.00 sec   438 KBytes  3.59 Mbits/sec  0.374 ms  0/4488 (0%)  
[  5] 234.00-235.00 sec   439 KBytes  3.60 Mbits/sec  0.206 ms  0/4500 (0%)  
[  5] 235.00-236.00 sec   439 KBytes  3.60 Mbits/sec  0.334 ms  0/4500 (0%)  
[  5] 236.00-237.00 sec   440 KBytes  3.61 Mbits/sec  0.313 ms  0/4510 (0%)  
[  5] 237.00-238.00 sec   439 KBytes  3.60 Mbits/sec  0.346 ms  0/4495 (0%)  
[  5] 238.00-239.00 sec   440 KBytes  3.60 Mbits/sec  0.390 ms  0/4501 (0%)  
[  5] 239.00-240.00 sec   439 KBytes  3.60 Mbits/sec  0.336 ms  0/4496 (0%)  
[  5] 240.00-241.00 sec   439 KBytes  3.60 Mbits/sec  0.289 ms  0/4499 (0%)  
[  5] 241.00-242.00 sec   439 KBytes  3.60 Mbits/sec  0.414 ms  0/4494 (0%)  
[  5] 242.00-243.00 sec   439 KBytes  3.59 Mbits/sec  0.338 ms  0/4493 (0%)  
[  5] 243.00-244.00 sec   434 KBytes  3.56 Mbits/sec  0.321 ms  0/4445 (0%)  
[  5] 244.00-245.00 sec   446 KBytes  3.66 Mbits/sec  0.315 ms  0/4572 (0%)  
[  5] 245.00-246.00 sec   438 KBytes  3.59 Mbits/sec  0.283 ms  0/4481 (0%)  
[  5] 246.00-247.00 sec   439 KBytes  3.60 Mbits/sec  0.306 ms  0/4500 (0%)  
[  5] 247.00-248.00 sec   439 KBytes  3.59 Mbits/sec  0.357 ms  0/4493 (0%)  
[  5] 248.00-249.00 sec   439 KBytes  3.61 Mbits/sec  0.283 ms  0/4500 (0%)  
[  5] 249.00-250.00 sec   442 KBytes  3.63 Mbits/sec  0.327 ms  0/4531 (0%)  
[  5] 250.00-251.00 sec   437 KBytes  3.58 Mbits/sec  0.341 ms  0/4471 (0%)  
[  5] 251.00-252.00 sec   441 KBytes  3.61 Mbits/sec  0.359 ms  0/4517 (0%)  
[  5] 252.00-253.00 sec   439 KBytes  3.60 Mbits/sec  0.344 ms  0/4492 (0%)  
[  5] 253.00-254.00 sec   440 KBytes  3.60 Mbits/sec  0.289 ms  0/4502 (0%)  
[  5] 254.00-255.00 sec   441 KBytes  3.61 Mbits/sec  0.294 ms  0/4513 (0%)  
[  5] 255.00-256.00 sec   440 KBytes  3.60 Mbits/sec  0.353 ms  0/4504 (0%)  
[  5] 256.00-257.00 sec   439 KBytes  3.59 Mbits/sec  0.324 ms  0/4493 (0%)  
[  5] 257.00-258.00 sec   440 KBytes  3.60 Mbits/sec  0.453 ms  0/4501 (0%)  
[  5] 258.00-259.00 sec   427 KBytes  3.49 Mbits/sec  0.252 ms  0/4371 (0%)  
[  5] 259.00-260.00 sec   446 KBytes  3.65 Mbits/sec  0.286 ms  0/4572 (0%)  
[  5] 260.00-261.00 sec   445 KBytes  3.65 Mbits/sec  0.439 ms  0/4556 (0%)  
[  5] 261.00-262.00 sec   437 KBytes  3.58 Mbits/sec  0.307 ms  0/4477 (0%)  
[  5] 262.00-263.00 sec   442 KBytes  3.62 Mbits/sec  0.317 ms  0/4521 (0%)  
[  5] 263.00-264.00 sec   439 KBytes  3.60 Mbits/sec  0.280 ms  0/4493 (0%)  
[  5] 264.00-265.00 sec   440 KBytes  3.61 Mbits/sec  0.297 ms  0/4508 (0%)  
[  5] 265.00-266.00 sec   438 KBytes  3.59 Mbits/sec  0.398 ms  0/4484 (0%)  
[  5] 266.00-267.00 sec   441 KBytes  3.62 Mbits/sec  0.316 ms  0/4520 (0%)  
[  5] 267.00-268.00 sec   435 KBytes  3.56 Mbits/sec  0.338 ms  0/4452 (0%)  
[  5] 268.00-269.00 sec   442 KBytes  3.62 Mbits/sec  0.457 ms  0/4523 (0%)  
[  5] 269.00-270.00 sec   441 KBytes  3.61 Mbits/sec  0.374 ms  0/4518 (0%)  
[  5] 270.00-271.00 sec   440 KBytes  3.61 Mbits/sec  0.276 ms  0/4507 (0%)  
[  5] 271.00-272.00 sec   440 KBytes  3.60 Mbits/sec  0.397 ms  0/4503 (0%)  
[  5] 272.00-273.00 sec   438 KBytes  3.59 Mbits/sec  0.294 ms  0/4489 (0%)  
[  5] 273.00-274.00 sec   435 KBytes  3.57 Mbits/sec  0.276 ms  0/4459 (0%)  
[  5] 274.00-275.00 sec   439 KBytes  3.59 Mbits/sec  0.335 ms  0/4493 (0%)  
[  5] 275.00-276.00 sec   439 KBytes  3.60 Mbits/sec  0.311 ms  0/4496 (0%)  
[  5] 276.00-277.00 sec   436 KBytes  3.57 Mbits/sec  0.331 ms  0/4466 (0%)  
[  5] 277.00-278.00 sec   447 KBytes  3.66 Mbits/sec  0.282 ms  0/4578 (0%)  
[  5] 278.00-279.00 sec   441 KBytes  3.61 Mbits/sec  0.314 ms  0/4512 (0%)  
[  5] 279.00-280.00 sec   437 KBytes  3.58 Mbits/sec  0.468 ms  0/4473 (0%)  
[  5] 280.00-281.00 sec   443 KBytes  3.63 Mbits/sec  0.313 ms  0/4535 (0%)  
[  5] 281.00-282.00 sec   438 KBytes  3.58 Mbits/sec  0.405 ms  0/4481 (0%)  
[  5] 282.00-283.00 sec   438 KBytes  3.59 Mbits/sec  0.382 ms  0/4482 (0%)  
[  5] 283.00-284.00 sec   443 KBytes  3.63 Mbits/sec  0.330 ms  0/4534 (0%)  
[  5] 284.00-285.00 sec   436 KBytes  3.57 Mbits/sec  0.291 ms  0/4464 (0%)  
[  5] 285.00-286.00 sec   443 KBytes  3.63 Mbits/sec  0.331 ms  0/4536 (0%)  
[  5] 286.00-287.00 sec   440 KBytes  3.60 Mbits/sec  0.340 ms  0/4503 (0%)  
[  5] 287.00-288.00 sec   439 KBytes  3.60 Mbits/sec  0.268 ms  0/4498 (0%)  
[  5] 288.00-289.00 sec   438 KBytes  3.59 Mbits/sec  0.324 ms  0/4483 (0%)  
[  5] 289.00-290.00 sec   441 KBytes  3.61 Mbits/sec  0.303 ms  0/4513 (0%)  
[  5] 290.00-291.00 sec   436 KBytes  3.57 Mbits/sec  0.348 ms  0/4463 (0%)  
[  5] 291.00-292.00 sec   440 KBytes  3.61 Mbits/sec  0.226 ms  0/4508 (0%)  
[  5] 292.00-293.00 sec   441 KBytes  3.62 Mbits/sec  0.232 ms  0/4520 (0%)  
[  5] 293.00-294.00 sec   438 KBytes  3.59 Mbits/sec  0.319 ms  0/4484 (0%)  
[  5] 294.00-295.00 sec   442 KBytes  3.62 Mbits/sec  0.315 ms  0/4528 (0%)  
[  5] 295.00-296.00 sec   440 KBytes  3.60 Mbits/sec  0.375 ms  0/4503 (0%)  
[  5] 296.00-297.00 sec   439 KBytes  3.60 Mbits/sec  0.297 ms  0/4497 (0%)  
[  5] 297.00-298.00 sec   438 KBytes  3.59 Mbits/sec  0.322 ms  0/4484 (0%)  
[  5] 298.00-299.00 sec   439 KBytes  3.59 Mbits/sec  0.320 ms  0/4493 (0%)  
[  5] 299.00-300.00 sec   441 KBytes  3.61 Mbits/sec  0.255 ms  0/4512 (0%)  
[  5] 300.00-301.00 sec   441 KBytes  3.61 Mbits/sec  0.330 ms  0/4511 (0%)  
[  5] 301.00-302.00 sec   440 KBytes  3.60 Mbits/sec  0.304 ms  0/4504 (0%)  
[  5] 302.00-303.00 sec   438 KBytes  3.59 Mbits/sec  0.359 ms  0/4488 (0%)  
[  5] 303.00-304.00 sec   437 KBytes  3.58 Mbits/sec  0.400 ms  0/4476 (0%)  
[  5] 304.00-305.00 sec   436 KBytes  3.57 Mbits/sec  0.421 ms  0/4468 (0%)  
[  5] 305.00-306.00 sec   445 KBytes  3.64 Mbits/sec  0.285 ms  0/4553 (0%)  
[  5] 306.00-307.00 sec   437 KBytes  3.58 Mbits/sec  0.293 ms  0/4479 (0%)  
[  5] 307.00-308.00 sec   435 KBytes  3.56 Mbits/sec  0.359 ms  0/4452 (0%)  
[  5] 308.00-309.00 sec   444 KBytes  3.64 Mbits/sec  0.311 ms  0/4545 (0%)  
[  5] 309.00-310.00 sec   439 KBytes  3.59 Mbits/sec  0.301 ms  0/4493 (0%)  
[  5] 310.00-311.00 sec   443 KBytes  3.63 Mbits/sec  0.339 ms  0/4538 (0%)  
[  5] 311.00-312.00 sec   440 KBytes  3.61 Mbits/sec  0.277 ms  0/4509 (0%)  
[  5] 312.00-313.00 sec   438 KBytes  3.59 Mbits/sec  0.268 ms  0/4485 (0%)  
[  5] 313.00-314.00 sec   438 KBytes  3.59 Mbits/sec  0.349 ms  0/4489 (0%)  
[  5] 314.00-315.00 sec   439 KBytes  3.60 Mbits/sec  0.295 ms  0/4498 (0%)  
[  5] 315.00-316.00 sec   439 KBytes  3.59 Mbits/sec  0.299 ms  0/4493 (0%)  
[  5] 316.00-317.00 sec   439 KBytes  3.60 Mbits/sec  0.308 ms  0/4500 (0%)  
[  5] 317.00-318.00 sec   437 KBytes  3.58 Mbits/sec  0.354 ms  0/4472 (0%)  
[  5] 318.00-319.00 sec   432 KBytes  3.54 Mbits/sec  0.410 ms  0/4425 (0%)  
[  5] 319.00-320.00 sec   428 KBytes  3.51 Mbits/sec  0.352 ms  0/4383 (0%)  
[  5] 320.00-321.00 sec   419 KBytes  3.43 Mbits/sec  0.346 ms  0/4289 (0%)  
[  5] 321.00-322.00 sec   401 KBytes  3.29 Mbits/sec  0.347 ms  0/4108 (0%)  
[  5] 322.00-323.00 sec   410 KBytes  3.36 Mbits/sec  0.347 ms  0/4198 (0%)  
[  5] 323.00-324.00 sec   407 KBytes  3.33 Mbits/sec  0.334 ms  0/4168 (0%)  
[  5] 324.00-325.00 sec   411 KBytes  3.36 Mbits/sec  0.317 ms  0/4204 (0%)  
[  5] 325.00-326.00 sec   388 KBytes  3.18 Mbits/sec  0.431 ms  0/3974 (0%)  
[  5] 326.00-327.00 sec   398 KBytes  3.26 Mbits/sec  0.379 ms  0/4079 (0%)  
[  5] 327.00-328.00 sec   430 KBytes  3.52 Mbits/sec  0.353 ms  0/4404 (0%)  
[  5] 328.00-329.00 sec   433 KBytes  3.55 Mbits/sec  0.367 ms  0/4436 (0%)  
[  5] 329.00-330.00 sec   434 KBytes  3.56 Mbits/sec  0.295 ms  0/4448 (0%)  
[  5] 330.00-331.00 sec   432 KBytes  3.54 Mbits/sec  0.349 ms  0/4421 (0%)  
[  5] 331.00-332.00 sec   427 KBytes  3.50 Mbits/sec  0.380 ms  0/4373 (0%)  
[  5] 332.00-333.00 sec   440 KBytes  3.60 Mbits/sec  0.295 ms  0/4503 (0%)  
[  5] 333.00-334.00 sec   432 KBytes  3.54 Mbits/sec  0.376 ms  0/4425 (0%)  
[  5] 334.00-335.00 sec   442 KBytes  3.62 Mbits/sec  0.299 ms  0/4528 (0%)  
[  5] 335.00-336.00 sec   436 KBytes  3.57 Mbits/sec  0.306 ms  0/4462 (0%)  
[  5] 336.00-337.00 sec   440 KBytes  3.61 Mbits/sec  0.310 ms  0/4508 (0%)  
[  5] 337.00-338.00 sec   432 KBytes  3.54 Mbits/sec  0.328 ms  0/4419 (0%)  
[  5] 338.00-339.00 sec   431 KBytes  3.53 Mbits/sec  0.384 ms  0/4411 (0%)  
[  5] 339.00-340.00 sec   435 KBytes  3.56 Mbits/sec  0.288 ms  0/4454 (0%)  
[  5] 340.00-341.00 sec   435 KBytes  3.56 Mbits/sec  0.301 ms  0/4454 (0%)  
[  5] 341.00-342.00 sec   425 KBytes  3.48 Mbits/sec  0.353 ms  0/4352 (0%)  
[  5] 342.00-343.00 sec   425 KBytes  3.48 Mbits/sec  0.364 ms  0/4351 (0%)  
[  5] 343.00-344.00 sec   420 KBytes  3.43 Mbits/sec  0.571 ms  0/4298 (0%)  
[  5] 344.00-345.00 sec   416 KBytes  3.41 Mbits/sec  0.446 ms  0/4255 (0%)  
[  5] 345.00-346.00 sec   418 KBytes  3.42 Mbits/sec  0.306 ms  0/4281 (0%)  
[  5] 346.00-347.00 sec   421 KBytes  3.45 Mbits/sec  0.438 ms  0/4315 (0%)  
[  5] 347.00-348.00 sec   440 KBytes  3.61 Mbits/sec  0.306 ms  0/4508 (0%)  
[  5] 348.00-349.00 sec   429 KBytes  3.52 Mbits/sec  0.317 ms  0/4396 (0%)  
[  5] 349.00-350.00 sec   434 KBytes  3.55 Mbits/sec  0.328 ms  0/4441 (0%)  
[  5] 350.00-351.00 sec   430 KBytes  3.52 Mbits/sec  0.302 ms  0/4399 (0%)  
[  5] 351.00-352.00 sec   404 KBytes  3.31 Mbits/sec  0.274 ms  0/4133 (0%)  
[  5] 352.00-353.00 sec   375 KBytes  3.07 Mbits/sec  0.423 ms  0/3839 (0%)  
[  5] 353.00-354.00 sec   388 KBytes  3.17 Mbits/sec  0.454 ms  0/3968 (0%)  
[  5] 354.00-355.00 sec   409 KBytes  3.35 Mbits/sec  0.400 ms  0/4190 (0%)  
[  5] 355.00-356.00 sec   409 KBytes  3.35 Mbits/sec  0.334 ms  0/4193 (0%)  
[  5] 356.00-357.00 sec   416 KBytes  3.40 Mbits/sec  0.326 ms  0/4255 (0%)  
[  5] 357.00-358.00 sec   383 KBytes  3.14 Mbits/sec  0.398 ms  0/3923 (0%)  
[  5] 358.00-359.00 sec   414 KBytes  3.39 Mbits/sec  0.368 ms  0/4236 (0%)  
[  5] 359.00-360.00 sec   415 KBytes  3.40 Mbits/sec  0.369 ms  0/4255 (0%)  
[  5] 360.00-361.00 sec   430 KBytes  3.53 Mbits/sec  0.325 ms  0/4405 (0%)  
[  5] 361.00-362.00 sec   439 KBytes  3.59 Mbits/sec  0.287 ms  0/4491 (0%)  
[  5] 362.00-363.00 sec   432 KBytes  3.54 Mbits/sec  0.340 ms  0/4423 (0%)  
[  5] 363.00-364.00 sec   432 KBytes  3.53 Mbits/sec  0.418 ms  0/4421 (0%)  
[  5] 364.00-365.00 sec   424 KBytes  3.48 Mbits/sec  0.341 ms  0/4342 (0%)  
[  5] 365.00-366.00 sec   424 KBytes  3.48 Mbits/sec  0.562 ms  0/4345 (0%)  
[  5] 366.00-367.00 sec   438 KBytes  3.58 Mbits/sec  0.317 ms  0/4480 (0%)  
[  5] 367.00-368.00 sec   440 KBytes  3.61 Mbits/sec  0.330 ms  0/4510 (0%)  
[  5] 368.00-369.00 sec   442 KBytes  3.62 Mbits/sec  0.290 ms  0/4522 (0%)  
[  5] 369.00-370.00 sec   429 KBytes  3.51 Mbits/sec  0.298 ms  0/4392 (0%)  
[  5] 370.00-371.00 sec   426 KBytes  3.49 Mbits/sec  0.299 ms  0/4365 (0%)  
[  5] 371.00-372.00 sec   422 KBytes  3.46 Mbits/sec  0.374 ms  0/4326 (0%)  
[  5] 372.00-373.00 sec   425 KBytes  3.48 Mbits/sec  0.606 ms  0/4350 (0%)  
[  5] 373.00-374.00 sec   427 KBytes  3.50 Mbits/sec  0.375 ms  0/4375 (0%)  
[  5] 374.00-375.00 sec   426 KBytes  3.49 Mbits/sec  0.363 ms  0/4367 (0%)  
[  5] 375.00-376.00 sec   426 KBytes  3.49 Mbits/sec  0.306 ms  0/4361 (0%)  
[  5] 376.00-377.00 sec   434 KBytes  3.55 Mbits/sec  0.324 ms  0/4442 (0%)  
[  5] 377.00-378.00 sec   433 KBytes  3.55 Mbits/sec  0.446 ms  0/4437 (0%)  
[  5] 378.00-379.00 sec   419 KBytes  3.44 Mbits/sec  0.371 ms  0/4295 (0%)  
[  5] 379.00-380.00 sec   439 KBytes  3.59 Mbits/sec  0.490 ms  0/4491 (0%)  
[  5] 380.00-381.00 sec   429 KBytes  3.51 Mbits/sec  0.310 ms  0/4394 (0%)  
[  5] 381.00-382.00 sec   433 KBytes  3.54 Mbits/sec  0.513 ms  0/4431 (0%)  
[  5] 382.00-383.00 sec   437 KBytes  3.58 Mbits/sec  0.279 ms  0/4471 (0%)  
[  5] 383.00-384.00 sec   440 KBytes  3.60 Mbits/sec  0.331 ms  0/4504 (0%)  
[  5] 384.00-385.00 sec   427 KBytes  3.50 Mbits/sec  0.390 ms  0/4377 (0%)  
[  5] 385.00-386.00 sec   437 KBytes  3.58 Mbits/sec  0.319 ms  0/4477 (0%)  
[  5] 386.00-387.00 sec   429 KBytes  3.52 Mbits/sec  0.430 ms  0/4394 (0%)  
[  5] 387.00-388.00 sec   423 KBytes  3.47 Mbits/sec  0.353 ms  0/4334 (0%)  
[  5] 388.00-389.00 sec   415 KBytes  3.40 Mbits/sec  0.341 ms  0/4247 (0%)  
[  5] 389.00-390.00 sec   429 KBytes  3.52 Mbits/sec  0.360 ms  0/4397 (0%)  
[  5] 390.00-391.00 sec   408 KBytes  3.35 Mbits/sec  0.295 ms  0/4182 (0%)  
[  5] 391.00-392.00 sec   421 KBytes  3.45 Mbits/sec  0.281 ms  0/4315 (0%)  
[  5] 392.00-393.00 sec   404 KBytes  3.31 Mbits/sec  0.276 ms  0/4132 (0%)  
[  5] 393.00-394.00 sec   417 KBytes  3.42 Mbits/sec  0.321 ms  0/4271 (0%)  
[  5] 394.00-395.00 sec   428 KBytes  3.51 Mbits/sec  0.351 ms  0/4384 (0%)  
[  5] 395.00-396.00 sec   431 KBytes  3.53 Mbits/sec  0.352 ms  0/4417 (0%)  
[  5] 396.00-397.00 sec   429 KBytes  3.52 Mbits/sec  0.375 ms  0/4398 (0%)  
[  5] 397.00-398.00 sec   407 KBytes  3.34 Mbits/sec  0.333 ms  0/4170 (0%)  
[  5] 398.00-399.00 sec   390 KBytes  3.20 Mbits/sec  0.302 ms  0/3997 (0%)  
[  5] 399.00-400.00 sec   415 KBytes  3.40 Mbits/sec  0.460 ms  0/4250 (0%)  
[  5] 400.00-401.00 sec   428 KBytes  3.51 Mbits/sec  0.421 ms  0/4386 (0%)  
[  5] 401.00-402.00 sec   434 KBytes  3.56 Mbits/sec  0.344 ms  0/4447 (0%)  
[  5] 402.00-403.00 sec   438 KBytes  3.59 Mbits/sec  0.381 ms  0/4487 (0%)  
[  5] 403.00-404.00 sec   406 KBytes  3.33 Mbits/sec  0.339 ms  0/4160 (0%)  
[  5] 404.00-405.00 sec   422 KBytes  3.45 Mbits/sec  0.331 ms  0/4320 (0%)  
[  5] 405.00-406.00 sec   420 KBytes  3.44 Mbits/sec  0.319 ms  0/4298 (0%)  
[  5] 406.00-407.00 sec   418 KBytes  3.43 Mbits/sec  0.487 ms  0/4286 (0%)  
[  5] 407.00-408.00 sec   400 KBytes  3.28 Mbits/sec  0.309 ms  0/4097 (0%)  
[  5] 408.00-409.00 sec   414 KBytes  3.39 Mbits/sec  0.245 ms  0/4243 (0%)  
[  5] 409.00-410.00 sec   418 KBytes  3.43 Mbits/sec  0.452 ms  0/4284 (0%)  
