Connecting to host 172.22.0.50, port 5201
Reverse mode, remote host 172.22.0.50 is sending
[  5] local 192.168.100.2 port 39050 connected to 172.22.0.50 port 5201
[ ID] Interval           Transfer     Bitrate         Jitter    Lost/Total Datagrams
[  5]   0.00-1.00   sec  1.43 MBytes  12.0 Mbits/sec  0.801 ms  0/1251 (0%)  
[  5]   1.00-2.00   sec  1.43 MBytes  12.0 Mbits/sec  1.286 ms  0/1248 (0%)  
[  5]   2.00-3.00   sec  1.44 MBytes  12.1 Mbits/sec  0.828 ms  0/1254 (0%)  
[  5]   3.00-4.00   sec  1.43 MBytes  12.0 Mbits/sec  0.849 ms  0/1250 (0%)  
[  5]   4.00-5.00   sec  1.43 MBytes  12.0 Mbits/sec  1.085 ms  0/1248 (0%)  
[  5]   5.00-6.00   sec  1.42 MBytes  12.0 Mbits/sec  0.977 ms  0/1244 (0%)  
[  5]   6.00-7.00   sec  1.44 MBytes  12.1 Mbits/sec  1.000 ms  0/1257 (0%)  
[  5]   7.00-8.00   sec  1.43 MBytes  12.0 Mbits/sec  1.124 ms  0/1250 (0%)  
[  5]   8.00-9.00   sec  1.43 MBytes  12.0 Mbits/sec  0.916 ms  0/1249 (0%)  
[  5]   9.00-10.00  sec  1.42 MBytes  11.9 Mbits/sec  1.030 ms  0/1238 (0%)  
[  5]  10.00-11.00  sec   906 KBytes  7.42 Mbits/sec  1.515 ms  0/773 (0%)  
[  5]  11.00-12.00  sec   554 KBytes  4.54 Mbits/sec  1.415 ms  0/473 (0%)  
[  5]  12.00-13.00  sec   557 KBytes  4.56 Mbits/sec  1.532 ms  0/475 (0%)  
[  5]  13.00-14.00  sec   559 KBytes  4.58 Mbits/sec  1.453 ms  0/477 (0%)  
[  5]  14.00-15.00  sec   562 KBytes  4.61 Mbits/sec  1.554 ms  0/480 (0%)  
[  5]  15.00-16.00  sec   564 KBytes  4.62 Mbits/sec  1.434 ms  0/481 (0%)  
[  5]  16.00-17.00  sec   537 KBytes  4.40 Mbits/sec  1.446 ms  0/458 (0%)  
[  5]  17.00-18.00  sec   565 KBytes  4.63 Mbits/sec  1.278 ms  0/482 (0%)  
[  5]  18.00-19.00  sec   561 KBytes  4.60 Mbits/sec  1.702 ms  0/479 (0%)  
[  5]  19.00-20.00  sec   553 KBytes  4.53 Mbits/sec  1.440 ms  0/472 (0%)  
[  5]  20.00-21.00  sec   557 KBytes  4.56 Mbits/sec  1.563 ms  0/475 (0%)  
[  5]  21.00-22.00  sec   555 KBytes  4.55 Mbits/sec  1.688 ms  0/474 (0%)  
[  5]  22.00-23.00  sec   568 KBytes  4.66 Mbits/sec  1.322 ms  0/485 (0%)  
[  5]  23.00-24.00  sec   571 KBytes  4.67 Mbits/sec  1.458 ms  0/487 (0%)  
[  5]  24.00-25.00  sec   571 KBytes  4.68 Mbits/sec  1.415 ms  0/487 (0%)  
[  5]  25.00-26.00  sec   498 KBytes  4.08 Mbits/sec  1.835 ms  0/425 (0%)  
[  5]  26.00-27.00  sec   462 KBytes  3.78 Mbits/sec  1.704 ms  0/394 (0%)  
[  5]  27.00-28.00  sec   473 KBytes  3.88 Mbits/sec  1.774 ms  0/404 (0%)  
[  5]  28.00-29.00  sec   462 KBytes  3.78 Mbits/sec  1.645 ms  0/394 (0%)  
[  5]  29.00-30.00  sec   466 KBytes  3.82 Mbits/sec  1.729 ms  0/398 (0%)  
[  5]  30.00-31.00  sec   471 KBytes  3.86 Mbits/sec  1.596 ms  0/402 (0%)  
[  5]  31.00-32.00  sec   469 KBytes  3.84 Mbits/sec  1.725 ms  0/400 (0%)  
[  5]  32.00-33.00  sec   479 KBytes  3.93 Mbits/sec  1.717 ms  0/409 (0%)  
[  5]  33.00-34.00  sec   479 KBytes  3.93 Mbits/sec  1.748 ms  0/409 (0%)  
[  5]  34.00-35.00  sec   479 KBytes  3.93 Mbits/sec  1.813 ms  0/409 (0%)  
[  5]  35.00-36.00  sec   482 KBytes  3.95 Mbits/sec  1.667 ms  0/411 (0%)  
[  5]  36.00-37.00  sec   471 KBytes  3.86 Mbits/sec  1.659 ms  0/402 (0%)  
[  5]  37.00-38.00  sec   469 KBytes  3.84 Mbits/sec  1.740 ms  0/400 (0%)  
[  5]  38.00-39.00  sec   470 KBytes  3.85 Mbits/sec  1.723 ms  0/401 (0%)  
[  5]  39.00-40.00  sec   480 KBytes  3.94 Mbits/sec  1.736 ms  0/410 (0%)  
[  5]  40.00-41.00  sec   400 KBytes  3.27 Mbits/sec  1.552 ms  498/839 (59%)  
[  5]  41.00-42.00  sec   482 KBytes  3.95 Mbits/sec  1.584 ms  677/1088 (62%)  
[  5]  42.00-43.00  sec   475 KBytes  3.89 Mbits/sec  1.537 ms  627/1032 (61%)  
[  5]  43.00-44.00  sec   480 KBytes  3.94 Mbits/sec  1.838 ms  649/1059 (61%)  
[  5]  44.00-45.00  sec   431 KBytes  3.53 Mbits/sec  1.430 ms  579/947 (61%)  
[  5]  45.00-46.00  sec   510 KBytes  4.18 Mbits/sec  1.969 ms  768/1203 (64%)  
[  5]  46.00-47.00  sec   511 KBytes  4.19 Mbits/sec  1.716 ms  934/1370 (68%)  
[  5]  47.00-48.00  sec   559 KBytes  4.58 Mbits/sec  1.838 ms  1017/1494 (68%)  
[  5]  48.00-49.00  sec   582 KBytes  4.77 Mbits/sec  1.734 ms  1076/1573 (68%)  
[  5]  49.00-50.00  sec   554 KBytes  4.54 Mbits/sec  1.854 ms  1009/1482 (68%)  
[  5]  50.00-51.00  sec   582 KBytes  4.77 Mbits/sec  1.814 ms  1056/1553 (68%)  
[  5]  51.00-52.00  sec   559 KBytes  4.58 Mbits/sec  1.754 ms  987/1464 (67%)  
[  5]  52.00-53.00  sec   577 KBytes  4.72 Mbits/sec  1.660 ms  1003/1495 (67%)  
[  5]  53.00-54.00  sec   582 KBytes  4.77 Mbits/sec  1.665 ms  1024/1521 (67%)  
[  5]  54.00-55.00  sec   559 KBytes  4.58 Mbits/sec  1.809 ms  978/1455 (67%)  
[  5]  55.00-56.00  sec   578 KBytes  4.73 Mbits/sec  1.654 ms  1052/1545 (68%)  
[  5]  56.00-57.00  sec   493 KBytes  4.04 Mbits/sec  1.787 ms  904/1325 (68%)  
[  5]  57.00-58.00  sec   582 KBytes  4.77 Mbits/sec  1.658 ms  1017/1514 (67%)  
[  5]  58.00-59.00  sec   559 KBytes  4.58 Mbits/sec  1.626 ms  1010/1487 (68%)  
[  5]  59.00-60.00  sec   577 KBytes  4.72 Mbits/sec  1.714 ms  1036/1528 (68%)  
[  5]  60.00-61.00  sec   516 KBytes  4.22 Mbits/sec  1.911 ms  905/1345 (67%)  
[  5]  61.00-62.00  sec   422 KBytes  3.45 Mbits/sec  1.988 ms  756/1116 (68%)  
[  5]  62.00-63.00  sec   497 KBytes  4.07 Mbits/sec  1.712 ms  929/1353 (69%)  
[  5]  63.00-64.00  sec   475 KBytes  3.89 Mbits/sec  1.551 ms  681/1086 (63%)  
[  5]  64.00-65.00  sec   480 KBytes  3.94 Mbits/sec  1.439 ms  691/1101 (63%)  
[  5]  65.00-66.00  sec   503 KBytes  4.11 Mbits/sec  1.437 ms  684/1113 (61%)  
[  5]  66.00-67.00  sec   580 KBytes  4.76 Mbits/sec  1.493 ms  784/1279 (61%)  
[  5]  67.00-68.00  sec   579 KBytes  4.74 Mbits/sec  1.496 ms  783/1277 (61%)  
[  5]  68.00-69.00  sec   559 KBytes  4.58 Mbits/sec  1.430 ms  761/1238 (61%)  
[  5]  69.00-70.00  sec   503 KBytes  4.12 Mbits/sec  1.441 ms  662/1091 (61%)  
[  5]  70.00-71.00  sec   579 KBytes  4.74 Mbits/sec  1.529 ms  807/1301 (62%)  
[  5]  71.00-72.00  sec   581 KBytes  4.76 Mbits/sec  1.581 ms  827/1323 (63%)  
[  5]  72.00-73.00  sec   551 KBytes  4.51 Mbits/sec  1.440 ms  752/1222 (62%)  
[  5]  73.00-74.00  sec   509 KBytes  4.16 Mbits/sec  1.395 ms  686/1120 (61%)  
[  5]  74.00-75.00  sec   580 KBytes  4.76 Mbits/sec  1.433 ms  836/1331 (63%)  
[  5]  75.00-76.00  sec   523 KBytes  4.28 Mbits/sec  1.629 ms  723/1169 (62%)  
[  5]  76.00-77.00  sec   480 KBytes  3.94 Mbits/sec  1.598 ms  648/1058 (61%)  
[  5]  77.00-78.00  sec   480 KBytes  3.94 Mbits/sec  1.854 ms  660/1070 (62%)  
[  5]  78.00-79.00  sec   496 KBytes  4.06 Mbits/sec  1.688 ms  693/1116 (62%)  
[  5]  79.00-80.00  sec   425 KBytes  3.48 Mbits/sec  1.618 ms  779/1142 (68%)  
[  5]  80.00-81.00  sec   488 KBytes  3.99 Mbits/sec  1.988 ms  907/1323 (69%)  
[  5]  81.00-82.00  sec   404 KBytes  3.31 Mbits/sec  1.931 ms  706/1051 (67%)  
[  5]  82.00-83.00  sec   398 KBytes  3.27 Mbits/sec  1.991 ms  715/1055 (68%)  
[  5]  83.00-84.00  sec   404 KBytes  3.31 Mbits/sec  1.839 ms  719/1064 (68%)  
[  5]  84.00-85.00  sec   407 KBytes  3.33 Mbits/sec  1.826 ms  624/971 (64%)  
[  5]  85.00-86.00  sec   375 KBytes  3.07 Mbits/sec  1.421 ms  503/823 (61%)  
[  5]  86.00-87.00  sec   482 KBytes  3.95 Mbits/sec  1.415 ms  684/1095 (62%)  
[  5]  87.00-88.00  sec   480 KBytes  3.93 Mbits/sec  1.462 ms  648/1058 (61%)  
[  5]  88.00-89.00  sec   480 KBytes  3.94 Mbits/sec  1.506 ms  672/1082 (62%)  
[  5]  89.00-90.00  sec   475 KBytes  3.89 Mbits/sec  1.603 ms  681/1086 (63%)  
[  5]  90.00-91.00  sec   559 KBytes  4.58 Mbits/sec  1.437 ms  804/1281 (63%)  
[  5]  91.00-92.00  sec   551 KBytes  4.51 Mbits/sec  1.409 ms  764/1234 (62%)  
[  5]  92.00-93.00  sec   659 KBytes  5.40 Mbits/sec  1.413 ms  900/1462 (62%)  
[  5]  93.00-94.00  sec   650 KBytes  5.32 Mbits/sec  1.551 ms  882/1437 (61%)  
[  5]  94.00-95.00  sec   560 KBytes  4.59 Mbits/sec  8.281 ms  778/1256 (62%)  
[  5]  95.00-96.00  sec   700 KBytes  5.73 Mbits/sec  1.656 ms  1205/1802 (67%)  
[  5]  96.00-97.00  sec   821 KBytes  6.72 Mbits/sec  1.843 ms  1507/2208 (68%)  
[  5]  97.00-98.00  sec   809 KBytes  6.63 Mbits/sec  1.636 ms  1438/2128 (68%)  
[  5]  98.00-99.00  sec   698 KBytes  5.72 Mbits/sec  1.976 ms  1490/2086 (71%)  
[  5]  99.00-100.00 sec   805 KBytes  6.59 Mbits/sec  2.043 ms  1782/2469 (72%)  
[  5] 100.00-101.00 sec   679 KBytes  5.56 Mbits/sec  1.759 ms  1578/2157 (73%)  
[  5] 101.00-102.00 sec   736 KBytes  6.03 Mbits/sec  1.679 ms  1363/1991 (68%)  
[  5] 102.00-103.00 sec   629 KBytes  5.15 Mbits/sec  1.635 ms  1126/1663 (68%)  
[  5] 103.00-104.00 sec   731 KBytes  5.99 Mbits/sec  1.747 ms  1292/1916 (67%)  
[  5] 104.00-105.00 sec   722 KBytes  5.91 Mbits/sec  1.296 ms  926/1542 (60%)  
[  5] 105.00-106.00 sec   656 KBytes  5.38 Mbits/sec  1.316 ms  768/1328 (58%)  
[  5] 106.00-107.00 sec   704 KBytes  5.77 Mbits/sec  1.307 ms  788/1389 (57%)  
[  5] 107.00-108.00 sec   728 KBytes  5.96 Mbits/sec  1.290 ms  848/1469 (58%)  
[  5] 108.00-109.00 sec   735 KBytes  6.02 Mbits/sec  1.132 ms  756/1383 (55%)  
[  5] 109.00-110.00 sec   649 KBytes  5.32 Mbits/sec  1.133 ms  491/1045 (47%)  
[  5] 110.00-111.00 sec   718 KBytes  5.88 Mbits/sec  1.176 ms  549/1162 (47%)  
[  5] 111.00-112.00 sec   649 KBytes  5.32 Mbits/sec  1.096 ms  494/1048 (47%)  
[  5] 112.00-113.00 sec   709 KBytes  5.80 Mbits/sec  1.064 ms  556/1161 (48%)  
[  5] 113.00-114.00 sec   659 KBytes  5.40 Mbits/sec  1.059 ms  513/1075 (48%)  
[  5] 114.00-115.00 sec   708 KBytes  5.80 Mbits/sec  1.294 ms  640/1244 (51%)  
[  5] 115.00-116.00 sec   619 KBytes  5.07 Mbits/sec  1.251 ms  613/1141 (54%)  
[  5] 116.00-117.00 sec   585 KBytes  4.79 Mbits/sec  1.195 ms  554/1053 (53%)  
[  5] 117.00-118.00 sec   636 KBytes  5.21 Mbits/sec  1.167 ms  604/1147 (53%)  
[  5] 118.00-119.00 sec   558 KBytes  4.57 Mbits/sec  1.160 ms  542/1018 (53%)  
[  5] 119.00-120.00 sec   575 KBytes  4.71 Mbits/sec  1.377 ms  526/1017 (52%)  
[  5] 120.00-121.00 sec   613 KBytes  5.02 Mbits/sec  1.266 ms  573/1096 (52%)  
[  5] 121.00-122.00 sec   557 KBytes  4.56 Mbits/sec  1.155 ms  512/987 (52%)  
[  5] 122.00-123.00 sec   523 KBytes  4.28 Mbits/sec  1.200 ms  488/934 (52%)  
[  5] 123.00-124.00 sec   557 KBytes  4.56 Mbits/sec  1.244 ms  508/983 (52%)  
[  5] 124.00-125.00 sec   586 KBytes  4.80 Mbits/sec  1.228 ms  545/1045 (52%)  
[  5] 125.00-126.00 sec   521 KBytes  4.27 Mbits/sec  1.457 ms  495/940 (53%)  
[  5] 126.00-127.00 sec   468 KBytes  3.83 Mbits/sec  1.278 ms  451/850 (53%)  
[  5] 127.00-128.00 sec   496 KBytes  4.06 Mbits/sec  1.450 ms  478/901 (53%)  
[  5] 128.00-129.00 sec   468 KBytes  3.83 Mbits/sec  1.170 ms  439/838 (52%)  
[  5] 129.00-130.00 sec   432 KBytes  3.54 Mbits/sec  1.263 ms  398/767 (52%)  
[  5] 130.00-131.00 sec   495 KBytes  4.05 Mbits/sec  1.488 ms  495/917 (54%)  
[  5] 131.00-132.00 sec   585 KBytes  4.79 Mbits/sec  1.465 ms  600/1099 (55%)  
[  5] 132.00-133.00 sec   585 KBytes  4.79 Mbits/sec  1.276 ms  615/1114 (55%)  
[  5] 133.00-134.00 sec   492 KBytes  4.03 Mbits/sec  1.452 ms  615/1035 (59%)  
[  5] 134.00-135.00 sec   568 KBytes  4.65 Mbits/sec  1.411 ms  703/1188 (59%)  
[  5] 135.00-136.00 sec   567 KBytes  4.65 Mbits/sec  1.328 ms  702/1186 (59%)  
[  5] 136.00-137.00 sec   519 KBytes  4.25 Mbits/sec  1.373 ms  655/1098 (60%)  
[  5] 137.00-138.00 sec   567 KBytes  4.65 Mbits/sec  1.282 ms  701/1185 (59%)  
[  5] 138.00-139.00 sec   572 KBytes  4.68 Mbits/sec  1.502 ms  731/1219 (60%)  
[  5] 139.00-140.00 sec   559 KBytes  4.58 Mbits/sec  1.782 ms  801/1278 (63%)  
[  5] 140.00-141.00 sec   551 KBytes  4.51 Mbits/sec  1.458 ms  776/1246 (62%)  
[  5] 141.00-142.00 sec   480 KBytes  3.94 Mbits/sec  1.479 ms  685/1095 (63%)  
[  5] 142.00-143.00 sec   480 KBytes  3.94 Mbits/sec  1.473 ms  661/1071 (62%)  
[  5] 143.00-144.00 sec   424 KBytes  3.48 Mbits/sec  1.465 ms  570/932 (61%)  
[  5] 144.00-145.00 sec   471 KBytes  3.86 Mbits/sec  1.865 ms  863/1265 (68%)  
[  5] 145.00-146.00 sec   513 KBytes  4.20 Mbits/sec  1.753 ms  945/1383 (68%)  
[  5] 146.00-147.00 sec   516 KBytes  4.22 Mbits/sec  1.732 ms  915/1355 (68%)  
[  5] 147.00-148.00 sec   558 KBytes  4.57 Mbits/sec  1.660 ms  1030/1506 (68%)  
[  5] 148.00-149.00 sec   591 KBytes  4.84 Mbits/sec  1.498 ms  950/1454 (65%)  
[  5] 149.00-150.00 sec   558 KBytes  4.57 Mbits/sec  1.508 ms  781/1257 (62%)  
[  5] 150.00-151.00 sec   503 KBytes  4.12 Mbits/sec  1.426 ms  691/1120 (62%)  
[  5] 151.00-152.00 sec   580 KBytes  4.75 Mbits/sec  1.528 ms  803/1298 (62%)  
[  5] 152.00-153.00 sec   504 KBytes  4.13 Mbits/sec  1.512 ms  737/1167 (63%)  
[  5] 153.00-154.00 sec   554 KBytes  4.54 Mbits/sec  1.754 ms  783/1256 (62%)  
[  5] 154.00-155.00 sec   580 KBytes  4.75 Mbits/sec  1.408 ms  797/1292 (62%)  
[  5] 155.00-156.00 sec   502 KBytes  4.11 Mbits/sec  1.397 ms  683/1111 (61%)  
[  5] 156.00-157.00 sec   581 KBytes  4.77 Mbits/sec  1.425 ms  783/1279 (61%)  
[  5] 157.00-158.00 sec   551 KBytes  4.51 Mbits/sec  1.497 ms  746/1216 (61%)  
[  5] 158.00-159.00 sec   511 KBytes  4.19 Mbits/sec  1.652 ms  753/1189 (63%)  
[  5] 159.00-160.00 sec   493 KBytes  4.04 Mbits/sec  1.893 ms  881/1302 (68%)  
[  5] 160.00-161.00 sec   582 KBytes  4.77 Mbits/sec  1.724 ms  1071/1568 (68%)  
[  5] 161.00-162.00 sec   489 KBytes  4.00 Mbits/sec  1.962 ms  905/1322 (68%)  
[  5] 162.00-163.00 sec   582 KBytes  4.77 Mbits/sec  1.791 ms  1085/1582 (69%)  
[  5] 163.00-164.00 sec   496 KBytes  4.06 Mbits/sec  1.512 ms  721/1144 (63%)  
[  5] 164.00-165.00 sec   580 KBytes  4.75 Mbits/sec  1.455 ms  814/1309 (62%)  
[  5] 165.00-166.00 sec   581 KBytes  4.76 Mbits/sec  1.468 ms  805/1301 (62%)  
[  5] 166.00-167.00 sec   552 KBytes  4.52 Mbits/sec  1.442 ms  775/1246 (62%)  
[  5] 167.00-168.00 sec   509 KBytes  4.17 Mbits/sec  1.562 ms  729/1163 (63%)  
[  5] 168.00-169.00 sec   579 KBytes  4.74 Mbits/sec  1.461 ms  869/1363 (64%)  
[  5] 169.00-170.00 sec   555 KBytes  4.55 Mbits/sec  1.428 ms  814/1288 (63%)  
[  5] 170.00-171.00 sec   580 KBytes  4.75 Mbits/sec  1.562 ms  836/1331 (63%)  
[  5] 171.00-172.00 sec   552 KBytes  4.52 Mbits/sec  1.788 ms  766/1237 (62%)  
[  5] 172.00-173.00 sec   580 KBytes  4.75 Mbits/sec  1.707 ms  844/1339 (63%)  
[  5] 173.00-174.00 sec   579 KBytes  4.74 Mbits/sec  1.512 ms  813/1307 (62%)  
[  5] 174.00-175.00 sec   502 KBytes  4.11 Mbits/sec  1.585 ms  729/1157 (63%)  
[  5] 175.00-176.00 sec   530 KBytes  4.34 Mbits/sec  1.779 ms  770/1222 (63%)  
[  5] 176.00-177.00 sec   483 KBytes  3.96 Mbits/sec  1.850 ms  740/1152 (64%)  
[  5] 177.00-178.00 sec   475 KBytes  3.89 Mbits/sec  1.750 ms  713/1118 (64%)  
[  5] 178.00-179.00 sec   480 KBytes  3.94 Mbits/sec  1.795 ms  736/1146 (64%)  
[  5] 179.00-180.00 sec   482 KBytes  3.95 Mbits/sec  1.620 ms  729/1140 (64%)  
[  5] 180.00-181.00 sec   495 KBytes  4.05 Mbits/sec  2.336 ms  730/1152 (63%)  
[  5] 181.00-182.00 sec   537 KBytes  4.40 Mbits/sec  1.514 ms  748/1207 (62%)  
[  5] 182.00-183.00 sec   580 KBytes  4.75 Mbits/sec  1.379 ms  797/1292 (62%)  
[  5] 183.00-184.00 sec   552 KBytes  4.52 Mbits/sec  1.395 ms  769/1240 (62%)  
[  5] 184.00-185.00 sec   577 KBytes  4.72 Mbits/sec  1.456 ms  809/1301 (62%)  
[  5] 185.00-186.00 sec   606 KBytes  4.95 Mbits/sec  1.373 ms  850/1367 (62%)  
[  5] 186.00-187.00 sec   656 KBytes  5.39 Mbits/sec  1.441 ms  922/1482 (62%)  
[  5] 187.00-188.00 sec   551 KBytes  4.51 Mbits/sec  1.477 ms  753/1223 (62%)  
[  5] 188.00-189.00 sec   659 KBytes  5.39 Mbits/sec  1.472 ms  924/1486 (62%)  
[  5] 189.00-190.00 sec   629 KBytes  5.16 Mbits/sec  1.512 ms  857/1394 (61%)  
[  5] 190.00-191.00 sec   552 KBytes  4.52 Mbits/sec  1.437 ms  722/1193 (61%)  
[  5] 191.00-192.00 sec   560 KBytes  4.59 Mbits/sec  1.756 ms  795/1273 (62%)  
[  5] 192.00-193.00 sec   517 KBytes  4.23 Mbits/sec  1.798 ms  773/1214 (64%)  
[  5] 193.00-194.00 sec   555 KBytes  4.55 Mbits/sec  1.739 ms  1032/1506 (69%)  
[  5] 194.00-195.00 sec   582 KBytes  4.77 Mbits/sec  1.788 ms  1024/1521 (67%)  
[  5] 195.00-196.00 sec   559 KBytes  4.58 Mbits/sec  1.774 ms  971/1448 (67%)  
[  5] 196.00-197.00 sec   511 KBytes  4.18 Mbits/sec  1.745 ms  899/1335 (67%)  
[  5] 197.00-198.00 sec   568 KBytes  4.66 Mbits/sec  1.427 ms  821/1306 (63%)  
[  5] 198.00-199.00 sec   580 KBytes  4.75 Mbits/sec  1.426 ms  797/1292 (62%)  
[  5] 199.00-200.00 sec   580 KBytes  4.76 Mbits/sec  1.468 ms  803/1298 (62%)  
[  5] 200.00-201.00 sec   480 KBytes  3.93 Mbits/sec  1.501 ms  680/1090 (62%)  
[  5] 201.00-202.00 sec   578 KBytes  4.74 Mbits/sec  1.434 ms  813/1306 (62%)  
[  5] 202.00-203.00 sec   562 KBytes  4.61 Mbits/sec  1.561 ms  640/1120 (57%)  
[  5] 203.00-204.00 sec   512 KBytes  4.19 Mbits/sec  1.325 ms  573/1010 (57%)  
[  5] 204.00-205.00 sec   568 KBytes  4.65 Mbits/sec  1.533 ms  654/1139 (57%)  
[  5] 205.00-206.00 sec   545 KBytes  4.47 Mbits/sec  1.271 ms  611/1076 (57%)  
[  5] 206.00-207.00 sec   464 KBytes  3.80 Mbits/sec  1.511 ms  555/951 (58%)  
[  5] 207.00-208.00 sec   432 KBytes  3.54 Mbits/sec  1.561 ms  506/875 (58%)  
[  5] 208.00-209.00 sec   491 KBytes  4.02 Mbits/sec  1.475 ms  672/1091 (62%)  
[  5] 209.00-210.00 sec   454 KBytes  3.72 Mbits/sec  1.731 ms  665/1052 (63%)  
[  5] 210.00-211.00 sec   424 KBytes  3.47 Mbits/sec  1.702 ms  607/969 (63%)  
[  5] 211.00-212.00 sec   480 KBytes  3.94 Mbits/sec  1.873 ms  685/1095 (63%)  
[  5] 212.00-213.00 sec   482 KBytes  3.95 Mbits/sec  1.499 ms  669/1080 (62%)  
[  5] 213.00-214.00 sec   502 KBytes  4.11 Mbits/sec  1.511 ms  701/1129 (62%)  
[  5] 214.00-215.00 sec   482 KBytes  3.95 Mbits/sec  1.429 ms  678/1089 (62%)  
[  5] 215.00-216.00 sec   524 KBytes  4.29 Mbits/sec  1.470 ms  729/1176 (62%)  
[  5] 216.00-217.00 sec   657 KBytes  5.39 Mbits/sec  1.382 ms  919/1480 (62%)  
[  5] 217.00-218.00 sec   551 KBytes  4.51 Mbits/sec  1.554 ms  760/1230 (62%)  
[  5] 218.00-219.00 sec   656 KBytes  5.38 Mbits/sec  1.527 ms  952/1512 (63%)  
[  5] 219.00-220.00 sec   555 KBytes  4.55 Mbits/sec  1.469 ms  807/1281 (63%)  
[  5] 220.00-221.00 sec   659 KBytes  5.39 Mbits/sec  1.471 ms  905/1467 (62%)  
[  5] 221.00-222.00 sec   650 KBytes  5.33 Mbits/sec  1.613 ms  942/1497 (63%)  
[  5] 222.00-223.00 sec   559 KBytes  4.58 Mbits/sec  1.495 ms  800/1277 (63%)  
[  5] 223.00-224.00 sec   656 KBytes  5.38 Mbits/sec  1.693 ms  1078/1638 (66%)  
[  5] 224.00-225.00 sec   553 KBytes  4.53 Mbits/sec  1.768 ms  1019/1491 (68%)  
[  5] 225.00-226.00 sec   626 KBytes  5.13 Mbits/sec  1.731 ms  1143/1677 (68%)  
[  5] 226.00-227.00 sec   582 KBytes  4.77 Mbits/sec  1.672 ms  1090/1587 (69%)  
[  5] 227.00-228.00 sec   493 KBytes  4.04 Mbits/sec  1.759 ms  888/1309 (68%)  
[  5] 228.00-229.00 sec   581 KBytes  4.76 Mbits/sec  1.690 ms  1035/1531 (68%)  
[  5] 229.00-230.00 sec   559 KBytes  4.58 Mbits/sec  1.729 ms  997/1474 (68%)  
[  5] 230.00-231.00 sec   511 KBytes  4.19 Mbits/sec  1.940 ms  888/1324 (67%)  
[  5] 231.00-232.00 sec   404 KBytes  3.31 Mbits/sec  1.976 ms  702/1047 (67%)  
[  5] 232.00-233.00 sec   401 KBytes  3.28 Mbits/sec  1.602 ms  496/838 (59%)  
[  5] 233.00-234.00 sec   353 KBytes  2.89 Mbits/sec  1.456 ms  416/717 (58%)  
[  5] 234.00-235.00 sec   405 KBytes  3.33 Mbits/sec  1.386 ms  482/828 (58%)  
[  5] 235.00-236.00 sec   408 KBytes  3.34 Mbits/sec  1.614 ms  484/832 (58%)  
[  5] 236.00-237.00 sec   401 KBytes  3.28 Mbits/sec  1.774 ms  471/813 (58%)  
[  5] 237.00-238.00 sec   384 KBytes  3.15 Mbits/sec  2.747 ms  465/793 (59%)  
[  5] 238.00-239.00 sec   408 KBytes  3.34 Mbits/sec  1.513 ms  481/829 (58%)  
[  5] 239.00-240.00 sec   401 KBytes  3.29 Mbits/sec  1.742 ms  458/800 (57%)  
[  5] 240.00-241.00 sec   384 KBytes  3.15 Mbits/sec  1.625 ms  459/787 (58%)  
[  5] 241.00-242.00 sec   488 KBytes  3.99 Mbits/sec  1.448 ms  571/987 (58%)  
[  5] 242.00-243.00 sec   489 KBytes  4.00 Mbits/sec  1.333 ms  562/979 (57%)  
[  5] 243.00-244.00 sec   457 KBytes  3.75 Mbits/sec  1.729 ms  526/916 (57%)  
[  5] 244.00-245.00 sec   488 KBytes  3.99 Mbits/sec  1.796 ms  585/1001 (58%)  
[  5] 245.00-246.00 sec   520 KBytes  4.26 Mbits/sec  1.363 ms  622/1066 (58%)  
[  5] 246.00-247.00 sec   567 KBytes  4.64 Mbits/sec  1.426 ms  762/1246 (61%)  
[  5] 247.00-248.00 sec   503 KBytes  4.12 Mbits/sec  1.471 ms  717/1146 (63%)  
[  5] 248.00-249.00 sec   579 KBytes  4.74 Mbits/sec  1.457 ms  808/1302 (62%)  
[  5] 249.00-250.00 sec   482 KBytes  3.95 Mbits/sec  1.547 ms  657/1068 (62%)  
[  5] 250.00-251.00 sec   551 KBytes  4.51 Mbits/sec  1.598 ms  746/1216 (61%)  
[  5] 251.00-252.00 sec   477 KBytes  3.91 Mbits/sec  2.213 ms  833/1240 (67%)  
[  5] 252.00-253.00 sec   493 KBytes  4.04 Mbits/sec  2.145 ms  1127/1548 (73%)  
[  5] 253.00-254.00 sec   459 KBytes  3.76 Mbits/sec  3.155 ms  1126/1518 (74%)  
[  5] 254.00-255.00 sec   442 KBytes  3.62 Mbits/sec  2.086 ms  1013/1390 (73%)  
[  5] 255.00-256.00 sec   493 KBytes  4.04 Mbits/sec  2.157 ms  1125/1546 (73%)  
[  5] 256.00-257.00 sec   592 KBytes  4.85 Mbits/sec  2.031 ms  1381/1886 (73%)  
[  5] 257.00-258.00 sec   567 KBytes  4.65 Mbits/sec  2.090 ms  1295/1779 (73%)  
[  5] 258.00-259.00 sec   492 KBytes  4.03 Mbits/sec  2.160 ms  1136/1556 (73%)  
[  5] 259.00-260.00 sec   578 KBytes  4.73 Mbits/sec  1.844 ms  1167/1660 (70%)  
[  5] 260.00-261.00 sec   577 KBytes  4.72 Mbits/sec  1.714 ms  1041/1533 (68%)  
[  5] 261.00-262.00 sec   559 KBytes  4.58 Mbits/sec  1.787 ms  981/1458 (67%)  
[  5] 262.00-263.00 sec   518 KBytes  4.24 Mbits/sec  1.704 ms  919/1361 (68%)  
[  5] 263.00-264.00 sec   554 KBytes  4.54 Mbits/sec  1.566 ms  903/1376 (66%)  
[  5] 264.00-265.00 sec   503 KBytes  4.12 Mbits/sec  1.486 ms  689/1118 (62%)  
[  5] 265.00-266.00 sec   579 KBytes  4.74 Mbits/sec  1.712 ms  822/1316 (62%)  
[  5] 266.00-267.00 sec   482 KBytes  3.95 Mbits/sec  1.893 ms  710/1121 (63%)  
[  5] 267.00-268.00 sec   580 KBytes  4.75 Mbits/sec  1.505 ms  852/1347 (63%)  
[  5] 268.00-269.00 sec   581 KBytes  4.76 Mbits/sec  1.771 ms  906/1402 (65%)  
[  5] 269.00-270.00 sec   558 KBytes  4.57 Mbits/sec  1.901 ms  1027/1503 (68%)  
[  5] 270.00-271.00 sec   512 KBytes  4.19 Mbits/sec  1.800 ms  919/1356 (68%)  
[  5] 271.00-272.00 sec   558 KBytes  4.57 Mbits/sec  1.865 ms  1005/1481 (68%)  
[  5] 272.00-273.00 sec   589 KBytes  4.83 Mbits/sec  1.548 ms  1014/1517 (67%)  
[  5] 273.00-274.00 sec   580 KBytes  4.75 Mbits/sec  1.439 ms  831/1326 (63%)  
[  5] 274.00-275.00 sec   553 KBytes  4.53 Mbits/sec  1.420 ms  792/1264 (63%)  
[  5] 275.00-276.00 sec   504 KBytes  4.13 Mbits/sec  1.462 ms  714/1144 (62%)  
[  5] 276.00-277.00 sec   580 KBytes  4.75 Mbits/sec  1.430 ms  801/1296 (62%)  
[  5] 277.00-278.00 sec   579 KBytes  4.74 Mbits/sec  1.582 ms  820/1314 (62%)  
[  5] 278.00-279.00 sec   551 KBytes  4.51 Mbits/sec  1.451 ms  769/1239 (62%)  
[  5] 279.00-280.00 sec   503 KBytes  4.12 Mbits/sec  1.593 ms  709/1138 (62%)  
[  5] 280.00-281.00 sec   580 KBytes  4.75 Mbits/sec  1.460 ms  844/1339 (63%)  
[  5] 281.00-282.00 sec   509 KBytes  4.17 Mbits/sec  1.577 ms  724/1158 (63%)  
[  5] 282.00-283.00 sec   572 KBytes  4.68 Mbits/sec  1.665 ms  871/1359 (64%)  
[  5] 283.00-284.00 sec   558 KBytes  4.57 Mbits/sec  1.937 ms  826/1302 (63%)  
[  5] 284.00-285.00 sec   502 KBytes  4.11 Mbits/sec  1.528 ms  716/1144 (63%)  
[  5] 285.00-286.00 sec   580 KBytes  4.75 Mbits/sec  1.524 ms  808/1303 (62%)  
[  5] 286.00-287.00 sec   559 KBytes  4.58 Mbits/sec  1.527 ms  779/1256 (62%)  
[  5] 287.00-288.00 sec   502 KBytes  4.11 Mbits/sec  1.803 ms  709/1137 (62%)  
[  5] 288.00-289.00 sec   580 KBytes  4.75 Mbits/sec  1.535 ms  804/1299 (62%)  
[  5] 289.00-290.00 sec   580 KBytes  4.75 Mbits/sec  1.458 ms  792/1287 (62%)  
[  5] 290.00-291.00 sec   454 KBytes  3.72 Mbits/sec  1.813 ms  648/1035 (63%)  
[  5] 291.00-292.00 sec   480 KBytes  3.94 Mbits/sec  1.517 ms  667/1077 (62%)  
[  5] 292.00-293.00 sec   503 KBytes  4.12 Mbits/sec  1.512 ms  701/1130 (62%)  
[  5] 293.00-294.00 sec   403 KBytes  3.30 Mbits/sec  1.814 ms  555/899 (62%)  
[  5] 294.00-295.00 sec   475 KBytes  3.89 Mbits/sec  1.595 ms  639/1044 (61%)  
[  5] 295.00-296.00 sec   431 KBytes  3.53 Mbits/sec  1.921 ms  620/988 (63%)  
[  5] 296.00-297.00 sec   480 KBytes  3.94 Mbits/sec  1.857 ms  684/1094 (63%)  
[  5] 297.00-298.00 sec   424 KBytes  3.48 Mbits/sec  1.504 ms  594/956 (62%)  
[  5] 298.00-299.00 sec   482 KBytes  3.95 Mbits/sec  1.785 ms  694/1105 (63%)  
[  5] 299.00-300.00 sec   480 KBytes  3.94 Mbits/sec  1.595 ms  702/1112 (63%)  
[  5] 300.00-301.00 sec   455 KBytes  3.72 Mbits/sec  1.454 ms  675/1063 (63%)  
[  5] 301.00-302.00 sec   552 KBytes  4.52 Mbits/sec  1.825 ms  800/1271 (63%)  
[  5] 302.00-303.00 sec   580 KBytes  4.75 Mbits/sec  1.579 ms  815/1310 (62%)  
[  5] 303.00-304.00 sec   580 KBytes  4.76 Mbits/sec  1.449 ms  836/1331 (63%)  
[  5] 304.00-305.00 sec   503 KBytes  4.12 Mbits/sec  1.481 ms  708/1137 (62%)  
[  5] 305.00-306.00 sec   552 KBytes  4.52 Mbits/sec  1.484 ms  772/1243 (62%)  
[  5] 306.00-307.00 sec   509 KBytes  4.17 Mbits/sec  1.450 ms  742/1176 (63%)  
[  5] 307.00-308.00 sec   573 KBytes  4.69 Mbits/sec  1.527 ms  796/1285 (62%)  
[  5] 308.00-309.00 sec   509 KBytes  4.17 Mbits/sec  1.494 ms  755/1189 (63%)  
[  5] 309.00-310.00 sec   560 KBytes  4.59 Mbits/sec  1.747 ms  879/1357 (65%)  
[  5] 310.00-311.00 sec   510 KBytes  4.18 Mbits/sec  1.771 ms  937/1372 (68%)  
[  5] 311.00-312.00 sec   559 KBytes  4.58 Mbits/sec  1.828 ms  1053/1530 (69%)  
[  5] 312.00-313.00 sec   493 KBytes  4.04 Mbits/sec  1.783 ms  931/1352 (69%)  
[  5] 313.00-314.00 sec   511 KBytes  4.19 Mbits/sec  1.756 ms  977/1413 (69%)  
[  5] 314.00-315.00 sec   493 KBytes  4.04 Mbits/sec  1.834 ms  940/1361 (69%)  
[  5] 315.00-316.00 sec   493 KBytes  4.04 Mbits/sec  1.725 ms  925/1346 (69%)  
[  5] 316.00-317.00 sec   577 KBytes  4.72 Mbits/sec  1.897 ms  1082/1574 (69%)  
[  5] 317.00-318.00 sec   495 KBytes  4.06 Mbits/sec  1.746 ms  930/1352 (69%)  
[  5] 318.00-319.00 sec   512 KBytes  4.20 Mbits/sec  1.536 ms  840/1277 (66%)  
[  5] 319.00-320.00 sec   509 KBytes  4.17 Mbits/sec  1.504 ms  723/1157 (62%)  
[  5] 320.00-321.00 sec   553 KBytes  4.53 Mbits/sec  1.530 ms  785/1257 (62%)  
[  5] 321.00-322.00 sec   502 KBytes  4.11 Mbits/sec  1.593 ms  705/1133 (62%)  
[  5] 322.00-323.00 sec   503 KBytes  4.12 Mbits/sec  1.540 ms  707/1136 (62%)  
[  5] 323.00-324.00 sec   586 KBytes  4.80 Mbits/sec  1.469 ms  869/1369 (63%)  
[  5] 324.00-325.00 sec   497 KBytes  4.07 Mbits/sec  1.513 ms  721/1145 (63%)  
[  5] 325.00-326.00 sec   507 KBytes  4.16 Mbits/sec  1.450 ms  765/1198 (64%)  
[  5] 326.00-327.00 sec   480 KBytes  3.94 Mbits/sec  1.828 ms  703/1113 (63%)  
[  5] 327.00-328.00 sec   580 KBytes  4.75 Mbits/sec  1.485 ms  857/1352 (63%)  
[  5] 328.00-329.00 sec   502 KBytes  4.11 Mbits/sec  1.480 ms  703/1131 (62%)  
[  5] 329.00-330.00 sec   580 KBytes  4.75 Mbits/sec  1.489 ms  885/1380 (64%)  
[  5] 330.00-331.00 sec   502 KBytes  4.11 Mbits/sec  1.475 ms  763/1191 (64%)  
[  5] 331.00-332.00 sec   502 KBytes  4.11 Mbits/sec  1.669 ms  796/1224 (65%)  
[  5] 332.00-333.00 sec   507 KBytes  4.16 Mbits/sec  1.583 ms  869/1302 (67%)  
[  5] 333.00-334.00 sec   552 KBytes  4.52 Mbits/sec  1.507 ms  884/1355 (65%)  
[  5] 334.00-335.00 sec   509 KBytes  4.17 Mbits/sec  1.530 ms  789/1223 (65%)  
[  5] 335.00-336.00 sec   573 KBytes  4.69 Mbits/sec  1.671 ms  913/1402 (65%)  
[  5] 336.00-337.00 sec   559 KBytes  4.58 Mbits/sec  1.936 ms  874/1351 (65%)  
[  5] 337.00-338.00 sec   502 KBytes  4.11 Mbits/sec  1.714 ms  754/1182 (64%)  
[  5] 338.00-339.00 sec   509 KBytes  4.17 Mbits/sec  1.567 ms  774/1208 (64%)  
[  5] 339.00-340.00 sec   503 KBytes  4.12 Mbits/sec  1.527 ms  765/1194 (64%)  
[  5] 340.00-341.00 sec   574 KBytes  4.70 Mbits/sec  1.550 ms  871/1361 (64%)  
[  5] 341.00-342.00 sec   483 KBytes  3.96 Mbits/sec  1.959 ms  793/1205 (66%)  
[  5] 342.00-343.00 sec   452 KBytes  3.70 Mbits/sec  1.595 ms  704/1090 (65%)  
[  5] 343.00-344.00 sec   482 KBytes  3.95 Mbits/sec  1.838 ms  744/1155 (64%)  
[  5] 344.00-345.00 sec   502 KBytes  4.11 Mbits/sec  1.887 ms  768/1196 (64%)  
[  5] 345.00-346.00 sec   503 KBytes  4.12 Mbits/sec  1.544 ms  766/1195 (64%)  
[  5] 346.00-347.00 sec   509 KBytes  4.17 Mbits/sec  1.474 ms  769/1203 (64%)  
[  5] 347.00-348.00 sec   503 KBytes  4.11 Mbits/sec  1.456 ms  739/1168 (63%)  
[  5] 348.00-349.00 sec   553 KBytes  4.54 Mbits/sec  1.598 ms  850/1322 (64%)  
[  5] 349.00-350.00 sec   503 KBytes  4.12 Mbits/sec  1.584 ms  784/1213 (65%)  
[  5] 350.00-351.00 sec   581 KBytes  4.76 Mbits/sec  1.581 ms  890/1386 (64%)  
[  5] 351.00-352.00 sec   502 KBytes  4.11 Mbits/sec  1.450 ms  747/1175 (64%)  
[  5] 352.00-353.00 sec   559 KBytes  4.58 Mbits/sec  1.523 ms  834/1311 (64%)  
[  5] 353.00-354.00 sec   502 KBytes  4.11 Mbits/sec  1.485 ms  734/1162 (63%)  
[  5] 354.00-355.00 sec   503 KBytes  4.12 Mbits/sec  1.386 ms  709/1138 (62%)  
[  5] 355.00-356.00 sec   558 KBytes  4.57 Mbits/sec  1.579 ms  848/1324 (64%)  
[  5] 356.00-357.00 sec   502 KBytes  4.11 Mbits/sec  1.882 ms  758/1186 (64%)  
[  5] 357.00-358.00 sec   502 KBytes  4.11 Mbits/sec  1.663 ms  791/1219 (65%)  
[  5] 358.00-359.00 sec   503 KBytes  4.11 Mbits/sec  1.602 ms  824/1253 (66%)  
[  5] 359.00-360.00 sec   580 KBytes  4.76 Mbits/sec  1.639 ms  912/1407 (65%)  
[  5] 360.00-361.00 sec   509 KBytes  4.17 Mbits/sec  1.508 ms  869/1303 (67%)  
[  5] 361.00-362.00 sec   503 KBytes  4.12 Mbits/sec  1.712 ms  881/1310 (67%)  
[  5] 362.00-363.00 sec   552 KBytes  4.52 Mbits/sec  1.678 ms  908/1379 (66%)  
[  5] 363.00-364.00 sec   503 KBytes  4.12 Mbits/sec  1.620 ms  794/1223 (65%)  
[  5] 364.00-365.00 sec   507 KBytes  4.16 Mbits/sec  1.465 ms  807/1240 (65%)  
[  5] 365.00-366.00 sec   553 KBytes  4.53 Mbits/sec  2.083 ms  947/1419 (67%)  
[  5] 366.00-367.00 sec   529 KBytes  4.33 Mbits/sec  1.502 ms  845/1296 (65%)  
[  5] 367.00-368.00 sec   552 KBytes  4.52 Mbits/sec  1.553 ms  799/1270 (63%)  
[  5] 368.00-369.00 sec   503 KBytes  4.12 Mbits/sec  1.525 ms  738/1167 (63%)  
[  5] 369.00-370.00 sec   580 KBytes  4.75 Mbits/sec  1.586 ms  854/1349 (63%)  
[  5] 370.00-371.00 sec   480 KBytes  3.94 Mbits/sec  1.735 ms  705/1115 (63%)  
[  5] 371.00-372.00 sec   503 KBytes  4.12 Mbits/sec  1.492 ms  738/1167 (63%)  
[  5] 372.00-373.00 sec   506 KBytes  4.15 Mbits/sec  1.591 ms  779/1211 (64%)  
[  5] 373.00-374.00 sec   577 KBytes  4.72 Mbits/sec  1.567 ms  924/1416 (65%)  
[  5] 374.00-375.00 sec   510 KBytes  4.18 Mbits/sec  1.505 ms  818/1253 (65%)  
[  5] 375.00-376.00 sec   530 KBytes  4.34 Mbits/sec  4.465 ms  848/1300 (65%)  
[  5] 376.00-377.00 sec   552 KBytes  4.52 Mbits/sec  1.533 ms  818/1289 (63%)  
[  5] 377.00-378.00 sec   475 KBytes  3.89 Mbits/sec  1.444 ms  752/1157 (65%)  
[  5] 378.00-379.00 sec   509 KBytes  4.17 Mbits/sec  1.546 ms  776/1210 (64%)  
[  5] 379.00-380.00 sec   580 KBytes  4.75 Mbits/sec  1.538 ms  876/1371 (64%)  
[  5] 380.00-381.00 sec   416 KBytes  3.41 Mbits/sec  4.896 ms  646/1001 (65%)  
[  5] 381.00-382.00 sec   491 KBytes  4.02 Mbits/sec  1.648 ms  775/1194 (65%)  
[  5] 382.00-383.00 sec   502 KBytes  4.11 Mbits/sec  2.006 ms  775/1203 (64%)  
[  5] 383.00-384.00 sec   502 KBytes  4.11 Mbits/sec  1.571 ms  750/1178 (64%)  
[  5] 384.00-385.00 sec   580 KBytes  4.75 Mbits/sec  1.587 ms  854/1349 (63%)  
[  5] 385.00-386.00 sec   503 KBytes  4.12 Mbits/sec  1.530 ms  740/1169 (63%)  
[  5] 386.00-387.00 sec   509 KBytes  4.17 Mbits/sec  1.521 ms  769/1203 (64%)  
[  5] 387.00-388.00 sec   424 KBytes  3.48 Mbits/sec  1.733 ms  613/975 (63%)  
[  5] 388.00-389.00 sec   509 KBytes  4.17 Mbits/sec  1.558 ms  757/1191 (64%)  
[  5] 389.00-390.00 sec   503 KBytes  4.12 Mbits/sec  1.537 ms  783/1212 (65%)  
[  5] 390.00-391.00 sec   480 KBytes  3.94 Mbits/sec  1.549 ms  760/1170 (65%)  
[  5] 391.00-392.00 sec   504 KBytes  4.13 Mbits/sec  1.526 ms  796/1226 (65%)  
[  5] 392.00-393.00 sec   503 KBytes  4.12 Mbits/sec  1.483 ms  791/1220 (65%)  
[  5] 393.00-394.00 sec   580 KBytes  4.75 Mbits/sec  1.459 ms  868/1363 (64%)  
[  5] 394.00-395.00 sec   502 KBytes  4.11 Mbits/sec  1.503 ms  746/1174 (64%)  
[  5] 395.00-396.00 sec   503 KBytes  4.12 Mbits/sec  1.543 ms  770/1199 (64%)  
[  5] 396.00-397.00 sec   480 KBytes  3.94 Mbits/sec  1.851 ms  752/1162 (65%)  
[  5] 397.00-398.00 sec   507 KBytes  4.16 Mbits/sec  1.534 ms  767/1200 (64%)  
[  5] 398.00-399.00 sec   498 KBytes  4.07 Mbits/sec  1.629 ms  796/1221 (65%)  
