Connecting to host 172.22.0.50, port 5201
Reverse mode, remote host 172.22.0.50 is sending
[  5] local 192.168.100.2 port 56506 connected to 172.22.0.50 port 5201
[ ID] Interval           Transfer     Bitrate         Jitter    Lost/Total Datagrams
[  5]   0.00-1.00   sec  1.43 MBytes  12.0 Mbits/sec  0.755 ms  0/1253 (0%)  
[  5]   1.00-2.00   sec  1.43 MBytes  12.0 Mbits/sec  0.875 ms  0/1250 (0%)  
[  5]   2.00-3.00   sec  1.43 MBytes  12.0 Mbits/sec  0.640 ms  0/1251 (0%)  
[  5]   3.00-4.00   sec  1.43 MBytes  12.0 Mbits/sec  0.937 ms  0/1247 (0%)  
[  5]   4.00-5.00   sec  1.43 MBytes  12.0 Mbits/sec  0.923 ms  0/1248 (0%)  
[  5]   5.00-6.00   sec  1.43 MBytes  12.0 Mbits/sec  1.175 ms  0/1250 (0%)  
[  5]   6.00-7.00   sec  1.43 MBytes  12.0 Mbits/sec  0.937 ms  0/1252 (0%)  
[  5]   7.00-8.00   sec  1.43 MBytes  12.0 Mbits/sec  0.861 ms  0/1253 (0%)  
[  5]   8.00-9.00   sec  1.42 MBytes  11.9 Mbits/sec  0.989 ms  0/1240 (0%)  
[  5]   9.00-10.00  sec   567 KBytes  4.65 Mbits/sec  2.187 ms  0/484 (0%)  
[  5]  10.00-11.00  sec   400 KBytes  3.27 Mbits/sec  2.352 ms  0/341 (0%)  
[  5]  11.00-12.00  sec   405 KBytes  3.32 Mbits/sec  2.098 ms  0/346 (0%)  
[  5]  12.00-13.00  sec   401 KBytes  3.28 Mbits/sec  2.269 ms  0/342 (0%)  
[  5]  13.00-14.00  sec   410 KBytes  3.36 Mbits/sec  2.049 ms  0/350 (0%)  
[  5]  14.00-15.00  sec   409 KBytes  3.35 Mbits/sec  2.185 ms  0/349 (0%)  
[  5]  15.00-16.00  sec   410 KBytes  3.36 Mbits/sec  2.120 ms  0/350 (0%)  
[  5]  16.00-17.00  sec   405 KBytes  3.32 Mbits/sec  2.115 ms  0/346 (0%)  
[  5]  17.00-18.00  sec   405 KBytes  3.32 Mbits/sec  2.230 ms  0/346 (0%)  
[  5]  18.00-19.00  sec   420 KBytes  3.44 Mbits/sec  1.977 ms  0/358 (0%)  
[  5]  19.00-20.00  sec   409 KBytes  3.35 Mbits/sec  2.197 ms  0/349 (0%)  
[  5]  20.00-21.00  sec   401 KBytes  3.28 Mbits/sec  2.490 ms  0/342 (0%)  
[  5]  21.00-22.00  sec   401 KBytes  3.28 Mbits/sec  2.173 ms  0/342 (0%)  
[  5]  22.00-23.00  sec   409 KBytes  3.35 Mbits/sec  2.059 ms  0/349 (0%)  
[  5]  23.00-24.00  sec   407 KBytes  3.33 Mbits/sec  2.161 ms  0/347 (0%)  
[  5]  24.00-25.00  sec   404 KBytes  3.31 Mbits/sec  2.113 ms  0/345 (0%)  
[  5]  25.00-26.00  sec   400 KBytes  3.27 Mbits/sec  2.223 ms  0/341 (0%)  
[  5]  26.00-27.00  sec   357 KBytes  2.93 Mbits/sec  2.224 ms  0/305 (0%)  
[  5]  27.00-28.00  sec   391 KBytes  3.21 Mbits/sec  2.897 ms  0/334 (0%)  
[  5]  28.00-29.00  sec   395 KBytes  3.24 Mbits/sec  2.408 ms  0/337 (0%)  
[  5]  29.00-30.00  sec   387 KBytes  3.17 Mbits/sec  2.615 ms  0/330 (0%)  
[  5]  30.00-31.00  sec   404 KBytes  3.31 Mbits/sec  2.117 ms  0/345 (0%)  
[  5]  31.00-32.00  sec   400 KBytes  3.27 Mbits/sec  2.143 ms  0/341 (0%)  
[  5]  32.00-33.00  sec   398 KBytes  3.26 Mbits/sec  2.157 ms  0/340 (0%)  
[  5]  33.00-34.00  sec   395 KBytes  3.23 Mbits/sec  2.161 ms  0/337 (0%)  
[  5]  34.00-35.00  sec   400 KBytes  3.27 Mbits/sec  2.288 ms  0/341 (0%)  
[  5]  35.00-36.00  sec   397 KBytes  3.25 Mbits/sec  2.165 ms  0/339 (0%)  
[  5]  36.00-37.00  sec   386 KBytes  3.16 Mbits/sec  2.333 ms  0/329 (0%)  
[  5]  37.00-38.00  sec   390 KBytes  3.20 Mbits/sec  2.270 ms  0/333 (0%)  
[  5]  38.00-39.00  sec   397 KBytes  3.25 Mbits/sec  2.167 ms  0/339 (0%)  
[  5]  39.00-40.00  sec   396 KBytes  3.25 Mbits/sec  2.044 ms  0/338 (0%)  
[  5]  40.00-41.00  sec   393 KBytes  3.22 Mbits/sec  2.188 ms  0/335 (0%)  
[  5]  41.00-42.00  sec   397 KBytes  3.25 Mbits/sec  2.167 ms  0/339 (0%)  
[  5]  42.00-43.00  sec   334 KBytes  2.74 Mbits/sec  2.169 ms  648/933 (69%)  
[  5]  43.00-44.00  sec   418 KBytes  3.43 Mbits/sec  2.106 ms  910/1267 (72%)  
[  5]  44.00-45.00  sec   393 KBytes  3.22 Mbits/sec  2.319 ms  878/1213 (72%)  
[  5]  45.00-46.00  sec   412 KBytes  3.38 Mbits/sec  2.115 ms  939/1291 (73%)  
[  5]  46.00-47.00  sec   357 KBytes  2.93 Mbits/sec  2.111 ms  796/1101 (72%)  
[  5]  47.00-48.00  sec   448 KBytes  3.67 Mbits/sec  2.432 ms  991/1373 (72%)  
[  5]  48.00-49.00  sec   417 KBytes  3.42 Mbits/sec  2.212 ms  938/1294 (72%)  
[  5]  49.00-50.00  sec   412 KBytes  3.38 Mbits/sec  2.150 ms  932/1284 (73%)  
[  5]  50.00-51.00  sec   393 KBytes  3.22 Mbits/sec  2.457 ms  1031/1366 (75%)  
[  5]  51.00-52.00  sec   412 KBytes  3.38 Mbits/sec  2.476 ms  963/1315 (73%)  
[  5]  52.00-53.00  sec   398 KBytes  3.26 Mbits/sec  2.683 ms  925/1265 (73%)  
[  5]  53.00-54.00  sec   411 KBytes  3.37 Mbits/sec  2.485 ms  974/1325 (74%)  
[  5]  54.00-55.00  sec   353 KBytes  2.89 Mbits/sec  2.775 ms  786/1087 (72%)  
[  5]  55.00-56.00  sec   417 KBytes  3.42 Mbits/sec  2.175 ms  951/1307 (73%)  
[  5]  56.00-57.00  sec   414 KBytes  3.38 Mbits/sec  2.152 ms  944/1297 (73%)  
[  5]  57.00-58.00  sec   391 KBytes  3.21 Mbits/sec  2.378 ms  904/1238 (73%)  
[  5]  58.00-59.00  sec   414 KBytes  3.39 Mbits/sec  2.231 ms  944/1297 (73%)  
[  5]  59.00-60.00  sec   397 KBytes  3.25 Mbits/sec  2.424 ms  909/1248 (73%)  
[  5]  60.00-61.00  sec   412 KBytes  3.38 Mbits/sec  2.369 ms  987/1339 (74%)  
[  5]  61.00-62.00  sec   412 KBytes  3.38 Mbits/sec  2.112 ms  964/1316 (73%)  
[  5]  62.00-63.00  sec   412 KBytes  3.38 Mbits/sec  2.151 ms  946/1298 (73%)  
[  5]  63.00-64.00  sec   393 KBytes  3.22 Mbits/sec  2.252 ms  910/1245 (73%)  
[  5]  64.00-65.00  sec   417 KBytes  3.42 Mbits/sec  2.134 ms  971/1327 (73%)  
[  5]  65.00-66.00  sec   414 KBytes  3.39 Mbits/sec  2.080 ms  943/1296 (73%)  
[  5]  66.00-67.00  sec   391 KBytes  3.21 Mbits/sec  2.306 ms  870/1204 (72%)  
[  5]  67.00-68.00  sec   414 KBytes  3.39 Mbits/sec  2.138 ms  917/1270 (72%)  
[  5]  68.00-69.00  sec   397 KBytes  3.25 Mbits/sec  2.416 ms  928/1267 (73%)  
[  5]  69.00-70.00  sec   373 KBytes  3.05 Mbits/sec  2.065 ms  859/1177 (73%)  
[  5]  70.00-71.00  sec   393 KBytes  3.22 Mbits/sec  2.278 ms  879/1214 (72%)  
[  5]  71.00-72.00  sec   412 KBytes  3.38 Mbits/sec  2.086 ms  897/1249 (72%)  
[  5]  72.00-73.00  sec   397 KBytes  3.25 Mbits/sec  2.337 ms  873/1212 (72%)  
[  5]  73.00-74.00  sec   412 KBytes  3.38 Mbits/sec  2.273 ms  907/1259 (72%)  
[  5]  74.00-75.00  sec   412 KBytes  3.38 Mbits/sec  2.023 ms  891/1243 (72%)  
[  5]  75.00-76.00  sec   412 KBytes  3.38 Mbits/sec  2.200 ms  906/1258 (72%)  
[  5]  76.00-77.00  sec   397 KBytes  3.25 Mbits/sec  2.428 ms  902/1241 (73%)  
[  5]  77.00-78.00  sec   412 KBytes  3.38 Mbits/sec  2.190 ms  946/1298 (73%)  
[  5]  78.00-79.00  sec   412 KBytes  3.38 Mbits/sec  2.141 ms  958/1310 (73%)  
[  5]  79.00-80.00  sec   393 KBytes  3.22 Mbits/sec  2.220 ms  900/1235 (73%)  
[  5]  80.00-81.00  sec   418 KBytes  3.43 Mbits/sec  2.025 ms  939/1296 (72%)  
[  5]  81.00-82.00  sec   393 KBytes  3.22 Mbits/sec  2.240 ms  899/1234 (73%)  
[  5]  82.00-83.00  sec   412 KBytes  3.38 Mbits/sec  2.500 ms  929/1281 (73%)  
[  5]  83.00-84.00  sec   412 KBytes  3.38 Mbits/sec  2.034 ms  902/1254 (72%)  
[  5]  84.00-85.00  sec   357 KBytes  2.93 Mbits/sec  2.114 ms  795/1100 (72%)  
[  5]  85.00-86.00  sec   393 KBytes  3.22 Mbits/sec  2.239 ms  886/1221 (73%)  
[  5]  86.00-87.00  sec   412 KBytes  3.38 Mbits/sec  2.261 ms  931/1283 (73%)  
[  5]  87.00-88.00  sec   411 KBytes  3.37 Mbits/sec  2.478 ms  920/1271 (72%)  
[  5]  88.00-89.00  sec   398 KBytes  3.26 Mbits/sec  2.242 ms  854/1194 (72%)  
[  5]  89.00-90.00  sec   412 KBytes  3.38 Mbits/sec  2.341 ms  919/1271 (72%)  
[  5]  90.00-91.00  sec   412 KBytes  3.38 Mbits/sec  2.105 ms  912/1264 (72%)  
[  5]  91.00-92.00  sec   357 KBytes  2.93 Mbits/sec  2.119 ms  790/1095 (72%)  
[  5]  92.00-93.00  sec   393 KBytes  3.22 Mbits/sec  2.304 ms  911/1246 (73%)  
[  5]  93.00-94.00  sec   412 KBytes  3.38 Mbits/sec  2.402 ms  952/1304 (73%)  
[  5]  94.00-95.00  sec   357 KBytes  2.93 Mbits/sec  2.305 ms  820/1125 (73%)  
[  5]  95.00-96.00  sec   412 KBytes  3.38 Mbits/sec  2.096 ms  914/1266 (72%)  
[  5]  96.00-97.00  sec   412 KBytes  3.38 Mbits/sec  2.143 ms  948/1300 (73%)  
[  5]  97.00-98.00  sec   353 KBytes  2.89 Mbits/sec  2.166 ms  781/1082 (72%)  
[  5]  98.00-99.00  sec   397 KBytes  3.25 Mbits/sec  2.322 ms  869/1208 (72%)  
[  5]  99.00-100.00 sec   412 KBytes  3.38 Mbits/sec  2.026 ms  902/1254 (72%)  
[  5] 100.00-101.00 sec   412 KBytes  3.38 Mbits/sec  2.179 ms  930/1282 (73%)  
[  5] 101.00-102.00 sec   393 KBytes  3.22 Mbits/sec  2.290 ms  879/1214 (72%)  
[  5] 102.00-103.00 sec   357 KBytes  2.92 Mbits/sec  2.372 ms  817/1122 (73%)  
[  5] 103.00-104.00 sec   412 KBytes  3.38 Mbits/sec  2.255 ms  916/1268 (72%)  
[  5] 104.00-105.00 sec   412 KBytes  3.38 Mbits/sec  2.024 ms  901/1253 (72%)  
[  5] 105.00-106.00 sec   412 KBytes  3.38 Mbits/sec  2.247 ms  923/1275 (72%)  
[  5] 106.00-107.00 sec   397 KBytes  3.25 Mbits/sec  2.143 ms  910/1249 (73%)  
[  5] 107.00-108.00 sec   412 KBytes  3.38 Mbits/sec  2.122 ms  940/1292 (73%)  
[  5] 108.00-109.00 sec   393 KBytes  3.22 Mbits/sec  2.354 ms  890/1225 (73%)  
[  5] 109.00-110.00 sec   412 KBytes  3.38 Mbits/sec  2.299 ms  964/1316 (73%)  
[  5] 110.00-111.00 sec   418 KBytes  3.43 Mbits/sec  2.070 ms  955/1312 (73%)  
[  5] 111.00-112.00 sec   393 KBytes  3.22 Mbits/sec  2.268 ms  880/1215 (72%)  
[  5] 112.00-113.00 sec   371 KBytes  3.04 Mbits/sec  2.310 ms  828/1145 (72%)  
[  5] 113.00-114.00 sec   393 KBytes  3.21 Mbits/sec  2.233 ms  891/1226 (73%)  
[  5] 114.00-115.00 sec   417 KBytes  3.42 Mbits/sec  2.143 ms  950/1306 (73%)  
[  5] 115.00-116.00 sec   393 KBytes  3.22 Mbits/sec  2.390 ms  911/1246 (73%)  
[  5] 116.00-117.00 sec   412 KBytes  3.38 Mbits/sec  2.429 ms  953/1305 (73%)  
[  5] 117.00-118.00 sec   412 KBytes  3.38 Mbits/sec  2.281 ms  967/1319 (73%)  
[  5] 118.00-119.00 sec   398 KBytes  3.26 Mbits/sec  2.412 ms  933/1273 (73%)  
[  5] 119.00-120.00 sec   412 KBytes  3.38 Mbits/sec  2.334 ms  967/1319 (73%)  
[  5] 120.00-121.00 sec   412 KBytes  3.38 Mbits/sec  2.018 ms  934/1286 (73%)  
[  5] 121.00-122.00 sec   357 KBytes  2.93 Mbits/sec  2.215 ms  880/1185 (74%)  
[  5] 122.00-123.00 sec   412 KBytes  3.38 Mbits/sec  2.183 ms  968/1320 (73%)  
[  5] 123.00-124.00 sec   393 KBytes  3.22 Mbits/sec  2.364 ms  909/1244 (73%)  
[  5] 124.00-125.00 sec   412 KBytes  3.38 Mbits/sec  2.170 ms  906/1258 (72%)  
[  5] 125.00-126.00 sec   412 KBytes  3.38 Mbits/sec  2.308 ms  952/1304 (73%)  
[  5] 126.00-127.00 sec   397 KBytes  3.25 Mbits/sec  2.455 ms  928/1267 (73%)  
[  5] 127.00-128.00 sec   353 KBytes  2.89 Mbits/sec  2.313 ms  772/1073 (72%)  
[  5] 128.00-129.00 sec   412 KBytes  3.38 Mbits/sec  2.312 ms  919/1271 (72%)  
[  5] 129.00-130.00 sec   417 KBytes  3.42 Mbits/sec  2.205 ms  942/1298 (73%)  
[  5] 130.00-131.00 sec   393 KBytes  3.22 Mbits/sec  2.401 ms  883/1218 (72%)  
[  5] 131.00-132.00 sec   412 KBytes  3.38 Mbits/sec  2.206 ms  936/1288 (73%)  
[  5] 132.00-133.00 sec   412 KBytes  3.38 Mbits/sec  2.359 ms  927/1279 (72%)  
[  5] 133.00-134.00 sec   397 KBytes  3.25 Mbits/sec  2.463 ms  914/1253 (73%)  
[  5] 134.00-135.00 sec   414 KBytes  3.39 Mbits/sec  2.050 ms  931/1284 (73%)  
[  5] 135.00-136.00 sec   352 KBytes  2.88 Mbits/sec  2.492 ms  804/1104 (73%)  
[  5] 136.00-137.00 sec   412 KBytes  3.38 Mbits/sec  2.195 ms  933/1285 (73%)  
[  5] 137.00-138.00 sec   398 KBytes  3.26 Mbits/sec  2.245 ms  912/1252 (73%)  
[  5] 138.00-139.00 sec   412 KBytes  3.38 Mbits/sec  2.073 ms  930/1282 (73%)  
[  5] 139.00-140.00 sec   412 KBytes  3.38 Mbits/sec  2.023 ms  906/1258 (72%)  
[  5] 140.00-141.00 sec   393 KBytes  3.22 Mbits/sec  2.408 ms  871/1206 (72%)  
[  5] 141.00-142.00 sec   417 KBytes  3.42 Mbits/sec  2.127 ms  954/1310 (73%)  
[  5] 142.00-143.00 sec   412 KBytes  3.38 Mbits/sec  2.121 ms  938/1290 (73%)  
[  5] 143.00-144.00 sec   352 KBytes  2.88 Mbits/sec  2.195 ms  826/1126 (73%)  
[  5] 144.00-145.00 sec   398 KBytes  3.26 Mbits/sec  2.465 ms  886/1226 (72%)  
[  5] 145.00-146.00 sec   412 KBytes  3.38 Mbits/sec  2.148 ms  916/1268 (72%)  
[  5] 146.00-147.00 sec   412 KBytes  3.38 Mbits/sec  2.166 ms  926/1278 (72%)  
[  5] 147.00-148.00 sec   393 KBytes  3.22 Mbits/sec  2.429 ms  873/1208 (72%)  
[  5] 148.00-149.00 sec   412 KBytes  3.38 Mbits/sec  2.120 ms  918/1270 (72%)  
[  5] 149.00-150.00 sec   417 KBytes  3.42 Mbits/sec  2.175 ms  961/1317 (73%)  
[  5] 150.00-151.00 sec   393 KBytes  3.22 Mbits/sec  2.323 ms  924/1259 (73%)  
[  5] 151.00-152.00 sec   373 KBytes  3.05 Mbits/sec  2.302 ms  880/1198 (73%)  
[  5] 152.00-153.00 sec   397 KBytes  3.25 Mbits/sec  2.141 ms  910/1249 (73%)  
[  5] 153.00-154.00 sec   412 KBytes  3.38 Mbits/sec  2.093 ms  938/1290 (73%)  
[  5] 154.00-155.00 sec   393 KBytes  3.21 Mbits/sec  2.414 ms  888/1223 (73%)  
[  5] 155.00-156.00 sec   412 KBytes  3.38 Mbits/sec  2.373 ms  937/1289 (73%)  
[  5] 156.00-157.00 sec   417 KBytes  3.42 Mbits/sec  2.201 ms  935/1291 (72%)  
[  5] 157.00-158.00 sec   393 KBytes  3.22 Mbits/sec  2.415 ms  886/1221 (73%)  
[  5] 158.00-159.00 sec   353 KBytes  2.89 Mbits/sec  2.482 ms  813/1114 (73%)  
[  5] 159.00-160.00 sec   412 KBytes  3.38 Mbits/sec  2.226 ms  937/1289 (73%)  
[  5] 160.00-161.00 sec   418 KBytes  3.43 Mbits/sec  2.037 ms  956/1313 (73%)  
[  5] 161.00-162.00 sec   391 KBytes  3.21 Mbits/sec  2.335 ms  895/1229 (73%)  
[  5] 162.00-163.00 sec   414 KBytes  3.39 Mbits/sec  2.269 ms  920/1273 (72%)  
[  5] 163.00-164.00 sec   412 KBytes  3.38 Mbits/sec  2.200 ms  908/1260 (72%)  
[  5] 164.00-165.00 sec   397 KBytes  3.25 Mbits/sec  2.509 ms  874/1213 (72%)  
[  5] 165.00-166.00 sec   412 KBytes  3.38 Mbits/sec  2.091 ms  964/1316 (73%)  
[  5] 166.00-167.00 sec   412 KBytes  3.38 Mbits/sec  2.162 ms  964/1316 (73%)  
[  5] 167.00-168.00 sec   353 KBytes  2.89 Mbits/sec  2.345 ms  826/1127 (73%)  
[  5] 168.00-169.00 sec   397 KBytes  3.25 Mbits/sec  2.447 ms  897/1236 (73%)  
[  5] 169.00-170.00 sec   412 KBytes  3.38 Mbits/sec  2.180 ms  917/1269 (72%)  
[  5] 170.00-171.00 sec   412 KBytes  3.38 Mbits/sec  2.246 ms  936/1288 (73%)  
[  5] 171.00-172.00 sec   393 KBytes  3.21 Mbits/sec  2.882 ms  894/1229 (73%)  
[  5] 172.00-173.00 sec   417 KBytes  3.42 Mbits/sec  2.127 ms  913/1269 (72%)  
[  5] 173.00-174.00 sec   414 KBytes  3.39 Mbits/sec  2.174 ms  912/1265 (72%)  
[  5] 174.00-175.00 sec   352 KBytes  2.88 Mbits/sec  2.251 ms  817/1117 (73%)  
[  5] 175.00-176.00 sec   397 KBytes  3.26 Mbits/sec  2.346 ms  919/1258 (73%)  
[  5] 176.00-177.00 sec   412 KBytes  3.38 Mbits/sec  2.193 ms  918/1270 (72%)  
[  5] 177.00-178.00 sec   412 KBytes  3.38 Mbits/sec  2.151 ms  921/1273 (72%)  
[  5] 178.00-179.00 sec   393 KBytes  3.22 Mbits/sec  2.408 ms  881/1216 (72%)  
[  5] 179.00-180.00 sec   418 KBytes  3.43 Mbits/sec  2.169 ms  933/1290 (72%)  
[  5] 180.00-181.00 sec   412 KBytes  3.38 Mbits/sec  2.082 ms  962/1314 (73%)  
[  5] 181.00-182.00 sec   393 KBytes  3.22 Mbits/sec  2.266 ms  915/1250 (73%)  
[  5] 182.00-183.00 sec   412 KBytes  3.38 Mbits/sec  2.427 ms  971/1323 (73%)  
[  5] 183.00-184.00 sec   357 KBytes  2.93 Mbits/sec  2.178 ms  835/1140 (73%)  
[  5] 184.00-185.00 sec   412 KBytes  3.38 Mbits/sec  2.179 ms  948/1300 (73%)  
[  5] 185.00-186.00 sec   393 KBytes  3.22 Mbits/sec  2.304 ms  868/1203 (72%)  
[  5] 186.00-187.00 sec   412 KBytes  3.38 Mbits/sec  2.256 ms  920/1272 (72%)  
[  5] 187.00-188.00 sec   356 KBytes  2.92 Mbits/sec  2.378 ms  789/1093 (72%)  
[  5] 188.00-189.00 sec   412 KBytes  3.38 Mbits/sec  2.267 ms  908/1260 (72%)  
[  5] 189.00-190.00 sec   414 KBytes  3.39 Mbits/sec  2.166 ms  934/1287 (73%)  
[  5] 190.00-191.00 sec   397 KBytes  3.25 Mbits/sec  2.390 ms  921/1260 (73%)  
[  5] 191.00-192.00 sec   412 KBytes  3.38 Mbits/sec  2.094 ms  947/1299 (73%)  
[  5] 192.00-193.00 sec   393 KBytes  3.22 Mbits/sec  2.518 ms  889/1224 (73%)  
[  5] 193.00-194.00 sec   412 KBytes  3.38 Mbits/sec  2.496 ms  929/1281 (73%)  
[  5] 194.00-195.00 sec   412 KBytes  3.38 Mbits/sec  2.204 ms  933/1285 (73%)  
[  5] 195.00-196.00 sec   397 KBytes  3.25 Mbits/sec  2.331 ms  915/1254 (73%)  
[  5] 196.00-197.00 sec   412 KBytes  3.38 Mbits/sec  2.353 ms  931/1283 (73%)  
[  5] 197.00-198.00 sec   412 KBytes  3.38 Mbits/sec  2.134 ms  931/1283 (73%)  
[  5] 198.00-199.00 sec   393 KBytes  3.22 Mbits/sec  2.939 ms  917/1252 (73%)  
[  5] 199.00-200.00 sec   357 KBytes  2.93 Mbits/sec  2.592 ms  823/1128 (73%)  
[  5] 200.00-201.00 sec   412 KBytes  3.37 Mbits/sec  2.350 ms  942/1294 (73%)  
[  5] 201.00-202.00 sec   414 KBytes  3.39 Mbits/sec  1.979 ms  921/1274 (72%)  
[  5] 202.00-203.00 sec   396 KBytes  3.24 Mbits/sec  2.359 ms  885/1223 (72%)  
[  5] 203.00-204.00 sec   373 KBytes  3.05 Mbits/sec  2.112 ms  830/1148 (72%)  
[  5] 204.00-205.00 sec   393 KBytes  3.22 Mbits/sec  2.339 ms  876/1211 (72%)  
[  5] 205.00-206.00 sec   412 KBytes  3.38 Mbits/sec  2.238 ms  925/1277 (72%)  
[  5] 206.00-207.00 sec   418 KBytes  3.43 Mbits/sec  2.108 ms  964/1321 (73%)  
[  5] 207.00-208.00 sec   393 KBytes  3.22 Mbits/sec  2.278 ms  904/1239 (73%)  
[  5] 208.00-209.00 sec   371 KBytes  3.04 Mbits/sec  2.312 ms  864/1181 (73%)  
[  5] 209.00-210.00 sec   398 KBytes  3.27 Mbits/sec  2.081 ms  925/1265 (73%)  
[  5] 210.00-211.00 sec   412 KBytes  3.38 Mbits/sec  2.164 ms  956/1308 (73%)  
[  5] 211.00-212.00 sec   393 KBytes  3.21 Mbits/sec  2.325 ms  903/1238 (73%)  
[  5] 212.00-213.00 sec   412 KBytes  3.38 Mbits/sec  2.311 ms  938/1290 (73%)  
[  5] 213.00-214.00 sec   412 KBytes  3.38 Mbits/sec  2.287 ms  939/1291 (73%)  
[  5] 214.00-215.00 sec   356 KBytes  2.92 Mbits/sec  2.276 ms  804/1108 (73%)  
[  5] 215.00-216.00 sec   393 KBytes  3.22 Mbits/sec  2.535 ms  885/1220 (73%)  
[  5] 216.00-217.00 sec   357 KBytes  2.93 Mbits/sec  2.434 ms  819/1124 (73%)  
[  5] 217.00-218.00 sec   412 KBytes  3.38 Mbits/sec  2.352 ms  925/1277 (72%)  
[  5] 218.00-219.00 sec   412 KBytes  3.38 Mbits/sec  2.115 ms  918/1270 (72%)  
[  5] 219.00-220.00 sec   414 KBytes  3.39 Mbits/sec  2.027 ms  911/1264 (72%)  
[  5] 220.00-221.00 sec   397 KBytes  3.25 Mbits/sec  2.099 ms  899/1238 (73%)  
[  5] 221.00-222.00 sec   412 KBytes  3.38 Mbits/sec  2.110 ms  918/1270 (72%)  
[  5] 222.00-223.00 sec   393 KBytes  3.22 Mbits/sec  2.522 ms  877/1212 (72%)  
[  5] 223.00-224.00 sec   373 KBytes  3.05 Mbits/sec  2.241 ms  877/1195 (73%)  
[  5] 224.00-225.00 sec   397 KBytes  3.26 Mbits/sec  2.552 ms  933/1272 (73%)  
[  5] 225.00-226.00 sec   412 KBytes  3.38 Mbits/sec  2.101 ms  955/1307 (73%)  
[  5] 226.00-227.00 sec   393 KBytes  3.22 Mbits/sec  2.367 ms  896/1231 (73%)  
[  5] 227.00-228.00 sec   412 KBytes  3.38 Mbits/sec  2.323 ms  943/1295 (73%)  
[  5] 228.00-229.00 sec   417 KBytes  3.42 Mbits/sec  2.190 ms  954/1310 (73%)  
[  5] 229.00-230.00 sec   393 KBytes  3.22 Mbits/sec  2.390 ms  873/1208 (72%)  
[  5] 230.00-231.00 sec   412 KBytes  3.38 Mbits/sec  2.206 ms  936/1288 (73%)  
[  5] 231.00-232.00 sec   414 KBytes  3.39 Mbits/sec  2.102 ms  948/1301 (73%)  
[  5] 232.00-233.00 sec   356 KBytes  2.92 Mbits/sec  2.227 ms  827/1131 (73%)  
[  5] 233.00-234.00 sec   393 KBytes  3.22 Mbits/sec  2.515 ms  897/1232 (73%)  
[  5] 234.00-235.00 sec   412 KBytes  3.38 Mbits/sec  2.375 ms  926/1278 (72%)  
[  5] 235.00-236.00 sec   412 KBytes  3.38 Mbits/sec  2.181 ms  924/1276 (72%)  
[  5] 236.00-237.00 sec   398 KBytes  3.26 Mbits/sec  2.247 ms  912/1252 (73%)  
[  5] 237.00-238.00 sec   412 KBytes  3.38 Mbits/sec  2.386 ms  983/1335 (74%)  
[  5] 238.00-239.00 sec   411 KBytes  3.37 Mbits/sec  2.325 ms  981/1332 (74%)  
[  5] 239.00-240.00 sec   394 KBytes  3.23 Mbits/sec  2.738 ms  975/1311 (74%)  
[  5] 240.00-241.00 sec   357 KBytes  2.93 Mbits/sec  2.418 ms  853/1158 (74%)  
[  5] 241.00-242.00 sec   412 KBytes  3.38 Mbits/sec  2.372 ms  946/1298 (73%)  
[  5] 242.00-243.00 sec   412 KBytes  3.38 Mbits/sec  2.156 ms  929/1281 (73%)  
[  5] 243.00-244.00 sec   393 KBytes  3.22 Mbits/sec  2.361 ms  866/1201 (72%)  
[  5] 244.00-245.00 sec   417 KBytes  3.42 Mbits/sec  2.031 ms  946/1302 (73%)  
[  5] 245.00-246.00 sec   412 KBytes  3.38 Mbits/sec  2.070 ms  925/1277 (72%)  
[  5] 246.00-247.00 sec   352 KBytes  2.88 Mbits/sec  2.190 ms  789/1089 (72%)  
[  5] 247.00-248.00 sec   398 KBytes  3.26 Mbits/sec  2.348 ms  911/1251 (73%)  
[  5] 248.00-249.00 sec   412 KBytes  3.38 Mbits/sec  2.334 ms  951/1303 (73%)  
[  5] 249.00-250.00 sec   412 KBytes  3.38 Mbits/sec  2.140 ms  934/1286 (73%)  
[  5] 250.00-251.00 sec   412 KBytes  3.38 Mbits/sec  2.274 ms  922/1274 (72%)  
[  5] 251.00-252.00 sec   397 KBytes  3.25 Mbits/sec  2.143 ms  881/1220 (72%)  
[  5] 252.00-253.00 sec   412 KBytes  3.38 Mbits/sec  2.075 ms  921/1273 (72%)  
[  5] 253.00-254.00 sec   393 KBytes  3.22 Mbits/sec  2.497 ms  909/1244 (73%)  
[  5] 254.00-255.00 sec   412 KBytes  3.38 Mbits/sec  2.456 ms  931/1283 (73%)  
[  5] 255.00-256.00 sec   412 KBytes  3.38 Mbits/sec  2.206 ms  955/1307 (73%)  
[  5] 256.00-257.00 sec   357 KBytes  2.93 Mbits/sec  2.157 ms  835/1140 (73%)  
[  5] 257.00-258.00 sec   412 KBytes  3.38 Mbits/sec  2.174 ms  951/1303 (73%)  
[  5] 258.00-259.00 sec   393 KBytes  3.22 Mbits/sec  2.250 ms  880/1215 (72%)  
[  5] 259.00-260.00 sec   418 KBytes  3.42 Mbits/sec  2.068 ms  934/1291 (72%)  
[  5] 260.00-261.00 sec   391 KBytes  3.21 Mbits/sec  2.394 ms  877/1211 (72%)  
[  5] 261.00-262.00 sec   373 KBytes  3.05 Mbits/sec  2.343 ms  842/1160 (73%)  
[  5] 262.00-263.00 sec   397 KBytes  3.25 Mbits/sec  2.421 ms  884/1223 (72%)  
[  5] 263.00-264.00 sec   414 KBytes  3.39 Mbits/sec  2.052 ms  932/1285 (73%)  
[  5] 264.00-265.00 sec   412 KBytes  3.38 Mbits/sec  2.061 ms  940/1292 (73%)  
[  5] 265.00-266.00 sec   393 KBytes  3.22 Mbits/sec  2.225 ms  917/1252 (73%)  
[  5] 266.00-267.00 sec   412 KBytes  3.38 Mbits/sec  2.129 ms  921/1273 (72%)  
[  5] 267.00-268.00 sec   397 KBytes  3.25 Mbits/sec  2.346 ms  904/1243 (73%)  
[  5] 268.00-269.00 sec   412 KBytes  3.38 Mbits/sec  2.487 ms  954/1306 (73%)  
[  5] 269.00-270.00 sec   412 KBytes  3.38 Mbits/sec  2.161 ms  947/1299 (73%)  
[  5] 270.00-271.00 sec   393 KBytes  3.22 Mbits/sec  2.797 ms  900/1235 (73%)  
[  5] 271.00-272.00 sec   417 KBytes  3.42 Mbits/sec  2.111 ms  939/1295 (73%)  
[  5] 272.00-273.00 sec   414 KBytes  3.39 Mbits/sec  2.158 ms  937/1290 (73%)  
[  5] 273.00-274.00 sec   352 KBytes  2.88 Mbits/sec  2.288 ms  806/1106 (73%)  
[  5] 274.00-275.00 sec   397 KBytes  3.25 Mbits/sec  2.523 ms  901/1240 (73%)  
[  5] 275.00-276.00 sec   373 KBytes  3.05 Mbits/sec  2.222 ms  831/1149 (72%)  
[  5] 276.00-277.00 sec   393 KBytes  3.21 Mbits/sec  2.370 ms  856/1191 (72%)  
[  5] 277.00-278.00 sec   412 KBytes  3.38 Mbits/sec  2.173 ms  904/1256 (72%)  
[  5] 278.00-279.00 sec   397 KBytes  3.25 Mbits/sec  2.372 ms  900/1239 (73%)  
[  5] 279.00-280.00 sec   373 KBytes  3.05 Mbits/sec  2.201 ms  833/1151 (72%)  
[  5] 280.00-281.00 sec   393 KBytes  3.21 Mbits/sec  3.036 ms  917/1252 (73%)  
[  5] 281.00-282.00 sec   357 KBytes  2.93 Mbits/sec  2.620 ms  833/1138 (73%)  
[  5] 282.00-283.00 sec   412 KBytes  3.38 Mbits/sec  2.185 ms  940/1292 (73%)  
[  5] 283.00-284.00 sec   412 KBytes  3.38 Mbits/sec  2.311 ms  948/1300 (73%)  
[  5] 284.00-285.00 sec   393 KBytes  3.22 Mbits/sec  2.435 ms  902/1237 (73%)  
[  5] 285.00-286.00 sec   417 KBytes  3.42 Mbits/sec  2.147 ms  969/1325 (73%)  
[  5] 286.00-287.00 sec   412 KBytes  3.38 Mbits/sec  2.225 ms  942/1294 (73%)  
[  5] 287.00-288.00 sec   393 KBytes  3.22 Mbits/sec  2.389 ms  894/1229 (73%)  
[  5] 288.00-289.00 sec   412 KBytes  3.38 Mbits/sec  2.359 ms  949/1301 (73%)  
[  5] 289.00-290.00 sec   357 KBytes  2.93 Mbits/sec  2.336 ms  813/1118 (73%)  
[  5] 290.00-291.00 sec   412 KBytes  3.38 Mbits/sec  2.137 ms  918/1270 (72%)  
[  5] 291.00-292.00 sec   393 KBytes  3.22 Mbits/sec  2.828 ms  863/1198 (72%)  
[  5] 292.00-293.00 sec   417 KBytes  3.42 Mbits/sec  2.173 ms  917/1273 (72%)  
[  5] 293.00-294.00 sec   414 KBytes  3.39 Mbits/sec  2.044 ms  902/1255 (72%)  
[  5] 294.00-295.00 sec   391 KBytes  3.21 Mbits/sec  2.415 ms  881/1215 (73%)  
[  5] 295.00-296.00 sec   414 KBytes  3.39 Mbits/sec  2.116 ms  905/1258 (72%)  
[  5] 296.00-297.00 sec   397 KBytes  3.25 Mbits/sec  2.365 ms  911/1250 (73%)  
[  5] 297.00-298.00 sec   412 KBytes  3.38 Mbits/sec  2.380 ms  981/1333 (74%)  
[  5] 298.00-299.00 sec   353 KBytes  2.89 Mbits/sec  2.312 ms  858/1159 (74%)  
[  5] 299.00-300.00 sec   412 KBytes  3.38 Mbits/sec  2.147 ms  978/1330 (74%)  
[  5] 300.00-301.00 sec   417 KBytes  3.42 Mbits/sec  2.170 ms  988/1344 (74%)  
[  5] 301.00-302.00 sec   393 KBytes  3.22 Mbits/sec  2.307 ms  913/1248 (73%)  
[  5] 302.00-303.00 sec   412 KBytes  3.38 Mbits/sec  2.333 ms  960/1312 (73%)  
[  5] 303.00-304.00 sec   412 KBytes  3.38 Mbits/sec  2.229 ms  951/1303 (73%)  
[  5] 304.00-305.00 sec   397 KBytes  3.25 Mbits/sec  2.573 ms  961/1300 (74%)  
[  5] 305.00-306.00 sec   353 KBytes  2.89 Mbits/sec  2.402 ms  846/1147 (74%)  
[  5] 306.00-307.00 sec   412 KBytes  3.38 Mbits/sec  2.331 ms  953/1305 (73%)  
[  5] 307.00-308.00 sec   412 KBytes  3.38 Mbits/sec  2.246 ms  924/1276 (72%)  
[  5] 308.00-309.00 sec   397 KBytes  3.25 Mbits/sec  2.342 ms  883/1222 (72%)  
[  5] 309.00-310.00 sec   412 KBytes  3.38 Mbits/sec  2.371 ms  907/1259 (72%)  
[  5] 310.00-311.00 sec   353 KBytes  2.89 Mbits/sec  2.881 ms  778/1079 (72%)  
[  5] 311.00-312.00 sec   356 KBytes  2.92 Mbits/sec  2.543 ms  824/1128 (73%)  
[  5] 312.00-313.00 sec   374 KBytes  3.06 Mbits/sec  2.158 ms  878/1197 (73%)  
[  5] 313.00-314.00 sec   336 KBytes  2.76 Mbits/sec  2.585 ms  793/1080 (73%)  
[  5] 314.00-315.00 sec   412 KBytes  3.38 Mbits/sec  2.566 ms  967/1319 (73%)  
[  5] 315.00-316.00 sec   353 KBytes  2.89 Mbits/sec  2.892 ms  809/1110 (73%)  
[  5] 316.00-317.00 sec   357 KBytes  2.93 Mbits/sec  2.270 ms  814/1119 (73%)  
[  5] 317.00-318.00 sec   412 KBytes  3.38 Mbits/sec  2.327 ms  927/1279 (72%)  
[  5] 318.00-319.00 sec   357 KBytes  2.93 Mbits/sec  2.036 ms  785/1090 (72%)  
[  5] 319.00-320.00 sec   352 KBytes  2.88 Mbits/sec  2.482 ms  783/1083 (72%)  
[  5] 320.00-321.00 sec   412 KBytes  3.38 Mbits/sec  2.275 ms  900/1252 (72%)  
[  5] 321.00-322.00 sec   357 KBytes  2.93 Mbits/sec  2.259 ms  796/1101 (72%)  
[  5] 322.00-323.00 sec   353 KBytes  2.89 Mbits/sec  2.374 ms  801/1102 (73%)  
[  5] 323.00-324.00 sec   412 KBytes  3.38 Mbits/sec  2.282 ms  954/1306 (73%)  
[  5] 324.00-325.00 sec   357 KBytes  2.93 Mbits/sec  2.077 ms  792/1097 (72%)  
[  5] 325.00-326.00 sec   391 KBytes  3.21 Mbits/sec  2.391 ms  880/1214 (72%)  
[  5] 326.00-327.00 sec   357 KBytes  2.93 Mbits/sec  2.392 ms  792/1097 (72%)  
[  5] 327.00-328.00 sec   414 KBytes  3.39 Mbits/sec  2.331 ms  938/1291 (73%)  
[  5] 328.00-329.00 sec   376 KBytes  3.08 Mbits/sec  4.686 ms  895/1216 (74%)  
[  5] 329.00-330.00 sec   388 KBytes  3.18 Mbits/sec  2.283 ms  864/1195 (72%)  
[  5] 330.00-331.00 sec   357 KBytes  2.93 Mbits/sec  2.287 ms  824/1129 (73%)  
[  5] 331.00-332.00 sec   412 KBytes  3.38 Mbits/sec  1.999 ms  948/1300 (73%)  
[  5] 332.00-333.00 sec   393 KBytes  3.22 Mbits/sec  2.901 ms  911/1246 (73%)  
[  5] 333.00-334.00 sec   357 KBytes  2.93 Mbits/sec  2.341 ms  807/1112 (73%)  
[  5] 334.00-335.00 sec   373 KBytes  3.05 Mbits/sec  2.089 ms  867/1185 (73%)  
[  5] 335.00-336.00 sec   356 KBytes  2.92 Mbits/sec  2.243 ms  853/1157 (74%)  
[  5] 336.00-337.00 sec   393 KBytes  3.21 Mbits/sec  3.090 ms  974/1309 (74%)  
[  5] 337.00-338.00 sec   353 KBytes  2.89 Mbits/sec  3.003 ms  938/1239 (76%)  
[  5] 338.00-339.00 sec   357 KBytes  2.92 Mbits/sec  2.709 ms  943/1248 (76%)  
[  5] 339.00-340.00 sec   371 KBytes  3.05 Mbits/sec  2.224 ms  924/1241 (74%)  
[  5] 340.00-341.00 sec   338 KBytes  2.77 Mbits/sec  2.502 ms  858/1146 (75%)  
[  5] 341.00-342.00 sec   373 KBytes  3.05 Mbits/sec  2.175 ms  945/1263 (75%)  
[  5] 342.00-343.00 sec   357 KBytes  2.93 Mbits/sec  2.100 ms  870/1175 (74%)  
[  5] 343.00-344.00 sec   391 KBytes  3.21 Mbits/sec  2.388 ms  977/1311 (75%)  
[  5] 344.00-345.00 sec   373 KBytes  3.05 Mbits/sec  2.228 ms  931/1249 (75%)  
[  5] 345.00-346.00 sec   338 KBytes  2.76 Mbits/sec  2.832 ms  855/1143 (75%)  
[  5] 346.00-347.00 sec   412 KBytes  3.38 Mbits/sec  2.445 ms  1006/1358 (74%)  
[  5] 347.00-348.00 sec   353 KBytes  2.89 Mbits/sec  2.992 ms  900/1201 (75%)  
[  5] 348.00-349.00 sec   417 KBytes  3.42 Mbits/sec  2.255 ms  1063/1419 (75%)  
[  5] 349.00-350.00 sec   353 KBytes  2.89 Mbits/sec  2.187 ms  836/1137 (74%)  
[  5] 350.00-351.00 sec   412 KBytes  3.38 Mbits/sec  2.254 ms  995/1347 (74%)  
[  5] 351.00-352.00 sec   356 KBytes  2.92 Mbits/sec  2.243 ms  844/1148 (74%)  
[  5] 352.00-353.00 sec   393 KBytes  3.22 Mbits/sec  2.456 ms  922/1257 (73%)  
[  5] 353.00-354.00 sec   357 KBytes  2.93 Mbits/sec  2.750 ms  879/1184 (74%)  
[  5] 354.00-355.00 sec   353 KBytes  2.89 Mbits/sec  2.546 ms  832/1133 (73%)  
[  5] 355.00-356.00 sec   412 KBytes  3.38 Mbits/sec  2.649 ms  1021/1373 (74%)  
[  5] 356.00-357.00 sec   357 KBytes  2.93 Mbits/sec  2.463 ms  850/1155 (74%)  
[  5] 357.00-358.00 sec   352 KBytes  2.88 Mbits/sec  2.434 ms  868/1168 (74%)  
[  5] 358.00-359.00 sec   414 KBytes  3.39 Mbits/sec  2.215 ms  984/1337 (74%)  
[  5] 359.00-360.00 sec   397 KBytes  3.26 Mbits/sec  2.531 ms  1009/1348 (75%)  
[  5] 360.00-361.00 sec   371 KBytes  3.04 Mbits/sec  2.412 ms  952/1269 (75%)  
[  5] 361.00-362.00 sec   393 KBytes  3.22 Mbits/sec  2.531 ms  981/1316 (75%)  
[  5] 362.00-363.00 sec   357 KBytes  2.93 Mbits/sec  2.489 ms  912/1217 (75%)  
[  5] 363.00-364.00 sec   412 KBytes  3.38 Mbits/sec  2.268 ms  1055/1407 (75%)  
[  5] 364.00-365.00 sec   353 KBytes  2.89 Mbits/sec  2.366 ms  932/1233 (76%)  
[  5] 365.00-366.00 sec   357 KBytes  2.93 Mbits/sec  2.509 ms  995/1300 (77%)  
[  5] 366.00-367.00 sec   352 KBytes  2.88 Mbits/sec  2.491 ms  955/1255 (76%)  
[  5] 367.00-368.00 sec   417 KBytes  3.42 Mbits/sec  2.280 ms  1056/1412 (75%)  
[  5] 368.00-369.00 sec   353 KBytes  2.89 Mbits/sec  2.489 ms  842/1143 (74%)  
[  5] 369.00-370.00 sec   412 KBytes  3.38 Mbits/sec  2.250 ms  979/1331 (74%)  
[  5] 370.00-371.00 sec   357 KBytes  2.93 Mbits/sec  2.219 ms  873/1178 (74%)  
[  5] 371.00-372.00 sec   353 KBytes  2.89 Mbits/sec  2.128 ms  925/1226 (75%)  
[  5] 372.00-373.00 sec   412 KBytes  3.38 Mbits/sec  2.329 ms  1003/1355 (74%)  
[  5] 373.00-374.00 sec   357 KBytes  2.93 Mbits/sec  2.251 ms  871/1176 (74%)  
[  5] 374.00-375.00 sec   393 KBytes  3.22 Mbits/sec  2.448 ms  955/1290 (74%)  
[  5] 375.00-376.00 sec   412 KBytes  3.38 Mbits/sec  2.465 ms  1019/1371 (74%)  
[  5] 376.00-377.00 sec   356 KBytes  2.92 Mbits/sec  2.218 ms  871/1175 (74%)  
[  5] 377.00-378.00 sec   353 KBytes  2.89 Mbits/sec  2.471 ms  859/1160 (74%)  
[  5] 378.00-379.00 sec   357 KBytes  2.93 Mbits/sec  2.632 ms  890/1195 (74%)  
[  5] 379.00-380.00 sec   352 KBytes  2.88 Mbits/sec  2.619 ms  876/1176 (74%)  
[  5] 380.00-381.00 sec   357 KBytes  2.93 Mbits/sec  2.528 ms  894/1199 (75%)  
[  5] 381.00-382.00 sec   312 KBytes  2.55 Mbits/sec  2.277 ms  764/1030 (74%)  
[  5] 382.00-383.00 sec   412 KBytes  3.38 Mbits/sec  2.346 ms  1008/1360 (74%)  
[  5] 383.00-384.00 sec   357 KBytes  2.93 Mbits/sec  2.209 ms  862/1167 (74%)  
[  5] 384.00-385.00 sec   353 KBytes  2.89 Mbits/sec  2.386 ms  845/1146 (74%)  
[  5] 385.00-386.00 sec   357 KBytes  2.93 Mbits/sec  2.252 ms  834/1139 (73%)  
[  5] 386.00-387.00 sec   353 KBytes  2.89 Mbits/sec  2.401 ms  871/1172 (74%)  
[  5] 387.00-388.00 sec   356 KBytes  2.92 Mbits/sec  2.207 ms  854/1158 (74%)  
[  5] 388.00-389.00 sec   414 KBytes  3.39 Mbits/sec  2.111 ms  981/1334 (74%)  
[  5] 389.00-390.00 sec   352 KBytes  2.88 Mbits/sec  2.591 ms  864/1164 (74%)  
[  5] 390.00-391.00 sec   397 KBytes  3.25 Mbits/sec  2.429 ms  989/1328 (74%)  
[  5] 391.00-392.00 sec   373 KBytes  3.05 Mbits/sec  2.308 ms  971/1289 (75%)  
[  5] 392.00-393.00 sec   393 KBytes  3.22 Mbits/sec  2.437 ms  995/1330 (75%)  
[  5] 393.00-394.00 sec   357 KBytes  2.93 Mbits/sec  2.577 ms  883/1188 (74%)  
[  5] 394.00-395.00 sec   352 KBytes  2.88 Mbits/sec  2.857 ms  866/1166 (74%)  
[  5] 395.00-396.00 sec   412 KBytes  3.38 Mbits/sec  2.357 ms  1000/1352 (74%)  
