Connecting to host 172.22.0.50, port 5201
Reverse mode, remote host 172.22.0.50 is sending
[  5] local 192.168.100.2 port 58524 connected to 172.22.0.50 port 5201
[ ID] Interval           Transfer     Bitrate         Jitter    Lost/Total Datagrams
[  5]   0.00-1.00   sec  1.43 MBytes  12.0 Mbits/sec  0.957 ms  0/1253 (0%)  
[  5]   1.00-2.00   sec  1.43 MBytes  12.0 Mbits/sec  0.960 ms  0/1249 (0%)  
[  5]   2.00-3.00   sec  1.43 MBytes  12.0 Mbits/sec  0.715 ms  0/1253 (0%)  
[  5]   3.00-4.00   sec  1.43 MBytes  12.0 Mbits/sec  0.983 ms  0/1249 (0%)  
[  5]   4.00-5.00   sec  1.43 MBytes  12.0 Mbits/sec  0.912 ms  0/1248 (0%)  
[  5]   5.00-6.00   sec  1.43 MBytes  12.0 Mbits/sec  0.955 ms  0/1251 (0%)  
[  5]   6.00-7.00   sec  1.43 MBytes  12.0 Mbits/sec  0.778 ms  0/1251 (0%)  
[  5]   7.00-8.00   sec  1.43 MBytes  12.0 Mbits/sec  1.025 ms  0/1250 (0%)  
[  5]   8.00-9.00   sec  1.43 MBytes  12.0 Mbits/sec  1.016 ms  0/1253 (0%)  
[  5]   9.00-10.00  sec  1.42 MBytes  12.0 Mbits/sec  0.930 ms  0/1245 (0%)  
[  5]  10.00-11.00  sec  1.43 MBytes  12.0 Mbits/sec  0.946 ms  0/1252 (0%)  
[  5]  11.00-12.00  sec  1.43 MBytes  12.0 Mbits/sec  0.927 ms  0/1250 (0%)  
[  5]  12.00-13.00  sec  1.43 MBytes  12.0 Mbits/sec  1.023 ms  0/1246 (0%)  
[  5]  13.00-14.00  sec  1.44 MBytes  12.0 Mbits/sec  0.774 ms  0/1254 (0%)  
[  5]  14.00-15.00  sec  1.43 MBytes  12.0 Mbits/sec  0.854 ms  0/1249 (0%)  
[  5]  15.00-16.00  sec  1.19 MBytes  9.95 Mbits/sec  1.315 ms  0/1036 (0%)  
[  5]  16.00-17.00  sec   618 KBytes  5.05 Mbits/sec  1.444 ms  0/527 (0%)  
[  5]  17.00-18.00  sec   636 KBytes  5.22 Mbits/sec  1.187 ms  0/543 (0%)  
[  5]  18.00-19.00  sec   628 KBytes  5.15 Mbits/sec  1.678 ms  0/536 (0%)  
[  5]  19.00-20.00  sec   628 KBytes  5.14 Mbits/sec  1.532 ms  0/536 (0%)  
[  5]  20.00-21.00  sec   632 KBytes  5.18 Mbits/sec  1.241 ms  0/539 (0%)  
[  5]  21.00-22.00  sec   688 KBytes  5.63 Mbits/sec  1.240 ms  0/587 (0%)  
[  5]  22.00-23.00  sec   703 KBytes  5.76 Mbits/sec  1.248 ms  0/600 (0%)  
[  5]  23.00-24.00  sec   705 KBytes  5.78 Mbits/sec  1.247 ms  0/602 (0%)  
[  5]  24.00-25.00  sec   696 KBytes  5.70 Mbits/sec  1.266 ms  0/594 (0%)  
[  5]  25.00-26.00  sec   695 KBytes  5.70 Mbits/sec  0.968 ms  0/593 (0%)  
[  5]  26.00-27.00  sec   697 KBytes  5.71 Mbits/sec  1.679 ms  0/595 (0%)  
[  5]  27.00-28.00  sec   705 KBytes  5.77 Mbits/sec  1.472 ms  0/602 (0%)  
[  5]  28.00-29.00  sec   683 KBytes  5.60 Mbits/sec  1.055 ms  0/583 (0%)  
[  5]  29.00-30.00  sec   689 KBytes  5.65 Mbits/sec  1.049 ms  0/588 (0%)  
[  5]  30.00-31.00  sec   720 KBytes  5.89 Mbits/sec  1.165 ms  0/614 (0%)  
[  5]  31.00-32.00  sec   779 KBytes  6.38 Mbits/sec  0.911 ms  0/665 (0%)  
[  5]  32.00-33.00  sec   778 KBytes  6.37 Mbits/sec  1.009 ms  0/664 (0%)  
[  5]  33.00-34.00  sec   778 KBytes  6.37 Mbits/sec  1.079 ms  0/664 (0%)  
[  5]  34.00-35.00  sec   773 KBytes  6.34 Mbits/sec  1.137 ms  0/661 (0%)  
[  5]  35.00-36.00  sec   769 KBytes  6.30 Mbits/sec  1.038 ms  0/656 (0%)  
[  5]  36.00-37.00  sec   752 KBytes  6.16 Mbits/sec  0.931 ms  0/642 (0%)  
[  5]  37.00-38.00  sec   763 KBytes  6.25 Mbits/sec  1.229 ms  0/651 (0%)  
[  5]  38.00-39.00  sec   759 KBytes  6.22 Mbits/sec  1.106 ms  0/648 (0%)  
[  5]  39.00-40.00  sec   763 KBytes  6.25 Mbits/sec  1.085 ms  0/651 (0%)  
[  5]  40.00-41.00  sec   606 KBytes  4.96 Mbits/sec  1.166 ms  369/886 (42%)  
[  5]  41.00-42.00  sec   819 KBytes  6.71 Mbits/sec  1.115 ms  795/1494 (53%)  
[  5]  42.00-43.00  sec   702 KBytes  5.74 Mbits/sec  1.109 ms  664/1263 (53%)  
[  5]  43.00-44.00  sec   819 KBytes  6.72 Mbits/sec  1.055 ms  669/1368 (49%)  
[  5]  44.00-45.00  sec   809 KBytes  6.62 Mbits/sec  1.006 ms  611/1301 (47%)  
[  5]  45.00-46.00  sec   697 KBytes  5.71 Mbits/sec  1.105 ms  540/1135 (48%)  
[  5]  46.00-47.00  sec   809 KBytes  6.62 Mbits/sec  1.087 ms  607/1297 (47%)  
[  5]  47.00-48.00  sec   709 KBytes  5.81 Mbits/sec  1.075 ms  547/1152 (47%)  
[  5]  48.00-49.00  sec   809 KBytes  6.62 Mbits/sec  1.102 ms  641/1331 (48%)  
[  5]  49.00-50.00  sec   709 KBytes  5.81 Mbits/sec  1.078 ms  562/1167 (48%)  
[  5]  50.00-51.00  sec   809 KBytes  6.62 Mbits/sec  1.093 ms  643/1333 (48%)  
[  5]  51.00-52.00  sec   809 KBytes  6.62 Mbits/sec  1.118 ms  637/1327 (48%)  
[  5]  52.00-53.00  sec   680 KBytes  5.57 Mbits/sec  1.086 ms  529/1109 (48%)  
[  5]  53.00-54.00  sec   809 KBytes  6.62 Mbits/sec  1.098 ms  643/1333 (48%)  
[  5]  54.00-55.00  sec   709 KBytes  5.81 Mbits/sec  1.126 ms  542/1147 (47%)  
[  5]  55.00-56.00  sec   807 KBytes  6.61 Mbits/sec  1.117 ms  612/1301 (47%)  
[  5]  56.00-57.00  sec   708 KBytes  5.80 Mbits/sec  1.038 ms  555/1159 (48%)  
[  5]  57.00-58.00  sec   788 KBytes  6.45 Mbits/sec  1.061 ms  631/1303 (48%)  
[  5]  58.00-59.00  sec   718 KBytes  5.89 Mbits/sec  1.045 ms  561/1174 (48%)  
[  5]  59.00-60.00  sec   809 KBytes  6.62 Mbits/sec  1.107 ms  657/1347 (49%)  
[  5]  60.00-61.00  sec   709 KBytes  5.81 Mbits/sec  1.072 ms  545/1150 (47%)  
[  5]  61.00-62.00  sec   797 KBytes  6.53 Mbits/sec  1.089 ms  649/1329 (49%)  
[  5]  62.00-63.00  sec   709 KBytes  5.81 Mbits/sec  1.074 ms  531/1136 (47%)  
[  5]  63.00-64.00  sec   809 KBytes  6.62 Mbits/sec  1.088 ms  630/1320 (48%)  
[  5]  64.00-65.00  sec   809 KBytes  6.63 Mbits/sec  1.076 ms  613/1303 (47%)  
[  5]  65.00-66.00  sec   680 KBytes  5.57 Mbits/sec  1.170 ms  542/1122 (48%)  
[  5]  66.00-67.00  sec   809 KBytes  6.63 Mbits/sec  0.978 ms  627/1317 (48%)  
[  5]  67.00-68.00  sec   838 KBytes  6.86 Mbits/sec  1.060 ms  673/1388 (48%)  
[  5]  68.00-69.00  sec   659 KBytes  5.39 Mbits/sec  1.098 ms  540/1102 (49%)  
[  5]  69.00-70.00  sec   710 KBytes  5.82 Mbits/sec  8.239 ms  600/1206 (50%)  
[  5]  70.00-71.00  sec   807 KBytes  6.61 Mbits/sec  1.131 ms  604/1293 (47%)  
[  5]  71.00-72.00  sec   709 KBytes  5.81 Mbits/sec  1.110 ms  568/1173 (48%)  
[  5]  72.00-73.00  sec   809 KBytes  6.63 Mbits/sec  1.099 ms  631/1321 (48%)  
[  5]  73.00-74.00  sec   796 KBytes  6.52 Mbits/sec  1.160 ms  669/1348 (50%)  
[  5]  74.00-75.00  sec   709 KBytes  5.81 Mbits/sec  1.119 ms  584/1189 (49%)  
[  5]  75.00-76.00  sec   809 KBytes  6.63 Mbits/sec  1.152 ms  637/1327 (48%)  
[  5]  76.00-77.00  sec   709 KBytes  5.81 Mbits/sec  1.114 ms  534/1139 (47%)  
[  5]  77.00-78.00  sec   809 KBytes  6.62 Mbits/sec  1.129 ms  610/1300 (47%)  
[  5]  78.00-79.00  sec   718 KBytes  5.88 Mbits/sec  1.075 ms  556/1169 (48%)  
[  5]  79.00-80.00  sec   786 KBytes  6.44 Mbits/sec  1.122 ms  635/1306 (49%)  
[  5]  80.00-81.00  sec   809 KBytes  6.62 Mbits/sec  1.150 ms  624/1314 (47%)  
[  5]  81.00-82.00  sec   709 KBytes  5.81 Mbits/sec  1.089 ms  570/1175 (49%)  
[  5]  82.00-83.00  sec   809 KBytes  6.63 Mbits/sec  1.148 ms  660/1350 (49%)  
[  5]  83.00-84.00  sec   720 KBytes  5.90 Mbits/sec  1.062 ms  592/1206 (49%)  
[  5]  84.00-85.00  sec   798 KBytes  6.54 Mbits/sec  1.163 ms  622/1303 (48%)  
[  5]  85.00-86.00  sec   689 KBytes  5.65 Mbits/sec  0.977 ms  539/1127 (48%)  
[  5]  86.00-87.00  sec   709 KBytes  5.81 Mbits/sec  1.123 ms  548/1153 (48%)  
[  5]  87.00-88.00  sec   709 KBytes  5.81 Mbits/sec  1.107 ms  536/1141 (47%)  
[  5]  88.00-89.00  sec   809 KBytes  6.63 Mbits/sec  1.117 ms  629/1319 (48%)  
[  5]  89.00-90.00  sec   720 KBytes  5.89 Mbits/sec  1.116 ms  577/1191 (48%)  
[  5]  90.00-91.00  sec   709 KBytes  5.81 Mbits/sec  1.079 ms  574/1179 (49%)  
[  5]  91.00-92.00  sec   778 KBytes  6.37 Mbits/sec  1.080 ms  626/1290 (49%)  
[  5]  92.00-93.00  sec   709 KBytes  5.81 Mbits/sec  1.173 ms  528/1133 (47%)  
[  5]  93.00-94.00  sec   697 KBytes  5.71 Mbits/sec  1.118 ms  565/1160 (49%)  
[  5]  94.00-95.00  sec   809 KBytes  6.62 Mbits/sec  1.088 ms  618/1308 (47%)  
[  5]  95.00-96.00  sec   718 KBytes  5.88 Mbits/sec  1.065 ms  563/1176 (48%)  
[  5]  96.00-97.00  sec   709 KBytes  5.81 Mbits/sec  1.145 ms  556/1161 (48%)  
[  5]  97.00-98.00  sec   805 KBytes  6.60 Mbits/sec  1.101 ms  641/1328 (48%)  
[  5]  98.00-99.00  sec   697 KBytes  5.71 Mbits/sec  1.211 ms  607/1202 (50%)  
[  5]  99.00-100.00 sec   709 KBytes  5.81 Mbits/sec  1.090 ms  634/1239 (51%)  
[  5] 100.00-101.00 sec   809 KBytes  6.62 Mbits/sec  1.107 ms  712/1402 (51%)  
[  5] 101.00-102.00 sec   720 KBytes  5.89 Mbits/sec  1.077 ms  622/1236 (50%)  
[  5] 102.00-103.00 sec   679 KBytes  5.56 Mbits/sec  1.196 ms  575/1154 (50%)  
[  5] 103.00-104.00 sec   709 KBytes  5.81 Mbits/sec  1.172 ms  595/1200 (50%)  
[  5] 104.00-105.00 sec   809 KBytes  6.62 Mbits/sec  1.118 ms  677/1367 (50%)  
[  5] 105.00-106.00 sec   717 KBytes  5.87 Mbits/sec  1.033 ms  595/1207 (49%)  
[  5] 106.00-107.00 sec   708 KBytes  5.80 Mbits/sec  1.172 ms  589/1193 (49%)  
[  5] 107.00-108.00 sec   810 KBytes  6.63 Mbits/sec  1.014 ms  666/1357 (49%)  
[  5] 108.00-109.00 sec   679 KBytes  5.56 Mbits/sec  1.131 ms  580/1159 (50%)  
[  5] 109.00-110.00 sec   709 KBytes  5.81 Mbits/sec  1.174 ms  600/1205 (50%)  
[  5] 110.00-111.00 sec   809 KBytes  6.62 Mbits/sec  1.133 ms  652/1342 (49%)  
[  5] 111.00-112.00 sec   709 KBytes  5.81 Mbits/sec  1.141 ms  577/1182 (49%)  
[  5] 112.00-113.00 sec   809 KBytes  6.63 Mbits/sec  1.182 ms  659/1349 (49%)  
[  5] 113.00-114.00 sec   809 KBytes  6.62 Mbits/sec  1.187 ms  679/1369 (50%)  
[  5] 114.00-115.00 sec   709 KBytes  5.81 Mbits/sec  1.137 ms  606/1211 (50%)  
[  5] 115.00-116.00 sec   809 KBytes  6.62 Mbits/sec  1.161 ms  716/1406 (51%)  
[  5] 116.00-117.00 sec   718 KBytes  5.88 Mbits/sec  1.185 ms  609/1222 (50%)  
[  5] 117.00-118.00 sec   709 KBytes  5.80 Mbits/sec  1.151 ms  584/1189 (49%)  
[  5] 118.00-119.00 sec   810 KBytes  6.64 Mbits/sec  1.032 ms  699/1390 (50%)  
[  5] 119.00-120.00 sec   703 KBytes  5.76 Mbits/sec  1.190 ms  610/1210 (50%)  
[  5] 120.00-121.00 sec   810 KBytes  6.63 Mbits/sec  1.072 ms  677/1368 (49%)  
[  5] 121.00-122.00 sec   708 KBytes  5.80 Mbits/sec  1.102 ms  578/1182 (49%)  
[  5] 122.00-123.00 sec   788 KBytes  6.45 Mbits/sec  1.099 ms  673/1345 (50%)  
[  5] 123.00-124.00 sec   679 KBytes  5.56 Mbits/sec  1.149 ms  540/1119 (48%)  
[  5] 124.00-125.00 sec   839 KBytes  6.87 Mbits/sec  1.119 ms  664/1380 (48%)  
[  5] 125.00-126.00 sec   778 KBytes  6.37 Mbits/sec  1.120 ms  598/1262 (47%)  
[  5] 126.00-127.00 sec   709 KBytes  5.81 Mbits/sec  1.113 ms  552/1157 (48%)  
[  5] 127.00-128.00 sec   809 KBytes  6.62 Mbits/sec  1.171 ms  636/1326 (48%)  
[  5] 128.00-129.00 sec   709 KBytes  5.81 Mbits/sec  1.147 ms  582/1187 (49%)  
[  5] 129.00-130.00 sec   809 KBytes  6.62 Mbits/sec  1.152 ms  657/1347 (49%)  
[  5] 130.00-131.00 sec   709 KBytes  5.81 Mbits/sec  1.126 ms  584/1189 (49%)  
[  5] 131.00-132.00 sec   809 KBytes  6.62 Mbits/sec  1.219 ms  693/1383 (50%)  
[  5] 132.00-133.00 sec   809 KBytes  6.63 Mbits/sec  1.179 ms  654/1344 (49%)  
[  5] 133.00-134.00 sec   709 KBytes  5.81 Mbits/sec  1.140 ms  555/1160 (48%)  
[  5] 134.00-135.00 sec   710 KBytes  5.82 Mbits/sec  1.100 ms  570/1176 (48%)  
[  5] 135.00-136.00 sec   796 KBytes  6.52 Mbits/sec  1.084 ms  644/1323 (49%)  
[  5] 136.00-137.00 sec   709 KBytes  5.81 Mbits/sec  1.055 ms  534/1139 (47%)  
[  5] 137.00-138.00 sec   809 KBytes  6.63 Mbits/sec  1.009 ms  607/1297 (47%)  
[  5] 138.00-139.00 sec   709 KBytes  5.81 Mbits/sec  1.111 ms  569/1174 (48%)  
[  5] 139.00-140.00 sec   809 KBytes  6.61 Mbits/sec  1.020 ms  646/1336 (48%)  
[  5] 140.00-141.00 sec   809 KBytes  6.63 Mbits/sec  1.034 ms  639/1329 (48%)  
[  5] 141.00-142.00 sec   680 KBytes  5.57 Mbits/sec  1.105 ms  516/1096 (47%)  
[  5] 142.00-143.00 sec   809 KBytes  6.62 Mbits/sec  0.996 ms  616/1306 (47%)  
[  5] 143.00-144.00 sec   709 KBytes  5.81 Mbits/sec  1.190 ms  569/1174 (48%)  
[  5] 144.00-145.00 sec   809 KBytes  6.62 Mbits/sec  1.049 ms  630/1320 (48%)  
[  5] 145.00-146.00 sec   709 KBytes  5.81 Mbits/sec  1.155 ms  555/1160 (48%)  
[  5] 146.00-147.00 sec   809 KBytes  6.62 Mbits/sec  1.119 ms  650/1340 (49%)  
[  5] 147.00-148.00 sec   709 KBytes  5.80 Mbits/sec  1.161 ms  599/1204 (50%)  
[  5] 148.00-149.00 sec   809 KBytes  6.62 Mbits/sec  1.105 ms  676/1366 (49%)  
[  5] 149.00-150.00 sec   709 KBytes  5.82 Mbits/sec  1.093 ms  584/1189 (49%)  
[  5] 150.00-151.00 sec   809 KBytes  6.63 Mbits/sec  1.083 ms  619/1309 (47%)  
[  5] 151.00-152.00 sec   688 KBytes  5.64 Mbits/sec  1.099 ms  542/1129 (48%)  
[  5] 152.00-153.00 sec   830 KBytes  6.80 Mbits/sec  1.057 ms  621/1329 (47%)  
[  5] 153.00-154.00 sec   688 KBytes  5.64 Mbits/sec  1.134 ms  533/1120 (48%)  
[  5] 154.00-155.00 sec   810 KBytes  6.63 Mbits/sec  1.063 ms  623/1314 (47%)  
[  5] 155.00-156.00 sec   708 KBytes  5.79 Mbits/sec  1.119 ms  553/1157 (48%)  
[  5] 156.00-157.00 sec   810 KBytes  6.64 Mbits/sec  1.094 ms  645/1336 (48%)  
[  5] 157.00-158.00 sec   708 KBytes  5.80 Mbits/sec  1.128 ms  539/1143 (47%)  
[  5] 158.00-159.00 sec   810 KBytes  6.63 Mbits/sec  1.122 ms  632/1323 (48%)  
[  5] 159.00-160.00 sec   732 KBytes  6.00 Mbits/sec  2.743 ms  600/1225 (49%)  
[  5] 160.00-161.00 sec   785 KBytes  6.43 Mbits/sec  1.147 ms  625/1295 (48%)  
[  5] 161.00-162.00 sec   806 KBytes  6.61 Mbits/sec  1.133 ms  667/1355 (49%)  
[  5] 162.00-163.00 sec   709 KBytes  5.81 Mbits/sec  1.161 ms  582/1187 (49%)  
[  5] 163.00-164.00 sec   796 KBytes  6.52 Mbits/sec  1.385 ms  675/1354 (50%)  
[  5] 164.00-165.00 sec   709 KBytes  5.81 Mbits/sec  1.044 ms  569/1174 (48%)  
[  5] 165.00-166.00 sec   688 KBytes  5.64 Mbits/sec  1.113 ms  537/1124 (48%)  
[  5] 166.00-167.00 sec   709 KBytes  5.81 Mbits/sec  1.156 ms  561/1166 (48%)  
[  5] 167.00-168.00 sec   809 KBytes  6.62 Mbits/sec  1.147 ms  635/1325 (48%)  
[  5] 168.00-169.00 sec   709 KBytes  5.81 Mbits/sec  1.137 ms  545/1150 (47%)  
[  5] 169.00-170.00 sec   810 KBytes  6.63 Mbits/sec  1.123 ms  644/1335 (48%)  
[  5] 170.00-171.00 sec   807 KBytes  6.61 Mbits/sec  1.070 ms  630/1319 (48%)  
[  5] 171.00-172.00 sec   710 KBytes  5.82 Mbits/sec  1.107 ms  574/1180 (49%)  
[  5] 172.00-173.00 sec   807 KBytes  6.62 Mbits/sec  1.077 ms  631/1320 (48%)  
[  5] 173.00-174.00 sec   710 KBytes  5.81 Mbits/sec  1.114 ms  566/1172 (48%)  
[  5] 174.00-175.00 sec   807 KBytes  6.62 Mbits/sec  1.194 ms  661/1350 (49%)  
[  5] 175.00-176.00 sec   720 KBytes  5.89 Mbits/sec  1.118 ms  572/1186 (48%)  
[  5] 176.00-177.00 sec   709 KBytes  5.81 Mbits/sec  1.140 ms  553/1158 (48%)  
[  5] 177.00-178.00 sec   809 KBytes  6.62 Mbits/sec  1.114 ms  682/1372 (50%)  
[  5] 178.00-179.00 sec   799 KBytes  6.55 Mbits/sec  1.130 ms  664/1346 (49%)  
[  5] 179.00-180.00 sec   689 KBytes  5.64 Mbits/sec  1.107 ms  586/1174 (50%)  
[  5] 180.00-181.00 sec   838 KBytes  6.87 Mbits/sec  1.082 ms  694/1409 (49%)  
[  5] 181.00-182.00 sec   680 KBytes  5.57 Mbits/sec  1.086 ms  543/1123 (48%)  
[  5] 182.00-183.00 sec   809 KBytes  6.62 Mbits/sec  0.975 ms  608/1298 (47%)  
[  5] 183.00-184.00 sec   709 KBytes  5.81 Mbits/sec  1.109 ms  547/1152 (47%)  
[  5] 184.00-185.00 sec   709 KBytes  5.81 Mbits/sec  1.131 ms  550/1155 (48%)  
[  5] 185.00-186.00 sec   809 KBytes  6.62 Mbits/sec  1.163 ms  623/1313 (47%)  
[  5] 186.00-187.00 sec   718 KBytes  5.88 Mbits/sec  1.009 ms  555/1168 (48%)  
[  5] 187.00-188.00 sec   799 KBytes  6.55 Mbits/sec  1.128 ms  656/1338 (49%)  
[  5] 188.00-189.00 sec   718 KBytes  5.88 Mbits/sec  1.071 ms  593/1206 (49%)  
[  5] 189.00-190.00 sec   809 KBytes  6.62 Mbits/sec  1.060 ms  674/1364 (49%)  
[  5] 190.00-191.00 sec   680 KBytes  5.57 Mbits/sec  1.103 ms  516/1096 (47%)  
[  5] 191.00-192.00 sec   809 KBytes  6.62 Mbits/sec  1.109 ms  644/1334 (48%)  
[  5] 192.00-193.00 sec   709 KBytes  5.81 Mbits/sec  1.131 ms  553/1158 (48%)  
[  5] 193.00-194.00 sec   718 KBytes  5.88 Mbits/sec  1.066 ms  577/1190 (48%)  
[  5] 194.00-195.00 sec   788 KBytes  6.45 Mbits/sec  1.132 ms  638/1310 (49%)  
[  5] 195.00-196.00 sec   718 KBytes  5.89 Mbits/sec  1.018 ms  562/1175 (48%)  
[  5] 196.00-197.00 sec   709 KBytes  5.81 Mbits/sec  1.145 ms  578/1183 (49%)  
[  5] 197.00-198.00 sec   809 KBytes  6.62 Mbits/sec  1.068 ms  686/1376 (50%)  
[  5] 198.00-199.00 sec   709 KBytes  5.81 Mbits/sec  1.105 ms  583/1188 (49%)  
[  5] 199.00-200.00 sec   809 KBytes  6.62 Mbits/sec  1.122 ms  655/1345 (49%)  
[  5] 200.00-201.00 sec   709 KBytes  5.81 Mbits/sec  1.090 ms  580/1185 (49%)  
[  5] 201.00-202.00 sec   809 KBytes  6.62 Mbits/sec  1.135 ms  657/1347 (49%)  
[  5] 202.00-203.00 sec   709 KBytes  5.81 Mbits/sec  1.150 ms  542/1147 (47%)  
[  5] 203.00-204.00 sec   809 KBytes  6.62 Mbits/sec  1.325 ms  633/1323 (48%)  
[  5] 204.00-205.00 sec   689 KBytes  5.64 Mbits/sec  1.115 ms  584/1172 (50%)  
[  5] 205.00-206.00 sec   818 KBytes  6.70 Mbits/sec  1.519 ms  702/1400 (50%)  
[  5] 206.00-207.00 sec   688 KBytes  5.64 Mbits/sec  1.128 ms  578/1165 (50%)  
[  5] 207.00-208.00 sec   799 KBytes  6.54 Mbits/sec  1.172 ms  644/1326 (49%)  
[  5] 208.00-209.00 sec   718 KBytes  5.89 Mbits/sec  1.138 ms  599/1212 (49%)  
[  5] 209.00-210.00 sec   799 KBytes  6.55 Mbits/sec  1.096 ms  666/1348 (49%)  
[  5] 210.00-211.00 sec   718 KBytes  5.88 Mbits/sec  1.100 ms  576/1189 (48%)  
[  5] 211.00-212.00 sec   709 KBytes  5.81 Mbits/sec  1.089 ms  565/1170 (48%)  
[  5] 212.00-213.00 sec   809 KBytes  6.62 Mbits/sec  1.054 ms  661/1351 (49%)  
[  5] 213.00-214.00 sec   709 KBytes  5.81 Mbits/sec  1.140 ms  583/1188 (49%)  
[  5] 214.00-215.00 sec   809 KBytes  6.62 Mbits/sec  1.106 ms  656/1346 (49%)  
[  5] 215.00-216.00 sec   720 KBytes  5.89 Mbits/sec  1.039 ms  583/1197 (49%)  
[  5] 216.00-217.00 sec   679 KBytes  5.56 Mbits/sec  1.129 ms  525/1104 (48%)  
[  5] 217.00-218.00 sec   709 KBytes  5.81 Mbits/sec  1.089 ms  550/1155 (48%)  
[  5] 218.00-219.00 sec   809 KBytes  6.62 Mbits/sec  1.130 ms  633/1323 (48%)  
[  5] 219.00-220.00 sec   709 KBytes  5.81 Mbits/sec  1.148 ms  549/1154 (48%)  
[  5] 220.00-221.00 sec   809 KBytes  6.62 Mbits/sec  1.140 ms  671/1361 (49%)  
[  5] 221.00-222.00 sec   720 KBytes  5.89 Mbits/sec  1.098 ms  603/1217 (50%)  
[  5] 222.00-223.00 sec   709 KBytes  5.80 Mbits/sec  1.113 ms  561/1166 (48%)  
[  5] 223.00-224.00 sec   708 KBytes  5.80 Mbits/sec  1.040 ms  571/1175 (49%)  
[  5] 224.00-225.00 sec   689 KBytes  5.64 Mbits/sec  1.032 ms  551/1139 (48%)  
[  5] 225.00-226.00 sec   839 KBytes  6.87 Mbits/sec  1.046 ms  690/1406 (49%)  
[  5] 226.00-227.00 sec   679 KBytes  5.56 Mbits/sec  1.070 ms  539/1118 (48%)  
[  5] 227.00-228.00 sec   709 KBytes  5.81 Mbits/sec  1.214 ms  574/1179 (49%)  
[  5] 228.00-229.00 sec   809 KBytes  6.62 Mbits/sec  1.174 ms  696/1386 (50%)  
[  5] 229.00-230.00 sec   809 KBytes  6.63 Mbits/sec  1.126 ms  698/1388 (50%)  
[  5] 230.00-231.00 sec   709 KBytes  5.81 Mbits/sec  1.169 ms  603/1208 (50%)  
[  5] 231.00-232.00 sec   809 KBytes  6.62 Mbits/sec  1.181 ms  666/1356 (49%)  
[  5] 232.00-233.00 sec   709 KBytes  5.81 Mbits/sec  1.184 ms  595/1200 (50%)  
[  5] 233.00-234.00 sec   809 KBytes  6.62 Mbits/sec  1.209 ms  662/1352 (49%)  
[  5] 234.00-235.00 sec   709 KBytes  5.81 Mbits/sec  1.111 ms  582/1187 (49%)  
[  5] 235.00-236.00 sec   809 KBytes  6.62 Mbits/sec  1.182 ms  677/1367 (50%)  
[  5] 236.00-237.00 sec   809 KBytes  6.62 Mbits/sec  1.213 ms  721/1411 (51%)  
[  5] 237.00-238.00 sec   709 KBytes  5.81 Mbits/sec  1.161 ms  625/1230 (51%)  
[  5] 238.00-239.00 sec   809 KBytes  6.62 Mbits/sec  0.980 ms  692/1382 (50%)  
[  5] 239.00-240.00 sec   720 KBytes  5.89 Mbits/sec  1.074 ms  608/1222 (50%)  
[  5] 240.00-241.00 sec   798 KBytes  6.54 Mbits/sec  1.101 ms  620/1301 (48%)  
[  5] 241.00-242.00 sec   680 KBytes  5.57 Mbits/sec  1.128 ms  536/1116 (48%)  
[  5] 242.00-243.00 sec   762 KBytes  6.24 Mbits/sec  2.087 ms  603/1253 (48%)  
[  5] 243.00-244.00 sec   766 KBytes  6.28 Mbits/sec  0.981 ms  574/1228 (47%)  
[  5] 244.00-245.00 sec   786 KBytes  6.44 Mbits/sec  1.140 ms  641/1312 (49%)  
[  5] 245.00-246.00 sec   720 KBytes  5.89 Mbits/sec  1.061 ms  581/1195 (49%)  
[  5] 246.00-247.00 sec   807 KBytes  6.61 Mbits/sec  1.077 ms  639/1328 (48%)  
[  5] 247.00-248.00 sec   710 KBytes  5.82 Mbits/sec  1.081 ms  550/1156 (48%)  
[  5] 248.00-249.00 sec   708 KBytes  5.80 Mbits/sec  1.172 ms  546/1150 (47%)  
[  5] 249.00-250.00 sec   689 KBytes  5.65 Mbits/sec  0.997 ms  538/1126 (48%)  
[  5] 250.00-251.00 sec   709 KBytes  5.81 Mbits/sec  1.097 ms  541/1146 (47%)  
[  5] 251.00-252.00 sec   790 KBytes  6.47 Mbits/sec  1.214 ms  645/1319 (49%)  
[  5] 252.00-253.00 sec   709 KBytes  5.81 Mbits/sec  1.052 ms  543/1148 (47%)  
[  5] 253.00-254.00 sec   809 KBytes  6.63 Mbits/sec  1.238 ms  658/1348 (49%)  
[  5] 254.00-255.00 sec   709 KBytes  5.81 Mbits/sec  1.092 ms  611/1216 (50%)  
[  5] 255.00-256.00 sec   718 KBytes  5.88 Mbits/sec  1.181 ms  584/1197 (49%)  
[  5] 256.00-257.00 sec   701 KBytes  5.74 Mbits/sec  1.224 ms  566/1164 (49%)  
[  5] 257.00-258.00 sec   809 KBytes  6.62 Mbits/sec  1.098 ms  636/1326 (48%)  
[  5] 258.00-259.00 sec   710 KBytes  5.82 Mbits/sec  1.086 ms  550/1156 (48%)  
[  5] 259.00-260.00 sec   807 KBytes  6.61 Mbits/sec  1.096 ms  669/1358 (49%)  
[  5] 260.00-261.00 sec   720 KBytes  5.90 Mbits/sec  1.077 ms  611/1225 (50%)  
[  5] 261.00-262.00 sec   798 KBytes  6.54 Mbits/sec  1.126 ms  673/1354 (50%)  
[  5] 262.00-263.00 sec   690 KBytes  5.65 Mbits/sec  1.143 ms  596/1185 (50%)  
[  5] 263.00-264.00 sec   798 KBytes  6.54 Mbits/sec  1.179 ms  703/1384 (51%)  
[  5] 264.00-265.00 sec   809 KBytes  6.62 Mbits/sec  1.284 ms  657/1347 (49%)  
[  5] 265.00-266.00 sec   720 KBytes  5.89 Mbits/sec  1.072 ms  580/1194 (49%)  
[  5] 266.00-267.00 sec   738 KBytes  6.05 Mbits/sec  1.097 ms  606/1236 (49%)  
[  5] 267.00-268.00 sec   619 KBytes  5.07 Mbits/sec  1.133 ms  525/1053 (50%)  
[  5] 268.00-269.00 sec   749 KBytes  6.13 Mbits/sec  1.073 ms  626/1265 (49%)  
[  5] 269.00-270.00 sec   709 KBytes  5.81 Mbits/sec  1.193 ms  617/1222 (50%)  
[  5] 270.00-271.00 sec   649 KBytes  5.32 Mbits/sec  1.140 ms  547/1101 (50%)  
[  5] 271.00-272.00 sec   718 KBytes  5.88 Mbits/sec  1.193 ms  588/1201 (49%)  
[  5] 272.00-273.00 sec   650 KBytes  5.32 Mbits/sec  1.112 ms  505/1060 (48%)  
[  5] 273.00-274.00 sec   708 KBytes  5.80 Mbits/sec  1.203 ms  545/1149 (47%)  
[  5] 274.00-275.00 sec   660 KBytes  5.40 Mbits/sec  1.030 ms  523/1086 (48%)  
[  5] 275.00-276.00 sec   709 KBytes  5.81 Mbits/sec  1.152 ms  565/1170 (48%)  
[  5] 276.00-277.00 sec   649 KBytes  5.32 Mbits/sec  1.058 ms  503/1057 (48%)  
[  5] 277.00-278.00 sec   718 KBytes  5.88 Mbits/sec  1.105 ms  558/1171 (48%)  
[  5] 278.00-279.00 sec   649 KBytes  5.32 Mbits/sec  1.185 ms  519/1073 (48%)  
[  5] 279.00-280.00 sec   732 KBytes  6.00 Mbits/sec  1.227 ms  610/1235 (49%)  
[  5] 280.00-281.00 sec   728 KBytes  5.96 Mbits/sec  1.218 ms  697/1318 (53%)  
[  5] 281.00-282.00 sec   640 KBytes  5.24 Mbits/sec  1.196 ms  580/1126 (52%)  
[  5] 282.00-283.00 sec   612 KBytes  5.01 Mbits/sec  1.311 ms  567/1089 (52%)  
[  5] 283.00-284.00 sec   738 KBytes  6.05 Mbits/sec  1.218 ms  720/1350 (53%)  
[  5] 284.00-285.00 sec   729 KBytes  5.97 Mbits/sec  1.170 ms  702/1324 (53%)  
[  5] 285.00-286.00 sec   639 KBytes  5.23 Mbits/sec  1.191 ms  599/1144 (52%)  
[  5] 286.00-287.00 sec   810 KBytes  6.63 Mbits/sec  1.293 ms  817/1508 (54%)  
[  5] 287.00-288.00 sec   702 KBytes  5.75 Mbits/sec  1.290 ms  710/1309 (54%)  
[  5] 288.00-289.00 sec   786 KBytes  6.44 Mbits/sec  1.143 ms  777/1448 (54%)  
[  5] 289.00-290.00 sec   729 KBytes  5.97 Mbits/sec  1.099 ms  712/1334 (53%)  
[  5] 290.00-291.00 sec   702 KBytes  5.75 Mbits/sec  1.193 ms  683/1282 (53%)  
[  5] 291.00-292.00 sec   800 KBytes  6.56 Mbits/sec  1.460 ms  766/1449 (53%)  
[  5] 292.00-293.00 sec   792 KBytes  6.49 Mbits/sec  1.133 ms  771/1447 (53%)  
[  5] 293.00-294.00 sec   702 KBytes  5.75 Mbits/sec  1.213 ms  661/1260 (52%)  
[  5] 294.00-295.00 sec   810 KBytes  6.63 Mbits/sec  1.275 ms  802/1493 (54%)  
[  5] 295.00-296.00 sec   819 KBytes  6.70 Mbits/sec  1.232 ms  818/1517 (54%)  
[  5] 296.00-297.00 sec   702 KBytes  5.76 Mbits/sec  1.069 ms  658/1257 (52%)  
[  5] 297.00-298.00 sec   819 KBytes  6.71 Mbits/sec  1.124 ms  796/1495 (53%)  
[  5] 298.00-299.00 sec   694 KBytes  5.68 Mbits/sec  1.002 ms  600/1192 (50%)  
[  5] 299.00-300.00 sec   709 KBytes  5.81 Mbits/sec  1.166 ms  567/1172 (48%)  
[  5] 300.00-301.00 sec   809 KBytes  6.62 Mbits/sec  1.120 ms  641/1331 (48%)  
[  5] 301.00-302.00 sec   709 KBytes  5.81 Mbits/sec  1.187 ms  568/1173 (48%)  
[  5] 302.00-303.00 sec   809 KBytes  6.62 Mbits/sec  1.176 ms  657/1347 (49%)  
[  5] 303.00-304.00 sec   709 KBytes  5.81 Mbits/sec  1.085 ms  589/1194 (49%)  
[  5] 304.00-305.00 sec   809 KBytes  6.63 Mbits/sec  1.081 ms  635/1325 (48%)  
[  5] 305.00-306.00 sec   809 KBytes  6.62 Mbits/sec  1.106 ms  619/1309 (47%)  
[  5] 306.00-307.00 sec   709 KBytes  5.81 Mbits/sec  1.087 ms  548/1153 (48%)  
[  5] 307.00-308.00 sec   714 KBytes  5.85 Mbits/sec  1.083 ms  543/1152 (47%)  
[  5] 308.00-309.00 sec   809 KBytes  6.62 Mbits/sec  1.057 ms  633/1323 (48%)  
[  5] 309.00-310.00 sec   799 KBytes  6.55 Mbits/sec  1.089 ms  617/1299 (47%)  
[  5] 310.00-311.00 sec   688 KBytes  5.63 Mbits/sec  1.095 ms  576/1163 (50%)  
[  5] 311.00-312.00 sec   817 KBytes  6.69 Mbits/sec  1.433 ms  658/1355 (49%)  
[  5] 312.00-313.00 sec   809 KBytes  6.63 Mbits/sec  1.078 ms  685/1375 (50%)  
[  5] 313.00-314.00 sec   701 KBytes  5.74 Mbits/sec  1.547 ms  589/1187 (50%)  
[  5] 314.00-315.00 sec   770 KBytes  6.31 Mbits/sec  1.130 ms  616/1273 (48%)  
[  5] 315.00-316.00 sec   718 KBytes  5.88 Mbits/sec  1.017 ms  568/1181 (48%)  
[  5] 316.00-317.00 sec   708 KBytes  5.80 Mbits/sec  1.184 ms  543/1147 (47%)  
[  5] 317.00-318.00 sec   720 KBytes  5.89 Mbits/sec  1.089 ms  569/1183 (48%)  
[  5] 318.00-319.00 sec   709 KBytes  5.81 Mbits/sec  1.138 ms  553/1158 (48%)  
[  5] 319.00-320.00 sec   589 KBytes  4.83 Mbits/sec  1.133 ms  469/972 (48%)  
[  5] 320.00-321.00 sec   709 KBytes  5.81 Mbits/sec  1.099 ms  584/1189 (49%)  
[  5] 321.00-322.00 sec   718 KBytes  5.89 Mbits/sec  1.039 ms  546/1159 (47%)  
[  5] 322.00-323.00 sec   709 KBytes  5.81 Mbits/sec  1.111 ms  544/1149 (47%)  
[  5] 323.00-324.00 sec   589 KBytes  4.83 Mbits/sec  1.118 ms  455/958 (47%)  
[  5] 324.00-325.00 sec   718 KBytes  5.89 Mbits/sec  1.045 ms  555/1168 (48%)  
[  5] 325.00-326.00 sec   799 KBytes  6.54 Mbits/sec  1.113 ms  618/1300 (48%)  
[  5] 326.00-327.00 sec   718 KBytes  5.89 Mbits/sec  0.999 ms  548/1161 (47%)  
[  5] 327.00-328.00 sec   667 KBytes  5.46 Mbits/sec  1.132 ms  546/1115 (49%)  
[  5] 328.00-329.00 sec   720 KBytes  5.89 Mbits/sec  1.093 ms  602/1216 (50%)  
[  5] 329.00-330.00 sec   709 KBytes  5.81 Mbits/sec  1.173 ms  605/1210 (50%)  
[  5] 330.00-331.00 sec   709 KBytes  5.81 Mbits/sec  1.206 ms  677/1282 (53%)  
[  5] 331.00-332.00 sec   718 KBytes  5.88 Mbits/sec  1.067 ms  644/1257 (51%)  
[  5] 332.00-333.00 sec   680 KBytes  5.57 Mbits/sec  1.245 ms  655/1235 (53%)  
[  5] 333.00-334.00 sec   809 KBytes  6.62 Mbits/sec  1.213 ms  826/1516 (54%)  
[  5] 334.00-335.00 sec   709 KBytes  5.80 Mbits/sec  1.204 ms  679/1284 (53%)  
[  5] 335.00-336.00 sec   701 KBytes  5.75 Mbits/sec  1.076 ms  683/1281 (53%)  
[  5] 336.00-337.00 sec   709 KBytes  5.81 Mbits/sec  1.091 ms  727/1332 (55%)  
[  5] 337.00-338.00 sec   708 KBytes  5.79 Mbits/sec  1.120 ms  694/1298 (53%)  
[  5] 338.00-339.00 sec   690 KBytes  5.66 Mbits/sec  1.060 ms  587/1176 (50%)  
[  5] 339.00-340.00 sec   709 KBytes  5.80 Mbits/sec  1.129 ms  615/1220 (50%)  
[  5] 340.00-341.00 sec   718 KBytes  5.89 Mbits/sec  1.213 ms  644/1257 (51%)  
[  5] 341.00-342.00 sec   709 KBytes  5.81 Mbits/sec  1.159 ms  594/1199 (50%)  
[  5] 342.00-343.00 sec   709 KBytes  5.81 Mbits/sec  1.163 ms  618/1223 (51%)  
[  5] 343.00-344.00 sec   795 KBytes  6.51 Mbits/sec  1.142 ms  735/1413 (52%)  
[  5] 344.00-345.00 sec   720 KBytes  5.90 Mbits/sec  1.075 ms  657/1271 (52%)  
[  5] 345.00-346.00 sec   679 KBytes  5.56 Mbits/sec  1.057 ms  633/1212 (52%)  
[  5] 346.00-347.00 sec   709 KBytes  5.81 Mbits/sec  1.130 ms  622/1227 (51%)  
[  5] 347.00-348.00 sec   718 KBytes  5.88 Mbits/sec  1.092 ms  613/1226 (50%)  
[  5] 348.00-349.00 sec   709 KBytes  5.81 Mbits/sec  1.208 ms  637/1242 (51%)  
[  5] 349.00-350.00 sec   619 KBytes  5.07 Mbits/sec  1.106 ms  532/1060 (50%)  
[  5] 350.00-351.00 sec   589 KBytes  4.83 Mbits/sec  1.107 ms  507/1010 (50%)  
[  5] 351.00-352.00 sec   409 KBytes  3.35 Mbits/sec  1.097 ms  363/712 (51%)  
[  5] 352.00-353.00 sec   620 KBytes  5.08 Mbits/sec  1.155 ms  580/1109 (52%)  
[  5] 353.00-354.00 sec   679 KBytes  5.56 Mbits/sec  1.189 ms  612/1191 (51%)  
[  5] 354.00-355.00 sec   708 KBytes  5.80 Mbits/sec  1.161 ms  631/1235 (51%)  
[  5] 355.00-356.00 sec   629 KBytes  5.16 Mbits/sec  1.139 ms  574/1111 (52%)  
[  5] 356.00-357.00 sec   709 KBytes  5.81 Mbits/sec  1.157 ms  627/1232 (51%)  
[  5] 357.00-358.00 sec   709 KBytes  5.81 Mbits/sec  1.206 ms  629/1234 (51%)  
[  5] 358.00-359.00 sec   689 KBytes  5.65 Mbits/sec  1.087 ms  590/1178 (50%)  
[  5] 359.00-360.00 sec   709 KBytes  5.81 Mbits/sec  1.183 ms  600/1205 (50%)  
[  5] 360.00-361.00 sec   709 KBytes  5.81 Mbits/sec  1.247 ms  605/1210 (50%)  
[  5] 361.00-362.00 sec   718 KBytes  5.88 Mbits/sec  1.186 ms  666/1279 (52%)  
[  5] 362.00-363.00 sec   709 KBytes  5.81 Mbits/sec  1.276 ms  642/1247 (51%)  
[  5] 363.00-364.00 sec   689 KBytes  5.64 Mbits/sec  1.082 ms  734/1322 (56%)  
[  5] 364.00-365.00 sec   697 KBytes  5.71 Mbits/sec  1.191 ms  801/1396 (57%)  
[  5] 365.00-366.00 sec   709 KBytes  5.81 Mbits/sec  1.173 ms  1373/1978 (69%)  
[  5] 366.00-367.00 sec   720 KBytes  5.90 Mbits/sec  1.175 ms  724/1338 (54%)  
[  5] 367.00-368.00 sec   708 KBytes  5.80 Mbits/sec  1.130 ms  689/1293 (53%)  
[  5] 368.00-369.00 sec   669 KBytes  5.48 Mbits/sec  1.204 ms  779/1350 (58%)  
[  5] 369.00-370.00 sec   709 KBytes  5.81 Mbits/sec  1.173 ms  690/1295 (53%)  
[  5] 370.00-371.00 sec   620 KBytes  5.08 Mbits/sec  1.090 ms  561/1090 (51%)  
[  5] 371.00-372.00 sec   709 KBytes  5.80 Mbits/sec  1.091 ms  647/1252 (52%)  
[  5] 372.00-373.00 sec   688 KBytes  5.64 Mbits/sec  1.119 ms  641/1228 (52%)  
[  5] 373.00-374.00 sec   709 KBytes  5.81 Mbits/sec  1.366 ms  674/1279 (53%)  
[  5] 374.00-375.00 sec   809 KBytes  6.62 Mbits/sec  1.146 ms  762/1452 (52%)  
[  5] 375.00-376.00 sec   709 KBytes  5.81 Mbits/sec  1.196 ms  666/1271 (52%)  
[  5] 376.00-377.00 sec   705 KBytes  5.78 Mbits/sec  1.147 ms  690/1292 (53%)  
[  5] 377.00-378.00 sec   710 KBytes  5.81 Mbits/sec  1.102 ms  677/1283 (53%)  
[  5] 378.00-379.00 sec   687 KBytes  5.63 Mbits/sec  1.145 ms  618/1204 (51%)  
[  5] 379.00-380.00 sec   708 KBytes  5.80 Mbits/sec  1.170 ms  635/1239 (51%)  
[  5] 380.00-381.00 sec   709 KBytes  5.81 Mbits/sec  1.178 ms  654/1259 (52%)  
[  5] 381.00-382.00 sec   619 KBytes  5.07 Mbits/sec  1.160 ms  554/1082 (51%)  
[  5] 382.00-383.00 sec   679 KBytes  5.56 Mbits/sec  0.998 ms  648/1227 (53%)  
[  5] 383.00-384.00 sec   708 KBytes  5.80 Mbits/sec  1.227 ms  658/1262 (52%)  
[  5] 384.00-385.00 sec   720 KBytes  5.89 Mbits/sec  1.077 ms  713/1327 (54%)  
[  5] 385.00-386.00 sec   708 KBytes  5.80 Mbits/sec  1.109 ms  655/1259 (52%)  
[  5] 386.00-387.00 sec   709 KBytes  5.81 Mbits/sec  1.207 ms  637/1242 (51%)  
[  5] 387.00-388.00 sec   589 KBytes  4.83 Mbits/sec  1.250 ms  519/1022 (51%)  
[  5] 388.00-389.00 sec   720 KBytes  5.89 Mbits/sec  1.126 ms  606/1220 (50%)  
[  5] 389.00-390.00 sec   618 KBytes  5.06 Mbits/sec  1.132 ms  558/1085 (51%)  
[  5] 390.00-391.00 sec   709 KBytes  5.81 Mbits/sec  1.058 ms  667/1272 (52%)  
[  5] 391.00-392.00 sec   690 KBytes  5.65 Mbits/sec  1.021 ms  588/1177 (50%)  
[  5] 392.00-393.00 sec   709 KBytes  5.81 Mbits/sec  1.210 ms  641/1246 (51%)  
[  5] 393.00-394.00 sec   709 KBytes  5.81 Mbits/sec  1.150 ms  658/1263 (52%)  
[  5] 394.00-395.00 sec   628 KBytes  5.15 Mbits/sec  1.202 ms  613/1149 (53%)  
[  5] 395.00-396.00 sec   679 KBytes  5.56 Mbits/sec  1.171 ms  661/1240 (53%)  
[  5] 396.00-397.00 sec   709 KBytes  5.81 Mbits/sec  1.145 ms  745/1350 (55%)  
[  5] 397.00-398.00 sec   616 KBytes  5.05 Mbits/sec  1.164 ms  562/1088 (52%)  
[  5] 398.00-399.00 sec   718 KBytes  5.88 Mbits/sec  1.189 ms  677/1290 (52%)  
[  5] 399.00-400.00 sec   679 KBytes  5.56 Mbits/sec  1.181 ms  654/1233 (53%)  
[  5] 400.00-401.00 sec   720 KBytes  5.89 Mbits/sec  1.134 ms  675/1289 (52%)  
[  5] 401.00-402.00 sec   619 KBytes  5.07 Mbits/sec  1.252 ms  612/1140 (54%)  
[  5] 402.00-403.00 sec   709 KBytes  5.81 Mbits/sec  1.235 ms  707/1312 (54%)  
[  5] 403.00-404.00 sec   718 KBytes  5.88 Mbits/sec  1.134 ms  739/1352 (55%)  
[  5] 404.00-405.00 sec   679 KBytes  5.56 Mbits/sec  1.203 ms  669/1248 (54%)  
[  5] 405.00-406.00 sec   620 KBytes  5.07 Mbits/sec  1.168 ms  614/1143 (54%)  
[  5] 406.00-407.00 sec   709 KBytes  5.81 Mbits/sec  1.188 ms  672/1277 (53%)  
[  5] 407.00-408.00 sec   689 KBytes  5.65 Mbits/sec  1.029 ms  641/1229 (52%)  
