Connecting to host 172.22.0.50, port 5202
Reverse mode, remote host 172.22.0.50 is sending
[  5] local 192.168.102.2 port 33121 connected to 172.22.0.50 port 5202
[ ID] Interval           Transfer     Bitrate         Jitter    Lost/Total Datagrams
[  5]   0.00-1.00   sec   440 KBytes  3.61 Mbits/sec  0.291 ms  0/4509 (0%)  
[  5]   1.00-2.00   sec   439 KBytes  3.60 Mbits/sec  0.291 ms  0/4500 (0%)  
[  5]   2.00-3.00   sec   438 KBytes  3.59 Mbits/sec  0.324 ms  0/4488 (0%)  
[  5]   3.00-4.00   sec   438 KBytes  3.58 Mbits/sec  0.377 ms  0/4481 (0%)  
[  5]   4.00-5.00   sec   441 KBytes  3.61 Mbits/sec  0.279 ms  0/4517 (0%)  
[  5]   5.00-6.00   sec   438 KBytes  3.59 Mbits/sec  0.455 ms  0/4490 (0%)  
[  5]   6.00-7.00   sec   438 KBytes  3.59 Mbits/sec  0.330 ms  0/4484 (0%)  
[  5]   7.00-8.00   sec   442 KBytes  3.62 Mbits/sec  0.240 ms  0/4524 (0%)  
[  5]   8.00-9.00   sec   438 KBytes  3.59 Mbits/sec  0.427 ms  0/4482 (0%)  
[  5]   9.00-10.00  sec   441 KBytes  3.61 Mbits/sec  0.430 ms  0/4516 (0%)  
[  5]  10.00-11.00  sec   438 KBytes  3.59 Mbits/sec  0.303 ms  0/4489 (0%)  
[  5]  11.00-12.00  sec   441 KBytes  3.62 Mbits/sec  0.257 ms  0/4519 (0%)  
[  5]  12.00-13.00  sec   367 KBytes  3.01 Mbits/sec  0.325 ms  0/3760 (0%)  
[  5]  13.00-14.00  sec   362 KBytes  2.97 Mbits/sec  0.299 ms  0/3708 (0%)  
[  5]  14.00-15.00  sec   363 KBytes  2.98 Mbits/sec  0.364 ms  0/3721 (0%)  
[  5]  15.00-16.00  sec   362 KBytes  2.97 Mbits/sec  0.354 ms  0/3708 (0%)  
[  5]  16.00-17.00  sec   369 KBytes  3.02 Mbits/sec  0.319 ms  0/3781 (0%)  
[  5]  17.00-18.00  sec   365 KBytes  2.98 Mbits/sec  0.364 ms  0/3733 (0%)  
[  5]  18.00-19.00  sec   361 KBytes  2.96 Mbits/sec  0.307 ms  0/3694 (0%)  
[  5]  19.00-20.00  sec   367 KBytes  3.00 Mbits/sec  0.318 ms  0/3754 (0%)  
[  5]  20.00-21.00  sec   362 KBytes  2.97 Mbits/sec  0.360 ms  0/3708 (0%)  
[  5]  21.00-22.00  sec   366 KBytes  3.00 Mbits/sec  0.306 ms  0/3744 (0%)  
[  5]  22.00-23.00  sec   360 KBytes  2.95 Mbits/sec  0.343 ms  0/3685 (0%)  
[  5]  23.00-24.00  sec   360 KBytes  2.95 Mbits/sec  0.426 ms  0/3687 (0%)  
[  5]  24.00-25.00  sec   366 KBytes  3.00 Mbits/sec  0.384 ms  0/3744 (0%)  
[  5]  25.00-26.00  sec   371 KBytes  3.04 Mbits/sec  0.367 ms  0/3795 (0%)  
[  5]  26.00-27.00  sec   369 KBytes  3.02 Mbits/sec  0.293 ms  0/3777 (0%)  
[  5]  27.00-28.00  sec   365 KBytes  2.99 Mbits/sec  0.325 ms  0/3740 (0%)  
[  5]  28.00-29.00  sec   368 KBytes  3.02 Mbits/sec  0.504 ms  0/3772 (0%)  
[  5]  29.00-30.00  sec   369 KBytes  3.02 Mbits/sec  0.356 ms  0/3777 (0%)  
[  5]  30.00-31.00  sec   355 KBytes  2.91 Mbits/sec  0.303 ms  0/3640 (0%)  
[  5]  31.00-32.00  sec   368 KBytes  3.01 Mbits/sec  0.344 ms  0/3767 (0%)  
[  5]  32.00-33.00  sec   360 KBytes  2.95 Mbits/sec  0.362 ms  0/3685 (0%)  
[  5]  33.00-34.00  sec   359 KBytes  2.94 Mbits/sec  0.425 ms  0/3681 (0%)  
[  5]  34.00-35.00  sec   359 KBytes  2.94 Mbits/sec  0.348 ms  0/3672 (0%)  
[  5]  35.00-36.00  sec   361 KBytes  2.96 Mbits/sec  0.404 ms  0/3700 (0%)  
[  5]  36.00-37.00  sec   368 KBytes  3.01 Mbits/sec  0.321 ms  0/3767 (0%)  
[  5]  37.00-38.00  sec   367 KBytes  3.01 Mbits/sec  0.383 ms  0/3762 (0%)  
[  5]  38.00-39.00  sec   350 KBytes  2.87 Mbits/sec  0.374 ms  0/3587 (0%)  
[  5]  39.00-40.00  sec   358 KBytes  2.93 Mbits/sec  0.354 ms  0/3665 (0%)  
[  5]  40.00-41.00  sec   363 KBytes  2.97 Mbits/sec  0.432 ms  0/3714 (0%)  
[  5]  41.00-42.00  sec   362 KBytes  2.97 Mbits/sec  0.350 ms  0/3707 (0%)  
[  5]  42.00-43.00  sec   364 KBytes  2.98 Mbits/sec  0.334 ms  0/3731 (0%)  
[  5]  43.00-44.00  sec   369 KBytes  3.02 Mbits/sec  0.310 ms  0/3781 (0%)  
[  5]  44.00-45.00  sec   368 KBytes  3.01 Mbits/sec  0.310 ms  0/3764 (0%)  
[  5]  45.00-46.00  sec   369 KBytes  3.02 Mbits/sec  0.426 ms  0/3777 (0%)  
[  5]  46.00-47.00  sec   362 KBytes  2.97 Mbits/sec  0.391 ms  0/3707 (0%)  
[  5]  47.00-48.00  sec   356 KBytes  2.91 Mbits/sec  0.353 ms  0/3641 (0%)  
[  5]  48.00-49.00  sec   362 KBytes  2.96 Mbits/sec  0.419 ms  0/3703 (0%)  
[  5]  49.00-50.00  sec   368 KBytes  3.01 Mbits/sec  0.376 ms  0/3767 (0%)  
[  5]  50.00-51.00  sec   366 KBytes  3.00 Mbits/sec  0.391 ms  0/3745 (0%)  
[  5]  51.00-52.00  sec   369 KBytes  3.02 Mbits/sec  0.440 ms  0/3781 (0%)  
[  5]  52.00-53.00  sec   372 KBytes  3.05 Mbits/sec  0.338 ms  0/3809 (0%)  
[  5]  53.00-54.00  sec   369 KBytes  3.02 Mbits/sec  0.317 ms  0/3777 (0%)  
[  5]  54.00-55.00  sec   366 KBytes  3.00 Mbits/sec  0.396 ms  0/3746 (0%)  
[  5]  55.00-56.00  sec   361 KBytes  2.95 Mbits/sec  0.439 ms  0/3695 (0%)  
[  5]  56.00-57.00  sec   360 KBytes  2.95 Mbits/sec  0.320 ms  0/3688 (0%)  
[  5]  57.00-58.00  sec   361 KBytes  2.96 Mbits/sec  0.310 ms  0/3695 (0%)  
[  5]  58.00-59.00  sec   366 KBytes  3.00 Mbits/sec  0.352 ms  0/3746 (0%)  
[  5]  59.00-60.00  sec   372 KBytes  3.05 Mbits/sec  0.321 ms  0/3808 (0%)  
[  5]  60.00-61.00  sec   370 KBytes  3.03 Mbits/sec  0.390 ms  0/3791 (0%)  
[  5]  61.00-62.00  sec   375 KBytes  3.07 Mbits/sec  0.361 ms  0/3840 (0%)  
[  5]  62.00-63.00  sec   366 KBytes  2.99 Mbits/sec  0.377 ms  0/3744 (0%)  
[  5]  63.00-64.00  sec   356 KBytes  2.91 Mbits/sec  0.358 ms  0/3641 (0%)  
[  5]  64.00-65.00  sec   357 KBytes  2.92 Mbits/sec  0.383 ms  0/3654 (0%)  
[  5]  65.00-66.00  sec   355 KBytes  2.91 Mbits/sec  0.379 ms  0/3638 (0%)  
[  5]  66.00-67.00  sec   357 KBytes  2.92 Mbits/sec  0.407 ms  0/3654 (0%)  
[  5]  67.00-68.00  sec   359 KBytes  2.94 Mbits/sec  0.249 ms  0/3681 (0%)  
[  5]  68.00-69.00  sec   359 KBytes  2.94 Mbits/sec  0.418 ms  0/3676 (0%)  
[  5]  69.00-70.00  sec   358 KBytes  2.93 Mbits/sec  0.347 ms  0/3663 (0%)  
[  5]  70.00-71.00  sec   350 KBytes  2.87 Mbits/sec  0.359 ms  0/3583 (0%)  
[  5]  71.00-72.00  sec   345 KBytes  2.82 Mbits/sec  0.317 ms  0/3530 (0%)  
[  5]  72.00-73.00  sec   350 KBytes  2.88 Mbits/sec  0.290 ms  0/3589 (0%)  
[  5]  73.00-74.00  sec   360 KBytes  2.95 Mbits/sec  0.339 ms  0/3691 (0%)  
[  5]  74.00-75.00  sec   371 KBytes  3.04 Mbits/sec  0.397 ms  0/3794 (0%)  
[  5]  75.00-76.00  sec   369 KBytes  3.03 Mbits/sec  0.360 ms  0/3783 (0%)  
[  5]  76.00-77.00  sec   367 KBytes  3.01 Mbits/sec  0.368 ms  0/3762 (0%)  
[  5]  77.00-78.00  sec   364 KBytes  2.99 Mbits/sec  0.348 ms  0/3731 (0%)  
[  5]  78.00-79.00  sec   370 KBytes  3.03 Mbits/sec  0.367 ms  0/3792 (0%)  
[  5]  79.00-80.00  sec   368 KBytes  3.01 Mbits/sec  0.329 ms  0/3766 (0%)  
[  5]  80.00-81.00  sec   367 KBytes  3.00 Mbits/sec  0.342 ms  0/3754 (0%)  
[  5]  81.00-82.00  sec   370 KBytes  3.03 Mbits/sec  0.359 ms  0/3790 (0%)  
[  5]  82.00-83.00  sec   373 KBytes  3.06 Mbits/sec  0.332 ms  0/3823 (0%)  
[  5]  83.00-84.00  sec   373 KBytes  3.06 Mbits/sec  0.333 ms  0/3818 (0%)  
[  5]  84.00-85.00  sec   369 KBytes  3.02 Mbits/sec  0.419 ms  0/3777 (0%)  
[  5]  85.00-86.00  sec   359 KBytes  2.94 Mbits/sec  0.379 ms  0/3673 (0%)  
[  5]  86.00-87.00  sec   359 KBytes  2.94 Mbits/sec  0.340 ms  0/3681 (0%)  
[  5]  87.00-88.00  sec   358 KBytes  2.94 Mbits/sec  0.412 ms  0/3671 (0%)  
[  5]  88.00-89.00  sec   353 KBytes  2.89 Mbits/sec  0.336 ms  0/3616 (0%)  
[  5]  89.00-90.00  sec   366 KBytes  2.99 Mbits/sec  0.318 ms  0/3744 (0%)  
[  5]  90.00-91.00  sec   367 KBytes  3.01 Mbits/sec  0.383 ms  0/3762 (0%)  
[  5]  91.00-92.00  sec   371 KBytes  3.04 Mbits/sec  0.354 ms  0/3806 (0%)  
[  5]  92.00-93.00  sec   370 KBytes  3.03 Mbits/sec  0.331 ms  0/3786 (0%)  
[  5]  93.00-94.00  sec   369 KBytes  3.03 Mbits/sec  0.423 ms  0/3781 (0%)  
[  5]  94.00-95.00  sec   369 KBytes  3.02 Mbits/sec  0.389 ms  0/3779 (0%)  
[  5]  95.00-96.00  sec   357 KBytes  2.93 Mbits/sec  0.324 ms  0/3660 (0%)  
[  5]  96.00-97.00  sec   363 KBytes  2.97 Mbits/sec  0.368 ms  0/3718 (0%)  
[  5]  97.00-98.00  sec   367 KBytes  3.01 Mbits/sec  0.361 ms  0/3763 (0%)  
[  5]  98.00-99.00  sec   361 KBytes  2.96 Mbits/sec  0.325 ms  0/3700 (0%)  
[  5]  99.00-100.00 sec   357 KBytes  2.92 Mbits/sec  0.348 ms  0/3652 (0%)  
[  5] 100.00-101.00 sec   365 KBytes  2.99 Mbits/sec  0.386 ms  0/3733 (0%)  
[  5] 101.00-102.00 sec   363 KBytes  2.97 Mbits/sec  0.398 ms  0/3716 (0%)  
[  5] 102.00-103.00 sec   361 KBytes  2.96 Mbits/sec  0.374 ms  0/3700 (0%)  
[  5] 103.00-104.00 sec   355 KBytes  2.91 Mbits/sec  0.335 ms  0/3638 (0%)  
[  5] 104.00-105.00 sec   355 KBytes  2.91 Mbits/sec  0.381 ms  0/3635 (0%)  
[  5] 105.00-106.00 sec   360 KBytes  2.95 Mbits/sec  0.371 ms  0/3691 (0%)  
[  5] 106.00-107.00 sec   368 KBytes  3.02 Mbits/sec  0.368 ms  0/3771 (0%)  
[  5] 107.00-108.00 sec   367 KBytes  3.00 Mbits/sec  0.331 ms  0/3758 (0%)  
[  5] 108.00-109.00 sec   364 KBytes  2.98 Mbits/sec  0.358 ms  0/3727 (0%)  
[  5] 109.00-110.00 sec   369 KBytes  3.02 Mbits/sec  0.373 ms  0/3781 (0%)  
[  5] 110.00-111.00 sec   367 KBytes  3.00 Mbits/sec  0.345 ms  0/3754 (0%)  
[  5] 111.00-112.00 sec   362 KBytes  2.97 Mbits/sec  0.420 ms  0/3710 (0%)  
[  5] 112.00-113.00 sec   359 KBytes  2.94 Mbits/sec  0.368 ms  0/3675 (0%)  
[  5] 113.00-114.00 sec   352 KBytes  2.88 Mbits/sec  0.418 ms  0/3604 (0%)  
[  5] 114.00-115.00 sec   361 KBytes  2.96 Mbits/sec  0.339 ms  0/3694 (0%)  
[  5] 115.00-116.00 sec   358 KBytes  2.94 Mbits/sec  0.338 ms  0/3671 (0%)  
[  5] 116.00-117.00 sec   355 KBytes  2.91 Mbits/sec  0.392 ms  0/3635 (0%)  
[  5] 117.00-118.00 sec   367 KBytes  3.01 Mbits/sec  0.419 ms  0/3758 (0%)  
[  5] 118.00-119.00 sec   367 KBytes  3.01 Mbits/sec  0.360 ms  0/3758 (0%)  
[  5] 119.00-120.00 sec   361 KBytes  2.95 Mbits/sec  0.459 ms  0/3692 (0%)  
[  5] 120.00-121.00 sec   356 KBytes  2.92 Mbits/sec  0.303 ms  0/3643 (0%)  
[  5] 121.00-122.00 sec   356 KBytes  2.92 Mbits/sec  0.376 ms  0/3648 (0%)  
[  5] 122.00-123.00 sec   365 KBytes  2.99 Mbits/sec  0.450 ms  0/3737 (0%)  
[  5] 123.00-124.00 sec   367 KBytes  3.00 Mbits/sec  0.337 ms  0/3753 (0%)  
[  5] 124.00-125.00 sec   365 KBytes  2.99 Mbits/sec  0.308 ms  0/3741 (0%)  
[  5] 125.00-126.00 sec   370 KBytes  3.03 Mbits/sec  0.390 ms  0/3785 (0%)  
[  5] 126.00-127.00 sec   370 KBytes  3.03 Mbits/sec  0.342 ms  0/3792 (0%)  
[  5] 127.00-128.00 sec   366 KBytes  2.99 Mbits/sec  0.386 ms  0/3743 (0%)  
[  5] 128.00-129.00 sec   350 KBytes  2.87 Mbits/sec  0.356 ms  0/3586 (0%)  
[  5] 129.00-130.00 sec   348 KBytes  2.85 Mbits/sec  0.378 ms  0/3566 (0%)  
[  5] 130.00-131.00 sec   307 KBytes  2.52 Mbits/sec  0.242 ms  12/3158 (0.38%)  
[  5] 131.00-132.00 sec   295 KBytes  2.41 Mbits/sec  0.221 ms  634/3652 (17%)  
[  5] 132.00-133.00 sec   362 KBytes  2.97 Mbits/sec  0.206 ms  1060/4768 (22%)  
[  5] 133.00-134.00 sec   338 KBytes  2.77 Mbits/sec  0.202 ms  1198/4658 (26%)  
[  5] 134.00-135.00 sec   333 KBytes  2.73 Mbits/sec  0.236 ms  1213/4620 (26%)  
[  5] 135.00-136.00 sec   349 KBytes  2.86 Mbits/sec  0.218 ms  941/4518 (21%)  
[  5] 136.00-137.00 sec   367 KBytes  3.00 Mbits/sec  0.214 ms  918/4672 (20%)  
[  5] 137.00-138.00 sec   362 KBytes  2.97 Mbits/sec  0.218 ms  854/4562 (19%)  
[  5] 138.00-139.00 sec   379 KBytes  3.10 Mbits/sec  0.207 ms  774/4653 (17%)  
[  5] 139.00-140.00 sec   353 KBytes  2.89 Mbits/sec  0.222 ms  734/4351 (17%)  
[  5] 140.00-141.00 sec   330 KBytes  2.71 Mbits/sec  0.228 ms  1241/4625 (27%)  
[  5] 141.00-142.00 sec   346 KBytes  2.84 Mbits/sec  0.214 ms  1039/4585 (23%)  
[  5] 142.00-143.00 sec   357 KBytes  2.93 Mbits/sec  0.200 ms  1043/4700 (22%)  
[  5] 143.00-144.00 sec   323 KBytes  2.65 Mbits/sec  0.211 ms  1137/4445 (26%)  
[  5] 144.00-145.00 sec   315 KBytes  2.58 Mbits/sec  0.231 ms  759/3988 (19%)  
[  5] 145.00-146.00 sec   315 KBytes  2.59 Mbits/sec  0.216 ms  1219/4448 (27%)  
[  5] 146.00-147.00 sec   336 KBytes  2.75 Mbits/sec  0.250 ms  798/4241 (19%)  
[  5] 147.00-148.00 sec   372 KBytes  3.05 Mbits/sec  0.218 ms  868/4673 (19%)  
[  5] 148.00-149.00 sec   333 KBytes  2.73 Mbits/sec  0.219 ms  1093/4503 (24%)  
[  5] 149.00-150.00 sec   362 KBytes  2.97 Mbits/sec  0.205 ms  940/4648 (20%)  
[  5] 150.00-151.00 sec   352 KBytes  2.88 Mbits/sec  0.225 ms  1197/4797 (25%)  
[  5] 151.00-152.00 sec   369 KBytes  3.03 Mbits/sec  0.210 ms  942/4722 (20%)  
[  5] 152.00-153.00 sec   355 KBytes  2.90 Mbits/sec  0.217 ms  933/4565 (20%)  
[  5] 153.00-154.00 sec   353 KBytes  2.89 Mbits/sec  0.215 ms  1027/4641 (22%)  
[  5] 154.00-155.00 sec   355 KBytes  2.90 Mbits/sec  0.210 ms  802/4433 (18%)  
[  5] 155.00-156.00 sec   339 KBytes  2.78 Mbits/sec  0.215 ms  934/4402 (21%)  
[  5] 156.00-157.00 sec   371 KBytes  3.04 Mbits/sec  0.213 ms  816/4620 (18%)  
[  5] 157.00-158.00 sec   344 KBytes  2.82 Mbits/sec  0.206 ms  958/4478 (21%)  
[  5] 158.00-159.00 sec   318 KBytes  2.61 Mbits/sec  0.206 ms  829/4086 (20%)  
[  5] 159.00-160.00 sec   362 KBytes  2.97 Mbits/sec  0.206 ms  733/4441 (17%)  
[  5] 160.00-161.00 sec   353 KBytes  2.89 Mbits/sec  0.206 ms  974/4592 (21%)  
[  5] 161.00-162.00 sec   371 KBytes  3.04 Mbits/sec  0.213 ms  690/4489 (15%)  
[  5] 162.00-163.00 sec   329 KBytes  2.69 Mbits/sec  0.218 ms  974/4338 (22%)  
[  5] 163.00-164.00 sec   371 KBytes  3.04 Mbits/sec  0.275 ms  847/4647 (18%)  
[  5] 164.00-165.00 sec   362 KBytes  2.96 Mbits/sec  0.217 ms  927/4635 (20%)  
[  5] 165.00-166.00 sec   310 KBytes  2.54 Mbits/sec  0.199 ms  1532/4707 (33%)  
[  5] 166.00-167.00 sec   336 KBytes  2.75 Mbits/sec  0.205 ms  1120/4563 (25%)  
[  5] 167.00-168.00 sec   355 KBytes  2.91 Mbits/sec  0.220 ms  943/4578 (21%)  
[  5] 168.00-169.00 sec   306 KBytes  2.51 Mbits/sec  0.215 ms  733/3869 (19%)  
[  5] 169.00-170.00 sec   355 KBytes  2.91 Mbits/sec  0.218 ms  851/4488 (19%)  
[  5] 170.00-171.00 sec   333 KBytes  2.73 Mbits/sec  0.216 ms  1212/4619 (26%)  
[  5] 171.00-172.00 sec   346 KBytes  2.84 Mbits/sec  0.279 ms  899/4444 (20%)  
[  5] 172.00-173.00 sec   355 KBytes  2.91 Mbits/sec  0.214 ms  932/4563 (20%)  
[  5] 173.00-174.00 sec   362 KBytes  2.97 Mbits/sec  0.207 ms  835/4543 (18%)  
[  5] 174.00-175.00 sec   354 KBytes  2.90 Mbits/sec  0.206 ms  985/4614 (21%)  
[  5] 175.00-176.00 sec   362 KBytes  2.97 Mbits/sec  0.220 ms  735/4443 (17%)  
[  5] 176.00-177.00 sec   371 KBytes  3.04 Mbits/sec  0.214 ms  806/4606 (17%)  
[  5] 177.00-178.00 sec   311 KBytes  2.55 Mbits/sec  0.216 ms  724/3911 (19%)  
[  5] 178.00-179.00 sec   371 KBytes  3.04 Mbits/sec  0.216 ms  871/4671 (19%)  
[  5] 179.00-180.00 sec   326 KBytes  2.67 Mbits/sec  0.207 ms  1180/4522 (26%)  
[  5] 180.00-181.00 sec   367 KBytes  3.01 Mbits/sec  0.219 ms  894/4657 (19%)  
[  5] 181.00-182.00 sec   362 KBytes  2.97 Mbits/sec  0.205 ms  905/4613 (20%)  
[  5] 182.00-183.00 sec   361 KBytes  2.96 Mbits/sec  0.215 ms  934/4629 (20%)  
[  5] 183.00-184.00 sec   371 KBytes  3.04 Mbits/sec  0.220 ms  802/4602 (17%)  
[  5] 184.00-185.00 sec   339 KBytes  2.77 Mbits/sec  0.217 ms  994/4461 (22%)  
[  5] 185.00-186.00 sec   357 KBytes  2.93 Mbits/sec  0.213 ms  889/4546 (20%)  
[  5] 186.00-187.00 sec   317 KBytes  2.60 Mbits/sec  0.219 ms  674/3919 (17%)  
[  5] 187.00-188.00 sec   371 KBytes  3.04 Mbits/sec  0.218 ms  732/4532 (16%)  
[  5] 188.00-189.00 sec   312 KBytes  2.56 Mbits/sec  0.211 ms  705/3905 (18%)  
[  5] 189.00-190.00 sec   352 KBytes  2.88 Mbits/sec  0.217 ms  1095/4701 (23%)  
[  5] 190.00-191.00 sec   362 KBytes  2.97 Mbits/sec  0.211 ms  818/4526 (18%)  
[  5] 191.00-192.00 sec   366 KBytes  3.00 Mbits/sec  0.234 ms  835/4583 (18%)  
[  5] 192.00-193.00 sec   306 KBytes  2.51 Mbits/sec  3.139 ms  792/3929 (20%)  
[  5] 193.00-194.00 sec   351 KBytes  2.87 Mbits/sec  0.213 ms  953/4547 (21%)  
[  5] 194.00-195.00 sec   355 KBytes  2.91 Mbits/sec  0.214 ms  993/4631 (21%)  
[  5] 195.00-196.00 sec   362 KBytes  2.97 Mbits/sec  0.229 ms  767/4475 (17%)  
[  5] 196.00-197.00 sec   342 KBytes  2.80 Mbits/sec  0.219 ms  1077/4580 (24%)  
[  5] 197.00-198.00 sec   286 KBytes  2.34 Mbits/sec  0.223 ms  1060/3991 (27%)  
[  5] 198.00-199.00 sec   356 KBytes  2.92 Mbits/sec  0.235 ms  1118/4765 (23%)  
[  5] 199.00-200.00 sec   362 KBytes  2.97 Mbits/sec  0.262 ms  866/4575 (19%)  
[  5] 200.00-201.00 sec   349 KBytes  2.86 Mbits/sec  0.208 ms  978/4549 (21%)  
[  5] 201.00-202.00 sec   317 KBytes  2.60 Mbits/sec  0.223 ms  650/3896 (17%)  
[  5] 202.00-203.00 sec   350 KBytes  2.87 Mbits/sec  0.218 ms  925/4505 (21%)  
[  5] 203.00-204.00 sec   361 KBytes  2.96 Mbits/sec  0.201 ms  859/4559 (19%)  
[  5] 204.00-205.00 sec   362 KBytes  2.97 Mbits/sec  0.211 ms  694/4402 (16%)  
[  5] 205.00-206.00 sec   370 KBytes  3.03 Mbits/sec  0.219 ms  696/4480 (16%)  
[  5] 206.00-207.00 sec   333 KBytes  2.73 Mbits/sec  0.223 ms  914/4329 (21%)  
[  5] 207.00-208.00 sec   346 KBytes  2.84 Mbits/sec  0.198 ms  1019/4565 (22%)  
[  5] 208.00-209.00 sec   356 KBytes  2.91 Mbits/sec  0.223 ms  1163/4804 (24%)  
[  5] 209.00-210.00 sec   362 KBytes  2.97 Mbits/sec  0.210 ms  984/4693 (21%)  
[  5] 210.00-211.00 sec   358 KBytes  2.93 Mbits/sec  0.230 ms  980/4648 (21%)  
[  5] 211.00-212.00 sec   362 KBytes  2.96 Mbits/sec  0.223 ms  884/4592 (19%)  
[  5] 212.00-213.00 sec   371 KBytes  3.05 Mbits/sec  0.219 ms  870/4674 (19%)  
[  5] 213.00-214.00 sec   362 KBytes  2.97 Mbits/sec  0.214 ms  840/4548 (18%)  
[  5] 214.00-215.00 sec   371 KBytes  3.04 Mbits/sec  0.216 ms  948/4746 (20%)  
[  5] 215.00-216.00 sec   351 KBytes  2.87 Mbits/sec  0.219 ms  976/4570 (21%)  
[  5] 216.00-217.00 sec   371 KBytes  3.04 Mbits/sec  0.213 ms  909/4709 (19%)  
[  5] 217.00-218.00 sec   311 KBytes  2.55 Mbits/sec  0.212 ms  798/3978 (20%)  
[  5] 218.00-219.00 sec   357 KBytes  2.93 Mbits/sec  0.216 ms  886/4546 (19%)  
[  5] 219.00-220.00 sec   316 KBytes  2.59 Mbits/sec  0.204 ms  883/4122 (21%)  
[  5] 220.00-221.00 sec   362 KBytes  2.97 Mbits/sec  0.219 ms  807/4516 (18%)  
[  5] 221.00-222.00 sec   355 KBytes  2.91 Mbits/sec  0.244 ms  1004/4641 (22%)  
[  5] 222.00-223.00 sec   356 KBytes  2.92 Mbits/sec  0.217 ms  1150/4796 (24%)  
[  5] 223.00-224.00 sec   367 KBytes  3.01 Mbits/sec  0.415 ms  989/4750 (21%)  
[  5] 224.00-225.00 sec   362 KBytes  2.97 Mbits/sec  0.216 ms  786/4495 (17%)  
[  5] 225.00-226.00 sec   371 KBytes  3.04 Mbits/sec  0.217 ms  824/4628 (18%)  
[  5] 226.00-227.00 sec   360 KBytes  2.95 Mbits/sec  0.212 ms  822/4512 (18%)  
[  5] 227.00-228.00 sec   359 KBytes  2.94 Mbits/sec  0.232 ms  854/4531 (19%)  
[  5] 228.00-229.00 sec   359 KBytes  2.94 Mbits/sec  0.211 ms  931/4608 (20%)  
[  5] 229.00-230.00 sec   350 KBytes  2.87 Mbits/sec  0.215 ms  892/4481 (20%)  
[  5] 230.00-231.00 sec   326 KBytes  2.67 Mbits/sec  0.212 ms  752/4089 (18%)  
[  5] 231.00-232.00 sec   358 KBytes  2.93 Mbits/sec  0.216 ms  856/4521 (19%)  
[  5] 232.00-233.00 sec   369 KBytes  3.03 Mbits/sec  0.179 ms  766/4548 (17%)  
[  5] 233.00-234.00 sec   362 KBytes  2.97 Mbits/sec  0.216 ms  782/4491 (17%)  
[  5] 234.00-235.00 sec   299 KBytes  2.45 Mbits/sec  0.222 ms  1093/4151 (26%)  
[  5] 235.00-236.00 sec   323 KBytes  2.65 Mbits/sec  0.204 ms  1009/4316 (23%)  
[  5] 236.00-237.00 sec   362 KBytes  2.97 Mbits/sec  0.213 ms  827/4535 (18%)  
[  5] 237.00-238.00 sec   360 KBytes  2.95 Mbits/sec  0.219 ms  923/4614 (20%)  
[  5] 238.00-239.00 sec   354 KBytes  2.90 Mbits/sec  0.214 ms  1186/4814 (25%)  
[  5] 239.00-240.00 sec   329 KBytes  2.70 Mbits/sec  0.212 ms  1416/4789 (30%)  
[  5] 240.00-241.00 sec   362 KBytes  2.96 Mbits/sec  0.218 ms  1118/4821 (23%)  
[  5] 241.00-242.00 sec   362 KBytes  2.96 Mbits/sec  0.214 ms  832/4540 (18%)  
[  5] 242.00-243.00 sec   332 KBytes  2.72 Mbits/sec  0.524 ms  1051/4448 (24%)  
[  5] 243.00-244.00 sec   359 KBytes  2.95 Mbits/sec  0.223 ms  849/4524 (19%)  
[  5] 244.00-245.00 sec   364 KBytes  2.98 Mbits/sec  0.215 ms  786/4512 (17%)  
[  5] 245.00-246.00 sec   362 KBytes  2.97 Mbits/sec  0.215 ms  766/4474 (17%)  
[  5] 246.00-247.00 sec   369 KBytes  3.02 Mbits/sec  0.231 ms  806/4586 (18%)  
[  5] 247.00-248.00 sec   297 KBytes  2.43 Mbits/sec  0.217 ms  906/3944 (23%)  
[  5] 248.00-249.00 sec   358 KBytes  2.93 Mbits/sec  0.249 ms  898/4563 (20%)  
[  5] 249.00-250.00 sec   371 KBytes  3.04 Mbits/sec  0.219 ms  768/4568 (17%)  
[  5] 250.00-251.00 sec   355 KBytes  2.91 Mbits/sec  0.219 ms  840/4480 (19%)  
[  5] 251.00-252.00 sec   312 KBytes  2.55 Mbits/sec  0.201 ms  903/4093 (22%)  
[  5] 252.00-253.00 sec   362 KBytes  2.97 Mbits/sec  0.213 ms  824/4532 (18%)  
[  5] 253.00-254.00 sec   365 KBytes  2.99 Mbits/sec  0.258 ms  900/4635 (19%)  
[  5] 254.00-255.00 sec   355 KBytes  2.91 Mbits/sec  0.217 ms  939/4574 (21%)  
[  5] 255.00-256.00 sec   354 KBytes  2.90 Mbits/sec  0.195 ms  992/4613 (22%)  
[  5] 256.00-257.00 sec   371 KBytes  3.04 Mbits/sec  0.221 ms  907/4707 (19%)  
[  5] 257.00-258.00 sec   310 KBytes  2.54 Mbits/sec  0.220 ms  711/3884 (18%)  
[  5] 258.00-259.00 sec   357 KBytes  2.92 Mbits/sec  0.184 ms  805/4461 (18%)  
[  5] 259.00-260.00 sec   368 KBytes  3.02 Mbits/sec  0.215 ms  811/4576 (18%)  
[  5] 260.00-261.00 sec   317 KBytes  2.60 Mbits/sec  0.219 ms  660/3906 (17%)  
[  5] 261.00-262.00 sec   347 KBytes  2.85 Mbits/sec  0.198 ms  989/4547 (22%)  
[  5] 262.00-263.00 sec   360 KBytes  2.95 Mbits/sec  0.213 ms  761/4447 (17%)  
[  5] 263.00-264.00 sec   357 KBytes  2.93 Mbits/sec  0.214 ms  1057/4717 (22%)  
[  5] 264.00-265.00 sec   333 KBytes  2.73 Mbits/sec  0.219 ms  1124/4538 (25%)  
[  5] 265.00-266.00 sec   342 KBytes  2.81 Mbits/sec  0.208 ms  926/4431 (21%)  
[  5] 266.00-267.00 sec   360 KBytes  2.94 Mbits/sec  0.227 ms  1027/4709 (22%)  
[  5] 267.00-268.00 sec   358 KBytes  2.94 Mbits/sec  0.213 ms  880/4549 (19%)  
[  5] 268.00-269.00 sec   323 KBytes  2.65 Mbits/sec  0.220 ms  732/4041 (18%)  
[  5] 269.00-270.00 sec   358 KBytes  2.93 Mbits/sec  0.210 ms  919/4581 (20%)  
[  5] 270.00-271.00 sec   365 KBytes  2.99 Mbits/sec  0.201 ms  899/4641 (19%)  
[  5] 271.00-272.00 sec   346 KBytes  2.83 Mbits/sec  0.199 ms  1062/4606 (23%)  
[  5] 272.00-273.00 sec   332 KBytes  2.72 Mbits/sec  0.214 ms  1336/4739 (28%)  
[  5] 273.00-274.00 sec   371 KBytes  3.04 Mbits/sec  0.230 ms  947/4747 (20%)  
[  5] 274.00-275.00 sec   367 KBytes  3.00 Mbits/sec  0.217 ms  864/4618 (19%)  
[  5] 275.00-276.00 sec   337 KBytes  2.76 Mbits/sec  0.226 ms  1082/4532 (24%)  
[  5] 276.00-277.00 sec   251 KBytes  2.06 Mbits/sec  0.218 ms  1383/3955 (35%)  
[  5] 277.00-278.00 sec   361 KBytes  2.96 Mbits/sec  0.216 ms  971/4666 (21%)  
[  5] 278.00-279.00 sec   335 KBytes  2.74 Mbits/sec  0.220 ms  1091/4519 (24%)  
[  5] 279.00-280.00 sec   347 KBytes  2.84 Mbits/sec  0.213 ms  1183/4737 (25%)  
[  5] 280.00-281.00 sec   333 KBytes  2.73 Mbits/sec  0.207 ms  1311/4726 (28%)  
[  5] 281.00-282.00 sec   348 KBytes  2.85 Mbits/sec  0.200 ms  1042/4602 (23%)  
[  5] 282.00-283.00 sec   292 KBytes  2.39 Mbits/sec  0.188 ms  803/3798 (21%)  
[  5] 283.00-284.00 sec   340 KBytes  2.78 Mbits/sec  0.223 ms  1305/4782 (27%)  
[  5] 284.00-285.00 sec   367 KBytes  3.00 Mbits/sec  0.213 ms  908/4662 (19%)  
[  5] 285.00-286.00 sec   344 KBytes  2.82 Mbits/sec  0.215 ms  978/4498 (22%)  
[  5] 286.00-287.00 sec   326 KBytes  2.67 Mbits/sec  0.218 ms  683/4021 (17%)  
[  5] 287.00-288.00 sec   350 KBytes  2.87 Mbits/sec  0.206 ms  945/4533 (21%)  
[  5] 288.00-289.00 sec   371 KBytes  3.04 Mbits/sec  0.205 ms  843/4643 (18%)  
[  5] 289.00-290.00 sec   352 KBytes  2.88 Mbits/sec  0.211 ms  923/4528 (20%)  
[  5] 290.00-291.00 sec   304 KBytes  2.49 Mbits/sec  0.218 ms  783/3897 (20%)  
[  5] 291.00-292.00 sec   371 KBytes  3.04 Mbits/sec  0.220 ms  738/4537 (16%)  
[  5] 292.00-293.00 sec   362 KBytes  2.97 Mbits/sec  0.213 ms  726/4435 (16%)  
[  5] 293.00-294.00 sec   307 KBytes  2.52 Mbits/sec  0.219 ms  881/4029 (22%)  
[  5] 294.00-295.00 sec   342 KBytes  2.81 Mbits/sec  0.218 ms  934/4441 (21%)  
[  5] 295.00-296.00 sec   362 KBytes  2.97 Mbits/sec  0.223 ms  907/4615 (20%)  
[  5] 296.00-297.00 sec   371 KBytes  3.04 Mbits/sec  0.265 ms  944/4744 (20%)  
[  5] 297.00-298.00 sec   321 KBytes  2.63 Mbits/sec  0.220 ms  1379/4664 (30%)  
[  5] 298.00-299.00 sec   354 KBytes  2.90 Mbits/sec  0.213 ms  1008/4630 (22%)  
[  5] 299.00-300.00 sec   362 KBytes  2.97 Mbits/sec  0.218 ms  740/4448 (17%)  
[  5] 300.00-301.00 sec   371 KBytes  3.04 Mbits/sec  0.216 ms  949/4753 (20%)  
[  5] 301.00-302.00 sec   350 KBytes  2.87 Mbits/sec  0.220 ms  975/4562 (21%)  
[  5] 302.00-303.00 sec   361 KBytes  2.96 Mbits/sec  0.216 ms  948/4648 (20%)  
[  5] 303.00-304.00 sec   362 KBytes  2.97 Mbits/sec  0.216 ms  905/4612 (20%)  
[  5] 304.00-305.00 sec   335 KBytes  2.75 Mbits/sec  0.221 ms  1336/4768 (28%)  
[  5] 305.00-306.00 sec   317 KBytes  2.60 Mbits/sec  0.215 ms  799/4045 (20%)  
[  5] 306.00-307.00 sec   361 KBytes  2.96 Mbits/sec  0.218 ms  976/4670 (21%)  
[  5] 307.00-308.00 sec   360 KBytes  2.94 Mbits/sec  0.216 ms  840/4524 (19%)  
[  5] 308.00-309.00 sec   371 KBytes  3.04 Mbits/sec  0.214 ms  896/4693 (19%)  
[  5] 309.00-310.00 sec   326 KBytes  2.67 Mbits/sec  0.217 ms  1260/4603 (27%)  
[  5] 310.00-311.00 sec   329 KBytes  2.70 Mbits/sec  0.206 ms  1282/4656 (28%)  
[  5] 311.00-312.00 sec   367 KBytes  3.00 Mbits/sec  0.212 ms  986/4739 (21%)  
[  5] 312.00-313.00 sec   301 KBytes  2.46 Mbits/sec  0.214 ms  988/4066 (24%)  
[  5] 313.00-314.00 sec   326 KBytes  2.67 Mbits/sec  0.203 ms  1384/4726 (29%)  
[  5] 314.00-315.00 sec   317 KBytes  2.59 Mbits/sec  0.230 ms  730/3971 (18%)  
[  5] 315.00-316.00 sec   316 KBytes  2.59 Mbits/sec  0.218 ms  714/3947 (18%)  
[  5] 316.00-317.00 sec   319 KBytes  2.61 Mbits/sec  0.217 ms  745/4010 (19%)  
[  5] 317.00-318.00 sec   317 KBytes  2.60 Mbits/sec  0.218 ms  642/3887 (17%)  
[  5] 318.00-319.00 sec   371 KBytes  3.04 Mbits/sec  0.219 ms  727/4527 (16%)  
[  5] 319.00-320.00 sec   317 KBytes  2.60 Mbits/sec  0.201 ms  683/3926 (17%)  
[  5] 320.00-321.00 sec   314 KBytes  2.57 Mbits/sec  0.212 ms  861/4072 (21%)  
[  5] 321.00-322.00 sec   362 KBytes  2.97 Mbits/sec  0.240 ms  853/4561 (19%)  
[  5] 322.00-323.00 sec   309 KBytes  2.53 Mbits/sec  0.214 ms  742/3909 (19%)  
[  5] 323.00-324.00 sec   371 KBytes  3.04 Mbits/sec  0.216 ms  772/4572 (17%)  
[  5] 324.00-325.00 sec   317 KBytes  2.60 Mbits/sec  0.215 ms  667/3913 (17%)  
[  5] 325.00-326.00 sec   371 KBytes  3.04 Mbits/sec  0.219 ms  850/4649 (18%)  
[  5] 326.00-327.00 sec   278 KBytes  2.28 Mbits/sec  0.212 ms  1140/3988 (29%)  
[  5] 327.00-328.00 sec   351 KBytes  2.87 Mbits/sec  0.284 ms  963/4555 (21%)  
[  5] 328.00-329.00 sec   313 KBytes  2.57 Mbits/sec  0.246 ms  819/4029 (20%)  
[  5] 329.00-330.00 sec   362 KBytes  2.97 Mbits/sec  0.216 ms  964/4672 (21%)  
[  5] 330.00-331.00 sec   303 KBytes  2.48 Mbits/sec  0.294 ms  1068/4168 (26%)  
[  5] 331.00-332.00 sec   335 KBytes  2.74 Mbits/sec  0.222 ms  1232/4662 (26%)  
[  5] 332.00-333.00 sec   317 KBytes  2.60 Mbits/sec  0.214 ms  657/3907 (17%)  
[  5] 333.00-334.00 sec   360 KBytes  2.95 Mbits/sec  0.218 ms  867/4552 (19%)  
[  5] 334.00-335.00 sec   309 KBytes  2.53 Mbits/sec  0.228 ms  936/4098 (23%)  
[  5] 335.00-336.00 sec   362 KBytes  2.97 Mbits/sec  0.217 ms  1011/4720 (21%)  
[  5] 336.00-337.00 sec   326 KBytes  2.67 Mbits/sec  0.247 ms  991/4328 (23%)  
[  5] 337.00-338.00 sec   359 KBytes  2.94 Mbits/sec  0.226 ms  1413/5088 (28%)  
[  5] 338.00-339.00 sec   326 KBytes  2.67 Mbits/sec  0.206 ms  1143/4480 (26%)  
[  5] 339.00-340.00 sec   317 KBytes  2.59 Mbits/sec  0.217 ms  1061/4303 (25%)  
[  5] 340.00-341.00 sec   368 KBytes  3.01 Mbits/sec  0.219 ms  1253/5017 (25%)  
[  5] 341.00-342.00 sec   314 KBytes  2.57 Mbits/sec  0.242 ms  1144/4359 (26%)  
[  5] 342.00-343.00 sec   345 KBytes  2.83 Mbits/sec  0.207 ms  1274/4810 (26%)  
[  5] 343.00-344.00 sec   305 KBytes  2.50 Mbits/sec  0.215 ms  1248/4376 (29%)  
[  5] 344.00-345.00 sec   307 KBytes  2.51 Mbits/sec  0.219 ms  902/4045 (22%)  
[  5] 345.00-346.00 sec   297 KBytes  2.44 Mbits/sec  0.242 ms  889/3930 (23%)  
[  5] 346.00-347.00 sec   361 KBytes  2.95 Mbits/sec  0.221 ms  1419/5111 (28%)  
[  5] 347.00-348.00 sec   287 KBytes  2.36 Mbits/sec  0.221 ms  991/3934 (25%)  
[  5] 348.00-349.00 sec   297 KBytes  2.43 Mbits/sec  0.271 ms  1527/4567 (33%)  
[  5] 349.00-350.00 sec   317 KBytes  2.59 Mbits/sec  0.220 ms  819/4062 (20%)  
[  5] 350.00-351.00 sec   290 KBytes  2.37 Mbits/sec  0.220 ms  1109/4074 (27%)  
[  5] 351.00-352.00 sec   312 KBytes  2.56 Mbits/sec  0.242 ms  1015/4212 (24%)  
[  5] 352.00-353.00 sec   334 KBytes  2.73 Mbits/sec  0.205 ms  1315/4733 (28%)  
[  5] 353.00-354.00 sec   326 KBytes  2.67 Mbits/sec  0.225 ms  949/4286 (22%)  
[  5] 354.00-355.00 sec   351 KBytes  2.87 Mbits/sec  0.199 ms  1159/4749 (24%)  
[  5] 355.00-356.00 sec   308 KBytes  2.52 Mbits/sec  0.216 ms  1084/4235 (26%)  
[  5] 356.00-357.00 sec   358 KBytes  2.93 Mbits/sec  0.213 ms  1090/4752 (23%)  
[  5] 357.00-358.00 sec   305 KBytes  2.50 Mbits/sec  0.283 ms  932/4053 (23%)  
[  5] 358.00-359.00 sec   358 KBytes  2.94 Mbits/sec  0.208 ms  1366/5036 (27%)  
[  5] 359.00-360.00 sec   317 KBytes  2.60 Mbits/sec  0.216 ms  981/4226 (23%)  
[  5] 360.00-361.00 sec   363 KBytes  2.97 Mbits/sec  0.207 ms  1167/4883 (24%)  
[  5] 361.00-362.00 sec   310 KBytes  2.54 Mbits/sec  0.212 ms  1005/4184 (24%)  
[  5] 362.00-363.00 sec   348 KBytes  2.85 Mbits/sec  0.210 ms  1272/4834 (26%)  
[  5] 363.00-364.00 sec   302 KBytes  2.47 Mbits/sec  0.217 ms  1187/4276 (28%)  
[  5] 364.00-365.00 sec   357 KBytes  2.92 Mbits/sec  0.247 ms  1023/4677 (22%)  
[  5] 365.00-366.00 sec   319 KBytes  2.61 Mbits/sec  0.218 ms  1192/4458 (27%)  
[  5] 366.00-367.00 sec   298 KBytes  2.44 Mbits/sec  0.211 ms  1454/4504 (32%)  
[  5] 367.00-368.00 sec   354 KBytes  2.90 Mbits/sec  0.197 ms  1389/5014 (28%)  
[  5] 368.00-369.00 sec   325 KBytes  2.66 Mbits/sec  0.232 ms  1123/4449 (25%)  
[  5] 369.00-370.00 sec   317 KBytes  2.60 Mbits/sec  0.256 ms  1004/4250 (24%)  
[  5] 370.00-371.00 sec   347 KBytes  2.85 Mbits/sec  0.264 ms  1204/4762 (25%)  
[  5] 371.00-372.00 sec   324 KBytes  2.66 Mbits/sec  0.215 ms  1663/4983 (33%)  
[  5] 372.00-373.00 sec   362 KBytes  2.97 Mbits/sec  0.217 ms  1248/4956 (25%)  
[  5] 373.00-374.00 sec   307 KBytes  2.51 Mbits/sec  0.225 ms  1290/4432 (29%)  
[  5] 374.00-375.00 sec   297 KBytes  2.43 Mbits/sec  0.241 ms  1114/4159 (27%)  
[  5] 375.00-376.00 sec   351 KBytes  2.88 Mbits/sec  0.220 ms  1320/4919 (27%)  
[  5] 376.00-377.00 sec   358 KBytes  2.93 Mbits/sec  0.235 ms  1118/4783 (23%)  
[  5] 377.00-378.00 sec   317 KBytes  2.60 Mbits/sec  0.219 ms  823/4069 (20%)  
[  5] 378.00-379.00 sec   349 KBytes  2.86 Mbits/sec  0.216 ms  1350/4927 (27%)  
[  5] 379.00-380.00 sec   317 KBytes  2.59 Mbits/sec  0.224 ms  1006/4251 (24%)  
[  5] 380.00-381.00 sec   326 KBytes  2.67 Mbits/sec  0.216 ms  943/4281 (22%)  
[  5] 381.00-382.00 sec   302 KBytes  2.48 Mbits/sec  0.224 ms  1089/4186 (26%)  
[  5] 382.00-383.00 sec   303 KBytes  2.48 Mbits/sec  0.711 ms  1009/4116 (25%)  
[  5] 383.00-384.00 sec   267 KBytes  2.19 Mbits/sec  0.218 ms  1477/4211 (35%)  
[  5] 384.00-385.00 sec   305 KBytes  2.50 Mbits/sec  0.231 ms  953/4080 (23%)  
[  5] 385.00-386.00 sec   320 KBytes  2.62 Mbits/sec  0.225 ms  984/4258 (23%)  
[  5] 386.00-387.00 sec   344 KBytes  2.82 Mbits/sec  0.204 ms  1126/4651 (24%)  
[  5] 387.00-388.00 sec   314 KBytes  2.58 Mbits/sec  0.204 ms  1062/4281 (25%)  
[  5] 388.00-389.00 sec   306 KBytes  2.51 Mbits/sec  0.214 ms  1094/4232 (26%)  
[  5] 389.00-390.00 sec   293 KBytes  2.40 Mbits/sec  0.220 ms  1378/4378 (31%)  
[  5] 390.00-391.00 sec   326 KBytes  2.67 Mbits/sec  0.220 ms  987/4325 (23%)  
[  5] 391.00-392.00 sec   345 KBytes  2.83 Mbits/sec  0.209 ms  1300/4833 (27%)  
[  5] 392.00-393.00 sec   290 KBytes  2.37 Mbits/sec  0.214 ms  1326/4292 (31%)  
[  5] 393.00-394.00 sec   308 KBytes  2.53 Mbits/sec  0.219 ms  988/4146 (24%)  
[  5] 394.00-395.00 sec   371 KBytes  3.04 Mbits/sec  0.205 ms  1046/4846 (22%)  
[  5] 395.00-396.00 sec   307 KBytes  2.52 Mbits/sec  0.209 ms  1042/4188 (25%)  
[  5] 396.00-397.00 sec   307 KBytes  2.51 Mbits/sec  0.215 ms  1093/4235 (26%)  
[  5] 397.00-398.00 sec   315 KBytes  2.58 Mbits/sec  0.083 ms  1155/4379 (26%)  
[  5] 398.00-399.00 sec   303 KBytes  2.48 Mbits/sec  0.216 ms  1025/4126 (25%)  
[  5] 399.00-400.00 sec   316 KBytes  2.59 Mbits/sec  0.223 ms  853/4085 (21%)  
