Connecting to host 172.22.0.50, port 5201
Reverse mode, remote host 172.22.0.50 is sending
[  5] local 192.168.100.2 port 50099 connected to 172.22.0.50 port 5201
[ ID] Interval           Transfer     Bitrate         Jitter    Lost/Total Datagrams
[  5]   0.00-1.00   sec  1.43 MBytes  12.0 Mbits/sec  0.934 ms  0/1252 (0%)  
[  5]   1.00-2.00   sec  1.43 MBytes  12.0 Mbits/sec  0.631 ms  0/1253 (0%)  
[  5]   2.00-3.00   sec  1.43 MBytes  12.0 Mbits/sec  1.094 ms  0/1250 (0%)  
[  5]   3.00-4.00   sec  1.42 MBytes  11.9 Mbits/sec  1.117 ms  0/1237 (0%)  
[  5]   4.00-5.00   sec  1.44 MBytes  12.1 Mbits/sec  1.159 ms  0/1258 (0%)  
[  5]   5.00-6.00   sec  1.44 MBytes  12.0 Mbits/sec  0.816 ms  0/1254 (0%)  
[  5]   6.00-7.00   sec  1.43 MBytes  12.0 Mbits/sec  0.989 ms  0/1249 (0%)  
[  5]   7.00-8.00   sec  1.42 MBytes  11.9 Mbits/sec  1.083 ms  0/1243 (0%)  
[  5]   8.00-9.00   sec  1.31 MBytes  11.0 Mbits/sec  0.986 ms  0/1150 (0%)  
[  5]   9.00-10.00  sec   791 KBytes  6.48 Mbits/sec  1.423 ms  0/675 (0%)  
[  5]  10.00-11.00  sec   771 KBytes  6.32 Mbits/sec  0.991 ms  0/658 (0%)  
[  5]  11.00-12.00  sec   776 KBytes  6.36 Mbits/sec  1.287 ms  0/662 (0%)  
[  5]  12.00-13.00  sec   759 KBytes  6.22 Mbits/sec  1.125 ms  0/648 (0%)  
[  5]  13.00-14.00  sec   761 KBytes  6.23 Mbits/sec  1.145 ms  0/649 (0%)  
[  5]  14.00-15.00  sec   778 KBytes  6.37 Mbits/sec  1.243 ms  0/664 (0%)  
[  5]  15.00-16.00  sec   771 KBytes  6.32 Mbits/sec  1.080 ms  0/658 (0%)  
[  5]  16.00-17.00  sec   769 KBytes  6.30 Mbits/sec  1.273 ms  0/656 (0%)  
[  5]  17.00-18.00  sec   782 KBytes  6.40 Mbits/sec  0.967 ms  0/667 (0%)  
[  5]  18.00-19.00  sec   776 KBytes  6.35 Mbits/sec  1.457 ms  0/662 (0%)  
[  5]  19.00-20.00  sec   779 KBytes  6.38 Mbits/sec  1.393 ms  0/665 (0%)  
[  5]  20.00-21.00  sec   768 KBytes  6.28 Mbits/sec  1.262 ms  0/655 (0%)  
[  5]  21.00-22.00  sec   771 KBytes  6.32 Mbits/sec  1.069 ms  0/658 (0%)  
[  5]  22.00-23.00  sec   793 KBytes  6.50 Mbits/sec  1.123 ms  0/677 (0%)  
[  5]  23.00-24.00  sec   793 KBytes  6.50 Mbits/sec  1.013 ms  0/677 (0%)  
[  5]  24.00-25.00  sec   785 KBytes  6.43 Mbits/sec  1.071 ms  0/670 (0%)  
[  5]  25.00-26.00  sec   776 KBytes  6.35 Mbits/sec  1.046 ms  0/662 (0%)  
[  5]  26.00-27.00  sec   772 KBytes  6.33 Mbits/sec  1.134 ms  0/659 (0%)  
[  5]  27.00-28.00  sec   786 KBytes  6.43 Mbits/sec  1.181 ms  0/671 (0%)  
[  5]  28.00-29.00  sec   758 KBytes  6.22 Mbits/sec  1.237 ms  0/647 (0%)  
[  5]  29.00-30.00  sec   766 KBytes  6.27 Mbits/sec  1.019 ms  0/654 (0%)  
[  5]  30.00-31.00  sec   776 KBytes  6.36 Mbits/sec  1.366 ms  0/662 (0%)  
[  5]  31.00-32.00  sec   778 KBytes  6.38 Mbits/sec  1.158 ms  0/664 (0%)  
[  5]  32.00-33.00  sec   798 KBytes  6.54 Mbits/sec  1.172 ms  0/681 (0%)  
[  5]  33.00-34.00  sec   780 KBytes  6.39 Mbits/sec  0.983 ms  0/666 (0%)  
[  5]  34.00-35.00  sec   675 KBytes  5.53 Mbits/sec  1.096 ms  67/643 (10%)  
[  5]  35.00-36.00  sec   810 KBytes  6.63 Mbits/sec  1.046 ms  578/1269 (46%)  
[  5]  36.00-37.00  sec   700 KBytes  5.73 Mbits/sec  1.093 ms  519/1116 (47%)  
[  5]  37.00-38.00  sec   840 KBytes  6.87 Mbits/sec  1.086 ms  626/1343 (47%)  
[  5]  38.00-39.00  sec   689 KBytes  5.65 Mbits/sec  1.121 ms  528/1116 (47%)  
[  5]  39.00-40.00  sec   819 KBytes  6.71 Mbits/sec  1.108 ms  618/1317 (47%)  
[  5]  40.00-41.00  sec   775 KBytes  6.35 Mbits/sec  1.035 ms  663/1324 (50%)  
[  5]  41.00-42.00  sec   718 KBytes  5.88 Mbits/sec  1.141 ms  571/1184 (48%)  
[  5]  42.00-43.00  sec   820 KBytes  6.72 Mbits/sec  1.121 ms  625/1325 (47%)  
[  5]  43.00-44.00  sec   851 KBytes  6.96 Mbits/sec  1.047 ms  649/1375 (47%)  
[  5]  44.00-45.00  sec   689 KBytes  5.65 Mbits/sec  0.969 ms  489/1077 (45%)  
[  5]  45.00-46.00  sec   797 KBytes  6.53 Mbits/sec  1.074 ms  611/1291 (47%)  
[  5]  46.00-47.00  sec   729 KBytes  5.97 Mbits/sec  1.044 ms  532/1154 (46%)  
[  5]  47.00-48.00  sec   811 KBytes  6.64 Mbits/sec  1.088 ms  600/1292 (46%)  
[  5]  48.00-49.00  sec   717 KBytes  5.87 Mbits/sec  1.179 ms  545/1157 (47%)  
[  5]  49.00-50.00  sec   826 KBytes  6.77 Mbits/sec  1.084 ms  648/1353 (48%)  
[  5]  50.00-51.00  sec   809 KBytes  6.62 Mbits/sec  1.114 ms  619/1309 (47%)  
[  5]  51.00-52.00  sec   718 KBytes  5.88 Mbits/sec  1.072 ms  528/1141 (46%)  
[  5]  52.00-53.00  sec   820 KBytes  6.72 Mbits/sec  1.125 ms  595/1295 (46%)  
[  5]  53.00-54.00  sec   820 KBytes  6.72 Mbits/sec  1.067 ms  634/1334 (48%)  
[  5]  54.00-55.00  sec   718 KBytes  5.88 Mbits/sec  1.113 ms  525/1138 (46%)  
[  5]  55.00-56.00  sec   811 KBytes  6.64 Mbits/sec  1.080 ms  583/1275 (46%)  
[  5]  56.00-57.00  sec   729 KBytes  5.97 Mbits/sec  1.102 ms  543/1165 (47%)  
[  5]  57.00-58.00  sec   785 KBytes  6.43 Mbits/sec  1.076 ms  641/1311 (49%)  
[  5]  58.00-59.00  sec   717 KBytes  5.88 Mbits/sec  1.056 ms  607/1219 (50%)  
[  5]  59.00-60.00  sec   810 KBytes  6.63 Mbits/sec  1.104 ms  617/1308 (47%)  
[  5]  60.00-61.00  sec   820 KBytes  6.72 Mbits/sec  1.032 ms  604/1304 (46%)  
[  5]  61.00-62.00  sec   720 KBytes  5.89 Mbits/sec  1.090 ms  534/1148 (47%)  
[  5]  62.00-63.00  sec   820 KBytes  6.72 Mbits/sec  1.062 ms  617/1317 (47%)  
[  5]  63.00-64.00  sec   718 KBytes  5.88 Mbits/sec  1.091 ms  527/1140 (46%)  
[  5]  64.00-65.00  sec   811 KBytes  6.64 Mbits/sec  1.096 ms  586/1278 (46%)  
[  5]  65.00-66.00  sec   816 KBytes  6.68 Mbits/sec  1.091 ms  627/1323 (47%)  
[  5]  66.00-67.00  sec   725 KBytes  5.94 Mbits/sec  1.096 ms  551/1170 (47%)  
[  5]  67.00-68.00  sec   820 KBytes  6.72 Mbits/sec  1.044 ms  600/1300 (46%)  
[  5]  68.00-69.00  sec   720 KBytes  5.89 Mbits/sec  1.102 ms  565/1179 (48%)  
[  5]  69.00-70.00  sec   810 KBytes  6.63 Mbits/sec  1.113 ms  634/1325 (48%)  
[  5]  70.00-71.00  sec   729 KBytes  5.97 Mbits/sec  1.060 ms  552/1174 (47%)  
[  5]  71.00-72.00  sec   811 KBytes  6.64 Mbits/sec  1.074 ms  602/1294 (47%)  
[  5]  72.00-73.00  sec   729 KBytes  5.97 Mbits/sec  1.043 ms  533/1155 (46%)  
[  5]  73.00-74.00  sec   809 KBytes  6.63 Mbits/sec  1.114 ms  621/1311 (47%)  
[  5]  74.00-75.00  sec   820 KBytes  6.72 Mbits/sec  1.089 ms  630/1330 (47%)  
[  5]  75.00-76.00  sec   718 KBytes  5.88 Mbits/sec  1.062 ms  544/1157 (47%)  
[  5]  76.00-77.00  sec   820 KBytes  6.72 Mbits/sec  0.978 ms  604/1304 (46%)  
[  5]  77.00-78.00  sec   720 KBytes  5.89 Mbits/sec  1.093 ms  520/1134 (46%)  
[  5]  78.00-79.00  sec   810 KBytes  6.63 Mbits/sec  1.090 ms  613/1304 (47%)  
[  5]  79.00-80.00  sec   820 KBytes  6.72 Mbits/sec  1.081 ms  620/1320 (47%)  
[  5]  80.00-81.00  sec   711 KBytes  5.82 Mbits/sec  1.222 ms  538/1145 (47%)  
[  5]  81.00-82.00  sec   820 KBytes  6.72 Mbits/sec  1.053 ms  642/1342 (48%)  
[  5]  82.00-83.00  sec   818 KBytes  6.70 Mbits/sec  1.104 ms  638/1336 (48%)  
[  5]  83.00-84.00  sec   717 KBytes  5.88 Mbits/sec  1.132 ms  574/1186 (48%)  
[  5]  84.00-85.00  sec   819 KBytes  6.71 Mbits/sec  1.063 ms  640/1339 (48%)  
[  5]  85.00-86.00  sec   689 KBytes  5.64 Mbits/sec  0.959 ms  526/1114 (47%)  
[  5]  86.00-87.00  sec   720 KBytes  5.89 Mbits/sec  1.125 ms  531/1145 (46%)  
[  5]  87.00-88.00  sec   819 KBytes  6.71 Mbits/sec  1.013 ms  591/1290 (46%)  
[  5]  88.00-89.00  sec   720 KBytes  5.89 Mbits/sec  1.139 ms  533/1147 (46%)  
[  5]  89.00-90.00  sec   717 KBytes  5.88 Mbits/sec  1.198 ms  564/1176 (48%)  
[  5]  90.00-91.00  sec   816 KBytes  6.68 Mbits/sec  1.119 ms  629/1325 (47%)  
[  5]  91.00-92.00  sec   725 KBytes  5.94 Mbits/sec  1.021 ms  563/1182 (48%)  
[  5]  92.00-93.00  sec   811 KBytes  6.65 Mbits/sec  1.061 ms  590/1282 (46%)  
[  5]  93.00-94.00  sec   729 KBytes  5.97 Mbits/sec  1.021 ms  548/1170 (47%)  
[  5]  94.00-95.00  sec   720 KBytes  5.89 Mbits/sec  1.053 ms  510/1124 (45%)  
[  5]  95.00-96.00  sec   820 KBytes  6.71 Mbits/sec  1.040 ms  624/1324 (47%)  
[  5]  96.00-97.00  sec   688 KBytes  5.64 Mbits/sec  1.046 ms  500/1087 (46%)  
[  5]  97.00-98.00  sec   718 KBytes  5.88 Mbits/sec  1.155 ms  546/1159 (47%)  
[  5]  98.00-99.00  sec   817 KBytes  6.70 Mbits/sec  1.202 ms  691/1388 (50%)  
[  5]  99.00-100.00 sec   724 KBytes  5.92 Mbits/sec  8.579 ms  651/1269 (51%)  
[  5] 100.00-101.00 sec   839 KBytes  6.88 Mbits/sec  1.054 ms  636/1352 (47%)  
[  5] 101.00-102.00 sec   820 KBytes  6.72 Mbits/sec  1.103 ms  663/1363 (49%)  
[  5] 102.00-103.00 sec   687 KBytes  5.63 Mbits/sec  1.127 ms  552/1138 (49%)  
[  5] 103.00-104.00 sec   720 KBytes  5.89 Mbits/sec  1.160 ms  580/1194 (49%)  
[  5] 104.00-105.00 sec   806 KBytes  6.61 Mbits/sec  1.080 ms  658/1346 (49%)  
[  5] 105.00-106.00 sec   718 KBytes  5.88 Mbits/sec  1.153 ms  569/1182 (48%)  
[  5] 106.00-107.00 sec   729 KBytes  5.97 Mbits/sec  1.111 ms  611/1233 (50%)  
[  5] 107.00-108.00 sec   809 KBytes  6.63 Mbits/sec  1.185 ms  672/1362 (49%)  
[  5] 108.00-109.00 sec   820 KBytes  6.72 Mbits/sec  1.107 ms  634/1334 (48%)  
[  5] 109.00-110.00 sec   700 KBytes  5.73 Mbits/sec  1.168 ms  586/1183 (50%)  
[  5] 110.00-111.00 sec   820 KBytes  6.72 Mbits/sec  1.044 ms  651/1351 (48%)  
[  5] 111.00-112.00 sec   720 KBytes  5.89 Mbits/sec  1.128 ms  553/1167 (47%)  
[  5] 112.00-113.00 sec   819 KBytes  6.71 Mbits/sec  1.061 ms  615/1314 (47%)  
[  5] 113.00-114.00 sec   811 KBytes  6.64 Mbits/sec  1.134 ms  602/1294 (47%)  
[  5] 114.00-115.00 sec   725 KBytes  5.94 Mbits/sec  1.127 ms  599/1218 (49%)  
[  5] 115.00-116.00 sec   817 KBytes  6.69 Mbits/sec  1.013 ms  677/1374 (49%)  
[  5] 116.00-117.00 sec   718 KBytes  5.89 Mbits/sec  1.131 ms  582/1195 (49%)  
[  5] 117.00-118.00 sec   718 KBytes  5.88 Mbits/sec  1.111 ms  555/1168 (48%)  
[  5] 118.00-119.00 sec   821 KBytes  6.73 Mbits/sec  1.080 ms  654/1355 (48%)  
[  5] 119.00-120.00 sec   689 KBytes  5.65 Mbits/sec  1.113 ms  533/1121 (48%)  
[  5] 120.00-121.00 sec   729 KBytes  5.97 Mbits/sec  1.049 ms  554/1176 (47%)  
[  5] 121.00-122.00 sec   810 KBytes  6.63 Mbits/sec  1.135 ms  603/1294 (47%)  
[  5] 122.00-123.00 sec   705 KBytes  5.78 Mbits/sec  1.099 ms  570/1172 (49%)  
[  5] 123.00-124.00 sec   818 KBytes  6.71 Mbits/sec  1.192 ms  644/1342 (48%)  
[  5] 124.00-125.00 sec   718 KBytes  5.87 Mbits/sec  1.103 ms  533/1146 (47%)  
[  5] 125.00-126.00 sec   820 KBytes  6.73 Mbits/sec  1.131 ms  604/1304 (46%)  
[  5] 126.00-127.00 sec   720 KBytes  5.89 Mbits/sec  1.085 ms  539/1153 (47%)  
[  5] 127.00-128.00 sec   819 KBytes  6.71 Mbits/sec  1.125 ms  619/1318 (47%)  
[  5] 128.00-129.00 sec   720 KBytes  5.89 Mbits/sec  1.067 ms  536/1150 (47%)  
[  5] 129.00-130.00 sec   820 KBytes  6.72 Mbits/sec  1.101 ms  671/1371 (49%)  
[  5] 130.00-131.00 sec   810 KBytes  6.64 Mbits/sec  1.189 ms  674/1365 (49%)  
[  5] 131.00-132.00 sec   727 KBytes  5.95 Mbits/sec  1.101 ms  628/1248 (50%)  
[  5] 132.00-133.00 sec   832 KBytes  6.81 Mbits/sec  1.129 ms  704/1414 (50%)  
[  5] 133.00-134.00 sec   700 KBytes  5.73 Mbits/sec  1.049 ms  571/1168 (49%)  
[  5] 134.00-135.00 sec   695 KBytes  5.70 Mbits/sec  1.106 ms  558/1151 (48%)  
[  5] 135.00-136.00 sec   810 KBytes  6.63 Mbits/sec  1.124 ms  601/1292 (47%)  
[  5] 136.00-137.00 sec   729 KBytes  5.97 Mbits/sec  1.022 ms  553/1175 (47%)  
[  5] 137.00-138.00 sec   810 KBytes  6.63 Mbits/sec  1.113 ms  609/1300 (47%)  
[  5] 138.00-139.00 sec   718 KBytes  5.88 Mbits/sec  1.164 ms  567/1180 (48%)  
[  5] 139.00-140.00 sec   820 KBytes  6.72 Mbits/sec  1.047 ms  629/1329 (47%)  
[  5] 140.00-141.00 sec   718 KBytes  5.88 Mbits/sec  1.049 ms  548/1161 (47%)  
[  5] 141.00-142.00 sec   820 KBytes  6.72 Mbits/sec  1.054 ms  641/1341 (48%)  
[  5] 142.00-143.00 sec   810 KBytes  6.63 Mbits/sec  1.093 ms  610/1301 (47%)  
[  5] 143.00-144.00 sec   729 KBytes  5.97 Mbits/sec  1.108 ms  541/1163 (47%)  
[  5] 144.00-145.00 sec   810 KBytes  6.64 Mbits/sec  1.105 ms  637/1328 (48%)  
[  5] 145.00-146.00 sec   729 KBytes  5.97 Mbits/sec  1.051 ms  574/1196 (48%)  
[  5] 146.00-147.00 sec   809 KBytes  6.62 Mbits/sec  1.106 ms  658/1348 (49%)  
[  5] 147.00-148.00 sec   725 KBytes  5.94 Mbits/sec  1.160 ms  593/1212 (49%)  
[  5] 148.00-149.00 sec   820 KBytes  6.72 Mbits/sec  1.030 ms  668/1368 (49%)  
[  5] 149.00-150.00 sec   718 KBytes  5.89 Mbits/sec  1.058 ms  555/1168 (48%)  
[  5] 150.00-151.00 sec   688 KBytes  5.64 Mbits/sec  1.130 ms  515/1102 (47%)  
[  5] 151.00-152.00 sec   720 KBytes  5.89 Mbits/sec  1.085 ms  542/1156 (47%)  
[  5] 152.00-153.00 sec   819 KBytes  6.71 Mbits/sec  1.071 ms  606/1305 (46%)  
[  5] 153.00-154.00 sec   720 KBytes  5.89 Mbits/sec  1.055 ms  542/1156 (47%)  
[  5] 154.00-155.00 sec   729 KBytes  5.97 Mbits/sec  1.071 ms  549/1171 (47%)  
[  5] 155.00-156.00 sec   810 KBytes  6.63 Mbits/sec  1.173 ms  633/1324 (48%)  
[  5] 156.00-157.00 sec   720 KBytes  5.89 Mbits/sec  1.128 ms  573/1187 (48%)  
[  5] 157.00-158.00 sec   820 KBytes  6.72 Mbits/sec  1.089 ms  606/1306 (46%)  
[  5] 158.00-159.00 sec   720 KBytes  5.89 Mbits/sec  1.118 ms  540/1154 (47%)  
[  5] 159.00-160.00 sec   698 KBytes  5.72 Mbits/sec  1.035 ms  537/1133 (47%)  
[  5] 160.00-161.00 sec   839 KBytes  6.87 Mbits/sec  1.051 ms  660/1376 (48%)  
[  5] 161.00-162.00 sec   729 KBytes  5.97 Mbits/sec  1.066 ms  599/1221 (49%)  
[  5] 162.00-163.00 sec   779 KBytes  6.38 Mbits/sec  1.108 ms  625/1290 (48%)  
[  5] 163.00-164.00 sec   758 KBytes  6.21 Mbits/sec  1.058 ms  656/1303 (50%)  
[  5] 164.00-165.00 sec   687 KBytes  5.63 Mbits/sec  1.093 ms  575/1161 (50%)  
[  5] 165.00-166.00 sec   810 KBytes  6.64 Mbits/sec  1.166 ms  666/1357 (49%)  
[  5] 166.00-167.00 sec   705 KBytes  5.77 Mbits/sec  1.124 ms  604/1206 (50%)  
[  5] 167.00-168.00 sec   820 KBytes  6.73 Mbits/sec  1.102 ms  637/1337 (48%)  
[  5] 168.00-169.00 sec   718 KBytes  5.88 Mbits/sec  1.111 ms  561/1174 (48%)  
[  5] 169.00-170.00 sec   820 KBytes  6.73 Mbits/sec  1.221 ms  663/1363 (49%)  
[  5] 170.00-171.00 sec   720 KBytes  5.89 Mbits/sec  1.094 ms  568/1182 (48%)  
[  5] 171.00-172.00 sec   816 KBytes  6.68 Mbits/sec  1.208 ms  697/1393 (50%)  
[  5] 172.00-173.00 sec   727 KBytes  5.94 Mbits/sec  1.101 ms  592/1212 (49%)  
[  5] 173.00-174.00 sec   809 KBytes  6.63 Mbits/sec  1.118 ms  604/1294 (47%)  
[  5] 174.00-175.00 sec   820 KBytes  6.72 Mbits/sec  1.123 ms  634/1334 (48%)  
[  5] 175.00-176.00 sec   712 KBytes  5.83 Mbits/sec  1.228 ms  577/1185 (49%)  
[  5] 176.00-177.00 sec   720 KBytes  5.90 Mbits/sec  1.097 ms  566/1180 (48%)  
[  5] 177.00-178.00 sec   819 KBytes  6.71 Mbits/sec  1.072 ms  653/1352 (48%)  
[  5] 178.00-179.00 sec   718 KBytes  5.88 Mbits/sec  1.112 ms  574/1187 (48%)  
[  5] 179.00-180.00 sec   820 KBytes  6.72 Mbits/sec  1.131 ms  662/1362 (49%)  
[  5] 180.00-181.00 sec   724 KBytes  5.93 Mbits/sec  1.069 ms  585/1203 (49%)  
[  5] 181.00-182.00 sec   819 KBytes  6.71 Mbits/sec  1.056 ms  637/1336 (48%)  
[  5] 182.00-183.00 sec   688 KBytes  5.64 Mbits/sec  1.065 ms  520/1107 (47%)  
[  5] 183.00-184.00 sec   840 KBytes  6.88 Mbits/sec  1.147 ms  628/1345 (47%)  
[  5] 184.00-185.00 sec   718 KBytes  5.88 Mbits/sec  1.101 ms  526/1139 (46%)  
[  5] 185.00-186.00 sec   820 KBytes  6.72 Mbits/sec  1.077 ms  627/1327 (47%)  
[  5] 186.00-187.00 sec   689 KBytes  5.65 Mbits/sec  1.070 ms  514/1102 (47%)  
[  5] 187.00-188.00 sec   820 KBytes  6.72 Mbits/sec  1.009 ms  631/1331 (47%)  
[  5] 188.00-189.00 sec   851 KBytes  6.97 Mbits/sec  1.050 ms  680/1406 (48%)  
[  5] 189.00-190.00 sec   688 KBytes  5.64 Mbits/sec  1.120 ms  544/1131 (48%)  
[  5] 190.00-191.00 sec   840 KBytes  6.88 Mbits/sec  1.119 ms  639/1356 (47%)  
[  5] 191.00-192.00 sec   700 KBytes  5.73 Mbits/sec  1.066 ms  570/1167 (49%)  
[  5] 192.00-193.00 sec   810 KBytes  6.63 Mbits/sec  1.105 ms  647/1338 (48%)  
[  5] 193.00-194.00 sec   720 KBytes  5.89 Mbits/sec  1.103 ms  554/1168 (47%)  
[  5] 194.00-195.00 sec   729 KBytes  5.97 Mbits/sec  1.003 ms  553/1175 (47%)  
[  5] 195.00-196.00 sec   810 KBytes  6.63 Mbits/sec  1.096 ms  634/1325 (48%)  
[  5] 196.00-197.00 sec   712 KBytes  5.84 Mbits/sec  1.088 ms  584/1192 (49%)  
[  5] 197.00-198.00 sec   809 KBytes  6.62 Mbits/sec  1.078 ms  618/1308 (47%)  
[  5] 198.00-199.00 sec   718 KBytes  5.88 Mbits/sec  1.118 ms  547/1160 (47%)  
[  5] 199.00-200.00 sec   820 KBytes  6.72 Mbits/sec  1.004 ms  623/1323 (47%)  
[  5] 200.00-201.00 sec   720 KBytes  5.89 Mbits/sec  1.058 ms  543/1157 (47%)  
[  5] 201.00-202.00 sec   811 KBytes  6.64 Mbits/sec  1.095 ms  632/1324 (48%)  
[  5] 202.00-203.00 sec   810 KBytes  6.63 Mbits/sec  1.099 ms  602/1293 (47%)  
[  5] 203.00-204.00 sec   718 KBytes  5.88 Mbits/sec  1.103 ms  565/1178 (48%)  
[  5] 204.00-205.00 sec   825 KBytes  6.76 Mbits/sec  1.107 ms  676/1380 (49%)  
[  5] 205.00-206.00 sec   717 KBytes  5.88 Mbits/sec  1.106 ms  559/1171 (48%)  
[  5] 206.00-207.00 sec   811 KBytes  6.64 Mbits/sec  1.133 ms  654/1346 (49%)  
[  5] 207.00-208.00 sec   820 KBytes  6.72 Mbits/sec  1.068 ms  647/1347 (48%)  
[  5] 208.00-209.00 sec   718 KBytes  5.88 Mbits/sec  1.135 ms  584/1197 (49%)  
[  5] 209.00-210.00 sec   730 KBytes  5.97 Mbits/sec  1.031 ms  574/1197 (48%)  
[  5] 210.00-211.00 sec   809 KBytes  6.63 Mbits/sec  1.164 ms  618/1308 (47%)  
[  5] 211.00-212.00 sec   705 KBytes  5.78 Mbits/sec  1.364 ms  531/1133 (47%)  
[  5] 212.00-213.00 sec   818 KBytes  6.70 Mbits/sec  1.123 ms  627/1325 (47%)  
[  5] 213.00-214.00 sec   696 KBytes  5.70 Mbits/sec  1.033 ms  546/1140 (48%)  
[  5] 214.00-215.00 sec   840 KBytes  6.88 Mbits/sec  1.053 ms  623/1340 (46%)  
[  5] 215.00-216.00 sec   698 KBytes  5.72 Mbits/sec  0.992 ms  514/1110 (46%)  
[  5] 216.00-217.00 sec   718 KBytes  5.89 Mbits/sec  1.219 ms  545/1158 (47%)  
[  5] 217.00-218.00 sec   841 KBytes  6.90 Mbits/sec  1.079 ms  629/1347 (47%)  
[  5] 218.00-219.00 sec   820 KBytes  6.72 Mbits/sec  1.037 ms  614/1314 (47%)  
[  5] 219.00-220.00 sec   720 KBytes  5.89 Mbits/sec  1.092 ms  553/1167 (47%)  
[  5] 220.00-221.00 sec   817 KBytes  6.69 Mbits/sec  1.154 ms  637/1334 (48%)  
[  5] 221.00-222.00 sec   718 KBytes  5.88 Mbits/sec  1.171 ms  610/1223 (50%)  
[  5] 222.00-223.00 sec   820 KBytes  6.72 Mbits/sec  1.100 ms  635/1335 (48%)  
[  5] 223.00-224.00 sec   705 KBytes  5.78 Mbits/sec  1.327 ms  578/1180 (49%)  
[  5] 224.00-225.00 sec   791 KBytes  6.48 Mbits/sec  1.064 ms  636/1311 (49%)  
[  5] 225.00-226.00 sec   717 KBytes  5.88 Mbits/sec  1.187 ms  553/1165 (47%)  
[  5] 226.00-227.00 sec   720 KBytes  5.89 Mbits/sec  1.110 ms  539/1153 (47%)  
[  5] 227.00-228.00 sec   820 KBytes  6.72 Mbits/sec  1.110 ms  634/1334 (48%)  
[  5] 228.00-229.00 sec   718 KBytes  5.89 Mbits/sec  1.162 ms  566/1179 (48%)  
[  5] 229.00-230.00 sec   819 KBytes  6.70 Mbits/sec  1.115 ms  647/1346 (48%)  
[  5] 230.00-231.00 sec   720 KBytes  5.90 Mbits/sec  1.132 ms  547/1161 (47%)  
[  5] 231.00-232.00 sec   820 KBytes  6.72 Mbits/sec  1.067 ms  621/1321 (47%)  
[  5] 232.00-233.00 sec   718 KBytes  5.88 Mbits/sec  1.084 ms  515/1128 (46%)  
[  5] 233.00-234.00 sec   820 KBytes  6.71 Mbits/sec  1.143 ms  639/1339 (48%)  
[  5] 234.00-235.00 sec   718 KBytes  5.89 Mbits/sec  1.161 ms  547/1160 (47%)  
[  5] 235.00-236.00 sec   811 KBytes  6.64 Mbits/sec  1.112 ms  603/1295 (47%)  
[  5] 236.00-237.00 sec   728 KBytes  5.96 Mbits/sec  1.149 ms  608/1229 (49%)  
[  5] 237.00-238.00 sec   810 KBytes  6.63 Mbits/sec  1.113 ms  666/1357 (49%)  
[  5] 238.00-239.00 sec   806 KBytes  6.60 Mbits/sec  1.118 ms  704/1392 (51%)  
[  5] 239.00-240.00 sec   720 KBytes  5.89 Mbits/sec  1.130 ms  559/1173 (48%)  
[  5] 240.00-241.00 sec   729 KBytes  5.97 Mbits/sec  1.097 ms  562/1184 (47%)  
[  5] 241.00-242.00 sec   720 KBytes  5.89 Mbits/sec  1.043 ms  547/1161 (47%)  
[  5] 242.00-243.00 sec   797 KBytes  6.53 Mbits/sec  1.064 ms  649/1329 (49%)  
[  5] 243.00-244.00 sec   689 KBytes  5.64 Mbits/sec  1.098 ms  523/1111 (47%)  
[  5] 244.00-245.00 sec   718 KBytes  5.88 Mbits/sec  1.107 ms  565/1178 (48%)  
[  5] 245.00-246.00 sec   720 KBytes  5.90 Mbits/sec  1.253 ms  562/1176 (48%)  
[  5] 246.00-247.00 sec   820 KBytes  6.72 Mbits/sec  1.214 ms  644/1344 (48%)  
[  5] 247.00-248.00 sec   718 KBytes  5.88 Mbits/sec  1.094 ms  541/1154 (47%)  
[  5] 248.00-249.00 sec   811 KBytes  6.64 Mbits/sec  1.122 ms  624/1316 (47%)  
[  5] 249.00-250.00 sec   720 KBytes  5.89 Mbits/sec  1.037 ms  549/1163 (47%)  
[  5] 250.00-251.00 sec   718 KBytes  5.88 Mbits/sec  1.106 ms  541/1154 (47%)  
[  5] 251.00-252.00 sec   718 KBytes  5.88 Mbits/sec  1.099 ms  547/1160 (47%)  
[  5] 252.00-253.00 sec   819 KBytes  6.71 Mbits/sec  1.115 ms  646/1345 (48%)  
[  5] 253.00-254.00 sec   819 KBytes  6.71 Mbits/sec  1.081 ms  707/1406 (50%)  
[  5] 254.00-255.00 sec   695 KBytes  5.70 Mbits/sec  1.080 ms  634/1227 (52%)  
[  5] 255.00-256.00 sec   819 KBytes  6.71 Mbits/sec  1.021 ms  682/1381 (49%)  
[  5] 256.00-257.00 sec   717 KBytes  5.88 Mbits/sec  1.118 ms  608/1220 (50%)  
[  5] 257.00-258.00 sec   720 KBytes  5.89 Mbits/sec  1.125 ms  596/1210 (49%)  
[  5] 258.00-259.00 sec   820 KBytes  6.72 Mbits/sec  1.146 ms  665/1365 (49%)  
[  5] 259.00-260.00 sec   689 KBytes  5.64 Mbits/sec  1.125 ms  548/1136 (48%)  
[  5] 260.00-261.00 sec   819 KBytes  6.72 Mbits/sec  1.154 ms  644/1343 (48%)  
[  5] 261.00-262.00 sec   718 KBytes  5.88 Mbits/sec  1.143 ms  593/1206 (49%)  
[  5] 262.00-263.00 sec   819 KBytes  6.71 Mbits/sec  1.120 ms  671/1370 (49%)  
[  5] 263.00-264.00 sec   852 KBytes  6.98 Mbits/sec  1.055 ms  700/1427 (49%)  
[  5] 264.00-265.00 sec   688 KBytes  5.63 Mbits/sec  1.058 ms  537/1124 (48%)  
[  5] 265.00-266.00 sec   810 KBytes  6.64 Mbits/sec  1.120 ms  610/1301 (47%)  
[  5] 266.00-267.00 sec   730 KBytes  5.98 Mbits/sec  1.069 ms  547/1170 (47%)  
[  5] 267.00-268.00 sec   810 KBytes  6.63 Mbits/sec  1.087 ms  606/1297 (47%)  
[  5] 268.00-269.00 sec   718 KBytes  5.89 Mbits/sec  1.219 ms  583/1196 (49%)  
[  5] 269.00-270.00 sec   820 KBytes  6.72 Mbits/sec  1.207 ms  687/1387 (50%)  
[  5] 270.00-271.00 sec   718 KBytes  5.88 Mbits/sec  1.126 ms  564/1177 (48%)  
[  5] 271.00-272.00 sec   820 KBytes  6.72 Mbits/sec  1.155 ms  629/1329 (47%)  
[  5] 272.00-273.00 sec   720 KBytes  5.90 Mbits/sec  1.175 ms  557/1171 (48%)  
[  5] 273.00-274.00 sec   718 KBytes  5.88 Mbits/sec  1.356 ms  554/1167 (47%)  
[  5] 274.00-275.00 sec   820 KBytes  6.72 Mbits/sec  1.112 ms  627/1327 (47%)  
[  5] 275.00-276.00 sec   705 KBytes  5.78 Mbits/sec  1.045 ms  544/1146 (47%)  
[  5] 276.00-277.00 sec   819 KBytes  6.71 Mbits/sec  1.084 ms  613/1312 (47%)  
[  5] 277.00-278.00 sec   718 KBytes  5.88 Mbits/sec  1.092 ms  568/1181 (48%)  
[  5] 278.00-279.00 sec   816 KBytes  6.68 Mbits/sec  1.110 ms  640/1336 (48%)  
[  5] 279.00-280.00 sec   820 KBytes  6.72 Mbits/sec  1.087 ms  630/1330 (47%)  
[  5] 280.00-281.00 sec   716 KBytes  5.86 Mbits/sec  1.204 ms  539/1150 (47%)  
[  5] 281.00-282.00 sec   742 KBytes  6.08 Mbits/sec  2.987 ms  559/1192 (47%)  
[  5] 282.00-283.00 sec   752 KBytes  6.16 Mbits/sec  1.173 ms  603/1245 (48%)  
[  5] 283.00-284.00 sec   840 KBytes  6.88 Mbits/sec  1.064 ms  682/1399 (49%)  
[  5] 284.00-285.00 sec   691 KBytes  5.66 Mbits/sec  0.993 ms  573/1163 (49%)  
[  5] 285.00-286.00 sec   837 KBytes  6.86 Mbits/sec  1.079 ms  689/1403 (49%)  
[  5] 286.00-287.00 sec   696 KBytes  5.70 Mbits/sec  1.119 ms  561/1155 (49%)  
[  5] 287.00-288.00 sec   848 KBytes  6.95 Mbits/sec  1.058 ms  676/1400 (48%)  
[  5] 288.00-289.00 sec   690 KBytes  5.65 Mbits/sec  1.102 ms  502/1091 (46%)  
[  5] 289.00-290.00 sec   717 KBytes  5.88 Mbits/sec  1.070 ms  548/1160 (47%)  
[  5] 290.00-291.00 sec   821 KBytes  6.73 Mbits/sec  1.049 ms  625/1326 (47%)  
[  5] 291.00-292.00 sec   717 KBytes  5.88 Mbits/sec  1.128 ms  516/1128 (46%)  
[  5] 292.00-293.00 sec   811 KBytes  6.64 Mbits/sec  1.156 ms  615/1307 (47%)  
[  5] 293.00-294.00 sec   728 KBytes  5.96 Mbits/sec  1.059 ms  574/1195 (48%)  
[  5] 294.00-295.00 sec   818 KBytes  6.70 Mbits/sec  0.997 ms  655/1353 (48%)  
[  5] 295.00-296.00 sec   716 KBytes  5.87 Mbits/sec  1.072 ms  553/1164 (48%)  
[  5] 296.00-297.00 sec   821 KBytes  6.73 Mbits/sec  1.001 ms  624/1325 (47%)  
[  5] 297.00-298.00 sec   718 KBytes  5.88 Mbits/sec  1.142 ms  525/1138 (46%)  
[  5] 298.00-299.00 sec   821 KBytes  6.73 Mbits/sec  1.039 ms  666/1367 (49%)  
[  5] 299.00-300.00 sec   718 KBytes  5.88 Mbits/sec  1.157 ms  565/1178 (48%)  
[  5] 300.00-301.00 sec   810 KBytes  6.64 Mbits/sec  1.145 ms  632/1323 (48%)  
[  5] 301.00-302.00 sec   729 KBytes  5.97 Mbits/sec  1.058 ms  594/1216 (49%)  
[  5] 302.00-303.00 sec   809 KBytes  6.63 Mbits/sec  1.141 ms  670/1360 (49%)  
[  5] 303.00-304.00 sec   715 KBytes  5.86 Mbits/sec  1.099 ms  585/1195 (49%)  
[  5] 304.00-305.00 sec   718 KBytes  5.88 Mbits/sec  1.135 ms  558/1171 (48%)  
[  5] 305.00-306.00 sec   715 KBytes  5.86 Mbits/sec  1.055 ms  569/1179 (48%)  
[  5] 306.00-307.00 sec   790 KBytes  6.47 Mbits/sec  1.128 ms  624/1298 (48%)  
[  5] 307.00-308.00 sec   720 KBytes  5.89 Mbits/sec  1.079 ms  550/1164 (47%)  
[  5] 308.00-309.00 sec   698 KBytes  5.72 Mbits/sec  1.017 ms  530/1126 (47%)  
[  5] 309.00-310.00 sec   720 KBytes  5.89 Mbits/sec  1.238 ms  561/1175 (48%)  
[  5] 310.00-311.00 sec   720 KBytes  5.89 Mbits/sec  1.082 ms  544/1158 (47%)  
[  5] 311.00-312.00 sec   688 KBytes  5.64 Mbits/sec  1.170 ms  557/1144 (49%)  
[  5] 312.00-313.00 sec   700 KBytes  5.73 Mbits/sec  1.032 ms  542/1139 (48%)  
[  5] 313.00-314.00 sec   627 KBytes  5.14 Mbits/sec  1.072 ms  463/998 (46%)  
[  5] 314.00-315.00 sec   689 KBytes  5.64 Mbits/sec  1.104 ms  538/1126 (48%)  
[  5] 315.00-316.00 sec   628 KBytes  5.15 Mbits/sec  1.127 ms  499/1035 (48%)  
[  5] 316.00-317.00 sec   779 KBytes  6.38 Mbits/sec  1.219 ms  628/1293 (49%)  
[  5] 317.00-318.00 sec   627 KBytes  5.14 Mbits/sec  1.068 ms  517/1052 (49%)  
[  5] 318.00-319.00 sec   689 KBytes  5.64 Mbits/sec  1.141 ms  561/1149 (49%)  
[  5] 319.00-320.00 sec   728 KBytes  5.96 Mbits/sec  1.065 ms  622/1243 (50%)  
[  5] 320.00-321.00 sec   688 KBytes  5.64 Mbits/sec  1.058 ms  552/1139 (48%)  
[  5] 321.00-322.00 sec   716 KBytes  5.86 Mbits/sec  1.117 ms  591/1202 (49%)  
[  5] 322.00-323.00 sec   720 KBytes  5.90 Mbits/sec  1.189 ms  624/1238 (50%)  
[  5] 323.00-324.00 sec   688 KBytes  5.63 Mbits/sec  1.190 ms  650/1237 (53%)  
[  5] 324.00-325.00 sec   709 KBytes  5.81 Mbits/sec  1.051 ms  656/1261 (52%)  
[  5] 325.00-326.00 sec   809 KBytes  6.63 Mbits/sec  1.296 ms  837/1527 (55%)  
[  5] 326.00-327.00 sec   720 KBytes  5.89 Mbits/sec  1.089 ms  669/1283 (52%)  
[  5] 327.00-328.00 sec   697 KBytes  5.72 Mbits/sec  1.150 ms  685/1280 (54%)  
[  5] 328.00-329.00 sec   710 KBytes  5.82 Mbits/sec  1.196 ms  765/1371 (56%)  
[  5] 329.00-330.00 sec   689 KBytes  5.64 Mbits/sec  1.036 ms  656/1244 (53%)  
[  5] 330.00-331.00 sec   709 KBytes  5.81 Mbits/sec  1.205 ms  644/1249 (52%)  
[  5] 331.00-332.00 sec   709 KBytes  5.81 Mbits/sec  1.141 ms  687/1292 (53%)  
[  5] 332.00-333.00 sec   797 KBytes  6.52 Mbits/sec  1.125 ms  790/1470 (54%)  
[  5] 333.00-334.00 sec   708 KBytes  5.80 Mbits/sec  1.022 ms  679/1283 (53%)  
[  5] 334.00-335.00 sec   709 KBytes  5.81 Mbits/sec  1.161 ms  631/1236 (51%)  
[  5] 335.00-336.00 sec   720 KBytes  5.90 Mbits/sec  1.046 ms  655/1269 (52%)  
[  5] 336.00-337.00 sec   679 KBytes  5.56 Mbits/sec  1.082 ms  615/1194 (52%)  
[  5] 337.00-338.00 sec   709 KBytes  5.81 Mbits/sec  1.126 ms  617/1222 (50%)  
[  5] 338.00-339.00 sec   619 KBytes  5.06 Mbits/sec  1.078 ms  533/1061 (50%)  
[  5] 339.00-340.00 sec   688 KBytes  5.64 Mbits/sec  1.373 ms  598/1185 (50%)  
[  5] 340.00-341.00 sec   709 KBytes  5.80 Mbits/sec  1.224 ms  607/1212 (50%)  
[  5] 341.00-342.00 sec   620 KBytes  5.08 Mbits/sec  1.154 ms  507/1036 (49%)  
[  5] 342.00-343.00 sec   809 KBytes  6.62 Mbits/sec  1.159 ms  686/1376 (50%)  
[  5] 343.00-344.00 sec   709 KBytes  5.81 Mbits/sec  1.143 ms  662/1267 (52%)  
[  5] 344.00-345.00 sec   689 KBytes  5.65 Mbits/sec  1.073 ms  612/1200 (51%)  
[  5] 345.00-346.00 sec   708 KBytes  5.80 Mbits/sec  1.169 ms  658/1262 (52%)  
[  5] 346.00-347.00 sec   720 KBytes  5.89 Mbits/sec  1.081 ms  619/1233 (50%)  
[  5] 347.00-348.00 sec   709 KBytes  5.81 Mbits/sec  1.187 ms  650/1255 (52%)  
[  5] 348.00-349.00 sec   708 KBytes  5.80 Mbits/sec  1.197 ms  643/1247 (52%)  
[  5] 349.00-350.00 sec   690 KBytes  5.65 Mbits/sec  1.205 ms  641/1230 (52%)  
[  5] 350.00-351.00 sec   709 KBytes  5.81 Mbits/sec  1.138 ms  644/1249 (52%)  
[  5] 351.00-352.00 sec   718 KBytes  5.88 Mbits/sec  1.143 ms  681/1294 (53%)  
[  5] 352.00-353.00 sec   709 KBytes  5.81 Mbits/sec  1.117 ms  684/1289 (53%)  
[  5] 353.00-354.00 sec   697 KBytes  5.71 Mbits/sec  1.251 ms  777/1372 (57%)  
[  5] 354.00-355.00 sec   689 KBytes  5.65 Mbits/sec  1.134 ms  675/1263 (53%)  
[  5] 355.00-356.00 sec   700 KBytes  5.73 Mbits/sec  1.215 ms  659/1256 (52%)  
[  5] 356.00-357.00 sec   718 KBytes  5.88 Mbits/sec  1.146 ms  636/1249 (51%)  
[  5] 357.00-358.00 sec   709 KBytes  5.81 Mbits/sec  1.162 ms  603/1208 (50%)  
[  5] 358.00-359.00 sec   809 KBytes  6.63 Mbits/sec  1.112 ms  738/1428 (52%)  
[  5] 359.00-360.00 sec   709 KBytes  5.81 Mbits/sec  1.088 ms  661/1266 (52%)  
[  5] 360.00-361.00 sec   689 KBytes  5.64 Mbits/sec  1.093 ms  628/1216 (52%)  
[  5] 361.00-362.00 sec   698 KBytes  5.71 Mbits/sec  1.166 ms  645/1241 (52%)  
[  5] 362.00-363.00 sec   709 KBytes  5.81 Mbits/sec  1.173 ms  614/1219 (50%)  
[  5] 363.00-364.00 sec   809 KBytes  6.62 Mbits/sec  1.181 ms  735/1425 (52%)  
[  5] 364.00-365.00 sec   709 KBytes  5.81 Mbits/sec  1.155 ms  677/1282 (53%)  
[  5] 365.00-366.00 sec   718 KBytes  5.88 Mbits/sec  1.147 ms  659/1272 (52%)  
[  5] 366.00-367.00 sec   698 KBytes  5.73 Mbits/sec  1.421 ms  628/1224 (51%)  
[  5] 367.00-368.00 sec   689 KBytes  5.64 Mbits/sec  1.112 ms  644/1232 (52%)  
[  5] 368.00-369.00 sec   709 KBytes  5.81 Mbits/sec  1.181 ms  666/1271 (52%)  
[  5] 369.00-370.00 sec   709 KBytes  5.80 Mbits/sec  1.152 ms  617/1222 (50%)  
[  5] 370.00-371.00 sec   718 KBytes  5.90 Mbits/sec  1.176 ms  624/1237 (50%)  
[  5] 371.00-372.00 sec   709 KBytes  5.81 Mbits/sec  1.094 ms  595/1200 (50%)  
[  5] 372.00-373.00 sec   689 KBytes  5.65 Mbits/sec  1.054 ms  599/1187 (50%)  
[  5] 373.00-374.00 sec   829 KBytes  6.78 Mbits/sec  1.116 ms  718/1425 (50%)  
[  5] 374.00-375.00 sec   689 KBytes  5.65 Mbits/sec  1.116 ms  579/1167 (50%)  
[  5] 375.00-376.00 sec   709 KBytes  5.81 Mbits/sec  1.200 ms  613/1218 (50%)  
[  5] 376.00-377.00 sec   718 KBytes  5.88 Mbits/sec  1.126 ms  648/1261 (51%)  
[  5] 377.00-378.00 sec   710 KBytes  5.82 Mbits/sec  1.125 ms  614/1220 (50%)  
[  5] 378.00-379.00 sec   698 KBytes  5.72 Mbits/sec  1.338 ms  608/1204 (50%)  
[  5] 379.00-380.00 sec   689 KBytes  5.65 Mbits/sec  1.109 ms  625/1213 (52%)  
[  5] 380.00-381.00 sec   618 KBytes  5.06 Mbits/sec  1.241 ms  553/1080 (51%)  
[  5] 381.00-382.00 sec   709 KBytes  5.81 Mbits/sec  1.109 ms  618/1223 (51%)  
[  5] 382.00-383.00 sec   689 KBytes  5.64 Mbits/sec  1.135 ms  621/1209 (51%)  
[  5] 383.00-384.00 sec   709 KBytes  5.80 Mbits/sec  1.263 ms  655/1260 (52%)  
[  5] 384.00-385.00 sec   709 KBytes  5.81 Mbits/sec  1.164 ms  658/1263 (52%)  
[  5] 385.00-386.00 sec   619 KBytes  5.07 Mbits/sec  1.193 ms  562/1090 (52%)  
[  5] 386.00-387.00 sec   689 KBytes  5.64 Mbits/sec  1.138 ms  610/1198 (51%)  
[  5] 387.00-388.00 sec   708 KBytes  5.80 Mbits/sec  1.243 ms  597/1201 (50%)  
[  5] 388.00-389.00 sec   619 KBytes  5.07 Mbits/sec  1.102 ms  521/1049 (50%)  
[  5] 389.00-390.00 sec   689 KBytes  5.64 Mbits/sec  1.017 ms  580/1168 (50%)  
[  5] 390.00-391.00 sec   709 KBytes  5.81 Mbits/sec  1.186 ms  608/1213 (50%)  
[  5] 391.00-392.00 sec   709 KBytes  5.81 Mbits/sec  1.150 ms  620/1225 (51%)  
[  5] 392.00-393.00 sec   720 KBytes  5.90 Mbits/sec  1.243 ms  704/1318 (53%)  
[  5] 393.00-394.00 sec   708 KBytes  5.80 Mbits/sec  1.224 ms  769/1373 (56%)  
[  5] 394.00-395.00 sec   718 KBytes  5.88 Mbits/sec  1.062 ms  677/1290 (52%)  
[  5] 395.00-396.00 sec   589 KBytes  4.83 Mbits/sec  1.087 ms  544/1047 (52%)  
[  5] 396.00-397.00 sec   710 KBytes  5.82 Mbits/sec  1.147 ms  677/1283 (53%)  
