Connecting to host 172.22.0.50, port 5202
Reverse mode, remote host 172.22.0.50 is sending
[  5] local 192.168.102.2 port 49627 connected to 172.22.0.50 port 5202
[ ID] Interval           Transfer     Bitrate         Jitter    Lost/Total Datagrams
[  5]   0.00-1.00   sec   440 KBytes  3.61 Mbits/sec  0.286 ms  0/4510 (0%)  
[  5]   1.00-2.00   sec   439 KBytes  3.60 Mbits/sec  0.297 ms  0/4498 (0%)  
[  5]   2.00-3.00   sec   439 KBytes  3.60 Mbits/sec  0.294 ms  0/4497 (0%)  
[  5]   3.00-4.00   sec   436 KBytes  3.58 Mbits/sec  0.601 ms  0/4469 (0%)  
[  5]   4.00-5.00   sec   442 KBytes  3.62 Mbits/sec  0.290 ms  0/4523 (0%)  
[  5]   5.00-6.00   sec   440 KBytes  3.61 Mbits/sec  0.275 ms  0/4510 (0%)  
[  5]   6.00-7.00   sec   437 KBytes  3.58 Mbits/sec  0.474 ms  0/4472 (0%)  
[  5]   7.00-8.00   sec   440 KBytes  3.61 Mbits/sec  0.335 ms  0/4507 (0%)  
[  5]   8.00-9.00   sec   441 KBytes  3.61 Mbits/sec  0.250 ms  0/4518 (0%)  
[  5]   9.00-10.00  sec   439 KBytes  3.60 Mbits/sec  0.306 ms  0/4500 (0%)  
[  5]  10.00-11.00  sec   440 KBytes  3.60 Mbits/sec  0.255 ms  0/4502 (0%)  
[  5]  11.00-12.00  sec   374 KBytes  3.07 Mbits/sec  0.372 ms  0/3834 (0%)  
[  5]  12.00-13.00  sec   362 KBytes  2.97 Mbits/sec  0.365 ms  0/3708 (0%)  
[  5]  13.00-14.00  sec   362 KBytes  2.97 Mbits/sec  0.348 ms  0/3708 (0%)  
[  5]  14.00-15.00  sec   364 KBytes  2.98 Mbits/sec  0.358 ms  0/3730 (0%)  
[  5]  15.00-16.00  sec   364 KBytes  2.98 Mbits/sec  0.398 ms  0/3732 (0%)  
[  5]  16.00-17.00  sec   369 KBytes  3.02 Mbits/sec  0.404 ms  0/3777 (0%)  
[  5]  17.00-18.00  sec   370 KBytes  3.03 Mbits/sec  0.357 ms  0/3786 (0%)  
[  5]  18.00-19.00  sec   364 KBytes  2.98 Mbits/sec  0.365 ms  0/3731 (0%)  
[  5]  19.00-20.00  sec   365 KBytes  2.99 Mbits/sec  0.377 ms  0/3742 (0%)  
[  5]  20.00-21.00  sec   376 KBytes  3.08 Mbits/sec  0.354 ms  0/3851 (0%)  
[  5]  21.00-22.00  sec   368 KBytes  3.02 Mbits/sec  0.400 ms  0/3772 (0%)  
[  5]  22.00-23.00  sec   363 KBytes  2.97 Mbits/sec  0.407 ms  0/3713 (0%)  
[  5]  23.00-24.00  sec   359 KBytes  2.94 Mbits/sec  0.354 ms  0/3672 (0%)  
[  5]  24.00-25.00  sec   368 KBytes  3.01 Mbits/sec  0.410 ms  0/3764 (0%)  
[  5]  25.00-26.00  sec   366 KBytes  2.99 Mbits/sec  0.298 ms  0/3744 (0%)  
[  5]  26.00-27.00  sec   364 KBytes  2.98 Mbits/sec  0.346 ms  0/3731 (0%)  
[  5]  27.00-28.00  sec   360 KBytes  2.95 Mbits/sec  0.342 ms  0/3686 (0%)  
[  5]  28.00-29.00  sec   321 KBytes  2.63 Mbits/sec  0.355 ms  0/3291 (0%)  
[  5]  29.00-30.00  sec   355 KBytes  2.91 Mbits/sec  0.340 ms  0/3640 (0%)  
[  5]  30.00-31.00  sec   352 KBytes  2.88 Mbits/sec  0.460 ms  0/3603 (0%)  
[  5]  31.00-32.00  sec   350 KBytes  2.86 Mbits/sec  0.421 ms  338/3918 (8.6%)  
[  5]  32.00-33.00  sec   362 KBytes  2.97 Mbits/sec  0.382 ms  0/3707 (0%)  
[  5]  33.00-34.00  sec   359 KBytes  2.94 Mbits/sec  0.430 ms  0/3680 (0%)  
[  5]  34.00-35.00  sec   359 KBytes  2.94 Mbits/sec  0.351 ms  0/3681 (0%)  
[  5]  35.00-36.00  sec   355 KBytes  2.91 Mbits/sec  0.299 ms  0/3635 (0%)  
[  5]  36.00-37.00  sec   359 KBytes  2.94 Mbits/sec  0.328 ms  0/3677 (0%)  
[  5]  37.00-38.00  sec   357 KBytes  2.92 Mbits/sec  0.386 ms  0/3654 (0%)  
[  5]  38.00-39.00  sec   347 KBytes  2.84 Mbits/sec  0.363 ms  0/3552 (0%)  
[  5]  39.00-40.00  sec   352 KBytes  2.89 Mbits/sec  0.392 ms  0/3608 (0%)  
[  5]  40.00-41.00  sec   357 KBytes  2.92 Mbits/sec  0.360 ms  0/3652 (0%)  
[  5]  41.00-42.00  sec   355 KBytes  2.90 Mbits/sec  0.349 ms  0/3631 (0%)  
[  5]  42.00-43.00  sec   354 KBytes  2.90 Mbits/sec  0.316 ms  0/3630 (0%)  
[  5]  43.00-44.00  sec   356 KBytes  2.92 Mbits/sec  0.358 ms  0/3649 (0%)  
[  5]  44.00-45.00  sec   363 KBytes  2.98 Mbits/sec  0.347 ms  0/3721 (0%)  
[  5]  45.00-46.00  sec   368 KBytes  3.01 Mbits/sec  0.372 ms  0/3768 (0%)  
[  5]  46.00-47.00  sec   356 KBytes  2.92 Mbits/sec  0.379 ms  0/3648 (0%)  
[  5]  47.00-48.00  sec   353 KBytes  2.89 Mbits/sec  0.367 ms  0/3617 (0%)  
[  5]  48.00-49.00  sec   362 KBytes  2.97 Mbits/sec  0.428 ms  0/3710 (0%)  
[  5]  49.00-50.00  sec   371 KBytes  3.04 Mbits/sec  0.349 ms  0/3794 (0%)  
[  5]  50.00-51.00  sec   367 KBytes  3.01 Mbits/sec  0.432 ms  0/3760 (0%)  
[  5]  51.00-52.00  sec   369 KBytes  3.02 Mbits/sec  0.297 ms  0/3775 (0%)  
[  5]  52.00-53.00  sec   372 KBytes  3.04 Mbits/sec  0.406 ms  0/3806 (0%)  
[  5]  53.00-54.00  sec   370 KBytes  3.03 Mbits/sec  0.331 ms  0/3785 (0%)  
[  5]  54.00-55.00  sec   363 KBytes  2.98 Mbits/sec  0.343 ms  0/3721 (0%)  
[  5]  55.00-56.00  sec   359 KBytes  2.94 Mbits/sec  0.349 ms  0/3672 (0%)  
[  5]  56.00-57.00  sec   355 KBytes  2.91 Mbits/sec  0.382 ms  0/3631 (0%)  
[  5]  57.00-58.00  sec   354 KBytes  2.90 Mbits/sec  0.354 ms  0/3630 (0%)  
[  5]  58.00-59.00  sec   361 KBytes  2.96 Mbits/sec  0.420 ms  0/3699 (0%)  
[  5]  59.00-60.00  sec   363 KBytes  2.98 Mbits/sec  0.360 ms  0/3721 (0%)  
[  5]  60.00-61.00  sec   359 KBytes  2.94 Mbits/sec  0.486 ms  0/3681 (0%)  
[  5]  61.00-62.00  sec   365 KBytes  2.99 Mbits/sec  0.408 ms  0/3737 (0%)  
[  5]  62.00-63.00  sec   366 KBytes  3.00 Mbits/sec  0.356 ms  0/3748 (0%)  
[  5]  63.00-64.00  sec   365 KBytes  2.99 Mbits/sec  0.402 ms  0/3742 (0%)  
[  5]  64.00-65.00  sec   358 KBytes  2.94 Mbits/sec  0.356 ms  0/3671 (0%)  
[  5]  65.00-66.00  sec   369 KBytes  3.02 Mbits/sec  0.361 ms  0/3776 (0%)  
[  5]  66.00-67.00  sec   368 KBytes  3.01 Mbits/sec  0.343 ms  0/3767 (0%)  
[  5]  67.00-68.00  sec   367 KBytes  3.01 Mbits/sec  0.378 ms  0/3756 (0%)  
[  5]  68.00-69.00  sec   367 KBytes  3.01 Mbits/sec  0.338 ms  0/3762 (0%)  
[  5]  69.00-70.00  sec   367 KBytes  3.00 Mbits/sec  0.331 ms  0/3754 (0%)  
[  5]  70.00-71.00  sec   354 KBytes  2.90 Mbits/sec  0.387 ms  0/3630 (0%)  
[  5]  71.00-72.00  sec   357 KBytes  2.92 Mbits/sec  0.460 ms  0/3654 (0%)  
[  5]  72.00-73.00  sec   357 KBytes  2.92 Mbits/sec  0.480 ms  0/3653 (0%)  
[  5]  73.00-74.00  sec   366 KBytes  3.00 Mbits/sec  0.423 ms  0/3751 (0%)  
[  5]  74.00-75.00  sec   357 KBytes  2.92 Mbits/sec  0.419 ms  0/3661 (0%)  
[  5]  75.00-76.00  sec   367 KBytes  3.00 Mbits/sec  0.348 ms  0/3753 (0%)  
[  5]  76.00-77.00  sec   370 KBytes  3.03 Mbits/sec  0.335 ms  0/3787 (0%)  
[  5]  77.00-78.00  sec   370 KBytes  3.03 Mbits/sec  0.336 ms  0/3785 (0%)  
[  5]  78.00-79.00  sec   361 KBytes  2.96 Mbits/sec  0.361 ms  0/3700 (0%)  
[  5]  79.00-80.00  sec   364 KBytes  2.98 Mbits/sec  0.331 ms  0/3731 (0%)  
[  5]  80.00-81.00  sec   357 KBytes  2.92 Mbits/sec  0.387 ms  0/3654 (0%)  
[  5]  81.00-82.00  sec   368 KBytes  3.02 Mbits/sec  0.325 ms  0/3771 (0%)  
[  5]  82.00-83.00  sec   369 KBytes  3.02 Mbits/sec  0.313 ms  0/3781 (0%)  
[  5]  83.00-84.00  sec   365 KBytes  2.99 Mbits/sec  0.303 ms  0/3736 (0%)  
[  5]  84.00-85.00  sec   354 KBytes  2.90 Mbits/sec  0.459 ms  0/3626 (0%)  
[  5]  85.00-86.00  sec   361 KBytes  2.96 Mbits/sec  0.333 ms  0/3694 (0%)  
[  5]  86.00-87.00  sec   358 KBytes  2.93 Mbits/sec  0.478 ms  0/3665 (0%)  
[  5]  87.00-88.00  sec   353 KBytes  2.89 Mbits/sec  0.575 ms  0/3611 (0%)  
[  5]  88.00-89.00  sec   361 KBytes  2.95 Mbits/sec  0.322 ms  0/3698 (0%)  
[  5]  89.00-90.00  sec   363 KBytes  2.98 Mbits/sec  0.372 ms  0/3717 (0%)  
[  5]  90.00-91.00  sec   366 KBytes  3.00 Mbits/sec  0.293 ms  0/3745 (0%)  
[  5]  91.00-92.00  sec   358 KBytes  2.93 Mbits/sec  0.343 ms  0/3663 (0%)  
[  5]  92.00-93.00  sec   360 KBytes  2.95 Mbits/sec  0.382 ms  0/3685 (0%)  
[  5]  93.00-94.00  sec   354 KBytes  2.90 Mbits/sec  0.336 ms  0/3629 (0%)  
[  5]  94.00-95.00  sec   355 KBytes  2.91 Mbits/sec  0.329 ms  0/3636 (0%)  
[  5]  95.00-96.00  sec   352 KBytes  2.88 Mbits/sec  0.321 ms  0/3603 (0%)  
[  5]  96.00-97.00  sec   352 KBytes  2.89 Mbits/sec  0.352 ms  0/3607 (0%)  
[  5]  97.00-98.00  sec   350 KBytes  2.87 Mbits/sec  0.316 ms  0/3589 (0%)  
[  5]  98.00-99.00  sec   358 KBytes  2.93 Mbits/sec  0.353 ms  0/3663 (0%)  
[  5]  99.00-100.00 sec   343 KBytes  2.81 Mbits/sec  0.503 ms  0/3516 (0%)  
[  5] 100.00-101.00 sec   352 KBytes  2.88 Mbits/sec  0.342 ms  0/3602 (0%)  
[  5] 101.00-102.00 sec   353 KBytes  2.89 Mbits/sec  0.338 ms  0/3612 (0%)  
[  5] 102.00-103.00 sec   368 KBytes  3.02 Mbits/sec  0.343 ms  0/3773 (0%)  
[  5] 103.00-104.00 sec   358 KBytes  2.93 Mbits/sec  0.334 ms  0/3662 (0%)  
[  5] 104.00-105.00 sec   352 KBytes  2.89 Mbits/sec  0.374 ms  0/3608 (0%)  
[  5] 105.00-106.00 sec   367 KBytes  3.01 Mbits/sec  0.367 ms  0/3759 (0%)  
[  5] 106.00-107.00 sec   365 KBytes  2.99 Mbits/sec  0.371 ms  0/3739 (0%)  
[  5] 107.00-108.00 sec   363 KBytes  2.98 Mbits/sec  0.343 ms  0/3719 (0%)  
[  5] 108.00-109.00 sec   361 KBytes  2.96 Mbits/sec  0.349 ms  0/3698 (0%)  
[  5] 109.00-110.00 sec   362 KBytes  2.97 Mbits/sec  0.457 ms  0/3708 (0%)  
[  5] 110.00-111.00 sec   362 KBytes  2.96 Mbits/sec  0.395 ms  0/3704 (0%)  
[  5] 111.00-112.00 sec   356 KBytes  2.92 Mbits/sec  0.464 ms  0/3649 (0%)  
[  5] 112.00-113.00 sec   362 KBytes  2.96 Mbits/sec  0.357 ms  0/3703 (0%)  
[  5] 113.00-114.00 sec   360 KBytes  2.95 Mbits/sec  0.348 ms  0/3685 (0%)  
[  5] 114.00-115.00 sec   360 KBytes  2.95 Mbits/sec  0.346 ms  0/3685 (0%)  
[  5] 115.00-116.00 sec   358 KBytes  2.93 Mbits/sec  0.384 ms  0/3664 (0%)  
[  5] 116.00-117.00 sec   362 KBytes  2.97 Mbits/sec  0.326 ms  0/3707 (0%)  
[  5] 117.00-118.00 sec   367 KBytes  3.00 Mbits/sec  0.309 ms  0/3754 (0%)  
[  5] 118.00-119.00 sec   365 KBytes  2.99 Mbits/sec  0.318 ms  0/3741 (0%)  
[  5] 119.00-120.00 sec   360 KBytes  2.95 Mbits/sec  0.359 ms  0/3685 (0%)  
[  5] 120.00-121.00 sec   361 KBytes  2.96 Mbits/sec  0.339 ms  0/3698 (0%)  
[  5] 121.00-122.00 sec   351 KBytes  2.87 Mbits/sec  0.442 ms  0/3595 (0%)  
[  5] 122.00-123.00 sec   365 KBytes  2.99 Mbits/sec  0.330 ms  0/3740 (0%)  
[  5] 123.00-124.00 sec   367 KBytes  3.01 Mbits/sec  0.330 ms  0/3758 (0%)  
[  5] 124.00-125.00 sec   363 KBytes  2.97 Mbits/sec  0.408 ms  0/3719 (0%)  
[  5] 125.00-126.00 sec   365 KBytes  2.99 Mbits/sec  0.358 ms  0/3739 (0%)  
[  5] 126.00-127.00 sec   280 KBytes  2.29 Mbits/sec  0.219 ms  314/3177 (9.9%)  
[  5] 127.00-128.00 sec   342 KBytes  2.80 Mbits/sec  0.224 ms  845/4342 (19%)  
[  5] 128.00-129.00 sec   356 KBytes  2.92 Mbits/sec  0.223 ms  1119/4769 (23%)  
[  5] 129.00-130.00 sec   305 KBytes  2.49 Mbits/sec  0.210 ms  918/4037 (23%)  
[  5] 130.00-131.00 sec   361 KBytes  2.96 Mbits/sec  0.219 ms  822/4515 (18%)  
[  5] 131.00-132.00 sec   364 KBytes  2.98 Mbits/sec  0.223 ms  888/4611 (19%)  
[  5] 132.00-133.00 sec   362 KBytes  2.97 Mbits/sec  0.243 ms  859/4567 (19%)  
[  5] 133.00-134.00 sec   358 KBytes  2.94 Mbits/sec  0.206 ms  832/4502 (18%)  
[  5] 134.00-135.00 sec   371 KBytes  3.03 Mbits/sec  0.214 ms  858/4657 (18%)  
[  5] 135.00-136.00 sec   357 KBytes  2.92 Mbits/sec  0.224 ms  883/4535 (19%)  
[  5] 136.00-137.00 sec   288 KBytes  2.36 Mbits/sec  0.217 ms  1149/4100 (28%)  
[  5] 137.00-138.00 sec   356 KBytes  2.92 Mbits/sec  0.222 ms  836/4484 (19%)  
[  5] 138.00-139.00 sec   353 KBytes  2.89 Mbits/sec  0.222 ms  918/4536 (20%)  
[  5] 139.00-140.00 sec   340 KBytes  2.78 Mbits/sec  0.217 ms  1000/4478 (22%)  
[  5] 140.00-141.00 sec   371 KBytes  3.04 Mbits/sec  0.219 ms  833/4633 (18%)  
[  5] 141.00-142.00 sec   357 KBytes  2.93 Mbits/sec  0.214 ms  879/4537 (19%)  
[  5] 142.00-143.00 sec   361 KBytes  2.95 Mbits/sec  0.223 ms  944/4636 (20%)  
[  5] 143.00-144.00 sec   371 KBytes  3.04 Mbits/sec  0.229 ms  735/4539 (16%)  
[  5] 144.00-145.00 sec   303 KBytes  2.48 Mbits/sec  0.215 ms  810/3916 (21%)  
[  5] 145.00-146.00 sec   352 KBytes  2.89 Mbits/sec  0.206 ms  981/4589 (21%)  
[  5] 146.00-147.00 sec   362 KBytes  2.97 Mbits/sec  0.220 ms  815/4523 (18%)  
[  5] 147.00-148.00 sec   348 KBytes  2.85 Mbits/sec  0.215 ms  974/4536 (21%)  
[  5] 148.00-149.00 sec   338 KBytes  2.76 Mbits/sec  0.216 ms  1102/4558 (24%)  
[  5] 149.00-150.00 sec   362 KBytes  2.97 Mbits/sec  0.218 ms  1049/4759 (22%)  
[  5] 150.00-151.00 sec   358 KBytes  2.93 Mbits/sec  0.221 ms  985/4648 (21%)  
[  5] 151.00-152.00 sec   354 KBytes  2.90 Mbits/sec  0.241 ms  940/4563 (21%)  
[  5] 152.00-153.00 sec   370 KBytes  3.04 Mbits/sec  0.216 ms  842/4635 (18%)  
[  5] 153.00-154.00 sec   314 KBytes  2.57 Mbits/sec  0.216 ms  741/3953 (19%)  
[  5] 154.00-155.00 sec   366 KBytes  3.00 Mbits/sec  0.212 ms  886/4636 (19%)  
[  5] 155.00-156.00 sec   355 KBytes  2.91 Mbits/sec  0.210 ms  846/4482 (19%)  
[  5] 156.00-157.00 sec   350 KBytes  2.87 Mbits/sec  0.235 ms  924/4509 (20%)  
[  5] 157.00-158.00 sec   362 KBytes  2.97 Mbits/sec  0.220 ms  991/4699 (21%)  
[  5] 158.00-159.00 sec   326 KBytes  2.67 Mbits/sec  0.218 ms  931/4265 (22%)  
[  5] 159.00-160.00 sec   365 KBytes  2.99 Mbits/sec  0.218 ms  1208/4950 (24%)  
[  5] 160.00-161.00 sec   317 KBytes  2.59 Mbits/sec  0.209 ms  684/3930 (17%)  
[  5] 161.00-162.00 sec   366 KBytes  3.01 Mbits/sec  0.219 ms  837/4589 (18%)  
[  5] 162.00-163.00 sec   347 KBytes  2.84 Mbits/sec  0.229 ms  869/4421 (20%)  
[  5] 163.00-164.00 sec   362 KBytes  2.97 Mbits/sec  0.221 ms  723/4431 (16%)  
[  5] 164.00-165.00 sec   371 KBytes  3.04 Mbits/sec  0.255 ms  940/4740 (20%)  
[  5] 165.00-166.00 sec   370 KBytes  3.04 Mbits/sec  0.218 ms  944/4737 (20%)  
[  5] 166.00-167.00 sec   362 KBytes  2.97 Mbits/sec  0.208 ms  919/4627 (20%)  
[  5] 167.00-168.00 sec   362 KBytes  2.97 Mbits/sec  0.197 ms  778/4486 (17%)  
[  5] 168.00-169.00 sec   324 KBytes  2.66 Mbits/sec  0.239 ms  684/4004 (17%)  
[  5] 169.00-170.00 sec   356 KBytes  2.92 Mbits/sec  0.214 ms  879/4527 (19%)  
[  5] 170.00-171.00 sec   371 KBytes  3.04 Mbits/sec  0.219 ms  853/4657 (18%)  
[  5] 171.00-172.00 sec   339 KBytes  2.78 Mbits/sec  0.214 ms  929/4402 (21%)  
[  5] 172.00-173.00 sec   371 KBytes  3.04 Mbits/sec  0.219 ms  760/4560 (17%)  
[  5] 173.00-174.00 sec   362 KBytes  2.97 Mbits/sec  0.213 ms  887/4595 (19%)  
[  5] 174.00-175.00 sec   315 KBytes  2.58 Mbits/sec  0.216 ms  767/3997 (19%)  
[  5] 175.00-176.00 sec   367 KBytes  3.01 Mbits/sec  0.223 ms  806/4569 (18%)  
[  5] 176.00-177.00 sec   356 KBytes  2.92 Mbits/sec  0.322 ms  830/4478 (19%)  
[  5] 177.00-178.00 sec   360 KBytes  2.95 Mbits/sec  0.218 ms  911/4597 (20%)  
[  5] 178.00-179.00 sec   362 KBytes  2.97 Mbits/sec  0.198 ms  765/4474 (17%)  
[  5] 179.00-180.00 sec   371 KBytes  3.04 Mbits/sec  0.218 ms  932/4731 (20%)  
[  5] 180.00-181.00 sec   339 KBytes  2.78 Mbits/sec  0.208 ms  1154/4626 (25%)  
[  5] 181.00-182.00 sec   368 KBytes  3.02 Mbits/sec  0.238 ms  1012/4784 (21%)  
[  5] 182.00-183.00 sec   325 KBytes  2.66 Mbits/sec  0.253 ms  981/4307 (23%)  
[  5] 183.00-184.00 sec   370 KBytes  3.03 Mbits/sec  0.243 ms  1167/4956 (24%)  
[  5] 184.00-185.00 sec   275 KBytes  2.25 Mbits/sec  0.447 ms  1085/3896 (28%)  
[  5] 185.00-186.00 sec   332 KBytes  2.72 Mbits/sec  0.426 ms  981/4376 (22%)  
[  5] 186.00-187.00 sec   362 KBytes  2.97 Mbits/sec  0.218 ms  906/4614 (20%)  
[  5] 187.00-188.00 sec   323 KBytes  2.64 Mbits/sec  0.204 ms  1143/4449 (26%)  
[  5] 188.00-189.00 sec   317 KBytes  2.59 Mbits/sec  0.207 ms  706/3951 (18%)  
[  5] 189.00-190.00 sec   362 KBytes  2.96 Mbits/sec  0.231 ms  1026/4728 (22%)  
[  5] 190.00-191.00 sec   330 KBytes  2.70 Mbits/sec  0.218 ms  1022/4400 (23%)  
[  5] 191.00-192.00 sec   336 KBytes  2.75 Mbits/sec  0.209 ms  1363/4804 (28%)  
[  5] 192.00-193.00 sec   330 KBytes  2.70 Mbits/sec  0.310 ms  1086/4462 (24%)  
[  5] 193.00-194.00 sec   355 KBytes  2.91 Mbits/sec  0.215 ms  1019/4654 (22%)  
[  5] 194.00-195.00 sec   317 KBytes  2.60 Mbits/sec  0.207 ms  724/3970 (18%)  
[  5] 195.00-196.00 sec   334 KBytes  2.73 Mbits/sec  0.225 ms  963/4379 (22%)  
[  5] 196.00-197.00 sec   362 KBytes  2.97 Mbits/sec  0.218 ms  1052/4760 (22%)  
[  5] 197.00-198.00 sec   371 KBytes  3.04 Mbits/sec  0.212 ms  933/4737 (20%)  
[  5] 198.00-199.00 sec   344 KBytes  2.82 Mbits/sec  0.221 ms  1041/4561 (23%)  
[  5] 199.00-200.00 sec   349 KBytes  2.86 Mbits/sec  0.209 ms  976/4547 (21%)  
[  5] 200.00-201.00 sec   362 KBytes  2.97 Mbits/sec  0.213 ms  870/4577 (19%)  
[  5] 201.00-202.00 sec   357 KBytes  2.92 Mbits/sec  0.217 ms  806/4458 (18%)  
[  5] 202.00-203.00 sec   371 KBytes  3.04 Mbits/sec  0.212 ms  801/4598 (17%)  
[  5] 203.00-204.00 sec   304 KBytes  2.49 Mbits/sec  0.215 ms  789/3902 (20%)  
[  5] 204.00-205.00 sec   370 KBytes  3.03 Mbits/sec  0.207 ms  814/4598 (18%)  
[  5] 205.00-206.00 sec   354 KBytes  2.90 Mbits/sec  0.210 ms  962/4591 (21%)  
[  5] 206.00-207.00 sec   340 KBytes  2.78 Mbits/sec  0.219 ms  1080/4559 (24%)  
[  5] 207.00-208.00 sec   363 KBytes  2.97 Mbits/sec  0.195 ms  1000/4718 (21%)  
[  5] 208.00-209.00 sec   362 KBytes  2.96 Mbits/sec  0.213 ms  922/4630 (20%)  
[  5] 209.00-210.00 sec   326 KBytes  2.67 Mbits/sec  0.212 ms  783/4120 (19%)  
[  5] 210.00-211.00 sec   362 KBytes  2.97 Mbits/sec  0.218 ms  858/4567 (19%)  
[  5] 211.00-212.00 sec   366 KBytes  2.99 Mbits/sec  0.215 ms  903/4646 (19%)  
[  5] 212.00-213.00 sec   358 KBytes  2.93 Mbits/sec  0.217 ms  878/4540 (19%)  
[  5] 213.00-214.00 sec   362 KBytes  2.97 Mbits/sec  0.213 ms  792/4500 (18%)  
[  5] 214.00-215.00 sec   337 KBytes  2.76 Mbits/sec  0.212 ms  1181/4635 (25%)  
[  5] 215.00-216.00 sec   317 KBytes  2.59 Mbits/sec  0.212 ms  735/3979 (18%)  
[  5] 216.00-217.00 sec   357 KBytes  2.92 Mbits/sec  0.219 ms  803/4458 (18%)  
[  5] 217.00-218.00 sec   313 KBytes  2.56 Mbits/sec  1.482 ms  819/4023 (20%)  
[  5] 218.00-219.00 sec   325 KBytes  2.66 Mbits/sec  0.220 ms  1114/4439 (25%)  
[  5] 219.00-220.00 sec   371 KBytes  3.04 Mbits/sec  0.214 ms  819/4619 (18%)  
[  5] 220.00-221.00 sec   345 KBytes  2.83 Mbits/sec  0.219 ms  927/4459 (21%)  
[  5] 221.00-222.00 sec   356 KBytes  2.91 Mbits/sec  0.205 ms  966/4608 (21%)  
[  5] 222.00-223.00 sec   317 KBytes  2.60 Mbits/sec  0.215 ms  818/4064 (20%)  
[  5] 223.00-224.00 sec   371 KBytes  3.04 Mbits/sec  0.215 ms  944/4744 (20%)  
[  5] 224.00-225.00 sec   338 KBytes  2.77 Mbits/sec  0.213 ms  1136/4597 (25%)  
[  5] 225.00-226.00 sec   356 KBytes  2.91 Mbits/sec  0.194 ms  889/4530 (20%)  
[  5] 226.00-227.00 sec   348 KBytes  2.85 Mbits/sec  0.574 ms  1104/4668 (24%)  
[  5] 227.00-228.00 sec   362 KBytes  2.97 Mbits/sec  0.213 ms  843/4551 (19%)  
[  5] 228.00-229.00 sec   367 KBytes  3.00 Mbits/sec  0.219 ms  821/4575 (18%)  
[  5] 229.00-230.00 sec   331 KBytes  2.72 Mbits/sec  0.212 ms  1141/4535 (25%)  
[  5] 230.00-231.00 sec   357 KBytes  2.92 Mbits/sec  0.217 ms  897/4553 (20%)  
[  5] 231.00-232.00 sec   334 KBytes  2.74 Mbits/sec  0.236 ms  840/4259 (20%)  
[  5] 232.00-233.00 sec   323 KBytes  2.65 Mbits/sec  0.221 ms  1113/4425 (25%)  
[  5] 233.00-234.00 sec   371 KBytes  3.04 Mbits/sec  0.230 ms  797/4597 (17%)  
[  5] 234.00-235.00 sec   362 KBytes  2.97 Mbits/sec  0.218 ms  772/4480 (17%)  
[  5] 235.00-236.00 sec   369 KBytes  3.03 Mbits/sec  0.202 ms  897/4679 (19%)  
[  5] 236.00-237.00 sec   362 KBytes  2.97 Mbits/sec  0.217 ms  1001/4709 (21%)  
[  5] 237.00-238.00 sec   362 KBytes  2.97 Mbits/sec  0.237 ms  1081/4790 (23%)  
[  5] 238.00-239.00 sec   304 KBytes  2.49 Mbits/sec  4.540 ms  1178/4286 (27%)  
[  5] 239.00-240.00 sec   368 KBytes  3.01 Mbits/sec  0.223 ms  979/4745 (21%)  
[  5] 240.00-241.00 sec   359 KBytes  2.94 Mbits/sec  0.214 ms  896/4575 (20%)  
[  5] 241.00-242.00 sec   345 KBytes  2.82 Mbits/sec  0.212 ms  967/4495 (22%)  
[  5] 242.00-243.00 sec   371 KBytes  3.04 Mbits/sec  0.215 ms  766/4570 (17%)  
[  5] 243.00-244.00 sec   347 KBytes  2.84 Mbits/sec  0.208 ms  936/4486 (21%)  
[  5] 244.00-245.00 sec   337 KBytes  2.76 Mbits/sec  0.219 ms  1176/4627 (25%)  
[  5] 245.00-246.00 sec   362 KBytes  2.97 Mbits/sec  0.214 ms  757/4465 (17%)  
[  5] 246.00-247.00 sec   316 KBytes  2.59 Mbits/sec  0.214 ms  795/4027 (20%)  
[  5] 247.00-248.00 sec   371 KBytes  3.04 Mbits/sec  0.215 ms  869/4664 (19%)  
[  5] 248.00-249.00 sec   362 KBytes  2.97 Mbits/sec  0.215 ms  810/4518 (18%)  
[  5] 249.00-250.00 sec   360 KBytes  2.95 Mbits/sec  0.205 ms  989/4677 (21%)  
[  5] 250.00-251.00 sec   351 KBytes  2.88 Mbits/sec  0.214 ms  760/4359 (17%)  
[  5] 251.00-252.00 sec   371 KBytes  3.04 Mbits/sec  0.242 ms  803/4603 (17%)  
[  5] 252.00-253.00 sec   360 KBytes  2.95 Mbits/sec  0.217 ms  881/4563 (19%)  
[  5] 253.00-254.00 sec   325 KBytes  2.66 Mbits/sec  0.270 ms  884/4211 (21%)  
[  5] 254.00-255.00 sec   355 KBytes  2.91 Mbits/sec  0.258 ms  1423/5060 (28%)  
[  5] 255.00-256.00 sec   333 KBytes  2.73 Mbits/sec  0.215 ms  1162/4570 (25%)  
[  5] 256.00-257.00 sec   362 KBytes  2.96 Mbits/sec  0.212 ms  992/4697 (21%)  
[  5] 257.00-258.00 sec   317 KBytes  2.60 Mbits/sec  0.197 ms  682/3928 (17%)  
[  5] 258.00-259.00 sec   348 KBytes  2.85 Mbits/sec  0.374 ms  814/4377 (19%)  
[  5] 259.00-260.00 sec   347 KBytes  2.84 Mbits/sec  0.220 ms  1102/4658 (24%)  
[  5] 260.00-261.00 sec   371 KBytes  3.04 Mbits/sec  0.216 ms  828/4628 (18%)  
[  5] 261.00-262.00 sec   316 KBytes  2.59 Mbits/sec  0.337 ms  680/3913 (17%)  
[  5] 262.00-263.00 sec   349 KBytes  2.86 Mbits/sec  0.237 ms  774/4350 (18%)  
[  5] 263.00-264.00 sec   362 KBytes  2.97 Mbits/sec  0.207 ms  1087/4795 (23%)  
[  5] 264.00-265.00 sec   343 KBytes  2.81 Mbits/sec  0.218 ms  1110/4618 (24%)  
[  5] 265.00-266.00 sec   371 KBytes  3.04 Mbits/sec  0.214 ms  799/4599 (17%)  
[  5] 266.00-267.00 sec   288 KBytes  2.36 Mbits/sec  0.257 ms  1020/3974 (26%)  
[  5] 267.00-268.00 sec   369 KBytes  3.02 Mbits/sec  0.219 ms  899/4675 (19%)  
[  5] 268.00-269.00 sec   362 KBytes  2.97 Mbits/sec  0.216 ms  868/4576 (19%)  
[  5] 269.00-270.00 sec   361 KBytes  2.96 Mbits/sec  0.218 ms  978/4679 (21%)  
[  5] 270.00-271.00 sec   362 KBytes  2.97 Mbits/sec  0.216 ms  800/4508 (18%)  
[  5] 271.00-272.00 sec   398 KBytes  3.26 Mbits/sec  0.221 ms  949/5021 (19%)  
[  5] 272.00-273.00 sec   320 KBytes  2.62 Mbits/sec  0.294 ms  811/4086 (20%)  
[  5] 273.00-274.00 sec   348 KBytes  2.85 Mbits/sec  0.220 ms  1117/4680 (24%)  
[  5] 274.00-275.00 sec   325 KBytes  2.66 Mbits/sec  0.216 ms  1149/4473 (26%)  
[  5] 275.00-276.00 sec   341 KBytes  2.79 Mbits/sec  0.239 ms  880/4372 (20%)  
[  5] 276.00-277.00 sec   319 KBytes  2.61 Mbits/sec  0.227 ms  756/4020 (19%)  
[  5] 277.00-278.00 sec   362 KBytes  2.96 Mbits/sec  0.217 ms  787/4489 (18%)  
[  5] 278.00-279.00 sec   363 KBytes  2.98 Mbits/sec  0.218 ms  892/4611 (19%)  
[  5] 279.00-280.00 sec   317 KBytes  2.60 Mbits/sec  0.218 ms  817/4063 (20%)  
[  5] 280.00-281.00 sec   349 KBytes  2.86 Mbits/sec  0.217 ms  1030/4608 (22%)  
[  5] 281.00-282.00 sec   362 KBytes  2.97 Mbits/sec  0.212 ms  957/4665 (21%)  
[  5] 282.00-283.00 sec   317 KBytes  2.59 Mbits/sec  0.215 ms  733/3978 (18%)  
[  5] 283.00-284.00 sec   329 KBytes  2.70 Mbits/sec  0.207 ms  1331/4696 (28%)  
[  5] 284.00-285.00 sec   357 KBytes  2.92 Mbits/sec  0.218 ms  934/4587 (20%)  
[  5] 285.00-286.00 sec   332 KBytes  2.72 Mbits/sec  0.214 ms  1147/4544 (25%)  
[  5] 286.00-287.00 sec   362 KBytes  2.96 Mbits/sec  0.216 ms  933/4635 (20%)  
[  5] 287.00-288.00 sec   355 KBytes  2.91 Mbits/sec  0.215 ms  946/4579 (21%)  
[  5] 288.00-289.00 sec   371 KBytes  3.04 Mbits/sec  0.216 ms  842/4642 (18%)  
[  5] 289.00-290.00 sec   289 KBytes  2.36 Mbits/sec  0.921 ms  946/3901 (24%)  
[  5] 290.00-291.00 sec   352 KBytes  2.88 Mbits/sec  0.209 ms  931/4531 (21%)  
[  5] 291.00-292.00 sec   335 KBytes  2.74 Mbits/sec  0.222 ms  989/4419 (22%)  
[  5] 292.00-293.00 sec   304 KBytes  2.49 Mbits/sec  0.220 ms  609/3720 (16%)  
[  5] 293.00-294.00 sec   368 KBytes  3.01 Mbits/sec  0.317 ms  951/4715 (20%)  
[  5] 294.00-295.00 sec   318 KBytes  2.61 Mbits/sec  0.219 ms  1157/4417 (26%)  
[  5] 295.00-296.00 sec   360 KBytes  2.95 Mbits/sec  0.208 ms  980/4664 (21%)  
[  5] 296.00-297.00 sec   356 KBytes  2.92 Mbits/sec  0.212 ms  1047/4693 (22%)  
[  5] 297.00-298.00 sec   361 KBytes  2.95 Mbits/sec  0.219 ms  1161/4854 (24%)  
[  5] 298.00-299.00 sec   350 KBytes  2.86 Mbits/sec  0.214 ms  1110/4690 (24%)  
[  5] 299.00-300.00 sec   362 KBytes  2.96 Mbits/sec  0.199 ms  1059/4765 (22%)  
[  5] 300.00-301.00 sec   351 KBytes  2.88 Mbits/sec  0.218 ms  1027/4619 (22%)  
[  5] 301.00-302.00 sec   360 KBytes  2.95 Mbits/sec  0.218 ms  919/4606 (20%)  
[  5] 302.00-303.00 sec   371 KBytes  3.04 Mbits/sec  0.216 ms  892/4692 (19%)  
[  5] 303.00-304.00 sec   349 KBytes  2.86 Mbits/sec  0.217 ms  1165/4738 (25%)  
[  5] 304.00-305.00 sec   356 KBytes  2.92 Mbits/sec  0.211 ms  1164/4813 (24%)  
[  5] 305.00-306.00 sec   312 KBytes  2.56 Mbits/sec  0.215 ms  809/4006 (20%)  
[  5] 306.00-307.00 sec   289 KBytes  2.37 Mbits/sec  0.219 ms  1534/4497 (34%)  
[  5] 307.00-308.00 sec   366 KBytes  3.00 Mbits/sec  0.217 ms  802/4545 (18%)  
[  5] 308.00-309.00 sec   362 KBytes  2.97 Mbits/sec  0.220 ms  707/4415 (16%)  
[  5] 309.00-310.00 sec   371 KBytes  3.04 Mbits/sec  0.217 ms  800/4600 (17%)  
[  5] 310.00-311.00 sec   362 KBytes  2.97 Mbits/sec  0.193 ms  846/4554 (19%)  
[  5] 311.00-312.00 sec   300 KBytes  2.46 Mbits/sec  0.228 ms  1153/4224 (27%)  
[  5] 312.00-313.00 sec   350 KBytes  2.87 Mbits/sec  0.214 ms  1060/4643 (23%)  
[  5] 313.00-314.00 sec   321 KBytes  2.63 Mbits/sec  0.199 ms  889/4174 (21%)  
[  5] 314.00-315.00 sec   315 KBytes  2.58 Mbits/sec  0.220 ms  729/3952 (18%)  
[  5] 315.00-316.00 sec   311 KBytes  2.55 Mbits/sec  0.221 ms  788/3973 (20%)  
[  5] 316.00-317.00 sec   325 KBytes  2.66 Mbits/sec  0.217 ms  676/4005 (17%)  
[  5] 317.00-318.00 sec   294 KBytes  2.41 Mbits/sec  0.236 ms  601/3615 (17%)  
[  5] 318.00-319.00 sec   345 KBytes  2.83 Mbits/sec  0.341 ms  1262/4796 (26%)  
[  5] 319.00-320.00 sec   306 KBytes  2.51 Mbits/sec  0.269 ms  751/3884 (19%)  
[  5] 320.00-321.00 sec   355 KBytes  2.91 Mbits/sec  0.370 ms  821/4454 (18%)  
[  5] 321.00-322.00 sec   326 KBytes  2.67 Mbits/sec  0.218 ms  797/4135 (19%)  
[  5] 322.00-323.00 sec   292 KBytes  2.39 Mbits/sec  0.211 ms  986/3976 (25%)  
[  5] 323.00-324.00 sec   363 KBytes  2.98 Mbits/sec  0.204 ms  862/4582 (19%)  
[  5] 324.00-325.00 sec   317 KBytes  2.59 Mbits/sec  0.213 ms  676/3918 (17%)  
[  5] 325.00-326.00 sec   298 KBytes  2.44 Mbits/sec  0.233 ms  828/3879 (21%)  
[  5] 326.00-327.00 sec   347 KBytes  2.85 Mbits/sec  0.210 ms  1096/4654 (24%)  
[  5] 327.00-328.00 sec   309 KBytes  2.53 Mbits/sec  0.207 ms  829/3992 (21%)  
[  5] 328.00-329.00 sec   374 KBytes  3.06 Mbits/sec  0.324 ms  964/4794 (20%)  
[  5] 329.00-330.00 sec   353 KBytes  2.89 Mbits/sec  0.210 ms  866/4478 (19%)  
[  5] 330.00-331.00 sec   325 KBytes  2.67 Mbits/sec  0.242 ms  830/4162 (20%)  
[  5] 331.00-332.00 sec   362 KBytes  2.97 Mbits/sec  0.215 ms  818/4525 (18%)  
[  5] 332.00-333.00 sec   326 KBytes  2.67 Mbits/sec  0.214 ms  723/4061 (18%)  
[  5] 333.00-334.00 sec   317 KBytes  2.60 Mbits/sec  0.212 ms  825/4071 (20%)  
[  5] 334.00-335.00 sec   362 KBytes  2.97 Mbits/sec  0.212 ms  1038/4746 (22%)  
[  5] 335.00-336.00 sec   302 KBytes  2.48 Mbits/sec  0.257 ms  969/4065 (24%)  
[  5] 336.00-337.00 sec   301 KBytes  2.47 Mbits/sec  0.315 ms  1708/4791 (36%)  
[  5] 337.00-338.00 sec   371 KBytes  3.04 Mbits/sec  0.216 ms  1299/5099 (25%)  
[  5] 338.00-339.00 sec   317 KBytes  2.60 Mbits/sec  0.217 ms  1006/4251 (24%)  
[  5] 339.00-340.00 sec   326 KBytes  2.67 Mbits/sec  0.215 ms  1167/4505 (26%)  
[  5] 340.00-341.00 sec   295 KBytes  2.41 Mbits/sec  0.216 ms  1140/4157 (27%)  
[  5] 341.00-342.00 sec   326 KBytes  2.67 Mbits/sec  0.220 ms  1009/4347 (23%)  
[  5] 342.00-343.00 sec   317 KBytes  2.59 Mbits/sec  0.216 ms  993/4234 (23%)  
[  5] 343.00-344.00 sec   293 KBytes  2.40 Mbits/sec  0.207 ms  1276/4278 (30%)  
[  5] 344.00-345.00 sec   288 KBytes  2.36 Mbits/sec  1.893 ms  1426/4373 (33%)  
[  5] 345.00-346.00 sec   323 KBytes  2.65 Mbits/sec  0.236 ms  1206/4515 (27%)  
[  5] 346.00-347.00 sec   354 KBytes  2.90 Mbits/sec  0.212 ms  1786/5415 (33%)  
[  5] 347.00-348.00 sec   317 KBytes  2.60 Mbits/sec  0.219 ms  974/4220 (23%)  
[  5] 348.00-349.00 sec   309 KBytes  2.53 Mbits/sec  0.209 ms  1028/4194 (25%)  
[  5] 349.00-350.00 sec   354 KBytes  2.90 Mbits/sec  0.217 ms  1110/4739 (23%)  
[  5] 350.00-351.00 sec   326 KBytes  2.67 Mbits/sec  0.219 ms  866/4203 (21%)  
[  5] 351.00-352.00 sec   312 KBytes  2.56 Mbits/sec  0.214 ms  844/4041 (21%)  
[  5] 352.00-353.00 sec   348 KBytes  2.85 Mbits/sec  0.220 ms  1362/4923 (28%)  
[  5] 353.00-354.00 sec   289 KBytes  2.37 Mbits/sec  0.214 ms  1138/4097 (28%)  
[  5] 354.00-355.00 sec   342 KBytes  2.81 Mbits/sec  0.218 ms  1286/4792 (27%)  
[  5] 355.00-356.00 sec   279 KBytes  2.28 Mbits/sec  0.310 ms  1446/4298 (34%)  
[  5] 356.00-357.00 sec   317 KBytes  2.60 Mbits/sec  0.220 ms  860/4106 (21%)  
[  5] 357.00-358.00 sec   360 KBytes  2.95 Mbits/sec  0.215 ms  1186/4868 (24%)  
[  5] 358.00-359.00 sec   310 KBytes  2.54 Mbits/sec  0.251 ms  1182/4353 (27%)  
[  5] 359.00-360.00 sec   308 KBytes  2.53 Mbits/sec  0.221 ms  1695/4853 (35%)  
[  5] 360.00-361.00 sec   323 KBytes  2.64 Mbits/sec  0.214 ms  1110/4413 (25%)  
[  5] 361.00-362.00 sec   359 KBytes  2.95 Mbits/sec  0.256 ms  1337/5016 (27%)  
[  5] 362.00-363.00 sec   313 KBytes  2.57 Mbits/sec  0.212 ms  1146/4351 (26%)  
[  5] 363.00-364.00 sec   321 KBytes  2.63 Mbits/sec  0.282 ms  1853/5138 (36%)  
[  5] 364.00-365.00 sec   340 KBytes  2.78 Mbits/sec  0.170 ms  1818/5298 (34%)  
[  5] 365.00-366.00 sec   319 KBytes  2.62 Mbits/sec  0.211 ms  1289/4558 (28%)  
[  5] 366.00-367.00 sec   317 KBytes  2.59 Mbits/sec  0.226 ms  994/4235 (23%)  
[  5] 367.00-368.00 sec   371 KBytes  3.04 Mbits/sec  0.204 ms  993/4797 (21%)  
[  5] 368.00-369.00 sec   317 KBytes  2.59 Mbits/sec  0.219 ms  830/4072 (20%)  
[  5] 369.00-370.00 sec   326 KBytes  2.67 Mbits/sec  0.216 ms  1161/4496 (26%)  
[  5] 370.00-371.00 sec   339 KBytes  2.78 Mbits/sec  0.263 ms  1082/4558 (24%)  
[  5] 371.00-372.00 sec   329 KBytes  2.69 Mbits/sec  0.217 ms  1112/4479 (25%)  
[  5] 372.00-373.00 sec   295 KBytes  2.41 Mbits/sec  0.222 ms  1224/4242 (29%)  
[  5] 373.00-374.00 sec   351 KBytes  2.87 Mbits/sec  0.194 ms  1205/4801 (25%)  
[  5] 374.00-375.00 sec   317 KBytes  2.60 Mbits/sec  0.219 ms  925/4170 (22%)  
[  5] 375.00-376.00 sec   370 KBytes  3.03 Mbits/sec  0.243 ms  1134/4926 (23%)  
[  5] 376.00-377.00 sec   283 KBytes  2.32 Mbits/sec  0.492 ms  1250/4150 (30%)  
[  5] 377.00-378.00 sec   355 KBytes  2.91 Mbits/sec  0.214 ms  1399/5036 (28%)  
[  5] 378.00-379.00 sec   352 KBytes  2.89 Mbits/sec  0.213 ms  1268/4877 (26%)  
[  5] 379.00-380.00 sec   326 KBytes  2.67 Mbits/sec  0.214 ms  944/4281 (22%)  
[  5] 380.00-381.00 sec   317 KBytes  2.60 Mbits/sec  0.218 ms  941/4187 (22%)  
[  5] 381.00-382.00 sec   305 KBytes  2.50 Mbits/sec  0.214 ms  1056/4184 (25%)  
[  5] 382.00-383.00 sec   280 KBytes  2.30 Mbits/sec  0.218 ms  774/3644 (21%)  
[  5] 383.00-384.00 sec   299 KBytes  2.45 Mbits/sec  0.214 ms  997/4061 (25%)  
[  5] 384.00-385.00 sec   309 KBytes  2.53 Mbits/sec  0.192 ms  1015/4179 (24%)  
[  5] 385.00-386.00 sec   297 KBytes  2.43 Mbits/sec  0.652 ms  1177/4216 (28%)  
[  5] 386.00-387.00 sec   276 KBytes  2.26 Mbits/sec  0.231 ms  1295/4123 (31%)  
[  5] 387.00-388.00 sec   316 KBytes  2.59 Mbits/sec  0.204 ms  958/4198 (23%)  
[  5] 388.00-389.00 sec   313 KBytes  2.57 Mbits/sec  0.223 ms  1029/4235 (24%)  
[  5] 389.00-390.00 sec   372 KBytes  3.05 Mbits/sec  0.215 ms  1261/5070 (25%)  
[  5] 390.00-391.00 sec   308 KBytes  2.52 Mbits/sec  0.287 ms  1154/4303 (27%)  
[  5] 391.00-392.00 sec   307 KBytes  2.52 Mbits/sec  0.239 ms  1250/4398 (28%)  
[  5] 392.00-393.00 sec   357 KBytes  2.93 Mbits/sec  0.203 ms  1165/4824 (24%)  
[  5] 393.00-394.00 sec   370 KBytes  3.03 Mbits/sec  0.341 ms  1106/4894 (23%)  
[  5] 394.00-395.00 sec   317 KBytes  2.59 Mbits/sec  0.200 ms  945/4186 (23%)  
[  5] 395.00-396.00 sec   277 KBytes  2.27 Mbits/sec  0.220 ms  1463/4304 (34%)  
[  5] 396.00-397.00 sec   360 KBytes  2.95 Mbits/sec  0.208 ms  1210/4899 (25%)  
[  5] 397.00-398.00 sec   276 KBytes  2.27 Mbits/sec  0.230 ms  1313/4144 (32%)  
