Connecting to host 172.22.0.50, port 5202
Reverse mode, remote host 172.22.0.50 is sending
[  5] local 192.168.102.2 port 41353 connected to 172.22.0.50 port 5202
[ ID] Interval           Transfer     Bitrate         Jitter    Lost/Total Datagrams
[  5]   0.00-1.00   sec   440 KBytes  3.61 Mbits/sec  0.321 ms  0/4510 (0%)  
[  5]   1.00-2.00   sec   439 KBytes  3.60 Mbits/sec  0.293 ms  0/4499 (0%)  
[  5]   2.00-3.00   sec   439 KBytes  3.59 Mbits/sec  0.349 ms  0/4498 (0%)  
[  5]   3.00-4.00   sec   439 KBytes  3.60 Mbits/sec  0.267 ms  0/4491 (0%)  
[  5]   4.00-5.00   sec   441 KBytes  3.61 Mbits/sec  0.284 ms  0/4518 (0%)  
[  5]   5.00-6.00   sec   438 KBytes  3.59 Mbits/sec  0.269 ms  0/4487 (0%)  
[  5]   6.00-7.00   sec   441 KBytes  3.60 Mbits/sec  0.337 ms  0/4512 (0%)  
[  5]   7.00-8.00   sec   439 KBytes  3.60 Mbits/sec  0.322 ms  0/4498 (0%)  
[  5]   8.00-9.00   sec   439 KBytes  3.60 Mbits/sec  0.360 ms  0/4494 (0%)  
[  5]   9.00-10.00  sec   439 KBytes  3.60 Mbits/sec  0.250 ms  0/4499 (0%)  
[  5]  10.00-11.00  sec   440 KBytes  3.60 Mbits/sec  0.251 ms  0/4501 (0%)  
[  5]  11.00-12.00  sec   438 KBytes  3.59 Mbits/sec  0.348 ms  0/4489 (0%)  
[  5]  12.00-13.00  sec   373 KBytes  3.06 Mbits/sec  0.320 ms  0/3818 (0%)  
[  5]  13.00-14.00  sec   364 KBytes  2.98 Mbits/sec  0.325 ms  0/3732 (0%)  
[  5]  14.00-15.00  sec   354 KBytes  2.90 Mbits/sec  0.389 ms  0/3622 (0%)  
[  5]  15.00-16.00  sec   361 KBytes  2.95 Mbits/sec  0.344 ms  0/3694 (0%)  
[  5]  16.00-17.00  sec   371 KBytes  3.04 Mbits/sec  0.332 ms  0/3795 (0%)  
[  5]  17.00-18.00  sec   364 KBytes  2.98 Mbits/sec  0.336 ms  0/3731 (0%)  
[  5]  18.00-19.00  sec   365 KBytes  2.99 Mbits/sec  0.305 ms  0/3740 (0%)  
[  5]  19.00-20.00  sec   366 KBytes  3.00 Mbits/sec  0.324 ms  0/3750 (0%)  
[  5]  20.00-21.00  sec   362 KBytes  2.96 Mbits/sec  0.328 ms  0/3704 (0%)  
[  5]  21.00-22.00  sec   362 KBytes  2.97 Mbits/sec  0.408 ms  0/3708 (0%)  
[  5]  22.00-23.00  sec   355 KBytes  2.91 Mbits/sec  0.348 ms  0/3635 (0%)  
[  5]  23.00-24.00  sec   357 KBytes  2.93 Mbits/sec  0.334 ms  0/3657 (0%)  
[  5]  24.00-25.00  sec   363 KBytes  2.97 Mbits/sec  0.364 ms  0/3718 (0%)  
[  5]  25.00-26.00  sec   370 KBytes  3.03 Mbits/sec  0.388 ms  0/3785 (0%)  
[  5]  26.00-27.00  sec   369 KBytes  3.02 Mbits/sec  0.367 ms  0/3781 (0%)  
[  5]  27.00-28.00  sec   416 KBytes  3.41 Mbits/sec  0.319 ms  0/4259 (0%)  
[  5]  28.00-29.00  sec   415 KBytes  3.40 Mbits/sec  0.268 ms  0/4248 (0%)  
[  5]  29.00-30.00  sec   413 KBytes  3.38 Mbits/sec  0.406 ms  0/4232 (0%)  
[  5]  30.00-31.00  sec   400 KBytes  3.28 Mbits/sec  0.354 ms  0/4099 (0%)  
[  5]  31.00-32.00  sec   407 KBytes  3.33 Mbits/sec  0.323 ms  0/4166 (0%)  
[  5]  32.00-33.00  sec   452 KBytes  3.70 Mbits/sec  0.294 ms  0/4624 (0%)  
[  5]  33.00-34.00  sec   463 KBytes  3.79 Mbits/sec  0.348 ms  0/4743 (0%)  
[  5]  34.00-35.00  sec   463 KBytes  3.79 Mbits/sec  0.332 ms  0/4740 (0%)  
[  5]  35.00-36.00  sec   464 KBytes  3.80 Mbits/sec  0.256 ms  0/4754 (0%)  
[  5]  36.00-37.00  sec   461 KBytes  3.77 Mbits/sec  0.287 ms  0/4718 (0%)  
[  5]  37.00-38.00  sec   460 KBytes  3.77 Mbits/sec  0.306 ms  0/4709 (0%)  
[  5]  38.00-39.00  sec   447 KBytes  3.66 Mbits/sec  0.372 ms  0/4576 (0%)  
[  5]  39.00-40.00  sec   462 KBytes  3.79 Mbits/sec  0.299 ms  0/4735 (0%)  
[  5]  40.00-41.00  sec   470 KBytes  3.85 Mbits/sec  0.307 ms  0/4814 (0%)  
[  5]  41.00-42.00  sec   476 KBytes  3.90 Mbits/sec  0.364 ms  0/4877 (0%)  
[  5]  42.00-43.00  sec   482 KBytes  3.95 Mbits/sec  0.302 ms  0/4935 (0%)  
[  5]  43.00-44.00  sec   476 KBytes  3.90 Mbits/sec  0.321 ms  0/4874 (0%)  
[  5]  44.00-45.00  sec   481 KBytes  3.94 Mbits/sec  0.333 ms  0/4924 (0%)  
[  5]  45.00-46.00  sec   485 KBytes  3.97 Mbits/sec  0.342 ms  0/4968 (0%)  
[  5]  46.00-47.00  sec   476 KBytes  3.90 Mbits/sec  0.396 ms  0/4873 (0%)  
[  5]  47.00-48.00  sec   427 KBytes  3.50 Mbits/sec  0.337 ms  0/4372 (0%)  
[  5]  48.00-49.00  sec   430 KBytes  3.52 Mbits/sec  0.333 ms  0/4399 (0%)  
[  5]  49.00-50.00  sec   428 KBytes  3.50 Mbits/sec  0.641 ms  0/4378 (0%)  
[  5]  50.00-51.00  sec   436 KBytes  3.57 Mbits/sec  0.335 ms  0/4466 (0%)  
[  5]  51.00-52.00  sec   438 KBytes  3.59 Mbits/sec  0.317 ms  0/4487 (0%)  
[  5]  52.00-53.00  sec   430 KBytes  3.52 Mbits/sec  0.316 ms  0/4399 (0%)  
[  5]  53.00-54.00  sec   432 KBytes  3.54 Mbits/sec  0.290 ms  0/4423 (0%)  
[  5]  54.00-55.00  sec   428 KBytes  3.51 Mbits/sec  0.314 ms  0/4383 (0%)  
[  5]  55.00-56.00  sec   424 KBytes  3.47 Mbits/sec  0.316 ms  0/4340 (0%)  
[  5]  56.00-57.00  sec   430 KBytes  3.52 Mbits/sec  0.291 ms  0/4400 (0%)  
[  5]  57.00-58.00  sec   363 KBytes  2.98 Mbits/sec  0.405 ms  0/3721 (0%)  
[  5]  58.00-59.00  sec   347 KBytes  2.84 Mbits/sec  0.434 ms  0/3550 (0%)  
[  5]  59.00-60.00  sec   348 KBytes  2.85 Mbits/sec  0.353 ms  0/3562 (0%)  
[  5]  60.00-61.00  sec   345 KBytes  2.83 Mbits/sec  0.432 ms  0/3533 (0%)  
[  5]  61.00-62.00  sec   351 KBytes  2.87 Mbits/sec  0.324 ms  0/3590 (0%)  
[  5]  62.00-63.00  sec   400 KBytes  3.27 Mbits/sec  0.395 ms  0/4099 (0%)  
[  5]  63.00-64.00  sec   411 KBytes  3.37 Mbits/sec  0.582 ms  0/4204 (0%)  
[  5]  64.00-65.00  sec   414 KBytes  3.39 Mbits/sec  0.415 ms  0/4241 (0%)  
[  5]  65.00-66.00  sec   413 KBytes  3.38 Mbits/sec  0.369 ms  0/4225 (0%)  
[  5]  66.00-67.00  sec   421 KBytes  3.45 Mbits/sec  0.354 ms  0/4307 (0%)  
[  5]  67.00-68.00  sec   446 KBytes  3.66 Mbits/sec  0.326 ms  0/4572 (0%)  
[  5]  68.00-69.00  sec   458 KBytes  3.75 Mbits/sec  0.321 ms  0/4692 (0%)  
[  5]  69.00-70.00  sec   470 KBytes  3.85 Mbits/sec  0.284 ms  0/4808 (0%)  
[  5]  70.00-71.00  sec   472 KBytes  3.87 Mbits/sec  0.401 ms  0/4834 (0%)  
[  5]  71.00-72.00  sec   465 KBytes  3.81 Mbits/sec  0.367 ms  0/4759 (0%)  
[  5]  72.00-73.00  sec   427 KBytes  3.49 Mbits/sec  0.298 ms  0/4371 (0%)  
[  5]  73.00-74.00  sec   423 KBytes  3.47 Mbits/sec  0.466 ms  0/4332 (0%)  
[  5]  74.00-75.00  sec   426 KBytes  3.49 Mbits/sec  0.299 ms  0/4360 (0%)  
[  5]  75.00-76.00  sec   432 KBytes  3.54 Mbits/sec  0.311 ms  0/4421 (0%)  
[  5]  76.00-77.00  sec   430 KBytes  3.52 Mbits/sec  0.317 ms  0/4401 (0%)  
[  5]  77.00-78.00  sec   371 KBytes  3.04 Mbits/sec  0.321 ms  0/3798 (0%)  
[  5]  78.00-79.00  sec   358 KBytes  2.93 Mbits/sec  0.342 ms  0/3663 (0%)  
[  5]  79.00-80.00  sec   359 KBytes  2.94 Mbits/sec  0.303 ms  0/3675 (0%)  
[  5]  80.00-81.00  sec   360 KBytes  2.95 Mbits/sec  0.335 ms  0/3685 (0%)  
[  5]  81.00-82.00  sec   367 KBytes  3.01 Mbits/sec  0.356 ms  0/3764 (0%)  
[  5]  82.00-83.00  sec   369 KBytes  3.02 Mbits/sec  0.305 ms  0/3777 (0%)  
[  5]  83.00-84.00  sec   366 KBytes  3.00 Mbits/sec  0.405 ms  0/3746 (0%)  
[  5]  84.00-85.00  sec   371 KBytes  3.04 Mbits/sec  0.379 ms  0/3798 (0%)  
[  5]  85.00-86.00  sec   367 KBytes  3.01 Mbits/sec  0.450 ms  0/3761 (0%)  
[  5]  86.00-87.00  sec   359 KBytes  2.94 Mbits/sec  0.397 ms  0/3678 (0%)  
[  5]  87.00-88.00  sec   399 KBytes  3.26 Mbits/sec  0.261 ms  0/4083 (0%)  
[  5]  88.00-89.00  sec   407 KBytes  3.34 Mbits/sec  0.317 ms  0/4172 (0%)  
[  5]  89.00-90.00  sec   417 KBytes  3.42 Mbits/sec  0.317 ms  0/4275 (0%)  
[  5]  90.00-91.00  sec   429 KBytes  3.52 Mbits/sec  0.281 ms  0/4398 (0%)  
[  5]  91.00-92.00  sec   428 KBytes  3.50 Mbits/sec  0.316 ms  0/4384 (0%)  
[  5]  92.00-93.00  sec   367 KBytes  3.01 Mbits/sec  0.500 ms  0/3759 (0%)  
[  5]  93.00-94.00  sec   362 KBytes  2.96 Mbits/sec  0.409 ms  0/3707 (0%)  
[  5]  94.00-95.00  sec   364 KBytes  2.99 Mbits/sec  0.384 ms  0/3727 (0%)  
[  5]  95.00-96.00  sec   351 KBytes  2.88 Mbits/sec  0.373 ms  0/3596 (0%)  
[  5]  96.00-97.00  sec   350 KBytes  2.87 Mbits/sec  0.296 ms  0/3587 (0%)  
[  5]  97.00-98.00  sec   358 KBytes  2.93 Mbits/sec  0.313 ms  0/3663 (0%)  
[  5]  98.00-99.00  sec   356 KBytes  2.91 Mbits/sec  0.352 ms  0/3643 (0%)  
[  5]  99.00-100.00 sec   359 KBytes  2.94 Mbits/sec  0.313 ms  0/3673 (0%)  
[  5] 100.00-101.00 sec   355 KBytes  2.91 Mbits/sec  0.341 ms  0/3644 (0%)  
[  5] 101.00-102.00 sec   356 KBytes  2.91 Mbits/sec  0.373 ms  0/3643 (0%)  
[  5] 102.00-103.00 sec   408 KBytes  3.34 Mbits/sec  0.296 ms  0/4178 (0%)  
[  5] 103.00-104.00 sec   410 KBytes  3.36 Mbits/sec  0.475 ms  0/4199 (0%)  
[  5] 104.00-105.00 sec   418 KBytes  3.43 Mbits/sec  0.307 ms  0/4285 (0%)  
[  5] 105.00-106.00 sec   412 KBytes  3.38 Mbits/sec  0.284 ms  0/4221 (0%)  
[  5] 106.00-107.00 sec   424 KBytes  3.47 Mbits/sec  0.319 ms  0/4341 (0%)  
[  5] 107.00-108.00 sec   464 KBytes  3.80 Mbits/sec  0.250 ms  0/4752 (0%)  
[  5] 108.00-109.00 sec   475 KBytes  3.89 Mbits/sec  0.302 ms  0/4859 (0%)  
[  5] 109.00-110.00 sec   477 KBytes  3.91 Mbits/sec  0.316 ms  0/4885 (0%)  
[  5] 110.00-111.00 sec   476 KBytes  3.90 Mbits/sec  0.323 ms  0/4876 (0%)  
[  5] 111.00-112.00 sec   473 KBytes  3.88 Mbits/sec  0.284 ms  0/4846 (0%)  
[  5] 112.00-113.00 sec   424 KBytes  3.47 Mbits/sec  0.361 ms  0/4344 (0%)  
[  5] 113.00-114.00 sec   424 KBytes  3.48 Mbits/sec  0.344 ms  0/4344 (0%)  
[  5] 114.00-115.00 sec   427 KBytes  3.49 Mbits/sec  0.306 ms  0/4368 (0%)  
[  5] 115.00-116.00 sec   419 KBytes  3.43 Mbits/sec  0.289 ms  0/4290 (0%)  
[  5] 116.00-117.00 sec   426 KBytes  3.49 Mbits/sec  0.333 ms  0/4358 (0%)  
[  5] 117.00-118.00 sec   421 KBytes  3.45 Mbits/sec  0.451 ms  0/4307 (0%)  
[  5] 118.00-119.00 sec   422 KBytes  3.45 Mbits/sec  0.368 ms  0/4319 (0%)  
[  5] 119.00-120.00 sec   421 KBytes  3.45 Mbits/sec  0.285 ms  0/4312 (0%)  
[  5] 120.00-121.00 sec   419 KBytes  3.43 Mbits/sec  0.578 ms  0/4286 (0%)  
[  5] 121.00-122.00 sec   427 KBytes  3.51 Mbits/sec  0.302 ms  0/4377 (0%)  
[  5] 122.00-123.00 sec   375 KBytes  3.07 Mbits/sec  0.387 ms  0/3839 (0%)  
[  5] 123.00-124.00 sec   370 KBytes  3.03 Mbits/sec  0.363 ms  0/3786 (0%)  
[  5] 124.00-125.00 sec   362 KBytes  2.96 Mbits/sec  0.337 ms  0/3704 (0%)  
[  5] 125.00-126.00 sec   364 KBytes  2.99 Mbits/sec  0.378 ms  0/3731 (0%)  
[  5] 126.00-127.00 sec   369 KBytes  3.02 Mbits/sec  0.368 ms  0/3781 (0%)  
[  5] 127.00-128.00 sec   359 KBytes  2.94 Mbits/sec  0.461 ms  0/3679 (0%)  
[  5] 128.00-129.00 sec   352 KBytes  2.88 Mbits/sec  0.342 ms  0/3603 (0%)  
[  5] 129.00-130.00 sec   356 KBytes  2.92 Mbits/sec  0.339 ms  0/3644 (0%)  
[  5] 130.00-131.00 sec   355 KBytes  2.90 Mbits/sec  0.398 ms  0/3631 (0%)  
[  5] 131.00-132.00 sec   358 KBytes  2.93 Mbits/sec  0.393 ms  0/3662 (0%)  
[  5] 132.00-133.00 sec   402 KBytes  3.30 Mbits/sec  0.393 ms  0/4121 (0%)  
[  5] 133.00-134.00 sec   417 KBytes  3.41 Mbits/sec  0.311 ms  0/4269 (0%)  
[  5] 134.00-135.00 sec   422 KBytes  3.45 Mbits/sec  0.311 ms  0/4318 (0%)  
[  5] 135.00-136.00 sec   417 KBytes  3.42 Mbits/sec  0.373 ms  0/4269 (0%)  
[  5] 136.00-137.00 sec   411 KBytes  3.36 Mbits/sec  0.296 ms  0/4205 (0%)  
[  5] 137.00-138.00 sec   451 KBytes  3.69 Mbits/sec  0.313 ms  0/4616 (0%)  
[  5] 138.00-139.00 sec   468 KBytes  3.83 Mbits/sec  0.451 ms  0/4791 (0%)  
[  5] 139.00-140.00 sec   465 KBytes  3.81 Mbits/sec  0.359 ms  0/4763 (0%)  
[  5] 140.00-141.00 sec   474 KBytes  3.89 Mbits/sec  0.299 ms  0/4857 (0%)  
[  5] 141.00-142.00 sec   473 KBytes  3.87 Mbits/sec  0.320 ms  0/4839 (0%)  
[  5] 142.00-143.00 sec   436 KBytes  3.57 Mbits/sec  0.310 ms  0/4463 (0%)  
[  5] 143.00-144.00 sec   424 KBytes  3.47 Mbits/sec  0.346 ms  0/4339 (0%)  
[  5] 144.00-145.00 sec   409 KBytes  3.35 Mbits/sec  0.330 ms  0/4193 (0%)  
[  5] 145.00-146.00 sec   413 KBytes  3.39 Mbits/sec  0.307 ms  0/4232 (0%)  
[  5] 146.00-147.00 sec   418 KBytes  3.42 Mbits/sec  0.348 ms  0/4284 (0%)  
[  5] 147.00-148.00 sec   364 KBytes  2.98 Mbits/sec  0.386 ms  0/3725 (0%)  
[  5] 148.00-149.00 sec   357 KBytes  2.93 Mbits/sec  0.431 ms  0/3658 (0%)  
[  5] 149.00-150.00 sec   358 KBytes  2.93 Mbits/sec  0.317 ms  0/3663 (0%)  
[  5] 150.00-151.00 sec   355 KBytes  2.91 Mbits/sec  0.419 ms  0/3635 (0%)  
[  5] 151.00-152.00 sec   350 KBytes  2.87 Mbits/sec  0.277 ms  0/3583 (0%)  
[  5] 152.00-153.00 sec   341 KBytes  2.79 Mbits/sec  0.331 ms  0/3490 (0%)  
[  5] 153.00-154.00 sec   338 KBytes  2.77 Mbits/sec  0.331 ms  0/3464 (0%)  
[  5] 154.00-155.00 sec   348 KBytes  2.85 Mbits/sec  0.401 ms  0/3562 (0%)  
[  5] 155.00-156.00 sec   355 KBytes  2.91 Mbits/sec  0.340 ms  0/3636 (0%)  
[  5] 156.00-157.00 sec   353 KBytes  2.89 Mbits/sec  0.427 ms  0/3613 (0%)  
[  5] 157.00-158.00 sec   404 KBytes  3.31 Mbits/sec  0.320 ms  0/4139 (0%)  
[  5] 158.00-159.00 sec   411 KBytes  3.37 Mbits/sec  0.292 ms  0/4205 (0%)  
[  5] 159.00-160.00 sec   422 KBytes  3.46 Mbits/sec  0.299 ms  0/4324 (0%)  
[  5] 160.00-161.00 sec   408 KBytes  3.34 Mbits/sec  0.337 ms  0/4181 (0%)  
[  5] 161.00-162.00 sec   400 KBytes  3.28 Mbits/sec  0.327 ms  0/4101 (0%)  
[  5] 162.00-163.00 sec   403 KBytes  3.30 Mbits/sec  0.328 ms  0/4123 (0%)  
[  5] 163.00-164.00 sec   405 KBytes  3.32 Mbits/sec  0.305 ms  0/4148 (0%)  
[  5] 164.00-165.00 sec   409 KBytes  3.36 Mbits/sec  0.329 ms  0/4193 (0%)  
[  5] 165.00-166.00 sec   413 KBytes  3.39 Mbits/sec  0.296 ms  0/4232 (0%)  
[  5] 166.00-167.00 sec   427 KBytes  3.50 Mbits/sec  0.309 ms  0/4372 (0%)  
[  5] 167.00-168.00 sec   428 KBytes  3.50 Mbits/sec  0.262 ms  0/4383 (0%)  
[  5] 168.00-169.00 sec   421 KBytes  3.45 Mbits/sec  0.298 ms  0/4324 (0%)  
[  5] 169.00-170.00 sec   419 KBytes  3.43 Mbits/sec  0.380 ms  0/4292 (0%)  
[  5] 170.00-171.00 sec   424 KBytes  3.47 Mbits/sec  0.325 ms  0/4339 (0%)  
[  5] 171.00-172.00 sec   427 KBytes  3.50 Mbits/sec  0.357 ms  0/4374 (0%)  
[  5] 172.00-173.00 sec   365 KBytes  2.99 Mbits/sec  0.343 ms  0/3738 (0%)  
[  5] 173.00-174.00 sec   358 KBytes  2.94 Mbits/sec  0.383 ms  0/3671 (0%)  
[  5] 174.00-175.00 sec   361 KBytes  2.96 Mbits/sec  0.356 ms  0/3699 (0%)  
[  5] 175.00-176.00 sec   352 KBytes  2.88 Mbits/sec  0.410 ms  0/3604 (0%)  
[  5] 176.00-177.00 sec   350 KBytes  2.87 Mbits/sec  0.305 ms  0/3592 (0%)  
[  5] 177.00-178.00 sec   347 KBytes  2.85 Mbits/sec  0.308 ms  0/3558 (0%)  
[  5] 178.00-179.00 sec   344 KBytes  2.82 Mbits/sec  0.337 ms  0/3521 (0%)  
[  5] 179.00-180.00 sec   356 KBytes  2.91 Mbits/sec  0.397 ms  0/3644 (0%)  
[  5] 180.00-181.00 sec   359 KBytes  2.95 Mbits/sec  0.325 ms  0/3681 (0%)  
[  5] 181.00-182.00 sec   357 KBytes  2.92 Mbits/sec  0.372 ms  0/3652 (0%)  
[  5] 182.00-183.00 sec   403 KBytes  3.31 Mbits/sec  0.318 ms  0/4126 (0%)  
[  5] 183.00-184.00 sec   426 KBytes  3.49 Mbits/sec  0.346 ms  0/4367 (0%)  
[  5] 184.00-185.00 sec   427 KBytes  3.49 Mbits/sec  0.362 ms  0/4368 (0%)  
[  5] 185.00-186.00 sec   422 KBytes  3.45 Mbits/sec  0.332 ms  0/4317 (0%)  
[  5] 186.00-187.00 sec   418 KBytes  3.42 Mbits/sec  0.330 ms  0/4280 (0%)  
[  5] 187.00-188.00 sec   428 KBytes  3.51 Mbits/sec  0.255 ms  0/4383 (0%)  
[  5] 188.00-189.00 sec   430 KBytes  3.52 Mbits/sec  0.317 ms  0/4406 (0%)  
[  5] 189.00-190.00 sec   431 KBytes  3.53 Mbits/sec  0.332 ms  0/4411 (0%)  
[  5] 190.00-191.00 sec   419 KBytes  3.43 Mbits/sec  0.335 ms  0/4292 (0%)  
[  5] 191.00-192.00 sec   424 KBytes  3.47 Mbits/sec  0.415 ms  0/4341 (0%)  
[  5] 192.00-193.00 sec   416 KBytes  3.41 Mbits/sec  0.381 ms  0/4257 (0%)  
[  5] 193.00-194.00 sec   409 KBytes  3.35 Mbits/sec  0.341 ms  0/4193 (0%)  
[  5] 194.00-195.00 sec   410 KBytes  3.36 Mbits/sec  0.320 ms  0/4203 (0%)  
[  5] 195.00-196.00 sec   424 KBytes  3.48 Mbits/sec  0.347 ms  0/4346 (0%)  
[  5] 196.00-197.00 sec   430 KBytes  3.52 Mbits/sec  0.399 ms  0/4401 (0%)  
[  5] 197.00-198.00 sec   374 KBytes  3.06 Mbits/sec  0.298 ms  0/3825 (0%)  
[  5] 198.00-199.00 sec   358 KBytes  2.93 Mbits/sec  0.316 ms  0/3662 (0%)  
[  5] 199.00-200.00 sec   362 KBytes  2.97 Mbits/sec  0.291 ms  0/3708 (0%)  
[  5] 200.00-201.00 sec   358 KBytes  2.94 Mbits/sec  0.354 ms  0/3671 (0%)  
[  5] 201.00-202.00 sec   352 KBytes  2.88 Mbits/sec  0.332 ms  0/3604 (0%)  
[  5] 202.00-203.00 sec   347 KBytes  2.84 Mbits/sec  0.350 ms  0/3556 (0%)  
[  5] 203.00-204.00 sec   356 KBytes  2.92 Mbits/sec  0.370 ms  0/3642 (0%)  
[  5] 204.00-205.00 sec   360 KBytes  2.94 Mbits/sec  0.347 ms  0/3683 (0%)  
[  5] 205.00-206.00 sec   353 KBytes  2.90 Mbits/sec  0.395 ms  0/3618 (0%)  
[  5] 206.00-207.00 sec   352 KBytes  2.89 Mbits/sec  0.338 ms  0/3607 (0%)  
[  5] 207.00-208.00 sec   358 KBytes  2.94 Mbits/sec  0.320 ms  0/3671 (0%)  
[  5] 208.00-209.00 sec   361 KBytes  2.96 Mbits/sec  0.425 ms  0/3695 (0%)  
[  5] 209.00-210.00 sec   352 KBytes  2.89 Mbits/sec  0.437 ms  0/3608 (0%)  
[  5] 210.00-211.00 sec   355 KBytes  2.91 Mbits/sec  0.333 ms  0/3634 (0%)  
[  5] 211.00-212.00 sec   357 KBytes  2.93 Mbits/sec  0.303 ms  0/3658 (0%)  
[  5] 212.00-213.00 sec   360 KBytes  2.95 Mbits/sec  0.347 ms  0/3689 (0%)  
[  5] 213.00-214.00 sec   351 KBytes  2.88 Mbits/sec  0.386 ms  0/3595 (0%)  
[  5] 214.00-215.00 sec   354 KBytes  2.90 Mbits/sec  0.318 ms  0/3626 (0%)  
[  5] 215.00-216.00 sec   353 KBytes  2.89 Mbits/sec  0.343 ms  0/3612 (0%)  
[  5] 216.00-217.00 sec   355 KBytes  2.90 Mbits/sec  0.444 ms  0/3631 (0%)  
[  5] 217.00-218.00 sec   404 KBytes  3.31 Mbits/sec  0.407 ms  0/4136 (0%)  
[  5] 218.00-219.00 sec   410 KBytes  3.36 Mbits/sec  0.496 ms  0/4203 (0%)  
[  5] 219.00-220.00 sec   412 KBytes  3.37 Mbits/sec  0.321 ms  0/4215 (0%)  
[  5] 220.00-221.00 sec   412 KBytes  3.38 Mbits/sec  0.429 ms  0/4221 (0%)  
[  5] 221.00-222.00 sec   408 KBytes  3.34 Mbits/sec  0.289 ms  0/4175 (0%)  
[  5] 222.00-223.00 sec   415 KBytes  3.40 Mbits/sec  0.404 ms  0/4249 (0%)  
[  5] 223.00-224.00 sec   416 KBytes  3.41 Mbits/sec  0.348 ms  0/4263 (0%)  
[  5] 224.00-225.00 sec   423 KBytes  3.46 Mbits/sec  0.347 ms  0/4334 (0%)  
[  5] 225.00-226.00 sec   414 KBytes  3.39 Mbits/sec  0.364 ms  0/4237 (0%)  
[  5] 226.00-227.00 sec   411 KBytes  3.37 Mbits/sec  0.546 ms  0/4208 (0%)  
[  5] 227.00-228.00 sec   321 KBytes  2.63 Mbits/sec  0.236 ms  124/3407 (3.6%)  
[  5] 228.00-229.00 sec   307 KBytes  2.51 Mbits/sec  0.217 ms  806/3949 (20%)  
[  5] 229.00-230.00 sec   312 KBytes  2.55 Mbits/sec  0.257 ms  1205/4395 (27%)  
[  5] 230.00-231.00 sec   371 KBytes  3.04 Mbits/sec  0.232 ms  1162/4962 (23%)  
[  5] 231.00-232.00 sec   335 KBytes  2.75 Mbits/sec  0.220 ms  1122/4557 (25%)  
[  5] 232.00-233.00 sec   337 KBytes  2.76 Mbits/sec  0.264 ms  1486/4933 (30%)  
[  5] 233.00-234.00 sec   444 KBytes  3.64 Mbits/sec  0.217 ms  1679/6227 (27%)  
[  5] 234.00-235.00 sec   489 KBytes  4.01 Mbits/sec  0.217 ms  1192/6200 (19%)  
[  5] 235.00-236.00 sec   406 KBytes  3.33 Mbits/sec  0.339 ms  1047/5208 (20%)  
[  5] 236.00-237.00 sec   478 KBytes  3.91 Mbits/sec  0.222 ms  411/5301 (7.8%)  
[  5] 237.00-238.00 sec   369 KBytes  3.02 Mbits/sec  0.209 ms  789/4564 (17%)  
[  5] 238.00-239.00 sec   427 KBytes  3.50 Mbits/sec  4.278 ms  1054/5427 (19%)  
[  5] 239.00-240.00 sec   363 KBytes  2.98 Mbits/sec  0.208 ms  908/4630 (20%)  
[  5] 240.00-241.00 sec   419 KBytes  3.43 Mbits/sec  0.252 ms  1100/5388 (20%)  
[  5] 241.00-242.00 sec   474 KBytes  3.88 Mbits/sec  0.220 ms  350/5201 (6.7%)  
[  5] 242.00-243.00 sec   347 KBytes  2.85 Mbits/sec  0.234 ms  1053/4610 (23%)  
[  5] 243.00-244.00 sec   457 KBytes  3.75 Mbits/sec  0.230 ms  613/5296 (12%)  
[  5] 244.00-245.00 sec   482 KBytes  3.94 Mbits/sec  0.222 ms  661/5592 (12%)  
[  5] 245.00-246.00 sec   466 KBytes  3.81 Mbits/sec  0.215 ms  1483/6251 (24%)  
[  5] 246.00-247.00 sec   489 KBytes  4.00 Mbits/sec  0.219 ms  1247/6251 (20%)  
[  5] 247.00-248.00 sec   405 KBytes  3.32 Mbits/sec  0.223 ms  1052/5202 (20%)  
[  5] 248.00-249.00 sec   418 KBytes  3.43 Mbits/sec  0.301 ms  611/4896 (12%)  
[  5] 249.00-250.00 sec   358 KBytes  2.93 Mbits/sec  0.462 ms  0/3664 (0%)  
[  5] 250.00-251.00 sec   350 KBytes  2.86 Mbits/sec  0.354 ms  0/3580 (0%)  
[  5] 251.00-252.00 sec   348 KBytes  2.85 Mbits/sec  0.495 ms  0/3562 (0%)  
[  5] 252.00-253.00 sec   450 KBytes  3.69 Mbits/sec  0.390 ms  0/4609 (0%)  
[  5] 253.00-254.00 sec   475 KBytes  3.89 Mbits/sec  0.308 ms  0/4864 (0%)  
[  5] 254.00-255.00 sec   482 KBytes  3.95 Mbits/sec  0.293 ms  0/4936 (0%)  
[  5] 255.00-256.00 sec   482 KBytes  3.95 Mbits/sec  0.374 ms  0/4936 (0%)  
[  5] 256.00-257.00 sec   481 KBytes  3.94 Mbits/sec  0.399 ms  0/4922 (0%)  
[  5] 257.00-258.00 sec   486 KBytes  3.98 Mbits/sec  0.413 ms  0/4974 (0%)  
[  5] 258.00-259.00 sec   468 KBytes  3.83 Mbits/sec  0.314 ms  0/4790 (0%)  
[  5] 259.00-260.00 sec   466 KBytes  3.82 Mbits/sec  0.332 ms  0/4771 (0%)  
[  5] 260.00-261.00 sec   484 KBytes  3.97 Mbits/sec  0.314 ms  0/4960 (0%)  
[  5] 261.00-262.00 sec   487 KBytes  3.99 Mbits/sec  0.287 ms  0/4984 (0%)  
[  5] 262.00-263.00 sec   441 KBytes  3.61 Mbits/sec  0.356 ms  0/4516 (0%)  
[  5] 263.00-264.00 sec   430 KBytes  3.52 Mbits/sec  0.262 ms  0/4399 (0%)  
[  5] 264.00-265.00 sec   420 KBytes  3.44 Mbits/sec  0.333 ms  0/4303 (0%)  
[  5] 265.00-266.00 sec   425 KBytes  3.48 Mbits/sec  0.277 ms  0/4350 (0%)  
[  5] 266.00-267.00 sec   416 KBytes  3.41 Mbits/sec  0.331 ms  0/4264 (0%)  
[  5] 267.00-268.00 sec   364 KBytes  2.98 Mbits/sec  0.316 ms  0/3723 (0%)  
[  5] 268.00-269.00 sec   353 KBytes  2.89 Mbits/sec  0.386 ms  0/3616 (0%)  
[  5] 269.00-270.00 sec   360 KBytes  2.95 Mbits/sec  0.378 ms  0/3686 (0%)  
[  5] 270.00-271.00 sec   367 KBytes  3.00 Mbits/sec  0.364 ms  0/3754 (0%)  
[  5] 271.00-272.00 sec   368 KBytes  3.02 Mbits/sec  0.330 ms  0/3768 (0%)  
[  5] 272.00-273.00 sec   360 KBytes  2.95 Mbits/sec  0.307 ms  0/3685 (0%)  
[  5] 273.00-274.00 sec   363 KBytes  2.97 Mbits/sec  0.361 ms  0/3713 (0%)  
[  5] 274.00-275.00 sec   362 KBytes  2.96 Mbits/sec  0.315 ms  0/3704 (0%)  
[  5] 275.00-276.00 sec   359 KBytes  2.94 Mbits/sec  0.395 ms  0/3672 (0%)  
[  5] 276.00-277.00 sec   360 KBytes  2.95 Mbits/sec  0.458 ms  0/3685 (0%)  
[  5] 277.00-278.00 sec   452 KBytes  3.70 Mbits/sec  0.306 ms  0/4626 (0%)  
[  5] 278.00-279.00 sec   472 KBytes  3.87 Mbits/sec  0.312 ms  0/4832 (0%)  
[  5] 279.00-280.00 sec   470 KBytes  3.85 Mbits/sec  0.328 ms  0/4808 (0%)  
[  5] 280.00-281.00 sec   471 KBytes  3.86 Mbits/sec  0.304 ms  0/4828 (0%)  
[  5] 281.00-282.00 sec   471 KBytes  3.86 Mbits/sec  0.326 ms  0/4820 (0%)  
[  5] 282.00-283.00 sec   467 KBytes  3.82 Mbits/sec  0.305 ms  0/4777 (0%)  
[  5] 283.00-284.00 sec   466 KBytes  3.82 Mbits/sec  0.291 ms  0/4771 (0%)  
[  5] 284.00-285.00 sec   466 KBytes  3.82 Mbits/sec  0.331 ms  0/4772 (0%)  
[  5] 285.00-286.00 sec   474 KBytes  3.88 Mbits/sec  0.314 ms  0/4851 (0%)  
[  5] 286.00-287.00 sec   474 KBytes  3.88 Mbits/sec  0.344 ms  0/4849 (0%)  
[  5] 287.00-288.00 sec   469 KBytes  3.84 Mbits/sec  0.307 ms  0/4802 (0%)  
[  5] 288.00-289.00 sec   394 KBytes  3.23 Mbits/sec  0.228 ms  130/4162 (3.1%)  
[  5] 289.00-290.00 sec   488 KBytes  4.00 Mbits/sec  0.211 ms  1090/6090 (18%)  
[  5] 290.00-291.00 sec   422 KBytes  3.46 Mbits/sec  0.235 ms  952/5274 (18%)  
[  5] 291.00-292.00 sec   486 KBytes  3.99 Mbits/sec  0.215 ms  1148/6124 (19%)  
[  5] 292.00-293.00 sec   396 KBytes  3.24 Mbits/sec  0.216 ms  1270/5321 (24%)  
[  5] 293.00-294.00 sec   574 KBytes  4.70 Mbits/sec  0.315 ms  367/6245 (5.9%)  
[  5] 294.00-295.00 sec   457 KBytes  3.74 Mbits/sec  0.364 ms  0/4675 (0%)  
[  5] 295.00-296.00 sec   452 KBytes  3.70 Mbits/sec  0.371 ms  0/4626 (0%)  
[  5] 296.00-297.00 sec   453 KBytes  3.71 Mbits/sec  0.306 ms  0/4642 (0%)  
[  5] 297.00-298.00 sec   420 KBytes  3.44 Mbits/sec  0.377 ms  0/4299 (0%)  
[  5] 298.00-299.00 sec   407 KBytes  3.34 Mbits/sec  0.450 ms  0/4172 (0%)  
[  5] 299.00-300.00 sec   403 KBytes  3.30 Mbits/sec  0.387 ms  0/4127 (0%)  
[  5] 300.00-301.00 sec   403 KBytes  3.30 Mbits/sec  0.320 ms  0/4122 (0%)  
[  5] 301.00-302.00 sec   420 KBytes  3.44 Mbits/sec  0.344 ms  0/4297 (0%)  
[  5] 302.00-303.00 sec   370 KBytes  3.03 Mbits/sec  0.404 ms  0/3784 (0%)  
[  5] 303.00-304.00 sec   355 KBytes  2.91 Mbits/sec  0.359 ms  0/3638 (0%)  
[  5] 304.00-305.00 sec   354 KBytes  2.90 Mbits/sec  0.325 ms  0/3626 (0%)  
[  5] 305.00-306.00 sec   350 KBytes  2.87 Mbits/sec  0.378 ms  0/3580 (0%)  
[  5] 306.00-307.00 sec   344 KBytes  2.82 Mbits/sec  0.378 ms  0/3520 (0%)  
[  5] 307.00-308.00 sec   341 KBytes  2.79 Mbits/sec  0.359 ms  0/3489 (0%)  
[  5] 308.00-309.00 sec   337 KBytes  2.76 Mbits/sec  0.447 ms  0/3449 (0%)  
[  5] 309.00-310.00 sec   340 KBytes  2.78 Mbits/sec  0.302 ms  0/3482 (0%)  
[  5] 310.00-311.00 sec   342 KBytes  2.80 Mbits/sec  0.502 ms  0/3498 (0%)  
[  5] 311.00-312.00 sec   346 KBytes  2.83 Mbits/sec  0.364 ms  0/3538 (0%)  
[  5] 312.00-313.00 sec   327 KBytes  2.68 Mbits/sec  0.390 ms  0/3347 (0%)  
[  5] 313.00-314.00 sec   331 KBytes  2.71 Mbits/sec  0.475 ms  0/3385 (0%)  
[  5] 314.00-315.00 sec   323 KBytes  2.64 Mbits/sec  0.378 ms  0/3303 (0%)  
[  5] 315.00-316.00 sec   300 KBytes  2.46 Mbits/sec  0.504 ms  0/3077 (0%)  
[  5] 316.00-317.00 sec   314 KBytes  2.57 Mbits/sec  0.299 ms  0/3214 (0%)  
[  5] 317.00-318.00 sec   323 KBytes  2.64 Mbits/sec  0.356 ms  0/3304 (0%)  
[  5] 318.00-319.00 sec   322 KBytes  2.64 Mbits/sec  0.573 ms  0/3302 (0%)  
[  5] 319.00-320.00 sec   341 KBytes  2.79 Mbits/sec  0.419 ms  0/3489 (0%)  
[  5] 320.00-321.00 sec   342 KBytes  2.80 Mbits/sec  0.444 ms  0/3502 (0%)  
[  5] 321.00-322.00 sec   337 KBytes  2.76 Mbits/sec  0.395 ms  0/3452 (0%)  
[  5] 322.00-323.00 sec   348 KBytes  2.85 Mbits/sec  0.558 ms  0/3561 (0%)  
[  5] 323.00-324.00 sec   338 KBytes  2.77 Mbits/sec  0.344 ms  0/3460 (0%)  
[  5] 324.00-325.00 sec   324 KBytes  2.65 Mbits/sec  0.358 ms  0/3315 (0%)  
[  5] 325.00-326.00 sec   309 KBytes  2.53 Mbits/sec  0.432 ms  0/3164 (0%)  
[  5] 326.00-327.00 sec   318 KBytes  2.61 Mbits/sec  0.391 ms  0/3256 (0%)  
[  5] 327.00-328.00 sec   322 KBytes  2.64 Mbits/sec  0.375 ms  0/3300 (0%)  
[  5] 328.00-329.00 sec   326 KBytes  2.67 Mbits/sec  0.306 ms  0/3337 (0%)  
[  5] 329.00-330.00 sec   276 KBytes  2.26 Mbits/sec  0.450 ms  504/3330 (15%)  
[  5] 330.00-331.00 sec   291 KBytes  2.38 Mbits/sec  0.205 ms  1243/4219 (29%)  
[  5] 331.00-332.00 sec   326 KBytes  2.67 Mbits/sec  0.204 ms  1032/4370 (24%)  
[  5] 332.00-333.00 sec   320 KBytes  2.62 Mbits/sec  0.198 ms  1493/4766 (31%)  
[  5] 333.00-334.00 sec   294 KBytes  2.41 Mbits/sec  0.215 ms  1261/4269 (30%)  
[  5] 334.00-335.00 sec   311 KBytes  2.55 Mbits/sec  0.197 ms  981/4163 (24%)  
[  5] 335.00-336.00 sec   308 KBytes  2.53 Mbits/sec  4.490 ms  1257/4415 (28%)  
[  5] 336.00-337.00 sec   331 KBytes  2.71 Mbits/sec  0.214 ms  1588/4973 (32%)  
[  5] 337.00-338.00 sec   290 KBytes  2.38 Mbits/sec  0.259 ms  1532/4502 (34%)  
[  5] 338.00-339.00 sec   362 KBytes  2.96 Mbits/sec  0.204 ms  1645/5353 (31%)  
[  5] 339.00-340.00 sec   292 KBytes  2.39 Mbits/sec  0.459 ms  1607/4596 (35%)  
[  5] 340.00-341.00 sec   302 KBytes  2.48 Mbits/sec  0.209 ms  1370/4464 (31%)  
[  5] 341.00-342.00 sec   366 KBytes  3.00 Mbits/sec  0.225 ms  1329/5077 (26%)  
[  5] 342.00-343.00 sec   290 KBytes  2.38 Mbits/sec  0.218 ms  1163/4131 (28%)  
[  5] 343.00-344.00 sec   271 KBytes  2.22 Mbits/sec  0.222 ms  808/3587 (23%)  
[  5] 344.00-345.00 sec   322 KBytes  2.64 Mbits/sec  0.215 ms  1063/4360 (24%)  
[  5] 345.00-346.00 sec   289 KBytes  2.36 Mbits/sec  0.214 ms  1132/4088 (28%)  
[  5] 346.00-347.00 sec   291 KBytes  2.39 Mbits/sec  0.265 ms  1368/4350 (31%)  
[  5] 347.00-348.00 sec   270 KBytes  2.21 Mbits/sec  0.219 ms  1621/4381 (37%)  
[  5] 348.00-349.00 sec   262 KBytes  2.15 Mbits/sec  0.220 ms  1463/4150 (35%)  
[  5] 349.00-350.00 sec   295 KBytes  2.42 Mbits/sec  0.210 ms  1445/4466 (32%)  
[  5] 350.00-351.00 sec   362 KBytes  2.96 Mbits/sec  0.211 ms  1466/5168 (28%)  
[  5] 351.00-352.00 sec   294 KBytes  2.40 Mbits/sec  0.215 ms  1381/4387 (31%)  
[  5] 352.00-353.00 sec   317 KBytes  2.60 Mbits/sec  0.217 ms  1004/4250 (24%)  
[  5] 353.00-354.00 sec   368 KBytes  3.01 Mbits/sec  0.208 ms  1227/4993 (25%)  
[  5] 354.00-355.00 sec   315 KBytes  2.58 Mbits/sec  0.208 ms  1145/4369 (26%)  
[  5] 355.00-356.00 sec   353 KBytes  2.89 Mbits/sec  0.303 ms  1290/4902 (26%)  
[  5] 356.00-357.00 sec   307 KBytes  2.52 Mbits/sec  0.229 ms  1242/4388 (28%)  
[  5] 357.00-358.00 sec   308 KBytes  2.52 Mbits/sec  0.218 ms  1224/4374 (28%)  
[  5] 358.00-359.00 sec   317 KBytes  2.60 Mbits/sec  0.212 ms  1021/4265 (24%)  
[  5] 359.00-360.00 sec   301 KBytes  2.46 Mbits/sec  0.214 ms  1303/4383 (30%)  
[  5] 360.00-361.00 sec   352 KBytes  2.88 Mbits/sec  0.219 ms  1191/4795 (25%)  
[  5] 361.00-362.00 sec   317 KBytes  2.60 Mbits/sec  0.217 ms  898/4144 (22%)  
[  5] 362.00-363.00 sec   326 KBytes  2.67 Mbits/sec  0.212 ms  1029/4367 (24%)  
[  5] 363.00-364.00 sec   346 KBytes  2.84 Mbits/sec  0.208 ms  1407/4952 (28%)  
[  5] 364.00-365.00 sec   326 KBytes  2.67 Mbits/sec  0.259 ms  1106/4443 (25%)  
[  5] 365.00-366.00 sec   318 KBytes  2.60 Mbits/sec  0.203 ms  1363/4615 (30%)  
[  5] 366.00-367.00 sec   306 KBytes  2.50 Mbits/sec  0.273 ms  1770/4900 (36%)  
[  5] 367.00-368.00 sec   317 KBytes  2.60 Mbits/sec  0.211 ms  1257/4503 (28%)  
[  5] 368.00-369.00 sec   351 KBytes  2.88 Mbits/sec  0.262 ms  1511/5108 (30%)  
[  5] 369.00-370.00 sec   305 KBytes  2.50 Mbits/sec  0.218 ms  1299/4425 (29%)  
[  5] 370.00-371.00 sec   356 KBytes  2.91 Mbits/sec  0.199 ms  1502/5144 (29%)  
[  5] 371.00-372.00 sec   295 KBytes  2.42 Mbits/sec  0.467 ms  1684/4704 (36%)  
[  5] 372.00-373.00 sec   312 KBytes  2.55 Mbits/sec  0.222 ms  1215/4405 (28%)  
[  5] 373.00-374.00 sec   362 KBytes  2.96 Mbits/sec  0.210 ms  1258/4963 (25%)  
[  5] 374.00-375.00 sec   291 KBytes  2.39 Mbits/sec  0.299 ms  1239/4221 (29%)  
[  5] 375.00-376.00 sec   298 KBytes  2.44 Mbits/sec  0.239 ms  1020/4072 (25%)  
[  5] 376.00-377.00 sec   317 KBytes  2.60 Mbits/sec  0.204 ms  1217/4463 (27%)  
[  5] 377.00-378.00 sec   317 KBytes  2.60 Mbits/sec  0.443 ms  938/4185 (22%)  
[  5] 378.00-379.00 sec   304 KBytes  2.50 Mbits/sec  0.245 ms  1177/4295 (27%)  
[  5] 379.00-380.00 sec   338 KBytes  2.77 Mbits/sec  0.216 ms  1671/5137 (33%)  
[  5] 380.00-381.00 sec   297 KBytes  2.43 Mbits/sec  0.214 ms  1328/4368 (30%)  
[  5] 381.00-382.00 sec   301 KBytes  2.46 Mbits/sec  0.272 ms  1269/4347 (29%)  
[  5] 382.00-383.00 sec   269 KBytes  2.21 Mbits/sec  0.219 ms  1096/3854 (28%)  
[  5] 383.00-384.00 sec   227 KBytes  1.86 Mbits/sec  0.213 ms  1332/3658 (36%)  
[  5] 384.00-385.00 sec   208 KBytes  1.70 Mbits/sec  0.805 ms  859/2987 (29%)  
[  5] 385.00-386.00 sec   294 KBytes  2.41 Mbits/sec  0.220 ms  1343/4354 (31%)  
[  5] 386.00-387.00 sec   306 KBytes  2.50 Mbits/sec  0.207 ms  1108/4238 (26%)  
[  5] 387.00-388.00 sec   235 KBytes  1.92 Mbits/sec  0.221 ms  747/3150 (24%)  
[  5] 388.00-389.00 sec   295 KBytes  2.42 Mbits/sec  0.205 ms  1569/4593 (34%)  
[  5] 389.00-390.00 sec   308 KBytes  2.52 Mbits/sec  0.215 ms  1275/4424 (29%)  
[  5] 390.00-391.00 sec   266 KBytes  2.18 Mbits/sec  0.219 ms  989/3710 (27%)  
[  5] 391.00-392.00 sec   294 KBytes  2.40 Mbits/sec  0.207 ms  1191/4197 (28%)  
[  5] 392.00-393.00 sec   322 KBytes  2.64 Mbits/sec  0.236 ms  1048/4350 (24%)  
[  5] 393.00-394.00 sec   315 KBytes  2.58 Mbits/sec  0.209 ms  942/4163 (23%)  
[  5] 394.00-395.00 sec   324 KBytes  2.66 Mbits/sec  0.290 ms  951/4272 (22%)  
[  5] 395.00-396.00 sec   267 KBytes  2.19 Mbits/sec  0.212 ms  1447/4182 (35%)  
[  5] 396.00-397.00 sec   298 KBytes  2.44 Mbits/sec  0.451 ms  1184/4236 (28%)  
[  5] 397.00-398.00 sec   319 KBytes  2.61 Mbits/sec  0.219 ms  1181/4446 (27%)  
[  5] 398.00-399.00 sec   309 KBytes  2.53 Mbits/sec  0.209 ms  1111/4274 (26%)  
[  5] 399.00-400.00 sec   286 KBytes  2.34 Mbits/sec  0.216 ms  1604/4534 (35%)  
[  5] 400.00-401.00 sec   279 KBytes  2.29 Mbits/sec  0.294 ms  1684/4541 (37%)  
