Connecting to host 172.22.0.50, port 5201
Reverse mode, remote host 172.22.0.50 is sending
[  5] local 192.168.100.2 port 59553 connected to 172.22.0.50 port 5201
[ ID] Interval           Transfer     Bitrate         Jitter    Lost/Total Datagrams
[  5]   0.00-1.00   sec  1.43 MBytes  12.0 Mbits/sec  0.841 ms  0/1251 (0%)  
[  5]   1.00-2.00   sec  1.43 MBytes  12.0 Mbits/sec  0.889 ms  0/1249 (0%)  
[  5]   2.00-3.00   sec  1.43 MBytes  12.0 Mbits/sec  1.014 ms  0/1249 (0%)  
[  5]   3.00-4.00   sec  1.43 MBytes  12.0 Mbits/sec  1.096 ms  0/1250 (0%)  
[  5]   4.00-5.00   sec  1.43 MBytes  12.0 Mbits/sec  1.055 ms  0/1250 (0%)  
[  5]   5.00-6.00   sec  1.43 MBytes  12.0 Mbits/sec  0.915 ms  0/1253 (0%)  
[  5]   6.00-7.00   sec  1.43 MBytes  12.0 Mbits/sec  0.779 ms  0/1249 (0%)  
[  5]   7.00-8.00   sec  1.43 MBytes  12.0 Mbits/sec  1.050 ms  0/1248 (0%)  
[  5]   8.00-9.00   sec  1.43 MBytes  12.0 Mbits/sec  1.001 ms  0/1249 (0%)  
[  5]   9.00-10.00  sec  1.43 MBytes  12.0 Mbits/sec  0.934 ms  0/1251 (0%)  
[  5]  10.00-11.00  sec  1.43 MBytes  12.0 Mbits/sec  0.971 ms  0/1247 (0%)  
[  5]  11.00-12.00  sec  1.44 MBytes  12.1 Mbits/sec  0.862 ms  0/1256 (0%)  
[  5]  12.00-13.00  sec  1.43 MBytes  12.0 Mbits/sec  0.746 ms  0/1248 (0%)  
[  5]  13.00-14.00  sec  1.43 MBytes  12.0 Mbits/sec  0.931 ms  0/1253 (0%)  
[  5]  14.00-15.00  sec  1.43 MBytes  12.0 Mbits/sec  0.850 ms  0/1248 (0%)  
[  5]  15.00-16.00  sec  1.36 MBytes  11.4 Mbits/sec  1.751 ms  0/1188 (0%)  
[  5]  16.00-17.00  sec   544 KBytes  4.46 Mbits/sec  1.394 ms  0/464 (0%)  
[  5]  17.00-18.00  sec   553 KBytes  4.53 Mbits/sec  1.590 ms  0/472 (0%)  
[  5]  18.00-19.00  sec   552 KBytes  4.52 Mbits/sec  1.406 ms  0/471 (0%)  
[  5]  19.00-20.00  sec   545 KBytes  4.46 Mbits/sec  1.496 ms  0/465 (0%)  
[  5]  20.00-21.00  sec   507 KBytes  4.16 Mbits/sec  5.354 ms  0/433 (0%)  
[  5]  21.00-22.00  sec   599 KBytes  4.91 Mbits/sec  1.643 ms  0/511 (0%)  
[  5]  22.00-23.00  sec   629 KBytes  5.16 Mbits/sec  1.268 ms  0/537 (0%)  
[  5]  23.00-24.00  sec   639 KBytes  5.23 Mbits/sec  1.388 ms  0/545 (0%)  
[  5]  24.00-25.00  sec   636 KBytes  5.21 Mbits/sec  1.309 ms  0/543 (0%)  
[  5]  25.00-26.00  sec   622 KBytes  5.10 Mbits/sec  1.360 ms  0/531 (0%)  
[  5]  26.00-27.00  sec   680 KBytes  5.57 Mbits/sec  1.296 ms  0/580 (0%)  
[  5]  27.00-28.00  sec   697 KBytes  5.71 Mbits/sec  1.174 ms  0/595 (0%)  
[  5]  28.00-29.00  sec   684 KBytes  5.61 Mbits/sec  1.438 ms  46/630 (7.3%)  
[  5]  29.00-30.00  sec   691 KBytes  5.66 Mbits/sec  1.179 ms  0/590 (0%)  
[  5]  30.00-31.00  sec   709 KBytes  5.81 Mbits/sec  1.044 ms  0/605 (0%)  
[  5]  31.00-32.00  sec   696 KBytes  5.71 Mbits/sec  1.249 ms  0/594 (0%)  
[  5]  32.00-33.00  sec   696 KBytes  5.70 Mbits/sec  1.391 ms  0/594 (0%)  
[  5]  33.00-34.00  sec   710 KBytes  5.82 Mbits/sec  1.140 ms  0/606 (0%)  
[  5]  34.00-35.00  sec   707 KBytes  5.79 Mbits/sec  1.059 ms  0/603 (0%)  
[  5]  35.00-36.00  sec   703 KBytes  5.76 Mbits/sec  1.154 ms  0/600 (0%)  
[  5]  36.00-37.00  sec   749 KBytes  6.13 Mbits/sec  0.962 ms  0/639 (0%)  
[  5]  37.00-38.00  sec   744 KBytes  6.10 Mbits/sec  1.247 ms  0/635 (0%)  
[  5]  38.00-39.00  sec   759 KBytes  6.22 Mbits/sec  1.184 ms  0/648 (0%)  
[  5]  39.00-40.00  sec   764 KBytes  6.26 Mbits/sec  1.261 ms  0/652 (0%)  
[  5]  40.00-41.00  sec   608 KBytes  4.98 Mbits/sec  3.076 ms  511/1030 (50%)  
[  5]  41.00-42.00  sec   771 KBytes  6.32 Mbits/sec  1.205 ms  747/1405 (53%)  
[  5]  42.00-43.00  sec   809 KBytes  6.62 Mbits/sec  1.215 ms  787/1477 (53%)  
[  5]  43.00-44.00  sec   730 KBytes  5.98 Mbits/sec  1.123 ms  664/1287 (52%)  
[  5]  44.00-45.00  sec   783 KBytes  6.42 Mbits/sec  1.153 ms  725/1393 (52%)  
[  5]  45.00-46.00  sec   701 KBytes  5.74 Mbits/sec  1.140 ms  662/1260 (53%)  
[  5]  46.00-47.00  sec   819 KBytes  6.71 Mbits/sec  1.137 ms  751/1450 (52%)  
[  5]  47.00-48.00  sec   693 KBytes  5.67 Mbits/sec  1.293 ms  626/1217 (51%)  
[  5]  48.00-49.00  sec   804 KBytes  6.58 Mbits/sec  1.141 ms  724/1410 (51%)  
[  5]  49.00-50.00  sec   838 KBytes  6.86 Mbits/sec  1.091 ms  671/1386 (48%)  
[  5]  50.00-51.00  sec   686 KBytes  5.62 Mbits/sec  0.929 ms  565/1150 (49%)  
[  5]  51.00-52.00  sec   829 KBytes  6.79 Mbits/sec  1.077 ms  660/1367 (48%)  
[  5]  52.00-53.00  sec   689 KBytes  5.64 Mbits/sec  1.068 ms  530/1118 (47%)  
[  5]  53.00-54.00  sec   809 KBytes  6.62 Mbits/sec  1.055 ms  636/1326 (48%)  
[  5]  54.00-55.00  sec   707 KBytes  5.78 Mbits/sec  1.117 ms  550/1153 (48%)  
[  5]  55.00-56.00  sec   809 KBytes  6.64 Mbits/sec  1.004 ms  619/1309 (47%)  
[  5]  56.00-57.00  sec   709 KBytes  5.81 Mbits/sec  1.126 ms  544/1149 (47%)  
[  5]  57.00-58.00  sec   687 KBytes  5.63 Mbits/sec  1.180 ms  565/1151 (49%)  
[  5]  58.00-59.00  sec   838 KBytes  6.86 Mbits/sec  1.068 ms  668/1383 (48%)  
[  5]  59.00-60.00  sec   680 KBytes  5.57 Mbits/sec  1.056 ms  546/1126 (48%)  
[  5]  60.00-61.00  sec   698 KBytes  5.72 Mbits/sec  1.106 ms  574/1170 (49%)  
[  5]  61.00-62.00  sec   809 KBytes  6.62 Mbits/sec  1.081 ms  626/1316 (48%)  
[  5]  62.00-63.00  sec   709 KBytes  5.81 Mbits/sec  1.126 ms  542/1147 (47%)  
[  5]  63.00-64.00  sec   809 KBytes  6.63 Mbits/sec  1.113 ms  618/1308 (47%)  
[  5]  64.00-65.00  sec   718 KBytes  5.88 Mbits/sec  1.025 ms  554/1167 (47%)  
[  5]  65.00-66.00  sec   806 KBytes  6.60 Mbits/sec  1.112 ms  648/1336 (49%)  
[  5]  66.00-67.00  sec   797 KBytes  6.52 Mbits/sec  1.212 ms  628/1308 (48%)  
[  5]  67.00-68.00  sec   717 KBytes  5.89 Mbits/sec  1.117 ms  577/1189 (49%)  
[  5]  68.00-69.00  sec   809 KBytes  6.62 Mbits/sec  1.087 ms  634/1324 (48%)  
[  5]  69.00-70.00  sec   680 KBytes  5.57 Mbits/sec  1.153 ms  583/1163 (50%)  
[  5]  70.00-71.00  sec   809 KBytes  6.62 Mbits/sec  1.162 ms  707/1397 (51%)  
[  5]  71.00-72.00  sec   709 KBytes  5.81 Mbits/sec  1.116 ms  605/1210 (50%)  
[  5]  72.00-73.00  sec   809 KBytes  6.62 Mbits/sec  1.145 ms  683/1373 (50%)  
[  5]  73.00-74.00  sec   717 KBytes  5.88 Mbits/sec  1.098 ms  612/1224 (50%)  
[  5]  74.00-75.00  sec   807 KBytes  6.61 Mbits/sec  1.057 ms  644/1333 (48%)  
[  5]  75.00-76.00  sec   708 KBytes  5.80 Mbits/sec  1.130 ms  564/1168 (48%)  
[  5]  76.00-77.00  sec   810 KBytes  6.63 Mbits/sec  0.996 ms  612/1303 (47%)  
[  5]  77.00-78.00  sec   708 KBytes  5.80 Mbits/sec  1.134 ms  539/1143 (47%)  
[  5]  78.00-79.00  sec   720 KBytes  5.89 Mbits/sec  0.965 ms  568/1182 (48%)  
[  5]  79.00-80.00  sec   798 KBytes  6.53 Mbits/sec  1.115 ms  618/1299 (48%)  
[  5]  80.00-81.00  sec   810 KBytes  6.63 Mbits/sec  1.070 ms  644/1335 (48%)  
[  5]  81.00-82.00  sec   708 KBytes  5.80 Mbits/sec  1.119 ms  559/1163 (48%)  
[  5]  82.00-83.00  sec   807 KBytes  6.62 Mbits/sec  1.153 ms  647/1336 (48%)  
[  5]  83.00-84.00  sec   809 KBytes  6.63 Mbits/sec  1.149 ms  643/1333 (48%)  
[  5]  84.00-85.00  sec   718 KBytes  5.88 Mbits/sec  1.058 ms  598/1211 (49%)  
[  5]  85.00-86.00  sec   799 KBytes  6.55 Mbits/sec  1.074 ms  623/1305 (48%)  
[  5]  86.00-87.00  sec   689 KBytes  5.64 Mbits/sec  1.039 ms  543/1131 (48%)  
[  5]  87.00-88.00  sec   709 KBytes  5.81 Mbits/sec  1.099 ms  561/1166 (48%)  
[  5]  88.00-89.00  sec   708 KBytes  5.80 Mbits/sec  1.164 ms  556/1160 (48%)  
[  5]  89.00-90.00  sec   720 KBytes  5.89 Mbits/sec  1.205 ms  572/1186 (48%)  
[  5]  90.00-91.00  sec   810 KBytes  6.63 Mbits/sec  1.062 ms  685/1376 (50%)  
[  5]  91.00-92.00  sec   705 KBytes  5.78 Mbits/sec  1.083 ms  560/1162 (48%)  
[  5]  92.00-93.00  sec   809 KBytes  6.62 Mbits/sec  1.069 ms  630/1320 (48%)  
[  5]  93.00-94.00  sec   709 KBytes  5.81 Mbits/sec  1.128 ms  533/1138 (47%)  
[  5]  94.00-95.00  sec   689 KBytes  5.65 Mbits/sec  1.007 ms  527/1115 (47%)  
[  5]  95.00-96.00  sec   709 KBytes  5.81 Mbits/sec  1.106 ms  548/1153 (48%)  
[  5]  96.00-97.00  sec   809 KBytes  6.62 Mbits/sec  1.159 ms  628/1318 (48%)  
[  5]  97.00-98.00  sec   709 KBytes  5.81 Mbits/sec  1.094 ms  553/1158 (48%)  
[  5]  98.00-99.00  sec   718 KBytes  5.89 Mbits/sec  1.009 ms  583/1196 (49%)  
[  5]  99.00-100.00 sec   798 KBytes  6.54 Mbits/sec  1.174 ms  679/1360 (50%)  
[  5] 100.00-101.00 sec   809 KBytes  6.62 Mbits/sec  1.144 ms  692/1382 (50%)  
[  5] 101.00-102.00 sec   718 KBytes  5.88 Mbits/sec  0.993 ms  622/1235 (50%)  
[  5] 102.00-103.00 sec   680 KBytes  5.57 Mbits/sec  1.206 ms  595/1175 (51%)  
[  5] 103.00-104.00 sec   809 KBytes  6.62 Mbits/sec  1.090 ms  672/1362 (49%)  
[  5] 104.00-105.00 sec   688 KBytes  5.64 Mbits/sec  1.155 ms  610/1197 (51%)  
[  5] 105.00-106.00 sec   718 KBytes  5.89 Mbits/sec  1.026 ms  583/1196 (49%)  
[  5] 106.00-107.00 sec   798 KBytes  6.54 Mbits/sec  1.132 ms  689/1370 (50%)  
[  5] 107.00-108.00 sec   718 KBytes  5.88 Mbits/sec  1.111 ms  602/1215 (50%)  
[  5] 108.00-109.00 sec   807 KBytes  6.61 Mbits/sec  1.200 ms  698/1387 (50%)  
[  5] 109.00-110.00 sec   709 KBytes  5.80 Mbits/sec  1.073 ms  594/1199 (50%)  
[  5] 110.00-111.00 sec   809 KBytes  6.63 Mbits/sec  1.217 ms  675/1365 (49%)  
[  5] 111.00-112.00 sec   709 KBytes  5.81 Mbits/sec  1.132 ms  567/1172 (48%)  
[  5] 112.00-113.00 sec   809 KBytes  6.62 Mbits/sec  1.092 ms  624/1314 (47%)  
[  5] 113.00-114.00 sec   709 KBytes  5.81 Mbits/sec  1.058 ms  552/1157 (48%)  
[  5] 114.00-115.00 sec   809 KBytes  6.62 Mbits/sec  1.056 ms  654/1344 (49%)  
[  5] 115.00-116.00 sec   686 KBytes  5.62 Mbits/sec  1.130 ms  580/1165 (50%)  
[  5] 116.00-117.00 sec   809 KBytes  6.62 Mbits/sec  1.106 ms  685/1375 (50%)  
[  5] 117.00-118.00 sec   708 KBytes  5.80 Mbits/sec  1.155 ms  574/1178 (49%)  
[  5] 118.00-119.00 sec   810 KBytes  6.63 Mbits/sec  1.053 ms  661/1352 (49%)  
[  5] 119.00-120.00 sec   708 KBytes  5.79 Mbits/sec  1.155 ms  570/1174 (49%)  
[  5] 120.00-121.00 sec   720 KBytes  5.90 Mbits/sec  1.102 ms  582/1196 (49%)  
[  5] 121.00-122.00 sec   798 KBytes  6.54 Mbits/sec  1.075 ms  611/1292 (47%)  
[  5] 122.00-123.00 sec   720 KBytes  5.89 Mbits/sec  1.147 ms  585/1199 (49%)  
[  5] 123.00-124.00 sec   806 KBytes  6.60 Mbits/sec  1.027 ms  653/1341 (49%)  
[  5] 124.00-125.00 sec   708 KBytes  5.80 Mbits/sec  1.103 ms  571/1175 (49%)  
[  5] 125.00-126.00 sec   809 KBytes  6.63 Mbits/sec  1.093 ms  640/1330 (48%)  
[  5] 126.00-127.00 sec   709 KBytes  5.81 Mbits/sec  1.132 ms  556/1161 (48%)  
[  5] 127.00-128.00 sec   809 KBytes  6.62 Mbits/sec  1.121 ms  633/1323 (48%)  
[  5] 128.00-129.00 sec   680 KBytes  5.56 Mbits/sec  1.168 ms  541/1121 (48%)  
[  5] 129.00-130.00 sec   809 KBytes  6.64 Mbits/sec  1.098 ms  642/1332 (48%)  
[  5] 130.00-131.00 sec   809 KBytes  6.62 Mbits/sec  1.138 ms  678/1368 (50%)  
[  5] 131.00-132.00 sec   717 KBytes  5.88 Mbits/sec  1.039 ms  615/1227 (50%)  
[  5] 132.00-133.00 sec   756 KBytes  6.19 Mbits/sec  1.094 ms  655/1300 (50%)  
[  5] 133.00-134.00 sec   710 KBytes  5.82 Mbits/sec  1.134 ms  592/1198 (49%)  
[  5] 134.00-135.00 sec   799 KBytes  6.54 Mbits/sec  1.139 ms  643/1325 (49%)  
[  5] 135.00-136.00 sec   688 KBytes  5.64 Mbits/sec  1.022 ms  544/1131 (48%)  
[  5] 136.00-137.00 sec   709 KBytes  5.80 Mbits/sec  1.129 ms  556/1161 (48%)  
[  5] 137.00-138.00 sec   809 KBytes  6.63 Mbits/sec  1.103 ms  635/1325 (48%)  
[  5] 138.00-139.00 sec   709 KBytes  5.81 Mbits/sec  1.159 ms  564/1169 (48%)  
[  5] 139.00-140.00 sec   778 KBytes  6.37 Mbits/sec  1.215 ms  650/1314 (49%)  
[  5] 140.00-141.00 sec   807 KBytes  6.62 Mbits/sec  1.117 ms  651/1340 (49%)  
[  5] 141.00-142.00 sec   703 KBytes  5.75 Mbits/sec  1.067 ms  563/1163 (48%)  
[  5] 142.00-143.00 sec   800 KBytes  6.56 Mbits/sec  1.125 ms  618/1301 (48%)  
[  5] 143.00-144.00 sec   684 KBytes  5.60 Mbits/sec  1.170 ms  534/1118 (48%)  
[  5] 144.00-145.00 sec   811 KBytes  6.65 Mbits/sec  1.119 ms  658/1350 (49%)  
[  5] 145.00-146.00 sec   711 KBytes  5.82 Mbits/sec  1.007 ms  548/1155 (47%)  
[  5] 146.00-147.00 sec   800 KBytes  6.56 Mbits/sec  1.156 ms  661/1344 (49%)  
[  5] 147.00-148.00 sec   805 KBytes  6.59 Mbits/sec  1.239 ms  693/1380 (50%)  
[  5] 148.00-149.00 sec   675 KBytes  5.53 Mbits/sec  1.074 ms  600/1176 (51%)  
[  5] 149.00-150.00 sec   800 KBytes  6.55 Mbits/sec  1.159 ms  657/1340 (49%)  
[  5] 150.00-151.00 sec   701 KBytes  5.75 Mbits/sec  1.396 ms  555/1153 (48%)  
[  5] 151.00-152.00 sec   683 KBytes  5.60 Mbits/sec  1.101 ms  553/1136 (49%)  
[  5] 152.00-153.00 sec   810 KBytes  6.63 Mbits/sec  0.986 ms  640/1331 (48%)  
[  5] 153.00-154.00 sec   712 KBytes  5.83 Mbits/sec  1.001 ms  559/1167 (48%)  
[  5] 154.00-155.00 sec   802 KBytes  6.57 Mbits/sec  1.168 ms  629/1313 (48%)  
[  5] 155.00-156.00 sec   718 KBytes  5.89 Mbits/sec  1.070 ms  574/1187 (48%)  
[  5] 156.00-157.00 sec   799 KBytes  6.55 Mbits/sec  1.176 ms  640/1322 (48%)  
[  5] 157.00-158.00 sec   714 KBytes  5.85 Mbits/sec  1.114 ms  576/1185 (49%)  
[  5] 158.00-159.00 sec   812 KBytes  6.65 Mbits/sec  1.093 ms  647/1340 (48%)  
[  5] 159.00-160.00 sec   712 KBytes  5.84 Mbits/sec  1.068 ms  561/1169 (48%)  
[  5] 160.00-161.00 sec   802 KBytes  6.57 Mbits/sec  1.149 ms  612/1296 (47%)  
[  5] 161.00-162.00 sec   712 KBytes  5.84 Mbits/sec  1.073 ms  586/1194 (49%)  
[  5] 162.00-163.00 sec   810 KBytes  6.63 Mbits/sec  1.064 ms  686/1377 (50%)  
[  5] 163.00-164.00 sec   682 KBytes  5.59 Mbits/sec  1.107 ms  602/1184 (51%)  
[  5] 164.00-165.00 sec   807 KBytes  6.61 Mbits/sec  1.292 ms  663/1352 (49%)  
[  5] 165.00-166.00 sec   708 KBytes  5.80 Mbits/sec  1.067 ms  554/1158 (48%)  
[  5] 166.00-167.00 sec   810 KBytes  6.63 Mbits/sec  0.956 ms  653/1344 (49%)  
[  5] 167.00-168.00 sec   708 KBytes  5.80 Mbits/sec  1.121 ms  569/1173 (49%)  
[  5] 168.00-169.00 sec   718 KBytes  5.89 Mbits/sec  1.086 ms  589/1202 (49%)  
[  5] 169.00-170.00 sec   799 KBytes  6.55 Mbits/sec  1.098 ms  630/1312 (48%)  
[  5] 170.00-171.00 sec   809 KBytes  6.62 Mbits/sec  1.089 ms  636/1326 (48%)  
[  5] 171.00-172.00 sec   708 KBytes  5.80 Mbits/sec  1.038 ms  549/1153 (48%)  
[  5] 172.00-173.00 sec   809 KBytes  6.62 Mbits/sec  1.073 ms  643/1333 (48%)  
[  5] 173.00-174.00 sec   688 KBytes  5.64 Mbits/sec  1.023 ms  547/1134 (48%)  
[  5] 174.00-175.00 sec   816 KBytes  6.68 Mbits/sec  1.339 ms  639/1335 (48%)  
[  5] 175.00-176.00 sec   689 KBytes  5.65 Mbits/sec  1.185 ms  545/1133 (48%)  
[  5] 176.00-177.00 sec   695 KBytes  5.69 Mbits/sec  1.130 ms  585/1178 (50%)  
[  5] 177.00-178.00 sec   810 KBytes  6.63 Mbits/sec  1.086 ms  670/1361 (49%)  
[  5] 178.00-179.00 sec   708 KBytes  5.80 Mbits/sec  1.164 ms  583/1187 (49%)  
[  5] 179.00-180.00 sec   718 KBytes  5.88 Mbits/sec  1.230 ms  601/1214 (50%)  
[  5] 180.00-181.00 sec   809 KBytes  6.63 Mbits/sec  1.077 ms  664/1354 (49%)  
[  5] 181.00-182.00 sec   708 KBytes  5.80 Mbits/sec  1.150 ms  567/1171 (48%)  
[  5] 182.00-183.00 sec   689 KBytes  5.65 Mbits/sec  1.095 ms  547/1135 (48%)  
[  5] 183.00-184.00 sec   709 KBytes  5.81 Mbits/sec  1.124 ms  546/1151 (47%)  
[  5] 184.00-185.00 sec   708 KBytes  5.80 Mbits/sec  1.125 ms  554/1158 (48%)  
[  5] 185.00-186.00 sec   810 KBytes  6.63 Mbits/sec  1.078 ms  616/1307 (47%)  
[  5] 186.00-187.00 sec   707 KBytes  5.79 Mbits/sec  1.069 ms  582/1185 (49%)  
[  5] 187.00-188.00 sec   799 KBytes  6.55 Mbits/sec  1.089 ms  618/1300 (48%)  
[  5] 188.00-189.00 sec   687 KBytes  5.63 Mbits/sec  1.046 ms  585/1171 (50%)  
[  5] 189.00-190.00 sec   809 KBytes  6.62 Mbits/sec  1.102 ms  718/1408 (51%)  
[  5] 190.00-191.00 sec   798 KBytes  6.54 Mbits/sec  1.154 ms  658/1339 (49%)  
[  5] 191.00-192.00 sec   720 KBytes  5.89 Mbits/sec  1.012 ms  585/1199 (49%)  
[  5] 192.00-193.00 sec   798 KBytes  6.54 Mbits/sec  1.196 ms  698/1379 (51%)  
[  5] 193.00-194.00 sec   689 KBytes  5.65 Mbits/sec  0.983 ms  577/1165 (50%)  
[  5] 194.00-195.00 sec   799 KBytes  6.55 Mbits/sec  1.199 ms  681/1363 (50%)  
[  5] 195.00-196.00 sec   689 KBytes  5.64 Mbits/sec  1.097 ms  566/1154 (49%)  
[  5] 196.00-197.00 sec   708 KBytes  5.80 Mbits/sec  1.173 ms  656/1260 (52%)  
[  5] 197.00-198.00 sec   809 KBytes  6.62 Mbits/sec  1.123 ms  714/1404 (51%)  
[  5] 198.00-199.00 sec   809 KBytes  6.62 Mbits/sec  1.121 ms  675/1365 (49%)  
[  5] 199.00-200.00 sec   679 KBytes  5.56 Mbits/sec  1.108 ms  527/1106 (48%)  
[  5] 200.00-201.00 sec   716 KBytes  5.87 Mbits/sec  1.001 ms  556/1167 (48%)  
[  5] 201.00-202.00 sec   792 KBytes  6.49 Mbits/sec  1.145 ms  640/1316 (49%)  
[  5] 202.00-203.00 sec   712 KBytes  5.84 Mbits/sec  1.069 ms  565/1173 (48%)  
[  5] 203.00-204.00 sec   782 KBytes  6.40 Mbits/sec  1.100 ms  614/1281 (48%)  
[  5] 204.00-205.00 sec   802 KBytes  6.57 Mbits/sec  1.123 ms  648/1332 (49%)  
[  5] 205.00-206.00 sec   712 KBytes  5.84 Mbits/sec  1.157 ms  585/1193 (49%)  
[  5] 206.00-207.00 sec   800 KBytes  6.56 Mbits/sec  1.099 ms  646/1329 (49%)  
[  5] 207.00-208.00 sec   712 KBytes  5.84 Mbits/sec  1.167 ms  591/1199 (49%)  
[  5] 208.00-209.00 sec   780 KBytes  6.39 Mbits/sec  1.143 ms  667/1333 (50%)  
[  5] 209.00-210.00 sec   711 KBytes  5.83 Mbits/sec  0.964 ms  564/1171 (48%)  
[  5] 210.00-211.00 sec   803 KBytes  6.58 Mbits/sec  1.121 ms  638/1323 (48%)  
[  5] 211.00-212.00 sec   709 KBytes  5.80 Mbits/sec  1.161 ms  565/1170 (48%)  
[  5] 212.00-213.00 sec   776 KBytes  6.36 Mbits/sec  1.111 ms  633/1295 (49%)  
[  5] 213.00-214.00 sec   716 KBytes  5.87 Mbits/sec  1.197 ms  585/1196 (49%)  
[  5] 214.00-215.00 sec   804 KBytes  6.58 Mbits/sec  1.062 ms  661/1347 (49%)  
[  5] 215.00-216.00 sec   683 KBytes  5.60 Mbits/sec  1.182 ms  543/1126 (48%)  
[  5] 216.00-217.00 sec   811 KBytes  6.63 Mbits/sec  1.080 ms  645/1337 (48%)  
[  5] 217.00-218.00 sec   711 KBytes  5.84 Mbits/sec  0.982 ms  535/1142 (47%)  
[  5] 218.00-219.00 sec   802 KBytes  6.57 Mbits/sec  1.089 ms  648/1332 (49%)  
[  5] 219.00-220.00 sec   682 KBytes  5.59 Mbits/sec  1.138 ms  535/1117 (48%)  
[  5] 220.00-221.00 sec   804 KBytes  6.59 Mbits/sec  1.132 ms  646/1332 (48%)  
[  5] 221.00-222.00 sec   687 KBytes  5.63 Mbits/sec  0.974 ms  537/1123 (48%)  
[  5] 222.00-223.00 sec   804 KBytes  6.59 Mbits/sec  1.214 ms  676/1362 (50%)  
[  5] 223.00-224.00 sec   711 KBytes  5.83 Mbits/sec  1.200 ms  598/1205 (50%)  
[  5] 224.00-225.00 sec   802 KBytes  6.57 Mbits/sec  1.129 ms  656/1340 (49%)  
[  5] 225.00-226.00 sec   712 KBytes  5.84 Mbits/sec  1.170 ms  582/1190 (49%)  
[  5] 226.00-227.00 sec   722 KBytes  5.91 Mbits/sec  1.059 ms  594/1210 (49%)  
[  5] 227.00-228.00 sec   802 KBytes  6.57 Mbits/sec  1.053 ms  629/1313 (48%)  
[  5] 228.00-229.00 sec   711 KBytes  5.83 Mbits/sec  1.102 ms  587/1194 (49%)  
[  5] 229.00-230.00 sec   782 KBytes  6.40 Mbits/sec  1.104 ms  653/1320 (49%)  
[  5] 230.00-231.00 sec   711 KBytes  5.83 Mbits/sec  1.097 ms  594/1201 (49%)  
[  5] 231.00-232.00 sec   814 KBytes  6.67 Mbits/sec  1.280 ms  664/1359 (49%)  
[  5] 232.00-233.00 sec   683 KBytes  5.60 Mbits/sec  1.107 ms  548/1131 (48%)  
[  5] 233.00-234.00 sec   793 KBytes  6.50 Mbits/sec  1.160 ms  686/1363 (50%)  
[  5] 234.00-235.00 sec   712 KBytes  5.84 Mbits/sec  1.019 ms  566/1174 (48%)  
[  5] 235.00-236.00 sec   792 KBytes  6.49 Mbits/sec  1.116 ms  661/1337 (49%)  
[  5] 236.00-237.00 sec   714 KBytes  5.84 Mbits/sec  1.179 ms  591/1200 (49%)  
[  5] 237.00-238.00 sec   807 KBytes  6.62 Mbits/sec  1.037 ms  651/1340 (49%)  
[  5] 238.00-239.00 sec   708 KBytes  5.79 Mbits/sec  1.135 ms  629/1233 (51%)  
[  5] 239.00-240.00 sec   809 KBytes  6.62 Mbits/sec  1.073 ms  650/1340 (49%)  
[  5] 240.00-241.00 sec   709 KBytes  5.81 Mbits/sec  1.062 ms  575/1180 (49%)  
[  5] 241.00-242.00 sec   688 KBytes  5.63 Mbits/sec  1.058 ms  543/1130 (48%)  
[  5] 242.00-243.00 sec   709 KBytes  5.81 Mbits/sec  1.151 ms  564/1169 (48%)  
[  5] 243.00-244.00 sec   809 KBytes  6.62 Mbits/sec  1.206 ms  627/1317 (48%)  
[  5] 244.00-245.00 sec   709 KBytes  5.81 Mbits/sec  1.198 ms  566/1171 (48%)  
[  5] 245.00-246.00 sec   717 KBytes  5.88 Mbits/sec  1.168 ms  599/1211 (49%)  
[  5] 246.00-247.00 sec   708 KBytes  5.80 Mbits/sec  1.175 ms  574/1178 (49%)  
[  5] 247.00-248.00 sec   809 KBytes  6.62 Mbits/sec  1.206 ms  660/1350 (49%)  
[  5] 248.00-249.00 sec   720 KBytes  5.89 Mbits/sec  1.085 ms  556/1170 (48%)  
[  5] 249.00-250.00 sec   798 KBytes  6.54 Mbits/sec  1.182 ms  632/1313 (48%)  
[  5] 250.00-251.00 sec   689 KBytes  5.64 Mbits/sec  1.103 ms  543/1131 (48%)  
[  5] 251.00-252.00 sec   697 KBytes  5.71 Mbits/sec  1.128 ms  552/1147 (48%)  
[  5] 252.00-253.00 sec   797 KBytes  6.53 Mbits/sec  1.093 ms  648/1328 (49%)  
[  5] 253.00-254.00 sec   799 KBytes  6.55 Mbits/sec  1.182 ms  668/1350 (49%)  
[  5] 254.00-255.00 sec   717 KBytes  5.88 Mbits/sec  1.141 ms  640/1252 (51%)  
[  5] 255.00-256.00 sec   809 KBytes  6.62 Mbits/sec  1.165 ms  707/1397 (51%)  
[  5] 256.00-257.00 sec   709 KBytes  5.81 Mbits/sec  1.165 ms  607/1212 (50%)  
[  5] 257.00-258.00 sec   688 KBytes  5.64 Mbits/sec  1.091 ms  593/1180 (50%)  
[  5] 258.00-259.00 sec   709 KBytes  5.81 Mbits/sec  1.153 ms  604/1209 (50%)  
[  5] 259.00-260.00 sec   809 KBytes  6.62 Mbits/sec  1.094 ms  682/1372 (50%)  
[  5] 260.00-261.00 sec   709 KBytes  5.80 Mbits/sec  1.130 ms  596/1201 (50%)  
[  5] 261.00-262.00 sec   806 KBytes  6.61 Mbits/sec  1.212 ms  663/1351 (49%)  
[  5] 262.00-263.00 sec   715 KBytes  5.86 Mbits/sec  1.080 ms  584/1194 (49%)  
[  5] 263.00-264.00 sec   807 KBytes  6.61 Mbits/sec  0.990 ms  679/1368 (50%)  
[  5] 264.00-265.00 sec   709 KBytes  5.81 Mbits/sec  1.158 ms  573/1178 (49%)  
[  5] 265.00-266.00 sec   809 KBytes  6.62 Mbits/sec  1.144 ms  636/1326 (48%)  
[  5] 266.00-267.00 sec   709 KBytes  5.81 Mbits/sec  1.106 ms  543/1148 (47%)  
[  5] 267.00-268.00 sec   809 KBytes  6.63 Mbits/sec  1.113 ms  633/1323 (48%)  
[  5] 268.00-269.00 sec   709 KBytes  5.81 Mbits/sec  1.516 ms  590/1195 (49%)  
[  5] 269.00-270.00 sec   777 KBytes  6.36 Mbits/sec  1.236 ms  691/1354 (51%)  
[  5] 270.00-271.00 sec   807 KBytes  6.61 Mbits/sec  1.198 ms  680/1369 (50%)  
[  5] 271.00-272.00 sec   704 KBytes  5.77 Mbits/sec  0.996 ms  589/1190 (49%)  
[  5] 272.00-273.00 sec   679 KBytes  5.56 Mbits/sec  1.137 ms  527/1106 (48%)  
[  5] 273.00-274.00 sec   809 KBytes  6.62 Mbits/sec  1.090 ms  686/1376 (50%)  
[  5] 274.00-275.00 sec   709 KBytes  5.81 Mbits/sec  1.195 ms  556/1161 (48%)  
[  5] 275.00-276.00 sec   720 KBytes  5.89 Mbits/sec  1.137 ms  588/1202 (49%)  
[  5] 276.00-277.00 sec   738 KBytes  6.05 Mbits/sec  1.159 ms  568/1198 (47%)  
[  5] 277.00-278.00 sec   620 KBytes  5.07 Mbits/sec  1.119 ms  480/1009 (48%)  
[  5] 278.00-279.00 sec   717 KBytes  5.88 Mbits/sec  1.136 ms  578/1190 (49%)  
[  5] 279.00-280.00 sec   648 KBytes  5.31 Mbits/sec  1.138 ms  528/1081 (49%)  
[  5] 280.00-281.00 sec   709 KBytes  5.81 Mbits/sec  1.104 ms  558/1163 (48%)  
[  5] 281.00-282.00 sec   688 KBytes  5.64 Mbits/sec  1.097 ms  535/1122 (48%)  
[  5] 282.00-283.00 sec   711 KBytes  5.83 Mbits/sec  1.067 ms  556/1163 (48%)  
[  5] 283.00-284.00 sec   712 KBytes  5.84 Mbits/sec  1.084 ms  557/1165 (48%)  
[  5] 284.00-285.00 sec   739 KBytes  6.06 Mbits/sec  1.460 ms  595/1226 (49%)  
[  5] 285.00-286.00 sec   745 KBytes  6.11 Mbits/sec  1.179 ms  636/1272 (50%)  
[  5] 286.00-287.00 sec   716 KBytes  5.86 Mbits/sec  1.233 ms  618/1229 (50%)  
[  5] 287.00-288.00 sec   778 KBytes  6.38 Mbits/sec  1.088 ms  657/1321 (50%)  
[  5] 288.00-289.00 sec   705 KBytes  5.78 Mbits/sec  1.213 ms  600/1202 (50%)  
[  5] 289.00-290.00 sec   700 KBytes  5.74 Mbits/sec  1.298 ms  629/1226 (51%)  
[  5] 290.00-291.00 sec   821 KBytes  6.72 Mbits/sec  1.205 ms  832/1533 (54%)  
[  5] 291.00-292.00 sec   579 KBytes  4.75 Mbits/sec  1.266 ms  571/1065 (54%)  
[  5] 292.00-293.00 sec   642 KBytes  5.26 Mbits/sec  1.238 ms  637/1185 (54%)  
[  5] 293.00-294.00 sec   579 KBytes  4.74 Mbits/sec  1.217 ms  568/1062 (53%)  
[  5] 294.00-295.00 sec   615 KBytes  5.04 Mbits/sec  1.341 ms  615/1140 (54%)  
[  5] 295.00-296.00 sec   653 KBytes  5.35 Mbits/sec  1.155 ms  573/1130 (51%)  
[  5] 296.00-297.00 sec   714 KBytes  5.84 Mbits/sec  1.178 ms  689/1298 (53%)  
[  5] 297.00-298.00 sec   619 KBytes  5.07 Mbits/sec  1.193 ms  503/1031 (49%)  
[  5] 298.00-299.00 sec   743 KBytes  6.08 Mbits/sec  1.129 ms  608/1242 (49%)  
[  5] 299.00-300.00 sec   622 KBytes  5.10 Mbits/sec  1.108 ms  517/1048 (49%)  
[  5] 300.00-301.00 sec   743 KBytes  6.09 Mbits/sec  1.108 ms  598/1232 (49%)  
[  5] 301.00-302.00 sec   622 KBytes  5.10 Mbits/sec  1.185 ms  526/1057 (50%)  
[  5] 302.00-303.00 sec   712 KBytes  5.84 Mbits/sec  1.211 ms  600/1208 (50%)  
[  5] 303.00-304.00 sec   653 KBytes  5.35 Mbits/sec  1.010 ms  556/1113 (50%)  
[  5] 304.00-305.00 sec   707 KBytes  5.78 Mbits/sec  1.137 ms  603/1206 (50%)  
[  5] 305.00-306.00 sec   660 KBytes  5.41 Mbits/sec  1.296 ms  655/1218 (54%)  
[  5] 306.00-307.00 sec   784 KBytes  6.42 Mbits/sec  1.313 ms  959/1628 (59%)  
[  5] 307.00-308.00 sec   703 KBytes  5.75 Mbits/sec  1.256 ms  830/1430 (58%)  
[  5] 308.00-309.00 sec   785 KBytes  6.43 Mbits/sec  1.239 ms  898/1568 (57%)  
[  5] 309.00-310.00 sec   710 KBytes  5.82 Mbits/sec  1.235 ms  796/1402 (57%)  
[  5] 310.00-311.00 sec   811 KBytes  6.64 Mbits/sec  1.345 ms  775/1467 (53%)  
[  5] 311.00-312.00 sec   817 KBytes  6.69 Mbits/sec  1.204 ms  801/1498 (53%)  
[  5] 312.00-313.00 sec   700 KBytes  5.73 Mbits/sec  1.320 ms  696/1293 (54%)  
[  5] 313.00-314.00 sec   821 KBytes  6.73 Mbits/sec  1.113 ms  783/1484 (53%)  
[  5] 314.00-315.00 sec   697 KBytes  5.71 Mbits/sec  1.168 ms  671/1266 (53%)  
[  5] 315.00-316.00 sec   819 KBytes  6.71 Mbits/sec  1.162 ms  793/1492 (53%)  
[  5] 316.00-317.00 sec   702 KBytes  5.75 Mbits/sec  1.105 ms  681/1280 (53%)  
[  5] 317.00-318.00 sec   693 KBytes  5.67 Mbits/sec  1.286 ms  676/1267 (53%)  
[  5] 318.00-319.00 sec   704 KBytes  5.77 Mbits/sec  1.228 ms  700/1301 (54%)  
[  5] 319.00-320.00 sec   707 KBytes  5.79 Mbits/sec  1.091 ms  578/1181 (49%)  
[  5] 320.00-321.00 sec   598 KBytes  4.90 Mbits/sec  1.121 ms  506/1016 (50%)  
[  5] 321.00-322.00 sec   709 KBytes  5.81 Mbits/sec  1.127 ms  541/1146 (47%)  
[  5] 322.00-323.00 sec   709 KBytes  5.81 Mbits/sec  1.070 ms  555/1160 (48%)  
[  5] 323.00-324.00 sec   629 KBytes  5.16 Mbits/sec  1.067 ms  495/1032 (48%)  
[  5] 324.00-325.00 sec   679 KBytes  5.55 Mbits/sec  1.103 ms  517/1096 (47%)  
[  5] 325.00-326.00 sec   709 KBytes  5.81 Mbits/sec  1.102 ms  553/1158 (48%)  
[  5] 326.00-327.00 sec   809 KBytes  6.62 Mbits/sec  1.107 ms  613/1303 (47%)  
[  5] 327.00-328.00 sec   718 KBytes  5.89 Mbits/sec  1.088 ms  595/1208 (49%)  
[  5] 328.00-329.00 sec   705 KBytes  5.78 Mbits/sec  1.165 ms  558/1160 (48%)  
[  5] 329.00-330.00 sec   717 KBytes  5.88 Mbits/sec  1.144 ms  566/1178 (48%)  
[  5] 330.00-331.00 sec   680 KBytes  5.57 Mbits/sec  1.166 ms  594/1174 (51%)  
[  5] 331.00-332.00 sec   809 KBytes  6.62 Mbits/sec  1.204 ms  783/1473 (53%)  
[  5] 332.00-333.00 sec   709 KBytes  5.81 Mbits/sec  1.233 ms  675/1280 (53%)  
[  5] 333.00-334.00 sec   718 KBytes  5.89 Mbits/sec  1.021 ms  704/1317 (53%)  
[  5] 334.00-335.00 sec   709 KBytes  5.81 Mbits/sec  1.148 ms  723/1328 (54%)  
[  5] 335.00-336.00 sec   717 KBytes  5.88 Mbits/sec  1.068 ms  704/1316 (53%)  
[  5] 336.00-337.00 sec   676 KBytes  5.54 Mbits/sec  1.167 ms  662/1239 (53%)  
[  5] 337.00-338.00 sec   717 KBytes  5.88 Mbits/sec  1.073 ms  712/1324 (54%)  
[  5] 338.00-339.00 sec   709 KBytes  5.81 Mbits/sec  1.134 ms  619/1224 (51%)  
[  5] 339.00-340.00 sec   718 KBytes  5.88 Mbits/sec  1.019 ms  628/1241 (51%)  
[  5] 340.00-341.00 sec   709 KBytes  5.80 Mbits/sec  1.133 ms  609/1214 (50%)  
[  5] 341.00-342.00 sec   679 KBytes  5.57 Mbits/sec  1.109 ms  578/1157 (50%)  
[  5] 342.00-343.00 sec   717 KBytes  5.88 Mbits/sec  1.072 ms  617/1229 (50%)  
[  5] 343.00-344.00 sec   798 KBytes  6.54 Mbits/sec  1.135 ms  695/1376 (51%)  
[  5] 344.00-345.00 sec   709 KBytes  5.81 Mbits/sec  1.172 ms  671/1276 (53%)  
[  5] 345.00-346.00 sec   720 KBytes  5.89 Mbits/sec  1.084 ms  631/1245 (51%)  
[  5] 346.00-347.00 sec   701 KBytes  5.75 Mbits/sec  1.102 ms  576/1174 (49%)  
[  5] 347.00-348.00 sec   679 KBytes  5.56 Mbits/sec  1.194 ms  611/1190 (51%)  
[  5] 348.00-349.00 sec   720 KBytes  5.89 Mbits/sec  1.075 ms  653/1267 (52%)  
[  5] 349.00-350.00 sec   708 KBytes  5.80 Mbits/sec  1.171 ms  628/1232 (51%)  
[  5] 350.00-351.00 sec   720 KBytes  5.90 Mbits/sec  1.156 ms  730/1344 (54%)  
[  5] 351.00-352.00 sec   589 KBytes  4.83 Mbits/sec  1.129 ms  542/1045 (52%)  
[  5] 352.00-353.00 sec   707 KBytes  5.79 Mbits/sec  1.175 ms  636/1239 (51%)  
[  5] 353.00-354.00 sec   717 KBytes  5.87 Mbits/sec  1.091 ms  699/1311 (53%)  
[  5] 354.00-355.00 sec   709 KBytes  5.81 Mbits/sec  1.101 ms  601/1206 (50%)  
[  5] 355.00-356.00 sec   718 KBytes  5.89 Mbits/sec  1.077 ms  637/1250 (51%)  
[  5] 356.00-357.00 sec   679 KBytes  5.56 Mbits/sec  1.166 ms  561/1140 (49%)  
[  5] 357.00-358.00 sec   709 KBytes  5.81 Mbits/sec  1.138 ms  580/1185 (49%)  
[  5] 358.00-359.00 sec   720 KBytes  5.89 Mbits/sec  1.019 ms  627/1241 (51%)  
[  5] 359.00-360.00 sec   709 KBytes  5.81 Mbits/sec  1.119 ms  615/1220 (50%)  
[  5] 360.00-361.00 sec   708 KBytes  5.80 Mbits/sec  1.198 ms  633/1237 (51%)  
[  5] 361.00-362.00 sec   686 KBytes  5.61 Mbits/sec  1.129 ms  609/1194 (51%)  
[  5] 362.00-363.00 sec   809 KBytes  6.62 Mbits/sec  1.191 ms  748/1438 (52%)  
[  5] 363.00-364.00 sec   709 KBytes  5.81 Mbits/sec  1.218 ms  759/1364 (56%)  
[  5] 364.00-365.00 sec   718 KBytes  5.88 Mbits/sec  1.134 ms  702/1315 (53%)  
[  5] 365.00-366.00 sec   710 KBytes  5.82 Mbits/sec  1.129 ms  669/1275 (52%)  
[  5] 366.00-367.00 sec   766 KBytes  6.28 Mbits/sec  1.111 ms  758/1412 (54%)  
[  5] 367.00-368.00 sec   708 KBytes  5.80 Mbits/sec  1.293 ms  667/1271 (52%)  
[  5] 368.00-369.00 sec   720 KBytes  5.90 Mbits/sec  1.020 ms  736/1350 (55%)  
[  5] 369.00-370.00 sec   707 KBytes  5.78 Mbits/sec  1.183 ms  647/1250 (52%)  
[  5] 370.00-371.00 sec   720 KBytes  5.90 Mbits/sec  1.036 ms  622/1236 (50%)  
[  5] 371.00-372.00 sec   688 KBytes  5.64 Mbits/sec  1.169 ms  652/1239 (53%)  
[  5] 372.00-373.00 sec   718 KBytes  5.88 Mbits/sec  1.077 ms  656/1269 (52%)  
[  5] 373.00-374.00 sec   799 KBytes  6.55 Mbits/sec  1.099 ms  702/1384 (51%)  
[  5] 374.00-375.00 sec   688 KBytes  5.63 Mbits/sec  1.088 ms  604/1191 (51%)  
[  5] 375.00-376.00 sec   696 KBytes  5.71 Mbits/sec  1.206 ms  612/1206 (51%)  
[  5] 376.00-377.00 sec   718 KBytes  5.88 Mbits/sec  1.080 ms  631/1244 (51%)  
[  5] 377.00-378.00 sec   805 KBytes  6.60 Mbits/sec  1.105 ms  692/1379 (50%)  
[  5] 378.00-379.00 sec   709 KBytes  5.81 Mbits/sec  1.224 ms  588/1193 (49%)  
[  5] 379.00-380.00 sec   709 KBytes  5.81 Mbits/sec  1.127 ms  593/1198 (49%)  
[  5] 380.00-381.00 sec   689 KBytes  5.64 Mbits/sec  1.051 ms  601/1189 (51%)  
[  5] 381.00-382.00 sec   709 KBytes  5.81 Mbits/sec  1.072 ms  596/1201 (50%)  
[  5] 382.00-383.00 sec   810 KBytes  6.63 Mbits/sec  1.138 ms  716/1407 (51%)  
[  5] 383.00-384.00 sec   708 KBytes  5.80 Mbits/sec  1.225 ms  627/1231 (51%)  
[  5] 384.00-385.00 sec   718 KBytes  5.88 Mbits/sec  1.137 ms  657/1270 (52%)  
[  5] 385.00-386.00 sec   679 KBytes  5.56 Mbits/sec  1.138 ms  627/1206 (52%)  
[  5] 386.00-387.00 sec   709 KBytes  5.81 Mbits/sec  1.223 ms  607/1212 (50%)  
[  5] 387.00-388.00 sec   720 KBytes  5.89 Mbits/sec  1.143 ms  588/1202 (49%)  
[  5] 388.00-389.00 sec   709 KBytes  5.81 Mbits/sec  1.091 ms  605/1210 (50%)  
[  5] 389.00-390.00 sec   676 KBytes  5.54 Mbits/sec  1.169 ms  612/1189 (51%)  
[  5] 390.00-391.00 sec   619 KBytes  5.07 Mbits/sec  1.086 ms  513/1041 (49%)  
[  5] 391.00-392.00 sec   710 KBytes  5.82 Mbits/sec  1.196 ms  617/1223 (50%)  
[  5] 392.00-393.00 sec   717 KBytes  5.87 Mbits/sec  1.068 ms  621/1233 (50%)  
[  5] 393.00-394.00 sec   679 KBytes  5.56 Mbits/sec  1.226 ms  596/1175 (51%)  
[  5] 394.00-395.00 sec   717 KBytes  5.88 Mbits/sec  1.117 ms  651/1263 (52%)  
[  5] 395.00-396.00 sec   709 KBytes  5.81 Mbits/sec  1.174 ms  575/1180 (49%)  
[  5] 396.00-397.00 sec   619 KBytes  5.07 Mbits/sec  1.121 ms  547/1075 (51%)  
[  5] 397.00-398.00 sec   698 KBytes  5.72 Mbits/sec  1.139 ms  633/1229 (52%)  
[  5] 398.00-399.00 sec   689 KBytes  5.64 Mbits/sec  1.055 ms  612/1200 (51%)  
[  5] 399.00-400.00 sec   709 KBytes  5.81 Mbits/sec  1.169 ms  644/1249 (52%)  
[  5] 400.00-401.00 sec   718 KBytes  5.88 Mbits/sec  1.071 ms  630/1243 (51%)  
[  5] 401.00-402.00 sec   698 KBytes  5.72 Mbits/sec  1.998 ms  650/1246 (52%)  
[  5] 402.00-403.00 sec   687 KBytes  5.63 Mbits/sec  1.187 ms  705/1291 (55%)  
[  5] 403.00-404.00 sec   619 KBytes  5.07 Mbits/sec  1.166 ms  606/1134 (53%)  
[  5] 404.00-405.00 sec   703 KBytes  5.76 Mbits/sec  1.570 ms  733/1333 (55%)  
[  5] 405.00-406.00 sec   707 KBytes  5.79 Mbits/sec  1.115 ms  708/1311 (54%)  
[  5] 406.00-407.00 sec   679 KBytes  5.55 Mbits/sec  1.116 ms  592/1171 (51%)  
[  5] 407.00-408.00 sec   709 KBytes  5.82 Mbits/sec  1.166 ms  647/1252 (52%)  
