Connecting to host 172.22.0.50, port 5201
Reverse mode, remote host 172.22.0.50 is sending
[  5] local 192.168.100.2 port 58471 connected to 172.22.0.50 port 5201
[ ID] Interval           Transfer     Bitrate         Jitter    Lost/Total Datagrams
[  5]   0.00-1.00   sec  1.43 MBytes  12.0 Mbits/sec  0.805 ms  0/1253 (0%)  
[  5]   1.00-2.00   sec  1.43 MBytes  12.0 Mbits/sec  0.892 ms  0/1249 (0%)  
[  5]   2.00-3.00   sec  1.43 MBytes  12.0 Mbits/sec  0.992 ms  0/1248 (0%)  
[  5]   3.00-4.00   sec  1.43 MBytes  12.0 Mbits/sec  1.119 ms  0/1250 (0%)  
[  5]   4.00-5.00   sec  1.43 MBytes  12.0 Mbits/sec  0.860 ms  0/1249 (0%)  
[  5]   5.00-6.00   sec  1.43 MBytes  12.0 Mbits/sec  0.691 ms  0/1252 (0%)  
[  5]   6.00-7.00   sec  1.43 MBytes  12.0 Mbits/sec  0.838 ms  0/1252 (0%)  
[  5]   7.00-8.00   sec  1.43 MBytes  12.0 Mbits/sec  1.055 ms  0/1248 (0%)  
[  5]   8.00-9.00   sec  1.43 MBytes  12.0 Mbits/sec  1.110 ms  0/1251 (0%)  
[  5]   9.00-10.00  sec  1.42 MBytes  11.9 Mbits/sec  1.185 ms  0/1238 (0%)  
[  5]  10.00-11.00  sec  1.44 MBytes  12.1 Mbits/sec  0.782 ms  0/1261 (0%)  
[  5]  11.00-12.00  sec  1.43 MBytes  12.0 Mbits/sec  0.920 ms  0/1248 (0%)  
[  5]  12.00-13.00  sec  1.44 MBytes  12.0 Mbits/sec  0.821 ms  0/1255 (0%)  
[  5]  13.00-14.00  sec  1.43 MBytes  12.0 Mbits/sec  0.779 ms  0/1249 (0%)  
[  5]  14.00-15.00  sec  1.43 MBytes  12.0 Mbits/sec  0.859 ms  0/1247 (0%)  
[  5]  15.00-16.00  sec  1.21 MBytes  10.1 Mbits/sec  1.598 ms  0/1058 (0%)  
[  5]  16.00-17.00  sec   572 KBytes  4.68 Mbits/sec  1.611 ms  0/488 (0%)  
[  5]  17.00-18.00  sec   575 KBytes  4.71 Mbits/sec  1.432 ms  0/491 (0%)  
[  5]  18.00-19.00  sec   581 KBytes  4.76 Mbits/sec  1.352 ms  0/496 (0%)  
[  5]  19.00-20.00  sec   568 KBytes  4.66 Mbits/sec  1.675 ms  0/485 (0%)  
[  5]  20.00-21.00  sec   553 KBytes  4.53 Mbits/sec  1.668 ms  0/472 (0%)  
[  5]  21.00-22.00  sec   478 KBytes  3.91 Mbits/sec  1.800 ms  0/408 (0%)  
[  5]  22.00-23.00  sec   489 KBytes  4.01 Mbits/sec  1.649 ms  0/417 (0%)  
[  5]  23.00-24.00  sec   493 KBytes  4.04 Mbits/sec  1.602 ms  0/421 (0%)  
[  5]  24.00-25.00  sec   492 KBytes  4.03 Mbits/sec  1.630 ms  0/420 (0%)  
[  5]  25.00-26.00  sec   458 KBytes  3.75 Mbits/sec  2.026 ms  0/391 (0%)  
[  5]  26.00-27.00  sec   409 KBytes  3.35 Mbits/sec  2.092 ms  0/349 (0%)  
[  5]  27.00-28.00  sec   411 KBytes  3.37 Mbits/sec  2.047 ms  0/351 (0%)  
[  5]  28.00-29.00  sec   393 KBytes  3.22 Mbits/sec  2.501 ms  0/335 (0%)  
[  5]  29.00-30.00  sec   408 KBytes  3.34 Mbits/sec  1.935 ms  0/348 (0%)  
[  5]  30.00-31.00  sec   405 KBytes  3.32 Mbits/sec  2.243 ms  0/346 (0%)  
[  5]  31.00-32.00  sec   412 KBytes  3.38 Mbits/sec  2.022 ms  0/352 (0%)  
[  5]  32.00-33.00  sec   409 KBytes  3.35 Mbits/sec  2.314 ms  0/349 (0%)  
[  5]  33.00-34.00  sec   416 KBytes  3.41 Mbits/sec  2.093 ms  0/355 (0%)  
[  5]  34.00-35.00  sec   412 KBytes  3.38 Mbits/sec  1.987 ms  0/352 (0%)  
[  5]  35.00-36.00  sec   415 KBytes  3.40 Mbits/sec  2.007 ms  0/354 (0%)  
[  5]  36.00-37.00  sec   407 KBytes  3.33 Mbits/sec  2.298 ms  0/347 (0%)  
[  5]  37.00-38.00  sec   396 KBytes  3.24 Mbits/sec  2.105 ms  0/338 (0%)  
[  5]  38.00-39.00  sec   410 KBytes  3.36 Mbits/sec  1.927 ms  0/350 (0%)  
[  5]  39.00-40.00  sec   407 KBytes  3.33 Mbits/sec  2.138 ms  0/347 (0%)  
[  5]  40.00-41.00  sec   407 KBytes  3.33 Mbits/sec  2.069 ms  0/347 (0%)  
[  5]  41.00-42.00  sec   409 KBytes  3.35 Mbits/sec  1.988 ms  0/349 (0%)  
[  5]  42.00-43.00  sec   412 KBytes  3.38 Mbits/sec  1.954 ms  0/352 (0%)  
[  5]  43.00-44.00  sec   414 KBytes  3.39 Mbits/sec  2.296 ms  0/353 (0%)  
[  5]  44.00-45.00  sec   407 KBytes  3.33 Mbits/sec  2.069 ms  0/347 (0%)  
[  5]  45.00-46.00  sec   405 KBytes  3.32 Mbits/sec  2.129 ms  0/346 (0%)  
[  5]  46.00-47.00  sec   402 KBytes  3.29 Mbits/sec  2.101 ms  0/343 (0%)  
[  5]  47.00-48.00  sec   408 KBytes  3.34 Mbits/sec  1.940 ms  0/348 (0%)  
[  5]  48.00-49.00  sec   414 KBytes  3.39 Mbits/sec  2.183 ms  0/353 (0%)  
[  5]  49.00-50.00  sec   321 KBytes  2.63 Mbits/sec  2.267 ms  527/801 (66%)  
[  5]  50.00-51.00  sec   415 KBytes  3.40 Mbits/sec  7.428 ms  952/1306 (73%)  
[  5]  51.00-52.00  sec   452 KBytes  3.71 Mbits/sec  2.324 ms  975/1361 (72%)  
[  5]  52.00-53.00  sec   415 KBytes  3.40 Mbits/sec  2.066 ms  942/1296 (73%)  
[  5]  53.00-54.00  sec   391 KBytes  3.21 Mbits/sec  2.378 ms  872/1206 (72%)  
[  5]  54.00-55.00  sec   412 KBytes  3.38 Mbits/sec  2.272 ms  899/1251 (72%)  
[  5]  55.00-56.00  sec   396 KBytes  3.25 Mbits/sec  2.277 ms  869/1207 (72%)  
[  5]  56.00-57.00  sec   412 KBytes  3.38 Mbits/sec  2.185 ms  892/1244 (72%)  
[  5]  57.00-58.00  sec   416 KBytes  3.41 Mbits/sec  2.068 ms  908/1263 (72%)  
[  5]  58.00-59.00  sec   390 KBytes  3.20 Mbits/sec  2.375 ms  853/1186 (72%)  
[  5]  59.00-60.00  sec   418 KBytes  3.43 Mbits/sec  2.045 ms  906/1263 (72%)  
[  5]  60.00-61.00  sec   409 KBytes  3.35 Mbits/sec  2.091 ms  937/1286 (73%)  
[  5]  61.00-62.00  sec   393 KBytes  3.21 Mbits/sec  2.575 ms  877/1212 (72%)  
[  5]  62.00-63.00  sec   417 KBytes  3.42 Mbits/sec  2.111 ms  912/1268 (72%)  
[  5]  63.00-64.00  sec   390 KBytes  3.20 Mbits/sec  2.514 ms  872/1205 (72%)  
[  5]  64.00-65.00  sec   417 KBytes  3.42 Mbits/sec  2.078 ms  930/1286 (72%)  
[  5]  65.00-66.00  sec   395 KBytes  3.23 Mbits/sec  2.359 ms  862/1199 (72%)  
[  5]  66.00-67.00  sec   412 KBytes  3.38 Mbits/sec  2.391 ms  889/1241 (72%)  
[  5]  67.00-68.00  sec   452 KBytes  3.71 Mbits/sec  2.386 ms  991/1377 (72%)  
[  5]  68.00-69.00  sec   354 KBytes  2.90 Mbits/sec  2.379 ms  795/1097 (72%)  
[  5]  69.00-70.00  sec   414 KBytes  3.39 Mbits/sec  2.291 ms  924/1277 (72%)  
[  5]  70.00-71.00  sec   395 KBytes  3.23 Mbits/sec  2.335 ms  894/1231 (73%)  
[  5]  71.00-72.00  sec   412 KBytes  3.38 Mbits/sec  2.235 ms  897/1249 (72%)  
[  5]  72.00-73.00  sec   412 KBytes  3.38 Mbits/sec  2.021 ms  892/1244 (72%)  
[  5]  73.00-74.00  sec   455 KBytes  3.73 Mbits/sec  2.037 ms  995/1383 (72%)  
[  5]  74.00-75.00  sec   414 KBytes  3.39 Mbits/sec  2.019 ms  902/1255 (72%)  
[  5]  75.00-76.00  sec   395 KBytes  3.23 Mbits/sec  2.142 ms  861/1198 (72%)  
[  5]  76.00-77.00  sec   412 KBytes  3.38 Mbits/sec  1.971 ms  903/1255 (72%)  
[  5]  77.00-78.00  sec   391 KBytes  3.20 Mbits/sec  2.359 ms  858/1192 (72%)  
[  5]  78.00-79.00  sec   415 KBytes  3.40 Mbits/sec  2.115 ms  949/1303 (73%)  
[  5]  79.00-80.00  sec   412 KBytes  3.38 Mbits/sec  2.069 ms  942/1294 (73%)  
[  5]  80.00-81.00  sec   396 KBytes  3.24 Mbits/sec  2.357 ms  874/1212 (72%)  
[  5]  81.00-82.00  sec   412 KBytes  3.38 Mbits/sec  2.017 ms  893/1245 (72%)  
[  5]  82.00-83.00  sec   412 KBytes  3.38 Mbits/sec  2.057 ms  886/1238 (72%)  
[  5]  83.00-84.00  sec   395 KBytes  3.23 Mbits/sec  2.322 ms  875/1212 (72%)  
[  5]  84.00-85.00  sec   412 KBytes  3.38 Mbits/sec  2.252 ms  921/1273 (72%)  
[  5]  85.00-86.00  sec   395 KBytes  3.24 Mbits/sec  2.280 ms  875/1212 (72%)  
[  5]  86.00-87.00  sec   411 KBytes  3.37 Mbits/sec  2.454 ms  913/1264 (72%)  
[  5]  87.00-88.00  sec   412 KBytes  3.38 Mbits/sec  2.215 ms  882/1234 (71%)  
[  5]  88.00-89.00  sec   395 KBytes  3.24 Mbits/sec  2.376 ms  874/1211 (72%)  
[  5]  89.00-90.00  sec   412 KBytes  3.37 Mbits/sec  2.192 ms  919/1271 (72%)  
[  5]  90.00-91.00  sec   396 KBytes  3.25 Mbits/sec  2.254 ms  856/1194 (72%)  
[  5]  91.00-92.00  sec   411 KBytes  3.37 Mbits/sec  2.356 ms  919/1270 (72%)  
[  5]  92.00-93.00  sec   454 KBytes  3.72 Mbits/sec  2.447 ms  1031/1418 (73%)  
[  5]  93.00-94.00  sec   415 KBytes  3.40 Mbits/sec  2.117 ms  955/1309 (73%)  
[  5]  94.00-95.00  sec   412 KBytes  3.38 Mbits/sec  2.045 ms  907/1259 (72%)  
[  5]  95.00-96.00  sec   396 KBytes  3.25 Mbits/sec  2.078 ms  865/1203 (72%)  
[  5]  96.00-97.00  sec   411 KBytes  3.37 Mbits/sec  2.046 ms  892/1243 (72%)  
[  5]  97.00-98.00  sec   393 KBytes  3.22 Mbits/sec  2.372 ms  840/1175 (71%)  
[  5]  98.00-99.00  sec   414 KBytes  3.39 Mbits/sec  2.127 ms  924/1277 (72%)  
[  5]  99.00-100.00 sec   397 KBytes  3.25 Mbits/sec  2.308 ms  891/1230 (72%)  
[  5] 100.00-101.00 sec   412 KBytes  3.38 Mbits/sec  2.054 ms  920/1272 (72%)  
[  5] 101.00-102.00 sec   411 KBytes  3.37 Mbits/sec  2.141 ms  921/1272 (72%)  
[  5] 102.00-103.00 sec   397 KBytes  3.25 Mbits/sec  2.378 ms  865/1204 (72%)  
[  5] 103.00-104.00 sec   410 KBytes  3.36 Mbits/sec  2.159 ms  891/1241 (72%)  
[  5] 104.00-105.00 sec   397 KBytes  3.26 Mbits/sec  2.332 ms  862/1201 (72%)  
[  5] 105.00-106.00 sec   412 KBytes  3.38 Mbits/sec  2.108 ms  886/1238 (72%)  
[  5] 106.00-107.00 sec   415 KBytes  3.40 Mbits/sec  2.060 ms  938/1292 (73%)  
[  5] 107.00-108.00 sec   393 KBytes  3.22 Mbits/sec  2.274 ms  867/1202 (72%)  
[  5] 108.00-109.00 sec   410 KBytes  3.36 Mbits/sec  2.185 ms  936/1286 (73%)  
[  5] 109.00-110.00 sec   417 KBytes  3.42 Mbits/sec  2.203 ms  963/1319 (73%)  
[  5] 110.00-111.00 sec   353 KBytes  2.89 Mbits/sec  2.137 ms  797/1098 (73%)  
[  5] 111.00-112.00 sec   395 KBytes  3.23 Mbits/sec  2.301 ms  868/1205 (72%)  
[  5] 112.00-113.00 sec   412 KBytes  3.38 Mbits/sec  2.143 ms  882/1234 (71%)  
[  5] 113.00-114.00 sec   395 KBytes  3.24 Mbits/sec  2.349 ms  853/1190 (72%)  
[  5] 114.00-115.00 sec   411 KBytes  3.37 Mbits/sec  2.332 ms  886/1237 (72%)  
[  5] 115.00-116.00 sec   412 KBytes  3.38 Mbits/sec  2.185 ms  896/1248 (72%)  
[  5] 116.00-117.00 sec   396 KBytes  3.25 Mbits/sec  2.186 ms  862/1200 (72%)  
[  5] 117.00-118.00 sec   412 KBytes  3.38 Mbits/sec  2.001 ms  914/1266 (72%)  
[  5] 118.00-119.00 sec   396 KBytes  3.24 Mbits/sec  2.487 ms  877/1215 (72%)  
[  5] 119.00-120.00 sec   411 KBytes  3.37 Mbits/sec  2.306 ms  899/1250 (72%)  
[  5] 120.00-121.00 sec   412 KBytes  3.38 Mbits/sec  2.147 ms  921/1273 (72%)  
[  5] 121.00-122.00 sec   394 KBytes  3.22 Mbits/sec  2.348 ms  897/1233 (73%)  
[  5] 122.00-123.00 sec   414 KBytes  3.38 Mbits/sec  2.110 ms  905/1258 (72%)  
[  5] 123.00-124.00 sec   416 KBytes  3.41 Mbits/sec  2.052 ms  929/1284 (72%)  
[  5] 124.00-125.00 sec   390 KBytes  3.20 Mbits/sec  2.524 ms  864/1197 (72%)  
[  5] 125.00-126.00 sec   418 KBytes  3.42 Mbits/sec  2.062 ms  957/1314 (73%)  
[  5] 126.00-127.00 sec   409 KBytes  3.35 Mbits/sec  2.217 ms  931/1280 (73%)  
[  5] 127.00-128.00 sec   397 KBytes  3.25 Mbits/sec  2.094 ms  871/1210 (72%)  
[  5] 128.00-129.00 sec   412 KBytes  3.38 Mbits/sec  2.123 ms  903/1255 (72%)  
[  5] 129.00-130.00 sec   395 KBytes  3.24 Mbits/sec  2.266 ms  888/1225 (72%)  
[  5] 130.00-131.00 sec   414 KBytes  3.39 Mbits/sec  2.070 ms  928/1281 (72%)  
[  5] 131.00-132.00 sec   395 KBytes  3.24 Mbits/sec  2.332 ms  872/1209 (72%)  
[  5] 132.00-133.00 sec   412 KBytes  3.38 Mbits/sec  2.027 ms  906/1258 (72%)  
[  5] 133.00-134.00 sec   412 KBytes  3.38 Mbits/sec  2.030 ms  948/1300 (73%)  
[  5] 134.00-135.00 sec   394 KBytes  3.23 Mbits/sec  2.199 ms  940/1276 (74%)  
[  5] 135.00-136.00 sec   412 KBytes  3.38 Mbits/sec  2.222 ms  961/1313 (73%)  
[  5] 136.00-137.00 sec   396 KBytes  3.24 Mbits/sec  2.496 ms  880/1218 (72%)  
[  5] 137.00-138.00 sec   412 KBytes  3.38 Mbits/sec  2.066 ms  904/1256 (72%)  
[  5] 138.00-139.00 sec   412 KBytes  3.38 Mbits/sec  2.086 ms  915/1267 (72%)  
[  5] 139.00-140.00 sec   395 KBytes  3.23 Mbits/sec  2.335 ms  875/1212 (72%)  
[  5] 140.00-141.00 sec   412 KBytes  3.38 Mbits/sec  2.129 ms  896/1248 (72%)  
[  5] 141.00-142.00 sec   396 KBytes  3.24 Mbits/sec  2.541 ms  891/1229 (72%)  
[  5] 142.00-143.00 sec   396 KBytes  3.25 Mbits/sec  4.558 ms  916/1254 (73%)  
[  5] 143.00-144.00 sec   373 KBytes  3.05 Mbits/sec  2.277 ms  802/1120 (72%)  
[  5] 144.00-145.00 sec   409 KBytes  3.36 Mbits/sec  2.095 ms  918/1267 (72%)  
[  5] 145.00-146.00 sec   393 KBytes  3.22 Mbits/sec  2.442 ms  850/1185 (72%)  
[  5] 146.00-147.00 sec   417 KBytes  3.41 Mbits/sec  2.102 ms  912/1268 (72%)  
[  5] 147.00-148.00 sec   451 KBytes  3.70 Mbits/sec  2.266 ms  985/1370 (72%)  
[  5] 148.00-149.00 sec   356 KBytes  2.92 Mbits/sec  2.348 ms  777/1081 (72%)  
[  5] 149.00-150.00 sec   410 KBytes  3.36 Mbits/sec  2.263 ms  958/1308 (73%)  
[  5] 150.00-151.00 sec   397 KBytes  3.25 Mbits/sec  2.377 ms  923/1262 (73%)  
[  5] 151.00-152.00 sec   412 KBytes  3.38 Mbits/sec  2.089 ms  932/1284 (73%)  
[  5] 152.00-153.00 sec   415 KBytes  3.40 Mbits/sec  2.063 ms  933/1287 (72%)  
[  5] 153.00-154.00 sec   352 KBytes  2.88 Mbits/sec  2.176 ms  778/1078 (72%)  
[  5] 154.00-155.00 sec   396 KBytes  3.25 Mbits/sec  2.401 ms  874/1212 (72%)  
[  5] 155.00-156.00 sec   411 KBytes  3.37 Mbits/sec  2.116 ms  905/1256 (72%)  
[  5] 156.00-157.00 sec   393 KBytes  3.22 Mbits/sec  2.802 ms  851/1186 (72%)  
[  5] 157.00-158.00 sec   375 KBytes  3.07 Mbits/sec  2.296 ms  836/1156 (72%)  
[  5] 158.00-159.00 sec   393 KBytes  3.22 Mbits/sec  2.233 ms  874/1209 (72%)  
[  5] 159.00-160.00 sec   416 KBytes  3.41 Mbits/sec  2.195 ms  943/1298 (73%)  
[  5] 160.00-161.00 sec   356 KBytes  2.92 Mbits/sec  2.054 ms  791/1095 (72%)  
[  5] 161.00-162.00 sec   393 KBytes  3.21 Mbits/sec  2.259 ms  859/1194 (72%)  
[  5] 162.00-163.00 sec   415 KBytes  3.40 Mbits/sec  2.057 ms  931/1285 (72%)  
[  5] 163.00-164.00 sec   393 KBytes  3.21 Mbits/sec  2.418 ms  870/1205 (72%)  
[  5] 164.00-165.00 sec   412 KBytes  3.38 Mbits/sec  2.179 ms  948/1300 (73%)  
[  5] 165.00-166.00 sec   455 KBytes  3.73 Mbits/sec  2.476 ms  1045/1433 (73%)  
[  5] 166.00-167.00 sec   412 KBytes  3.38 Mbits/sec  2.153 ms  952/1304 (73%)  
[  5] 167.00-168.00 sec   355 KBytes  2.91 Mbits/sec  2.284 ms  814/1117 (73%)  
[  5] 168.00-169.00 sec   412 KBytes  3.38 Mbits/sec  2.040 ms  920/1272 (72%)  
[  5] 169.00-170.00 sec   393 KBytes  3.21 Mbits/sec  2.357 ms  871/1206 (72%)  
[  5] 170.00-171.00 sec   415 KBytes  3.40 Mbits/sec  2.090 ms  916/1270 (72%)  
[  5] 171.00-172.00 sec   412 KBytes  3.38 Mbits/sec  2.063 ms  903/1255 (72%)  
[  5] 172.00-173.00 sec   396 KBytes  3.24 Mbits/sec  2.118 ms  900/1238 (73%)  
[  5] 173.00-174.00 sec   411 KBytes  3.37 Mbits/sec  2.167 ms  933/1284 (73%)  
[  5] 174.00-175.00 sec   393 KBytes  3.22 Mbits/sec  2.393 ms  928/1263 (73%)  
[  5] 175.00-176.00 sec   415 KBytes  3.40 Mbits/sec  2.472 ms  977/1331 (73%)  
[  5] 176.00-177.00 sec   412 KBytes  3.38 Mbits/sec  2.109 ms  933/1285 (73%)  
[  5] 177.00-178.00 sec   396 KBytes  3.25 Mbits/sec  2.385 ms  896/1234 (73%)  
[  5] 178.00-179.00 sec   411 KBytes  3.36 Mbits/sec  2.171 ms  973/1324 (73%)  
[  5] 179.00-180.00 sec   412 KBytes  3.38 Mbits/sec  2.375 ms  978/1330 (74%)  
[  5] 180.00-181.00 sec   395 KBytes  3.24 Mbits/sec  2.269 ms  926/1263 (73%)  
[  5] 181.00-182.00 sec   412 KBytes  3.38 Mbits/sec  2.248 ms  935/1287 (73%)  
[  5] 182.00-183.00 sec   396 KBytes  3.24 Mbits/sec  2.305 ms  960/1298 (74%)  
[  5] 183.00-184.00 sec   411 KBytes  3.37 Mbits/sec  2.422 ms  972/1323 (73%)  
[  5] 184.00-185.00 sec   357 KBytes  2.93 Mbits/sec  2.418 ms  828/1133 (73%)  
[  5] 185.00-186.00 sec   395 KBytes  3.24 Mbits/sec  2.419 ms  910/1247 (73%)  
[  5] 186.00-187.00 sec   411 KBytes  3.37 Mbits/sec  2.358 ms  907/1258 (72%)  
[  5] 187.00-188.00 sec   412 KBytes  3.38 Mbits/sec  2.072 ms  882/1234 (71%)  
[  5] 188.00-189.00 sec   395 KBytes  3.23 Mbits/sec  2.261 ms  865/1202 (72%)  
[  5] 189.00-190.00 sec   412 KBytes  3.38 Mbits/sec  2.450 ms  894/1246 (72%)  
[  5] 190.00-191.00 sec   416 KBytes  3.41 Mbits/sec  2.223 ms  953/1308 (73%)  
[  5] 191.00-192.00 sec   391 KBytes  3.21 Mbits/sec  2.406 ms  874/1208 (72%)  
[  5] 192.00-193.00 sec   412 KBytes  3.38 Mbits/sec  2.024 ms  930/1282 (73%)  
[  5] 193.00-194.00 sec   415 KBytes  3.40 Mbits/sec  2.105 ms  967/1321 (73%)  
[  5] 194.00-195.00 sec   393 KBytes  3.21 Mbits/sec  2.419 ms  900/1235 (73%)  
[  5] 195.00-196.00 sec   416 KBytes  3.41 Mbits/sec  2.175 ms  933/1288 (72%)  
[  5] 196.00-197.00 sec   391 KBytes  3.21 Mbits/sec  2.399 ms  877/1211 (72%)  
[  5] 197.00-198.00 sec   412 KBytes  3.38 Mbits/sec  2.321 ms  911/1263 (72%)  
[  5] 198.00-199.00 sec   416 KBytes  3.41 Mbits/sec  2.028 ms  928/1283 (72%)  
[  5] 199.00-200.00 sec   352 KBytes  2.88 Mbits/sec  2.389 ms  791/1091 (73%)  
[  5] 200.00-201.00 sec   397 KBytes  3.25 Mbits/sec  2.432 ms  918/1257 (73%)  
[  5] 201.00-202.00 sec   410 KBytes  3.36 Mbits/sec  2.130 ms  904/1254 (72%)  
[  5] 202.00-203.00 sec   398 KBytes  3.26 Mbits/sec  2.307 ms  900/1240 (73%)  
[  5] 203.00-204.00 sec   409 KBytes  3.35 Mbits/sec  2.251 ms  900/1249 (72%)  
[  5] 204.00-205.00 sec   417 KBytes  3.42 Mbits/sec  2.099 ms  913/1269 (72%)  
[  5] 205.00-206.00 sec   438 KBytes  3.58 Mbits/sec  3.626 ms  988/1362 (73%)  
[  5] 206.00-207.00 sec   425 KBytes  3.50 Mbits/sec  2.175 ms  907/1270 (71%)  
[  5] 207.00-208.00 sec   336 KBytes  2.76 Mbits/sec  2.587 ms  793/1080 (73%)  
[  5] 208.00-209.00 sec   415 KBytes  3.40 Mbits/sec  2.180 ms  974/1328 (73%)  
[  5] 209.00-210.00 sec   412 KBytes  3.38 Mbits/sec  2.147 ms  944/1296 (73%)  
[  5] 210.00-211.00 sec   393 KBytes  3.22 Mbits/sec  2.327 ms  881/1216 (72%)  
[  5] 211.00-212.00 sec   471 KBytes  3.86 Mbits/sec  2.237 ms  1066/1468 (73%)  
[  5] 212.00-213.00 sec   356 KBytes  2.92 Mbits/sec  2.052 ms  802/1106 (73%)  
[  5] 213.00-214.00 sec   396 KBytes  3.25 Mbits/sec  2.092 ms  868/1206 (72%)  
[  5] 214.00-215.00 sec   411 KBytes  3.37 Mbits/sec  2.138 ms  926/1277 (73%)  
[  5] 215.00-216.00 sec   393 KBytes  3.22 Mbits/sec  2.370 ms  877/1212 (72%)  
[  5] 216.00-217.00 sec   415 KBytes  3.40 Mbits/sec  2.037 ms  929/1283 (72%)  
[  5] 217.00-218.00 sec   412 KBytes  3.38 Mbits/sec  2.053 ms  895/1247 (72%)  
[  5] 218.00-219.00 sec   396 KBytes  3.24 Mbits/sec  2.486 ms  891/1229 (72%)  
[  5] 219.00-220.00 sec   411 KBytes  3.37 Mbits/sec  2.145 ms  915/1266 (72%)  
[  5] 220.00-221.00 sec   393 KBytes  3.22 Mbits/sec  2.725 ms  861/1196 (72%)  
[  5] 221.00-222.00 sec   415 KBytes  3.40 Mbits/sec  2.457 ms  951/1305 (73%)  
[  5] 222.00-223.00 sec   412 KBytes  3.38 Mbits/sec  2.295 ms  954/1306 (73%)  
[  5] 223.00-224.00 sec   396 KBytes  3.24 Mbits/sec  2.464 ms  929/1267 (73%)  
[  5] 224.00-225.00 sec   411 KBytes  3.37 Mbits/sec  2.213 ms  944/1295 (73%)  
[  5] 225.00-226.00 sec   397 KBytes  3.25 Mbits/sec  2.341 ms  876/1215 (72%)  
[  5] 226.00-227.00 sec   410 KBytes  3.36 Mbits/sec  2.474 ms  906/1256 (72%)  
[  5] 227.00-228.00 sec   357 KBytes  2.93 Mbits/sec  2.342 ms  766/1071 (72%)  
[  5] 228.00-229.00 sec   412 KBytes  3.38 Mbits/sec  2.082 ms  911/1263 (72%)  
[  5] 229.00-230.00 sec   395 KBytes  3.23 Mbits/sec  2.551 ms  880/1217 (72%)  
[  5] 230.00-231.00 sec   414 KBytes  3.39 Mbits/sec  2.250 ms  903/1256 (72%)  
[  5] 231.00-232.00 sec   409 KBytes  3.35 Mbits/sec  2.151 ms  929/1278 (73%)  
[  5] 232.00-233.00 sec   397 KBytes  3.26 Mbits/sec  2.369 ms  887/1226 (72%)  
[  5] 233.00-234.00 sec   412 KBytes  3.38 Mbits/sec  2.080 ms  919/1271 (72%)  
[  5] 234.00-235.00 sec   395 KBytes  3.24 Mbits/sec  2.356 ms  877/1214 (72%)  
[  5] 235.00-236.00 sec   412 KBytes  3.38 Mbits/sec  2.229 ms  919/1271 (72%)  
[  5] 236.00-237.00 sec   416 KBytes  3.41 Mbits/sec  2.150 ms  955/1310 (73%)  
[  5] 237.00-238.00 sec   391 KBytes  3.21 Mbits/sec  2.457 ms  885/1219 (73%)  
[  5] 238.00-239.00 sec   412 KBytes  3.38 Mbits/sec  2.126 ms  940/1292 (73%)  
[  5] 239.00-240.00 sec   395 KBytes  3.23 Mbits/sec  2.377 ms  920/1257 (73%)  
[  5] 240.00-241.00 sec   414 KBytes  3.39 Mbits/sec  2.374 ms  949/1302 (73%)  
[  5] 241.00-242.00 sec   355 KBytes  2.91 Mbits/sec  2.476 ms  809/1112 (73%)  
[  5] 242.00-243.00 sec   411 KBytes  3.37 Mbits/sec  2.125 ms  905/1256 (72%)  
[  5] 243.00-244.00 sec   393 KBytes  3.22 Mbits/sec  2.446 ms  861/1196 (72%)  
[  5] 244.00-245.00 sec   355 KBytes  2.91 Mbits/sec  2.436 ms  788/1091 (72%)  
[  5] 245.00-246.00 sec   412 KBytes  3.38 Mbits/sec  2.144 ms  893/1245 (72%)  
[  5] 246.00-247.00 sec   417 KBytes  3.42 Mbits/sec  2.132 ms  904/1260 (72%)  
[  5] 247.00-248.00 sec   355 KBytes  2.91 Mbits/sec  2.074 ms  798/1101 (72%)  
[  5] 248.00-249.00 sec   393 KBytes  3.22 Mbits/sec  2.455 ms  906/1241 (73%)  
[  5] 249.00-250.00 sec   415 KBytes  3.40 Mbits/sec  2.104 ms  937/1291 (73%)  
[  5] 250.00-251.00 sec   353 KBytes  2.89 Mbits/sec  2.050 ms  786/1087 (72%)  
[  5] 251.00-252.00 sec   412 KBytes  3.38 Mbits/sec  2.166 ms  958/1310 (73%)  
[  5] 252.00-253.00 sec   455 KBytes  3.73 Mbits/sec  2.128 ms  1020/1408 (72%)  
[  5] 253.00-254.00 sec   393 KBytes  3.22 Mbits/sec  2.385 ms  881/1216 (72%)  
[  5] 254.00-255.00 sec   416 KBytes  3.41 Mbits/sec  2.137 ms  938/1293 (73%)  
[  5] 255.00-256.00 sec   412 KBytes  3.38 Mbits/sec  2.048 ms  923/1275 (72%)  
[  5] 256.00-257.00 sec   352 KBytes  2.88 Mbits/sec  2.254 ms  809/1109 (73%)  
[  5] 257.00-258.00 sec   394 KBytes  3.23 Mbits/sec  2.340 ms  921/1257 (73%)  
[  5] 258.00-259.00 sec   414 KBytes  3.39 Mbits/sec  2.228 ms  899/1252 (72%)  
[  5] 259.00-260.00 sec   396 KBytes  3.24 Mbits/sec  2.382 ms  873/1211 (72%)  
[  5] 260.00-261.00 sec   411 KBytes  3.37 Mbits/sec  2.227 ms  897/1248 (72%)  
[  5] 261.00-262.00 sec   397 KBytes  3.25 Mbits/sec  2.479 ms  879/1218 (72%)  
[  5] 262.00-263.00 sec   410 KBytes  3.36 Mbits/sec  2.853 ms  897/1247 (72%)  
[  5] 263.00-264.00 sec   417 KBytes  3.42 Mbits/sec  2.125 ms  914/1270 (72%)  
[  5] 264.00-265.00 sec   393 KBytes  3.22 Mbits/sec  2.531 ms  917/1252 (73%)  
[  5] 265.00-266.00 sec   415 KBytes  3.40 Mbits/sec  2.194 ms  1036/1390 (75%)  
[  5] 266.00-267.00 sec   412 KBytes  3.38 Mbits/sec  2.124 ms  975/1327 (73%)  
[  5] 267.00-268.00 sec   390 KBytes  3.20 Mbits/sec  2.425 ms  928/1261 (74%)  
[  5] 268.00-269.00 sec   418 KBytes  3.43 Mbits/sec  2.062 ms  993/1350 (74%)  
[  5] 269.00-270.00 sec   391 KBytes  3.21 Mbits/sec  2.271 ms  922/1256 (73%)  
[  5] 270.00-271.00 sec   415 KBytes  3.40 Mbits/sec  2.134 ms  971/1325 (73%)  
[  5] 271.00-272.00 sec   412 KBytes  3.38 Mbits/sec  2.271 ms  961/1313 (73%)  
[  5] 272.00-273.00 sec   355 KBytes  2.91 Mbits/sec  2.126 ms  836/1139 (73%)  
[  5] 273.00-274.00 sec   393 KBytes  3.21 Mbits/sec  2.353 ms  922/1257 (73%)  
[  5] 274.00-275.00 sec   412 KBytes  3.38 Mbits/sec  2.262 ms  953/1305 (73%)  
[  5] 275.00-276.00 sec   395 KBytes  3.24 Mbits/sec  2.232 ms  868/1205 (72%)  
[  5] 276.00-277.00 sec   412 KBytes  3.38 Mbits/sec  2.314 ms  914/1266 (72%)  
[  5] 277.00-278.00 sec   416 KBytes  3.41 Mbits/sec  2.094 ms  907/1262 (72%)  
[  5] 278.00-279.00 sec   391 KBytes  3.21 Mbits/sec  2.319 ms  864/1198 (72%)  
[  5] 279.00-280.00 sec   412 KBytes  3.38 Mbits/sec  2.164 ms  923/1275 (72%)  
[  5] 280.00-281.00 sec   395 KBytes  3.24 Mbits/sec  2.435 ms  952/1289 (74%)  
[  5] 281.00-282.00 sec   412 KBytes  3.38 Mbits/sec  2.271 ms  954/1306 (73%)  
[  5] 282.00-283.00 sec   416 KBytes  3.41 Mbits/sec  2.103 ms  928/1283 (72%)  
[  5] 283.00-284.00 sec   391 KBytes  3.21 Mbits/sec  2.379 ms  883/1217 (73%)  
[  5] 284.00-285.00 sec   418 KBytes  3.43 Mbits/sec  2.098 ms  929/1286 (72%)  
[  5] 285.00-286.00 sec   409 KBytes  3.35 Mbits/sec  2.122 ms  931/1280 (73%)  
[  5] 286.00-287.00 sec   397 KBytes  3.26 Mbits/sec  2.115 ms  882/1221 (72%)  
[  5] 287.00-288.00 sec   353 KBytes  2.89 Mbits/sec  2.377 ms  781/1082 (72%)  
[  5] 288.00-289.00 sec   415 KBytes  3.40 Mbits/sec  2.094 ms  933/1287 (72%)  
[  5] 289.00-290.00 sec   393 KBytes  3.22 Mbits/sec  2.276 ms  876/1211 (72%)  
[  5] 290.00-291.00 sec   415 KBytes  3.40 Mbits/sec  2.065 ms  922/1276 (72%)  
[  5] 291.00-292.00 sec   412 KBytes  3.38 Mbits/sec  2.012 ms  899/1251 (72%)  
[  5] 292.00-293.00 sec   391 KBytes  3.21 Mbits/sec  2.218 ms  851/1185 (72%)  
[  5] 293.00-294.00 sec   416 KBytes  3.41 Mbits/sec  2.069 ms  906/1261 (72%)  
[  5] 294.00-295.00 sec   393 KBytes  3.22 Mbits/sec  2.481 ms  912/1247 (73%)  
[  5] 295.00-296.00 sec   416 KBytes  3.41 Mbits/sec  2.125 ms  975/1330 (73%)  
[  5] 296.00-297.00 sec   411 KBytes  3.37 Mbits/sec  2.065 ms  967/1318 (73%)  
[  5] 297.00-298.00 sec   393 KBytes  3.22 Mbits/sec  2.320 ms  924/1259 (73%)  
[  5] 298.00-299.00 sec   414 KBytes  3.39 Mbits/sec  2.089 ms  935/1288 (73%)  
[  5] 299.00-300.00 sec   414 KBytes  3.39 Mbits/sec  2.198 ms  929/1282 (72%)  
[  5] 300.00-301.00 sec   396 KBytes  3.24 Mbits/sec  2.121 ms  886/1224 (72%)  
[  5] 301.00-302.00 sec   355 KBytes  2.91 Mbits/sec  2.121 ms  794/1097 (72%)  
[  5] 302.00-303.00 sec   414 KBytes  3.39 Mbits/sec  2.010 ms  901/1254 (72%)  
[  5] 303.00-304.00 sec   394 KBytes  3.23 Mbits/sec  2.392 ms  864/1200 (72%)  
[  5] 304.00-305.00 sec   412 KBytes  3.38 Mbits/sec  2.169 ms  926/1278 (72%)  
[  5] 305.00-306.00 sec   352 KBytes  2.88 Mbits/sec  2.362 ms  799/1099 (73%)  
[  5] 306.00-307.00 sec   416 KBytes  3.41 Mbits/sec  2.052 ms  943/1298 (73%)  
[  5] 307.00-308.00 sec   393 KBytes  3.21 Mbits/sec  2.290 ms  849/1184 (72%)  
[  5] 308.00-309.00 sec   416 KBytes  3.41 Mbits/sec  2.126 ms  943/1298 (73%)  
[  5] 309.00-310.00 sec   390 KBytes  3.19 Mbits/sec  2.570 ms  908/1241 (73%)  
[  5] 310.00-311.00 sec   412 KBytes  3.38 Mbits/sec  2.263 ms  948/1300 (73%)  
[  5] 311.00-312.00 sec   416 KBytes  3.41 Mbits/sec  2.022 ms  944/1299 (73%)  
[  5] 312.00-313.00 sec   393 KBytes  3.22 Mbits/sec  2.474 ms  893/1228 (73%)  
[  5] 313.00-314.00 sec   416 KBytes  3.40 Mbits/sec  2.184 ms  960/1315 (73%)  
[  5] 314.00-315.00 sec   411 KBytes  3.37 Mbits/sec  2.230 ms  944/1295 (73%)  
[  5] 315.00-316.00 sec   397 KBytes  3.25 Mbits/sec  2.359 ms  870/1209 (72%)  
[  5] 316.00-317.00 sec   354 KBytes  2.90 Mbits/sec  2.474 ms  770/1072 (72%)  
[  5] 317.00-318.00 sec   352 KBytes  2.88 Mbits/sec  2.530 ms  767/1067 (72%)  
[  5] 318.00-319.00 sec   357 KBytes  2.93 Mbits/sec  2.551 ms  773/1078 (72%)  
[  5] 319.00-320.00 sec   410 KBytes  3.36 Mbits/sec  2.339 ms  908/1258 (72%)  
[  5] 320.00-321.00 sec   357 KBytes  2.93 Mbits/sec  2.060 ms  778/1083 (72%)  
[  5] 321.00-322.00 sec   352 KBytes  2.88 Mbits/sec  2.162 ms  786/1086 (72%)  
[  5] 322.00-323.00 sec   415 KBytes  3.40 Mbits/sec  2.268 ms  954/1308 (73%)  
[  5] 323.00-324.00 sec   353 KBytes  2.89 Mbits/sec  2.354 ms  827/1128 (73%)  
[  5] 324.00-325.00 sec   396 KBytes  3.25 Mbits/sec  2.356 ms  923/1261 (73%)  
[  5] 325.00-326.00 sec   352 KBytes  2.88 Mbits/sec  2.550 ms  811/1111 (73%)  
[  5] 326.00-327.00 sec   417 KBytes  3.42 Mbits/sec  2.230 ms  970/1326 (73%)  
[  5] 327.00-328.00 sec   355 KBytes  2.91 Mbits/sec  2.171 ms  827/1130 (73%)  
[  5] 328.00-329.00 sec   412 KBytes  3.38 Mbits/sec  2.076 ms  942/1294 (73%)  
[  5] 329.00-330.00 sec   352 KBytes  2.88 Mbits/sec  2.455 ms  821/1121 (73%)  
[  5] 330.00-331.00 sec   395 KBytes  3.24 Mbits/sec  2.426 ms  949/1286 (74%)  
[  5] 331.00-332.00 sec   357 KBytes  2.93 Mbits/sec  2.358 ms  796/1101 (72%)  
[  5] 332.00-333.00 sec   352 KBytes  2.88 Mbits/sec  2.501 ms  799/1099 (73%)  
[  5] 333.00-334.00 sec   416 KBytes  3.41 Mbits/sec  2.029 ms  931/1286 (72%)  
[  5] 334.00-335.00 sec   352 KBytes  2.88 Mbits/sec  2.377 ms  780/1080 (72%)  
[  5] 335.00-336.00 sec   416 KBytes  3.41 Mbits/sec  2.216 ms  916/1271 (72%)  
[  5] 336.00-337.00 sec   391 KBytes  3.21 Mbits/sec  2.399 ms  861/1195 (72%)  
[  5] 337.00-338.00 sec   412 KBytes  3.38 Mbits/sec  2.387 ms  894/1246 (72%)  
[  5] 338.00-339.00 sec   355 KBytes  2.91 Mbits/sec  2.174 ms  791/1094 (72%)  
[  5] 339.00-340.00 sec   412 KBytes  3.38 Mbits/sec  2.326 ms  961/1313 (73%)  
[  5] 340.00-341.00 sec   356 KBytes  2.92 Mbits/sec  2.164 ms  827/1131 (73%)  
[  5] 341.00-342.00 sec   395 KBytes  3.23 Mbits/sec  2.564 ms  993/1330 (75%)  
[  5] 342.00-343.00 sec   412 KBytes  3.38 Mbits/sec  2.332 ms  1069/1421 (75%)  
[  5] 343.00-344.00 sec   356 KBytes  2.92 Mbits/sec  2.226 ms  878/1182 (74%)  
[  5] 344.00-345.00 sec   411 KBytes  3.37 Mbits/sec  2.318 ms  1054/1405 (75%)  
[  5] 345.00-346.00 sec   338 KBytes  2.77 Mbits/sec  2.380 ms  872/1160 (75%)  
[  5] 346.00-347.00 sec   398 KBytes  3.26 Mbits/sec  4.692 ms  1011/1351 (75%)  
[  5] 347.00-348.00 sec   327 KBytes  2.68 Mbits/sec  2.251 ms  766/1046 (73%)  
[  5] 348.00-349.00 sec   352 KBytes  2.88 Mbits/sec  2.396 ms  889/1189 (75%)  
[  5] 349.00-350.00 sec   354 KBytes  2.90 Mbits/sec  2.323 ms  874/1176 (74%)  
[  5] 350.00-351.00 sec   357 KBytes  2.93 Mbits/sec  2.111 ms  846/1151 (74%)  
[  5] 351.00-352.00 sec   412 KBytes  3.38 Mbits/sec  2.140 ms  988/1340 (74%)  
[  5] 352.00-353.00 sec   354 KBytes  2.90 Mbits/sec  2.198 ms  844/1146 (74%)  
[  5] 353.00-354.00 sec   338 KBytes  2.76 Mbits/sec  2.534 ms  788/1076 (73%)  
[  5] 354.00-355.00 sec   412 KBytes  3.38 Mbits/sec  2.306 ms  992/1344 (74%)  
[  5] 355.00-356.00 sec   355 KBytes  2.91 Mbits/sec  2.512 ms  929/1232 (75%)  
[  5] 356.00-357.00 sec   353 KBytes  2.89 Mbits/sec  2.486 ms  913/1214 (75%)  
[  5] 357.00-358.00 sec   416 KBytes  3.41 Mbits/sec  2.356 ms  1033/1388 (74%)  
[  5] 358.00-359.00 sec   391 KBytes  3.21 Mbits/sec  2.584 ms  969/1303 (74%)  
[  5] 359.00-360.00 sec   357 KBytes  2.93 Mbits/sec  2.399 ms  830/1135 (73%)  
[  5] 360.00-361.00 sec   409 KBytes  3.35 Mbits/sec  2.345 ms  953/1302 (73%)  
[  5] 361.00-362.00 sec   357 KBytes  2.93 Mbits/sec  2.181 ms  827/1132 (73%)  
[  5] 362.00-363.00 sec   353 KBytes  2.89 Mbits/sec  2.273 ms  818/1119 (73%)  
[  5] 363.00-364.00 sec   415 KBytes  3.40 Mbits/sec  2.189 ms  995/1349 (74%)  
[  5] 364.00-365.00 sec   353 KBytes  2.89 Mbits/sec  2.311 ms  855/1156 (74%)  
[  5] 365.00-366.00 sec   396 KBytes  3.24 Mbits/sec  2.391 ms  934/1272 (73%)  
[  5] 366.00-367.00 sec   411 KBytes  3.37 Mbits/sec  2.484 ms  984/1335 (74%)  
[  5] 367.00-368.00 sec   357 KBytes  2.93 Mbits/sec  2.078 ms  840/1145 (73%)  
[  5] 368.00-369.00 sec   394 KBytes  3.23 Mbits/sec  2.449 ms  929/1265 (73%)  
[  5] 369.00-370.00 sec   373 KBytes  3.05 Mbits/sec  2.097 ms  859/1177 (73%)  
[  5] 370.00-371.00 sec   391 KBytes  3.21 Mbits/sec  2.419 ms  973/1307 (74%)  
[  5] 371.00-372.00 sec   355 KBytes  2.91 Mbits/sec  2.427 ms  912/1215 (75%)  
[  5] 372.00-373.00 sec   414 KBytes  3.39 Mbits/sec  2.373 ms  1067/1420 (75%)  
[  5] 373.00-374.00 sec   356 KBytes  2.92 Mbits/sec  2.407 ms  980/1284 (76%)  
[  5] 374.00-375.00 sec   410 KBytes  3.36 Mbits/sec  2.451 ms  1179/1529 (77%)  
[  5] 375.00-376.00 sec   398 KBytes  3.26 Mbits/sec  2.390 ms  1016/1356 (75%)  
[  5] 376.00-377.00 sec   354 KBytes  2.90 Mbits/sec  2.456 ms  872/1174 (74%)  
[  5] 377.00-378.00 sec   352 KBytes  2.88 Mbits/sec  2.606 ms  856/1156 (74%)  
[  5] 378.00-379.00 sec   357 KBytes  2.93 Mbits/sec  2.463 ms  905/1210 (75%)  
[  5] 379.00-380.00 sec   409 KBytes  3.35 Mbits/sec  2.382 ms  1070/1419 (75%)  
[  5] 380.00-381.00 sec   357 KBytes  2.93 Mbits/sec  2.137 ms  883/1188 (74%)  
[  5] 381.00-382.00 sec   412 KBytes  3.38 Mbits/sec  2.175 ms  1009/1361 (74%)  
[  5] 382.00-383.00 sec   395 KBytes  3.24 Mbits/sec  2.390 ms  936/1273 (74%)  
[  5] 383.00-384.00 sec   352 KBytes  2.88 Mbits/sec  2.863 ms  817/1117 (73%)  
[  5] 384.00-385.00 sec   417 KBytes  3.42 Mbits/sec  2.170 ms  1034/1390 (74%)  
[  5] 385.00-386.00 sec   410 KBytes  3.36 Mbits/sec  2.434 ms  997/1347 (74%)  
[  5] 386.00-387.00 sec   338 KBytes  2.76 Mbits/sec  2.355 ms  827/1115 (74%)  
[  5] 387.00-388.00 sec   355 KBytes  2.91 Mbits/sec  2.669 ms  886/1189 (75%)  
[  5] 388.00-389.00 sec   371 KBytes  3.04 Mbits/sec  2.354 ms  898/1215 (74%)  
[  5] 389.00-390.00 sec   393 KBytes  3.22 Mbits/sec  2.703 ms  966/1301 (74%)  
[  5] 390.00-391.00 sec   355 KBytes  2.91 Mbits/sec  2.710 ms  877/1180 (74%)  
[  5] 391.00-392.00 sec   357 KBytes  2.93 Mbits/sec  2.538 ms  841/1146 (73%)  
[  5] 392.00-393.00 sec   352 KBytes  2.88 Mbits/sec  2.570 ms  838/1138 (74%)  
[  5] 393.00-394.00 sec   355 KBytes  2.91 Mbits/sec  2.805 ms  864/1167 (74%)  
[  5] 394.00-395.00 sec   357 KBytes  2.93 Mbits/sec  2.486 ms  823/1128 (73%)  
[  5] 395.00-396.00 sec   352 KBytes  2.88 Mbits/sec  2.584 ms  843/1143 (74%)  
[  5] 396.00-397.00 sec   375 KBytes  3.07 Mbits/sec  2.231 ms  928/1248 (74%)  
[  5] 397.00-398.00 sec   352 KBytes  2.88 Mbits/sec  2.323 ms  849/1149 (74%)  
[  5] 398.00-399.00 sec   357 KBytes  2.93 Mbits/sec  2.172 ms  864/1169 (74%)  
[  5] 399.00-400.00 sec   355 KBytes  2.91 Mbits/sec  2.157 ms  853/1156 (74%)  
[  5] 400.00-401.00 sec   393 KBytes  3.22 Mbits/sec  2.403 ms  923/1258 (73%)  
[  5] 401.00-402.00 sec   356 KBytes  2.92 Mbits/sec  2.629 ms  895/1199 (75%)  
[  5] 402.00-403.00 sec   410 KBytes  3.36 Mbits/sec  2.388 ms  1048/1398 (75%)  
[  5] 403.00-404.00 sec   357 KBytes  2.93 Mbits/sec  2.406 ms  870/1175 (74%)  
[  5] 404.00-405.00 sec   410 KBytes  3.36 Mbits/sec  2.400 ms  1029/1379 (75%)  
[  5] 405.00-406.00 sec   357 KBytes  2.93 Mbits/sec  2.275 ms  877/1182 (74%)  
