Connecting to host 172.22.0.50, port 5202
Reverse mode, remote host 172.22.0.50 is sending
[  5] local 192.168.102.2 port 48554 connected to 172.22.0.50 port 5202
[ ID] Interval           Transfer     Bitrate         Jitter    Lost/Total Datagrams
[  5]   0.00-1.00   sec   441 KBytes  3.61 Mbits/sec  0.332 ms  0/4516 (0%)  
[  5]   1.00-2.00   sec   439 KBytes  3.60 Mbits/sec  0.320 ms  0/4494 (0%)  
[  5]   2.00-3.00   sec   438 KBytes  3.59 Mbits/sec  0.238 ms  0/4488 (0%)  
[  5]   3.00-4.00   sec   441 KBytes  3.61 Mbits/sec  0.361 ms  0/4512 (0%)  
[  5]   4.00-5.00   sec   440 KBytes  3.60 Mbits/sec  0.304 ms  0/4502 (0%)  
[  5]   5.00-6.00   sec   439 KBytes  3.60 Mbits/sec  0.376 ms  0/4495 (0%)  
[  5]   6.00-7.00   sec   440 KBytes  3.60 Mbits/sec  0.239 ms  0/4506 (0%)  
[  5]   7.00-8.00   sec   439 KBytes  3.60 Mbits/sec  0.271 ms  0/4498 (0%)  
[  5]   8.00-9.00   sec   439 KBytes  3.59 Mbits/sec  0.307 ms  0/4491 (0%)  
[  5]   9.00-10.00  sec   438 KBytes  3.59 Mbits/sec  0.474 ms  0/4488 (0%)  
[  5]  10.00-11.00  sec   441 KBytes  3.61 Mbits/sec  0.334 ms  0/4516 (0%)  
[  5]  11.00-12.00  sec   440 KBytes  3.60 Mbits/sec  0.301 ms  0/4503 (0%)  
[  5]  12.00-13.00  sec   440 KBytes  3.60 Mbits/sec  0.230 ms  0/4503 (0%)  
[  5]  13.00-14.00  sec   440 KBytes  3.60 Mbits/sec  0.273 ms  0/4504 (0%)  
[  5]  14.00-15.00  sec   439 KBytes  3.59 Mbits/sec  0.247 ms  0/4493 (0%)  
[  5]  15.00-16.00  sec   440 KBytes  3.61 Mbits/sec  0.316 ms  0/4503 (0%)  
[  5]  16.00-17.00  sec   439 KBytes  3.59 Mbits/sec  0.263 ms  0/4492 (0%)  
[  5]  17.00-18.00  sec   420 KBytes  3.44 Mbits/sec  0.371 ms  0/4302 (0%)  
[  5]  18.00-19.00  sec   349 KBytes  2.86 Mbits/sec  0.397 ms  0/3576 (0%)  
[  5]  19.00-20.00  sec   350 KBytes  2.86 Mbits/sec  0.385 ms  0/3581 (0%)  
[  5]  20.00-21.00  sec   354 KBytes  2.90 Mbits/sec  0.407 ms  0/3623 (0%)  
[  5]  21.00-22.00  sec   349 KBytes  2.86 Mbits/sec  0.355 ms  0/3572 (0%)  
[  5]  22.00-23.00  sec   346 KBytes  2.84 Mbits/sec  0.332 ms  0/3548 (0%)  
[  5]  23.00-24.00  sec   347 KBytes  2.84 Mbits/sec  0.403 ms  0/3555 (0%)  
[  5]  24.00-25.00  sec   355 KBytes  2.90 Mbits/sec  0.368 ms  0/3631 (0%)  
[  5]  25.00-26.00  sec   356 KBytes  2.92 Mbits/sec  0.397 ms  0/3646 (0%)  
[  5]  26.00-27.00  sec   358 KBytes  2.93 Mbits/sec  0.418 ms  0/3663 (0%)  
[  5]  27.00-28.00  sec   345 KBytes  2.82 Mbits/sec  0.294 ms  0/3530 (0%)  
[  5]  28.00-29.00  sec   356 KBytes  2.92 Mbits/sec  0.328 ms  0/3646 (0%)  
[  5]  29.00-30.00  sec   356 KBytes  2.92 Mbits/sec  0.309 ms  0/3646 (0%)  
[  5]  30.00-31.00  sec   341 KBytes  2.79 Mbits/sec  0.464 ms  0/3493 (0%)  
[  5]  31.00-32.00  sec   358 KBytes  2.93 Mbits/sec  0.325 ms  0/3661 (0%)  
[  5]  32.00-33.00  sec   352 KBytes  2.88 Mbits/sec  0.315 ms  0/3601 (0%)  
[  5]  33.00-34.00  sec   356 KBytes  2.92 Mbits/sec  0.313 ms  0/3646 (0%)  
[  5]  34.00-35.00  sec   357 KBytes  2.92 Mbits/sec  0.341 ms  0/3654 (0%)  
[  5]  35.00-36.00  sec   358 KBytes  2.94 Mbits/sec  0.387 ms  0/3669 (0%)  
[  5]  36.00-37.00  sec   363 KBytes  2.97 Mbits/sec  0.395 ms  0/3714 (0%)  
[  5]  37.00-38.00  sec   358 KBytes  2.93 Mbits/sec  0.322 ms  0/3669 (0%)  
[  5]  38.00-39.00  sec   353 KBytes  2.89 Mbits/sec  0.532 ms  0/3610 (0%)  
[  5]  39.00-40.00  sec   343 KBytes  2.81 Mbits/sec  0.356 ms  0/3516 (0%)  
[  5]  40.00-41.00  sec   354 KBytes  2.90 Mbits/sec  0.392 ms  0/3629 (0%)  
[  5]  41.00-42.00  sec   357 KBytes  2.93 Mbits/sec  0.367 ms  0/3660 (0%)  
[  5]  42.00-43.00  sec   351 KBytes  2.87 Mbits/sec  0.367 ms  0/3592 (0%)  
[  5]  43.00-44.00  sec   353 KBytes  2.89 Mbits/sec  0.375 ms  0/3614 (0%)  
[  5]  44.00-45.00  sec   362 KBytes  2.96 Mbits/sec  0.337 ms  0/3703 (0%)  
[  5]  45.00-46.00  sec   359 KBytes  2.94 Mbits/sec  0.383 ms  0/3678 (0%)  
[  5]  46.00-47.00  sec   356 KBytes  2.91 Mbits/sec  0.313 ms  0/3643 (0%)  
[  5]  47.00-48.00  sec   349 KBytes  2.86 Mbits/sec  0.404 ms  0/3577 (0%)  
[  5]  48.00-49.00  sec   347 KBytes  2.84 Mbits/sec  0.390 ms  0/3550 (0%)  
[  5]  49.00-50.00  sec   358 KBytes  2.93 Mbits/sec  0.325 ms  0/3661 (0%)  
[  5]  50.00-51.00  sec   359 KBytes  2.94 Mbits/sec  0.301 ms  0/3674 (0%)  
[  5]  51.00-52.00  sec   360 KBytes  2.95 Mbits/sec  0.249 ms  0/3686 (0%)  
[  5]  52.00-53.00  sec   356 KBytes  2.91 Mbits/sec  0.358 ms  0/3641 (0%)  
[  5]  53.00-54.00  sec   355 KBytes  2.91 Mbits/sec  0.348 ms  0/3636 (0%)  
[  5]  54.00-55.00  sec   361 KBytes  2.95 Mbits/sec  0.335 ms  0/3699 (0%)  
[  5]  55.00-56.00  sec   355 KBytes  2.91 Mbits/sec  0.344 ms  0/3636 (0%)  
[  5]  56.00-57.00  sec   353 KBytes  2.89 Mbits/sec  0.349 ms  0/3617 (0%)  
[  5]  57.00-58.00  sec   339 KBytes  2.78 Mbits/sec  0.378 ms  0/3473 (0%)  
[  5]  58.00-59.00  sec   352 KBytes  2.89 Mbits/sec  0.329 ms  0/3607 (0%)  
[  5]  59.00-60.00  sec   357 KBytes  2.93 Mbits/sec  0.344 ms  0/3659 (0%)  
[  5]  60.00-61.00  sec   362 KBytes  2.96 Mbits/sec  0.355 ms  0/3705 (0%)  
[  5]  61.00-62.00  sec   356 KBytes  2.92 Mbits/sec  0.294 ms  0/3648 (0%)  
[  5]  62.00-63.00  sec   354 KBytes  2.90 Mbits/sec  0.413 ms  0/3621 (0%)  
[  5]  63.00-64.00  sec   348 KBytes  2.85 Mbits/sec  0.310 ms  0/3561 (0%)  
[  5]  64.00-65.00  sec   359 KBytes  2.94 Mbits/sec  0.393 ms  0/3674 (0%)  
[  5]  65.00-66.00  sec   357 KBytes  2.93 Mbits/sec  0.302 ms  0/3657 (0%)  
[  5]  66.00-67.00  sec   361 KBytes  2.96 Mbits/sec  0.346 ms  0/3694 (0%)  
[  5]  67.00-68.00  sec   351 KBytes  2.88 Mbits/sec  0.421 ms  0/3596 (0%)  
[  5]  68.00-69.00  sec   353 KBytes  2.89 Mbits/sec  0.375 ms  0/3617 (0%)  
[  5]  69.00-70.00  sec   362 KBytes  2.97 Mbits/sec  0.376 ms  0/3709 (0%)  
[  5]  70.00-71.00  sec   345 KBytes  2.82 Mbits/sec  0.333 ms  0/3530 (0%)  
[  5]  71.00-72.00  sec   345 KBytes  2.83 Mbits/sec  0.337 ms  0/3536 (0%)  
[  5]  72.00-73.00  sec   347 KBytes  2.84 Mbits/sec  0.340 ms  0/3550 (0%)  
[  5]  73.00-74.00  sec   357 KBytes  2.93 Mbits/sec  0.307 ms  0/3659 (0%)  
[  5]  74.00-75.00  sec   360 KBytes  2.95 Mbits/sec  0.356 ms  0/3684 (0%)  
[  5]  75.00-76.00  sec   361 KBytes  2.95 Mbits/sec  0.397 ms  0/3692 (0%)  
[  5]  76.00-77.00  sec   357 KBytes  2.93 Mbits/sec  0.516 ms  0/3659 (0%)  
[  5]  77.00-78.00  sec   352 KBytes  2.88 Mbits/sec  0.435 ms  0/3603 (0%)  
[  5]  78.00-79.00  sec   350 KBytes  2.87 Mbits/sec  0.288 ms  0/3586 (0%)  
[  5]  79.00-80.00  sec   353 KBytes  2.89 Mbits/sec  0.359 ms  0/3611 (0%)  
[  5]  80.00-81.00  sec   353 KBytes  2.89 Mbits/sec  0.371 ms  0/3615 (0%)  
[  5]  81.00-82.00  sec   358 KBytes  2.94 Mbits/sec  0.311 ms  0/3669 (0%)  
[  5]  82.00-83.00  sec   360 KBytes  2.95 Mbits/sec  0.315 ms  0/3690 (0%)  
[  5]  83.00-84.00  sec   359 KBytes  2.94 Mbits/sec  0.416 ms  0/3677 (0%)  
[  5]  84.00-85.00  sec   356 KBytes  2.91 Mbits/sec  0.558 ms  0/3643 (0%)  
[  5]  85.00-86.00  sec   350 KBytes  2.87 Mbits/sec  0.397 ms  0/3582 (0%)  
[  5]  86.00-87.00  sec   352 KBytes  2.88 Mbits/sec  0.391 ms  0/3606 (0%)  
[  5]  87.00-88.00  sec   343 KBytes  2.80 Mbits/sec  0.483 ms  0/3509 (0%)  
[  5]  88.00-89.00  sec   345 KBytes  2.83 Mbits/sec  0.348 ms  0/3532 (0%)  
[  5]  89.00-90.00  sec   353 KBytes  2.89 Mbits/sec  0.367 ms  0/3616 (0%)  
[  5]  90.00-91.00  sec   361 KBytes  2.95 Mbits/sec  0.313 ms  0/3693 (0%)  
[  5]  91.00-92.00  sec   362 KBytes  2.96 Mbits/sec  0.308 ms  0/3709 (0%)  
[  5]  92.00-93.00  sec   360 KBytes  2.95 Mbits/sec  0.385 ms  0/3682 (0%)  
[  5]  93.00-94.00  sec   359 KBytes  2.94 Mbits/sec  0.361 ms  0/3681 (0%)  
[  5]  94.00-95.00  sec   361 KBytes  2.96 Mbits/sec  0.350 ms  0/3699 (0%)  
[  5]  95.00-96.00  sec   350 KBytes  2.87 Mbits/sec  0.382 ms  0/3588 (0%)  
[  5]  96.00-97.00  sec   355 KBytes  2.91 Mbits/sec  0.324 ms  0/3640 (0%)  
[  5]  97.00-98.00  sec   357 KBytes  2.93 Mbits/sec  0.320 ms  0/3657 (0%)  
[  5]  98.00-99.00  sec   352 KBytes  2.88 Mbits/sec  0.363 ms  0/3600 (0%)  
[  5]  99.00-100.00 sec   351 KBytes  2.88 Mbits/sec  0.409 ms  0/3595 (0%)  
[  5] 100.00-101.00 sec   351 KBytes  2.87 Mbits/sec  0.360 ms  0/3590 (0%)  
[  5] 101.00-102.00 sec   352 KBytes  2.89 Mbits/sec  0.371 ms  0/3608 (0%)  
[  5] 102.00-103.00 sec   356 KBytes  2.92 Mbits/sec  0.483 ms  0/3649 (0%)  
[  5] 103.00-104.00 sec   347 KBytes  2.85 Mbits/sec  0.382 ms  0/3557 (0%)  
[  5] 104.00-105.00 sec   348 KBytes  2.85 Mbits/sec  0.353 ms  0/3563 (0%)  
[  5] 105.00-106.00 sec   354 KBytes  2.90 Mbits/sec  0.358 ms  0/3622 (0%)  
[  5] 106.00-107.00 sec   355 KBytes  2.91 Mbits/sec  0.357 ms  0/3635 (0%)  
[  5] 107.00-108.00 sec   353 KBytes  2.89 Mbits/sec  0.365 ms  0/3613 (0%)  
[  5] 108.00-109.00 sec   353 KBytes  2.89 Mbits/sec  0.310 ms  0/3618 (0%)  
[  5] 109.00-110.00 sec   350 KBytes  2.87 Mbits/sec  0.465 ms  0/3583 (0%)  
[  5] 110.00-111.00 sec   354 KBytes  2.90 Mbits/sec  0.368 ms  0/3630 (0%)  
[  5] 111.00-112.00 sec   346 KBytes  2.84 Mbits/sec  0.364 ms  0/3548 (0%)  
[  5] 112.00-113.00 sec   345 KBytes  2.82 Mbits/sec  0.402 ms  0/3530 (0%)  
[  5] 113.00-114.00 sec   332 KBytes  2.72 Mbits/sec  0.305 ms  0/3401 (0%)  
[  5] 114.00-115.00 sec   347 KBytes  2.84 Mbits/sec  0.321 ms  0/3556 (0%)  
[  5] 115.00-116.00 sec   356 KBytes  2.92 Mbits/sec  0.463 ms  0/3649 (0%)  
[  5] 116.00-117.00 sec   354 KBytes  2.90 Mbits/sec  0.416 ms  0/3630 (0%)  
[  5] 117.00-118.00 sec   355 KBytes  2.91 Mbits/sec  0.331 ms  0/3636 (0%)  
[  5] 118.00-119.00 sec   356 KBytes  2.92 Mbits/sec  0.346 ms  0/3646 (0%)  
[  5] 119.00-120.00 sec   350 KBytes  2.87 Mbits/sec  0.348 ms  0/3586 (0%)  
[  5] 120.00-121.00 sec   356 KBytes  2.92 Mbits/sec  0.464 ms  0/3644 (0%)  
[  5] 121.00-122.00 sec   349 KBytes  2.86 Mbits/sec  0.375 ms  0/3578 (0%)  
[  5] 122.00-123.00 sec   349 KBytes  2.86 Mbits/sec  0.369 ms  0/3569 (0%)  
[  5] 123.00-124.00 sec   355 KBytes  2.91 Mbits/sec  0.395 ms  0/3634 (0%)  
[  5] 124.00-125.00 sec   356 KBytes  2.92 Mbits/sec  0.344 ms  0/3650 (0%)  
[  5] 125.00-126.00 sec   348 KBytes  2.85 Mbits/sec  0.425 ms  0/3561 (0%)  
[  5] 126.00-127.00 sec   303 KBytes  2.48 Mbits/sec  0.226 ms  912/4014 (23%)  
[  5] 127.00-128.00 sec   313 KBytes  2.57 Mbits/sec  0.275 ms  1187/4396 (27%)  
[  5] 128.00-129.00 sec   283 KBytes  2.31 Mbits/sec  0.215 ms  1088/3981 (27%)  
[  5] 129.00-130.00 sec   333 KBytes  2.73 Mbits/sec  0.204 ms  1128/4543 (25%)  
[  5] 130.00-131.00 sec   329 KBytes  2.69 Mbits/sec  0.216 ms  1138/4504 (25%)  
[  5] 131.00-132.00 sec   339 KBytes  2.77 Mbits/sec  0.220 ms  957/4424 (22%)  
[  5] 132.00-133.00 sec   348 KBytes  2.85 Mbits/sec  0.204 ms  867/4434 (20%)  
[  5] 133.00-134.00 sec   356 KBytes  2.91 Mbits/sec  0.209 ms  1032/4674 (22%)  
[  5] 134.00-135.00 sec   400 KBytes  3.28 Mbits/sec  0.212 ms  1350/5449 (25%)  
[  5] 135.00-136.00 sec   315 KBytes  2.58 Mbits/sec  0.212 ms  1260/4488 (28%)  
[  5] 136.00-137.00 sec   332 KBytes  2.72 Mbits/sec  0.236 ms  1032/4434 (23%)  
[  5] 137.00-138.00 sec   310 KBytes  2.54 Mbits/sec  0.219 ms  758/3935 (19%)  
[  5] 138.00-139.00 sec   349 KBytes  2.86 Mbits/sec  0.320 ms  1062/4636 (23%)  
[  5] 139.00-140.00 sec   366 KBytes  3.00 Mbits/sec  0.219 ms  1158/4904 (24%)  
[  5] 140.00-141.00 sec   348 KBytes  2.85 Mbits/sec  0.222 ms  879/4441 (20%)  
[  5] 141.00-142.00 sec   331 KBytes  2.71 Mbits/sec  1.716 ms  1040/4431 (23%)  
[  5] 142.00-143.00 sec   287 KBytes  2.35 Mbits/sec  0.217 ms  1090/4033 (27%)  
[  5] 143.00-144.00 sec   356 KBytes  2.91 Mbits/sec  0.211 ms  964/4606 (21%)  
[  5] 144.00-145.00 sec   349 KBytes  2.86 Mbits/sec  0.215 ms  848/4422 (19%)  
[  5] 145.00-146.00 sec   329 KBytes  2.69 Mbits/sec  0.216 ms  1011/4379 (23%)  
[  5] 146.00-147.00 sec   330 KBytes  2.70 Mbits/sec  0.402 ms  1058/4436 (24%)  
[  5] 147.00-148.00 sec   348 KBytes  2.85 Mbits/sec  0.223 ms  877/4436 (20%)  
[  5] 148.00-149.00 sec   336 KBytes  2.75 Mbits/sec  0.357 ms  1108/4545 (24%)  
[  5] 149.00-150.00 sec   328 KBytes  2.69 Mbits/sec  0.218 ms  1276/4636 (28%)  
[  5] 150.00-151.00 sec   348 KBytes  2.85 Mbits/sec  0.220 ms  1038/4605 (23%)  
[  5] 151.00-152.00 sec   310 KBytes  2.54 Mbits/sec  0.216 ms  1377/4547 (30%)  
[  5] 152.00-153.00 sec   299 KBytes  2.45 Mbits/sec  0.216 ms  871/3929 (22%)  
[  5] 153.00-154.00 sec   357 KBytes  2.92 Mbits/sec  0.216 ms  864/4519 (19%)  
[  5] 154.00-155.00 sec   350 KBytes  2.87 Mbits/sec  0.211 ms  835/4424 (19%)  
[  5] 155.00-156.00 sec   347 KBytes  2.85 Mbits/sec  0.229 ms  830/4384 (19%)  
[  5] 156.00-157.00 sec   346 KBytes  2.83 Mbits/sec  0.208 ms  962/4502 (21%)  
[  5] 157.00-158.00 sec   278 KBytes  2.28 Mbits/sec  0.475 ms  864/3710 (23%)  
[  5] 158.00-159.00 sec   333 KBytes  2.73 Mbits/sec  0.220 ms  1365/4780 (29%)  
[  5] 159.00-160.00 sec   339 KBytes  2.77 Mbits/sec  0.221 ms  1027/4494 (23%)  
[  5] 160.00-161.00 sec   284 KBytes  2.33 Mbits/sec  0.219 ms  953/3864 (25%)  
[  5] 161.00-162.00 sec   338 KBytes  2.77 Mbits/sec  0.207 ms  1093/4559 (24%)  
[  5] 162.00-163.00 sec   331 KBytes  2.71 Mbits/sec  0.218 ms  1045/4434 (24%)  
[  5] 163.00-164.00 sec   327 KBytes  2.67 Mbits/sec  0.210 ms  1224/4568 (27%)  
[  5] 164.00-165.00 sec   339 KBytes  2.78 Mbits/sec  0.225 ms  1111/4608 (24%)  
[  5] 165.00-166.00 sec   329 KBytes  2.69 Mbits/sec  0.207 ms  1177/4544 (26%)  
[  5] 166.00-167.00 sec   348 KBytes  2.85 Mbits/sec  0.212 ms  1120/4687 (24%)  
[  5] 167.00-168.00 sec   344 KBytes  2.82 Mbits/sec  0.217 ms  995/4517 (22%)  
[  5] 168.00-169.00 sec   338 KBytes  2.77 Mbits/sec  0.216 ms  998/4457 (22%)  
[  5] 169.00-170.00 sec   337 KBytes  2.76 Mbits/sec  0.216 ms  1113/4565 (24%)  
[  5] 170.00-171.00 sec   325 KBytes  2.66 Mbits/sec  0.207 ms  1149/4474 (26%)  
[  5] 171.00-172.00 sec   334 KBytes  2.73 Mbits/sec  0.217 ms  1044/4461 (23%)  
[  5] 172.00-173.00 sec   307 KBytes  2.52 Mbits/sec  0.216 ms  802/3950 (20%)  
[  5] 173.00-174.00 sec   349 KBytes  2.86 Mbits/sec  0.236 ms  1032/4610 (22%)  
[  5] 174.00-175.00 sec   342 KBytes  2.80 Mbits/sec  0.218 ms  1291/4790 (27%)  
[  5] 175.00-176.00 sec   329 KBytes  2.69 Mbits/sec  0.226 ms  1246/4612 (27%)  
[  5] 176.00-177.00 sec   324 KBytes  2.66 Mbits/sec  0.216 ms  1216/4536 (27%)  
[  5] 177.00-178.00 sec   332 KBytes  2.72 Mbits/sec  0.214 ms  1069/4472 (24%)  
[  5] 178.00-179.00 sec   353 KBytes  2.89 Mbits/sec  0.228 ms  1192/4807 (25%)  
[  5] 179.00-180.00 sec   343 KBytes  2.81 Mbits/sec  0.218 ms  1256/4772 (26%)  
[  5] 180.00-181.00 sec   345 KBytes  2.82 Mbits/sec  0.217 ms  1059/4587 (23%)  
[  5] 181.00-182.00 sec   342 KBytes  2.80 Mbits/sec  0.215 ms  1054/4553 (23%)  
[  5] 182.00-183.00 sec   346 KBytes  2.83 Mbits/sec  0.213 ms  1311/4850 (27%)  
[  5] 183.00-184.00 sec   329 KBytes  2.70 Mbits/sec  0.210 ms  1284/4653 (28%)  
[  5] 184.00-185.00 sec   343 KBytes  2.81 Mbits/sec  0.220 ms  1153/4666 (25%)  
[  5] 185.00-186.00 sec   351 KBytes  2.88 Mbits/sec  0.242 ms  916/4513 (20%)  
[  5] 186.00-187.00 sec   352 KBytes  2.88 Mbits/sec  0.227 ms  894/4498 (20%)  
[  5] 187.00-188.00 sec   349 KBytes  2.86 Mbits/sec  0.217 ms  782/4353 (18%)  
[  5] 188.00-189.00 sec   294 KBytes  2.41 Mbits/sec  2.935 ms  835/3846 (22%)  
[  5] 189.00-190.00 sec   356 KBytes  2.92 Mbits/sec  0.215 ms  819/4465 (18%)  
[  5] 190.00-191.00 sec   348 KBytes  2.85 Mbits/sec  0.248 ms  1000/4566 (22%)  
[  5] 191.00-192.00 sec   347 KBytes  2.84 Mbits/sec  0.217 ms  937/4491 (21%)  
[  5] 192.00-193.00 sec   345 KBytes  2.82 Mbits/sec  0.222 ms  1079/4608 (23%)  
[  5] 193.00-194.00 sec   352 KBytes  2.89 Mbits/sec  0.228 ms  1093/4702 (23%)  
[  5] 194.00-195.00 sec   331 KBytes  2.72 Mbits/sec  0.238 ms  1132/4526 (25%)  
[  5] 195.00-196.00 sec   330 KBytes  2.71 Mbits/sec  0.210 ms  850/4233 (20%)  
[  5] 196.00-197.00 sec   355 KBytes  2.91 Mbits/sec  0.222 ms  1150/4787 (24%)  
[  5] 197.00-198.00 sec   332 KBytes  2.72 Mbits/sec  0.216 ms  1159/4562 (25%)  
[  5] 198.00-199.00 sec   350 KBytes  2.87 Mbits/sec  0.216 ms  881/4465 (20%)  
[  5] 199.00-200.00 sec   337 KBytes  2.76 Mbits/sec  0.290 ms  1062/4517 (24%)  
[  5] 200.00-201.00 sec   349 KBytes  2.86 Mbits/sec  0.221 ms  979/4556 (21%)  
[  5] 201.00-202.00 sec   340 KBytes  2.78 Mbits/sec  0.219 ms  1036/4517 (23%)  
[  5] 202.00-203.00 sec   356 KBytes  2.92 Mbits/sec  0.218 ms  971/4617 (21%)  
[  5] 203.00-204.00 sec   343 KBytes  2.81 Mbits/sec  0.204 ms  861/4376 (20%)  
[  5] 204.00-205.00 sec   345 KBytes  2.83 Mbits/sec  0.223 ms  876/4408 (20%)  
[  5] 205.00-206.00 sec   355 KBytes  2.91 Mbits/sec  0.213 ms  830/4467 (19%)  
[  5] 206.00-207.00 sec   348 KBytes  2.85 Mbits/sec  0.200 ms  936/4495 (21%)  
[  5] 207.00-208.00 sec   343 KBytes  2.81 Mbits/sec  0.212 ms  1206/4721 (26%)  
[  5] 208.00-209.00 sec   350 KBytes  2.87 Mbits/sec  0.217 ms  1011/4595 (22%)  
[  5] 209.00-210.00 sec   339 KBytes  2.78 Mbits/sec  0.202 ms  1061/4537 (23%)  
[  5] 210.00-211.00 sec   338 KBytes  2.77 Mbits/sec  0.208 ms  1040/4505 (23%)  
[  5] 211.00-212.00 sec   356 KBytes  2.92 Mbits/sec  0.219 ms  951/4597 (21%)  
[  5] 212.00-213.00 sec   352 KBytes  2.88 Mbits/sec  0.218 ms  985/4585 (21%)  
[  5] 213.00-214.00 sec   346 KBytes  2.83 Mbits/sec  0.217 ms  843/4387 (19%)  
[  5] 214.00-215.00 sec   348 KBytes  2.85 Mbits/sec  0.219 ms  948/4515 (21%)  
[  5] 215.00-216.00 sec   334 KBytes  2.74 Mbits/sec  0.227 ms  1151/4573 (25%)  
[  5] 216.00-217.00 sec   337 KBytes  2.76 Mbits/sec  0.220 ms  972/4419 (22%)  
[  5] 217.00-218.00 sec   311 KBytes  2.55 Mbits/sec  0.219 ms  788/3971 (20%)  
[  5] 218.00-219.00 sec   350 KBytes  2.87 Mbits/sec  0.218 ms  894/4478 (20%)  
[  5] 219.00-220.00 sec   325 KBytes  2.66 Mbits/sec  0.215 ms  1132/4464 (25%)  
[  5] 220.00-221.00 sec   356 KBytes  2.92 Mbits/sec  0.215 ms  856/4506 (19%)  
[  5] 221.00-222.00 sec   335 KBytes  2.75 Mbits/sec  0.224 ms  1118/4551 (25%)  
[  5] 222.00-223.00 sec   357 KBytes  2.92 Mbits/sec  0.222 ms  1075/4730 (23%)  
[  5] 223.00-224.00 sec   346 KBytes  2.83 Mbits/sec  0.233 ms  1053/4595 (23%)  
[  5] 224.00-225.00 sec   388 KBytes  3.18 Mbits/sec  0.207 ms  1305/5282 (25%)  
[  5] 225.00-226.00 sec   275 KBytes  2.26 Mbits/sec  0.217 ms  970/3790 (26%)  
[  5] 226.00-227.00 sec   353 KBytes  2.89 Mbits/sec  0.220 ms  868/4485 (19%)  
[  5] 227.00-228.00 sec   348 KBytes  2.85 Mbits/sec  0.219 ms  788/4347 (18%)  
[  5] 228.00-229.00 sec   304 KBytes  2.49 Mbits/sec  0.266 ms  1252/4368 (29%)  
[  5] 229.00-230.00 sec   346 KBytes  2.83 Mbits/sec  0.219 ms  1081/4624 (23%)  
[  5] 230.00-231.00 sec   340 KBytes  2.78 Mbits/sec  0.211 ms  970/4450 (22%)  
[  5] 231.00-232.00 sec   358 KBytes  2.94 Mbits/sec  0.218 ms  943/4614 (20%)  
[  5] 232.00-233.00 sec   346 KBytes  2.83 Mbits/sec  0.220 ms  931/4472 (21%)  
[  5] 233.00-234.00 sec   327 KBytes  2.68 Mbits/sec  0.207 ms  1065/4417 (24%)  
[  5] 234.00-235.00 sec   326 KBytes  2.67 Mbits/sec  0.239 ms  867/4202 (21%)  
[  5] 235.00-236.00 sec   334 KBytes  2.73 Mbits/sec  0.213 ms  985/4403 (22%)  
[  5] 236.00-237.00 sec   351 KBytes  2.87 Mbits/sec  0.219 ms  950/4543 (21%)  
[  5] 237.00-238.00 sec   348 KBytes  2.85 Mbits/sec  0.220 ms  900/4463 (20%)  
[  5] 238.00-239.00 sec   393 KBytes  3.22 Mbits/sec  0.214 ms  1227/5247 (23%)  
[  5] 239.00-240.00 sec   348 KBytes  2.85 Mbits/sec  0.217 ms  1046/4609 (23%)  
[  5] 240.00-241.00 sec   331 KBytes  2.72 Mbits/sec  0.180 ms  1299/4693 (28%)  
[  5] 241.00-242.00 sec   328 KBytes  2.69 Mbits/sec  0.219 ms  1080/4440 (24%)  
[  5] 242.00-243.00 sec   304 KBytes  2.49 Mbits/sec  0.218 ms  741/3858 (19%)  
[  5] 243.00-244.00 sec   352 KBytes  2.88 Mbits/sec  0.201 ms  950/4554 (21%)  
[  5] 244.00-245.00 sec   277 KBytes  2.27 Mbits/sec  0.213 ms  1001/3835 (26%)  
[  5] 245.00-246.00 sec   345 KBytes  2.83 Mbits/sec  0.221 ms  826/4361 (19%)  
[  5] 246.00-247.00 sec   350 KBytes  2.86 Mbits/sec  0.211 ms  919/4499 (20%)  
[  5] 247.00-248.00 sec   284 KBytes  2.32 Mbits/sec  0.258 ms  1195/4106 (29%)  
[  5] 248.00-249.00 sec   345 KBytes  2.83 Mbits/sec  0.220 ms  971/4502 (22%)  
[  5] 249.00-250.00 sec   349 KBytes  2.86 Mbits/sec  0.216 ms  1023/4600 (22%)  
[  5] 250.00-251.00 sec   342 KBytes  2.80 Mbits/sec  0.255 ms  1055/4558 (23%)  
[  5] 251.00-252.00 sec   297 KBytes  2.43 Mbits/sec  0.218 ms  1051/4089 (26%)  
[  5] 252.00-253.00 sec   349 KBytes  2.86 Mbits/sec  0.212 ms  845/4416 (19%)  
[  5] 253.00-254.00 sec   339 KBytes  2.78 Mbits/sec  0.205 ms  1035/4504 (23%)  
[  5] 254.00-255.00 sec   357 KBytes  2.93 Mbits/sec  0.212 ms  936/4593 (20%)  
[  5] 255.00-256.00 sec   347 KBytes  2.84 Mbits/sec  0.213 ms  944/4498 (21%)  
[  5] 256.00-257.00 sec   356 KBytes  2.92 Mbits/sec  0.214 ms  1060/4706 (23%)  
[  5] 257.00-258.00 sec   328 KBytes  2.69 Mbits/sec  0.222 ms  1167/4528 (26%)  
[  5] 258.00-259.00 sec   357 KBytes  2.92 Mbits/sec  0.218 ms  831/4486 (19%)  
[  5] 259.00-260.00 sec   268 KBytes  2.19 Mbits/sec  0.215 ms  1140/3883 (29%)  
[  5] 260.00-261.00 sec   344 KBytes  2.82 Mbits/sec  0.221 ms  941/4468 (21%)  
[  5] 261.00-262.00 sec   343 KBytes  2.81 Mbits/sec  0.186 ms  916/4432 (21%)  
[  5] 262.00-263.00 sec   358 KBytes  2.94 Mbits/sec  0.218 ms  827/4497 (18%)  
[  5] 263.00-264.00 sec   329 KBytes  2.69 Mbits/sec  0.221 ms  1083/4448 (24%)  
[  5] 264.00-265.00 sec   333 KBytes  2.73 Mbits/sec  0.213 ms  1271/4686 (27%)  
[  5] 265.00-266.00 sec   353 KBytes  2.89 Mbits/sec  0.217 ms  1293/4909 (26%)  
[  5] 266.00-267.00 sec   355 KBytes  2.91 Mbits/sec  0.217 ms  1131/4765 (24%)  
[  5] 267.00-268.00 sec   359 KBytes  2.94 Mbits/sec  0.220 ms  1073/4745 (23%)  
[  5] 268.00-269.00 sec   340 KBytes  2.78 Mbits/sec  0.219 ms  1110/4589 (24%)  
[  5] 269.00-270.00 sec   336 KBytes  2.75 Mbits/sec  0.220 ms  1341/4779 (28%)  
[  5] 270.00-271.00 sec   347 KBytes  2.84 Mbits/sec  0.219 ms  1143/4692 (24%)  
[  5] 271.00-272.00 sec   392 KBytes  3.21 Mbits/sec  0.218 ms  1184/5194 (23%)  
[  5] 272.00-273.00 sec   290 KBytes  2.37 Mbits/sec  0.206 ms  1076/4043 (27%)  
[  5] 273.00-274.00 sec   341 KBytes  2.79 Mbits/sec  0.224 ms  1146/4636 (25%)  
[  5] 274.00-275.00 sec   348 KBytes  2.85 Mbits/sec  0.217 ms  1097/4657 (24%)  
[  5] 275.00-276.00 sec   306 KBytes  2.50 Mbits/sec  0.242 ms  736/3867 (19%)  
[  5] 276.00-277.00 sec   357 KBytes  2.92 Mbits/sec  0.211 ms  837/4491 (19%)  
[  5] 277.00-278.00 sec   350 KBytes  2.87 Mbits/sec  0.219 ms  814/4399 (19%)  
[  5] 278.00-279.00 sec   333 KBytes  2.73 Mbits/sec  0.216 ms  1097/4506 (24%)  
[  5] 279.00-280.00 sec   338 KBytes  2.77 Mbits/sec  0.220 ms  1015/4471 (23%)  
[  5] 280.00-281.00 sec   359 KBytes  2.94 Mbits/sec  0.217 ms  1319/4995 (26%)  
[  5] 281.00-282.00 sec   341 KBytes  2.79 Mbits/sec  0.219 ms  1079/4570 (24%)  
[  5] 282.00-283.00 sec   320 KBytes  2.62 Mbits/sec  0.223 ms  1164/4437 (26%)  
[  5] 283.00-284.00 sec   350 KBytes  2.87 Mbits/sec  0.221 ms  1016/4601 (22%)  
[  5] 284.00-285.00 sec   339 KBytes  2.78 Mbits/sec  0.218 ms  1100/4576 (24%)  
[  5] 285.00-286.00 sec   313 KBytes  2.56 Mbits/sec  0.372 ms  1292/4497 (29%)  
[  5] 286.00-287.00 sec   338 KBytes  2.77 Mbits/sec  0.199 ms  988/4446 (22%)  
[  5] 287.00-288.00 sec   342 KBytes  2.80 Mbits/sec  0.221 ms  966/4470 (22%)  
[  5] 288.00-289.00 sec   332 KBytes  2.72 Mbits/sec  0.401 ms  1175/4577 (26%)  
[  5] 289.00-290.00 sec   306 KBytes  2.50 Mbits/sec  0.346 ms  802/3933 (20%)  
[  5] 290.00-291.00 sec   332 KBytes  2.72 Mbits/sec  0.238 ms  1075/4478 (24%)  
[  5] 291.00-292.00 sec   348 KBytes  2.85 Mbits/sec  0.218 ms  824/4391 (19%)  
[  5] 292.00-293.00 sec   354 KBytes  2.90 Mbits/sec  0.213 ms  861/4482 (19%)  
[  5] 293.00-294.00 sec   330 KBytes  2.70 Mbits/sec  0.216 ms  1023/4401 (23%)  
[  5] 294.00-295.00 sec   356 KBytes  2.92 Mbits/sec  0.212 ms  1136/4786 (24%)  
[  5] 295.00-296.00 sec   351 KBytes  2.87 Mbits/sec  0.215 ms  973/4566 (21%)  
[  5] 296.00-297.00 sec   344 KBytes  2.82 Mbits/sec  0.213 ms  1131/4650 (24%)  
[  5] 297.00-298.00 sec   343 KBytes  2.81 Mbits/sec  0.236 ms  1237/4749 (26%)  
[  5] 298.00-299.00 sec   390 KBytes  3.19 Mbits/sec  0.219 ms  1120/5112 (22%)  
[  5] 299.00-300.00 sec   262 KBytes  2.14 Mbits/sec  0.216 ms  1262/3940 (32%)  
[  5] 300.00-301.00 sec   350 KBytes  2.86 Mbits/sec  0.196 ms  883/4463 (20%)  
[  5] 301.00-302.00 sec   303 KBytes  2.48 Mbits/sec  0.219 ms  1424/4526 (31%)  
[  5] 302.00-303.00 sec   307 KBytes  2.52 Mbits/sec  0.217 ms  1372/4520 (30%)  
[  5] 303.00-304.00 sec   298 KBytes  2.44 Mbits/sec  0.229 ms  766/3820 (20%)  
[  5] 304.00-305.00 sec   345 KBytes  2.83 Mbits/sec  0.231 ms  1007/4544 (22%)  
[  5] 305.00-306.00 sec   341 KBytes  2.80 Mbits/sec  0.218 ms  1023/4519 (23%)  
[  5] 306.00-307.00 sec   339 KBytes  2.78 Mbits/sec  0.219 ms  1070/4542 (24%)  
[  5] 307.00-308.00 sec   297 KBytes  2.43 Mbits/sec  0.213 ms  916/3955 (23%)  
[  5] 308.00-309.00 sec   351 KBytes  2.87 Mbits/sec  0.222 ms  936/4529 (21%)  
[  5] 309.00-310.00 sec   354 KBytes  2.90 Mbits/sec  0.224 ms  1094/4721 (23%)  
[  5] 310.00-311.00 sec   355 KBytes  2.91 Mbits/sec  0.210 ms  1048/4686 (22%)  
[  5] 311.00-312.00 sec   349 KBytes  2.86 Mbits/sec  0.216 ms  911/4483 (20%)  
[  5] 312.00-313.00 sec   348 KBytes  2.85 Mbits/sec  0.208 ms  942/4509 (21%)  
[  5] 313.00-314.00 sec   350 KBytes  2.86 Mbits/sec  0.252 ms  1007/4587 (22%)  
[  5] 314.00-315.00 sec   356 KBytes  2.92 Mbits/sec  0.218 ms  972/4614 (21%)  
[  5] 315.00-316.00 sec   354 KBytes  2.90 Mbits/sec  0.232 ms  884/4513 (20%)  
[  5] 316.00-317.00 sec   336 KBytes  2.75 Mbits/sec  0.338 ms  745/4185 (18%)  
[  5] 317.00-318.00 sec   346 KBytes  2.83 Mbits/sec  0.216 ms  1018/4559 (22%)  
[  5] 318.00-319.00 sec   291 KBytes  2.39 Mbits/sec  0.215 ms  973/3953 (25%)  
[  5] 319.00-320.00 sec   311 KBytes  2.55 Mbits/sec  0.217 ms  804/3992 (20%)  
[  5] 320.00-321.00 sec   294 KBytes  2.41 Mbits/sec  0.218 ms  869/3881 (22%)  
[  5] 321.00-322.00 sec   317 KBytes  2.60 Mbits/sec  0.223 ms  1268/4516 (28%)  
[  5] 322.00-323.00 sec   312 KBytes  2.56 Mbits/sec  0.239 ms  910/4106 (22%)  
[  5] 323.00-324.00 sec   314 KBytes  2.57 Mbits/sec  0.215 ms  945/4159 (23%)  
[  5] 324.00-325.00 sec   324 KBytes  2.65 Mbits/sec  0.218 ms  1032/4351 (24%)  
[  5] 325.00-326.00 sec   299 KBytes  2.45 Mbits/sec  0.212 ms  1167/4229 (28%)  
[  5] 326.00-327.00 sec   298 KBytes  2.44 Mbits/sec  0.219 ms  1076/4127 (26%)  
[  5] 327.00-328.00 sec   339 KBytes  2.78 Mbits/sec  0.296 ms  1025/4501 (23%)  
[  5] 328.00-329.00 sec   338 KBytes  2.77 Mbits/sec  0.219 ms  1169/4629 (25%)  
[  5] 329.00-330.00 sec   301 KBytes  2.46 Mbits/sec  0.222 ms  975/4054 (24%)  
[  5] 330.00-331.00 sec   357 KBytes  2.93 Mbits/sec  0.231 ms  1199/4858 (25%)  
[  5] 331.00-332.00 sec   296 KBytes  2.42 Mbits/sec  0.235 ms  922/3953 (23%)  
[  5] 332.00-333.00 sec   291 KBytes  2.39 Mbits/sec  0.269 ms  873/3857 (23%)  
[  5] 333.00-334.00 sec   347 KBytes  2.84 Mbits/sec  0.217 ms  957/4511 (21%)  
[  5] 334.00-335.00 sec   279 KBytes  2.29 Mbits/sec  0.225 ms  1116/3969 (28%)  
[  5] 335.00-336.00 sec   349 KBytes  2.86 Mbits/sec  0.206 ms  862/4440 (19%)  
[  5] 336.00-337.00 sec   297 KBytes  2.43 Mbits/sec  2.176 ms  910/3952 (23%)  
[  5] 337.00-338.00 sec   348 KBytes  2.85 Mbits/sec  0.215 ms  822/4381 (19%)  
[  5] 338.00-339.00 sec   333 KBytes  2.73 Mbits/sec  0.255 ms  1227/4642 (26%)  
[  5] 339.00-340.00 sec   331 KBytes  2.71 Mbits/sec  0.508 ms  1012/4405 (23%)  
[  5] 340.00-341.00 sec   307 KBytes  2.51 Mbits/sec  0.214 ms  1154/4293 (27%)  
[  5] 341.00-342.00 sec   333 KBytes  2.73 Mbits/sec  0.241 ms  1652/5060 (33%)  
[  5] 342.00-343.00 sec   271 KBytes  2.22 Mbits/sec  0.538 ms  1555/4328 (36%)  
[  5] 343.00-344.00 sec   342 KBytes  2.80 Mbits/sec  0.219 ms  1342/4845 (28%)  
[  5] 344.00-345.00 sec   347 KBytes  2.84 Mbits/sec  0.208 ms  1527/5077 (30%)  
[  5] 345.00-346.00 sec   312 KBytes  2.56 Mbits/sec  0.201 ms  1141/4338 (26%)  
[  5] 346.00-347.00 sec   345 KBytes  2.83 Mbits/sec  0.195 ms  1237/4769 (26%)  
[  5] 347.00-348.00 sec   292 KBytes  2.39 Mbits/sec  0.219 ms  1228/4214 (29%)  
[  5] 348.00-349.00 sec   308 KBytes  2.52 Mbits/sec  0.215 ms  1227/4378 (28%)  
[  5] 349.00-350.00 sec   292 KBytes  2.40 Mbits/sec  0.220 ms  1110/4104 (27%)  
[  5] 350.00-351.00 sec   314 KBytes  2.57 Mbits/sec  0.213 ms  1059/4273 (25%)  
[  5] 351.00-352.00 sec   288 KBytes  2.36 Mbits/sec  0.286 ms  1089/4037 (27%)  
[  5] 352.00-353.00 sec   304 KBytes  2.49 Mbits/sec  0.214 ms  969/4086 (24%)  
[  5] 353.00-354.00 sec   357 KBytes  2.93 Mbits/sec  0.221 ms  1104/4763 (23%)  
[  5] 354.00-355.00 sec   301 KBytes  2.47 Mbits/sec  0.220 ms  1254/4337 (29%)  
[  5] 355.00-356.00 sec   312 KBytes  2.55 Mbits/sec  0.219 ms  1235/4427 (28%)  
[  5] 356.00-357.00 sec   288 KBytes  2.36 Mbits/sec  7.527 ms  1397/4348 (32%)  
[  5] 357.00-358.00 sec   359 KBytes  2.94 Mbits/sec  0.205 ms  1198/4876 (25%)  
[  5] 358.00-359.00 sec   284 KBytes  2.32 Mbits/sec  0.290 ms  1221/4128 (30%)  
[  5] 359.00-360.00 sec   332 KBytes  2.72 Mbits/sec  0.278 ms  1221/4619 (26%)  
[  5] 360.00-361.00 sec   339 KBytes  2.77 Mbits/sec  0.219 ms  1221/4689 (26%)  
[  5] 361.00-362.00 sec   306 KBytes  2.50 Mbits/sec  0.209 ms  870/3999 (22%)  
[  5] 362.00-363.00 sec   314 KBytes  2.57 Mbits/sec  0.213 ms  1510/4722 (32%)  
[  5] 363.00-364.00 sec   301 KBytes  2.47 Mbits/sec  0.207 ms  1043/4128 (25%)  
[  5] 364.00-365.00 sec   309 KBytes  2.53 Mbits/sec  0.218 ms  1124/4288 (26%)  
[  5] 365.00-366.00 sec   348 KBytes  2.85 Mbits/sec  0.233 ms  1082/4648 (23%)  
[  5] 366.00-367.00 sec   265 KBytes  2.17 Mbits/sec  0.214 ms  1393/4103 (34%)  
[  5] 367.00-368.00 sec   352 KBytes  2.89 Mbits/sec  0.218 ms  1128/4736 (24%)  
[  5] 368.00-369.00 sec   294 KBytes  2.41 Mbits/sec  0.218 ms  1044/4053 (26%)  
[  5] 369.00-370.00 sec   349 KBytes  2.86 Mbits/sec  0.298 ms  1059/4631 (23%)  
[  5] 370.00-371.00 sec   347 KBytes  2.84 Mbits/sec  0.217 ms  1446/5001 (29%)  
[  5] 371.00-372.00 sec   304 KBytes  2.49 Mbits/sec  0.245 ms  1170/4284 (27%)  
[  5] 372.00-373.00 sec   357 KBytes  2.92 Mbits/sec  0.213 ms  1608/5262 (31%)  
[  5] 373.00-374.00 sec   297 KBytes  2.44 Mbits/sec  0.287 ms  1636/4680 (35%)  
[  5] 374.00-375.00 sec   348 KBytes  2.85 Mbits/sec  0.210 ms  1668/5227 (32%)  
[  5] 375.00-376.00 sec   296 KBytes  2.42 Mbits/sec  0.207 ms  1320/4346 (30%)  
[  5] 376.00-377.00 sec   340 KBytes  2.78 Mbits/sec  0.224 ms  1093/4570 (24%)  
[  5] 377.00-378.00 sec   338 KBytes  2.77 Mbits/sec  0.210 ms  1616/5076 (32%)  
[  5] 378.00-379.00 sec   313 KBytes  2.57 Mbits/sec  0.215 ms  1300/4505 (29%)  
[  5] 379.00-380.00 sec   278 KBytes  2.28 Mbits/sec  0.258 ms  1072/3923 (27%)  
[  5] 380.00-381.00 sec   305 KBytes  2.50 Mbits/sec  0.273 ms  1495/4615 (32%)  
[  5] 381.00-382.00 sec   335 KBytes  2.75 Mbits/sec  0.219 ms  1265/4697 (27%)  
[  5] 382.00-383.00 sec   276 KBytes  2.26 Mbits/sec  0.213 ms  1215/4043 (30%)  
[  5] 383.00-384.00 sec   332 KBytes  2.72 Mbits/sec  0.217 ms  1385/4782 (29%)  
[  5] 384.00-385.00 sec   332 KBytes  2.72 Mbits/sec  0.208 ms  1354/4754 (28%)  
[  5] 385.00-386.00 sec   307 KBytes  2.51 Mbits/sec  0.251 ms  1208/4350 (28%)  
[  5] 386.00-387.00 sec   305 KBytes  2.50 Mbits/sec  0.323 ms  1666/4790 (35%)  
[  5] 387.00-388.00 sec   323 KBytes  2.65 Mbits/sec  0.323 ms  1339/4649 (29%)  
[  5] 388.00-389.00 sec   277 KBytes  2.27 Mbits/sec  0.257 ms  1614/4451 (36%)  
[  5] 389.00-390.00 sec   304 KBytes  2.49 Mbits/sec  0.207 ms  1156/4273 (27%)  
[  5] 390.00-391.00 sec   305 KBytes  2.50 Mbits/sec  0.211 ms  993/4120 (24%)  
[  5] 391.00-392.00 sec   313 KBytes  2.57 Mbits/sec  0.219 ms  1036/4245 (24%)  
[  5] 392.00-393.00 sec   344 KBytes  2.82 Mbits/sec  0.214 ms  1090/4615 (24%)  
[  5] 393.00-394.00 sec   304 KBytes  2.49 Mbits/sec  0.214 ms  1003/4116 (24%)  
[  5] 394.00-395.00 sec   296 KBytes  2.42 Mbits/sec  0.214 ms  1144/4173 (27%)  
[  5] 395.00-396.00 sec   307 KBytes  2.52 Mbits/sec  0.209 ms  1047/4186 (25%)  
[  5] 396.00-397.00 sec   292 KBytes  2.39 Mbits/sec  0.210 ms  1295/4283 (30%)  
[  5] 397.00-398.00 sec   262 KBytes  2.14 Mbits/sec  0.209 ms  870/3551 (25%)  
[  5] 398.00-399.00 sec   344 KBytes  2.82 Mbits/sec  0.293 ms  1159/4685 (25%)  
[  5] 399.00-400.00 sec   291 KBytes  2.39 Mbits/sec  0.217 ms  1234/4216 (29%)  
[  5] 400.00-401.00 sec   299 KBytes  2.45 Mbits/sec  0.215 ms  1047/4104 (26%)  
[  5] 401.00-402.00 sec   305 KBytes  2.50 Mbits/sec  0.310 ms  1367/4492 (30%)  
[  5] 402.00-403.00 sec   336 KBytes  2.75 Mbits/sec  0.299 ms  1370/4813 (28%)  
[  5] 403.00-404.00 sec   283 KBytes  2.32 Mbits/sec  0.261 ms  1100/4001 (27%)  
[  5] 404.00-405.00 sec   343 KBytes  2.81 Mbits/sec  0.361 ms  1582/5098 (31%)  
[  5] 405.00-406.00 sec   314 KBytes  2.57 Mbits/sec  0.232 ms  1133/4346 (26%)  
[  5] 406.00-407.00 sec   346 KBytes  2.84 Mbits/sec  0.228 ms  1176/4722 (25%)  
[  5] 407.00-408.00 sec   282 KBytes  2.31 Mbits/sec  0.211 ms  1194/4079 (29%)  
