Connecting to host 172.22.0.50, port 5202
Reverse mode, remote host 172.22.0.50 is sending
[  5] local 192.168.102.2 port 47854 connected to 172.22.0.50 port 5202
[ ID] Interval           Transfer     Bitrate         Jitter    Lost/Total Datagrams
[  5]   0.00-1.00   sec   439 KBytes  3.60 Mbits/sec  0.308 ms  0/4498 (0%)  
[  5]   1.00-2.00   sec   440 KBytes  3.60 Mbits/sec  0.283 ms  0/4506 (0%)  
[  5]   2.00-3.00   sec   435 KBytes  3.57 Mbits/sec  0.331 ms  0/4459 (0%)  
[  5]   3.00-4.00   sec   443 KBytes  3.63 Mbits/sec  0.237 ms  0/4535 (0%)  
[  5]   4.00-5.00   sec   439 KBytes  3.60 Mbits/sec  0.193 ms  0/4495 (0%)  
[  5]   5.00-6.00   sec   438 KBytes  3.59 Mbits/sec  0.378 ms  0/4488 (0%)  
[  5]   6.00-7.00   sec   441 KBytes  3.62 Mbits/sec  0.266 ms  0/4525 (0%)  
[  5]   7.00-8.00   sec   439 KBytes  3.60 Mbits/sec  0.286 ms  0/4494 (0%)  
[  5]   8.00-9.00   sec   439 KBytes  3.60 Mbits/sec  0.334 ms  0/4496 (0%)  
[  5]   9.00-10.00  sec   440 KBytes  3.60 Mbits/sec  0.281 ms  0/4503 (0%)  
[  5]  10.00-11.00  sec   439 KBytes  3.60 Mbits/sec  0.228 ms  0/4498 (0%)  
[  5]  11.00-12.00  sec   439 KBytes  3.59 Mbits/sec  0.266 ms  0/4492 (0%)  
[  5]  12.00-13.00  sec   407 KBytes  3.34 Mbits/sec  0.413 ms  0/4167 (0%)  
[  5]  13.00-14.00  sec   360 KBytes  2.95 Mbits/sec  0.357 ms  0/3686 (0%)  
[  5]  14.00-15.00  sec   359 KBytes  2.94 Mbits/sec  0.297 ms  0/3675 (0%)  
[  5]  15.00-16.00  sec   360 KBytes  2.95 Mbits/sec  0.296 ms  0/3685 (0%)  
[  5]  16.00-17.00  sec   364 KBytes  2.98 Mbits/sec  0.402 ms  0/3723 (0%)  
[  5]  17.00-18.00  sec   365 KBytes  2.99 Mbits/sec  0.389 ms  0/3735 (0%)  
[  5]  18.00-19.00  sec   357 KBytes  2.93 Mbits/sec  0.397 ms  0/3658 (0%)  
[  5]  19.00-20.00  sec   363 KBytes  2.97 Mbits/sec  0.386 ms  0/3717 (0%)  
[  5]  20.00-21.00  sec   358 KBytes  2.93 Mbits/sec  0.374 ms  0/3664 (0%)  
[  5]  21.00-22.00  sec   358 KBytes  2.94 Mbits/sec  0.329 ms  0/3671 (0%)  
[  5]  22.00-23.00  sec   392 KBytes  3.21 Mbits/sec  0.307 ms  0/4015 (0%)  
[  5]  23.00-24.00  sec   463 KBytes  3.78 Mbits/sec  0.365 ms  0/4737 (0%)  
[  5]  24.00-25.00  sec   471 KBytes  3.86 Mbits/sec  0.329 ms  0/4823 (0%)  
[  5]  25.00-26.00  sec   478 KBytes  3.91 Mbits/sec  0.316 ms  0/4893 (0%)  
[  5]  26.00-27.00  sec   470 KBytes  3.85 Mbits/sec  0.473 ms  0/4814 (0%)  
[  5]  27.00-28.00  sec   474 KBytes  3.88 Mbits/sec  0.342 ms  0/4851 (0%)  
[  5]  28.00-29.00  sec   467 KBytes  3.83 Mbits/sec  0.334 ms  0/4785 (0%)  
[  5]  29.00-30.00  sec   469 KBytes  3.84 Mbits/sec  0.338 ms  0/4801 (0%)  
[  5]  30.00-31.00  sec   450 KBytes  3.69 Mbits/sec  0.311 ms  0/4607 (0%)  
[  5]  31.00-32.00  sec   448 KBytes  3.67 Mbits/sec  0.412 ms  0/4583 (0%)  
[  5]  32.00-33.00  sec   444 KBytes  3.63 Mbits/sec  0.335 ms  0/4545 (0%)  
[  5]  33.00-34.00  sec   416 KBytes  3.40 Mbits/sec  0.364 ms  0/4255 (0%)  
[  5]  34.00-35.00  sec   414 KBytes  3.39 Mbits/sec  0.290 ms  0/4237 (0%)  
[  5]  35.00-36.00  sec   422 KBytes  3.46 Mbits/sec  0.347 ms  0/4322 (0%)  
[  5]  36.00-37.00  sec   416 KBytes  3.41 Mbits/sec  0.319 ms  0/4264 (0%)  
[  5]  37.00-38.00  sec   412 KBytes  3.38 Mbits/sec  0.422 ms  0/4221 (0%)  
[  5]  38.00-39.00  sec   408 KBytes  3.34 Mbits/sec  0.342 ms  0/4175 (0%)  
[  5]  39.00-40.00  sec   417 KBytes  3.42 Mbits/sec  0.364 ms  0/4270 (0%)  
[  5]  40.00-41.00  sec   418 KBytes  3.42 Mbits/sec  0.391 ms  0/4276 (0%)  
[  5]  41.00-42.00  sec   419 KBytes  3.43 Mbits/sec  0.352 ms  0/4290 (0%)  
[  5]  42.00-43.00  sec   395 KBytes  3.24 Mbits/sec  0.327 ms  0/4044 (0%)  
[  5]  43.00-44.00  sec   357 KBytes  2.92 Mbits/sec  0.405 ms  0/3654 (0%)  
[  5]  44.00-45.00  sec   356 KBytes  2.92 Mbits/sec  0.422 ms  0/3649 (0%)  
[  5]  45.00-46.00  sec   357 KBytes  2.92 Mbits/sec  0.352 ms  0/3653 (0%)  
[  5]  46.00-47.00  sec   350 KBytes  2.86 Mbits/sec  0.422 ms  0/3580 (0%)  
[  5]  47.00-48.00  sec   349 KBytes  2.86 Mbits/sec  0.414 ms  0/3575 (0%)  
[  5]  48.00-49.00  sec   351 KBytes  2.88 Mbits/sec  0.384 ms  0/3599 (0%)  
[  5]  49.00-50.00  sec   353 KBytes  2.89 Mbits/sec  0.386 ms  0/3616 (0%)  
[  5]  50.00-51.00  sec   356 KBytes  2.92 Mbits/sec  0.396 ms  0/3649 (0%)  
[  5]  51.00-52.00  sec   359 KBytes  2.94 Mbits/sec  0.347 ms  0/3676 (0%)  
[  5]  52.00-53.00  sec   379 KBytes  3.10 Mbits/sec  0.310 ms  0/3880 (0%)  
[  5]  53.00-54.00  sec   425 KBytes  3.48 Mbits/sec  0.341 ms  0/4356 (0%)  
[  5]  54.00-55.00  sec   419 KBytes  3.43 Mbits/sec  0.298 ms  0/4287 (0%)  
[  5]  55.00-56.00  sec   420 KBytes  3.44 Mbits/sec  0.359 ms  0/4302 (0%)  
[  5]  56.00-57.00  sec   413 KBytes  3.39 Mbits/sec  0.364 ms  0/4232 (0%)  
[  5]  57.00-58.00  sec   400 KBytes  3.28 Mbits/sec  0.380 ms  0/4095 (0%)  
[  5]  58.00-59.00  sec   357 KBytes  2.92 Mbits/sec  0.396 ms  0/3657 (0%)  
[  5]  59.00-60.00  sec   359 KBytes  2.94 Mbits/sec  0.386 ms  0/3672 (0%)  
[  5]  60.00-61.00  sec   352 KBytes  2.89 Mbits/sec  0.363 ms  0/3608 (0%)  
[  5]  61.00-62.00  sec   360 KBytes  2.95 Mbits/sec  0.377 ms  0/3690 (0%)  
[  5]  62.00-63.00  sec   390 KBytes  3.20 Mbits/sec  0.317 ms  0/3998 (0%)  
[  5]  63.00-64.00  sec   459 KBytes  3.76 Mbits/sec  0.336 ms  0/4705 (0%)  
[  5]  64.00-65.00  sec   465 KBytes  3.82 Mbits/sec  0.294 ms  0/4764 (0%)  
[  5]  65.00-66.00  sec   474 KBytes  3.88 Mbits/sec  0.420 ms  0/4857 (0%)  
[  5]  66.00-67.00  sec   476 KBytes  3.90 Mbits/sec  0.321 ms  0/4874 (0%)  
[  5]  67.00-68.00  sec   476 KBytes  3.90 Mbits/sec  0.402 ms  0/4870 (0%)  
[  5]  68.00-69.00  sec   472 KBytes  3.87 Mbits/sec  0.358 ms  0/4837 (0%)  
[  5]  69.00-70.00  sec   473 KBytes  3.87 Mbits/sec  0.304 ms  0/4839 (0%)  
[  5]  70.00-71.00  sec   467 KBytes  3.82 Mbits/sec  0.373 ms  0/4777 (0%)  
[  5]  71.00-72.00  sec   457 KBytes  3.74 Mbits/sec  0.318 ms  0/4681 (0%)  
[  5]  72.00-73.00  sec   458 KBytes  3.75 Mbits/sec  0.317 ms  0/4687 (0%)  
[  5]  73.00-74.00  sec   471 KBytes  3.86 Mbits/sec  0.302 ms  0/4825 (0%)  
[  5]  74.00-75.00  sec   473 KBytes  3.88 Mbits/sec  0.474 ms  0/4845 (0%)  
[  5]  75.00-76.00  sec   471 KBytes  3.86 Mbits/sec  0.319 ms  0/4820 (0%)  
[  5]  76.00-77.00  sec   476 KBytes  3.90 Mbits/sec  0.288 ms  0/4870 (0%)  
[  5]  77.00-78.00  sec   462 KBytes  3.78 Mbits/sec  0.270 ms  0/4727 (0%)  
[  5]  78.00-79.00  sec   425 KBytes  3.49 Mbits/sec  0.334 ms  0/4357 (0%)  
[  5]  79.00-80.00  sec   422 KBytes  3.46 Mbits/sec  0.303 ms  0/4324 (0%)  
[  5]  80.00-81.00  sec   426 KBytes  3.49 Mbits/sec  0.296 ms  0/4366 (0%)  
[  5]  81.00-82.00  sec   434 KBytes  3.55 Mbits/sec  0.295 ms  0/4443 (0%)  
[  5]  82.00-83.00  sec   415 KBytes  3.40 Mbits/sec  0.304 ms  0/4248 (0%)  
[  5]  83.00-84.00  sec   366 KBytes  3.00 Mbits/sec  0.384 ms  0/3749 (0%)  
[  5]  84.00-85.00  sec   366 KBytes  3.00 Mbits/sec  0.314 ms  0/3750 (0%)  
[  5]  85.00-86.00  sec   359 KBytes  2.94 Mbits/sec  0.204 ms  0/3675 (0%)  
[  5]  86.00-87.00  sec   366 KBytes  3.00 Mbits/sec  0.329 ms  0/3750 (0%)  
[  5]  87.00-88.00  sec   349 KBytes  2.85 Mbits/sec  0.338 ms  0/3571 (0%)  
[  5]  88.00-89.00  sec   349 KBytes  2.86 Mbits/sec  0.303 ms  0/3570 (0%)  
[  5]  89.00-90.00  sec   346 KBytes  2.84 Mbits/sec  0.323 ms  0/3544 (0%)  
[  5]  90.00-91.00  sec   350 KBytes  2.87 Mbits/sec  0.381 ms  0/3585 (0%)  
[  5]  91.00-92.00  sec   351 KBytes  2.88 Mbits/sec  0.369 ms  0/3594 (0%)  
[  5]  92.00-93.00  sec   376 KBytes  3.08 Mbits/sec  0.335 ms  0/3849 (0%)  
[  5]  93.00-94.00  sec   425 KBytes  3.48 Mbits/sec  0.390 ms  0/4356 (0%)  
[  5]  94.00-95.00  sec   431 KBytes  3.54 Mbits/sec  0.287 ms  0/4418 (0%)  
[  5]  95.00-96.00  sec   415 KBytes  3.40 Mbits/sec  0.309 ms  0/4252 (0%)  
[  5]  96.00-97.00  sec   414 KBytes  3.39 Mbits/sec  0.293 ms  0/4235 (0%)  
[  5]  97.00-98.00  sec   425 KBytes  3.48 Mbits/sec  0.305 ms  0/4356 (0%)  
[  5]  98.00-99.00  sec   468 KBytes  3.83 Mbits/sec  0.345 ms  0/4788 (0%)  
[  5]  99.00-100.00 sec   473 KBytes  3.87 Mbits/sec  0.317 ms  0/4840 (0%)  
[  5] 100.00-101.00 sec   470 KBytes  3.85 Mbits/sec  0.321 ms  0/4808 (0%)  
[  5] 101.00-102.00 sec   470 KBytes  3.85 Mbits/sec  0.317 ms  0/4815 (0%)  
[  5] 102.00-103.00 sec   423 KBytes  3.47 Mbits/sec  0.419 ms  0/4334 (0%)  
[  5] 103.00-104.00 sec   350 KBytes  2.87 Mbits/sec  0.286 ms  0/3588 (0%)  
[  5] 104.00-105.00 sec   351 KBytes  2.88 Mbits/sec  0.348 ms  0/3593 (0%)  
[  5] 105.00-106.00 sec   354 KBytes  2.90 Mbits/sec  0.342 ms  0/3623 (0%)  
[  5] 106.00-107.00 sec   357 KBytes  2.92 Mbits/sec  0.399 ms  0/3652 (0%)  
[  5] 107.00-108.00 sec   375 KBytes  3.08 Mbits/sec  0.299 ms  0/3845 (0%)  
[  5] 108.00-109.00 sec   425 KBytes  3.48 Mbits/sec  0.325 ms  0/4351 (0%)  
[  5] 109.00-110.00 sec   429 KBytes  3.52 Mbits/sec  0.367 ms  0/4396 (0%)  
[  5] 110.00-111.00 sec   430 KBytes  3.52 Mbits/sec  0.322 ms  0/4399 (0%)  
[  5] 111.00-112.00 sec   423 KBytes  3.46 Mbits/sec  0.326 ms  0/4329 (0%)  
[  5] 112.00-113.00 sec   420 KBytes  3.44 Mbits/sec  0.277 ms  0/4302 (0%)  
[  5] 113.00-114.00 sec   427 KBytes  3.49 Mbits/sec  0.303 ms  0/4368 (0%)  
[  5] 114.00-115.00 sec   431 KBytes  3.53 Mbits/sec  0.361 ms  0/4416 (0%)  
[  5] 115.00-116.00 sec   425 KBytes  3.48 Mbits/sec  0.352 ms  0/4351 (0%)  
[  5] 116.00-117.00 sec   421 KBytes  3.45 Mbits/sec  0.328 ms  0/4307 (0%)  
[  5] 117.00-118.00 sec   396 KBytes  3.24 Mbits/sec  0.381 ms  0/4056 (0%)  
[  5] 118.00-119.00 sec   355 KBytes  2.91 Mbits/sec  0.424 ms  0/3631 (0%)  
[  5] 119.00-120.00 sec   354 KBytes  2.90 Mbits/sec  0.441 ms  0/3625 (0%)  
[  5] 120.00-121.00 sec   345 KBytes  2.83 Mbits/sec  0.312 ms  0/3535 (0%)  
[  5] 121.00-122.00 sec   346 KBytes  2.83 Mbits/sec  0.366 ms  0/3538 (0%)  
[  5] 122.00-123.00 sec   353 KBytes  2.89 Mbits/sec  0.285 ms  0/3612 (0%)  
[  5] 123.00-124.00 sec   353 KBytes  2.89 Mbits/sec  0.349 ms  0/3617 (0%)  
[  5] 124.00-125.00 sec   352 KBytes  2.88 Mbits/sec  0.310 ms  0/3603 (0%)  
[  5] 125.00-126.00 sec   352 KBytes  2.89 Mbits/sec  0.311 ms  0/3607 (0%)  
[  5] 126.00-127.00 sec   346 KBytes  2.84 Mbits/sec  0.500 ms  0/3546 (0%)  
[  5] 127.00-128.00 sec   346 KBytes  2.84 Mbits/sec  0.465 ms  0/3546 (0%)  
[  5] 128.00-129.00 sec   341 KBytes  2.79 Mbits/sec  0.423 ms  0/3493 (0%)  
[  5] 129.00-130.00 sec   339 KBytes  2.78 Mbits/sec  0.416 ms  0/3475 (0%)  
[  5] 130.00-131.00 sec   343 KBytes  2.81 Mbits/sec  0.378 ms  0/3516 (0%)  
[  5] 131.00-132.00 sec   356 KBytes  2.92 Mbits/sec  0.337 ms  0/3648 (0%)  
[  5] 132.00-133.00 sec   355 KBytes  2.90 Mbits/sec  0.357 ms  0/3631 (0%)  
[  5] 133.00-134.00 sec   359 KBytes  2.94 Mbits/sec  0.340 ms  0/3675 (0%)  
[  5] 134.00-135.00 sec   355 KBytes  2.91 Mbits/sec  0.333 ms  0/3635 (0%)  
[  5] 135.00-136.00 sec   358 KBytes  2.93 Mbits/sec  0.412 ms  0/3664 (0%)  
[  5] 136.00-137.00 sec   348 KBytes  2.85 Mbits/sec  0.456 ms  0/3565 (0%)  
[  5] 137.00-138.00 sec   386 KBytes  3.16 Mbits/sec  0.307 ms  0/3955 (0%)  
[  5] 138.00-139.00 sec   465 KBytes  3.81 Mbits/sec  0.273 ms  0/4759 (0%)  
[  5] 139.00-140.00 sec   475 KBytes  3.89 Mbits/sec  0.296 ms  0/4863 (0%)  
[  5] 140.00-141.00 sec   474 KBytes  3.88 Mbits/sec  0.301 ms  0/4856 (0%)  
[  5] 141.00-142.00 sec   471 KBytes  3.86 Mbits/sec  0.395 ms  0/4820 (0%)  
[  5] 142.00-143.00 sec   471 KBytes  3.86 Mbits/sec  0.406 ms  0/4820 (0%)  
[  5] 143.00-144.00 sec   475 KBytes  3.89 Mbits/sec  0.268 ms  0/4859 (0%)  
[  5] 144.00-145.00 sec   451 KBytes  3.69 Mbits/sec  0.390 ms  0/4621 (0%)  
[  5] 145.00-146.00 sec   453 KBytes  3.71 Mbits/sec  0.334 ms  0/4635 (0%)  
[  5] 146.00-147.00 sec   463 KBytes  3.79 Mbits/sec  0.287 ms  0/4741 (0%)  
[  5] 147.00-148.00 sec   459 KBytes  3.76 Mbits/sec  0.359 ms  0/4698 (0%)  
[  5] 148.00-149.00 sec   465 KBytes  3.81 Mbits/sec  0.315 ms  0/4759 (0%)  
[  5] 149.00-150.00 sec   471 KBytes  3.86 Mbits/sec  0.360 ms  0/4828 (0%)  
[  5] 150.00-151.00 sec   468 KBytes  3.83 Mbits/sec  0.334 ms  0/4789 (0%)  
[  5] 151.00-152.00 sec   474 KBytes  3.89 Mbits/sec  0.292 ms  0/4857 (0%)  
[  5] 152.00-153.00 sec   469 KBytes  3.84 Mbits/sec  0.314 ms  0/4802 (0%)  
[  5] 153.00-154.00 sec   466 KBytes  3.82 Mbits/sec  0.277 ms  0/4769 (0%)  
[  5] 154.00-155.00 sec   469 KBytes  3.84 Mbits/sec  0.312 ms  0/4803 (0%)  
[  5] 155.00-156.00 sec   467 KBytes  3.83 Mbits/sec  0.339 ms  0/4783 (0%)  
[  5] 156.00-157.00 sec   476 KBytes  3.90 Mbits/sec  0.299 ms  0/4876 (0%)  
[  5] 157.00-158.00 sec   460 KBytes  3.77 Mbits/sec  0.305 ms  0/4713 (0%)  
[  5] 158.00-159.00 sec   425 KBytes  3.49 Mbits/sec  0.325 ms  0/4357 (0%)  
[  5] 159.00-160.00 sec   421 KBytes  3.44 Mbits/sec  0.481 ms  0/4308 (0%)  
[  5] 160.00-161.00 sec   415 KBytes  3.40 Mbits/sec  0.303 ms  0/4248 (0%)  
[  5] 161.00-162.00 sec   419 KBytes  3.43 Mbits/sec  0.309 ms  0/4290 (0%)  
[  5] 162.00-163.00 sec   389 KBytes  3.19 Mbits/sec  0.299 ms  0/3983 (0%)  
[  5] 163.00-164.00 sec   352 KBytes  2.88 Mbits/sec  0.561 ms  0/3607 (0%)  
[  5] 164.00-165.00 sec   354 KBytes  2.91 Mbits/sec  0.465 ms  0/3630 (0%)  
[  5] 165.00-166.00 sec   359 KBytes  2.94 Mbits/sec  0.348 ms  0/3681 (0%)  
[  5] 166.00-167.00 sec   360 KBytes  2.95 Mbits/sec  0.365 ms  0/3683 (0%)  
[  5] 167.00-168.00 sec   358 KBytes  2.94 Mbits/sec  0.376 ms  0/3672 (0%)  
[  5] 168.00-169.00 sec   353 KBytes  2.89 Mbits/sec  0.357 ms  0/3612 (0%)  
[  5] 169.00-170.00 sec   349 KBytes  2.86 Mbits/sec  0.321 ms  0/3575 (0%)  
[  5] 170.00-171.00 sec   349 KBytes  2.86 Mbits/sec  0.396 ms  0/3577 (0%)  
[  5] 171.00-172.00 sec   356 KBytes  2.92 Mbits/sec  0.403 ms  0/3648 (0%)  
[  5] 172.00-173.00 sec   380 KBytes  3.11 Mbits/sec  0.355 ms  0/3888 (0%)  
[  5] 173.00-174.00 sec   415 KBytes  3.40 Mbits/sec  0.381 ms  0/4251 (0%)  
[  5] 174.00-175.00 sec   416 KBytes  3.41 Mbits/sec  0.317 ms  0/4264 (0%)  
[  5] 175.00-176.00 sec   420 KBytes  3.44 Mbits/sec  0.301 ms  0/4302 (0%)  
[  5] 176.00-177.00 sec   408 KBytes  3.35 Mbits/sec  0.347 ms  0/4182 (0%)  
[  5] 177.00-178.00 sec   389 KBytes  3.19 Mbits/sec  0.410 ms  0/3987 (0%)  
[  5] 178.00-179.00 sec   352 KBytes  2.88 Mbits/sec  0.344 ms  0/3602 (0%)  
[  5] 179.00-180.00 sec   359 KBytes  2.94 Mbits/sec  0.467 ms  0/3676 (0%)  
[  5] 180.00-181.00 sec   362 KBytes  2.97 Mbits/sec  0.335 ms  0/3704 (0%)  
[  5] 181.00-182.00 sec   360 KBytes  2.95 Mbits/sec  0.339 ms  0/3691 (0%)  
[  5] 182.00-183.00 sec   360 KBytes  2.95 Mbits/sec  0.344 ms  0/3683 (0%)  
[  5] 183.00-184.00 sec   347 KBytes  2.85 Mbits/sec  0.313 ms  0/3558 (0%)  
[  5] 184.00-185.00 sec   345 KBytes  2.83 Mbits/sec  0.342 ms  0/3534 (0%)  
[  5] 185.00-186.00 sec   345 KBytes  2.82 Mbits/sec  0.341 ms  0/3530 (0%)  
[  5] 186.00-187.00 sec   345 KBytes  2.83 Mbits/sec  0.372 ms  0/3534 (0%)  
[  5] 187.00-188.00 sec   349 KBytes  2.86 Mbits/sec  0.369 ms  0/3576 (0%)  
[  5] 188.00-189.00 sec   350 KBytes  2.87 Mbits/sec  0.350 ms  0/3584 (0%)  
[  5] 189.00-190.00 sec   351 KBytes  2.88 Mbits/sec  0.365 ms  0/3598 (0%)  
[  5] 190.00-191.00 sec   345 KBytes  2.83 Mbits/sec  0.344 ms  0/3535 (0%)  
[  5] 191.00-192.00 sec   347 KBytes  2.85 Mbits/sec  0.393 ms  0/3558 (0%)  
[  5] 192.00-193.00 sec   344 KBytes  2.82 Mbits/sec  0.339 ms  0/3523 (0%)  
[  5] 193.00-194.00 sec   336 KBytes  2.75 Mbits/sec  0.474 ms  0/3439 (0%)  
[  5] 194.00-195.00 sec   343 KBytes  2.81 Mbits/sec  0.545 ms  0/3517 (0%)  
[  5] 195.00-196.00 sec   352 KBytes  2.88 Mbits/sec  0.363 ms  0/3606 (0%)  
[  5] 196.00-197.00 sec   361 KBytes  2.96 Mbits/sec  0.353 ms  0/3700 (0%)  
[  5] 197.00-198.00 sec   358 KBytes  2.94 Mbits/sec  0.539 ms  0/3671 (0%)  
[  5] 198.00-199.00 sec   362 KBytes  2.97 Mbits/sec  0.328 ms  0/3712 (0%)  
[  5] 199.00-200.00 sec   366 KBytes  3.00 Mbits/sec  0.331 ms  0/3750 (0%)  
[  5] 200.00-201.00 sec   365 KBytes  2.99 Mbits/sec  0.305 ms  0/3735 (0%)  
[  5] 201.00-202.00 sec   356 KBytes  2.92 Mbits/sec  0.316 ms  0/3650 (0%)  
[  5] 202.00-203.00 sec   371 KBytes  3.04 Mbits/sec  0.340 ms  0/3796 (0%)  
[  5] 203.00-204.00 sec   417 KBytes  3.42 Mbits/sec  0.331 ms  0/4274 (0%)  
[  5] 204.00-205.00 sec   420 KBytes  3.44 Mbits/sec  0.375 ms  0/4302 (0%)  
[  5] 205.00-206.00 sec   425 KBytes  3.48 Mbits/sec  0.311 ms  0/4349 (0%)  
[  5] 206.00-207.00 sec   419 KBytes  3.43 Mbits/sec  0.303 ms  0/4292 (0%)  
[  5] 207.00-208.00 sec   418 KBytes  3.42 Mbits/sec  0.310 ms  0/4280 (0%)  
[  5] 208.00-209.00 sec   422 KBytes  3.46 Mbits/sec  0.317 ms  0/4324 (0%)  
[  5] 209.00-210.00 sec   419 KBytes  3.43 Mbits/sec  0.363 ms  0/4291 (0%)  
[  5] 210.00-211.00 sec   411 KBytes  3.37 Mbits/sec  0.298 ms  0/4210 (0%)  
[  5] 211.00-212.00 sec   413 KBytes  3.38 Mbits/sec  0.327 ms  0/4226 (0%)  
[  5] 212.00-213.00 sec   403 KBytes  3.30 Mbits/sec  0.356 ms  0/4129 (0%)  
[  5] 213.00-214.00 sec   359 KBytes  2.94 Mbits/sec  0.379 ms  0/3677 (0%)  
[  5] 214.00-215.00 sec   356 KBytes  2.92 Mbits/sec  0.315 ms  0/3648 (0%)  
[  5] 215.00-216.00 sec   362 KBytes  2.97 Mbits/sec  0.338 ms  0/3708 (0%)  
[  5] 216.00-217.00 sec   361 KBytes  2.96 Mbits/sec  0.397 ms  0/3697 (0%)  
[  5] 217.00-218.00 sec   358 KBytes  2.94 Mbits/sec  0.354 ms  0/3669 (0%)  
[  5] 218.00-219.00 sec   353 KBytes  2.89 Mbits/sec  0.350 ms  0/3617 (0%)  
[  5] 219.00-220.00 sec   345 KBytes  2.82 Mbits/sec  0.404 ms  0/3535 (0%)  
[  5] 220.00-221.00 sec   269 KBytes  2.20 Mbits/sec  0.226 ms  687/3437 (20%)  
[  5] 221.00-222.00 sec   365 KBytes  2.99 Mbits/sec  0.224 ms  981/4719 (21%)  
[  5] 222.00-223.00 sec   391 KBytes  3.20 Mbits/sec  0.396 ms  447/4449 (10%)  
[  5] 223.00-224.00 sec   341 KBytes  2.80 Mbits/sec  0.210 ms  202/3697 (5.5%)  
[  5] 224.00-225.00 sec   393 KBytes  3.22 Mbits/sec  0.233 ms  545/4568 (12%)  
[  5] 225.00-226.00 sec   436 KBytes  3.57 Mbits/sec  0.314 ms  237/4697 (5%)  
[  5] 226.00-227.00 sec   373 KBytes  3.06 Mbits/sec  0.212 ms  365/4188 (8.7%)  
[  5] 227.00-228.00 sec   459 KBytes  3.76 Mbits/sec  0.216 ms  263/4965 (5.3%)  
[  5] 228.00-229.00 sec   363 KBytes  2.97 Mbits/sec  0.354 ms  329/4042 (8.1%)  
[  5] 229.00-230.00 sec   396 KBytes  3.24 Mbits/sec  0.196 ms  320/4372 (7.3%)  
[  5] 230.00-231.00 sec   456 KBytes  3.73 Mbits/sec  0.221 ms  683/5351 (13%)  
[  5] 231.00-232.00 sec   407 KBytes  3.33 Mbits/sec  0.234 ms  344/4511 (7.6%)  
[  5] 232.00-233.00 sec   329 KBytes  2.70 Mbits/sec  0.213 ms  919/4290 (21%)  
[  5] 233.00-234.00 sec   421 KBytes  3.44 Mbits/sec  0.259 ms  1189/5498 (22%)  
[  5] 234.00-235.00 sec   356 KBytes  2.92 Mbits/sec  0.240 ms  1084/4727 (23%)  
[  5] 235.00-236.00 sec   405 KBytes  3.32 Mbits/sec  0.211 ms  1252/5395 (23%)  
[  5] 236.00-237.00 sec   360 KBytes  2.95 Mbits/sec  0.210 ms  1226/4908 (25%)  
[  5] 237.00-238.00 sec   426 KBytes  3.49 Mbits/sec  0.208 ms  1089/5447 (20%)  
[  5] 238.00-239.00 sec   341 KBytes  2.79 Mbits/sec  0.216 ms  1201/4690 (26%)  
[  5] 239.00-240.00 sec   299 KBytes  2.45 Mbits/sec  0.277 ms  1096/4156 (26%)  
[  5] 240.00-241.00 sec   340 KBytes  2.78 Mbits/sec  0.220 ms  1168/4649 (25%)  
[  5] 241.00-242.00 sec   321 KBytes  2.63 Mbits/sec  0.246 ms  428/3716 (12%)  
[  5] 242.00-243.00 sec   393 KBytes  3.22 Mbits/sec  0.227 ms  251/4274 (5.9%)  
[  5] 243.00-244.00 sec   366 KBytes  3.00 Mbits/sec  0.250 ms  150/3897 (3.8%)  
[  5] 244.00-245.00 sec   429 KBytes  3.52 Mbits/sec  0.215 ms  182/4580 (4%)  
[  5] 245.00-246.00 sec   453 KBytes  3.70 Mbits/sec  0.220 ms  224/4858 (4.6%)  
[  5] 246.00-247.00 sec   360 KBytes  2.95 Mbits/sec  0.219 ms  321/4003 (8%)  
[  5] 247.00-248.00 sec   427 KBytes  3.50 Mbits/sec  0.232 ms  319/4689 (6.8%)  
[  5] 248.00-249.00 sec   474 KBytes  3.88 Mbits/sec  0.197 ms  243/5095 (4.8%)  
[  5] 249.00-250.00 sec   328 KBytes  2.69 Mbits/sec  0.219 ms  410/3770 (11%)  
[  5] 250.00-251.00 sec   393 KBytes  3.21 Mbits/sec  0.215 ms  537/4564 (12%)  
[  5] 251.00-252.00 sec   396 KBytes  3.26 Mbits/sec  0.322 ms  217/4275 (5.1%)  
[  5] 252.00-253.00 sec   363 KBytes  2.98 Mbits/sec  0.210 ms  236/3958 (6%)  
[  5] 253.00-254.00 sec   441 KBytes  3.62 Mbits/sec  0.215 ms  425/4945 (8.6%)  
[  5] 254.00-255.00 sec   408 KBytes  3.34 Mbits/sec  0.260 ms  579/4758 (12%)  
[  5] 255.00-256.00 sec   427 KBytes  3.50 Mbits/sec  0.207 ms  453/4823 (9.4%)  
[  5] 256.00-257.00 sec   350 KBytes  2.86 Mbits/sec  0.208 ms  732/4312 (17%)  
[  5] 257.00-258.00 sec   444 KBytes  3.63 Mbits/sec  0.235 ms  1186/5728 (21%)  
[  5] 258.00-259.00 sec   411 KBytes  3.36 Mbits/sec  0.198 ms  1386/5591 (25%)  
[  5] 259.00-260.00 sec   373 KBytes  3.06 Mbits/sec  0.219 ms  1049/4867 (22%)  
[  5] 260.00-261.00 sec   436 KBytes  3.57 Mbits/sec  0.211 ms  1181/5646 (21%)  
[  5] 261.00-262.00 sec   435 KBytes  3.56 Mbits/sec  0.221 ms  341/4793 (7.1%)  
[  5] 262.00-263.00 sec   388 KBytes  3.18 Mbits/sec  0.216 ms  162/4132 (3.9%)  
[  5] 263.00-264.01 sec   393 KBytes  3.20 Mbits/sec  0.210 ms  591/4616 (13%)  
[  5] 264.01-265.00 sec   426 KBytes  3.50 Mbits/sec  0.228 ms  289/4648 (6.2%)  
[  5] 265.00-266.00 sec   452 KBytes  3.70 Mbits/sec  0.225 ms  313/4942 (6.3%)  
[  5] 266.00-267.00 sec   361 KBytes  2.96 Mbits/sec  0.206 ms  290/3985 (7.3%)  
[  5] 267.00-268.00 sec   409 KBytes  3.35 Mbits/sec  0.205 ms  452/4637 (9.7%)  
[  5] 268.00-269.00 sec   306 KBytes  2.51 Mbits/sec  0.217 ms  363/3495 (10%)  
[  5] 269.00-270.00 sec   366 KBytes  3.00 Mbits/sec  0.200 ms  310/4057 (7.6%)  
[  5] 270.00-271.00 sec   372 KBytes  3.04 Mbits/sec  0.220 ms  420/4226 (9.9%)  
[  5] 271.00-272.00 sec   354 KBytes  2.90 Mbits/sec  0.215 ms  229/3850 (5.9%)  
[  5] 272.00-273.00 sec   380 KBytes  3.11 Mbits/sec  0.203 ms  356/4244 (8.4%)  
[  5] 273.00-274.00 sec   338 KBytes  2.77 Mbits/sec  0.216 ms  168/3631 (4.6%)  
[  5] 274.00-275.00 sec   413 KBytes  3.38 Mbits/sec  0.315 ms  666/4892 (14%)  
[  5] 275.00-276.00 sec   346 KBytes  2.83 Mbits/sec  0.209 ms  518/4056 (13%)  
[  5] 276.00-277.00 sec   434 KBytes  3.55 Mbits/sec  0.190 ms  277/4720 (5.9%)  
[  5] 277.00-278.00 sec   340 KBytes  2.79 Mbits/sec  0.214 ms  709/4192 (17%)  
[  5] 278.00-279.00 sec   424 KBytes  3.47 Mbits/sec  0.215 ms  378/4716 (8%)  
[  5] 279.00-280.00 sec   393 KBytes  3.22 Mbits/sec  0.207 ms  244/4267 (5.7%)  
[  5] 280.00-281.00 sec   420 KBytes  3.44 Mbits/sec  0.200 ms  153/4455 (3.4%)  
[  5] 281.00-282.00 sec   404 KBytes  3.31 Mbits/sec  0.217 ms  199/4339 (4.6%)  
[  5] 282.00-283.00 sec   349 KBytes  2.86 Mbits/sec  0.218 ms  768/4337 (18%)  
[  5] 283.00-284.00 sec   305 KBytes  2.50 Mbits/sec  0.231 ms  439/3561 (12%)  
[  5] 284.00-285.00 sec   356 KBytes  2.91 Mbits/sec  0.522 ms  159/3802 (4.2%)  
[  5] 285.00-286.00 sec   312 KBytes  2.55 Mbits/sec  0.322 ms  196/3387 (5.8%)  
[  5] 286.00-287.00 sec   312 KBytes  2.56 Mbits/sec  0.202 ms  549/3746 (15%)  
[  5] 287.00-288.00 sec   355 KBytes  2.91 Mbits/sec  0.224 ms  686/4319 (16%)  
[  5] 288.00-289.00 sec   358 KBytes  2.93 Mbits/sec  0.220 ms  986/4648 (21%)  
[  5] 289.00-290.00 sec   363 KBytes  2.97 Mbits/sec  0.218 ms  998/4718 (21%)  
[  5] 290.00-291.00 sec   311 KBytes  2.55 Mbits/sec  0.219 ms  777/3964 (20%)  
[  5] 291.00-292.00 sec   364 KBytes  2.98 Mbits/sec  0.214 ms  979/4707 (21%)  
[  5] 292.00-293.00 sec   408 KBytes  3.34 Mbits/sec  0.305 ms  479/4657 (10%)  
[  5] 293.00-294.00 sec   323 KBytes  2.65 Mbits/sec  0.205 ms  179/3490 (5.1%)  
[  5] 294.00-295.00 sec   284 KBytes  2.32 Mbits/sec  0.189 ms  676/3582 (19%)  
[  5] 295.00-296.00 sec   366 KBytes  3.00 Mbits/sec  0.228 ms  264/4015 (6.6%)  
[  5] 296.00-297.00 sec   366 KBytes  3.00 Mbits/sec  0.218 ms  287/4034 (7.1%)  
[  5] 297.00-298.00 sec   360 KBytes  2.95 Mbits/sec  0.220 ms  530/4214 (13%)  
[  5] 298.00-299.00 sec   395 KBytes  3.24 Mbits/sec  0.213 ms  553/4599 (12%)  
[  5] 299.00-300.00 sec   474 KBytes  3.88 Mbits/sec  0.216 ms  558/5412 (10%)  
[  5] 300.00-301.00 sec   420 KBytes  3.44 Mbits/sec  0.213 ms  353/4649 (7.6%)  
[  5] 301.00-302.00 sec   479 KBytes  3.93 Mbits/sec  0.214 ms  533/5440 (9.8%)  
[  5] 302.00-303.00 sec   476 KBytes  3.90 Mbits/sec  0.218 ms  941/5818 (16%)  
[  5] 303.00-304.00 sec   433 KBytes  3.55 Mbits/sec  0.216 ms  1290/5729 (23%)  
[  5] 304.00-305.00 sec   422 KBytes  3.46 Mbits/sec  0.216 ms  1327/5648 (23%)  
[  5] 305.00-306.00 sec   376 KBytes  3.08 Mbits/sec  0.217 ms  1158/5011 (23%)  
[  5] 306.00-307.00 sec   435 KBytes  3.56 Mbits/sec  0.195 ms  1154/5604 (21%)  
[  5] 307.00-308.00 sec   424 KBytes  3.48 Mbits/sec  0.229 ms  1051/5396 (19%)  
[  5] 308.00-309.00 sec   314 KBytes  2.57 Mbits/sec  0.216 ms  883/4098 (22%)  
[  5] 309.00-310.00 sec   356 KBytes  2.92 Mbits/sec  0.215 ms  940/4583 (21%)  
[  5] 310.00-311.00 sec   366 KBytes  3.00 Mbits/sec  0.218 ms  1058/4804 (22%)  
[  5] 311.00-312.00 sec   317 KBytes  2.60 Mbits/sec  0.215 ms  700/3945 (18%)  
[  5] 312.00-313.00 sec   371 KBytes  3.04 Mbits/sec  0.219 ms  800/4600 (17%)  
[  5] 313.00-314.00 sec   317 KBytes  2.60 Mbits/sec  0.218 ms  745/3991 (19%)  
[  5] 314.00-315.00 sec   364 KBytes  2.98 Mbits/sec  0.221 ms  956/4681 (20%)  
[  5] 315.00-316.00 sec   262 KBytes  2.14 Mbits/sec  0.233 ms  983/3663 (27%)  
[  5] 316.00-317.00 sec   393 KBytes  3.22 Mbits/sec  0.399 ms  611/4633 (13%)  
[  5] 317.00-318.00 sec   331 KBytes  2.71 Mbits/sec  0.323 ms  0/3388 (0%)  
[  5] 318.00-319.00 sec   334 KBytes  2.73 Mbits/sec  0.381 ms  0/3416 (0%)  
[  5] 319.00-320.00 sec   320 KBytes  2.62 Mbits/sec  0.380 ms  0/3277 (0%)  
[  5] 320.00-321.00 sec   349 KBytes  2.86 Mbits/sec  0.342 ms  0/3571 (0%)  
[  5] 321.00-322.00 sec   347 KBytes  2.85 Mbits/sec  0.349 ms  0/3558 (0%)  
[  5] 322.00-323.00 sec   352 KBytes  2.88 Mbits/sec  0.393 ms  0/3608 (0%)  
[  5] 323.00-324.00 sec   338 KBytes  2.77 Mbits/sec  0.401 ms  0/3456 (0%)  
[  5] 324.00-325.00 sec   337 KBytes  2.76 Mbits/sec  0.346 ms  0/3446 (0%)  
[  5] 325.00-326.00 sec   337 KBytes  2.76 Mbits/sec  0.352 ms  0/3448 (0%)  
[  5] 326.00-327.00 sec   337 KBytes  2.76 Mbits/sec  0.301 ms  0/3447 (0%)  
[  5] 327.00-328.00 sec   336 KBytes  2.75 Mbits/sec  0.563 ms  0/3442 (0%)  
[  5] 328.00-329.00 sec   339 KBytes  2.78 Mbits/sec  0.365 ms  0/3475 (0%)  
[  5] 329.00-330.00 sec   335 KBytes  2.74 Mbits/sec  0.453 ms  0/3429 (0%)  
[  5] 330.00-331.00 sec   295 KBytes  2.42 Mbits/sec  0.210 ms  480/3503 (14%)  
[  5] 331.00-332.00 sec   300 KBytes  2.46 Mbits/sec  0.215 ms  991/4064 (24%)  
[  5] 332.00-333.00 sec   350 KBytes  2.87 Mbits/sec  0.302 ms  909/4496 (20%)  
[  5] 333.00-334.00 sec   296 KBytes  2.42 Mbits/sec  0.186 ms  1210/4240 (29%)  
[  5] 334.00-335.00 sec   315 KBytes  2.58 Mbits/sec  0.217 ms  838/4064 (21%)  
[  5] 335.00-336.00 sec   326 KBytes  2.67 Mbits/sec  0.219 ms  1019/4357 (23%)  
[  5] 336.00-337.00 sec   347 KBytes  2.84 Mbits/sec  0.218 ms  1333/4883 (27%)  
[  5] 337.00-338.00 sec   316 KBytes  2.59 Mbits/sec  0.217 ms  1131/4368 (26%)  
[  5] 338.00-339.00 sec   323 KBytes  2.65 Mbits/sec  0.228 ms  1273/4578 (28%)  
[  5] 339.00-340.00 sec   288 KBytes  2.36 Mbits/sec  0.272 ms  1488/4437 (34%)  
[  5] 340.00-341.00 sec   315 KBytes  2.58 Mbits/sec  0.224 ms  1042/4264 (24%)  
[  5] 341.00-342.00 sec   294 KBytes  2.41 Mbits/sec  0.219 ms  1492/4505 (33%)  
[  5] 342.00-343.00 sec   292 KBytes  2.39 Mbits/sec  0.210 ms  1386/4377 (32%)  
[  5] 343.00-344.00 sec   277 KBytes  2.27 Mbits/sec  0.218 ms  1253/4094 (31%)  
[  5] 344.00-345.00 sec   306 KBytes  2.51 Mbits/sec  0.233 ms  1067/4202 (25%)  
[  5] 345.00-346.00 sec   246 KBytes  2.02 Mbits/sec  1.110 ms  961/3480 (28%)  
[  5] 346.00-347.00 sec   317 KBytes  2.60 Mbits/sec  0.227 ms  992/4238 (23%)  
[  5] 347.00-348.00 sec   314 KBytes  2.57 Mbits/sec  0.201 ms  1209/4427 (27%)  
[  5] 348.00-349.00 sec   291 KBytes  2.39 Mbits/sec  0.218 ms  1186/4169 (28%)  
[  5] 349.00-350.00 sec   325 KBytes  2.66 Mbits/sec  0.215 ms  1039/4363 (24%)  
[  5] 350.00-351.00 sec   309 KBytes  2.53 Mbits/sec  0.216 ms  1060/4225 (25%)  
[  5] 351.00-352.00 sec   315 KBytes  2.58 Mbits/sec  0.221 ms  1126/4356 (26%)  
[  5] 352.00-353.00 sec   316 KBytes  2.59 Mbits/sec  0.229 ms  1013/4253 (24%)  
[  5] 353.00-354.00 sec   371 KBytes  3.04 Mbits/sec  0.208 ms  1078/4877 (22%)  
[  5] 354.00-355.00 sec   312 KBytes  2.56 Mbits/sec  0.215 ms  1004/4202 (24%)  
[  5] 355.00-356.00 sec   321 KBytes  2.63 Mbits/sec  0.220 ms  967/4253 (23%)  
[  5] 356.00-357.00 sec   310 KBytes  2.54 Mbits/sec  0.227 ms  991/4169 (24%)  
[  5] 357.00-358.00 sec   296 KBytes  2.42 Mbits/sec  0.213 ms  1353/4384 (31%)  
[  5] 358.00-359.00 sec   365 KBytes  2.99 Mbits/sec  0.214 ms  1267/5005 (25%)  
[  5] 359.00-360.00 sec   303 KBytes  2.48 Mbits/sec  0.215 ms  1286/4388 (29%)  
[  5] 360.00-361.00 sec   316 KBytes  2.59 Mbits/sec  0.230 ms  1282/4520 (28%)  
[  5] 361.00-362.00 sec   317 KBytes  2.59 Mbits/sec  0.220 ms  1006/4247 (24%)  
[  5] 362.00-363.00 sec   314 KBytes  2.57 Mbits/sec  0.227 ms  1162/4374 (27%)  
[  5] 363.00-364.00 sec   334 KBytes  2.73 Mbits/sec  0.185 ms  1561/4978 (31%)  
[  5] 364.00-365.00 sec   317 KBytes  2.60 Mbits/sec  0.214 ms  1159/4405 (26%)  
[  5] 365.00-366.00 sec   288 KBytes  2.35 Mbits/sec  0.229 ms  1575/4520 (35%)  
[  5] 366.00-367.00 sec   280 KBytes  2.30 Mbits/sec  0.246 ms  2058/4923 (42%)  
[  5] 367.00-368.00 sec   314 KBytes  2.58 Mbits/sec  0.193 ms  1907/5127 (37%)  
[  5] 368.00-369.00 sec   371 KBytes  3.04 Mbits/sec  0.214 ms  1841/5641 (33%)  
[  5] 369.00-370.00 sec   308 KBytes  2.52 Mbits/sec  0.251 ms  1314/4466 (29%)  
[  5] 370.00-371.00 sec   358 KBytes  2.93 Mbits/sec  0.242 ms  1575/5242 (30%)  
[  5] 371.00-372.00 sec   292 KBytes  2.39 Mbits/sec  0.218 ms  1542/4536 (34%)  
[  5] 372.00-373.00 sec   371 KBytes  3.04 Mbits/sec  0.214 ms  1511/5311 (28%)  
[  5] 373.00-374.00 sec   317 KBytes  2.60 Mbits/sec  0.222 ms  1013/4258 (24%)  
[  5] 374.00-375.00 sec   317 KBytes  2.60 Mbits/sec  0.217 ms  981/4227 (23%)  
[  5] 375.00-376.00 sec   320 KBytes  2.62 Mbits/sec  0.212 ms  1063/4338 (25%)  
[  5] 376.00-377.00 sec   268 KBytes  2.20 Mbits/sec  0.219 ms  1551/4297 (36%)  
[  5] 377.00-378.00 sec   345 KBytes  2.82 Mbits/sec  0.232 ms  1526/5055 (30%)  
[  5] 378.00-379.00 sec   317 KBytes  2.59 Mbits/sec  0.217 ms  1059/4301 (25%)  
[  5] 379.00-380.00 sec   326 KBytes  2.67 Mbits/sec  0.217 ms  1185/4522 (26%)  
[  5] 380.00-381.00 sec   288 KBytes  2.36 Mbits/sec  0.219 ms  1439/4386 (33%)  
[  5] 381.00-382.00 sec   362 KBytes  2.97 Mbits/sec  0.213 ms  1194/4902 (24%)  
[  5] 382.00-383.00 sec   325 KBytes  2.66 Mbits/sec  0.218 ms  1203/4530 (27%)  
[  5] 383.00-384.00 sec   253 KBytes  2.07 Mbits/sec  0.247 ms  1162/3757 (31%)  
[  5] 384.00-385.00 sec   315 KBytes  2.57 Mbits/sec  0.220 ms  1111/4332 (26%)  
[  5] 385.00-386.00 sec   314 KBytes  2.58 Mbits/sec  0.223 ms  1067/4285 (25%)  
[  5] 386.00-387.00 sec   309 KBytes  2.53 Mbits/sec  0.306 ms  1479/4639 (32%)  
[  5] 387.00-388.00 sec   315 KBytes  2.58 Mbits/sec  0.217 ms  1446/4676 (31%)  
[  5] 388.00-389.00 sec   297 KBytes  2.43 Mbits/sec  0.216 ms  1160/4203 (28%)  
[  5] 389.00-390.00 sec   306 KBytes  2.51 Mbits/sec  0.207 ms  1039/4176 (25%)  
[  5] 390.00-391.00 sec   318 KBytes  2.59 Mbits/sec  0.255 ms  1106/4358 (25%)  
[  5] 391.00-392.00 sec   282 KBytes  2.32 Mbits/sec  0.213 ms  1230/4120 (30%)  
[  5] 392.00-393.00 sec   357 KBytes  2.93 Mbits/sec  0.478 ms  1202/4860 (25%)  
[  5] 393.00-394.00 sec   311 KBytes  2.55 Mbits/sec  0.254 ms  841/4028 (21%)  
[  5] 394.00-395.00 sec   316 KBytes  2.59 Mbits/sec  0.224 ms  1090/4329 (25%)  
[  5] 395.00-396.00 sec   317 KBytes  2.59 Mbits/sec  0.210 ms  968/4210 (23%)  
[  5] 396.00-397.00 sec   333 KBytes  2.73 Mbits/sec  0.234 ms  1560/4968 (31%)  
[  5] 397.00-398.00 sec   314 KBytes  2.57 Mbits/sec  0.357 ms  1128/4345 (26%)  
[  5] 398.00-399.00 sec   290 KBytes  2.37 Mbits/sec  0.219 ms  1460/4425 (33%)  
[  5] 399.00-400.00 sec   322 KBytes  2.64 Mbits/sec  0.194 ms  1134/4435 (26%)  
[  5] 400.00-401.00 sec   314 KBytes  2.57 Mbits/sec  0.228 ms  1105/4323 (26%)  
[  5] 401.00-402.00 sec   340 KBytes  2.78 Mbits/sec  0.444 ms  1628/5106 (32%)  
