Connecting to host 172.22.0.50, port 5201
Reverse mode, remote host 172.22.0.50 is sending
[  5] local 192.168.100.2 port 50301 connected to 172.22.0.50 port 5201
[ ID] Interval           Transfer     Bitrate         Jitter    Lost/Total Datagrams
[  5]   0.00-1.00   sec  1.43 MBytes  12.0 Mbits/sec  1.034 ms  0/1249 (0%)  
[  5]   1.00-2.00   sec  1.43 MBytes  12.0 Mbits/sec  1.194 ms  0/1248 (0%)  
[  5]   2.00-3.00   sec  1.44 MBytes  12.1 Mbits/sec  0.877 ms  0/1256 (0%)  
[  5]   3.00-4.00   sec  1.42 MBytes  11.9 Mbits/sec  1.054 ms  0/1243 (0%)  
[  5]   4.00-5.00   sec  1.43 MBytes  12.0 Mbits/sec  1.067 ms  0/1248 (0%)  
[  5]   5.00-6.00   sec  1.43 MBytes  12.0 Mbits/sec  1.086 ms  0/1252 (0%)  
[  5]   6.00-7.00   sec  1.43 MBytes  12.0 Mbits/sec  0.893 ms  0/1253 (0%)  
[  5]   7.00-8.00   sec  1.43 MBytes  12.0 Mbits/sec  1.191 ms  0/1247 (0%)  
[  5]   8.00-9.00   sec  1.44 MBytes  12.1 Mbits/sec  0.797 ms  0/1256 (0%)  
[  5]   9.00-10.00  sec  1.43 MBytes  12.0 Mbits/sec  0.931 ms  0/1250 (0%)  
[  5]  10.00-11.00  sec  1.03 MBytes  8.68 Mbits/sec  1.779 ms  0/904 (0%)  
[  5]  11.00-12.00  sec   505 KBytes  4.14 Mbits/sec  1.937 ms  0/431 (0%)  
[  5]  12.00-13.00  sec   506 KBytes  4.15 Mbits/sec  1.850 ms  0/432 (0%)  
[  5]  13.00-14.00  sec   512 KBytes  4.20 Mbits/sec  1.755 ms  0/437 (0%)  
[  5]  14.00-15.00  sec   520 KBytes  4.26 Mbits/sec  1.683 ms  0/444 (0%)  
[  5]  15.00-16.00  sec   478 KBytes  3.92 Mbits/sec  2.248 ms  0/408 (0%)  
[  5]  16.00-17.00  sec   425 KBytes  3.48 Mbits/sec  2.064 ms  0/363 (0%)  
[  5]  17.00-18.00  sec   427 KBytes  3.49 Mbits/sec  2.236 ms  0/364 (0%)  
[  5]  18.00-19.00  sec   444 KBytes  3.64 Mbits/sec  1.925 ms  0/379 (0%)  
[  5]  19.00-20.00  sec   429 KBytes  3.51 Mbits/sec  2.432 ms  0/366 (0%)  
[  5]  20.00-21.00  sec   451 KBytes  3.70 Mbits/sec  1.641 ms  0/385 (0%)  
[  5]  21.00-22.00  sec   579 KBytes  4.74 Mbits/sec  1.592 ms  0/494 (0%)  
[  5]  22.00-23.00  sec   574 KBytes  4.70 Mbits/sec  1.808 ms  0/490 (0%)  
[  5]  23.00-24.00  sec   564 KBytes  4.62 Mbits/sec  1.637 ms  0/481 (0%)  
[  5]  24.00-25.00  sec   612 KBytes  5.01 Mbits/sec  1.305 ms  0/522 (0%)  
[  5]  25.00-26.00  sec   606 KBytes  4.96 Mbits/sec  1.568 ms  0/517 (0%)  
[  5]  26.00-27.00  sec   551 KBytes  4.51 Mbits/sec  1.600 ms  0/470 (0%)  
[  5]  27.00-28.00  sec   553 KBytes  4.54 Mbits/sec  1.537 ms  0/472 (0%)  
[  5]  28.00-29.00  sec   539 KBytes  4.42 Mbits/sec  1.655 ms  0/460 (0%)  
[  5]  29.00-30.00  sec   546 KBytes  4.47 Mbits/sec  1.570 ms  0/466 (0%)  
[  5]  30.00-31.00  sec   540 KBytes  4.42 Mbits/sec  1.635 ms  0/461 (0%)  
[  5]  31.00-32.00  sec   560 KBytes  4.60 Mbits/sec  1.306 ms  0/478 (0%)  
[  5]  32.00-33.00  sec   562 KBytes  4.61 Mbits/sec  1.401 ms  0/480 (0%)  
[  5]  33.00-34.00  sec   568 KBytes  4.66 Mbits/sec  1.379 ms  0/485 (0%)  
[  5]  34.00-35.00  sec   574 KBytes  4.70 Mbits/sec  1.320 ms  0/490 (0%)  
[  5]  35.00-36.00  sec   572 KBytes  4.68 Mbits/sec  1.295 ms  0/488 (0%)  
[  5]  36.00-37.00  sec   557 KBytes  4.55 Mbits/sec  1.430 ms  0/475 (0%)  
[  5]  37.00-38.00  sec   445 KBytes  3.65 Mbits/sec  1.499 ms  729/1109 (66%)  
[  5]  38.00-39.00  sec   568 KBytes  4.66 Mbits/sec  1.416 ms  732/1217 (60%)  
[  5]  39.00-40.00  sec   568 KBytes  4.65 Mbits/sec  1.291 ms  749/1234 (61%)  
[  5]  40.00-41.00  sec   568 KBytes  4.66 Mbits/sec  1.343 ms  775/1260 (62%)  
[  5]  41.00-42.00  sec   489 KBytes  4.00 Mbits/sec  1.325 ms  593/1010 (59%)  
[  5]  42.00-43.00  sec   488 KBytes  3.99 Mbits/sec  1.381 ms  573/989 (58%)  
[  5]  43.00-44.00  sec   493 KBytes  4.04 Mbits/sec  1.491 ms  666/1087 (61%)  
[  5]  44.00-45.00  sec   455 KBytes  3.73 Mbits/sec  1.466 ms  636/1024 (62%)  
[  5]  45.00-46.00  sec   503 KBytes  4.12 Mbits/sec  1.507 ms  712/1141 (62%)  
[  5]  46.00-47.00  sec   476 KBytes  3.90 Mbits/sec  1.532 ms  687/1093 (63%)  
[  5]  47.00-48.00  sec   482 KBytes  3.95 Mbits/sec  1.916 ms  700/1111 (63%)  
[  5]  48.00-49.00  sec   476 KBytes  3.90 Mbits/sec  1.594 ms  682/1088 (63%)  
[  5]  49.00-50.00  sec   482 KBytes  3.95 Mbits/sec  1.796 ms  694/1105 (63%)  
[  5]  50.00-51.00  sec   477 KBytes  3.91 Mbits/sec  1.599 ms  641/1048 (61%)  
[  5]  51.00-52.00  sec   581 KBytes  4.76 Mbits/sec  1.410 ms  805/1301 (62%)  
[  5]  52.00-53.00  sec   581 KBytes  4.76 Mbits/sec  1.419 ms  762/1258 (61%)  
[  5]  53.00-54.00  sec   503 KBytes  4.12 Mbits/sec  1.457 ms  670/1099 (61%)  
[  5]  54.00-55.00  sec   581 KBytes  4.76 Mbits/sec  1.415 ms  791/1287 (61%)  
[  5]  55.00-56.00  sec   553 KBytes  4.53 Mbits/sec  1.768 ms  767/1239 (62%)  
[  5]  56.00-57.00  sec   574 KBytes  4.71 Mbits/sec  1.468 ms  792/1282 (62%)  
[  5]  57.00-58.00  sec   580 KBytes  4.75 Mbits/sec  1.473 ms  788/1283 (61%)  
[  5]  58.00-59.00  sec   560 KBytes  4.59 Mbits/sec  1.515 ms  754/1232 (61%)  
[  5]  59.00-60.00  sec   578 KBytes  4.73 Mbits/sec  1.709 ms  919/1412 (65%)  
[  5]  60.00-61.00  sec   511 KBytes  4.19 Mbits/sec  1.765 ms  866/1302 (67%)  
[  5]  61.00-62.00  sec   471 KBytes  3.86 Mbits/sec  1.884 ms  818/1220 (67%)  
[  5]  62.00-63.00  sec   489 KBytes  4.00 Mbits/sec  1.813 ms  876/1293 (68%)  
[  5]  63.00-64.00  sec   493 KBytes  4.04 Mbits/sec  1.735 ms  897/1318 (68%)  
[  5]  64.00-65.00  sec   465 KBytes  3.81 Mbits/sec  1.995 ms  822/1219 (67%)  
[  5]  65.00-66.00  sec   495 KBytes  4.05 Mbits/sec  1.723 ms  848/1270 (67%)  
[  5]  66.00-67.00  sec   470 KBytes  3.85 Mbits/sec  1.813 ms  816/1217 (67%)  
[  5]  67.00-68.00  sec   488 KBytes  3.99 Mbits/sec  1.713 ms  852/1268 (67%)  
[  5]  68.00-69.00  sec   471 KBytes  3.86 Mbits/sec  2.218 ms  821/1223 (67%)  
[  5]  69.00-70.00  sec   499 KBytes  4.09 Mbits/sec  1.459 ms  691/1117 (62%)  
[  5]  70.00-71.00  sec   476 KBytes  3.90 Mbits/sec  1.500 ms  641/1047 (61%)  
[  5]  71.00-72.00  sec   580 KBytes  4.75 Mbits/sec  1.494 ms  816/1311 (62%)  
[  5]  72.00-73.00  sec   505 KBytes  4.13 Mbits/sec  1.382 ms  696/1127 (62%)  
[  5]  73.00-74.00  sec   580 KBytes  4.75 Mbits/sec  1.417 ms  789/1284 (61%)  
[  5]  74.00-75.00  sec   553 KBytes  4.54 Mbits/sec  1.830 ms  737/1209 (61%)  
[  5]  75.00-76.00  sec   580 KBytes  4.75 Mbits/sec  1.447 ms  773/1268 (61%)  
[  5]  76.00-77.00  sec   653 KBytes  5.35 Mbits/sec  1.464 ms  864/1421 (61%)  
[  5]  77.00-78.00  sec   553 KBytes  4.53 Mbits/sec  1.495 ms  777/1249 (62%)  
[  5]  78.00-79.00  sec   659 KBytes  5.39 Mbits/sec  1.484 ms  940/1502 (63%)  
[  5]  79.00-80.00  sec   652 KBytes  5.34 Mbits/sec  1.709 ms  1151/1707 (67%)  
[  5]  80.00-81.00  sec   559 KBytes  4.58 Mbits/sec  1.709 ms  977/1454 (67%)  
[  5]  81.00-82.00  sec   584 KBytes  4.78 Mbits/sec  1.653 ms  999/1497 (67%)  
[  5]  82.00-83.00  sec   578 KBytes  4.73 Mbits/sec  1.686 ms  998/1491 (67%)  
[  5]  83.00-84.00  sec   559 KBytes  4.58 Mbits/sec  1.838 ms  982/1459 (67%)  
[  5]  84.00-85.00  sec   512 KBytes  4.20 Mbits/sec  1.783 ms  884/1321 (67%)  
[  5]  85.00-86.00  sec   560 KBytes  4.59 Mbits/sec  1.846 ms  999/1477 (68%)  
[  5]  86.00-87.00  sec   422 KBytes  3.46 Mbits/sec  1.889 ms  763/1123 (68%)  
[  5]  87.00-88.00  sec   483 KBytes  3.95 Mbits/sec  1.541 ms  856/1268 (68%)  
[  5]  88.00-89.00  sec   427 KBytes  3.50 Mbits/sec  1.790 ms  578/942 (61%)  
[  5]  89.00-90.00  sec   475 KBytes  3.89 Mbits/sec  1.616 ms  650/1055 (62%)  
[  5]  90.00-91.00  sec   483 KBytes  3.95 Mbits/sec  1.770 ms  674/1086 (62%)  
[  5]  91.00-92.00  sec   425 KBytes  3.49 Mbits/sec  1.466 ms  585/948 (62%)  
[  5]  92.00-93.00  sec   482 KBytes  3.95 Mbits/sec  1.828 ms  665/1076 (62%)  
[  5]  93.00-94.00  sec   479 KBytes  3.92 Mbits/sec  1.479 ms  650/1059 (61%)  
[  5]  94.00-95.00  sec   489 KBytes  4.01 Mbits/sec  1.715 ms  553/970 (57%)  
[  5]  95.00-96.00  sec   408 KBytes  3.34 Mbits/sec  1.390 ms  482/830 (58%)  
[  5]  96.00-97.00  sec   489 KBytes  4.00 Mbits/sec  1.317 ms  572/989 (58%)  
[  5]  97.00-98.00  sec   544 KBytes  4.45 Mbits/sec  1.631 ms  656/1120 (59%)  
[  5]  98.00-99.00  sec   489 KBytes  4.00 Mbits/sec  1.324 ms  550/967 (57%)  
[  5]  99.00-100.00 sec   489 KBytes  4.00 Mbits/sec  1.236 ms  563/980 (57%)  
[  5] 100.00-101.00 sec   464 KBytes  3.80 Mbits/sec  1.509 ms  590/986 (60%)  
[  5] 101.00-102.00 sec   425 KBytes  3.48 Mbits/sec  1.842 ms  582/945 (62%)  
[  5] 102.00-103.00 sec   476 KBytes  3.90 Mbits/sec  1.485 ms  644/1050 (61%)  
[  5] 103.00-104.00 sec   482 KBytes  3.95 Mbits/sec  1.793 ms  672/1083 (62%)  
[  5] 104.00-105.00 sec   482 KBytes  3.95 Mbits/sec  1.565 ms  689/1100 (63%)  
[  5] 105.00-106.00 sec   425 KBytes  3.48 Mbits/sec  1.954 ms  639/1002 (64%)  
[  5] 106.00-107.00 sec   486 KBytes  3.98 Mbits/sec  1.797 ms  865/1280 (68%)  
[  5] 107.00-108.00 sec   470 KBytes  3.85 Mbits/sec  1.935 ms  900/1301 (69%)  
[  5] 108.00-109.00 sec   495 KBytes  4.05 Mbits/sec  1.725 ms  919/1341 (69%)  
[  5] 109.00-110.00 sec   464 KBytes  3.80 Mbits/sec  2.026 ms  871/1267 (69%)  
[  5] 110.00-111.00 sec   428 KBytes  3.50 Mbits/sec  2.033 ms  803/1168 (69%)  
[  5] 111.00-112.00 sec   489 KBytes  4.00 Mbits/sec  1.788 ms  895/1312 (68%)  
[  5] 112.00-113.00 sec   470 KBytes  3.85 Mbits/sec  1.833 ms  859/1260 (68%)  
[  5] 113.00-114.00 sec   489 KBytes  4.00 Mbits/sec  1.746 ms  902/1319 (68%)  
[  5] 114.00-115.00 sec   471 KBytes  3.86 Mbits/sec  1.976 ms  863/1265 (68%)  
[  5] 115.00-116.00 sec   493 KBytes  4.04 Mbits/sec  1.798 ms  890/1311 (68%)  
[  5] 116.00-117.00 sec   578 KBytes  4.73 Mbits/sec  1.737 ms  1007/1500 (67%)  
[  5] 117.00-118.00 sec   495 KBytes  4.05 Mbits/sec  1.650 ms  847/1269 (67%)  
[  5] 118.00-119.00 sec   578 KBytes  4.72 Mbits/sec  1.715 ms  993/1486 (67%)  
[  5] 119.00-120.00 sec   582 KBytes  4.78 Mbits/sec  1.706 ms  1007/1504 (67%)  
[  5] 120.00-121.00 sec   560 KBytes  4.59 Mbits/sec  1.708 ms  1007/1485 (68%)  
[  5] 121.00-122.00 sec   400 KBytes  3.27 Mbits/sec  1.842 ms  723/1064 (68%)  
[  5] 122.00-123.00 sec   398 KBytes  3.26 Mbits/sec  1.980 ms  727/1067 (68%)  
[  5] 123.00-124.00 sec   404 KBytes  3.31 Mbits/sec  1.901 ms  740/1085 (68%)  
[  5] 124.00-125.00 sec   405 KBytes  3.32 Mbits/sec  1.867 ms  739/1085 (68%)  
[  5] 125.00-126.00 sec   398 KBytes  3.27 Mbits/sec  2.427 ms  728/1068 (68%)  
[  5] 126.00-127.00 sec   400 KBytes  3.27 Mbits/sec  2.098 ms  726/1067 (68%)  
[  5] 127.00-128.00 sec   357 KBytes  2.93 Mbits/sec  2.067 ms  647/952 (68%)  
[  5] 128.00-129.00 sec   404 KBytes  3.31 Mbits/sec  2.312 ms  726/1071 (68%)  
[  5] 129.00-130.00 sec   404 KBytes  3.31 Mbits/sec  2.050 ms  729/1074 (68%)  
[  5] 130.00-131.00 sec   400 KBytes  3.27 Mbits/sec  2.239 ms  728/1069 (68%)  
[  5] 131.00-132.00 sec   404 KBytes  3.31 Mbits/sec  1.919 ms  743/1088 (68%)  
[  5] 132.00-133.00 sec   398 KBytes  3.26 Mbits/sec  2.277 ms  713/1053 (68%)  
[  5] 133.00-134.00 sec   405 KBytes  3.32 Mbits/sec  1.940 ms  700/1046 (67%)  
[  5] 134.00-135.00 sec   398 KBytes  3.26 Mbits/sec  2.007 ms  691/1031 (67%)  
[  5] 135.00-136.00 sec   357 KBytes  2.93 Mbits/sec  2.071 ms  648/953 (68%)  
[  5] 136.00-137.00 sec   405 KBytes  3.32 Mbits/sec  1.787 ms  736/1082 (68%)  
[  5] 137.00-138.00 sec   404 KBytes  3.31 Mbits/sec  1.921 ms  725/1070 (68%)  
[  5] 138.00-139.00 sec   404 KBytes  3.31 Mbits/sec  1.881 ms  550/895 (61%)  
[  5] 139.00-140.00 sec   454 KBytes  3.71 Mbits/sec  1.847 ms  615/1002 (61%)  
[  5] 140.00-141.00 sec   404 KBytes  3.32 Mbits/sec  1.847 ms  599/944 (63%)  
[  5] 141.00-142.00 sec   427 KBytes  3.49 Mbits/sec  1.421 ms  599/963 (62%)  
[  5] 142.00-143.00 sec   482 KBytes  3.95 Mbits/sec  1.506 ms  673/1084 (62%)  
[  5] 143.00-144.00 sec   476 KBytes  3.90 Mbits/sec  1.698 ms  636/1042 (61%)  
[  5] 144.00-145.00 sec   473 KBytes  3.88 Mbits/sec  2.106 ms  947/1351 (70%)  
[  5] 145.00-146.00 sec   432 KBytes  3.54 Mbits/sec  2.109 ms  963/1332 (72%)  
[  5] 146.00-147.00 sec   554 KBytes  4.54 Mbits/sec  2.085 ms  1211/1684 (72%)  
[  5] 147.00-148.00 sec   572 KBytes  4.68 Mbits/sec  2.126 ms  1295/1783 (73%)  
[  5] 148.00-149.00 sec   587 KBytes  4.81 Mbits/sec  2.128 ms  1392/1893 (74%)  
[  5] 149.00-150.00 sec   573 KBytes  4.70 Mbits/sec  2.017 ms  1315/1804 (73%)  
[  5] 150.00-151.00 sec   567 KBytes  4.65 Mbits/sec  2.098 ms  1301/1785 (73%)  
[  5] 151.00-152.00 sec   633 KBytes  5.18 Mbits/sec  1.991 ms  1436/1976 (73%)  
[  5] 152.00-153.00 sec   746 KBytes  6.12 Mbits/sec  1.968 ms  1724/2361 (73%)  
[  5] 153.00-154.00 sec   627 KBytes  5.14 Mbits/sec  2.185 ms  1475/2010 (73%)  
[  5] 154.00-155.00 sec   732 KBytes  6.00 Mbits/sec  2.121 ms  1705/2330 (73%)  
[  5] 155.00-156.00 sec   727 KBytes  5.95 Mbits/sec  1.964 ms  1609/2229 (72%)  
[  5] 156.00-157.00 sec   648 KBytes  5.31 Mbits/sec  2.002 ms  1437/1990 (72%)  
[  5] 157.00-158.00 sec   664 KBytes  5.45 Mbits/sec  1.634 ms  1280/1847 (69%)  
[  5] 158.00-159.00 sec   559 KBytes  4.58 Mbits/sec  1.756 ms  1041/1518 (69%)  
[  5] 159.00-160.00 sec   642 KBytes  5.26 Mbits/sec  1.664 ms  1174/1722 (68%)  
[  5] 160.00-161.00 sec   560 KBytes  4.58 Mbits/sec  1.812 ms  1031/1509 (68%)  
[  5] 161.00-162.00 sec   662 KBytes  5.43 Mbits/sec  1.544 ms  958/1523 (63%)  
[  5] 162.00-163.00 sec   660 KBytes  5.40 Mbits/sec  1.476 ms  923/1486 (62%)  
[  5] 163.00-164.00 sec   553 KBytes  4.53 Mbits/sec  1.442 ms  751/1223 (61%)  
[  5] 164.00-165.00 sec   653 KBytes  5.35 Mbits/sec  1.530 ms  875/1432 (61%)  
[  5] 165.00-166.00 sec   634 KBytes  5.19 Mbits/sec  1.555 ms  790/1331 (59%)  
[  5] 166.00-167.00 sec   675 KBytes  5.53 Mbits/sec  1.212 ms  639/1215 (53%)  
[  5] 167.00-168.00 sec   550 KBytes  4.50 Mbits/sec  1.305 ms  527/996 (53%)  
[  5] 168.00-169.00 sec   648 KBytes  5.31 Mbits/sec  1.192 ms  607/1160 (52%)  
[  5] 169.00-170.00 sec   639 KBytes  5.23 Mbits/sec  1.167 ms  571/1116 (51%)  
[  5] 170.00-171.00 sec   666 KBytes  5.45 Mbits/sec  1.237 ms  601/1169 (51%)  
[  5] 171.00-172.00 sec   558 KBytes  4.57 Mbits/sec  1.574 ms  621/1097 (57%)  
[  5] 172.00-173.00 sec   568 KBytes  4.66 Mbits/sec  1.449 ms  635/1120 (57%)  
[  5] 173.00-174.00 sec   512 KBytes  4.19 Mbits/sec  1.214 ms  573/1010 (57%)  
[  5] 174.00-175.00 sec   567 KBytes  4.65 Mbits/sec  1.399 ms  686/1170 (59%)  
[  5] 175.00-176.00 sec   568 KBytes  4.66 Mbits/sec  1.794 ms  663/1148 (58%)  
[  5] 176.00-177.00 sec   441 KBytes  3.61 Mbits/sec  1.585 ms  526/902 (58%)  
[  5] 177.00-178.00 sec   480 KBytes  3.94 Mbits/sec  1.288 ms  555/965 (58%)  
[  5] 178.00-179.00 sec   465 KBytes  3.81 Mbits/sec  1.420 ms  531/928 (57%)  
[  5] 179.00-180.00 sec   488 KBytes  3.99 Mbits/sec  1.449 ms  574/990 (58%)  
[  5] 180.00-181.00 sec   489 KBytes  4.00 Mbits/sec  1.305 ms  555/972 (57%)  
[  5] 181.00-182.00 sec   408 KBytes  3.34 Mbits/sec  1.520 ms  476/824 (58%)  
[  5] 182.00-183.00 sec   489 KBytes  4.00 Mbits/sec  1.543 ms  552/969 (57%)  
[  5] 183.00-184.00 sec   489 KBytes  4.00 Mbits/sec  1.350 ms  565/982 (58%)  
[  5] 184.00-185.00 sec   488 KBytes  3.99 Mbits/sec  1.353 ms  564/980 (58%)  
[  5] 185.00-186.00 sec   457 KBytes  3.74 Mbits/sec  1.446 ms  518/908 (57%)  
[  5] 186.00-187.00 sec   567 KBytes  4.64 Mbits/sec  1.710 ms  648/1132 (57%)  
[  5] 187.00-188.00 sec   577 KBytes  4.73 Mbits/sec  1.467 ms  654/1146 (57%)  
[  5] 188.00-189.00 sec   568 KBytes  4.65 Mbits/sec  1.485 ms  619/1104 (56%)  
[  5] 189.00-190.00 sec   574 KBytes  4.70 Mbits/sec  1.707 ms  713/1203 (59%)  
[  5] 190.00-191.00 sec   581 KBytes  4.77 Mbits/sec  1.484 ms  789/1285 (61%)  
[  5] 191.00-192.00 sec   503 KBytes  4.12 Mbits/sec  1.550 ms  689/1118 (62%)  
[  5] 192.00-193.00 sec   582 KBytes  4.77 Mbits/sec  1.452 ms  803/1300 (62%)  
[  5] 193.00-194.00 sec   574 KBytes  4.71 Mbits/sec  1.477 ms  805/1295 (62%)  
[  5] 194.00-195.00 sec   480 KBytes  3.94 Mbits/sec  1.707 ms  770/1180 (65%)  
[  5] 195.00-196.00 sec   584 KBytes  4.78 Mbits/sec  1.779 ms  1102/1600 (69%)  
[  5] 196.00-197.00 sec   578 KBytes  4.73 Mbits/sec  1.801 ms  1056/1549 (68%)  
[  5] 197.00-198.00 sec   559 KBytes  4.58 Mbits/sec  1.816 ms  1016/1493 (68%)  
[  5] 198.00-199.00 sec   584 KBytes  4.78 Mbits/sec  1.712 ms  1019/1517 (67%)  
[  5] 199.00-200.00 sec   578 KBytes  4.73 Mbits/sec  1.762 ms  1021/1514 (67%)  
[  5] 200.00-201.00 sec   559 KBytes  4.58 Mbits/sec  1.845 ms  994/1471 (68%)  
[  5] 201.00-202.00 sec   423 KBytes  3.47 Mbits/sec  1.792 ms  753/1114 (68%)  
[  5] 202.00-203.00 sec   495 KBytes  4.05 Mbits/sec  1.643 ms  864/1286 (67%)  
[  5] 203.00-204.00 sec   477 KBytes  3.91 Mbits/sec  1.539 ms  711/1118 (64%)  
[  5] 204.00-205.00 sec   482 KBytes  3.95 Mbits/sec  1.767 ms  655/1066 (61%)  
[  5] 205.00-206.00 sec   477 KBytes  3.91 Mbits/sec  1.701 ms  634/1041 (61%)  
[  5] 206.00-207.00 sec   581 KBytes  4.76 Mbits/sec  1.398 ms  797/1293 (62%)  
[  5] 207.00-208.00 sec   503 KBytes  4.12 Mbits/sec  1.432 ms  668/1097 (61%)  
[  5] 208.00-209.00 sec   581 KBytes  4.76 Mbits/sec  1.546 ms  801/1297 (62%)  
[  5] 209.00-210.00 sec   503 KBytes  4.12 Mbits/sec  1.428 ms  735/1164 (63%)  
[  5] 210.00-211.00 sec   553 KBytes  4.53 Mbits/sec  1.850 ms  812/1284 (63%)  
[  5] 211.00-212.00 sec   581 KBytes  4.76 Mbits/sec  1.488 ms  805/1301 (62%)  
[  5] 212.00-213.00 sec   581 KBytes  4.76 Mbits/sec  1.431 ms  800/1296 (62%)  
[  5] 213.00-214.00 sec   553 KBytes  4.53 Mbits/sec  1.744 ms  773/1245 (62%)  
[  5] 214.00-215.00 sec   581 KBytes  4.76 Mbits/sec  1.446 ms  783/1279 (61%)  
[  5] 215.00-216.00 sec   573 KBytes  4.69 Mbits/sec  1.475 ms  763/1252 (61%)  
[  5] 216.00-217.00 sec   581 KBytes  4.76 Mbits/sec  1.552 ms  779/1275 (61%)  
[  5] 217.00-218.00 sec   503 KBytes  4.12 Mbits/sec  1.453 ms  706/1135 (62%)  
[  5] 218.00-219.00 sec   570 KBytes  4.67 Mbits/sec  1.813 ms  835/1321 (63%)  
[  5] 219.00-220.00 sec   560 KBytes  4.59 Mbits/sec  1.653 ms  999/1477 (68%)  
[  5] 220.00-221.00 sec   578 KBytes  4.73 Mbits/sec  1.747 ms  1045/1538 (68%)  
[  5] 221.00-222.00 sec   517 KBytes  4.23 Mbits/sec  1.634 ms  921/1362 (68%)  
[  5] 222.00-223.00 sec   555 KBytes  4.55 Mbits/sec  1.823 ms  993/1467 (68%)  
[  5] 223.00-224.00 sec   571 KBytes  4.68 Mbits/sec  1.398 ms  809/1296 (62%)  
[  5] 224.00-225.00 sec   582 KBytes  4.77 Mbits/sec  1.385 ms  834/1331 (63%)  
[  5] 225.00-226.00 sec   503 KBytes  4.12 Mbits/sec  1.465 ms  709/1138 (62%)  
[  5] 226.00-227.00 sec   483 KBytes  3.96 Mbits/sec  1.898 ms  699/1111 (63%)  
[  5] 227.00-228.00 sec   503 KBytes  4.12 Mbits/sec  1.459 ms  690/1119 (62%)  
[  5] 228.00-229.00 sec   475 KBytes  3.89 Mbits/sec  1.432 ms  627/1032 (61%)  
[  5] 229.00-230.00 sec   482 KBytes  3.94 Mbits/sec  1.461 ms  661/1072 (62%)  
[  5] 230.00-231.00 sec   482 KBytes  3.95 Mbits/sec  1.458 ms  670/1081 (62%)  
[  5] 231.00-232.00 sec   427 KBytes  3.49 Mbits/sec  1.388 ms  583/947 (62%)  
[  5] 232.00-233.00 sec   475 KBytes  3.88 Mbits/sec  1.491 ms  631/1036 (61%)  
[  5] 233.00-234.00 sec   482 KBytes  3.95 Mbits/sec  1.390 ms  650/1061 (61%)  
[  5] 234.00-235.00 sec   482 KBytes  3.95 Mbits/sec  1.441 ms  675/1086 (62%)  
[  5] 235.00-236.00 sec   475 KBytes  3.89 Mbits/sec  1.623 ms  638/1043 (61%)  
[  5] 236.00-237.00 sec   432 KBytes  3.54 Mbits/sec  1.397 ms  615/984 (62%)  
[  5] 237.00-238.00 sec   475 KBytes  3.89 Mbits/sec  1.463 ms  654/1059 (62%)  
[  5] 238.00-239.00 sec   482 KBytes  3.94 Mbits/sec  1.511 ms  682/1093 (62%)  
[  5] 239.00-240.00 sec   404 KBytes  3.31 Mbits/sec  1.572 ms  560/905 (62%)  
[  5] 240.00-241.00 sec   504 KBytes  4.13 Mbits/sec  1.452 ms  712/1142 (62%)  
[  5] 241.00-242.00 sec   503 KBytes  4.12 Mbits/sec  1.486 ms  700/1129 (62%)  
[  5] 242.00-243.00 sec   553 KBytes  4.53 Mbits/sec  1.633 ms  754/1226 (62%)  
[  5] 243.00-244.00 sec   581 KBytes  4.76 Mbits/sec  1.430 ms  814/1310 (62%)  
[  5] 244.00-245.00 sec   581 KBytes  4.76 Mbits/sec  1.444 ms  825/1321 (62%)  
[  5] 245.00-246.00 sec   496 KBytes  4.06 Mbits/sec  1.834 ms  788/1211 (65%)  
[  5] 246.00-247.00 sec   495 KBytes  4.05 Mbits/sec  1.711 ms  907/1329 (68%)  
[  5] 247.00-248.00 sec   470 KBytes  3.85 Mbits/sec  1.974 ms  858/1259 (68%)  
[  5] 248.00-249.00 sec   423 KBytes  3.47 Mbits/sec  1.934 ms  747/1108 (67%)  
[  5] 249.00-250.00 sec   488 KBytes  3.99 Mbits/sec  1.806 ms  870/1286 (68%)  
[  5] 250.00-251.00 sec   429 KBytes  3.51 Mbits/sec  1.686 ms  760/1126 (67%)  
[  5] 251.00-252.00 sec   464 KBytes  3.80 Mbits/sec  2.089 ms  828/1224 (68%)  
[  5] 252.00-253.00 sec   495 KBytes  4.05 Mbits/sec  1.888 ms  920/1342 (69%)  
[  5] 253.00-254.00 sec   423 KBytes  3.47 Mbits/sec  1.764 ms  758/1119 (68%)  
[  5] 254.00-255.00 sec   470 KBytes  3.85 Mbits/sec  1.908 ms  841/1242 (68%)  
[  5] 255.00-256.00 sec   489 KBytes  4.00 Mbits/sec  1.712 ms  881/1298 (68%)  
[  5] 256.00-257.00 sec   559 KBytes  4.58 Mbits/sec  1.869 ms  1031/1508 (68%)  
[  5] 257.00-258.00 sec   518 KBytes  4.24 Mbits/sec  1.687 ms  968/1410 (69%)  
[  5] 258.00-259.00 sec   559 KBytes  4.58 Mbits/sec  1.681 ms  1038/1515 (69%)  
[  5] 259.00-260.00 sec   584 KBytes  4.78 Mbits/sec  1.563 ms  1080/1578 (68%)  
[  5] 260.00-261.00 sec   504 KBytes  4.13 Mbits/sec  1.626 ms  734/1164 (63%)  
[  5] 261.00-262.00 sec   560 KBytes  4.59 Mbits/sec  1.537 ms  781/1259 (62%)  
[  5] 262.00-263.00 sec   574 KBytes  4.70 Mbits/sec  1.522 ms  796/1286 (62%)  
[  5] 263.00-264.00 sec   582 KBytes  4.78 Mbits/sec  1.374 ms  819/1316 (62%)  
[  5] 264.00-265.00 sec   568 KBytes  4.66 Mbits/sec  1.697 ms  832/1317 (63%)  
[  5] 265.00-266.00 sec   512 KBytes  4.20 Mbits/sec  1.727 ms  938/1375 (68%)  
[  5] 266.00-267.00 sec   559 KBytes  4.58 Mbits/sec  1.749 ms  1083/1560 (69%)  
[  5] 267.00-268.00 sec   512 KBytes  4.20 Mbits/sec  1.837 ms  965/1402 (69%)  
[  5] 268.00-269.00 sec   560 KBytes  4.59 Mbits/sec  1.889 ms  1092/1570 (70%)  
[  5] 269.00-270.00 sec   578 KBytes  4.73 Mbits/sec  1.697 ms  1052/1545 (68%)  
[  5] 270.00-271.00 sec   517 KBytes  4.23 Mbits/sec  1.709 ms  948/1389 (68%)  
[  5] 271.00-272.00 sec   554 KBytes  4.54 Mbits/sec  1.724 ms  990/1463 (68%)  
[  5] 272.00-273.00 sec   582 KBytes  4.77 Mbits/sec  1.837 ms  1046/1543 (68%)  
[  5] 273.00-274.00 sec   511 KBytes  4.19 Mbits/sec  1.497 ms  815/1251 (65%)  
[  5] 274.00-275.00 sec   554 KBytes  4.54 Mbits/sec  1.895 ms  814/1287 (63%)  
[  5] 275.00-276.00 sec   505 KBytes  4.14 Mbits/sec  7.619 ms  751/1182 (64%)  
[  5] 276.00-277.00 sec   424 KBytes  3.48 Mbits/sec  1.598 ms  552/914 (60%)  
[  5] 277.00-278.00 sec   404 KBytes  3.31 Mbits/sec  1.535 ms  555/900 (62%)  
[  5] 278.00-279.00 sec   404 KBytes  3.31 Mbits/sec  1.606 ms  559/904 (62%)  
[  5] 279.00-280.00 sec   404 KBytes  3.32 Mbits/sec  1.793 ms  557/902 (62%)  
[  5] 280.00-281.00 sec   355 KBytes  2.91 Mbits/sec  1.778 ms  493/796 (62%)  
[  5] 281.00-282.00 sec   403 KBytes  3.30 Mbits/sec  1.496 ms  552/896 (62%)  
[  5] 282.00-283.00 sec   397 KBytes  3.26 Mbits/sec  1.582 ms  531/870 (61%)  
[  5] 283.00-284.00 sec   405 KBytes  3.32 Mbits/sec  1.537 ms  546/892 (61%)  
[  5] 284.00-285.00 sec   403 KBytes  3.30 Mbits/sec  1.738 ms  584/928 (63%)  
[  5] 285.00-286.00 sec   404 KBytes  3.31 Mbits/sec  1.800 ms  596/941 (63%)  
[  5] 286.00-287.00 sec   403 KBytes  3.30 Mbits/sec  1.752 ms  598/942 (63%)  
[  5] 287.00-288.00 sec   404 KBytes  3.31 Mbits/sec  1.812 ms  569/914 (62%)  
[  5] 288.00-289.00 sec   404 KBytes  3.31 Mbits/sec  1.943 ms  576/921 (63%)  
[  5] 289.00-290.00 sec   404 KBytes  3.31 Mbits/sec  1.693 ms  570/915 (62%)  
[  5] 290.00-291.00 sec   397 KBytes  3.25 Mbits/sec  1.483 ms  555/894 (62%)  
[  5] 291.00-292.00 sec   482 KBytes  3.95 Mbits/sec  1.474 ms  699/1110 (63%)  
[  5] 292.00-293.00 sec   482 KBytes  3.95 Mbits/sec  1.491 ms  686/1097 (63%)  
[  5] 293.00-294.00 sec   475 KBytes  3.89 Mbits/sec  1.609 ms  659/1064 (62%)  
[  5] 294.00-295.00 sec   432 KBytes  3.54 Mbits/sec  1.483 ms  638/1007 (63%)  
[  5] 295.00-296.00 sec   454 KBytes  3.72 Mbits/sec  1.542 ms  654/1041 (63%)  
[  5] 296.00-297.00 sec   425 KBytes  3.49 Mbits/sec  1.660 ms  599/962 (62%)  
[  5] 297.00-298.00 sec   482 KBytes  3.95 Mbits/sec  1.528 ms  721/1132 (64%)  
[  5] 298.00-299.00 sec   480 KBytes  3.94 Mbits/sec  2.155 ms  826/1236 (67%)  
[  5] 299.00-300.00 sec   495 KBytes  4.05 Mbits/sec  2.242 ms  1163/1585 (73%)  
[  5] 300.00-301.00 sec   472 KBytes  3.87 Mbits/sec  2.109 ms  1098/1501 (73%)  
[  5] 301.00-302.00 sec   572 KBytes  4.68 Mbits/sec  2.094 ms  1320/1808 (73%)  
[  5] 302.00-303.00 sec   648 KBytes  5.31 Mbits/sec  2.021 ms  1506/2059 (73%)  
[  5] 303.00-304.00 sec   647 KBytes  5.30 Mbits/sec  2.044 ms  1481/2033 (73%)  
[  5] 304.00-305.00 sec   653 KBytes  5.35 Mbits/sec  1.982 ms  1476/2033 (73%)  
[  5] 305.00-306.00 sec   567 KBytes  4.65 Mbits/sec  2.041 ms  1274/1758 (72%)  
[  5] 306.00-307.00 sec   652 KBytes  5.34 Mbits/sec  2.131 ms  1445/2001 (72%)  
[  5] 307.00-308.00 sec   550 KBytes  4.50 Mbits/sec  2.032 ms  1232/1701 (72%)  
[  5] 308.00-309.00 sec   662 KBytes  5.42 Mbits/sec  1.709 ms  1461/2026 (72%)  
[  5] 309.00-310.00 sec   649 KBytes  5.32 Mbits/sec  1.581 ms  1184/1738 (68%)  
[  5] 310.00-311.00 sec   643 KBytes  5.27 Mbits/sec  2.131 ms  1181/1730 (68%)  
[  5] 311.00-312.00 sec   558 KBytes  4.57 Mbits/sec  1.773 ms  1028/1505 (68%)  
[  5] 312.00-313.00 sec   584 KBytes  4.78 Mbits/sec  1.677 ms  1097/1595 (69%)  
[  5] 313.00-314.00 sec   470 KBytes  3.85 Mbits/sec  1.726 ms  883/1284 (69%)  
[  5] 314.00-315.00 sec   489 KBytes  4.00 Mbits/sec  1.937 ms  900/1317 (68%)  
[  5] 315.00-316.00 sec   582 KBytes  4.77 Mbits/sec  1.691 ms  1059/1556 (68%)  
[  5] 316.00-317.00 sec   465 KBytes  3.81 Mbits/sec  1.725 ms  811/1208 (67%)  
[  5] 317.00-318.00 sec   575 KBytes  4.71 Mbits/sec  1.311 ms  729/1220 (60%)  
[  5] 318.00-319.00 sec   568 KBytes  4.66 Mbits/sec  1.267 ms  642/1127 (57%)  
[  5] 319.00-320.00 sec   568 KBytes  4.66 Mbits/sec  1.237 ms  635/1120 (57%)  
[  5] 320.00-321.00 sec   656 KBytes  5.38 Mbits/sec  1.268 ms  739/1299 (57%)  
[  5] 321.00-322.00 sec   568 KBytes  4.66 Mbits/sec  1.276 ms  658/1143 (58%)  
[  5] 322.00-323.00 sec   568 KBytes  4.66 Mbits/sec  1.400 ms  685/1170 (59%)  
[  5] 323.00-324.00 sec   568 KBytes  4.66 Mbits/sec  1.402 ms  691/1176 (59%)  
[  5] 324.00-325.00 sec   544 KBytes  4.45 Mbits/sec  1.563 ms  623/1087 (57%)  
[  5] 325.00-326.00 sec   568 KBytes  4.66 Mbits/sec  1.339 ms  645/1130 (57%)  
[  5] 326.00-327.00 sec   568 KBytes  4.65 Mbits/sec  1.384 ms  660/1145 (58%)  
[  5] 327.00-328.00 sec   570 KBytes  4.66 Mbits/sec  1.300 ms  636/1122 (57%)  
[  5] 328.00-329.00 sec   567 KBytes  4.65 Mbits/sec  1.351 ms  762/1246 (61%)  
[  5] 329.00-330.00 sec   568 KBytes  4.66 Mbits/sec  1.379 ms  745/1230 (61%)  
[  5] 330.00-331.00 sec   568 KBytes  4.65 Mbits/sec  1.603 ms  831/1316 (63%)  
[  5] 331.00-332.00 sec   577 KBytes  4.72 Mbits/sec  1.526 ms  977/1469 (67%)  
[  5] 332.00-333.00 sec   568 KBytes  4.66 Mbits/sec  1.545 ms  912/1397 (65%)  
[  5] 333.00-334.00 sec   568 KBytes  4.65 Mbits/sec  1.408 ms  782/1267 (62%)  
[  5] 334.00-335.00 sec   568 KBytes  4.66 Mbits/sec  1.423 ms  772/1257 (61%)  
[  5] 335.00-336.00 sec   568 KBytes  4.66 Mbits/sec  1.329 ms  773/1258 (61%)  
[  5] 336.00-337.00 sec   544 KBytes  4.45 Mbits/sec  1.694 ms  719/1183 (61%)  
[  5] 337.00-338.00 sec   570 KBytes  4.67 Mbits/sec  1.380 ms  714/1200 (60%)  
[  5] 338.00-339.00 sec   567 KBytes  4.64 Mbits/sec  1.403 ms  744/1228 (61%)  
[  5] 339.00-340.00 sec   570 KBytes  4.67 Mbits/sec  1.335 ms  772/1258 (61%)  
[  5] 340.00-341.00 sec   568 KBytes  4.66 Mbits/sec  1.360 ms  765/1250 (61%)  
[  5] 341.00-342.00 sec   568 KBytes  4.66 Mbits/sec  1.479 ms  757/1242 (61%)  
[  5] 342.00-343.00 sec   568 KBytes  4.66 Mbits/sec  1.510 ms  765/1250 (61%)  
[  5] 343.00-344.00 sec   577 KBytes  4.72 Mbits/sec  1.365 ms  807/1299 (62%)  
[  5] 344.00-345.00 sec   567 KBytes  4.65 Mbits/sec  1.406 ms  772/1256 (61%)  
[  5] 345.00-346.00 sec   568 KBytes  4.66 Mbits/sec  1.427 ms  767/1252 (61%)  
[  5] 346.00-347.00 sec   545 KBytes  4.46 Mbits/sec  1.548 ms  747/1212 (62%)  
[  5] 347.00-348.00 sec   568 KBytes  4.66 Mbits/sec  1.356 ms  760/1245 (61%)  
[  5] 348.00-349.00 sec   568 KBytes  4.65 Mbits/sec  1.386 ms  760/1245 (61%)  
[  5] 349.00-350.00 sec   568 KBytes  4.66 Mbits/sec  1.312 ms  768/1253 (61%)  
[  5] 350.00-351.00 sec   568 KBytes  4.66 Mbits/sec  1.329 ms  739/1224 (60%)  
[  5] 351.00-352.00 sec   568 KBytes  4.65 Mbits/sec  1.267 ms  733/1218 (60%)  
[  5] 352.00-353.00 sec   656 KBytes  5.38 Mbits/sec  1.334 ms  857/1417 (60%)  
[  5] 353.00-354.00 sec   568 KBytes  4.66 Mbits/sec  1.435 ms  755/1240 (61%)  
[  5] 354.00-355.00 sec   568 KBytes  4.66 Mbits/sec  1.513 ms  780/1265 (62%)  
[  5] 355.00-356.00 sec   568 KBytes  4.66 Mbits/sec  1.442 ms  775/1260 (62%)  
[  5] 356.00-357.00 sec   625 KBytes  5.12 Mbits/sec  1.443 ms  867/1400 (62%)  
[  5] 357.00-358.00 sec   568 KBytes  4.66 Mbits/sec  1.371 ms  737/1222 (60%)  
[  5] 358.00-359.00 sec   648 KBytes  5.31 Mbits/sec  1.309 ms  851/1404 (61%)  
[  5] 359.00-360.00 sec   568 KBytes  4.65 Mbits/sec  1.330 ms  772/1257 (61%)  
[  5] 360.00-361.00 sec   568 KBytes  4.65 Mbits/sec  1.633 ms  798/1283 (62%)  
[  5] 361.00-362.00 sec   568 KBytes  4.66 Mbits/sec  1.407 ms  816/1301 (63%)  
[  5] 362.00-363.00 sec   577 KBytes  4.72 Mbits/sec  1.465 ms  862/1354 (64%)  
[  5] 363.00-364.00 sec   648 KBytes  5.32 Mbits/sec  1.554 ms  880/1433 (61%)  
[  5] 364.00-365.00 sec   568 KBytes  4.66 Mbits/sec  1.337 ms  716/1201 (60%)  
[  5] 365.00-366.00 sec   568 KBytes  4.65 Mbits/sec  1.316 ms  755/1240 (61%)  
[  5] 366.00-367.00 sec   625 KBytes  5.12 Mbits/sec  1.295 ms  847/1380 (61%)  
[  5] 367.00-368.00 sec   568 KBytes  4.66 Mbits/sec  1.309 ms  708/1193 (59%)  
[  5] 368.00-369.00 sec   568 KBytes  4.66 Mbits/sec  1.438 ms  703/1188 (59%)  
[  5] 369.00-370.00 sec   656 KBytes  5.38 Mbits/sec  1.300 ms  806/1366 (59%)  
[  5] 370.00-371.00 sec   568 KBytes  4.65 Mbits/sec  1.433 ms  751/1236 (61%)  
[  5] 371.00-372.00 sec   568 KBytes  4.66 Mbits/sec  1.457 ms  746/1231 (61%)  
[  5] 372.00-373.00 sec   568 KBytes  4.66 Mbits/sec  1.324 ms  718/1203 (60%)  
[  5] 373.00-374.00 sec   568 KBytes  4.66 Mbits/sec  1.370 ms  695/1180 (59%)  
[  5] 374.00-375.00 sec   545 KBytes  4.46 Mbits/sec  1.432 ms  663/1128 (59%)  
[  5] 375.00-376.00 sec   648 KBytes  5.31 Mbits/sec  1.355 ms  823/1376 (60%)  
[  5] 376.00-377.00 sec   568 KBytes  4.66 Mbits/sec  1.412 ms  709/1194 (59%)  
[  5] 377.00-378.00 sec   568 KBytes  4.66 Mbits/sec  1.417 ms  727/1212 (60%)  
[  5] 378.00-379.00 sec   568 KBytes  4.65 Mbits/sec  1.400 ms  733/1218 (60%)  
[  5] 379.00-380.00 sec   577 KBytes  4.72 Mbits/sec  1.323 ms  765/1257 (61%)  
[  5] 380.00-381.00 sec   648 KBytes  5.31 Mbits/sec  1.325 ms  825/1378 (60%)  
[  5] 381.00-382.00 sec   568 KBytes  4.66 Mbits/sec  1.442 ms  724/1209 (60%)  
[  5] 382.00-383.00 sec   568 KBytes  4.66 Mbits/sec  1.312 ms  706/1191 (59%)  
[  5] 383.00-384.00 sec   489 KBytes  4.00 Mbits/sec  1.298 ms  608/1025 (59%)  
[  5] 384.00-385.00 sec   568 KBytes  4.66 Mbits/sec  1.420 ms  695/1180 (59%)  
[  5] 385.00-386.00 sec   656 KBytes  5.38 Mbits/sec  1.300 ms  816/1376 (59%)  
[  5] 386.00-387.00 sec   568 KBytes  4.66 Mbits/sec  1.422 ms  726/1211 (60%)  
[  5] 387.00-388.00 sec   537 KBytes  4.40 Mbits/sec  1.740 ms  717/1175 (61%)  
[  5] 388.00-389.00 sec   568 KBytes  4.66 Mbits/sec  1.327 ms  732/1217 (60%)  
[  5] 389.00-390.00 sec   577 KBytes  4.72 Mbits/sec  1.358 ms  745/1237 (60%)  
[  5] 390.00-391.00 sec   488 KBytes  3.99 Mbits/sec  1.449 ms  646/1062 (61%)  
[  5] 391.00-392.00 sec   568 KBytes  4.66 Mbits/sec  1.437 ms  753/1238 (61%)  
[  5] 392.00-393.00 sec   568 KBytes  4.66 Mbits/sec  1.290 ms  731/1216 (60%)  
[  5] 393.00-394.00 sec   568 KBytes  4.66 Mbits/sec  1.352 ms  745/1230 (61%)  
[  5] 394.00-395.00 sec   568 KBytes  4.66 Mbits/sec  1.316 ms  733/1218 (60%)  
[  5] 395.00-396.00 sec   568 KBytes  4.66 Mbits/sec  1.381 ms  735/1220 (60%)  
[  5] 396.00-397.00 sec   568 KBytes  4.66 Mbits/sec  1.374 ms  720/1205 (60%)  
[  5] 397.00-398.00 sec   568 KBytes  4.66 Mbits/sec  1.396 ms  742/1227 (60%)  
[  5] 398.00-399.00 sec   545 KBytes  4.46 Mbits/sec  1.302 ms  659/1124 (59%)  
[  5] 399.00-400.00 sec   568 KBytes  4.66 Mbits/sec  1.395 ms  833/1318 (63%)  
[  5] 400.00-401.00 sec   568 KBytes  4.64 Mbits/sec  1.314 ms  791/1276 (62%)  
[  5] 401.00-402.00 sec   577 KBytes  4.74 Mbits/sec  1.323 ms  790/1282 (62%)  
