Connecting to host 172.22.0.50, port 5201
Reverse mode, remote host 172.22.0.50 is sending
[  5] local 192.168.100.2 port 39138 connected to 172.22.0.50 port 5201
[ ID] Interval           Transfer     Bitrate         Jitter    Lost/Total Datagrams
[  5]   0.00-1.00   sec  1.43 MBytes  12.0 Mbits/sec  1.034 ms  0/1252 (0%)  
[  5]   1.00-2.00   sec  1.43 MBytes  12.0 Mbits/sec  0.837 ms  0/1246 (0%)  
[  5]   2.00-3.00   sec  1.44 MBytes  12.1 Mbits/sec  0.730 ms  0/1256 (0%)  
[  5]   3.00-4.00   sec  1.43 MBytes  12.0 Mbits/sec  0.888 ms  0/1250 (0%)  
[  5]   4.00-5.00   sec  1.43 MBytes  12.0 Mbits/sec  0.799 ms  0/1250 (0%)  
[  5]   5.00-6.00   sec  1.43 MBytes  12.0 Mbits/sec  0.885 ms  0/1249 (0%)  
[  5]   6.00-7.00   sec  1.43 MBytes  12.0 Mbits/sec  0.811 ms  0/1250 (0%)  
[  5]   7.00-8.00   sec  1.43 MBytes  12.0 Mbits/sec  1.005 ms  0/1248 (0%)  
[  5]   8.00-9.00   sec  1.43 MBytes  12.0 Mbits/sec  0.959 ms  0/1253 (0%)  
[  5]   9.00-10.00  sec  1.43 MBytes  12.0 Mbits/sec  0.987 ms  0/1248 (0%)  
[  5]  10.00-11.00  sec  1.43 MBytes  12.0 Mbits/sec  0.732 ms  0/1251 (0%)  
[  5]  11.00-12.00  sec  1.42 MBytes  11.9 Mbits/sec  0.996 ms  0/1240 (0%)  
[  5]  12.00-13.00  sec  1.44 MBytes  12.0 Mbits/sec  0.930 ms  0/1255 (0%)  
[  5]  13.00-14.00  sec  1.44 MBytes  12.0 Mbits/sec  1.016 ms  0/1257 (0%)  
[  5]  14.00-15.00  sec  1.43 MBytes  12.0 Mbits/sec  0.972 ms  0/1248 (0%)  
[  5]  15.00-16.00  sec  1.29 MBytes  10.8 Mbits/sec  1.638 ms  0/1123 (0%)  
[  5]  16.00-17.00  sec   633 KBytes  5.18 Mbits/sec  1.315 ms  0/540 (0%)  
[  5]  17.00-18.00  sec   641 KBytes  5.25 Mbits/sec  1.069 ms  0/547 (0%)  
[  5]  18.00-19.00  sec   638 KBytes  5.22 Mbits/sec  1.325 ms  0/544 (0%)  
[  5]  19.00-20.00  sec   639 KBytes  5.23 Mbits/sec  1.348 ms  0/545 (0%)  
[  5]  20.00-21.00  sec   627 KBytes  5.14 Mbits/sec  1.262 ms  0/535 (0%)  
[  5]  21.00-22.00  sec   703 KBytes  5.76 Mbits/sec  1.122 ms  0/600 (0%)  
[  5]  22.00-23.00  sec   715 KBytes  5.86 Mbits/sec  1.104 ms  0/610 (0%)  
[  5]  23.00-24.00  sec   710 KBytes  5.82 Mbits/sec  1.258 ms  0/606 (0%)  
[  5]  24.00-25.00  sec   716 KBytes  5.87 Mbits/sec  1.338 ms  0/611 (0%)  
[  5]  25.00-26.00  sec   709 KBytes  5.80 Mbits/sec  1.072 ms  0/605 (0%)  
[  5]  26.00-27.00  sec   680 KBytes  5.57 Mbits/sec  1.323 ms  0/580 (0%)  
[  5]  27.00-28.00  sec   687 KBytes  5.63 Mbits/sec  1.184 ms  0/586 (0%)  
[  5]  28.00-29.00  sec   668 KBytes  5.47 Mbits/sec  1.143 ms  0/570 (0%)  
[  5]  29.00-30.00  sec   669 KBytes  5.48 Mbits/sec  1.138 ms  0/571 (0%)  
[  5]  30.00-31.00  sec   690 KBytes  5.65 Mbits/sec  1.057 ms  0/589 (0%)  
[  5]  31.00-32.00  sec   763 KBytes  6.25 Mbits/sec  0.970 ms  0/651 (0%)  
[  5]  32.00-33.00  sec   771 KBytes  6.32 Mbits/sec  1.054 ms  0/658 (0%)  
[  5]  33.00-34.00  sec   755 KBytes  6.18 Mbits/sec  1.066 ms  0/644 (0%)  
[  5]  34.00-35.00  sec   759 KBytes  6.23 Mbits/sec  0.946 ms  0/648 (0%)  
[  5]  35.00-36.00  sec   769 KBytes  6.30 Mbits/sec  1.062 ms  0/656 (0%)  
[  5]  36.00-37.00  sec   738 KBytes  6.05 Mbits/sec  1.043 ms  0/630 (0%)  
[  5]  37.00-38.00  sec   743 KBytes  6.08 Mbits/sec  1.142 ms  0/634 (0%)  
[  5]  38.00-39.00  sec   750 KBytes  6.15 Mbits/sec  1.203 ms  0/640 (0%)  
[  5]  39.00-40.00  sec   750 KBytes  6.14 Mbits/sec  1.074 ms  0/640 (0%)  
[  5]  40.00-41.00  sec   578 KBytes  4.73 Mbits/sec  2.737 ms  18/511 (3.5%)  
[  5]  41.00-42.00  sec   797 KBytes  6.53 Mbits/sec  1.216 ms  801/1481 (54%)  
[  5]  42.00-43.00  sec   797 KBytes  6.53 Mbits/sec  1.227 ms  812/1492 (54%)  
[  5]  43.00-44.00  sec   816 KBytes  6.68 Mbits/sec  1.132 ms  735/1431 (51%)  
[  5]  44.00-45.00  sec   722 KBytes  5.91 Mbits/sec  1.112 ms  560/1176 (48%)  
[  5]  45.00-46.00  sec   813 KBytes  6.66 Mbits/sec  1.168 ms  627/1321 (47%)  
[  5]  46.00-47.00  sec   722 KBytes  5.91 Mbits/sec  1.079 ms  578/1194 (48%)  
[  5]  47.00-48.00  sec   791 KBytes  6.48 Mbits/sec  1.017 ms  627/1302 (48%)  
[  5]  48.00-49.00  sec   812 KBytes  6.65 Mbits/sec  1.124 ms  648/1341 (48%)  
[  5]  49.00-50.00  sec   812 KBytes  6.65 Mbits/sec  1.146 ms  674/1367 (49%)  
[  5]  50.00-51.00  sec   715 KBytes  5.86 Mbits/sec  1.350 ms  597/1207 (49%)  
[  5]  51.00-52.00  sec   813 KBytes  6.66 Mbits/sec  1.045 ms  659/1353 (49%)  
[  5]  52.00-53.00  sec   791 KBytes  6.48 Mbits/sec  1.081 ms  636/1311 (49%)  
[  5]  53.00-54.00  sec   722 KBytes  5.92 Mbits/sec  1.058 ms  593/1209 (49%)  
[  5]  54.00-55.00  sec   812 KBytes  6.65 Mbits/sec  1.134 ms  597/1290 (46%)  
[  5]  55.00-56.00  sec   813 KBytes  6.67 Mbits/sec  1.056 ms  594/1288 (46%)  
[  5]  56.00-57.00  sec   693 KBytes  5.67 Mbits/sec  1.130 ms  518/1109 (47%)  
[  5]  57.00-58.00  sec   811 KBytes  6.64 Mbits/sec  1.184 ms  623/1315 (47%)  
[  5]  58.00-59.00  sec   723 KBytes  5.92 Mbits/sec  1.125 ms  567/1184 (48%)  
[  5]  59.00-60.00  sec   821 KBytes  6.73 Mbits/sec  1.070 ms  615/1316 (47%)  
[  5]  60.00-61.00  sec   783 KBytes  6.41 Mbits/sec  1.203 ms  596/1264 (47%)  
[  5]  61.00-62.00  sec   723 KBytes  5.92 Mbits/sec  1.103 ms  526/1143 (46%)  
[  5]  62.00-63.00  sec   812 KBytes  6.65 Mbits/sec  1.095 ms  581/1274 (46%)  
[  5]  63.00-64.00  sec   821 KBytes  6.73 Mbits/sec  1.058 ms  622/1323 (47%)  
[  5]  64.00-65.00  sec   812 KBytes  6.66 Mbits/sec  1.124 ms  608/1301 (47%)  
[  5]  65.00-66.00  sec   691 KBytes  5.66 Mbits/sec  1.065 ms  546/1136 (48%)  
[  5]  66.00-67.00  sec   799 KBytes  6.55 Mbits/sec  1.140 ms  647/1329 (49%)  
[  5]  67.00-68.00  sec   813 KBytes  6.66 Mbits/sec  1.132 ms  589/1283 (46%)  
[  5]  68.00-69.00  sec   723 KBytes  5.92 Mbits/sec  1.114 ms  547/1164 (47%)  
[  5]  69.00-70.00  sec   792 KBytes  6.49 Mbits/sec  1.059 ms  607/1283 (47%)  
[  5]  70.00-71.00  sec   712 KBytes  5.84 Mbits/sec  1.164 ms  529/1137 (47%)  
[  5]  71.00-72.00  sec   823 KBytes  6.74 Mbits/sec  1.078 ms  630/1332 (47%)  
[  5]  72.00-73.00  sec   721 KBytes  5.90 Mbits/sec  1.069 ms  540/1155 (47%)  
[  5]  73.00-74.00  sec   812 KBytes  6.66 Mbits/sec  1.118 ms  644/1337 (48%)  
[  5]  74.00-75.00  sec   820 KBytes  6.72 Mbits/sec  1.053 ms  637/1337 (48%)  
[  5]  75.00-76.00  sec   784 KBytes  6.42 Mbits/sec  0.990 ms  571/1240 (46%)  
[  5]  76.00-77.00  sec   722 KBytes  5.91 Mbits/sec  1.018 ms  520/1136 (46%)  
[  5]  77.00-78.00  sec   813 KBytes  6.67 Mbits/sec  1.125 ms  599/1293 (46%)  
[  5]  78.00-79.00  sec   722 KBytes  5.91 Mbits/sec  1.092 ms  535/1151 (46%)  
[  5]  79.00-80.00  sec   812 KBytes  6.65 Mbits/sec  1.081 ms  599/1292 (46%)  
[  5]  80.00-81.00  sec   820 KBytes  6.72 Mbits/sec  1.045 ms  627/1327 (47%)  
[  5]  81.00-82.00  sec   693 KBytes  5.67 Mbits/sec  1.065 ms  559/1150 (49%)  
[  5]  82.00-83.00  sec   812 KBytes  6.65 Mbits/sec  1.101 ms  633/1326 (48%)  
[  5]  83.00-84.00  sec   813 KBytes  6.66 Mbits/sec  1.094 ms  630/1324 (48%)  
[  5]  84.00-85.00  sec   821 KBytes  6.73 Mbits/sec  1.043 ms  635/1336 (48%)  
[  5]  85.00-86.00  sec   711 KBytes  5.83 Mbits/sec  1.142 ms  529/1136 (47%)  
[  5]  86.00-87.00  sec   821 KBytes  6.73 Mbits/sec  1.087 ms  621/1322 (47%)  
[  5]  87.00-88.00  sec   693 KBytes  5.67 Mbits/sec  0.960 ms  507/1098 (46%)  
[  5]  88.00-89.00  sec   812 KBytes  6.65 Mbits/sec  1.086 ms  607/1300 (47%)  
[  5]  89.00-90.00  sec   696 KBytes  5.70 Mbits/sec  1.073 ms  563/1157 (49%)  
[  5]  90.00-91.00  sec   840 KBytes  6.88 Mbits/sec  1.082 ms  635/1352 (47%)  
[  5]  91.00-92.00  sec   697 KBytes  5.71 Mbits/sec  0.956 ms  525/1120 (47%)  
[  5]  92.00-93.00  sec   812 KBytes  6.65 Mbits/sec  1.058 ms  583/1276 (46%)  
[  5]  93.00-94.00  sec   812 KBytes  6.65 Mbits/sec  1.088 ms  599/1292 (46%)  
[  5]  94.00-95.00  sec   693 KBytes  5.67 Mbits/sec  1.085 ms  520/1111 (47%)  
[  5]  95.00-96.00  sec   812 KBytes  6.65 Mbits/sec  1.106 ms  601/1294 (46%)  
[  5]  96.00-97.00  sec   821 KBytes  6.73 Mbits/sec  0.996 ms  611/1312 (47%)  
[  5]  97.00-98.00  sec   715 KBytes  5.86 Mbits/sec  1.016 ms  547/1157 (47%)  
[  5]  98.00-99.00  sec   814 KBytes  6.67 Mbits/sec  1.079 ms  656/1351 (49%)  
[  5]  99.00-100.00 sec   812 KBytes  6.65 Mbits/sec  1.102 ms  666/1359 (49%)  
[  5] 100.00-101.00 sec   691 KBytes  5.66 Mbits/sec  1.193 ms  540/1130 (48%)  
[  5] 101.00-102.00 sec   812 KBytes  6.66 Mbits/sec  1.083 ms  620/1313 (47%)  
[  5] 102.00-103.00 sec   723 KBytes  5.92 Mbits/sec  1.062 ms  563/1180 (48%)  
[  5] 103.00-104.00 sec   812 KBytes  6.65 Mbits/sec  1.055 ms  615/1308 (47%)  
[  5] 104.00-105.00 sec   791 KBytes  6.48 Mbits/sec  1.000 ms  594/1269 (47%)  
[  5] 105.00-106.00 sec   714 KBytes  5.85 Mbits/sec  1.114 ms  519/1128 (46%)  
[  5] 106.00-107.00 sec   824 KBytes  6.75 Mbits/sec  1.085 ms  643/1346 (48%)  
[  5] 107.00-108.00 sec   670 KBytes  5.49 Mbits/sec  1.040 ms  552/1124 (49%)  
[  5] 108.00-109.00 sec   812 KBytes  6.65 Mbits/sec  1.151 ms  616/1309 (47%)  
[  5] 109.00-110.00 sec   811 KBytes  6.64 Mbits/sec  1.153 ms  607/1299 (47%)  
[  5] 110.00-111.00 sec   722 KBytes  5.91 Mbits/sec  1.118 ms  535/1151 (46%)  
[  5] 111.00-112.00 sec   803 KBytes  6.58 Mbits/sec  1.040 ms  627/1312 (48%)  
[  5] 112.00-113.00 sec   800 KBytes  6.56 Mbits/sec  1.187 ms  612/1295 (47%)  
[  5] 113.00-114.00 sec   722 KBytes  5.91 Mbits/sec  1.129 ms  577/1193 (48%)  
[  5] 114.00-115.00 sec   783 KBytes  6.42 Mbits/sec  1.135 ms  620/1288 (48%)  
[  5] 115.00-116.00 sec   812 KBytes  6.65 Mbits/sec  1.122 ms  659/1352 (49%)  
[  5] 116.00-117.00 sec   723 KBytes  5.92 Mbits/sec  1.129 ms  552/1169 (47%)  
[  5] 117.00-118.00 sec   821 KBytes  6.73 Mbits/sec  1.076 ms  636/1337 (48%)  
[  5] 118.00-119.00 sec   712 KBytes  5.83 Mbits/sec  1.152 ms  549/1157 (47%)  
[  5] 119.00-120.00 sec   821 KBytes  6.73 Mbits/sec  1.125 ms  630/1331 (47%)  
[  5] 120.00-121.00 sec   691 KBytes  5.66 Mbits/sec  1.092 ms  525/1115 (47%)  
[  5] 121.00-122.00 sec   812 KBytes  6.66 Mbits/sec  1.040 ms  588/1281 (46%)  
[  5] 122.00-123.00 sec   810 KBytes  6.63 Mbits/sec  1.130 ms  613/1304 (47%)  
[  5] 123.00-124.00 sec   820 KBytes  6.72 Mbits/sec  1.098 ms  614/1314 (47%)  
[  5] 124.00-125.00 sec   723 KBytes  5.92 Mbits/sec  1.041 ms  547/1164 (47%)  
[  5] 125.00-126.00 sec   780 KBytes  6.39 Mbits/sec  1.042 ms  570/1236 (46%)  
[  5] 126.00-127.00 sec   722 KBytes  5.91 Mbits/sec  0.989 ms  539/1155 (47%)  
[  5] 127.00-128.00 sec   843 KBytes  6.90 Mbits/sec  1.042 ms  626/1345 (47%)  
[  5] 128.00-129.00 sec   689 KBytes  5.64 Mbits/sec  1.097 ms  543/1131 (48%)  
[  5] 129.00-130.00 sec   813 KBytes  6.66 Mbits/sec  1.119 ms  635/1329 (48%)  
[  5] 130.00-131.00 sec   817 KBytes  6.69 Mbits/sec  1.176 ms  652/1349 (48%)  
[  5] 131.00-132.00 sec   720 KBytes  5.89 Mbits/sec  1.074 ms  563/1177 (48%)  
[  5] 132.00-133.00 sec   793 KBytes  6.50 Mbits/sec  1.053 ms  629/1306 (48%)  
[  5] 133.00-134.00 sec   812 KBytes  6.65 Mbits/sec  1.066 ms  603/1296 (47%)  
[  5] 134.00-135.00 sec   722 KBytes  5.91 Mbits/sec  1.085 ms  532/1148 (46%)  
[  5] 135.00-136.00 sec   812 KBytes  6.65 Mbits/sec  1.129 ms  606/1299 (47%)  
[  5] 136.00-137.00 sec   722 KBytes  5.91 Mbits/sec  1.035 ms  529/1145 (46%)  
[  5] 137.00-138.00 sec   782 KBytes  6.41 Mbits/sec  1.071 ms  603/1270 (47%)  
[  5] 138.00-139.00 sec   704 KBytes  5.77 Mbits/sec  0.985 ms  590/1191 (50%)  
[  5] 139.00-140.00 sec   810 KBytes  6.63 Mbits/sec  1.085 ms  629/1320 (48%)  
[  5] 140.00-141.00 sec   818 KBytes  6.70 Mbits/sec  1.147 ms  628/1326 (47%)  
[  5] 141.00-142.00 sec   691 KBytes  5.66 Mbits/sec  0.979 ms  503/1093 (46%)  
[  5] 142.00-143.00 sec   812 KBytes  6.65 Mbits/sec  1.111 ms  621/1314 (47%)  
[  5] 143.00-144.00 sec   846 KBytes  6.94 Mbits/sec  1.136 ms  664/1386 (48%)  
[  5] 144.00-145.00 sec   691 KBytes  5.66 Mbits/sec  1.057 ms  496/1086 (46%)  
[  5] 145.00-146.00 sec   812 KBytes  6.65 Mbits/sec  1.064 ms  617/1310 (47%)  
[  5] 146.00-147.00 sec   721 KBytes  5.90 Mbits/sec  1.134 ms  571/1186 (48%)  
[  5] 147.00-148.00 sec   812 KBytes  6.65 Mbits/sec  1.082 ms  653/1346 (49%)  
[  5] 148.00-149.00 sec   691 KBytes  5.66 Mbits/sec  1.229 ms  563/1153 (49%)  
[  5] 149.00-150.00 sec   821 KBytes  6.73 Mbits/sec  1.060 ms  643/1344 (48%)  
[  5] 150.00-151.00 sec   812 KBytes  6.65 Mbits/sec  1.119 ms  614/1307 (47%)  
[  5] 151.00-152.00 sec   722 KBytes  5.91 Mbits/sec  1.164 ms  533/1149 (46%)  
[  5] 152.00-153.00 sec   812 KBytes  6.65 Mbits/sec  1.084 ms  613/1306 (47%)  
[  5] 153.00-154.00 sec   721 KBytes  5.90 Mbits/sec  1.057 ms  535/1150 (47%)  
[  5] 154.00-155.00 sec   825 KBytes  6.76 Mbits/sec  1.042 ms  620/1324 (47%)  
[  5] 155.00-156.00 sec   780 KBytes  6.39 Mbits/sec  1.093 ms  591/1257 (47%)  
[  5] 156.00-157.00 sec   717 KBytes  5.88 Mbits/sec  1.083 ms  545/1157 (47%)  
[  5] 157.00-158.00 sec   824 KBytes  6.75 Mbits/sec  1.072 ms  633/1336 (47%)  
[  5] 158.00-159.00 sec   813 KBytes  6.66 Mbits/sec  1.037 ms  623/1317 (47%)  
[  5] 159.00-160.00 sec   691 KBytes  5.66 Mbits/sec  1.129 ms  539/1129 (48%)  
[  5] 160.00-161.00 sec   813 KBytes  6.66 Mbits/sec  1.125 ms  632/1326 (48%)  
[  5] 161.00-162.00 sec   812 KBytes  6.65 Mbits/sec  1.092 ms  619/1312 (47%)  
[  5] 162.00-163.00 sec   724 KBytes  5.93 Mbits/sec  1.154 ms  563/1181 (48%)  
[  5] 163.00-164.00 sec   810 KBytes  6.63 Mbits/sec  1.138 ms  643/1334 (48%)  
[  5] 164.00-165.00 sec   698 KBytes  5.72 Mbits/sec  1.012 ms  527/1123 (47%)  
[  5] 165.00-166.00 sec   813 KBytes  6.66 Mbits/sec  1.114 ms  613/1307 (47%)  
[  5] 166.00-167.00 sec   721 KBytes  5.90 Mbits/sec  1.110 ms  540/1155 (47%)  
[  5] 167.00-168.00 sec   812 KBytes  6.65 Mbits/sec  1.153 ms  605/1298 (47%)  
[  5] 168.00-169.00 sec   691 KBytes  5.66 Mbits/sec  1.111 ms  519/1109 (47%)  
[  5] 169.00-170.00 sec   851 KBytes  6.97 Mbits/sec  1.047 ms  654/1380 (47%)  
[  5] 170.00-171.00 sec   782 KBytes  6.40 Mbits/sec  1.062 ms  584/1251 (47%)  
[  5] 171.00-172.00 sec   712 KBytes  5.83 Mbits/sec  1.125 ms  543/1151 (47%)  
[  5] 172.00-173.00 sec   823 KBytes  6.74 Mbits/sec  1.020 ms  630/1332 (47%)  
[  5] 173.00-174.00 sec   813 KBytes  6.66 Mbits/sec  1.103 ms  625/1319 (47%)  
[  5] 174.00-175.00 sec   691 KBytes  5.66 Mbits/sec  1.100 ms  514/1104 (47%)  
[  5] 175.00-176.00 sec   812 KBytes  6.65 Mbits/sec  1.137 ms  630/1323 (48%)  
[  5] 176.00-177.00 sec   723 KBytes  5.92 Mbits/sec  1.077 ms  564/1181 (48%)  
[  5] 177.00-178.00 sec   813 KBytes  6.66 Mbits/sec  1.118 ms  637/1331 (48%)  
[  5] 178.00-179.00 sec   693 KBytes  5.67 Mbits/sec  1.115 ms  541/1132 (48%)  
[  5] 179.00-180.00 sec   799 KBytes  6.55 Mbits/sec  1.109 ms  666/1348 (49%)  
[  5] 180.00-181.00 sec   723 KBytes  5.92 Mbits/sec  1.115 ms  584/1201 (49%)  
[  5] 181.00-182.00 sec   823 KBytes  6.74 Mbits/sec  0.990 ms  621/1323 (47%)  
[  5] 182.00-183.00 sec   682 KBytes  5.59 Mbits/sec  1.161 ms  524/1106 (47%)  
[  5] 183.00-184.00 sec   821 KBytes  6.73 Mbits/sec  1.059 ms  632/1333 (47%)  
[  5] 184.00-185.00 sec   723 KBytes  5.92 Mbits/sec  0.971 ms  545/1162 (47%)  
[  5] 185.00-186.00 sec   722 KBytes  5.91 Mbits/sec  0.864 ms  525/1141 (46%)  
[  5] 186.00-187.00 sec   812 KBytes  6.66 Mbits/sec  1.007 ms  615/1308 (47%)  
[  5] 187.00-188.00 sec   691 KBytes  5.66 Mbits/sec  1.107 ms  558/1148 (49%)  
[  5] 188.00-189.00 sec   813 KBytes  6.66 Mbits/sec  1.123 ms  631/1325 (48%)  
[  5] 189.00-190.00 sec   722 KBytes  5.91 Mbits/sec  1.108 ms  594/1210 (49%)  
[  5] 190.00-191.00 sec   811 KBytes  6.64 Mbits/sec  1.204 ms  621/1313 (47%)  
[  5] 191.00-192.00 sec   693 KBytes  5.67 Mbits/sec  1.050 ms  529/1120 (47%)  
[  5] 192.00-193.00 sec   820 KBytes  6.72 Mbits/sec  1.141 ms  630/1330 (47%)  
[  5] 193.00-194.00 sec   712 KBytes  5.84 Mbits/sec  1.094 ms  534/1142 (47%)  
[  5] 194.00-195.00 sec   821 KBytes  6.73 Mbits/sec  1.075 ms  649/1350 (48%)  
[  5] 195.00-196.00 sec   702 KBytes  5.75 Mbits/sec  1.100 ms  615/1214 (51%)  
[  5] 196.00-197.00 sec   779 KBytes  6.38 Mbits/sec  1.116 ms  622/1287 (48%)  
[  5] 197.00-198.00 sec   717 KBytes  5.88 Mbits/sec  1.114 ms  596/1208 (49%)  
[  5] 198.00-199.00 sec   821 KBytes  6.73 Mbits/sec  1.104 ms  650/1351 (48%)  
[  5] 199.00-200.00 sec   813 KBytes  6.66 Mbits/sec  1.142 ms  640/1334 (48%)  
[  5] 200.00-201.00 sec   691 KBytes  5.66 Mbits/sec  1.111 ms  559/1149 (49%)  
[  5] 201.00-202.00 sec   821 KBytes  6.73 Mbits/sec  1.081 ms  663/1364 (49%)  
[  5] 202.00-203.00 sec   712 KBytes  5.84 Mbits/sec  1.171 ms  548/1156 (47%)  
[  5] 203.00-204.00 sec   823 KBytes  6.74 Mbits/sec  1.115 ms  663/1365 (49%)  
[  5] 204.00-205.00 sec   813 KBytes  6.66 Mbits/sec  1.089 ms  679/1373 (49%)  
[  5] 205.00-206.00 sec   783 KBytes  6.41 Mbits/sec  1.131 ms  619/1287 (48%)  
[  5] 206.00-207.00 sec   721 KBytes  5.90 Mbits/sec  1.263 ms  565/1180 (48%)  
[  5] 207.00-208.00 sec   812 KBytes  6.66 Mbits/sec  1.189 ms  619/1312 (47%)  
[  5] 208.00-209.00 sec   731 KBytes  5.99 Mbits/sec  1.046 ms  588/1212 (49%)  
[  5] 209.00-210.00 sec   783 KBytes  6.41 Mbits/sec  1.053 ms  594/1262 (47%)  
[  5] 210.00-211.00 sec   721 KBytes  5.90 Mbits/sec  1.038 ms  547/1162 (47%)  
[  5] 211.00-212.00 sec   814 KBytes  6.67 Mbits/sec  1.057 ms  605/1300 (47%)  
[  5] 212.00-213.00 sec   691 KBytes  5.67 Mbits/sec  0.993 ms  536/1126 (48%)  
[  5] 213.00-214.00 sec   843 KBytes  6.90 Mbits/sec  1.086 ms  667/1386 (48%)  
[  5] 214.00-215.00 sec   691 KBytes  5.67 Mbits/sec  1.133 ms  540/1130 (48%)  
[  5] 215.00-216.00 sec   812 KBytes  6.65 Mbits/sec  1.097 ms  599/1292 (46%)  
[  5] 216.00-217.00 sec   709 KBytes  5.81 Mbits/sec  1.098 ms  544/1149 (47%)  
[  5] 217.00-218.00 sec   722 KBytes  5.91 Mbits/sec  1.079 ms  543/1159 (47%)  
[  5] 218.00-219.00 sec   821 KBytes  6.73 Mbits/sec  1.041 ms  631/1332 (47%)  
[  5] 219.00-220.00 sec   683 KBytes  5.60 Mbits/sec  1.109 ms  518/1101 (47%)  
[  5] 220.00-221.00 sec   812 KBytes  6.65 Mbits/sec  1.164 ms  646/1339 (48%)  
[  5] 221.00-222.00 sec   823 KBytes  6.74 Mbits/sec  1.069 ms  663/1365 (49%)  
[  5] 222.00-223.00 sec   720 KBytes  5.89 Mbits/sec  1.074 ms  550/1164 (47%)  
[  5] 223.00-224.00 sec   812 KBytes  6.65 Mbits/sec  1.146 ms  632/1325 (48%)  
[  5] 224.00-225.00 sec   691 KBytes  5.66 Mbits/sec  0.996 ms  539/1129 (48%)  
[  5] 225.00-226.00 sec   723 KBytes  5.92 Mbits/sec  1.021 ms  579/1196 (48%)  
[  5] 226.00-227.00 sec   812 KBytes  6.66 Mbits/sec  1.248 ms  644/1337 (48%)  
[  5] 227.00-228.00 sec   813 KBytes  6.66 Mbits/sec  1.079 ms  640/1334 (48%)  
[  5] 228.00-229.00 sec   688 KBytes  5.64 Mbits/sec  1.245 ms  582/1169 (50%)  
[  5] 229.00-230.00 sec   819 KBytes  6.71 Mbits/sec  1.092 ms  658/1357 (48%)  
[  5] 230.00-231.00 sec   814 KBytes  6.67 Mbits/sec  1.090 ms  650/1345 (48%)  
[  5] 231.00-232.00 sec   694 KBytes  5.68 Mbits/sec  1.048 ms  537/1129 (48%)  
[  5] 232.00-233.00 sec   812 KBytes  6.65 Mbits/sec  1.105 ms  603/1296 (47%)  
[  5] 233.00-234.00 sec   722 KBytes  5.91 Mbits/sec  1.103 ms  548/1164 (47%)  
[  5] 234.00-235.00 sec   811 KBytes  6.64 Mbits/sec  1.090 ms  628/1320 (48%)  
[  5] 235.00-236.00 sec   821 KBytes  6.73 Mbits/sec  1.158 ms  647/1348 (48%)  
[  5] 236.00-237.00 sec   693 KBytes  5.67 Mbits/sec  1.006 ms  570/1161 (49%)  
[  5] 237.00-238.00 sec   812 KBytes  6.65 Mbits/sec  1.113 ms  659/1352 (49%)  
[  5] 238.00-239.00 sec   806 KBytes  6.60 Mbits/sec  1.119 ms  641/1329 (48%)  
[  5] 239.00-240.00 sec   722 KBytes  5.92 Mbits/sec  1.076 ms  555/1171 (47%)  
[  5] 240.00-241.00 sec   811 KBytes  6.64 Mbits/sec  1.060 ms  610/1302 (47%)  
[  5] 241.00-242.00 sec   691 KBytes  5.66 Mbits/sec  1.136 ms  521/1111 (47%)  
[  5] 242.00-243.00 sec   823 KBytes  6.74 Mbits/sec  1.046 ms  616/1318 (47%)  
[  5] 243.00-244.00 sec   722 KBytes  5.92 Mbits/sec  0.984 ms  545/1161 (47%)  
[  5] 244.00-245.00 sec   812 KBytes  6.65 Mbits/sec  1.104 ms  632/1325 (48%)  
[  5] 245.00-246.00 sec   813 KBytes  6.66 Mbits/sec  1.074 ms  638/1332 (48%)  
[  5] 246.00-247.00 sec   693 KBytes  5.67 Mbits/sec  1.112 ms  525/1116 (47%)  
[  5] 247.00-248.00 sec   802 KBytes  6.57 Mbits/sec  1.146 ms  617/1301 (47%)  
[  5] 248.00-249.00 sec   723 KBytes  5.92 Mbits/sec  1.067 ms  547/1164 (47%)  
[  5] 249.00-250.00 sec   812 KBytes  6.65 Mbits/sec  1.085 ms  630/1323 (48%)  
[  5] 250.00-251.00 sec   722 KBytes  5.91 Mbits/sec  1.769 ms  597/1214 (49%)  
[  5] 251.00-252.00 sec   775 KBytes  6.35 Mbits/sec  1.062 ms  581/1242 (47%)  
[  5] 252.00-253.00 sec   813 KBytes  6.66 Mbits/sec  1.104 ms  652/1346 (48%)  
[  5] 253.00-254.00 sec   721 KBytes  5.90 Mbits/sec  1.100 ms  598/1213 (49%)  
[  5] 254.00-255.00 sec   784 KBytes  6.42 Mbits/sec  1.136 ms  620/1289 (48%)  
[  5] 255.00-256.00 sec   813 KBytes  6.66 Mbits/sec  1.103 ms  606/1300 (47%)  
[  5] 256.00-257.00 sec   721 KBytes  5.91 Mbits/sec  1.135 ms  556/1171 (47%)  
[  5] 257.00-258.00 sec   722 KBytes  5.91 Mbits/sec  1.135 ms  537/1153 (47%)  
[  5] 258.00-259.00 sec   812 KBytes  6.66 Mbits/sec  0.998 ms  630/1323 (48%)  
[  5] 259.00-260.00 sec   811 KBytes  6.64 Mbits/sec  1.119 ms  623/1315 (47%)  
[  5] 260.00-261.00 sec   694 KBytes  5.68 Mbits/sec  1.047 ms  515/1107 (47%)  
[  5] 261.00-262.00 sec   812 KBytes  6.65 Mbits/sec  1.117 ms  652/1345 (48%)  
[  5] 262.00-263.00 sec   811 KBytes  6.65 Mbits/sec  1.172 ms  641/1333 (48%)  
[  5] 263.00-264.00 sec   824 KBytes  6.75 Mbits/sec  1.001 ms  616/1319 (47%)  
[  5] 264.00-265.00 sec   723 KBytes  5.92 Mbits/sec  1.033 ms  548/1165 (47%)  
[  5] 265.00-266.00 sec   812 KBytes  6.65 Mbits/sec  1.100 ms  612/1305 (47%)  
[  5] 266.00-267.00 sec   722 KBytes  5.91 Mbits/sec  1.139 ms  562/1178 (48%)  
[  5] 267.00-268.00 sec   813 KBytes  6.66 Mbits/sec  1.126 ms  626/1320 (47%)  
[  5] 268.00-269.00 sec   694 KBytes  5.68 Mbits/sec  1.069 ms  532/1124 (47%)  
[  5] 269.00-270.00 sec   720 KBytes  5.89 Mbits/sec  1.062 ms  575/1189 (48%)  
[  5] 270.00-271.00 sec   818 KBytes  6.70 Mbits/sec  1.104 ms  634/1332 (48%)  
[  5] 271.00-272.00 sec   691 KBytes  5.66 Mbits/sec  1.099 ms  538/1128 (48%)  
[  5] 272.00-273.00 sec   812 KBytes  6.65 Mbits/sec  1.164 ms  612/1305 (47%)  
[  5] 273.00-274.00 sec   723 KBytes  5.92 Mbits/sec  1.068 ms  536/1153 (46%)  
[  5] 274.00-275.00 sec   813 KBytes  6.66 Mbits/sec  1.022 ms  602/1296 (46%)  
[  5] 275.00-276.00 sec   693 KBytes  5.67 Mbits/sec  1.116 ms  512/1103 (46%)  
[  5] 276.00-277.00 sec   812 KBytes  6.66 Mbits/sec  1.109 ms  601/1294 (46%)  
[  5] 277.00-278.00 sec   727 KBytes  5.95 Mbits/sec  1.065 ms  584/1204 (49%)  
[  5] 278.00-279.00 sec   810 KBytes  6.63 Mbits/sec  1.103 ms  625/1316 (47%)  
[  5] 279.00-280.00 sec   695 KBytes  5.69 Mbits/sec  0.995 ms  539/1132 (48%)  
[  5] 280.00-281.00 sec   813 KBytes  6.66 Mbits/sec  1.137 ms  631/1325 (48%)  
[  5] 281.00-282.00 sec   722 KBytes  5.91 Mbits/sec  1.072 ms  566/1182 (48%)  
[  5] 282.00-283.00 sec   691 KBytes  5.66 Mbits/sec  1.084 ms  582/1172 (50%)  
[  5] 283.00-284.00 sec   814 KBytes  6.67 Mbits/sec  1.106 ms  651/1346 (48%)  
[  5] 284.00-285.00 sec   723 KBytes  5.93 Mbits/sec  0.985 ms  584/1201 (49%)  
[  5] 285.00-286.00 sec   765 KBytes  6.27 Mbits/sec  1.641 ms  624/1277 (49%)  
[  5] 286.00-287.00 sec   739 KBytes  6.06 Mbits/sec  0.977 ms  563/1194 (47%)  
[  5] 287.00-288.00 sec   813 KBytes  6.66 Mbits/sec  1.077 ms  641/1335 (48%)  
[  5] 288.00-289.00 sec   722 KBytes  5.90 Mbits/sec  1.074 ms  562/1178 (48%)  
[  5] 289.00-290.00 sec   813 KBytes  6.67 Mbits/sec  1.222 ms  647/1341 (48%)  
[  5] 290.00-291.00 sec   723 KBytes  5.92 Mbits/sec  1.085 ms  574/1191 (48%)  
[  5] 291.00-292.00 sec   811 KBytes  6.64 Mbits/sec  1.113 ms  645/1337 (48%)  
[  5] 292.00-293.00 sec   792 KBytes  6.49 Mbits/sec  1.097 ms  650/1326 (49%)  
[  5] 293.00-294.00 sec   711 KBytes  5.83 Mbits/sec  1.141 ms  574/1181 (49%)  
[  5] 294.00-295.00 sec   821 KBytes  6.73 Mbits/sec  1.123 ms  675/1376 (49%)  
[  5] 295.00-296.00 sec   813 KBytes  6.66 Mbits/sec  1.127 ms  681/1375 (50%)  
[  5] 296.00-297.00 sec   812 KBytes  6.65 Mbits/sec  1.111 ms  649/1342 (48%)  
[  5] 297.00-298.00 sec   691 KBytes  5.66 Mbits/sec  1.089 ms  565/1155 (49%)  
[  5] 298.00-299.00 sec   723 KBytes  5.92 Mbits/sec  1.098 ms  566/1183 (48%)  
[  5] 299.00-300.00 sec   812 KBytes  6.65 Mbits/sec  1.124 ms  627/1320 (48%)  
[  5] 300.00-301.00 sec   723 KBytes  5.92 Mbits/sec  1.068 ms  544/1161 (47%)  
[  5] 301.00-302.00 sec   792 KBytes  6.49 Mbits/sec  1.105 ms  626/1302 (48%)  
[  5] 302.00-303.00 sec   722 KBytes  5.91 Mbits/sec  1.083 ms  566/1182 (48%)  
[  5] 303.00-304.00 sec   812 KBytes  6.65 Mbits/sec  1.087 ms  624/1317 (47%)  
[  5] 304.00-305.00 sec   799 KBytes  6.55 Mbits/sec  1.365 ms  602/1284 (47%)  
[  5] 305.00-306.00 sec   723 KBytes  5.92 Mbits/sec  1.041 ms  545/1162 (47%)  
[  5] 306.00-307.00 sec   693 KBytes  5.68 Mbits/sec  1.158 ms  525/1116 (47%)  
[  5] 307.00-308.00 sec   812 KBytes  6.65 Mbits/sec  1.091 ms  609/1302 (47%)  
[  5] 308.00-309.00 sec   821 KBytes  6.73 Mbits/sec  0.997 ms  615/1316 (47%)  
[  5] 309.00-310.00 sec   693 KBytes  5.67 Mbits/sec  1.065 ms  549/1140 (48%)  
[  5] 310.00-311.00 sec   809 KBytes  6.62 Mbits/sec  1.119 ms  635/1325 (48%)  
[  5] 311.00-312.00 sec   817 KBytes  6.69 Mbits/sec  1.081 ms  644/1341 (48%)  
[  5] 312.00-313.00 sec   718 KBytes  5.88 Mbits/sec  1.233 ms  576/1189 (48%)  
[  5] 313.00-314.00 sec   799 KBytes  6.55 Mbits/sec  1.316 ms  644/1326 (49%)  
[  5] 314.00-315.00 sec   693 KBytes  5.67 Mbits/sec  1.148 ms  553/1144 (48%)  
[  5] 315.00-316.00 sec   812 KBytes  6.65 Mbits/sec  1.095 ms  625/1318 (47%)  
[  5] 316.00-317.00 sec   723 KBytes  5.92 Mbits/sec  1.041 ms  558/1175 (47%)  
[  5] 317.00-318.00 sec   693 KBytes  5.67 Mbits/sec  1.106 ms  525/1116 (47%)  
[  5] 318.00-319.00 sec   623 KBytes  5.11 Mbits/sec  1.077 ms  518/1050 (49%)  
[  5] 319.00-320.00 sec   691 KBytes  5.66 Mbits/sec  1.164 ms  568/1158 (49%)  
[  5] 320.00-321.00 sec   722 KBytes  5.91 Mbits/sec  1.034 ms  558/1174 (48%)  
[  5] 321.00-322.00 sec   691 KBytes  5.66 Mbits/sec  1.084 ms  523/1113 (47%)  
[  5] 322.00-323.00 sec   717 KBytes  5.88 Mbits/sec  1.146 ms  547/1159 (47%)  
[  5] 323.00-324.00 sec   722 KBytes  5.92 Mbits/sec  1.055 ms  535/1151 (46%)  
[  5] 324.00-325.00 sec   691 KBytes  5.66 Mbits/sec  1.052 ms  522/1112 (47%)  
[  5] 325.00-326.01 sec   813 KBytes  6.63 Mbits/sec  1.041 ms  604/1298 (47%)  
[  5] 326.01-327.00 sec   693 KBytes  5.71 Mbits/sec  1.196 ms  542/1133 (48%)  
[  5] 327.00-328.00 sec   722 KBytes  5.91 Mbits/sec  1.062 ms  577/1193 (48%)  
[  5] 328.00-329.00 sec   693 KBytes  5.67 Mbits/sec  1.097 ms  570/1161 (49%)  
[  5] 329.00-330.00 sec   722 KBytes  5.91 Mbits/sec  1.112 ms  594/1210 (49%)  
[  5] 330.00-331.00 sec   715 KBytes  5.86 Mbits/sec  7.056 ms  709/1319 (54%)  
[  5] 331.00-332.00 sec   804 KBytes  6.59 Mbits/sec  1.214 ms  724/1410 (51%)  
[  5] 332.00-333.00 sec   705 KBytes  5.78 Mbits/sec  1.225 ms  685/1287 (53%)  
[  5] 333.00-334.00 sec   689 KBytes  5.64 Mbits/sec  1.078 ms  679/1267 (54%)  
[  5] 334.00-335.00 sec   697 KBytes  5.71 Mbits/sec  1.148 ms  649/1244 (52%)  
[  5] 335.00-336.00 sec   797 KBytes  6.53 Mbits/sec  1.312 ms  729/1409 (52%)  
[  5] 336.00-337.00 sec   712 KBytes  5.84 Mbits/sec  1.121 ms  693/1301 (53%)  
[  5] 337.00-338.00 sec   709 KBytes  5.81 Mbits/sec  1.111 ms  610/1215 (50%)  
[  5] 338.00-339.00 sec   718 KBytes  5.88 Mbits/sec  1.136 ms  598/1211 (49%)  
[  5] 339.00-340.00 sec   709 KBytes  5.81 Mbits/sec  1.115 ms  596/1201 (50%)  
[  5] 340.00-341.00 sec   809 KBytes  6.63 Mbits/sec  1.143 ms  677/1367 (50%)  
[  5] 341.00-342.00 sec   697 KBytes  5.71 Mbits/sec  1.043 ms  642/1237 (52%)  
[  5] 342.00-343.00 sec   798 KBytes  6.53 Mbits/sec  1.154 ms  695/1376 (51%)  
[  5] 343.00-344.00 sec   720 KBytes  5.90 Mbits/sec  1.060 ms  664/1278 (52%)  
[  5] 344.00-345.00 sec   829 KBytes  6.79 Mbits/sec  1.184 ms  720/1427 (50%)  
[  5] 345.00-346.00 sec   689 KBytes  5.64 Mbits/sec  1.107 ms  590/1178 (50%)  
[  5] 346.00-347.00 sec   708 KBytes  5.80 Mbits/sec  1.149 ms  612/1216 (50%)  
[  5] 347.00-348.00 sec   721 KBytes  5.91 Mbits/sec  1.127 ms  616/1231 (50%)  
[  5] 348.00-349.00 sec   592 KBytes  4.85 Mbits/sec  1.107 ms  493/998 (49%)  
[  5] 349.00-350.00 sec   722 KBytes  5.91 Mbits/sec  1.113 ms  639/1255 (51%)  
[  5] 350.00-351.00 sec   591 KBytes  4.84 Mbits/sec  1.152 ms  478/982 (49%)  
[  5] 351.00-352.00 sec   725 KBytes  5.94 Mbits/sec  1.137 ms  606/1225 (49%)  
[  5] 352.00-353.00 sec   715 KBytes  5.85 Mbits/sec  1.089 ms  627/1237 (51%)  
[  5] 353.00-354.00 sec   694 KBytes  5.67 Mbits/sec  1.003 ms  586/1178 (50%)  
[  5] 354.00-355.00 sec   693 KBytes  5.69 Mbits/sec  1.091 ms  570/1161 (49%)  
[  5] 355.00-356.00 sec   711 KBytes  5.83 Mbits/sec  1.101 ms  561/1168 (48%)  
[  5] 356.00-357.00 sec   722 KBytes  5.91 Mbits/sec  1.098 ms  585/1201 (49%)  
[  5] 357.00-358.00 sec   691 KBytes  5.67 Mbits/sec  1.286 ms  566/1156 (49%)  
[  5] 358.00-359.00 sec   722 KBytes  5.91 Mbits/sec  1.105 ms  562/1178 (48%)  
[  5] 359.00-360.00 sec   690 KBytes  5.65 Mbits/sec  1.033 ms  583/1172 (50%)  
[  5] 360.00-361.00 sec   712 KBytes  5.84 Mbits/sec  1.216 ms  633/1241 (51%)  
[  5] 361.00-362.00 sec   718 KBytes  5.88 Mbits/sec  1.245 ms  694/1307 (53%)  
[  5] 362.00-363.00 sec   710 KBytes  5.82 Mbits/sec  1.348 ms  803/1409 (57%)  
[  5] 363.00-364.00 sec   689 KBytes  5.64 Mbits/sec  1.286 ms  728/1316 (55%)  
[  5] 364.00-365.00 sec   709 KBytes  5.82 Mbits/sec  1.318 ms  675/1280 (53%)  
[  5] 365.00-366.00 sec   709 KBytes  5.81 Mbits/sec  1.124 ms  630/1235 (51%)  
[  5] 366.00-367.00 sec   718 KBytes  5.88 Mbits/sec  1.195 ms  656/1269 (52%)  
[  5] 367.00-368.00 sec   708 KBytes  5.80 Mbits/sec  1.302 ms  664/1268 (52%)  
[  5] 368.00-369.00 sec   810 KBytes  6.63 Mbits/sec  1.136 ms  835/1526 (55%)  
[  5] 369.00-370.00 sec   679 KBytes  5.56 Mbits/sec  1.194 ms  626/1205 (52%)  
[  5] 370.00-371.00 sec   720 KBytes  5.90 Mbits/sec  1.082 ms  643/1257 (51%)  
[  5] 371.00-372.00 sec   709 KBytes  5.81 Mbits/sec  1.157 ms  628/1233 (51%)  
[  5] 372.00-373.00 sec   718 KBytes  5.88 Mbits/sec  1.037 ms  621/1234 (50%)  
[  5] 373.00-374.00 sec   709 KBytes  5.81 Mbits/sec  1.104 ms  664/1269 (52%)  
[  5] 374.00-375.00 sec   809 KBytes  6.63 Mbits/sec  1.098 ms  700/1390 (50%)  
[  5] 375.00-376.00 sec   708 KBytes  5.80 Mbits/sec  1.167 ms  676/1280 (53%)  
[  5] 376.00-377.00 sec   689 KBytes  5.64 Mbits/sec  1.179 ms  646/1234 (52%)  
[  5] 377.00-378.00 sec   708 KBytes  5.80 Mbits/sec  1.289 ms  689/1293 (53%)  
[  5] 378.00-379.00 sec   710 KBytes  5.82 Mbits/sec  1.142 ms  626/1232 (51%)  
[  5] 379.00-380.00 sec   718 KBytes  5.88 Mbits/sec  1.133 ms  627/1240 (51%)  
[  5] 380.00-381.00 sec   709 KBytes  5.80 Mbits/sec  1.109 ms  605/1210 (50%)  
[  5] 381.00-382.00 sec   680 KBytes  5.57 Mbits/sec  1.116 ms  595/1175 (51%)  
[  5] 382.00-383.00 sec   718 KBytes  5.88 Mbits/sec  1.160 ms  649/1262 (51%)  
[  5] 383.00-384.00 sec   804 KBytes  6.58 Mbits/sec  1.120 ms  695/1381 (50%)  
[  5] 384.00-385.00 sec   714 KBytes  5.85 Mbits/sec  1.151 ms  619/1228 (50%)  
[  5] 385.00-386.00 sec   718 KBytes  5.88 Mbits/sec  1.118 ms  646/1259 (51%)  
[  5] 386.00-387.00 sec   679 KBytes  5.56 Mbits/sec  1.115 ms  577/1156 (50%)  
[  5] 387.00-388.00 sec   620 KBytes  5.08 Mbits/sec  1.186 ms  533/1062 (50%)  
[  5] 388.00-389.00 sec   709 KBytes  5.80 Mbits/sec  1.147 ms  581/1186 (49%)  
[  5] 389.00-390.00 sec   688 KBytes  5.65 Mbits/sec  1.107 ms  599/1186 (51%)  
[  5] 390.00-391.00 sec   709 KBytes  5.81 Mbits/sec  1.126 ms  590/1195 (49%)  
[  5] 391.00-392.00 sec   720 KBytes  5.89 Mbits/sec  1.093 ms  678/1292 (52%)  
[  5] 392.00-393.00 sec   709 KBytes  5.81 Mbits/sec  1.131 ms  642/1247 (51%)  
[  5] 393.00-394.00 sec   709 KBytes  5.81 Mbits/sec  1.118 ms  671/1276 (53%)  
[  5] 394.00-395.00 sec   689 KBytes  5.64 Mbits/sec  1.078 ms  624/1212 (51%)  
[  5] 395.00-396.00 sec   696 KBytes  5.71 Mbits/sec  1.175 ms  656/1250 (52%)  
[  5] 396.00-397.00 sec   720 KBytes  5.89 Mbits/sec  1.094 ms  623/1237 (50%)  
[  5] 397.00-398.00 sec   619 KBytes  5.07 Mbits/sec  1.087 ms  538/1066 (50%)  
[  5] 398.00-399.00 sec   680 KBytes  5.57 Mbits/sec  1.134 ms  565/1145 (49%)  
[  5] 399.00-400.00 sec   709 KBytes  5.81 Mbits/sec  1.143 ms  628/1233 (51%)  
[  5] 400.00-401.00 sec   718 KBytes  5.89 Mbits/sec  1.020 ms  666/1279 (52%)  
[  5] 401.00-402.00 sec   799 KBytes  6.54 Mbits/sec  1.258 ms  827/1509 (55%)  
[  5] 402.00-403.00 sec   707 KBytes  5.79 Mbits/sec  1.206 ms  755/1358 (56%)  
[  5] 403.00-404.00 sec   709 KBytes  5.81 Mbits/sec  1.113 ms  669/1274 (53%)  
[  5] 404.00-405.00 sec   689 KBytes  5.64 Mbits/sec  1.125 ms  652/1240 (53%)  
[  5] 405.00-406.00 sec   709 KBytes  5.81 Mbits/sec  1.157 ms  604/1209 (50%)  
[  5] 406.00-407.00 sec   709 KBytes  5.81 Mbits/sec  1.137 ms  602/1207 (50%)  
