Connecting to host 172.22.0.50, port 5201
Reverse mode, remote host 172.22.0.50 is sending
[  5] local 192.168.100.2 port 59052 connected to 172.22.0.50 port 5201
[ ID] Interval           Transfer     Bitrate         Jitter    Lost/Total Datagrams
[  5]   0.00-1.00   sec  1.44 MBytes  12.0 Mbits/sec  0.980 ms  0/1254 (0%)  
[  5]   1.00-2.00   sec  1.43 MBytes  12.0 Mbits/sec  0.744 ms  0/1250 (0%)  
[  5]   2.00-3.00   sec  1.43 MBytes  12.0 Mbits/sec  0.978 ms  0/1246 (0%)  
[  5]   3.00-4.00   sec  1.43 MBytes  12.0 Mbits/sec  0.856 ms  0/1252 (0%)  
[  5]   4.00-5.00   sec  1.43 MBytes  12.0 Mbits/sec  0.976 ms  0/1248 (0%)  
[  5]   5.00-6.00   sec  1.43 MBytes  12.0 Mbits/sec  0.889 ms  0/1250 (0%)  
[  5]   6.00-7.00   sec  1.42 MBytes  11.9 Mbits/sec  1.081 ms  0/1245 (0%)  
[  5]   7.00-8.00   sec  1.44 MBytes  12.1 Mbits/sec  0.831 ms  0/1255 (0%)  
[  5]   8.00-9.00   sec  1.43 MBytes  12.0 Mbits/sec  0.870 ms  0/1250 (0%)  
[  5]   9.00-10.00  sec  1.43 MBytes  12.0 Mbits/sec  0.863 ms  0/1249 (0%)  
[  5]  10.00-11.00  sec  1.07 MBytes  8.95 Mbits/sec  1.606 ms  0/932 (0%)  
[  5]  11.00-12.00  sec   476 KBytes  3.90 Mbits/sec  1.889 ms  0/406 (0%)  
[  5]  12.00-13.00  sec   478 KBytes  3.92 Mbits/sec  1.640 ms  0/408 (0%)  
[  5]  13.00-14.00  sec   478 KBytes  3.92 Mbits/sec  1.675 ms  0/408 (0%)  
[  5]  14.00-15.00  sec   483 KBytes  3.95 Mbits/sec  1.705 ms  0/412 (0%)  
[  5]  15.00-16.00  sec   519 KBytes  4.25 Mbits/sec  1.456 ms  0/443 (0%)  
[  5]  16.00-17.00  sec   564 KBytes  4.62 Mbits/sec  1.546 ms  0/481 (0%)  
[  5]  17.00-18.00  sec   570 KBytes  4.66 Mbits/sec  1.556 ms  0/486 (0%)  
[  5]  18.00-19.00  sec   571 KBytes  4.68 Mbits/sec  1.508 ms  0/487 (0%)  
[  5]  19.00-20.00  sec   566 KBytes  4.64 Mbits/sec  1.279 ms  0/483 (0%)  
[  5]  20.00-21.00  sec   555 KBytes  4.55 Mbits/sec  1.411 ms  0/474 (0%)  
[  5]  21.00-22.00  sec   546 KBytes  4.47 Mbits/sec  1.575 ms  0/466 (0%)  
[  5]  22.00-23.00  sec   561 KBytes  4.60 Mbits/sec  1.322 ms  0/479 (0%)  
[  5]  23.00-24.00  sec   567 KBytes  4.65 Mbits/sec  1.445 ms  0/484 (0%)  
[  5]  24.00-25.00  sec   560 KBytes  4.59 Mbits/sec  1.565 ms  0/478 (0%)  
[  5]  25.00-26.00  sec   527 KBytes  4.32 Mbits/sec  1.787 ms  0/450 (0%)  
[  5]  26.00-27.00  sec   465 KBytes  3.81 Mbits/sec  1.765 ms  0/397 (0%)  
[  5]  27.00-28.00  sec   469 KBytes  3.84 Mbits/sec  1.832 ms  0/400 (0%)  
[  5]  28.00-29.00  sec   448 KBytes  3.67 Mbits/sec  1.827 ms  0/382 (0%)  
[  5]  29.00-30.00  sec   450 KBytes  3.68 Mbits/sec  1.750 ms  0/384 (0%)  
[  5]  30.00-31.00  sec   490 KBytes  4.02 Mbits/sec  1.411 ms  0/418 (0%)  
[  5]  31.00-32.00  sec   553 KBytes  4.53 Mbits/sec  1.495 ms  0/472 (0%)  
[  5]  32.00-33.00  sec   551 KBytes  4.51 Mbits/sec  1.272 ms  0/470 (0%)  
[  5]  33.00-34.00  sec   560 KBytes  4.59 Mbits/sec  1.417 ms  0/478 (0%)  
[  5]  34.00-35.00  sec   553 KBytes  4.53 Mbits/sec  1.477 ms  0/472 (0%)  
[  5]  35.00-36.00  sec   574 KBytes  4.70 Mbits/sec  1.388 ms  0/490 (0%)  
[  5]  36.00-37.00  sec   604 KBytes  4.95 Mbits/sec  1.305 ms  0/515 (0%)  
[  5]  37.00-38.00  sec   621 KBytes  5.09 Mbits/sec  1.398 ms  0/530 (0%)  
[  5]  38.00-39.00  sec   480 KBytes  3.93 Mbits/sec  1.461 ms  331/741 (45%)  
[  5]  39.00-40.00  sec   659 KBytes  5.40 Mbits/sec  1.422 ms  933/1495 (62%)  
[  5]  40.00-41.00  sec   629 KBytes  5.15 Mbits/sec  1.446 ms  865/1402 (62%)  
[  5]  41.00-42.00  sec   580 KBytes  4.75 Mbits/sec  1.402 ms  783/1278 (61%)  
[  5]  42.00-43.00  sec   650 KBytes  5.33 Mbits/sec  1.570 ms  898/1453 (62%)  
[  5]  43.00-44.00  sec   650 KBytes  5.33 Mbits/sec  1.745 ms  1178/1733 (68%)  
[  5]  44.00-45.00  sec   649 KBytes  5.32 Mbits/sec  1.779 ms  1210/1764 (69%)  
[  5]  45.00-46.00  sec   560 KBytes  4.59 Mbits/sec  1.723 ms  1081/1559 (69%)  
[  5]  46.00-47.00  sec   645 KBytes  5.28 Mbits/sec  1.528 ms  1121/1671 (67%)  
[  5]  47.00-48.00  sec   659 KBytes  5.39 Mbits/sec  1.428 ms  942/1504 (63%)  
[  5]  48.00-49.00  sec   630 KBytes  5.17 Mbits/sec  1.466 ms  882/1420 (62%)  
[  5]  49.00-50.00  sec   579 KBytes  4.74 Mbits/sec  1.380 ms  788/1282 (61%)  
[  5]  50.00-51.00  sec   629 KBytes  5.15 Mbits/sec  1.410 ms  899/1436 (63%)  
[  5]  51.00-52.00  sec   649 KBytes  5.32 Mbits/sec  1.361 ms  804/1358 (59%)  
[  5]  52.00-53.00  sec   648 KBytes  5.31 Mbits/sec  1.257 ms  751/1304 (58%)  
[  5]  53.00-54.00  sec   568 KBytes  4.66 Mbits/sec  1.239 ms  668/1153 (58%)  
[  5]  54.00-55.00  sec   656 KBytes  5.38 Mbits/sec  1.375 ms  761/1321 (58%)  
[  5]  55.00-56.00  sec   649 KBytes  5.32 Mbits/sec  1.405 ms  752/1306 (58%)  
[  5]  56.00-57.00  sec   567 KBytes  4.64 Mbits/sec  1.337 ms  644/1128 (57%)  
[  5]  57.00-58.00  sec   489 KBytes  4.00 Mbits/sec  1.586 ms  553/970 (57%)  
[  5]  58.00-59.00  sec   593 KBytes  4.86 Mbits/sec  1.357 ms  661/1167 (57%)  
[  5]  59.00-60.00  sec   568 KBytes  4.66 Mbits/sec  1.691 ms  643/1128 (57%)  
[  5]  60.00-61.00  sec   577 KBytes  4.72 Mbits/sec  1.544 ms  679/1171 (58%)  
[  5]  61.00-62.00  sec   512 KBytes  4.20 Mbits/sec  1.374 ms  602/1039 (58%)  
[  5]  62.00-63.00  sec   568 KBytes  4.66 Mbits/sec  1.460 ms  652/1137 (57%)  
[  5]  63.00-64.00  sec   600 KBytes  4.92 Mbits/sec  1.357 ms  703/1215 (58%)  
[  5]  64.00-65.00  sec   489 KBytes  4.00 Mbits/sec  1.563 ms  554/971 (57%)  
[  5]  65.00-66.00  sec   592 KBytes  4.85 Mbits/sec  1.316 ms  654/1159 (56%)  
[  5]  66.00-67.00  sec   568 KBytes  4.66 Mbits/sec  1.316 ms  639/1124 (57%)  
[  5]  67.00-68.00  sec   601 KBytes  4.93 Mbits/sec  1.292 ms  683/1196 (57%)  
[  5]  68.00-69.00  sec   488 KBytes  3.99 Mbits/sec  1.546 ms  551/967 (57%)  
[  5]  69.00-70.00  sec   568 KBytes  4.66 Mbits/sec  1.569 ms  659/1144 (58%)  
[  5]  70.00-71.00  sec   512 KBytes  4.20 Mbits/sec  1.293 ms  578/1015 (57%)  
[  5]  71.00-72.00  sec   490 KBytes  4.01 Mbits/sec  1.405 ms  576/994 (58%)  
[  5]  72.00-73.00  sec   488 KBytes  3.99 Mbits/sec  1.276 ms  564/980 (58%)  
[  5]  73.00-74.00  sec   484 KBytes  3.96 Mbits/sec  1.427 ms  625/1038 (60%)  
[  5]  74.00-75.00  sec   479 KBytes  3.92 Mbits/sec  1.456 ms  657/1066 (62%)  
[  5]  75.00-76.00  sec   408 KBytes  3.34 Mbits/sec  1.732 ms  560/908 (62%)  
[  5]  76.00-77.00  sec   429 KBytes  3.51 Mbits/sec  1.536 ms  591/957 (62%)  
[  5]  77.00-78.00  sec   401 KBytes  3.28 Mbits/sec  1.791 ms  545/887 (61%)  
[  5]  78.00-79.00  sec   401 KBytes  3.28 Mbits/sec  1.580 ms  535/877 (61%)  
[  5]  79.00-80.00  sec   408 KBytes  3.35 Mbits/sec  1.758 ms  575/923 (62%)  
[  5]  80.00-81.00  sec   429 KBytes  3.51 Mbits/sec  1.466 ms  617/983 (63%)  
[  5]  81.00-82.00  sec   480 KBytes  3.93 Mbits/sec  1.493 ms  692/1102 (63%)  
[  5]  82.00-83.00  sec   472 KBytes  3.87 Mbits/sec  1.538 ms  638/1041 (61%)  
[  5]  83.00-84.00  sec   507 KBytes  4.16 Mbits/sec  1.348 ms  695/1128 (62%)  
[  5]  84.00-85.00  sec   479 KBytes  3.92 Mbits/sec  1.751 ms  660/1069 (62%)  
[  5]  85.00-86.00  sec   430 KBytes  3.53 Mbits/sec  1.416 ms  583/950 (61%)  
[  5]  86.00-87.00  sec   479 KBytes  3.93 Mbits/sec  1.815 ms  660/1069 (62%)  
[  5]  87.00-88.00  sec   429 KBytes  3.51 Mbits/sec  1.751 ms  584/950 (61%)  
[  5]  88.00-89.00  sec   472 KBytes  3.87 Mbits/sec  1.558 ms  643/1046 (61%)  
[  5]  89.00-90.00  sec   509 KBytes  4.17 Mbits/sec  1.435 ms  734/1168 (63%)  
[  5]  90.00-91.00  sec   429 KBytes  3.51 Mbits/sec  1.437 ms  620/986 (63%)  
[  5]  91.00-92.00  sec   466 KBytes  3.82 Mbits/sec  1.814 ms  722/1120 (64%)  
[  5]  92.00-93.00  sec   486 KBytes  3.98 Mbits/sec  1.754 ms  873/1288 (68%)  
[  5]  93.00-94.00  sec   493 KBytes  4.04 Mbits/sec  1.811 ms  893/1314 (68%)  
[  5]  94.00-95.00  sec   427 KBytes  3.49 Mbits/sec  1.778 ms  772/1136 (68%)  
[  5]  95.00-96.00  sec   488 KBytes  3.99 Mbits/sec  1.751 ms  864/1280 (68%)  
[  5]  96.00-97.00  sec   596 KBytes  4.89 Mbits/sec  1.956 ms  1164/1673 (70%)  
[  5]  97.00-98.00  sec   492 KBytes  4.03 Mbits/sec  2.145 ms  1142/1562 (73%)  
[  5]  98.00-99.00  sec   588 KBytes  4.82 Mbits/sec  2.023 ms  1354/1856 (73%)  
[  5]  99.00-100.00 sec   573 KBytes  4.69 Mbits/sec  2.112 ms  1273/1762 (72%)  
[  5] 100.00-101.00 sec   497 KBytes  4.07 Mbits/sec  1.697 ms  898/1322 (68%)  
[  5] 101.00-102.00 sec   584 KBytes  4.78 Mbits/sec  1.783 ms  1005/1503 (67%)  
[  5] 102.00-103.00 sec   582 KBytes  4.77 Mbits/sec  1.768 ms  1032/1529 (67%)  
[  5] 103.00-104.00 sec   512 KBytes  4.19 Mbits/sec  1.748 ms  872/1309 (67%)  
[  5] 104.00-105.00 sec   582 KBytes  4.77 Mbits/sec  1.669 ms  1069/1566 (68%)  
[  5] 105.00-106.00 sec   554 KBytes  4.54 Mbits/sec  1.750 ms  1033/1506 (69%)  
[  5] 106.00-107.00 sec   492 KBytes  4.03 Mbits/sec  1.860 ms  907/1327 (68%)  
[  5] 107.00-108.00 sec   493 KBytes  4.04 Mbits/sec  1.822 ms  901/1322 (68%)  
[  5] 108.00-109.00 sec   469 KBytes  3.84 Mbits/sec  1.796 ms  851/1251 (68%)  
[  5] 109.00-110.00 sec   445 KBytes  3.65 Mbits/sec  1.835 ms  805/1185 (68%)  
[  5] 110.00-111.00 sec   469 KBytes  3.84 Mbits/sec  1.768 ms  820/1220 (67%)  
[  5] 111.00-112.00 sec   403 KBytes  3.30 Mbits/sec  2.201 ms  714/1058 (67%)  
[  5] 112.00-113.00 sec   403 KBytes  3.30 Mbits/sec  1.973 ms  749/1093 (69%)  
[  5] 113.00-114.00 sec   402 KBytes  3.29 Mbits/sec  1.903 ms  746/1089 (69%)  
[  5] 114.00-115.00 sec   367 KBytes  3.01 Mbits/sec  1.806 ms  668/981 (68%)  
[  5] 115.00-116.00 sec   430 KBytes  3.52 Mbits/sec  1.473 ms  597/964 (62%)  
[  5] 116.00-117.00 sec   479 KBytes  3.93 Mbits/sec  1.471 ms  665/1074 (62%)  
[  5] 117.00-118.00 sec   422 KBytes  3.46 Mbits/sec  1.501 ms  576/936 (62%)  
[  5] 118.00-119.00 sec   486 KBytes  3.98 Mbits/sec  1.563 ms  682/1097 (62%)  
[  5] 119.00-120.00 sec   502 KBytes  4.12 Mbits/sec  1.492 ms  698/1126 (62%)  
[  5] 120.00-121.00 sec   429 KBytes  3.51 Mbits/sec  1.521 ms  612/978 (63%)  
[  5] 121.00-122.00 sec   580 KBytes  4.75 Mbits/sec  1.474 ms  807/1302 (62%)  
[  5] 122.00-123.00 sec   580 KBytes  4.75 Mbits/sec  1.501 ms  823/1318 (62%)  
[  5] 123.00-124.00 sec   500 KBytes  4.10 Mbits/sec  1.413 ms  678/1105 (61%)  
[  5] 124.00-125.00 sec   558 KBytes  4.58 Mbits/sec  1.802 ms  773/1249 (62%)  
[  5] 125.00-126.00 sec   596 KBytes  4.89 Mbits/sec  1.808 ms  846/1355 (62%)  
[  5] 126.00-127.00 sec   582 KBytes  4.77 Mbits/sec  1.625 ms  1040/1537 (68%)  
[  5] 127.00-128.00 sec   553 KBytes  4.53 Mbits/sec  1.656 ms  968/1440 (67%)  
[  5] 128.00-129.00 sec   649 KBytes  5.32 Mbits/sec  1.743 ms  1140/1694 (67%)  
[  5] 129.00-130.00 sec   654 KBytes  5.36 Mbits/sec  2.082 ms  1258/1816 (69%)  
[  5] 130.00-131.00 sec   550 KBytes  4.50 Mbits/sec  2.012 ms  1243/1712 (73%)  
[  5] 131.00-132.00 sec   593 KBytes  4.86 Mbits/sec  2.006 ms  1351/1857 (73%)  
[  5] 132.00-133.00 sec   570 KBytes  4.67 Mbits/sec  2.103 ms  1324/1810 (73%)  
[  5] 133.00-134.00 sec   585 KBytes  4.79 Mbits/sec  1.695 ms  1135/1634 (69%)  
[  5] 134.00-135.00 sec   493 KBytes  4.04 Mbits/sec  1.730 ms  885/1306 (68%)  
[  5] 135.00-136.00 sec   582 KBytes  4.77 Mbits/sec  1.773 ms  1094/1591 (69%)  
[  5] 136.00-137.00 sec   578 KBytes  4.73 Mbits/sec  1.807 ms  1081/1574 (69%)  
[  5] 137.00-138.00 sec   579 KBytes  4.74 Mbits/sec  1.447 ms  905/1399 (65%)  
[  5] 138.00-139.00 sec   500 KBytes  4.10 Mbits/sec  1.458 ms  683/1110 (62%)  
[  5] 139.00-140.00 sec   579 KBytes  4.74 Mbits/sec  1.510 ms  807/1301 (62%)  
[  5] 140.00-141.00 sec   581 KBytes  4.76 Mbits/sec  1.445 ms  814/1310 (62%)  
[  5] 141.00-142.00 sec   579 KBytes  4.74 Mbits/sec  1.456 ms  821/1315 (62%)  
[  5] 142.00-143.00 sec   506 KBytes  4.15 Mbits/sec  1.509 ms  663/1095 (61%)  
[  5] 143.00-144.00 sec   512 KBytes  4.19 Mbits/sec  1.314 ms  626/1063 (59%)  
[  5] 144.00-145.00 sec   568 KBytes  4.66 Mbits/sec  1.483 ms  702/1187 (59%)  
[  5] 145.00-146.00 sec   568 KBytes  4.66 Mbits/sec  1.755 ms  682/1167 (58%)  
[  5] 146.00-147.00 sec   441 KBytes  3.60 Mbits/sec  1.494 ms  512/888 (58%)  
[  5] 147.00-148.00 sec   479 KBytes  3.93 Mbits/sec  1.776 ms  533/942 (57%)  
[  5] 148.00-149.00 sec   498 KBytes  4.08 Mbits/sec  1.380 ms  644/1069 (60%)  
[  5] 149.00-150.00 sec   400 KBytes  3.27 Mbits/sec  1.780 ms  536/877 (61%)  
[  5] 150.00-151.00 sec   502 KBytes  4.11 Mbits/sec  1.416 ms  686/1114 (62%)  
[  5] 151.00-152.00 sec   479 KBytes  3.93 Mbits/sec  1.591 ms  641/1050 (61%)  
[  5] 152.00-153.00 sec   430 KBytes  3.52 Mbits/sec  1.436 ms  614/981 (63%)  
[  5] 153.00-154.00 sec   478 KBytes  3.92 Mbits/sec  1.622 ms  678/1086 (62%)  
[  5] 154.00-155.00 sec   509 KBytes  4.17 Mbits/sec  1.486 ms  729/1163 (63%)  
[  5] 155.00-156.00 sec   472 KBytes  3.87 Mbits/sec  1.507 ms  650/1053 (62%)  
[  5] 156.00-157.00 sec   430 KBytes  3.52 Mbits/sec  1.476 ms  583/950 (61%)  
[  5] 157.00-158.00 sec   478 KBytes  3.92 Mbits/sec  1.591 ms  655/1063 (62%)  
[  5] 158.00-159.00 sec   480 KBytes  3.93 Mbits/sec  1.610 ms  660/1070 (62%)  
[  5] 159.00-160.00 sec   442 KBytes  3.62 Mbits/sec  4.322 ms  639/1016 (63%)  
[  5] 160.00-161.00 sec   496 KBytes  4.06 Mbits/sec  1.440 ms  659/1082 (61%)  
[  5] 161.00-162.00 sec   579 KBytes  4.74 Mbits/sec  1.679 ms  806/1300 (62%)  
[  5] 162.00-163.00 sec   580 KBytes  4.75 Mbits/sec  1.467 ms  863/1358 (64%)  
[  5] 163.00-164.00 sec   500 KBytes  4.10 Mbits/sec  1.495 ms  728/1155 (63%)  
[  5] 164.00-165.00 sec   580 KBytes  4.75 Mbits/sec  1.552 ms  820/1315 (62%)  
[  5] 165.00-166.00 sec   580 KBytes  4.76 Mbits/sec  1.838 ms  1010/1505 (67%)  
[  5] 166.00-167.00 sec   649 KBytes  5.32 Mbits/sec  1.706 ms  1178/1732 (68%)  
[  5] 167.00-168.00 sec   577 KBytes  4.72 Mbits/sec  1.804 ms  1053/1545 (68%)  
[  5] 168.00-169.00 sec   650 KBytes  5.33 Mbits/sec  1.712 ms  1164/1719 (68%)  
[  5] 169.00-170.00 sec   649 KBytes  5.32 Mbits/sec  1.666 ms  1191/1745 (68%)  
[  5] 170.00-171.00 sec   625 KBytes  5.12 Mbits/sec  1.990 ms  1143/1676 (68%)  
[  5] 171.00-172.00 sec   512 KBytes  4.20 Mbits/sec  1.735 ms  924/1361 (68%)  
[  5] 172.00-173.00 sec   582 KBytes  4.77 Mbits/sec  1.644 ms  1026/1523 (67%)  
[  5] 173.00-174.00 sec   560 KBytes  4.59 Mbits/sec  1.711 ms  998/1476 (68%)  
[  5] 174.00-175.00 sec   510 KBytes  4.18 Mbits/sec  1.892 ms  910/1345 (68%)  
[  5] 175.00-176.00 sec   560 KBytes  4.59 Mbits/sec  2.260 ms  1037/1515 (68%)  
[  5] 176.00-177.00 sec   427 KBytes  3.49 Mbits/sec  1.989 ms  785/1149 (68%)  
[  5] 177.00-178.00 sec   485 KBytes  3.98 Mbits/sec  1.491 ms  825/1239 (67%)  
[  5] 178.00-179.00 sec   507 KBytes  4.16 Mbits/sec  1.425 ms  706/1139 (62%)  
[  5] 179.00-180.00 sec   480 KBytes  3.93 Mbits/sec  1.803 ms  670/1080 (62%)  
[  5] 180.00-181.00 sec   500 KBytes  4.10 Mbits/sec  1.427 ms  673/1100 (61%)  
[  5] 181.00-182.00 sec   507 KBytes  4.16 Mbits/sec  1.454 ms  695/1128 (62%)  
[  5] 182.00-183.00 sec   580 KBytes  4.75 Mbits/sec  1.437 ms  772/1267 (61%)  
[  5] 183.00-184.00 sec   560 KBytes  4.59 Mbits/sec  1.774 ms  646/1124 (57%)  
[  5] 184.00-185.00 sec   520 KBytes  4.27 Mbits/sec  1.302 ms  612/1056 (58%)  
[  5] 185.00-186.00 sec   568 KBytes  4.66 Mbits/sec  1.522 ms  659/1144 (58%)  
[  5] 186.00-187.00 sec   512 KBytes  4.20 Mbits/sec  1.232 ms  595/1032 (58%)  
[  5] 187.00-188.00 sec   568 KBytes  4.66 Mbits/sec  1.373 ms  645/1130 (57%)  
[  5] 188.00-189.00 sec   586 KBytes  4.80 Mbits/sec  1.459 ms  684/1184 (58%)  
[  5] 189.00-190.00 sec   507 KBytes  4.16 Mbits/sec  1.546 ms  724/1157 (63%)  
[  5] 190.00-191.00 sec   580 KBytes  4.75 Mbits/sec  1.485 ms  806/1301 (62%)  
[  5] 191.00-192.00 sec   500 KBytes  4.10 Mbits/sec  1.444 ms  696/1123 (62%)  
[  5] 192.00-193.00 sec   550 KBytes  4.50 Mbits/sec  2.601 ms  798/1267 (63%)  
[  5] 193.00-194.00 sec   555 KBytes  4.55 Mbits/sec  1.871 ms  827/1301 (64%)  
[  5] 194.00-195.00 sec   559 KBytes  4.58 Mbits/sec  1.699 ms  1010/1487 (68%)  
[  5] 195.00-196.00 sec   578 KBytes  4.73 Mbits/sec  1.763 ms  1016/1509 (67%)  
[  5] 196.00-197.00 sec   493 KBytes  4.04 Mbits/sec  1.757 ms  865/1286 (67%)  
[  5] 197.00-198.00 sec   469 KBytes  3.84 Mbits/sec  1.893 ms  827/1227 (67%)  
[  5] 198.00-199.00 sec   502 KBytes  4.11 Mbits/sec  1.426 ms  775/1203 (64%)  
[  5] 199.00-200.00 sec   479 KBytes  3.93 Mbits/sec  1.816 ms  687/1096 (63%)  
[  5] 200.00-201.00 sec   430 KBytes  3.52 Mbits/sec  1.440 ms  607/974 (62%)  
[  5] 201.00-202.00 sec   472 KBytes  3.87 Mbits/sec  1.632 ms  690/1093 (63%)  
[  5] 202.00-203.00 sec   507 KBytes  4.16 Mbits/sec  1.509 ms  737/1170 (63%)  
[  5] 203.00-204.00 sec   429 KBytes  3.51 Mbits/sec  1.490 ms  616/982 (63%)  
[  5] 204.00-205.00 sec   480 KBytes  3.94 Mbits/sec  1.437 ms  668/1078 (62%)  
[  5] 205.00-206.00 sec   479 KBytes  3.93 Mbits/sec  1.763 ms  669/1078 (62%)  
[  5] 206.00-207.00 sec   579 KBytes  4.74 Mbits/sec  1.753 ms  819/1313 (62%)  
[  5] 207.00-208.00 sec   530 KBytes  4.34 Mbits/sec  1.510 ms  757/1209 (63%)  
[  5] 208.00-209.00 sec   580 KBytes  4.75 Mbits/sec  1.415 ms  820/1315 (62%)  
[  5] 209.00-210.00 sec   500 KBytes  4.10 Mbits/sec  1.626 ms  741/1168 (63%)  
[  5] 210.00-211.00 sec   579 KBytes  4.74 Mbits/sec  1.482 ms  853/1347 (63%)  
[  5] 211.00-212.00 sec   559 KBytes  4.58 Mbits/sec  1.735 ms  807/1284 (63%)  
[  5] 212.00-213.00 sec   579 KBytes  4.74 Mbits/sec  1.811 ms  794/1288 (62%)  
[  5] 213.00-214.00 sec   580 KBytes  4.75 Mbits/sec  1.876 ms  772/1267 (61%)  
[  5] 214.00-215.00 sec   580 KBytes  4.75 Mbits/sec  1.724 ms  932/1427 (65%)  
[  5] 215.00-216.00 sec   517 KBytes  4.23 Mbits/sec  1.690 ms  899/1340 (67%)  
[  5] 216.00-217.00 sec   578 KBytes  4.73 Mbits/sec  1.722 ms  998/1491 (67%)  
[  5] 217.00-218.00 sec   584 KBytes  4.78 Mbits/sec  1.674 ms  1035/1533 (68%)  
[  5] 218.00-219.00 sec   492 KBytes  4.03 Mbits/sec  1.847 ms  899/1319 (68%)  
[  5] 219.00-220.00 sec   578 KBytes  4.73 Mbits/sec  1.780 ms  1051/1544 (68%)  
[  5] 220.00-221.00 sec   584 KBytes  4.78 Mbits/sec  1.709 ms  1049/1547 (68%)  
[  5] 221.00-222.00 sec   421 KBytes  3.45 Mbits/sec  1.725 ms  747/1106 (68%)  
[  5] 222.00-223.00 sec   492 KBytes  4.03 Mbits/sec  1.920 ms  911/1331 (68%)  
[  5] 223.00-224.00 sec   465 KBytes  3.81 Mbits/sec  1.629 ms  694/1091 (64%)  
[  5] 224.00-225.00 sec   507 KBytes  4.15 Mbits/sec  1.468 ms  703/1136 (62%)  
[  5] 225.00-226.00 sec   422 KBytes  3.46 Mbits/sec  1.468 ms  584/944 (62%)  
[  5] 226.00-227.00 sec   659 KBytes  5.40 Mbits/sec  1.439 ms  945/1507 (63%)  
[  5] 227.00-228.00 sec   629 KBytes  5.16 Mbits/sec  1.375 ms  886/1423 (62%)  
[  5] 228.00-229.00 sec   580 KBytes  4.75 Mbits/sec  1.397 ms  788/1283 (61%)  
[  5] 229.00-230.00 sec   659 KBytes  5.39 Mbits/sec  1.438 ms  906/1468 (62%)  
[  5] 230.00-231.00 sec   650 KBytes  5.33 Mbits/sec  1.480 ms  863/1418 (61%)  
[  5] 231.00-232.00 sec   629 KBytes  5.15 Mbits/sec  1.360 ms  843/1380 (61%)  
[  5] 232.00-233.00 sec   737 KBytes  6.05 Mbits/sec  1.384 ms  999/1628 (61%)  
[  5] 233.00-234.00 sec   630 KBytes  5.17 Mbits/sec  1.512 ms  870/1408 (62%)  
[  5] 234.00-235.00 sec   730 KBytes  5.98 Mbits/sec  1.456 ms  1040/1663 (63%)  
[  5] 235.00-236.00 sec   629 KBytes  5.16 Mbits/sec  1.541 ms  869/1406 (62%)  
[  5] 236.00-237.00 sec   737 KBytes  6.03 Mbits/sec  1.687 ms  1102/1731 (64%)  
[  5] 237.00-238.00 sec   626 KBytes  5.13 Mbits/sec  1.665 ms  1133/1667 (68%)  
[  5] 238.00-239.00 sec   734 KBytes  6.01 Mbits/sec  1.817 ms  1308/1934 (68%)  
[  5] 239.00-240.00 sec   715 KBytes  5.86 Mbits/sec  1.852 ms  1308/1918 (68%)  
[  5] 240.00-241.00 sec   656 KBytes  5.38 Mbits/sec  1.362 ms  865/1425 (61%)  
[  5] 241.00-242.00 sec   625 KBytes  5.12 Mbits/sec  1.573 ms  728/1261 (58%)  
[  5] 242.00-243.00 sec   570 KBytes  4.67 Mbits/sec  1.319 ms  667/1153 (58%)  
[  5] 243.00-244.00 sec   648 KBytes  5.31 Mbits/sec  1.328 ms  747/1300 (57%)  
[  5] 244.00-245.00 sec   648 KBytes  5.31 Mbits/sec  1.312 ms  730/1283 (57%)  
[  5] 245.00-246.00 sec   666 KBytes  5.45 Mbits/sec  1.115 ms  641/1209 (53%)  
[  5] 246.00-247.00 sec   558 KBytes  4.57 Mbits/sec  1.184 ms  557/1033 (54%)  
[  5] 247.00-248.00 sec   639 KBytes  5.23 Mbits/sec  1.248 ms  642/1187 (54%)  
[  5] 248.00-249.00 sec   585 KBytes  4.79 Mbits/sec  1.208 ms  575/1074 (54%)  
[  5] 249.00-250.00 sec   550 KBytes  4.50 Mbits/sec  1.559 ms  522/991 (53%)  
[  5] 250.00-251.00 sec   648 KBytes  5.31 Mbits/sec  1.282 ms  623/1176 (53%)  
[  5] 251.00-252.00 sec   575 KBytes  4.71 Mbits/sec  1.269 ms  535/1026 (52%)  
[  5] 252.00-253.00 sec   496 KBytes  4.06 Mbits/sec  1.574 ms  499/922 (54%)  
[  5] 253.00-254.00 sec   585 KBytes  4.79 Mbits/sec  1.482 ms  558/1057 (53%)  
[  5] 254.00-255.00 sec   585 KBytes  4.79 Mbits/sec  1.210 ms  562/1061 (53%)  
[  5] 255.00-256.00 sec   585 KBytes  4.79 Mbits/sec  1.225 ms  557/1056 (53%)  
[  5] 256.00-257.00 sec   493 KBytes  4.04 Mbits/sec  1.425 ms  491/912 (54%)  
[  5] 257.00-258.00 sec   592 KBytes  4.85 Mbits/sec  1.403 ms  701/1206 (58%)  
[  5] 258.00-259.00 sec   489 KBytes  4.01 Mbits/sec  1.727 ms  566/983 (58%)  
[  5] 259.00-260.00 sec   600 KBytes  4.92 Mbits/sec  1.359 ms  687/1199 (57%)  
[  5] 260.00-261.00 sec   568 KBytes  4.66 Mbits/sec  1.332 ms  648/1133 (57%)  
[  5] 261.00-262.00 sec   464 KBytes  3.80 Mbits/sec  1.594 ms  539/935 (58%)  
[  5] 262.00-263.00 sec   432 KBytes  3.54 Mbits/sec  1.584 ms  496/865 (57%)  
[  5] 263.00-264.00 sec   489 KBytes  4.00 Mbits/sec  1.498 ms  572/989 (58%)  
[  5] 264.00-265.00 sec   488 KBytes  3.99 Mbits/sec  1.597 ms  594/1010 (59%)  
[  5] 265.00-266.00 sec   432 KBytes  3.54 Mbits/sec  1.395 ms  513/882 (58%)  
[  5] 266.00-267.00 sec   489 KBytes  4.00 Mbits/sec  1.405 ms  608/1025 (59%)  
[  5] 267.00-268.00 sec   489 KBytes  3.99 Mbits/sec  1.447 ms  606/1023 (59%)  
[  5] 268.00-269.00 sec   408 KBytes  3.35 Mbits/sec  1.679 ms  503/851 (59%)  
[  5] 269.00-270.00 sec   491 KBytes  4.02 Mbits/sec  1.818 ms  651/1070 (61%)  
[  5] 270.00-271.00 sec   479 KBytes  3.93 Mbits/sec  1.818 ms  687/1096 (63%)  
[  5] 271.00-272.00 sec   502 KBytes  4.11 Mbits/sec  1.473 ms  690/1118 (62%)  
[  5] 272.00-273.00 sec   429 KBytes  3.51 Mbits/sec  1.457 ms  582/948 (61%)  
[  5] 273.00-274.00 sec   479 KBytes  3.93 Mbits/sec  1.743 ms  647/1056 (61%)  
[  5] 274.00-275.00 sec   430 KBytes  3.52 Mbits/sec  1.405 ms  591/958 (62%)  
[  5] 275.00-276.00 sec   479 KBytes  3.93 Mbits/sec  1.839 ms  675/1084 (62%)  
[  5] 276.00-277.00 sec   429 KBytes  3.51 Mbits/sec  1.916 ms  636/1002 (63%)  
[  5] 277.00-278.00 sec   472 KBytes  3.87 Mbits/sec  1.704 ms  665/1068 (62%)  
[  5] 278.00-279.00 sec   429 KBytes  3.51 Mbits/sec  1.609 ms  603/969 (62%)  
[  5] 279.00-280.00 sec   480 KBytes  3.94 Mbits/sec  1.580 ms  657/1067 (62%)  
[  5] 280.00-281.00 sec   458 KBytes  3.75 Mbits/sec  1.465 ms  633/1024 (62%)  
[  5] 281.00-282.00 sec   558 KBytes  4.57 Mbits/sec  1.692 ms  916/1392 (66%)  
[  5] 282.00-283.00 sec   511 KBytes  4.19 Mbits/sec  1.741 ms  913/1349 (68%)  
[  5] 283.00-284.00 sec   582 KBytes  4.77 Mbits/sec  1.725 ms  1053/1550 (68%)  
[  5] 284.00-285.00 sec   512 KBytes  4.19 Mbits/sec  1.760 ms  933/1370 (68%)  
[  5] 285.00-286.00 sec   582 KBytes  4.77 Mbits/sec  1.701 ms  1130/1627 (69%)  
[  5] 286.00-287.00 sec   488 KBytes  3.99 Mbits/sec  1.783 ms  886/1302 (68%)  
[  5] 287.00-288.00 sec   582 KBytes  4.77 Mbits/sec  1.803 ms  1047/1544 (68%)  
[  5] 288.00-289.00 sec   584 KBytes  4.78 Mbits/sec  1.767 ms  1038/1536 (68%)  
[  5] 289.00-290.00 sec   578 KBytes  4.73 Mbits/sec  1.843 ms  1031/1524 (68%)  
[  5] 290.00-291.00 sec   493 KBytes  4.04 Mbits/sec  1.785 ms  889/1310 (68%)  
[  5] 291.00-292.00 sec   402 KBytes  3.29 Mbits/sec  1.898 ms  768/1111 (69%)  
[  5] 292.00-293.00 sec   422 KBytes  3.46 Mbits/sec  1.720 ms  780/1140 (68%)  
[  5] 293.00-294.00 sec   402 KBytes  3.29 Mbits/sec  2.367 ms  770/1113 (69%)  
[  5] 294.00-295.00 sec   403 KBytes  3.30 Mbits/sec  2.328 ms  744/1088 (68%)  
[  5] 295.00-296.00 sec   355 KBytes  2.91 Mbits/sec  2.182 ms  665/968 (69%)  
[  5] 296.00-297.00 sec   402 KBytes  3.29 Mbits/sec  2.172 ms  744/1087 (68%)  
[  5] 297.00-298.00 sec   362 KBytes  2.97 Mbits/sec  1.872 ms  683/992 (69%)  
[  5] 298.00-299.00 sec   402 KBytes  3.29 Mbits/sec  2.032 ms  767/1110 (69%)  
[  5] 299.00-300.00 sec   421 KBytes  3.45 Mbits/sec  1.748 ms  779/1138 (68%)  
[  5] 300.00-301.00 sec   403 KBytes  3.30 Mbits/sec  2.239 ms  776/1120 (69%)  
[  5] 301.00-302.00 sec   506 KBytes  4.15 Mbits/sec  1.636 ms  778/1210 (64%)  
[  5] 302.00-303.00 sec   423 KBytes  3.47 Mbits/sec  1.554 ms  623/984 (63%)  
[  5] 303.00-304.00 sec   479 KBytes  3.93 Mbits/sec  1.467 ms  688/1097 (63%)  
[  5] 304.00-305.00 sec   479 KBytes  3.92 Mbits/sec  1.634 ms  679/1088 (62%)  
[  5] 305.00-306.00 sec   429 KBytes  3.52 Mbits/sec  1.726 ms  633/999 (63%)  
[  5] 306.00-307.00 sec   509 KBytes  4.17 Mbits/sec  1.422 ms  728/1162 (63%)  
[  5] 307.00-308.00 sec   479 KBytes  3.93 Mbits/sec  1.493 ms  655/1064 (62%)  
[  5] 308.00-309.00 sec   479 KBytes  3.93 Mbits/sec  1.788 ms  657/1066 (62%)  
[  5] 309.00-310.00 sec   422 KBytes  3.46 Mbits/sec  1.539 ms  569/929 (61%)  
[  5] 310.00-311.00 sec   479 KBytes  3.93 Mbits/sec  1.611 ms  653/1062 (61%)  
[  5] 311.00-312.00 sec   430 KBytes  3.52 Mbits/sec  1.691 ms  596/963 (62%)  
[  5] 312.00-313.00 sec   424 KBytes  3.48 Mbits/sec  1.940 ms  630/992 (64%)  
[  5] 313.00-314.00 sec   432 KBytes  3.54 Mbits/sec  2.167 ms  966/1335 (72%)  
[  5] 314.00-315.00 sec   412 KBytes  3.38 Mbits/sec  2.325 ms  940/1292 (73%)  
[  5] 315.00-316.00 sec   493 KBytes  4.04 Mbits/sec  2.119 ms  1132/1553 (73%)  
[  5] 316.00-317.00 sec   432 KBytes  3.54 Mbits/sec  2.240 ms  1013/1382 (73%)  
[  5] 317.00-318.00 sec   414 KBytes  3.39 Mbits/sec  2.121 ms  981/1334 (74%)  
[  5] 318.00-319.00 sec   432 KBytes  3.54 Mbits/sec  2.279 ms  1038/1407 (74%)  
[  5] 319.00-320.00 sec   493 KBytes  4.04 Mbits/sec  1.985 ms  1168/1589 (74%)  
[  5] 320.00-321.00 sec   472 KBytes  3.87 Mbits/sec  2.120 ms  1088/1491 (73%)  
[  5] 321.00-322.00 sec   428 KBytes  3.50 Mbits/sec  1.902 ms  923/1288 (72%)  
[  5] 322.00-323.00 sec   421 KBytes  3.45 Mbits/sec  2.275 ms  752/1111 (68%)  
[  5] 323.00-324.00 sec   493 KBytes  4.04 Mbits/sec  1.840 ms  884/1305 (68%)  
[  5] 324.00-325.00 sec   427 KBytes  3.50 Mbits/sec  2.033 ms  763/1127 (68%)  
[  5] 325.00-326.00 sec   488 KBytes  3.99 Mbits/sec  1.835 ms  888/1304 (68%)  
[  5] 326.00-327.00 sec   427 KBytes  3.49 Mbits/sec  1.785 ms  781/1145 (68%)  
[  5] 327.00-328.00 sec   421 KBytes  3.44 Mbits/sec  2.027 ms  781/1140 (69%)  
[  5] 328.00-329.00 sec   493 KBytes  4.04 Mbits/sec  1.929 ms  905/1326 (68%)  
[  5] 329.00-330.00 sec   427 KBytes  3.49 Mbits/sec  1.785 ms  767/1131 (68%)  
[  5] 330.00-331.00 sec   495 KBytes  4.05 Mbits/sec  1.644 ms  884/1306 (68%)  
[  5] 331.00-332.00 sec   420 KBytes  3.43 Mbits/sec  1.733 ms  775/1133 (68%)  
[  5] 332.00-333.00 sec   428 KBytes  3.51 Mbits/sec  1.788 ms  821/1186 (69%)  
[  5] 333.00-334.00 sec   421 KBytes  3.45 Mbits/sec  1.987 ms  820/1179 (70%)  
[  5] 334.00-335.00 sec   493 KBytes  4.04 Mbits/sec  1.856 ms  1008/1429 (71%)  
[  5] 335.00-336.00 sec   427 KBytes  3.49 Mbits/sec  1.821 ms  896/1260 (71%)  
[  5] 336.00-337.00 sec   421 KBytes  3.43 Mbits/sec  1.881 ms  863/1222 (71%)  
[  5] 337.00-338.00 sec   428 KBytes  3.52 Mbits/sec  1.909 ms  841/1206 (70%)  
[  5] 338.00-339.00 sec   420 KBytes  3.44 Mbits/sec  1.988 ms  838/1196 (70%)  
[  5] 339.00-340.00 sec   428 KBytes  3.50 Mbits/sec  1.874 ms  859/1224 (70%)  
[  5] 340.00-341.00 sec   493 KBytes  4.04 Mbits/sec  1.899 ms  916/1337 (69%)  
[  5] 341.00-342.00 sec   354 KBytes  2.90 Mbits/sec  1.855 ms  645/947 (68%)  
[  5] 342.00-343.00 sec   428 KBytes  3.50 Mbits/sec  1.888 ms  783/1148 (68%)  
[  5] 343.00-344.00 sec   354 KBytes  2.90 Mbits/sec  2.397 ms  692/994 (70%)  
[  5] 344.00-345.00 sec   428 KBytes  3.50 Mbits/sec  2.020 ms  834/1199 (70%)  
[  5] 345.00-346.00 sec   444 KBytes  3.64 Mbits/sec  1.975 ms  864/1243 (70%)  
[  5] 346.00-347.00 sec   428 KBytes  3.50 Mbits/sec  1.818 ms  832/1197 (70%)  
[  5] 347.00-348.00 sec   403 KBytes  3.30 Mbits/sec  1.938 ms  771/1115 (69%)  
[  5] 348.00-349.00 sec   444 KBytes  3.64 Mbits/sec  1.967 ms  873/1252 (70%)  
[  5] 349.00-350.00 sec   422 KBytes  3.46 Mbits/sec  1.702 ms  814/1174 (69%)  
[  5] 350.00-351.00 sec   475 KBytes  3.89 Mbits/sec  1.959 ms  908/1313 (69%)  
[  5] 351.00-352.00 sec   421 KBytes  3.45 Mbits/sec  2.337 ms  796/1155 (69%)  
[  5] 352.00-353.00 sec   427 KBytes  3.49 Mbits/sec  1.941 ms  811/1175 (69%)  
[  5] 353.00-354.00 sec   445 KBytes  3.65 Mbits/sec  1.787 ms  833/1213 (69%)  
[  5] 354.00-355.00 sec   469 KBytes  3.84 Mbits/sec  1.949 ms  958/1358 (71%)  
[  5] 355.00-356.00 sec   427 KBytes  3.50 Mbits/sec  2.020 ms  842/1206 (70%)  
[  5] 356.00-357.00 sec   422 KBytes  3.46 Mbits/sec  2.501 ms  847/1207 (70%)  
[  5] 357.00-358.00 sec   427 KBytes  3.49 Mbits/sec  2.028 ms  873/1237 (71%)  
[  5] 358.00-359.00 sec   445 KBytes  3.65 Mbits/sec  1.912 ms  872/1252 (70%)  
[  5] 359.00-360.00 sec   427 KBytes  3.49 Mbits/sec  1.879 ms  835/1199 (70%)  
[  5] 360.00-361.00 sec   469 KBytes  3.84 Mbits/sec  1.894 ms  950/1350 (70%)  
[  5] 361.00-362.00 sec   421 KBytes  3.45 Mbits/sec  2.339 ms  867/1226 (71%)  
[  5] 362.00-363.00 sec   428 KBytes  3.50 Mbits/sec  1.988 ms  874/1239 (71%)  
[  5] 363.00-364.00 sec   492 KBytes  4.03 Mbits/sec  1.827 ms  1059/1479 (72%)  
[  5] 364.00-365.00 sec   421 KBytes  3.45 Mbits/sec  2.149 ms  962/1321 (73%)  
[  5] 365.00-366.00 sec   428 KBytes  3.50 Mbits/sec  2.022 ms  991/1356 (73%)  
[  5] 366.00-367.00 sec   492 KBytes  4.03 Mbits/sec  2.010 ms  1078/1498 (72%)  
[  5] 367.00-368.00 sec   488 KBytes  4.00 Mbits/sec  1.914 ms  1008/1424 (71%)  
[  5] 368.00-369.00 sec   427 KBytes  3.49 Mbits/sec  1.886 ms  924/1288 (72%)  
[  5] 369.00-370.00 sec   493 KBytes  4.04 Mbits/sec  1.771 ms  1062/1483 (72%)  
[  5] 370.00-371.00 sec   421 KBytes  3.45 Mbits/sec  1.900 ms  819/1178 (70%)  
[  5] 371.00-372.00 sec   428 KBytes  3.50 Mbits/sec  1.902 ms  832/1197 (70%)  
[  5] 372.00-373.00 sec   421 KBytes  3.45 Mbits/sec  1.833 ms  803/1162 (69%)  
[  5] 373.00-374.00 sec   434 KBytes  3.55 Mbits/sec  6.282 ms  894/1264 (71%)  
[  5] 374.00-375.00 sec   486 KBytes  3.99 Mbits/sec  1.760 ms  929/1344 (69%)  
[  5] 375.00-376.00 sec   421 KBytes  3.44 Mbits/sec  1.834 ms  842/1201 (70%)  
[  5] 376.00-377.00 sec   428 KBytes  3.51 Mbits/sec  1.986 ms  877/1242 (71%)  
[  5] 377.00-378.00 sec   420 KBytes  3.43 Mbits/sec  1.878 ms  855/1213 (70%)  
[  5] 378.00-379.00 sec   493 KBytes  4.05 Mbits/sec  1.847 ms  983/1404 (70%)  
[  5] 379.00-380.00 sec   427 KBytes  3.49 Mbits/sec  1.953 ms  875/1239 (71%)  
[  5] 380.00-381.00 sec   422 KBytes  3.46 Mbits/sec  1.776 ms  849/1209 (70%)  
[  5] 381.00-382.00 sec   427 KBytes  3.49 Mbits/sec  1.936 ms  863/1227 (70%)  
[  5] 382.00-383.00 sec   355 KBytes  2.91 Mbits/sec  2.142 ms  669/972 (69%)  
[  5] 383.00-384.00 sec   493 KBytes  4.04 Mbits/sec  1.941 ms  950/1371 (69%)  
[  5] 384.00-385.00 sec   427 KBytes  3.50 Mbits/sec  1.940 ms  863/1227 (70%)  
[  5] 385.00-386.00 sec   421 KBytes  3.44 Mbits/sec  1.785 ms  805/1164 (69%)  
[  5] 386.00-387.00 sec   493 KBytes  4.05 Mbits/sec  1.864 ms  953/1374 (69%)  
[  5] 387.00-388.00 sec   361 KBytes  2.95 Mbits/sec  2.054 ms  702/1010 (70%)  
[  5] 388.00-389.00 sec   421 KBytes  3.45 Mbits/sec  2.352 ms  784/1143 (69%)  
[  5] 389.00-390.00 sec   492 KBytes  4.03 Mbits/sec  2.101 ms  930/1350 (69%)  
[  5] 390.00-391.00 sec   422 KBytes  3.46 Mbits/sec  2.152 ms  768/1128 (68%)  
[  5] 391.00-392.00 sec   427 KBytes  3.49 Mbits/sec  1.859 ms  808/1172 (69%)  
[  5] 392.00-393.00 sec   427 KBytes  3.49 Mbits/sec  2.147 ms  825/1189 (69%)  
[  5] 393.00-394.00 sec   488 KBytes  3.99 Mbits/sec  1.767 ms  957/1373 (70%)  
[  5] 394.00-395.00 sec   427 KBytes  3.49 Mbits/sec  1.999 ms  851/1215 (70%)  
[  5] 395.00-396.00 sec   427 KBytes  3.50 Mbits/sec  1.790 ms  875/1239 (71%)  
[  5] 396.00-397.00 sec   422 KBytes  3.46 Mbits/sec  1.878 ms  849/1209 (70%)  
[  5] 397.00-398.00 sec   427 KBytes  3.49 Mbits/sec  1.833 ms  836/1200 (70%)  
[  5] 398.00-399.00 sec   493 KBytes  4.04 Mbits/sec  1.853 ms  1002/1423 (70%)  
[  5] 399.00-400.00 sec   421 KBytes  3.45 Mbits/sec  1.872 ms  827/1186 (70%)  
