Connecting to host 172.22.0.50, port 5202
Reverse mode, remote host 172.22.0.50 is sending
[  5] local 192.168.102.2 port 48933 connected to 172.22.0.50 port 5202
[ ID] Interval           Transfer     Bitrate         Jitter    Lost/Total Datagrams
[  5]   0.00-1.00   sec   440 KBytes  3.60 Mbits/sec  0.284 ms  0/4507 (0%)  
[  5]   1.00-2.00   sec   440 KBytes  3.61 Mbits/sec  0.291 ms  0/4506 (0%)  
[  5]   2.00-3.00   sec   439 KBytes  3.59 Mbits/sec  0.364 ms  0/4492 (0%)  
[  5]   3.00-4.00   sec   436 KBytes  3.57 Mbits/sec  0.239 ms  0/4466 (0%)  
[  5]   4.00-5.00   sec   440 KBytes  3.61 Mbits/sec  0.255 ms  0/4507 (0%)  
[  5]   5.00-6.00   sec   441 KBytes  3.62 Mbits/sec  0.246 ms  0/4520 (0%)  
[  5]   6.00-7.00   sec   438 KBytes  3.58 Mbits/sec  0.327 ms  0/4480 (0%)  
[  5]   7.00-8.00   sec   443 KBytes  3.63 Mbits/sec  0.285 ms  0/4534 (0%)  
[  5]   8.00-9.00   sec   438 KBytes  3.59 Mbits/sec  0.399 ms  0/4490 (0%)  
[  5]   9.00-10.00  sec   440 KBytes  3.61 Mbits/sec  0.286 ms  0/4509 (0%)  
[  5]  10.00-11.00  sec   439 KBytes  3.59 Mbits/sec  0.378 ms  0/4492 (0%)  
[  5]  11.00-12.00  sec   439 KBytes  3.60 Mbits/sec  0.443 ms  0/4498 (0%)  
[  5]  12.00-13.00  sec   440 KBytes  3.60 Mbits/sec  0.325 ms  0/4510 (0%)  
[  5]  13.00-14.00  sec   436 KBytes  3.58 Mbits/sec  0.301 ms  0/4466 (0%)  
[  5]  14.00-15.00  sec   441 KBytes  3.62 Mbits/sec  0.287 ms  0/4520 (0%)  
[  5]  15.00-16.00  sec   439 KBytes  3.60 Mbits/sec  0.312 ms  0/4500 (0%)  
[  5]  16.00-17.00  sec   440 KBytes  3.60 Mbits/sec  0.311 ms  0/4508 (0%)  
[  5]  17.00-18.00  sec   413 KBytes  3.39 Mbits/sec  0.388 ms  0/4231 (0%)  
[  5]  18.00-19.00  sec   347 KBytes  2.85 Mbits/sec  0.349 ms  0/3557 (0%)  
[  5]  19.00-20.00  sec   347 KBytes  2.84 Mbits/sec  0.330 ms  0/3553 (0%)  
[  5]  20.00-21.00  sec   354 KBytes  2.90 Mbits/sec  0.347 ms  0/3623 (0%)  
[  5]  21.00-22.00  sec   356 KBytes  2.92 Mbits/sec  0.354 ms  0/3649 (0%)  
[  5]  22.00-23.00  sec   362 KBytes  2.97 Mbits/sec  0.369 ms  0/3712 (0%)  
[  5]  23.00-24.00  sec   360 KBytes  2.95 Mbits/sec  0.306 ms  0/3685 (0%)  
[  5]  24.00-25.00  sec   356 KBytes  2.92 Mbits/sec  0.454 ms  0/3645 (0%)  
[  5]  25.00-26.00  sec   360 KBytes  2.95 Mbits/sec  0.493 ms  0/3690 (0%)  
[  5]  26.00-27.00  sec   352 KBytes  2.89 Mbits/sec  0.366 ms  0/3609 (0%)  
[  5]  27.00-28.00  sec   352 KBytes  2.88 Mbits/sec  0.381 ms  0/3602 (0%)  
[  5]  28.00-29.00  sec   348 KBytes  2.85 Mbits/sec  0.329 ms  0/3560 (0%)  
[  5]  29.00-30.00  sec   351 KBytes  2.87 Mbits/sec  0.281 ms  0/3593 (0%)  
[  5]  30.00-31.00  sec   356 KBytes  2.92 Mbits/sec  0.355 ms  0/3643 (0%)  
[  5]  31.00-32.00  sec   356 KBytes  2.92 Mbits/sec  0.374 ms  0/3644 (0%)  
[  5]  32.00-33.00  sec   350 KBytes  2.86 Mbits/sec  0.373 ms  0/3579 (0%)  
[  5]  33.00-34.00  sec   357 KBytes  2.93 Mbits/sec  0.396 ms  0/3657 (0%)  
[  5]  34.00-35.00  sec   353 KBytes  2.89 Mbits/sec  0.379 ms  0/3610 (0%)  
[  5]  35.00-36.00  sec   358 KBytes  2.93 Mbits/sec  0.359 ms  0/3662 (0%)  
[  5]  36.00-37.00  sec   353 KBytes  2.89 Mbits/sec  0.375 ms  0/3616 (0%)  
[  5]  37.00-38.00  sec   360 KBytes  2.95 Mbits/sec  0.376 ms  0/3685 (0%)  
[  5]  38.00-39.00  sec   347 KBytes  2.85 Mbits/sec  0.352 ms  0/3554 (0%)  
[  5]  39.00-40.00  sec   344 KBytes  2.82 Mbits/sec  0.372 ms  0/3521 (0%)  
[  5]  40.00-41.00  sec   353 KBytes  2.89 Mbits/sec  0.352 ms  0/3613 (0%)  
[  5]  41.00-42.00  sec   353 KBytes  2.89 Mbits/sec  0.363 ms  0/3610 (0%)  
[  5]  42.00-43.00  sec   353 KBytes  2.89 Mbits/sec  0.361 ms  0/3616 (0%)  
[  5]  43.00-44.00  sec   353 KBytes  2.89 Mbits/sec  0.313 ms  0/3611 (0%)  
[  5]  44.00-45.00  sec   357 KBytes  2.92 Mbits/sec  0.408 ms  0/3653 (0%)  
[  5]  45.00-46.00  sec   356 KBytes  2.92 Mbits/sec  0.317 ms  0/3647 (0%)  
[  5]  46.00-47.00  sec   355 KBytes  2.91 Mbits/sec  0.453 ms  0/3635 (0%)  
[  5]  47.00-48.00  sec   352 KBytes  2.88 Mbits/sec  0.416 ms  0/3604 (0%)  
[  5]  48.00-49.00  sec   346 KBytes  2.83 Mbits/sec  0.384 ms  0/3544 (0%)  
[  5]  49.00-50.00  sec   358 KBytes  2.93 Mbits/sec  0.354 ms  0/3663 (0%)  
[  5]  50.00-51.00  sec   356 KBytes  2.92 Mbits/sec  0.335 ms  0/3648 (0%)  
[  5]  51.00-52.00  sec   358 KBytes  2.93 Mbits/sec  0.363 ms  0/3666 (0%)  
[  5]  52.00-53.00  sec   353 KBytes  2.89 Mbits/sec  0.442 ms  0/3616 (0%)  
[  5]  53.00-54.00  sec   354 KBytes  2.90 Mbits/sec  0.326 ms  0/3624 (0%)  
[  5]  54.00-55.00  sec   348 KBytes  2.85 Mbits/sec  0.489 ms  0/3565 (0%)  
[  5]  55.00-56.00  sec   343 KBytes  2.81 Mbits/sec  0.364 ms  0/3508 (0%)  
[  5]  56.00-57.00  sec   347 KBytes  2.84 Mbits/sec  0.412 ms  0/3549 (0%)  
[  5]  57.00-58.00  sec   348 KBytes  2.85 Mbits/sec  0.348 ms  0/3567 (0%)  
[  5]  58.00-59.00  sec   350 KBytes  2.87 Mbits/sec  0.390 ms  0/3586 (0%)  
[  5]  59.00-60.00  sec   351 KBytes  2.88 Mbits/sec  0.342 ms  0/3596 (0%)  
[  5]  60.00-61.00  sec   359 KBytes  2.94 Mbits/sec  0.315 ms  0/3676 (0%)  
[  5]  61.00-62.00  sec   357 KBytes  2.92 Mbits/sec  0.313 ms  0/3656 (0%)  
[  5]  62.00-63.00  sec   360 KBytes  2.95 Mbits/sec  0.344 ms  0/3687 (0%)  
[  5]  63.00-64.00  sec   360 KBytes  2.95 Mbits/sec  0.328 ms  0/3685 (0%)  
[  5]  64.00-65.00  sec   356 KBytes  2.92 Mbits/sec  0.355 ms  0/3643 (0%)  
[  5]  65.00-66.00  sec   350 KBytes  2.87 Mbits/sec  0.364 ms  0/3583 (0%)  
[  5]  66.00-67.00  sec   353 KBytes  2.89 Mbits/sec  0.388 ms  0/3617 (0%)  
[  5]  67.00-68.00  sec   349 KBytes  2.86 Mbits/sec  0.329 ms  0/3573 (0%)  
[  5]  68.00-69.00  sec   351 KBytes  2.87 Mbits/sec  0.373 ms  0/3597 (0%)  
[  5]  69.00-70.00  sec   348 KBytes  2.85 Mbits/sec  0.314 ms  0/3560 (0%)  
[  5]  70.00-71.00  sec   351 KBytes  2.88 Mbits/sec  0.357 ms  0/3595 (0%)  
[  5]  71.00-72.00  sec   347 KBytes  2.84 Mbits/sec  0.293 ms  0/3553 (0%)  
[  5]  72.00-73.00  sec   342 KBytes  2.80 Mbits/sec  0.299 ms  0/3514 (0%)  
[  5]  73.00-74.00  sec   358 KBytes  2.93 Mbits/sec  0.405 ms  0/3661 (0%)  
[  5]  74.00-75.00  sec   354 KBytes  2.90 Mbits/sec  0.323 ms  0/3624 (0%)  
[  5]  75.00-76.00  sec   362 KBytes  2.96 Mbits/sec  0.308 ms  0/3703 (0%)  
[  5]  76.00-77.00  sec   352 KBytes  2.88 Mbits/sec  0.386 ms  0/3606 (0%)  
[  5]  77.00-78.00  sec   350 KBytes  2.87 Mbits/sec  0.372 ms  0/3581 (0%)  
[  5]  78.00-79.00  sec   352 KBytes  2.88 Mbits/sec  0.296 ms  0/3603 (0%)  
[  5]  79.00-80.00  sec   357 KBytes  2.92 Mbits/sec  0.366 ms  0/3652 (0%)  
[  5]  80.00-81.00  sec   360 KBytes  2.95 Mbits/sec  0.323 ms  0/3687 (0%)  
[  5]  81.00-82.00  sec   363 KBytes  2.97 Mbits/sec  0.321 ms  0/3716 (0%)  
[  5]  82.00-83.00  sec   349 KBytes  2.86 Mbits/sec  0.405 ms  0/3570 (0%)  
[  5]  83.00-84.00  sec   356 KBytes  2.91 Mbits/sec  0.366 ms  0/3643 (0%)  
[  5]  84.00-85.00  sec   349 KBytes  2.86 Mbits/sec  0.447 ms  0/3577 (0%)  
[  5]  85.00-86.00  sec   351 KBytes  2.88 Mbits/sec  0.382 ms  0/3595 (0%)  
[  5]  86.00-87.00  sec   341 KBytes  2.80 Mbits/sec  0.427 ms  0/3496 (0%)  
[  5]  87.00-88.00  sec   352 KBytes  2.88 Mbits/sec  0.553 ms  0/3600 (0%)  
[  5]  88.00-89.00  sec   349 KBytes  2.86 Mbits/sec  0.303 ms  0/3574 (0%)  
[  5]  89.00-90.00  sec   342 KBytes  2.80 Mbits/sec  0.387 ms  0/3501 (0%)  
[  5]  90.00-91.00  sec   341 KBytes  2.79 Mbits/sec  0.307 ms  0/3487 (0%)  
[  5]  91.00-92.00  sec   349 KBytes  2.86 Mbits/sec  0.388 ms  0/3570 (0%)  
[  5]  92.00-93.00  sec   343 KBytes  2.81 Mbits/sec  0.424 ms  0/3515 (0%)  
[  5]  93.00-94.00  sec   357 KBytes  2.92 Mbits/sec  0.347 ms  0/3651 (0%)  
[  5]  94.00-95.00  sec   355 KBytes  2.91 Mbits/sec  0.335 ms  0/3635 (0%)  
[  5]  95.00-96.00  sec   345 KBytes  2.82 Mbits/sec  0.389 ms  0/3530 (0%)  
[  5]  96.00-97.00  sec   346 KBytes  2.84 Mbits/sec  0.324 ms  0/3544 (0%)  
[  5]  97.00-98.00  sec   350 KBytes  2.87 Mbits/sec  0.353 ms  0/3587 (0%)  
[  5]  98.00-99.00  sec   357 KBytes  2.93 Mbits/sec  0.346 ms  0/3656 (0%)  
[  5]  99.00-100.00 sec   347 KBytes  2.84 Mbits/sec  0.359 ms  0/3556 (0%)  
[  5] 100.00-101.00 sec   346 KBytes  2.84 Mbits/sec  0.426 ms  0/3547 (0%)  
[  5] 101.00-102.00 sec   349 KBytes  2.86 Mbits/sec  0.330 ms  0/3573 (0%)  
[  5] 102.00-103.00 sec   350 KBytes  2.87 Mbits/sec  0.447 ms  0/3586 (0%)  
[  5] 103.00-104.00 sec   347 KBytes  2.84 Mbits/sec  0.353 ms  0/3554 (0%)  
[  5] 104.00-105.00 sec   354 KBytes  2.90 Mbits/sec  0.310 ms  0/3620 (0%)  
[  5] 105.00-106.00 sec   351 KBytes  2.88 Mbits/sec  0.419 ms  0/3597 (0%)  
[  5] 106.00-107.00 sec   354 KBytes  2.90 Mbits/sec  0.307 ms  0/3628 (0%)  
[  5] 107.00-108.00 sec   356 KBytes  2.92 Mbits/sec  0.446 ms  0/3646 (0%)  
[  5] 108.00-109.00 sec   350 KBytes  2.86 Mbits/sec  0.367 ms  0/3581 (0%)  
[  5] 109.00-110.00 sec   352 KBytes  2.88 Mbits/sec  0.415 ms  0/3605 (0%)  
[  5] 110.00-111.00 sec   352 KBytes  2.88 Mbits/sec  0.322 ms  0/3600 (0%)  
[  5] 111.00-112.00 sec   363 KBytes  2.97 Mbits/sec  0.359 ms  0/3716 (0%)  
[  5] 112.00-113.00 sec   366 KBytes  2.99 Mbits/sec  0.313 ms  0/3744 (0%)  
[  5] 113.00-114.00 sec   345 KBytes  2.82 Mbits/sec  0.484 ms  0/3528 (0%)  
[  5] 114.00-115.00 sec   341 KBytes  2.79 Mbits/sec  0.337 ms  0/3488 (0%)  
[  5] 115.00-116.00 sec   342 KBytes  2.80 Mbits/sec  0.481 ms  0/3504 (0%)  
[  5] 116.00-117.00 sec   344 KBytes  2.82 Mbits/sec  0.353 ms  0/3523 (0%)  
[  5] 117.00-118.00 sec   348 KBytes  2.85 Mbits/sec  0.453 ms  0/3564 (0%)  
[  5] 118.00-119.00 sec   347 KBytes  2.84 Mbits/sec  0.394 ms  0/3556 (0%)  
[  5] 119.00-120.00 sec   348 KBytes  2.85 Mbits/sec  0.301 ms  0/3559 (0%)  
[  5] 120.00-121.00 sec   345 KBytes  2.83 Mbits/sec  0.363 ms  0/3533 (0%)  
[  5] 121.00-122.00 sec   347 KBytes  2.84 Mbits/sec  0.327 ms  0/3555 (0%)  
[  5] 122.00-123.00 sec   340 KBytes  2.79 Mbits/sec  0.329 ms  0/3482 (0%)  
[  5] 123.00-124.00 sec   343 KBytes  2.81 Mbits/sec  0.394 ms  0/3517 (0%)  
[  5] 124.00-125.00 sec   270 KBytes  2.21 Mbits/sec  0.269 ms  654/3418 (19%)  
[  5] 125.00-126.00 sec   344 KBytes  2.82 Mbits/sec  0.211 ms  1011/4531 (22%)  
[  5] 126.00-127.00 sec   312 KBytes  2.56 Mbits/sec  0.203 ms  1293/4488 (29%)  
[  5] 127.00-128.00 sec   309 KBytes  2.53 Mbits/sec  0.204 ms  815/3983 (20%)  
[  5] 128.00-129.00 sec   356 KBytes  2.92 Mbits/sec  0.205 ms  858/4503 (19%)  
[  5] 129.00-130.00 sec   321 KBytes  2.62 Mbits/sec  0.225 ms  946/4228 (22%)  
[  5] 130.00-131.00 sec   330 KBytes  2.70 Mbits/sec  0.220 ms  1075/4450 (24%)  
[  5] 131.00-132.00 sec   339 KBytes  2.78 Mbits/sec  0.241 ms  952/4427 (22%)  
[  5] 132.00-133.00 sec   345 KBytes  2.83 Mbits/sec  0.215 ms  997/4534 (22%)  
[  5] 133.00-134.00 sec   352 KBytes  2.88 Mbits/sec  0.222 ms  743/4347 (17%)  
[  5] 134.00-135.00 sec   353 KBytes  2.89 Mbits/sec  0.218 ms  781/4397 (18%)  
[  5] 135.00-136.00 sec   351 KBytes  2.87 Mbits/sec  0.224 ms  1023/4616 (22%)  
[  5] 136.00-137.00 sec   358 KBytes  2.94 Mbits/sec  0.222 ms  1130/4800 (24%)  
[  5] 137.00-138.00 sec   353 KBytes  2.89 Mbits/sec  0.206 ms  1181/4792 (25%)  
[  5] 138.00-139.00 sec   346 KBytes  2.83 Mbits/sec  0.219 ms  1111/4651 (24%)  
[  5] 139.00-140.00 sec   348 KBytes  2.85 Mbits/sec  0.213 ms  944/4507 (21%)  
[  5] 140.00-141.00 sec   355 KBytes  2.91 Mbits/sec  0.217 ms  980/4618 (21%)  
[  5] 141.00-142.00 sec   331 KBytes  2.71 Mbits/sec  0.219 ms  1194/4582 (26%)  
[  5] 142.00-143.00 sec   353 KBytes  2.89 Mbits/sec  0.222 ms  908/4524 (20%)  
[  5] 143.00-144.00 sec   331 KBytes  2.71 Mbits/sec  0.216 ms  1272/4660 (27%)  
[  5] 144.00-145.00 sec   302 KBytes  2.47 Mbits/sec  0.236 ms  1014/4106 (25%)  
[  5] 145.00-146.00 sec   353 KBytes  2.89 Mbits/sec  0.220 ms  1167/4777 (24%)  
[  5] 146.00-147.00 sec   350 KBytes  2.87 Mbits/sec  0.231 ms  1089/4677 (23%)  
[  5] 147.00-148.00 sec   350 KBytes  2.86 Mbits/sec  0.215 ms  923/4503 (20%)  
[  5] 148.00-149.00 sec   339 KBytes  2.78 Mbits/sec  0.217 ms  1163/4635 (25%)  
[  5] 149.00-150.00 sec   359 KBytes  2.94 Mbits/sec  0.216 ms  1019/4697 (22%)  
[  5] 150.00-151.00 sec   344 KBytes  2.82 Mbits/sec  0.207 ms  999/4520 (22%)  
[  5] 151.00-152.00 sec   337 KBytes  2.76 Mbits/sec  0.219 ms  1208/4663 (26%)  
[  5] 152.00-153.00 sec   346 KBytes  2.83 Mbits/sec  0.206 ms  1201/4741 (25%)  
[  5] 153.00-154.00 sec   364 KBytes  2.98 Mbits/sec  0.244 ms  948/4672 (20%)  
[  5] 154.00-155.00 sec   355 KBytes  2.91 Mbits/sec  0.220 ms  1069/4703 (23%)  
[  5] 155.00-156.00 sec   349 KBytes  2.86 Mbits/sec  0.255 ms  870/4445 (20%)  
[  5] 156.00-157.01 sec   346 KBytes  2.83 Mbits/sec  0.218 ms  870/4416 (20%)  
[  5] 157.01-158.00 sec   350 KBytes  2.88 Mbits/sec  0.205 ms  782/4368 (18%)  
[  5] 158.00-159.00 sec   332 KBytes  2.72 Mbits/sec  0.581 ms  791/4195 (19%)  
[  5] 159.00-160.00 sec   312 KBytes  2.55 Mbits/sec  0.216 ms  930/4120 (23%)  
[  5] 160.00-161.00 sec   337 KBytes  2.76 Mbits/sec  0.217 ms  974/4424 (22%)  
[  5] 161.00-162.00 sec   351 KBytes  2.88 Mbits/sec  0.218 ms  903/4495 (20%)  
[  5] 162.00-163.00 sec   349 KBytes  2.86 Mbits/sec  0.216 ms  914/4490 (20%)  
[  5] 163.00-164.00 sec   346 KBytes  2.83 Mbits/sec  0.212 ms  1019/4560 (22%)  
[  5] 164.00-165.00 sec   350 KBytes  2.86 Mbits/sec  0.295 ms  961/4549 (21%)  
[  5] 165.00-166.00 sec   338 KBytes  2.78 Mbits/sec  0.223 ms  1174/4638 (25%)  
[  5] 166.00-167.00 sec   349 KBytes  2.86 Mbits/sec  0.310 ms  901/4475 (20%)  
[  5] 167.00-168.00 sec   354 KBytes  2.90 Mbits/sec  0.272 ms  897/4519 (20%)  
[  5] 168.00-169.00 sec   345 KBytes  2.83 Mbits/sec  0.217 ms  958/4494 (21%)  
[  5] 169.00-170.00 sec   342 KBytes  2.80 Mbits/sec  0.235 ms  1259/4761 (26%)  
[  5] 170.00-171.00 sec   308 KBytes  2.52 Mbits/sec  0.219 ms  937/4091 (23%)  
[  5] 171.00-172.00 sec   380 KBytes  3.12 Mbits/sec  0.223 ms  1219/5115 (24%)  
[  5] 172.00-173.00 sec   327 KBytes  2.68 Mbits/sec  0.272 ms  1008/4358 (23%)  
[  5] 173.00-174.00 sec   325 KBytes  2.66 Mbits/sec  0.220 ms  783/4110 (19%)  
[  5] 174.00-175.00 sec   322 KBytes  2.63 Mbits/sec  0.217 ms  1085/4378 (25%)  
[  5] 175.00-176.00 sec   360 KBytes  2.95 Mbits/sec  0.229 ms  800/4487 (18%)  
[  5] 176.00-177.00 sec   329 KBytes  2.69 Mbits/sec  0.217 ms  1051/4417 (24%)  
[  5] 177.00-178.00 sec   344 KBytes  2.82 Mbits/sec  0.217 ms  1122/4644 (24%)  
[  5] 178.00-179.00 sec   359 KBytes  2.94 Mbits/sec  0.204 ms  962/4636 (21%)  
[  5] 179.00-180.00 sec   329 KBytes  2.69 Mbits/sec  1.127 ms  1256/4623 (27%)  
[  5] 180.00-181.00 sec   350 KBytes  2.86 Mbits/sec  0.212 ms  978/4558 (21%)  
[  5] 181.00-182.00 sec   346 KBytes  2.84 Mbits/sec  0.223 ms  987/4533 (22%)  
[  5] 182.00-183.00 sec   356 KBytes  2.92 Mbits/sec  0.347 ms  1099/4748 (23%)  
[  5] 183.00-184.00 sec   335 KBytes  2.74 Mbits/sec  0.216 ms  1113/4542 (25%)  
[  5] 184.00-185.00 sec   349 KBytes  2.85 Mbits/sec  0.208 ms  925/4497 (21%)  
[  5] 185.00-186.00 sec   333 KBytes  2.73 Mbits/sec  0.582 ms  1320/4727 (28%)  
[  5] 186.00-187.00 sec   284 KBytes  2.33 Mbits/sec  0.300 ms  1262/4173 (30%)  
[  5] 187.00-188.00 sec   321 KBytes  2.63 Mbits/sec  0.215 ms  1086/4368 (25%)  
[  5] 188.00-189.00 sec   354 KBytes  2.90 Mbits/sec  0.215 ms  914/4539 (20%)  
[  5] 189.00-190.00 sec   352 KBytes  2.88 Mbits/sec  0.231 ms  833/4437 (19%)  
[  5] 190.00-191.00 sec   333 KBytes  2.72 Mbits/sec  0.227 ms  1117/4522 (25%)  
[  5] 191.00-192.00 sec   343 KBytes  2.81 Mbits/sec  0.204 ms  845/4359 (19%)  
[  5] 192.00-193.00 sec   343 KBytes  2.81 Mbits/sec  0.203 ms  894/4404 (20%)  
[  5] 193.00-194.00 sec   341 KBytes  2.79 Mbits/sec  0.216 ms  934/4426 (21%)  
[  5] 194.00-195.00 sec   351 KBytes  2.88 Mbits/sec  0.227 ms  1087/4680 (23%)  
[  5] 195.00-196.00 sec   353 KBytes  2.89 Mbits/sec  0.210 ms  952/4562 (21%)  
[  5] 196.00-197.00 sec   350 KBytes  2.87 Mbits/sec  0.211 ms  906/4490 (20%)  
[  5] 197.00-198.00 sec   325 KBytes  2.67 Mbits/sec  0.199 ms  1222/4554 (27%)  
[  5] 198.00-199.00 sec   290 KBytes  2.37 Mbits/sec  0.219 ms  924/3889 (24%)  
[  5] 199.00-200.00 sec   386 KBytes  3.16 Mbits/sec  0.215 ms  946/4895 (19%)  
[  5] 200.00-201.00 sec   316 KBytes  2.58 Mbits/sec  0.219 ms  874/4105 (21%)  
[  5] 201.00-202.00 sec   338 KBytes  2.77 Mbits/sec  0.222 ms  1033/4490 (23%)  
[  5] 202.00-203.00 sec   331 KBytes  2.71 Mbits/sec  0.223 ms  1059/4448 (24%)  
[  5] 203.00-204.00 sec   310 KBytes  2.54 Mbits/sec  0.215 ms  778/3951 (20%)  
[  5] 204.00-205.00 sec   351 KBytes  2.88 Mbits/sec  0.227 ms  841/4438 (19%)  
[  5] 205.00-206.00 sec   348 KBytes  2.85 Mbits/sec  0.216 ms  952/4517 (21%)  
[  5] 206.00-207.00 sec   332 KBytes  2.72 Mbits/sec  0.218 ms  1127/4523 (25%)  
[  5] 207.00-208.00 sec   315 KBytes  2.58 Mbits/sec  0.251 ms  1263/4492 (28%)  
[  5] 208.00-209.00 sec   346 KBytes  2.83 Mbits/sec  0.218 ms  956/4495 (21%)  
[  5] 209.00-210.00 sec   339 KBytes  2.78 Mbits/sec  0.487 ms  1248/4718 (26%)  
[  5] 210.00-211.00 sec   336 KBytes  2.75 Mbits/sec  0.711 ms  1246/4683 (27%)  
[  5] 211.00-212.00 sec   344 KBytes  2.82 Mbits/sec  0.212 ms  961/4486 (21%)  
[  5] 212.00-213.00 sec   351 KBytes  2.88 Mbits/sec  0.209 ms  1020/4614 (22%)  
[  5] 213.00-214.00 sec   345 KBytes  2.83 Mbits/sec  0.225 ms  926/4463 (21%)  
[  5] 214.00-215.00 sec   309 KBytes  2.53 Mbits/sec  0.215 ms  738/3903 (19%)  
[  5] 215.00-216.00 sec   324 KBytes  2.65 Mbits/sec  0.210 ms  1216/4533 (27%)  
[  5] 216.00-217.00 sec   335 KBytes  2.75 Mbits/sec  0.350 ms  1067/4502 (24%)  
[  5] 217.00-218.00 sec   303 KBytes  2.48 Mbits/sec  0.220 ms  990/4091 (24%)  
[  5] 218.00-219.00 sec   336 KBytes  2.75 Mbits/sec  0.220 ms  1240/4676 (27%)  
[  5] 219.00-220.00 sec   297 KBytes  2.43 Mbits/sec  0.215 ms  934/3974 (24%)  
[  5] 220.00-221.00 sec   336 KBytes  2.75 Mbits/sec  0.218 ms  1061/4498 (24%)  
[  5] 221.00-222.00 sec   357 KBytes  2.92 Mbits/sec  0.214 ms  893/4547 (20%)  
[  5] 222.00-223.00 sec   300 KBytes  2.46 Mbits/sec  0.230 ms  876/3945 (22%)  
[  5] 223.00-224.00 sec   355 KBytes  2.91 Mbits/sec  0.209 ms  1151/4784 (24%)  
[  5] 224.00-225.00 sec   346 KBytes  2.83 Mbits/sec  0.212 ms  1113/4653 (24%)  
[  5] 225.00-226.00 sec   349 KBytes  2.86 Mbits/sec  0.220 ms  988/4564 (22%)  
[  5] 226.00-227.00 sec   381 KBytes  3.12 Mbits/sec  0.206 ms  994/4894 (20%)  
[  5] 227.00-228.00 sec   350 KBytes  2.87 Mbits/sec  0.221 ms  867/4451 (19%)  
[  5] 228.00-229.00 sec   354 KBytes  2.90 Mbits/sec  0.219 ms  1005/4630 (22%)  
[  5] 229.00-230.00 sec   329 KBytes  2.69 Mbits/sec  0.216 ms  1108/4476 (25%)  
[  5] 230.00-231.00 sec   323 KBytes  2.64 Mbits/sec  0.228 ms  1237/4542 (27%)  
[  5] 231.00-232.00 sec   330 KBytes  2.70 Mbits/sec  0.210 ms  1121/4501 (25%)  
[  5] 232.00-233.00 sec   348 KBytes  2.85 Mbits/sec  0.219 ms  961/4528 (21%)  
[  5] 233.00-234.00 sec   299 KBytes  2.45 Mbits/sec  0.218 ms  960/4018 (24%)  
[  5] 234.00-235.00 sec   343 KBytes  2.81 Mbits/sec  0.223 ms  1046/4563 (23%)  
[  5] 235.00-236.00 sec   336 KBytes  2.76 Mbits/sec  0.219 ms  1199/4642 (26%)  
[  5] 236.00-237.00 sec   350 KBytes  2.87 Mbits/sec  0.214 ms  986/4575 (22%)  
[  5] 237.00-238.00 sec   348 KBytes  2.85 Mbits/sec  0.220 ms  1152/4713 (24%)  
[  5] 238.00-239.00 sec   348 KBytes  2.85 Mbits/sec  0.221 ms  1183/4749 (25%)  
[  5] 239.00-240.00 sec   340 KBytes  2.78 Mbits/sec  0.226 ms  1040/4518 (23%)  
[  5] 240.00-241.00 sec   341 KBytes  2.79 Mbits/sec  0.230 ms  1321/4813 (27%)  
[  5] 241.00-242.00 sec   347 KBytes  2.84 Mbits/sec  0.212 ms  1097/4652 (24%)  
[  5] 242.00-243.00 sec   364 KBytes  2.98 Mbits/sec  0.221 ms  1063/4791 (22%)  
[  5] 243.00-244.00 sec   319 KBytes  2.62 Mbits/sec  0.216 ms  1010/4281 (24%)  
[  5] 244.00-245.00 sec   353 KBytes  2.89 Mbits/sec  0.220 ms  1044/4654 (22%)  
[  5] 245.00-246.00 sec   342 KBytes  2.80 Mbits/sec  0.219 ms  964/4463 (22%)  
[  5] 246.00-247.00 sec   312 KBytes  2.56 Mbits/sec  0.226 ms  754/3951 (19%)  
[  5] 247.00-248.00 sec   351 KBytes  2.88 Mbits/sec  0.216 ms  875/4470 (20%)  
[  5] 248.00-249.00 sec   352 KBytes  2.88 Mbits/sec  0.217 ms  788/4391 (18%)  
[  5] 249.00-250.00 sec   344 KBytes  2.81 Mbits/sec  0.220 ms  872/4390 (20%)  
[  5] 250.00-251.00 sec   341 KBytes  2.80 Mbits/sec  0.218 ms  1094/4590 (24%)  
[  5] 251.00-252.00 sec   337 KBytes  2.76 Mbits/sec  0.207 ms  1036/4488 (23%)  
[  5] 252.00-253.00 sec   350 KBytes  2.86 Mbits/sec  0.215 ms  966/4546 (21%)  
[  5] 253.00-254.00 sec   319 KBytes  2.61 Mbits/sec  0.216 ms  914/4176 (22%)  
[  5] 254.00-255.00 sec   383 KBytes  3.14 Mbits/sec  0.218 ms  1140/5061 (23%)  
[  5] 255.00-256.00 sec   347 KBytes  2.84 Mbits/sec  0.219 ms  1053/4610 (23%)  
[  5] 256.00-257.00 sec   355 KBytes  2.92 Mbits/sec  0.211 ms  1051/4689 (22%)  
[  5] 257.00-258.00 sec   329 KBytes  2.70 Mbits/sec  0.227 ms  1193/4565 (26%)  
[  5] 258.00-259.00 sec   354 KBytes  2.90 Mbits/sec  0.215 ms  933/4558 (20%)  
[  5] 259.00-260.00 sec   299 KBytes  2.45 Mbits/sec  0.224 ms  718/3782 (19%)  
[  5] 260.00-261.00 sec   346 KBytes  2.84 Mbits/sec  0.219 ms  1030/4575 (23%)  
[  5] 261.00-262.00 sec   329 KBytes  2.70 Mbits/sec  0.227 ms  1075/4448 (24%)  
[  5] 262.00-263.00 sec   337 KBytes  2.76 Mbits/sec  0.220 ms  1056/4507 (23%)  
[  5] 263.00-264.00 sec   346 KBytes  2.83 Mbits/sec  0.215 ms  894/4435 (20%)  
[  5] 264.00-265.00 sec   336 KBytes  2.75 Mbits/sec  0.219 ms  1116/4554 (25%)  
[  5] 265.00-266.00 sec   337 KBytes  2.76 Mbits/sec  0.215 ms  1121/4575 (25%)  
[  5] 266.00-267.00 sec   358 KBytes  2.93 Mbits/sec  0.229 ms  1202/4868 (25%)  
[  5] 267.00-268.00 sec   360 KBytes  2.95 Mbits/sec  0.214 ms  1201/4888 (25%)  
[  5] 268.00-269.00 sec   295 KBytes  2.41 Mbits/sec  0.213 ms  1165/4182 (28%)  
[  5] 269.00-270.00 sec   307 KBytes  2.51 Mbits/sec  0.221 ms  1344/4489 (30%)  
[  5] 270.00-271.00 sec   358 KBytes  2.94 Mbits/sec  0.215 ms  921/4588 (20%)  
[  5] 271.00-272.00 sec   365 KBytes  2.99 Mbits/sec  0.262 ms  1303/5037 (26%)  
[  5] 272.00-273.00 sec   297 KBytes  2.43 Mbits/sec  6.871 ms  989/4030 (25%)  
[  5] 273.00-274.00 sec   344 KBytes  2.82 Mbits/sec  0.209 ms  1092/4618 (24%)  
[  5] 274.00-275.00 sec   345 KBytes  2.83 Mbits/sec  0.224 ms  959/4495 (21%)  
[  5] 275.00-276.00 sec   311 KBytes  2.55 Mbits/sec  0.216 ms  832/4021 (21%)  
[  5] 276.00-277.00 sec   355 KBytes  2.91 Mbits/sec  0.214 ms  879/4511 (19%)  
[  5] 277.00-278.00 sec   332 KBytes  2.72 Mbits/sec  0.214 ms  1026/4430 (23%)  
[  5] 278.00-279.00 sec   308 KBytes  2.52 Mbits/sec  3.548 ms  885/4039 (22%)  
[  5] 279.00-280.00 sec   340 KBytes  2.78 Mbits/sec  0.212 ms  905/4384 (21%)  
[  5] 280.00-281.00 sec   318 KBytes  2.60 Mbits/sec  0.285 ms  1358/4612 (29%)  
[  5] 281.00-282.00 sec   350 KBytes  2.87 Mbits/sec  0.213 ms  1090/4679 (23%)  
[  5] 282.00-283.00 sec   356 KBytes  2.91 Mbits/sec  0.213 ms  989/4631 (21%)  
[  5] 283.00-284.00 sec   299 KBytes  2.45 Mbits/sec  0.216 ms  906/3965 (23%)  
[  5] 284.00-285.00 sec   350 KBytes  2.86 Mbits/sec  0.216 ms  950/4530 (21%)  
[  5] 285.00-286.00 sec   330 KBytes  2.71 Mbits/sec  0.210 ms  1203/4587 (26%)  
[  5] 286.00-287.00 sec   351 KBytes  2.88 Mbits/sec  0.213 ms  870/4467 (19%)  
[  5] 287.00-288.00 sec   350 KBytes  2.86 Mbits/sec  0.209 ms  949/4534 (21%)  
[  5] 288.00-289.00 sec   337 KBytes  2.76 Mbits/sec  0.220 ms  963/4411 (22%)  
[  5] 289.00-290.00 sec   353 KBytes  2.89 Mbits/sec  0.194 ms  819/4431 (18%)  
[  5] 290.00-291.00 sec   343 KBytes  2.81 Mbits/sec  0.218 ms  985/4495 (22%)  
[  5] 291.00-292.00 sec   349 KBytes  2.86 Mbits/sec  0.223 ms  1135/4706 (24%)  
[  5] 292.00-293.00 sec   300 KBytes  2.46 Mbits/sec  0.218 ms  1005/4079 (25%)  
[  5] 293.00-294.00 sec   346 KBytes  2.84 Mbits/sec  0.425 ms  1018/4561 (22%)  
[  5] 294.00-295.00 sec   344 KBytes  2.82 Mbits/sec  0.219 ms  893/4420 (20%)  
[  5] 295.00-296.00 sec   353 KBytes  2.89 Mbits/sec  0.220 ms  1143/4753 (24%)  
[  5] 296.00-297.00 sec   340 KBytes  2.79 Mbits/sec  0.223 ms  1074/4559 (24%)  
[  5] 297.00-298.00 sec   338 KBytes  2.77 Mbits/sec  0.216 ms  1423/4881 (29%)  
[  5] 298.00-299.00 sec   334 KBytes  2.74 Mbits/sec  0.221 ms  1356/4781 (28%)  
[  5] 299.00-300.00 sec   350 KBytes  2.86 Mbits/sec  0.211 ms  1021/4601 (22%)  
[  5] 300.00-301.00 sec   355 KBytes  2.91 Mbits/sec  0.217 ms  1001/4638 (22%)  
[  5] 301.00-302.00 sec   348 KBytes  2.86 Mbits/sec  0.216 ms  979/4547 (22%)  
[  5] 302.00-303.00 sec   328 KBytes  2.69 Mbits/sec  0.221 ms  1266/4628 (27%)  
[  5] 303.00-304.00 sec   355 KBytes  2.90 Mbits/sec  0.220 ms  1004/4635 (22%)  
[  5] 304.00-305.00 sec   293 KBytes  2.40 Mbits/sec  0.214 ms  1010/4008 (25%)  
[  5] 305.00-306.00 sec   354 KBytes  2.90 Mbits/sec  0.215 ms  1098/4723 (23%)  
[  5] 306.00-307.00 sec   350 KBytes  2.87 Mbits/sec  0.215 ms  911/4499 (20%)  
[  5] 307.00-308.00 sec   356 KBytes  2.91 Mbits/sec  0.218 ms  888/4530 (20%)  
[  5] 308.00-309.00 sec   356 KBytes  2.92 Mbits/sec  0.217 ms  804/4449 (18%)  
[  5] 309.00-310.00 sec   308 KBytes  2.53 Mbits/sec  0.264 ms  949/4108 (23%)  
[  5] 310.00-311.00 sec   326 KBytes  2.67 Mbits/sec  0.219 ms  1104/4443 (25%)  
[  5] 311.00-312.00 sec   351 KBytes  2.88 Mbits/sec  0.210 ms  966/4563 (21%)  
[  5] 312.00-313.00 sec   384 KBytes  3.14 Mbits/sec  0.241 ms  1090/5019 (22%)  
[  5] 313.00-314.00 sec   362 KBytes  2.97 Mbits/sec  0.202 ms  940/4651 (20%)  
[  5] 314.00-315.00 sec   345 KBytes  2.83 Mbits/sec  0.217 ms  926/4462 (21%)  
[  5] 315.00-316.00 sec   356 KBytes  2.91 Mbits/sec  0.219 ms  893/4538 (20%)  
[  5] 316.00-317.00 sec   343 KBytes  2.81 Mbits/sec  0.215 ms  1246/4760 (26%)  
[  5] 317.00-318.00 sec   291 KBytes  2.38 Mbits/sec  0.220 ms  891/3873 (23%)  
[  5] 318.00-319.00 sec   314 KBytes  2.58 Mbits/sec  0.298 ms  1155/4375 (26%)  
[  5] 319.00-320.00 sec   300 KBytes  2.46 Mbits/sec  0.232 ms  989/4061 (24%)  
[  5] 320.00-321.00 sec   292 KBytes  2.39 Mbits/sec  0.290 ms  969/3956 (24%)  
[  5] 321.00-322.00 sec   290 KBytes  2.37 Mbits/sec  0.213 ms  1032/3997 (26%)  
[  5] 322.00-323.00 sec   277 KBytes  2.27 Mbits/sec  0.247 ms  1192/4026 (30%)  
[  5] 323.00-324.00 sec   300 KBytes  2.45 Mbits/sec  0.218 ms  967/4034 (24%)  
[  5] 324.00-325.00 sec   334 KBytes  2.74 Mbits/sec  0.220 ms  1295/4714 (27%)  
[  5] 325.00-326.00 sec   243 KBytes  1.99 Mbits/sec  0.204 ms  1025/3516 (29%)  
[  5] 326.00-327.00 sec   340 KBytes  2.78 Mbits/sec  0.213 ms  1317/4796 (27%)  
[  5] 327.00-328.00 sec   283 KBytes  2.31 Mbits/sec  0.215 ms  1129/4022 (28%)  
[  5] 328.00-329.00 sec   343 KBytes  2.82 Mbits/sec  0.235 ms  1039/4555 (23%)  
[  5] 329.00-330.00 sec   303 KBytes  2.49 Mbits/sec  0.236 ms  911/4018 (23%)  
[  5] 330.00-331.00 sec   335 KBytes  2.75 Mbits/sec  0.209 ms  1132/4566 (25%)  
[  5] 331.00-332.00 sec   289 KBytes  2.37 Mbits/sec  0.220 ms  1026/3983 (26%)  
[  5] 332.00-333.00 sec   320 KBytes  2.62 Mbits/sec  0.219 ms  937/4212 (22%)  
[  5] 333.00-334.00 sec   286 KBytes  2.35 Mbits/sec  0.326 ms  1005/3938 (26%)  
[  5] 334.00-335.00 sec   283 KBytes  2.31 Mbits/sec  0.222 ms  1281/4174 (31%)  
[  5] 335.00-336.00 sec   350 KBytes  2.87 Mbits/sec  0.213 ms  843/4427 (19%)  
[  5] 336.00-337.00 sec   274 KBytes  2.25 Mbits/sec  0.301 ms  934/3744 (25%)  
[  5] 337.00-338.00 sec   292 KBytes  2.39 Mbits/sec  0.215 ms  1020/4011 (25%)  
[  5] 338.00-339.00 sec   337 KBytes  2.76 Mbits/sec  0.294 ms  889/4337 (20%)  
[  5] 339.00-340.00 sec   300 KBytes  2.46 Mbits/sec  0.219 ms  772/3847 (20%)  
[  5] 340.00-341.00 sec   347 KBytes  2.85 Mbits/sec  0.230 ms  880/4437 (20%)  
[  5] 341.00-342.00 sec   306 KBytes  2.50 Mbits/sec  0.164 ms  1199/4329 (28%)  
[  5] 342.00-343.00 sec   342 KBytes  2.80 Mbits/sec  0.216 ms  1512/5011 (30%)  
[  5] 343.00-344.00 sec   345 KBytes  2.83 Mbits/sec  0.215 ms  1372/4909 (28%)  
[  5] 344.00-345.00 sec   338 KBytes  2.77 Mbits/sec  0.218 ms  1809/5269 (34%)  
[  5] 345.00-346.00 sec   299 KBytes  2.45 Mbits/sec  0.206 ms  1380/4442 (31%)  
[  5] 346.00-347.00 sec   333 KBytes  2.73 Mbits/sec  0.230 ms  1544/4954 (31%)  
[  5] 347.00-348.00 sec   353 KBytes  2.89 Mbits/sec  0.245 ms  1240/4851 (26%)  
[  5] 348.00-349.00 sec   301 KBytes  2.47 Mbits/sec  0.222 ms  1470/4552 (32%)  
[  5] 349.00-350.00 sec   286 KBytes  2.34 Mbits/sec  0.217 ms  1426/4355 (33%)  
[  5] 350.00-351.00 sec   316 KBytes  2.58 Mbits/sec  0.215 ms  1061/4292 (25%)  
[  5] 351.00-352.00 sec   292 KBytes  2.40 Mbits/sec  0.288 ms  1184/4177 (28%)  
[  5] 352.00-353.00 sec   295 KBytes  2.42 Mbits/sec  0.217 ms  1316/4337 (30%)  
[  5] 353.00-354.00 sec   308 KBytes  2.52 Mbits/sec  0.220 ms  1096/4247 (26%)  
[  5] 354.00-355.00 sec   326 KBytes  2.67 Mbits/sec  0.223 ms  1607/4942 (33%)  
[  5] 355.00-356.00 sec   307 KBytes  2.51 Mbits/sec  0.204 ms  1061/4203 (25%)  
[  5] 356.00-357.00 sec   304 KBytes  2.49 Mbits/sec  0.259 ms  1285/4402 (29%)  
[  5] 357.00-358.00 sec   360 KBytes  2.95 Mbits/sec  0.295 ms  1383/5067 (27%)  
[  5] 358.00-359.00 sec   300 KBytes  2.45 Mbits/sec  0.227 ms  1346/4414 (30%)  
[  5] 359.00-360.00 sec   304 KBytes  2.49 Mbits/sec  0.216 ms  1390/4499 (31%)  
[  5] 360.00-361.00 sec   355 KBytes  2.91 Mbits/sec  0.221 ms  1237/4870 (25%)  
[  5] 361.00-362.00 sec   357 KBytes  2.92 Mbits/sec  0.227 ms  1168/4822 (24%)  
[  5] 362.00-363.00 sec   305 KBytes  2.50 Mbits/sec  0.207 ms  980/4106 (24%)  
[  5] 363.00-364.00 sec   355 KBytes  2.91 Mbits/sec  0.218 ms  1135/4769 (24%)  
[  5] 364.00-365.00 sec   306 KBytes  2.50 Mbits/sec  0.218 ms  972/4103 (24%)  
[  5] 365.00-366.00 sec   338 KBytes  2.77 Mbits/sec  0.216 ms  1480/4940 (30%)  
[  5] 366.00-367.00 sec   310 KBytes  2.54 Mbits/sec  0.209 ms  974/4152 (23%)  
[  5] 367.00-368.00 sec   347 KBytes  2.84 Mbits/sec  0.220 ms  1172/4721 (25%)  
[  5] 368.00-369.00 sec   292 KBytes  2.39 Mbits/sec  0.225 ms  1029/4020 (26%)  
[  5] 369.00-370.00 sec   329 KBytes  2.70 Mbits/sec  0.216 ms  1227/4592 (27%)  
[  5] 370.00-371.00 sec   294 KBytes  2.41 Mbits/sec  0.201 ms  1184/4199 (28%)  
[  5] 371.00-372.00 sec   296 KBytes  2.42 Mbits/sec  0.246 ms  1569/4596 (34%)  
[  5] 372.00-373.00 sec   307 KBytes  2.52 Mbits/sec  0.222 ms  1292/4437 (29%)  
[  5] 373.00-374.00 sec   322 KBytes  2.64 Mbits/sec  0.283 ms  1931/5233 (37%)  
[  5] 374.00-375.00 sec   317 KBytes  2.59 Mbits/sec  0.218 ms  1416/4659 (30%)  
[  5] 375.00-376.00 sec   351 KBytes  2.87 Mbits/sec  0.209 ms  1267/4859 (26%)  
[  5] 376.00-377.00 sec   288 KBytes  2.36 Mbits/sec  0.238 ms  1344/4289 (31%)  
[  5] 377.00-378.00 sec   357 KBytes  2.92 Mbits/sec  0.212 ms  1266/4920 (26%)  
[  5] 378.00-379.00 sec   351 KBytes  2.88 Mbits/sec  0.214 ms  1423/5020 (28%)  
[  5] 379.00-380.00 sec   308 KBytes  2.52 Mbits/sec  0.219 ms  898/4048 (22%)  
[  5] 380.00-381.00 sec   304 KBytes  2.49 Mbits/sec  0.210 ms  1008/4118 (24%)  
[  5] 381.00-382.00 sec   302 KBytes  2.47 Mbits/sec  0.219 ms  1129/4219 (27%)  
[  5] 382.00-383.00 sec   333 KBytes  2.73 Mbits/sec  0.193 ms  1380/4795 (29%)  
[  5] 383.00-384.00 sec   294 KBytes  2.41 Mbits/sec  0.203 ms  1089/4102 (27%)  
[  5] 384.00-385.00 sec   297 KBytes  2.43 Mbits/sec  0.214 ms  1100/4137 (27%)  
[  5] 385.00-386.00 sec   348 KBytes  2.85 Mbits/sec  0.223 ms  1174/4739 (25%)  
[  5] 386.00-387.00 sec   292 KBytes  2.39 Mbits/sec  0.276 ms  988/3977 (25%)  
[  5] 387.00-388.00 sec   350 KBytes  2.87 Mbits/sec  0.219 ms  1263/4852 (26%)  
[  5] 388.00-389.00 sec   344 KBytes  2.82 Mbits/sec  0.215 ms  1143/4668 (24%)  
[  5] 389.00-390.00 sec   281 KBytes  2.30 Mbits/sec  0.221 ms  951/3828 (25%)  
[  5] 390.00-391.00 sec   291 KBytes  2.39 Mbits/sec  0.220 ms  1290/4265 (30%)  
[  5] 391.00-392.00 sec   274 KBytes  2.24 Mbits/sec  0.215 ms  1498/4303 (35%)  
[  5] 392.00-393.00 sec   332 KBytes  2.72 Mbits/sec  0.209 ms  1398/4794 (29%)  
[  5] 393.00-394.00 sec   315 KBytes  2.58 Mbits/sec  0.212 ms  1077/4299 (25%)  
[  5] 394.00-395.00 sec   342 KBytes  2.80 Mbits/sec  0.226 ms  1193/4692 (25%)  
[  5] 395.00-396.00 sec   312 KBytes  2.56 Mbits/sec  0.213 ms  1145/4339 (26%)  
[  5] 396.00-397.00 sec   302 KBytes  2.47 Mbits/sec  0.244 ms  1015/4106 (25%)  
[  5] 397.00-398.00 sec   287 KBytes  2.35 Mbits/sec  0.221 ms  1360/4302 (32%)  
[  5] 398.00-399.00 sec   286 KBytes  2.34 Mbits/sec  0.221 ms  1152/4085 (28%)  
[  5] 399.00-400.00 sec   311 KBytes  2.55 Mbits/sec  0.222 ms  976/4159 (23%)  
[  5] 400.00-401.00 sec   345 KBytes  2.82 Mbits/sec  0.211 ms  1101/4630 (24%)  
[  5] 401.00-402.00 sec   272 KBytes  2.22 Mbits/sec  0.253 ms  1408/4191 (34%)  
[  5] 402.00-403.00 sec   305 KBytes  2.50 Mbits/sec  0.218 ms  960/4086 (23%)  
[  5] 403.00-404.00 sec   318 KBytes  2.60 Mbits/sec  0.299 ms  1574/4826 (33%)  
[  5] 404.00-405.00 sec   311 KBytes  2.54 Mbits/sec  0.216 ms  1524/4705 (32%)  
[  5] 405.00-406.00 sec   300 KBytes  2.46 Mbits/sec  0.219 ms  1277/4353 (29%)  
[  5] 406.00-407.00 sec   293 KBytes  2.40 Mbits/sec  0.295 ms  1550/4554 (34%)  
[  5] 407.00-408.00 sec   343 KBytes  2.81 Mbits/sec  0.217 ms  1413/4924 (29%)  
