Connecting to host 172.22.0.50, port 5201
Reverse mode, remote host 172.22.0.50 is sending
[  5] local 192.168.100.2 port 35211 connected to 172.22.0.50 port 5201
[ ID] Interval           Transfer     Bitrate         Jitter    Lost/Total Datagrams
[  5]   0.00-1.00   sec  1.43 MBytes  12.0 Mbits/sec  0.939 ms  0/1249 (0%)  
[  5]   1.00-2.00   sec  1.43 MBytes  12.0 Mbits/sec  0.999 ms  0/1250 (0%)  
[  5]   2.00-3.00   sec  1.43 MBytes  12.0 Mbits/sec  0.972 ms  0/1247 (0%)  
[  5]   3.00-4.00   sec  1.44 MBytes  12.0 Mbits/sec  0.874 ms  0/1254 (0%)  
[  5]   4.00-5.00   sec  1.43 MBytes  12.0 Mbits/sec  1.156 ms  0/1246 (0%)  
[  5]   5.00-6.00   sec  1.43 MBytes  12.0 Mbits/sec  1.133 ms  0/1249 (0%)  
[  5]   6.00-7.00   sec  1.44 MBytes  12.1 Mbits/sec  0.819 ms  0/1256 (0%)  
[  5]   7.00-8.00   sec  1.43 MBytes  12.0 Mbits/sec  0.929 ms  0/1248 (0%)  
[  5]   8.00-9.00   sec  1.43 MBytes  12.0 Mbits/sec  0.763 ms  0/1252 (0%)  
[  5]   9.00-10.00  sec  1.43 MBytes  12.0 Mbits/sec  1.023 ms  0/1250 (0%)  
[  5]  10.00-11.00  sec  1.05 MBytes  8.83 Mbits/sec  1.051 ms  0/923 (0%)  
[  5]  11.00-12.00  sec   769 KBytes  6.30 Mbits/sec  1.248 ms  0/656 (0%)  
[  5]  12.00-13.00  sec   750 KBytes  6.14 Mbits/sec  1.129 ms  0/640 (0%)  
[  5]  13.00-14.00  sec   757 KBytes  6.20 Mbits/sec  1.278 ms  0/647 (0%)  
[  5]  14.00-15.00  sec   780 KBytes  6.39 Mbits/sec  0.909 ms  0/666 (0%)  
[  5]  15.00-16.00  sec   775 KBytes  6.35 Mbits/sec  1.123 ms  0/661 (0%)  
[  5]  16.00-17.00  sec   759 KBytes  6.22 Mbits/sec  1.199 ms  0/648 (0%)  
[  5]  17.00-18.00  sec   777 KBytes  6.36 Mbits/sec  1.153 ms  0/663 (0%)  
[  5]  18.00-19.00  sec   776 KBytes  6.35 Mbits/sec  1.158 ms  0/662 (0%)  
[  5]  19.00-20.00  sec   768 KBytes  6.29 Mbits/sec  0.938 ms  0/655 (0%)  
[  5]  20.00-21.00  sec   739 KBytes  6.06 Mbits/sec  1.021 ms  0/631 (0%)  
[  5]  21.00-22.00  sec   751 KBytes  6.15 Mbits/sec  1.092 ms  0/641 (0%)  
[  5]  22.00-23.00  sec   773 KBytes  6.34 Mbits/sec  1.170 ms  0/660 (0%)  
[  5]  23.00-24.00  sec   769 KBytes  6.30 Mbits/sec  1.130 ms  0/656 (0%)  
[  5]  24.00-25.00  sec   771 KBytes  6.31 Mbits/sec  1.609 ms  0/658 (0%)  
[  5]  25.00-26.00  sec   749 KBytes  6.14 Mbits/sec  1.333 ms  0/639 (0%)  
[  5]  26.00-27.00  sec   766 KBytes  6.28 Mbits/sec  1.069 ms  0/654 (0%)  
[  5]  27.00-28.00  sec   769 KBytes  6.30 Mbits/sec  1.375 ms  0/656 (0%)  
[  5]  28.00-29.00  sec   735 KBytes  6.02 Mbits/sec  1.135 ms  0/627 (0%)  
[  5]  29.00-30.00  sec   750 KBytes  6.14 Mbits/sec  0.893 ms  0/640 (0%)  
[  5]  30.00-31.00  sec   778 KBytes  6.37 Mbits/sec  0.939 ms  0/664 (0%)  
[  5]  31.00-32.00  sec   769 KBytes  6.30 Mbits/sec  1.011 ms  0/656 (0%)  
[  5]  32.00-33.00  sec   778 KBytes  6.38 Mbits/sec  1.093 ms  0/664 (0%)  
[  5]  33.00-34.00  sec   775 KBytes  6.35 Mbits/sec  0.870 ms  0/661 (0%)  
[  5]  34.00-35.00  sec   780 KBytes  6.39 Mbits/sec  1.143 ms  0/666 (0%)  
[  5]  35.00-36.00  sec   770 KBytes  6.31 Mbits/sec  1.000 ms  0/657 (0%)  
[  5]  36.00-37.00  sec   614 KBytes  5.03 Mbits/sec  1.125 ms  212/736 (29%)  
[  5]  37.00-38.00  sec   700 KBytes  5.73 Mbits/sec  1.104 ms  564/1161 (49%)  
[  5]  38.00-39.00  sec   809 KBytes  6.61 Mbits/sec  1.102 ms  649/1339 (48%)  
[  5]  39.00-40.00  sec   809 KBytes  6.64 Mbits/sec  1.114 ms  633/1323 (48%)  
[  5]  40.00-41.00  sec   715 KBytes  5.86 Mbits/sec  1.000 ms  575/1185 (49%)  
[  5]  41.00-42.00  sec   799 KBytes  6.55 Mbits/sec  1.133 ms  662/1344 (49%)  
[  5]  42.00-43.00  sec   813 KBytes  6.66 Mbits/sec  1.113 ms  667/1361 (49%)  
[  5]  43.00-44.00  sec   708 KBytes  5.80 Mbits/sec  1.096 ms  513/1117 (46%)  
[  5]  44.00-45.00  sec   802 KBytes  6.57 Mbits/sec  1.098 ms  617/1301 (47%)  
[  5]  45.00-46.00  sec   669 KBytes  5.48 Mbits/sec  1.142 ms  538/1109 (49%)  
[  5]  46.00-47.00  sec   807 KBytes  6.61 Mbits/sec  1.100 ms  604/1293 (47%)  
[  5]  47.00-48.00  sec   809 KBytes  6.62 Mbits/sec  1.171 ms  609/1299 (47%)  
[  5]  48.00-49.00  sec   709 KBytes  5.81 Mbits/sec  1.090 ms  557/1162 (48%)  
[  5]  49.00-50.00  sec   807 KBytes  6.61 Mbits/sec  1.142 ms  655/1344 (49%)  
[  5]  50.00-51.00  sec   805 KBytes  6.59 Mbits/sec  1.066 ms  646/1333 (48%)  
[  5]  51.00-52.00  sec   718 KBytes  5.89 Mbits/sec  1.053 ms  536/1149 (47%)  
[  5]  52.00-53.00  sec   799 KBytes  6.54 Mbits/sec  1.087 ms  611/1293 (47%)  
[  5]  53.00-54.00  sec   689 KBytes  5.65 Mbits/sec  0.991 ms  547/1135 (48%)  
[  5]  54.00-55.00  sec   836 KBytes  6.83 Mbits/sec  1.073 ms  655/1368 (48%)  
[  5]  55.00-56.00  sec   680 KBytes  5.58 Mbits/sec  1.095 ms  491/1071 (46%)  
[  5]  56.00-57.00  sec   807 KBytes  6.62 Mbits/sec  1.031 ms  600/1289 (47%)  
[  5]  57.00-58.00  sec   802 KBytes  6.57 Mbits/sec  1.094 ms  651/1335 (49%)  
[  5]  58.00-59.00  sec   701 KBytes  5.74 Mbits/sec  1.102 ms  596/1194 (50%)  
[  5]  59.00-60.00  sec   807 KBytes  6.61 Mbits/sec  1.053 ms  660/1349 (49%)  
[  5]  60.00-61.00  sec   799 KBytes  6.55 Mbits/sec  1.075 ms  598/1280 (47%)  
[  5]  61.00-62.00  sec   718 KBytes  5.88 Mbits/sec  1.119 ms  548/1161 (47%)  
[  5]  62.00-63.00  sec   809 KBytes  6.62 Mbits/sec  1.029 ms  615/1305 (47%)  
[  5]  63.00-64.00  sec   709 KBytes  5.81 Mbits/sec  1.060 ms  546/1151 (47%)  
[  5]  64.00-65.00  sec   809 KBytes  6.62 Mbits/sec  1.147 ms  608/1298 (47%)  
[  5]  65.00-66.00  sec   686 KBytes  5.62 Mbits/sec  1.006 ms  539/1124 (48%)  
[  5]  66.00-67.00  sec   796 KBytes  6.52 Mbits/sec  1.079 ms  656/1335 (49%)  
[  5]  67.00-68.00  sec   707 KBytes  5.79 Mbits/sec  1.142 ms  545/1148 (47%)  
[  5]  68.00-69.00  sec   809 KBytes  6.62 Mbits/sec  1.139 ms  662/1352 (49%)  
[  5]  69.00-70.00  sec   708 KBytes  5.80 Mbits/sec  1.222 ms  564/1168 (48%)  
[  5]  70.00-71.00  sec   809 KBytes  6.63 Mbits/sec  1.154 ms  619/1309 (47%)  
[  5]  71.00-72.00  sec   720 KBytes  5.89 Mbits/sec  0.956 ms  548/1162 (47%)  
[  5]  72.00-73.00  sec   798 KBytes  6.54 Mbits/sec  1.088 ms  593/1274 (47%)  
[  5]  73.00-74.00  sec   717 KBytes  5.88 Mbits/sec  1.097 ms  578/1190 (49%)  
[  5]  74.00-75.00  sec   807 KBytes  6.61 Mbits/sec  1.116 ms  626/1315 (48%)  
[  5]  75.00-76.00  sec   806 KBytes  6.60 Mbits/sec  1.135 ms  626/1314 (48%)  
[  5]  76.00-77.00  sec   709 KBytes  5.81 Mbits/sec  1.050 ms  543/1148 (47%)  
[  5]  77.00-78.00  sec   803 KBytes  6.58 Mbits/sec  1.392 ms  651/1336 (49%)  
[  5]  78.00-79.00  sec   680 KBytes  5.57 Mbits/sec  1.105 ms  527/1107 (48%)  
[  5]  79.00-80.00  sec   809 KBytes  6.62 Mbits/sec  1.078 ms  647/1337 (48%)  
[  5]  80.00-81.00  sec   809 KBytes  6.62 Mbits/sec  1.077 ms  658/1348 (49%)  
[  5]  81.00-82.00  sec   709 KBytes  5.81 Mbits/sec  1.189 ms  592/1197 (49%)  
[  5]  82.00-83.00  sec   806 KBytes  6.61 Mbits/sec  1.151 ms  650/1338 (49%)  
[  5]  83.00-84.00  sec   807 KBytes  6.61 Mbits/sec  1.116 ms  669/1358 (49%)  
[  5]  84.00-85.00  sec   799 KBytes  6.54 Mbits/sec  1.109 ms  643/1325 (49%)  
[  5]  85.00-86.00  sec   709 KBytes  5.81 Mbits/sec  1.153 ms  544/1149 (47%)  
[  5]  86.00-87.00  sec   680 KBytes  5.57 Mbits/sec  0.995 ms  506/1086 (47%)  
[  5]  87.00-88.00  sec   720 KBytes  5.89 Mbits/sec  1.182 ms  557/1171 (48%)  
[  5]  88.00-89.00  sec   807 KBytes  6.61 Mbits/sec  0.969 ms  634/1323 (48%)  
[  5]  89.00-90.00  sec   805 KBytes  6.60 Mbits/sec  1.088 ms  635/1322 (48%)  
[  5]  90.00-91.00  sec   710 KBytes  5.82 Mbits/sec  1.130 ms  575/1181 (49%)  
[  5]  91.00-92.00  sec   814 KBytes  6.67 Mbits/sec  1.064 ms  635/1330 (48%)  
[  5]  92.00-93.00  sec   739 KBytes  6.05 Mbits/sec  3.418 ms  569/1200 (47%)  
[  5]  93.00-94.00  sec   749 KBytes  6.14 Mbits/sec  1.068 ms  534/1173 (46%)  
[  5]  94.00-95.00  sec   709 KBytes  5.80 Mbits/sec  1.090 ms  540/1145 (47%)  
[  5]  95.00-96.00  sec   803 KBytes  6.59 Mbits/sec  1.055 ms  603/1288 (47%)  
[  5]  96.00-97.00  sec   798 KBytes  6.54 Mbits/sec  1.115 ms  599/1280 (47%)  
[  5]  97.00-98.00  sec   806 KBytes  6.60 Mbits/sec  1.196 ms  650/1338 (49%)  
[  5]  98.00-99.00  sec   721 KBytes  5.90 Mbits/sec  1.085 ms  632/1247 (51%)  
[  5]  99.00-100.00 sec   803 KBytes  6.57 Mbits/sec  1.048 ms  689/1374 (50%)  
[  5] 100.00-101.00 sec   809 KBytes  6.63 Mbits/sec  1.072 ms  631/1321 (48%)  
[  5] 101.00-102.00 sec   709 KBytes  5.81 Mbits/sec  1.087 ms  558/1163 (48%)  
[  5] 102.00-103.00 sec   688 KBytes  5.64 Mbits/sec  1.133 ms  553/1140 (49%)  
[  5] 103.00-104.00 sec   799 KBytes  6.55 Mbits/sec  1.083 ms  598/1280 (47%)  
[  5] 104.00-105.00 sec   718 KBytes  5.88 Mbits/sec  1.061 ms  559/1172 (48%)  
[  5] 105.00-106.00 sec   806 KBytes  6.60 Mbits/sec  1.129 ms  623/1311 (48%)  
[  5] 106.00-107.00 sec   710 KBytes  5.82 Mbits/sec  1.143 ms  592/1198 (49%)  
[  5] 107.00-108.00 sec   810 KBytes  6.63 Mbits/sec  1.153 ms  639/1330 (48%)  
[  5] 108.00-109.00 sec   809 KBytes  6.62 Mbits/sec  1.102 ms  626/1316 (48%)  
[  5] 109.00-110.00 sec   709 KBytes  5.81 Mbits/sec  1.073 ms  519/1124 (46%)  
[  5] 110.00-111.00 sec   779 KBytes  6.39 Mbits/sec  0.979 ms  580/1245 (47%)  
[  5] 111.00-112.00 sec   709 KBytes  5.81 Mbits/sec  1.099 ms  543/1148 (47%)  
[  5] 112.00-113.00 sec   809 KBytes  6.62 Mbits/sec  1.087 ms  607/1297 (47%)  
[  5] 113.00-114.00 sec   709 KBytes  5.81 Mbits/sec  1.173 ms  576/1181 (49%)  
[  5] 114.00-115.00 sec   810 KBytes  6.63 Mbits/sec  1.044 ms  682/1373 (50%)  
[  5] 115.00-116.00 sec   810 KBytes  6.64 Mbits/sec  1.030 ms  690/1381 (50%)  
[  5] 116.00-117.00 sec   709 KBytes  5.81 Mbits/sec  1.063 ms  572/1177 (49%)  
[  5] 117.00-118.00 sec   809 KBytes  6.62 Mbits/sec  1.192 ms  631/1321 (48%)  
[  5] 118.00-119.00 sec   697 KBytes  5.71 Mbits/sec  1.122 ms  569/1164 (49%)  
[  5] 119.00-120.00 sec   689 KBytes  5.65 Mbits/sec  1.069 ms  530/1118 (47%)  
[  5] 120.00-121.00 sec   798 KBytes  6.54 Mbits/sec  1.071 ms  616/1297 (47%)  
[  5] 121.00-122.00 sec   809 KBytes  6.63 Mbits/sec  1.134 ms  612/1302 (47%)  
[  5] 122.00-123.00 sec   712 KBytes  5.84 Mbits/sec  1.128 ms  566/1174 (48%)  
[  5] 123.00-124.00 sec   811 KBytes  6.63 Mbits/sec  1.123 ms  653/1345 (49%)  
[  5] 124.00-125.00 sec   703 KBytes  5.77 Mbits/sec  1.048 ms  584/1184 (49%)  
[  5] 125.00-126.00 sec   798 KBytes  6.54 Mbits/sec  1.121 ms  621/1302 (48%)  
[  5] 126.00-127.00 sec   720 KBytes  5.89 Mbits/sec  1.134 ms  550/1164 (47%)  
[  5] 127.00-128.00 sec   700 KBytes  5.73 Mbits/sec  1.305 ms  536/1133 (47%)  
[  5] 128.00-129.00 sec   809 KBytes  6.63 Mbits/sec  1.070 ms  648/1338 (48%)  
[  5] 129.00-130.00 sec   680 KBytes  5.57 Mbits/sec  1.152 ms  560/1140 (49%)  
[  5] 130.00-131.00 sec   717 KBytes  5.87 Mbits/sec  1.173 ms  582/1194 (49%)  
[  5] 131.00-132.00 sec   807 KBytes  6.62 Mbits/sec  1.114 ms  661/1350 (49%)  
[  5] 132.00-133.00 sec   708 KBytes  5.80 Mbits/sec  1.106 ms  554/1158 (48%)  
[  5] 133.00-134.00 sec   720 KBytes  5.90 Mbits/sec  1.087 ms  540/1154 (47%)  
[  5] 134.00-135.00 sec   809 KBytes  6.62 Mbits/sec  0.997 ms  617/1307 (47%)  
[  5] 135.00-136.00 sec   709 KBytes  5.81 Mbits/sec  1.129 ms  587/1192 (49%)  
[  5] 136.00-137.00 sec   809 KBytes  6.63 Mbits/sec  1.059 ms  658/1348 (49%)  
[  5] 137.00-138.00 sec   679 KBytes  5.56 Mbits/sec  1.174 ms  555/1134 (49%)  
[  5] 138.00-139.00 sec   796 KBytes  6.52 Mbits/sec  1.143 ms  672/1351 (50%)  
[  5] 139.00-140.00 sec   807 KBytes  6.62 Mbits/sec  1.180 ms  679/1368 (50%)  
[  5] 140.00-141.00 sec   718 KBytes  5.89 Mbits/sec  1.108 ms  610/1223 (50%)  
[  5] 141.00-142.00 sec   809 KBytes  6.62 Mbits/sec  1.131 ms  673/1363 (49%)  
[  5] 142.00-143.00 sec   709 KBytes  5.81 Mbits/sec  1.187 ms  565/1170 (48%)  
[  5] 143.00-144.00 sec   800 KBytes  6.56 Mbits/sec  1.081 ms  676/1359 (50%)  
[  5] 144.00-145.00 sec   709 KBytes  5.81 Mbits/sec  1.210 ms  599/1204 (50%)  
[  5] 145.00-146.00 sec   809 KBytes  6.62 Mbits/sec  1.134 ms  671/1361 (49%)  
[  5] 146.00-147.00 sec   809 KBytes  6.62 Mbits/sec  1.083 ms  659/1349 (49%)  
[  5] 147.00-148.00 sec   709 KBytes  5.81 Mbits/sec  1.084 ms  585/1190 (49%)  
[  5] 148.00-149.00 sec   807 KBytes  6.61 Mbits/sec  1.148 ms  667/1356 (49%)  
[  5] 149.00-150.00 sec   679 KBytes  5.56 Mbits/sec  1.144 ms  535/1114 (48%)  
[  5] 150.00-151.00 sec   809 KBytes  6.62 Mbits/sec  1.103 ms  606/1296 (47%)  
[  5] 151.00-152.00 sec   697 KBytes  5.71 Mbits/sec  1.175 ms  550/1145 (48%)  
[  5] 152.00-153.00 sec   809 KBytes  6.62 Mbits/sec  1.102 ms  610/1300 (47%)  
[  5] 153.00-154.00 sec   711 KBytes  5.83 Mbits/sec  1.059 ms  555/1162 (48%)  
[  5] 154.00-155.00 sec   797 KBytes  6.53 Mbits/sec  1.124 ms  617/1297 (48%)  
[  5] 155.00-156.00 sec   715 KBytes  5.86 Mbits/sec  1.101 ms  588/1198 (49%)  
[  5] 156.00-157.00 sec   807 KBytes  6.61 Mbits/sec  1.121 ms  652/1341 (49%)  
[  5] 157.00-158.00 sec   689 KBytes  5.64 Mbits/sec  1.075 ms  528/1116 (47%)  
[  5] 158.00-159.00 sec   829 KBytes  6.79 Mbits/sec  1.105 ms  622/1329 (47%)  
[  5] 159.00-160.00 sec   689 KBytes  5.64 Mbits/sec  0.992 ms  547/1135 (48%)  
[  5] 160.00-161.00 sec   709 KBytes  5.81 Mbits/sec  1.108 ms  571/1176 (49%)  
[  5] 161.00-162.00 sec   809 KBytes  6.62 Mbits/sec  1.093 ms  638/1328 (48%)  
[  5] 162.00-163.00 sec   709 KBytes  5.81 Mbits/sec  1.035 ms  546/1151 (47%)  
[  5] 163.00-164.00 sec   715 KBytes  5.86 Mbits/sec  1.133 ms  594/1204 (49%)  
[  5] 164.00-165.00 sec   686 KBytes  5.62 Mbits/sec  1.090 ms  561/1146 (49%)  
[  5] 165.00-166.00 sec   807 KBytes  6.62 Mbits/sec  1.071 ms  657/1346 (49%)  
[  5] 166.00-167.00 sec   708 KBytes  5.80 Mbits/sec  1.172 ms  535/1139 (47%)  
[  5] 167.00-168.00 sec   718 KBytes  5.88 Mbits/sec  1.082 ms  570/1183 (48%)  
[  5] 168.00-169.00 sec   799 KBytes  6.55 Mbits/sec  1.113 ms  642/1324 (48%)  
[  5] 169.00-170.00 sec   718 KBytes  5.88 Mbits/sec  1.126 ms  589/1202 (49%)  
[  5] 170.00-171.00 sec   709 KBytes  5.81 Mbits/sec  1.115 ms  569/1174 (48%)  
[  5] 171.00-172.00 sec   805 KBytes  6.60 Mbits/sec  1.084 ms  649/1336 (49%)  
[  5] 172.00-173.00 sec   686 KBytes  5.62 Mbits/sec  1.144 ms  573/1158 (49%)  
[  5] 173.00-174.00 sec   809 KBytes  6.62 Mbits/sec  1.117 ms  684/1374 (50%)  
[  5] 174.00-175.00 sec   718 KBytes  5.89 Mbits/sec  1.082 ms  599/1212 (49%)  
[  5] 175.00-176.00 sec   799 KBytes  6.55 Mbits/sec  1.138 ms  677/1359 (50%)  
[  5] 176.00-177.00 sec   689 KBytes  5.65 Mbits/sec  1.109 ms  614/1202 (51%)  
[  5] 177.00-178.00 sec   798 KBytes  6.54 Mbits/sec  1.167 ms  662/1343 (49%)  
[  5] 178.00-179.00 sec   720 KBytes  5.89 Mbits/sec  1.085 ms  608/1222 (50%)  
[  5] 179.00-180.00 sec   806 KBytes  6.60 Mbits/sec  1.040 ms  688/1376 (50%)  
[  5] 180.00-181.00 sec   707 KBytes  5.78 Mbits/sec  1.166 ms  592/1195 (50%)  
[  5] 181.00-182.00 sec   807 KBytes  6.62 Mbits/sec  1.138 ms  670/1359 (49%)  
[  5] 182.00-183.00 sec   709 KBytes  5.81 Mbits/sec  1.113 ms  583/1188 (49%)  
[  5] 183.00-184.00 sec   807 KBytes  6.62 Mbits/sec  1.099 ms  660/1349 (49%)  
[  5] 184.00-185.00 sec   689 KBytes  5.64 Mbits/sec  1.072 ms  554/1142 (49%)  
[  5] 185.00-186.00 sec   832 KBytes  6.82 Mbits/sec  1.362 ms  689/1399 (49%)  
[  5] 186.00-187.00 sec   798 KBytes  6.54 Mbits/sec  1.122 ms  640/1321 (48%)  
[  5] 187.00-188.00 sec   684 KBytes  5.61 Mbits/sec  1.154 ms  579/1163 (50%)  
[  5] 188.00-189.00 sec   810 KBytes  6.64 Mbits/sec  1.106 ms  675/1366 (49%)  
[  5] 189.00-190.00 sec   702 KBytes  5.75 Mbits/sec  1.008 ms  565/1164 (49%)  
[  5] 190.00-191.00 sec   799 KBytes  6.55 Mbits/sec  1.054 ms  624/1306 (48%)  
[  5] 191.00-192.00 sec   809 KBytes  6.62 Mbits/sec  1.090 ms  651/1341 (49%)  
[  5] 192.00-193.00 sec   718 KBytes  5.88 Mbits/sec  1.048 ms  564/1177 (48%)  
[  5] 193.00-194.00 sec   709 KBytes  5.81 Mbits/sec  1.106 ms  561/1166 (48%)  
[  5] 194.00-195.00 sec   809 KBytes  6.62 Mbits/sec  1.056 ms  631/1321 (48%)  
[  5] 195.00-196.00 sec   709 KBytes  5.81 Mbits/sec  1.074 ms  565/1170 (48%)  
[  5] 196.00-197.00 sec   804 KBytes  6.59 Mbits/sec  1.208 ms  656/1342 (49%)  
[  5] 197.00-198.00 sec   690 KBytes  5.65 Mbits/sec  1.058 ms  547/1136 (48%)  
[  5] 198.00-199.00 sec   809 KBytes  6.63 Mbits/sec  1.051 ms  623/1313 (47%)  
[  5] 199.00-200.00 sec   707 KBytes  5.79 Mbits/sec  1.172 ms  533/1136 (47%)  
[  5] 200.00-201.00 sec   809 KBytes  6.62 Mbits/sec  1.096 ms  619/1309 (47%)  
[  5] 201.00-202.00 sec   709 KBytes  5.81 Mbits/sec  1.070 ms  558/1163 (48%)  
[  5] 202.00-203.00 sec   809 KBytes  6.63 Mbits/sec  1.062 ms  618/1308 (47%)  
[  5] 203.00-204.00 sec   805 KBytes  6.60 Mbits/sec  1.170 ms  637/1324 (48%)  
[  5] 204.00-205.00 sec   718 KBytes  5.88 Mbits/sec  1.007 ms  585/1198 (49%)  
[  5] 205.00-206.00 sec   798 KBytes  6.54 Mbits/sec  1.104 ms  660/1341 (49%)  
[  5] 206.00-207.00 sec   809 KBytes  6.62 Mbits/sec  1.114 ms  662/1352 (49%)  
[  5] 207.00-208.00 sec   680 KBytes  5.57 Mbits/sec  1.114 ms  537/1117 (48%)  
[  5] 208.00-209.00 sec   809 KBytes  6.62 Mbits/sec  1.160 ms  668/1358 (49%)  
[  5] 209.00-210.00 sec   718 KBytes  5.89 Mbits/sec  1.010 ms  566/1179 (48%)  
[  5] 210.00-211.00 sec   708 KBytes  5.80 Mbits/sec  1.147 ms  546/1150 (47%)  
[  5] 211.00-212.00 sec   809 KBytes  6.62 Mbits/sec  1.107 ms  616/1306 (47%)  
[  5] 212.00-213.00 sec   710 KBytes  5.82 Mbits/sec  1.157 ms  611/1217 (50%)  
[  5] 213.00-214.00 sec   810 KBytes  6.63 Mbits/sec  1.066 ms  670/1361 (49%)  
[  5] 214.00-215.00 sec   799 KBytes  6.55 Mbits/sec  1.093 ms  602/1284 (47%)  
[  5] 215.00-216.00 sec   689 KBytes  5.65 Mbits/sec  1.104 ms  533/1121 (48%)  
[  5] 216.00-217.00 sec   709 KBytes  5.81 Mbits/sec  1.099 ms  531/1136 (47%)  
[  5] 217.00-218.00 sec   707 KBytes  5.79 Mbits/sec  1.099 ms  562/1165 (48%)  
[  5] 218.00-219.00 sec   799 KBytes  6.55 Mbits/sec  1.110 ms  593/1275 (47%)  
[  5] 219.00-220.00 sec   718 KBytes  5.88 Mbits/sec  1.057 ms  554/1167 (47%)  
[  5] 220.00-221.00 sec   806 KBytes  6.61 Mbits/sec  1.078 ms  676/1364 (50%)  
[  5] 221.00-222.00 sec   707 KBytes  5.79 Mbits/sec  1.096 ms  586/1189 (49%)  
[  5] 222.00-223.00 sec   687 KBytes  5.62 Mbits/sec  1.140 ms  581/1167 (50%)  
[  5] 223.00-224.00 sec   710 KBytes  5.82 Mbits/sec  8.171 ms  629/1235 (51%)  
[  5] 224.00-225.00 sec   807 KBytes  6.61 Mbits/sec  1.174 ms  607/1296 (47%)  
[  5] 225.00-226.00 sec   720 KBytes  5.90 Mbits/sec  1.068 ms  563/1177 (48%)  
[  5] 226.00-227.00 sec   698 KBytes  5.72 Mbits/sec  1.235 ms  544/1140 (48%)  
[  5] 227.00-228.00 sec   809 KBytes  6.62 Mbits/sec  1.161 ms  613/1303 (47%)  
[  5] 228.00-229.00 sec   717 KBytes  5.87 Mbits/sec  1.105 ms  611/1223 (50%)  
[  5] 229.00-230.00 sec   681 KBytes  5.58 Mbits/sec  1.157 ms  584/1165 (50%)  
[  5] 230.00-231.00 sec   803 KBytes  6.58 Mbits/sec  1.175 ms  691/1376 (50%)  
[  5] 231.00-232.00 sec   709 KBytes  5.80 Mbits/sec  1.245 ms  596/1201 (50%)  
[  5] 232.00-233.00 sec   809 KBytes  6.63 Mbits/sec  1.200 ms  661/1351 (49%)  
[  5] 233.00-234.00 sec   705 KBytes  5.78 Mbits/sec  1.121 ms  607/1209 (50%)  
[  5] 234.00-235.00 sec   786 KBytes  6.44 Mbits/sec  1.096 ms  651/1322 (49%)  
[  5] 235.00-236.00 sec   720 KBytes  5.90 Mbits/sec  1.106 ms  594/1208 (49%)  
[  5] 236.00-237.00 sec   798 KBytes  6.54 Mbits/sec  1.171 ms  698/1379 (51%)  
[  5] 237.00-238.00 sec   809 KBytes  6.62 Mbits/sec  1.123 ms  721/1411 (51%)  
[  5] 238.00-239.00 sec   720 KBytes  5.90 Mbits/sec  1.049 ms  626/1240 (50%)  
[  5] 239.00-240.00 sec   798 KBytes  6.54 Mbits/sec  1.098 ms  664/1345 (49%)  
[  5] 240.00-241.00 sec   689 KBytes  5.65 Mbits/sec  1.038 ms  560/1148 (49%)  
[  5] 241.00-242.00 sec   709 KBytes  5.81 Mbits/sec  1.081 ms  588/1193 (49%)  
[  5] 242.00-243.00 sec   809 KBytes  6.62 Mbits/sec  1.079 ms  677/1367 (50%)  
[  5] 243.00-244.00 sec   709 KBytes  5.80 Mbits/sec  1.123 ms  562/1167 (48%)  
[  5] 244.00-245.00 sec   809 KBytes  6.63 Mbits/sec  1.137 ms  647/1337 (48%)  
[  5] 245.00-246.00 sec   709 KBytes  5.81 Mbits/sec  1.116 ms  580/1185 (49%)  
[  5] 246.00-247.00 sec   806 KBytes  6.61 Mbits/sec  1.095 ms  625/1313 (48%)  
[  5] 247.00-248.00 sec   718 KBytes  5.88 Mbits/sec  1.107 ms  561/1174 (48%)  
[  5] 248.00-249.00 sec   679 KBytes  5.56 Mbits/sec  1.219 ms  519/1098 (47%)  
[  5] 249.00-250.00 sec   809 KBytes  6.62 Mbits/sec  1.163 ms  626/1316 (48%)  
[  5] 250.00-251.00 sec   708 KBytes  5.80 Mbits/sec  1.134 ms  539/1143 (47%)  
[  5] 251.00-252.00 sec   720 KBytes  5.89 Mbits/sec  1.130 ms  581/1195 (49%)  
[  5] 252.00-253.00 sec   711 KBytes  5.83 Mbits/sec  8.089 ms  615/1222 (50%)  
[  5] 253.00-254.00 sec   806 KBytes  6.60 Mbits/sec  1.088 ms  639/1327 (48%)  
[  5] 254.00-255.00 sec   718 KBytes  5.88 Mbits/sec  1.056 ms  626/1239 (51%)  
[  5] 255.00-256.00 sec   679 KBytes  5.56 Mbits/sec  1.139 ms  533/1112 (48%)  
[  5] 256.00-257.00 sec   709 KBytes  5.81 Mbits/sec  1.141 ms  547/1152 (47%)  
[  5] 257.00-258.00 sec   809 KBytes  6.62 Mbits/sec  1.162 ms  626/1316 (48%)  
[  5] 258.00-259.00 sec   709 KBytes  5.80 Mbits/sec  1.164 ms  557/1162 (48%)  
[  5] 259.00-260.00 sec   809 KBytes  6.63 Mbits/sec  1.163 ms  646/1336 (48%)  
[  5] 260.00-261.00 sec   718 KBytes  5.89 Mbits/sec  1.116 ms  597/1210 (49%)  
[  5] 261.00-262.00 sec   804 KBytes  6.57 Mbits/sec  1.160 ms  703/1389 (51%)  
[  5] 262.00-263.00 sec   686 KBytes  5.63 Mbits/sec  1.091 ms  614/1199 (51%)  
[  5] 263.00-264.00 sec   814 KBytes  6.67 Mbits/sec  1.437 ms  680/1375 (49%)  
[  5] 264.00-265.00 sec   809 KBytes  6.62 Mbits/sec  1.069 ms  673/1363 (49%)  
[  5] 265.00-266.00 sec   680 KBytes  5.57 Mbits/sec  1.129 ms  603/1183 (51%)  
[  5] 266.00-267.00 sec   717 KBytes  5.87 Mbits/sec  1.184 ms  600/1212 (50%)  
[  5] 267.00-268.00 sec   809 KBytes  6.62 Mbits/sec  1.134 ms  700/1390 (50%)  
[  5] 268.00-269.00 sec   799 KBytes  6.55 Mbits/sec  1.118 ms  703/1385 (51%)  
[  5] 269.00-270.00 sec   687 KBytes  5.63 Mbits/sec  1.250 ms  609/1195 (51%)  
[  5] 270.00-271.00 sec   809 KBytes  6.62 Mbits/sec  1.026 ms  688/1378 (50%)  
[  5] 271.00-272.00 sec   708 KBytes  5.79 Mbits/sec  1.171 ms  566/1170 (48%)  
[  5] 272.00-273.00 sec   810 KBytes  6.64 Mbits/sec  1.059 ms  626/1317 (48%)  
[  5] 273.00-274.00 sec   708 KBytes  5.80 Mbits/sec  1.164 ms  560/1164 (48%)  
[  5] 274.00-275.00 sec   809 KBytes  6.62 Mbits/sec  1.136 ms  634/1324 (48%)  
[  5] 275.00-276.00 sec   717 KBytes  5.88 Mbits/sec  1.164 ms  554/1166 (48%)  
[  5] 276.00-277.00 sec   797 KBytes  6.52 Mbits/sec  1.050 ms  631/1311 (48%)  
[  5] 277.00-278.00 sec   682 KBytes  5.59 Mbits/sec  1.155 ms  551/1133 (49%)  
[  5] 278.00-279.00 sec   799 KBytes  6.55 Mbits/sec  1.149 ms  648/1330 (49%)  
[  5] 279.00-280.00 sec   806 KBytes  6.60 Mbits/sec  1.195 ms  655/1343 (49%)  
[  5] 280.00-281.00 sec   718 KBytes  5.88 Mbits/sec  1.130 ms  545/1158 (47%)  
[  5] 281.00-282.00 sec   798 KBytes  6.54 Mbits/sec  1.194 ms  622/1303 (48%)  
[  5] 282.00-283.00 sec   718 KBytes  5.88 Mbits/sec  1.144 ms  579/1192 (49%)  
[  5] 283.00-284.00 sec   809 KBytes  6.62 Mbits/sec  1.090 ms  652/1342 (49%)  
[  5] 284.00-285.00 sec   701 KBytes  5.74 Mbits/sec  1.070 ms  571/1169 (49%)  
[  5] 285.00-286.00 sec   802 KBytes  6.57 Mbits/sec  1.162 ms  667/1351 (49%)  
[  5] 286.00-287.00 sec   691 KBytes  5.66 Mbits/sec  1.139 ms  571/1161 (49%)  
[  5] 287.00-288.00 sec   704 KBytes  5.77 Mbits/sec  1.078 ms  548/1149 (48%)  
[  5] 288.00-289.00 sec   809 KBytes  6.62 Mbits/sec  1.133 ms  621/1311 (47%)  
[  5] 289.00-290.00 sec   717 KBytes  5.87 Mbits/sec  1.072 ms  583/1195 (49%)  
[  5] 290.00-291.00 sec   788 KBytes  6.45 Mbits/sec  1.223 ms  633/1305 (49%)  
[  5] 291.00-292.00 sec   689 KBytes  5.64 Mbits/sec  1.027 ms  529/1117 (47%)  
[  5] 292.00-293.00 sec   838 KBytes  6.86 Mbits/sec  1.099 ms  662/1377 (48%)  
[  5] 293.00-294.00 sec   679 KBytes  5.56 Mbits/sec  1.100 ms  541/1120 (48%)  
[  5] 294.00-295.00 sec   806 KBytes  6.60 Mbits/sec  1.167 ms  643/1331 (48%)  
[  5] 295.00-296.00 sec   806 KBytes  6.60 Mbits/sec  1.144 ms  651/1339 (49%)  
[  5] 296.00-297.00 sec   696 KBytes  5.70 Mbits/sec  1.110 ms  543/1137 (48%)  
[  5] 297.00-298.00 sec   809 KBytes  6.63 Mbits/sec  1.123 ms  638/1328 (48%)  
[  5] 298.00-299.00 sec   709 KBytes  5.81 Mbits/sec  1.084 ms  588/1193 (49%)  
[  5] 299.00-300.00 sec   809 KBytes  6.62 Mbits/sec  1.129 ms  669/1359 (49%)  
[  5] 300.00-301.00 sec   680 KBytes  5.56 Mbits/sec  1.166 ms  549/1129 (49%)  
[  5] 301.00-302.00 sec   809 KBytes  6.63 Mbits/sec  1.086 ms  681/1371 (50%)  
[  5] 302.00-303.00 sec   711 KBytes  5.83 Mbits/sec  1.075 ms  600/1207 (50%)  
[  5] 303.00-304.00 sec   802 KBytes  6.56 Mbits/sec  1.132 ms  667/1351 (49%)  
[  5] 304.00-305.00 sec   707 KBytes  5.79 Mbits/sec  1.197 ms  574/1177 (49%)  
[  5] 305.00-306.00 sec   809 KBytes  6.62 Mbits/sec  1.093 ms  625/1315 (48%)  
[  5] 306.00-307.00 sec   709 KBytes  5.80 Mbits/sec  1.078 ms  533/1138 (47%)  
[  5] 307.00-308.00 sec   709 KBytes  5.82 Mbits/sec  1.084 ms  539/1144 (47%)  
[  5] 308.00-309.00 sec   779 KBytes  6.38 Mbits/sec  1.130 ms  604/1269 (48%)  
[  5] 309.00-310.00 sec   806 KBytes  6.61 Mbits/sec  1.136 ms  638/1326 (48%)  
[  5] 310.00-311.00 sec   711 KBytes  5.82 Mbits/sec  1.125 ms  577/1184 (49%)  
[  5] 311.00-312.00 sec   721 KBytes  5.91 Mbits/sec  1.025 ms  590/1205 (49%)  
[  5] 312.00-313.00 sec   709 KBytes  5.81 Mbits/sec  1.119 ms  560/1165 (48%)  
[  5] 313.00-314.00 sec   709 KBytes  5.80 Mbits/sec  1.129 ms  595/1200 (50%)  
[  5] 314.00-315.00 sec   598 KBytes  4.90 Mbits/sec  0.996 ms  483/993 (49%)  
[  5] 315.00-316.00 sec   709 KBytes  5.81 Mbits/sec  1.200 ms  580/1185 (49%)  
[  5] 316.00-317.00 sec   709 KBytes  5.81 Mbits/sec  1.171 ms  555/1160 (48%)  
[  5] 317.00-318.00 sec   599 KBytes  4.91 Mbits/sec  1.080 ms  485/996 (49%)  
[  5] 318.00-319.00 sec   708 KBytes  5.80 Mbits/sec  1.147 ms  543/1147 (47%)  
[  5] 319.00-320.00 sec   709 KBytes  5.81 Mbits/sec  1.158 ms  594/1199 (50%)  
[  5] 320.00-321.00 sec   717 KBytes  5.88 Mbits/sec  1.113 ms  603/1215 (50%)  
[  5] 321.00-322.00 sec   697 KBytes  5.71 Mbits/sec  1.424 ms  548/1143 (48%)  
[  5] 322.00-323.00 sec   688 KBytes  5.63 Mbits/sec  1.167 ms  544/1131 (48%)  
[  5] 323.00-324.00 sec   708 KBytes  5.80 Mbits/sec  1.133 ms  552/1156 (48%)  
[  5] 324.00-325.00 sec   720 KBytes  5.89 Mbits/sec  1.178 ms  621/1235 (50%)  
[  5] 325.00-326.00 sec   690 KBytes  5.66 Mbits/sec  1.191 ms  663/1252 (53%)  
[  5] 326.00-327.00 sec   810 KBytes  6.63 Mbits/sec  1.134 ms  712/1403 (51%)  
[  5] 327.00-328.00 sec   708 KBytes  5.80 Mbits/sec  1.264 ms  692/1296 (53%)  
[  5] 328.00-329.00 sec   720 KBytes  5.89 Mbits/sec  1.044 ms  751/1365 (55%)  
[  5] 329.00-330.00 sec   679 KBytes  5.56 Mbits/sec  1.209 ms  667/1246 (54%)  
[  5] 330.00-331.00 sec   689 KBytes  5.64 Mbits/sec  1.257 ms  752/1340 (56%)  
[  5] 331.00-332.00 sec   720 KBytes  5.89 Mbits/sec  1.240 ms  718/1332 (54%)  
[  5] 332.00-333.00 sec   709 KBytes  5.81 Mbits/sec  1.213 ms  647/1252 (52%)  
[  5] 333.00-334.00 sec   718 KBytes  5.88 Mbits/sec  1.006 ms  655/1268 (52%)  
[  5] 334.00-335.00 sec   709 KBytes  5.81 Mbits/sec  1.121 ms  647/1252 (52%)  
[  5] 335.00-336.00 sec   778 KBytes  6.37 Mbits/sec  1.090 ms  720/1384 (52%)  
[  5] 336.00-337.00 sec   709 KBytes  5.81 Mbits/sec  1.284 ms  646/1251 (52%)  
[  5] 337.00-338.00 sec   720 KBytes  5.89 Mbits/sec  1.176 ms  640/1254 (51%)  
[  5] 338.00-339.00 sec   709 KBytes  5.81 Mbits/sec  1.202 ms  604/1209 (50%)  
[  5] 339.00-340.00 sec   709 KBytes  5.81 Mbits/sec  1.245 ms  621/1226 (51%)  
[  5] 340.00-341.00 sec   718 KBytes  5.88 Mbits/sec  1.132 ms  636/1249 (51%)  
[  5] 341.00-342.00 sec   709 KBytes  5.81 Mbits/sec  1.133 ms  632/1237 (51%)  
[  5] 342.00-343.00 sec   689 KBytes  5.64 Mbits/sec  1.088 ms  599/1187 (50%)  
[  5] 343.00-344.00 sec   708 KBytes  5.79 Mbits/sec  1.151 ms  651/1255 (52%)  
[  5] 344.00-345.00 sec   710 KBytes  5.82 Mbits/sec  1.132 ms  628/1234 (51%)  
[  5] 345.00-346.00 sec   718 KBytes  5.88 Mbits/sec  1.178 ms  638/1251 (51%)  
[  5] 346.00-347.00 sec   589 KBytes  4.83 Mbits/sec  1.164 ms  521/1024 (51%)  
[  5] 347.00-348.00 sec   708 KBytes  5.79 Mbits/sec  1.150 ms  633/1237 (51%)  
[  5] 348.00-349.00 sec   720 KBytes  5.90 Mbits/sec  1.055 ms  633/1247 (51%)  
[  5] 349.00-350.00 sec   709 KBytes  5.81 Mbits/sec  1.139 ms  618/1223 (51%)  
[  5] 350.00-351.00 sec   715 KBytes  5.86 Mbits/sec  1.286 ms  642/1252 (51%)  
[  5] 351.00-352.00 sec   680 KBytes  5.56 Mbits/sec  1.142 ms  619/1199 (52%)  
[  5] 352.00-353.01 sec   709 KBytes  5.78 Mbits/sec  1.160 ms  664/1269 (52%)  
[  5] 353.01-354.00 sec   718 KBytes  5.92 Mbits/sec  1.045 ms  638/1251 (51%)  
[  5] 354.00-355.00 sec   709 KBytes  5.81 Mbits/sec  1.141 ms  599/1204 (50%)  
[  5] 355.00-356.00 sec   697 KBytes  5.71 Mbits/sec  1.706 ms  640/1235 (52%)  
[  5] 356.00-357.00 sec   679 KBytes  5.56 Mbits/sec  1.214 ms  682/1261 (54%)  
[  5] 357.00-358.00 sec   709 KBytes  5.81 Mbits/sec  1.185 ms  728/1333 (55%)  
[  5] 358.00-359.00 sec   718 KBytes  5.89 Mbits/sec  1.180 ms  645/1258 (51%)  
[  5] 359.00-360.00 sec   789 KBytes  6.46 Mbits/sec  1.153 ms  744/1417 (53%)  
[  5] 360.00-361.00 sec   718 KBytes  5.88 Mbits/sec  1.134 ms  714/1327 (54%)  
[  5] 361.00-362.00 sec   709 KBytes  5.81 Mbits/sec  1.182 ms  699/1304 (54%)  
[  5] 362.00-363.00 sec   689 KBytes  5.64 Mbits/sec  1.049 ms  673/1261 (53%)  
[  5] 363.00-364.00 sec   829 KBytes  6.79 Mbits/sec  1.174 ms  742/1449 (51%)  
[  5] 364.00-365.00 sec   689 KBytes  5.64 Mbits/sec  1.149 ms  644/1232 (52%)  
[  5] 365.00-366.00 sec   709 KBytes  5.81 Mbits/sec  1.265 ms  636/1241 (51%)  
[  5] 366.00-367.00 sec   718 KBytes  5.88 Mbits/sec  1.068 ms  642/1255 (51%)  
[  5] 367.00-368.00 sec   709 KBytes  5.81 Mbits/sec  1.083 ms  630/1235 (51%)  
[  5] 368.00-369.00 sec   680 KBytes  5.57 Mbits/sec  1.199 ms  625/1205 (52%)  
[  5] 369.00-370.00 sec   711 KBytes  5.83 Mbits/sec  1.276 ms  663/1270 (52%)  
[  5] 370.00-371.00 sec   709 KBytes  5.81 Mbits/sec  1.180 ms  637/1242 (51%)  
[  5] 371.00-372.00 sec   718 KBytes  5.88 Mbits/sec  1.105 ms  612/1225 (50%)  
[  5] 372.00-373.00 sec   589 KBytes  4.82 Mbits/sec  1.089 ms  492/995 (49%)  
[  5] 373.00-374.00 sec   709 KBytes  5.82 Mbits/sec  1.151 ms  611/1216 (50%)  
[  5] 374.00-375.00 sec   718 KBytes  5.88 Mbits/sec  1.047 ms  615/1228 (50%)  
[  5] 375.00-376.00 sec   709 KBytes  5.81 Mbits/sec  1.180 ms  628/1233 (51%)  
[  5] 376.00-377.00 sec   709 KBytes  5.81 Mbits/sec  1.156 ms  606/1211 (50%)  
[  5] 377.00-378.00 sec   687 KBytes  5.63 Mbits/sec  1.122 ms  593/1179 (50%)  
[  5] 378.00-379.00 sec   709 KBytes  5.81 Mbits/sec  1.222 ms  650/1255 (52%)  
[  5] 379.00-380.00 sec   718 KBytes  5.88 Mbits/sec  1.102 ms  642/1255 (51%)  
[  5] 380.00-381.00 sec   709 KBytes  5.80 Mbits/sec  1.073 ms  655/1260 (52%)  
[  5] 381.00-382.00 sec   589 KBytes  4.83 Mbits/sec  1.233 ms  519/1022 (51%)  
[  5] 382.00-383.00 sec   619 KBytes  5.07 Mbits/sec  1.130 ms  553/1081 (51%)  
[  5] 383.00-384.00 sec   705 KBytes  5.78 Mbits/sec  1.474 ms  671/1273 (53%)  
[  5] 384.00-385.00 sec   680 KBytes  5.57 Mbits/sec  1.243 ms  644/1224 (53%)  
[  5] 385.00-386.00 sec   709 KBytes  5.81 Mbits/sec  1.158 ms  661/1266 (52%)  
[  5] 386.00-387.00 sec   718 KBytes  5.88 Mbits/sec  1.151 ms  676/1289 (52%)  
[  5] 387.00-388.00 sec   589 KBytes  4.83 Mbits/sec  1.190 ms  548/1051 (52%)  
[  5] 388.00-389.00 sec   688 KBytes  5.64 Mbits/sec  1.176 ms  673/1260 (53%)  
[  5] 389.00-390.00 sec   720 KBytes  5.89 Mbits/sec  1.056 ms  677/1291 (52%)  
[  5] 390.00-391.00 sec   708 KBytes  5.80 Mbits/sec  1.158 ms  671/1275 (53%)  
[  5] 391.00-392.00 sec   709 KBytes  5.81 Mbits/sec  1.161 ms  681/1286 (53%)  
[  5] 392.00-393.00 sec   689 KBytes  5.64 Mbits/sec  1.160 ms  654/1242 (53%)  
[  5] 393.00-394.00 sec   707 KBytes  5.79 Mbits/sec  1.125 ms  658/1261 (52%)  
[  5] 394.00-395.00 sec   718 KBytes  5.88 Mbits/sec  1.255 ms  669/1282 (52%)  
[  5] 395.00-396.00 sec   709 KBytes  5.81 Mbits/sec  1.235 ms  768/1373 (56%)  
[  5] 396.00-397.00 sec   688 KBytes  5.64 Mbits/sec  1.195 ms  760/1347 (56%)  
[  5] 397.00-398.00 sec   709 KBytes  5.81 Mbits/sec  1.230 ms  691/1296 (53%)  
[  5] 398.00-399.00 sec   709 KBytes  5.81 Mbits/sec  1.217 ms  685/1290 (53%)  
[  5] 399.00-400.00 sec   629 KBytes  5.15 Mbits/sec  1.188 ms  608/1145 (53%)  
