Connecting to host 172.22.0.50, port 5201
Reverse mode, remote host 172.22.0.50 is sending
[  5] local 192.168.100.2 port 48433 connected to 172.22.0.50 port 5201
[ ID] Interval           Transfer     Bitrate         Jitter    Lost/Total Datagrams
[  5]   0.00-1.00   sec  1.43 MBytes  12.0 Mbits/sec  0.717 ms  0/1250 (0%)  
[  5]   1.00-2.00   sec  1.43 MBytes  12.0 Mbits/sec  1.129 ms  0/1246 (0%)  
[  5]   2.00-3.00   sec  1.44 MBytes  12.0 Mbits/sec  0.836 ms  0/1254 (0%)  
[  5]   3.00-4.00   sec  1.42 MBytes  12.0 Mbits/sec  0.979 ms  0/1245 (0%)  
[  5]   4.00-5.00   sec  1.44 MBytes  12.1 Mbits/sec  0.881 ms  0/1256 (0%)  
[  5]   5.00-6.00   sec  1.43 MBytes  12.0 Mbits/sec  0.901 ms  0/1248 (0%)  
[  5]   6.00-7.00   sec  1.43 MBytes  12.0 Mbits/sec  1.039 ms  0/1246 (0%)  
[  5]   7.00-8.00   sec  1.44 MBytes  12.1 Mbits/sec  0.945 ms  0/1257 (0%)  
[  5]   8.00-9.00   sec  1.31 MBytes  11.0 Mbits/sec  1.222 ms  0/1145 (0%)  
[  5]   9.00-10.00  sec   782 KBytes  6.40 Mbits/sec  1.287 ms  0/667 (0%)  
[  5]  10.00-11.00  sec   768 KBytes  6.29 Mbits/sec  1.077 ms  0/655 (0%)  
[  5]  11.00-12.00  sec   755 KBytes  6.18 Mbits/sec  1.284 ms  0/644 (0%)  
[  5]  12.00-13.00  sec   762 KBytes  6.24 Mbits/sec  1.146 ms  0/650 (0%)  
[  5]  13.00-14.00  sec   758 KBytes  6.21 Mbits/sec  1.247 ms  0/647 (0%)  
[  5]  14.00-15.00  sec   773 KBytes  6.34 Mbits/sec  1.069 ms  0/660 (0%)  
[  5]  15.00-16.00  sec   768 KBytes  6.29 Mbits/sec  1.464 ms  0/655 (0%)  
[  5]  16.00-17.00  sec   765 KBytes  6.27 Mbits/sec  0.971 ms  0/653 (0%)  
[  5]  17.00-18.00  sec   769 KBytes  6.30 Mbits/sec  1.145 ms  0/656 (0%)  
[  5]  18.00-19.00  sec   768 KBytes  6.29 Mbits/sec  1.038 ms  0/655 (0%)  
[  5]  19.00-20.00  sec   766 KBytes  6.28 Mbits/sec  1.200 ms  0/654 (0%)  
[  5]  20.00-21.00  sec   758 KBytes  6.21 Mbits/sec  1.008 ms  0/647 (0%)  
[  5]  21.00-22.00  sec   755 KBytes  6.18 Mbits/sec  1.077 ms  0/644 (0%)  
[  5]  22.00-23.00  sec   780 KBytes  6.40 Mbits/sec  1.253 ms  0/666 (0%)  
[  5]  23.00-24.00  sec   764 KBytes  6.26 Mbits/sec  1.005 ms  0/652 (0%)  
[  5]  24.00-25.00  sec   764 KBytes  6.26 Mbits/sec  1.141 ms  0/652 (0%)  
[  5]  25.00-26.00  sec   765 KBytes  6.27 Mbits/sec  1.240 ms  0/653 (0%)  
[  5]  26.00-27.00  sec   754 KBytes  6.17 Mbits/sec  1.245 ms  0/643 (0%)  
[  5]  27.00-28.00  sec   770 KBytes  6.30 Mbits/sec  1.243 ms  0/657 (0%)  
[  5]  28.00-29.00  sec   748 KBytes  6.13 Mbits/sec  1.357 ms  0/638 (0%)  
[  5]  29.00-30.00  sec   765 KBytes  6.27 Mbits/sec  1.296 ms  0/653 (0%)  
[  5]  30.00-31.00  sec   771 KBytes  6.32 Mbits/sec  1.216 ms  0/658 (0%)  
[  5]  31.00-32.00  sec   782 KBytes  6.40 Mbits/sec  1.041 ms  0/667 (0%)  
[  5]  32.00-33.00  sec   778 KBytes  6.37 Mbits/sec  0.903 ms  0/664 (0%)  
[  5]  33.00-34.00  sec   776 KBytes  6.36 Mbits/sec  1.124 ms  0/662 (0%)  
[  5]  34.00-35.00  sec   669 KBytes  5.48 Mbits/sec  1.103 ms  58/629 (9.2%)  
[  5]  35.00-36.00  sec   809 KBytes  6.62 Mbits/sec  0.986 ms  610/1300 (47%)  
[  5]  36.00-37.00  sec   679 KBytes  5.56 Mbits/sec  1.108 ms  535/1114 (48%)  
[  5]  37.00-38.00  sec   709 KBytes  5.81 Mbits/sec  1.107 ms  545/1150 (47%)  
[  5]  38.00-39.00  sec   809 KBytes  6.63 Mbits/sec  1.220 ms  652/1342 (49%)  
[  5]  39.00-40.00  sec   720 KBytes  5.89 Mbits/sec  1.080 ms  575/1189 (48%)  
[  5]  40.00-41.00  sec   798 KBytes  6.54 Mbits/sec  1.171 ms  636/1317 (48%)  
[  5]  41.00-42.00  sec   810 KBytes  6.63 Mbits/sec  1.106 ms  642/1333 (48%)  
[  5]  42.00-43.00  sec   708 KBytes  5.80 Mbits/sec  1.098 ms  548/1152 (48%)  
[  5]  43.00-44.00  sec   804 KBytes  6.59 Mbits/sec  1.106 ms  615/1301 (47%)  
[  5]  44.00-45.00  sec   809 KBytes  6.62 Mbits/sec  1.004 ms  602/1292 (47%)  
[  5]  45.00-46.00  sec   709 KBytes  5.81 Mbits/sec  1.074 ms  536/1141 (47%)  
[  5]  46.00-47.00  sec   809 KBytes  6.62 Mbits/sec  1.096 ms  607/1297 (47%)  
[  5]  47.00-48.00  sec   701 KBytes  5.74 Mbits/sec  1.228 ms  535/1133 (47%)  
[  5]  48.00-49.00  sec   809 KBytes  6.62 Mbits/sec  1.107 ms  637/1327 (48%)  
[  5]  49.00-50.00  sec   809 KBytes  6.62 Mbits/sec  1.171 ms  674/1364 (49%)  
[  5]  50.00-51.00  sec   709 KBytes  5.81 Mbits/sec  1.061 ms  592/1197 (49%)  
[  5]  51.00-52.00  sec   809 KBytes  6.62 Mbits/sec  1.060 ms  626/1316 (48%)  
[  5]  52.00-53.00  sec   709 KBytes  5.81 Mbits/sec  1.073 ms  530/1135 (47%)  
[  5]  53.00-54.00  sec   809 KBytes  6.62 Mbits/sec  1.136 ms  619/1309 (47%)  
[  5]  54.00-55.00  sec   809 KBytes  6.62 Mbits/sec  1.050 ms  626/1316 (48%)  
[  5]  55.00-56.00  sec   679 KBytes  5.56 Mbits/sec  1.148 ms  524/1103 (48%)  
[  5]  56.00-57.00  sec   809 KBytes  6.62 Mbits/sec  1.136 ms  617/1307 (47%)  
[  5]  57.00-58.00  sec   709 KBytes  5.81 Mbits/sec  1.128 ms  548/1153 (48%)  
[  5]  58.00-59.00  sec   809 KBytes  6.62 Mbits/sec  1.166 ms  640/1330 (48%)  
[  5]  59.00-60.00  sec   804 KBytes  6.59 Mbits/sec  1.112 ms  656/1342 (49%)  
[  5]  60.00-61.00  sec   708 KBytes  5.80 Mbits/sec  1.132 ms  546/1150 (47%)  
[  5]  61.00-62.00  sec   810 KBytes  6.63 Mbits/sec  1.110 ms  619/1310 (47%)  
[  5]  62.00-63.00  sec   708 KBytes  5.80 Mbits/sec  1.136 ms  535/1139 (47%)  
[  5]  63.00-64.00  sec   810 KBytes  6.63 Mbits/sec  1.107 ms  634/1325 (48%)  
[  5]  64.00-65.00  sec   809 KBytes  6.63 Mbits/sec  1.128 ms  610/1300 (47%)  
[  5]  65.00-66.00  sec   709 KBytes  5.81 Mbits/sec  1.131 ms  550/1155 (48%)  
[  5]  66.00-67.00  sec   809 KBytes  6.62 Mbits/sec  1.178 ms  637/1327 (48%)  
[  5]  67.00-68.00  sec   809 KBytes  6.62 Mbits/sec  1.088 ms  621/1311 (47%)  
[  5]  68.00-69.00  sec   701 KBytes  5.74 Mbits/sec  1.133 ms  552/1150 (48%)  
[  5]  69.00-70.00  sec   809 KBytes  6.62 Mbits/sec  1.138 ms  653/1343 (49%)  
[  5]  70.00-71.00  sec   709 KBytes  5.81 Mbits/sec  1.003 ms  539/1144 (47%)  
[  5]  71.00-72.00  sec   809 KBytes  6.62 Mbits/sec  1.142 ms  631/1321 (48%)  
[  5]  72.00-73.00  sec   679 KBytes  5.56 Mbits/sec  1.124 ms  522/1101 (47%)  
[  5]  73.00-74.00  sec   839 KBytes  6.87 Mbits/sec  1.106 ms  665/1381 (48%)  
[  5]  74.00-75.00  sec   809 KBytes  6.62 Mbits/sec  1.117 ms  635/1325 (48%)  
[  5]  75.00-76.00  sec   709 KBytes  5.81 Mbits/sec  1.097 ms  547/1152 (47%)  
[  5]  76.00-77.00  sec   779 KBytes  6.38 Mbits/sec  1.122 ms  586/1251 (47%)  
[  5]  77.00-78.00  sec   708 KBytes  5.80 Mbits/sec  1.147 ms  527/1131 (47%)  
[  5]  78.00-79.00  sec   810 KBytes  6.63 Mbits/sec  1.141 ms  618/1309 (47%)  
[  5]  79.00-80.00  sec   718 KBytes  5.89 Mbits/sec  1.103 ms  578/1191 (49%)  
[  5]  80.00-81.00  sec   799 KBytes  6.55 Mbits/sec  1.137 ms  592/1274 (46%)  
[  5]  81.00-82.00  sec   809 KBytes  6.62 Mbits/sec  1.119 ms  632/1322 (48%)  
[  5]  82.00-83.00  sec   709 KBytes  5.81 Mbits/sec  1.211 ms  554/1159 (48%)  
[  5]  83.00-84.00  sec   809 KBytes  6.62 Mbits/sec  1.242 ms  640/1330 (48%)  
[  5]  84.00-85.00  sec   809 KBytes  6.62 Mbits/sec  1.138 ms  654/1344 (49%)  
[  5]  85.00-86.00  sec   709 KBytes  5.81 Mbits/sec  1.103 ms  545/1150 (47%)  
[  5]  86.00-87.00  sec   689 KBytes  5.64 Mbits/sec  1.109 ms  536/1124 (48%)  
[  5]  87.00-88.00  sec   829 KBytes  6.79 Mbits/sec  1.071 ms  628/1335 (47%)  
[  5]  88.00-89.00  sec   677 KBytes  5.55 Mbits/sec  1.135 ms  534/1112 (48%)  
[  5]  89.00-90.00  sec   809 KBytes  6.63 Mbits/sec  1.104 ms  669/1359 (49%)  
[  5]  90.00-91.00  sec   709 KBytes  5.81 Mbits/sec  1.109 ms  563/1168 (48%)  
[  5]  91.00-92.00  sec   804 KBytes  6.59 Mbits/sec  1.001 ms  642/1328 (48%)  
[  5]  92.00-93.00  sec   829 KBytes  6.78 Mbits/sec  1.162 ms  632/1339 (47%)  
[  5]  93.00-94.00  sec   689 KBytes  5.65 Mbits/sec  1.073 ms  526/1114 (47%)  
[  5]  94.00-95.00  sec   809 KBytes  6.62 Mbits/sec  1.076 ms  627/1317 (48%)  
[  5]  95.00-96.00  sec   709 KBytes  5.81 Mbits/sec  1.119 ms  532/1137 (47%)  
[  5]  96.00-97.00  sec   809 KBytes  6.63 Mbits/sec  0.995 ms  609/1299 (47%)  
[  5]  97.00-98.00  sec   799 KBytes  6.55 Mbits/sec  1.129 ms  654/1336 (49%)  
[  5]  98.00-99.00  sec   809 KBytes  6.62 Mbits/sec  1.237 ms  666/1356 (49%)  
[  5]  99.00-100.00 sec   720 KBytes  5.89 Mbits/sec  1.032 ms  601/1215 (49%)  
[  5] 100.00-101.00 sec   798 KBytes  6.54 Mbits/sec  1.143 ms  622/1303 (48%)  
[  5] 101.00-102.00 sec   697 KBytes  5.71 Mbits/sec  1.052 ms  578/1173 (49%)  
[  5] 102.00-103.00 sec   807 KBytes  6.60 Mbits/sec  1.073 ms  641/1330 (48%)  
[  5] 103.00-104.00 sec   710 KBytes  5.83 Mbits/sec  1.046 ms  542/1148 (47%)  
[  5] 104.00-105.00 sec   809 KBytes  6.61 Mbits/sec  1.049 ms  607/1297 (47%)  
[  5] 105.00-106.00 sec   700 KBytes  5.74 Mbits/sec  1.076 ms  545/1142 (48%)  
[  5] 106.00-107.00 sec   809 KBytes  6.62 Mbits/sec  1.124 ms  641/1331 (48%)  
[  5] 107.00-108.00 sec   709 KBytes  5.81 Mbits/sec  1.068 ms  573/1178 (49%)  
[  5] 108.00-109.00 sec   809 KBytes  6.63 Mbits/sec  1.070 ms  619/1309 (47%)  
[  5] 109.00-110.00 sec   809 KBytes  6.62 Mbits/sec  1.056 ms  608/1298 (47%)  
[  5] 110.00-111.00 sec   679 KBytes  5.56 Mbits/sec  1.093 ms  515/1094 (47%)  
[  5] 111.00-112.00 sec   798 KBytes  6.54 Mbits/sec  1.099 ms  615/1296 (47%)  
[  5] 112.00-113.00 sec   709 KBytes  5.81 Mbits/sec  1.099 ms  538/1143 (47%)  
[  5] 113.00-114.00 sec   809 KBytes  6.62 Mbits/sec  1.149 ms  618/1308 (47%)  
[  5] 114.00-115.00 sec   809 KBytes  6.62 Mbits/sec  1.018 ms  671/1361 (49%)  
[  5] 115.00-116.00 sec   709 KBytes  5.81 Mbits/sec  1.104 ms  583/1188 (49%)  
[  5] 116.00-117.00 sec   809 KBytes  6.62 Mbits/sec  1.129 ms  652/1342 (49%)  
[  5] 117.00-118.00 sec   709 KBytes  5.81 Mbits/sec  1.099 ms  555/1160 (48%)  
[  5] 118.00-119.00 sec   720 KBytes  5.89 Mbits/sec  1.063 ms  557/1171 (48%)  
[  5] 119.00-120.00 sec   800 KBytes  6.56 Mbits/sec  1.056 ms  644/1334 (48%)  
[  5] 120.00-121.00 sec   799 KBytes  6.55 Mbits/sec  1.146 ms  593/1275 (47%)  
[  5] 121.00-122.00 sec   718 KBytes  5.89 Mbits/sec  1.052 ms  557/1170 (48%)  
[  5] 122.00-123.00 sec   799 KBytes  6.55 Mbits/sec  1.133 ms  632/1314 (48%)  
[  5] 123.00-124.00 sec   807 KBytes  6.61 Mbits/sec  1.123 ms  634/1323 (48%)  
[  5] 124.00-125.00 sec   710 KBytes  5.82 Mbits/sec  1.074 ms  552/1158 (48%)  
[  5] 125.00-126.00 sec   807 KBytes  6.61 Mbits/sec  1.073 ms  602/1291 (47%)  
[  5] 126.00-127.00 sec   689 KBytes  5.64 Mbits/sec  1.086 ms  551/1139 (48%)  
[  5] 127.00-128.00 sec   830 KBytes  6.80 Mbits/sec  1.121 ms  627/1335 (47%)  
[  5] 128.00-129.00 sec   809 KBytes  6.62 Mbits/sec  1.055 ms  625/1315 (48%)  
[  5] 129.00-130.00 sec   718 KBytes  5.88 Mbits/sec  1.070 ms  603/1216 (50%)  
[  5] 130.00-131.00 sec   799 KBytes  6.55 Mbits/sec  1.080 ms  654/1336 (49%)  
[  5] 131.00-132.00 sec   701 KBytes  5.73 Mbits/sec  4.858 ms  611/1209 (51%)  
[  5] 132.00-133.00 sec   786 KBytes  6.45 Mbits/sec  1.137 ms  599/1270 (47%)  
[  5] 133.00-134.00 sec   720 KBytes  5.89 Mbits/sec  1.064 ms  540/1154 (47%)  
[  5] 134.00-135.00 sec   798 KBytes  6.54 Mbits/sec  1.113 ms  607/1288 (47%)  
[  5] 135.00-136.00 sec   720 KBytes  5.89 Mbits/sec  1.085 ms  539/1153 (47%)  
[  5] 136.00-137.00 sec   809 KBytes  6.62 Mbits/sec  0.994 ms  625/1315 (48%)  
[  5] 137.00-138.00 sec   709 KBytes  5.81 Mbits/sec  1.078 ms  540/1145 (47%)  
[  5] 138.00-139.00 sec   809 KBytes  6.62 Mbits/sec  1.162 ms  630/1320 (48%)  
[  5] 139.00-140.00 sec   809 KBytes  6.62 Mbits/sec  1.037 ms  656/1346 (49%)  
[  5] 140.00-141.00 sec   709 KBytes  5.81 Mbits/sec  1.073 ms  549/1154 (48%)  
[  5] 141.00-142.00 sec   809 KBytes  6.62 Mbits/sec  1.071 ms  610/1300 (47%)  
[  5] 142.00-143.00 sec   679 KBytes  5.56 Mbits/sec  1.103 ms  511/1090 (47%)  
[  5] 143.00-144.00 sec   809 KBytes  6.62 Mbits/sec  0.996 ms  614/1304 (47%)  
[  5] 144.00-145.00 sec   839 KBytes  6.87 Mbits/sec  1.041 ms  679/1395 (49%)  
[  5] 145.00-146.00 sec   679 KBytes  5.56 Mbits/sec  1.062 ms  540/1119 (48%)  
[  5] 146.00-147.00 sec   810 KBytes  6.63 Mbits/sec  1.056 ms  676/1367 (49%)  
[  5] 147.00-148.00 sec   708 KBytes  5.80 Mbits/sec  1.350 ms  587/1191 (49%)  
[  5] 148.00-149.00 sec   810 KBytes  6.63 Mbits/sec  1.138 ms  655/1346 (49%)  
[  5] 149.00-150.00 sec   708 KBytes  5.80 Mbits/sec  1.128 ms  563/1167 (48%)  
[  5] 150.00-151.00 sec   810 KBytes  6.63 Mbits/sec  1.098 ms  616/1307 (47%)  
[  5] 151.00-152.00 sec   708 KBytes  5.80 Mbits/sec  1.126 ms  544/1148 (47%)  
[  5] 152.00-153.00 sec   810 KBytes  6.63 Mbits/sec  1.141 ms  612/1303 (47%)  
[  5] 153.00-154.00 sec   718 KBytes  5.88 Mbits/sec  1.048 ms  548/1161 (47%)  
[  5] 154.00-155.00 sec   799 KBytes  6.54 Mbits/sec  1.132 ms  603/1285 (47%)  
[  5] 155.00-156.00 sec   718 KBytes  5.89 Mbits/sec  1.194 ms  596/1209 (49%)  
[  5] 156.00-157.00 sec   799 KBytes  6.55 Mbits/sec  1.079 ms  615/1297 (47%)  
[  5] 157.00-158.00 sec   809 KBytes  6.62 Mbits/sec  1.078 ms  616/1306 (47%)  
[  5] 158.00-159.00 sec   709 KBytes  5.81 Mbits/sec  1.064 ms  538/1143 (47%)  
[  5] 159.00-160.00 sec   809 KBytes  6.62 Mbits/sec  1.097 ms  642/1332 (48%)  
[  5] 160.00-161.00 sec   718 KBytes  5.89 Mbits/sec  1.049 ms  593/1206 (49%)  
[  5] 161.00-162.00 sec   799 KBytes  6.54 Mbits/sec  1.086 ms  633/1315 (48%)  
[  5] 162.00-163.00 sec   688 KBytes  5.63 Mbits/sec  1.068 ms  562/1149 (49%)  
[  5] 163.00-164.00 sec   826 KBytes  6.78 Mbits/sec  1.089 ms  679/1384 (49%)  
[  5] 164.00-165.00 sec   688 KBytes  5.64 Mbits/sec  1.149 ms  570/1157 (49%)  
[  5] 165.00-166.00 sec   809 KBytes  6.62 Mbits/sec  1.067 ms  656/1346 (49%)  
[  5] 166.00-167.00 sec   709 KBytes  5.81 Mbits/sec  1.116 ms  547/1152 (47%)  
[  5] 167.00-168.00 sec   704 KBytes  5.77 Mbits/sec  1.112 ms  551/1152 (48%)  
[  5] 168.00-169.00 sec   809 KBytes  6.62 Mbits/sec  1.067 ms  607/1297 (47%)  
[  5] 169.00-170.00 sec   809 KBytes  6.62 Mbits/sec  1.136 ms  618/1308 (47%)  
[  5] 170.00-171.00 sec   688 KBytes  5.64 Mbits/sec  1.127 ms  561/1148 (49%)  
[  5] 171.00-172.00 sec   809 KBytes  6.62 Mbits/sec  1.139 ms  628/1318 (48%)  
[  5] 172.00-173.00 sec   709 KBytes  5.81 Mbits/sec  1.116 ms  560/1165 (48%)  
[  5] 173.00-174.00 sec   809 KBytes  6.63 Mbits/sec  1.085 ms  639/1329 (48%)  
[  5] 174.00-175.00 sec   810 KBytes  6.63 Mbits/sec  1.125 ms  642/1333 (48%)  
[  5] 175.00-176.00 sec   705 KBytes  5.78 Mbits/sec  1.126 ms  581/1183 (49%)  
[  5] 176.00-177.00 sec   810 KBytes  6.63 Mbits/sec  1.152 ms  657/1348 (49%)  
[  5] 177.00-178.00 sec   708 KBytes  5.80 Mbits/sec  1.091 ms  577/1181 (49%)  
[  5] 178.00-179.00 sec   779 KBytes  6.39 Mbits/sec  1.166 ms  631/1296 (49%)  
[  5] 179.00-180.00 sec   709 KBytes  5.81 Mbits/sec  1.202 ms  585/1190 (49%)  
[  5] 180.00-181.00 sec   809 KBytes  6.63 Mbits/sec  1.140 ms  640/1330 (48%)  
[  5] 181.00-182.00 sec   720 KBytes  5.89 Mbits/sec  1.061 ms  579/1193 (49%)  
[  5] 182.00-183.00 sec   798 KBytes  6.54 Mbits/sec  1.121 ms  589/1270 (46%)  
[  5] 183.00-184.00 sec   720 KBytes  5.90 Mbits/sec  1.093 ms  559/1173 (48%)  
[  5] 184.00-185.00 sec   798 KBytes  6.54 Mbits/sec  1.174 ms  624/1305 (48%)  
[  5] 185.00-186.00 sec   720 KBytes  5.89 Mbits/sec  1.082 ms  546/1160 (47%)  
[  5] 186.00-187.00 sec   809 KBytes  6.62 Mbits/sec  1.076 ms  617/1307 (47%)  
[  5] 187.00-188.00 sec   798 KBytes  6.54 Mbits/sec  1.224 ms  617/1298 (48%)  
[  5] 188.00-189.00 sec   720 KBytes  5.89 Mbits/sec  1.129 ms  569/1183 (48%)  
[  5] 189.00-190.00 sec   798 KBytes  6.54 Mbits/sec  1.149 ms  644/1325 (49%)  
[  5] 190.00-191.00 sec   809 KBytes  6.62 Mbits/sec  1.217 ms  666/1356 (49%)  
[  5] 191.00-192.00 sec   720 KBytes  5.90 Mbits/sec  1.020 ms  575/1189 (48%)  
[  5] 192.00-193.00 sec   793 KBytes  6.50 Mbits/sec  1.164 ms  626/1303 (48%)  
[  5] 193.00-194.00 sec   720 KBytes  5.89 Mbits/sec  1.069 ms  560/1174 (48%)  
[  5] 194.00-195.00 sec   809 KBytes  6.63 Mbits/sec  1.104 ms  635/1325 (48%)  
[  5] 195.00-196.00 sec   679 KBytes  5.56 Mbits/sec  1.212 ms  526/1105 (48%)  
[  5] 196.00-197.00 sec   710 KBytes  5.82 Mbits/sec  1.192 ms  568/1174 (48%)  
[  5] 197.00-198.00 sec   807 KBytes  6.62 Mbits/sec  1.152 ms  641/1330 (48%)  
[  5] 198.00-199.00 sec   710 KBytes  5.81 Mbits/sec  1.121 ms  548/1154 (47%)  
[  5] 199.00-200.00 sec   807 KBytes  6.62 Mbits/sec  1.145 ms  624/1313 (48%)  
[  5] 200.00-201.00 sec   710 KBytes  5.81 Mbits/sec  1.083 ms  531/1137 (47%)  
[  5] 201.00-202.00 sec   718 KBytes  5.89 Mbits/sec  1.095 ms  553/1166 (47%)  
[  5] 202.00-203.00 sec   809 KBytes  6.62 Mbits/sec  0.995 ms  600/1290 (47%)  
[  5] 203.00-204.00 sec   709 KBytes  5.81 Mbits/sec  1.177 ms  537/1142 (47%)  
[  5] 204.00-205.00 sec   809 KBytes  6.62 Mbits/sec  1.170 ms  659/1349 (49%)  
[  5] 205.00-206.00 sec   709 KBytes  5.81 Mbits/sec  1.119 ms  597/1202 (50%)  
[  5] 206.00-207.00 sec   809 KBytes  6.62 Mbits/sec  1.129 ms  643/1333 (48%)  
[  5] 207.00-208.00 sec   709 KBytes  5.81 Mbits/sec  1.072 ms  567/1172 (48%)  
[  5] 208.00-209.00 sec   689 KBytes  5.64 Mbits/sec  1.013 ms  565/1153 (49%)  
[  5] 209.00-210.00 sec   708 KBytes  5.80 Mbits/sec  1.149 ms  595/1199 (50%)  
[  5] 210.00-211.00 sec   810 KBytes  6.63 Mbits/sec  1.110 ms  638/1329 (48%)  
[  5] 211.00-212.00 sec   709 KBytes  5.81 Mbits/sec  1.119 ms  561/1166 (48%)  
[  5] 212.00-213.00 sec   798 KBytes  6.54 Mbits/sec  1.160 ms  701/1382 (51%)  
[  5] 213.00-214.00 sec   809 KBytes  6.62 Mbits/sec  1.099 ms  676/1366 (49%)  
[  5] 214.00-215.00 sec   709 KBytes  5.81 Mbits/sec  1.108 ms  576/1181 (49%)  
[  5] 215.00-216.00 sec   805 KBytes  6.60 Mbits/sec  1.120 ms  656/1343 (49%)  
[  5] 216.00-217.00 sec   709 KBytes  5.81 Mbits/sec  1.133 ms  562/1167 (48%)  
[  5] 217.00-218.00 sec   809 KBytes  6.62 Mbits/sec  1.103 ms  640/1330 (48%)  
[  5] 218.00-219.00 sec   689 KBytes  5.65 Mbits/sec  1.103 ms  566/1154 (49%)  
[  5] 219.00-220.00 sec   829 KBytes  6.78 Mbits/sec  1.110 ms  671/1378 (49%)  
[  5] 220.00-221.00 sec   809 KBytes  6.62 Mbits/sec  1.153 ms  705/1395 (51%)  
[  5] 221.00-222.00 sec   709 KBytes  5.81 Mbits/sec  1.104 ms  617/1222 (50%)  
[  5] 222.00-223.00 sec   809 KBytes  6.62 Mbits/sec  1.071 ms  687/1377 (50%)  
[  5] 223.00-224.00 sec   689 KBytes  5.64 Mbits/sec  1.069 ms  553/1141 (48%)  
[  5] 224.00-225.00 sec   720 KBytes  5.90 Mbits/sec  3.099 ms  576/1190 (48%)  
[  5] 225.00-226.00 sec   786 KBytes  6.44 Mbits/sec  1.006 ms  596/1267 (47%)  
[  5] 226.00-227.00 sec   709 KBytes  5.81 Mbits/sec  1.158 ms  546/1151 (47%)  
[  5] 227.00-228.00 sec   809 KBytes  6.62 Mbits/sec  1.147 ms  623/1313 (47%)  
[  5] 228.00-229.00 sec   709 KBytes  5.81 Mbits/sec  1.125 ms  556/1161 (48%)  
[  5] 229.00-230.00 sec   809 KBytes  6.62 Mbits/sec  1.087 ms  658/1348 (49%)  
[  5] 230.00-231.00 sec   718 KBytes  5.89 Mbits/sec  1.152 ms  565/1178 (48%)  
[  5] 231.00-232.00 sec   680 KBytes  5.57 Mbits/sec  1.086 ms  521/1101 (47%)  
[  5] 232.00-233.00 sec   809 KBytes  6.62 Mbits/sec  1.101 ms  639/1329 (48%)  
[  5] 233.00-234.00 sec   709 KBytes  5.81 Mbits/sec  1.195 ms  542/1147 (47%)  
[  5] 234.00-235.00 sec   809 KBytes  6.62 Mbits/sec  0.982 ms  612/1302 (47%)  
[  5] 235.00-236.00 sec   709 KBytes  5.81 Mbits/sec  1.174 ms  544/1149 (47%)  
[  5] 236.00-237.00 sec   809 KBytes  6.62 Mbits/sec  1.165 ms  680/1370 (50%)  
[  5] 237.00-238.00 sec   709 KBytes  5.81 Mbits/sec  1.147 ms  584/1189 (49%)  
[  5] 238.00-239.00 sec   809 KBytes  6.62 Mbits/sec  1.185 ms  665/1355 (49%)  
[  5] 239.00-240.00 sec   709 KBytes  5.81 Mbits/sec  1.147 ms  579/1184 (49%)  
[  5] 240.00-241.00 sec   720 KBytes  5.89 Mbits/sec  1.109 ms  571/1185 (48%)  
[  5] 241.00-242.00 sec   807 KBytes  6.62 Mbits/sec  1.137 ms  684/1373 (50%)  
[  5] 242.00-243.00 sec   710 KBytes  5.82 Mbits/sec  1.194 ms  561/1167 (48%)  
[  5] 243.00-244.00 sec   809 KBytes  6.62 Mbits/sec  1.062 ms  667/1357 (49%)  
[  5] 244.00-245.00 sec   809 KBytes  6.62 Mbits/sec  1.072 ms  684/1374 (50%)  
[  5] 245.00-246.00 sec   709 KBytes  5.80 Mbits/sec  1.043 ms  562/1167 (48%)  
[  5] 246.00-247.00 sec   809 KBytes  6.63 Mbits/sec  1.056 ms  675/1365 (49%)  
[  5] 247.00-248.00 sec   679 KBytes  5.56 Mbits/sec  1.161 ms  556/1135 (49%)  
[  5] 248.00-249.00 sec   809 KBytes  6.62 Mbits/sec  0.981 ms  640/1330 (48%)  
[  5] 249.00-250.00 sec   709 KBytes  5.81 Mbits/sec  1.187 ms  570/1175 (49%)  
[  5] 250.00-251.00 sec   797 KBytes  6.53 Mbits/sec  1.123 ms  631/1311 (48%)  
[  5] 251.00-252.00 sec   709 KBytes  5.81 Mbits/sec  1.157 ms  559/1164 (48%)  
[  5] 252.00-253.00 sec   809 KBytes  6.62 Mbits/sec  1.104 ms  689/1379 (50%)  
[  5] 253.00-254.00 sec   809 KBytes  6.62 Mbits/sec  1.058 ms  663/1353 (49%)  
[  5] 254.00-255.00 sec   709 KBytes  5.81 Mbits/sec  1.107 ms  589/1194 (49%)  
[  5] 255.00-256.00 sec   810 KBytes  6.63 Mbits/sec  1.116 ms  631/1322 (48%)  
[  5] 256.00-257.00 sec   708 KBytes  5.79 Mbits/sec  1.145 ms  552/1156 (48%)  
[  5] 257.00-258.00 sec   710 KBytes  5.82 Mbits/sec  1.029 ms  550/1156 (48%)  
[  5] 258.00-259.00 sec   785 KBytes  6.43 Mbits/sec  1.150 ms  609/1279 (48%)  
[  5] 259.00-260.00 sec   708 KBytes  5.80 Mbits/sec  1.071 ms  577/1181 (49%)  
[  5] 260.00-261.00 sec   809 KBytes  6.62 Mbits/sec  1.114 ms  627/1317 (48%)  
[  5] 261.00-262.00 sec   799 KBytes  6.55 Mbits/sec  1.108 ms  640/1322 (48%)  
[  5] 262.00-263.00 sec   807 KBytes  6.61 Mbits/sec  1.165 ms  646/1335 (48%)  
[  5] 263.00-264.00 sec   710 KBytes  5.82 Mbits/sec  1.076 ms  549/1155 (48%)  
[  5] 264.00-265.00 sec   807 KBytes  6.61 Mbits/sec  1.152 ms  631/1320 (48%)  
[  5] 265.00-266.00 sec   720 KBytes  5.89 Mbits/sec  1.034 ms  567/1181 (48%)  
[  5] 266.00-267.00 sec   799 KBytes  6.55 Mbits/sec  1.100 ms  633/1315 (48%)  
[  5] 267.00-268.00 sec   809 KBytes  6.62 Mbits/sec  1.059 ms  633/1323 (48%)  
[  5] 268.00-269.00 sec   697 KBytes  5.71 Mbits/sec  1.334 ms  561/1156 (49%)  
[  5] 269.00-270.00 sec   809 KBytes  6.62 Mbits/sec  1.084 ms  693/1383 (50%)  
[  5] 270.00-271.00 sec   718 KBytes  5.89 Mbits/sec  1.095 ms  598/1211 (49%)  
[  5] 271.00-272.00 sec   799 KBytes  6.55 Mbits/sec  1.032 ms  611/1293 (47%)  
[  5] 272.00-273.00 sec   689 KBytes  5.65 Mbits/sec  0.960 ms  530/1118 (47%)  
[  5] 273.00-274.00 sec   829 KBytes  6.79 Mbits/sec  1.101 ms  640/1347 (48%)  
[  5] 274.00-275.00 sec   689 KBytes  5.64 Mbits/sec  1.063 ms  509/1097 (46%)  
[  5] 275.00-276.00 sec   817 KBytes  6.69 Mbits/sec  1.591 ms  637/1334 (48%)  
[  5] 276.00-277.00 sec   680 KBytes  5.57 Mbits/sec  1.094 ms  519/1099 (47%)  
[  5] 277.00-278.00 sec   809 KBytes  6.62 Mbits/sec  1.000 ms  643/1333 (48%)  
[  5] 278.00-279.00 sec   709 KBytes  5.81 Mbits/sec  1.133 ms  563/1168 (48%)  
[  5] 279.00-280.00 sec   809 KBytes  6.61 Mbits/sec  1.071 ms  629/1319 (48%)  
[  5] 280.00-281.00 sec   799 KBytes  6.57 Mbits/sec  1.168 ms  595/1277 (47%)  
[  5] 281.00-282.00 sec   718 KBytes  5.88 Mbits/sec  1.149 ms  571/1184 (48%)  
[  5] 282.00-283.00 sec   709 KBytes  5.81 Mbits/sec  1.050 ms  551/1156 (48%)  
[  5] 283.00-284.00 sec   809 KBytes  6.62 Mbits/sec  1.082 ms  636/1326 (48%)  
[  5] 284.00-285.00 sec   809 KBytes  6.63 Mbits/sec  1.060 ms  657/1347 (49%)  
[  5] 285.00-286.00 sec   700 KBytes  5.73 Mbits/sec  1.382 ms  582/1179 (49%)  
[  5] 286.00-287.00 sec   689 KBytes  5.65 Mbits/sec  1.104 ms  580/1168 (50%)  
[  5] 287.00-288.00 sec   829 KBytes  6.79 Mbits/sec  1.110 ms  642/1349 (48%)  
[  5] 288.00-289.00 sec   689 KBytes  5.64 Mbits/sec  1.011 ms  518/1106 (47%)  
[  5] 289.00-290.00 sec   829 KBytes  6.79 Mbits/sec  1.078 ms  656/1363 (48%)  
[  5] 290.00-291.00 sec   680 KBytes  5.56 Mbits/sec  1.111 ms  551/1131 (49%)  
[  5] 291.00-292.00 sec   788 KBytes  6.46 Mbits/sec  1.099 ms  638/1310 (49%)  
[  5] 292.00-293.00 sec   809 KBytes  6.62 Mbits/sec  1.159 ms  618/1308 (47%)  
[  5] 293.00-294.00 sec   718 KBytes  5.88 Mbits/sec  1.053 ms  575/1188 (48%)  
[  5] 294.00-295.00 sec   799 KBytes  6.55 Mbits/sec  1.199 ms  653/1335 (49%)  
[  5] 295.00-296.00 sec   809 KBytes  6.62 Mbits/sec  1.105 ms  632/1322 (48%)  
[  5] 296.00-297.00 sec   709 KBytes  5.81 Mbits/sec  1.109 ms  545/1150 (47%)  
[  5] 297.00-298.00 sec   809 KBytes  6.62 Mbits/sec  1.091 ms  663/1353 (49%)  
[  5] 298.00-299.00 sec   718 KBytes  5.89 Mbits/sec  1.035 ms  570/1183 (48%)  
[  5] 299.00-300.00 sec   799 KBytes  6.55 Mbits/sec  1.090 ms  664/1346 (49%)  
[  5] 300.00-301.00 sec   718 KBytes  5.89 Mbits/sec  1.145 ms  583/1196 (49%)  
[  5] 301.00-302.00 sec   809 KBytes  6.62 Mbits/sec  1.033 ms  660/1350 (49%)  
[  5] 302.00-303.00 sec   709 KBytes  5.81 Mbits/sec  1.113 ms  570/1175 (49%)  
[  5] 303.00-304.00 sec   809 KBytes  6.62 Mbits/sec  1.127 ms  635/1325 (48%)  
[  5] 304.00-305.00 sec   799 KBytes  6.54 Mbits/sec  1.115 ms  605/1287 (47%)  
[  5] 305.00-306.00 sec   689 KBytes  5.64 Mbits/sec  1.071 ms  523/1111 (47%)  
[  5] 306.00-307.00 sec   838 KBytes  6.87 Mbits/sec  1.058 ms  648/1363 (48%)  
[  5] 307.00-308.00 sec   680 KBytes  5.57 Mbits/sec  1.172 ms  499/1079 (46%)  
[  5] 308.00-309.00 sec   809 KBytes  6.62 Mbits/sec  1.028 ms  610/1300 (47%)  
[  5] 309.00-310.00 sec   709 KBytes  5.81 Mbits/sec  1.122 ms  544/1149 (47%)  
[  5] 310.00-311.00 sec   718 KBytes  5.88 Mbits/sec  1.104 ms  590/1203 (49%)  
[  5] 311.00-312.00 sec   709 KBytes  5.81 Mbits/sec  1.243 ms  554/1159 (48%)  
[  5] 312.00-313.00 sec   709 KBytes  5.81 Mbits/sec  1.066 ms  565/1170 (48%)  
[  5] 313.00-314.00 sec   689 KBytes  5.64 Mbits/sec  0.962 ms  550/1138 (48%)  
[  5] 314.00-315.00 sec   709 KBytes  5.81 Mbits/sec  1.156 ms  570/1175 (49%)  
[  5] 315.00-316.00 sec   709 KBytes  5.81 Mbits/sec  1.187 ms  545/1150 (47%)  
[  5] 316.00-317.00 sec   629 KBytes  5.16 Mbits/sec  1.048 ms  505/1042 (48%)  
[  5] 317.00-318.00 sec   798 KBytes  6.54 Mbits/sec  1.135 ms  605/1286 (47%)  
[  5] 318.00-319.00 sec   681 KBytes  5.58 Mbits/sec  1.046 ms  547/1128 (48%)  
[  5] 319.00-320.00 sec   709 KBytes  5.81 Mbits/sec  1.117 ms  565/1170 (48%)  
[  5] 320.00-321.00 sec   709 KBytes  5.81 Mbits/sec  1.133 ms  580/1185 (49%)  
[  5] 321.00-322.00 sec   718 KBytes  5.89 Mbits/sec  1.069 ms  544/1157 (47%)  
[  5] 322.00-323.00 sec   700 KBytes  5.73 Mbits/sec  1.162 ms  606/1203 (50%)  
[  5] 323.00-324.00 sec   689 KBytes  5.64 Mbits/sec  1.076 ms  591/1179 (50%)  
[  5] 324.00-325.00 sec   709 KBytes  5.81 Mbits/sec  1.209 ms  657/1262 (52%)  
[  5] 325.00-326.00 sec   809 KBytes  6.62 Mbits/sec  1.108 ms  758/1448 (52%)  
[  5] 326.00-327.00 sec   709 KBytes  5.81 Mbits/sec  1.144 ms  622/1227 (51%)  
[  5] 327.00-328.00 sec   718 KBytes  5.88 Mbits/sec  1.065 ms  647/1260 (51%)  
[  5] 328.00-329.00 sec   799 KBytes  6.55 Mbits/sec  1.187 ms  794/1476 (54%)  
[  5] 329.00-330.00 sec   718 KBytes  5.88 Mbits/sec  1.118 ms  680/1293 (53%)  
[  5] 330.00-331.00 sec   709 KBytes  5.80 Mbits/sec  1.122 ms  643/1248 (52%)  
[  5] 331.00-332.00 sec   689 KBytes  5.65 Mbits/sec  1.138 ms  629/1217 (52%)  
[  5] 332.00-333.00 sec   709 KBytes  5.81 Mbits/sec  1.211 ms  631/1236 (51%)  
[  5] 333.00-334.00 sec   709 KBytes  5.80 Mbits/sec  1.108 ms  647/1252 (52%)  
[  5] 334.00-335.00 sec   710 KBytes  5.82 Mbits/sec  1.277 ms  656/1262 (52%)  
[  5] 335.00-336.00 sec   809 KBytes  6.62 Mbits/sec  1.028 ms  705/1395 (51%)  
[  5] 336.00-337.00 sec   679 KBytes  5.56 Mbits/sec  1.164 ms  595/1174 (51%)  
[  5] 337.00-338.00 sec   709 KBytes  5.81 Mbits/sec  1.148 ms  602/1207 (50%)  
[  5] 338.00-339.00 sec   718 KBytes  5.88 Mbits/sec  1.100 ms  621/1234 (50%)  
[  5] 339.00-340.00 sec   701 KBytes  5.74 Mbits/sec  1.111 ms  607/1205 (50%)  
[  5] 340.00-341.00 sec   720 KBytes  5.89 Mbits/sec  1.035 ms  595/1209 (49%)  
[  5] 341.00-342.00 sec   709 KBytes  5.81 Mbits/sec  1.123 ms  581/1186 (49%)  
[  5] 342.00-343.00 sec   679 KBytes  5.56 Mbits/sec  1.161 ms  555/1134 (49%)  
[  5] 343.00-344.00 sec   718 KBytes  5.88 Mbits/sec  1.165 ms  617/1230 (50%)  
[  5] 344.00-345.00 sec   709 KBytes  5.81 Mbits/sec  1.201 ms  653/1258 (52%)  
[  5] 345.00-346.00 sec   720 KBytes  5.90 Mbits/sec  1.097 ms  669/1283 (52%)  
[  5] 346.00-347.00 sec   708 KBytes  5.80 Mbits/sec  1.114 ms  633/1237 (51%)  
[  5] 347.00-348.00 sec   680 KBytes  5.56 Mbits/sec  1.149 ms  591/1171 (50%)  
[  5] 348.00-349.00 sec   720 KBytes  5.90 Mbits/sec  1.155 ms  597/1211 (49%)  
[  5] 349.00-350.00 sec   708 KBytes  5.80 Mbits/sec  1.178 ms  604/1208 (50%)  
[  5] 350.00-351.00 sec   718 KBytes  5.88 Mbits/sec  1.059 ms  636/1249 (51%)  
[  5] 351.00-352.00 sec   709 KBytes  5.81 Mbits/sec  1.141 ms  627/1232 (51%)  
[  5] 352.00-353.00 sec   680 KBytes  5.57 Mbits/sec  1.216 ms  631/1211 (52%)  
[  5] 353.00-354.00 sec   718 KBytes  5.88 Mbits/sec  1.183 ms  703/1316 (53%)  
[  5] 354.00-355.00 sec   710 KBytes  5.82 Mbits/sec  1.192 ms  695/1301 (53%)  
[  5] 355.00-356.00 sec   718 KBytes  5.88 Mbits/sec  1.157 ms  647/1260 (51%)  
[  5] 356.00-357.00 sec   679 KBytes  5.56 Mbits/sec  1.132 ms  578/1157 (50%)  
[  5] 357.00-358.00 sec   709 KBytes  5.81 Mbits/sec  1.176 ms  619/1224 (51%)  
[  5] 358.00-359.00 sec   718 KBytes  5.88 Mbits/sec  1.162 ms  667/1280 (52%)  
[  5] 359.00-360.00 sec   709 KBytes  5.81 Mbits/sec  1.191 ms  674/1279 (53%)  
[  5] 360.00-361.00 sec   809 KBytes  6.62 Mbits/sec  1.264 ms  720/1410 (51%)  
[  5] 361.00-362.00 sec   709 KBytes  5.81 Mbits/sec  1.243 ms  684/1289 (53%)  
[  5] 362.00-363.00 sec   720 KBytes  5.89 Mbits/sec  1.171 ms  650/1264 (51%)  
[  5] 363.00-364.00 sec   679 KBytes  5.56 Mbits/sec  1.163 ms  605/1184 (51%)  
[  5] 364.00-365.00 sec   718 KBytes  5.88 Mbits/sec  1.093 ms  681/1294 (53%)  
[  5] 365.00-366.00 sec   709 KBytes  5.81 Mbits/sec  1.180 ms  658/1263 (52%)  
[  5] 366.00-367.00 sec   709 KBytes  5.81 Mbits/sec  1.214 ms  662/1267 (52%)  
[  5] 367.00-368.00 sec   720 KBytes  5.90 Mbits/sec  1.107 ms  669/1283 (52%)  
[  5] 368.00-369.00 sec   709 KBytes  5.80 Mbits/sec  1.045 ms  651/1256 (52%)  
[  5] 369.00-370.00 sec   809 KBytes  6.63 Mbits/sec  1.169 ms  733/1423 (52%)  
[  5] 370.00-371.00 sec   679 KBytes  5.56 Mbits/sec  1.159 ms  605/1184 (51%)  
[  5] 371.00-372.00 sec   720 KBytes  5.89 Mbits/sec  1.061 ms  586/1200 (49%)  
[  5] 372.00-373.00 sec   709 KBytes  5.81 Mbits/sec  1.161 ms  612/1217 (50%)  
[  5] 373.00-374.00 sec   718 KBytes  5.88 Mbits/sec  1.080 ms  607/1220 (50%)  
[  5] 374.00-375.00 sec   709 KBytes  5.81 Mbits/sec  1.245 ms  583/1188 (49%)  
[  5] 375.00-376.00 sec   809 KBytes  6.62 Mbits/sec  1.047 ms  719/1409 (51%)  
[  5] 376.00-377.00 sec   679 KBytes  5.56 Mbits/sec  1.121 ms  580/1159 (50%)  
[  5] 377.00-378.00 sec   709 KBytes  5.81 Mbits/sec  1.165 ms  662/1267 (52%)  
[  5] 378.00-379.00 sec   720 KBytes  5.89 Mbits/sec  1.081 ms  650/1264 (51%)  
[  5] 379.00-380.00 sec   619 KBytes  5.07 Mbits/sec  1.092 ms  573/1101 (52%)  
[  5] 380.00-381.00 sec   679 KBytes  5.55 Mbits/sec  1.102 ms  604/1183 (51%)  
[  5] 381.00-382.00 sec   720 KBytes  5.90 Mbits/sec  1.111 ms  652/1266 (52%)  
[  5] 382.00-383.00 sec   619 KBytes  5.07 Mbits/sec  1.117 ms  534/1062 (50%)  
[  5] 383.00-384.00 sec   709 KBytes  5.81 Mbits/sec  1.101 ms  616/1221 (50%)  
[  5] 384.00-385.00 sec   679 KBytes  5.56 Mbits/sec  1.260 ms  607/1186 (51%)  
[  5] 385.00-386.00 sec   718 KBytes  5.89 Mbits/sec  1.195 ms  624/1237 (50%)  
[  5] 386.00-387.00 sec   609 KBytes  4.99 Mbits/sec  1.397 ms  544/1064 (51%)  
[  5] 387.00-388.00 sec   709 KBytes  5.81 Mbits/sec  1.129 ms  610/1215 (50%)  
[  5] 388.00-389.00 sec   689 KBytes  5.64 Mbits/sec  1.027 ms  586/1174 (50%)  
[  5] 389.00-390.00 sec   708 KBytes  5.80 Mbits/sec  1.244 ms  616/1220 (50%)  
[  5] 390.00-391.00 sec   620 KBytes  5.08 Mbits/sec  1.178 ms  547/1076 (51%)  
[  5] 391.00-392.00 sec   718 KBytes  5.88 Mbits/sec  1.117 ms  627/1240 (51%)  
[  5] 392.00-393.00 sec   680 KBytes  5.57 Mbits/sec  1.301 ms  660/1240 (53%)  
[  5] 393.00-394.00 sec   697 KBytes  5.71 Mbits/sec  1.250 ms  720/1315 (55%)  
[  5] 394.00-395.00 sec   718 KBytes  5.89 Mbits/sec  1.092 ms  762/1375 (55%)  
[  5] 395.00-396.00 sec   709 KBytes  5.81 Mbits/sec  1.156 ms  712/1317 (54%)  
[  5] 396.00-397.00 sec   718 KBytes  5.88 Mbits/sec  1.082 ms  683/1296 (53%)  
