Connecting to host 172.22.0.50, port 5201
Reverse mode, remote host 172.22.0.50 is sending
[  5] local 192.168.100.2 port 42626 connected to 172.22.0.50 port 5201
[ ID] Interval           Transfer     Bitrate         Jitter    Lost/Total Datagrams
[  5]   0.00-1.00   sec  1.43 MBytes  11.9 Mbits/sec  0.991 ms  0/1246 (0%)  
[  5]   1.00-2.00   sec  1.44 MBytes  12.1 Mbits/sec  1.214 ms  0/1255 (0%)  
[  5]   2.00-3.00   sec  1.43 MBytes  12.0 Mbits/sec  0.918 ms  0/1246 (0%)  
[  5]   3.00-4.00   sec  1.44 MBytes  12.0 Mbits/sec  0.863 ms  0/1254 (0%)  
[  5]   4.00-5.00   sec  1.43 MBytes  12.0 Mbits/sec  0.931 ms  0/1252 (0%)  
[  5]   5.00-6.00   sec  1.43 MBytes  12.0 Mbits/sec  0.991 ms  0/1250 (0%)  
[  5]   6.00-7.00   sec  1.44 MBytes  12.0 Mbits/sec  1.040 ms  0/1254 (0%)  
[  5]   7.00-8.00   sec  1.42 MBytes  11.9 Mbits/sec  0.823 ms  0/1239 (0%)  
[  5]   8.00-9.00   sec  1.44 MBytes  12.1 Mbits/sec  0.958 ms  0/1258 (0%)  
[  5]   9.00-10.00  sec  1.43 MBytes  11.9 Mbits/sec  1.061 ms  0/1246 (0%)  
[  5]  10.00-11.00  sec   541 KBytes  4.44 Mbits/sec  2.104 ms  0/462 (0%)  
[  5]  11.00-12.00  sec   404 KBytes  3.31 Mbits/sec  2.168 ms  0/345 (0%)  
[  5]  12.00-13.00  sec   395 KBytes  3.24 Mbits/sec  2.161 ms  0/337 (0%)  
[  5]  13.00-14.00  sec   401 KBytes  3.28 Mbits/sec  2.197 ms  0/342 (0%)  
[  5]  14.00-15.00  sec   411 KBytes  3.37 Mbits/sec  2.055 ms  0/351 (0%)  
[  5]  15.00-16.00  sec   473 KBytes  3.88 Mbits/sec  1.773 ms  0/404 (0%)  
[  5]  16.00-17.00  sec   485 KBytes  3.98 Mbits/sec  1.547 ms  0/414 (0%)  
[  5]  17.00-18.00  sec   486 KBytes  3.98 Mbits/sec  1.617 ms  0/415 (0%)  
[  5]  18.00-19.00  sec   480 KBytes  3.94 Mbits/sec  1.659 ms  0/410 (0%)  
[  5]  19.00-20.00  sec   482 KBytes  3.94 Mbits/sec  1.668 ms  0/411 (0%)  
[  5]  20.00-21.00  sec   471 KBytes  3.86 Mbits/sec  1.820 ms  0/402 (0%)  
[  5]  21.00-22.00  sec   473 KBytes  3.88 Mbits/sec  1.729 ms  0/404 (0%)  
[  5]  22.00-23.00  sec   484 KBytes  3.96 Mbits/sec  1.726 ms  0/413 (0%)  
[  5]  23.00-24.00  sec   490 KBytes  4.01 Mbits/sec  1.750 ms  0/418 (0%)  
[  5]  24.00-25.00  sec   492 KBytes  4.03 Mbits/sec  1.667 ms  0/420 (0%)  
[  5]  25.00-26.00  sec   552 KBytes  4.52 Mbits/sec  1.362 ms  0/471 (0%)  
[  5]  26.00-27.00  sec   551 KBytes  4.51 Mbits/sec  1.440 ms  0/470 (0%)  
[  5]  27.00-28.00  sec   550 KBytes  4.50 Mbits/sec  1.544 ms  0/469 (0%)  
[  5]  28.00-29.00  sec   532 KBytes  4.36 Mbits/sec  1.583 ms  0/454 (0%)  
[  5]  29.00-30.00  sec   540 KBytes  4.43 Mbits/sec  1.648 ms  0/461 (0%)  
[  5]  30.00-31.00  sec   601 KBytes  4.92 Mbits/sec  1.200 ms  0/513 (0%)  
[  5]  31.00-32.00  sec   615 KBytes  5.04 Mbits/sec  1.262 ms  0/525 (0%)  
[  5]  32.00-33.00  sec   615 KBytes  5.04 Mbits/sec  1.342 ms  0/525 (0%)  
[  5]  33.00-34.00  sec   614 KBytes  5.03 Mbits/sec  1.407 ms  0/524 (0%)  
[  5]  34.00-35.00  sec   613 KBytes  5.02 Mbits/sec  1.184 ms  0/523 (0%)  
[  5]  35.00-36.00  sec   557 KBytes  4.55 Mbits/sec  1.484 ms  0/475 (0%)  
[  5]  36.00-37.00  sec   465 KBytes  3.82 Mbits/sec  1.538 ms  0/397 (0%)  
[  5]  37.00-38.00  sec   511 KBytes  4.18 Mbits/sec  1.710 ms  890/1326 (67%)  
[  5]  38.00-39.00  sec   584 KBytes  4.78 Mbits/sec  1.788 ms  1057/1555 (68%)  
[  5]  39.00-40.00  sec   533 KBytes  4.37 Mbits/sec  3.895 ms  928/1383 (67%)  
[  5]  40.00-41.00  sec   452 KBytes  3.71 Mbits/sec  1.892 ms  763/1149 (66%)  
[  5]  41.00-42.00  sec   397 KBytes  3.25 Mbits/sec  1.964 ms  670/1009 (66%)  
[  5]  42.00-43.00  sec   422 KBytes  3.46 Mbits/sec  1.454 ms  692/1052 (66%)  
[  5]  43.00-44.00  sec   400 KBytes  3.27 Mbits/sec  1.856 ms  544/885 (61%)  
[  5]  44.00-45.00  sec   401 KBytes  3.28 Mbits/sec  1.661 ms  569/911 (62%)  
[  5]  45.00-46.00  sec   408 KBytes  3.34 Mbits/sec  1.868 ms  577/925 (62%)  
[  5]  46.00-47.00  sec   350 KBytes  2.87 Mbits/sec  1.900 ms  502/801 (63%)  
[  5]  47.00-48.00  sec   430 KBytes  3.52 Mbits/sec  1.744 ms  648/1015 (64%)  
[  5]  48.00-49.00  sec   401 KBytes  3.28 Mbits/sec  1.606 ms  580/922 (63%)  
[  5]  49.00-50.00  sec   389 KBytes  3.19 Mbits/sec  1.802 ms  531/863 (62%)  
[  5]  50.00-51.00  sec   465 KBytes  3.81 Mbits/sec  1.537 ms  550/947 (58%)  
[  5]  51.00-52.00  sec   488 KBytes  3.99 Mbits/sec  1.528 ms  579/995 (58%)  
[  5]  52.00-53.00  sec   489 KBytes  4.01 Mbits/sec  1.566 ms  572/989 (58%)  
[  5]  53.00-54.00  sec   489 KBytes  4.00 Mbits/sec  1.500 ms  579/996 (58%)  
[  5]  54.00-55.00  sec   488 KBytes  3.99 Mbits/sec  1.599 ms  574/990 (58%)  
[  5]  55.00-56.00  sec   490 KBytes  4.01 Mbits/sec  7.896 ms  609/1027 (59%)  
[  5]  56.00-57.00  sec   579 KBytes  4.74 Mbits/sec  1.492 ms  809/1303 (62%)  
[  5]  57.00-58.00  sec   551 KBytes  4.51 Mbits/sec  1.628 ms  807/1277 (63%)  
[  5]  58.00-59.00  sec   507 KBytes  4.16 Mbits/sec  1.766 ms  729/1162 (63%)  
[  5]  59.00-60.00  sec   580 KBytes  4.75 Mbits/sec  1.488 ms  800/1295 (62%)  
[  5]  60.00-61.00  sec   523 KBytes  4.28 Mbits/sec  1.458 ms  700/1146 (61%)  
[  5]  61.00-62.00  sec   577 KBytes  4.72 Mbits/sec  2.027 ms  1295/1787 (72%)  
[  5]  62.00-63.00  sec   570 KBytes  4.66 Mbits/sec  2.060 ms  1291/1777 (73%)  
[  5]  63.00-64.00  sec   513 KBytes  4.21 Mbits/sec  1.995 ms  1145/1583 (72%)  
[  5]  64.00-65.00  sec   573 KBytes  4.69 Mbits/sec  2.126 ms  1334/1823 (73%)  
[  5]  65.00-66.00  sec   509 KBytes  4.17 Mbits/sec  2.060 ms  1156/1590 (73%)  
[  5]  66.00-67.00  sec   573 KBytes  4.69 Mbits/sec  2.098 ms  1291/1780 (73%)  
[  5]  67.00-68.00  sec   588 KBytes  4.82 Mbits/sec  2.077 ms  1303/1805 (72%)  
[  5]  68.00-69.00  sec   499 KBytes  4.09 Mbits/sec  1.776 ms  941/1367 (69%)  
[  5]  69.00-70.00  sec   582 KBytes  4.77 Mbits/sec  1.771 ms  1014/1511 (67%)  
[  5]  70.00-71.00  sec   578 KBytes  4.73 Mbits/sec  1.686 ms  1017/1510 (67%)  
[  5]  71.00-72.00  sec   517 KBytes  4.23 Mbits/sec  1.786 ms  920/1361 (68%)  
[  5]  72.00-73.00  sec   587 KBytes  4.81 Mbits/sec  1.393 ms  940/1441 (65%)  
[  5]  73.00-74.00  sec   579 KBytes  4.74 Mbits/sec  1.522 ms  831/1325 (63%)  
[  5]  74.00-75.00  sec   580 KBytes  4.75 Mbits/sec  1.436 ms  817/1312 (62%)  
[  5]  75.00-76.00  sec   500 KBytes  4.10 Mbits/sec  1.491 ms  710/1137 (62%)  
[  5]  76.00-77.00  sec   479 KBytes  3.93 Mbits/sec  1.596 ms  683/1092 (63%)  
[  5]  77.00-78.00  sec   499 KBytes  4.09 Mbits/sec  1.830 ms  720/1146 (63%)  
[  5]  78.00-79.00  sec   438 KBytes  3.59 Mbits/sec  1.495 ms  627/1001 (63%)  
[  5]  79.00-80.00  sec   472 KBytes  3.87 Mbits/sec  1.534 ms  669/1072 (62%)  
[  5]  80.00-81.00  sec   479 KBytes  3.93 Mbits/sec  1.522 ms  682/1091 (63%)  
[  5]  81.00-82.00  sec   509 KBytes  4.17 Mbits/sec  1.449 ms  728/1162 (63%)  
[  5]  82.00-83.00  sec   530 KBytes  4.34 Mbits/sec  1.725 ms  741/1193 (62%)  
[  5]  83.00-84.00  sec   478 KBytes  3.91 Mbits/sec  1.819 ms  694/1102 (63%)  
[  5]  84.00-85.00  sec   430 KBytes  3.53 Mbits/sec  1.721 ms  613/980 (63%)  
[  5]  85.00-86.00  sec   479 KBytes  3.92 Mbits/sec  1.794 ms  694/1103 (63%)  
[  5]  86.00-87.00  sec   451 KBytes  3.70 Mbits/sec  1.462 ms  614/999 (61%)  
[  5]  87.00-88.00  sec   479 KBytes  3.93 Mbits/sec  1.477 ms  664/1073 (62%)  
[  5]  88.00-89.00  sec   479 KBytes  3.92 Mbits/sec  1.805 ms  678/1087 (62%)  
[  5]  89.00-90.00  sec   479 KBytes  3.93 Mbits/sec  1.889 ms  668/1077 (62%)  
[  5]  90.00-91.00  sec   551 KBytes  4.51 Mbits/sec  1.446 ms  751/1221 (62%)  
[  5]  91.00-92.00  sec   580 KBytes  4.75 Mbits/sec  1.459 ms  786/1281 (61%)  
[  5]  92.00-93.00  sec   507 KBytes  4.16 Mbits/sec  1.436 ms  683/1116 (61%)  
[  5]  93.00-94.00  sec   580 KBytes  4.74 Mbits/sec  1.471 ms  775/1270 (61%)  
[  5]  94.00-95.00  sec   568 KBytes  4.67 Mbits/sec  1.777 ms  880/1365 (64%)  
[  5]  95.00-96.00  sec   626 KBytes  5.13 Mbits/sec  1.840 ms  1109/1643 (67%)  
[  5]  96.00-97.00  sec   577 KBytes  4.72 Mbits/sec  1.705 ms  1015/1507 (67%)  
[  5]  97.00-98.00  sec   649 KBytes  5.32 Mbits/sec  1.742 ms  1127/1681 (67%)  
[  5]  98.00-99.00  sec   650 KBytes  5.33 Mbits/sec  1.699 ms  1106/1661 (67%)  
[  5]  99.00-100.00 sec   649 KBytes  5.32 Mbits/sec  1.584 ms  1109/1663 (67%)  
[  5] 100.00-101.00 sec   536 KBytes  4.39 Mbits/sec  1.566 ms  903/1360 (66%)  
[  5] 101.00-102.00 sec   559 KBytes  4.58 Mbits/sec  1.771 ms  974/1451 (67%)  
[  5] 102.00-103.00 sec   577 KBytes  4.72 Mbits/sec  1.668 ms  1057/1549 (68%)  
[  5] 103.00-104.00 sec   517 KBytes  4.23 Mbits/sec  1.860 ms  983/1424 (69%)  
[  5] 104.00-105.00 sec   578 KBytes  4.73 Mbits/sec  1.723 ms  1040/1533 (68%)  
[  5] 105.00-106.00 sec   584 KBytes  4.78 Mbits/sec  1.778 ms  1035/1533 (68%)  
[  5] 106.00-107.00 sec   578 KBytes  4.73 Mbits/sec  1.505 ms  948/1441 (66%)  
[  5] 107.00-108.00 sec   507 KBytes  4.16 Mbits/sec  1.443 ms  689/1122 (61%)  
[  5] 108.00-109.00 sec   580 KBytes  4.75 Mbits/sec  1.431 ms  767/1262 (61%)  
[  5] 109.00-110.00 sec   580 KBytes  4.75 Mbits/sec  1.431 ms  785/1280 (61%)  
[  5] 110.00-111.00 sec   579 KBytes  4.74 Mbits/sec  1.468 ms  807/1301 (62%)  
[  5] 111.00-112.00 sec   516 KBytes  4.22 Mbits/sec  1.336 ms  690/1130 (61%)  
[  5] 112.00-113.00 sec   568 KBytes  4.66 Mbits/sec  1.252 ms  629/1114 (56%)  
[  5] 113.00-114.00 sec   568 KBytes  4.66 Mbits/sec  1.329 ms  649/1134 (57%)  
[  5] 114.00-115.00 sec   600 KBytes  4.92 Mbits/sec  1.317 ms  673/1185 (57%)  
[  5] 115.00-116.00 sec   513 KBytes  4.20 Mbits/sec  1.394 ms  588/1026 (57%)  
[  5] 116.00-117.00 sec   408 KBytes  3.34 Mbits/sec  1.520 ms  461/809 (57%)  
[  5] 117.00-118.00 sec   504 KBytes  4.13 Mbits/sec  1.424 ms  595/1025 (58%)  
[  5] 118.00-119.00 sec   479 KBytes  3.93 Mbits/sec  1.500 ms  681/1090 (62%)  
[  5] 119.00-120.00 sec   472 KBytes  3.87 Mbits/sec  1.559 ms  661/1064 (62%)  
[  5] 120.00-121.00 sec   479 KBytes  3.93 Mbits/sec  1.501 ms  672/1081 (62%)  
[  5] 121.00-122.00 sec   509 KBytes  4.17 Mbits/sec  1.419 ms  738/1172 (63%)  
[  5] 122.00-123.00 sec   478 KBytes  3.92 Mbits/sec  1.757 ms  653/1061 (62%)  
[  5] 123.00-124.00 sec   480 KBytes  3.94 Mbits/sec  1.700 ms  654/1064 (61%)  
[  5] 124.00-125.00 sec   479 KBytes  3.91 Mbits/sec  1.833 ms  661/1070 (62%)  
[  5] 125.00-126.00 sec   479 KBytes  3.94 Mbits/sec  1.803 ms  652/1061 (61%)  
[  5] 126.00-127.00 sec   580 KBytes  4.75 Mbits/sec  1.791 ms  795/1290 (62%)  
[  5] 127.00-128.00 sec   579 KBytes  4.74 Mbits/sec  1.440 ms  769/1263 (61%)  
[  5] 128.00-129.00 sec   580 KBytes  4.76 Mbits/sec  1.814 ms  816/1311 (62%)  
[  5] 129.00-130.00 sec   529 KBytes  4.33 Mbits/sec  1.484 ms  741/1192 (62%)  
[  5] 130.00-131.00 sec   601 KBytes  4.92 Mbits/sec  1.455 ms  804/1317 (61%)  
[  5] 131.00-132.00 sec   659 KBytes  5.40 Mbits/sec  1.460 ms  908/1470 (62%)  
[  5] 132.00-133.00 sec   566 KBytes  4.64 Mbits/sec  3.965 ms  790/1273 (62%)  
[  5] 133.00-134.00 sec   625 KBytes  5.12 Mbits/sec  1.779 ms  970/1503 (65%)  
[  5] 134.00-135.00 sec   649 KBytes  5.31 Mbits/sec  1.919 ms  1172/1726 (68%)  
[  5] 135.00-136.00 sec   584 KBytes  4.79 Mbits/sec  1.628 ms  1068/1566 (68%)  
[  5] 136.00-137.00 sec   643 KBytes  5.27 Mbits/sec  1.656 ms  1140/1689 (67%)  
[  5] 137.00-138.00 sec   649 KBytes  5.32 Mbits/sec  1.692 ms  1132/1686 (67%)  
[  5] 138.00-139.00 sec   559 KBytes  4.58 Mbits/sec  1.713 ms  951/1428 (67%)  
[  5] 139.00-140.00 sec   650 KBytes  5.33 Mbits/sec  1.660 ms  1136/1691 (67%)  
[  5] 140.00-141.00 sec   600 KBytes  4.92 Mbits/sec  1.795 ms  1011/1523 (66%)  
[  5] 141.00-142.00 sec   592 KBytes  4.85 Mbits/sec  1.482 ms  863/1368 (63%)  
[  5] 142.00-143.00 sec   502 KBytes  4.11 Mbits/sec  1.505 ms  696/1124 (62%)  
[  5] 143.00-144.00 sec   579 KBytes  4.74 Mbits/sec  1.465 ms  786/1280 (61%)  
[  5] 144.00-145.00 sec   580 KBytes  4.76 Mbits/sec  1.399 ms  800/1295 (62%)  
[  5] 145.00-146.00 sec   507 KBytes  4.16 Mbits/sec  1.445 ms  701/1134 (62%)  
[  5] 146.00-147.00 sec   579 KBytes  4.73 Mbits/sec  1.268 ms  712/1206 (59%)  
[  5] 147.00-148.00 sec   568 KBytes  4.67 Mbits/sec  1.496 ms  672/1157 (58%)  
[  5] 148.00-149.00 sec   577 KBytes  4.72 Mbits/sec  1.526 ms  657/1149 (57%)  
[  5] 149.00-150.00 sec   512 KBytes  4.20 Mbits/sec  1.292 ms  590/1027 (57%)  
[  5] 150.00-151.00 sec   568 KBytes  4.66 Mbits/sec  1.386 ms  671/1156 (58%)  
[  5] 151.00-152.00 sec   512 KBytes  4.20 Mbits/sec  1.301 ms  610/1047 (58%)  
[  5] 152.00-153.00 sec   600 KBytes  4.92 Mbits/sec  1.323 ms  714/1226 (58%)  
[  5] 153.00-154.00 sec   489 KBytes  4.00 Mbits/sec  1.355 ms  567/984 (58%)  
[  5] 154.00-155.00 sec   568 KBytes  4.66 Mbits/sec  1.497 ms  666/1151 (58%)  
[  5] 155.00-156.00 sec   545 KBytes  4.46 Mbits/sec  1.583 ms  620/1085 (57%)  
[  5] 156.00-157.00 sec   400 KBytes  3.27 Mbits/sec  1.868 ms  453/794 (57%)  
[  5] 157.00-158.00 sec   486 KBytes  3.98 Mbits/sec  1.902 ms  549/964 (57%)  
[  5] 158.00-159.00 sec   507 KBytes  4.16 Mbits/sec  1.420 ms  683/1116 (61%)  
[  5] 159.00-160.00 sec   429 KBytes  3.51 Mbits/sec  1.403 ms  588/954 (62%)  
[  5] 160.00-161.00 sec   401 KBytes  3.28 Mbits/sec  1.655 ms  582/924 (63%)  
[  5] 161.00-162.00 sec   509 KBytes  4.17 Mbits/sec  1.505 ms  713/1147 (62%)  
[  5] 162.00-163.00 sec   422 KBytes  3.46 Mbits/sec  1.463 ms  606/966 (63%)  
[  5] 163.00-164.00 sec   479 KBytes  3.93 Mbits/sec  1.527 ms  663/1072 (62%)  
[  5] 164.00-165.00 sec   479 KBytes  3.92 Mbits/sec  1.661 ms  660/1069 (62%)  
[  5] 165.00-166.00 sec   559 KBytes  4.58 Mbits/sec  1.416 ms  767/1244 (62%)  
[  5] 166.00-167.00 sec   500 KBytes  4.10 Mbits/sec  1.497 ms  678/1105 (61%)  
[  5] 167.00-168.00 sec   580 KBytes  4.75 Mbits/sec  1.433 ms  785/1280 (61%)  
[  5] 168.00-169.00 sec   579 KBytes  4.74 Mbits/sec  1.463 ms  821/1315 (62%)  
[  5] 169.00-170.00 sec   580 KBytes  4.75 Mbits/sec  1.429 ms  844/1339 (63%)  
[  5] 170.00-171.00 sec   530 KBytes  4.34 Mbits/sec  1.563 ms  796/1248 (64%)  
[  5] 171.00-172.00 sec   657 KBytes  5.39 Mbits/sec  1.566 ms  934/1495 (62%)  
[  5] 172.00-173.00 sec   659 KBytes  5.39 Mbits/sec  1.451 ms  902/1464 (62%)  
[  5] 173.00-174.00 sec   628 KBytes  5.15 Mbits/sec  1.781 ms  958/1494 (64%)  
[  5] 174.00-175.00 sec   650 KBytes  5.33 Mbits/sec  1.767 ms  1207/1762 (69%)  
[  5] 175.00-176.00 sec   577 KBytes  4.72 Mbits/sec  1.698 ms  1040/1532 (68%)  
[  5] 176.00-177.00 sec   649 KBytes  5.32 Mbits/sec  1.779 ms  1243/1797 (69%)  
[  5] 177.00-178.00 sec   559 KBytes  4.58 Mbits/sec  1.853 ms  1094/1571 (70%)  
[  5] 178.00-179.00 sec   649 KBytes  5.32 Mbits/sec  1.771 ms  1230/1784 (69%)  
[  5] 179.00-180.00 sec   645 KBytes  5.27 Mbits/sec  1.662 ms  1201/1751 (69%)  
[  5] 180.00-181.00 sec   607 KBytes  4.98 Mbits/sec  1.713 ms  1082/1600 (68%)  
[  5] 181.00-182.00 sec   566 KBytes  4.64 Mbits/sec  1.411 ms  786/1269 (62%)  
[  5] 182.00-183.00 sec   507 KBytes  4.16 Mbits/sec  1.750 ms  706/1139 (62%)  
[  5] 183.00-184.00 sec   580 KBytes  4.75 Mbits/sec  1.857 ms  808/1303 (62%)  
[  5] 184.00-185.00 sec   580 KBytes  4.75 Mbits/sec  1.768 ms  790/1285 (61%)  
[  5] 185.00-186.00 sec   529 KBytes  4.33 Mbits/sec  1.761 ms  719/1170 (61%)  
[  5] 186.00-187.00 sec   483 KBytes  3.96 Mbits/sec  1.543 ms  587/999 (59%)  
[  5] 187.00-188.00 sec   479 KBytes  3.93 Mbits/sec  1.721 ms  532/941 (57%)  
[  5] 188.00-189.00 sec   441 KBytes  3.61 Mbits/sec  1.314 ms  492/868 (57%)  
[  5] 189.00-190.00 sec   489 KBytes  4.00 Mbits/sec  1.530 ms  546/963 (57%)  
[  5] 190.00-191.00 sec   488 KBytes  3.99 Mbits/sec  1.512 ms  557/973 (57%)  
[  5] 191.00-192.00 sec   432 KBytes  3.55 Mbits/sec  1.355 ms  497/866 (57%)  
[  5] 192.00-193.00 sec   457 KBytes  3.74 Mbits/sec  1.790 ms  535/925 (58%)  
[  5] 193.00-194.00 sec   489 KBytes  4.00 Mbits/sec  1.346 ms  577/994 (58%)  
[  5] 194.00-195.00 sec   439 KBytes  3.60 Mbits/sec  1.616 ms  533/908 (59%)  
[  5] 195.00-196.00 sec   537 KBytes  4.40 Mbits/sec  1.225 ms  611/1069 (57%)  
[  5] 196.00-197.00 sec   568 KBytes  4.66 Mbits/sec  1.692 ms  646/1131 (57%)  
[  5] 197.00-198.00 sec   600 KBytes  4.92 Mbits/sec  1.443 ms  678/1190 (57%)  
[  5] 198.00-199.00 sec   559 KBytes  4.58 Mbits/sec  1.418 ms  637/1114 (57%)  
[  5] 199.00-200.00 sec   579 KBytes  4.74 Mbits/sec  1.551 ms  810/1304 (62%)  
[  5] 200.00-201.00 sec   559 KBytes  4.58 Mbits/sec  1.479 ms  759/1236 (61%)  
[  5] 201.00-202.00 sec   629 KBytes  5.16 Mbits/sec  1.412 ms  856/1393 (61%)  
[  5] 202.00-203.00 sec   659 KBytes  5.40 Mbits/sec  1.368 ms  914/1476 (62%)  
[  5] 203.00-204.00 sec   572 KBytes  4.68 Mbits/sec  7.416 ms  925/1413 (65%)  
[  5] 204.00-205.00 sec   641 KBytes  5.25 Mbits/sec  1.680 ms  1092/1640 (67%)  
[  5] 205.00-206.00 sec   559 KBytes  4.58 Mbits/sec  1.745 ms  988/1465 (67%)  
[  5] 206.00-207.00 sec   469 KBytes  3.84 Mbits/sec  1.865 ms  845/1245 (68%)  
[  5] 207.00-208.00 sec   493 KBytes  4.04 Mbits/sec  1.771 ms  891/1312 (68%)  
[  5] 208.00-209.00 sec   421 KBytes  3.45 Mbits/sec  1.849 ms  775/1134 (68%)  
[  5] 209.00-210.00 sec   492 KBytes  4.03 Mbits/sec  1.934 ms  933/1353 (69%)  
[  5] 210.00-211.00 sec   584 KBytes  4.78 Mbits/sec  1.660 ms  1071/1569 (68%)  
[  5] 211.00-212.00 sec   643 KBytes  5.27 Mbits/sec  1.676 ms  1128/1677 (67%)  
[  5] 212.00-213.00 sec   567 KBytes  4.65 Mbits/sec  1.440 ms  829/1313 (63%)  
[  5] 213.00-214.00 sec   652 KBytes  5.34 Mbits/sec  1.486 ms  876/1432 (61%)  
[  5] 214.00-215.00 sec   659 KBytes  5.39 Mbits/sec  1.421 ms  881/1443 (61%)  
[  5] 215.00-216.00 sec   680 KBytes  5.57 Mbits/sec  1.424 ms  925/1505 (61%)  
[  5] 216.00-217.00 sec   648 KBytes  5.31 Mbits/sec  1.307 ms  853/1406 (61%)  
[  5] 217.00-218.00 sec   736 KBytes  6.03 Mbits/sec  1.278 ms  859/1487 (58%)  
[  5] 218.00-219.00 sec   616 KBytes  5.04 Mbits/sec  1.384 ms  672/1198 (56%)  
[  5] 219.00-220.00 sec   737 KBytes  6.04 Mbits/sec  1.333 ms  854/1483 (58%)  
[  5] 220.00-221.00 sec   592 KBytes  4.85 Mbits/sec  1.302 ms  685/1190 (58%)  
[  5] 221.00-222.00 sec   641 KBytes  5.25 Mbits/sec  1.728 ms  985/1532 (64%)  
[  5] 222.00-223.00 sec   649 KBytes  5.32 Mbits/sec  1.825 ms  1146/1700 (67%)  
[  5] 223.00-224.00 sec   584 KBytes  4.78 Mbits/sec  1.597 ms  1066/1564 (68%)  
[  5] 224.00-225.00 sec   626 KBytes  5.13 Mbits/sec  1.654 ms  1118/1652 (68%)  
[  5] 225.00-226.00 sec   653 KBytes  5.35 Mbits/sec  1.317 ms  785/1342 (58%)  
[  5] 226.00-227.00 sec   575 KBytes  4.71 Mbits/sec  1.404 ms  677/1168 (58%)  
[  5] 227.00-228.00 sec   649 KBytes  5.33 Mbits/sec  1.336 ms  737/1291 (57%)  
[  5] 228.00-229.00 sec   648 KBytes  5.31 Mbits/sec  1.302 ms  737/1290 (57%)  
[  5] 229.00-230.00 sec   640 KBytes  5.24 Mbits/sec  1.638 ms  734/1280 (57%)  
[  5] 230.00-231.00 sec   561 KBytes  4.60 Mbits/sec  1.498 ms  541/1020 (53%)  
[  5] 231.00-232.00 sec   648 KBytes  5.31 Mbits/sec  1.322 ms  633/1186 (53%)  
[  5] 232.00-233.00 sec   585 KBytes  4.79 Mbits/sec  1.232 ms  561/1060 (53%)  
[  5] 233.00-234.00 sec   639 KBytes  5.23 Mbits/sec  1.225 ms  611/1156 (53%)  
[  5] 234.00-235.00 sec   639 KBytes  5.23 Mbits/sec  1.513 ms  607/1152 (53%)  
[  5] 235.00-236.00 sec   543 KBytes  4.45 Mbits/sec  1.349 ms  568/1031 (55%)  
[  5] 236.00-237.00 sec   568 KBytes  4.66 Mbits/sec  1.335 ms  662/1147 (58%)  
[  5] 237.00-238.00 sec   520 KBytes  4.26 Mbits/sec  1.278 ms  607/1051 (58%)  
[  5] 238.00-239.00 sec   568 KBytes  4.65 Mbits/sec  1.382 ms  646/1131 (57%)  
[  5] 239.00-240.00 sec   570 KBytes  4.67 Mbits/sec  1.557 ms  673/1159 (58%)  
[  5] 240.00-241.00 sec   431 KBytes  3.53 Mbits/sec  1.442 ms  502/870 (58%)  
[  5] 241.00-242.00 sec   409 KBytes  3.35 Mbits/sec  1.549 ms  490/839 (58%)  
[  5] 242.00-243.00 sec   408 KBytes  3.34 Mbits/sec  1.518 ms  475/823 (58%)  
[  5] 243.00-244.00 sec   400 KBytes  3.27 Mbits/sec  1.818 ms  448/789 (57%)  
[  5] 244.00-245.00 sec   409 KBytes  3.35 Mbits/sec  1.406 ms  484/833 (58%)  
[  5] 245.00-246.00 sec   408 KBytes  3.34 Mbits/sec  1.428 ms  475/823 (58%)  
[  5] 246.00-247.00 sec   409 KBytes  3.35 Mbits/sec  1.451 ms  463/812 (57%)  
[  5] 247.00-248.00 sec   408 KBytes  3.34 Mbits/sec  1.572 ms  462/810 (57%)  
[  5] 248.00-249.00 sec   401 KBytes  3.28 Mbits/sec  1.742 ms  438/780 (56%)  
[  5] 249.00-250.00 sec   352 KBytes  2.88 Mbits/sec  1.750 ms  394/694 (57%)  
[  5] 250.00-251.00 sec   408 KBytes  3.34 Mbits/sec  1.752 ms  463/811 (57%)  
[  5] 251.00-252.00 sec   409 KBytes  3.35 Mbits/sec  1.342 ms  469/818 (57%)  
[  5] 252.00-253.00 sec   408 KBytes  3.34 Mbits/sec  1.584 ms  494/842 (59%)  
[  5] 253.00-254.00 sec   397 KBytes  3.26 Mbits/sec  2.305 ms  500/839 (60%)  
[  5] 254.00-255.00 sec   364 KBytes  2.99 Mbits/sec  1.492 ms  420/731 (57%)  
[  5] 255.00-256.00 sec   400 KBytes  3.27 Mbits/sec  1.923 ms  480/821 (58%)  
[  5] 256.00-257.00 sec   408 KBytes  3.34 Mbits/sec  1.696 ms  484/832 (58%)  
[  5] 257.00-258.00 sec   414 KBytes  3.39 Mbits/sec  1.753 ms  574/927 (62%)  
[  5] 258.00-259.00 sec   400 KBytes  3.27 Mbits/sec  1.681 ms  567/908 (62%)  
[  5] 259.00-260.00 sec   408 KBytes  3.34 Mbits/sec  1.845 ms  573/921 (62%)  
[  5] 260.00-261.00 sec   451 KBytes  3.69 Mbits/sec  1.579 ms  635/1020 (62%)  
[  5] 261.00-262.00 sec   430 KBytes  3.53 Mbits/sec  1.555 ms  601/968 (62%)  
[  5] 262.00-263.00 sec   479 KBytes  3.93 Mbits/sec  1.780 ms  672/1081 (62%)  
[  5] 263.00-264.00 sec   496 KBytes  4.06 Mbits/sec  2.228 ms  873/1296 (67%)  
[  5] 264.00-265.00 sec   493 KBytes  4.04 Mbits/sec  2.143 ms  1146/1567 (73%)  
[  5] 265.00-266.00 sec   412 KBytes  3.38 Mbits/sec  2.169 ms  934/1286 (73%)  
[  5] 266.00-267.00 sec   493 KBytes  4.04 Mbits/sec  2.175 ms  1103/1524 (72%)  
[  5] 267.00-268.00 sec   492 KBytes  4.03 Mbits/sec  2.103 ms  1094/1514 (72%)  
[  5] 268.00-269.00 sec   473 KBytes  3.88 Mbits/sec  2.173 ms  1036/1440 (72%)  
[  5] 269.00-270.00 sec   493 KBytes  4.04 Mbits/sec  2.060 ms  1108/1529 (72%)  
[  5] 270.00-271.00 sec   493 KBytes  4.04 Mbits/sec  2.085 ms  1167/1588 (73%)  
[  5] 271.00-272.00 sec   472 KBytes  3.87 Mbits/sec  2.159 ms  1121/1524 (74%)  
[  5] 272.00-273.00 sec   493 KBytes  4.04 Mbits/sec  2.074 ms  1128/1549 (73%)  
[  5] 273.00-274.00 sec   432 KBytes  3.55 Mbits/sec  2.153 ms  991/1360 (73%)  
[  5] 274.00-275.00 sec   473 KBytes  3.88 Mbits/sec  2.021 ms  1057/1461 (72%)  
[  5] 275.00-276.00 sec   492 KBytes  4.03 Mbits/sec  2.169 ms  1115/1535 (73%)  
[  5] 276.00-277.00 sec   489 KBytes  4.00 Mbits/sec  2.181 ms  1095/1512 (72%)  
[  5] 277.00-278.00 sec   473 KBytes  3.88 Mbits/sec  2.232 ms  1117/1521 (73%)  
[  5] 278.00-279.00 sec   432 KBytes  3.54 Mbits/sec  2.180 ms  996/1365 (73%)  
[  5] 279.00-280.00 sec   493 KBytes  4.04 Mbits/sec  2.072 ms  1094/1515 (72%)  
[  5] 280.00-281.00 sec   492 KBytes  4.03 Mbits/sec  1.728 ms  955/1375 (69%)  
[  5] 281.00-282.00 sec   421 KBytes  3.45 Mbits/sec  1.714 ms  737/1096 (67%)  
[  5] 282.00-283.00 sec   493 KBytes  4.04 Mbits/sec  1.755 ms  887/1308 (68%)  
[  5] 283.00-284.00 sec   469 KBytes  3.84 Mbits/sec  1.836 ms  841/1241 (68%)  
[  5] 284.00-285.00 sec   493 KBytes  4.04 Mbits/sec  1.757 ms  900/1321 (68%)  
[  5] 285.00-286.00 sec   511 KBytes  4.19 Mbits/sec  1.679 ms  934/1370 (68%)  
[  5] 286.00-287.00 sec   649 KBytes  5.32 Mbits/sec  1.734 ms  1181/1735 (68%)  
[  5] 287.00-288.00 sec   649 KBytes  5.32 Mbits/sec  1.626 ms  1123/1677 (67%)  
[  5] 288.00-289.00 sec   559 KBytes  4.58 Mbits/sec  1.875 ms  958/1435 (67%)  
[  5] 289.00-290.00 sec   643 KBytes  5.27 Mbits/sec  1.692 ms  1119/1668 (67%)  
[  5] 290.00-291.00 sec   739 KBytes  6.06 Mbits/sec  1.751 ms  1298/1929 (67%)  
[  5] 291.00-292.00 sec   716 KBytes  5.86 Mbits/sec  1.776 ms  1260/1871 (67%)  
[  5] 292.00-293.00 sec   806 KBytes  6.61 Mbits/sec  1.627 ms  1425/2113 (67%)  
[  5] 293.00-294.00 sec   715 KBytes  5.86 Mbits/sec  1.690 ms  1297/1907 (68%)  
[  5] 294.00-295.00 sec   799 KBytes  6.55 Mbits/sec  1.726 ms  1424/2106 (68%)  
[  5] 295.00-296.00 sec   716 KBytes  5.86 Mbits/sec  1.773 ms  1310/1921 (68%)  
[  5] 296.00-297.00 sec   806 KBytes  6.61 Mbits/sec  1.677 ms  1478/2166 (68%)  
[  5] 297.00-298.00 sec   691 KBytes  5.66 Mbits/sec  1.695 ms  1251/1841 (68%)  
[  5] 298.00-299.00 sec   723 KBytes  5.93 Mbits/sec  1.307 ms  1261/1878 (67%)  
[  5] 299.00-300.00 sec   792 KBytes  6.48 Mbits/sec  1.279 ms  912/1588 (57%)  
[  5] 300.00-301.00 sec   785 KBytes  6.44 Mbits/sec  1.261 ms  904/1574 (57%)  
[  5] 301.00-302.00 sec   704 KBytes  5.77 Mbits/sec  1.310 ms  808/1409 (57%)  
[  5] 302.00-303.00 sec   648 KBytes  5.31 Mbits/sec  1.222 ms  747/1300 (57%)  
[  5] 303.00-304.00 sec   725 KBytes  5.94 Mbits/sec  1.140 ms  634/1253 (51%)  
[  5] 304.00-305.00 sec   649 KBytes  5.32 Mbits/sec  1.118 ms  513/1067 (48%)  
[  5] 305.00-306.00 sec   660 KBytes  5.41 Mbits/sec  1.053 ms  526/1089 (48%)  
[  5] 306.00-307.00 sec   588 KBytes  4.82 Mbits/sec  1.011 ms  475/977 (49%)  
[  5] 307.00-308.00 sec   649 KBytes  5.31 Mbits/sec  1.122 ms  529/1083 (49%)  
[  5] 308.00-309.00 sec   559 KBytes  4.58 Mbits/sec  1.276 ms  449/926 (48%)  
[  5] 309.00-310.00 sec   648 KBytes  5.31 Mbits/sec  1.113 ms  521/1074 (49%)  
[  5] 310.00-311.00 sec   559 KBytes  4.58 Mbits/sec  1.138 ms  442/919 (48%)  
[  5] 311.00-312.00 sec   560 KBytes  4.59 Mbits/sec  1.353 ms  470/948 (50%)  
[  5] 312.00-313.00 sec   589 KBytes  4.83 Mbits/sec  1.107 ms  472/975 (48%)  
[  5] 313.00-314.00 sec   559 KBytes  4.58 Mbits/sec  1.015 ms  460/937 (49%)  
[  5] 314.00-315.00 sec   550 KBytes  4.50 Mbits/sec  1.313 ms  417/886 (47%)  
[  5] 315.00-316.00 sec   588 KBytes  4.82 Mbits/sec  1.184 ms  483/985 (49%)  
[  5] 316.00-317.00 sec   548 KBytes  4.49 Mbits/sec  1.126 ms  486/954 (51%)  
[  5] 317.00-318.00 sec   586 KBytes  4.80 Mbits/sec  1.167 ms  543/1043 (52%)  
[  5] 318.00-319.00 sec   639 KBytes  5.23 Mbits/sec  1.225 ms  585/1130 (52%)  
[  5] 319.00-320.00 sec   558 KBytes  4.57 Mbits/sec  1.329 ms  533/1009 (53%)  
[  5] 320.00-321.00 sec   666 KBytes  5.45 Mbits/sec  1.265 ms  642/1210 (53%)  
[  5] 321.00-322.00 sec   539 KBytes  4.42 Mbits/sec  1.391 ms  593/1053 (56%)  
[  5] 322.00-323.00 sec   568 KBytes  4.66 Mbits/sec  1.330 ms  687/1172 (59%)  
[  5] 323.00-324.00 sec   568 KBytes  4.66 Mbits/sec  1.305 ms  710/1195 (59%)  
[  5] 324.00-325.00 sec   568 KBytes  4.65 Mbits/sec  1.355 ms  684/1169 (59%)  
[  5] 325.00-326.00 sec   568 KBytes  4.66 Mbits/sec  1.488 ms  690/1175 (59%)  
[  5] 326.00-327.00 sec   568 KBytes  4.66 Mbits/sec  1.430 ms  691/1176 (59%)  
[  5] 327.00-328.00 sec   577 KBytes  4.72 Mbits/sec  1.311 ms  764/1256 (61%)  
[  5] 328.00-329.00 sec   568 KBytes  4.66 Mbits/sec  1.390 ms  723/1208 (60%)  
[  5] 329.00-330.00 sec   648 KBytes  5.31 Mbits/sec  1.457 ms  925/1478 (63%)  
[  5] 330.00-331.00 sec   545 KBytes  4.46 Mbits/sec  1.604 ms  783/1248 (63%)  
[  5] 331.00-332.00 sec   568 KBytes  4.66 Mbits/sec  1.403 ms  783/1268 (62%)  
[  5] 332.00-333.00 sec   568 KBytes  4.66 Mbits/sec  1.503 ms  757/1242 (61%)  
[  5] 333.00-334.00 sec   648 KBytes  5.30 Mbits/sec  1.332 ms  827/1380 (60%)  
[  5] 334.00-335.00 sec   577 KBytes  4.73 Mbits/sec  1.294 ms  692/1184 (58%)  
[  5] 335.00-336.00 sec   648 KBytes  5.31 Mbits/sec  1.390 ms  822/1375 (60%)  
[  5] 336.00-337.00 sec   568 KBytes  4.65 Mbits/sec  1.352 ms  661/1146 (58%)  
[  5] 337.00-338.00 sec   568 KBytes  4.66 Mbits/sec  1.295 ms  678/1163 (58%)  
[  5] 338.00-339.00 sec   648 KBytes  5.31 Mbits/sec  1.368 ms  840/1393 (60%)  
[  5] 339.00-340.00 sec   568 KBytes  4.66 Mbits/sec  1.434 ms  829/1314 (63%)  
[  5] 340.00-341.00 sec   577 KBytes  4.72 Mbits/sec  1.482 ms  791/1283 (62%)  
[  5] 341.00-342.00 sec   457 KBytes  3.74 Mbits/sec  1.325 ms  612/1002 (61%)  
[  5] 342.00-343.00 sec   567 KBytes  4.65 Mbits/sec  1.321 ms  745/1229 (61%)  
[  5] 343.00-344.00 sec   570 KBytes  4.67 Mbits/sec  1.333 ms  723/1209 (60%)  
[  5] 344.00-345.00 sec   577 KBytes  4.72 Mbits/sec  1.307 ms  733/1225 (60%)  
[  5] 345.00-346.00 sec   567 KBytes  4.65 Mbits/sec  1.462 ms  729/1213 (60%)  
[  5] 346.00-347.00 sec   570 KBytes  4.67 Mbits/sec  1.399 ms  739/1225 (60%)  
[  5] 347.00-348.00 sec   568 KBytes  4.66 Mbits/sec  1.286 ms  732/1217 (60%)  
[  5] 348.00-349.00 sec   568 KBytes  4.65 Mbits/sec  1.320 ms  694/1179 (59%)  
[  5] 349.00-350.00 sec   568 KBytes  4.66 Mbits/sec  1.405 ms  737/1222 (60%)  
[  5] 350.00-351.00 sec   648 KBytes  5.31 Mbits/sec  1.307 ms  794/1347 (59%)  
[  5] 351.00-352.00 sec   544 KBytes  4.45 Mbits/sec  1.361 ms  686/1150 (60%)  
[  5] 352.00-353.00 sec   656 KBytes  5.38 Mbits/sec  1.355 ms  812/1372 (59%)  
[  5] 353.00-354.00 sec   568 KBytes  4.66 Mbits/sec  1.376 ms  690/1175 (59%)  
[  5] 354.00-355.00 sec   568 KBytes  4.65 Mbits/sec  1.388 ms  708/1193 (59%)  
[  5] 355.00-356.00 sec   649 KBytes  5.32 Mbits/sec  1.303 ms  842/1396 (60%)  
[  5] 356.00-357.00 sec   568 KBytes  4.66 Mbits/sec  1.359 ms  726/1211 (60%)  
[  5] 357.00-358.00 sec   568 KBytes  4.66 Mbits/sec  1.493 ms  824/1309 (63%)  
[  5] 358.00-359.00 sec   568 KBytes  4.66 Mbits/sec  1.443 ms  874/1359 (64%)  
[  5] 359.00-360.00 sec   656 KBytes  5.38 Mbits/sec  1.434 ms  909/1469 (62%)  
[  5] 360.00-361.00 sec   545 KBytes  4.46 Mbits/sec  1.594 ms  725/1190 (61%)  
[  5] 361.00-362.00 sec   568 KBytes  4.66 Mbits/sec  1.646 ms  743/1228 (61%)  
[  5] 362.00-363.00 sec   567 KBytes  4.64 Mbits/sec  1.460 ms  782/1266 (62%)  
[  5] 363.00-364.00 sec   568 KBytes  4.64 Mbits/sec  1.402 ms  802/1287 (62%)  
[  5] 364.00-365.00 sec   568 KBytes  4.68 Mbits/sec  1.357 ms  738/1223 (60%)  
[  5] 365.00-366.00 sec   649 KBytes  5.32 Mbits/sec  1.454 ms  810/1364 (59%)  
[  5] 366.00-367.00 sec   568 KBytes  4.66 Mbits/sec  1.376 ms  710/1195 (59%)  
[  5] 367.00-368.00 sec   656 KBytes  5.38 Mbits/sec  1.370 ms  807/1367 (59%)  
[  5] 368.00-369.00 sec   568 KBytes  4.65 Mbits/sec  1.379 ms  695/1180 (59%)  
[  5] 369.00-370.00 sec   625 KBytes  5.12 Mbits/sec  1.381 ms  744/1277 (58%)  
[  5] 370.00-371.00 sec   568 KBytes  4.66 Mbits/sec  1.374 ms  721/1206 (60%)  
[  5] 371.00-372.00 sec   568 KBytes  4.66 Mbits/sec  1.432 ms  757/1242 (61%)  
[  5] 372.00-373.00 sec   568 KBytes  4.66 Mbits/sec  1.304 ms  743/1228 (61%)  
[  5] 373.00-374.00 sec   568 KBytes  4.65 Mbits/sec  1.400 ms  752/1237 (61%)  
[  5] 374.00-375.00 sec   567 KBytes  4.65 Mbits/sec  1.342 ms  718/1202 (60%)  
[  5] 375.00-376.00 sec   657 KBytes  5.39 Mbits/sec  1.345 ms  821/1382 (59%)  
[  5] 376.00-377.00 sec   568 KBytes  4.65 Mbits/sec  1.336 ms  709/1194 (59%)  
[  5] 377.00-378.00 sec   544 KBytes  4.45 Mbits/sec  1.620 ms  680/1144 (59%)  
[  5] 378.00-379.00 sec   568 KBytes  4.66 Mbits/sec  1.567 ms  739/1224 (60%)  
[  5] 379.00-380.00 sec   568 KBytes  4.66 Mbits/sec  1.326 ms  755/1240 (61%)  
[  5] 380.00-381.00 sec   570 KBytes  4.67 Mbits/sec  1.294 ms  769/1255 (61%)  
[  5] 381.00-382.00 sec   408 KBytes  3.34 Mbits/sec  1.413 ms  506/854 (59%)  
[  5] 382.00-383.00 sec   489 KBytes  4.00 Mbits/sec  1.314 ms  603/1020 (59%)  
[  5] 383.00-384.00 sec   568 KBytes  4.66 Mbits/sec  1.302 ms  697/1182 (59%)  
[  5] 384.00-385.00 sec   567 KBytes  4.65 Mbits/sec  1.332 ms  689/1173 (59%)  
[  5] 385.00-386.00 sec   409 KBytes  3.35 Mbits/sec  1.337 ms  493/842 (59%)  
[  5] 386.00-387.00 sec   488 KBytes  3.99 Mbits/sec  1.493 ms  599/1015 (59%)  
[  5] 387.00-388.00 sec   568 KBytes  4.66 Mbits/sec  1.271 ms  683/1168 (58%)  
[  5] 388.00-389.00 sec   545 KBytes  4.46 Mbits/sec  1.772 ms  720/1185 (61%)  
[  5] 389.00-390.00 sec   568 KBytes  4.66 Mbits/sec  1.367 ms  710/1195 (59%)  
[  5] 390.00-391.00 sec   568 KBytes  4.66 Mbits/sec  1.307 ms  742/1227 (60%)  
[  5] 391.00-392.00 sec   568 KBytes  4.65 Mbits/sec  1.326 ms  780/1265 (62%)  
[  5] 392.00-393.00 sec   568 KBytes  4.66 Mbits/sec  1.336 ms  770/1255 (61%)  
[  5] 393.00-394.00 sec   568 KBytes  4.65 Mbits/sec  1.367 ms  711/1196 (59%)  
[  5] 394.00-395.00 sec   568 KBytes  4.66 Mbits/sec  1.369 ms  711/1196 (59%)  
[  5] 395.00-396.00 sec   577 KBytes  4.72 Mbits/sec  1.303 ms  724/1216 (60%)  
[  5] 396.00-397.00 sec   480 KBytes  3.94 Mbits/sec  1.384 ms  645/1055 (61%)  
[  5] 397.00-398.00 sec   656 KBytes  5.37 Mbits/sec  1.432 ms  929/1489 (62%)  
[  5] 398.00-399.00 sec   488 KBytes  3.99 Mbits/sec  1.426 ms  719/1135 (63%)  
