Connecting to host 172.22.0.50, port 5201
Reverse mode, remote host 172.22.0.50 is sending
[  5] local 192.168.100.2 port 42785 connected to 172.22.0.50 port 5201
[ ID] Interval           Transfer     Bitrate         Jitter    Lost/Total Datagrams
[  5]   0.00-1.00   sec  1.43 MBytes  12.0 Mbits/sec  1.027 ms  0/1252 (0%)  
[  5]   1.00-2.00   sec  1.42 MBytes  11.9 Mbits/sec  1.037 ms  0/1240 (0%)  
[  5]   2.00-3.00   sec  1.44 MBytes  12.1 Mbits/sec  0.936 ms  0/1258 (0%)  
[  5]   3.00-4.00   sec  1.43 MBytes  12.0 Mbits/sec  0.804 ms  0/1249 (0%)  
[  5]   4.00-5.00   sec  1.43 MBytes  12.0 Mbits/sec  0.825 ms  0/1253 (0%)  
[  5]   5.00-6.00   sec  1.43 MBytes  12.0 Mbits/sec  0.809 ms  0/1252 (0%)  
[  5]   6.00-7.00   sec  1.42 MBytes  11.9 Mbits/sec  0.856 ms  0/1244 (0%)  
[  5]   7.00-8.00   sec  1.43 MBytes  12.0 Mbits/sec  1.013 ms  0/1253 (0%)  
[  5]   8.00-9.00   sec  1.42 MBytes  11.9 Mbits/sec  0.959 ms  0/1237 (0%)  
[  5]   9.00-10.00  sec  1.45 MBytes  12.1 Mbits/sec  0.966 ms  0/1264 (0%)  
[  5]  10.00-11.00  sec   905 KBytes  7.41 Mbits/sec  1.432 ms  0/772 (0%)  
[  5]  11.00-12.00  sec   555 KBytes  4.55 Mbits/sec  1.574 ms  0/474 (0%)  
[  5]  12.00-13.00  sec   567 KBytes  4.64 Mbits/sec  1.452 ms  0/484 (0%)  
[  5]  13.00-14.00  sec   559 KBytes  4.58 Mbits/sec  1.569 ms  0/477 (0%)  
[  5]  14.00-15.00  sec   572 KBytes  4.69 Mbits/sec  1.389 ms  0/488 (0%)  
[  5]  15.00-16.00  sec   568 KBytes  4.66 Mbits/sec  1.292 ms  0/485 (0%)  
[  5]  16.00-17.00  sec   557 KBytes  4.56 Mbits/sec  1.470 ms  0/475 (0%)  
[  5]  17.00-18.00  sec   567 KBytes  4.65 Mbits/sec  1.408 ms  0/484 (0%)  
[  5]  18.00-19.00  sec   572 KBytes  4.68 Mbits/sec  1.312 ms  0/488 (0%)  
[  5]  19.00-20.00  sec   560 KBytes  4.59 Mbits/sec  1.458 ms  0/478 (0%)  
[  5]  20.00-21.00  sec   558 KBytes  4.56 Mbits/sec  1.518 ms  0/476 (0%)  
[  5]  21.00-22.00  sec   553 KBytes  4.54 Mbits/sec  1.487 ms  0/472 (0%)  
[  5]  22.00-23.00  sec   578 KBytes  4.73 Mbits/sec  1.252 ms  0/493 (0%)  
[  5]  23.00-24.00  sec   574 KBytes  4.70 Mbits/sec  1.290 ms  0/490 (0%)  
[  5]  24.00-25.00  sec   570 KBytes  4.67 Mbits/sec  1.397 ms  0/486 (0%)  
[  5]  25.00-26.00  sec   567 KBytes  4.65 Mbits/sec  1.449 ms  0/484 (0%)  
[  5]  26.00-27.00  sec   562 KBytes  4.61 Mbits/sec  1.510 ms  0/480 (0%)  
[  5]  27.00-28.00  sec   562 KBytes  4.61 Mbits/sec  1.617 ms  0/480 (0%)  
[  5]  28.00-29.00  sec   548 KBytes  4.49 Mbits/sec  1.872 ms  0/468 (0%)  
[  5]  29.00-30.00  sec   552 KBytes  4.52 Mbits/sec  1.458 ms  0/471 (0%)  
[  5]  30.00-31.00  sec   568 KBytes  4.66 Mbits/sec  1.433 ms  0/485 (0%)  
[  5]  31.00-32.00  sec   564 KBytes  4.61 Mbits/sec  1.551 ms  0/481 (0%)  
[  5]  32.00-33.00  sec   572 KBytes  4.69 Mbits/sec  1.394 ms  0/488 (0%)  
[  5]  33.00-34.00  sec   572 KBytes  4.68 Mbits/sec  1.567 ms  0/488 (0%)  
[  5]  34.00-35.00  sec   568 KBytes  4.65 Mbits/sec  1.632 ms  0/485 (0%)  
[  5]  35.00-36.00  sec   568 KBytes  4.66 Mbits/sec  1.627 ms  0/485 (0%)  
[  5]  36.00-37.00  sec   550 KBytes  4.50 Mbits/sec  1.465 ms  0/469 (0%)  
[  5]  37.00-38.00  sec   445 KBytes  3.65 Mbits/sec  3.460 ms  17/397 (4.3%)  
[  5]  38.00-39.00  sec   584 KBytes  4.78 Mbits/sec  1.441 ms  823/1321 (62%)  
[  5]  39.00-40.00  sec   579 KBytes  4.74 Mbits/sec  1.474 ms  761/1255 (61%)  
[  5]  40.00-41.00  sec   531 KBytes  4.35 Mbits/sec  1.401 ms  698/1151 (61%)  
[  5]  41.00-42.00  sec   429 KBytes  3.51 Mbits/sec  1.416 ms  567/933 (61%)  
[  5]  42.00-43.00  sec   479 KBytes  3.92 Mbits/sec  1.735 ms  650/1059 (61%)  
[  5]  43.00-44.00  sec   479 KBytes  3.93 Mbits/sec  1.804 ms  663/1072 (62%)  
[  5]  44.00-45.00  sec   479 KBytes  3.93 Mbits/sec  1.835 ms  651/1060 (61%)  
[  5]  45.00-46.00  sec   451 KBytes  3.70 Mbits/sec  1.913 ms  620/1005 (62%)  
[  5]  46.00-47.00  sec   429 KBytes  3.51 Mbits/sec  1.746 ms  600/966 (62%)  
[  5]  47.00-48.00  sec   401 KBytes  3.28 Mbits/sec  1.508 ms  562/904 (62%)  
[  5]  48.00-49.00  sec   408 KBytes  3.34 Mbits/sec  1.770 ms  581/929 (63%)  
[  5]  49.00-50.00  sec   401 KBytes  3.28 Mbits/sec  1.653 ms  533/875 (61%)  
[  5]  50.00-51.00  sec   429 KBytes  3.51 Mbits/sec  1.768 ms  589/955 (62%)  
[  5]  51.00-52.00  sec   500 KBytes  4.10 Mbits/sec  1.460 ms  663/1090 (61%)  
[  5]  52.00-53.00  sec   479 KBytes  3.92 Mbits/sec  1.467 ms  644/1053 (61%)  
[  5]  53.00-54.00  sec   480 KBytes  3.94 Mbits/sec  1.600 ms  642/1052 (61%)  
[  5]  54.00-55.00  sec   429 KBytes  3.51 Mbits/sec  1.410 ms  571/937 (61%)  
[  5]  55.00-56.00  sec   479 KBytes  3.93 Mbits/sec  1.638 ms  652/1061 (61%)  
[  5]  56.00-57.00  sec   429 KBytes  3.51 Mbits/sec  1.419 ms  600/966 (62%)  
[  5]  57.00-58.00  sec   479 KBytes  3.93 Mbits/sec  1.658 ms  684/1093 (63%)  
[  5]  58.00-59.00  sec   429 KBytes  3.51 Mbits/sec  1.857 ms  624/990 (63%)  
[  5]  59.00-60.00  sec   479 KBytes  3.92 Mbits/sec  1.827 ms  639/1048 (61%)  
[  5]  60.00-61.00  sec   497 KBytes  4.07 Mbits/sec  3.896 ms  669/1093 (61%)  
[  5]  61.00-62.00  sec   544 KBytes  4.46 Mbits/sec  1.819 ms  880/1344 (65%)  
[  5]  62.00-63.00  sec   584 KBytes  4.78 Mbits/sec  1.774 ms  1030/1528 (67%)  
[  5]  63.00-64.00  sec   511 KBytes  4.19 Mbits/sec  1.628 ms  884/1320 (67%)  
[  5]  64.00-65.00  sec   558 KBytes  4.57 Mbits/sec  1.795 ms  976/1452 (67%)  
[  5]  65.00-66.00  sec   585 KBytes  4.79 Mbits/sec  2.095 ms  1103/1602 (69%)  
[  5]  66.00-67.00  sec   588 KBytes  4.82 Mbits/sec  1.927 ms  1342/1844 (73%)  
[  5]  67.00-68.00  sec   568 KBytes  4.65 Mbits/sec  1.989 ms  1254/1739 (72%)  
[  5]  68.00-69.00  sec   512 KBytes  4.20 Mbits/sec  2.183 ms  1120/1557 (72%)  
[  5]  69.00-70.00  sec   582 KBytes  4.77 Mbits/sec  1.610 ms  1112/1609 (69%)  
[  5]  70.00-71.00  sec   534 KBytes  4.38 Mbits/sec  1.765 ms  937/1393 (67%)  
[  5]  71.00-72.00  sec   424 KBytes  3.47 Mbits/sec  1.878 ms  774/1136 (68%)  
[  5]  72.00-73.00  sec   492 KBytes  4.03 Mbits/sec  1.713 ms  890/1310 (68%)  
[  5]  73.00-74.00  sec   486 KBytes  3.98 Mbits/sec  1.857 ms  899/1314 (68%)  
[  5]  74.00-75.00  sec   476 KBytes  3.90 Mbits/sec  1.931 ms  908/1314 (69%)  
[  5]  75.00-76.00  sec   553 KBytes  4.53 Mbits/sec  1.769 ms  1045/1517 (69%)  
[  5]  76.00-77.00  sec   649 KBytes  5.32 Mbits/sec  1.731 ms  1204/1758 (68%)  
[  5]  77.00-78.00  sec   559 KBytes  4.58 Mbits/sec  1.835 ms  1024/1501 (68%)  
[  5]  78.00-79.00  sec   669 KBytes  5.48 Mbits/sec  1.446 ms  1011/1582 (64%)  
[  5]  79.00-80.00  sec   629 KBytes  5.16 Mbits/sec  1.576 ms  902/1439 (63%)  
[  5]  80.00-81.00  sec   629 KBytes  5.15 Mbits/sec  1.475 ms  879/1416 (62%)  
[  5]  81.00-82.00  sec   580 KBytes  4.75 Mbits/sec  1.448 ms  817/1312 (62%)  
[  5]  82.00-83.00  sec   579 KBytes  4.75 Mbits/sec  1.485 ms  766/1260 (61%)  
[  5]  83.00-84.00  sec   509 KBytes  4.17 Mbits/sec  1.491 ms  696/1130 (62%)  
[  5]  84.00-85.00  sec   580 KBytes  4.75 Mbits/sec  1.452 ms  784/1279 (61%)  
[  5]  85.00-86.00  sec   500 KBytes  4.10 Mbits/sec  1.439 ms  673/1100 (61%)  
[  5]  86.00-87.00  sec   580 KBytes  4.75 Mbits/sec  1.462 ms  795/1290 (62%)  
[  5]  87.00-88.00  sec   492 KBytes  4.03 Mbits/sec  1.688 ms  733/1153 (64%)  
[  5]  88.00-89.00  sec   584 KBytes  4.78 Mbits/sec  1.772 ms  1046/1544 (68%)  
[  5]  89.00-90.00  sec   577 KBytes  4.72 Mbits/sec  1.715 ms  1014/1506 (67%)  
[  5]  90.00-91.00  sec   495 KBytes  4.05 Mbits/sec  2.145 ms  867/1289 (67%)  
[  5]  91.00-92.00  sec   425 KBytes  3.49 Mbits/sec  1.762 ms  738/1101 (67%)  
[  5]  92.00-93.00  sec   411 KBytes  3.37 Mbits/sec  1.515 ms  600/951 (63%)  
[  5]  93.00-94.00  sec   353 KBytes  2.89 Mbits/sec  1.460 ms  390/691 (56%)  
[  5]  94.00-95.00  sec   408 KBytes  3.34 Mbits/sec  1.411 ms  499/847 (59%)  
[  5]  95.00-96.00  sec   401 KBytes  3.28 Mbits/sec  1.747 ms  471/813 (58%)  
[  5]  96.00-97.00  sec   384 KBytes  3.15 Mbits/sec  1.938 ms  442/770 (57%)  
[  5]  97.00-98.00  sec   408 KBytes  3.34 Mbits/sec  1.943 ms  474/822 (58%)  
[  5]  98.00-99.00  sec   409 KBytes  3.35 Mbits/sec  1.877 ms  456/805 (57%)  
[  5]  99.00-100.00 sec   432 KBytes  3.54 Mbits/sec  1.476 ms  483/852 (57%)  
[  5] 100.00-101.00 sec   388 KBytes  3.18 Mbits/sec  1.715 ms  472/803 (59%)  
[  5] 101.00-102.00 sec   401 KBytes  3.28 Mbits/sec  1.589 ms  524/866 (61%)  
[  5] 102.00-103.00 sec   357 KBytes  2.93 Mbits/sec  1.499 ms  482/787 (61%)  
[  5] 103.00-104.00 sec   401 KBytes  3.28 Mbits/sec  1.824 ms  549/891 (62%)  
[  5] 104.00-105.00 sec   430 KBytes  3.52 Mbits/sec  1.780 ms  600/967 (62%)  
[  5] 105.00-106.00 sec   401 KBytes  3.28 Mbits/sec  1.702 ms  543/885 (61%)  
[  5] 106.00-107.00 sec   401 KBytes  3.28 Mbits/sec  1.677 ms  589/931 (63%)  
[  5] 107.00-108.00 sec   405 KBytes  3.32 Mbits/sec  1.841 ms  641/987 (65%)  
[  5] 108.00-109.00 sec   405 KBytes  3.32 Mbits/sec  1.700 ms  597/943 (63%)  
[  5] 109.00-110.00 sec   350 KBytes  2.87 Mbits/sec  1.788 ms  503/802 (63%)  
[  5] 110.00-111.00 sec   401 KBytes  3.28 Mbits/sec  1.849 ms  559/901 (62%)  
[  5] 111.00-112.00 sec   408 KBytes  3.34 Mbits/sec  1.762 ms  569/917 (62%)  
[  5] 112.00-113.00 sec   429 KBytes  3.51 Mbits/sec  1.746 ms  589/955 (62%)  
[  5] 113.00-114.00 sec   401 KBytes  3.28 Mbits/sec  1.583 ms  544/886 (61%)  
[  5] 114.00-115.00 sec   400 KBytes  3.27 Mbits/sec  2.270 ms  780/1121 (70%)  
[  5] 115.00-116.00 sec   437 KBytes  3.58 Mbits/sec  2.160 ms  981/1354 (72%)  
[  5] 116.00-117.00 sec   432 KBytes  3.54 Mbits/sec  2.213 ms  965/1334 (72%)  
[  5] 117.00-118.00 sec   489 KBytes  4.00 Mbits/sec  2.144 ms  1145/1562 (73%)  
[  5] 118.00-119.00 sec   492 KBytes  4.03 Mbits/sec  2.110 ms  1139/1559 (73%)  
[  5] 119.00-120.00 sec   417 KBytes  3.42 Mbits/sec  2.200 ms  934/1290 (72%)  
[  5] 120.00-121.00 sec   509 KBytes  4.17 Mbits/sec  2.229 ms  1114/1548 (72%)  
[  5] 121.00-122.00 sec   594 KBytes  4.87 Mbits/sec  2.026 ms  1313/1820 (72%)  
[  5] 122.00-123.00 sec   568 KBytes  4.66 Mbits/sec  2.106 ms  1296/1781 (73%)  
[  5] 123.00-124.00 sec   591 KBytes  4.84 Mbits/sec  2.145 ms  1392/1896 (73%)  
[  5] 124.00-125.00 sec   573 KBytes  4.69 Mbits/sec  2.005 ms  1305/1794 (73%)  
[  5] 125.00-126.00 sec   514 KBytes  4.21 Mbits/sec  2.009 ms  1165/1604 (73%)  
[  5] 126.00-127.00 sec   568 KBytes  4.66 Mbits/sec  2.021 ms  1302/1787 (73%)  
[  5] 127.00-128.00 sec   573 KBytes  4.69 Mbits/sec  2.132 ms  1292/1781 (73%)  
[  5] 128.00-129.00 sec   509 KBytes  4.16 Mbits/sec  2.063 ms  1134/1568 (72%)  
[  5] 129.00-130.00 sec   573 KBytes  4.70 Mbits/sec  2.274 ms  1314/1803 (73%)  
[  5] 130.00-131.00 sec   554 KBytes  4.54 Mbits/sec  2.036 ms  1254/1727 (73%)  
[  5] 131.00-132.00 sec   412 KBytes  3.38 Mbits/sec  2.057 ms  924/1276 (72%)  
[  5] 132.00-133.00 sec   492 KBytes  4.03 Mbits/sec  2.192 ms  1121/1541 (73%)  
[  5] 133.00-134.00 sec   498 KBytes  4.08 Mbits/sec  1.869 ms  1122/1547 (73%)  
[  5] 134.00-135.00 sec   469 KBytes  3.84 Mbits/sec  2.270 ms  855/1255 (68%)  
[  5] 135.00-136.00 sec   470 KBytes  3.85 Mbits/sec  1.787 ms  840/1241 (68%)  
[  5] 136.00-137.00 sec   582 KBytes  4.77 Mbits/sec  1.630 ms  1063/1560 (68%)  
[  5] 137.00-138.00 sec   560 KBytes  4.59 Mbits/sec  1.661 ms  1001/1479 (68%)  
[  5] 138.00-139.00 sec   595 KBytes  4.88 Mbits/sec  1.420 ms  875/1383 (63%)  
[  5] 139.00-140.00 sec   586 KBytes  4.80 Mbits/sec  1.494 ms  806/1306 (62%)  
[  5] 140.00-141.00 sec   580 KBytes  4.75 Mbits/sec  1.440 ms  800/1295 (62%)  
[  5] 141.00-142.00 sec   479 KBytes  3.92 Mbits/sec  1.851 ms  640/1049 (61%)  
[  5] 142.00-143.00 sec   580 KBytes  4.75 Mbits/sec  1.455 ms  783/1278 (61%)  
[  5] 143.00-144.00 sec   578 KBytes  4.73 Mbits/sec  1.820 ms  789/1282 (62%)  
[  5] 144.00-145.00 sec   506 KBytes  4.15 Mbits/sec  1.827 ms  705/1137 (62%)  
[  5] 145.00-146.00 sec   548 KBytes  4.49 Mbits/sec  1.540 ms  764/1232 (62%)  
[  5] 146.00-147.00 sec   430 KBytes  3.52 Mbits/sec  1.508 ms  592/959 (62%)  
[  5] 147.00-148.00 sec   479 KBytes  3.93 Mbits/sec  1.586 ms  688/1097 (63%)  
[  5] 148.00-149.00 sec   502 KBytes  4.11 Mbits/sec  1.701 ms  719/1147 (63%)  
[  5] 149.00-150.00 sec   469 KBytes  3.84 Mbits/sec  2.224 ms  859/1259 (68%)  
[  5] 150.00-151.00 sec   469 KBytes  3.84 Mbits/sec  1.777 ms  859/1259 (68%)  
[  5] 151.00-152.00 sec   584 KBytes  4.78 Mbits/sec  1.749 ms  1058/1556 (68%)  
[  5] 152.00-153.00 sec   488 KBytes  3.99 Mbits/sec  1.753 ms  867/1283 (68%)  
[  5] 153.00-154.00 sec   594 KBytes  4.87 Mbits/sec  1.415 ms  961/1468 (65%)  
[  5] 154.00-155.00 sec   558 KBytes  4.57 Mbits/sec  1.546 ms  764/1240 (62%)  
[  5] 155.00-156.00 sec   551 KBytes  4.51 Mbits/sec  1.487 ms  741/1211 (61%)  
[  5] 156.00-157.00 sec   629 KBytes  5.16 Mbits/sec  1.451 ms  846/1383 (61%)  
[  5] 157.00-158.00 sec   659 KBytes  5.40 Mbits/sec  1.418 ms  885/1447 (61%)  
[  5] 158.00-159.00 sec   552 KBytes  4.52 Mbits/sec  1.431 ms  727/1198 (61%)  
[  5] 159.00-160.00 sec   657 KBytes  5.39 Mbits/sec  1.452 ms  902/1463 (62%)  
[  5] 160.00-161.00 sec   579 KBytes  4.74 Mbits/sec  1.411 ms  794/1288 (62%)  
[  5] 161.00-162.00 sec   629 KBytes  5.16 Mbits/sec  1.460 ms  941/1478 (64%)  
[  5] 162.00-163.00 sec   661 KBytes  5.41 Mbits/sec  1.703 ms  1039/1603 (65%)  
[  5] 163.00-164.00 sec   559 KBytes  4.58 Mbits/sec  1.723 ms  1017/1494 (68%)  
[  5] 164.00-165.00 sec   643 KBytes  5.27 Mbits/sec  1.733 ms  1148/1697 (68%)  
[  5] 165.00-166.00 sec   626 KBytes  5.13 Mbits/sec  1.743 ms  1116/1650 (68%)  
[  5] 166.00-167.00 sec   514 KBytes  4.21 Mbits/sec  1.571 ms  909/1348 (67%)  
[  5] 167.00-168.00 sec   579 KBytes  4.74 Mbits/sec  1.501 ms  842/1336 (63%)  
[  5] 168.00-169.00 sec   580 KBytes  4.75 Mbits/sec  1.417 ms  817/1312 (62%)  
[  5] 169.00-170.00 sec   579 KBytes  4.74 Mbits/sec  1.555 ms  815/1309 (62%)  
[  5] 170.00-171.00 sec   559 KBytes  4.59 Mbits/sec  1.561 ms  779/1256 (62%)  
[  5] 171.00-172.00 sec   518 KBytes  4.24 Mbits/sec  1.338 ms  654/1096 (60%)  
[  5] 172.00-173.00 sec   568 KBytes  4.66 Mbits/sec  1.402 ms  643/1128 (57%)  
[  5] 173.00-174.00 sec   593 KBytes  4.86 Mbits/sec  1.459 ms  665/1171 (57%)  
[  5] 174.00-175.00 sec   577 KBytes  4.73 Mbits/sec  1.538 ms  678/1170 (58%)  
[  5] 175.00-176.00 sec   480 KBytes  3.94 Mbits/sec  1.367 ms  595/1005 (59%)  
[  5] 176.00-177.00 sec   488 KBytes  3.99 Mbits/sec  1.419 ms  592/1008 (59%)  
[  5] 177.00-178.00 sec   465 KBytes  3.81 Mbits/sec  1.316 ms  540/937 (58%)  
[  5] 178.00-179.00 sec   488 KBytes  3.99 Mbits/sec  1.319 ms  589/1005 (59%)  
[  5] 179.00-180.00 sec   489 KBytes  4.00 Mbits/sec  1.449 ms  582/999 (58%)  
[  5] 180.00-181.00 sec   489 KBytes  4.00 Mbits/sec  1.525 ms  579/996 (58%)  
[  5] 181.00-182.00 sec   431 KBytes  3.53 Mbits/sec  1.501 ms  495/863 (57%)  
[  5] 182.00-183.00 sec   489 KBytes  4.00 Mbits/sec  1.419 ms  563/980 (57%)  
[  5] 183.00-184.00 sec   485 KBytes  3.97 Mbits/sec  1.796 ms  578/992 (58%)  
[  5] 184.00-185.00 sec   479 KBytes  3.93 Mbits/sec  1.788 ms  655/1064 (62%)  
[  5] 185.00-186.00 sec   478 KBytes  3.92 Mbits/sec  1.518 ms  664/1072 (62%)  
[  5] 186.00-187.00 sec   652 KBytes  5.34 Mbits/sec  1.416 ms  886/1442 (61%)  
[  5] 187.00-188.00 sec   657 KBytes  5.38 Mbits/sec  1.441 ms  904/1465 (62%)  
[  5] 188.00-189.00 sec   552 KBytes  4.52 Mbits/sec  1.593 ms  747/1218 (61%)  
[  5] 189.00-190.00 sec   657 KBytes  5.39 Mbits/sec  1.427 ms  885/1446 (61%)  
[  5] 190.00-191.00 sec   580 KBytes  4.75 Mbits/sec  1.411 ms  778/1273 (61%)  
[  5] 191.00-192.00 sec   730 KBytes  5.98 Mbits/sec  1.530 ms  1009/1632 (62%)  
[  5] 192.00-193.00 sec   659 KBytes  5.40 Mbits/sec  1.404 ms  957/1519 (63%)  
[  5] 193.00-194.00 sec   720 KBytes  5.89 Mbits/sec  1.675 ms  1263/1877 (67%)  
[  5] 194.00-195.00 sec   626 KBytes  5.13 Mbits/sec  1.732 ms  1084/1618 (67%)  
[  5] 195.00-196.00 sec   739 KBytes  6.06 Mbits/sec  1.653 ms  1291/1922 (67%)  
[  5] 196.00-197.00 sec   663 KBytes  5.43 Mbits/sec  2.566 ms  1165/1731 (67%)  
[  5] 197.00-198.00 sec   695 KBytes  5.69 Mbits/sec  1.664 ms  1218/1811 (67%)  
[  5] 198.00-199.00 sec   741 KBytes  6.07 Mbits/sec  1.646 ms  1340/1972 (68%)  
[  5] 199.00-200.00 sec   625 KBytes  5.12 Mbits/sec  1.704 ms  1132/1665 (68%)  
[  5] 200.00-201.00 sec   730 KBytes  5.98 Mbits/sec  1.363 ms  857/1480 (58%)  
[  5] 201.00-202.00 sec   729 KBytes  5.97 Mbits/sec  1.238 ms  823/1445 (57%)  
[  5] 202.00-203.00 sec   625 KBytes  5.12 Mbits/sec  1.249 ms  732/1265 (58%)  
[  5] 203.00-204.00 sec   729 KBytes  5.97 Mbits/sec  1.339 ms  878/1500 (59%)  
[  5] 204.00-205.00 sec   736 KBytes  6.03 Mbits/sec  1.304 ms  810/1438 (56%)  
[  5] 205.00-206.00 sec   613 KBytes  5.02 Mbits/sec  1.318 ms  630/1153 (55%)  
[  5] 206.00-207.00 sec   648 KBytes  5.31 Mbits/sec  1.192 ms  650/1203 (54%)  
[  5] 207.00-208.00 sec   575 KBytes  4.71 Mbits/sec  1.258 ms  538/1029 (52%)  
[  5] 208.00-209.00 sec   648 KBytes  5.31 Mbits/sec  1.248 ms  623/1176 (53%)  
[  5] 209.00-210.00 sec   640 KBytes  5.24 Mbits/sec  1.148 ms  596/1142 (52%)  
[  5] 210.00-211.00 sec   521 KBytes  4.27 Mbits/sec  1.256 ms  505/950 (53%)  
[  5] 211.00-212.00 sec   468 KBytes  3.83 Mbits/sec  1.492 ms  445/844 (53%)  
[  5] 212.00-213.00 sec   495 KBytes  4.05 Mbits/sec  1.444 ms  473/895 (53%)  
[  5] 213.00-214.00 sec   496 KBytes  4.06 Mbits/sec  1.228 ms  464/887 (52%)  
[  5] 214.00-215.00 sec   468 KBytes  3.83 Mbits/sec  1.440 ms  440/839 (52%)  
[  5] 215.00-216.00 sec   468 KBytes  3.83 Mbits/sec  1.487 ms  457/856 (53%)  
[  5] 216.00-217.00 sec   405 KBytes  3.32 Mbits/sec  1.564 ms  392/738 (53%)  
[  5] 217.00-218.00 sec   414 KBytes  3.39 Mbits/sec  1.296 ms  387/740 (52%)  
[  5] 218.00-219.00 sec   405 KBytes  3.32 Mbits/sec  1.443 ms  377/723 (52%)  
[  5] 219.00-220.00 sec   350 KBytes  2.87 Mbits/sec  1.509 ms  315/614 (51%)  
[  5] 220.00-221.00 sec   469 KBytes  3.84 Mbits/sec  1.072 ms  439/839 (52%)  
[  5] 221.00-222.00 sec   585 KBytes  4.79 Mbits/sec  1.108 ms  546/1045 (52%)  
[  5] 222.00-223.00 sec   585 KBytes  4.79 Mbits/sec  1.186 ms  569/1068 (53%)  
[  5] 223.00-224.00 sec   495 KBytes  4.05 Mbits/sec  1.206 ms  481/903 (53%)  
[  5] 224.00-225.00 sec   579 KBytes  4.74 Mbits/sec  1.289 ms  643/1137 (57%)  
[  5] 225.00-226.00 sec   593 KBytes  4.86 Mbits/sec  1.283 ms  696/1202 (58%)  
[  5] 226.00-227.00 sec   656 KBytes  5.38 Mbits/sec  1.338 ms  779/1339 (58%)  
[  5] 227.00-228.00 sec   568 KBytes  4.66 Mbits/sec  1.318 ms  681/1166 (58%)  
[  5] 228.00-229.00 sec   625 KBytes  5.11 Mbits/sec  1.311 ms  732/1265 (58%)  
[  5] 229.00-230.00 sec   662 KBytes  5.43 Mbits/sec  1.607 ms  1012/1577 (64%)  
[  5] 230.00-231.00 sec   649 KBytes  5.32 Mbits/sec  1.628 ms  1140/1694 (67%)  
[  5] 231.00-232.00 sec   553 KBytes  4.53 Mbits/sec  1.599 ms  936/1408 (66%)  
[  5] 232.00-233.00 sec   649 KBytes  5.32 Mbits/sec  1.709 ms  1125/1679 (67%)  
[  5] 233.00-234.00 sec   564 KBytes  4.62 Mbits/sec  2.143 ms  1230/1711 (72%)  
[  5] 234.00-235.00 sec   654 KBytes  5.36 Mbits/sec  2.188 ms  1497/2055 (73%)  
[  5] 235.00-236.00 sec   649 KBytes  5.32 Mbits/sec  2.027 ms  1486/2040 (73%)  
[  5] 236.00-237.00 sec   562 KBytes  4.61 Mbits/sec  1.492 ms  998/1478 (68%)  
[  5] 237.00-238.00 sec   652 KBytes  5.34 Mbits/sec  1.459 ms  901/1457 (62%)  
[  5] 238.00-239.00 sec   580 KBytes  4.75 Mbits/sec  1.488 ms  788/1283 (61%)  
[  5] 239.00-240.00 sec   561 KBytes  4.60 Mbits/sec  6.797 ms  807/1286 (63%)  
[  5] 240.00-241.00 sec   654 KBytes  5.36 Mbits/sec  1.374 ms  857/1415 (61%)  
[  5] 241.00-242.00 sec   562 KBytes  4.61 Mbits/sec  1.249 ms  666/1146 (58%)  
[  5] 242.00-243.00 sec   648 KBytes  5.31 Mbits/sec  1.322 ms  759/1312 (58%)  
[  5] 243.00-244.00 sec   656 KBytes  5.37 Mbits/sec  1.334 ms  754/1314 (57%)  
[  5] 244.00-245.00 sec   538 KBytes  4.41 Mbits/sec  1.320 ms  594/1053 (56%)  
[  5] 245.00-246.00 sec   656 KBytes  5.38 Mbits/sec  1.295 ms  746/1306 (57%)  
[  5] 246.00-247.00 sec   568 KBytes  4.66 Mbits/sec  1.353 ms  647/1132 (57%)  
[  5] 247.00-248.00 sec   648 KBytes  5.31 Mbits/sec  1.275 ms  758/1311 (58%)  
[  5] 248.00-249.00 sec   648 KBytes  5.31 Mbits/sec  1.372 ms  788/1341 (59%)  
[  5] 249.00-250.00 sec   568 KBytes  4.66 Mbits/sec  1.388 ms  689/1174 (59%)  
[  5] 250.00-251.00 sec   625 KBytes  5.12 Mbits/sec  1.294 ms  729/1262 (58%)  
[  5] 251.00-252.00 sec   568 KBytes  4.66 Mbits/sec  1.837 ms  662/1147 (58%)  
[  5] 252.00-253.00 sec   577 KBytes  4.72 Mbits/sec  1.539 ms  689/1181 (58%)  
[  5] 253.00-254.00 sec   512 KBytes  4.19 Mbits/sec  1.309 ms  625/1062 (59%)  
[  5] 254.00-255.00 sec   568 KBytes  4.66 Mbits/sec  1.418 ms  690/1175 (59%)  
[  5] 255.00-256.00 sec   520 KBytes  4.26 Mbits/sec  1.842 ms  631/1075 (59%)  
[  5] 256.00-257.00 sec   432 KBytes  3.54 Mbits/sec  1.622 ms  536/905 (59%)  
[  5] 257.00-258.00 sec   408 KBytes  3.34 Mbits/sec  1.541 ms  495/843 (59%)  
[  5] 258.00-259.00 sec   401 KBytes  3.28 Mbits/sec  1.792 ms  477/819 (58%)  
[  5] 259.00-260.00 sec   408 KBytes  3.34 Mbits/sec  1.340 ms  481/829 (58%)  
[  5] 260.00-261.00 sec   432 KBytes  3.53 Mbits/sec  1.405 ms  512/881 (58%)  
[  5] 261.00-262.00 sec   489 KBytes  4.01 Mbits/sec  1.257 ms  570/987 (58%)  
[  5] 262.00-263.00 sec   489 KBytes  4.00 Mbits/sec  1.295 ms  571/988 (58%)  
[  5] 263.00-264.00 sec   408 KBytes  3.34 Mbits/sec  1.360 ms  476/824 (58%)  
[  5] 264.00-265.00 sec   489 KBytes  4.00 Mbits/sec  1.458 ms  580/997 (58%)  
[  5] 265.00-266.00 sec   432 KBytes  3.54 Mbits/sec  1.296 ms  520/889 (58%)  
[  5] 266.00-267.00 sec   464 KBytes  3.80 Mbits/sec  1.551 ms  544/940 (58%)  
[  5] 267.00-268.00 sec   432 KBytes  3.54 Mbits/sec  1.487 ms  510/879 (58%)  
[  5] 268.00-269.00 sec   489 KBytes  4.00 Mbits/sec  1.499 ms  593/1010 (59%)  
[  5] 269.00-270.00 sec   431 KBytes  3.53 Mbits/sec  1.534 ms  511/879 (58%)  
[  5] 270.00-271.00 sec   531 KBytes  4.35 Mbits/sec  1.413 ms  653/1106 (59%)  
[  5] 271.00-272.00 sec   500 KBytes  4.10 Mbits/sec  1.504 ms  687/1114 (62%)  
[  5] 272.00-273.00 sec   559 KBytes  4.58 Mbits/sec  1.807 ms  763/1240 (62%)  
[  5] 273.00-274.00 sec   579 KBytes  4.74 Mbits/sec  1.825 ms  774/1268 (61%)  
[  5] 274.00-275.00 sec   530 KBytes  4.34 Mbits/sec  1.463 ms  709/1161 (61%)  
[  5] 275.00-276.00 sec   595 KBytes  4.88 Mbits/sec  2.013 ms  899/1407 (64%)  
[  5] 276.00-277.00 sec   554 KBytes  4.54 Mbits/sec  2.000 ms  1274/1747 (73%)  
[  5] 277.00-278.00 sec   648 KBytes  5.31 Mbits/sec  1.926 ms  1449/2002 (72%)  
[  5] 278.00-279.00 sec   573 KBytes  4.69 Mbits/sec  1.986 ms  1259/1748 (72%)  
[  5] 279.00-280.00 sec   564 KBytes  4.62 Mbits/sec  1.659 ms  1045/1526 (68%)  
[  5] 280.00-281.00 sec   601 KBytes  4.92 Mbits/sec  1.802 ms  1051/1564 (67%)  
[  5] 281.00-282.00 sec   421 KBytes  3.45 Mbits/sec  1.889 ms  770/1129 (68%)  
[  5] 282.00-283.00 sec   492 KBytes  4.03 Mbits/sec  1.762 ms  910/1330 (68%)  
[  5] 283.00-284.00 sec   472 KBytes  3.87 Mbits/sec  1.991 ms  903/1306 (69%)  
[  5] 284.00-285.00 sec   491 KBytes  4.02 Mbits/sec  1.849 ms  935/1354 (69%)  
[  5] 285.00-286.00 sec   445 KBytes  3.65 Mbits/sec  1.807 ms  868/1248 (70%)  
[  5] 286.00-287.00 sec   469 KBytes  3.84 Mbits/sec  2.379 ms  870/1270 (69%)  
[  5] 287.00-288.00 sec   492 KBytes  4.03 Mbits/sec  1.955 ms  925/1345 (69%)  
[  5] 288.00-289.00 sec   488 KBytes  4.00 Mbits/sec  1.659 ms  826/1242 (67%)  
[  5] 289.00-290.00 sec   479 KBytes  3.92 Mbits/sec  1.578 ms  675/1084 (62%)  
[  5] 290.00-291.00 sec   429 KBytes  3.51 Mbits/sec  1.550 ms  615/981 (63%)  
[  5] 291.00-292.00 sec   479 KBytes  3.93 Mbits/sec  1.573 ms  697/1106 (63%)  
[  5] 292.00-293.00 sec   507 KBytes  4.16 Mbits/sec  1.469 ms  752/1185 (63%)  
[  5] 293.00-294.00 sec   401 KBytes  3.28 Mbits/sec  1.671 ms  585/927 (63%)  
[  5] 294.00-295.00 sec   498 KBytes  4.08 Mbits/sec  1.444 ms  644/1069 (60%)  
[  5] 295.00-296.00 sec   432 KBytes  3.54 Mbits/sec  1.268 ms  511/880 (58%)  
[  5] 296.00-297.00 sec   489 KBytes  4.00 Mbits/sec  1.298 ms  589/1006 (59%)  
[  5] 297.00-298.00 sec   408 KBytes  3.34 Mbits/sec  1.612 ms  494/842 (59%)  
[  5] 298.00-299.00 sec   489 KBytes  4.00 Mbits/sec  1.594 ms  615/1032 (60%)  
[  5] 299.00-300.00 sec   489 KBytes  4.00 Mbits/sec  1.554 ms  593/1010 (59%)  
[  5] 300.00-301.00 sec   485 KBytes  3.97 Mbits/sec  1.983 ms  590/1004 (59%)  
[  5] 301.00-302.00 sec   492 KBytes  4.03 Mbits/sec  1.860 ms  937/1357 (69%)  
[  5] 302.00-303.00 sec   486 KBytes  3.98 Mbits/sec  1.736 ms  896/1311 (68%)  
[  5] 303.00-304.00 sec   428 KBytes  3.50 Mbits/sec  1.729 ms  771/1136 (68%)  
[  5] 304.00-305.00 sec   492 KBytes  4.03 Mbits/sec  1.879 ms  880/1300 (68%)  
[  5] 305.00-306.00 sec   470 KBytes  3.85 Mbits/sec  1.773 ms  828/1229 (67%)  
[  5] 306.00-307.00 sec   492 KBytes  4.03 Mbits/sec  1.654 ms  879/1299 (68%)  
[  5] 307.00-308.00 sec   421 KBytes  3.45 Mbits/sec  1.815 ms  752/1111 (68%)  
[  5] 308.00-309.00 sec   493 KBytes  4.04 Mbits/sec  1.773 ms  880/1301 (68%)  
[  5] 309.00-310.00 sec   469 KBytes  3.84 Mbits/sec  2.169 ms  845/1245 (68%)  
[  5] 310.00-311.00 sec   427 KBytes  3.50 Mbits/sec  1.950 ms  785/1149 (68%)  
[  5] 311.00-312.00 sec   444 KBytes  3.64 Mbits/sec  1.782 ms  790/1169 (68%)  
[  5] 312.00-313.00 sec   422 KBytes  3.46 Mbits/sec  1.711 ms  750/1110 (68%)  
[  5] 313.00-314.00 sec   427 KBytes  3.49 Mbits/sec  1.902 ms  787/1151 (68%)  
[  5] 314.00-315.00 sec   427 KBytes  3.50 Mbits/sec  1.853 ms  805/1169 (69%)  
[  5] 315.00-316.00 sec   422 KBytes  3.45 Mbits/sec  1.835 ms  783/1143 (69%)  
[  5] 316.00-317.00 sec   427 KBytes  3.49 Mbits/sec  1.841 ms  801/1165 (69%)  
[  5] 317.00-318.00 sec   427 KBytes  3.50 Mbits/sec  1.791 ms  799/1163 (69%)  
[  5] 318.00-319.00 sec   476 KBytes  3.90 Mbits/sec  2.457 ms  904/1310 (69%)  
[  5] 319.00-320.00 sec   435 KBytes  3.56 Mbits/sec  1.885 ms  806/1177 (68%)  
[  5] 320.00-321.00 sec   429 KBytes  3.51 Mbits/sec  8.564 ms  794/1160 (68%)  
[  5] 321.00-322.00 sec   491 KBytes  4.02 Mbits/sec  1.671 ms  849/1268 (67%)  
[  5] 322.00-323.00 sec   422 KBytes  3.46 Mbits/sec  1.786 ms  735/1095 (67%)  
[  5] 323.00-324.00 sec   427 KBytes  3.49 Mbits/sec  1.639 ms  740/1104 (67%)  
[  5] 324.00-325.00 sec   421 KBytes  3.45 Mbits/sec  1.723 ms  731/1090 (67%)  
[  5] 325.00-326.00 sec   493 KBytes  4.03 Mbits/sec  1.755 ms  868/1289 (67%)  
[  5] 326.00-327.00 sec   425 KBytes  3.49 Mbits/sec  1.837 ms  758/1121 (68%)  
[  5] 327.00-328.00 sec   425 KBytes  3.49 Mbits/sec  1.864 ms  786/1149 (68%)  
[  5] 328.00-329.00 sec   468 KBytes  3.83 Mbits/sec  1.849 ms  856/1255 (68%)  
[  5] 329.00-330.00 sec   427 KBytes  3.49 Mbits/sec  1.925 ms  797/1161 (69%)  
[  5] 330.00-331.00 sec   421 KBytes  3.45 Mbits/sec  2.316 ms  771/1130 (68%)  
[  5] 331.00-332.00 sec   427 KBytes  3.49 Mbits/sec  1.801 ms  772/1136 (68%)  
[  5] 332.00-333.00 sec   488 KBytes  3.99 Mbits/sec  2.523 ms  944/1360 (69%)  
[  5] 333.00-334.00 sec   427 KBytes  3.49 Mbits/sec  2.001 ms  868/1232 (70%)  
[  5] 334.00-335.00 sec   428 KBytes  3.51 Mbits/sec  2.037 ms  854/1219 (70%)  
[  5] 335.00-336.00 sec   486 KBytes  3.98 Mbits/sec  1.939 ms  1077/1492 (72%)  
[  5] 336.00-337.00 sec   428 KBytes  3.51 Mbits/sec  1.908 ms  889/1254 (71%)  
[  5] 337.00-338.00 sec   492 KBytes  4.03 Mbits/sec  1.713 ms  956/1376 (69%)  
[  5] 338.00-339.00 sec   421 KBytes  3.45 Mbits/sec  2.006 ms  864/1223 (71%)  
[  5] 339.00-340.00 sec   428 KBytes  3.51 Mbits/sec  1.840 ms  865/1230 (70%)  
[  5] 340.00-341.00 sec   421 KBytes  3.45 Mbits/sec  1.777 ms  856/1215 (70%)  
[  5] 341.00-342.00 sec   427 KBytes  3.49 Mbits/sec  1.952 ms  826/1190 (69%)  
[  5] 342.00-343.00 sec   427 KBytes  3.49 Mbits/sec  2.036 ms  786/1150 (68%)  
[  5] 343.00-344.00 sec   355 KBytes  2.91 Mbits/sec  2.342 ms  689/992 (69%)  
[  5] 344.00-345.00 sec   493 KBytes  4.04 Mbits/sec  1.788 ms  1031/1452 (71%)  
[  5] 345.00-346.00 sec   421 KBytes  3.45 Mbits/sec  2.252 ms  821/1180 (70%)  
[  5] 346.00-347.00 sec   427 KBytes  3.50 Mbits/sec  2.349 ms  860/1224 (70%)  
[  5] 347.00-348.00 sec   427 KBytes  3.49 Mbits/sec  2.045 ms  841/1205 (70%)  
[  5] 348.00-349.00 sec   445 KBytes  3.65 Mbits/sec  1.872 ms  890/1270 (70%)  
[  5] 349.00-350.00 sec   469 KBytes  3.84 Mbits/sec  1.798 ms  924/1324 (70%)  
[  5] 350.00-351.00 sec   427 KBytes  3.49 Mbits/sec  1.799 ms  827/1191 (69%)  
[  5] 351.00-352.00 sec   486 KBytes  3.98 Mbits/sec  2.116 ms  983/1398 (70%)  
[  5] 352.00-353.00 sec   424 KBytes  3.48 Mbits/sec  1.729 ms  834/1196 (70%)  
[  5] 353.00-354.00 sec   493 KBytes  4.04 Mbits/sec  1.762 ms  966/1387 (70%)  
[  5] 354.00-355.00 sec   427 KBytes  3.49 Mbits/sec  1.893 ms  834/1198 (70%)  
[  5] 355.00-356.00 sec   421 KBytes  3.45 Mbits/sec  1.877 ms  813/1172 (69%)  
[  5] 356.00-357.00 sec   493 KBytes  4.04 Mbits/sec  1.829 ms  959/1380 (69%)  
[  5] 357.00-358.00 sec   427 KBytes  3.49 Mbits/sec  1.799 ms  802/1166 (69%)  
[  5] 358.00-359.00 sec   422 KBytes  3.46 Mbits/sec  1.759 ms  796/1156 (69%)  
[  5] 359.00-360.00 sec   492 KBytes  4.03 Mbits/sec  1.860 ms  966/1386 (70%)  
[  5] 360.00-361.00 sec   427 KBytes  3.49 Mbits/sec  1.719 ms  831/1195 (70%)  
[  5] 361.00-362.00 sec   470 KBytes  3.85 Mbits/sec  1.809 ms  948/1349 (70%)  
[  5] 362.00-363.00 sec   421 KBytes  3.44 Mbits/sec  2.374 ms  863/1222 (71%)  
[  5] 363.00-364.00 sec   427 KBytes  3.50 Mbits/sec  2.142 ms  942/1306 (72%)  
[  5] 364.00-365.00 sec   488 KBytes  3.99 Mbits/sec  1.960 ms  1106/1522 (73%)  
[  5] 365.00-366.00 sec   427 KBytes  3.49 Mbits/sec  1.852 ms  873/1237 (71%)  
[  5] 366.00-367.00 sec   427 KBytes  3.50 Mbits/sec  1.960 ms  846/1210 (70%)  
[  5] 367.00-368.00 sec   488 KBytes  3.99 Mbits/sec  1.903 ms  999/1415 (71%)  
[  5] 368.00-369.00 sec   427 KBytes  3.49 Mbits/sec  2.079 ms  938/1302 (72%)  
[  5] 369.00-370.00 sec   493 KBytes  4.04 Mbits/sec  1.849 ms  947/1368 (69%)  
[  5] 370.00-371.00 sec   421 KBytes  3.45 Mbits/sec  1.812 ms  783/1142 (69%)  
[  5] 371.00-372.00 sec   427 KBytes  3.49 Mbits/sec  1.880 ms  803/1167 (69%)  
[  5] 372.00-373.00 sec   428 KBytes  3.50 Mbits/sec  1.931 ms  799/1164 (69%)  
[  5] 373.00-374.00 sec   421 KBytes  3.45 Mbits/sec  1.873 ms  785/1144 (69%)  
[  5] 374.00-375.00 sec   493 KBytes  4.04 Mbits/sec  1.809 ms  936/1357 (69%)  
[  5] 375.00-376.00 sec   421 KBytes  3.45 Mbits/sec  1.977 ms  799/1158 (69%)  
[  5] 376.00-377.00 sec   427 KBytes  3.49 Mbits/sec  1.856 ms  832/1196 (70%)  
[  5] 377.00-378.00 sec   493 KBytes  4.04 Mbits/sec  1.832 ms  1014/1435 (71%)  
[  5] 378.00-379.00 sec   403 KBytes  3.30 Mbits/sec  1.974 ms  784/1128 (70%)  
[  5] 379.00-380.00 sec   445 KBytes  3.65 Mbits/sec  1.912 ms  887/1267 (70%)  
[  5] 380.00-381.00 sec   427 KBytes  3.49 Mbits/sec  1.679 ms  815/1179 (69%)  
[  5] 381.00-382.00 sec   421 KBytes  3.45 Mbits/sec  1.908 ms  807/1166 (69%)  
[  5] 382.00-383.00 sec   427 KBytes  3.49 Mbits/sec  1.850 ms  823/1187 (69%)  
[  5] 383.00-384.00 sec   421 KBytes  3.45 Mbits/sec  2.045 ms  782/1141 (69%)  
[  5] 384.00-385.00 sec   495 KBytes  4.05 Mbits/sec  1.895 ms  1018/1440 (71%)  
[  5] 385.00-386.00 sec   403 KBytes  3.30 Mbits/sec  1.955 ms  785/1129 (70%)  
[  5] 386.00-387.00 sec   445 KBytes  3.64 Mbits/sec  1.889 ms  842/1222 (69%)  
[  5] 387.00-388.00 sec   354 KBytes  2.90 Mbits/sec  2.021 ms  679/981 (69%)  
[  5] 388.00-389.00 sec   427 KBytes  3.49 Mbits/sec  1.869 ms  831/1195 (70%)  
[  5] 389.00-390.00 sec   428 KBytes  3.50 Mbits/sec  1.747 ms  805/1170 (69%)  
[  5] 390.00-391.00 sec   354 KBytes  2.90 Mbits/sec  2.547 ms  691/993 (70%)  
[  5] 391.00-392.00 sec   428 KBytes  3.50 Mbits/sec  2.155 ms  787/1152 (68%)  
[  5] 392.00-393.00 sec   445 KBytes  3.64 Mbits/sec  1.966 ms  868/1248 (70%)  
[  5] 393.00-394.00 sec   402 KBytes  3.30 Mbits/sec  2.085 ms  822/1165 (71%)  
[  5] 394.00-395.00 sec   493 KBytes  4.04 Mbits/sec  2.016 ms  1009/1430 (71%)  
[  5] 395.00-396.00 sec   421 KBytes  3.45 Mbits/sec  1.886 ms  837/1196 (70%)  
[  5] 396.00-397.00 sec   428 KBytes  3.50 Mbits/sec  1.835 ms  849/1214 (70%)  
[  5] 397.00-398.00 sec   421 KBytes  3.45 Mbits/sec  2.076 ms  791/1150 (69%)  
[  5] 398.00-399.00 sec   427 KBytes  3.49 Mbits/sec  2.596 ms  861/1225 (70%)  
