Connecting to host 172.22.0.50, port 5202
Reverse mode, remote host 172.22.0.50 is sending
[  5] local 192.168.102.2 port 43872 connected to 172.22.0.50 port 5202
[ ID] Interval           Transfer     Bitrate         Jitter    Lost/Total Datagrams
[  5]   0.00-1.00   sec   440 KBytes  3.60 Mbits/sec  0.341 ms  0/4502 (0%)  
[  5]   1.00-2.00   sec   440 KBytes  3.60 Mbits/sec  0.327 ms  0/4505 (0%)  
[  5]   2.00-3.00   sec   439 KBytes  3.59 Mbits/sec  0.290 ms  0/4492 (0%)  
[  5]   3.00-4.00   sec   439 KBytes  3.59 Mbits/sec  0.337 ms  0/4493 (0%)  
[  5]   4.00-5.00   sec   439 KBytes  3.59 Mbits/sec  0.345 ms  0/4493 (0%)  
[  5]   5.00-6.00   sec   440 KBytes  3.61 Mbits/sec  0.327 ms  0/4507 (0%)  
[  5]   6.00-7.00   sec   441 KBytes  3.61 Mbits/sec  0.257 ms  0/4514 (0%)  
[  5]   7.00-8.00   sec   439 KBytes  3.59 Mbits/sec  0.300 ms  0/4496 (0%)  
[  5]   8.00-9.00   sec   439 KBytes  3.60 Mbits/sec  0.233 ms  0/4499 (0%)  
[  5]   9.00-10.00  sec   439 KBytes  3.60 Mbits/sec  0.311 ms  0/4494 (0%)  
[  5]  10.00-11.00  sec   438 KBytes  3.59 Mbits/sec  0.402 ms  0/4488 (0%)  
[  5]  11.00-12.00  sec   439 KBytes  3.60 Mbits/sec  0.444 ms  0/4498 (0%)  
[  5]  12.00-13.00  sec   400 KBytes  3.28 Mbits/sec  0.316 ms  0/4097 (0%)  
[  5]  13.00-14.00  sec   351 KBytes  2.88 Mbits/sec  0.325 ms  0/3596 (0%)  
[  5]  14.00-15.00  sec   348 KBytes  2.85 Mbits/sec  0.342 ms  0/3561 (0%)  
[  5]  15.00-16.00  sec   348 KBytes  2.85 Mbits/sec  0.348 ms  0/3565 (0%)  
[  5]  16.00-17.00  sec   356 KBytes  2.92 Mbits/sec  0.451 ms  0/3641 (0%)  
[  5]  17.00-18.00  sec   357 KBytes  2.92 Mbits/sec  0.383 ms  0/3658 (0%)  
[  5]  18.00-19.00  sec   351 KBytes  2.87 Mbits/sec  0.318 ms  0/3590 (0%)  
[  5]  19.00-20.00  sec   357 KBytes  2.92 Mbits/sec  0.346 ms  0/3653 (0%)  
[  5]  20.00-21.00  sec   356 KBytes  2.92 Mbits/sec  0.379 ms  0/3646 (0%)  
[  5]  21.00-22.00  sec   352 KBytes  2.89 Mbits/sec  0.473 ms  0/3608 (0%)  
[  5]  22.00-23.00  sec   351 KBytes  2.87 Mbits/sec  0.396 ms  0/3593 (0%)  
[  5]  23.00-24.00  sec   348 KBytes  2.85 Mbits/sec  0.391 ms  0/3559 (0%)  
[  5]  24.00-25.00  sec   355 KBytes  2.91 Mbits/sec  0.320 ms  0/3636 (0%)  
[  5]  25.00-26.00  sec   361 KBytes  2.96 Mbits/sec  0.363 ms  0/3696 (0%)  
[  5]  26.00-27.00  sec   355 KBytes  2.91 Mbits/sec  0.377 ms  0/3640 (0%)  
[  5]  27.00-28.00  sec   355 KBytes  2.91 Mbits/sec  0.334 ms  0/3639 (0%)  
[  5]  28.00-29.00  sec   355 KBytes  2.91 Mbits/sec  0.349 ms  0/3636 (0%)  
[  5]  29.00-30.00  sec   349 KBytes  2.86 Mbits/sec  0.363 ms  0/3577 (0%)  
[  5]  30.00-31.00  sec   343 KBytes  2.81 Mbits/sec  0.389 ms  0/3508 (0%)  
[  5]  31.00-32.00  sec   348 KBytes  2.85 Mbits/sec  0.430 ms  0/3563 (0%)  
[  5]  32.00-33.00  sec   356 KBytes  2.92 Mbits/sec  0.353 ms  0/3648 (0%)  
[  5]  33.00-34.00  sec   356 KBytes  2.92 Mbits/sec  0.312 ms  0/3646 (0%)  
[  5]  34.00-35.00  sec   357 KBytes  2.92 Mbits/sec  0.363 ms  0/3654 (0%)  
[  5]  35.00-36.00  sec   364 KBytes  2.98 Mbits/sec  0.418 ms  0/3723 (0%)  
[  5]  36.00-37.00  sec   361 KBytes  2.95 Mbits/sec  0.406 ms  0/3692 (0%)  
[  5]  37.00-38.00  sec   360 KBytes  2.95 Mbits/sec  0.364 ms  0/3689 (0%)  
[  5]  38.00-39.00  sec   345 KBytes  2.83 Mbits/sec  0.352 ms  0/3536 (0%)  
[  5]  39.00-40.00  sec   343 KBytes  2.81 Mbits/sec  0.595 ms  0/3517 (0%)  
[  5]  40.00-41.00  sec   356 KBytes  2.92 Mbits/sec  0.417 ms  0/3646 (0%)  
[  5]  41.00-42.00  sec   356 KBytes  2.92 Mbits/sec  0.398 ms  0/3648 (0%)  
[  5]  42.00-43.00  sec   357 KBytes  2.92 Mbits/sec  0.335 ms  0/3653 (0%)  
[  5]  43.00-44.00  sec   351 KBytes  2.87 Mbits/sec  0.325 ms  0/3595 (0%)  
[  5]  44.00-45.00  sec   349 KBytes  2.86 Mbits/sec  0.330 ms  0/3573 (0%)  
[  5]  45.00-46.00  sec   360 KBytes  2.95 Mbits/sec  0.343 ms  0/3686 (0%)  
[  5]  46.00-47.00  sec   347 KBytes  2.84 Mbits/sec  0.403 ms  0/3558 (0%)  
[  5]  47.00-48.00  sec   343 KBytes  2.82 Mbits/sec  0.338 ms  0/3516 (0%)  
[  5]  48.00-49.00  sec   346 KBytes  2.83 Mbits/sec  0.342 ms  0/3540 (0%)  
[  5]  49.00-50.00  sec   353 KBytes  2.89 Mbits/sec  0.442 ms  0/3615 (0%)  
[  5]  50.00-51.00  sec   362 KBytes  2.96 Mbits/sec  0.370 ms  0/3703 (0%)  
[  5]  51.00-52.00  sec   355 KBytes  2.91 Mbits/sec  0.345 ms  0/3634 (0%)  
[  5]  52.00-53.00  sec   358 KBytes  2.93 Mbits/sec  0.348 ms  0/3663 (0%)  
[  5]  53.00-54.00  sec   353 KBytes  2.89 Mbits/sec  0.324 ms  0/3610 (0%)  
[  5]  54.00-55.00  sec   350 KBytes  2.87 Mbits/sec  0.491 ms  0/3582 (0%)  
[  5]  55.00-56.00  sec   356 KBytes  2.92 Mbits/sec  0.335 ms  0/3647 (0%)  
[  5]  56.00-57.00  sec   348 KBytes  2.85 Mbits/sec  0.355 ms  0/3563 (0%)  
[  5]  57.00-58.00  sec   345 KBytes  2.83 Mbits/sec  0.444 ms  0/3536 (0%)  
[  5]  58.00-59.00  sec   346 KBytes  2.84 Mbits/sec  0.390 ms  0/3548 (0%)  
[  5]  59.00-60.00  sec   343 KBytes  2.81 Mbits/sec  0.406 ms  0/3517 (0%)  
[  5]  60.00-61.00  sec   353 KBytes  2.89 Mbits/sec  0.325 ms  0/3612 (0%)  
[  5]  61.00-62.00  sec   346 KBytes  2.83 Mbits/sec  0.338 ms  0/3540 (0%)  
[  5]  62.00-63.00  sec   339 KBytes  2.78 Mbits/sec  0.330 ms  0/3475 (0%)  
[  5]  63.00-64.00  sec   344 KBytes  2.82 Mbits/sec  0.356 ms  0/3526 (0%)  
[  5]  64.00-65.00  sec   335 KBytes  2.74 Mbits/sec  0.360 ms  0/3430 (0%)  
[  5]  65.00-66.00  sec   347 KBytes  2.84 Mbits/sec  0.402 ms  0/3553 (0%)  
[  5]  66.00-67.00  sec   343 KBytes  2.81 Mbits/sec  0.341 ms  0/3517 (0%)  
[  5]  67.00-68.00  sec   343 KBytes  2.81 Mbits/sec  0.405 ms  0/3508 (0%)  
[  5]  68.00-69.00  sec   350 KBytes  2.87 Mbits/sec  0.366 ms  0/3587 (0%)  
[  5]  69.00-70.00  sec   359 KBytes  2.94 Mbits/sec  0.352 ms  0/3679 (0%)  
[  5]  70.00-71.00  sec   354 KBytes  2.90 Mbits/sec  0.376 ms  0/3622 (0%)  
[  5]  71.00-72.00  sec   349 KBytes  2.86 Mbits/sec  0.303 ms  0/3571 (0%)  
[  5]  72.00-73.00  sec   348 KBytes  2.85 Mbits/sec  0.360 ms  0/3559 (0%)  
[  5]  73.00-74.00  sec   356 KBytes  2.91 Mbits/sec  0.316 ms  0/3643 (0%)  
[  5]  74.00-75.00  sec   348 KBytes  2.85 Mbits/sec  0.419 ms  0/3564 (0%)  
[  5]  75.00-76.00  sec   355 KBytes  2.91 Mbits/sec  0.326 ms  0/3636 (0%)  
[  5]  76.00-77.00  sec   354 KBytes  2.90 Mbits/sec  0.389 ms  0/3627 (0%)  
[  5]  77.00-78.00  sec   332 KBytes  2.72 Mbits/sec  0.434 ms  0/3397 (0%)  
[  5]  78.00-79.00  sec   350 KBytes  2.86 Mbits/sec  0.378 ms  0/3580 (0%)  
[  5]  79.00-80.00  sec   346 KBytes  2.83 Mbits/sec  0.335 ms  0/3539 (0%)  
[  5]  80.00-81.00  sec   348 KBytes  2.86 Mbits/sec  0.348 ms  0/3568 (0%)  
[  5]  81.00-82.00  sec   360 KBytes  2.95 Mbits/sec  0.370 ms  0/3689 (0%)  
[  5]  82.00-83.00  sec   357 KBytes  2.92 Mbits/sec  0.327 ms  0/3655 (0%)  
[  5]  83.00-84.00  sec   357 KBytes  2.92 Mbits/sec  0.336 ms  0/3653 (0%)  
[  5]  84.00-85.00  sec   348 KBytes  2.86 Mbits/sec  0.359 ms  0/3568 (0%)  
[  5]  85.00-86.00  sec   348 KBytes  2.85 Mbits/sec  0.385 ms  0/3559 (0%)  
[  5]  86.00-87.00  sec   352 KBytes  2.88 Mbits/sec  0.410 ms  0/3603 (0%)  
[  5]  87.00-88.00  sec   342 KBytes  2.80 Mbits/sec  0.308 ms  0/3497 (0%)  
[  5]  88.00-89.00  sec   342 KBytes  2.80 Mbits/sec  0.379 ms  0/3503 (0%)  
[  5]  89.00-90.00  sec   343 KBytes  2.81 Mbits/sec  0.372 ms  0/3517 (0%)  
[  5]  90.00-91.00  sec   346 KBytes  2.83 Mbits/sec  0.372 ms  0/3542 (0%)  
[  5]  91.00-92.00  sec   351 KBytes  2.88 Mbits/sec  0.427 ms  0/3599 (0%)  
[  5]  92.00-93.00  sec   342 KBytes  2.80 Mbits/sec  0.508 ms  0/3504 (0%)  
[  5]  93.00-94.00  sec   342 KBytes  2.80 Mbits/sec  0.420 ms  0/3503 (0%)  
[  5]  94.00-95.00  sec   341 KBytes  2.79 Mbits/sec  0.331 ms  0/3493 (0%)  
[  5]  95.00-96.00  sec   339 KBytes  2.78 Mbits/sec  0.553 ms  0/3470 (0%)  
[  5]  96.00-97.00  sec   338 KBytes  2.76 Mbits/sec  0.343 ms  0/3456 (0%)  
[  5]  97.00-98.00  sec   339 KBytes  2.78 Mbits/sec  0.327 ms  0/3476 (0%)  
[  5]  98.00-99.00  sec   341 KBytes  2.79 Mbits/sec  0.392 ms  0/3490 (0%)  
[  5]  99.00-100.00 sec   342 KBytes  2.80 Mbits/sec  0.381 ms  0/3504 (0%)  
[  5] 100.00-101.00 sec   335 KBytes  2.74 Mbits/sec  0.403 ms  0/3427 (0%)  
[  5] 101.00-102.00 sec   338 KBytes  2.77 Mbits/sec  0.358 ms  0/3461 (0%)  
[  5] 102.00-103.00 sec   346 KBytes  2.83 Mbits/sec  0.342 ms  0/3542 (0%)  
[  5] 103.00-104.00 sec   333 KBytes  2.73 Mbits/sec  0.397 ms  0/3407 (0%)  
[  5] 104.00-105.00 sec   342 KBytes  2.80 Mbits/sec  0.327 ms  0/3499 (0%)  
[  5] 105.00-106.00 sec   350 KBytes  2.87 Mbits/sec  0.328 ms  0/3584 (0%)  
[  5] 106.00-107.00 sec   354 KBytes  2.90 Mbits/sec  0.545 ms  0/3623 (0%)  
[  5] 107.00-108.00 sec   357 KBytes  2.92 Mbits/sec  0.338 ms  0/3653 (0%)  
[  5] 108.00-109.00 sec   351 KBytes  2.88 Mbits/sec  0.371 ms  0/3599 (0%)  
[  5] 109.00-110.00 sec   351 KBytes  2.88 Mbits/sec  0.321 ms  0/3596 (0%)  
[  5] 110.00-111.00 sec   352 KBytes  2.88 Mbits/sec  0.391 ms  0/3604 (0%)  
[  5] 111.00-112.00 sec   344 KBytes  2.82 Mbits/sec  0.360 ms  0/3524 (0%)  
[  5] 112.00-113.00 sec   346 KBytes  2.83 Mbits/sec  0.370 ms  0/3539 (0%)  
[  5] 113.00-114.00 sec   341 KBytes  2.80 Mbits/sec  0.365 ms  0/3494 (0%)  
[  5] 114.00-115.00 sec   339 KBytes  2.78 Mbits/sec  0.440 ms  0/3470 (0%)  
[  5] 115.00-116.00 sec   353 KBytes  2.89 Mbits/sec  0.358 ms  0/3618 (0%)  
[  5] 116.00-117.00 sec   352 KBytes  2.88 Mbits/sec  0.331 ms  0/3603 (0%)  
[  5] 117.00-118.00 sec   293 KBytes  2.40 Mbits/sec  0.210 ms  153/3150 (4.9%)  
[  5] 118.00-119.00 sec   346 KBytes  2.83 Mbits/sec  0.211 ms  1134/4675 (24%)  
[  5] 119.00-120.00 sec   356 KBytes  2.91 Mbits/sec  0.219 ms  1072/4714 (23%)  
[  5] 120.00-121.00 sec   337 KBytes  2.76 Mbits/sec  0.218 ms  1134/4582 (25%)  
[  5] 121.00-122.00 sec   350 KBytes  2.87 Mbits/sec  0.210 ms  1087/4675 (23%)  
[  5] 122.00-123.00 sec   343 KBytes  2.81 Mbits/sec  0.224 ms  1087/4600 (24%)  
[  5] 123.00-124.00 sec   320 KBytes  2.62 Mbits/sec  0.265 ms  1457/4732 (31%)  
[  5] 124.00-125.00 sec   344 KBytes  2.82 Mbits/sec  0.223 ms  1194/4714 (25%)  
[  5] 125.00-126.00 sec   353 KBytes  2.89 Mbits/sec  0.212 ms  1131/4742 (24%)  
[  5] 126.00-127.00 sec   329 KBytes  2.69 Mbits/sec  0.232 ms  905/4270 (21%)  
[  5] 127.00-128.00 sec   349 KBytes  2.86 Mbits/sec  0.214 ms  1115/4686 (24%)  
[  5] 128.00-129.00 sec   346 KBytes  2.83 Mbits/sec  0.193 ms  993/4534 (22%)  
[  5] 129.00-130.00 sec   314 KBytes  2.57 Mbits/sec  0.321 ms  760/3974 (19%)  
[  5] 130.00-131.00 sec   316 KBytes  2.59 Mbits/sec  0.208 ms  1249/4485 (28%)  
[  5] 131.00-132.00 sec   345 KBytes  2.82 Mbits/sec  0.220 ms  914/4442 (21%)  
[  5] 132.00-133.00 sec   339 KBytes  2.78 Mbits/sec  0.208 ms  1112/4587 (24%)  
[  5] 133.00-134.00 sec   357 KBytes  2.92 Mbits/sec  0.209 ms  1035/4686 (22%)  
[  5] 134.00-135.00 sec   349 KBytes  2.86 Mbits/sec  0.217 ms  1009/4586 (22%)  
[  5] 135.00-136.00 sec   332 KBytes  2.72 Mbits/sec  0.220 ms  1226/4622 (27%)  
[  5] 136.00-137.00 sec   347 KBytes  2.84 Mbits/sec  0.218 ms  947/4503 (21%)  
[  5] 137.00-138.00 sec   348 KBytes  2.85 Mbits/sec  0.215 ms  1033/4592 (22%)  
[  5] 138.00-139.00 sec   334 KBytes  2.74 Mbits/sec  0.216 ms  1149/4568 (25%)  
[  5] 139.00-140.00 sec   331 KBytes  2.71 Mbits/sec  0.221 ms  1103/4496 (25%)  
[  5] 140.00-141.00 sec   321 KBytes  2.63 Mbits/sec  0.216 ms  1146/4429 (26%)  
[  5] 141.00-142.00 sec   350 KBytes  2.87 Mbits/sec  0.258 ms  1003/4585 (22%)  
[  5] 142.00-143.00 sec   348 KBytes  2.85 Mbits/sec  0.188 ms  1026/4585 (22%)  
[  5] 143.00-144.00 sec   313 KBytes  2.56 Mbits/sec  0.221 ms  830/4035 (21%)  
[  5] 144.00-145.00 sec   346 KBytes  2.83 Mbits/sec  0.227 ms  828/4370 (19%)  
[  5] 145.00-146.00 sec   346 KBytes  2.83 Mbits/sec  0.216 ms  896/4443 (20%)  
[  5] 146.00-147.00 sec   356 KBytes  2.92 Mbits/sec  0.219 ms  880/4526 (19%)  
[  5] 147.00-148.00 sec   347 KBytes  2.84 Mbits/sec  0.218 ms  877/4428 (20%)  
[  5] 148.00-149.00 sec   336 KBytes  2.75 Mbits/sec  0.257 ms  1038/4477 (23%)  
[  5] 149.00-150.00 sec   350 KBytes  2.87 Mbits/sec  0.217 ms  991/4575 (22%)  
[  5] 150.00-151.00 sec   344 KBytes  2.82 Mbits/sec  0.224 ms  1208/4731 (26%)  
[  5] 151.00-152.00 sec   336 KBytes  2.75 Mbits/sec  0.220 ms  1144/4583 (25%)  
[  5] 152.00-153.00 sec   347 KBytes  2.85 Mbits/sec  0.193 ms  1014/4572 (22%)  
[  5] 153.00-154.00 sec   349 KBytes  2.86 Mbits/sec  0.195 ms  946/4517 (21%)  
[  5] 154.00-155.00 sec   329 KBytes  2.70 Mbits/sec  0.205 ms  1134/4503 (25%)  
[  5] 155.00-156.00 sec   346 KBytes  2.83 Mbits/sec  0.218 ms  1051/4590 (23%)  
[  5] 156.00-157.00 sec   346 KBytes  2.83 Mbits/sec  0.220 ms  901/4441 (20%)  
[  5] 157.00-158.00 sec   280 KBytes  2.29 Mbits/sec  0.222 ms  837/3700 (23%)  
[  5] 158.00-159.00 sec   337 KBytes  2.76 Mbits/sec  0.219 ms  1445/4900 (29%)  
[  5] 159.00-160.00 sec   336 KBytes  2.75 Mbits/sec  0.231 ms  1114/4553 (24%)  
[  5] 160.00-161.00 sec   355 KBytes  2.91 Mbits/sec  0.219 ms  885/4519 (20%)  
[  5] 161.00-162.00 sec   305 KBytes  2.50 Mbits/sec  0.219 ms  797/3919 (20%)  
[  5] 162.00-163.00 sec   345 KBytes  2.82 Mbits/sec  0.225 ms  952/4482 (21%)  
[  5] 163.00-164.00 sec   345 KBytes  2.83 Mbits/sec  0.212 ms  928/4465 (21%)  
[  5] 164.00-165.00 sec   354 KBytes  2.90 Mbits/sec  0.220 ms  1082/4706 (23%)  
[  5] 165.00-166.00 sec   346 KBytes  2.84 Mbits/sec  0.211 ms  1027/4575 (22%)  
[  5] 166.00-167.00 sec   341 KBytes  2.79 Mbits/sec  0.225 ms  1073/4563 (24%)  
[  5] 167.00-168.00 sec   346 KBytes  2.84 Mbits/sec  0.218 ms  1110/4658 (24%)  
[  5] 168.00-169.00 sec   341 KBytes  2.80 Mbits/sec  0.213 ms  927/4421 (21%)  
[  5] 169.00-170.00 sec   337 KBytes  2.76 Mbits/sec  0.322 ms  1091/4539 (24%)  
[  5] 170.00-171.00 sec   327 KBytes  2.68 Mbits/sec  0.213 ms  1015/4362 (23%)  
[  5] 171.00-172.00 sec   336 KBytes  2.75 Mbits/sec  0.542 ms  1144/4588 (25%)  
[  5] 172.00-173.00 sec   357 KBytes  2.92 Mbits/sec  0.213 ms  935/4594 (20%)  
[  5] 173.00-174.00 sec   341 KBytes  2.80 Mbits/sec  0.218 ms  1019/4513 (23%)  
[  5] 174.00-175.00 sec   356 KBytes  2.92 Mbits/sec  0.231 ms  973/4623 (21%)  
[  5] 175.00-176.00 sec   338 KBytes  2.77 Mbits/sec  0.215 ms  1045/4509 (23%)  
[  5] 176.00-177.00 sec   357 KBytes  2.92 Mbits/sec  0.219 ms  844/4499 (19%)  
[  5] 177.00-178.00 sec   304 KBytes  2.49 Mbits/sec  0.244 ms  759/3868 (20%)  
[  5] 178.00-179.00 sec   331 KBytes  2.71 Mbits/sec  0.213 ms  1213/4602 (26%)  
[  5] 179.00-180.00 sec   347 KBytes  2.84 Mbits/sec  0.221 ms  1040/4593 (23%)  
[  5] 180.00-181.00 sec   350 KBytes  2.87 Mbits/sec  0.218 ms  986/4575 (22%)  
[  5] 181.00-182.00 sec   356 KBytes  2.92 Mbits/sec  0.210 ms  1082/4732 (23%)  
[  5] 182.00-183.00 sec   340 KBytes  2.78 Mbits/sec  0.220 ms  1307/4785 (27%)  
[  5] 183.00-184.00 sec   347 KBytes  2.85 Mbits/sec  0.214 ms  1094/4650 (24%)  
[  5] 184.00-185.00 sec   341 KBytes  2.79 Mbits/sec  0.351 ms  889/4376 (20%)  
[  5] 185.00-186.00 sec   347 KBytes  2.84 Mbits/sec  0.218 ms  1003/4554 (22%)  
[  5] 186.00-187.00 sec   339 KBytes  2.77 Mbits/sec  0.209 ms  1030/4498 (23%)  
[  5] 187.00-188.00 sec   339 KBytes  2.78 Mbits/sec  0.219 ms  1072/4546 (24%)  
[  5] 188.00-189.00 sec   307 KBytes  2.52 Mbits/sec  0.218 ms  732/3880 (19%)  
[  5] 189.00-190.00 sec   348 KBytes  2.85 Mbits/sec  0.216 ms  843/4410 (19%)  
[  5] 190.00-191.00 sec   352 KBytes  2.88 Mbits/sec  0.200 ms  1190/4793 (25%)  
[  5] 191.00-192.00 sec   339 KBytes  2.77 Mbits/sec  0.198 ms  932/4399 (21%)  
[  5] 192.00-193.00 sec   332 KBytes  2.72 Mbits/sec  0.217 ms  1175/4576 (26%)  
[  5] 193.00-194.00 sec   350 KBytes  2.87 Mbits/sec  0.214 ms  936/4524 (21%)  
[  5] 194.00-195.00 sec   348 KBytes  2.85 Mbits/sec  0.215 ms  938/4501 (21%)  
[  5] 195.00-196.00 sec   342 KBytes  2.80 Mbits/sec  0.214 ms  1133/4635 (24%)  
[  5] 196.00-197.00 sec   357 KBytes  2.92 Mbits/sec  0.211 ms  896/4551 (20%)  
[  5] 197.00-198.00 sec   348 KBytes  2.85 Mbits/sec  0.217 ms  888/4451 (20%)  
[  5] 198.00-199.00 sec   350 KBytes  2.87 Mbits/sec  0.217 ms  944/4532 (21%)  
[  5] 199.00-200.00 sec   330 KBytes  2.70 Mbits/sec  0.217 ms  1286/4663 (28%)  
[  5] 200.00-201.00 sec   299 KBytes  2.45 Mbits/sec  0.218 ms  1456/4513 (32%)  
[  5] 201.00-202.00 sec   314 KBytes  2.57 Mbits/sec  0.212 ms  732/3950 (19%)  
[  5] 202.00-203.00 sec   339 KBytes  2.78 Mbits/sec  0.219 ms  955/4424 (22%)  
[  5] 203.00-204.00 sec   350 KBytes  2.87 Mbits/sec  0.213 ms  858/4442 (19%)  
[  5] 204.00-205.00 sec   354 KBytes  2.90 Mbits/sec  0.262 ms  943/4567 (21%)  
[  5] 205.00-206.00 sec   349 KBytes  2.86 Mbits/sec  0.226 ms  924/4502 (21%)  
[  5] 206.00-207.00 sec   329 KBytes  2.70 Mbits/sec  0.218 ms  1164/4535 (26%)  
[  5] 207.00-208.00 sec   305 KBytes  2.50 Mbits/sec  0.220 ms  924/4051 (23%)  
[  5] 208.00-209.00 sec   354 KBytes  2.90 Mbits/sec  0.226 ms  1136/4759 (24%)  
[  5] 209.00-210.00 sec   342 KBytes  2.80 Mbits/sec  0.212 ms  1106/4611 (24%)  
[  5] 210.00-211.00 sec   357 KBytes  2.92 Mbits/sec  0.201 ms  985/4640 (21%)  
[  5] 211.00-212.00 sec   317 KBytes  2.60 Mbits/sec  0.217 ms  1212/4458 (27%)  
[  5] 212.00-213.00 sec   348 KBytes  2.85 Mbits/sec  0.226 ms  908/4471 (20%)  
[  5] 213.00-214.00 sec   344 KBytes  2.82 Mbits/sec  0.320 ms  1039/4564 (23%)  
[  5] 214.00-215.00 sec   340 KBytes  2.78 Mbits/sec  0.244 ms  1046/4529 (23%)  
[  5] 215.00-216.00 sec   357 KBytes  2.93 Mbits/sec  0.300 ms  958/4617 (21%)  
[  5] 216.00-217.00 sec   303 KBytes  2.48 Mbits/sec  0.211 ms  841/3948 (21%)  
[  5] 217.00-218.00 sec   297 KBytes  2.43 Mbits/sec  0.214 ms  1415/4454 (32%)  
[  5] 218.00-219.00 sec   302 KBytes  2.48 Mbits/sec  0.220 ms  919/4013 (23%)  
[  5] 219.00-220.00 sec   332 KBytes  2.72 Mbits/sec  0.213 ms  1110/4507 (25%)  
[  5] 220.00-221.00 sec   342 KBytes  2.80 Mbits/sec  0.207 ms  1077/4583 (23%)  
[  5] 221.00-222.00 sec   347 KBytes  2.84 Mbits/sec  0.215 ms  837/4389 (19%)  
[  5] 222.00-223.00 sec   313 KBytes  2.57 Mbits/sec  0.209 ms  872/4081 (21%)  
[  5] 223.00-224.00 sec   329 KBytes  2.70 Mbits/sec  0.213 ms  1281/4651 (28%)  
[  5] 224.00-225.00 sec   339 KBytes  2.78 Mbits/sec  0.200 ms  1140/4609 (25%)  
[  5] 225.00-226.00 sec   352 KBytes  2.89 Mbits/sec  0.218 ms  1009/4616 (22%)  
[  5] 226.00-227.00 sec   348 KBytes  2.85 Mbits/sec  0.217 ms  1090/4652 (23%)  
[  5] 227.00-228.00 sec   350 KBytes  2.87 Mbits/sec  0.212 ms  952/4532 (21%)  
[  5] 228.00-229.00 sec   323 KBytes  2.64 Mbits/sec  0.214 ms  1203/4506 (27%)  
[  5] 229.00-230.00 sec   336 KBytes  2.75 Mbits/sec  0.266 ms  1115/4557 (24%)  
[  5] 230.00-231.00 sec   346 KBytes  2.83 Mbits/sec  0.209 ms  949/4489 (21%)  
[  5] 231.00-232.00 sec   357 KBytes  2.92 Mbits/sec  0.212 ms  948/4599 (21%)  
[  5] 232.00-233.00 sec   350 KBytes  2.87 Mbits/sec  0.327 ms  900/4488 (20%)  
[  5] 233.00-234.00 sec   348 KBytes  2.85 Mbits/sec  0.217 ms  888/4449 (20%)  
[  5] 234.00-235.00 sec   297 KBytes  2.43 Mbits/sec  0.232 ms  1071/4108 (26%)  
[  5] 235.00-236.00 sec   347 KBytes  2.84 Mbits/sec  0.217 ms  926/4480 (21%)  
[  5] 236.00-237.00 sec   347 KBytes  2.85 Mbits/sec  0.406 ms  1139/4696 (24%)  
[  5] 237.00-238.00 sec   344 KBytes  2.82 Mbits/sec  0.221 ms  1135/4661 (24%)  
[  5] 238.00-239.00 sec   326 KBytes  2.67 Mbits/sec  0.218 ms  1351/4687 (29%)  
[  5] 239.00-240.00 sec   328 KBytes  2.69 Mbits/sec  0.217 ms  1519/4876 (31%)  
[  5] 240.00-241.00 sec   332 KBytes  2.72 Mbits/sec  0.217 ms  1425/4825 (30%)  
[  5] 241.00-242.00 sec   348 KBytes  2.85 Mbits/sec  0.220 ms  1022/4588 (22%)  
[  5] 242.00-243.00 sec   319 KBytes  2.61 Mbits/sec  0.215 ms  1241/4508 (28%)  
[  5] 243.00-244.00 sec   346 KBytes  2.83 Mbits/sec  0.223 ms  1027/4570 (22%)  
[  5] 244.00-245.00 sec   296 KBytes  2.43 Mbits/sec  0.208 ms  974/4008 (24%)  
[  5] 245.00-246.00 sec   354 KBytes  2.90 Mbits/sec  0.201 ms  1026/4651 (22%)  
[  5] 246.00-247.00 sec   327 KBytes  2.68 Mbits/sec  3.117 ms  1196/4549 (26%)  
[  5] 247.00-248.00 sec   326 KBytes  2.67 Mbits/sec  0.216 ms  1135/4477 (25%)  
[  5] 248.00-249.00 sec   356 KBytes  2.91 Mbits/sec  0.220 ms  1002/4643 (22%)  
[  5] 249.00-250.00 sec   330 KBytes  2.70 Mbits/sec  0.219 ms  1184/4560 (26%)  
[  5] 250.00-251.00 sec   351 KBytes  2.87 Mbits/sec  0.204 ms  805/4398 (18%)  
[  5] 251.00-252.00 sec   305 KBytes  2.50 Mbits/sec  0.217 ms  798/3924 (20%)  
[  5] 252.00-253.00 sec   339 KBytes  2.78 Mbits/sec  0.219 ms  1182/4656 (25%)  
[  5] 253.00-254.00 sec   335 KBytes  2.74 Mbits/sec  0.214 ms  1062/4492 (24%)  
[  5] 254.00-255.00 sec   357 KBytes  2.93 Mbits/sec  0.214 ms  963/4622 (21%)  
[  5] 255.00-256.00 sec   377 KBytes  3.09 Mbits/sec  0.217 ms  1275/5135 (25%)  
[  5] 256.00-257.00 sec   345 KBytes  2.83 Mbits/sec  0.238 ms  1061/4594 (23%)  
[  5] 257.00-258.00 sec   341 KBytes  2.79 Mbits/sec  0.217 ms  1114/4605 (24%)  
[  5] 258.00-259.00 sec   348 KBytes  2.85 Mbits/sec  0.220 ms  891/4454 (20%)  
[  5] 259.00-260.00 sec   304 KBytes  2.49 Mbits/sec  0.216 ms  874/3991 (22%)  
[  5] 260.00-261.00 sec   351 KBytes  2.88 Mbits/sec  0.211 ms  884/4482 (20%)  
[  5] 261.00-262.00 sec   347 KBytes  2.84 Mbits/sec  0.220 ms  895/4453 (20%)  
[  5] 262.00-263.00 sec   356 KBytes  2.92 Mbits/sec  0.220 ms  908/4550 (20%)  
[  5] 263.00-264.00 sec   306 KBytes  2.51 Mbits/sec  0.210 ms  779/3911 (20%)  
[  5] 264.00-265.00 sec   325 KBytes  2.66 Mbits/sec  0.206 ms  1267/4593 (28%)  
[  5] 265.00-266.00 sec   336 KBytes  2.75 Mbits/sec  0.233 ms  1281/4724 (27%)  
[  5] 266.00-267.00 sec   322 KBytes  2.64 Mbits/sec  1.974 ms  1260/4557 (28%)  
[  5] 267.00-268.00 sec   337 KBytes  2.76 Mbits/sec  0.231 ms  1170/4621 (25%)  
[  5] 268.00-269.00 sec   350 KBytes  2.87 Mbits/sec  0.221 ms  975/4562 (21%)  
[  5] 269.00-270.00 sec   348 KBytes  2.85 Mbits/sec  0.209 ms  1071/4632 (23%)  
[  5] 270.00-271.00 sec   327 KBytes  2.68 Mbits/sec  0.217 ms  1204/4548 (26%)  
[  5] 271.00-272.00 sec   333 KBytes  2.73 Mbits/sec  0.217 ms  1205/4618 (26%)  
[  5] 272.00-273.00 sec   348 KBytes  2.85 Mbits/sec  0.219 ms  970/4537 (21%)  
[  5] 273.00-274.00 sec   348 KBytes  2.85 Mbits/sec  0.229 ms  963/4522 (21%)  
[  5] 274.00-275.00 sec   313 KBytes  2.57 Mbits/sec  0.218 ms  798/4007 (20%)  
[  5] 275.00-276.00 sec   340 KBytes  2.79 Mbits/sec  0.219 ms  965/4449 (22%)  
[  5] 276.00-277.00 sec   315 KBytes  2.58 Mbits/sec  0.218 ms  765/3987 (19%)  
[  5] 277.00-278.00 sec   345 KBytes  2.82 Mbits/sec  0.219 ms  865/4393 (20%)  
[  5] 278.00-279.00 sec   344 KBytes  2.82 Mbits/sec  0.218 ms  845/4364 (19%)  
[  5] 279.00-280.00 sec   349 KBytes  2.86 Mbits/sec  0.242 ms  916/4486 (20%)  
[  5] 280.00-281.00 sec   335 KBytes  2.75 Mbits/sec  0.200 ms  1274/4709 (27%)  
[  5] 281.00-282.00 sec   345 KBytes  2.82 Mbits/sec  0.240 ms  1181/4710 (25%)  
[  5] 282.00-283.00 sec   335 KBytes  2.74 Mbits/sec  0.219 ms  1163/4592 (25%)  
[  5] 283.00-284.00 sec   347 KBytes  2.84 Mbits/sec  0.217 ms  1138/4690 (24%)  
[  5] 284.00-285.00 sec   336 KBytes  2.76 Mbits/sec  0.281 ms  1055/4499 (23%)  
[  5] 285.00-286.00 sec   347 KBytes  2.84 Mbits/sec  0.219 ms  1121/4670 (24%)  
[  5] 286.00-287.00 sec   330 KBytes  2.70 Mbits/sec  0.218 ms  1076/4454 (24%)  
[  5] 287.00-288.00 sec   348 KBytes  2.85 Mbits/sec  0.217 ms  914/4478 (20%)  
[  5] 288.00-289.00 sec   357 KBytes  2.92 Mbits/sec  0.211 ms  993/4647 (21%)  
[  5] 289.00-290.00 sec   304 KBytes  2.49 Mbits/sec  0.214 ms  821/3935 (21%)  
[  5] 290.00-291.00 sec   349 KBytes  2.86 Mbits/sec  0.244 ms  1022/4600 (22%)  
[  5] 291.00-292.00 sec   330 KBytes  2.70 Mbits/sec  0.218 ms  1094/4474 (24%)  
[  5] 292.00-293.00 sec   355 KBytes  2.91 Mbits/sec  0.162 ms  915/4555 (20%)  
[  5] 293.00-294.00 sec   333 KBytes  2.73 Mbits/sec  0.216 ms  1065/4479 (24%)  
[  5] 294.00-295.00 sec   334 KBytes  2.74 Mbits/sec  0.208 ms  1183/4608 (26%)  
[  5] 295.00-296.00 sec   334 KBytes  2.73 Mbits/sec  0.229 ms  1156/4574 (25%)  
[  5] 296.00-297.00 sec   324 KBytes  2.66 Mbits/sec  0.221 ms  1456/4778 (30%)  
[  5] 297.00-298.00 sec   348 KBytes  2.85 Mbits/sec  0.211 ms  1294/4861 (27%)  
[  5] 298.00-299.00 sec   355 KBytes  2.91 Mbits/sec  0.219 ms  1108/4742 (23%)  
[  5] 299.00-300.00 sec   302 KBytes  2.47 Mbits/sec  0.221 ms  913/4006 (23%)  
[  5] 300.00-301.00 sec   336 KBytes  2.75 Mbits/sec  0.240 ms  925/4365 (21%)  
[  5] 301.00-302.00 sec   348 KBytes  2.85 Mbits/sec  0.216 ms  1017/4581 (22%)  
[  5] 302.00-303.00 sec   356 KBytes  2.92 Mbits/sec  0.213 ms  880/4526 (19%)  
[  5] 303.00-304.00 sec   324 KBytes  2.65 Mbits/sec  0.217 ms  1270/4585 (28%)  
[  5] 304.00-305.00 sec   329 KBytes  2.70 Mbits/sec  0.220 ms  1160/4530 (26%)  
[  5] 305.00-306.00 sec   348 KBytes  2.85 Mbits/sec  0.209 ms  927/4494 (21%)  
[  5] 306.00-307.00 sec   291 KBytes  2.38 Mbits/sec  0.251 ms  1056/4036 (26%)  
[  5] 307.00-308.00 sec   357 KBytes  2.92 Mbits/sec  0.227 ms  907/4562 (20%)  
[  5] 308.00-309.00 sec   348 KBytes  2.85 Mbits/sec  0.214 ms  814/4381 (19%)  
[  5] 309.00-310.00 sec   285 KBytes  2.33 Mbits/sec  0.202 ms  993/3911 (25%)  
[  5] 310.00-311.00 sec   348 KBytes  2.85 Mbits/sec  0.215 ms  1028/4587 (22%)  
[  5] 311.00-312.00 sec   343 KBytes  2.81 Mbits/sec  0.204 ms  1156/4672 (25%)  
[  5] 312.00-313.00 sec   358 KBytes  2.94 Mbits/sec  0.207 ms  1078/4749 (23%)  
[  5] 313.00-314.00 sec   305 KBytes  2.50 Mbits/sec  0.218 ms  919/4045 (23%)  
[  5] 314.00-315.00 sec   349 KBytes  2.86 Mbits/sec  0.217 ms  1011/4583 (22%)  
[  5] 315.00-316.00 sec   292 KBytes  2.39 Mbits/sec  0.250 ms  1022/4011 (25%)  
[  5] 316.00-317.00 sec   296 KBytes  2.43 Mbits/sec  0.210 ms  833/3865 (22%)  
[  5] 317.00-318.00 sec   305 KBytes  2.50 Mbits/sec  0.218 ms  744/3869 (19%)  
[  5] 318.00-319.00 sec   306 KBytes  2.50 Mbits/sec  0.211 ms  851/3980 (21%)  
[  5] 319.00-320.00 sec   305 KBytes  2.50 Mbits/sec  0.212 ms  761/3887 (20%)  
[  5] 320.00-321.00 sec   286 KBytes  2.34 Mbits/sec  0.219 ms  995/3922 (25%)  
[  5] 321.00-322.00 sec   304 KBytes  2.49 Mbits/sec  0.207 ms  965/4075 (24%)  
[  5] 322.00-323.00 sec   351 KBytes  2.88 Mbits/sec  0.207 ms  1051/4648 (23%)  
[  5] 323.00-324.00 sec   319 KBytes  2.62 Mbits/sec  0.211 ms  1239/4510 (27%)  
[  5] 324.00-325.00 sec   295 KBytes  2.41 Mbits/sec  0.286 ms  844/3861 (22%)  
[  5] 325.00-326.00 sec   352 KBytes  2.88 Mbits/sec  0.201 ms  1010/4614 (22%)  
[  5] 326.00-327.00 sec   306 KBytes  2.51 Mbits/sec  0.211 ms  874/4009 (22%)  
[  5] 327.00-328.00 sec   327 KBytes  2.68 Mbits/sec  0.221 ms  1373/4719 (29%)  
[  5] 328.00-329.00 sec   347 KBytes  2.84 Mbits/sec  0.211 ms  1022/4573 (22%)  
[  5] 329.00-330.00 sec   335 KBytes  2.74 Mbits/sec  0.222 ms  1308/4738 (28%)  
[  5] 330.00-331.00 sec   279 KBytes  2.28 Mbits/sec  0.207 ms  1205/4060 (30%)  
[  5] 331.00-332.00 sec   359 KBytes  2.94 Mbits/sec  0.215 ms  1095/4768 (23%)  
[  5] 332.00-333.00 sec   281 KBytes  2.30 Mbits/sec  0.219 ms  1153/4034 (29%)  
[  5] 333.00-334.00 sec   353 KBytes  2.89 Mbits/sec  0.228 ms  1025/4638 (22%)  
[  5] 334.00-335.00 sec   306 KBytes  2.51 Mbits/sec  0.210 ms  851/3985 (21%)  
[  5] 335.00-336.00 sec   331 KBytes  2.72 Mbits/sec  0.242 ms  1158/4550 (25%)  
[  5] 336.00-337.00 sec   296 KBytes  2.42 Mbits/sec  0.333 ms  1441/4468 (32%)  
[  5] 337.00-338.00 sec   356 KBytes  2.92 Mbits/sec  0.215 ms  1250/4896 (26%)  
[  5] 338.00-339.00 sec   287 KBytes  2.35 Mbits/sec  0.220 ms  1558/4492 (35%)  
[  5] 339.00-340.00 sec   350 KBytes  2.87 Mbits/sec  0.222 ms  1520/5109 (30%)  
[  5] 340.00-341.00 sec   312 KBytes  2.56 Mbits/sec  0.218 ms  1360/4560 (30%)  
[  5] 341.00-342.00 sec   326 KBytes  2.67 Mbits/sec  0.198 ms  1669/5004 (33%)  
[  5] 342.00-343.00 sec   325 KBytes  2.66 Mbits/sec  0.267 ms  1769/5098 (35%)  
[  5] 343.00-344.00 sec   300 KBytes  2.46 Mbits/sec  0.302 ms  1098/4175 (26%)  
[  5] 344.00-345.00 sec   348 KBytes  2.85 Mbits/sec  0.223 ms  1172/4739 (25%)  
[  5] 345.00-346.00 sec   265 KBytes  2.17 Mbits/sec  0.217 ms  905/3614 (25%)  
[  5] 346.00-347.00 sec   341 KBytes  2.79 Mbits/sec  0.222 ms  1317/4806 (27%)  
[  5] 347.00-348.00 sec   314 KBytes  2.57 Mbits/sec  0.221 ms  1085/4302 (25%)  
[  5] 348.00-349.00 sec   284 KBytes  2.32 Mbits/sec  0.432 ms  1096/4002 (27%)  
[  5] 349.00-350.00 sec   292 KBytes  2.39 Mbits/sec  0.220 ms  1259/4248 (30%)  
[  5] 350.00-351.00 sec   306 KBytes  2.50 Mbits/sec  0.219 ms  877/4008 (22%)  
[  5] 351.00-352.00 sec   347 KBytes  2.84 Mbits/sec  0.212 ms  1010/4564 (22%)  
[  5] 352.00-353.00 sec   284 KBytes  2.33 Mbits/sec  0.220 ms  1200/4112 (29%)  
[  5] 353.00-354.00 sec   337 KBytes  2.76 Mbits/sec  0.211 ms  1158/4612 (25%)  
[  5] 354.00-355.00 sec   304 KBytes  2.49 Mbits/sec  0.238 ms  989/4107 (24%)  
[  5] 355.00-356.00 sec   349 KBytes  2.86 Mbits/sec  0.212 ms  1209/4783 (25%)  
[  5] 356.00-357.00 sec   315 KBytes  2.58 Mbits/sec  0.221 ms  1059/4286 (25%)  
[  5] 357.00-358.00 sec   347 KBytes  2.84 Mbits/sec  0.207 ms  1188/4737 (25%)  
[  5] 358.00-359.00 sec   305 KBytes  2.50 Mbits/sec  0.216 ms  970/4092 (24%)  
[  5] 359.00-360.00 sec   356 KBytes  2.92 Mbits/sec  0.194 ms  1271/4921 (26%)  
[  5] 360.00-361.00 sec   305 KBytes  2.50 Mbits/sec  0.215 ms  1024/4150 (25%)  
[  5] 361.00-362.00 sec   341 KBytes  2.79 Mbits/sec  0.214 ms  1267/4756 (27%)  
[  5] 362.00-363.00 sec   344 KBytes  2.82 Mbits/sec  0.220 ms  1394/4917 (28%)  
[  5] 363.00-364.00 sec   352 KBytes  2.89 Mbits/sec  0.211 ms  1245/4852 (26%)  
[  5] 364.00-365.00 sec   307 KBytes  2.51 Mbits/sec  0.239 ms  996/4135 (24%)  
[  5] 365.00-366.00 sec   304 KBytes  2.49 Mbits/sec  0.262 ms  913/4021 (23%)  
[  5] 366.00-367.00 sec   356 KBytes  2.91 Mbits/sec  0.215 ms  1088/4730 (23%)  
[  5] 367.00-368.00 sec   296 KBytes  2.42 Mbits/sec  0.213 ms  1195/4227 (28%)  
[  5] 368.00-369.00 sec   286 KBytes  2.34 Mbits/sec  0.212 ms  1694/4622 (37%)  
[  5] 369.00-370.00 sec   335 KBytes  2.75 Mbits/sec  0.213 ms  1589/5023 (32%)  
[  5] 370.00-371.00 sec   343 KBytes  2.81 Mbits/sec  0.513 ms  1383/4900 (28%)  
[  5] 371.00-372.00 sec   303 KBytes  2.48 Mbits/sec  0.216 ms  1335/4439 (30%)  
[  5] 372.00-373.00 sec   350 KBytes  2.87 Mbits/sec  0.215 ms  1515/5103 (30%)  
[  5] 373.00-374.00 sec   293 KBytes  2.40 Mbits/sec  0.223 ms  1480/4480 (33%)  
[  5] 374.00-375.00 sec   339 KBytes  2.78 Mbits/sec  0.210 ms  1297/4771 (27%)  
[  5] 375.00-376.00 sec   325 KBytes  2.67 Mbits/sec  0.206 ms  1325/4656 (28%)  
[  5] 376.00-377.00 sec   309 KBytes  2.53 Mbits/sec  0.218 ms  1024/4185 (24%)  
[  5] 377.00-378.00 sec   343 KBytes  2.80 Mbits/sec  0.238 ms  1106/4614 (24%)  
[  5] 378.00-379.00 sec   356 KBytes  2.92 Mbits/sec  0.219 ms  1302/4948 (26%)  
[  5] 379.00-380.00 sec   304 KBytes  2.49 Mbits/sec  0.216 ms  1135/4251 (27%)  
[  5] 380.00-381.00 sec   299 KBytes  2.45 Mbits/sec  0.218 ms  1169/4232 (28%)  
[  5] 381.00-382.00 sec   346 KBytes  2.84 Mbits/sec  0.213 ms  1091/4637 (24%)  
[  5] 382.00-383.00 sec   292 KBytes  2.39 Mbits/sec  0.199 ms  1280/4274 (30%)  
[  5] 383.00-384.00 sec   311 KBytes  2.55 Mbits/sec  0.205 ms  1034/4216 (25%)  
[  5] 384.00-385.00 sec   305 KBytes  2.50 Mbits/sec  0.247 ms  946/4072 (23%)  
[  5] 385.00-386.00 sec   347 KBytes  2.84 Mbits/sec  0.219 ms  1038/4589 (23%)  
[  5] 386.00-387.00 sec   314 KBytes  2.57 Mbits/sec  0.209 ms  994/4211 (24%)  
[  5] 387.00-388.00 sec   305 KBytes  2.50 Mbits/sec  0.242 ms  1187/4309 (28%)  
[  5] 388.00-389.00 sec   306 KBytes  2.51 Mbits/sec  0.208 ms  1180/4315 (27%)  
[  5] 389.00-390.00 sec   292 KBytes  2.39 Mbits/sec  0.217 ms  1256/4246 (30%)  
[  5] 390.00-391.00 sec   305 KBytes  2.50 Mbits/sec  0.211 ms  1080/4206 (26%)  
[  5] 391.00-392.00 sec   296 KBytes  2.42 Mbits/sec  0.214 ms  1244/4273 (29%)  
[  5] 392.00-393.00 sec   304 KBytes  2.49 Mbits/sec  0.225 ms  988/4097 (24%)  
[  5] 393.00-394.00 sec   313 KBytes  2.56 Mbits/sec  0.173 ms  1612/4814 (33%)  
[  5] 394.00-395.00 sec   299 KBytes  2.45 Mbits/sec  0.220 ms  1012/4069 (25%)  
[  5] 395.00-396.00 sec   312 KBytes  2.56 Mbits/sec  0.219 ms  972/4169 (23%)  
[  5] 396.00-397.00 sec   304 KBytes  2.49 Mbits/sec  0.191 ms  1016/4129 (25%)  
[  5] 397.00-398.00 sec   306 KBytes  2.51 Mbits/sec  0.209 ms  1004/4137 (24%)  
[  5] 398.00-399.00 sec   262 KBytes  2.15 Mbits/sec  0.220 ms  1438/4126 (35%)  
[  5] 399.00-400.00 sec   254 KBytes  2.08 Mbits/sec  0.225 ms  1511/4117 (37%)  
[  5] 400.00-401.00 sec   291 KBytes  2.38 Mbits/sec  0.225 ms  1223/4199 (29%)  
[  5] 401.00-402.00 sec   301 KBytes  2.47 Mbits/sec  0.220 ms  976/4063 (24%)  
