Connecting to host 172.22.0.50, port 5201
Reverse mode, remote host 172.22.0.50 is sending
[  5] local 192.168.100.2 port 38335 connected to 172.22.0.50 port 5201
[ ID] Interval           Transfer     Bitrate         Jitter    Lost/Total Datagrams
[  5]   0.00-1.00   sec  1.43 MBytes  12.0 Mbits/sec  0.757 ms  0/1251 (0%)  
[  5]   1.00-2.00   sec  1.43 MBytes  12.0 Mbits/sec  1.042 ms  0/1249 (0%)  
[  5]   2.00-3.00   sec  1.43 MBytes  12.0 Mbits/sec  1.023 ms  0/1249 (0%)  
[  5]   3.00-4.00   sec  1.43 MBytes  12.0 Mbits/sec  0.765 ms  0/1251 (0%)  
[  5]   4.00-5.00   sec  1.43 MBytes  12.0 Mbits/sec  0.998 ms  0/1250 (0%)  
[  5]   5.00-6.00   sec  1.43 MBytes  12.0 Mbits/sec  0.773 ms  0/1250 (0%)  
[  5]   6.00-7.00   sec  1.43 MBytes  12.0 Mbits/sec  0.766 ms  0/1250 (0%)  
[  5]   7.00-8.00   sec  1.43 MBytes  12.0 Mbits/sec  0.873 ms  0/1250 (0%)  
[  5]   8.00-9.00   sec  1.43 MBytes  12.0 Mbits/sec  0.858 ms  0/1250 (0%)  
[  5]   9.00-10.00  sec  1.43 MBytes  12.0 Mbits/sec  0.874 ms  0/1248 (0%)  
[  5]  10.00-11.00  sec  1.43 MBytes  12.0 Mbits/sec  0.934 ms  0/1253 (0%)  
[  5]  11.00-12.00  sec  1.42 MBytes  11.9 Mbits/sec  1.088 ms  0/1244 (0%)  
[  5]  12.00-13.00  sec  1.43 MBytes  12.0 Mbits/sec  1.107 ms  0/1247 (0%)  
[  5]  13.00-14.00  sec  1.44 MBytes  12.1 Mbits/sec  0.881 ms  0/1261 (0%)  
[  5]  14.00-15.00  sec  1.43 MBytes  12.0 Mbits/sec  0.855 ms  0/1248 (0%)  
[  5]  15.00-16.00  sec  1.24 MBytes  10.4 Mbits/sec  1.489 ms  0/1083 (0%)  
[  5]  16.00-17.00  sec   559 KBytes  4.58 Mbits/sec  1.577 ms  0/477 (0%)  
[  5]  17.00-18.00  sec   561 KBytes  4.60 Mbits/sec  1.585 ms  0/479 (0%)  
[  5]  18.00-19.00  sec   570 KBytes  4.67 Mbits/sec  1.426 ms  0/486 (0%)  
[  5]  19.00-20.00  sec   560 KBytes  4.59 Mbits/sec  1.600 ms  0/478 (0%)  
[  5]  20.00-21.00  sec   558 KBytes  4.57 Mbits/sec  1.358 ms  0/477 (0%)  
[  5]  21.00-22.00  sec   545 KBytes  4.47 Mbits/sec  1.410 ms  0/465 (0%)  
[  5]  22.00-23.00  sec   565 KBytes  4.63 Mbits/sec  1.408 ms  0/482 (0%)  
[  5]  23.00-24.00  sec   566 KBytes  4.64 Mbits/sec  1.382 ms  0/483 (0%)  
[  5]  24.00-25.00  sec   564 KBytes  4.62 Mbits/sec  1.388 ms  0/481 (0%)  
[  5]  25.00-26.00  sec   561 KBytes  4.60 Mbits/sec  1.669 ms  0/479 (0%)  
[  5]  26.00-27.00  sec   241 KBytes  1.98 Mbits/sec  1.303 ms  0/206 (0%)  
[  5]  27.00-28.00  sec   557 KBytes  4.56 Mbits/sec  1.512 ms  0/475 (0%)  
[  5]  28.00-29.00  sec   527 KBytes  4.32 Mbits/sec  2.003 ms  0/450 (0%)  
[  5]  29.00-30.00  sec   539 KBytes  4.42 Mbits/sec  1.466 ms  0/460 (0%)  
[  5]  30.00-31.00  sec   545 KBytes  4.46 Mbits/sec  1.580 ms  0/465 (0%)  
[  5]  31.00-32.00  sec   565 KBytes  4.62 Mbits/sec  1.344 ms  0/482 (0%)  
[  5]  32.00-33.00  sec   572 KBytes  4.69 Mbits/sec  1.684 ms  0/488 (0%)  
[  5]  33.00-34.00  sec   570 KBytes  4.67 Mbits/sec  1.402 ms  0/486 (0%)  
[  5]  34.00-35.00  sec   566 KBytes  4.64 Mbits/sec  1.545 ms  0/483 (0%)  
[  5]  35.00-36.00  sec   565 KBytes  4.63 Mbits/sec  1.344 ms  0/482 (0%)  
[  5]  36.00-37.00  sec   555 KBytes  4.55 Mbits/sec  1.363 ms  0/474 (0%)  
[  5]  37.00-38.00  sec   554 KBytes  4.54 Mbits/sec  1.537 ms  0/473 (0%)  
[  5]  38.00-39.00  sec   552 KBytes  4.52 Mbits/sec  1.378 ms  0/471 (0%)  
[  5]  39.00-40.00  sec   566 KBytes  4.64 Mbits/sec  1.435 ms  0/483 (0%)  
[  5]  40.00-41.00  sec   565 KBytes  4.63 Mbits/sec  1.270 ms  0/482 (0%)  
[  5]  41.00-42.00  sec   559 KBytes  4.58 Mbits/sec  1.502 ms  0/477 (0%)  
[  5]  42.00-43.00  sec   560 KBytes  4.59 Mbits/sec  1.505 ms  0/478 (0%)  
[  5]  43.00-44.00  sec   497 KBytes  4.07 Mbits/sec  2.707 ms  714/1138 (63%)  
[  5]  44.00-45.00  sec   479 KBytes  3.93 Mbits/sec  1.791 ms  624/1033 (60%)  
[  5]  45.00-46.00  sec   579 KBytes  4.75 Mbits/sec  1.838 ms  870/1364 (64%)  
[  5]  46.00-47.00  sec   650 KBytes  5.33 Mbits/sec  1.476 ms  956/1511 (63%)  
[  5]  47.00-48.00  sec   657 KBytes  5.39 Mbits/sec  1.608 ms  946/1507 (63%)  
[  5]  48.00-49.00  sec   558 KBytes  4.57 Mbits/sec  1.397 ms  754/1230 (61%)  
[  5]  49.00-50.00  sec   652 KBytes  5.34 Mbits/sec  1.509 ms  870/1426 (61%)  
[  5]  50.00-51.00  sec   659 KBytes  5.40 Mbits/sec  1.450 ms  888/1450 (61%)  
[  5]  51.00-52.00  sec   708 KBytes  5.80 Mbits/sec  1.516 ms  962/1566 (61%)  
[  5]  52.00-53.00  sec   650 KBytes  5.32 Mbits/sec  1.384 ms  900/1455 (62%)  
[  5]  53.00-54.00  sec   730 KBytes  5.99 Mbits/sec  1.405 ms  1020/1643 (62%)  
[  5]  54.00-55.00  sec   629 KBytes  5.16 Mbits/sec  1.349 ms  877/1414 (62%)  
[  5]  55.00-56.00  sec   737 KBytes  6.04 Mbits/sec  1.380 ms  1002/1631 (61%)  
[  5]  56.00-57.00  sec   652 KBytes  5.34 Mbits/sec  1.432 ms  897/1453 (62%)  
[  5]  57.00-58.00  sec   558 KBytes  4.57 Mbits/sec  1.462 ms  776/1252 (62%)  
[  5]  58.00-59.00  sec   652 KBytes  5.34 Mbits/sec  1.543 ms  900/1456 (62%)  
[  5]  59.00-60.00  sec   657 KBytes  5.39 Mbits/sec  1.454 ms  915/1476 (62%)  
[  5]  60.00-61.00  sec   572 KBytes  4.68 Mbits/sec  1.303 ms  763/1251 (61%)  
[  5]  61.00-62.00  sec   648 KBytes  5.30 Mbits/sec  1.331 ms  738/1291 (57%)  
[  5]  62.00-63.00  sec   625 KBytes  5.13 Mbits/sec  1.404 ms  704/1237 (57%)  
[  5]  63.00-64.00  sec   568 KBytes  4.66 Mbits/sec  1.363 ms  640/1125 (57%)  
[  5]  64.00-65.00  sec   649 KBytes  5.32 Mbits/sec  1.256 ms  737/1291 (57%)  
[  5]  65.00-66.00  sec   662 KBytes  5.42 Mbits/sec  1.334 ms  714/1279 (56%)  
[  5]  66.00-67.00  sec   729 KBytes  5.97 Mbits/sec  1.190 ms  671/1293 (52%)  
[  5]  67.00-68.00  sec   738 KBytes  6.05 Mbits/sec  1.177 ms  709/1339 (53%)  
[  5]  68.00-69.00  sec   611 KBytes  5.00 Mbits/sec  1.244 ms  596/1117 (53%)  
[  5]  69.00-70.00  sec   730 KBytes  5.98 Mbits/sec  1.148 ms  693/1316 (53%)  
[  5]  70.00-71.00  sec   628 KBytes  5.15 Mbits/sec  1.379 ms  614/1150 (53%)  
[  5]  71.00-72.00  sec   728 KBytes  5.95 Mbits/sec  1.306 ms  852/1473 (58%)  
[  5]  72.00-73.00  sec   648 KBytes  5.32 Mbits/sec  1.310 ms  725/1278 (57%)  
[  5]  73.00-74.00  sec   737 KBytes  6.04 Mbits/sec  1.244 ms  853/1482 (58%)  
[  5]  74.00-75.00  sec   729 KBytes  5.97 Mbits/sec  1.360 ms  848/1470 (58%)  
[  5]  75.00-76.00  sec   625 KBytes  5.12 Mbits/sec  1.306 ms  754/1287 (59%)  
[  5]  76.00-77.00  sec   816 KBytes  6.68 Mbits/sec  1.262 ms  960/1656 (58%)  
[  5]  77.00-78.00  sec   702 KBytes  5.75 Mbits/sec  1.359 ms  793/1392 (57%)  
[  5]  78.00-79.00  sec   704 KBytes  5.77 Mbits/sec  1.220 ms  781/1382 (57%)  
[  5]  79.00-80.00  sec   816 KBytes  6.68 Mbits/sec  1.184 ms  830/1526 (54%)  
[  5]  80.00-81.00  sec   786 KBytes  6.44 Mbits/sec  1.198 ms  748/1419 (53%)  
[  5]  81.00-82.00  sec   730 KBytes  5.98 Mbits/sec  1.168 ms  671/1294 (52%)  
[  5]  82.00-83.00  sec   782 KBytes  6.41 Mbits/sec  1.129 ms  756/1423 (53%)  
[  5]  83.00-84.00  sec   721 KBytes  5.90 Mbits/sec  1.300 ms  713/1328 (54%)  
[  5]  84.00-85.00  sec   792 KBytes  6.49 Mbits/sec  1.149 ms  756/1432 (53%)  
[  5]  85.00-86.00  sec   800 KBytes  6.56 Mbits/sec  1.330 ms  791/1474 (54%)  
[  5]  86.00-87.00  sec   702 KBytes  5.75 Mbits/sec  1.134 ms  674/1273 (53%)  
[  5]  87.00-88.00  sec   701 KBytes  5.74 Mbits/sec  1.127 ms  656/1254 (52%)  
[  5]  88.00-89.00  sec   807 KBytes  6.61 Mbits/sec  1.180 ms  699/1388 (50%)  
[  5]  89.00-90.00  sec   696 KBytes  5.70 Mbits/sec  1.153 ms  583/1177 (50%)  
[  5]  90.00-91.00  sec   695 KBytes  5.69 Mbits/sec  1.076 ms  614/1207 (51%)  
[  5]  91.00-92.00  sec   708 KBytes  5.80 Mbits/sec  1.034 ms  584/1188 (49%)  
[  5]  92.00-93.00  sec   710 KBytes  5.82 Mbits/sec  1.049 ms  555/1161 (48%)  
[  5]  93.00-94.00  sec   809 KBytes  6.62 Mbits/sec  1.128 ms  638/1328 (48%)  
[  5]  94.00-95.00  sec   688 KBytes  5.63 Mbits/sec  1.107 ms  546/1133 (48%)  
[  5]  95.00-96.00  sec   709 KBytes  5.81 Mbits/sec  1.215 ms  533/1138 (47%)  
[  5]  96.00-97.00  sec   710 KBytes  5.82 Mbits/sec  8.657 ms  563/1169 (48%)  
[  5]  97.00-98.00  sec   807 KBytes  6.61 Mbits/sec  1.102 ms  598/1287 (46%)  
[  5]  98.00-99.00  sec   710 KBytes  5.81 Mbits/sec  1.110 ms  594/1200 (50%)  
[  5]  99.00-100.00 sec   779 KBytes  6.39 Mbits/sec  1.123 ms  646/1311 (49%)  
[  5] 100.00-101.00 sec   718 KBytes  5.88 Mbits/sec  1.143 ms  630/1243 (51%)  
[  5] 101.00-102.00 sec   799 KBytes  6.55 Mbits/sec  1.094 ms  656/1338 (49%)  
[  5] 102.00-103.00 sec   689 KBytes  5.64 Mbits/sec  1.007 ms  608/1196 (51%)  
[  5] 103.00-104.00 sec   839 KBytes  6.87 Mbits/sec  1.110 ms  757/1473 (51%)  
[  5] 104.00-105.00 sec   671 KBytes  5.50 Mbits/sec  1.116 ms  571/1144 (50%)  
[  5] 105.00-106.00 sec   818 KBytes  6.70 Mbits/sec  1.762 ms  717/1415 (51%)  
[  5] 106.00-107.00 sec   679 KBytes  5.56 Mbits/sec  1.144 ms  600/1179 (51%)  
[  5] 107.00-108.00 sec   809 KBytes  6.62 Mbits/sec  1.085 ms  695/1385 (50%)  
[  5] 108.00-109.00 sec   709 KBytes  5.81 Mbits/sec  1.205 ms  586/1191 (49%)  
[  5] 109.00-110.00 sec   720 KBytes  5.89 Mbits/sec  1.125 ms  619/1233 (50%)  
[  5] 110.00-111.00 sec   779 KBytes  6.38 Mbits/sec  1.114 ms  657/1322 (50%)  
[  5] 111.00-112.00 sec   720 KBytes  5.89 Mbits/sec  1.040 ms  585/1199 (49%)  
[  5] 112.00-113.00 sec   798 KBytes  6.53 Mbits/sec  1.145 ms  650/1331 (49%)  
[  5] 113.00-114.00 sec   806 KBytes  6.61 Mbits/sec  1.070 ms  643/1331 (48%)  
[  5] 114.00-115.00 sec   720 KBytes  5.89 Mbits/sec  1.089 ms  574/1188 (48%)  
[  5] 115.00-116.00 sec   798 KBytes  6.54 Mbits/sec  1.138 ms  646/1327 (49%)  
[  5] 116.00-117.00 sec   720 KBytes  5.89 Mbits/sec  1.105 ms  607/1221 (50%)  
[  5] 117.00-118.00 sec   798 KBytes  6.54 Mbits/sec  1.077 ms  617/1298 (48%)  
[  5] 118.00-119.00 sec   690 KBytes  5.65 Mbits/sec  1.037 ms  549/1138 (48%)  
[  5] 119.00-120.00 sec   838 KBytes  6.87 Mbits/sec  1.051 ms  673/1388 (48%)  
[  5] 120.00-121.00 sec   680 KBytes  5.56 Mbits/sec  1.134 ms  547/1127 (49%)  
[  5] 121.00-122.00 sec   708 KBytes  5.80 Mbits/sec  1.144 ms  562/1166 (48%)  
[  5] 122.00-123.00 sec   810 KBytes  6.63 Mbits/sec  1.139 ms  664/1355 (49%)  
[  5] 123.00-124.00 sec   698 KBytes  5.72 Mbits/sec  1.076 ms  576/1172 (49%)  
[  5] 124.00-125.00 sec   809 KBytes  6.62 Mbits/sec  1.120 ms  642/1332 (48%)  
[  5] 125.00-126.00 sec   709 KBytes  5.80 Mbits/sec  1.095 ms  538/1143 (47%)  
[  5] 126.00-127.00 sec   688 KBytes  5.64 Mbits/sec  1.074 ms  529/1116 (47%)  
[  5] 127.00-128.00 sec   809 KBytes  6.62 Mbits/sec  1.075 ms  636/1326 (48%)  
[  5] 128.00-129.00 sec   698 KBytes  5.72 Mbits/sec  1.098 ms  544/1140 (48%)  
[  5] 129.00-130.00 sec   809 KBytes  6.62 Mbits/sec  1.084 ms  653/1343 (49%)  
[  5] 130.00-131.00 sec   830 KBytes  6.80 Mbits/sec  1.114 ms  675/1383 (49%)  
[  5] 131.00-132.00 sec   688 KBytes  5.64 Mbits/sec  1.213 ms  578/1165 (50%)  
[  5] 132.00-133.00 sec   809 KBytes  6.62 Mbits/sec  1.124 ms  693/1383 (50%)  
[  5] 133.00-134.00 sec   705 KBytes  5.78 Mbits/sec  1.288 ms  605/1207 (50%)  
[  5] 134.00-135.00 sec   809 KBytes  6.63 Mbits/sec  0.969 ms  662/1352 (49%)  
[  5] 135.00-136.00 sec   709 KBytes  5.81 Mbits/sec  1.149 ms  566/1171 (48%)  
[  5] 136.00-137.00 sec   809 KBytes  6.62 Mbits/sec  1.143 ms  630/1320 (48%)  
[  5] 137.00-138.00 sec   709 KBytes  5.81 Mbits/sec  1.121 ms  557/1162 (48%)  
[  5] 138.00-139.00 sec   809 KBytes  6.63 Mbits/sec  1.147 ms  656/1346 (49%)  
[  5] 139.00-140.00 sec   709 KBytes  5.81 Mbits/sec  1.113 ms  601/1206 (50%)  
[  5] 140.00-141.00 sec   809 KBytes  6.62 Mbits/sec  1.150 ms  643/1333 (48%)  
[  5] 141.00-142.00 sec   810 KBytes  6.63 Mbits/sec  1.072 ms  632/1323 (48%)  
[  5] 142.00-143.00 sec   679 KBytes  5.56 Mbits/sec  1.148 ms  512/1091 (47%)  
[  5] 143.00-144.00 sec   809 KBytes  6.63 Mbits/sec  1.153 ms  636/1326 (48%)  
[  5] 144.00-145.00 sec   709 KBytes  5.81 Mbits/sec  1.107 ms  548/1153 (48%)  
[  5] 145.00-146.00 sec   809 KBytes  6.62 Mbits/sec  1.159 ms  619/1309 (47%)  
[  5] 146.00-147.00 sec   718 KBytes  5.88 Mbits/sec  1.093 ms  609/1222 (50%)  
[  5] 147.00-148.00 sec   799 KBytes  6.55 Mbits/sec  1.123 ms  661/1343 (49%)  
[  5] 148.00-149.00 sec   718 KBytes  5.88 Mbits/sec  1.087 ms  596/1209 (49%)  
[  5] 149.00-150.00 sec   799 KBytes  6.55 Mbits/sec  1.111 ms  646/1328 (49%)  
[  5] 150.00-151.00 sec   718 KBytes  5.88 Mbits/sec  1.205 ms  562/1175 (48%)  
[  5] 151.00-152.00 sec   620 KBytes  5.08 Mbits/sec  1.140 ms  479/1008 (48%)  
[  5] 152.00-153.00 sec   749 KBytes  6.13 Mbits/sec  1.065 ms  582/1221 (48%)  
[  5] 153.00-154.00 sec   709 KBytes  5.81 Mbits/sec  1.199 ms  548/1153 (48%)  
[  5] 154.00-155.00 sec   648 KBytes  5.31 Mbits/sec  1.134 ms  497/1050 (47%)  
[  5] 155.00-156.00 sec   720 KBytes  5.89 Mbits/sec  1.137 ms  578/1192 (48%)  
[  5] 156.00-157.00 sec   709 KBytes  5.81 Mbits/sec  1.117 ms  551/1156 (48%)  
[  5] 157.00-158.00 sec   809 KBytes  6.62 Mbits/sec  1.089 ms  644/1334 (48%)  
[  5] 158.00-159.00 sec   709 KBytes  5.81 Mbits/sec  1.143 ms  541/1146 (47%)  
[  5] 159.00-160.00 sec   809 KBytes  6.62 Mbits/sec  1.117 ms  658/1348 (49%)  
[  5] 160.00-161.00 sec   709 KBytes  5.81 Mbits/sec  1.107 ms  552/1157 (48%)  
[  5] 161.00-162.00 sec   809 KBytes  6.62 Mbits/sec  1.104 ms  630/1320 (48%)  
[  5] 162.00-163.00 sec   718 KBytes  5.89 Mbits/sec  1.063 ms  610/1223 (50%)  
[  5] 163.00-164.00 sec   798 KBytes  6.54 Mbits/sec  1.060 ms  662/1343 (49%)  
[  5] 164.00-165.00 sec   788 KBytes  6.45 Mbits/sec  1.181 ms  808/1480 (55%)  
[  5] 165.00-166.00 sec   729 KBytes  5.97 Mbits/sec  1.059 ms  677/1299 (52%)  
[  5] 166.00-167.00 sec   694 KBytes  5.68 Mbits/sec  1.189 ms  648/1240 (52%)  
[  5] 167.00-168.00 sec   818 KBytes  6.70 Mbits/sec  1.216 ms  772/1470 (53%)  
[  5] 168.00-169.00 sec   694 KBytes  5.68 Mbits/sec  1.059 ms  617/1209 (51%)  
[  5] 169.00-170.00 sec   799 KBytes  6.55 Mbits/sec  1.118 ms  656/1338 (49%)  
[  5] 170.00-171.00 sec   718 KBytes  5.88 Mbits/sec  1.173 ms  577/1190 (48%)  
[  5] 171.00-172.00 sec   799 KBytes  6.55 Mbits/sec  1.108 ms  673/1355 (50%)  
[  5] 172.00-173.00 sec   709 KBytes  5.80 Mbits/sec  1.188 ms  558/1163 (48%)  
[  5] 173.00-174.00 sec   809 KBytes  6.63 Mbits/sec  0.993 ms  633/1323 (48%)  
[  5] 174.00-175.00 sec   799 KBytes  6.55 Mbits/sec  1.144 ms  610/1292 (47%)  
[  5] 175.00-176.00 sec   714 KBytes  5.85 Mbits/sec  1.149 ms  548/1157 (47%)  
[  5] 176.00-177.00 sec   710 KBytes  5.82 Mbits/sec  1.075 ms  547/1153 (47%)  
[  5] 177.00-178.00 sec   807 KBytes  6.61 Mbits/sec  1.096 ms  659/1348 (49%)  
[  5] 178.00-179.00 sec   810 KBytes  6.63 Mbits/sec  1.094 ms  639/1330 (48%)  
[  5] 179.00-180.00 sec   679 KBytes  5.56 Mbits/sec  1.148 ms  584/1163 (50%)  
[  5] 180.00-181.00 sec   839 KBytes  6.87 Mbits/sec  1.068 ms  702/1418 (50%)  
[  5] 181.00-182.00 sec   679 KBytes  5.56 Mbits/sec  1.081 ms  559/1138 (49%)  
[  5] 182.00-183.00 sec   718 KBytes  5.89 Mbits/sec  1.032 ms  565/1178 (48%)  
[  5] 183.00-184.00 sec   799 KBytes  6.55 Mbits/sec  1.159 ms  625/1307 (48%)  
[  5] 184.00-185.00 sec   718 KBytes  5.88 Mbits/sec  1.001 ms  564/1177 (48%)  
[  5] 185.00-186.00 sec   709 KBytes  5.81 Mbits/sec  1.153 ms  553/1158 (48%)  
[  5] 186.00-187.00 sec   718 KBytes  5.88 Mbits/sec  1.051 ms  564/1177 (48%)  
[  5] 187.00-188.00 sec   799 KBytes  6.55 Mbits/sec  1.144 ms  613/1295 (47%)  
[  5] 188.00-189.00 sec   689 KBytes  5.65 Mbits/sec  1.037 ms  574/1162 (49%)  
[  5] 189.00-190.00 sec   838 KBytes  6.86 Mbits/sec  1.067 ms  675/1390 (49%)  
[  5] 190.00-191.00 sec   680 KBytes  5.57 Mbits/sec  1.130 ms  513/1093 (47%)  
[  5] 191.00-192.00 sec   709 KBytes  5.81 Mbits/sec  1.080 ms  547/1152 (47%)  
[  5] 192.00-193.00 sec   809 KBytes  6.62 Mbits/sec  1.126 ms  650/1340 (49%)  
[  5] 193.00-194.00 sec   709 KBytes  5.80 Mbits/sec  1.126 ms  567/1172 (48%)  
[  5] 194.00-195.00 sec   809 KBytes  6.63 Mbits/sec  1.145 ms  669/1359 (49%)  
[  5] 195.00-196.00 sec   684 KBytes  5.61 Mbits/sec  1.119 ms  654/1238 (53%)  
[  5] 196.00-197.00 sec   619 KBytes  5.07 Mbits/sec  1.086 ms  511/1039 (49%)  
[  5] 197.00-198.00 sec   649 KBytes  5.32 Mbits/sec  1.118 ms  542/1096 (49%)  
[  5] 198.00-199.00 sec   738 KBytes  6.05 Mbits/sec  1.166 ms  617/1247 (49%)  
[  5] 199.00-200.00 sec   629 KBytes  5.16 Mbits/sec  1.110 ms  539/1076 (50%)  
[  5] 200.00-201.00 sec   738 KBytes  6.05 Mbits/sec  1.147 ms  604/1234 (49%)  
[  5] 201.00-202.00 sec   720 KBytes  5.90 Mbits/sec  1.098 ms  595/1209 (49%)  
[  5] 202.00-203.00 sec   648 KBytes  5.29 Mbits/sec  1.120 ms  532/1085 (49%)  
[  5] 203.00-204.00 sec   709 KBytes  5.83 Mbits/sec  1.117 ms  567/1172 (48%)  
[  5] 204.00-205.00 sec   720 KBytes  5.89 Mbits/sec  1.076 ms  583/1197 (49%)  
[  5] 205.00-206.00 sec   648 KBytes  5.31 Mbits/sec  1.155 ms  541/1094 (49%)  
[  5] 206.00-207.00 sec   739 KBytes  6.06 Mbits/sec  1.159 ms  603/1234 (49%)  
[  5] 207.00-208.00 sec   619 KBytes  5.07 Mbits/sec  1.149 ms  520/1048 (50%)  
[  5] 208.00-209.00 sec   749 KBytes  6.13 Mbits/sec  1.195 ms  613/1252 (49%)  
[  5] 209.00-210.00 sec   615 KBytes  5.04 Mbits/sec  1.328 ms  542/1067 (51%)  
[  5] 210.00-211.00 sec   730 KBytes  5.98 Mbits/sec  1.311 ms  762/1385 (55%)  
[  5] 211.00-212.00 sec   701 KBytes  5.74 Mbits/sec  1.268 ms  696/1294 (54%)  
[  5] 212.00-213.00 sec   729 KBytes  5.97 Mbits/sec  1.106 ms  700/1322 (53%)  
[  5] 213.00-214.00 sec   784 KBytes  6.42 Mbits/sec  1.260 ms  771/1440 (54%)  
[  5] 214.00-215.00 sec   729 KBytes  5.97 Mbits/sec  1.175 ms  720/1342 (54%)  
[  5] 215.00-216.00 sec   694 KBytes  5.68 Mbits/sec  1.394 ms  662/1254 (53%)  
[  5] 216.00-217.00 sec   702 KBytes  5.74 Mbits/sec  1.166 ms  654/1253 (52%)  
[  5] 217.00-218.00 sec   818 KBytes  6.71 Mbits/sec  1.178 ms  770/1468 (52%)  
[  5] 218.00-219.00 sec   694 KBytes  5.68 Mbits/sec  1.187 ms  629/1221 (52%)  
[  5] 219.00-220.00 sec   702 KBytes  5.75 Mbits/sec  1.279 ms  683/1282 (53%)  
[  5] 220.00-221.00 sec   819 KBytes  6.71 Mbits/sec  1.190 ms  794/1493 (53%)  
[  5] 221.00-222.00 sec   702 KBytes  5.75 Mbits/sec  1.161 ms  686/1285 (53%)  
[  5] 222.00-223.00 sec   810 KBytes  6.63 Mbits/sec  1.134 ms  771/1462 (53%)  
[  5] 223.00-224.00 sec   707 KBytes  5.79 Mbits/sec  1.167 ms  696/1299 (54%)  
[  5] 224.00-225.00 sec   809 KBytes  6.63 Mbits/sec  1.169 ms  702/1392 (50%)  
[  5] 225.00-226.00 sec   709 KBytes  5.80 Mbits/sec  1.137 ms  606/1211 (50%)  
[  5] 226.00-227.00 sec   720 KBytes  5.90 Mbits/sec  0.997 ms  606/1220 (50%)  
[  5] 227.00-228.00 sec   798 KBytes  6.54 Mbits/sec  1.141 ms  666/1347 (49%)  
[  5] 228.00-229.00 sec   689 KBytes  5.65 Mbits/sec  1.029 ms  602/1190 (51%)  
[  5] 229.00-230.00 sec   839 KBytes  6.87 Mbits/sec  1.077 ms  747/1463 (51%)  
[  5] 230.00-231.00 sec   679 KBytes  5.56 Mbits/sec  1.123 ms  549/1128 (49%)  
[  5] 231.00-232.00 sec   810 KBytes  6.62 Mbits/sec  1.036 ms  666/1357 (49%)  
[  5] 232.00-233.00 sec   708 KBytes  5.80 Mbits/sec  1.226 ms  574/1178 (49%)  
[  5] 233.00-234.00 sec   810 KBytes  6.64 Mbits/sec  1.094 ms  657/1348 (49%)  
[  5] 234.00-235.00 sec   708 KBytes  5.80 Mbits/sec  1.142 ms  566/1170 (48%)  
[  5] 235.00-236.00 sec   810 KBytes  6.63 Mbits/sec  1.152 ms  661/1352 (49%)  
[  5] 236.00-237.00 sec   798 KBytes  6.53 Mbits/sec  1.034 ms  666/1347 (49%)  
[  5] 237.00-238.00 sec   709 KBytes  5.81 Mbits/sec  1.181 ms  593/1198 (49%)  
[  5] 238.00-239.00 sec   809 KBytes  6.62 Mbits/sec  1.144 ms  668/1358 (49%)  
[  5] 239.00-240.00 sec   709 KBytes  5.80 Mbits/sec  1.176 ms  583/1188 (49%)  
[  5] 240.00-241.00 sec   809 KBytes  6.63 Mbits/sec  1.096 ms  646/1336 (48%)  
[  5] 241.00-242.00 sec   709 KBytes  5.81 Mbits/sec  1.093 ms  568/1173 (48%)  
[  5] 242.00-243.00 sec   718 KBytes  5.88 Mbits/sec  1.167 ms  573/1186 (48%)  
[  5] 243.00-244.00 sec   796 KBytes  6.52 Mbits/sec  1.082 ms  635/1314 (48%)  
[  5] 244.00-245.00 sec   709 KBytes  5.81 Mbits/sec  1.105 ms  551/1156 (48%)  
[  5] 245.00-246.00 sec   778 KBytes  6.38 Mbits/sec  1.031 ms  631/1295 (49%)  
[  5] 246.00-247.00 sec   709 KBytes  5.81 Mbits/sec  1.142 ms  568/1173 (48%)  
[  5] 247.00-248.00 sec   809 KBytes  6.62 Mbits/sec  1.084 ms  624/1314 (47%)  
[  5] 248.00-249.00 sec   709 KBytes  5.80 Mbits/sec  1.151 ms  550/1155 (48%)  
[  5] 249.00-250.00 sec   809 KBytes  6.63 Mbits/sec  1.141 ms  632/1322 (48%)  
[  5] 250.00-251.00 sec   709 KBytes  5.81 Mbits/sec  1.093 ms  533/1138 (47%)  
[  5] 251.00-252.00 sec   809 KBytes  6.62 Mbits/sec  1.123 ms  639/1329 (48%)  
[  5] 252.00-253.00 sec   720 KBytes  5.89 Mbits/sec  1.051 ms  573/1187 (48%)  
[  5] 253.00-254.00 sec   798 KBytes  6.54 Mbits/sec  1.083 ms  640/1321 (48%)  
[  5] 254.00-255.00 sec   809 KBytes  6.63 Mbits/sec  1.189 ms  709/1399 (51%)  
[  5] 255.00-256.00 sec   720 KBytes  5.89 Mbits/sec  1.091 ms  583/1197 (49%)  
[  5] 256.00-257.00 sec   619 KBytes  5.07 Mbits/sec  1.285 ms  516/1044 (49%)  
[  5] 257.00-258.00 sec   739 KBytes  6.06 Mbits/sec  1.117 ms  594/1225 (48%)  
[  5] 258.00-259.00 sec   619 KBytes  5.07 Mbits/sec  1.164 ms  493/1021 (48%)  
[  5] 259.00-260.00 sec   749 KBytes  6.13 Mbits/sec  1.086 ms  600/1239 (48%)  
[  5] 260.00-261.00 sec   619 KBytes  5.07 Mbits/sec  1.153 ms  483/1011 (48%)  
[  5] 261.00-262.00 sec   809 KBytes  6.62 Mbits/sec  1.100 ms  655/1345 (49%)  
[  5] 262.00-263.00 sec   709 KBytes  5.81 Mbits/sec  1.089 ms  563/1168 (48%)  
[  5] 263.00-264.00 sec   809 KBytes  6.62 Mbits/sec  1.116 ms  638/1328 (48%)  
[  5] 264.00-265.00 sec   709 KBytes  5.81 Mbits/sec  1.104 ms  552/1157 (48%)  
[  5] 265.00-266.00 sec   809 KBytes  6.62 Mbits/sec  1.141 ms  626/1316 (48%)  
[  5] 266.00-267.00 sec   709 KBytes  5.81 Mbits/sec  1.080 ms  546/1151 (47%)  
[  5] 267.00-268.00 sec   809 KBytes  6.62 Mbits/sec  1.090 ms  649/1339 (48%)  
[  5] 268.00-269.00 sec   810 KBytes  6.63 Mbits/sec  1.163 ms  640/1331 (48%)  
[  5] 269.00-270.00 sec   695 KBytes  5.69 Mbits/sec  1.427 ms  724/1317 (55%)  
[  5] 270.00-271.00 sec   819 KBytes  6.70 Mbits/sec  1.290 ms  844/1543 (55%)  
[  5] 271.00-272.00 sec   701 KBytes  5.75 Mbits/sec  1.208 ms  688/1286 (53%)  
[  5] 272.00-273.00 sec   812 KBytes  6.65 Mbits/sec  1.163 ms  801/1494 (54%)  
[  5] 273.00-274.00 sec   689 KBytes  5.65 Mbits/sec  1.111 ms  591/1179 (50%)  
[  5] 274.00-275.00 sec   709 KBytes  5.81 Mbits/sec  1.160 ms  557/1162 (48%)  
[  5] 275.00-276.00 sec   718 KBytes  5.89 Mbits/sec  0.997 ms  558/1171 (48%)  
[  5] 276.00-277.00 sec   799 KBytes  6.55 Mbits/sec  1.152 ms  612/1294 (47%)  
[  5] 277.00-278.00 sec   718 KBytes  5.88 Mbits/sec  1.183 ms  587/1200 (49%)  
[  5] 278.00-279.00 sec   799 KBytes  6.55 Mbits/sec  1.114 ms  647/1329 (49%)  
[  5] 279.00-280.00 sec   688 KBytes  5.63 Mbits/sec  1.127 ms  557/1144 (49%)  
[  5] 280.00-281.00 sec   799 KBytes  6.55 Mbits/sec  1.076 ms  649/1331 (49%)  
[  5] 281.00-282.00 sec   709 KBytes  5.81 Mbits/sec  1.124 ms  542/1147 (47%)  
[  5] 282.00-283.00 sec   796 KBytes  6.52 Mbits/sec  1.150 ms  624/1303 (48%)  
[  5] 283.00-284.00 sec   709 KBytes  5.81 Mbits/sec  1.139 ms  551/1156 (48%)  
[  5] 284.00-285.00 sec   809 KBytes  6.63 Mbits/sec  1.128 ms  662/1352 (49%)  
[  5] 285.00-286.00 sec   709 KBytes  5.81 Mbits/sec  1.205 ms  596/1201 (50%)  
[  5] 286.00-287.00 sec   809 KBytes  6.62 Mbits/sec  1.196 ms  697/1387 (50%)  
[  5] 287.00-288.00 sec   694 KBytes  5.68 Mbits/sec  1.126 ms  627/1219 (51%)  
[  5] 288.00-289.00 sec   715 KBytes  5.86 Mbits/sec  1.177 ms  585/1195 (49%)  
[  5] 289.00-290.00 sec   810 KBytes  6.63 Mbits/sec  1.083 ms  670/1361 (49%)  
[  5] 290.00-291.00 sec   679 KBytes  5.55 Mbits/sec  1.103 ms  533/1112 (48%)  
[  5] 291.00-292.00 sec   709 KBytes  5.81 Mbits/sec  1.140 ms  558/1163 (48%)  
[  5] 292.00-293.00 sec   809 KBytes  6.63 Mbits/sec  1.117 ms  630/1320 (48%)  
[  5] 293.00-294.00 sec   797 KBytes  6.53 Mbits/sec  1.015 ms  667/1347 (50%)  
[  5] 294.00-295.00 sec   709 KBytes  5.81 Mbits/sec  1.156 ms  578/1183 (49%)  
[  5] 295.00-296.00 sec   809 KBytes  6.63 Mbits/sec  1.058 ms  668/1358 (49%)  
[  5] 296.00-297.00 sec   709 KBytes  5.81 Mbits/sec  1.163 ms  570/1175 (49%)  
[  5] 297.00-298.00 sec   809 KBytes  6.62 Mbits/sec  1.116 ms  628/1318 (48%)  
[  5] 298.00-299.00 sec   703 KBytes  5.76 Mbits/sec  1.134 ms  551/1151 (48%)  
[  5] 299.00-300.00 sec   809 KBytes  6.62 Mbits/sec  1.188 ms  652/1342 (49%)  
[  5] 300.00-301.00 sec   720 KBytes  5.90 Mbits/sec  1.120 ms  600/1214 (49%)  
[  5] 301.00-302.00 sec   798 KBytes  6.54 Mbits/sec  1.131 ms  664/1345 (49%)  
[  5] 302.00-303.00 sec   690 KBytes  5.65 Mbits/sec  1.085 ms  599/1188 (50%)  
[  5] 303.00-304.00 sec   827 KBytes  6.78 Mbits/sec  1.102 ms  668/1374 (49%)  
[  5] 304.00-305.00 sec   690 KBytes  5.65 Mbits/sec  0.992 ms  570/1159 (49%)  
[  5] 305.00-306.00 sec   697 KBytes  5.71 Mbits/sec  1.110 ms  579/1174 (49%)  
[  5] 306.00-307.00 sec   803 KBytes  6.56 Mbits/sec  1.196 ms  632/1317 (48%)  
[  5] 307.00-308.00 sec   709 KBytes  5.82 Mbits/sec  1.094 ms  554/1159 (48%)  
[  5] 308.00-309.00 sec   809 KBytes  6.63 Mbits/sec  1.114 ms  626/1316 (48%)  
[  5] 309.00-310.00 sec   709 KBytes  5.81 Mbits/sec  1.119 ms  559/1164 (48%)  
[  5] 310.00-311.00 sec   809 KBytes  6.62 Mbits/sec  1.113 ms  650/1340 (49%)  
[  5] 311.00-312.00 sec   718 KBytes  5.89 Mbits/sec  1.109 ms  594/1207 (49%)  
[  5] 312.00-313.00 sec   799 KBytes  6.54 Mbits/sec  1.088 ms  610/1292 (47%)  
[  5] 313.00-314.00 sec   718 KBytes  5.89 Mbits/sec  1.025 ms  557/1170 (48%)  
[  5] 314.00-315.00 sec   799 KBytes  6.54 Mbits/sec  1.167 ms  620/1302 (48%)  
[  5] 315.00-316.00 sec   718 KBytes  5.89 Mbits/sec  1.119 ms  610/1223 (50%)  
[  5] 316.00-317.00 sec   709 KBytes  5.81 Mbits/sec  1.138 ms  582/1187 (49%)  
[  5] 317.00-318.00 sec   689 KBytes  5.65 Mbits/sec  1.103 ms  583/1171 (50%)  
[  5] 318.00-319.00 sec   708 KBytes  5.80 Mbits/sec  1.146 ms  609/1213 (50%)  
[  5] 319.00-320.00 sec   710 KBytes  5.82 Mbits/sec  1.093 ms  595/1201 (50%)  
[  5] 320.00-321.00 sec   628 KBytes  5.15 Mbits/sec  1.080 ms  525/1061 (49%)  
[  5] 321.00-322.00 sec   679 KBytes  5.56 Mbits/sec  1.146 ms  514/1093 (47%)  
[  5] 322.00-323.00 sec   709 KBytes  5.81 Mbits/sec  1.137 ms  541/1146 (47%)  
[  5] 323.00-324.00 sec   620 KBytes  5.08 Mbits/sec  1.102 ms  466/995 (47%)  
[  5] 324.00-325.00 sec   689 KBytes  5.64 Mbits/sec  1.006 ms  544/1132 (48%)  
[  5] 325.00-326.00 sec   708 KBytes  5.79 Mbits/sec  1.051 ms  544/1148 (47%)  
[  5] 326.00-327.00 sec   720 KBytes  5.90 Mbits/sec  1.048 ms  594/1208 (49%)  
[  5] 327.00-328.00 sec   709 KBytes  5.81 Mbits/sec  1.118 ms  582/1187 (49%)  
[  5] 328.00-329.00 sec   709 KBytes  5.81 Mbits/sec  1.137 ms  579/1184 (49%)  
[  5] 329.00-330.00 sec   689 KBytes  5.64 Mbits/sec  1.102 ms  568/1156 (49%)  
[  5] 330.00-331.00 sec   709 KBytes  5.81 Mbits/sec  1.190 ms  632/1237 (51%)  
[  5] 331.00-332.00 sec   709 KBytes  5.81 Mbits/sec  1.153 ms  647/1252 (52%)  
[  5] 332.00-333.00 sec   809 KBytes  6.62 Mbits/sec  1.232 ms  782/1472 (53%)  
[  5] 333.00-334.00 sec   718 KBytes  5.88 Mbits/sec  1.079 ms  739/1352 (55%)  
[  5] 334.00-335.00 sec   709 KBytes  5.81 Mbits/sec  1.123 ms  679/1284 (53%)  
[  5] 335.00-336.00 sec   720 KBytes  5.89 Mbits/sec  1.068 ms  731/1345 (54%)  
[  5] 336.00-337.00 sec   679 KBytes  5.56 Mbits/sec  1.305 ms  679/1258 (54%)  
[  5] 337.00-338.00 sec   708 KBytes  5.80 Mbits/sec  1.145 ms  782/1386 (56%)  
[  5] 338.00-339.00 sec   718 KBytes  5.89 Mbits/sec  1.136 ms  688/1301 (53%)  
[  5] 339.00-340.00 sec   709 KBytes  5.81 Mbits/sec  1.180 ms  632/1237 (51%)  
[  5] 340.00-341.00 sec   720 KBytes  5.89 Mbits/sec  1.085 ms  641/1255 (51%)  
[  5] 341.00-342.00 sec   677 KBytes  5.54 Mbits/sec  1.169 ms  590/1168 (51%)  
[  5] 342.00-343.00 sec   710 KBytes  5.82 Mbits/sec  1.224 ms  636/1242 (51%)  
[  5] 343.00-344.00 sec   718 KBytes  5.88 Mbits/sec  1.208 ms  646/1259 (51%)  
[  5] 344.00-345.00 sec   693 KBytes  5.67 Mbits/sec  1.175 ms  646/1237 (52%)  
[  5] 345.00-346.00 sec   718 KBytes  5.88 Mbits/sec  1.208 ms  634/1247 (51%)  
[  5] 346.00-347.00 sec   680 KBytes  5.57 Mbits/sec  1.220 ms  571/1151 (50%)  
[  5] 347.00-348.00 sec   738 KBytes  6.05 Mbits/sec  1.103 ms  638/1268 (50%)  
[  5] 348.00-349.00 sec   689 KBytes  5.64 Mbits/sec  1.116 ms  606/1194 (51%)  
[  5] 349.00-350.00 sec   709 KBytes  5.81 Mbits/sec  1.247 ms  644/1249 (52%)  
[  5] 350.00-351.00 sec   589 KBytes  4.83 Mbits/sec  1.175 ms  523/1026 (51%)  
[  5] 351.00-352.00 sec   619 KBytes  5.06 Mbits/sec  1.101 ms  535/1063 (50%)  
[  5] 352.00-353.00 sec   718 KBytes  5.88 Mbits/sec  1.028 ms  634/1247 (51%)  
[  5] 353.00-354.00 sec   709 KBytes  5.81 Mbits/sec  1.164 ms  661/1266 (52%)  
[  5] 354.00-355.00 sec   718 KBytes  5.88 Mbits/sec  1.109 ms  667/1280 (52%)  
[  5] 355.00-356.00 sec   591 KBytes  4.84 Mbits/sec  1.104 ms  561/1065 (53%)  
[  5] 356.00-357.00 sec   709 KBytes  5.81 Mbits/sec  1.185 ms  669/1274 (53%)  
[  5] 357.00-358.00 sec   588 KBytes  4.82 Mbits/sec  1.186 ms  558/1060 (53%)  
[  5] 358.00-359.00 sec   717 KBytes  5.87 Mbits/sec  5.363 ms  710/1323 (54%)  
[  5] 359.00-360.00 sec   799 KBytes  6.55 Mbits/sec  1.164 ms  668/1350 (49%)  
[  5] 360.00-361.00 sec   720 KBytes  5.89 Mbits/sec  1.083 ms  653/1267 (52%)  
[  5] 361.00-362.00 sec   708 KBytes  5.80 Mbits/sec  1.196 ms  625/1229 (51%)  
[  5] 362.00-363.00 sec   710 KBytes  5.82 Mbits/sec  1.151 ms  634/1240 (51%)  
[  5] 363.00-364.00 sec   688 KBytes  5.63 Mbits/sec  1.239 ms  695/1282 (54%)  
[  5] 364.00-365.00 sec   709 KBytes  5.81 Mbits/sec  1.162 ms  803/1408 (57%)  
[  5] 365.00-366.00 sec   718 KBytes  5.89 Mbits/sec  1.141 ms  815/1428 (57%)  
[  5] 366.00-367.00 sec   691 KBytes  5.66 Mbits/sec  1.401 ms  687/1277 (54%)  
[  5] 367.00-368.00 sec   809 KBytes  6.62 Mbits/sec  1.107 ms  780/1470 (53%)  
[  5] 368.00-369.00 sec   589 KBytes  4.83 Mbits/sec  1.171 ms  594/1097 (54%)  
[  5] 369.00-370.00 sec   709 KBytes  5.80 Mbits/sec  1.317 ms  776/1381 (56%)  
[  5] 370.00-371.00 sec   718 KBytes  5.88 Mbits/sec  1.201 ms  679/1292 (53%)  
[  5] 371.00-372.00 sec   709 KBytes  5.81 Mbits/sec  1.170 ms  654/1259 (52%)  
[  5] 372.00-373.00 sec   701 KBytes  5.75 Mbits/sec  1.269 ms  643/1241 (52%)  
[  5] 373.00-374.00 sec   689 KBytes  5.64 Mbits/sec  1.038 ms  593/1181 (50%)  
[  5] 374.00-375.00 sec   818 KBytes  6.70 Mbits/sec  1.783 ms  775/1473 (53%)  
[  5] 375.00-376.00 sec   679 KBytes  5.56 Mbits/sec  1.271 ms  624/1203 (52%)  
[  5] 376.00-377.00 sec   620 KBytes  5.08 Mbits/sec  1.132 ms  570/1099 (52%)  
[  5] 377.00-378.00 sec   809 KBytes  6.62 Mbits/sec  1.126 ms  729/1419 (51%)  
[  5] 378.00-379.00 sec   709 KBytes  5.81 Mbits/sec  1.182 ms  623/1228 (51%)  
[  5] 379.00-380.00 sec   718 KBytes  5.88 Mbits/sec  1.102 ms  610/1223 (50%)  
[  5] 380.00-381.00 sec   679 KBytes  5.56 Mbits/sec  1.277 ms  595/1174 (51%)  
[  5] 381.00-382.00 sec   709 KBytes  5.81 Mbits/sec  1.134 ms  652/1257 (52%)  
[  5] 382.00-383.00 sec   720 KBytes  5.89 Mbits/sec  1.094 ms  654/1268 (52%)  
[  5] 383.00-384.00 sec   709 KBytes  5.81 Mbits/sec  1.196 ms  648/1253 (52%)  
[  5] 384.00-385.00 sec   702 KBytes  5.75 Mbits/sec  1.111 ms  686/1285 (53%)  
[  5] 385.00-386.00 sec   679 KBytes  5.56 Mbits/sec  1.227 ms  619/1198 (52%)  
[  5] 386.00-387.00 sec   709 KBytes  5.81 Mbits/sec  1.219 ms  658/1263 (52%)  
[  5] 387.00-388.00 sec   720 KBytes  5.89 Mbits/sec  1.194 ms  646/1260 (51%)  
[  5] 388.00-389.00 sec   708 KBytes  5.80 Mbits/sec  1.177 ms  619/1223 (51%)  
[  5] 389.00-390.00 sec   710 KBytes  5.82 Mbits/sec  1.160 ms  646/1252 (52%)  
[  5] 390.00-391.00 sec   598 KBytes  4.90 Mbits/sec  1.165 ms  562/1072 (52%)  
[  5] 391.00-392.00 sec   709 KBytes  5.81 Mbits/sec  1.171 ms  602/1207 (50%)  
[  5] 392.00-393.00 sec   709 KBytes  5.81 Mbits/sec  1.192 ms  647/1252 (52%)  
[  5] 393.00-394.00 sec   683 KBytes  5.60 Mbits/sec  0.972 ms  607/1190 (51%)  
[  5] 394.00-395.00 sec   710 KBytes  5.82 Mbits/sec  1.129 ms  637/1243 (51%)  
[  5] 395.00-396.00 sec   708 KBytes  5.80 Mbits/sec  1.133 ms  618/1222 (51%)  
[  5] 396.00-397.00 sec   720 KBytes  5.89 Mbits/sec  1.172 ms  648/1262 (51%)  
[  5] 397.00-398.00 sec   588 KBytes  4.82 Mbits/sec  1.234 ms  508/1010 (50%)  
[  5] 398.00-399.00 sec   709 KBytes  5.81 Mbits/sec  1.288 ms  656/1261 (52%)  
[  5] 399.00-400.00 sec   758 KBytes  6.21 Mbits/sec  2.799 ms  721/1368 (53%)  
[  5] 400.00-401.00 sec   759 KBytes  6.23 Mbits/sec  1.187 ms  697/1345 (52%)  
[  5] 401.00-402.00 sec   620 KBytes  5.08 Mbits/sec  1.136 ms  560/1089 (51%)  
[  5] 402.00-403.00 sec   688 KBytes  5.64 Mbits/sec  1.209 ms  683/1270 (54%)  
[  5] 403.00-404.00 sec   709 KBytes  5.81 Mbits/sec  1.249 ms  670/1275 (53%)  
[  5] 404.00-405.00 sec   720 KBytes  5.89 Mbits/sec  1.124 ms  723/1337 (54%)  
[  5] 405.00-406.00 sec   709 KBytes  5.80 Mbits/sec  1.138 ms  681/1286 (53%)  
[  5] 406.00-407.00 sec   619 KBytes  5.07 Mbits/sec  1.156 ms  551/1079 (51%)  
[  5] 407.00-408.00 sec   720 KBytes  5.90 Mbits/sec  1.091 ms  658/1272 (52%)  
