Connecting to host 172.22.0.50, port 5201
Reverse mode, remote host 172.22.0.50 is sending
[  5] local 192.168.100.2 port 52520 connected to 172.22.0.50 port 5201
[ ID] Interval           Transfer     Bitrate         Jitter    Lost/Total Datagrams
[  5]   0.00-1.00   sec  1.43 MBytes  12.0 Mbits/sec  0.834 ms  0/1253 (0%)  
[  5]   1.00-2.00   sec  1.43 MBytes  12.0 Mbits/sec  0.975 ms  0/1249 (0%)  
[  5]   2.00-3.00   sec  1.43 MBytes  12.0 Mbits/sec  0.834 ms  0/1249 (0%)  
[  5]   3.00-4.00   sec  1.44 MBytes  12.0 Mbits/sec  0.807 ms  0/1254 (0%)  
[  5]   4.00-5.00   sec  1.43 MBytes  12.0 Mbits/sec  0.821 ms  0/1249 (0%)  
[  5]   5.00-6.00   sec  1.42 MBytes  11.9 Mbits/sec  1.139 ms  0/1242 (0%)  
[  5]   6.00-7.00   sec  1.43 MBytes  12.0 Mbits/sec  1.030 ms  0/1250 (0%)  
[  5]   7.00-8.00   sec  1.43 MBytes  12.0 Mbits/sec  1.207 ms  0/1250 (0%)  
[  5]   8.00-9.00   sec  1.44 MBytes  12.0 Mbits/sec  0.880 ms  0/1255 (0%)  
[  5]   9.00-10.00  sec  1.42 MBytes  11.9 Mbits/sec  1.591 ms  0/1240 (0%)  
[  5]  10.00-11.00  sec   905 KBytes  7.42 Mbits/sec  2.105 ms  0/772 (0%)  
[  5]  11.00-12.00  sec   408 KBytes  3.34 Mbits/sec  2.005 ms  0/348 (0%)  
[  5]  12.00-13.00  sec   401 KBytes  3.28 Mbits/sec  2.172 ms  0/342 (0%)  
[  5]  13.00-14.00  sec   409 KBytes  3.35 Mbits/sec  2.078 ms  0/349 (0%)  
[  5]  14.00-15.00  sec   409 KBytes  3.35 Mbits/sec  2.257 ms  0/349 (0%)  
[  5]  15.00-16.00  sec   410 KBytes  3.36 Mbits/sec  2.021 ms  0/350 (0%)  
[  5]  16.00-17.00  sec   403 KBytes  3.30 Mbits/sec  2.182 ms  0/344 (0%)  
[  5]  17.00-18.00  sec   408 KBytes  3.34 Mbits/sec  2.087 ms  0/348 (0%)  
[  5]  18.00-19.00  sec   405 KBytes  3.32 Mbits/sec  2.108 ms  0/346 (0%)  
[  5]  19.00-20.00  sec   408 KBytes  3.34 Mbits/sec  2.069 ms  0/348 (0%)  
[  5]  20.00-21.00  sec   398 KBytes  3.27 Mbits/sec  2.112 ms  0/340 (0%)  
[  5]  21.00-22.00  sec   403 KBytes  3.30 Mbits/sec  2.018 ms  0/344 (0%)  
[  5]  22.00-23.00  sec   407 KBytes  3.33 Mbits/sec  2.429 ms  0/347 (0%)  
[  5]  23.00-24.00  sec   407 KBytes  3.33 Mbits/sec  2.033 ms  0/347 (0%)  
[  5]  24.00-25.00  sec   408 KBytes  3.34 Mbits/sec  1.990 ms  0/348 (0%)  
[  5]  25.00-26.00  sec   405 KBytes  3.32 Mbits/sec  2.177 ms  0/346 (0%)  
[  5]  26.00-27.00  sec   401 KBytes  3.28 Mbits/sec  2.285 ms  0/342 (0%)  
[  5]  27.00-28.00  sec   395 KBytes  3.23 Mbits/sec  2.350 ms  0/337 (0%)  
[  5]  28.00-29.00  sec   393 KBytes  3.22 Mbits/sec  2.045 ms  0/335 (0%)  
[  5]  29.00-30.00  sec   403 KBytes  3.30 Mbits/sec  2.144 ms  0/344 (0%)  
[  5]  30.00-31.00  sec   408 KBytes  3.34 Mbits/sec  2.030 ms  0/348 (0%)  
[  5]  31.00-32.00  sec   409 KBytes  3.35 Mbits/sec  2.178 ms  0/349 (0%)  
[  5]  32.00-33.00  sec   411 KBytes  3.37 Mbits/sec  2.033 ms  0/351 (0%)  
[  5]  33.00-34.00  sec   412 KBytes  3.38 Mbits/sec  2.079 ms  0/352 (0%)  
[  5]  34.00-35.00  sec   410 KBytes  3.36 Mbits/sec  2.092 ms  0/350 (0%)  
[  5]  35.00-36.00  sec   410 KBytes  3.36 Mbits/sec  2.109 ms  0/350 (0%)  
[  5]  36.00-37.00  sec   405 KBytes  3.32 Mbits/sec  2.267 ms  0/346 (0%)  
[  5]  37.00-38.00  sec   402 KBytes  3.29 Mbits/sec  2.370 ms  0/343 (0%)  
[  5]  38.00-39.00  sec   400 KBytes  3.27 Mbits/sec  2.130 ms  0/341 (0%)  
[  5]  39.00-40.00  sec   405 KBytes  3.32 Mbits/sec  1.994 ms  0/346 (0%)  
[  5]  40.00-41.00  sec   403 KBytes  3.30 Mbits/sec  2.341 ms  0/344 (0%)  
[  5]  41.00-42.00  sec   407 KBytes  3.33 Mbits/sec  2.095 ms  0/347 (0%)  
[  5]  42.00-43.00  sec   374 KBytes  3.07 Mbits/sec  2.233 ms  0/319 (0%)  
[  5]  43.00-44.00  sec   373 KBytes  3.05 Mbits/sec  2.090 ms  819/1137 (72%)  
[  5]  44.00-45.00  sec   393 KBytes  3.22 Mbits/sec  2.442 ms  879/1214 (72%)  
[  5]  45.00-46.00  sec   417 KBytes  3.42 Mbits/sec  2.170 ms  944/1300 (73%)  
[  5]  46.00-47.00  sec   412 KBytes  3.38 Mbits/sec  2.132 ms  912/1264 (72%)  
[  5]  47.00-48.00  sec   393 KBytes  3.21 Mbits/sec  2.459 ms  876/1211 (72%)  
[  5]  48.00-49.00  sec   412 KBytes  3.38 Mbits/sec  2.166 ms  903/1255 (72%)  
[  5]  49.00-50.00  sec   397 KBytes  3.25 Mbits/sec  2.387 ms  896/1235 (73%)  
[  5]  50.00-51.00  sec   412 KBytes  3.38 Mbits/sec  2.363 ms  940/1292 (73%)  
[  5]  51.00-52.00  sec   414 KBytes  3.39 Mbits/sec  2.111 ms  979/1332 (73%)  
[  5]  52.00-53.00  sec   412 KBytes  3.38 Mbits/sec  2.218 ms  930/1282 (73%)  
[  5]  53.00-54.00  sec   397 KBytes  3.25 Mbits/sec  2.334 ms  878/1217 (72%)  
[  5]  54.00-55.00  sec   412 KBytes  3.38 Mbits/sec  2.134 ms  920/1272 (72%)  
[  5]  55.00-56.00  sec   393 KBytes  3.22 Mbits/sec  2.303 ms  866/1201 (72%)  
[  5]  56.00-57.00  sec   412 KBytes  3.38 Mbits/sec  2.326 ms  889/1241 (72%)  
[  5]  57.00-58.00  sec   412 KBytes  3.38 Mbits/sec  2.157 ms  905/1257 (72%)  
[  5]  58.00-59.00  sec   397 KBytes  3.26 Mbits/sec  2.384 ms  874/1213 (72%)  
[  5]  59.00-60.00  sec   412 KBytes  3.38 Mbits/sec  2.156 ms  910/1262 (72%)  
[  5]  60.00-61.00  sec   412 KBytes  3.38 Mbits/sec  2.165 ms  918/1270 (72%)  
[  5]  61.00-62.00  sec   412 KBytes  3.38 Mbits/sec  2.149 ms  937/1289 (73%)  
[  5]  62.00-63.00  sec   398 KBytes  3.26 Mbits/sec  1.952 ms  900/1240 (73%)  
[  5]  63.00-64.00  sec   412 KBytes  3.38 Mbits/sec  2.105 ms  920/1272 (72%)  
[  5]  64.00-65.00  sec   393 KBytes  3.22 Mbits/sec  2.237 ms  874/1209 (72%)  
[  5]  65.00-66.00  sec   412 KBytes  3.38 Mbits/sec  2.467 ms  916/1268 (72%)  
[  5]  66.00-67.00  sec   417 KBytes  3.41 Mbits/sec  2.102 ms  920/1276 (72%)  
[  5]  67.00-68.00  sec   393 KBytes  3.22 Mbits/sec  2.398 ms  857/1192 (72%)  
[  5]  68.00-69.00  sec   412 KBytes  3.38 Mbits/sec  2.374 ms  926/1278 (72%)  
[  5]  69.00-70.00  sec   412 KBytes  3.38 Mbits/sec  2.143 ms  936/1288 (73%)  
[  5]  70.00-71.00  sec   398 KBytes  3.26 Mbits/sec  2.229 ms  898/1238 (73%)  
[  5]  71.00-72.00  sec   412 KBytes  3.38 Mbits/sec  2.037 ms  910/1262 (72%)  
[  5]  72.00-73.00  sec   412 KBytes  3.38 Mbits/sec  1.990 ms  895/1247 (72%)  
[  5]  73.00-74.00  sec   393 KBytes  3.21 Mbits/sec  2.305 ms  863/1198 (72%)  
[  5]  74.00-75.00  sec   412 KBytes  3.38 Mbits/sec  2.161 ms  899/1251 (72%)  
[  5]  75.00-76.00  sec   417 KBytes  3.42 Mbits/sec  2.043 ms  917/1273 (72%)  
[  5]  76.00-77.00  sec   393 KBytes  3.21 Mbits/sec  2.388 ms  907/1242 (73%)  
[  5]  77.00-78.00  sec   412 KBytes  3.38 Mbits/sec  2.330 ms  946/1298 (73%)  
[  5]  78.00-79.00  sec   412 KBytes  3.38 Mbits/sec  2.251 ms  911/1263 (72%)  
[  5]  79.00-80.00  sec   397 KBytes  3.25 Mbits/sec  2.347 ms  902/1241 (73%)  
[  5]  80.00-81.00  sec   412 KBytes  3.38 Mbits/sec  2.063 ms  917/1269 (72%)  
[  5]  81.00-82.00  sec   412 KBytes  3.38 Mbits/sec  2.078 ms  895/1247 (72%)  
[  5]  82.00-83.00  sec   393 KBytes  3.22 Mbits/sec  2.287 ms  855/1190 (72%)  
[  5]  83.00-84.00  sec   412 KBytes  3.38 Mbits/sec  2.156 ms  903/1255 (72%)  
[  5]  84.00-85.00  sec   418 KBytes  3.43 Mbits/sec  2.007 ms  933/1290 (72%)  
[  5]  85.00-86.00  sec   353 KBytes  2.89 Mbits/sec  7.824 ms  820/1121 (73%)  
[  5]  86.00-87.00  sec   391 KBytes  3.21 Mbits/sec  2.396 ms  814/1148 (71%)  
[  5]  87.00-88.00  sec   418 KBytes  3.43 Mbits/sec  2.015 ms  917/1274 (72%)  
[  5]  88.00-89.00  sec   412 KBytes  3.38 Mbits/sec  2.101 ms  914/1266 (72%)  
[  5]  89.00-90.00  sec   393 KBytes  3.22 Mbits/sec  2.195 ms  884/1219 (73%)  
[  5]  90.00-91.00  sec   412 KBytes  3.38 Mbits/sec  2.339 ms  933/1285 (73%)  
[  5]  91.00-92.00  sec   452 KBytes  3.71 Mbits/sec  2.388 ms  1015/1401 (72%)  
[  5]  92.00-93.00  sec   417 KBytes  3.42 Mbits/sec  2.240 ms  964/1320 (73%)  
[  5]  93.00-94.00  sec   353 KBytes  2.89 Mbits/sec  2.341 ms  802/1103 (73%)  
[  5]  94.00-95.00  sec   412 KBytes  3.37 Mbits/sec  2.088 ms  918/1270 (72%)  
[  5]  95.00-96.00  sec   393 KBytes  3.23 Mbits/sec  2.557 ms  855/1190 (72%)  
[  5]  96.00-97.00  sec   417 KBytes  3.42 Mbits/sec  2.100 ms  922/1278 (72%)  
[  5]  97.00-98.00  sec   414 KBytes  3.39 Mbits/sec  1.972 ms  883/1236 (71%)  
[  5]  98.00-99.00  sec   391 KBytes  3.21 Mbits/sec  2.412 ms  854/1188 (72%)  
[  5]  99.00-100.00 sec   414 KBytes  3.39 Mbits/sec  2.215 ms  926/1279 (72%)  
[  5] 100.00-101.00 sec   397 KBytes  3.26 Mbits/sec  2.367 ms  881/1220 (72%)  
[  5] 101.00-102.00 sec   412 KBytes  3.38 Mbits/sec  2.359 ms  916/1268 (72%)  
[  5] 102.00-103.00 sec   412 KBytes  3.38 Mbits/sec  2.196 ms  922/1274 (72%)  
[  5] 103.00-104.00 sec   412 KBytes  3.38 Mbits/sec  2.041 ms  888/1240 (72%)  
[  5] 104.00-105.00 sec   397 KBytes  3.25 Mbits/sec  2.365 ms  876/1215 (72%)  
[  5] 105.00-106.00 sec   412 KBytes  3.38 Mbits/sec  2.061 ms  926/1278 (72%)  
[  5] 106.00-107.00 sec   414 KBytes  3.39 Mbits/sec  1.993 ms  934/1287 (73%)  
[  5] 107.00-108.00 sec   391 KBytes  3.21 Mbits/sec  2.404 ms  885/1219 (73%)  
[  5] 108.00-109.00 sec   414 KBytes  3.39 Mbits/sec  2.101 ms  947/1300 (73%)  
[  5] 109.00-110.00 sec   396 KBytes  3.24 Mbits/sec  2.381 ms  932/1270 (73%)  
[  5] 110.00-111.00 sec   373 KBytes  3.05 Mbits/sec  2.139 ms  862/1180 (73%)  
[  5] 111.00-112.00 sec   393 KBytes  3.22 Mbits/sec  2.873 ms  876/1211 (72%)  
[  5] 112.00-113.00 sec   418 KBytes  3.43 Mbits/sec  2.019 ms  919/1276 (72%)  
[  5] 113.00-114.00 sec   412 KBytes  3.38 Mbits/sec  2.133 ms  902/1254 (72%)  
[  5] 114.00-115.00 sec   393 KBytes  3.22 Mbits/sec  2.274 ms  852/1187 (72%)  
[  5] 115.00-116.00 sec   412 KBytes  3.38 Mbits/sec  2.271 ms  906/1258 (72%)  
[  5] 116.00-117.00 sec   397 KBytes  3.25 Mbits/sec  2.448 ms  870/1209 (72%)  
[  5] 117.00-118.00 sec   412 KBytes  3.38 Mbits/sec  2.524 ms  935/1287 (73%)  
[  5] 118.00-119.00 sec   353 KBytes  2.89 Mbits/sec  2.290 ms  783/1084 (72%)  
[  5] 119.00-120.00 sec   412 KBytes  3.38 Mbits/sec  2.315 ms  928/1280 (72%)  
[  5] 120.00-121.00 sec   417 KBytes  3.42 Mbits/sec  2.198 ms  967/1323 (73%)  
[  5] 121.00-122.00 sec   393 KBytes  3.22 Mbits/sec  2.394 ms  891/1226 (73%)  
[  5] 122.00-123.00 sec   353 KBytes  2.89 Mbits/sec  2.732 ms  781/1082 (72%)  
[  5] 123.00-124.00 sec   417 KBytes  3.42 Mbits/sec  2.121 ms  929/1285 (72%)  
[  5] 124.00-125.00 sec   412 KBytes  3.38 Mbits/sec  2.159 ms  913/1265 (72%)  
[  5] 125.00-126.00 sec   393 KBytes  3.22 Mbits/sec  2.427 ms  890/1225 (73%)  
[  5] 126.00-127.00 sec   357 KBytes  2.93 Mbits/sec  2.451 ms  825/1130 (73%)  
[  5] 127.00-128.00 sec   412 KBytes  3.38 Mbits/sec  2.494 ms  925/1277 (72%)  
[  5] 128.00-129.00 sec   412 KBytes  3.38 Mbits/sec  2.070 ms  896/1248 (72%)  
[  5] 129.00-130.00 sec   393 KBytes  3.22 Mbits/sec  2.311 ms  864/1199 (72%)  
[  5] 130.00-131.00 sec   412 KBytes  3.38 Mbits/sec  2.169 ms  906/1258 (72%)  
[  5] 131.00-132.00 sec   417 KBytes  3.42 Mbits/sec  2.137 ms  920/1276 (72%)  
[  5] 132.00-133.00 sec   393 KBytes  3.22 Mbits/sec  2.402 ms  873/1208 (72%)  
[  5] 133.00-134.00 sec   412 KBytes  3.38 Mbits/sec  2.339 ms  933/1285 (73%)  
[  5] 134.00-135.00 sec   412 KBytes  3.38 Mbits/sec  2.177 ms  950/1302 (73%)  
[  5] 135.00-136.00 sec   357 KBytes  2.93 Mbits/sec  2.177 ms  834/1139 (73%)  
[  5] 136.00-137.00 sec   393 KBytes  3.22 Mbits/sec  2.476 ms  908/1243 (73%)  
[  5] 137.00-138.00 sec   473 KBytes  3.88 Mbits/sec  1.940 ms  1058/1462 (72%)  
[  5] 138.00-139.00 sec   393 KBytes  3.22 Mbits/sec  2.343 ms  877/1212 (72%)  
[  5] 139.00-140.00 sec   386 KBytes  3.16 Mbits/sec  3.695 ms  905/1235 (73%)  
[  5] 140.00-141.00 sec   383 KBytes  3.14 Mbits/sec  2.315 ms  821/1148 (72%)  
[  5] 141.00-142.00 sec   412 KBytes  3.38 Mbits/sec  2.255 ms  933/1285 (73%)  
[  5] 142.00-143.00 sec   393 KBytes  3.21 Mbits/sec  2.479 ms  919/1254 (73%)  
[  5] 143.00-144.00 sec   417 KBytes  3.42 Mbits/sec  2.169 ms  976/1332 (73%)  
[  5] 144.00-145.00 sec   353 KBytes  2.89 Mbits/sec  2.269 ms  825/1126 (73%)  
[  5] 145.00-146.00 sec   412 KBytes  3.38 Mbits/sec  2.253 ms  951/1303 (73%)  
[  5] 146.00-147.00 sec   397 KBytes  3.25 Mbits/sec  2.360 ms  909/1248 (73%)  
[  5] 147.00-148.00 sec   473 KBytes  3.88 Mbits/sec  2.022 ms  1081/1485 (73%)  
[  5] 148.00-149.00 sec   391 KBytes  3.21 Mbits/sec  2.307 ms  897/1231 (73%)  
[  5] 149.00-150.00 sec   414 KBytes  3.39 Mbits/sec  2.063 ms  980/1333 (74%)  
[  5] 150.00-151.00 sec   357 KBytes  2.93 Mbits/sec  2.089 ms  866/1171 (74%)  
[  5] 151.00-152.00 sec   412 KBytes  3.38 Mbits/sec  2.070 ms  973/1325 (73%)  
[  5] 152.00-153.00 sec   393 KBytes  3.22 Mbits/sec  2.215 ms  879/1214 (72%)  
[  5] 153.00-154.00 sec   412 KBytes  3.38 Mbits/sec  2.318 ms  920/1272 (72%)  
[  5] 154.00-155.00 sec   412 KBytes  3.38 Mbits/sec  2.200 ms  926/1278 (72%)  
[  5] 155.00-156.00 sec   397 KBytes  3.25 Mbits/sec  2.234 ms  885/1224 (72%)  
[  5] 156.00-157.00 sec   412 KBytes  3.38 Mbits/sec  2.355 ms  902/1254 (72%)  
[  5] 157.00-158.00 sec   412 KBytes  3.38 Mbits/sec  2.093 ms  906/1258 (72%)  
[  5] 158.00-159.00 sec   357 KBytes  2.93 Mbits/sec  2.155 ms  812/1117 (73%)  
[  5] 159.00-160.00 sec   412 KBytes  3.38 Mbits/sec  2.138 ms  933/1285 (73%)  
[  5] 160.00-161.00 sec   393 KBytes  3.22 Mbits/sec  2.294 ms  863/1198 (72%)  
[  5] 161.00-162.00 sec   412 KBytes  3.38 Mbits/sec  2.213 ms  903/1255 (72%)  
[  5] 162.00-163.00 sec   397 KBytes  3.25 Mbits/sec  2.275 ms  881/1220 (72%)  
[  5] 163.00-164.00 sec   412 KBytes  3.38 Mbits/sec  2.416 ms  934/1286 (73%)  
[  5] 164.00-165.00 sec   454 KBytes  3.72 Mbits/sec  2.312 ms  1047/1434 (73%)  
[  5] 165.00-166.00 sec   371 KBytes  3.04 Mbits/sec  2.132 ms  862/1179 (73%)  
[  5] 166.00-167.00 sec   393 KBytes  3.21 Mbits/sec  2.488 ms  913/1248 (73%)  
[  5] 167.00-168.00 sec   418 KBytes  3.43 Mbits/sec  2.182 ms  965/1322 (73%)  
[  5] 168.00-169.00 sec   412 KBytes  3.38 Mbits/sec  2.104 ms  934/1286 (73%)  
[  5] 169.00-170.00 sec   393 KBytes  3.22 Mbits/sec  2.284 ms  871/1206 (72%)  
[  5] 170.00-171.00 sec   412 KBytes  3.38 Mbits/sec  2.262 ms  901/1253 (72%)  
[  5] 171.00-172.00 sec   397 KBytes  3.25 Mbits/sec  2.271 ms  866/1205 (72%)  
[  5] 172.00-173.00 sec   373 KBytes  3.05 Mbits/sec  1.984 ms  820/1138 (72%)  
[  5] 173.00-174.00 sec   452 KBytes  3.71 Mbits/sec  2.205 ms  1025/1411 (73%)  
[  5] 174.00-175.00 sec   353 KBytes  2.89 Mbits/sec  2.205 ms  801/1102 (73%)  
[  5] 175.00-176.00 sec   417 KBytes  3.42 Mbits/sec  2.052 ms  954/1310 (73%)  
[  5] 176.00-177.00 sec   393 KBytes  3.22 Mbits/sec  2.462 ms  882/1217 (72%)  
[  5] 177.00-178.00 sec   412 KBytes  3.38 Mbits/sec  2.138 ms  931/1283 (73%)  
[  5] 178.00-179.00 sec   412 KBytes  3.38 Mbits/sec  2.212 ms  940/1292 (73%)  
[  5] 179.00-180.00 sec   397 KBytes  3.25 Mbits/sec  2.233 ms  912/1251 (73%)  
[  5] 180.00-181.00 sec   412 KBytes  3.38 Mbits/sec  2.204 ms  931/1283 (73%)  
[  5] 181.00-182.00 sec   414 KBytes  3.39 Mbits/sec  2.013 ms  898/1251 (72%)  
[  5] 182.00-183.00 sec   391 KBytes  3.21 Mbits/sec  2.973 ms  900/1234 (73%)  
[  5] 183.00-184.00 sec   414 KBytes  3.39 Mbits/sec  2.141 ms  934/1287 (73%)  
[  5] 184.00-185.00 sec   417 KBytes  3.42 Mbits/sec  2.031 ms  934/1290 (72%)  
[  5] 185.00-186.00 sec   353 KBytes  2.89 Mbits/sec  2.024 ms  775/1076 (72%)  
[  5] 186.00-187.00 sec   412 KBytes  3.38 Mbits/sec  2.162 ms  892/1244 (72%)  
[  5] 187.00-188.00 sec   397 KBytes  3.25 Mbits/sec  2.237 ms  872/1211 (72%)  
[  5] 188.00-189.00 sec   412 KBytes  3.38 Mbits/sec  2.027 ms  905/1257 (72%)  
[  5] 189.00-190.00 sec   412 KBytes  3.38 Mbits/sec  2.070 ms  940/1292 (73%)  
[  5] 190.00-191.00 sec   393 KBytes  3.22 Mbits/sec  2.211 ms  891/1226 (73%)  
[  5] 191.00-192.00 sec   417 KBytes  3.42 Mbits/sec  2.138 ms  945/1301 (73%)  
[  5] 192.00-193.00 sec   393 KBytes  3.22 Mbits/sec  2.492 ms  913/1248 (73%)  
[  5] 193.00-194.00 sec   412 KBytes  3.38 Mbits/sec  2.512 ms  941/1293 (73%)  
[  5] 194.00-195.00 sec   412 KBytes  3.38 Mbits/sec  2.275 ms  941/1293 (73%)  
[  5] 195.00-196.00 sec   398 KBytes  3.26 Mbits/sec  2.430 ms  887/1227 (72%)  
[  5] 196.00-197.00 sec   412 KBytes  3.38 Mbits/sec  1.975 ms  920/1272 (72%)  
[  5] 197.00-198.00 sec   412 KBytes  3.38 Mbits/sec  2.009 ms  906/1258 (72%)  
[  5] 198.00-199.00 sec   393 KBytes  3.21 Mbits/sec  2.261 ms  886/1221 (73%)  
[  5] 199.00-200.00 sec   357 KBytes  2.93 Mbits/sec  2.273 ms  798/1103 (72%)  
[  5] 200.00-201.00 sec   412 KBytes  3.38 Mbits/sec  2.348 ms  955/1307 (73%)  
[  5] 201.00-202.00 sec   412 KBytes  3.38 Mbits/sec  2.039 ms  913/1265 (72%)  
[  5] 202.00-203.00 sec   412 KBytes  3.38 Mbits/sec  2.328 ms  922/1274 (72%)  
[  5] 203.00-204.00 sec   397 KBytes  3.25 Mbits/sec  2.299 ms  871/1210 (72%)  
[  5] 204.00-205.00 sec   412 KBytes  3.38 Mbits/sec  2.102 ms  911/1263 (72%)  
[  5] 205.00-206.00 sec   393 KBytes  3.22 Mbits/sec  2.333 ms  867/1202 (72%)  
[  5] 206.00-207.00 sec   412 KBytes  3.38 Mbits/sec  2.364 ms  939/1291 (73%)  
[  5] 207.00-208.00 sec   357 KBytes  2.93 Mbits/sec  2.428 ms  817/1122 (73%)  
[  5] 208.00-209.00 sec   412 KBytes  3.38 Mbits/sec  2.202 ms  964/1316 (73%)  
[  5] 209.00-210.00 sec   393 KBytes  3.21 Mbits/sec  2.443 ms  912/1247 (73%)  
[  5] 210.00-211.00 sec   412 KBytes  3.38 Mbits/sec  2.208 ms  945/1297 (73%)  
[  5] 211.00-212.00 sec   417 KBytes  3.42 Mbits/sec  2.190 ms  961/1317 (73%)  
[  5] 212.00-213.00 sec   353 KBytes  2.89 Mbits/sec  2.075 ms  790/1091 (72%)  
[  5] 213.00-214.00 sec   412 KBytes  3.38 Mbits/sec  2.096 ms  926/1278 (72%)  
[  5] 214.00-215.00 sec   397 KBytes  3.26 Mbits/sec  2.133 ms  880/1219 (72%)  
[  5] 215.00-216.00 sec   353 KBytes  2.89 Mbits/sec  2.309 ms  800/1101 (73%)  
[  5] 216.00-217.00 sec   412 KBytes  3.38 Mbits/sec  2.244 ms  913/1265 (72%)  
[  5] 217.00-218.00 sec   357 KBytes  2.93 Mbits/sec  2.044 ms  787/1092 (72%)  
[  5] 218.00-219.00 sec   412 KBytes  3.38 Mbits/sec  2.074 ms  896/1248 (72%)  
[  5] 219.00-220.00 sec   393 KBytes  3.22 Mbits/sec  2.251 ms  869/1204 (72%)  
[  5] 220.00-221.00 sec   412 KBytes  3.38 Mbits/sec  2.215 ms  927/1279 (72%)  
[  5] 221.00-222.00 sec   397 KBytes  3.25 Mbits/sec  2.574 ms  895/1234 (73%)  
[  5] 222.00-223.00 sec   412 KBytes  3.38 Mbits/sec  2.435 ms  929/1281 (73%)  
[  5] 223.00-224.00 sec   412 KBytes  3.38 Mbits/sec  2.115 ms  956/1308 (73%)  
[  5] 224.00-225.00 sec   412 KBytes  3.38 Mbits/sec  2.452 ms  956/1308 (73%)  
[  5] 225.00-226.00 sec   398 KBytes  3.26 Mbits/sec  2.144 ms  885/1225 (72%)  
[  5] 226.00-227.00 sec   412 KBytes  3.38 Mbits/sec  2.136 ms  921/1273 (72%)  
[  5] 227.00-228.00 sec   412 KBytes  3.38 Mbits/sec  2.074 ms  896/1248 (72%)  
[  5] 228.00-229.00 sec   393 KBytes  3.21 Mbits/sec  2.268 ms  867/1202 (72%)  
[  5] 229.00-230.00 sec   356 KBytes  2.92 Mbits/sec  2.326 ms  835/1139 (73%)  
[  5] 230.00-231.00 sec   412 KBytes  3.38 Mbits/sec  2.189 ms  952/1304 (73%)  
[  5] 231.00-232.00 sec   412 KBytes  3.38 Mbits/sec  2.089 ms  954/1306 (73%)  
[  5] 232.00-233.00 sec   393 KBytes  3.22 Mbits/sec  2.825 ms  915/1250 (73%)  
[  5] 233.00-234.00 sec   418 KBytes  3.43 Mbits/sec  2.119 ms  972/1329 (73%)  
[  5] 234.00-235.00 sec   412 KBytes  3.38 Mbits/sec  2.133 ms  944/1296 (73%)  
[  5] 235.00-236.00 sec   393 KBytes  3.21 Mbits/sec  2.290 ms  884/1219 (73%)  
[  5] 236.00-237.00 sec   412 KBytes  3.38 Mbits/sec  2.383 ms  978/1330 (74%)  
[  5] 237.00-238.00 sec   397 KBytes  3.26 Mbits/sec  2.355 ms  929/1268 (73%)  
[  5] 238.00-239.00 sec   412 KBytes  3.38 Mbits/sec  2.350 ms  968/1320 (73%)  
[  5] 239.00-240.00 sec   412 KBytes  3.38 Mbits/sec  2.165 ms  994/1346 (74%)  
[  5] 240.00-241.00 sec   412 KBytes  3.38 Mbits/sec  2.240 ms  1003/1355 (74%)  
[  5] 241.00-242.00 sec   393 KBytes  3.21 Mbits/sec  2.599 ms  892/1227 (73%)  
[  5] 242.00-243.00 sec   418 KBytes  3.43 Mbits/sec  2.147 ms  976/1333 (73%)  
[  5] 243.00-244.00 sec   352 KBytes  2.88 Mbits/sec  2.399 ms  783/1083 (72%)  
[  5] 244.00-245.00 sec   412 KBytes  3.38 Mbits/sec  2.169 ms  914/1266 (72%)  
[  5] 245.00-246.00 sec   397 KBytes  3.26 Mbits/sec  2.525 ms  901/1240 (73%)  
[  5] 246.00-247.00 sec   414 KBytes  3.39 Mbits/sec  2.030 ms  909/1262 (72%)  
[  5] 247.00-248.00 sec   412 KBytes  3.38 Mbits/sec  2.084 ms  931/1283 (73%)  
[  5] 248.00-249.00 sec   393 KBytes  3.21 Mbits/sec  2.283 ms  890/1225 (73%)  
[  5] 249.00-250.00 sec   412 KBytes  3.38 Mbits/sec  2.107 ms  920/1272 (72%)  
[  5] 250.00-251.00 sec   417 KBytes  3.42 Mbits/sec  2.063 ms  942/1298 (73%)  
[  5] 251.00-252.00 sec   393 KBytes  3.22 Mbits/sec  2.338 ms  871/1206 (72%)  
[  5] 252.00-253.00 sec   412 KBytes  3.38 Mbits/sec  2.282 ms  926/1278 (72%)  
[  5] 253.00-254.00 sec   412 KBytes  3.38 Mbits/sec  2.237 ms  933/1285 (73%)  
[  5] 254.00-255.00 sec   397 KBytes  3.25 Mbits/sec  2.356 ms  894/1233 (73%)  
[  5] 255.00-256.00 sec   414 KBytes  3.39 Mbits/sec  2.017 ms  935/1288 (73%)  
[  5] 256.00-257.00 sec   352 KBytes  2.88 Mbits/sec  2.240 ms  804/1104 (73%)  
[  5] 257.00-258.00 sec   418 KBytes  3.43 Mbits/sec  2.078 ms  943/1300 (73%)  
[  5] 258.00-259.00 sec   391 KBytes  3.21 Mbits/sec  2.386 ms  863/1197 (72%)  
[  5] 259.00-260.00 sec   414 KBytes  3.39 Mbits/sec  2.014 ms  908/1261 (72%)  
[  5] 260.00-261.00 sec   412 KBytes  3.38 Mbits/sec  2.161 ms  890/1242 (72%)  
[  5] 261.00-262.00 sec   393 KBytes  3.21 Mbits/sec  2.330 ms  857/1192 (72%)  
[  5] 262.00-263.00 sec   417 KBytes  3.42 Mbits/sec  2.062 ms  922/1278 (72%)  
[  5] 263.00-264.00 sec   412 KBytes  3.38 Mbits/sec  2.020 ms  913/1265 (72%)  
[  5] 264.00-265.00 sec   393 KBytes  3.22 Mbits/sec  2.374 ms  905/1240 (73%)  
[  5] 265.00-266.00 sec   412 KBytes  3.38 Mbits/sec  2.230 ms  956/1308 (73%)  
[  5] 266.00-267.00 sec   397 KBytes  3.25 Mbits/sec  2.343 ms  918/1257 (73%)  
[  5] 267.00-268.00 sec   412 KBytes  3.38 Mbits/sec  2.525 ms  958/1310 (73%)  
[  5] 268.00-269.00 sec   412 KBytes  3.38 Mbits/sec  2.262 ms  924/1276 (72%)  
[  5] 269.00-270.00 sec   412 KBytes  3.38 Mbits/sec  2.284 ms  930/1282 (73%)  
[  5] 270.00-271.00 sec   398 KBytes  3.26 Mbits/sec  2.033 ms  888/1228 (72%)  
[  5] 271.00-272.00 sec   352 KBytes  2.88 Mbits/sec  2.434 ms  783/1083 (72%)  
[  5] 272.00-273.00 sec   412 KBytes  3.38 Mbits/sec  2.334 ms  929/1281 (73%)  
[  5] 273.00-274.00 sec   398 KBytes  3.26 Mbits/sec  2.260 ms  900/1240 (73%)  
[  5] 274.00-275.00 sec   412 KBytes  3.38 Mbits/sec  2.419 ms  925/1277 (72%)  
[  5] 275.00-276.00 sec   352 KBytes  2.88 Mbits/sec  2.413 ms  783/1083 (72%)  
[  5] 276.00-277.00 sec   412 KBytes  3.38 Mbits/sec  2.134 ms  915/1267 (72%)  
[  5] 277.00-278.00 sec   454 KBytes  3.72 Mbits/sec  2.619 ms  1008/1395 (72%)  
[  5] 278.00-279.00 sec   417 KBytes  3.42 Mbits/sec  2.086 ms  927/1283 (72%)  
[  5] 279.00-280.00 sec   412 KBytes  3.38 Mbits/sec  2.201 ms  959/1311 (73%)  
[  5] 280.00-281.00 sec   353 KBytes  2.89 Mbits/sec  2.208 ms  828/1129 (73%)  
[  5] 281.00-282.00 sec   397 KBytes  3.26 Mbits/sec  2.346 ms  916/1255 (73%)  
[  5] 282.00-283.00 sec   412 KBytes  3.38 Mbits/sec  2.011 ms  935/1287 (73%)  
[  5] 283.00-284.00 sec   412 KBytes  3.38 Mbits/sec  2.093 ms  917/1269 (72%)  
[  5] 284.00-285.00 sec   393 KBytes  3.22 Mbits/sec  2.362 ms  895/1230 (73%)  
[  5] 285.00-286.00 sec   412 KBytes  3.38 Mbits/sec  2.142 ms  917/1269 (72%)  
[  5] 286.00-287.00 sec   417 KBytes  3.42 Mbits/sec  2.038 ms  931/1287 (72%)  
[  5] 287.00-288.00 sec   393 KBytes  3.22 Mbits/sec  2.419 ms  871/1206 (72%)  
[  5] 288.00-289.00 sec   353 KBytes  2.89 Mbits/sec  2.627 ms  783/1084 (72%)  
[  5] 289.00-290.00 sec   417 KBytes  3.42 Mbits/sec  2.139 ms  941/1297 (73%)  
[  5] 290.00-291.00 sec   412 KBytes  3.38 Mbits/sec  2.111 ms  909/1261 (72%)  
[  5] 291.00-292.00 sec   393 KBytes  3.22 Mbits/sec  2.272 ms  864/1199 (72%)  
[  5] 292.00-293.00 sec   412 KBytes  3.38 Mbits/sec  2.206 ms  896/1248 (72%)  
[  5] 293.00-294.00 sec   414 KBytes  3.39 Mbits/sec  2.066 ms  911/1264 (72%)  
[  5] 294.00-295.00 sec   397 KBytes  3.25 Mbits/sec  2.221 ms  912/1251 (73%)  
[  5] 295.00-296.00 sec   412 KBytes  3.38 Mbits/sec  2.034 ms  980/1332 (74%)  
[  5] 296.00-297.00 sec   412 KBytes  3.38 Mbits/sec  2.185 ms  976/1328 (73%)  
[  5] 297.00-298.00 sec   393 KBytes  3.22 Mbits/sec  2.509 ms  898/1233 (73%)  
[  5] 298.00-299.00 sec   417 KBytes  3.42 Mbits/sec  2.143 ms  954/1310 (73%)  
[  5] 299.00-300.00 sec   353 KBytes  2.89 Mbits/sec  2.345 ms  797/1098 (73%)  
[  5] 300.00-301.00 sec   412 KBytes  3.38 Mbits/sec  2.243 ms  917/1269 (72%)  
[  5] 301.00-302.00 sec   397 KBytes  3.25 Mbits/sec  2.334 ms  868/1207 (72%)  
[  5] 302.00-303.00 sec   412 KBytes  3.38 Mbits/sec  2.128 ms  906/1258 (72%)  
[  5] 303.00-304.00 sec   412 KBytes  3.38 Mbits/sec  2.093 ms  904/1256 (72%)  
[  5] 304.00-305.00 sec   393 KBytes  3.22 Mbits/sec  2.852 ms  895/1230 (73%)  
[  5] 305.00-306.00 sec   357 KBytes  2.93 Mbits/sec  2.400 ms  810/1115 (73%)  
[  5] 306.00-307.00 sec   412 KBytes  3.38 Mbits/sec  2.069 ms  924/1276 (72%)  
[  5] 307.00-308.00 sec   353 KBytes  2.89 Mbits/sec  2.115 ms  784/1085 (72%)  
[  5] 308.00-309.00 sec   417 KBytes  3.42 Mbits/sec  2.071 ms  939/1295 (73%)  
[  5] 309.00-310.00 sec   393 KBytes  3.22 Mbits/sec  2.428 ms  893/1228 (73%)  
[  5] 310.00-311.00 sec   412 KBytes  3.38 Mbits/sec  2.521 ms  959/1311 (73%)  
[  5] 311.00-312.00 sec   357 KBytes  2.93 Mbits/sec  2.481 ms  823/1128 (73%)  
[  5] 312.00-313.00 sec   352 KBytes  2.88 Mbits/sec  2.483 ms  805/1105 (73%)  
[  5] 313.00-314.00 sec   357 KBytes  2.93 Mbits/sec  2.534 ms  844/1149 (73%)  
[  5] 314.00-315.00 sec   353 KBytes  2.89 Mbits/sec  2.640 ms  818/1119 (73%)  
[  5] 315.00-316.00 sec   373 KBytes  3.06 Mbits/sec  2.245 ms  852/1170 (73%)  
[  5] 316.00-317.00 sec   397 KBytes  3.25 Mbits/sec  2.326 ms  878/1217 (72%)  
[  5] 317.00-318.00 sec   312 KBytes  2.56 Mbits/sec  2.438 ms  691/957 (72%)  
[  5] 318.00-319.00 sec   357 KBytes  2.93 Mbits/sec  2.079 ms  784/1089 (72%)  
[  5] 319.00-320.00 sec   352 KBytes  2.88 Mbits/sec  2.098 ms  775/1075 (72%)  
[  5] 320.00-321.00 sec   398 KBytes  3.26 Mbits/sec  2.419 ms  868/1208 (72%)  
[  5] 321.00-322.00 sec   352 KBytes  2.88 Mbits/sec  2.515 ms  772/1072 (72%)  
[  5] 322.00-323.00 sec   373 KBytes  3.05 Mbits/sec  2.469 ms  851/1169 (73%)  
[  5] 323.00-324.00 sec   397 KBytes  3.26 Mbits/sec  2.498 ms  905/1244 (73%)  
[  5] 324.00-325.00 sec   353 KBytes  2.89 Mbits/sec  2.531 ms  802/1103 (73%)  
[  5] 325.00-326.00 sec   412 KBytes  3.38 Mbits/sec  2.202 ms  944/1296 (73%)  
[  5] 326.00-327.00 sec   357 KBytes  2.93 Mbits/sec  2.186 ms  821/1126 (73%)  
[  5] 327.00-328.00 sec   412 KBytes  3.38 Mbits/sec  2.082 ms  951/1303 (73%)  
[  5] 328.00-329.00 sec   352 KBytes  2.88 Mbits/sec  2.272 ms  787/1087 (72%)  
[  5] 329.00-330.00 sec   357 KBytes  2.93 Mbits/sec  2.123 ms  832/1137 (73%)  
[  5] 330.00-331.00 sec   393 KBytes  3.21 Mbits/sec  2.452 ms  919/1254 (73%)  
[  5] 331.00-332.00 sec   357 KBytes  2.93 Mbits/sec  2.396 ms  845/1150 (73%)  
[  5] 332.00-333.00 sec   373 KBytes  3.05 Mbits/sec  2.166 ms  890/1208 (74%)  
[  5] 333.00-334.00 sec   391 KBytes  3.21 Mbits/sec  2.463 ms  923/1257 (73%)  
[  5] 334.00-335.00 sec   357 KBytes  2.93 Mbits/sec  2.439 ms  817/1122 (73%)  
[  5] 335.00-336.00 sec   414 KBytes  3.39 Mbits/sec  2.049 ms  937/1290 (73%)  
[  5] 336.00-337.00 sec   352 KBytes  2.88 Mbits/sec  2.394 ms  860/1160 (74%)  
[  5] 337.00-338.00 sec   418 KBytes  3.43 Mbits/sec  2.040 ms  1036/1393 (74%)  
[  5] 338.00-339.00 sec   352 KBytes  2.88 Mbits/sec  2.144 ms  877/1177 (75%)  
[  5] 339.00-340.00 sec   393 KBytes  3.21 Mbits/sec  2.862 ms  1051/1386 (76%)  
[  5] 340.00-341.00 sec   357 KBytes  2.93 Mbits/sec  2.496 ms  947/1252 (76%)  
[  5] 341.00-342.00 sec   412 KBytes  3.38 Mbits/sec  2.742 ms  1089/1441 (76%)  
[  5] 342.00-343.00 sec   352 KBytes  2.88 Mbits/sec  2.937 ms  896/1196 (75%)  
[  5] 343.00-344.00 sec   318 KBytes  2.60 Mbits/sec  2.253 ms  894/1165 (77%)  
[  5] 344.00-345.00 sec   353 KBytes  2.89 Mbits/sec  2.174 ms  910/1211 (75%)  
[  5] 345.00-346.00 sec   356 KBytes  2.92 Mbits/sec  2.384 ms  923/1227 (75%)  
[  5] 346.00-347.00 sec   328 KBytes  2.69 Mbits/sec  3.979 ms  918/1233 (74%)  
[  5] 347.00-348.00 sec   341 KBytes  2.79 Mbits/sec  2.723 ms  866/1157 (75%)  
[  5] 348.00-349.00 sec   352 KBytes  2.88 Mbits/sec  3.254 ms  903/1203 (75%)  
[  5] 349.00-350.00 sec   357 KBytes  2.93 Mbits/sec  2.475 ms  869/1174 (74%)  
[  5] 350.00-351.00 sec   412 KBytes  3.38 Mbits/sec  2.191 ms  1013/1365 (74%)  
[  5] 351.00-352.00 sec   353 KBytes  2.89 Mbits/sec  2.435 ms  854/1155 (74%)  
[  5] 352.00-353.00 sec   417 KBytes  3.42 Mbits/sec  2.201 ms  1020/1376 (74%)  
[  5] 353.00-354.00 sec   353 KBytes  2.89 Mbits/sec  2.031 ms  857/1158 (74%)  
[  5] 354.00-355.00 sec   393 KBytes  3.22 Mbits/sec  2.829 ms  948/1283 (74%)  
[  5] 355.00-356.00 sec   357 KBytes  2.93 Mbits/sec  2.402 ms  918/1223 (75%)  
[  5] 356.00-357.00 sec   371 KBytes  3.04 Mbits/sec  2.395 ms  940/1257 (75%)  
[  5] 357.00-358.00 sec   398 KBytes  3.26 Mbits/sec  2.386 ms  1012/1352 (75%)  
[  5] 358.00-359.00 sec   412 KBytes  3.38 Mbits/sec  2.019 ms  1002/1354 (74%)  
[  5] 359.00-360.00 sec   352 KBytes  2.88 Mbits/sec  2.252 ms  867/1167 (74%)  
[  5] 360.00-361.00 sec   397 KBytes  3.26 Mbits/sec  2.492 ms  952/1291 (74%)  
[  5] 361.00-362.00 sec   373 KBytes  3.05 Mbits/sec  2.309 ms  886/1204 (74%)  
[  5] 362.00-363.00 sec   393 KBytes  3.22 Mbits/sec  2.543 ms  970/1305 (74%)  
[  5] 363.00-364.00 sec   357 KBytes  2.93 Mbits/sec  2.355 ms  875/1180 (74%)  
[  5] 364.00-365.00 sec   373 KBytes  3.05 Mbits/sec  2.110 ms  892/1210 (74%)  
[  5] 365.00-366.00 sec   391 KBytes  3.21 Mbits/sec  2.503 ms  951/1285 (74%)  
[  5] 366.00-367.00 sec   357 KBytes  2.93 Mbits/sec  2.463 ms  850/1155 (74%)  
[  5] 367.00-368.00 sec   414 KBytes  3.39 Mbits/sec  2.185 ms  1018/1371 (74%)  
[  5] 368.00-369.00 sec   356 KBytes  2.92 Mbits/sec  2.468 ms  983/1287 (76%)  
[  5] 369.00-370.00 sec   412 KBytes  3.38 Mbits/sec  2.275 ms  1173/1525 (77%)  
[  5] 370.00-371.00 sec   352 KBytes  2.88 Mbits/sec  2.393 ms  924/1224 (75%)  
[  5] 371.00-372.00 sec   414 KBytes  3.39 Mbits/sec  2.379 ms  1072/1425 (75%)  
[  5] 372.00-373.00 sec   336 KBytes  2.75 Mbits/sec  2.491 ms  898/1185 (76%)  
[  5] 373.00-374.00 sec   412 KBytes  3.38 Mbits/sec  2.430 ms  1102/1454 (76%)  
[  5] 374.00-375.00 sec   357 KBytes  2.93 Mbits/sec  2.360 ms  995/1300 (77%)  
[  5] 375.00-376.00 sec   412 KBytes  3.38 Mbits/sec  2.221 ms  1016/1368 (74%)  
[  5] 376.00-377.00 sec   353 KBytes  2.89 Mbits/sec  2.430 ms  854/1155 (74%)  
[  5] 377.00-378.00 sec   357 KBytes  2.93 Mbits/sec  2.264 ms  861/1166 (74%)  
[  5] 378.00-379.00 sec   412 KBytes  3.38 Mbits/sec  2.180 ms  980/1332 (74%)  
[  5] 379.00-380.00 sec   352 KBytes  2.88 Mbits/sec  2.337 ms  839/1139 (74%)  
[  5] 380.00-381.00 sec   357 KBytes  2.93 Mbits/sec  2.432 ms  932/1237 (75%)  
[  5] 381.00-382.00 sec   353 KBytes  2.89 Mbits/sec  2.301 ms  892/1193 (75%)  
[  5] 382.00-383.00 sec   357 KBytes  2.93 Mbits/sec  2.340 ms  847/1152 (74%)  
[  5] 383.00-384.00 sec   352 KBytes  2.88 Mbits/sec  2.440 ms  830/1130 (73%)  
[  5] 384.00-385.00 sec   357 KBytes  2.93 Mbits/sec  2.629 ms  840/1145 (73%)  
[  5] 385.00-386.00 sec   353 KBytes  2.89 Mbits/sec  2.423 ms  833/1134 (73%)  
[  5] 386.00-387.00 sec   357 KBytes  2.93 Mbits/sec  2.365 ms  846/1151 (74%)  
[  5] 387.00-388.00 sec   371 KBytes  3.04 Mbits/sec  2.228 ms  899/1216 (74%)  
[  5] 388.00-389.00 sec   353 KBytes  2.89 Mbits/sec  2.433 ms  881/1182 (75%)  
[  5] 389.00-390.00 sec   357 KBytes  2.93 Mbits/sec  2.169 ms  912/1217 (75%)  
[  5] 390.00-391.00 sec   391 KBytes  3.21 Mbits/sec  2.765 ms  1006/1340 (75%)  
[  5] 391.00-392.00 sec   357 KBytes  2.93 Mbits/sec  2.500 ms  888/1193 (74%)  
[  5] 392.00-393.00 sec   373 KBytes  3.05 Mbits/sec  2.230 ms  897/1215 (74%)  
[  5] 393.00-394.00 sec   353 KBytes  2.89 Mbits/sec  2.320 ms  856/1157 (74%)  
[  5] 394.00-395.00 sec   397 KBytes  3.25 Mbits/sec  2.446 ms  932/1271 (73%)  
[  5] 395.00-396.00 sec   353 KBytes  2.89 Mbits/sec  2.377 ms  848/1149 (74%)  
[  5] 396.00-397.00 sec   356 KBytes  2.92 Mbits/sec  2.672 ms  886/1190 (74%)  
[  5] 397.00-398.00 sec   373 KBytes  3.05 Mbits/sec  2.220 ms  920/1238 (74%)  
[  5] 398.00-399.00 sec   353 KBytes  2.89 Mbits/sec  2.212 ms  851/1152 (74%)  
[  5] 399.00-400.00 sec   397 KBytes  3.25 Mbits/sec  2.425 ms  942/1281 (74%)  
