Connecting to host 172.22.0.50, port 5202
Reverse mode, remote host 172.22.0.50 is sending
[  5] local 192.168.102.2 port 48007 connected to 172.22.0.50 port 5202
[ ID] Interval           Transfer     Bitrate         Jitter    Lost/Total Datagrams
[  5]   0.00-1.00   sec   440 KBytes  3.60 Mbits/sec  0.317 ms  0/4503 (0%)  
[  5]   1.00-2.00   sec   439 KBytes  3.60 Mbits/sec  0.348 ms  0/4500 (0%)  
[  5]   2.00-3.00   sec   439 KBytes  3.59 Mbits/sec  0.364 ms  0/4494 (0%)  
[  5]   3.00-4.00   sec   439 KBytes  3.60 Mbits/sec  0.272 ms  0/4498 (0%)  
[  5]   4.00-5.00   sec   440 KBytes  3.61 Mbits/sec  0.294 ms  0/4510 (0%)  
[  5]   5.00-6.00   sec   439 KBytes  3.60 Mbits/sec  0.237 ms  0/4496 (0%)  
[  5]   6.00-7.00   sec   438 KBytes  3.59 Mbits/sec  0.258 ms  0/4486 (0%)  
[  5]   7.00-8.00   sec   437 KBytes  3.57 Mbits/sec  0.459 ms  0/4471 (0%)  
[  5]   8.00-9.00   sec   443 KBytes  3.63 Mbits/sec  0.295 ms  0/4537 (0%)  
[  5]   9.00-10.00  sec   439 KBytes  3.60 Mbits/sec  0.301 ms  0/4499 (0%)  
[  5]  10.00-11.00  sec   440 KBytes  3.60 Mbits/sec  0.270 ms  0/4503 (0%)  
[  5]  11.00-12.00  sec   438 KBytes  3.59 Mbits/sec  0.315 ms  0/4490 (0%)  
[  5]  12.00-13.00  sec   387 KBytes  3.17 Mbits/sec  0.262 ms  0/3967 (0%)  
[  5]  13.00-14.00  sec   362 KBytes  2.97 Mbits/sec  0.395 ms  0/3710 (0%)  
[  5]  14.00-15.00  sec   364 KBytes  2.98 Mbits/sec  0.389 ms  0/3731 (0%)  
[  5]  15.00-16.00  sec   365 KBytes  2.99 Mbits/sec  0.394 ms  0/3736 (0%)  
[  5]  16.00-17.00  sec   371 KBytes  3.04 Mbits/sec  0.410 ms  0/3799 (0%)  
[  5]  17.00-18.00  sec   364 KBytes  2.98 Mbits/sec  0.303 ms  0/3730 (0%)  
[  5]  18.00-19.00  sec   369 KBytes  3.02 Mbits/sec  0.339 ms  0/3777 (0%)  
[  5]  19.00-20.00  sec   369 KBytes  3.02 Mbits/sec  0.357 ms  0/3777 (0%)  
[  5]  20.00-21.00  sec   369 KBytes  3.02 Mbits/sec  0.409 ms  0/3778 (0%)  
[  5]  21.00-22.00  sec   364 KBytes  2.98 Mbits/sec  0.356 ms  0/3730 (0%)  
[  5]  22.00-23.00  sec   358 KBytes  2.93 Mbits/sec  0.476 ms  0/3664 (0%)  
[  5]  23.00-24.00  sec   357 KBytes  2.93 Mbits/sec  0.483 ms  0/3660 (0%)  
[  5]  24.00-25.00  sec   367 KBytes  3.00 Mbits/sec  0.392 ms  0/3754 (0%)  
[  5]  25.00-26.00  sec   369 KBytes  3.02 Mbits/sec  0.303 ms  0/3777 (0%)  
[  5]  26.00-27.00  sec   373 KBytes  3.05 Mbits/sec  0.318 ms  0/3815 (0%)  
[  5]  27.00-28.00  sec   358 KBytes  2.94 Mbits/sec  0.405 ms  0/3670 (0%)  
[  5]  28.00-29.00  sec   365 KBytes  2.99 Mbits/sec  0.384 ms  0/3742 (0%)  
[  5]  29.00-30.00  sec   366 KBytes  3.00 Mbits/sec  0.402 ms  0/3749 (0%)  
[  5]  30.00-31.00  sec   361 KBytes  2.96 Mbits/sec  0.347 ms  0/3694 (0%)  
[  5]  31.00-32.00  sec   363 KBytes  2.97 Mbits/sec  0.314 ms  0/3713 (0%)  
[  5]  32.00-33.00  sec   365 KBytes  2.99 Mbits/sec  0.320 ms  0/3739 (0%)  
[  5]  33.00-34.00  sec   366 KBytes  3.00 Mbits/sec  0.318 ms  0/3754 (0%)  
[  5]  34.00-35.00  sec   369 KBytes  3.03 Mbits/sec  0.410 ms  0/3783 (0%)  
[  5]  35.00-36.00  sec   365 KBytes  2.99 Mbits/sec  0.381 ms  0/3740 (0%)  
[  5]  36.00-37.00  sec   371 KBytes  3.04 Mbits/sec  0.342 ms  0/3799 (0%)  
[  5]  37.00-38.00  sec   368 KBytes  3.02 Mbits/sec  0.390 ms  0/3773 (0%)  
[  5]  38.00-39.00  sec   357 KBytes  2.92 Mbits/sec  0.364 ms  0/3652 (0%)  
[  5]  39.00-40.00  sec   361 KBytes  2.96 Mbits/sec  0.327 ms  0/3700 (0%)  
[  5]  40.00-41.00  sec   366 KBytes  3.00 Mbits/sec  0.313 ms  0/3744 (0%)  
[  5]  41.00-42.00  sec   369 KBytes  3.02 Mbits/sec  0.346 ms  0/3777 (0%)  
[  5]  42.00-43.00  sec   365 KBytes  2.99 Mbits/sec  0.386 ms  0/3741 (0%)  
[  5]  43.00-44.00  sec   364 KBytes  2.99 Mbits/sec  0.368 ms  0/3731 (0%)  
[  5]  44.00-45.00  sec   368 KBytes  3.01 Mbits/sec  0.420 ms  0/3768 (0%)  
[  5]  45.00-46.00  sec   371 KBytes  3.04 Mbits/sec  0.343 ms  0/3799 (0%)  
[  5]  46.00-47.00  sec   365 KBytes  2.99 Mbits/sec  0.350 ms  0/3735 (0%)  
[  5]  47.00-48.00  sec   359 KBytes  2.94 Mbits/sec  0.323 ms  0/3681 (0%)  
[  5]  48.00-49.00  sec   362 KBytes  2.97 Mbits/sec  0.280 ms  0/3708 (0%)  
[  5]  49.00-50.00  sec   367 KBytes  3.01 Mbits/sec  0.303 ms  0/3759 (0%)  
[  5]  50.00-51.00  sec   370 KBytes  3.03 Mbits/sec  0.318 ms  0/3787 (0%)  
[  5]  51.00-52.00  sec   369 KBytes  3.02 Mbits/sec  0.352 ms  0/3776 (0%)  
[  5]  52.00-53.00  sec   373 KBytes  3.05 Mbits/sec  0.454 ms  0/3815 (0%)  
[  5]  53.00-54.00  sec   373 KBytes  3.06 Mbits/sec  0.356 ms  0/3821 (0%)  
[  5]  54.00-55.00  sec   365 KBytes  2.99 Mbits/sec  0.323 ms  0/3737 (0%)  
[  5]  55.00-56.00  sec   362 KBytes  2.97 Mbits/sec  0.526 ms  0/3712 (0%)  
[  5]  56.00-57.00  sec   362 KBytes  2.96 Mbits/sec  0.415 ms  0/3704 (0%)  
[  5]  57.00-58.00  sec   360 KBytes  2.95 Mbits/sec  0.474 ms  0/3684 (0%)  
[  5]  58.00-59.00  sec   364 KBytes  2.99 Mbits/sec  0.389 ms  0/3732 (0%)  
[  5]  59.00-60.00  sec   367 KBytes  3.01 Mbits/sec  0.353 ms  0/3763 (0%)  
[  5]  60.00-61.00  sec   370 KBytes  3.03 Mbits/sec  0.378 ms  0/3785 (0%)  
[  5]  61.00-62.00  sec   370 KBytes  3.03 Mbits/sec  0.342 ms  0/3792 (0%)  
[  5]  62.00-63.00  sec   363 KBytes  2.98 Mbits/sec  0.382 ms  0/3722 (0%)  
[  5]  63.00-64.00  sec   359 KBytes  2.94 Mbits/sec  0.453 ms  0/3675 (0%)  
[  5]  64.00-65.00  sec   363 KBytes  2.97 Mbits/sec  0.387 ms  0/3719 (0%)  
[  5]  65.00-66.00  sec   372 KBytes  3.05 Mbits/sec  0.291 ms  0/3812 (0%)  
[  5]  66.00-67.00  sec   369 KBytes  3.02 Mbits/sec  0.372 ms  0/3777 (0%)  
[  5]  67.00-68.00  sec   364 KBytes  2.98 Mbits/sec  0.335 ms  0/3731 (0%)  
[  5]  68.00-69.00  sec   370 KBytes  3.03 Mbits/sec  0.356 ms  0/3786 (0%)  
[  5]  69.00-70.00  sec   371 KBytes  3.04 Mbits/sec  0.333 ms  0/3800 (0%)  
[  5]  70.00-71.00  sec   355 KBytes  2.91 Mbits/sec  0.328 ms  0/3639 (0%)  
[  5]  71.00-72.00  sec   360 KBytes  2.95 Mbits/sec  0.389 ms  0/3690 (0%)  
[  5]  72.00-73.00  sec   363 KBytes  2.97 Mbits/sec  0.322 ms  0/3718 (0%)  
[  5]  73.00-74.00  sec   368 KBytes  3.01 Mbits/sec  0.382 ms  0/3768 (0%)  
[  5]  74.00-75.00  sec   371 KBytes  3.04 Mbits/sec  0.382 ms  0/3794 (0%)  
[  5]  75.00-76.00  sec   371 KBytes  3.04 Mbits/sec  0.313 ms  0/3796 (0%)  
[  5]  76.00-77.00  sec   368 KBytes  3.01 Mbits/sec  0.388 ms  0/3767 (0%)  
[  5]  77.00-78.00  sec   364 KBytes  2.98 Mbits/sec  0.387 ms  0/3731 (0%)  
[  5]  78.00-79.00  sec   363 KBytes  2.98 Mbits/sec  0.344 ms  0/3718 (0%)  
[  5]  79.00-80.00  sec   366 KBytes  3.00 Mbits/sec  0.288 ms  0/3744 (0%)  
[  5]  80.00-81.00  sec   366 KBytes  3.00 Mbits/sec  0.390 ms  0/3745 (0%)  
[  5]  81.00-82.00  sec   373 KBytes  3.06 Mbits/sec  0.301 ms  0/3819 (0%)  
[  5]  82.00-83.00  sec   373 KBytes  3.05 Mbits/sec  0.341 ms  0/3817 (0%)  
[  5]  83.00-84.00  sec   369 KBytes  3.02 Mbits/sec  0.326 ms  0/3777 (0%)  
[  5]  84.00-85.00  sec   364 KBytes  2.98 Mbits/sec  0.335 ms  0/3731 (0%)  
[  5]  85.00-86.00  sec   358 KBytes  2.93 Mbits/sec  0.391 ms  0/3668 (0%)  
[  5]  86.00-87.00  sec   362 KBytes  2.96 Mbits/sec  0.332 ms  0/3702 (0%)  
[  5]  87.00-88.00  sec   352 KBytes  2.89 Mbits/sec  0.340 ms  0/3608 (0%)  
[  5]  88.00-89.00  sec   358 KBytes  2.93 Mbits/sec  0.362 ms  0/3663 (0%)  
[  5]  89.00-90.00  sec   368 KBytes  3.01 Mbits/sec  0.366 ms  0/3765 (0%)  
[  5]  90.00-91.00  sec   364 KBytes  2.98 Mbits/sec  0.323 ms  0/3728 (0%)  
[  5]  91.00-92.00  sec   371 KBytes  3.04 Mbits/sec  0.380 ms  0/3796 (0%)  
[  5]  92.00-93.00  sec   366 KBytes  3.00 Mbits/sec  0.300 ms  0/3745 (0%)  
[  5]  93.00-94.00  sec   371 KBytes  3.04 Mbits/sec  0.343 ms  0/3800 (0%)  
[  5]  94.00-95.00  sec   365 KBytes  2.99 Mbits/sec  0.365 ms  0/3740 (0%)  
[  5]  95.00-96.00  sec   346 KBytes  2.84 Mbits/sec  0.513 ms  0/3548 (0%)  
[  5]  96.00-97.00  sec   356 KBytes  2.91 Mbits/sec  0.396 ms  0/3645 (0%)  
[  5]  97.00-98.00  sec   358 KBytes  2.94 Mbits/sec  0.295 ms  0/3671 (0%)  
[  5]  98.00-99.00  sec   358 KBytes  2.93 Mbits/sec  0.347 ms  0/3666 (0%)  
[  5]  99.00-100.00 sec   348 KBytes  2.85 Mbits/sec  0.383 ms  0/3567 (0%)  
[  5] 100.00-101.00 sec   347 KBytes  2.85 Mbits/sec  0.544 ms  0/3556 (0%)  
[  5] 101.00-102.00 sec   355 KBytes  2.91 Mbits/sec  0.462 ms  0/3639 (0%)  
[  5] 102.00-103.00 sec   356 KBytes  2.92 Mbits/sec  0.426 ms  0/3650 (0%)  
[  5] 103.00-104.00 sec   351 KBytes  2.87 Mbits/sec  0.304 ms  0/3590 (0%)  
[  5] 104.00-105.00 sec   352 KBytes  2.89 Mbits/sec  0.386 ms  0/3608 (0%)  
[  5] 105.00-106.00 sec   355 KBytes  2.91 Mbits/sec  0.330 ms  0/3637 (0%)  
[  5] 106.00-107.00 sec   370 KBytes  3.03 Mbits/sec  0.329 ms  0/3787 (0%)  
[  5] 107.00-108.00 sec   372 KBytes  3.04 Mbits/sec  0.371 ms  0/3805 (0%)  
[  5] 108.00-109.00 sec   369 KBytes  3.02 Mbits/sec  0.295 ms  0/3781 (0%)  
[  5] 109.00-110.00 sec   367 KBytes  3.00 Mbits/sec  0.321 ms  0/3758 (0%)  
[  5] 110.00-111.00 sec   369 KBytes  3.02 Mbits/sec  0.430 ms  0/3777 (0%)  
[  5] 111.00-112.00 sec   360 KBytes  2.95 Mbits/sec  0.347 ms  0/3685 (0%)  
[  5] 112.00-113.00 sec   359 KBytes  2.95 Mbits/sec  0.393 ms  0/3681 (0%)  
[  5] 113.00-114.00 sec   350 KBytes  2.87 Mbits/sec  0.363 ms  0/3585 (0%)  
[  5] 114.00-115.00 sec   358 KBytes  2.93 Mbits/sec  0.382 ms  0/3663 (0%)  
[  5] 115.00-116.00 sec   357 KBytes  2.92 Mbits/sec  0.366 ms  0/3653 (0%)  
[  5] 116.00-117.00 sec   360 KBytes  2.95 Mbits/sec  0.333 ms  0/3684 (0%)  
[  5] 117.00-118.00 sec   359 KBytes  2.94 Mbits/sec  0.402 ms  0/3677 (0%)  
[  5] 118.00-119.00 sec   365 KBytes  2.99 Mbits/sec  0.415 ms  0/3741 (0%)  
[  5] 119.00-120.00 sec   364 KBytes  2.99 Mbits/sec  0.382 ms  0/3730 (0%)  
[  5] 120.00-121.00 sec   357 KBytes  2.92 Mbits/sec  0.420 ms  0/3653 (0%)  
[  5] 121.00-122.00 sec   363 KBytes  2.97 Mbits/sec  0.332 ms  0/3713 (0%)  
[  5] 122.00-123.00 sec   363 KBytes  2.97 Mbits/sec  0.385 ms  0/3714 (0%)  
[  5] 123.00-124.00 sec   363 KBytes  2.97 Mbits/sec  0.344 ms  0/3717 (0%)  
[  5] 124.00-125.00 sec   370 KBytes  3.03 Mbits/sec  0.315 ms  0/3789 (0%)  
[  5] 125.00-126.00 sec   359 KBytes  2.94 Mbits/sec  0.401 ms  0/3677 (0%)  
[  5] 126.00-127.00 sec   363 KBytes  2.97 Mbits/sec  0.492 ms  0/3717 (0%)  
[  5] 127.00-128.00 sec   358 KBytes  2.93 Mbits/sec  0.325 ms  0/3662 (0%)  
[  5] 128.00-129.00 sec   348 KBytes  2.85 Mbits/sec  0.461 ms  0/3568 (0%)  
[  5] 129.00-130.00 sec   344 KBytes  2.81 Mbits/sec  0.322 ms  0/3524 (0%)  
[  5] 130.00-131.00 sec   354 KBytes  2.90 Mbits/sec  0.338 ms  0/3626 (0%)  
[  5] 131.00-132.00 sec   356 KBytes  2.91 Mbits/sec  0.348 ms  0/3644 (0%)  
[  5] 132.00-133.00 sec   277 KBytes  2.27 Mbits/sec  0.213 ms  500/3334 (15%)  
[  5] 133.00-134.00 sec   337 KBytes  2.76 Mbits/sec  0.209 ms  1083/4532 (24%)  
[  5] 134.00-135.00 sec   355 KBytes  2.91 Mbits/sec  0.497 ms  1227/4859 (25%)  
[  5] 135.00-136.00 sec   262 KBytes  2.15 Mbits/sec  0.242 ms  1051/3735 (28%)  
[  5] 136.00-137.00 sec   343 KBytes  2.81 Mbits/sec  0.220 ms  1215/4723 (26%)  
[  5] 137.00-138.00 sec   371 KBytes  3.04 Mbits/sec  0.215 ms  852/4656 (18%)  
[  5] 138.00-139.00 sec   345 KBytes  2.83 Mbits/sec  0.705 ms  985/4521 (22%)  
[  5] 139.00-140.00 sec   352 KBytes  2.89 Mbits/sec  0.207 ms  979/4588 (21%)  
[  5] 140.00-141.00 sec   361 KBytes  2.95 Mbits/sec  0.213 ms  780/4472 (17%)  
[  5] 141.00-142.00 sec   344 KBytes  2.82 Mbits/sec  2.146 ms  1144/4667 (25%)  
[  5] 142.00-143.00 sec   358 KBytes  2.94 Mbits/sec  0.539 ms  919/4589 (20%)  
[  5] 143.00-144.00 sec   350 KBytes  2.86 Mbits/sec  0.219 ms  847/4427 (19%)  
[  5] 144.00-145.00 sec   365 KBytes  2.99 Mbits/sec  0.219 ms  844/4582 (18%)  
[  5] 145.00-146.00 sec   301 KBytes  2.47 Mbits/sec  0.219 ms  766/3850 (20%)  
[  5] 146.00-147.00 sec   355 KBytes  2.91 Mbits/sec  0.215 ms  996/4636 (21%)  
[  5] 147.00-148.00 sec   347 KBytes  2.84 Mbits/sec  0.207 ms  930/4483 (21%)  
[  5] 148.00-149.00 sec   368 KBytes  3.02 Mbits/sec  0.213 ms  911/4684 (19%)  
[  5] 149.00-150.00 sec   362 KBytes  2.97 Mbits/sec  0.210 ms  937/4645 (20%)  
[  5] 150.00-151.00 sec   344 KBytes  2.82 Mbits/sec  0.375 ms  1228/4750 (26%)  
[  5] 151.00-152.00 sec   371 KBytes  3.04 Mbits/sec  0.211 ms  935/4735 (20%)  
[  5] 152.00-153.00 sec   337 KBytes  2.76 Mbits/sec  0.214 ms  1120/4567 (25%)  
[  5] 153.00-154.00 sec   362 KBytes  2.96 Mbits/sec  0.224 ms  1081/4786 (23%)  
[  5] 154.00-155.00 sec   340 KBytes  2.79 Mbits/sec  0.220 ms  1076/4556 (24%)  
[  5] 155.00-156.00 sec   371 KBytes  3.04 Mbits/sec  0.218 ms  909/4709 (19%)  
[  5] 156.00-157.00 sec   350 KBytes  2.87 Mbits/sec  0.199 ms  1041/4627 (22%)  
[  5] 157.00-158.00 sec   368 KBytes  3.02 Mbits/sec  0.214 ms  848/4620 (18%)  
[  5] 158.00-159.00 sec   317 KBytes  2.59 Mbits/sec  0.217 ms  1259/4501 (28%)  
[  5] 159.00-160.00 sec   297 KBytes  2.43 Mbits/sec  0.325 ms  827/3867 (21%)  
[  5] 160.00-161.00 sec   371 KBytes  3.04 Mbits/sec  0.215 ms  688/4492 (15%)  
[  5] 161.00-162.00 sec   350 KBytes  2.87 Mbits/sec  0.216 ms  805/4394 (18%)  
[  5] 162.00-163.00 sec   371 KBytes  3.04 Mbits/sec  0.214 ms  730/4530 (16%)  
[  5] 163.00-164.00 sec   350 KBytes  2.87 Mbits/sec  0.219 ms  866/4451 (19%)  
[  5] 164.00-165.00 sec   359 KBytes  2.94 Mbits/sec  0.220 ms  972/4645 (21%)  
[  5] 165.00-166.00 sec   363 KBytes  2.98 Mbits/sec  0.216 ms  1062/4784 (22%)  
[  5] 166.00-167.00 sec   361 KBytes  2.95 Mbits/sec  0.223 ms  935/4628 (20%)  
[  5] 167.00-168.00 sec   367 KBytes  3.00 Mbits/sec  0.218 ms  839/4595 (18%)  
[  5] 168.00-169.00 sec   358 KBytes  2.93 Mbits/sec  0.210 ms  838/4500 (19%)  
[  5] 169.00-170.00 sec   324 KBytes  2.66 Mbits/sec  0.221 ms  655/3976 (16%)  
[  5] 170.00-171.00 sec   360 KBytes  2.95 Mbits/sec  0.216 ms  747/4434 (17%)  
[  5] 171.00-172.00 sec   359 KBytes  2.94 Mbits/sec  0.264 ms  802/4481 (18%)  
[  5] 172.00-173.00 sec   371 KBytes  3.03 Mbits/sec  0.275 ms  776/4571 (17%)  
[  5] 173.00-174.00 sec   353 KBytes  2.90 Mbits/sec  0.215 ms  936/4552 (21%)  
[  5] 174.00-175.00 sec   341 KBytes  2.80 Mbits/sec  0.251 ms  1139/4633 (25%)  
[  5] 175.00-176.00 sec   317 KBytes  2.60 Mbits/sec  0.220 ms  679/3925 (17%)  
[  5] 176.00-177.00 sec   369 KBytes  3.03 Mbits/sec  0.217 ms  821/4604 (18%)  
[  5] 177.00-178.00 sec   362 KBytes  2.97 Mbits/sec  0.217 ms  704/4412 (16%)  
[  5] 178.00-179.00 sec   353 KBytes  2.88 Mbits/sec  0.219 ms  1024/4637 (22%)  
[  5] 179.00-180.00 sec   305 KBytes  2.51 Mbits/sec  0.204 ms  1437/4565 (31%)  
[  5] 180.00-181.00 sec   362 KBytes  2.96 Mbits/sec  0.530 ms  977/4682 (21%)  
[  5] 181.00-182.00 sec   360 KBytes  2.95 Mbits/sec  0.252 ms  959/4650 (21%)  
[  5] 182.00-183.00 sec   362 KBytes  2.96 Mbits/sec  0.212 ms  907/4615 (20%)  
[  5] 183.00-184.00 sec   359 KBytes  2.94 Mbits/sec  0.211 ms  969/4644 (21%)  
[  5] 184.00-185.00 sec   341 KBytes  2.79 Mbits/sec  0.223 ms  982/4474 (22%)  
[  5] 185.00-186.00 sec   371 KBytes  3.04 Mbits/sec  0.216 ms  744/4544 (16%)  
[  5] 186.00-187.00 sec   317 KBytes  2.60 Mbits/sec  0.219 ms  655/3901 (17%)  
[  5] 187.00-188.00 sec   338 KBytes  2.76 Mbits/sec  0.217 ms  1079/4535 (24%)  
[  5] 188.00-189.00 sec   344 KBytes  2.81 Mbits/sec  0.203 ms  906/4425 (20%)  
[  5] 189.00-190.00 sec   317 KBytes  2.60 Mbits/sec  0.183 ms  718/3964 (18%)  
[  5] 190.00-191.00 sec   351 KBytes  2.88 Mbits/sec  0.210 ms  1010/4607 (22%)  
[  5] 191.00-192.00 sec   362 KBytes  2.97 Mbits/sec  0.218 ms  884/4593 (19%)  
[  5] 192.00-193.00 sec   356 KBytes  2.92 Mbits/sec  0.221 ms  866/4514 (19%)  
[  5] 193.00-194.00 sec   344 KBytes  2.82 Mbits/sec  0.216 ms  1102/4625 (24%)  
[  5] 194.00-195.00 sec   326 KBytes  2.67 Mbits/sec  2.591 ms  835/4178 (20%)  
[  5] 195.00-196.00 sec   360 KBytes  2.95 Mbits/sec  0.216 ms  815/4504 (18%)  
[  5] 196.00-197.00 sec   398 KBytes  3.26 Mbits/sec  0.475 ms  951/5027 (19%)  
[  5] 197.00-198.00 sec   302 KBytes  2.48 Mbits/sec  0.250 ms  751/3847 (20%)  
[  5] 198.00-199.00 sec   362 KBytes  2.97 Mbits/sec  0.215 ms  1146/4854 (24%)  
[  5] 199.00-200.00 sec   362 KBytes  2.97 Mbits/sec  0.215 ms  990/4701 (21%)  
[  5] 200.00-201.00 sec   362 KBytes  2.97 Mbits/sec  0.202 ms  802/4511 (18%)  
[  5] 201.00-202.00 sec   369 KBytes  3.02 Mbits/sec  0.215 ms  830/4605 (18%)  
[  5] 202.00-203.00 sec   362 KBytes  2.97 Mbits/sec  0.212 ms  702/4411 (16%)  
[  5] 203.00-204.00 sec   343 KBytes  2.80 Mbits/sec  0.308 ms  982/4490 (22%)  
[  5] 204.00-205.00 sec   357 KBytes  2.93 Mbits/sec  0.220 ms  820/4474 (18%)  
[  5] 205.00-206.00 sec   350 KBytes  2.87 Mbits/sec  0.192 ms  1041/4629 (22%)  
[  5] 206.00-207.00 sec   362 KBytes  2.97 Mbits/sec  0.209 ms  783/4492 (17%)  
[  5] 207.00-208.00 sec   360 KBytes  2.95 Mbits/sec  0.221 ms  915/4601 (20%)  
[  5] 208.00-209.00 sec   360 KBytes  2.95 Mbits/sec  0.215 ms  1152/4839 (24%)  
[  5] 209.00-210.00 sec   306 KBytes  2.51 Mbits/sec  0.228 ms  965/4101 (24%)  
[  5] 210.00-211.00 sec   349 KBytes  2.86 Mbits/sec  0.219 ms  1231/4808 (26%)  
[  5] 211.00-212.00 sec   350 KBytes  2.87 Mbits/sec  0.209 ms  1007/4591 (22%)  
[  5] 212.00-213.00 sec   370 KBytes  3.03 Mbits/sec  0.235 ms  817/4601 (18%)  
[  5] 213.00-214.00 sec   335 KBytes  2.74 Mbits/sec  0.219 ms  1066/4492 (24%)  
[  5] 214.00-215.00 sec   354 KBytes  2.90 Mbits/sec  0.218 ms  1016/4642 (22%)  
[  5] 215.00-216.00 sec   357 KBytes  2.92 Mbits/sec  0.195 ms  841/4493 (19%)  
[  5] 216.00-217.00 sec   371 KBytes  3.04 Mbits/sec  0.217 ms  742/4541 (16%)  
[  5] 217.00-218.00 sec   362 KBytes  2.97 Mbits/sec  0.213 ms  747/4456 (17%)  
[  5] 218.00-219.00 sec   302 KBytes  2.47 Mbits/sec  0.218 ms  861/3951 (22%)  
[  5] 219.00-220.00 sec   369 KBytes  3.02 Mbits/sec  0.224 ms  818/4599 (18%)  
[  5] 220.00-221.00 sec   366 KBytes  2.99 Mbits/sec  0.283 ms  723/4466 (16%)  
[  5] 221.00-222.00 sec   362 KBytes  2.97 Mbits/sec  0.218 ms  838/4546 (18%)  
[  5] 222.00-223.00 sec   367 KBytes  3.01 Mbits/sec  0.205 ms  995/4753 (21%)  
[  5] 223.00-224.00 sec   362 KBytes  2.97 Mbits/sec  0.214 ms  952/4660 (20%)  
[  5] 224.00-225.00 sec   362 KBytes  2.97 Mbits/sec  0.215 ms  797/4506 (18%)  
[  5] 225.00-226.00 sec   371 KBytes  3.03 Mbits/sec  0.213 ms  756/4550 (17%)  
[  5] 226.00-227.00 sec   349 KBytes  2.86 Mbits/sec  0.244 ms  849/4421 (19%)  
[  5] 227.00-228.00 sec   348 KBytes  2.85 Mbits/sec  0.211 ms  961/4524 (21%)  
[  5] 228.00-229.00 sec   341 KBytes  2.80 Mbits/sec  0.230 ms  981/4477 (22%)  
[  5] 229.00-230.00 sec   350 KBytes  2.86 Mbits/sec  0.213 ms  1020/4599 (22%)  
[  5] 230.00-231.00 sec   361 KBytes  2.95 Mbits/sec  0.211 ms  878/4572 (19%)  
[  5] 231.00-232.00 sec   326 KBytes  2.67 Mbits/sec  0.219 ms  688/4025 (17%)  
[  5] 232.00-233.00 sec   356 KBytes  2.91 Mbits/sec  0.219 ms  785/4427 (18%)  
[  5] 233.00-234.00 sec   344 KBytes  2.81 Mbits/sec  0.213 ms  927/4445 (21%)  
[  5] 234.00-235.00 sec   341 KBytes  2.80 Mbits/sec  0.218 ms  1030/4522 (23%)  
[  5] 235.00-236.00 sec   356 KBytes  2.92 Mbits/sec  0.215 ms  894/4540 (20%)  
[  5] 236.00-237.00 sec   342 KBytes  2.80 Mbits/sec  0.210 ms  1042/4540 (23%)  
[  5] 237.00-238.00 sec   330 KBytes  2.71 Mbits/sec  0.208 ms  1301/4684 (28%)  
[  5] 238.00-239.00 sec   356 KBytes  2.91 Mbits/sec  0.205 ms  1031/4675 (22%)  
[  5] 239.00-240.00 sec   336 KBytes  2.75 Mbits/sec  0.213 ms  1224/4667 (26%)  
[  5] 240.00-241.00 sec   370 KBytes  3.03 Mbits/sec  0.223 ms  834/4622 (18%)  
[  5] 241.00-242.00 sec   354 KBytes  2.90 Mbits/sec  0.224 ms  834/4462 (19%)  
[  5] 242.00-243.00 sec   344 KBytes  2.82 Mbits/sec  0.218 ms  1062/4582 (23%)  
[  5] 243.00-244.00 sec   362 KBytes  2.97 Mbits/sec  0.212 ms  720/4428 (16%)  
[  5] 244.00-245.00 sec   317 KBytes  2.60 Mbits/sec  0.267 ms  637/3883 (16%)  
[  5] 245.00-246.00 sec   367 KBytes  3.00 Mbits/sec  0.227 ms  776/4532 (17%)  
[  5] 246.00-247.00 sec   360 KBytes  2.95 Mbits/sec  0.209 ms  864/4554 (19%)  
[  5] 247.00-248.00 sec   352 KBytes  2.88 Mbits/sec  0.187 ms  1044/4645 (22%)  
[  5] 248.00-249.00 sec   302 KBytes  2.48 Mbits/sec  0.454 ms  703/3800 (18%)  
[  5] 249.00-250.00 sec   356 KBytes  2.91 Mbits/sec  0.218 ms  1036/4678 (22%)  
[  5] 250.00-251.00 sec   328 KBytes  2.69 Mbits/sec  0.214 ms  1060/4416 (24%)  
[  5] 251.00-252.00 sec   362 KBytes  2.96 Mbits/sec  0.234 ms  974/4684 (21%)  
[  5] 252.00-253.00 sec   362 KBytes  2.97 Mbits/sec  0.213 ms  813/4521 (18%)  
[  5] 253.00-254.00 sec   363 KBytes  2.97 Mbits/sec  0.207 ms  885/4603 (19%)  
[  5] 254.00-255.00 sec   344 KBytes  2.82 Mbits/sec  0.335 ms  1094/4621 (24%)  
[  5] 255.00-256.00 sec   362 KBytes  2.97 Mbits/sec  0.218 ms  910/4619 (20%)  
[  5] 256.00-257.00 sec   371 KBytes  3.04 Mbits/sec  0.219 ms  806/4605 (18%)  
[  5] 257.00-258.00 sec   362 KBytes  2.97 Mbits/sec  0.223 ms  738/4447 (17%)  
[  5] 258.00-259.00 sec   371 KBytes  3.04 Mbits/sec  0.185 ms  762/4561 (17%)  
[  5] 259.00-260.00 sec   367 KBytes  3.01 Mbits/sec  0.208 ms  814/4573 (18%)  
[  5] 260.00-261.00 sec   317 KBytes  2.60 Mbits/sec  0.214 ms  609/3855 (16%)  
[  5] 261.00-262.00 sec   356 KBytes  2.91 Mbits/sec  0.216 ms  807/4450 (18%)  
[  5] 262.00-263.00 sec   359 KBytes  2.94 Mbits/sec  0.268 ms  846/4525 (19%)  
[  5] 263.00-264.00 sec   362 KBytes  2.97 Mbits/sec  0.210 ms  832/4540 (18%)  
[  5] 264.00-265.00 sec   357 KBytes  2.93 Mbits/sec  0.217 ms  976/4636 (21%)  
[  5] 265.00-266.00 sec   329 KBytes  2.70 Mbits/sec  0.222 ms  1158/4528 (26%)  
[  5] 266.00-267.00 sec   342 KBytes  2.80 Mbits/sec  0.311 ms  1213/4710 (26%)  
[  5] 267.00-268.00 sec   334 KBytes  2.74 Mbits/sec  0.301 ms  937/4356 (22%)  
[  5] 268.00-269.00 sec   337 KBytes  2.76 Mbits/sec  0.203 ms  1413/4868 (29%)  
[  5] 269.00-270.00 sec   371 KBytes  3.04 Mbits/sec  0.193 ms  868/4667 (19%)  
[  5] 270.00-271.00 sec   339 KBytes  2.78 Mbits/sec  0.286 ms  1086/4561 (24%)  
[  5] 271.00-272.00 sec   356 KBytes  2.91 Mbits/sec  0.208 ms  1046/4687 (22%)  
[  5] 272.00-273.00 sec   360 KBytes  2.95 Mbits/sec  0.209 ms  866/4552 (19%)  
[  5] 273.00-274.00 sec   370 KBytes  3.03 Mbits/sec  0.220 ms  805/4597 (18%)  
[  5] 274.00-275.00 sec   342 KBytes  2.81 Mbits/sec  0.216 ms  946/4453 (21%)  
[  5] 275.00-276.00 sec   300 KBytes  2.46 Mbits/sec  0.216 ms  896/3973 (23%)  
[  5] 276.00-277.00 sec   350 KBytes  2.86 Mbits/sec  0.227 ms  819/4398 (19%)  
[  5] 277.00-278.00 sec   362 KBytes  2.97 Mbits/sec  0.218 ms  672/4381 (15%)  
[  5] 278.00-279.00 sec   364 KBytes  2.98 Mbits/sec  0.215 ms  836/4562 (18%)  
[  5] 279.00-280.00 sec   342 KBytes  2.80 Mbits/sec  0.216 ms  986/4483 (22%)  
[  5] 280.00-281.00 sec   347 KBytes  2.85 Mbits/sec  0.214 ms  1198/4755 (25%)  
[  5] 281.00-282.00 sec   357 KBytes  2.93 Mbits/sec  0.221 ms  895/4554 (20%)  
[  5] 282.00-283.00 sec   320 KBytes  2.63 Mbits/sec  0.244 ms  809/4090 (20%)  
[  5] 283.00-284.00 sec   341 KBytes  2.80 Mbits/sec  0.219 ms  1028/4523 (23%)  
[  5] 284.00-285.00 sec   344 KBytes  2.82 Mbits/sec  0.803 ms  838/4361 (19%)  
[  5] 285.00-286.00 sec   310 KBytes  2.54 Mbits/sec  0.213 ms  912/4082 (22%)  
[  5] 286.00-287.00 sec   335 KBytes  2.75 Mbits/sec  0.219 ms  962/4395 (22%)  
[  5] 287.00-288.00 sec   358 KBytes  2.94 Mbits/sec  0.220 ms  958/4629 (21%)  
[  5] 288.00-289.00 sec   347 KBytes  2.85 Mbits/sec  0.205 ms  963/4520 (21%)  
[  5] 289.00-290.00 sec   325 KBytes  2.66 Mbits/sec  0.219 ms  679/4007 (17%)  
[  5] 290.00-291.00 sec   362 KBytes  2.97 Mbits/sec  0.220 ms  706/4414 (16%)  
[  5] 291.00-292.00 sec   371 KBytes  3.04 Mbits/sec  0.217 ms  718/4522 (16%)  
[  5] 292.00-293.00 sec   303 KBytes  2.48 Mbits/sec  0.226 ms  661/3761 (18%)  
[  5] 293.00-294.00 sec   364 KBytes  2.98 Mbits/sec  0.219 ms  1011/4739 (21%)  
[  5] 294.00-295.00 sec   347 KBytes  2.84 Mbits/sec  0.226 ms  927/4476 (21%)  
[  5] 295.00-296.00 sec   350 KBytes  2.87 Mbits/sec  0.176 ms  1050/4638 (23%)  
[  5] 296.00-297.00 sec   407 KBytes  3.33 Mbits/sec  0.215 ms  1128/5294 (21%)  
[  5] 297.00-298.00 sec   345 KBytes  2.82 Mbits/sec  0.222 ms  1137/4667 (24%)  
[  5] 298.00-299.00 sec   269 KBytes  2.21 Mbits/sec  0.239 ms  850/3609 (24%)  
[  5] 299.00-300.00 sec   339 KBytes  2.77 Mbits/sec  0.208 ms  1258/4725 (27%)  
[  5] 300.00-301.00 sec   369 KBytes  3.02 Mbits/sec  0.218 ms  923/4697 (20%)  
[  5] 301.00-302.00 sec   360 KBytes  2.95 Mbits/sec  0.244 ms  796/4480 (18%)  
[  5] 302.00-303.00 sec   371 KBytes  3.04 Mbits/sec  0.214 ms  930/4726 (20%)  
[  5] 303.00-304.00 sec   356 KBytes  2.92 Mbits/sec  0.215 ms  1012/4658 (22%)  
[  5] 304.00-305.00 sec   371 KBytes  3.04 Mbits/sec  0.214 ms  987/4784 (21%)  
[  5] 305.00-306.00 sec   357 KBytes  2.92 Mbits/sec  0.219 ms  897/4549 (20%)  
[  5] 306.00-307.00 sec   348 KBytes  2.85 Mbits/sec  0.215 ms  980/4544 (22%)  
[  5] 307.00-308.00 sec   323 KBytes  2.65 Mbits/sec  0.278 ms  763/4068 (19%)  
[  5] 308.00-309.00 sec   335 KBytes  2.74 Mbits/sec  0.216 ms  1144/4577 (25%)  
[  5] 309.00-310.00 sec   335 KBytes  2.74 Mbits/sec  0.217 ms  1334/4761 (28%)  
[  5] 310.00-311.00 sec   357 KBytes  2.93 Mbits/sec  0.213 ms  975/4635 (21%)  
[  5] 311.00-312.00 sec   327 KBytes  2.68 Mbits/sec  0.218 ms  1382/4729 (29%)  
[  5] 312.00-313.00 sec   346 KBytes  2.84 Mbits/sec  0.154 ms  1078/4623 (23%)  
[  5] 313.00-314.00 sec   312 KBytes  2.56 Mbits/sec  0.212 ms  820/4017 (20%)  
[  5] 314.00-315.00 sec   364 KBytes  2.98 Mbits/sec  0.203 ms  906/4629 (20%)  
[  5] 315.00-316.00 sec   288 KBytes  2.36 Mbits/sec  0.238 ms  777/3728 (21%)  
[  5] 316.00-317.00 sec   308 KBytes  2.52 Mbits/sec  0.216 ms  996/4146 (24%)  
[  5] 317.00-318.00 sec   307 KBytes  2.51 Mbits/sec  0.216 ms  696/3836 (18%)  
[  5] 318.00-319.00 sec   323 KBytes  2.64 Mbits/sec  0.212 ms  658/3964 (17%)  
[  5] 319.00-320.00 sec   294 KBytes  2.41 Mbits/sec  6.850 ms  859/3870 (22%)  
[  5] 320.00-321.00 sec   359 KBytes  2.95 Mbits/sec  0.211 ms  978/4657 (21%)  
[  5] 321.00-322.00 sec   321 KBytes  2.63 Mbits/sec  0.212 ms  822/4111 (20%)  
[  5] 322.00-323.00 sec   360 KBytes  2.95 Mbits/sec  0.271 ms  767/4456 (17%)  
[  5] 323.00-324.00 sec   326 KBytes  2.67 Mbits/sec  0.220 ms  538/3875 (14%)  
[  5] 324.00-325.00 sec   316 KBytes  2.59 Mbits/sec  0.206 ms  1203/4437 (27%)  
[  5] 325.00-326.00 sec   291 KBytes  2.39 Mbits/sec  0.213 ms  1124/4106 (27%)  
[  5] 326.00-327.00 sec   359 KBytes  2.94 Mbits/sec  0.219 ms  880/4560 (19%)  
[  5] 327.00-328.00 sec   360 KBytes  2.94 Mbits/sec  0.205 ms  866/4549 (19%)  
[  5] 328.00-329.00 sec   302 KBytes  2.48 Mbits/sec  0.237 ms  685/3776 (18%)  
[  5] 329.00-330.00 sec   362 KBytes  2.97 Mbits/sec  0.218 ms  1126/4834 (23%)  
[  5] 330.00-331.00 sec   317 KBytes  2.60 Mbits/sec  0.214 ms  782/4033 (19%)  
[  5] 331.00-332.00 sec   362 KBytes  2.96 Mbits/sec  0.218 ms  875/4582 (19%)  
[  5] 332.00-333.00 sec   359 KBytes  2.94 Mbits/sec  0.214 ms  919/4592 (20%)  
[  5] 333.00-334.00 sec   313 KBytes  2.56 Mbits/sec  0.216 ms  749/3951 (19%)  
[  5] 334.00-335.00 sec   326 KBytes  2.67 Mbits/sec  0.215 ms  792/4130 (19%)  
[  5] 335.00-336.00 sec   357 KBytes  2.92 Mbits/sec  0.213 ms  1070/4722 (23%)  
[  5] 336.00-337.00 sec   326 KBytes  2.67 Mbits/sec  0.212 ms  967/4304 (22%)  
[  5] 337.00-338.00 sec   321 KBytes  2.63 Mbits/sec  0.593 ms  1250/4538 (28%)  
[  5] 338.00-339.00 sec   344 KBytes  2.81 Mbits/sec  0.275 ms  1414/4933 (29%)  
[  5] 339.00-340.00 sec   339 KBytes  2.78 Mbits/sec  0.221 ms  1322/4795 (28%)  
[  5] 340.00-341.00 sec   308 KBytes  2.52 Mbits/sec  0.217 ms  1383/4532 (31%)  
[  5] 341.00-342.00 sec   286 KBytes  2.35 Mbits/sec  0.249 ms  1473/4406 (33%)  
[  5] 342.00-343.00 sec   338 KBytes  2.77 Mbits/sec  0.193 ms  1559/5022 (31%)  
[  5] 343.00-344.00 sec   314 KBytes  2.57 Mbits/sec  0.218 ms  1048/4267 (25%)  
[  5] 344.00-345.00 sec   315 KBytes  2.58 Mbits/sec  0.220 ms  909/4132 (22%)  
[  5] 345.00-346.00 sec   306 KBytes  2.50 Mbits/sec  0.215 ms  1257/4388 (29%)  
[  5] 346.00-347.00 sec   354 KBytes  2.90 Mbits/sec  0.208 ms  1038/4666 (22%)  
[  5] 347.00-348.00 sec   321 KBytes  2.63 Mbits/sec  0.235 ms  892/4177 (21%)  
[  5] 348.00-349.00 sec   314 KBytes  2.58 Mbits/sec  0.254 ms  820/4040 (20%)  
[  5] 349.00-350.00 sec   317 KBytes  2.60 Mbits/sec  0.219 ms  771/4017 (19%)  
[  5] 350.00-351.00 sec   326 KBytes  2.67 Mbits/sec  0.218 ms  797/4134 (19%)  
[  5] 351.00-352.00 sec   317 KBytes  2.59 Mbits/sec  0.205 ms  997/4238 (24%)  
[  5] 352.00-353.00 sec   295 KBytes  2.41 Mbits/sec  0.224 ms  1184/4200 (28%)  
[  5] 353.00-354.00 sec   362 KBytes  2.97 Mbits/sec  0.214 ms  897/4605 (19%)  
[  5] 354.00-355.00 sec   317 KBytes  2.60 Mbits/sec  0.214 ms  882/4128 (21%)  
[  5] 355.00-356.00 sec   371 KBytes  3.04 Mbits/sec  0.215 ms  1076/4875 (22%)  
[  5] 356.00-357.00 sec   317 KBytes  2.60 Mbits/sec  0.222 ms  945/4191 (23%)  
[  5] 357.00-358.00 sec   370 KBytes  3.04 Mbits/sec  0.213 ms  1260/5053 (25%)  
[  5] 358.00-359.00 sec   305 KBytes  2.49 Mbits/sec  0.307 ms  1026/4147 (25%)  
[  5] 359.00-360.00 sec   354 KBytes  2.91 Mbits/sec  0.248 ms  1269/4891 (26%)  
[  5] 360.00-361.00 sec   317 KBytes  2.60 Mbits/sec  0.213 ms  871/4116 (21%)  
[  5] 361.00-362.00 sec   360 KBytes  2.95 Mbits/sec  0.212 ms  1035/4719 (22%)  
[  5] 362.00-363.00 sec   362 KBytes  2.96 Mbits/sec  0.214 ms  1330/5039 (26%)  
[  5] 363.00-364.00 sec   294 KBytes  2.41 Mbits/sec  0.246 ms  976/3989 (24%)  
[  5] 364.00-365.00 sec   306 KBytes  2.51 Mbits/sec  0.226 ms  1267/4401 (29%)  
[  5] 365.00-366.00 sec   362 KBytes  2.97 Mbits/sec  0.209 ms  1148/4857 (24%)  
[  5] 366.00-367.00 sec   316 KBytes  2.59 Mbits/sec  0.222 ms  1163/4403 (26%)  
[  5] 367.00-368.00 sec   359 KBytes  2.95 Mbits/sec  0.217 ms  1572/5253 (30%)  
[  5] 368.00-369.00 sec   311 KBytes  2.55 Mbits/sec  0.347 ms  966/4152 (23%)  
[  5] 369.00-370.00 sec   326 KBytes  2.67 Mbits/sec  0.204 ms  1017/4354 (23%)  
[  5] 370.00-371.00 sec   317 KBytes  2.59 Mbits/sec  0.247 ms  1699/4940 (34%)  
[  5] 371.00-372.00 sec   306 KBytes  2.51 Mbits/sec  0.322 ms  1347/4485 (30%)  
[  5] 372.00-373.00 sec   370 KBytes  3.03 Mbits/sec  0.218 ms  1506/5295 (28%)  
[  5] 373.00-374.00 sec   317 KBytes  2.60 Mbits/sec  0.207 ms  1065/4311 (25%)  
[  5] 374.00-375.00 sec   371 KBytes  3.04 Mbits/sec  0.186 ms  1244/5043 (25%)  
[  5] 375.00-376.00 sec   295 KBytes  2.41 Mbits/sec  0.205 ms  1246/4263 (29%)  
[  5] 376.00-377.00 sec   350 KBytes  2.87 Mbits/sec  0.221 ms  1267/4855 (26%)  
[  5] 377.00-378.00 sec   358 KBytes  2.93 Mbits/sec  0.201 ms  1176/4838 (24%)  
[  5] 378.00-379.00 sec   301 KBytes  2.47 Mbits/sec  0.216 ms  1032/4114 (25%)  
[  5] 379.00-380.00 sec   371 KBytes  3.04 Mbits/sec  0.213 ms  1120/4920 (23%)  
[  5] 380.00-381.00 sec   317 KBytes  2.60 Mbits/sec  0.240 ms  836/4081 (20%)  
[  5] 381.00-382.00 sec   326 KBytes  2.67 Mbits/sec  0.219 ms  924/4262 (22%)  
[  5] 382.00-383.00 sec   296 KBytes  2.42 Mbits/sec  0.216 ms  1025/4051 (25%)  
[  5] 383.00-384.00 sec   242 KBytes  1.98 Mbits/sec  0.348 ms  1086/3562 (30%)  
[  5] 384.00-385.00 sec   330 KBytes  2.70 Mbits/sec  0.215 ms  1366/4742 (29%)  
[  5] 385.00-386.00 sec   311 KBytes  2.55 Mbits/sec  0.212 ms  934/4119 (23%)  
[  5] 386.00-387.00 sec   371 KBytes  3.04 Mbits/sec  0.216 ms  1097/4897 (22%)  
[  5] 387.00-388.00 sec   317 KBytes  2.60 Mbits/sec  0.214 ms  1120/4366 (26%)  
[  5] 388.00-389.00 sec   295 KBytes  2.42 Mbits/sec  0.217 ms  1328/4353 (31%)  
[  5] 389.00-390.00 sec   286 KBytes  2.34 Mbits/sec  0.204 ms  1184/4112 (29%)  
[  5] 390.00-391.00 sec   326 KBytes  2.67 Mbits/sec  0.218 ms  1095/4432 (25%)  
[  5] 391.00-392.00 sec   317 KBytes  2.59 Mbits/sec  0.217 ms  1023/4265 (24%)  
[  5] 392.00-393.00 sec   319 KBytes  2.61 Mbits/sec  0.215 ms  1017/4280 (24%)  
[  5] 393.00-394.00 sec   362 KBytes  2.97 Mbits/sec  0.211 ms  1035/4743 (22%)  
[  5] 394.00-395.00 sec   317 KBytes  2.60 Mbits/sec  0.209 ms  950/4196 (23%)  
[  5] 395.00-396.00 sec   322 KBytes  2.64 Mbits/sec  0.208 ms  1022/4317 (24%)  
[  5] 396.00-397.00 sec   284 KBytes  2.32 Mbits/sec  0.328 ms  1189/4094 (29%)  
[  5] 397.00-398.00 sec   325 KBytes  2.67 Mbits/sec  0.218 ms  891/4224 (21%)  
[  5] 398.00-399.00 sec   294 KBytes  2.41 Mbits/sec  0.230 ms  812/3823 (21%)  
[  5] 399.00-400.00 sec   299 KBytes  2.45 Mbits/sec  0.227 ms  1412/4469 (32%)  
[  5] 400.00-401.00 sec   314 KBytes  2.58 Mbits/sec  0.311 ms  824/4044 (20%)  
