[m46mr3_qoe_seed258] talking to gNB E2 agent (listen=6600, gNB=6655)...

Omega log: /home/kmanojp/oranslice_rig/experiments/results/m47_pf21c/qoe/seed258/omega_log.jsonl
{
  "run_id": "m46mr3_qoe_seed258",
  "algorithm": "dqn",
  "mode": "live_testbed",
  "seed": 2001,
  "n_episodes": 1,
  "mean_reward_per_step": -0.1264491010480457,
  "mean_blocks_per_episode": 121.0,
  "mean_urllc_blocks_per_episode": 42.0,
  "blocks_per_episode": [
    121
  ],
  "blocks_per_episode_by_slice": [
    {
      "urllc": 42,
      "embb": 41,
      "mmtc": 38
    }
  ],
  "mean_rho": null,
  "omega_path": "/home/kmanojp/oranslice_rig/experiments/results/m47_pf21c/qoe/seed258/omega_log.jsonl",
  "checkpoint_path": "",
  "drift_flag": true,
  "drift_reason": "mean URLLC block rate 42.00/episode exceeds 2x the 1.0/episode acceptance bar",
  "sla_compliance_by_slice": {
    "embb": 0.0,
    "urllc": 0.016666666666666666,
    "mmtc": 1.0
  },
  "sla_compliance_all_slices": 0.0,
  "sla_compliance_by_slice_per_episode": [
    {
      "embb": 0.0,
      "urllc": 0.016666666666666666,
      "mmtc": 1.0
    }
  ],
  "sla_margin_by_slice": {
    "embb": -9601.27635,
    "urllc": -8283.1286,
    "mmtc": 0.9999999998196708
  },
  "sla_margin_by_slice_per_episode": [
    {
      "embb": -9601.27635,
      "urllc": -8283.1286,
      "mmtc": 0.9999999998196708
    }
  ],
  "mean_mos_by_slice": {
    "embb": 1.411825946966807,
    "urllc": 1.0492321491241454,
    "mmtc": 4.943352691332499
  },
  "mean_cost": 0.005833333333333332,
  "mean_sla_viol": 0.9846333333333334
}
