[m46mr3_static_floor_seed261] talking to gNB E2 agent (listen=6600, gNB=6655)...

Omega log: /home/kmanojp/oranslice_rig/experiments/results/m47_pf21c/static_floor/seed261/omega_log.jsonl
{
  "run_id": "m46mr3_static_floor_seed261",
  "algorithm": "lb_only",
  "mode": "live_testbed",
  "seed": 2003,
  "n_episodes": 1,
  "mean_reward_per_step": -12.783333333333333,
  "mean_blocks_per_episode": 122.0,
  "mean_urllc_blocks_per_episode": 40.0,
  "blocks_per_episode": [
    122
  ],
  "blocks_per_episode_by_slice": [
    {
      "mmtc": 46,
      "urllc": 40,
      "embb": 36
    }
  ],
  "mean_rho": null,
  "omega_path": "/home/kmanojp/oranslice_rig/experiments/results/m47_pf21c/static_floor/seed261/omega_log.jsonl",
  "checkpoint_path": "",
  "drift_flag": true,
  "drift_reason": "mean URLLC block rate 40.00/episode exceeds 2x the 1.0/episode acceptance bar",
  "sla_compliance_by_slice": {
    "embb": 0.016666666666666666,
    "urllc": 0.016666666666666666,
    "mmtc": 1.0
  },
  "sla_compliance_all_slices": 0.016666666666666666,
  "sla_compliance_by_slice_per_episode": [
    {
      "embb": 0.016666666666666666,
      "urllc": 0.016666666666666666,
      "mmtc": 1.0
    }
  ],
  "sla_margin_by_slice": {
    "embb": -9603.343766666665,
    "urllc": -8276.491383333334,
    "mmtc": 0.9980999993820239
  },
  "sla_margin_by_slice_per_episode": [
    {
      "embb": -9603.343766666665,
      "urllc": -8276.491383333334,
      "mmtc": 0.9980999993820239
    }
  ],
  "mean_mos_by_slice": {
    "embb": 1.4213683267434438,
    "urllc": 1.0512592156728109,
    "mmtc": 4.9421459039052325
  },
  "mean_cost": 0.0,
  "mean_sla_viol": 0.9833333333333333
}
