[m46mr3_static_cap_seed258] talking to gNB E2 agent (listen=6600, gNB=6655)...

Omega log: /home/kmanojp/oranslice_rig/experiments/results/m47_pf21c/static_cap/seed258/omega_log.jsonl
{
  "run_id": "m46mr3_static_cap_seed258",
  "algorithm": "lb_only",
  "mode": "live_testbed",
  "seed": 2001,
  "n_episodes": 1,
  "mean_reward_per_step": -6.455083333333333,
  "mean_blocks_per_episode": 66.0,
  "mean_urllc_blocks_per_episode": 11.0,
  "blocks_per_episode": [
    66
  ],
  "blocks_per_episode_by_slice": [
    {
      "mmtc": 39,
      "urllc": 11,
      "embb": 16
    }
  ],
  "mean_rho": null,
  "omega_path": "/home/kmanojp/oranslice_rig/experiments/results/m47_pf21c/static_cap/seed258/omega_log.jsonl",
  "checkpoint_path": "",
  "drift_flag": true,
  "drift_reason": "mean URLLC block rate 11.00/episode exceeds 2x the 1.0/episode acceptance bar",
  "sla_compliance_by_slice": {
    "embb": 0.0,
    "urllc": 0.35,
    "mmtc": 1.0
  },
  "sla_compliance_all_slices": 0.0,
  "sla_compliance_by_slice_per_episode": [
    {
      "embb": 0.0,
      "urllc": 0.35,
      "mmtc": 1.0
    }
  ],
  "sla_margin_by_slice": {
    "embb": -9511.77643333333,
    "urllc": -1.6822666666666668,
    "mmtc": 0.9961999994352703
  },
  "sla_margin_by_slice_per_episode": [
    {
      "embb": -9511.77643333333,
      "urllc": -1.6822666666666668,
      "mmtc": 0.9961999994352703
    }
  ],
  "mean_mos_by_slice": {
    "embb": 1.4363516668478649,
    "urllc": 2.05787185827891,
    "mmtc": 4.940939108530681
  },
  "mean_cost": 0.19783333333333342,
  "mean_sla_viol": 1.0
}
