[m46mr3_lb_only_seed264] talking to gNB E2 agent (listen=6600, gNB=6655)...

Omega log: /home/kmanojp/oranslice_rig/experiments/results/m47_pf21c/lb_only/seed264/omega_log.jsonl
{
  "run_id": "m46mr3_lb_only_seed264",
  "algorithm": "lb_only",
  "mode": "live_testbed",
  "seed": 2005,
  "n_episodes": 1,
  "mean_reward_per_step": -10.234916666666667,
  "mean_blocks_per_episode": 83.0,
  "mean_urllc_blocks_per_episode": 26.0,
  "blocks_per_episode": [
    83
  ],
  "blocks_per_episode_by_slice": [
    {
      "mmtc": 38,
      "urllc": 26,
      "embb": 19
    }
  ],
  "mean_rho": null,
  "omega_path": "/home/kmanojp/oranslice_rig/experiments/results/m47_pf21c/lb_only/seed264/omega_log.jsonl",
  "checkpoint_path": "",
  "drift_flag": true,
  "drift_reason": "mean URLLC block rate 26.00/episode exceeds 2x the 1.0/episode acceptance bar",
  "sla_compliance_by_slice": {
    "embb": 0.0,
    "urllc": 0.016666666666666666,
    "mmtc": 1.0
  },
  "sla_compliance_all_slices": 0.0,
  "sla_compliance_by_slice_per_episode": [
    {
      "embb": 0.0,
      "urllc": 0.016666666666666666,
      "mmtc": 1.0
    }
  ],
  "sla_margin_by_slice": {
    "embb": -9573.781033333331,
    "urllc": -5491.4524666666675,
    "mmtc": 0.996199999257984
  },
  "sla_margin_by_slice_per_episode": [
    {
      "embb": -9573.781033333331,
      "urllc": -5491.4524666666675,
      "mmtc": 0.996199999257984
    }
  ],
  "mean_mos_by_slice": {
    "embb": 1.4203356246153513,
    "urllc": 1.0558131694793702,
    "mmtc": 4.9409391244252525
  },
  "mean_cost": 0.11216666666666666,
  "mean_sla_viol": 0.9876222222222223
}
