[m46mr3_qoe_seed263] talking to gNB E2 agent (listen=6600, gNB=6655)...

Omega log: /home/kmanojp/oranslice_rig/experiments/results/m47_pf21c/qoe/seed263/omega_log.jsonl
{
  "run_id": "m46mr3_qoe_seed263",
  "algorithm": "dqn",
  "mode": "live_testbed",
  "seed": 2004,
  "n_episodes": 1,
  "mean_reward_per_step": -0.2045198825160663,
  "mean_blocks_per_episode": 5.0,
  "mean_urllc_blocks_per_episode": 3.0,
  "blocks_per_episode": [
    5
  ],
  "blocks_per_episode_by_slice": [
    {
      "urllc": 3,
      "mmtc": 2
    }
  ],
  "mean_rho": null,
  "omega_path": "/home/kmanojp/oranslice_rig/experiments/results/m47_pf21c/qoe/seed263/omega_log.jsonl",
  "checkpoint_path": "",
  "drift_flag": true,
  "drift_reason": "mean URLLC block rate 3.00/episode exceeds 2x the 1.0/episode acceptance bar",
  "sla_compliance_by_slice": {
    "embb": 0.0,
    "urllc": 0.05,
    "mmtc": 1.0
  },
  "sla_compliance_all_slices": 0.0,
  "sla_compliance_by_slice_per_episode": [
    {
      "embb": 0.0,
      "urllc": 0.05,
      "mmtc": 1.0
    }
  ],
  "sla_margin_by_slice": {
    "embb": -9567.121466666667,
    "urllc": -177.41654999999992,
    "mmtc": 0.9961999998596017
  },
  "sla_margin_by_slice_per_episode": [
    {
      "embb": -9567.121466666667,
      "urllc": -177.41654999999992,
      "mmtc": 0.9961999998596017
    }
  ],
  "mean_mos_by_slice": {
    "embb": 1.427858837445577,
    "urllc": 1.2021379133065542,
    "mmtc": 4.940964659055074
  },
  "mean_cost": 0.4278333333333334,
  "mean_sla_viol": 0.9997333333333334
}
