[m46mr3_qoe_seed264] talking to gNB E2 agent (listen=6600, gNB=6655)...

Omega log: /home/kmanojp/oranslice_rig/experiments/results/m47_pf21c/qoe/seed264/omega_log.jsonl
{
  "run_id": "m46mr3_qoe_seed264",
  "algorithm": "dqn",
  "mode": "live_testbed",
  "seed": 2005,
  "n_episodes": 1,
  "mean_reward_per_step": -0.16035141755342483,
  "mean_blocks_per_episode": 85.0,
  "mean_urllc_blocks_per_episode": 47.0,
  "blocks_per_episode": [
    85
  ],
  "blocks_per_episode_by_slice": [
    {
      "mmtc": 38,
      "urllc": 47
    }
  ],
  "mean_rho": null,
  "omega_path": "/home/kmanojp/oranslice_rig/experiments/results/m47_pf21c/qoe/seed264/omega_log.jsonl",
  "checkpoint_path": "",
  "drift_flag": true,
  "drift_reason": "mean URLLC block rate 47.00/episode exceeds 2x the 1.0/episode acceptance bar",
  "sla_compliance_by_slice": {
    "embb": 0.0,
    "urllc": 0.0,
    "mmtc": 1.0
  },
  "sla_compliance_all_slices": 0.0,
  "sla_compliance_by_slice_per_episode": [
    {
      "embb": 0.0,
      "urllc": 0.0,
      "mmtc": 1.0
    }
  ],
  "sla_margin_by_slice": {
    "embb": -9565.445733333334,
    "urllc": -8479.701866666665,
    "mmtc": 0.996199999859654
  },
  "sla_margin_by_slice_per_episode": [
    {
      "embb": -9565.445733333334,
      "urllc": -8479.701866666665,
      "mmtc": 0.996199999859654
    }
  ],
  "mean_mos_by_slice": {
    "embb": 1.4372438887755077,
    "urllc": 1.0,
    "mmtc": 4.940939100583394
  },
  "mean_cost": 0.12600000000000003,
  "mean_sla_viol": 1.0
}
