[m46mr3_static_floor_seed263] talking to gNB E2 agent (listen=6600, gNB=6655)...

Omega log: /home/kmanojp/oranslice_rig/experiments/results/m47_pf21c/static_floor/seed263/omega_log.jsonl
{
  "run_id": "m46mr3_static_floor_seed263",
  "algorithm": "lb_only",
  "mode": "live_testbed",
  "seed": 2004,
  "n_episodes": 1,
  "mean_reward_per_step": -13.0,
  "mean_blocks_per_episode": 122.0,
  "mean_urllc_blocks_per_episode": 35.0,
  "blocks_per_episode": [
    122
  ],
  "blocks_per_episode_by_slice": [
    {
      "mmtc": 52,
      "urllc": 35,
      "embb": 35
    }
  ],
  "mean_rho": null,
  "omega_path": "/home/kmanojp/oranslice_rig/experiments/results/m47_pf21c/static_floor/seed263/omega_log.jsonl",
  "checkpoint_path": "",
  "drift_flag": true,
  "drift_reason": "mean URLLC block rate 35.00/episode exceeds 2x the 1.0/episode acceptance bar",
  "sla_compliance_by_slice": {
    "embb": 0.0,
    "urllc": 0.0,
    "mmtc": 1.0
  },
  "sla_compliance_all_slices": 0.0,
  "sla_compliance_by_slice_per_episode": [
    {
      "embb": 0.0,
      "urllc": 0.0,
      "mmtc": 1.0
    }
  ],
  "sla_margin_by_slice": {
    "embb": -9601.5551,
    "urllc": -8306.532883333335,
    "mmtc": 0.998099999442054
  },
  "sla_margin_by_slice_per_episode": [
    {
      "embb": -9601.5551,
      "urllc": -8306.532883333335,
      "mmtc": 0.998099999442054
    }
  ],
  "mean_mos_by_slice": {
    "embb": 1.4207381904125214,
    "urllc": 1.0089455723762513,
    "mmtc": 4.9421459039052325
  },
  "mean_cost": 0.0,
  "mean_sla_viol": 1.0
}
