[m46mr3_static_floor_seed264] talking to gNB E2 agent (listen=6600, gNB=6655)...

Omega log: /home/kmanojp/oranslice_rig/experiments/results/m47_pf21c/static_floor/seed264/omega_log.jsonl
{
  "run_id": "m46mr3_static_floor_seed264",
  "algorithm": "lb_only",
  "mode": "live_testbed",
  "seed": 2105,
  "n_episodes": 1,
  "mean_reward_per_step": -13.0,
  "mean_blocks_per_episode": 122.0,
  "mean_urllc_blocks_per_episode": 45.0,
  "blocks_per_episode": [
    122
  ],
  "blocks_per_episode_by_slice": [
    {
      "mmtc": 32,
      "urllc": 45,
      "embb": 45
    }
  ],
  "mean_rho": null,
  "omega_path": "/home/kmanojp/oranslice_rig/experiments/results/m47_pf21c/static_floor/seed264/omega_log.jsonl",
  "checkpoint_path": "",
  "drift_flag": true,
  "drift_reason": "mean URLLC block rate 45.00/episode exceeds 2x the 1.0/episode acceptance bar",
  "sla_compliance_by_slice": {
    "embb": 0.0,
    "urllc": 0.0,
    "mmtc": 1.0
  },
  "sla_compliance_all_slices": 0.0,
  "sla_compliance_by_slice_per_episode": [
    {
      "embb": 0.0,
      "urllc": 0.0,
      "mmtc": 1.0
    }
  ],
  "sla_margin_by_slice": {
    "embb": -9603.458766666668,
    "urllc": -8578.653033333334,
    "mmtc": 0.996199998931329
  },
  "sla_margin_by_slice_per_episode": [
    {
      "embb": -9603.458766666668,
      "urllc": -8578.653033333334,
      "mmtc": 0.996199998931329
    }
  ],
  "mean_mos_by_slice": {
    "embb": 1.4246420482794444,
    "urllc": 1.0141902228196462,
    "mmtc": 4.940939092636109
  },
  "mean_cost": 0.0,
  "mean_sla_viol": 0.9996666666666667
}
