[m46mr3_qoe_seed260] talking to gNB E2 agent (listen=6600, gNB=6655)...

Omega log: /home/kmanojp/oranslice_rig/experiments/results/m47_pf21c/qoe/seed260/omega_log.jsonl
{
  "run_id": "m46mr3_qoe_seed260",
  "algorithm": "dqn",
  "mode": "live_testbed",
  "seed": 2002,
  "n_episodes": 1,
  "mean_reward_per_step": -0.135279077788194,
  "mean_blocks_per_episode": 122.0,
  "mean_urllc_blocks_per_episode": 43.0,
  "blocks_per_episode": [
    122
  ],
  "blocks_per_episode_by_slice": [
    {
      "mmtc": 46,
      "urllc": 43,
      "embb": 33
    }
  ],
  "mean_rho": null,
  "omega_path": "/home/kmanojp/oranslice_rig/experiments/results/m47_pf21c/qoe/seed260/omega_log.jsonl",
  "checkpoint_path": "",
  "drift_flag": true,
  "drift_reason": "mean URLLC block rate 43.00/episode exceeds 2x the 1.0/episode acceptance bar",
  "sla_compliance_by_slice": {
    "embb": 0.0,
    "urllc": 0.0,
    "mmtc": 1.0
  },
  "sla_compliance_all_slices": 0.0,
  "sla_compliance_by_slice_per_episode": [
    {
      "embb": 0.0,
      "urllc": 0.0,
      "mmtc": 1.0
    }
  ],
  "sla_margin_by_slice": {
    "embb": -9584.910683333332,
    "urllc": -8480.386616666665,
    "mmtc": 0.9942999998727172
  },
  "sla_margin_by_slice_per_episode": [
    {
      "embb": -9584.910683333332,
      "urllc": -8480.386616666665,
      "mmtc": 0.9942999998727172
    }
  ],
  "mean_mos_by_slice": {
    "embb": 1.4370149155457814,
    "urllc": 1.0,
    "mmtc": 4.939636150995891
  },
  "mean_cost": 0.0,
  "mean_sla_viol": 1.0
}
