[m46mr3_qoe_seed267] talking to gNB E2 agent (listen=6600, gNB=6655)...

Omega log: /home/kmanojp/oranslice_rig/experiments/results/m47_pf21c/qoe/seed267/omega_log.jsonl
{
  "run_id": "m46mr3_qoe_seed267",
  "algorithm": "dqn",
  "mode": "live_testbed",
  "seed": 2006,
  "n_episodes": 1,
  "mean_reward_per_step": -0.1259291358364953,
  "mean_blocks_per_episode": 122.0,
  "mean_urllc_blocks_per_episode": 45.0,
  "blocks_per_episode": [
    122
  ],
  "blocks_per_episode_by_slice": [
    {
      "mmtc": 42,
      "urllc": 45,
      "embb": 35
    }
  ],
  "mean_rho": null,
  "omega_path": "/home/kmanojp/oranslice_rig/experiments/results/m47_pf21c/qoe/seed267/omega_log.jsonl",
  "checkpoint_path": "",
  "drift_flag": true,
  "drift_reason": "mean URLLC block rate 45.00/episode exceeds 2x the 1.0/episode acceptance bar",
  "sla_compliance_by_slice": {
    "embb": 0.0,
    "urllc": 0.016666666666666666,
    "mmtc": 1.0
  },
  "sla_compliance_all_slices": 0.0,
  "sla_compliance_by_slice_per_episode": [
    {
      "embb": 0.0,
      "urllc": 0.016666666666666666,
      "mmtc": 1.0
    }
  ],
  "sla_margin_by_slice": {
    "embb": -9595.78285,
    "urllc": -8494.143316666667,
    "mmtc": 0.9961999998428599
  },
  "sla_margin_by_slice_per_episode": [
    {
      "embb": -9595.78285,
      "urllc": -8494.143316666667,
      "mmtc": 0.9961999998428599
    }
  ],
  "mean_mos_by_slice": {
    "embb": 1.4229679703712463,
    "urllc": 1.0327432990074157,
    "mmtc": 4.940939100583394
  },
  "mean_cost": 0.0,
  "mean_sla_viol": 0.9846333333333334
}
