[m46mr3_static_cap_seed261] talking to gNB E2 agent (listen=6600, gNB=6655)...

Omega log: /home/kmanojp/oranslice_rig/experiments/results/m47_pf21c/static_cap/seed261/omega_log.jsonl
{
  "run_id": "m46mr3_static_cap_seed261",
  "algorithm": "lb_only",
  "mode": "live_testbed",
  "seed": 2003,
  "n_episodes": 1,
  "mean_reward_per_step": -8.222666666666665,
  "mean_blocks_per_episode": 83.0,
  "mean_urllc_blocks_per_episode": 17.0,
  "blocks_per_episode": [
    83
  ],
  "blocks_per_episode_by_slice": [
    {
      "mmtc": 46,
      "urllc": 17,
      "embb": 20
    }
  ],
  "mean_rho": null,
  "omega_path": "/home/kmanojp/oranslice_rig/experiments/results/m47_pf21c/static_cap/seed261/omega_log.jsonl",
  "checkpoint_path": "",
  "drift_flag": true,
  "drift_reason": "mean URLLC block rate 17.00/episode exceeds 2x the 1.0/episode acceptance bar",
  "sla_compliance_by_slice": {
    "embb": 0.0,
    "urllc": 0.26666666666666666,
    "mmtc": 1.0
  },
  "sla_compliance_all_slices": 0.0,
  "sla_compliance_by_slice_per_episode": [
    {
      "embb": 0.0,
      "urllc": 0.26666666666666666,
      "mmtc": 1.0
    }
  ],
  "sla_margin_by_slice": {
    "embb": -9510.933416666661,
    "urllc": -1.6475833333333336,
    "mmtc": 0.9923999993580385
  },
  "sla_margin_by_slice_per_episode": [
    {
      "embb": -9510.933416666661,
      "urllc": -1.6475833333333336,
      "mmtc": 0.9923999993580385
    }
  ],
  "mean_mos_by_slice": {
    "embb": 1.4330592314402262,
    "urllc": 1.9063334147135416,
    "mmtc": 4.93850527604421
  },
  "mean_cost": 0.13733333333333336,
  "mean_sla_viol": 0.9919111111111112
}
