[m46mr3_sla_seed264] talking to gNB E2 agent (listen=6600, gNB=6655)...

Omega log: /home/kmanojp/oranslice_rig/experiments/results/m47_pf21c/sla/seed264/omega_log.jsonl
{
  "run_id": "m46mr3_sla_seed264",
  "algorithm": "dqn",
  "mode": "live_testbed",
  "seed": 2005,
  "n_episodes": 1,
  "mean_reward_per_step": -5.746666666666665,
  "mean_blocks_per_episode": 11.0,
  "mean_urllc_blocks_per_episode": 0.0,
  "blocks_per_episode": [
    11
  ],
  "blocks_per_episode_by_slice": [
    {
      "mmtc": 7,
      "embb": 4
    }
  ],
  "mean_rho": null,
  "omega_path": "/home/kmanojp/oranslice_rig/experiments/results/m47_pf21c/sla/seed264/omega_log.jsonl",
  "checkpoint_path": "",
  "drift_flag": false,
  "drift_reason": "",
  "sla_compliance_by_slice": {
    "embb": 0.0,
    "urllc": 0.23333333333333334,
    "mmtc": 1.0
  },
  "sla_compliance_all_slices": 0.0,
  "sla_compliance_by_slice_per_episode": [
    {
      "embb": 0.0,
      "urllc": 0.23333333333333334,
      "mmtc": 1.0
    }
  ],
  "sla_margin_by_slice": {
    "embb": -9566.047116666667,
    "urllc": -2.161183333333334,
    "mmtc": 0.9942999998512894
  },
  "sla_margin_by_slice_per_episode": [
    {
      "embb": -9566.047116666667,
      "urllc": -2.161183333333334,
      "mmtc": 0.9942999998512894
    }
  ],
  "mean_mos_by_slice": {
    "embb": 1.4208798348903655,
    "urllc": 1.7823842902978262,
    "mmtc": 4.939832282066345
  },
  "mean_cost": 0.4066666666666668,
  "mean_sla_viol": 0.9846333333333334
}
