[m46mr3_lb_only_seed263] talking to gNB E2 agent (listen=6600, gNB=6655)...

Omega log: /home/kmanojp/oranslice_rig/experiments/results/m47_pf21c/lb_only/seed263/omega_log.jsonl
{
  "run_id": "m46mr3_lb_only_seed263",
  "algorithm": "lb_only",
  "mode": "live_testbed",
  "seed": 2004,
  "n_episodes": 1,
  "mean_reward_per_step": -10.608583333333334,
  "mean_blocks_per_episode": 88.0,
  "mean_urllc_blocks_per_episode": 18.0,
  "blocks_per_episode": [
    88
  ],
  "blocks_per_episode_by_slice": [
    {
      "mmtc": 52,
      "urllc": 18,
      "embb": 18
    }
  ],
  "mean_rho": null,
  "omega_path": "/home/kmanojp/oranslice_rig/experiments/results/m47_pf21c/lb_only/seed263/omega_log.jsonl",
  "checkpoint_path": "",
  "drift_flag": true,
  "drift_reason": "mean URLLC block rate 18.00/episode exceeds 2x the 1.0/episode acceptance bar",
  "sla_compliance_by_slice": {
    "embb": 0.0,
    "urllc": 0.016666666666666666,
    "mmtc": 1.0
  },
  "sla_compliance_all_slices": 0.0,
  "sla_compliance_by_slice_per_episode": [
    {
      "embb": 0.0,
      "urllc": 0.016666666666666666,
      "mmtc": 1.0
    }
  ],
  "sla_margin_by_slice": {
    "embb": -9576.969250000004,
    "urllc": -6632.367016666665,
    "mmtc": 0.9961999993092507
  },
  "sla_margin_by_slice_per_episode": [
    {
      "embb": -9576.969250000004,
      "urllc": -6632.367016666665,
      "mmtc": 0.9961999993092507
    }
  ],
  "mean_mos_by_slice": {
    "embb": 1.4233858505884807,
    "urllc": 1.0492602507273356,
    "mmtc": 4.940939108530681
  },
  "mean_cost": 0.10016666666666668,
  "mean_sla_viol": 0.9846333333333334
}
