[m46mr3_static_cap_seed263] talking to gNB E2 agent (listen=6600, gNB=6655)...

Omega log: /home/kmanojp/oranslice_rig/experiments/results/m47_pf21c/static_cap/seed263/omega_log.jsonl
{
  "run_id": "m46mr3_static_cap_seed263",
  "algorithm": "lb_only",
  "mode": "live_testbed",
  "seed": 2004,
  "n_episodes": 1,
  "mean_reward_per_step": -8.766333333333334,
  "mean_blocks_per_episode": 78.0,
  "mean_urllc_blocks_per_episode": 7.0,
  "blocks_per_episode": [
    78
  ],
  "blocks_per_episode_by_slice": [
    {
      "mmtc": 52,
      "urllc": 7,
      "embb": 19
    }
  ],
  "mean_rho": null,
  "omega_path": "/home/kmanojp/oranslice_rig/experiments/results/m47_pf21c/static_cap/seed263/omega_log.jsonl",
  "checkpoint_path": "",
  "drift_flag": true,
  "drift_reason": "mean URLLC block rate 7.00/episode exceeds 2x the 1.0/episode acceptance bar",
  "sla_compliance_by_slice": {
    "embb": 0.0,
    "urllc": 0.15,
    "mmtc": 1.0
  },
  "sla_compliance_all_slices": 0.0,
  "sla_compliance_by_slice_per_episode": [
    {
      "embb": 0.0,
      "urllc": 0.15,
      "mmtc": 1.0
    }
  ],
  "sla_margin_by_slice": {
    "embb": -9514.743083333333,
    "urllc": -2.657783333333334,
    "mmtc": 0.9904999996382458
  },
  "sla_margin_by_slice_per_episode": [
    {
      "embb": -9514.743083333333,
      "urllc": -2.657783333333334,
      "mmtc": 0.9904999996382458
    }
  ],
  "mean_mos_by_slice": {
    "embb": 1.439056968688965,
    "urllc": 1.5190184652805327,
    "mmtc": 4.937311601638794
  },
  "mean_cost": 0.15533333333333338,
  "mean_sla_viol": 1.0
}
