[m46mr3_static_cap_seed260] talking to gNB E2 agent (listen=6600, gNB=6655)...

Omega log: /home/kmanojp/oranslice_rig/experiments/results/m47_pf21c/static_cap/seed260/omega_log.jsonl
{
  "run_id": "m46mr3_static_cap_seed260",
  "algorithm": "lb_only",
  "mode": "live_testbed",
  "seed": 2002,
  "n_episodes": 1,
  "mean_reward_per_step": -9.375583333333333,
  "mean_blocks_per_episode": 96.0,
  "mean_urllc_blocks_per_episode": 17.0,
  "blocks_per_episode": [
    96
  ],
  "blocks_per_episode_by_slice": [
    {
      "mmtc": 46,
      "urllc": 17,
      "embb": 33
    }
  ],
  "mean_rho": null,
  "omega_path": "/home/kmanojp/oranslice_rig/experiments/results/m47_pf21c/static_cap/seed260/omega_log.jsonl",
  "checkpoint_path": "",
  "drift_flag": true,
  "drift_reason": "mean URLLC block rate 17.00/episode exceeds 2x the 1.0/episode acceptance bar",
  "sla_compliance_by_slice": {
    "embb": 0.0,
    "urllc": 0.2,
    "mmtc": 1.0
  },
  "sla_compliance_all_slices": 0.0,
  "sla_compliance_by_slice_per_episode": [
    {
      "embb": 0.0,
      "urllc": 0.2,
      "mmtc": 1.0
    }
  ],
  "sla_margin_by_slice": {
    "embb": -9508.587983333335,
    "urllc": -2.036250000000001,
    "mmtc": 0.9942999992200673
  },
  "sla_margin_by_slice_per_episode": [
    {
      "embb": -9508.587983333335,
      "urllc": -2.036250000000001,
      "mmtc": 0.9942999992200673
    }
  ],
  "mean_mos_by_slice": {
    "embb": 1.4313703457514444,
    "urllc": 1.5932118594646454,
    "mmtc": 4.939712611834208
  },
  "mean_cost": 0.09483333333333337,
  "mean_sla_viol": 0.9963555555555555
}
