[m46mr3_lb_only_seed260] talking to gNB E2 agent (listen=6600, gNB=6655)...

Omega log: /home/kmanojp/oranslice_rig/experiments/results/m47_pf21c/lb_only/seed260/omega_log.jsonl
{
  "run_id": "m46mr3_lb_only_seed260",
  "algorithm": "lb_only",
  "mode": "live_testbed",
  "seed": 2002,
  "n_episodes": 1,
  "mean_reward_per_step": -10.52375,
  "mean_blocks_per_episode": 88.0,
  "mean_urllc_blocks_per_episode": 26.0,
  "blocks_per_episode": [
    88
  ],
  "blocks_per_episode_by_slice": [
    {
      "mmtc": 46,
      "urllc": 26,
      "embb": 16
    }
  ],
  "mean_rho": null,
  "omega_path": "/home/kmanojp/oranslice_rig/experiments/results/m47_pf21c/lb_only/seed260/omega_log.jsonl",
  "checkpoint_path": "",
  "drift_flag": true,
  "drift_reason": "mean URLLC block rate 26.00/episode exceeds 2x the 1.0/episode acceptance bar",
  "sla_compliance_by_slice": {
    "embb": 0.016666666666666666,
    "urllc": 0.016666666666666666,
    "mmtc": 1.0
  },
  "sla_compliance_all_slices": 0.016666666666666666,
  "sla_compliance_by_slice_per_episode": [
    {
      "embb": 0.016666666666666666,
      "urllc": 0.016666666666666666,
      "mmtc": 1.0
    }
  ],
  "sla_margin_by_slice": {
    "embb": -9588.166499999998,
    "urllc": -6734.02215000003,
    "mmtc": 0.996199999248547
  },
  "sla_margin_by_slice_per_episode": [
    {
      "embb": -9588.166499999998,
      "urllc": -6734.02215000003,
      "mmtc": 0.996199999248547
    }
  ],
  "mean_mos_by_slice": {
    "embb": 1.4215595424175262,
    "urllc": 1.0646652142206827,
    "mmtc": 4.9409391244252525
  },
  "mean_cost": 0.0991666666666667,
  "mean_sla_viol": 0.9833333333333333
}
