[m46mr3_sla_seed263] talking to gNB E2 agent (listen=6600, gNB=6655)...

Omega log: /home/kmanojp/oranslice_rig/experiments/results/m47_pf21c/sla/seed263/omega_log.jsonl
{
  "run_id": "m46mr3_sla_seed263",
  "algorithm": "dqn",
  "mode": "live_testbed",
  "seed": 2004,
  "n_episodes": 1,
  "mean_reward_per_step": -6.9830000000000005,
  "mean_blocks_per_episode": 9.0,
  "mean_urllc_blocks_per_episode": 0.0,
  "blocks_per_episode": [
    9
  ],
  "blocks_per_episode_by_slice": [
    {
      "mmtc": 9
    }
  ],
  "mean_rho": null,
  "omega_path": "/home/kmanojp/oranslice_rig/experiments/results/m47_pf21c/sla/seed263/omega_log.jsonl",
  "checkpoint_path": "",
  "drift_flag": false,
  "drift_reason": "",
  "sla_compliance_by_slice": {
    "embb": 0.0,
    "urllc": 0.18333333333333332,
    "mmtc": 1.0
  },
  "sla_compliance_all_slices": 0.0,
  "sla_compliance_by_slice_per_episode": [
    {
      "embb": 0.0,
      "urllc": 0.18333333333333332,
      "mmtc": 1.0
    }
  ],
  "sla_margin_by_slice": {
    "embb": -9569.52861666667,
    "urllc": -4.035133333333997,
    "mmtc": 0.9980999998738059
  },
  "sla_margin_by_slice_per_episode": [
    {
      "embb": -9569.52861666667,
      "urllc": -4.035133333333997,
      "mmtc": 0.9980999998738059
    }
  ],
  "mean_mos_by_slice": {
    "embb": 1.434100584189097,
    "urllc": 1.519130927324295,
    "mmtc": 4.942073361078898
  },
  "mean_cost": 0.4153333333333334,
  "mean_sla_viol": 1.0
}
