[m46mr3_sla_seed260] talking to gNB E2 agent (listen=6600, gNB=6655)...

Omega log: /home/kmanojp/oranslice_rig/experiments/results/m47_pf21c/sla/seed260/omega_log.jsonl
{
  "run_id": "m46mr3_sla_seed260",
  "algorithm": "dqn",
  "mode": "live_testbed",
  "seed": 2002,
  "n_episodes": 1,
  "mean_reward_per_step": -7.9959999999999996,
  "mean_blocks_per_episode": 4.0,
  "mean_urllc_blocks_per_episode": 2.0,
  "blocks_per_episode": [
    4
  ],
  "blocks_per_episode_by_slice": [
    {
      "mmtc": 2,
      "urllc": 2
    }
  ],
  "mean_rho": null,
  "omega_path": "/home/kmanojp/oranslice_rig/experiments/results/m47_pf21c/sla/seed260/omega_log.jsonl",
  "checkpoint_path": "",
  "drift_flag": false,
  "drift_reason": "",
  "sla_compliance_by_slice": {
    "embb": 0.016666666666666666,
    "urllc": 0.0,
    "mmtc": 1.0
  },
  "sla_compliance_all_slices": 0.0,
  "sla_compliance_by_slice_per_episode": [
    {
      "embb": 0.016666666666666666,
      "urllc": 0.0,
      "mmtc": 1.0
    }
  ],
  "sla_margin_by_slice": {
    "embb": -9586.771583333331,
    "urllc": -5549.221166666668,
    "mmtc": 0.9942499998706349
  },
  "sla_margin_by_slice_per_episode": [
    {
      "embb": -9586.771583333331,
      "urllc": -5549.221166666668,
      "mmtc": 0.9942499998706349
    }
  ],
  "mean_mos_by_slice": {
    "embb": 1.4295293092727661,
    "urllc": 1.0134413123130799,
    "mmtc": 4.939699824651083
  },
  "mean_cost": 0.42733333333333345,
  "mean_sla_viol": 0.9852222222222221
}
