[m46mr3_lb_only_seed267] talking to gNB E2 agent (listen=6600, gNB=6655)...

Omega log: /home/kmanojp/oranslice_rig/experiments/results/m47_pf21c/lb_only/seed267/omega_log.jsonl
{
  "run_id": "m46mr3_lb_only_seed267",
  "algorithm": "lb_only",
  "mode": "live_testbed",
  "seed": 2006,
  "n_episodes": 1,
  "mean_reward_per_step": -10.265166666666664,
  "mean_blocks_per_episode": 82.0,
  "mean_urllc_blocks_per_episode": 22.0,
  "blocks_per_episode": [
    82
  ],
  "blocks_per_episode_by_slice": [
    {
      "mmtc": 42,
      "urllc": 22,
      "embb": 18
    }
  ],
  "mean_rho": null,
  "omega_path": "/home/kmanojp/oranslice_rig/experiments/results/m47_pf21c/lb_only/seed267/omega_log.jsonl",
  "checkpoint_path": "",
  "drift_flag": true,
  "drift_reason": "mean URLLC block rate 22.00/episode exceeds 2x the 1.0/episode acceptance bar",
  "sla_compliance_by_slice": {
    "embb": 0.0,
    "urllc": 0.0,
    "mmtc": 1.0
  },
  "sla_compliance_all_slices": 0.0,
  "sla_compliance_by_slice_per_episode": [
    {
      "embb": 0.0,
      "urllc": 0.0,
      "mmtc": 1.0
    }
  ],
  "sla_margin_by_slice": {
    "embb": -9587.603599999999,
    "urllc": -5612.061099999998,
    "mmtc": 0.992399999301669
  },
  "sla_margin_by_slice_per_episode": [
    {
      "embb": -9587.603599999999,
      "urllc": -5612.061099999998,
      "mmtc": 0.992399999301669
    }
  ],
  "mean_mos_by_slice": {
    "embb": 1.4379319449265797,
    "urllc": 1.0,
    "mmtc": 4.938422592480977
  },
  "mean_cost": 0.11566666666666665,
  "mean_sla_viol": 1.0
}
