Connecting to host 172.22.0.50, port 5203
Reverse mode, remote host 172.22.0.50 is sending
[  5] local 192.168.200.2 port 36566 connected to 172.22.0.50 port 5203
[ ID] Interval           Transfer     Bitrate         Jitter    Lost/Total Datagrams
[  5]   0.00-1.00   sec   475 KBytes  3.89 Mbits/sec  0.249 ms  0/6079 (0%)  
[  5]   1.00-2.00   sec   502 KBytes  4.11 Mbits/sec  0.227 ms  0/6425 (0%)  
[  5]   2.00-3.00   sec   489 KBytes  4.00 Mbits/sec  0.238 ms  0/6257 (0%)  
[  5]   3.00-4.00   sec   488 KBytes  4.00 Mbits/sec  0.222 ms  0/6248 (0%)  
[  5]   4.00-5.00   sec   488 KBytes  4.00 Mbits/sec  0.209 ms  0/6249 (0%)  
[  5]   5.00-6.00   sec   488 KBytes  3.99 Mbits/sec  0.222 ms  0/6241 (0%)  
[  5]   6.00-7.00   sec   489 KBytes  4.00 Mbits/sec  0.293 ms  0/6254 (0%)  
[  5]   7.00-8.00   sec   489 KBytes  4.00 Mbits/sec  0.216 ms  0/6256 (0%)  
[  5]   8.00-9.00   sec   488 KBytes  4.00 Mbits/sec  0.221 ms  0/6248 (0%)  
[  5]   9.00-10.00  sec   488 KBytes  4.00 Mbits/sec  0.220 ms  0/6252 (0%)  
[  5]  10.00-11.00  sec   488 KBytes  4.00 Mbits/sec  0.240 ms  0/6246 (0%)  
[  5]  11.00-12.00  sec   489 KBytes  4.00 Mbits/sec  0.231 ms  0/6253 (0%)  
[  5]  12.00-13.00  sec   488 KBytes  4.00 Mbits/sec  0.200 ms  0/6243 (0%)  
[  5]  13.00-14.00  sec   488 KBytes  4.00 Mbits/sec  0.293 ms  0/6252 (0%)  
[  5]  14.00-15.00  sec   489 KBytes  4.00 Mbits/sec  0.220 ms  0/6256 (0%)  
[  5]  15.00-16.00  sec   488 KBytes  4.00 Mbits/sec  0.221 ms  0/6248 (0%)  
[  5]  16.00-17.00  sec   488 KBytes  4.00 Mbits/sec  0.205 ms  0/6251 (0%)  
[  5]  17.00-18.00  sec   488 KBytes  4.00 Mbits/sec  0.323 ms  0/6244 (0%)  
[  5]  18.00-19.00  sec   485 KBytes  3.97 Mbits/sec  0.246 ms  0/6205 (0%)  
[  5]  19.00-20.00  sec   492 KBytes  4.03 Mbits/sec  0.302 ms  0/6297 (0%)  
[  5]  20.00-21.00  sec   489 KBytes  4.00 Mbits/sec  0.213 ms  0/6253 (0%)  
[  5]  21.00-22.00  sec   488 KBytes  4.00 Mbits/sec  0.266 ms  0/6248 (0%)  
[  5]  22.00-23.00  sec   488 KBytes  4.00 Mbits/sec  0.201 ms  0/6247 (0%)  
[  5]  23.00-24.00  sec   489 KBytes  4.00 Mbits/sec  0.262 ms  0/6254 (0%)  
[  5]  24.00-25.00  sec   488 KBytes  4.00 Mbits/sec  0.205 ms  0/6247 (0%)  
[  5]  25.00-26.00  sec   487 KBytes  3.99 Mbits/sec  0.206 ms  0/6234 (0%)  
[  5]  26.00-27.00  sec   490 KBytes  4.02 Mbits/sec  0.195 ms  0/6273 (0%)  
[  5]  27.00-28.00  sec   488 KBytes  3.99 Mbits/sec  0.348 ms  0/6240 (0%)  
[  5]  28.00-29.00  sec   489 KBytes  4.01 Mbits/sec  0.210 ms  0/6260 (0%)  
[  5]  29.00-30.00  sec   488 KBytes  4.00 Mbits/sec  0.257 ms  0/6246 (0%)  
[  5]  30.00-31.00  sec   488 KBytes  4.00 Mbits/sec  0.321 ms  0/6248 (0%)  
[  5]  31.00-32.00  sec   488 KBytes  4.00 Mbits/sec  0.322 ms  0/6249 (0%)  
[  5]  32.00-33.00  sec   488 KBytes  4.00 Mbits/sec  0.209 ms  0/6250 (0%)  
[  5]  33.00-34.00  sec   487 KBytes  3.99 Mbits/sec  0.221 ms  0/6239 (0%)  
[  5]  34.00-35.00  sec   488 KBytes  4.00 Mbits/sec  0.222 ms  0/6262 (0%)  
[  5]  35.00-36.00  sec   488 KBytes  4.00 Mbits/sec  0.236 ms  0/6251 (0%)  
[  5]  36.00-37.00  sec   488 KBytes  4.00 Mbits/sec  0.257 ms  0/6252 (0%)  
[  5]  37.00-38.00  sec   489 KBytes  4.00 Mbits/sec  0.234 ms  0/6253 (0%)  
[  5]  38.00-39.00  sec   488 KBytes  3.99 Mbits/sec  0.209 ms  0/6242 (0%)  
[  5]  39.00-40.00  sec   488 KBytes  4.00 Mbits/sec  0.228 ms  0/6252 (0%)  
[  5]  40.00-41.00  sec   488 KBytes  4.00 Mbits/sec  0.249 ms  0/6251 (0%)  
[  5]  41.00-42.00  sec   489 KBytes  4.00 Mbits/sec  0.236 ms  0/6253 (0%)  
[  5]  42.00-43.00  sec   488 KBytes  3.99 Mbits/sec  0.230 ms  0/6242 (0%)  
[  5]  43.00-44.00  sec   489 KBytes  4.01 Mbits/sec  0.209 ms  0/6261 (0%)  
[  5]  44.00-45.00  sec   488 KBytes  3.99 Mbits/sec  0.313 ms  0/6242 (0%)  
[  5]  45.00-46.00  sec   489 KBytes  4.01 Mbits/sec  0.230 ms  0/6256 (0%)  
[  5]  46.00-47.00  sec   488 KBytes  4.00 Mbits/sec  0.224 ms  0/6245 (0%)  
[  5]  47.00-48.00  sec   488 KBytes  4.00 Mbits/sec  0.248 ms  0/6247 (0%)  
[  5]  48.00-49.00  sec   487 KBytes  3.99 Mbits/sec  0.224 ms  0/6238 (0%)  
[  5]  49.00-50.00  sec   490 KBytes  4.01 Mbits/sec  0.233 ms  0/6270 (0%)  
[  5]  50.00-51.00  sec   488 KBytes  3.99 Mbits/sec  0.312 ms  0/6241 (0%)  
[  5]  51.00-52.00  sec   489 KBytes  4.01 Mbits/sec  0.211 ms  0/6258 (0%)  
[  5]  52.00-53.00  sec   488 KBytes  4.00 Mbits/sec  0.217 ms  0/6250 (0%)  
[  5]  53.00-54.00  sec   488 KBytes  4.00 Mbits/sec  0.240 ms  0/6251 (0%)  
[  5]  54.00-55.00  sec   488 KBytes  4.00 Mbits/sec  0.233 ms  0/6246 (0%)  
[  5]  55.00-56.00  sec   488 KBytes  4.00 Mbits/sec  0.227 ms  0/6252 (0%)  
[  5]  56.00-57.00  sec   488 KBytes  4.00 Mbits/sec  0.293 ms  0/6245 (0%)  
[  5]  57.00-58.00  sec   489 KBytes  4.01 Mbits/sec  0.212 ms  0/6259 (0%)  
[  5]  58.00-59.00  sec   488 KBytes  3.99 Mbits/sec  0.314 ms  0/6240 (0%)  
[  5]  59.00-60.00  sec   488 KBytes  4.00 Mbits/sec  0.287 ms  0/6249 (0%)  
[  5]  60.00-61.00  sec   488 KBytes  4.00 Mbits/sec  0.208 ms  0/6252 (0%)  
[  5]  61.00-62.00  sec   488 KBytes  4.00 Mbits/sec  0.280 ms  0/6245 (0%)  
[  5]  62.00-63.00  sec   489 KBytes  4.01 Mbits/sec  0.227 ms  0/6259 (0%)  
[  5]  63.00-64.00  sec   488 KBytes  4.00 Mbits/sec  0.272 ms  0/6250 (0%)  
[  5]  64.00-65.00  sec   483 KBytes  3.95 Mbits/sec  0.265 ms  0/6178 (0%)  
[  5]  65.00-66.00  sec   494 KBytes  4.05 Mbits/sec  0.241 ms  0/6325 (0%)  
[  5]  66.00-67.00  sec   488 KBytes  3.99 Mbits/sec  0.208 ms  0/6240 (0%)  
[  5]  67.00-68.00  sec   488 KBytes  4.00 Mbits/sec  0.258 ms  0/6252 (0%)  
[  5]  68.00-69.00  sec   488 KBytes  4.00 Mbits/sec  0.248 ms  0/6248 (0%)  
[  5]  69.00-70.00  sec   489 KBytes  4.00 Mbits/sec  0.279 ms  0/6254 (0%)  
[  5]  70.00-71.00  sec   489 KBytes  4.00 Mbits/sec  0.230 ms  0/6255 (0%)  
[  5]  71.00-72.00  sec   488 KBytes  4.00 Mbits/sec  0.227 ms  0/6251 (0%)  
[  5]  72.00-73.00  sec   488 KBytes  4.00 Mbits/sec  0.317 ms  0/6243 (0%)  
[  5]  73.00-74.00  sec   489 KBytes  4.00 Mbits/sec  0.220 ms  0/6253 (0%)  
[  5]  74.00-75.00  sec   488 KBytes  4.00 Mbits/sec  0.210 ms  0/6252 (0%)  
[  5]  75.00-76.00  sec   488 KBytes  4.00 Mbits/sec  0.259 ms  0/6248 (0%)  
[  5]  76.00-77.00  sec   489 KBytes  4.01 Mbits/sec  0.223 ms  0/6256 (0%)  
[  5]  77.00-78.00  sec   487 KBytes  3.99 Mbits/sec  0.255 ms  0/6235 (0%)  
[  5]  78.00-79.00  sec   489 KBytes  4.01 Mbits/sec  0.189 ms  0/6263 (0%)  
[  5]  79.00-80.00  sec   488 KBytes  4.00 Mbits/sec  0.222 ms  0/6248 (0%)  
[  5]  80.00-81.00  sec   487 KBytes  3.98 Mbits/sec  0.258 ms  0/6230 (0%)  
[  5]  81.00-82.00  sec   490 KBytes  4.01 Mbits/sec  0.289 ms  0/6267 (0%)  
[  5]  82.00-83.00  sec   488 KBytes  4.00 Mbits/sec  0.222 ms  0/6249 (0%)  
[  5]  83.00-84.00  sec   489 KBytes  4.00 Mbits/sec  0.240 ms  0/6253 (0%)  
[  5]  84.00-85.00  sec   488 KBytes  4.00 Mbits/sec  0.216 ms  0/6249 (0%)  
[  5]  85.00-86.00  sec   488 KBytes  4.00 Mbits/sec  0.224 ms  0/6250 (0%)  
[  5]  86.00-87.00  sec   475 KBytes  3.89 Mbits/sec  0.199 ms  0/6081 (0%)  
[  5]  87.00-88.00  sec   501 KBytes  4.11 Mbits/sec  0.244 ms  0/6419 (0%)  
[  5]  88.00-89.00  sec   489 KBytes  4.00 Mbits/sec  0.217 ms  0/6256 (0%)  
[  5]  89.00-90.00  sec   488 KBytes  4.00 Mbits/sec  0.253 ms  0/6249 (0%)  
[  5]  90.00-91.00  sec   488 KBytes  3.99 Mbits/sec  0.265 ms  0/6242 (0%)  
[  5]  91.00-92.00  sec   489 KBytes  4.00 Mbits/sec  0.231 ms  0/6254 (0%)  
[  5]  92.00-93.00  sec   488 KBytes  4.00 Mbits/sec  0.237 ms  0/6251 (0%)  
[  5]  93.00-94.00  sec   488 KBytes  4.00 Mbits/sec  0.232 ms  0/6248 (0%)  
[  5]  94.00-95.00  sec   488 KBytes  4.00 Mbits/sec  0.249 ms  0/6251 (0%)  
[  5]  95.00-96.00  sec   488 KBytes  4.00 Mbits/sec  0.238 ms  0/6246 (0%)  
[  5]  96.00-97.00  sec   489 KBytes  4.00 Mbits/sec  0.226 ms  0/6256 (0%)  
[  5]  97.00-98.00  sec   488 KBytes  4.00 Mbits/sec  0.226 ms  0/6245 (0%)  
[  5]  98.00-99.00  sec   488 KBytes  4.00 Mbits/sec  0.210 ms  0/6246 (0%)  
[  5]  99.00-100.00 sec   489 KBytes  4.01 Mbits/sec  0.223 ms  0/6259 (0%)  
[  5] 100.00-101.00 sec   489 KBytes  4.00 Mbits/sec  0.222 ms  0/6253 (0%)  
[  5] 101.00-102.00 sec   479 KBytes  3.92 Mbits/sec  0.232 ms  0/6127 (0%)  
[  5] 102.00-103.00 sec   493 KBytes  4.04 Mbits/sec  0.239 ms  0/6310 (0%)  
[  5] 103.00-104.00 sec   493 KBytes  4.04 Mbits/sec  0.218 ms  0/6313 (0%)  
[  5] 104.00-105.00 sec   488 KBytes  3.99 Mbits/sec  0.200 ms  0/6242 (0%)  
[  5] 105.00-106.00 sec   472 KBytes  3.87 Mbits/sec  0.204 ms  49/6094 (0.8%)  
[  5] 106.00-107.00 sec   501 KBytes  4.10 Mbits/sec  0.222 ms  0/6407 (0%)  
[  5] 107.00-108.00 sec   488 KBytes  4.00 Mbits/sec  0.273 ms  0/6249 (0%)  
[  5] 108.00-109.00 sec   487 KBytes  3.99 Mbits/sec  0.327 ms  0/6228 (0%)  
[  5] 109.00-110.00 sec   490 KBytes  4.02 Mbits/sec  0.208 ms  0/6275 (0%)  
[  5] 110.00-111.00 sec   488 KBytes  4.00 Mbits/sec  0.218 ms  0/6252 (0%)  
[  5] 111.00-112.00 sec   486 KBytes  3.98 Mbits/sec  0.221 ms  0/6226 (0%)  
[  5] 112.00-113.00 sec   490 KBytes  4.01 Mbits/sec  0.276 ms  0/6269 (0%)  
[  5] 113.00-114.00 sec   488 KBytes  4.00 Mbits/sec  0.267 ms  0/6250 (0%)  
[  5] 114.00-115.00 sec   489 KBytes  4.00 Mbits/sec  0.229 ms  0/6255 (0%)  
[  5] 115.00-116.00 sec   488 KBytes  3.99 Mbits/sec  0.260 ms  0/6241 (0%)  
[  5] 116.00-117.00 sec   488 KBytes  4.00 Mbits/sec  0.308 ms  0/6249 (0%)  
[  5] 117.00-118.00 sec   489 KBytes  4.00 Mbits/sec  0.293 ms  0/6253 (0%)  
[  5] 118.00-119.00 sec   488 KBytes  4.00 Mbits/sec  0.241 ms  0/6249 (0%)  
[  5] 119.00-120.00 sec   488 KBytes  4.00 Mbits/sec  0.304 ms  0/6250 (0%)  
[  5] 120.00-121.00 sec   489 KBytes  4.00 Mbits/sec  0.214 ms  0/6257 (0%)  
[  5] 121.00-122.00 sec   488 KBytes  4.00 Mbits/sec  0.229 ms  0/6252 (0%)  
[  5] 122.00-123.00 sec   488 KBytes  4.00 Mbits/sec  0.211 ms  0/6246 (0%)  
[  5] 123.00-124.00 sec   485 KBytes  3.97 Mbits/sec  0.222 ms  0/6206 (0%)  
[  5] 124.00-125.00 sec   492 KBytes  4.03 Mbits/sec  0.237 ms  0/6293 (0%)  
[  5] 125.00-126.00 sec   487 KBytes  3.99 Mbits/sec  0.282 ms  0/6231 (0%)  
[  5] 126.00-127.00 sec   490 KBytes  4.01 Mbits/sec  0.299 ms  0/6267 (0%)  
[  5] 127.00-128.01 sec   476 KBytes  3.88 Mbits/sec  0.200 ms  0/6091 (0%)  
[  5] 128.01-129.00 sec   501 KBytes  4.13 Mbits/sec  0.219 ms  0/6416 (0%)  
[  5] 129.00-130.00 sec   488 KBytes  4.00 Mbits/sec  0.201 ms  0/6246 (0%)  
[  5] 130.00-131.00 sec   488 KBytes  4.00 Mbits/sec  0.223 ms  0/6248 (0%)  
[  5] 131.00-132.00 sec   487 KBytes  3.99 Mbits/sec  0.203 ms  0/6239 (0%)  
[  5] 132.00-133.00 sec   488 KBytes  4.00 Mbits/sec  0.224 ms  0/6251 (0%)  
[  5] 133.00-134.00 sec   490 KBytes  4.01 Mbits/sec  0.212 ms  0/6266 (0%)  
[  5] 134.00-135.00 sec   485 KBytes  3.97 Mbits/sec  0.166 ms  0/6208 (0%)  
[  5] 135.00-136.00 sec   491 KBytes  4.02 Mbits/sec  0.322 ms  0/6284 (0%)  
[  5] 136.00-137.00 sec   488 KBytes  4.00 Mbits/sec  0.242 ms  0/6248 (0%)  
[  5] 137.00-138.00 sec   489 KBytes  4.01 Mbits/sec  0.242 ms  0/6258 (0%)  
[  5] 138.00-139.00 sec   485 KBytes  3.97 Mbits/sec  0.253 ms  0/6213 (0%)  
[  5] 139.00-140.00 sec   491 KBytes  4.03 Mbits/sec  0.225 ms  0/6288 (0%)  
[  5] 140.00-141.00 sec   488 KBytes  4.00 Mbits/sec  0.235 ms  0/6246 (0%)  
[  5] 141.00-142.00 sec   488 KBytes  4.00 Mbits/sec  0.216 ms  0/6250 (0%)  
[  5] 142.00-143.00 sec   489 KBytes  4.00 Mbits/sec  0.209 ms  0/6254 (0%)  
[  5] 143.00-144.00 sec   488 KBytes  4.00 Mbits/sec  0.264 ms  0/6247 (0%)  
[  5] 144.00-145.00 sec   488 KBytes  4.00 Mbits/sec  0.216 ms  0/6251 (0%)  
[  5] 145.00-146.00 sec   488 KBytes  4.00 Mbits/sec  0.269 ms  0/6249 (0%)  
[  5] 146.00-147.00 sec   482 KBytes  3.95 Mbits/sec  0.281 ms  0/6167 (0%)  
[  5] 147.00-148.00 sec   495 KBytes  4.05 Mbits/sec  0.224 ms  0/6335 (0%)  
[  5] 148.00-149.00 sec   488 KBytes  4.00 Mbits/sec  0.234 ms  0/6249 (0%)  
[  5] 149.00-150.00 sec   488 KBytes  4.00 Mbits/sec  0.224 ms  0/6252 (0%)  
[  5] 150.00-151.00 sec   456 KBytes  3.73 Mbits/sec  1.141 ms  0/5833 (0%)  
[  5] 151.00-152.00 sec   521 KBytes  4.27 Mbits/sec  0.203 ms  0/6672 (0%)  
[  5] 152.00-153.00 sec   488 KBytes  4.00 Mbits/sec  0.213 ms  0/6246 (0%)  
[  5] 153.00-154.00 sec   488 KBytes  3.99 Mbits/sec  0.225 ms  0/6240 (0%)  
[  5] 154.00-155.00 sec   489 KBytes  4.01 Mbits/sec  0.218 ms  0/6262 (0%)  
[  5] 155.00-156.00 sec   488 KBytes  4.00 Mbits/sec  0.226 ms  0/6247 (0%)  
[  5] 156.00-157.00 sec   487 KBytes  3.99 Mbits/sec  0.231 ms  0/6238 (0%)  
[  5] 157.00-158.00 sec   489 KBytes  4.01 Mbits/sec  0.201 ms  0/6261 (0%)  
[  5] 158.00-159.00 sec   488 KBytes  4.00 Mbits/sec  0.239 ms  0/6246 (0%)  
[  5] 159.00-160.00 sec   489 KBytes  4.01 Mbits/sec  0.239 ms  0/6257 (0%)  
[  5] 160.00-161.00 sec   488 KBytes  4.00 Mbits/sec  0.221 ms  0/6251 (0%)  
[  5] 161.00-162.00 sec   488 KBytes  3.99 Mbits/sec  0.226 ms  0/6241 (0%)  
[  5] 162.00-163.00 sec   489 KBytes  4.00 Mbits/sec  0.252 ms  0/6256 (0%)  
[  5] 163.00-164.00 sec   488 KBytes  4.00 Mbits/sec  0.304 ms  0/6244 (0%)  
[  5] 164.00-165.00 sec   488 KBytes  4.00 Mbits/sec  0.231 ms  0/6251 (0%)  
[  5] 165.00-166.00 sec   489 KBytes  4.01 Mbits/sec  0.207 ms  0/6258 (0%)  
[  5] 166.00-167.00 sec   488 KBytes  4.00 Mbits/sec  0.206 ms  0/6252 (0%)  
[  5] 167.00-168.00 sec   487 KBytes  3.99 Mbits/sec  0.262 ms  0/6236 (0%)  
[  5] 168.00-169.00 sec   488 KBytes  4.00 Mbits/sec  0.220 ms  0/6252 (0%)  
[  5] 169.00-170.00 sec   488 KBytes  4.00 Mbits/sec  0.276 ms  0/6243 (0%)  
[  5] 170.00-171.00 sec   489 KBytes  4.00 Mbits/sec  0.218 ms  0/6254 (0%)  
[  5] 171.00-172.00 sec   488 KBytes  4.00 Mbits/sec  0.225 ms  0/6247 (0%)  
[  5] 172.00-173.00 sec   488 KBytes  4.00 Mbits/sec  0.197 ms  0/6252 (0%)  
[  5] 173.00-174.00 sec   489 KBytes  4.01 Mbits/sec  0.199 ms  0/6264 (0%)  
[  5] 174.00-175.00 sec   488 KBytes  4.00 Mbits/sec  0.237 ms  0/6247 (0%)  
[  5] 175.00-176.00 sec   488 KBytes  4.00 Mbits/sec  0.178 ms  0/6247 (0%)  
[  5] 176.00-177.00 sec   488 KBytes  4.00 Mbits/sec  0.206 ms  0/6249 (0%)  
