Connecting to host 172.22.0.50, port 5203
Reverse mode, remote host 172.22.0.50 is sending
[  5] local 192.168.200.2 port 53026 connected to 172.22.0.50 port 5203
[ ID] Interval           Transfer     Bitrate         Jitter    Lost/Total Datagrams
[  5]   0.00-1.00   sec   358 KBytes  2.93 Mbits/sec  0.272 ms  0/4578 (0%)  
[  5]   1.00-2.00   sec   491 KBytes  4.02 Mbits/sec  0.216 ms  0/6289 (0%)  
[  5]   2.00-3.00   sec   497 KBytes  4.07 Mbits/sec  0.215 ms  0/6358 (0%)  
[  5]   3.00-4.00   sec   495 KBytes  4.06 Mbits/sec  0.229 ms  0/6336 (0%)  
[  5]   4.00-5.00   sec   492 KBytes  4.03 Mbits/sec  0.232 ms  0/6300 (0%)  
[  5]   5.00-6.00   sec   495 KBytes  4.05 Mbits/sec  0.268 ms  0/6331 (0%)  
[  5]   6.00-7.00   sec   492 KBytes  4.03 Mbits/sec  0.211 ms  0/6302 (0%)  
[  5]   7.00-8.00   sec   493 KBytes  4.04 Mbits/sec  0.285 ms  0/6308 (0%)  
[  5]   8.00-9.00   sec   496 KBytes  4.06 Mbits/sec  0.256 ms  0/6343 (0%)  
[  5]   9.00-10.00  sec   499 KBytes  4.09 Mbits/sec  0.222 ms  0/6386 (0%)  
[  5]  10.00-11.00  sec   501 KBytes  4.10 Mbits/sec  0.246 ms  0/6408 (0%)  
[  5]  11.00-12.00  sec   503 KBytes  4.12 Mbits/sec  0.249 ms  0/6444 (0%)  
[  5]  12.00-13.00  sec   499 KBytes  4.09 Mbits/sec  0.226 ms  0/6385 (0%)  
[  5]  13.00-14.00  sec   501 KBytes  4.10 Mbits/sec  0.204 ms  0/6411 (0%)  
[  5]  14.00-15.00  sec   495 KBytes  4.05 Mbits/sec  0.226 ms  0/6335 (0%)  
[  5]  15.00-16.00  sec   497 KBytes  4.07 Mbits/sec  0.209 ms  0/6365 (0%)  
[  5]  16.00-17.00  sec   497 KBytes  4.07 Mbits/sec  0.296 ms  0/6360 (0%)  
[  5]  17.00-18.00  sec   477 KBytes  3.91 Mbits/sec  0.189 ms  0/6106 (0%)  
[  5]  18.00-19.00  sec   474 KBytes  3.88 Mbits/sec  0.231 ms  0/6066 (0%)  
[  5]  19.00-20.00  sec   473 KBytes  3.87 Mbits/sec  0.214 ms  0/6052 (0%)  
[  5]  20.00-21.00  sec   502 KBytes  4.11 Mbits/sec  0.231 ms  0/6428 (0%)  
[  5]  21.00-22.00  sec   502 KBytes  4.12 Mbits/sec  0.208 ms  0/6431 (0%)  
[  5]  22.00-23.00  sec   473 KBytes  3.88 Mbits/sec  0.269 ms  0/6056 (0%)  
[  5]  23.00-24.00  sec   485 KBytes  3.97 Mbits/sec  0.227 ms  0/6209 (0%)  
[  5]  24.00-25.00  sec   492 KBytes  4.03 Mbits/sec  0.219 ms  0/6301 (0%)  
[  5]  25.00-26.00  sec   493 KBytes  4.03 Mbits/sec  0.267 ms  0/6308 (0%)  
[  5]  26.00-27.00  sec   489 KBytes  4.01 Mbits/sec  0.218 ms  0/6265 (0%)  
[  5]  27.00-28.00  sec   483 KBytes  3.95 Mbits/sec  0.238 ms  0/6179 (0%)  
[  5]  28.00-29.00  sec   481 KBytes  3.94 Mbits/sec  0.232 ms  0/6159 (0%)  
[  5]  29.00-30.00  sec   483 KBytes  3.96 Mbits/sec  0.277 ms  0/6181 (0%)  
[  5]  30.00-31.00  sec   489 KBytes  4.01 Mbits/sec  0.211 ms  0/6265 (0%)  
[  5]  31.00-32.00  sec   501 KBytes  4.10 Mbits/sec  0.239 ms  0/6412 (0%)  
[  5]  32.00-33.00  sec   498 KBytes  4.08 Mbits/sec  0.222 ms  0/6374 (0%)  
[  5]  33.00-34.00  sec   493 KBytes  4.04 Mbits/sec  0.217 ms  0/6308 (0%)  
[  5]  34.00-35.00  sec   498 KBytes  4.08 Mbits/sec  0.220 ms  0/6372 (0%)  
[  5]  35.00-36.00  sec   491 KBytes  4.02 Mbits/sec  0.287 ms  0/6289 (0%)  
[  5]  36.00-37.00  sec   489 KBytes  4.01 Mbits/sec  0.190 ms  0/6257 (0%)  
[  5]  37.00-38.00  sec   479 KBytes  3.93 Mbits/sec  0.255 ms  0/6134 (0%)  
[  5]  38.00-39.00  sec   469 KBytes  3.85 Mbits/sec  0.237 ms  0/6009 (0%)  
[  5]  39.00-40.00  sec   472 KBytes  3.86 Mbits/sec  0.166 ms  0/6036 (0%)  
[  5]  40.00-41.00  sec   479 KBytes  3.92 Mbits/sec  0.250 ms  0/6127 (0%)  
[  5]  41.00-42.00  sec   510 KBytes  4.17 Mbits/sec  0.265 ms  0/6524 (0%)  
[  5]  42.00-43.00  sec   505 KBytes  4.13 Mbits/sec  0.218 ms  0/6459 (0%)  
[  5]  43.00-44.00  sec   478 KBytes  3.91 Mbits/sec  0.255 ms  0/6116 (0%)  
[  5]  44.00-45.00  sec   477 KBytes  3.91 Mbits/sec  0.227 ms  0/6109 (0%)  
[  5]  45.00-46.00  sec   475 KBytes  3.90 Mbits/sec  0.213 ms  0/6085 (0%)  
[  5]  46.00-47.00  sec   490 KBytes  4.01 Mbits/sec  0.224 ms  0/6268 (0%)  
[  5]  47.00-48.00  sec   490 KBytes  4.01 Mbits/sec  0.325 ms  0/6273 (0%)  
[  5]  48.00-49.00  sec   480 KBytes  3.93 Mbits/sec  0.314 ms  0/6144 (0%)  
[  5]  49.00-50.00  sec   474 KBytes  3.88 Mbits/sec  0.230 ms  0/6063 (0%)  
[  5]  50.00-51.00  sec   497 KBytes  4.07 Mbits/sec  0.274 ms  0/6360 (0%)  
[  5]  51.00-52.00  sec   501 KBytes  4.11 Mbits/sec  0.246 ms  0/6419 (0%)  
[  5]  52.00-53.00  sec   506 KBytes  4.14 Mbits/sec  0.215 ms  0/6475 (0%)  
[  5]  53.00-54.00  sec   504 KBytes  4.13 Mbits/sec  0.218 ms  0/6450 (0%)  
[  5]  54.00-55.00  sec   498 KBytes  4.08 Mbits/sec  0.222 ms  0/6370 (0%)  
[  5]  55.00-56.00  sec   494 KBytes  4.05 Mbits/sec  0.219 ms  0/6329 (0%)  
[  5]  56.00-57.00  sec   488 KBytes  3.99 Mbits/sec  0.303 ms  0/6242 (0%)  
[  5]  57.00-58.00  sec   488 KBytes  4.00 Mbits/sec  0.220 ms  0/6248 (0%)  
[  5]  58.00-59.00  sec   480 KBytes  3.93 Mbits/sec  0.260 ms  0/6147 (0%)  
[  5]  59.00-60.00  sec   479 KBytes  3.92 Mbits/sec  0.218 ms  0/6132 (0%)  
[  5]  60.00-61.00  sec   475 KBytes  3.89 Mbits/sec  0.223 ms  0/6086 (0%)  
[  5]  61.00-62.00  sec   467 KBytes  3.82 Mbits/sec  0.177 ms  0/5972 (0%)  
[  5]  62.00-63.00  sec   489 KBytes  4.01 Mbits/sec  0.250 ms  0/6259 (0%)  
[  5]  63.00-64.00  sec   499 KBytes  4.09 Mbits/sec  0.233 ms  0/6387 (0%)  
[  5]  64.00-65.00  sec   502 KBytes  4.11 Mbits/sec  0.235 ms  0/6428 (0%)  
[  5]  65.00-66.00  sec   473 KBytes  3.88 Mbits/sec  0.221 ms  0/6053 (0%)  
[  5]  66.00-67.00  sec   497 KBytes  4.07 Mbits/sec  0.225 ms  0/6364 (0%)  
[  5]  67.00-68.00  sec   496 KBytes  4.07 Mbits/sec  0.229 ms  0/6352 (0%)  
[  5]  68.00-69.00  sec   467 KBytes  3.83 Mbits/sec  0.237 ms  0/5979 (0%)  
[  5]  69.00-70.00  sec   498 KBytes  4.08 Mbits/sec  0.234 ms  0/6378 (0%)  
[  5]  70.00-71.00  sec   497 KBytes  4.07 Mbits/sec  0.214 ms  0/6358 (0%)  
[  5]  71.00-72.00  sec   502 KBytes  4.12 Mbits/sec  0.225 ms  0/6431 (0%)  
[  5]  72.00-73.00  sec   502 KBytes  4.12 Mbits/sec  0.197 ms  0/6432 (0%)  
[  5]  73.00-74.00  sec   488 KBytes  3.99 Mbits/sec  0.213 ms  0/6242 (0%)  
[  5]  74.00-75.00  sec   489 KBytes  4.01 Mbits/sec  0.218 ms  0/6262 (0%)  
[  5]  75.00-76.00  sec   488 KBytes  4.00 Mbits/sec  0.242 ms  0/6249 (0%)  
[  5]  76.00-77.00  sec   485 KBytes  3.97 Mbits/sec  0.269 ms  0/6206 (0%)  
[  5]  77.00-78.00  sec   491 KBytes  4.02 Mbits/sec  0.213 ms  0/6291 (0%)  
[  5]  78.00-79.00  sec   488 KBytes  4.00 Mbits/sec  0.219 ms  0/6248 (0%)  
[  5]  79.00-80.00  sec   488 KBytes  4.00 Mbits/sec  0.252 ms  0/6247 (0%)  
[  5]  80.00-81.00  sec   465 KBytes  3.81 Mbits/sec  0.212 ms  0/5958 (0%)  
[  5]  81.00-82.00  sec   475 KBytes  3.89 Mbits/sec  0.287 ms  0/6080 (0%)  
[  5]  82.00-83.00  sec   479 KBytes  3.92 Mbits/sec  0.210 ms  0/6131 (0%)  
[  5]  83.00-84.00  sec   470 KBytes  3.85 Mbits/sec  0.268 ms  0/6016 (0%)  
[  5]  84.00-85.00  sec   499 KBytes  4.09 Mbits/sec  0.243 ms  0/6392 (0%)  
[  5]  85.00-86.00  sec   500 KBytes  4.09 Mbits/sec  0.215 ms  0/6394 (0%)  
[  5]  86.00-87.00  sec   496 KBytes  4.07 Mbits/sec  0.245 ms  0/6351 (0%)  
[  5]  87.00-88.00  sec   471 KBytes  3.85 Mbits/sec  0.257 ms  0/6023 (0%)  
[  5]  88.00-89.00  sec   488 KBytes  4.00 Mbits/sec  0.215 ms  0/6245 (0%)  
[  5]  89.00-90.00  sec   472 KBytes  3.86 Mbits/sec  0.222 ms  0/6036 (0%)  
[  5]  90.00-91.00  sec   468 KBytes  3.84 Mbits/sec  0.321 ms  0/5993 (0%)  
[  5]  91.00-92.00  sec   474 KBytes  3.89 Mbits/sec  0.243 ms  0/6072 (0%)  
[  5]  92.00-93.00  sec   477 KBytes  3.91 Mbits/sec  0.225 ms  0/6102 (0%)  
[  5]  93.00-94.00  sec   493 KBytes  4.04 Mbits/sec  0.170 ms  0/6308 (0%)  
[  5]  94.00-95.00  sec   489 KBytes  4.01 Mbits/sec  0.212 ms  0/6265 (0%)  
[  5]  95.00-96.00  sec   491 KBytes  4.02 Mbits/sec  0.211 ms  0/6288 (0%)  
[  5]  96.00-97.00  sec   498 KBytes  4.08 Mbits/sec  0.232 ms  0/6378 (0%)  
[  5]  97.00-98.00  sec   505 KBytes  4.14 Mbits/sec  0.232 ms  0/6465 (0%)  
[  5]  98.00-99.00  sec   502 KBytes  4.11 Mbits/sec  0.217 ms  0/6428 (0%)  
[  5]  99.00-100.00 sec   495 KBytes  4.05 Mbits/sec  0.213 ms  0/6338 (0%)  
[  5] 100.00-101.00 sec   502 KBytes  4.12 Mbits/sec  0.253 ms  0/6430 (0%)  
[  5] 101.00-102.00 sec   500 KBytes  4.09 Mbits/sec  0.245 ms  0/6395 (0%)  
[  5] 102.00-103.00 sec   470 KBytes  3.85 Mbits/sec  0.223 ms  0/6020 (0%)  
[  5] 103.00-104.00 sec   464 KBytes  3.80 Mbits/sec  0.216 ms  0/5939 (0%)  
[  5] 104.00-105.00 sec   467 KBytes  3.82 Mbits/sec  0.220 ms  0/5972 (0%)  
[  5] 105.00-106.00 sec   453 KBytes  3.71 Mbits/sec  0.281 ms  0/5800 (0%)  
[  5] 106.00-107.00 sec   488 KBytes  4.01 Mbits/sec  0.213 ms  0/6252 (0%)  
[  5] 107.00-108.00 sec   508 KBytes  4.16 Mbits/sec  0.198 ms  0/6507 (0%)  
[  5] 108.00-109.00 sec   510 KBytes  4.17 Mbits/sec  0.297 ms  0/6524 (0%)  
[  5] 109.00-110.00 sec   484 KBytes  3.97 Mbits/sec  0.214 ms  0/6200 (0%)  
[  5] 110.00-111.00 sec   497 KBytes  4.07 Mbits/sec  0.200 ms  0/6371 (0%)  
[  5] 111.00-112.00 sec   488 KBytes  3.99 Mbits/sec  0.229 ms  0/6245 (0%)  
[  5] 112.00-113.00 sec   482 KBytes  3.95 Mbits/sec  0.213 ms  0/6172 (0%)  
[  5] 113.00-114.00 sec   493 KBytes  4.04 Mbits/sec  0.200 ms  0/6308 (0%)  
[  5] 114.00-115.00 sec   495 KBytes  4.05 Mbits/sec  0.271 ms  0/6331 (0%)  
[  5] 115.00-116.00 sec   496 KBytes  4.07 Mbits/sec  0.231 ms  0/6351 (0%)  
[  5] 116.00-117.00 sec   493 KBytes  4.04 Mbits/sec  0.222 ms  0/6306 (0%)  
[  5] 117.00-118.00 sec   494 KBytes  4.05 Mbits/sec  0.306 ms  0/6324 (0%)  
[  5] 118.00-119.00 sec   502 KBytes  4.11 Mbits/sec  0.212 ms  0/6421 (0%)  
[  5] 119.00-120.00 sec   507 KBytes  4.15 Mbits/sec  0.204 ms  0/6488 (0%)  
[  5] 120.00-121.00 sec   501 KBytes  4.10 Mbits/sec  0.220 ms  0/6414 (0%)  
[  5] 121.00-122.00 sec   505 KBytes  4.13 Mbits/sec  0.289 ms  0/6458 (0%)  
[  5] 122.00-123.00 sec   488 KBytes  4.00 Mbits/sec  0.388 ms  0/6244 (0%)  
[  5] 123.00-124.00 sec   490 KBytes  4.01 Mbits/sec  0.236 ms  0/6266 (0%)  
[  5] 124.00-125.00 sec   476 KBytes  3.90 Mbits/sec  0.183 ms  0/6094 (0%)  
[  5] 125.00-126.00 sec   461 KBytes  3.78 Mbits/sec  0.209 ms  0/5900 (0%)  
[  5] 126.00-127.00 sec   469 KBytes  3.84 Mbits/sec  0.230 ms  0/6003 (0%)  
[  5] 127.00-128.00 sec   480 KBytes  3.93 Mbits/sec  0.240 ms  0/6142 (0%)  
[  5] 128.00-129.00 sec   466 KBytes  3.81 Mbits/sec  0.239 ms  0/5959 (0%)  
[  5] 129.00-130.00 sec   502 KBytes  4.12 Mbits/sec  0.218 ms  0/6431 (0%)  
[  5] 130.00-131.00 sec   501 KBytes  4.10 Mbits/sec  0.222 ms  0/6408 (0%)  
[  5] 131.00-132.00 sec   500 KBytes  4.09 Mbits/sec  0.222 ms  0/6394 (0%)  
[  5] 132.00-133.00 sec   470 KBytes  3.85 Mbits/sec  0.244 ms  0/6020 (0%)  
[  5] 133.00-134.00 sec   491 KBytes  4.02 Mbits/sec  0.214 ms  0/6288 (0%)  
[  5] 134.00-135.00 sec   485 KBytes  3.97 Mbits/sec  0.288 ms  0/6211 (0%)  
[  5] 135.00-136.00 sec   463 KBytes  3.80 Mbits/sec  0.286 ms  0/5930 (0%)  
[  5] 136.00-137.00 sec   483 KBytes  3.96 Mbits/sec  0.208 ms  0/6185 (0%)  
[  5] 137.00-138.00 sec   481 KBytes  3.95 Mbits/sec  0.227 ms  0/6163 (0%)  
[  5] 138.00-139.00 sec   492 KBytes  4.03 Mbits/sec  0.215 ms  0/6304 (0%)  
[  5] 139.00-140.00 sec   493 KBytes  4.04 Mbits/sec  0.239 ms  0/6306 (0%)  
[  5] 140.00-141.00 sec   486 KBytes  3.98 Mbits/sec  0.285 ms  0/6217 (0%)  
[  5] 141.00-142.00 sec   499 KBytes  4.09 Mbits/sec  0.233 ms  0/6385 (0%)  
[  5] 142.00-143.00 sec   488 KBytes  4.00 Mbits/sec  0.247 ms  0/6245 (0%)  
[  5] 143.00-144.00 sec   502 KBytes  4.11 Mbits/sec  0.226 ms  0/6428 (0%)  
[  5] 144.00-145.00 sec   498 KBytes  4.08 Mbits/sec  0.202 ms  0/6372 (0%)  
[  5] 145.00-146.00 sec   501 KBytes  4.10 Mbits/sec  0.294 ms  0/6411 (0%)  
[  5] 146.00-147.00 sec   508 KBytes  4.16 Mbits/sec  0.217 ms  0/6500 (0%)  
[  5] 147.00-148.00 sec   467 KBytes  3.82 Mbits/sec  0.242 ms  0/5977 (0%)  
[  5] 148.00-149.00 sec   472 KBytes  3.87 Mbits/sec  0.374 ms  0/6041 (0%)  
[  5] 149.00-150.00 sec   454 KBytes  3.72 Mbits/sec  0.189 ms  0/5820 (0%)  
[  5] 150.00-151.00 sec   470 KBytes  3.85 Mbits/sec  0.238 ms  0/6016 (0%)  
[  5] 151.00-152.00 sec   466 KBytes  3.82 Mbits/sec  0.212 ms  0/5964 (0%)  
[  5] 152.00-153.00 sec   497 KBytes  4.07 Mbits/sec  0.243 ms  0/6367 (0%)  
[  5] 153.00-154.00 sec   508 KBytes  4.16 Mbits/sec  0.234 ms  0/6498 (0%)  
[  5] 154.00-155.00 sec   500 KBytes  4.09 Mbits/sec  0.260 ms  0/6397 (0%)  
[  5] 155.00-156.00 sec   474 KBytes  3.88 Mbits/sec  0.231 ms  0/6063 (0%)  
[  5] 156.00-157.00 sec   491 KBytes  4.03 Mbits/sec  0.324 ms  0/6291 (0%)  
[  5] 157.00-158.00 sec   488 KBytes  4.00 Mbits/sec  0.243 ms  0/6246 (0%)  
[  5] 158.00-159.00 sec   477 KBytes  3.91 Mbits/sec  0.230 ms  0/6109 (0%)  
[  5] 159.00-160.00 sec   491 KBytes  4.01 Mbits/sec  0.241 ms  0/6281 (0%)  
[  5] 160.00-161.00 sec   481 KBytes  3.95 Mbits/sec  0.238 ms  0/6159 (0%)  
[  5] 161.00-162.00 sec   493 KBytes  4.04 Mbits/sec  0.217 ms  0/6305 (0%)  
[  5] 162.00-163.00 sec   498 KBytes  4.08 Mbits/sec  0.264 ms  0/6373 (0%)  
[  5] 163.00-164.00 sec   489 KBytes  4.00 Mbits/sec  0.219 ms  0/6253 (0%)  
[  5] 164.00-165.00 sec   494 KBytes  4.05 Mbits/sec  0.280 ms  0/6328 (0%)  
[  5] 165.00-166.00 sec   492 KBytes  4.03 Mbits/sec  0.229 ms  0/6301 (0%)  
[  5] 166.00-167.00 sec   498 KBytes  4.08 Mbits/sec  0.266 ms  0/6379 (0%)  
[  5] 167.00-168.00 sec   502 KBytes  4.11 Mbits/sec  0.227 ms  0/6424 (0%)  
[  5] 168.00-169.00 sec   500 KBytes  4.09 Mbits/sec  0.211 ms  0/6394 (0%)  
[  5] 169.00-170.00 sec   500 KBytes  4.10 Mbits/sec  0.234 ms  0/6405 (0%)  
[  5] 170.00-171.00 sec   474 KBytes  3.88 Mbits/sec  0.234 ms  0/6066 (0%)  
[  5] 171.00-172.00 sec   452 KBytes  3.70 Mbits/sec  0.295 ms  0/5780 (0%)  
[  5] 172.00-173.00 sec   463 KBytes  3.79 Mbits/sec  0.261 ms  0/5929 (0%)  
[  5] 173.00-174.00 sec   473 KBytes  3.87 Mbits/sec  0.229 ms  0/6053 (0%)  
[  5] 174.00-175.00 sec   463 KBytes  3.79 Mbits/sec  0.259 ms  0/5922 (0%)  
[  5] 175.00-176.00 sec   446 KBytes  3.65 Mbits/sec  0.212 ms  0/5710 (0%)  
[  5] 176.00-177.00 sec   500 KBytes  4.10 Mbits/sec  0.272 ms  0/6401 (0%)  
[  5] 177.00-178.00 sec   501 KBytes  4.10 Mbits/sec  0.289 ms  0/6408 (0%)  
