Connecting to host 172.22.0.50, port 5203
Reverse mode, remote host 172.22.0.50 is sending
[  5] local 192.168.200.2 port 49799 connected to 172.22.0.50 port 5203
[ ID] Interval           Transfer     Bitrate         Jitter    Lost/Total Datagrams
[  5]   0.00-1.00   sec   206 KBytes  1.69 Mbits/sec  0.310 ms  0/2641 (0%)  
[  5]   1.00-2.00   sec   260 KBytes  2.13 Mbits/sec  0.393 ms  0/3328 (0%)  
[  5]   2.00-3.00   sec   261 KBytes  2.14 Mbits/sec  0.343 ms  0/3342 (0%)  
[  5]   3.00-4.00   sec   270 KBytes  2.21 Mbits/sec  0.315 ms  0/3459 (0%)  
[  5]   4.00-5.00   sec   266 KBytes  2.18 Mbits/sec  0.327 ms  0/3410 (0%)  
[  5]   5.00-6.00   sec   263 KBytes  2.16 Mbits/sec  0.315 ms  0/3371 (0%)  
[  5]   6.00-7.00   sec   265 KBytes  2.17 Mbits/sec  0.339 ms  0/3392 (0%)  
[  5]   7.00-8.00   sec   265 KBytes  2.17 Mbits/sec  0.334 ms  0/3387 (0%)  
[  5]   8.00-9.00   sec   269 KBytes  2.20 Mbits/sec  0.279 ms  0/3443 (0%)  
[  5]   9.00-10.00  sec   274 KBytes  2.25 Mbits/sec  0.329 ms  0/3512 (0%)  
[  5]  10.00-11.00  sec   273 KBytes  2.24 Mbits/sec  0.312 ms  0/3500 (0%)  
[  5]  11.00-12.00  sec   275 KBytes  2.25 Mbits/sec  0.317 ms  0/3518 (0%)  
[  5]  12.00-13.00  sec   276 KBytes  2.26 Mbits/sec  0.309 ms  0/3532 (0%)  
[  5]  13.00-14.00  sec   275 KBytes  2.25 Mbits/sec  0.415 ms  0/3514 (0%)  
[  5]  14.00-15.00  sec   267 KBytes  2.19 Mbits/sec  0.333 ms  0/3423 (0%)  
[  5]  15.00-16.00  sec   263 KBytes  2.15 Mbits/sec  0.332 ms  0/3365 (0%)  
[  5]  16.00-17.00  sec   253 KBytes  2.08 Mbits/sec  0.329 ms  0/3244 (0%)  
[  5]  17.00-18.00  sec   239 KBytes  1.96 Mbits/sec  0.320 ms  0/3061 (0%)  
[  5]  18.00-19.00  sec   252 KBytes  2.06 Mbits/sec  0.310 ms  0/3226 (0%)  
[  5]  19.00-20.00  sec   257 KBytes  2.10 Mbits/sec  0.411 ms  0/3285 (0%)  
[  5]  20.00-21.00  sec   277 KBytes  2.26 Mbits/sec  0.373 ms  0/3541 (0%)  
[  5]  21.00-22.00  sec   274 KBytes  2.25 Mbits/sec  0.344 ms  0/3512 (0%)  
[  5]  22.00-23.00  sec   270 KBytes  2.21 Mbits/sec  0.296 ms  0/3451 (0%)  
[  5]  23.00-24.00  sec   259 KBytes  2.12 Mbits/sec  0.347 ms  0/3316 (0%)  
[  5]  24.00-25.00  sec   267 KBytes  2.19 Mbits/sec  0.307 ms  0/3418 (0%)  
[  5]  25.00-26.00  sec   259 KBytes  2.12 Mbits/sec  0.326 ms  0/3316 (0%)  
[  5]  26.00-27.00  sec   256 KBytes  2.10 Mbits/sec  0.355 ms  0/3281 (0%)  
[  5]  27.00-28.00  sec   252 KBytes  2.06 Mbits/sec  0.347 ms  0/3226 (0%)  
[  5]  28.00-29.00  sec   251 KBytes  2.05 Mbits/sec  0.359 ms  0/3208 (0%)  
[  5]  29.00-30.00  sec   269 KBytes  2.20 Mbits/sec  0.407 ms  0/3439 (0%)  
[  5]  30.00-31.00  sec   273 KBytes  2.24 Mbits/sec  0.350 ms  0/3494 (0%)  
[  5]  31.00-32.00  sec   275 KBytes  2.26 Mbits/sec  0.359 ms  0/3526 (0%)  
[  5]  32.00-33.00  sec   276 KBytes  2.26 Mbits/sec  0.305 ms  0/3528 (0%)  
[  5]  33.00-34.00  sec   272 KBytes  2.23 Mbits/sec  0.305 ms  0/3477 (0%)  
[  5]  34.00-35.00  sec   272 KBytes  2.23 Mbits/sec  0.267 ms  0/3478 (0%)  
[  5]  35.00-36.00  sec   275 KBytes  2.25 Mbits/sec  0.324 ms  0/3518 (0%)  
[  5]  36.00-37.00  sec   274 KBytes  2.24 Mbits/sec  0.357 ms  0/3504 (0%)  
[  5]  37.00-38.00  sec   258 KBytes  2.11 Mbits/sec  0.325 ms  0/3302 (0%)  
[  5]  38.00-39.00  sec   229 KBytes  1.87 Mbits/sec  0.356 ms  0/2926 (0%)  
[  5]  39.00-40.00  sec   223 KBytes  1.83 Mbits/sec  0.326 ms  0/2854 (0%)  
[  5]  40.00-41.00  sec   234 KBytes  1.91 Mbits/sec  0.574 ms  0/2989 (0%)  
[  5]  41.00-42.00  sec   259 KBytes  2.13 Mbits/sec  0.290 ms  0/3315 (0%)  
[  5]  42.00-43.00  sec   276 KBytes  2.26 Mbits/sec  0.318 ms  0/3532 (0%)  
[  5]  43.00-44.00  sec   277 KBytes  2.27 Mbits/sec  0.313 ms  0/3545 (0%)  
[  5]  44.00-45.00  sec   258 KBytes  2.11 Mbits/sec  0.346 ms  0/3301 (0%)  
[  5]  45.00-46.00  sec   262 KBytes  2.15 Mbits/sec  0.446 ms  0/3357 (0%)  
[  5]  46.00-47.00  sec   269 KBytes  2.20 Mbits/sec  0.331 ms  0/3443 (0%)  
[  5]  47.00-48.00  sec   268 KBytes  2.19 Mbits/sec  0.301 ms  0/3426 (0%)  
[  5]  48.00-49.00  sec   265 KBytes  2.17 Mbits/sec  0.404 ms  0/3398 (0%)  
[  5]  49.00-50.00  sec   240 KBytes  1.97 Mbits/sec  0.329 ms  0/3077 (0%)  
[  5]  50.00-51.00  sec   265 KBytes  2.17 Mbits/sec  0.298 ms  0/3393 (0%)  
[  5]  51.00-52.00  sec   270 KBytes  2.21 Mbits/sec  0.284 ms  0/3455 (0%)  
[  5]  52.00-53.00  sec   273 KBytes  2.24 Mbits/sec  0.289 ms  0/3496 (0%)  
[  5]  53.00-54.00  sec   263 KBytes  2.16 Mbits/sec  0.333 ms  0/3369 (0%)  
[  5]  54.00-55.00  sec   276 KBytes  2.26 Mbits/sec  0.310 ms  0/3527 (0%)  
[  5]  55.00-56.00  sec   272 KBytes  2.23 Mbits/sec  0.307 ms  0/3477 (0%)  
[  5]  56.00-57.00  sec   267 KBytes  2.19 Mbits/sec  0.283 ms  0/3416 (0%)  
[  5]  57.00-58.00  sec   229 KBytes  1.88 Mbits/sec  0.182 ms  2/2934 (0.068%)  
[  5]  58.00-59.00  sec   242 KBytes  1.98 Mbits/sec  0.650 ms  2463/5561 (44%)  
[  5]  59.00-60.00  sec   249 KBytes  2.04 Mbits/sec  0.153 ms  2533/5715 (44%)  
[  5]  60.00-61.00  sec   251 KBytes  2.05 Mbits/sec  0.158 ms  2658/5865 (45%)  
[  5]  61.00-62.00  sec   249 KBytes  2.04 Mbits/sec  0.160 ms  2562/5743 (45%)  
[  5]  62.00-63.00  sec   216 KBytes  1.77 Mbits/sec  0.204 ms  2511/5275 (48%)  
[  5]  63.00-64.00  sec   289 KBytes  2.37 Mbits/sec  0.153 ms  3299/6995 (47%)  
[  5]  64.00-65.00  sec   284 KBytes  2.33 Mbits/sec  0.017 ms  3067/6701 (46%)  
[  5]  65.00-66.00  sec   237 KBytes  1.94 Mbits/sec  0.161 ms  3734/6764 (55%)  
[  5]  66.00-67.00  sec   245 KBytes  2.01 Mbits/sec  0.160 ms  3983/7121 (56%)  
[  5]  67.00-68.00  sec   268 KBytes  2.20 Mbits/sec  0.160 ms  4339/7773 (56%)  
[  5]  68.00-69.00  sec   236 KBytes  1.93 Mbits/sec  0.164 ms  2761/5781 (48%)  
[  5]  69.00-70.00  sec   228 KBytes  1.87 Mbits/sec  0.159 ms  2666/5583 (48%)  
[  5]  70.00-71.00  sec   278 KBytes  2.28 Mbits/sec  0.158 ms  2865/6428 (45%)  
[  5]  71.00-72.00  sec   256 KBytes  2.09 Mbits/sec  0.156 ms  3004/6275 (48%)  
[  5]  72.00-73.00  sec   249 KBytes  2.04 Mbits/sec  0.158 ms  2711/5892 (46%)  
[  5]  73.00-74.00  sec   273 KBytes  2.24 Mbits/sec  0.159 ms  3279/6778 (48%)  
[  5]  74.00-75.00  sec   223 KBytes  1.83 Mbits/sec  0.161 ms  2925/5785 (51%)  
[  5]  75.00-76.00  sec   274 KBytes  2.25 Mbits/sec  0.154 ms  3576/7085 (50%)  
[  5]  76.00-77.00  sec   291 KBytes  2.38 Mbits/sec  0.167 ms  3368/7093 (47%)  
[  5]  77.00-78.00  sec   232 KBytes  1.90 Mbits/sec  0.160 ms  2869/5842 (49%)  
[  5]  78.00-79.00  sec   266 KBytes  2.18 Mbits/sec  0.157 ms  3071/6473 (47%)  
[  5]  79.00-80.00  sec   237 KBytes  1.94 Mbits/sec  0.159 ms  2842/5874 (48%)  
[  5]  80.00-81.00  sec   284 KBytes  2.33 Mbits/sec  0.160 ms  3055/6689 (46%)  
[  5]  81.00-82.00  sec   253 KBytes  2.07 Mbits/sec  0.165 ms  2587/5825 (44%)  
[  5]  82.00-83.00  sec   209 KBytes  1.71 Mbits/sec  0.160 ms  2268/4942 (46%)  
[  5]  83.00-84.00  sec   249 KBytes  2.04 Mbits/sec  0.159 ms  2595/5776 (45%)  
[  5]  84.00-85.00  sec   251 KBytes  2.06 Mbits/sec  0.160 ms  2617/5828 (45%)  
[  5]  85.00-86.00  sec   284 KBytes  2.33 Mbits/sec  0.161 ms  2954/6588 (45%)  
[  5]  86.00-87.00  sec   256 KBytes  2.09 Mbits/sec  0.173 ms  3110/6381 (49%)  
[  5]  87.00-88.00  sec   284 KBytes  2.33 Mbits/sec  0.189 ms  3391/7026 (48%)  
[  5]  88.00-89.00  sec   242 KBytes  1.98 Mbits/sec  0.162 ms  3060/6153 (50%)  
[  5]  89.00-90.00  sec   291 KBytes  2.38 Mbits/sec  0.160 ms  3388/7112 (48%)  
[  5]  90.00-91.00  sec   249 KBytes  2.04 Mbits/sec  0.154 ms  2476/5658 (44%)  
[  5]  91.00-92.00  sec   279 KBytes  2.29 Mbits/sec  0.160 ms  2975/6552 (45%)  
[  5]  92.00-93.00  sec   247 KBytes  2.02 Mbits/sec  0.159 ms  2706/5870 (46%)  
[  5]  93.00-94.00  sec   249 KBytes  2.04 Mbits/sec  0.160 ms  2888/6070 (48%)  
[  5]  94.00-95.00  sec   239 KBytes  1.96 Mbits/sec  0.158 ms  3059/6115 (50%)  
[  5]  95.00-96.00  sec   281 KBytes  2.30 Mbits/sec  0.160 ms  3223/6825 (47%)  
[  5]  96.00-97.00  sec   237 KBytes  1.94 Mbits/sec  0.128 ms  2914/5946 (49%)  
[  5]  97.00-98.00  sec   286 KBytes  2.35 Mbits/sec  0.157 ms  3215/6882 (47%)  
[  5]  98.00-99.00  sec   242 KBytes  1.98 Mbits/sec  0.159 ms  2890/5988 (48%)  
[  5]  99.00-100.00 sec   280 KBytes  2.29 Mbits/sec  0.159 ms  3261/6841 (48%)  
[  5] 100.00-101.00 sec   273 KBytes  2.24 Mbits/sec  0.156 ms  3003/6500 (46%)  
[  5] 101.00-102.00 sec   245 KBytes  2.00 Mbits/sec  0.161 ms  2565/5696 (45%)  
[  5] 102.00-103.00 sec   291 KBytes  2.39 Mbits/sec  0.157 ms  2882/6611 (44%)  
[  5] 103.00-104.00 sec   248 KBytes  2.03 Mbits/sec  0.151 ms  2511/5688 (44%)  
[  5] 104.00-105.00 sec   249 KBytes  2.04 Mbits/sec  0.158 ms  2659/5840 (46%)  
[  5] 105.00-106.00 sec   212 KBytes  1.73 Mbits/sec  0.160 ms  2401/5109 (47%)  
[  5] 106.00-107.00 sec   239 KBytes  1.96 Mbits/sec  0.155 ms  2660/5716 (47%)  
[  5] 107.00-108.00 sec   248 KBytes  2.03 Mbits/sec  0.159 ms  2553/5730 (45%)  
[  5] 108.00-109.00 sec   237 KBytes  1.94 Mbits/sec  0.155 ms  3345/6379 (52%)  
[  5] 109.00-110.00 sec   278 KBytes  2.28 Mbits/sec  0.152 ms  3681/7244 (51%)  
[  5] 110.00-111.00 sec   256 KBytes  2.09 Mbits/sec  0.149 ms  3125/6396 (49%)  
[  5] 111.00-112.00 sec   279 KBytes  2.29 Mbits/sec  0.161 ms  3488/7065 (49%)  
[  5] 112.00-113.00 sec   242 KBytes  1.99 Mbits/sec  0.160 ms  2978/6081 (49%)  
[  5] 113.00-114.00 sec   248 KBytes  2.03 Mbits/sec  0.160 ms  2599/5772 (45%)  
[  5] 114.00-115.00 sec   219 KBytes  1.79 Mbits/sec  1.188 ms  2800/5598 (50%)  
[  5] 115.00-116.00 sec   249 KBytes  2.04 Mbits/sec  0.788 ms  2664/5848 (46%)  
[  5] 116.00-117.00 sec   264 KBytes  2.16 Mbits/sec  0.157 ms  3459/6834 (51%)  
[  5] 117.00-118.00 sec   231 KBytes  1.89 Mbits/sec  0.157 ms  2831/5792 (49%)  
[  5] 118.00-119.00 sec   289 KBytes  2.37 Mbits/sec  0.152 ms  3186/6891 (46%)  
[  5] 119.00-120.00 sec   248 KBytes  2.03 Mbits/sec  0.159 ms  2597/5775 (45%)  
[  5] 120.00-121.00 sec   287 KBytes  2.35 Mbits/sec  0.139 ms  3319/6997 (47%)  
[  5] 121.00-122.00 sec   284 KBytes  2.33 Mbits/sec  0.160 ms  3515/7149 (49%)  
[  5] 122.00-123.00 sec   249 KBytes  2.04 Mbits/sec  0.161 ms  2671/5853 (46%)  
[  5] 123.00-124.00 sec   276 KBytes  2.26 Mbits/sec  0.159 ms  3252/6788 (48%)  
[  5] 124.00-125.00 sec   248 KBytes  2.03 Mbits/sec  0.156 ms  2514/5683 (44%)  
[  5] 125.00-126.00 sec   276 KBytes  2.26 Mbits/sec  0.156 ms  2928/6458 (45%)  
[  5] 126.00-127.00 sec   241 KBytes  1.98 Mbits/sec  1.138 ms  2562/5648 (45%)  
[  5] 127.00-128.00 sec   212 KBytes  1.74 Mbits/sec  0.159 ms  2350/5070 (46%)  
[  5] 128.00-129.00 sec   208 KBytes  1.71 Mbits/sec  0.154 ms  2375/5040 (47%)  
[  5] 129.00-130.00 sec   211 KBytes  1.73 Mbits/sec  0.139 ms  2109/4811 (44%)  
[  5] 130.00-131.00 sec   241 KBytes  1.98 Mbits/sec  0.206 ms  2635/5723 (46%)  
[  5] 131.00-132.00 sec   211 KBytes  1.73 Mbits/sec  0.156 ms  2796/5492 (51%)  
[  5] 132.00-133.00 sec   291 KBytes  2.38 Mbits/sec  0.160 ms  4003/7727 (52%)  
[  5] 133.00-134.00 sec   244 KBytes  2.00 Mbits/sec  0.155 ms  3323/6447 (52%)  
[  5] 134.00-135.00 sec   286 KBytes  2.34 Mbits/sec  0.161 ms  3499/7154 (49%)  
[  5] 135.00-136.00 sec   249 KBytes  2.04 Mbits/sec  0.158 ms  3007/6188 (49%)  
[  5] 136.00-137.00 sec   248 KBytes  2.03 Mbits/sec  0.158 ms  2614/5791 (45%)  
[  5] 137.00-138.00 sec   252 KBytes  2.07 Mbits/sec  0.164 ms  2653/5884 (45%)  
[  5] 138.00-139.00 sec   269 KBytes  2.20 Mbits/sec  0.168 ms  3135/6573 (48%)  
[  5] 139.00-140.00 sec   256 KBytes  2.09 Mbits/sec  0.159 ms  3046/6317 (48%)  
[  5] 140.00-141.00 sec   249 KBytes  2.04 Mbits/sec  0.154 ms  2638/5819 (45%)  
[  5] 141.00-142.00 sec   255 KBytes  2.09 Mbits/sec  0.154 ms  2870/6137 (47%)  
[  5] 142.00-143.00 sec   245 KBytes  2.01 Mbits/sec  0.165 ms  2975/6110 (49%)  
[  5] 143.00-144.00 sec   286 KBytes  2.35 Mbits/sec  0.159 ms  3368/7034 (48%)  
[  5] 144.00-145.00 sec   249 KBytes  2.04 Mbits/sec  0.159 ms  2743/5924 (46%)  
[  5] 145.00-146.00 sec   282 KBytes  2.31 Mbits/sec  0.158 ms  2951/6561 (45%)  
[  5] 146.00-147.00 sec   235 KBytes  1.92 Mbits/sec  0.159 ms  2835/5840 (49%)  
[  5] 147.00-148.00 sec   281 KBytes  2.30 Mbits/sec  0.175 ms  2841/6441 (44%)  
[  5] 148.00-149.00 sec   247 KBytes  2.02 Mbits/sec  0.155 ms  2490/5650 (44%)  
[  5] 149.00-150.00 sec   286 KBytes  2.34 Mbits/sec  0.160 ms  2885/6545 (44%)  
[  5] 150.00-151.00 sec   213 KBytes  1.74 Mbits/sec  0.163 ms  2204/4928 (45%)  
[  5] 151.00-152.00 sec   241 KBytes  1.97 Mbits/sec  0.184 ms  2795/5878 (48%)  
[  5] 152.00-153.00 sec   196 KBytes  1.61 Mbits/sec  0.173 ms  2092/4606 (45%)  
[  5] 153.00-154.00 sec   270 KBytes  2.21 Mbits/sec  0.156 ms  3538/6993 (51%)  
[  5] 154.00-155.00 sec   234 KBytes  1.92 Mbits/sec  0.166 ms  3557/6555 (54%)  
[  5] 155.00-156.00 sec   227 KBytes  1.86 Mbits/sec  0.157 ms  4418/7321 (60%)  
[  5] 156.00-157.00 sec   252 KBytes  2.07 Mbits/sec  0.160 ms  3832/7063 (54%)  
[  5] 157.00-158.00 sec   251 KBytes  2.06 Mbits/sec  0.175 ms  4158/7371 (56%)  
[  5] 158.00-159.00 sec   242 KBytes  1.99 Mbits/sec  0.158 ms  3777/6880 (55%)  
[  5] 159.00-160.00 sec   239 KBytes  1.96 Mbits/sec  0.150 ms  3444/6499 (53%)  
[  5] 160.00-161.00 sec   284 KBytes  2.33 Mbits/sec  0.160 ms  2820/6454 (44%)  
[  5] 161.00-162.00 sec   256 KBytes  2.09 Mbits/sec  0.157 ms  2656/5927 (45%)  
[  5] 162.00-163.00 sec   240 KBytes  1.97 Mbits/sec  0.158 ms  2986/6063 (49%)  
[  5] 163.00-164.00 sec   249 KBytes  2.04 Mbits/sec  0.159 ms  2790/5972 (47%)  
[  5] 164.00-165.00 sec   254 KBytes  2.08 Mbits/sec  0.158 ms  2793/6050 (46%)  
[  5] 165.00-166.00 sec   230 KBytes  1.88 Mbits/sec  0.157 ms  3142/6087 (52%)  
[  5] 166.00-167.00 sec   281 KBytes  2.30 Mbits/sec  0.194 ms  3194/6785 (47%)  
[  5] 167.00-168.00 sec   256 KBytes  2.09 Mbits/sec  0.159 ms  3103/6374 (49%)  
[  5] 168.00-169.00 sec   284 KBytes  2.33 Mbits/sec  0.159 ms  3247/6881 (47%)  
[  5] 169.00-170.00 sec   253 KBytes  2.07 Mbits/sec  0.152 ms  2720/5959 (46%)  
[  5] 170.00-171.00 sec   284 KBytes  2.33 Mbits/sec  0.171 ms  3121/6756 (46%)  
[  5] 171.00-172.00 sec   248 KBytes  2.03 Mbits/sec  0.160 ms  2547/5724 (44%)  
[  5] 172.00-173.00 sec   256 KBytes  2.09 Mbits/sec  0.160 ms  2604/5875 (44%)  
[  5] 173.00-174.00 sec   280 KBytes  2.29 Mbits/sec  0.218 ms  3109/6691 (46%)  
[  5] 174.00-175.00 sec   248 KBytes  2.04 Mbits/sec  0.157 ms  2622/5802 (45%)  
[  5] 175.00-176.00 sec   245 KBytes  2.00 Mbits/sec  0.157 ms  2790/5920 (47%)  
[  5] 176.00-177.00 sec   249 KBytes  2.04 Mbits/sec  0.170 ms  2651/5832 (45%)  
[  5] 177.00-178.00 sec   256 KBytes  2.09 Mbits/sec  0.160 ms  2943/6214 (47%)  
[  5] 178.00-179.00 sec   249 KBytes  2.04 Mbits/sec  0.159 ms  3372/6554 (51%)  
[  5] 179.00-180.00 sec   248 KBytes  2.03 Mbits/sec  0.169 ms  3585/6762 (53%)  
[  5] 180.00-181.00 sec   245 KBytes  2.01 Mbits/sec  0.159 ms  3237/6372 (51%)  
[  5] 181.00-182.00 sec   251 KBytes  2.06 Mbits/sec  0.844 ms  2967/6186 (48%)  
[  5] 182.00-183.00 sec   269 KBytes  2.20 Mbits/sec  0.596 ms  3496/6938 (50%)  
