Connecting to host 172.22.0.50, port 5203
Reverse mode, remote host 172.22.0.50 is sending
[  5] local 192.168.200.2 port 49490 connected to 172.22.0.50 port 5203
[ ID] Interval           Transfer     Bitrate         Jitter    Lost/Total Datagrams
[  5]   0.00-1.00   sec   276 KBytes  2.26 Mbits/sec  0.287 ms  0/3535 (0%)  
[  5]   1.00-2.00   sec   370 KBytes  3.03 Mbits/sec  0.247 ms  0/4738 (0%)  
[  5]   2.00-3.00   sec   381 KBytes  3.12 Mbits/sec  0.295 ms  0/4874 (0%)  
[  5]   3.00-4.00   sec   388 KBytes  3.18 Mbits/sec  0.231 ms  0/4968 (0%)  
[  5]   4.00-5.00   sec   384 KBytes  3.15 Mbits/sec  0.352 ms  0/4919 (0%)  
[  5]   5.00-6.00   sec   384 KBytes  3.15 Mbits/sec  0.273 ms  0/4917 (0%)  
[  5]   6.00-7.00   sec   382 KBytes  3.13 Mbits/sec  0.255 ms  0/4892 (0%)  
[  5]   7.00-8.00   sec   377 KBytes  3.09 Mbits/sec  0.272 ms  0/4822 (0%)  
[  5]   8.00-9.00   sec   379 KBytes  3.11 Mbits/sec  0.271 ms  0/4854 (0%)  
[  5]   9.00-10.00  sec   378 KBytes  3.10 Mbits/sec  0.232 ms  0/4842 (0%)  
[  5]  10.00-11.00  sec   376 KBytes  3.08 Mbits/sec  0.237 ms  0/4808 (0%)  
[  5]  11.00-12.00  sec   380 KBytes  3.11 Mbits/sec  0.235 ms  0/4860 (0%)  
[  5]  12.00-13.00  sec   385 KBytes  3.16 Mbits/sec  0.253 ms  0/4932 (0%)  
[  5]  13.00-14.00  sec   389 KBytes  3.18 Mbits/sec  0.240 ms  0/4974 (0%)  
[  5]  14.00-15.00  sec   378 KBytes  3.10 Mbits/sec  0.265 ms  0/4836 (0%)  
[  5]  15.00-16.00  sec   388 KBytes  3.18 Mbits/sec  0.286 ms  0/4968 (0%)  
[  5]  16.00-17.00  sec   390 KBytes  3.19 Mbits/sec  0.277 ms  0/4988 (0%)  
[  5]  17.00-18.00  sec   367 KBytes  3.00 Mbits/sec  0.255 ms  0/4694 (0%)  
[  5]  18.00-19.00  sec   360 KBytes  2.95 Mbits/sec  0.259 ms  0/4612 (0%)  
[  5]  19.00-20.00  sec   354 KBytes  2.90 Mbits/sec  0.287 ms  0/4527 (0%)  
[  5]  20.00-21.00  sec   376 KBytes  3.08 Mbits/sec  0.266 ms  0/4809 (0%)  
[  5]  21.00-22.00  sec   379 KBytes  3.10 Mbits/sec  0.252 ms  0/4848 (0%)  
[  5]  22.00-23.00  sec   365 KBytes  2.99 Mbits/sec  0.279 ms  0/4674 (0%)  
[  5]  23.00-24.00  sec   374 KBytes  3.06 Mbits/sec  0.301 ms  0/4784 (0%)  
[  5]  24.00-25.00  sec   370 KBytes  3.03 Mbits/sec  0.344 ms  0/4732 (0%)  
[  5]  25.00-26.00  sec   369 KBytes  3.02 Mbits/sec  0.302 ms  0/4720 (0%)  
[  5]  26.00-27.00  sec   366 KBytes  2.99 Mbits/sec  0.288 ms  0/4682 (0%)  
[  5]  27.00-28.00  sec   371 KBytes  3.04 Mbits/sec  0.265 ms  0/4744 (0%)  
[  5]  28.00-29.00  sec   353 KBytes  2.89 Mbits/sec  0.318 ms  0/4516 (0%)  
[  5]  29.00-30.00  sec   361 KBytes  2.95 Mbits/sec  0.294 ms  0/4616 (0%)  
[  5]  30.00-31.00  sec   375 KBytes  3.07 Mbits/sec  0.259 ms  0/4796 (0%)  
[  5]  31.00-32.00  sec   376 KBytes  3.08 Mbits/sec  0.304 ms  0/4816 (0%)  
[  5]  32.00-33.00  sec   376 KBytes  3.08 Mbits/sec  0.261 ms  0/4816 (0%)  
[  5]  33.00-34.00  sec   373 KBytes  3.06 Mbits/sec  0.348 ms  0/4778 (0%)  
[  5]  34.00-35.00  sec   374 KBytes  3.06 Mbits/sec  0.241 ms  0/4782 (0%)  
[  5]  35.00-36.00  sec   379 KBytes  3.10 Mbits/sec  0.349 ms  0/4849 (0%)  
[  5]  36.00-37.00  sec   388 KBytes  3.18 Mbits/sec  0.239 ms  0/4967 (0%)  
[  5]  37.00-38.00  sec   375 KBytes  3.07 Mbits/sec  0.381 ms  0/4798 (0%)  
[  5]  38.00-39.00  sec   354 KBytes  2.90 Mbits/sec  0.275 ms  0/4526 (0%)  
[  5]  39.00-40.00  sec   365 KBytes  2.99 Mbits/sec  0.249 ms  0/4676 (0%)  
[  5]  40.00-41.00  sec   358 KBytes  2.93 Mbits/sec  0.255 ms  0/4578 (0%)  
[  5]  41.00-42.00  sec   373 KBytes  3.06 Mbits/sec  0.260 ms  0/4778 (0%)  
[  5]  42.00-43.00  sec   381 KBytes  3.12 Mbits/sec  0.253 ms  0/4878 (0%)  
[  5]  43.00-44.00  sec   379 KBytes  3.11 Mbits/sec  0.263 ms  0/4854 (0%)  
[  5]  44.00-45.00  sec   353 KBytes  2.89 Mbits/sec  0.275 ms  0/4516 (0%)  
[  5]  45.00-46.00  sec   373 KBytes  3.05 Mbits/sec  0.254 ms  0/4770 (0%)  
[  5]  46.00-47.00  sec   366 KBytes  3.00 Mbits/sec  0.261 ms  0/4682 (0%)  
[  5]  47.00-48.00  sec   371 KBytes  3.04 Mbits/sec  0.269 ms  0/4744 (0%)  
[  5]  48.00-49.00  sec   379 KBytes  3.10 Mbits/sec  0.283 ms  0/4848 (0%)  
[  5]  49.00-50.00  sec   382 KBytes  3.13 Mbits/sec  0.327 ms  0/4886 (0%)  
[  5]  50.00-51.00  sec   389 KBytes  3.19 Mbits/sec  0.253 ms  0/4982 (0%)  
[  5]  51.00-52.00  sec   385 KBytes  3.16 Mbits/sec  0.274 ms  0/4930 (0%)  
[  5]  52.00-53.00  sec   375 KBytes  3.07 Mbits/sec  0.240 ms  0/4802 (0%)  
[  5]  53.00-54.00  sec   375 KBytes  3.07 Mbits/sec  0.294 ms  0/4798 (0%)  
[  5]  54.00-55.00  sec   376 KBytes  3.08 Mbits/sec  0.266 ms  0/4814 (0%)  
[  5]  55.00-56.00  sec   364 KBytes  2.98 Mbits/sec  0.286 ms  0/4662 (0%)  
[  5]  56.00-57.00  sec   382 KBytes  3.13 Mbits/sec  0.249 ms  0/4886 (0%)  
[  5]  57.00-58.00  sec   390 KBytes  3.19 Mbits/sec  0.360 ms  0/4990 (0%)  
[  5]  58.00-59.00  sec   385 KBytes  3.15 Mbits/sec  0.241 ms  0/4922 (0%)  
[  5]  59.00-60.00  sec   362 KBytes  2.96 Mbits/sec  0.251 ms  0/4630 (0%)  
[  5]  60.00-61.00  sec   365 KBytes  2.99 Mbits/sec  0.267 ms  0/4676 (0%)  
[  5]  61.00-62.00  sec   363 KBytes  2.97 Mbits/sec  0.253 ms  0/4642 (0%)  
[  5]  62.00-63.00  sec   356 KBytes  2.92 Mbits/sec  0.263 ms  0/4560 (0%)  
[  5]  63.00-64.00  sec   376 KBytes  3.08 Mbits/sec  0.259 ms  0/4816 (0%)  
[  5]  64.00-65.00  sec   378 KBytes  3.09 Mbits/sec  0.241 ms  0/4834 (0%)  
[  5]  65.00-66.00  sec   370 KBytes  3.03 Mbits/sec  0.279 ms  0/4732 (0%)  
[  5]  66.00-67.00  sec   358 KBytes  2.93 Mbits/sec  0.233 ms  0/4580 (0%)  
[  5]  67.00-68.00  sec   381 KBytes  3.12 Mbits/sec  0.250 ms  0/4872 (0%)  
[  5]  68.00-69.00  sec   371 KBytes  3.04 Mbits/sec  0.226 ms  0/4746 (0%)  
[  5]  69.00-70.00  sec   348 KBytes  2.85 Mbits/sec  0.318 ms  0/4450 (0%)  
[  5]  70.00-71.00  sec   377 KBytes  3.09 Mbits/sec  0.267 ms  0/4822 (0%)  
[  5]  71.00-72.00  sec   377 KBytes  3.09 Mbits/sec  0.296 ms  0/4830 (0%)  
[  5]  72.00-73.00  sec   380 KBytes  3.11 Mbits/sec  0.266 ms  0/4866 (0%)  
[  5]  73.00-74.00  sec   384 KBytes  3.14 Mbits/sec  0.212 ms  0/4910 (0%)  
[  5]  74.00-75.00  sec   375 KBytes  3.07 Mbits/sec  0.254 ms  0/4804 (0%)  
[  5]  75.00-76.00  sec   378 KBytes  3.10 Mbits/sec  0.272 ms  0/4840 (0%)  
[  5]  76.00-77.00  sec   373 KBytes  3.05 Mbits/sec  0.249 ms  0/4772 (0%)  
[  5]  77.00-78.00  sec   375 KBytes  3.07 Mbits/sec  0.265 ms  0/4796 (0%)  
[  5]  78.00-79.00  sec   372 KBytes  3.05 Mbits/sec  0.295 ms  0/4764 (0%)  
[  5]  79.00-80.00  sec   310 KBytes  2.54 Mbits/sec  0.290 ms  45/4019 (1.1%)  
[  5]  80.00-81.00  sec   311 KBytes  2.55 Mbits/sec  0.157 ms  2976/6959 (43%)  
[  5]  81.00-82.00  sec   291 KBytes  2.39 Mbits/sec  0.355 ms  2399/6127 (39%)  
[  5]  82.00-83.00  sec   364 KBytes  2.98 Mbits/sec  0.158 ms  1511/6173 (24%)  
[  5]  83.00-84.00  sec   309 KBytes  2.53 Mbits/sec  0.150 ms  1916/5871 (33%)  
[  5]  84.00-85.00  sec   293 KBytes  2.40 Mbits/sec  0.170 ms  1521/5267 (29%)  
[  5]  85.00-86.00  sec   396 KBytes  3.24 Mbits/sec  0.175 ms  2007/7071 (28%)  
[  5]  86.00-87.00  sec   342 KBytes  2.80 Mbits/sec  0.176 ms  1370/5750 (24%)  
[  5]  87.00-88.00  sec   398 KBytes  3.26 Mbits/sec  0.155 ms  1774/6870 (26%)  
[  5]  88.00-89.00  sec   335 KBytes  2.74 Mbits/sec  0.188 ms  2206/6492 (34%)  
[  5]  89.00-90.00  sec   347 KBytes  2.84 Mbits/sec  0.155 ms  1489/5927 (25%)  
[  5]  90.00-91.00  sec   338 KBytes  2.77 Mbits/sec  0.159 ms  1522/5850 (26%)  
[  5]  91.00-92.00  sec   343 KBytes  2.81 Mbits/sec  0.158 ms  1591/5980 (27%)  
[  5]  92.00-93.00  sec   342 KBytes  2.80 Mbits/sec  0.170 ms  1703/6081 (28%)  
[  5]  93.00-94.00  sec   395 KBytes  3.23 Mbits/sec  0.158 ms  1531/6584 (23%)  
[  5]  94.00-95.00  sec   339 KBytes  2.77 Mbits/sec  0.156 ms  1522/5857 (26%)  
[  5]  95.00-96.00  sec   352 KBytes  2.89 Mbits/sec  0.157 ms  1401/5913 (24%)  
[  5]  96.00-97.00  sec   395 KBytes  3.23 Mbits/sec  0.158 ms  1871/6923 (27%)  
[  5]  97.00-98.00  sec   352 KBytes  2.88 Mbits/sec  0.155 ms  1467/5973 (25%)  
[  5]  98.00-99.00  sec   351 KBytes  2.87 Mbits/sec  0.183 ms  1389/5878 (24%)  
[  5]  99.00-100.00 sec   351 KBytes  2.88 Mbits/sec  0.163 ms  2073/6572 (32%)  
[  5] 100.00-101.00 sec   349 KBytes  2.85 Mbits/sec  0.151 ms  1595/6059 (26%)  
[  5] 101.00-102.00 sec   408 KBytes  3.35 Mbits/sec  0.157 ms  2015/7239 (28%)  
[  5] 102.00-103.00 sec   345 KBytes  2.83 Mbits/sec  0.158 ms  1681/6098 (28%)  
[  5] 103.00-104.00 sec   346 KBytes  2.84 Mbits/sec  0.157 ms  2298/6732 (34%)  
[  5] 104.00-105.00 sec   339 KBytes  2.78 Mbits/sec  0.171 ms  1459/5795 (25%)  
[  5] 105.00-106.00 sec   338 KBytes  2.77 Mbits/sec  0.156 ms  1504/5835 (26%)  
[  5] 106.00-107.00 sec   360 KBytes  2.95 Mbits/sec  0.156 ms  1497/6105 (25%)  
[  5] 107.00-108.00 sec   314 KBytes  2.57 Mbits/sec  0.158 ms  2176/6191 (35%)  
[  5] 108.00-109.00 sec   363 KBytes  2.98 Mbits/sec  0.158 ms  1601/6250 (26%)  
[  5] 109.00-110.00 sec   330 KBytes  2.71 Mbits/sec  0.182 ms  1749/5978 (29%)  
[  5] 110.00-111.00 sec   384 KBytes  3.15 Mbits/sec  0.154 ms  1886/6804 (28%)  
[  5] 111.00-112.00 sec   334 KBytes  2.74 Mbits/sec  0.325 ms  1669/5949 (28%)  
[  5] 112.00-113.00 sec   341 KBytes  2.79 Mbits/sec  0.156 ms  1871/6231 (30%)  
[  5] 113.00-114.00 sec   342 KBytes  2.80 Mbits/sec  0.153 ms  1616/5990 (27%)  
[  5] 114.00-115.00 sec   399 KBytes  3.27 Mbits/sec  0.152 ms  1705/6817 (25%)  
[  5] 115.00-116.00 sec   349 KBytes  2.86 Mbits/sec  0.151 ms  1478/5951 (25%)  
[  5] 116.00-117.00 sec   334 KBytes  2.74 Mbits/sec  0.157 ms  1706/5986 (28%)  
[  5] 117.00-118.00 sec   394 KBytes  3.23 Mbits/sec  0.152 ms  1648/6697 (25%)  
[  5] 118.00-119.00 sec   354 KBytes  2.90 Mbits/sec  0.153 ms  1565/6099 (26%)  
[  5] 119.00-120.00 sec   408 KBytes  3.34 Mbits/sec  0.155 ms  1630/6852 (24%)  
[  5] 120.00-121.00 sec   352 KBytes  2.88 Mbits/sec  0.158 ms  1245/5747 (22%)  
[  5] 121.00-122.00 sec   354 KBytes  2.90 Mbits/sec  0.161 ms  1204/5732 (21%)  
[  5] 122.00-123.00 sec   411 KBytes  3.37 Mbits/sec  0.157 ms  1755/7018 (25%)  
[  5] 123.00-124.00 sec   354 KBytes  2.90 Mbits/sec  0.115 ms  1656/6184 (27%)  
[  5] 124.00-125.00 sec   402 KBytes  3.29 Mbits/sec  0.153 ms  2251/7392 (30%)  
[  5] 125.00-126.00 sec   354 KBytes  2.90 Mbits/sec  0.161 ms  1647/6175 (27%)  
[  5] 126.00-127.00 sec   349 KBytes  2.86 Mbits/sec  0.162 ms  1899/6369 (30%)  
[  5] 127.00-128.00 sec   360 KBytes  2.95 Mbits/sec  0.149 ms  1482/6088 (24%)  
[  5] 128.00-129.00 sec   354 KBytes  2.90 Mbits/sec  0.154 ms  1368/5902 (23%)  
[  5] 129.00-130.00 sec   344 KBytes  2.82 Mbits/sec  0.320 ms  1369/5779 (24%)  
[  5] 130.00-131.00 sec   321 KBytes  2.63 Mbits/sec  0.155 ms  1400/5507 (25%)  
[  5] 131.00-132.00 sec   347 KBytes  2.84 Mbits/sec  0.157 ms  1414/5859 (24%)  
[  5] 132.00-133.00 sec   354 KBytes  2.90 Mbits/sec  0.156 ms  1614/6146 (26%)  
[  5] 133.00-134.00 sec   405 KBytes  3.32 Mbits/sec  0.152 ms  1733/6913 (25%)  
[  5] 134.00-135.00 sec   345 KBytes  2.82 Mbits/sec  0.153 ms  1716/6130 (28%)  
[  5] 135.00-136.00 sec   352 KBytes  2.88 Mbits/sec  0.158 ms  1397/5900 (24%)  
[  5] 136.00-137.00 sec   323 KBytes  2.65 Mbits/sec  0.157 ms  1641/5775 (28%)  
[  5] 137.00-138.00 sec   336 KBytes  2.75 Mbits/sec  0.157 ms  1676/5975 (28%)  
[  5] 138.00-139.00 sec   344 KBytes  2.82 Mbits/sec  0.157 ms  1485/5889 (25%)  
[  5] 139.00-140.00 sec   354 KBytes  2.90 Mbits/sec  0.242 ms  1358/5892 (23%)  
[  5] 140.00-141.00 sec   314 KBytes  2.57 Mbits/sec  0.154 ms  2137/6157 (35%)  
[  5] 141.00-142.00 sec   347 KBytes  2.84 Mbits/sec  0.159 ms  1378/5817 (24%)  
[  5] 142.00-143.00 sec   364 KBytes  2.98 Mbits/sec  0.154 ms  1266/5927 (21%)  
[  5] 143.00-144.00 sec   351 KBytes  2.88 Mbits/sec  0.154 ms  1354/5850 (23%)  
[  5] 144.00-145.00 sec   386 KBytes  3.16 Mbits/sec  0.152 ms  1570/6512 (24%)  
[  5] 145.00-146.00 sec   335 KBytes  2.74 Mbits/sec  0.153 ms  1734/6019 (29%)  
[  5] 146.00-147.00 sec   399 KBytes  3.27 Mbits/sec  0.152 ms  2320/7424 (31%)  
[  5] 147.00-148.00 sec   338 KBytes  2.77 Mbits/sec  0.158 ms  2254/6578 (34%)  
[  5] 148.00-149.00 sec   405 KBytes  3.32 Mbits/sec  0.157 ms  1879/7059 (27%)  
[  5] 149.00-150.00 sec   353 KBytes  2.89 Mbits/sec  0.182 ms  2193/6708 (33%)  
[  5] 150.00-151.00 sec   289 KBytes  2.37 Mbits/sec  0.157 ms  1941/5638 (34%)  
[  5] 151.00-152.00 sec   299 KBytes  2.45 Mbits/sec  0.163 ms  1235/5059 (24%)  
[  5] 152.00-153.00 sec   287 KBytes  2.35 Mbits/sec  0.155 ms  2286/5965 (38%)  
[  5] 153.00-154.00 sec   275 KBytes  2.25 Mbits/sec  0.157 ms  1383/4906 (28%)  
[  5] 154.00-155.00 sec   314 KBytes  2.57 Mbits/sec  0.157 ms  1640/5656 (29%)  
[  5] 155.00-156.00 sec   364 KBytes  2.98 Mbits/sec  0.155 ms  1524/6180 (25%)  
[  5] 156.00-157.00 sec   298 KBytes  2.44 Mbits/sec  0.158 ms  1371/5185 (26%)  
[  5] 157.00-158.00 sec   384 KBytes  3.14 Mbits/sec  0.179 ms  2068/6982 (30%)  
[  5] 158.00-159.00 sec   297 KBytes  2.44 Mbits/sec  0.153 ms  1978/5784 (34%)  
[  5] 159.00-160.00 sec   348 KBytes  2.85 Mbits/sec  0.152 ms  1836/6284 (29%)  
[  5] 160.00-161.00 sec   322 KBytes  2.64 Mbits/sec  0.157 ms  1946/6064 (32%)  
[  5] 161.00-162.00 sec   303 KBytes  2.48 Mbits/sec  0.152 ms  1223/5105 (24%)  
[  5] 162.00-163.00 sec   362 KBytes  2.97 Mbits/sec  0.157 ms  1764/6400 (28%)  
[  5] 163.00-164.00 sec   300 KBytes  2.46 Mbits/sec  0.160 ms  1198/5037 (24%)  
[  5] 164.00-165.00 sec   364 KBytes  2.98 Mbits/sec  0.153 ms  1389/6051 (23%)  
[  5] 165.00-166.00 sec   332 KBytes  2.72 Mbits/sec  0.156 ms  1546/5790 (27%)  
[  5] 166.00-167.00 sec   326 KBytes  2.67 Mbits/sec  0.147 ms  1683/5858 (29%)  
[  5] 167.00-168.00 sec   364 KBytes  2.98 Mbits/sec  0.156 ms  1305/5967 (22%)  
[  5] 168.00-169.00 sec   344 KBytes  2.82 Mbits/sec  0.153 ms  1383/5786 (24%)  
[  5] 169.00-170.00 sec   318 KBytes  2.60 Mbits/sec  0.416 ms  1369/5439 (25%)  
[  5] 170.00-171.00 sec   384 KBytes  3.15 Mbits/sec  0.154 ms  2095/7011 (30%)  
[  5] 171.00-172.00 sec   364 KBytes  2.98 Mbits/sec  0.203 ms  2258/6913 (33%)  
[  5] 172.00-173.00 sec   304 KBytes  2.49 Mbits/sec  0.511 ms  2298/6191 (37%)  
[  5] 173.00-174.00 sec   318 KBytes  2.61 Mbits/sec  0.160 ms  2842/6918 (41%)  
[  5] 174.00-175.00 sec   301 KBytes  2.46 Mbits/sec  0.153 ms  2918/6767 (43%)  
[  5] 175.00-176.00 sec   354 KBytes  2.90 Mbits/sec  0.153 ms  2215/6743 (33%)  
[  5] 176.00-177.00 sec   353 KBytes  2.89 Mbits/sec  0.172 ms  1915/6434 (30%)  
[  5] 177.00-178.00 sec   338 KBytes  2.77 Mbits/sec  0.149 ms  1867/6193 (30%)  
[  5] 178.00-179.00 sec   364 KBytes  2.98 Mbits/sec  0.151 ms  1814/6476 (28%)  
[  5] 179.00-180.00 sec   349 KBytes  2.86 Mbits/sec  0.153 ms  1964/6432 (31%)  
[  5] 180.00-181.00 sec   354 KBytes  2.90 Mbits/sec  0.158 ms  2650/7175 (37%)  
[  5] 181.00-182.00 sec   333 KBytes  2.73 Mbits/sec  1.032 ms  2552/6811 (37%)  
