Connecting to host 172.22.0.50, port 5203
Reverse mode, remote host 172.22.0.50 is sending
[  5] local 192.168.200.2 port 46083 connected to 172.22.0.50 port 5203
[ ID] Interval           Transfer     Bitrate         Jitter    Lost/Total Datagrams
[  5]   0.00-1.00   sec   286 KBytes  2.34 Mbits/sec  0.247 ms  0/3663 (0%)  
[  5]   1.00-2.00   sec   383 KBytes  3.14 Mbits/sec  0.301 ms  0/4906 (0%)  
[  5]   2.00-3.00   sec   385 KBytes  3.15 Mbits/sec  0.253 ms  0/4924 (0%)  
[  5]   3.00-4.00   sec   386 KBytes  3.16 Mbits/sec  0.231 ms  0/4936 (0%)  
[  5]   4.00-5.00   sec   377 KBytes  3.09 Mbits/sec  0.297 ms  0/4829 (0%)  
[  5]   5.00-6.00   sec   386 KBytes  3.16 Mbits/sec  0.262 ms  0/4936 (0%)  
[  5]   6.00-7.00   sec   387 KBytes  3.17 Mbits/sec  0.253 ms  0/4951 (0%)  
[  5]   7.00-8.00   sec   382 KBytes  3.13 Mbits/sec  0.221 ms  0/4887 (0%)  
[  5]   8.00-9.00   sec   381 KBytes  3.12 Mbits/sec  0.247 ms  0/4882 (0%)  
[  5]   9.00-10.00  sec   382 KBytes  3.13 Mbits/sec  0.246 ms  0/4894 (0%)  
[  5]  10.00-11.00  sec   382 KBytes  3.13 Mbits/sec  0.202 ms  0/4888 (0%)  
[  5]  11.00-12.00  sec   384 KBytes  3.14 Mbits/sec  0.233 ms  0/4909 (0%)  
[  5]  12.00-13.00  sec   383 KBytes  3.13 Mbits/sec  0.257 ms  0/4897 (0%)  
[  5]  13.00-14.00  sec   383 KBytes  3.14 Mbits/sec  0.258 ms  0/4904 (0%)  
[  5]  14.00-15.00  sec   382 KBytes  3.13 Mbits/sec  0.253 ms  0/4892 (0%)  
[  5]  15.00-16.00  sec   384 KBytes  3.15 Mbits/sec  0.223 ms  0/4921 (0%)  
[  5]  16.00-17.00  sec   386 KBytes  3.16 Mbits/sec  0.286 ms  0/4941 (0%)  
[  5]  17.00-18.00  sec   368 KBytes  3.01 Mbits/sec  0.321 ms  0/4707 (0%)  
[  5]  18.00-19.00  sec   358 KBytes  2.93 Mbits/sec  0.215 ms  0/4585 (0%)  
[  5]  19.00-20.00  sec   375 KBytes  3.07 Mbits/sec  0.282 ms  0/4797 (0%)  
[  5]  20.00-21.00  sec   385 KBytes  3.15 Mbits/sec  0.284 ms  0/4926 (0%)  
[  5]  21.00-22.00  sec   383 KBytes  3.13 Mbits/sec  0.310 ms  0/4900 (0%)  
[  5]  22.00-23.00  sec   370 KBytes  3.03 Mbits/sec  0.276 ms  0/4730 (0%)  
[  5]  23.00-24.00  sec   369 KBytes  3.03 Mbits/sec  0.303 ms  0/4727 (0%)  
[  5]  24.00-25.00  sec   376 KBytes  3.08 Mbits/sec  0.248 ms  0/4811 (0%)  
[  5]  25.00-26.00  sec   373 KBytes  3.06 Mbits/sec  0.264 ms  0/4775 (0%)  
[  5]  26.00-27.00  sec   370 KBytes  3.03 Mbits/sec  0.224 ms  0/4734 (0%)  
[  5]  27.00-28.00  sec   378 KBytes  3.09 Mbits/sec  0.278 ms  0/4838 (0%)  
[  5]  28.00-29.00  sec   367 KBytes  3.01 Mbits/sec  0.335 ms  0/4702 (0%)  
[  5]  29.00-30.00  sec   378 KBytes  3.10 Mbits/sec  0.240 ms  0/4838 (0%)  
[  5]  30.00-31.00  sec   382 KBytes  3.13 Mbits/sec  0.290 ms  0/4892 (0%)  
[  5]  31.00-32.00  sec   382 KBytes  3.13 Mbits/sec  0.268 ms  0/4893 (0%)  
[  5]  32.00-33.00  sec   383 KBytes  3.14 Mbits/sec  0.249 ms  0/4904 (0%)  
[  5]  33.00-34.00  sec   382 KBytes  3.13 Mbits/sec  0.304 ms  0/4894 (0%)  
[  5]  34.00-35.00  sec   379 KBytes  3.10 Mbits/sec  0.330 ms  0/4855 (0%)  
[  5]  35.00-36.00  sec   385 KBytes  3.16 Mbits/sec  0.256 ms  0/4929 (0%)  
[  5]  36.00-37.00  sec   383 KBytes  3.14 Mbits/sec  0.292 ms  0/4905 (0%)  
[  5]  37.00-38.00  sec   376 KBytes  3.08 Mbits/sec  0.285 ms  0/4811 (0%)  
[  5]  38.00-39.00  sec   366 KBytes  3.00 Mbits/sec  0.277 ms  0/4680 (0%)  
[  5]  39.00-40.00  sec   361 KBytes  2.96 Mbits/sec  0.266 ms  0/4624 (0%)  
[  5]  40.00-41.00  sec   360 KBytes  2.95 Mbits/sec  0.288 ms  0/4604 (0%)  
[  5]  41.00-42.00  sec   384 KBytes  3.14 Mbits/sec  0.254 ms  0/4909 (0%)  
[  5]  42.00-43.00  sec   384 KBytes  3.15 Mbits/sec  0.250 ms  0/4919 (0%)  
[  5]  43.00-44.00  sec   367 KBytes  3.01 Mbits/sec  0.342 ms  0/4702 (0%)  
[  5]  44.00-45.00  sec   370 KBytes  3.03 Mbits/sec  0.251 ms  0/4731 (0%)  
[  5]  45.00-46.00  sec   376 KBytes  3.08 Mbits/sec  0.275 ms  0/4817 (0%)  
[  5]  46.00-47.00  sec   373 KBytes  3.06 Mbits/sec  0.297 ms  0/4777 (0%)  
[  5]  47.00-48.00  sec   372 KBytes  3.05 Mbits/sec  0.296 ms  0/4768 (0%)  
[  5]  48.00-49.00  sec   377 KBytes  3.09 Mbits/sec  0.284 ms  0/4828 (0%)  
[  5]  49.00-50.00  sec   380 KBytes  3.11 Mbits/sec  0.243 ms  0/4861 (0%)  
[  5]  50.00-51.00  sec   385 KBytes  3.15 Mbits/sec  0.235 ms  0/4926 (0%)  
[  5]  51.00-52.00  sec   382 KBytes  3.13 Mbits/sec  0.280 ms  0/4892 (0%)  
[  5]  52.00-53.00  sec   378 KBytes  3.09 Mbits/sec  0.340 ms  0/4836 (0%)  
[  5]  53.00-54.00  sec   375 KBytes  3.07 Mbits/sec  0.312 ms  0/4801 (0%)  
[  5]  54.00-55.00  sec   376 KBytes  3.08 Mbits/sec  0.292 ms  0/4807 (0%)  
[  5]  55.00-56.00  sec   374 KBytes  3.06 Mbits/sec  0.322 ms  0/4781 (0%)  
[  5]  56.00-57.00  sec   383 KBytes  3.14 Mbits/sec  0.278 ms  0/4908 (0%)  
[  5]  57.00-58.00  sec   384 KBytes  3.14 Mbits/sec  0.266 ms  0/4914 (0%)  
[  5]  58.00-59.00  sec   374 KBytes  3.06 Mbits/sec  0.257 ms  0/4790 (0%)  
[  5]  59.00-60.00  sec   357 KBytes  2.92 Mbits/sec  0.254 ms  0/4568 (0%)  
[  5]  60.00-61.00  sec   363 KBytes  2.98 Mbits/sec  0.243 ms  0/4651 (0%)  
[  5]  61.00-62.00  sec   358 KBytes  2.93 Mbits/sec  0.240 ms  0/4577 (0%)  
[  5]  62.00-63.00  sec   380 KBytes  3.12 Mbits/sec  0.265 ms  0/4870 (0%)  
[  5]  63.00-64.00  sec   381 KBytes  3.13 Mbits/sec  0.252 ms  0/4883 (0%)  
[  5]  64.00-65.00  sec   377 KBytes  3.09 Mbits/sec  0.228 ms  0/4828 (0%)  
[  5]  65.00-66.00  sec   356 KBytes  2.92 Mbits/sec  0.369 ms  0/4562 (0%)  
[  5]  66.00-67.00  sec   375 KBytes  3.07 Mbits/sec  0.215 ms  0/4800 (0%)  
[  5]  67.00-68.00  sec   373 KBytes  3.06 Mbits/sec  0.254 ms  0/4775 (0%)  
[  5]  68.00-69.00  sec   381 KBytes  3.12 Mbits/sec  0.231 ms  0/4878 (0%)  
[  5]  69.00-70.00  sec   378 KBytes  3.09 Mbits/sec  0.289 ms  0/4835 (0%)  
[  5]  70.00-71.00  sec   373 KBytes  3.05 Mbits/sec  0.262 ms  0/4773 (0%)  
[  5]  71.00-72.00  sec   373 KBytes  3.06 Mbits/sec  0.272 ms  0/4775 (0%)  
[  5]  72.00-73.00  sec   378 KBytes  3.10 Mbits/sec  0.241 ms  0/4841 (0%)  
[  5]  73.00-74.00  sec   370 KBytes  3.03 Mbits/sec  0.241 ms  0/4736 (0%)  
[  5]  74.00-75.00  sec   373 KBytes  3.05 Mbits/sec  0.268 ms  0/4770 (0%)  
[  5]  75.00-76.00  sec   374 KBytes  3.06 Mbits/sec  0.264 ms  0/4787 (0%)  
[  5]  76.00-77.00  sec   376 KBytes  3.08 Mbits/sec  0.268 ms  0/4817 (0%)  
[  5]  77.00-78.00  sec   383 KBytes  3.14 Mbits/sec  0.230 ms  0/4904 (0%)  
[  5]  78.00-79.00  sec   379 KBytes  3.11 Mbits/sec  0.240 ms  0/4855 (0%)  
[  5]  79.00-80.00  sec   374 KBytes  3.07 Mbits/sec  0.354 ms  0/4792 (0%)  
[  5]  80.00-81.00  sec   352 KBytes  2.88 Mbits/sec  0.316 ms  0/4507 (0%)  
[  5]  81.00-82.00  sec   301 KBytes  2.47 Mbits/sec  0.158 ms  967/4820 (20%)  
[  5]  82.00-83.00  sec   317 KBytes  2.60 Mbits/sec  0.157 ms  1487/5542 (27%)  
[  5]  83.00-84.00  sec   312 KBytes  2.55 Mbits/sec  0.163 ms  1751/5742 (30%)  
[  5]  84.00-85.00  sec   378 KBytes  3.10 Mbits/sec  0.146 ms  1800/6643 (27%)  
[  5]  85.00-86.00  sec   348 KBytes  2.85 Mbits/sec  0.156 ms  1379/5827 (24%)  
[  5]  86.00-87.00  sec   356 KBytes  2.92 Mbits/sec  0.212 ms  1855/6415 (29%)  
[  5]  87.00-88.00  sec   340 KBytes  2.78 Mbits/sec  0.157 ms  1228/5574 (22%)  
[  5]  88.00-89.00  sec   386 KBytes  3.16 Mbits/sec  0.158 ms  1468/6407 (23%)  
[  5]  89.00-90.00  sec   339 KBytes  2.78 Mbits/sec  0.174 ms  1338/5679 (24%)  
[  5]  90.00-91.00  sec   388 KBytes  3.18 Mbits/sec  0.153 ms  1507/6472 (23%)  
[  5]  91.00-92.00  sec   378 KBytes  3.10 Mbits/sec  0.156 ms  1554/6391 (24%)  
[  5]  92.00-93.00  sec   373 KBytes  3.06 Mbits/sec  0.157 ms  1740/6514 (27%)  
[  5]  93.00-94.00  sec   339 KBytes  2.78 Mbits/sec  0.183 ms  1397/5738 (24%)  
[  5]  94.00-95.00  sec   357 KBytes  2.92 Mbits/sec  0.435 ms  1666/6230 (27%)  
[  5]  95.00-96.00  sec   341 KBytes  2.79 Mbits/sec  0.151 ms  2295/6654 (34%)  
[  5]  96.00-97.00  sec   388 KBytes  3.18 Mbits/sec  0.158 ms  1416/6378 (22%)  
[  5]  97.00-98.00  sec   326 KBytes  2.67 Mbits/sec  0.157 ms  1396/5569 (25%)  
[  5]  98.00-99.00  sec   360 KBytes  2.95 Mbits/sec  0.254 ms  1489/6100 (24%)  
[  5]  99.00-100.00 sec   380 KBytes  3.12 Mbits/sec  0.157 ms  2124/6994 (30%)  
[  5] 100.00-101.00 sec   322 KBytes  2.64 Mbits/sec  0.139 ms  1894/6021 (31%)  
[  5] 101.00-102.00 sec   389 KBytes  3.19 Mbits/sec  0.156 ms  1801/6786 (27%)  
[  5] 102.00-103.00 sec   328 KBytes  2.68 Mbits/sec  0.162 ms  2005/6197 (32%)  
[  5] 103.00-104.00 sec   361 KBytes  2.96 Mbits/sec  0.154 ms  2104/6725 (31%)  
[  5] 104.00-105.00 sec   298 KBytes  2.44 Mbits/sec  0.205 ms  1960/5769 (34%)  
[  5] 105.00-106.00 sec   312 KBytes  2.55 Mbits/sec  0.143 ms  1808/5797 (31%)  
[  5] 106.00-107.00 sec   370 KBytes  3.03 Mbits/sec  0.150 ms  1913/6643 (29%)  
[  5] 107.00-108.00 sec   390 KBytes  3.19 Mbits/sec  0.157 ms  1642/6631 (25%)  
[  5] 108.00-109.00 sec   325 KBytes  2.67 Mbits/sec  0.159 ms  1641/5806 (28%)  
[  5] 109.00-110.00 sec   355 KBytes  2.91 Mbits/sec  0.158 ms  1853/6399 (29%)  
[  5] 110.00-111.00 sec   355 KBytes  2.91 Mbits/sec  0.157 ms  1901/6451 (29%)  
[  5] 111.00-112.00 sec   336 KBytes  2.75 Mbits/sec  0.152 ms  1423/5719 (25%)  
[  5] 112.00-113.00 sec   365 KBytes  2.99 Mbits/sec  0.209 ms  1850/6523 (28%)  
[  5] 113.00-114.00 sec   358 KBytes  2.93 Mbits/sec  0.158 ms  1693/6281 (27%)  
[  5] 114.00-115.00 sec   330 KBytes  2.70 Mbits/sec  0.156 ms  1545/5766 (27%)  
[  5] 115.00-116.00 sec   342 KBytes  2.80 Mbits/sec  0.168 ms  2033/6415 (32%)  
[  5] 116.00-117.00 sec   378 KBytes  3.10 Mbits/sec  0.158 ms  1746/6584 (27%)  
[  5] 117.00-118.00 sec   368 KBytes  3.01 Mbits/sec  0.153 ms  1752/6456 (27%)  
[  5] 118.00-119.00 sec   314 KBytes  2.57 Mbits/sec  0.447 ms  1288/5308 (24%)  
[  5] 119.00-120.00 sec   390 KBytes  3.20 Mbits/sec  0.152 ms  1943/6937 (28%)  
[  5] 120.00-121.00 sec   381 KBytes  3.13 Mbits/sec  0.151 ms  1455/6338 (23%)  
[  5] 121.00-122.00 sec   366 KBytes  3.00 Mbits/sec  0.153 ms  2319/7007 (33%)  
[  5] 122.00-123.00 sec   369 KBytes  3.03 Mbits/sec  0.154 ms  1947/6676 (29%)  
[  5] 123.00-124.00 sec   390 KBytes  3.18 Mbits/sec  0.157 ms  1879/6869 (27%)  
[  5] 124.00-125.00 sec   339 KBytes  2.79 Mbits/sec  0.157 ms  1679/6020 (28%)  
[  5] 125.00-126.00 sec   297 KBytes  2.43 Mbits/sec  0.157 ms  1945/5746 (34%)  
[  5] 126.00-127.00 sec   373 KBytes  3.05 Mbits/sec  0.156 ms  1582/6352 (25%)  
[  5] 127.00-128.00 sec   345 KBytes  2.82 Mbits/sec  0.156 ms  1347/5759 (23%)  
[  5] 128.00-129.00 sec   300 KBytes  2.46 Mbits/sec  0.155 ms  2057/5899 (35%)  
[  5] 129.00-130.00 sec   380 KBytes  3.11 Mbits/sec  0.155 ms  1638/6504 (25%)  
[  5] 130.00-131.00 sec   368 KBytes  3.02 Mbits/sec  0.162 ms  1664/6380 (26%)  
[  5] 131.00-132.00 sec   326 KBytes  2.67 Mbits/sec  0.152 ms  1646/5816 (28%)  
[  5] 132.00-133.00 sec   350 KBytes  2.87 Mbits/sec  0.156 ms  1805/6290 (29%)  
[  5] 133.00-134.00 sec   325 KBytes  2.66 Mbits/sec  0.155 ms  1639/5802 (28%)  
[  5] 134.00-135.00 sec   380 KBytes  3.11 Mbits/sec  0.156 ms  1664/6531 (25%)  
[  5] 135.00-136.00 sec   372 KBytes  3.05 Mbits/sec  0.167 ms  1608/6370 (25%)  
[  5] 136.00-137.00 sec   346 KBytes  2.84 Mbits/sec  0.157 ms  1373/5804 (24%)  
[  5] 137.00-138.00 sec   358 KBytes  2.93 Mbits/sec  0.256 ms  1764/6349 (28%)  
[  5] 138.00-139.00 sec   319 KBytes  2.61 Mbits/sec  0.162 ms  1718/5795 (30%)  
[  5] 139.00-140.00 sec   366 KBytes  3.00 Mbits/sec  0.154 ms  1791/6472 (28%)  
[  5] 140.00-141.00 sec   390 KBytes  3.19 Mbits/sec  0.153 ms  1384/6374 (22%)  
[  5] 141.00-142.00 sec   328 KBytes  2.69 Mbits/sec  0.157 ms  1367/5566 (25%)  
[  5] 142.00-143.00 sec   367 KBytes  3.01 Mbits/sec  0.159 ms  1565/6263 (25%)  
[  5] 143.00-144.00 sec   333 KBytes  2.73 Mbits/sec  0.154 ms  1592/5858 (27%)  
[  5] 144.00-145.00 sec   356 KBytes  2.92 Mbits/sec  0.157 ms  1782/6345 (28%)  
[  5] 145.00-146.00 sec   390 KBytes  3.20 Mbits/sec  0.156 ms  2045/7040 (29%)  
[  5] 146.00-147.00 sec   338 KBytes  2.77 Mbits/sec  0.151 ms  1476/5802 (25%)  
[  5] 147.00-148.00 sec   348 KBytes  2.85 Mbits/sec  0.158 ms  1938/6386 (30%)  
[  5] 148.00-149.00 sec   339 KBytes  2.78 Mbits/sec  0.152 ms  1321/5662 (23%)  
[  5] 149.00-150.00 sec   341 KBytes  2.79 Mbits/sec  0.157 ms  1405/5764 (24%)  
[  5] 150.00-151.00 sec   336 KBytes  2.75 Mbits/sec  0.148 ms  1326/5629 (24%)  
[  5] 151.00-152.00 sec   324 KBytes  2.65 Mbits/sec  0.153 ms  2491/6633 (38%)  
[  5] 152.00-153.00 sec   348 KBytes  2.85 Mbits/sec  0.153 ms  1518/5972 (25%)  
[  5] 153.00-154.00 sec   380 KBytes  3.11 Mbits/sec  0.155 ms  1647/6512 (25%)  
[  5] 154.00-155.00 sec   345 KBytes  2.82 Mbits/sec  0.153 ms  1478/5892 (25%)  
[  5] 155.00-156.00 sec   353 KBytes  2.89 Mbits/sec  0.173 ms  1912/6430 (30%)  
[  5] 156.00-157.00 sec   344 KBytes  2.82 Mbits/sec  0.157 ms  1741/6144 (28%)  
[  5] 157.00-158.00 sec   381 KBytes  3.12 Mbits/sec  0.158 ms  1511/6394 (24%)  
[  5] 158.00-159.00 sec   385 KBytes  3.16 Mbits/sec  0.156 ms  1550/6481 (24%)  
[  5] 159.00-160.00 sec   311 KBytes  2.54 Mbits/sec  0.158 ms  1700/5676 (30%)  
[  5] 160.00-161.00 sec   364 KBytes  2.99 Mbits/sec  0.467 ms  1830/6492 (28%)  
[  5] 161.00-162.00 sec   346 KBytes  2.83 Mbits/sec  0.146 ms  1762/6191 (28%)  
[  5] 162.00-163.00 sec   357 KBytes  2.93 Mbits/sec  0.158 ms  1854/6425 (29%)  
[  5] 163.00-164.00 sec   385 KBytes  3.15 Mbits/sec  0.150 ms  1578/6508 (24%)  
[  5] 164.00-165.00 sec   302 KBytes  2.48 Mbits/sec  0.156 ms  1851/5723 (32%)  
[  5] 165.00-166.00 sec   376 KBytes  3.08 Mbits/sec  0.153 ms  1654/6468 (26%)  
[  5] 166.00-167.00 sec   329 KBytes  2.69 Mbits/sec  0.169 ms  1905/6110 (31%)  
[  5] 167.00-168.00 sec   359 KBytes  2.94 Mbits/sec  0.158 ms  2352/6947 (34%)  
[  5] 168.00-169.00 sec   387 KBytes  3.17 Mbits/sec  0.157 ms  2080/7030 (30%)  
[  5] 169.00-170.00 sec   312 KBytes  2.56 Mbits/sec  0.300 ms  2028/6021 (34%)  
[  5] 170.00-171.00 sec   341 KBytes  2.79 Mbits/sec  0.152 ms  1918/6279 (31%)  
[  5] 171.00-172.00 sec   332 KBytes  2.72 Mbits/sec  0.159 ms  1621/5870 (28%)  
[  5] 172.00-173.00 sec   344 KBytes  2.81 Mbits/sec  0.154 ms  1561/5958 (26%)  
[  5] 173.00-174.00 sec   334 KBytes  2.74 Mbits/sec  0.155 ms  1525/5799 (26%)  
[  5] 174.00-175.00 sec   331 KBytes  2.71 Mbits/sec  0.157 ms  1681/5922 (28%)  
[  5] 175.00-176.00 sec   297 KBytes  2.43 Mbits/sec  0.158 ms  2067/5872 (35%)  
[  5] 176.00-177.00 sec   381 KBytes  3.12 Mbits/sec  0.163 ms  1525/6407 (24%)  
[  5] 177.00-178.00 sec   380 KBytes  3.12 Mbits/sec  0.154 ms  1728/6597 (26%)  
