Connecting to host 172.22.0.50, port 5202
Reverse mode, remote host 172.22.0.50 is sending
[  5] local 192.168.102.2 port 38150 connected to 172.22.0.50 port 5202
[ ID] Interval           Transfer     Bitrate         Jitter    Lost/Total Datagrams
[  5]   0.00-1.00   sec   441 KBytes  3.61 Mbits/sec  0.311 ms  0/4512 (0%)  
[  5]   1.00-2.00   sec   439 KBytes  3.60 Mbits/sec  0.358 ms  0/4500 (0%)  
[  5]   2.00-3.00   sec   441 KBytes  3.60 Mbits/sec  0.220 ms  0/4511 (0%)  
[  5]   3.00-4.00   sec   439 KBytes  3.60 Mbits/sec  0.292 ms  0/4491 (0%)  
[  5]   4.00-5.00   sec   440 KBytes  3.60 Mbits/sec  0.284 ms  0/4508 (0%)  
[  5]   5.00-6.00   sec   438 KBytes  3.60 Mbits/sec  0.316 ms  0/4487 (0%)  
[  5]   6.00-7.00   sec   439 KBytes  3.60 Mbits/sec  0.247 ms  0/4499 (0%)  
[  5]   7.00-8.00   sec   439 KBytes  3.60 Mbits/sec  0.368 ms  0/4497 (0%)  
[  5]   8.00-9.00   sec   437 KBytes  3.58 Mbits/sec  0.413 ms  0/4474 (0%)  
[  5]   9.00-10.00  sec   441 KBytes  3.60 Mbits/sec  0.432 ms  0/4515 (0%)  
[  5]  10.00-11.00  sec   440 KBytes  3.61 Mbits/sec  0.237 ms  0/4504 (0%)  
[  5]  11.00-12.00  sec   441 KBytes  3.61 Mbits/sec  0.303 ms  0/4512 (0%)  
[  5]  12.00-13.00  sec   439 KBytes  3.60 Mbits/sec  0.263 ms  0/4500 (0%)  
[  5]  13.00-14.00  sec   440 KBytes  3.60 Mbits/sec  0.273 ms  0/4503 (0%)  
[  5]  14.00-15.00  sec   438 KBytes  3.59 Mbits/sec  0.282 ms  0/4488 (0%)  
[  5]  15.00-16.00  sec   440 KBytes  3.60 Mbits/sec  0.405 ms  0/4503 (0%)  
[  5]  16.00-17.00  sec   439 KBytes  3.59 Mbits/sec  0.258 ms  0/4492 (0%)  
[  5]  17.00-18.00  sec   383 KBytes  3.14 Mbits/sec  0.483 ms  0/3925 (0%)  
[  5]  18.00-19.00  sec   270 KBytes  2.21 Mbits/sec  0.509 ms  0/2763 (0%)  
[  5]  19.00-20.00  sec   273 KBytes  2.24 Mbits/sec  0.376 ms  0/2796 (0%)  
[  5]  20.00-21.00  sec   279 KBytes  2.29 Mbits/sec  0.416 ms  0/2859 (0%)  
[  5]  21.00-22.00  sec   275 KBytes  2.25 Mbits/sec  0.453 ms  0/2814 (0%)  
[  5]  22.00-23.00  sec   278 KBytes  2.28 Mbits/sec  0.426 ms  0/2844 (0%)  
[  5]  23.00-24.00  sec   277 KBytes  2.27 Mbits/sec  0.328 ms  0/2833 (0%)  
[  5]  24.00-25.00  sec   274 KBytes  2.24 Mbits/sec  0.415 ms  0/2801 (0%)  
[  5]  25.00-26.00  sec   273 KBytes  2.24 Mbits/sec  0.466 ms  0/2800 (0%)  
[  5]  26.00-27.00  sec   273 KBytes  2.24 Mbits/sec  0.329 ms  0/2797 (0%)  
[  5]  27.00-28.00  sec   281 KBytes  2.30 Mbits/sec  0.420 ms  0/2876 (0%)  
[  5]  28.00-29.00  sec   285 KBytes  2.34 Mbits/sec  0.418 ms  0/2923 (0%)  
[  5]  29.00-30.00  sec   287 KBytes  2.35 Mbits/sec  0.494 ms  0/2936 (0%)  
[  5]  30.00-31.00  sec   276 KBytes  2.26 Mbits/sec  0.665 ms  0/2827 (0%)  
[  5]  31.00-32.00  sec   281 KBytes  2.30 Mbits/sec  0.617 ms  0/2879 (0%)  
[  5]  32.00-33.00  sec   283 KBytes  2.32 Mbits/sec  0.497 ms  0/2903 (0%)  
[  5]  33.00-34.00  sec   287 KBytes  2.35 Mbits/sec  0.480 ms  0/2941 (0%)  
[  5]  34.00-35.00  sec   286 KBytes  2.34 Mbits/sec  0.509 ms  0/2931 (0%)  
[  5]  35.00-36.00  sec   289 KBytes  2.37 Mbits/sec  0.393 ms  0/2964 (0%)  
[  5]  36.00-37.00  sec   286 KBytes  2.34 Mbits/sec  0.358 ms  0/2927 (0%)  
[  5]  37.00-38.00  sec   289 KBytes  2.37 Mbits/sec  0.483 ms  0/2963 (0%)  
[  5]  38.00-39.00  sec   286 KBytes  2.34 Mbits/sec  0.387 ms  0/2930 (0%)  
[  5]  39.00-40.00  sec   289 KBytes  2.37 Mbits/sec  0.364 ms  0/2962 (0%)  
[  5]  40.00-41.00  sec   292 KBytes  2.39 Mbits/sec  0.456 ms  0/2991 (0%)  
[  5]  41.00-42.00  sec   292 KBytes  2.39 Mbits/sec  0.373 ms  0/2985 (0%)  
[  5]  42.00-43.00  sec   293 KBytes  2.40 Mbits/sec  0.435 ms  0/3005 (0%)  
[  5]  43.00-44.00  sec   305 KBytes  2.50 Mbits/sec  0.360 ms  0/3125 (0%)  
[  5]  44.00-45.00  sec   303 KBytes  2.48 Mbits/sec  0.391 ms  0/3099 (0%)  
[  5]  45.00-46.00  sec   298 KBytes  2.44 Mbits/sec  0.462 ms  0/3047 (0%)  
[  5]  46.00-47.00  sec   279 KBytes  2.29 Mbits/sec  0.367 ms  0/2857 (0%)  
[  5]  47.00-48.00  sec   282 KBytes  2.31 Mbits/sec  0.654 ms  0/2885 (0%)  
[  5]  48.00-49.00  sec   284 KBytes  2.32 Mbits/sec  0.361 ms  0/2906 (0%)  
[  5]  49.00-50.00  sec   288 KBytes  2.36 Mbits/sec  0.420 ms  0/2947 (0%)  
[  5]  50.00-51.00  sec   286 KBytes  2.35 Mbits/sec  0.452 ms  0/2932 (0%)  
[  5]  51.00-52.00  sec   285 KBytes  2.33 Mbits/sec  0.596 ms  0/2916 (0%)  
[  5]  52.00-53.00  sec   287 KBytes  2.35 Mbits/sec  0.369 ms  0/2940 (0%)  
[  5]  53.00-54.00  sec   285 KBytes  2.33 Mbits/sec  0.386 ms  0/2914 (0%)  
[  5]  54.00-55.00  sec   287 KBytes  2.35 Mbits/sec  0.413 ms  0/2935 (0%)  
[  5]  55.00-56.00  sec   281 KBytes  2.30 Mbits/sec  0.435 ms  0/2875 (0%)  
[  5]  56.00-57.00  sec   287 KBytes  2.35 Mbits/sec  0.390 ms  0/2935 (0%)  
[  5]  57.00-58.00  sec   290 KBytes  2.37 Mbits/sec  0.356 ms  0/2966 (0%)  
[  5]  58.00-59.00  sec   288 KBytes  2.36 Mbits/sec  0.371 ms  0/2945 (0%)  
[  5]  59.00-60.00  sec   289 KBytes  2.37 Mbits/sec  0.423 ms  0/2964 (0%)  
[  5]  60.00-61.00  sec   297 KBytes  2.43 Mbits/sec  0.331 ms  0/3037 (0%)  
[  5]  61.00-62.00  sec   307 KBytes  2.52 Mbits/sec  0.503 ms  0/3147 (0%)  
[  5]  62.00-63.00  sec   288 KBytes  2.36 Mbits/sec  0.380 ms  0/2954 (0%)  
[  5]  63.00-64.00  sec   307 KBytes  2.51 Mbits/sec  0.295 ms  0/3140 (0%)  
[  5]  64.00-65.00  sec   307 KBytes  2.52 Mbits/sec  0.474 ms  0/3148 (0%)  
[  5]  65.00-66.00  sec   312 KBytes  2.56 Mbits/sec  0.457 ms  0/3199 (0%)  
[  5]  66.00-67.00  sec   309 KBytes  2.53 Mbits/sec  0.468 ms  0/3166 (0%)  
[  5]  67.00-68.00  sec   307 KBytes  2.52 Mbits/sec  0.376 ms  0/3146 (0%)  
[  5]  68.00-69.00  sec   306 KBytes  2.50 Mbits/sec  0.421 ms  0/3129 (0%)  
[  5]  69.00-70.00  sec   305 KBytes  2.50 Mbits/sec  0.444 ms  0/3124 (0%)  
[  5]  70.00-71.00  sec   310 KBytes  2.54 Mbits/sec  0.396 ms  0/3171 (0%)  
[  5]  71.00-72.00  sec   305 KBytes  2.50 Mbits/sec  0.388 ms  0/3120 (0%)  
[  5]  72.00-73.00  sec   303 KBytes  2.48 Mbits/sec  0.488 ms  0/3101 (0%)  
[  5]  73.00-74.00  sec   313 KBytes  2.57 Mbits/sec  0.328 ms  0/3205 (0%)  
[  5]  74.00-75.00  sec   309 KBytes  2.53 Mbits/sec  0.405 ms  0/3161 (0%)  
[  5]  75.00-76.00  sec   309 KBytes  2.53 Mbits/sec  0.415 ms  0/3160 (0%)  
[  5]  76.00-77.00  sec   312 KBytes  2.56 Mbits/sec  0.427 ms  0/3193 (0%)  
[  5]  77.00-78.00  sec   304 KBytes  2.49 Mbits/sec  0.362 ms  0/3118 (0%)  
[  5]  78.00-79.00  sec   309 KBytes  2.53 Mbits/sec  0.358 ms  0/3164 (0%)  
[  5]  79.00-80.00  sec   299 KBytes  2.45 Mbits/sec  0.433 ms  0/3057 (0%)  
[  5]  80.00-81.00  sec   307 KBytes  2.51 Mbits/sec  0.327 ms  0/3140 (0%)  
[  5]  81.00-82.00  sec   308 KBytes  2.52 Mbits/sec  0.378 ms  0/3156 (0%)  
[  5]  82.00-83.00  sec   306 KBytes  2.51 Mbits/sec  0.441 ms  0/3134 (0%)  
[  5]  83.00-84.00  sec   309 KBytes  2.53 Mbits/sec  0.378 ms  0/3160 (0%)  
[  5]  84.00-85.00  sec   313 KBytes  2.57 Mbits/sec  0.404 ms  0/3210 (0%)  
[  5]  85.00-86.00  sec   313 KBytes  2.56 Mbits/sec  0.355 ms  0/3201 (0%)  
[  5]  86.00-87.00  sec   305 KBytes  2.50 Mbits/sec  0.368 ms  0/3125 (0%)  
[  5]  87.00-88.00  sec   298 KBytes  2.44 Mbits/sec  0.416 ms  0/3055 (0%)  
[  5]  88.00-89.00  sec   306 KBytes  2.51 Mbits/sec  0.420 ms  0/3133 (0%)  
[  5]  89.00-90.00  sec   294 KBytes  2.41 Mbits/sec  0.444 ms  0/3009 (0%)  
[  5]  90.00-91.00  sec   247 KBytes  2.02 Mbits/sec  0.377 ms  0/2533 (0%)  
[  5]  91.00-92.00  sec   266 KBytes  2.18 Mbits/sec  0.219 ms  1334/4058 (33%)  
[  5]  92.00-93.00  sec   268 KBytes  2.20 Mbits/sec  0.206 ms  1181/3930 (30%)  
[  5]  93.00-94.00  sec   314 KBytes  2.57 Mbits/sec  0.220 ms  1552/4769 (33%)  
[  5]  94.00-95.00  sec   257 KBytes  2.10 Mbits/sec  0.219 ms  1375/4005 (34%)  
[  5]  95.00-96.00  sec   312 KBytes  2.55 Mbits/sec  0.208 ms  1432/4622 (31%)  
[  5]  96.00-97.00  sec   275 KBytes  2.25 Mbits/sec  0.215 ms  1310/4129 (32%)  
[  5]  97.00-98.00  sec   271 KBytes  2.22 Mbits/sec  0.212 ms  1211/3990 (30%)  
[  5]  98.00-99.00  sec   255 KBytes  2.09 Mbits/sec  0.247 ms  1111/3727 (30%)  
[  5]  99.00-100.00 sec   269 KBytes  2.21 Mbits/sec  0.202 ms  1354/4112 (33%)  
[  5] 100.00-101.00 sec   284 KBytes  2.32 Mbits/sec  0.272 ms  1587/4493 (35%)  
[  5] 101.00-102.00 sec   251 KBytes  2.06 Mbits/sec  0.220 ms  1525/4097 (37%)  
[  5] 102.00-103.00 sec   269 KBytes  2.21 Mbits/sec  0.221 ms  1213/3971 (31%)  
[  5] 103.00-104.00 sec   277 KBytes  2.27 Mbits/sec  0.251 ms  1200/4034 (30%)  
[  5] 104.00-105.00 sec   262 KBytes  2.15 Mbits/sec  0.220 ms  1360/4048 (34%)  
[  5] 105.00-106.00 sec   314 KBytes  2.57 Mbits/sec  0.219 ms  1422/4638 (31%)  
[  5] 106.00-107.00 sec   321 KBytes  2.63 Mbits/sec  0.202 ms  1519/4803 (32%)  
[  5] 107.00-108.00 sec   255 KBytes  2.09 Mbits/sec  0.453 ms  1423/4037 (35%)  
[  5] 108.00-109.00 sec   296 KBytes  2.43 Mbits/sec  0.220 ms  1405/4437 (32%)  
[  5] 109.00-110.00 sec   321 KBytes  2.63 Mbits/sec  0.220 ms  1455/4747 (31%)  
[  5] 110.00-111.00 sec   313 KBytes  2.57 Mbits/sec  0.219 ms  1317/4524 (29%)  
[  5] 111.00-112.00 sec   287 KBytes  2.35 Mbits/sec  0.253 ms  1601/4539 (35%)  
[  5] 112.00-113.00 sec   265 KBytes  2.17 Mbits/sec  0.221 ms  1433/4143 (35%)  
[  5] 113.00-114.00 sec   302 KBytes  2.47 Mbits/sec  0.230 ms  1647/4743 (35%)  
[  5] 114.00-115.00 sec   323 KBytes  2.65 Mbits/sec  0.217 ms  1526/4833 (32%)  
[  5] 115.00-116.00 sec   265 KBytes  2.17 Mbits/sec  0.221 ms  1434/4145 (35%)  
[  5] 116.00-117.00 sec   315 KBytes  2.58 Mbits/sec  0.224 ms  1655/4884 (34%)  
[  5] 117.00-118.00 sec   303 KBytes  2.48 Mbits/sec  0.221 ms  1871/4971 (38%)  
[  5] 118.00-119.00 sec   314 KBytes  2.58 Mbits/sec  0.219 ms  1548/4768 (32%)  
[  5] 119.00-120.00 sec   262 KBytes  2.15 Mbits/sec  0.217 ms  1600/4283 (37%)  
[  5] 120.00-121.00 sec   265 KBytes  2.17 Mbits/sec  3.777 ms  2084/4797 (43%)  
[  5] 121.00-122.00 sec   278 KBytes  2.28 Mbits/sec  0.224 ms  1705/4554 (37%)  
[  5] 122.00-123.00 sec   270 KBytes  2.21 Mbits/sec  0.214 ms  1480/4242 (35%)  
[  5] 123.00-124.00 sec   264 KBytes  2.16 Mbits/sec  0.237 ms  1626/4328 (38%)  
[  5] 124.00-125.00 sec   278 KBytes  2.28 Mbits/sec  0.216 ms  1577/4421 (36%)  
[  5] 125.00-126.00 sec   314 KBytes  2.58 Mbits/sec  0.220 ms  1858/5078 (37%)  
[  5] 126.00-127.00 sec   278 KBytes  2.27 Mbits/sec  0.216 ms  2166/5009 (43%)  
[  5] 127.00-128.00 sec   323 KBytes  2.65 Mbits/sec  0.229 ms  1871/5183 (36%)  
[  5] 128.00-129.00 sec   264 KBytes  2.16 Mbits/sec  0.217 ms  1576/4277 (37%)  
[  5] 129.00-130.00 sec   289 KBytes  2.36 Mbits/sec  0.649 ms  1689/4644 (36%)  
[  5] 130.00-131.00 sec   306 KBytes  2.51 Mbits/sec  0.195 ms  1507/4639 (32%)  
[  5] 131.00-132.00 sec   297 KBytes  2.43 Mbits/sec  0.220 ms  1455/4497 (32%)  
[  5] 132.00-133.00 sec   309 KBytes  2.53 Mbits/sec  0.216 ms  1639/4806 (34%)  
[  5] 133.00-134.00 sec   270 KBytes  2.21 Mbits/sec  0.220 ms  1326/4091 (32%)  
[  5] 134.00-135.00 sec   319 KBytes  2.61 Mbits/sec  0.225 ms  1479/4744 (31%)  
[  5] 135.00-136.00 sec   293 KBytes  2.40 Mbits/sec  0.206 ms  1548/4544 (34%)  
[  5] 136.00-137.00 sec   262 KBytes  2.14 Mbits/sec  0.237 ms  1169/3852 (30%)  
[  5] 137.00-138.00 sec   322 KBytes  2.64 Mbits/sec  0.215 ms  1583/4880 (32%)  
[  5] 138.00-139.00 sec   269 KBytes  2.21 Mbits/sec  0.193 ms  1234/3992 (31%)  
[  5] 139.00-140.00 sec   323 KBytes  2.65 Mbits/sec  0.240 ms  1444/4752 (30%)  
[  5] 140.00-141.00 sec   301 KBytes  2.46 Mbits/sec  0.483 ms  1487/4568 (33%)  
[  5] 141.00-142.00 sec   316 KBytes  2.59 Mbits/sec  0.211 ms  1458/4691 (31%)  
[  5] 142.00-143.00 sec   279 KBytes  2.29 Mbits/sec  0.218 ms  1266/4128 (31%)  
[  5] 143.00-144.00 sec   310 KBytes  2.54 Mbits/sec  0.218 ms  1387/4565 (30%)  
[  5] 144.00-145.00 sec   296 KBytes  2.43 Mbits/sec  0.217 ms  1623/4655 (35%)  
[  5] 145.00-146.00 sec   281 KBytes  2.30 Mbits/sec  0.216 ms  1401/4275 (33%)  
[  5] 146.00-147.00 sec   317 KBytes  2.59 Mbits/sec  0.211 ms  1804/5046 (36%)  
[  5] 147.00-148.00 sec   265 KBytes  2.17 Mbits/sec  0.224 ms  1675/4385 (38%)  
[  5] 148.00-149.00 sec   323 KBytes  2.65 Mbits/sec  0.216 ms  2201/5512 (40%)  
[  5] 149.00-150.00 sec   290 KBytes  2.38 Mbits/sec  0.218 ms  1795/4765 (38%)  
[  5] 150.00-151.00 sec   277 KBytes  2.27 Mbits/sec  0.213 ms  1148/3987 (29%)  
[  5] 151.00-152.00 sec   312 KBytes  2.55 Mbits/sec  0.219 ms  1342/4532 (30%)  
[  5] 152.00-153.00 sec   271 KBytes  2.22 Mbits/sec  0.219 ms  1189/3960 (30%)  
[  5] 153.00-154.00 sec   276 KBytes  2.26 Mbits/sec  0.223 ms  1415/4242 (33%)  
[  5] 154.00-155.00 sec   317 KBytes  2.59 Mbits/sec  0.219 ms  1608/4849 (33%)  
[  5] 155.00-156.00 sec   308 KBytes  2.52 Mbits/sec  0.220 ms  1440/4592 (31%)  
[  5] 156.00-157.00 sec   317 KBytes  2.59 Mbits/sec  0.224 ms  1438/4679 (31%)  
[  5] 157.00-158.00 sec   311 KBytes  2.55 Mbits/sec  0.249 ms  1561/4744 (33%)  
[  5] 158.00-159.00 sec   277 KBytes  2.27 Mbits/sec  0.231 ms  1342/4174 (32%)  
[  5] 159.00-160.00 sec   310 KBytes  2.54 Mbits/sec  0.027 ms  1424/4603 (31%)  
[  5] 160.00-161.00 sec   307 KBytes  2.51 Mbits/sec  0.218 ms  1523/4662 (33%)  
[  5] 161.00-162.00 sec   317 KBytes  2.60 Mbits/sec  0.287 ms  1593/4843 (33%)  
[  5] 162.00-163.00 sec   272 KBytes  2.23 Mbits/sec  0.214 ms  1281/4064 (32%)  
[  5] 163.00-164.00 sec   313 KBytes  2.57 Mbits/sec  0.212 ms  1565/4772 (33%)  
[  5] 164.00-165.00 sec   307 KBytes  2.51 Mbits/sec  0.211 ms  1625/4768 (34%)  
[  5] 165.00-166.00 sec   289 KBytes  2.37 Mbits/sec  0.214 ms  1665/4622 (36%)  
[  5] 166.00-167.00 sec   268 KBytes  2.19 Mbits/sec  0.205 ms  1181/3922 (30%)  
[  5] 167.00-168.00 sec   321 KBytes  2.63 Mbits/sec  0.222 ms  1509/4791 (31%)  
[  5] 168.00-169.00 sec   305 KBytes  2.50 Mbits/sec  0.219 ms  1439/4559 (32%)  
[  5] 169.00-170.00 sec   268 KBytes  2.19 Mbits/sec  0.223 ms  1247/3987 (31%)  
[  5] 170.00-171.00 sec   315 KBytes  2.58 Mbits/sec  0.225 ms  1848/5070 (36%)  
[  5] 171.00-172.00 sec   270 KBytes  2.21 Mbits/sec  0.218 ms  1482/4244 (35%)  
[  5] 172.00-173.00 sec   321 KBytes  2.63 Mbits/sec  0.242 ms  1437/4720 (30%)  
[  5] 173.00-174.00 sec   314 KBytes  2.57 Mbits/sec  0.217 ms  1480/4695 (32%)  
[  5] 174.00-175.00 sec   310 KBytes  2.54 Mbits/sec  0.217 ms  1537/4713 (33%)  
[  5] 175.00-176.00 sec   306 KBytes  2.51 Mbits/sec  0.252 ms  1814/4948 (37%)  
[  5] 176.00-177.00 sec   270 KBytes  2.21 Mbits/sec  0.220 ms  1363/4129 (33%)  
[  5] 177.00-178.00 sec   314 KBytes  2.58 Mbits/sec  0.221 ms  1840/5060 (36%)  
[  5] 178.00-179.00 sec   313 KBytes  2.56 Mbits/sec  0.256 ms  1439/4640 (31%)  
[  5] 179.00-180.00 sec   270 KBytes  2.21 Mbits/sec  0.205 ms  1183/3945 (30%)  
[  5] 180.00-181.00 sec   314 KBytes  2.57 Mbits/sec  0.217 ms  1508/4723 (32%)  
[  5] 181.00-182.00 sec   294 KBytes  2.41 Mbits/sec  0.275 ms  1547/4553 (34%)  
[  5] 182.00-183.00 sec   319 KBytes  2.62 Mbits/sec  0.216 ms  1456/4727 (31%)  
[  5] 183.00-184.00 sec   270 KBytes  2.21 Mbits/sec  0.216 ms  1159/3925 (30%)  
[  5] 184.00-185.00 sec   247 KBytes  2.02 Mbits/sec  0.211 ms  1388/3915 (35%)  
[  5] 185.00-186.00 sec   298 KBytes  2.44 Mbits/sec  0.216 ms  1535/4583 (33%)  
[  5] 186.00-187.00 sec   271 KBytes  2.22 Mbits/sec  0.219 ms  1422/4198 (34%)  
[  5] 187.00-188.00 sec   317 KBytes  2.59 Mbits/sec  0.195 ms  1513/4755 (32%)  
[  5] 188.00-189.00 sec   323 KBytes  2.65 Mbits/sec  0.216 ms  1362/4673 (29%)  
[  5] 189.00-190.00 sec   268 KBytes  2.20 Mbits/sec  0.210 ms  1177/3926 (30%)  
[  5] 190.00-191.00 sec   315 KBytes  2.58 Mbits/sec  0.214 ms  1295/4520 (29%)  
[  5] 191.00-192.00 sec   313 KBytes  2.56 Mbits/sec  0.241 ms  1576/4779 (33%)  
[  5] 192.00-193.00 sec   305 KBytes  2.50 Mbits/sec  0.212 ms  1540/4666 (33%)  
[  5] 193.00-194.00 sec   268 KBytes  2.20 Mbits/sec  0.210 ms  1337/4086 (33%)  
[  5] 194.00-195.00 sec   325 KBytes  2.66 Mbits/sec  0.215 ms  1573/4900 (32%)  
[  5] 195.00-196.00 sec   317 KBytes  2.59 Mbits/sec  0.224 ms  1534/4779 (32%)  
[  5] 196.00-197.00 sec   297 KBytes  2.43 Mbits/sec  0.215 ms  1600/4638 (34%)  
[  5] 197.00-198.00 sec   311 KBytes  2.55 Mbits/sec  0.211 ms  1529/4717 (32%)  
[  5] 198.00-199.00 sec   266 KBytes  2.18 Mbits/sec  0.227 ms  1229/3952 (31%)  
[  5] 199.00-200.00 sec   321 KBytes  2.63 Mbits/sec  0.204 ms  1386/4675 (30%)  
[  5] 200.00-201.00 sec   313 KBytes  2.56 Mbits/sec  0.211 ms  1309/4511 (29%)  
[  5] 201.00-202.00 sec   253 KBytes  2.07 Mbits/sec  0.234 ms  1462/4054 (36%)  
[  5] 202.00-203.00 sec   262 KBytes  2.15 Mbits/sec  0.213 ms  1410/4098 (34%)  
[  5] 203.00-204.00 sec   317 KBytes  2.60 Mbits/sec  0.209 ms  1471/4717 (31%)  
[  5] 204.00-205.00 sec   259 KBytes  2.12 Mbits/sec  0.262 ms  1331/3984 (33%)  
[  5] 205.00-206.00 sec   313 KBytes  2.56 Mbits/sec  0.219 ms  1518/4722 (32%)  
[  5] 206.00-207.00 sec   281 KBytes  2.30 Mbits/sec  0.220 ms  1722/4603 (37%)  
[  5] 207.00-208.00 sec   279 KBytes  2.28 Mbits/sec  0.213 ms  1255/4109 (31%)  
[  5] 208.00-209.00 sec   312 KBytes  2.56 Mbits/sec  0.211 ms  1740/4939 (35%)  
[  5] 209.00-210.00 sec   311 KBytes  2.55 Mbits/sec  0.210 ms  1668/4856 (34%)  
[  5] 210.00-211.00 sec   250 KBytes  2.04 Mbits/sec  0.237 ms  1400/3957 (35%)  
[  5] 211.00-212.00 sec   282 KBytes  2.31 Mbits/sec  0.293 ms  1989/4878 (41%)  
[  5] 212.00-213.00 sec   314 KBytes  2.57 Mbits/sec  0.219 ms  1662/4877 (34%)  
[  5] 213.00-214.00 sec   262 KBytes  2.14 Mbits/sec  0.204 ms  1365/4043 (34%)  
[  5] 214.00-215.00 sec   325 KBytes  2.66 Mbits/sec  0.217 ms  1420/4744 (30%)  
[  5] 215.00-216.00 sec   308 KBytes  2.52 Mbits/sec  0.213 ms  1411/4566 (31%)  
[  5] 216.00-217.00 sec   311 KBytes  2.55 Mbits/sec  1.520 ms  1559/4745 (33%)  
[  5] 217.00-218.00 sec   300 KBytes  2.46 Mbits/sec  0.252 ms  1323/4399 (30%)  
[  5] 218.00-219.00 sec   285 KBytes  2.34 Mbits/sec  0.219 ms  1254/4173 (30%)  
[  5] 219.00-220.00 sec   278 KBytes  2.27 Mbits/sec  0.219 ms  1264/4109 (31%)  
[  5] 220.00-221.00 sec   324 KBytes  2.65 Mbits/sec  0.216 ms  1388/4701 (30%)  
[  5] 221.00-222.00 sec   312 KBytes  2.56 Mbits/sec  0.224 ms  1389/4586 (30%)  
[  5] 222.00-223.00 sec   271 KBytes  2.22 Mbits/sec  0.202 ms  1174/3944 (30%)  
[  5] 223.00-224.00 sec   317 KBytes  2.60 Mbits/sec  0.220 ms  1531/4781 (32%)  
[  5] 224.00-225.00 sec   314 KBytes  2.58 Mbits/sec  0.219 ms  1429/4649 (31%)  
[  5] 225.00-226.00 sec   271 KBytes  2.22 Mbits/sec  0.234 ms  1179/3958 (30%)  
[  5] 226.00-227.00 sec   307 KBytes  2.51 Mbits/sec  0.218 ms  1765/4904 (36%)  
[  5] 227.00-228.00 sec   293 KBytes  2.40 Mbits/sec  0.446 ms  1959/4961 (39%)  
[  5] 228.00-229.00 sec   246 KBytes  2.01 Mbits/sec  0.220 ms  1611/4128 (39%)  
[  5] 229.00-230.00 sec   312 KBytes  2.56 Mbits/sec  0.219 ms  1558/4750 (33%)  
[  5] 230.00-231.00 sec   319 KBytes  2.61 Mbits/sec  0.215 ms  1600/4863 (33%)  
[  5] 231.00-232.00 sec   303 KBytes  2.48 Mbits/sec  0.223 ms  1650/4749 (35%)  
[  5] 232.00-233.00 sec   321 KBytes  2.63 Mbits/sec  0.205 ms  1522/4809 (32%)  
[  5] 233.00-234.00 sec   266 KBytes  2.18 Mbits/sec  0.237 ms  1311/4037 (32%)  
[  5] 234.00-235.00 sec   307 KBytes  2.52 Mbits/sec  0.230 ms  1488/4633 (32%)  
[  5] 235.00-236.00 sec   273 KBytes  2.24 Mbits/sec  0.211 ms  1377/4175 (33%)  
[  5] 236.00-237.00 sec   314 KBytes  2.57 Mbits/sec  0.229 ms  1436/4648 (31%)  
[  5] 237.00-238.00 sec   280 KBytes  2.29 Mbits/sec  0.201 ms  1224/4090 (30%)  
[  5] 238.00-239.00 sec   302 KBytes  2.47 Mbits/sec  0.214 ms  1543/4631 (33%)  
[  5] 239.00-240.00 sec   317 KBytes  2.59 Mbits/sec  0.214 ms  1493/4736 (32%)  
[  5] 240.00-241.00 sec   271 KBytes  2.22 Mbits/sec  0.215 ms  1146/3917 (29%)  
[  5] 241.00-242.00 sec   305 KBytes  2.50 Mbits/sec  0.274 ms  1468/4594 (32%)  
[  5] 242.00-243.00 sec   296 KBytes  2.43 Mbits/sec  0.221 ms  1573/4607 (34%)  
[  5] 243.00-244.00 sec   268 KBytes  2.19 Mbits/sec  0.265 ms  1570/4310 (36%)  
[  5] 244.00-245.00 sec   312 KBytes  2.55 Mbits/sec  0.214 ms  1670/4864 (34%)  
[  5] 245.00-246.00 sec   270 KBytes  2.21 Mbits/sec  0.221 ms  1167/3929 (30%)  
[  5] 246.00-247.00 sec   323 KBytes  2.64 Mbits/sec  0.211 ms  1555/4860 (32%)  
[  5] 247.00-248.00 sec   291 KBytes  2.38 Mbits/sec  0.222 ms  1730/4708 (37%)  
[  5] 248.00-249.00 sec   316 KBytes  2.59 Mbits/sec  0.223 ms  1420/4657 (30%)  
[  5] 249.00-250.00 sec   303 KBytes  2.48 Mbits/sec  0.264 ms  1513/4619 (33%)  
[  5] 250.00-251.00 sec   268 KBytes  2.20 Mbits/sec  0.254 ms  1341/4086 (33%)  
[  5] 251.00-252.00 sec   323 KBytes  2.65 Mbits/sec  0.221 ms  1513/4821 (31%)  
[  5] 252.00-253.00 sec   272 KBytes  2.23 Mbits/sec  0.217 ms  1304/4087 (32%)  
[  5] 253.00-254.00 sec   315 KBytes  2.58 Mbits/sec  0.157 ms  1440/4664 (31%)  
[  5] 254.00-255.00 sec   323 KBytes  2.64 Mbits/sec  0.195 ms  1434/4737 (30%)  
[  5] 255.00-256.00 sec   268 KBytes  2.20 Mbits/sec  0.213 ms  1133/3881 (29%)  
[  5] 256.00-257.00 sec   307 KBytes  2.52 Mbits/sec  1.017 ms  1436/4581 (31%)  
[  5] 257.00-258.00 sec   312 KBytes  2.56 Mbits/sec  0.212 ms  1462/4661 (31%)  
[  5] 258.00-259.00 sec   262 KBytes  2.14 Mbits/sec  0.215 ms  1288/3969 (32%)  
[  5] 259.00-260.00 sec   306 KBytes  2.51 Mbits/sec  0.208 ms  1633/4766 (34%)  
[  5] 260.00-261.00 sec   277 KBytes  2.27 Mbits/sec  0.224 ms  1482/4316 (34%)  
[  5] 261.00-262.00 sec   315 KBytes  2.58 Mbits/sec  0.219 ms  1573/4802 (33%)  
[  5] 262.00-263.00 sec   322 KBytes  2.64 Mbits/sec  0.228 ms  1554/4850 (32%)  
[  5] 263.00-264.00 sec   302 KBytes  2.48 Mbits/sec  0.220 ms  1576/4672 (34%)  
[  5] 264.00-265.00 sec   270 KBytes  2.21 Mbits/sec  0.222 ms  1223/3989 (31%)  
[  5] 265.00-266.00 sec   307 KBytes  2.52 Mbits/sec  0.208 ms  1638/4786 (34%)  
[  5] 266.00-267.00 sec   314 KBytes  2.57 Mbits/sec  0.219 ms  1345/4556 (30%)  
[  5] 267.00-268.00 sec   275 KBytes  2.25 Mbits/sec  0.329 ms  1495/4307 (35%)  
[  5] 268.00-269.00 sec   307 KBytes  2.52 Mbits/sec  0.220 ms  1516/4663 (33%)  
[  5] 269.00-270.00 sec   270 KBytes  2.21 Mbits/sec  0.215 ms  1691/4456 (38%)  
[  5] 270.00-271.00 sec   309 KBytes  2.53 Mbits/sec  0.215 ms  1514/4677 (32%)  
[  5] 271.00-272.00 sec   316 KBytes  2.59 Mbits/sec  0.221 ms  1326/4559 (29%)  
[  5] 272.00-273.00 sec   309 KBytes  2.53 Mbits/sec  0.224 ms  1318/4486 (29%)  
[  5] 273.00-274.00 sec   270 KBytes  2.21 Mbits/sec  0.230 ms  1170/3934 (30%)  
[  5] 274.00-275.00 sec   305 KBytes  2.50 Mbits/sec  0.323 ms  1569/4696 (33%)  
[  5] 275.00-276.00 sec   257 KBytes  2.11 Mbits/sec  0.215 ms  1465/4095 (36%)  
[  5] 276.00-277.00 sec   278 KBytes  2.28 Mbits/sec  0.316 ms  1845/4694 (39%)  
[  5] 277.00-278.00 sec   323 KBytes  2.65 Mbits/sec  0.203 ms  1679/4987 (34%)  
[  5] 278.00-279.00 sec   305 KBytes  2.50 Mbits/sec  0.238 ms  1604/4732 (34%)  
[  5] 279.00-280.00 sec   261 KBytes  2.14 Mbits/sec  0.219 ms  1440/4115 (35%)  
[  5] 280.00-281.00 sec   306 KBytes  2.51 Mbits/sec  0.218 ms  1577/4711 (33%)  
[  5] 281.00-282.00 sec   318 KBytes  2.61 Mbits/sec  0.224 ms  1504/4764 (32%)  
[  5] 282.00-283.00 sec   314 KBytes  2.58 Mbits/sec  0.219 ms  1525/4745 (32%)  
[  5] 283.00-284.00 sec   322 KBytes  2.64 Mbits/sec  0.245 ms  1565/4861 (32%)  
[  5] 284.00-285.00 sec   272 KBytes  2.23 Mbits/sec  0.215 ms  1251/4041 (31%)  
[  5] 285.00-286.00 sec   309 KBytes  2.53 Mbits/sec  0.222 ms  1504/4665 (32%)  
[  5] 286.00-287.00 sec   247 KBytes  2.02 Mbits/sec  0.223 ms  1310/3837 (34%)  
[  5] 287.00-288.00 sec   320 KBytes  2.62 Mbits/sec  0.245 ms  1483/4763 (31%)  
[  5] 288.00-289.00 sec   293 KBytes  2.40 Mbits/sec  0.227 ms  1671/4669 (36%)  
[  5] 289.00-290.00 sec   277 KBytes  2.27 Mbits/sec  0.210 ms  1178/4018 (29%)  
[  5] 290.00-291.00 sec   291 KBytes  2.38 Mbits/sec  0.261 ms  1678/4653 (36%)  
[  5] 291.00-292.00 sec   315 KBytes  2.58 Mbits/sec  0.271 ms  1455/4681 (31%)  
[  5] 292.00-293.00 sec   276 KBytes  2.26 Mbits/sec  0.217 ms  1395/4222 (33%)  
[  5] 293.00-294.00 sec   300 KBytes  2.46 Mbits/sec  0.345 ms  1691/4761 (36%)  
[  5] 294.00-295.00 sec   316 KBytes  2.59 Mbits/sec  0.205 ms  1575/4812 (33%)  
[  5] 295.00-296.00 sec   270 KBytes  2.21 Mbits/sec  0.225 ms  1230/3992 (31%)  
[  5] 296.00-297.00 sec   322 KBytes  2.64 Mbits/sec  0.218 ms  1510/4804 (31%)  
[  5] 297.00-298.00 sec   313 KBytes  2.57 Mbits/sec  0.213 ms  1425/4632 (31%)  
[  5] 298.00-299.00 sec   316 KBytes  2.59 Mbits/sec  0.221 ms  1364/4601 (30%)  
[  5] 299.00-300.00 sec   324 KBytes  2.66 Mbits/sec  0.210 ms  1573/4893 (32%)  
[  5] 300.00-301.00 sec   251 KBytes  2.06 Mbits/sec  0.223 ms  1508/4079 (37%)  
[  5] 301.00-302.00 sec   271 KBytes  2.22 Mbits/sec  0.174 ms  1224/4003 (31%)  
[  5] 302.00-303.00 sec   317 KBytes  2.60 Mbits/sec  0.217 ms  1412/4658 (30%)  
[  5] 303.00-304.00 sec   277 KBytes  2.27 Mbits/sec  0.216 ms  1147/3988 (29%)  
[  5] 304.00-305.00 sec   246 KBytes  2.01 Mbits/sec  0.209 ms  1416/3930 (36%)  
[  5] 305.00-306.00 sec   269 KBytes  2.21 Mbits/sec  0.208 ms  1180/3939 (30%)  
[  5] 306.00-307.00 sec   274 KBytes  2.25 Mbits/sec  0.217 ms  1237/4044 (31%)  
[  5] 307.00-308.00 sec   300 KBytes  2.46 Mbits/sec  0.217 ms  1520/4589 (33%)  
[  5] 308.00-309.00 sec   261 KBytes  2.14 Mbits/sec  2.347 ms  1420/4097 (35%)  
[  5] 309.00-310.00 sec   247 KBytes  2.02 Mbits/sec  0.216 ms  1516/4044 (37%)  
[  5] 310.00-311.00 sec   282 KBytes  2.31 Mbits/sec  0.218 ms  1955/4840 (40%)  
[  5] 311.00-312.00 sec   263 KBytes  2.15 Mbits/sec  0.340 ms  1251/3943 (32%)  
[  5] 312.00-313.00 sec   313 KBytes  2.56 Mbits/sec  0.214 ms  1588/4790 (33%)  
[  5] 313.00-314.00 sec   317 KBytes  2.59 Mbits/sec  0.214 ms  1548/4790 (32%)  
[  5] 314.00-315.00 sec   314 KBytes  2.57 Mbits/sec  0.216 ms  1481/4693 (32%)  
[  5] 315.00-316.00 sec   323 KBytes  2.65 Mbits/sec  0.213 ms  1399/4711 (30%)  
[  5] 316.00-317.00 sec   271 KBytes  2.22 Mbits/sec  0.218 ms  1257/4036 (31%)  
[  5] 317.00-318.00 sec   302 KBytes  2.47 Mbits/sec  0.179 ms  1643/4736 (35%)  
[  5] 318.00-319.00 sec   277 KBytes  2.27 Mbits/sec  0.218 ms  1329/4165 (32%)  
[  5] 319.00-320.00 sec   270 KBytes  2.20 Mbits/sec  0.219 ms  1198/3958 (30%)  
[  5] 320.00-321.00 sec   268 KBytes  2.20 Mbits/sec  0.213 ms  1385/4130 (34%)  
[  5] 321.00-322.00 sec   172 KBytes  1.41 Mbits/sec  0.220 ms  845/2604 (32%)  
[  5] 322.00-323.00 sec   224 KBytes  1.83 Mbits/sec  0.218 ms  957/3247 (29%)  
[  5] 323.00-324.00 sec   180 KBytes  1.47 Mbits/sec  0.219 ms  775/2616 (30%)  
[  5] 324.00-325.00 sec   233 KBytes  1.91 Mbits/sec  0.221 ms  1058/3445 (31%)  
[  5] 325.00-326.00 sec   260 KBytes  2.13 Mbits/sec  0.222 ms  1296/3959 (33%)  
[  5] 326.00-327.00 sec   221 KBytes  1.81 Mbits/sec  0.235 ms  985/3250 (30%)  
[  5] 327.00-328.00 sec   220 KBytes  1.80 Mbits/sec  0.220 ms  1245/3493 (36%)  
[  5] 328.00-329.00 sec   234 KBytes  1.91 Mbits/sec  0.225 ms  1759/4152 (42%)  
[  5] 329.00-330.00 sec   225 KBytes  1.84 Mbits/sec  0.226 ms  1279/3578 (36%)  
[  5] 330.00-331.00 sec   199 KBytes  1.63 Mbits/sec  0.280 ms  1495/3532 (42%)  
[  5] 331.00-332.00 sec   230 KBytes  1.88 Mbits/sec  0.216 ms  1376/3732 (37%)  
[  5] 332.00-333.00 sec   269 KBytes  2.20 Mbits/sec  0.218 ms  1602/4355 (37%)  
[  5] 333.00-334.00 sec   226 KBytes  1.85 Mbits/sec  0.240 ms  1347/3664 (37%)  
[  5] 334.00-335.00 sec   277 KBytes  2.27 Mbits/sec  0.242 ms  1715/4555 (38%)  
[  5] 335.00-336.00 sec   203 KBytes  1.66 Mbits/sec  0.269 ms  1142/3224 (35%)  
[  5] 336.00-337.00 sec   229 KBytes  1.88 Mbits/sec  0.236 ms  1601/3949 (41%)  
[  5] 337.00-338.00 sec   258 KBytes  2.12 Mbits/sec  0.205 ms  1370/4015 (34%)  
[  5] 338.00-339.00 sec   280 KBytes  2.30 Mbits/sec  0.250 ms  1437/4308 (33%)  
[  5] 339.00-340.00 sec   205 KBytes  1.68 Mbits/sec  0.208 ms  1375/3474 (40%)  
[  5] 340.00-341.00 sec   277 KBytes  2.27 Mbits/sec  0.221 ms  1429/4266 (33%)  
[  5] 341.00-342.00 sec   225 KBytes  1.85 Mbits/sec  0.211 ms  914/3222 (28%)  
[  5] 342.00-343.00 sec   212 KBytes  1.73 Mbits/sec  0.219 ms  1161/3327 (35%)  
[  5] 343.00-344.00 sec   251 KBytes  2.05 Mbits/sec  0.264 ms  1388/3955 (35%)  
[  5] 344.00-345.00 sec   217 KBytes  1.78 Mbits/sec  0.318 ms  1090/3309 (33%)  
[  5] 345.00-346.00 sec   269 KBytes  2.20 Mbits/sec  0.211 ms  1188/3941 (30%)  
[  5] 346.00-347.00 sec   236 KBytes  1.93 Mbits/sec  0.219 ms  964/3376 (29%)  
[  5] 347.00-348.00 sec   218 KBytes  1.78 Mbits/sec  0.249 ms  1177/3408 (35%)  
[  5] 348.00-349.00 sec   192 KBytes  1.57 Mbits/sec  0.540 ms  1282/3251 (39%)  
[  5] 349.00-350.00 sec   265 KBytes  2.17 Mbits/sec  0.235 ms  1840/4556 (40%)  
[  5] 350.00-351.00 sec   189 KBytes  1.55 Mbits/sec  0.234 ms  1760/3692 (48%)  
[  5] 351.00-352.00 sec   229 KBytes  1.88 Mbits/sec  0.217 ms  1498/3845 (39%)  
[  5] 352.00-353.00 sec   254 KBytes  2.08 Mbits/sec  0.210 ms  2875/5474 (53%)  
[  5] 353.00-354.00 sec   226 KBytes  1.85 Mbits/sec  0.221 ms  2124/4440 (48%)  
[  5] 354.00-355.00 sec   278 KBytes  2.28 Mbits/sec  0.219 ms  3602/6447 (56%)  
[  5] 355.00-356.00 sec   225 KBytes  1.85 Mbits/sec  0.220 ms  1979/4287 (46%)  
[  5] 356.00-357.00 sec   214 KBytes  1.75 Mbits/sec  0.213 ms  2210/4402 (50%)  
[  5] 357.00-358.00 sec   241 KBytes  1.98 Mbits/sec  0.840 ms  2590/5060 (51%)  
[  5] 358.00-359.00 sec   213 KBytes  1.74 Mbits/sec  0.788 ms  1971/4150 (47%)  
[  5] 359.00-360.00 sec   269 KBytes  2.20 Mbits/sec  0.234 ms  2192/4945 (44%)  
[  5] 360.00-361.00 sec   201 KBytes  1.64 Mbits/sec  0.354 ms  2454/4512 (54%)  
[  5] 361.00-362.00 sec   227 KBytes  1.86 Mbits/sec  0.217 ms  2272/4593 (49%)  
[  5] 362.00-363.00 sec   268 KBytes  2.20 Mbits/sec  0.208 ms  1999/4748 (42%)  
[  5] 363.00-364.00 sec   205 KBytes  1.68 Mbits/sec  1.765 ms  2130/4226 (50%)  
[  5] 364.00-365.00 sec   270 KBytes  2.21 Mbits/sec  0.220 ms  1946/4715 (41%)  
[  5] 365.00-366.00 sec   258 KBytes  2.12 Mbits/sec  0.227 ms  1979/4625 (43%)  
[  5] 366.00-367.00 sec   216 KBytes  1.77 Mbits/sec  0.220 ms  2090/4313 (48%)  
[  5] 367.00-368.00 sec   214 KBytes  1.75 Mbits/sec  1.943 ms  2191/4379 (50%)  
[  5] 368.00-369.00 sec   272 KBytes  2.23 Mbits/sec  0.203 ms  1987/4770 (42%)  
[  5] 369.00-370.00 sec   233 KBytes  1.91 Mbits/sec  0.237 ms  1758/4141 (42%)  
[  5] 370.00-371.00 sec   267 KBytes  2.19 Mbits/sec  0.220 ms  2137/4873 (44%)  
[  5] 371.00-372.00 sec   231 KBytes  1.89 Mbits/sec  0.226 ms  1798/4160 (43%)  
[  5] 372.00-373.00 sec   256 KBytes  2.10 Mbits/sec  0.217 ms  2375/4999 (48%)  
[  5] 373.00-374.00 sec   262 KBytes  2.14 Mbits/sec  0.211 ms  2328/5007 (46%)  
[  5] 374.00-375.00 sec   269 KBytes  2.21 Mbits/sec  0.201 ms  2161/4918 (44%)  
[  5] 375.00-376.00 sec   263 KBytes  2.16 Mbits/sec  0.213 ms  2425/5119 (47%)  
[  5] 376.00-377.00 sec   246 KBytes  2.02 Mbits/sec  0.223 ms  2409/4933 (49%)  
[  5] 377.00-378.00 sec   278 KBytes  2.27 Mbits/sec  0.221 ms  2714/5559 (49%)  
[  5] 378.00-379.00 sec   269 KBytes  2.21 Mbits/sec  0.212 ms  2036/4790 (43%)  
[  5] 379.00-380.00 sec   267 KBytes  2.19 Mbits/sec  0.223 ms  2254/4991 (45%)  
[  5] 380.00-381.00 sec   284 KBytes  2.33 Mbits/sec  0.216 ms  3158/6068 (52%)  
[  5] 381.00-382.00 sec   265 KBytes  2.17 Mbits/sec  0.213 ms  2330/5048 (46%)  
[  5] 382.00-383.00 sec   268 KBytes  2.19 Mbits/sec  0.198 ms  2068/4810 (43%)  
[  5] 383.00-384.00 sec   279 KBytes  2.29 Mbits/sec  0.221 ms  2146/5007 (43%)  
[  5] 384.00-385.00 sec   268 KBytes  2.20 Mbits/sec  0.237 ms  2280/5029 (45%)  
[  5] 385.00-386.00 sec   271 KBytes  2.22 Mbits/sec  0.215 ms  2548/5325 (48%)  
[  5] 386.00-387.00 sec   246 KBytes  2.02 Mbits/sec  0.223 ms  2361/4883 (48%)  
[  5] 387.00-388.00 sec   243 KBytes  1.99 Mbits/sec  0.210 ms  2418/4907 (49%)  
[  5] 388.00-389.00 sec   278 KBytes  2.28 Mbits/sec  0.219 ms  2225/5070 (44%)  
[  5] 389.00-390.00 sec   267 KBytes  2.19 Mbits/sec  0.214 ms  2325/5055 (46%)  
[  5] 390.00-391.00 sec   323 KBytes  2.64 Mbits/sec  0.219 ms  2580/5883 (44%)  
[  5] 391.00-392.00 sec   221 KBytes  1.81 Mbits/sec  0.228 ms  1681/3948 (43%)  
[  5] 392.00-393.00 sec   305 KBytes  2.50 Mbits/sec  0.227 ms  2326/5454 (43%)  
[  5] 393.00-394.00 sec   274 KBytes  2.24 Mbits/sec  0.236 ms  2294/5099 (45%)  
[  5] 394.00-395.00 sec   269 KBytes  2.21 Mbits/sec  0.251 ms  2206/4964 (44%)  
[  5] 395.00-396.00 sec   271 KBytes  2.22 Mbits/sec  0.221 ms  2171/4946 (44%)  
[  5] 396.00-397.00 sec   264 KBytes  2.16 Mbits/sec  0.175 ms  2337/5042 (46%)  
[  5] 397.00-398.00 sec   278 KBytes  2.28 Mbits/sec  0.219 ms  2239/5084 (44%)  
[  5] 398.00-399.00 sec   271 KBytes  2.22 Mbits/sec  0.227 ms  2110/4885 (43%)  
[  5] 399.00-400.00 sec   214 KBytes  1.76 Mbits/sec  0.212 ms  1968/4162 (47%)  
[  5] 400.00-401.00 sec   268 KBytes  2.20 Mbits/sec  0.209 ms  1570/4319 (36%)  
[  5] 401.00-402.00 sec   190 KBytes  1.55 Mbits/sec  0.222 ms  1232/3173 (39%)  
[  5] 402.00-403.00 sec   126 KBytes  1.03 Mbits/sec  0.210 ms  829/2117 (39%)  
[  5] 403.00-404.00 sec   261 KBytes  2.14 Mbits/sec  0.260 ms  2020/4695 (43%)  
[  5] 404.00-405.00 sec   268 KBytes  2.20 Mbits/sec  0.225 ms  1514/4263 (36%)  
[  5] 405.00-406.00 sec   226 KBytes  1.85 Mbits/sec  0.218 ms  1214/3526 (34%)  
[  5] 406.00-407.00 sec   278 KBytes  2.28 Mbits/sec  0.239 ms  1680/4530 (37%)  
[  5] 407.00-408.00 sec   206 KBytes  1.69 Mbits/sec  0.201 ms  1580/3687 (43%)  
[  5] 408.00-409.00 sec   235 KBytes  1.92 Mbits/sec  0.215 ms  1325/3729 (36%)  
[  5] 409.00-410.00 sec   210 KBytes  1.72 Mbits/sec  0.260 ms  1188/3338 (36%)  
[  5] 410.00-411.00 sec   271 KBytes  2.22 Mbits/sec  0.217 ms  1798/4577 (39%)  
[  5] 411.00-412.00 sec   260 KBytes  2.13 Mbits/sec  0.234 ms  1748/4413 (40%)  
[  5] 412.00-413.00 sec   269 KBytes  2.21 Mbits/sec  0.233 ms  1571/4328 (36%)  
[  5] 413.00-414.00 sec   256 KBytes  2.10 Mbits/sec  0.220 ms  1859/4481 (41%)  
[  5] 414.00-415.00 sec   312 KBytes  2.56 Mbits/sec  0.196 ms  2107/5307 (40%)  
[  5] 415.00-416.00 sec   224 KBytes  1.84 Mbits/sec  0.207 ms  1367/3658 (37%)  
[  5] 416.00-417.00 sec   265 KBytes  2.17 Mbits/sec  0.214 ms  1751/4469 (39%)  
[  5] 417.00-418.00 sec   257 KBytes  2.11 Mbits/sec  0.239 ms  1814/4447 (41%)  
