Connecting to host 172.22.0.50, port 5201
Reverse mode, remote host 172.22.0.50 is sending
[  5] local 192.168.100.2 port 51987 connected to 172.22.0.50 port 5201
[ ID] Interval           Transfer     Bitrate         Jitter    Lost/Total Datagrams
[  5]   0.00-1.00   sec  1.43 MBytes  12.0 Mbits/sec  1.038 ms  0/1247 (0%)  
[  5]   1.00-2.00   sec  1.43 MBytes  12.0 Mbits/sec  1.233 ms  0/1250 (0%)  
[  5]   2.00-3.00   sec  1.44 MBytes  12.1 Mbits/sec  0.828 ms  0/1258 (0%)  
[  5]   3.00-4.00   sec  1.42 MBytes  11.9 Mbits/sec  1.269 ms  0/1237 (0%)  
[  5]   4.00-5.00   sec  1.43 MBytes  12.0 Mbits/sec  1.141 ms  0/1249 (0%)  
[  5]   5.00-6.00   sec  1.44 MBytes  12.1 Mbits/sec  1.161 ms  0/1261 (0%)  
[  5]   6.00-7.00   sec  1.42 MBytes  11.9 Mbits/sec  1.493 ms  0/1243 (0%)  
[  5]   7.00-8.00   sec  1.44 MBytes  12.1 Mbits/sec  1.024 ms  0/1256 (0%)  
[  5]   8.00-9.00   sec  1.43 MBytes  12.0 Mbits/sec  1.043 ms  0/1251 (0%)  
[  5]   9.00-10.00  sec  1.43 MBytes  12.0 Mbits/sec  1.001 ms  0/1250 (0%)  
[  5]  10.00-11.00  sec  1.43 MBytes  12.0 Mbits/sec  1.011 ms  0/1249 (0%)  
[  5]  11.00-12.00  sec  1.43 MBytes  12.0 Mbits/sec  0.692 ms  0/1252 (0%)  
[  5]  12.00-13.00  sec  1.42 MBytes  11.9 Mbits/sec  1.092 ms  0/1244 (0%)  
[  5]  13.00-14.00  sec  1.43 MBytes  12.0 Mbits/sec  0.972 ms  0/1252 (0%)  
[  5]  14.00-15.00  sec  1.43 MBytes  12.0 Mbits/sec  0.814 ms  0/1249 (0%)  
[  5]  15.00-16.00  sec  1.44 MBytes  12.1 Mbits/sec  0.734 ms  0/1256 (0%)  
[  5]  16.00-17.00  sec  1.42 MBytes  12.0 Mbits/sec  1.092 ms  0/1245 (0%)  
[  5]  17.00-18.00  sec  1.43 MBytes  12.0 Mbits/sec  0.839 ms  0/1253 (0%)  
[  5]  18.00-19.00  sec  1.43 MBytes  12.0 Mbits/sec  0.715 ms  0/1254 (0%)  
[  5]  19.00-20.00  sec  1.43 MBytes  12.0 Mbits/sec  0.953 ms  0/1246 (0%)  
[  5]  20.00-21.00  sec  1.43 MBytes  12.0 Mbits/sec  0.942 ms  0/1251 (0%)  
[  5]  21.00-22.00  sec  1.43 MBytes  12.0 Mbits/sec  1.082 ms  0/1249 (0%)  
[  5]  22.00-23.00  sec  1.43 MBytes  12.0 Mbits/sec  0.810 ms  0/1251 (0%)  
[  5]  23.00-24.00  sec  1.43 MBytes  12.0 Mbits/sec  0.847 ms  0/1247 (0%)  
[  5]  24.00-25.00  sec  1.44 MBytes  12.0 Mbits/sec  0.805 ms  0/1254 (0%)  
[  5]  25.00-26.00  sec  1.08 MBytes  9.05 Mbits/sec  2.182 ms  0/943 (0%)  
[  5]  26.00-27.00  sec   380 KBytes  3.11 Mbits/sec  2.390 ms  0/324 (0%)  
[  5]  27.00-28.00  sec   386 KBytes  3.16 Mbits/sec  2.206 ms  0/329 (0%)  
[  5]  28.00-29.00  sec   370 KBytes  3.03 Mbits/sec  2.398 ms  0/316 (0%)  
[  5]  29.00-30.00  sec   374 KBytes  3.06 Mbits/sec  2.291 ms  0/319 (0%)  
[  5]  30.00-31.00  sec   357 KBytes  2.93 Mbits/sec  2.713 ms  0/305 (0%)  
[  5]  31.00-32.00  sec   321 KBytes  2.63 Mbits/sec  2.651 ms  0/274 (0%)  
[  5]  32.00-33.00  sec   320 KBytes  2.62 Mbits/sec  2.802 ms  0/273 (0%)  
[  5]  33.00-34.00  sec   323 KBytes  2.65 Mbits/sec  2.892 ms  0/276 (0%)  
[  5]  34.00-35.00  sec   321 KBytes  2.63 Mbits/sec  2.691 ms  0/274 (0%)  
[  5]  35.00-36.00  sec   323 KBytes  2.65 Mbits/sec  2.794 ms  0/276 (0%)  
[  5]  36.00-37.00  sec   318 KBytes  2.60 Mbits/sec  2.897 ms  0/271 (0%)  
[  5]  37.00-38.00  sec   320 KBytes  2.62 Mbits/sec  2.883 ms  0/273 (0%)  
[  5]  38.00-39.00  sec   329 KBytes  2.70 Mbits/sec  2.817 ms  0/281 (0%)  
[  5]  39.00-40.00  sec   325 KBytes  2.66 Mbits/sec  2.730 ms  0/277 (0%)  
[  5]  40.00-41.00  sec   330 KBytes  2.71 Mbits/sec  2.623 ms  0/282 (0%)  
[  5]  41.00-42.00  sec   341 KBytes  2.79 Mbits/sec  2.493 ms  0/291 (0%)  
[  5]  42.00-43.00  sec   336 KBytes  2.75 Mbits/sec  2.722 ms  0/287 (0%)  
[  5]  43.00-44.00  sec   335 KBytes  2.75 Mbits/sec  2.648 ms  0/286 (0%)  
[  5]  44.00-45.00  sec   309 KBytes  2.53 Mbits/sec  2.783 ms  0/264 (0%)  
[  5]  45.00-46.00  sec   315 KBytes  2.58 Mbits/sec  2.867 ms  0/269 (0%)  
[  5]  46.00-47.00  sec   314 KBytes  2.57 Mbits/sec  2.783 ms  0/268 (0%)  
[  5]  47.00-48.00  sec   323 KBytes  2.65 Mbits/sec  2.743 ms  0/276 (0%)  
[  5]  48.00-49.00  sec   321 KBytes  2.63 Mbits/sec  2.770 ms  0/274 (0%)  
[  5]  49.00-50.00  sec   318 KBytes  2.60 Mbits/sec  3.117 ms  0/271 (0%)  
[  5]  50.00-51.00  sec   322 KBytes  2.64 Mbits/sec  2.770 ms  0/275 (0%)  
[  5]  51.00-52.00  sec   319 KBytes  2.61 Mbits/sec  2.698 ms  0/272 (0%)  
[  5]  52.00-53.00  sec   319 KBytes  2.61 Mbits/sec  2.810 ms  0/272 (0%)  
[  5]  53.00-54.00  sec   313 KBytes  2.56 Mbits/sec  2.948 ms  0/267 (0%)  
[  5]  54.00-55.00  sec   319 KBytes  2.61 Mbits/sec  2.759 ms  0/272 (0%)  
[  5]  55.00-56.00  sec   323 KBytes  2.65 Mbits/sec  2.792 ms  0/276 (0%)  
[  5]  56.00-57.00  sec   322 KBytes  2.64 Mbits/sec  2.690 ms  0/275 (0%)  
[  5]  57.00-58.00  sec   323 KBytes  2.65 Mbits/sec  2.779 ms  0/276 (0%)  
[  5]  58.00-59.00  sec   332 KBytes  2.72 Mbits/sec  2.458 ms  0/283 (0%)  
[  5]  59.00-60.00  sec   343 KBytes  2.81 Mbits/sec  2.804 ms  0/293 (0%)  
[  5]  60.00-61.00  sec   325 KBytes  2.66 Mbits/sec  2.651 ms  0/277 (0%)  
[  5]  61.00-62.00  sec   340 KBytes  2.78 Mbits/sec  2.533 ms  0/290 (0%)  
[  5]  62.00-63.00  sec   345 KBytes  2.82 Mbits/sec  2.534 ms  0/294 (0%)  
[  5]  63.00-64.00  sec   270 KBytes  2.21 Mbits/sec  2.615 ms  329/559 (59%)  
[  5]  64.00-65.00  sec   352 KBytes  2.88 Mbits/sec  2.614 ms  1061/1361 (78%)  
[  5]  65.00-66.00  sec   357 KBytes  2.93 Mbits/sec  2.605 ms  1097/1402 (78%)  
[  5]  66.00-67.00  sec   353 KBytes  2.89 Mbits/sec  2.656 ms  1069/1370 (78%)  
[  5]  67.00-68.00  sec   296 KBytes  2.43 Mbits/sec  2.857 ms  879/1132 (78%)  
[  5]  68.00-69.00  sec   353 KBytes  2.89 Mbits/sec  2.861 ms  1058/1359 (78%)  
[  5]  69.00-70.00  sec   357 KBytes  2.93 Mbits/sec  2.709 ms  1052/1357 (78%)  
[  5]  70.00-71.00  sec   371 KBytes  3.05 Mbits/sec  2.508 ms  1043/1360 (77%)  
[  5]  71.00-72.00  sec   298 KBytes  2.44 Mbits/sec  2.420 ms  852/1106 (77%)  
[  5]  72.00-73.00  sec   357 KBytes  2.93 Mbits/sec  2.334 ms  1031/1336 (77%)  
[  5]  73.00-74.00  sec   352 KBytes  2.88 Mbits/sec  2.758 ms  1112/1412 (79%)  
[  5]  74.00-75.00  sec   353 KBytes  2.89 Mbits/sec  3.543 ms  1105/1406 (79%)  
[  5]  75.00-76.00  sec   357 KBytes  2.93 Mbits/sec  2.552 ms  1105/1410 (78%)  
[  5]  76.00-77.00  sec   312 KBytes  2.55 Mbits/sec  2.681 ms  946/1212 (78%)  
[  5]  77.00-78.00  sec   357 KBytes  2.93 Mbits/sec  2.318 ms  1080/1385 (78%)  
[  5]  78.00-79.00  sec   352 KBytes  2.88 Mbits/sec  2.576 ms  1068/1368 (78%)  
[  5]  79.00-80.00  sec   318 KBytes  2.60 Mbits/sec  2.657 ms  989/1260 (78%)  
[  5]  80.00-81.00  sec   338 KBytes  2.76 Mbits/sec  2.836 ms  1022/1310 (78%)  
[  5]  81.00-82.00  sec   371 KBytes  3.05 Mbits/sec  2.612 ms  1150/1467 (78%)  
[  5]  82.00-83.00  sec   353 KBytes  2.89 Mbits/sec  2.657 ms  1104/1405 (79%)  
[  5]  83.00-84.00  sec   356 KBytes  2.92 Mbits/sec  2.567 ms  1074/1378 (78%)  
[  5]  84.00-85.00  sec   298 KBytes  2.44 Mbits/sec  2.770 ms  901/1155 (78%)  
[  5]  85.00-86.00  sec   353 KBytes  2.89 Mbits/sec  2.649 ms  1055/1356 (78%)  
[  5]  86.00-87.00  sec   356 KBytes  2.92 Mbits/sec  2.655 ms  1033/1337 (77%)  
[  5]  87.00-88.00  sec   312 KBytes  2.55 Mbits/sec  2.552 ms  874/1140 (77%)  
[  5]  88.00-89.00  sec   357 KBytes  2.93 Mbits/sec  2.349 ms  1064/1369 (78%)  
[  5]  89.00-90.00  sec   313 KBytes  2.56 Mbits/sec  2.423 ms  885/1152 (77%)  
[  5]  90.00-91.00  sec   296 KBytes  2.43 Mbits/sec  2.659 ms  831/1084 (77%)  
[  5]  91.00-92.00  sec   353 KBytes  2.89 Mbits/sec  2.828 ms  945/1246 (76%)  
[  5]  92.00-93.00  sec   316 KBytes  2.59 Mbits/sec  2.357 ms  882/1152 (77%)  
[  5]  93.00-94.00  sec   353 KBytes  2.89 Mbits/sec  2.453 ms  984/1285 (77%)  
[  5]  94.00-95.00  sec   296 KBytes  2.43 Mbits/sec  2.768 ms  820/1073 (76%)  
[  5]  95.00-96.00  sec   316 KBytes  2.59 Mbits/sec  2.490 ms  883/1153 (77%)  
[  5]  96.00-97.00  sec   298 KBytes  2.44 Mbits/sec  2.709 ms  833/1087 (77%)  
[  5]  97.00-98.00  sec   352 KBytes  2.88 Mbits/sec  2.796 ms  994/1294 (77%)  
[  5]  98.00-99.00  sec   318 KBytes  2.60 Mbits/sec  2.437 ms  896/1167 (77%)  
[  5]  99.00-100.00 sec   292 KBytes  2.39 Mbits/sec  3.308 ms  822/1071 (77%)  
[  5] 100.00-101.00 sec   316 KBytes  2.59 Mbits/sec  2.446 ms  876/1146 (76%)  
[  5] 101.00-102.00 sec   298 KBytes  2.44 Mbits/sec  2.894 ms  810/1064 (76%)  
[  5] 102.00-103.00 sec   352 KBytes  2.88 Mbits/sec  2.737 ms  959/1259 (76%)  
[  5] 103.00-104.00 sec   318 KBytes  2.60 Mbits/sec  2.438 ms  876/1147 (76%)  
[  5] 104.00-105.00 sec   352 KBytes  2.88 Mbits/sec  2.360 ms  990/1290 (77%)  
[  5] 105.00-106.00 sec   357 KBytes  2.93 Mbits/sec  2.532 ms  993/1298 (77%)  
[  5] 106.00-107.00 sec   312 KBytes  2.56 Mbits/sec  2.451 ms  895/1161 (77%)  
[  5] 107.00-108.00 sec   357 KBytes  2.93 Mbits/sec  2.527 ms  1001/1306 (77%)  
[  5] 108.00-109.00 sec   353 KBytes  2.89 Mbits/sec  2.589 ms  983/1284 (77%)  
[  5] 109.00-110.00 sec   357 KBytes  2.93 Mbits/sec  2.303 ms  990/1295 (76%)  
[  5] 110.00-111.00 sec   292 KBytes  2.39 Mbits/sec  3.195 ms  807/1056 (76%)  
[  5] 111.00-112.00 sec   357 KBytes  2.93 Mbits/sec  2.500 ms  973/1278 (76%)  
[  5] 112.00-113.00 sec   352 KBytes  2.88 Mbits/sec  2.708 ms  956/1256 (76%)  
[  5] 113.00-114.00 sec   318 KBytes  2.60 Mbits/sec  2.342 ms  893/1164 (77%)  
[  5] 114.00-115.00 sec   352 KBytes  2.88 Mbits/sec  2.459 ms  1001/1301 (77%)  
[  5] 115.00-116.00 sec   357 KBytes  2.93 Mbits/sec  2.503 ms  1013/1318 (77%)  
[  5] 116.00-117.00 sec   353 KBytes  2.89 Mbits/sec  2.588 ms  1038/1339 (78%)  
[  5] 117.00-118.00 sec   316 KBytes  2.59 Mbits/sec  2.534 ms  946/1216 (78%)  
[  5] 118.00-119.00 sec   353 KBytes  2.89 Mbits/sec  2.797 ms  1040/1341 (78%)  
[  5] 119.00-120.00 sec   296 KBytes  2.43 Mbits/sec  3.011 ms  886/1139 (78%)  
[  5] 120.00-121.00 sec   318 KBytes  2.60 Mbits/sec  2.661 ms  921/1192 (77%)  
[  5] 121.00-122.00 sec   292 KBytes  2.39 Mbits/sec  2.815 ms  852/1101 (77%)  
[  5] 122.00-123.00 sec   316 KBytes  2.59 Mbits/sec  2.561 ms  939/1209 (78%)  
[  5] 123.00-124.00 sec   357 KBytes  2.93 Mbits/sec  2.499 ms  1136/1441 (79%)  
[  5] 124.00-125.00 sec   353 KBytes  2.89 Mbits/sec  2.456 ms  1092/1393 (78%)  
[  5] 125.00-126.00 sec   356 KBytes  2.92 Mbits/sec  2.685 ms  1100/1404 (78%)  
[  5] 126.00-127.00 sec   292 KBytes  2.39 Mbits/sec  3.097 ms  918/1167 (79%)  
[  5] 127.00-128.00 sec   357 KBytes  2.93 Mbits/sec  2.717 ms  1111/1416 (78%)  
[  5] 128.00-129.00 sec   312 KBytes  2.55 Mbits/sec  2.750 ms  956/1222 (78%)  
[  5] 129.00-130.00 sec   357 KBytes  2.93 Mbits/sec  2.578 ms  1117/1422 (79%)  
[  5] 130.00-131.00 sec   353 KBytes  2.89 Mbits/sec  2.681 ms  1093/1394 (78%)  
[  5] 131.00-132.00 sec   316 KBytes  2.59 Mbits/sec  2.690 ms  982/1252 (78%)  
[  5] 132.00-133.00 sec   353 KBytes  2.89 Mbits/sec  2.551 ms  959/1260 (76%)  
[  5] 133.00-134.00 sec   357 KBytes  2.92 Mbits/sec  2.441 ms  996/1301 (77%)  
[  5] 134.00-135.00 sec   352 KBytes  2.88 Mbits/sec  2.836 ms  1009/1309 (77%)  
[  5] 135.00-136.00 sec   298 KBytes  2.44 Mbits/sec  2.524 ms  834/1088 (77%)  
[  5] 136.00-137.00 sec   371 KBytes  3.04 Mbits/sec  2.577 ms  1033/1350 (77%)  
[  5] 137.00-138.00 sec   298 KBytes  2.44 Mbits/sec  2.325 ms  802/1056 (76%)  
[  5] 138.00-139.00 sec   357 KBytes  2.93 Mbits/sec  2.466 ms  1017/1322 (77%)  
[  5] 139.00-140.00 sec   352 KBytes  2.88 Mbits/sec  2.679 ms  997/1297 (77%)  
[  5] 140.00-141.00 sec   353 KBytes  2.89 Mbits/sec  3.194 ms  973/1274 (76%)  
[  5] 141.00-142.00 sec   316 KBytes  2.59 Mbits/sec  2.622 ms  898/1168 (77%)  
[  5] 142.00-143.00 sec   353 KBytes  2.89 Mbits/sec  2.366 ms  976/1277 (76%)  
[  5] 143.00-144.00 sec   296 KBytes  2.43 Mbits/sec  2.881 ms  839/1092 (77%)  
[  5] 144.00-145.00 sec   357 KBytes  2.93 Mbits/sec  2.502 ms  987/1292 (76%)  
[  5] 145.00-146.00 sec   312 KBytes  2.55 Mbits/sec  2.542 ms  872/1138 (77%)  
[  5] 146.00-147.00 sec   357 KBytes  2.93 Mbits/sec  2.474 ms  1024/1329 (77%)  
[  5] 147.00-148.00 sec   353 KBytes  2.89 Mbits/sec  2.620 ms  1076/1377 (78%)  
[  5] 148.00-149.00 sec   316 KBytes  2.59 Mbits/sec  2.657 ms  997/1267 (79%)  
[  5] 149.00-150.00 sec   352 KBytes  2.88 Mbits/sec  2.955 ms  1199/1499 (80%)  
[  5] 150.00-151.00 sec   298 KBytes  2.44 Mbits/sec  3.006 ms  937/1191 (79%)  
[  5] 151.00-152.00 sec   353 KBytes  2.89 Mbits/sec  3.166 ms  965/1266 (76%)  
[  5] 152.00-153.00 sec   316 KBytes  2.59 Mbits/sec  2.366 ms  854/1124 (76%)  
[  5] 153.00-154.00 sec   353 KBytes  2.89 Mbits/sec  2.469 ms  970/1271 (76%)  
[  5] 154.00-155.00 sec   356 KBytes  2.92 Mbits/sec  2.521 ms  1010/1314 (77%)  
[  5] 155.00-156.00 sec   353 KBytes  2.89 Mbits/sec  2.733 ms  1044/1345 (78%)  
[  5] 156.00-157.00 sec   357 KBytes  2.93 Mbits/sec  2.790 ms  1030/1335 (77%)  
[  5] 157.00-158.00 sec   296 KBytes  2.43 Mbits/sec  2.648 ms  804/1057 (76%)  
[  5] 158.00-159.00 sec   373 KBytes  3.05 Mbits/sec  2.357 ms  1043/1361 (77%)  
[  5] 159.00-160.00 sec   352 KBytes  2.88 Mbits/sec  2.631 ms  1024/1324 (77%)  
[  5] 160.00-161.00 sec   298 KBytes  2.44 Mbits/sec  2.788 ms  840/1094 (77%)  
[  5] 161.00-162.00 sec   357 KBytes  2.93 Mbits/sec  2.554 ms  993/1298 (77%)  
[  5] 162.00-163.00 sec   352 KBytes  2.88 Mbits/sec  2.748 ms  1004/1304 (77%)  
[  5] 163.00-164.00 sec   373 KBytes  3.05 Mbits/sec  2.646 ms  1074/1392 (77%)  
[  5] 164.00-165.00 sec   338 KBytes  2.76 Mbits/sec  2.693 ms  971/1259 (77%)  
[  5] 165.00-166.00 sec   316 KBytes  2.59 Mbits/sec  2.422 ms  909/1179 (77%)  
[  5] 166.00-167.00 sec   353 KBytes  2.89 Mbits/sec  2.728 ms  991/1292 (77%)  
[  5] 167.00-168.00 sec   296 KBytes  2.43 Mbits/sec  2.763 ms  815/1068 (76%)  
[  5] 168.00-169.00 sec   373 KBytes  3.05 Mbits/sec  2.425 ms  1036/1354 (77%)  
[  5] 169.00-170.00 sec   357 KBytes  2.93 Mbits/sec  2.349 ms  994/1299 (77%)  
[  5] 170.00-171.00 sec   292 KBytes  2.39 Mbits/sec  2.511 ms  815/1064 (77%)  
[  5] 171.00-172.00 sec   357 KBytes  2.93 Mbits/sec  2.542 ms  1021/1326 (77%)  
[  5] 172.00-173.00 sec   352 KBytes  2.88 Mbits/sec  2.749 ms  1119/1419 (79%)  
[  5] 173.00-174.00 sec   357 KBytes  2.93 Mbits/sec  2.726 ms  1007/1312 (77%)  
[  5] 174.00-175.00 sec   373 KBytes  3.05 Mbits/sec  2.412 ms  1046/1364 (77%)  
[  5] 175.00-176.00 sec   296 KBytes  2.43 Mbits/sec  2.726 ms  848/1101 (77%)  
[  5] 176.00-177.00 sec   353 KBytes  2.89 Mbits/sec  2.742 ms  1034/1335 (77%)  
[  5] 177.00-178.00 sec   357 KBytes  2.93 Mbits/sec  2.703 ms  1020/1325 (77%)  
[  5] 178.00-179.00 sec   312 KBytes  2.55 Mbits/sec  2.576 ms  963/1229 (78%)  
[  5] 179.00-180.00 sec   356 KBytes  2.92 Mbits/sec  2.489 ms  1030/1334 (77%)  
[  5] 180.00-181.00 sec   353 KBytes  2.89 Mbits/sec  2.409 ms  989/1290 (77%)  
[  5] 181.00-182.00 sec   298 KBytes  2.44 Mbits/sec  2.711 ms  810/1064 (76%)  
[  5] 182.00-183.00 sec   316 KBytes  2.59 Mbits/sec  2.345 ms  881/1151 (77%)  
[  5] 183.00-184.00 sec   352 KBytes  2.88 Mbits/sec  2.379 ms  971/1271 (76%)  
[  5] 184.00-185.00 sec   353 KBytes  2.89 Mbits/sec  2.489 ms  958/1259 (76%)  
[  5] 185.00-186.00 sec   318 KBytes  2.60 Mbits/sec  2.245 ms  879/1150 (76%)  
[  5] 186.00-187.00 sec   357 KBytes  2.93 Mbits/sec  2.213 ms  967/1272 (76%)  
[  5] 187.00-188.00 sec   291 KBytes  2.38 Mbits/sec  2.768 ms  856/1104 (78%)  
[  5] 188.00-189.00 sec   357 KBytes  2.93 Mbits/sec  2.856 ms  1026/1331 (77%)  
[  5] 189.00-190.00 sec   353 KBytes  2.89 Mbits/sec  2.672 ms  990/1291 (77%)  
[  5] 190.00-191.00 sec   357 KBytes  2.93 Mbits/sec  2.654 ms  971/1276 (76%)  
[  5] 191.00-192.00 sec   352 KBytes  2.88 Mbits/sec  2.709 ms  965/1265 (76%)  
[  5] 192.00-193.00 sec   318 KBytes  2.60 Mbits/sec  2.371 ms  864/1135 (76%)  
[  5] 193.00-194.00 sec   352 KBytes  2.88 Mbits/sec  3.053 ms  1014/1314 (77%)  
[  5] 194.00-195.00 sec   357 KBytes  2.93 Mbits/sec  2.529 ms  1012/1317 (77%)  
[  5] 195.00-196.00 sec   353 KBytes  2.89 Mbits/sec  2.518 ms  1028/1329 (77%)  
[  5] 196.00-197.00 sec   316 KBytes  2.59 Mbits/sec  2.522 ms  919/1189 (77%)  
[  5] 197.00-198.00 sec   353 KBytes  2.89 Mbits/sec  2.444 ms  1014/1315 (77%)  
[  5] 198.00-199.00 sec   357 KBytes  2.93 Mbits/sec  2.366 ms  986/1291 (76%)  
[  5] 199.00-200.00 sec   292 KBytes  2.39 Mbits/sec  3.303 ms  807/1056 (76%)  
[  5] 200.00-201.00 sec   357 KBytes  2.93 Mbits/sec  2.699 ms  983/1288 (76%)  
[  5] 201.00-202.00 sec   312 KBytes  2.55 Mbits/sec  2.481 ms  844/1110 (76%)  
[  5] 202.00-203.00 sec   357 KBytes  2.93 Mbits/sec  2.366 ms  986/1291 (76%)  
[  5] 203.00-204.00 sec   296 KBytes  2.43 Mbits/sec  2.959 ms  833/1086 (77%)  
[  5] 204.00-205.00 sec   373 KBytes  3.05 Mbits/sec  2.675 ms  1087/1405 (77%)  
[  5] 205.00-206.00 sec   296 KBytes  2.43 Mbits/sec  2.563 ms  839/1092 (77%)  
[  5] 206.00-207.00 sec   352 KBytes  2.88 Mbits/sec  2.696 ms  985/1285 (77%)  
[  5] 207.00-208.00 sec   357 KBytes  2.93 Mbits/sec  2.624 ms  981/1286 (76%)  
[  5] 208.00-209.00 sec   341 KBytes  2.79 Mbits/sec  4.352 ms  982/1273 (77%)  
[  5] 209.00-210.00 sec   328 KBytes  2.69 Mbits/sec  2.390 ms  902/1183 (76%)  
[  5] 210.00-211.00 sec   352 KBytes  2.88 Mbits/sec  2.556 ms  1119/1419 (79%)  
[  5] 211.00-212.00 sec   357 KBytes  2.93 Mbits/sec  2.432 ms  1042/1347 (77%)  
[  5] 212.00-213.00 sec   312 KBytes  2.55 Mbits/sec  2.662 ms  894/1160 (77%)  
[  5] 213.00-214.00 sec   357 KBytes  2.93 Mbits/sec  2.464 ms  1040/1345 (77%)  
[  5] 214.00-215.00 sec   353 KBytes  2.89 Mbits/sec  2.431 ms  1004/1305 (77%)  
[  5] 215.00-216.00 sec   357 KBytes  2.93 Mbits/sec  2.302 ms  1009/1314 (77%)  
[  5] 216.00-217.00 sec   291 KBytes  2.38 Mbits/sec  3.346 ms  790/1038 (76%)  
[  5] 217.00-218.00 sec   318 KBytes  2.60 Mbits/sec  2.482 ms  885/1156 (77%)  
[  5] 218.00-219.00 sec   353 KBytes  2.89 Mbits/sec  2.408 ms  965/1266 (76%)  
[  5] 219.00-220.00 sec   357 KBytes  2.93 Mbits/sec  2.378 ms  994/1299 (77%)  
[  5] 220.00-221.00 sec   296 KBytes  2.43 Mbits/sec  2.687 ms  840/1093 (77%)  
[  5] 221.00-222.00 sec   371 KBytes  3.04 Mbits/sec  2.403 ms  1039/1356 (77%)  
[  5] 222.00-223.00 sec   353 KBytes  2.89 Mbits/sec  2.684 ms  966/1267 (76%)  
[  5] 223.00-224.00 sec   357 KBytes  2.93 Mbits/sec  2.476 ms  990/1295 (76%)  
[  5] 224.00-225.00 sec   296 KBytes  2.43 Mbits/sec  2.723 ms  822/1075 (76%)  
[  5] 225.00-226.00 sec   353 KBytes  2.89 Mbits/sec  2.564 ms  1019/1320 (77%)  
[  5] 226.00-227.00 sec   352 KBytes  2.88 Mbits/sec  2.924 ms  955/1255 (76%)  
[  5] 227.00-228.00 sec   318 KBytes  2.60 Mbits/sec  2.519 ms  924/1195 (77%)  
[  5] 228.00-229.00 sec   357 KBytes  2.93 Mbits/sec  2.684 ms  1085/1390 (78%)  
[  5] 229.00-230.00 sec   352 KBytes  2.88 Mbits/sec  2.544 ms  1037/1337 (78%)  
[  5] 230.00-231.00 sec   353 KBytes  2.89 Mbits/sec  2.538 ms  1024/1325 (77%)  
[  5] 231.00-232.00 sec   357 KBytes  2.93 Mbits/sec  2.613 ms  1030/1335 (77%)  
[  5] 232.00-233.00 sec   316 KBytes  2.59 Mbits/sec  2.438 ms  919/1189 (77%)  
[  5] 233.00-234.00 sec   292 KBytes  2.39 Mbits/sec  2.804 ms  840/1089 (77%)  
[  5] 234.00-235.00 sec   357 KBytes  2.93 Mbits/sec  2.665 ms  1009/1314 (77%)  
[  5] 235.00-236.00 sec   353 KBytes  2.89 Mbits/sec  2.698 ms  986/1287 (77%)  
[  5] 236.00-237.00 sec   316 KBytes  2.59 Mbits/sec  2.531 ms  904/1174 (77%)  
[  5] 237.00-238.00 sec   353 KBytes  2.89 Mbits/sec  2.637 ms  1000/1301 (77%)  
[  5] 238.00-239.00 sec   357 KBytes  2.93 Mbits/sec  2.386 ms  1003/1308 (77%)  
[  5] 239.00-240.00 sec   312 KBytes  2.55 Mbits/sec  2.272 ms  856/1122 (76%)  
[  5] 240.00-241.00 sec   357 KBytes  2.93 Mbits/sec  2.409 ms  1016/1321 (77%)  
[  5] 241.00-242.00 sec   352 KBytes  2.88 Mbits/sec  2.584 ms  978/1278 (77%)  
[  5] 242.00-243.00 sec   298 KBytes  2.44 Mbits/sec  2.824 ms  817/1071 (76%)  
[  5] 243.00-244.00 sec   296 KBytes  2.43 Mbits/sec  2.583 ms  810/1063 (76%)  
[  5] 244.00-245.00 sec   371 KBytes  3.04 Mbits/sec  2.582 ms  1089/1406 (77%)  
[  5] 245.00-246.00 sec   357 KBytes  2.93 Mbits/sec  2.457 ms  1053/1358 (78%)  
[  5] 246.00-247.00 sec   353 KBytes  2.89 Mbits/sec  2.383 ms  1008/1309 (77%)  
[  5] 247.00-248.00 sec   353 KBytes  2.89 Mbits/sec  2.502 ms  998/1299 (77%)  
[  5] 248.00-249.00 sec   357 KBytes  2.93 Mbits/sec  2.385 ms  1032/1337 (77%)  
[  5] 249.00-250.00 sec   296 KBytes  2.43 Mbits/sec  2.775 ms  838/1091 (77%)  
[  5] 250.00-251.00 sec   371 KBytes  3.04 Mbits/sec  2.519 ms  1048/1365 (77%)  
[  5] 251.00-252.00 sec   298 KBytes  2.44 Mbits/sec  2.433 ms  826/1080 (76%)  
[  5] 252.00-253.00 sec   352 KBytes  2.88 Mbits/sec  2.734 ms  977/1277 (77%)  
[  5] 253.00-254.00 sec   318 KBytes  2.60 Mbits/sec  2.531 ms  917/1188 (77%)  
[  5] 254.00-255.00 sec   352 KBytes  2.88 Mbits/sec  2.636 ms  1007/1307 (77%)  
[  5] 255.00-256.00 sec   357 KBytes  2.93 Mbits/sec  2.438 ms  1003/1308 (77%)  
[  5] 256.00-257.00 sec   298 KBytes  2.44 Mbits/sec  2.650 ms  817/1071 (76%)  
[  5] 257.00-258.00 sec   352 KBytes  2.88 Mbits/sec  2.744 ms  963/1263 (76%)  
[  5] 258.00-259.00 sec   373 KBytes  3.05 Mbits/sec  2.722 ms  1019/1337 (76%)  
[  5] 259.00-260.00 sec   296 KBytes  2.43 Mbits/sec  2.445 ms  825/1078 (77%)  
[  5] 260.00-261.00 sec   353 KBytes  2.89 Mbits/sec  2.529 ms  989/1290 (77%)  
[  5] 261.00-262.00 sec   357 KBytes  2.93 Mbits/sec  2.708 ms  1068/1373 (78%)  
[  5] 262.00-263.00 sec   352 KBytes  2.88 Mbits/sec  3.328 ms  1040/1340 (78%)  
[  5] 263.00-264.00 sec   318 KBytes  2.60 Mbits/sec  2.421 ms  908/1179 (77%)  
[  5] 264.00-265.00 sec   352 KBytes  2.88 Mbits/sec  2.654 ms  1005/1305 (77%)  
[  5] 265.00-266.00 sec   357 KBytes  2.93 Mbits/sec  2.565 ms  1018/1323 (77%)  
[  5] 266.00-267.00 sec   298 KBytes  2.44 Mbits/sec  2.675 ms  828/1082 (77%)  
[  5] 267.00-268.00 sec   371 KBytes  3.04 Mbits/sec  2.433 ms  1037/1354 (77%)  
[  5] 268.00-269.00 sec   298 KBytes  2.44 Mbits/sec  2.389 ms  816/1070 (76%)  
[  5] 269.00-270.00 sec   352 KBytes  2.88 Mbits/sec  2.754 ms  1051/1351 (78%)  
[  5] 270.00-271.00 sec   357 KBytes  2.93 Mbits/sec  2.994 ms  1077/1382 (78%)  
[  5] 271.00-272.00 sec   312 KBytes  2.55 Mbits/sec  2.561 ms  926/1192 (78%)  
[  5] 272.00-273.00 sec   357 KBytes  2.93 Mbits/sec  2.324 ms  962/1267 (76%)  
[  5] 273.00-274.00 sec   353 KBytes  2.89 Mbits/sec  2.436 ms  979/1280 (76%)  
[  5] 274.00-275.00 sec   296 KBytes  2.43 Mbits/sec  2.673 ms  799/1052 (76%)  
[  5] 275.00-276.00 sec   353 KBytes  2.89 Mbits/sec  2.698 ms  967/1268 (76%)  
[  5] 276.00-277.00 sec   357 KBytes  2.93 Mbits/sec  2.543 ms  991/1296 (76%)  
[  5] 277.00-278.00 sec   371 KBytes  3.04 Mbits/sec  2.389 ms  1052/1369 (77%)  
[  5] 278.00-279.00 sec   296 KBytes  2.43 Mbits/sec  2.449 ms  882/1135 (78%)  
[  5] 279.00-280.00 sec   353 KBytes  2.89 Mbits/sec  2.450 ms  1025/1326 (77%)  
[  5] 280.00-281.00 sec   357 KBytes  2.93 Mbits/sec  2.823 ms  1018/1323 (77%)  
[  5] 281.00-282.00 sec   353 KBytes  2.89 Mbits/sec  2.547 ms  996/1297 (77%)  
[  5] 282.00-283.00 sec   316 KBytes  2.59 Mbits/sec  2.364 ms  897/1167 (77%)  
[  5] 283.00-284.00 sec   352 KBytes  2.88 Mbits/sec  2.706 ms  1000/1300 (77%)  
[  5] 284.00-285.00 sec   357 KBytes  2.93 Mbits/sec  2.560 ms  1017/1322 (77%)  
[  5] 285.00-286.00 sec   298 KBytes  2.44 Mbits/sec  2.869 ms  864/1118 (77%)  
[  5] 286.00-287.00 sec   373 KBytes  3.05 Mbits/sec  2.380 ms  1051/1369 (77%)  
[  5] 287.00-288.00 sec   352 KBytes  2.88 Mbits/sec  2.502 ms  973/1273 (76%)  
[  5] 288.00-289.00 sec   296 KBytes  2.43 Mbits/sec  2.839 ms  829/1082 (77%)  
[  5] 289.00-290.00 sec   353 KBytes  2.89 Mbits/sec  2.494 ms  968/1269 (76%)  
[  5] 290.00-291.00 sec   357 KBytes  2.93 Mbits/sec  2.664 ms  1003/1308 (77%)  
[  5] 291.00-292.00 sec   316 KBytes  2.59 Mbits/sec  2.480 ms  883/1153 (77%)  
[  5] 292.00-293.00 sec   353 KBytes  2.89 Mbits/sec  2.333 ms  977/1278 (76%)  
[  5] 293.00-294.00 sec   352 KBytes  2.88 Mbits/sec  2.532 ms  1032/1332 (77%)  
[  5] 294.00-295.00 sec   357 KBytes  2.93 Mbits/sec  2.313 ms  1042/1347 (77%)  
[  5] 295.00-296.00 sec   298 KBytes  2.44 Mbits/sec  2.882 ms  865/1119 (77%)  
[  5] 296.00-297.00 sec   352 KBytes  2.88 Mbits/sec  2.696 ms  1011/1311 (77%)  
[  5] 297.00-298.00 sec   357 KBytes  2.93 Mbits/sec  2.699 ms  1007/1312 (77%)  
[  5] 298.00-299.00 sec   312 KBytes  2.56 Mbits/sec  2.679 ms  884/1150 (77%)  
[  5] 299.00-300.00 sec   357 KBytes  2.93 Mbits/sec  2.914 ms  999/1304 (77%)  
[  5] 300.00-301.00 sec   312 KBytes  2.55 Mbits/sec  2.506 ms  856/1122 (76%)  
[  5] 301.00-302.00 sec   296 KBytes  2.43 Mbits/sec  2.949 ms  892/1145 (78%)  
[  5] 302.00-303.00 sec   318 KBytes  2.60 Mbits/sec  2.496 ms  901/1172 (77%)  
[  5] 303.00-304.00 sec   292 KBytes  2.39 Mbits/sec  2.745 ms  830/1079 (77%)  
[  5] 304.00-305.00 sec   357 KBytes  2.93 Mbits/sec  2.640 ms  987/1292 (76%)  
[  5] 305.00-306.00 sec   312 KBytes  2.55 Mbits/sec  2.701 ms  852/1118 (76%)  
[  5] 306.00-307.00 sec   298 KBytes  2.44 Mbits/sec  2.561 ms  815/1069 (76%)  
[  5] 307.00-308.00 sec   356 KBytes  2.92 Mbits/sec  2.694 ms  982/1286 (76%)  
[  5] 308.00-309.00 sec   313 KBytes  2.56 Mbits/sec  2.394 ms  853/1120 (76%)  
[  5] 309.00-310.00 sec   356 KBytes  2.92 Mbits/sec  2.404 ms  995/1299 (77%)  
[  5] 310.00-311.00 sec   313 KBytes  2.56 Mbits/sec  2.622 ms  888/1155 (77%)  
[  5] 311.00-312.00 sec   336 KBytes  2.76 Mbits/sec  2.823 ms  970/1257 (77%)  
[  5] 312.00-313.00 sec   373 KBytes  3.05 Mbits/sec  2.393 ms  1053/1371 (77%)  
[  5] 313.00-314.00 sec   357 KBytes  2.93 Mbits/sec  2.506 ms  1009/1314 (77%)  
[  5] 314.00-315.00 sec   353 KBytes  2.89 Mbits/sec  2.495 ms  1012/1313 (77%)  
[  5] 315.00-316.00 sec   296 KBytes  2.43 Mbits/sec  2.664 ms  842/1095 (77%)  
[  5] 316.00-317.00 sec   316 KBytes  2.59 Mbits/sec  2.520 ms  895/1165 (77%)  
[  5] 317.00-318.00 sec   293 KBytes  2.40 Mbits/sec  2.498 ms  817/1067 (77%)  
[  5] 318.00-319.00 sec   316 KBytes  2.59 Mbits/sec  2.357 ms  899/1169 (77%)  
[  5] 319.00-320.00 sec   257 KBytes  2.10 Mbits/sec  2.742 ms  745/964 (77%)  
[  5] 320.00-321.00 sec   196 KBytes  1.60 Mbits/sec  2.547 ms  550/717 (77%)  
[  5] 321.00-322.00 sec   257 KBytes  2.10 Mbits/sec  2.631 ms  736/955 (77%)  
[  5] 322.00-323.00 sec   257 KBytes  2.10 Mbits/sec  2.535 ms  721/940 (77%)  
[  5] 323.00-324.00 sec   257 KBytes  2.10 Mbits/sec  2.639 ms  721/940 (77%)  
[  5] 324.00-325.00 sec   252 KBytes  2.06 Mbits/sec  2.713 ms  689/904 (76%)  
[  5] 325.00-326.00 sec   296 KBytes  2.43 Mbits/sec  2.842 ms  818/1071 (76%)  
[  5] 326.00-327.00 sec   257 KBytes  2.10 Mbits/sec  3.285 ms  719/938 (77%)  
[  5] 327.00-328.00 sec   257 KBytes  2.10 Mbits/sec  3.099 ms  711/930 (76%)  
[  5] 328.00-329.00 sec   257 KBytes  2.10 Mbits/sec  2.511 ms  702/921 (76%)  
[  5] 329.00-330.00 sec   298 KBytes  2.44 Mbits/sec  2.725 ms  827/1081 (77%)  
[  5] 330.00-331.00 sec   272 KBytes  2.23 Mbits/sec  2.716 ms  802/1034 (78%)  
[  5] 331.00-332.00 sec   236 KBytes  1.93 Mbits/sec  3.128 ms  728/929 (78%)  
[  5] 332.00-333.00 sec   318 KBytes  2.60 Mbits/sec  2.563 ms  979/1250 (78%)  
[  5] 333.00-334.00 sec   296 KBytes  2.43 Mbits/sec  3.201 ms  915/1168 (78%)  
[  5] 334.00-335.00 sec   257 KBytes  2.10 Mbits/sec  3.449 ms  811/1030 (79%)  
[  5] 335.00-336.00 sec   252 KBytes  2.06 Mbits/sec  2.764 ms  780/995 (78%)  
[  5] 336.00-337.00 sec   316 KBytes  2.59 Mbits/sec  2.666 ms  1027/1297 (79%)  
[  5] 337.00-338.00 sec   257 KBytes  2.10 Mbits/sec  2.692 ms  789/1008 (78%)  
[  5] 338.00-339.00 sec   298 KBytes  2.44 Mbits/sec  2.721 ms  898/1152 (78%)  
[  5] 339.00-340.00 sec   255 KBytes  2.09 Mbits/sec  2.655 ms  768/986 (78%)  
[  5] 340.00-341.00 sec   313 KBytes  2.56 Mbits/sec  2.621 ms  922/1189 (78%)  
[  5] 341.00-342.00 sec   257 KBytes  2.10 Mbits/sec  2.563 ms  745/964 (77%)  
[  5] 342.00-343.00 sec   236 KBytes  1.93 Mbits/sec  3.197 ms  735/936 (79%)  
[  5] 343.00-344.00 sec   318 KBytes  2.60 Mbits/sec  2.515 ms  877/1148 (76%)  
[  5] 344.00-345.00 sec   252 KBytes  2.06 Mbits/sec  2.526 ms  692/907 (76%)  
[  5] 345.00-346.00 sec   257 KBytes  2.10 Mbits/sec  2.484 ms  707/926 (76%)  
[  5] 346.00-347.00 sec   296 KBytes  2.43 Mbits/sec  2.866 ms  812/1065 (76%)  
[  5] 347.00-348.00 sec   257 KBytes  2.10 Mbits/sec  2.885 ms  703/922 (76%)  
[  5] 348.00-349.00 sec   257 KBytes  2.10 Mbits/sec  2.959 ms  704/923 (76%)  
[  5] 349.00-350.00 sec   318 KBytes  2.60 Mbits/sec  2.400 ms  908/1179 (77%)  
[  5] 350.00-351.00 sec   250 KBytes  2.04 Mbits/sec  3.027 ms  748/961 (78%)  
[  5] 351.00-352.00 sec   299 KBytes  2.45 Mbits/sec  2.947 ms  937/1192 (79%)  
[  5] 352.00-353.00 sec   257 KBytes  2.10 Mbits/sec  2.775 ms  809/1028 (79%)  
[  5] 353.00-354.00 sec   255 KBytes  2.10 Mbits/sec  2.809 ms  820/1038 (79%)  
[  5] 354.00-355.00 sec   258 KBytes  2.11 Mbits/sec  3.328 ms  1011/1231 (82%)  
[  5] 355.00-356.00 sec   292 KBytes  2.39 Mbits/sec  3.456 ms  1201/1450 (83%)  
[  5] 356.00-357.00 sec   255 KBytes  2.09 Mbits/sec  4.096 ms  1332/1550 (86%)  
[  5] 357.00-358.00 sec   318 KBytes  2.60 Mbits/sec  2.961 ms  1225/1496 (82%)  
[  5] 358.00-359.00 sec   257 KBytes  2.10 Mbits/sec  3.104 ms  999/1218 (82%)  
[  5] 359.00-360.00 sec   257 KBytes  2.10 Mbits/sec  2.834 ms  1013/1232 (82%)  
[  5] 360.00-361.00 sec   296 KBytes  2.43 Mbits/sec  2.740 ms  1076/1329 (81%)  
[  5] 361.00-362.00 sec   313 KBytes  2.56 Mbits/sec  2.778 ms  1168/1435 (81%)  
[  5] 362.00-363.00 sec   255 KBytes  2.10 Mbits/sec  3.298 ms  981/1199 (82%)  
[  5] 363.00-364.00 sec   298 KBytes  2.44 Mbits/sec  3.001 ms  1240/1494 (83%)  
[  5] 364.00-365.00 sec   257 KBytes  2.10 Mbits/sec  2.818 ms  885/1104 (80%)  
[  5] 365.00-366.00 sec   312 KBytes  2.55 Mbits/sec  3.082 ms  1181/1447 (82%)  
[  5] 366.00-367.00 sec   237 KBytes  1.94 Mbits/sec  3.067 ms  827/1029 (80%)  
[  5] 367.00-368.00 sec   257 KBytes  2.10 Mbits/sec  3.240 ms  925/1144 (81%)  
[  5] 368.00-369.00 sec   316 KBytes  2.59 Mbits/sec  2.823 ms  1113/1383 (80%)  
[  5] 369.00-370.00 sec   257 KBytes  2.10 Mbits/sec  2.853 ms  1007/1226 (82%)  
[  5] 370.00-371.00 sec   292 KBytes  2.39 Mbits/sec  3.301 ms  1036/1285 (81%)  
[  5] 371.00-372.00 sec   318 KBytes  2.60 Mbits/sec  2.827 ms  1127/1398 (81%)  
[  5] 372.00-373.00 sec   296 KBytes  2.43 Mbits/sec  3.133 ms  1082/1335 (81%)  
[  5] 373.00-374.00 sec   313 KBytes  2.56 Mbits/sec  2.856 ms  1106/1373 (81%)  
[  5] 374.00-375.00 sec   296 KBytes  2.43 Mbits/sec  3.314 ms  1146/1399 (82%)  
[  5] 375.00-376.00 sec   316 KBytes  2.59 Mbits/sec  2.841 ms  1152/1422 (81%)  
[  5] 376.00-377.00 sec   353 KBytes  2.89 Mbits/sec  2.730 ms  1312/1613 (81%)  
[  5] 377.00-378.00 sec   296 KBytes  2.43 Mbits/sec  3.115 ms  1084/1337 (81%)  
[  5] 378.00-379.00 sec   312 KBytes  2.55 Mbits/sec  3.750 ms  1239/1505 (82%)  
[  5] 379.00-380.00 sec   298 KBytes  2.44 Mbits/sec  2.894 ms  1134/1388 (82%)  
[  5] 380.00-381.00 sec   316 KBytes  2.59 Mbits/sec  2.851 ms  1133/1403 (81%)  
[  5] 381.00-382.00 sec   301 KBytes  2.47 Mbits/sec  5.511 ms  1232/1489 (83%)  
[  5] 382.00-383.00 sec   308 KBytes  2.52 Mbits/sec  2.799 ms  1100/1363 (81%)  
[  5] 383.00-384.00 sec   296 KBytes  2.43 Mbits/sec  3.238 ms  1087/1340 (81%)  
[  5] 384.00-385.00 sec   373 KBytes  3.05 Mbits/sec  2.603 ms  1330/1648 (81%)  
[  5] 385.00-386.00 sec   296 KBytes  2.43 Mbits/sec  2.754 ms  1073/1326 (81%)  
[  5] 386.00-387.00 sec   298 KBytes  2.44 Mbits/sec  3.221 ms  1161/1415 (82%)  
[  5] 387.00-388.00 sec   311 KBytes  2.54 Mbits/sec  3.061 ms  1193/1458 (82%)  
[  5] 388.00-389.00 sec   298 KBytes  2.44 Mbits/sec  3.355 ms  1073/1327 (81%)  
[  5] 389.00-390.00 sec   312 KBytes  2.56 Mbits/sec  2.808 ms  1123/1389 (81%)  
[  5] 390.00-391.00 sec   316 KBytes  2.59 Mbits/sec  2.760 ms  1170/1440 (81%)  
[  5] 391.00-392.00 sec   298 KBytes  2.44 Mbits/sec  2.957 ms  1151/1405 (82%)  
[  5] 392.00-393.00 sec   312 KBytes  2.55 Mbits/sec  2.991 ms  1115/1381 (81%)  
[  5] 393.00-394.00 sec   298 KBytes  2.44 Mbits/sec  2.951 ms  1034/1288 (80%)  
[  5] 394.00-395.00 sec   296 KBytes  2.43 Mbits/sec  2.984 ms  1039/1292 (80%)  
[  5] 395.00-396.00 sec   312 KBytes  2.55 Mbits/sec  2.875 ms  1139/1405 (81%)  
[  5] 396.00-397.00 sec   318 KBytes  2.60 Mbits/sec  3.035 ms  1199/1470 (82%)  
[  5] 397.00-398.00 sec   296 KBytes  2.43 Mbits/sec  3.235 ms  1098/1351 (81%)  
[  5] 398.00-399.00 sec   257 KBytes  2.10 Mbits/sec  3.220 ms  920/1139 (81%)  
[  5] 399.00-400.00 sec   252 KBytes  2.06 Mbits/sec  3.119 ms  919/1134 (81%)  
[  5] 400.00-401.00 sec   161 KBytes  1.32 Mbits/sec  2.784 ms  582/719 (81%)  
[  5] 401.00-402.00 sec   257 KBytes  2.10 Mbits/sec  2.857 ms  956/1175 (81%)  
[  5] 402.00-403.00 sec   292 KBytes  2.39 Mbits/sec  2.673 ms  1006/1255 (80%)  
[  5] 403.00-404.00 sec   257 KBytes  2.10 Mbits/sec  3.016 ms  802/1021 (79%)  
[  5] 404.00-405.00 sec   316 KBytes  2.59 Mbits/sec  2.887 ms  1048/1318 (80%)  
[  5] 405.00-406.00 sec   237 KBytes  1.94 Mbits/sec  3.221 ms  776/978 (79%)  
[  5] 406.00-407.00 sec   257 KBytes  2.10 Mbits/sec  3.026 ms  809/1028 (79%)  
[  5] 407.00-408.00 sec   312 KBytes  2.55 Mbits/sec  2.863 ms  960/1226 (78%)  
[  5] 408.00-409.00 sec   298 KBytes  2.44 Mbits/sec  2.540 ms  925/1179 (78%)  
[  5] 409.00-410.00 sec   316 KBytes  2.59 Mbits/sec  2.606 ms  1025/1295 (79%)  
[  5] 410.00-411.00 sec   312 KBytes  2.55 Mbits/sec  2.516 ms  961/1227 (78%)  
[  5] 411.00-412.00 sec   298 KBytes  2.44 Mbits/sec  2.366 ms  910/1164 (78%)  
[  5] 412.00-413.00 sec   296 KBytes  2.43 Mbits/sec  2.997 ms  945/1198 (79%)  
[  5] 413.00-414.00 sec   257 KBytes  2.10 Mbits/sec  3.136 ms  805/1024 (79%)  
[  5] 414.00-415.00 sec   312 KBytes  2.55 Mbits/sec  2.587 ms  957/1223 (78%)  
[  5] 415.00-416.00 sec   298 KBytes  2.44 Mbits/sec  2.810 ms  975/1229 (79%)  
