Connecting to host 172.22.0.50, port 5201
Reverse mode, remote host 172.22.0.50 is sending
[  5] local 192.168.100.2 port 52812 connected to 172.22.0.50 port 5201
[ ID] Interval           Transfer     Bitrate         Jitter    Lost/Total Datagrams
[  5]   0.00-1.00   sec  1.44 MBytes  12.0 Mbits/sec  0.905 ms  0/1255 (0%)  
[  5]   1.00-2.00   sec  1.42 MBytes  11.9 Mbits/sec  1.140 ms  0/1241 (0%)  
[  5]   2.00-3.00   sec  1.43 MBytes  12.0 Mbits/sec  1.169 ms  0/1252 (0%)  
[  5]   3.00-4.00   sec  1.43 MBytes  12.0 Mbits/sec  0.913 ms  0/1252 (0%)  
[  5]   4.00-5.00   sec  1.43 MBytes  12.0 Mbits/sec  0.797 ms  0/1250 (0%)  
[  5]   5.00-6.00   sec  1.43 MBytes  12.0 Mbits/sec  1.116 ms  0/1251 (0%)  
[  5]   6.00-7.00   sec  1.43 MBytes  12.0 Mbits/sec  0.860 ms  0/1253 (0%)  
[  5]   7.00-8.00   sec  1.43 MBytes  12.0 Mbits/sec  1.112 ms  0/1247 (0%)  
[  5]   8.00-9.00   sec  1.43 MBytes  12.0 Mbits/sec  1.081 ms  0/1248 (0%)  
[  5]   9.00-10.00  sec  1.44 MBytes  12.0 Mbits/sec  1.099 ms  0/1254 (0%)  
[  5]  10.00-11.00  sec  1.43 MBytes  12.0 Mbits/sec  0.908 ms  0/1250 (0%)  
[  5]  11.00-12.00  sec  1.43 MBytes  12.0 Mbits/sec  0.894 ms  0/1246 (0%)  
[  5]  12.00-13.00  sec  1.43 MBytes  12.0 Mbits/sec  0.931 ms  0/1251 (0%)  
[  5]  13.00-14.00  sec  1.43 MBytes  12.0 Mbits/sec  1.094 ms  0/1252 (0%)  
[  5]  14.00-15.00  sec  1.44 MBytes  12.0 Mbits/sec  0.890 ms  0/1255 (0%)  
[  5]  15.00-16.00  sec  1.42 MBytes  12.0 Mbits/sec  0.917 ms  0/1245 (0%)  
[  5]  16.00-17.00  sec   687 KBytes  5.63 Mbits/sec  2.258 ms  0/586 (0%)  
[  5]  17.00-18.00  sec   386 KBytes  3.16 Mbits/sec  2.107 ms  0/329 (0%)  
[  5]  18.00-19.00  sec   381 KBytes  3.12 Mbits/sec  2.498 ms  0/325 (0%)  
[  5]  19.00-20.00  sec   384 KBytes  3.15 Mbits/sec  2.316 ms  0/328 (0%)  
[  5]  20.00-21.00  sec   384 KBytes  3.15 Mbits/sec  2.165 ms  0/328 (0%)  
[  5]  21.00-22.00  sec   333 KBytes  2.73 Mbits/sec  2.773 ms  0/284 (0%)  
[  5]  22.00-23.00  sec   323 KBytes  2.65 Mbits/sec  2.705 ms  0/276 (0%)  
[  5]  23.00-24.00  sec   322 KBytes  2.64 Mbits/sec  3.003 ms  0/275 (0%)  
[  5]  24.00-25.00  sec   325 KBytes  2.66 Mbits/sec  2.878 ms  0/277 (0%)  
[  5]  25.00-26.00  sec   328 KBytes  2.69 Mbits/sec  2.692 ms  0/280 (0%)  
[  5]  26.00-27.00  sec   328 KBytes  2.69 Mbits/sec  2.905 ms  0/280 (0%)  
[  5]  27.00-28.00  sec   328 KBytes  2.69 Mbits/sec  2.783 ms  0/280 (0%)  
[  5]  28.00-29.00  sec   319 KBytes  2.61 Mbits/sec  2.656 ms  0/272 (0%)  
[  5]  29.00-30.00  sec   322 KBytes  2.64 Mbits/sec  3.158 ms  0/275 (0%)  
[  5]  30.00-31.00  sec   323 KBytes  2.65 Mbits/sec  2.693 ms  0/276 (0%)  
[  5]  31.00-32.00  sec   325 KBytes  2.66 Mbits/sec  3.004 ms  0/277 (0%)  
[  5]  32.00-33.00  sec   316 KBytes  2.59 Mbits/sec  2.828 ms  0/270 (0%)  
[  5]  33.00-34.00  sec   320 KBytes  2.62 Mbits/sec  2.585 ms  0/273 (0%)  
[  5]  34.00-35.00  sec   341 KBytes  2.79 Mbits/sec  2.485 ms  0/291 (0%)  
[  5]  35.00-36.00  sec   356 KBytes  2.92 Mbits/sec  2.458 ms  0/304 (0%)  
[  5]  36.00-37.00  sec   347 KBytes  2.84 Mbits/sec  2.518 ms  0/296 (0%)  
[  5]  37.00-38.00  sec   347 KBytes  2.84 Mbits/sec  2.638 ms  0/296 (0%)  
[  5]  38.00-39.00  sec   348 KBytes  2.85 Mbits/sec  2.426 ms  0/297 (0%)  
[  5]  39.00-40.00  sec   354 KBytes  2.90 Mbits/sec  2.504 ms  0/302 (0%)  
[  5]  40.00-41.00  sec   336 KBytes  2.76 Mbits/sec  2.684 ms  0/287 (0%)  
[  5]  41.00-42.00  sec   328 KBytes  2.69 Mbits/sec  2.789 ms  0/280 (0%)  
[  5]  42.00-43.00  sec   318 KBytes  2.60 Mbits/sec  2.693 ms  0/271 (0%)  
[  5]  43.00-44.00  sec   316 KBytes  2.59 Mbits/sec  2.740 ms  0/270 (0%)  
[  5]  44.00-45.00  sec   318 KBytes  2.60 Mbits/sec  2.859 ms  0/271 (0%)  
[  5]  45.00-46.00  sec   320 KBytes  2.62 Mbits/sec  2.825 ms  0/273 (0%)  
[  5]  46.00-47.00  sec   319 KBytes  2.61 Mbits/sec  2.706 ms  0/272 (0%)  
[  5]  47.00-48.00  sec   327 KBytes  2.68 Mbits/sec  2.816 ms  0/279 (0%)  
[  5]  48.00-49.00  sec   325 KBytes  2.66 Mbits/sec  3.060 ms  0/277 (0%)  
[  5]  49.00-50.00  sec   320 KBytes  2.62 Mbits/sec  3.131 ms  0/273 (0%)  
[  5]  50.00-51.00  sec   299 KBytes  2.45 Mbits/sec  3.319 ms  0/255 (0%)  
[  5]  51.00-52.00  sec   296 KBytes  2.43 Mbits/sec  3.200 ms  0/253 (0%)  
[  5]  52.00-53.00  sec   306 KBytes  2.50 Mbits/sec  3.102 ms  0/261 (0%)  
[  5]  53.00-54.00  sec   320 KBytes  2.62 Mbits/sec  2.935 ms  0/273 (0%)  
[  5]  54.00-55.00  sec   270 KBytes  2.21 Mbits/sec  2.866 ms  738/968 (76%)  
[  5]  55.00-56.00  sec   316 KBytes  2.59 Mbits/sec  2.522 ms  945/1215 (78%)  
[  5]  56.00-57.00  sec   312 KBytes  2.55 Mbits/sec  2.690 ms  920/1186 (78%)  
[  5]  57.00-58.00  sec   338 KBytes  2.76 Mbits/sec  2.792 ms  1017/1305 (78%)  
[  5]  58.00-59.00  sec   318 KBytes  2.60 Mbits/sec  2.478 ms  955/1226 (78%)  
[  5]  59.00-60.00  sec   352 KBytes  2.88 Mbits/sec  2.480 ms  1079/1379 (78%)  
[  5]  60.00-61.00  sec   353 KBytes  2.89 Mbits/sec  2.670 ms  1044/1345 (78%)  
[  5]  61.00-62.00  sec   316 KBytes  2.59 Mbits/sec  2.658 ms  986/1256 (79%)  
[  5]  62.00-63.00  sec   357 KBytes  2.93 Mbits/sec  2.464 ms  1095/1400 (78%)  
[  5]  63.00-64.00  sec   353 KBytes  2.89 Mbits/sec  2.356 ms  1001/1302 (77%)  
[  5]  64.00-65.00  sec   356 KBytes  2.92 Mbits/sec  2.431 ms  943/1247 (76%)  
[  5]  65.00-66.00  sec   293 KBytes  2.40 Mbits/sec  2.644 ms  794/1044 (76%)  
[  5]  66.00-67.00  sec   356 KBytes  2.92 Mbits/sec  2.659 ms  988/1292 (76%)  
[  5]  67.00-68.00  sec   353 KBytes  2.89 Mbits/sec  2.849 ms  978/1279 (76%)  
[  5]  68.00-69.00  sec   318 KBytes  2.60 Mbits/sec  2.321 ms  847/1118 (76%)  
[  5]  69.00-70.00  sec   352 KBytes  2.88 Mbits/sec  2.653 ms  985/1285 (77%)  
[  5]  70.00-71.00  sec   357 KBytes  2.93 Mbits/sec  2.644 ms  1050/1355 (77%)  
[  5]  71.00-72.00  sec   352 KBytes  2.88 Mbits/sec  2.465 ms  1072/1372 (78%)  
[  5]  72.00-73.00  sec   298 KBytes  2.44 Mbits/sec  2.920 ms  926/1180 (78%)  
[  5]  73.00-74.00  sec   373 KBytes  3.05 Mbits/sec  2.543 ms  1146/1464 (78%)  
[  5]  74.00-75.00  sec   357 KBytes  2.93 Mbits/sec  2.454 ms  1091/1396 (78%)  
[  5]  75.00-76.00  sec   352 KBytes  2.88 Mbits/sec  2.557 ms  1071/1371 (78%)  
[  5]  76.00-77.00  sec   296 KBytes  2.43 Mbits/sec  2.850 ms  883/1136 (78%)  
[  5]  77.00-78.00  sec   353 KBytes  2.89 Mbits/sec  2.750 ms  1055/1356 (78%)  
[  5]  78.00-79.00  sec   318 KBytes  2.60 Mbits/sec  2.614 ms  994/1265 (79%)  
[  5]  79.00-80.00  sec   352 KBytes  2.87 Mbits/sec  2.774 ms  1162/1462 (79%)  
[  5]  80.00-81.00  sec   357 KBytes  2.93 Mbits/sec  2.619 ms  1175/1480 (79%)  
[  5]  81.00-82.00  sec   352 KBytes  2.88 Mbits/sec  2.578 ms  1108/1408 (79%)  
[  5]  82.00-83.00  sec   357 KBytes  2.93 Mbits/sec  2.568 ms  1081/1386 (78%)  
[  5]  83.00-84.00  sec   353 KBytes  2.89 Mbits/sec  2.694 ms  1032/1333 (77%)  
[  5]  84.00-85.00  sec   357 KBytes  2.93 Mbits/sec  2.649 ms  1055/1360 (78%)  
[  5]  85.00-86.00  sec   312 KBytes  2.56 Mbits/sec  2.648 ms  909/1175 (77%)  
[  5]  86.00-87.00  sec   357 KBytes  2.93 Mbits/sec  2.455 ms  1072/1377 (78%)  
[  5]  87.00-88.00  sec   352 KBytes  2.88 Mbits/sec  2.651 ms  1042/1342 (78%)  
[  5]  88.00-89.00  sec   357 KBytes  2.93 Mbits/sec  2.322 ms  996/1301 (77%)  
[  5]  89.00-90.00  sec   353 KBytes  2.89 Mbits/sec  2.380 ms  967/1268 (76%)  
[  5]  90.00-91.00  sec   296 KBytes  2.43 Mbits/sec  2.670 ms  838/1091 (77%)  
[  5]  91.00-92.00  sec   373 KBytes  3.05 Mbits/sec  2.616 ms  1044/1362 (77%)  
[  5]  92.00-93.00  sec   338 KBytes  2.77 Mbits/sec  2.558 ms  941/1229 (77%)  
[  5]  93.00-94.00  sec   312 KBytes  2.55 Mbits/sec  2.586 ms  876/1142 (77%)  
[  5]  94.00-95.00  sec   356 KBytes  2.92 Mbits/sec  2.891 ms  1001/1305 (77%)  
[  5]  95.00-96.00  sec   313 KBytes  2.56 Mbits/sec  2.898 ms  871/1138 (77%)  
[  5]  96.00-97.00  sec   357 KBytes  2.93 Mbits/sec  2.273 ms  1035/1340 (77%)  
[  5]  97.00-98.00  sec   296 KBytes  2.43 Mbits/sec  2.683 ms  831/1084 (77%)  
[  5]  98.00-99.00  sec   353 KBytes  2.89 Mbits/sec  2.669 ms  984/1285 (77%)  
[  5]  99.00-100.00 sec   356 KBytes  2.92 Mbits/sec  2.588 ms  998/1302 (77%)  
[  5] 100.00-101.00 sec   353 KBytes  2.89 Mbits/sec  2.665 ms  990/1291 (77%)  
[  5] 101.00-102.00 sec   316 KBytes  2.59 Mbits/sec  2.425 ms  886/1156 (77%)  
[  5] 102.00-103.00 sec   353 KBytes  2.89 Mbits/sec  2.736 ms  976/1277 (76%)  
[  5] 103.00-104.00 sec   298 KBytes  2.44 Mbits/sec  2.595 ms  812/1066 (76%)  
[  5] 104.00-105.00 sec   316 KBytes  2.59 Mbits/sec  2.375 ms  881/1151 (77%)  
[  5] 105.00-106.00 sec   312 KBytes  2.55 Mbits/sec  2.413 ms  919/1185 (78%)  
[  5] 106.00-107.00 sec   338 KBytes  2.77 Mbits/sec  2.681 ms  969/1257 (77%)  
[  5] 107.00-108.00 sec   373 KBytes  3.05 Mbits/sec  2.419 ms  1045/1363 (77%)  
[  5] 108.00-109.00 sec   352 KBytes  2.87 Mbits/sec  2.463 ms  956/1256 (76%)  
[  5] 109.00-110.00 sec   296 KBytes  2.43 Mbits/sec  2.668 ms  823/1076 (76%)  
[  5] 110.00-111.00 sec   357 KBytes  2.93 Mbits/sec  2.759 ms  963/1268 (76%)  
[  5] 111.00-112.00 sec   313 KBytes  2.56 Mbits/sec  2.565 ms  873/1140 (77%)  
[  5] 112.00-113.00 sec   356 KBytes  2.92 Mbits/sec  2.453 ms  960/1264 (76%)  
[  5] 113.00-114.00 sec   353 KBytes  2.89 Mbits/sec  2.641 ms  992/1293 (77%)  
[  5] 114.00-115.00 sec   357 KBytes  2.93 Mbits/sec  2.449 ms  1012/1317 (77%)  
[  5] 115.00-116.00 sec   352 KBytes  2.88 Mbits/sec  2.813 ms  978/1278 (77%)  
[  5] 116.00-117.00 sec   318 KBytes  2.60 Mbits/sec  2.434 ms  871/1142 (76%)  
[  5] 117.00-118.00 sec   352 KBytes  2.88 Mbits/sec  2.394 ms  939/1239 (76%)  
[  5] 118.00-119.00 sec   357 KBytes  2.93 Mbits/sec  2.381 ms  982/1287 (76%)  
[  5] 119.00-120.00 sec   312 KBytes  2.55 Mbits/sec  2.538 ms  850/1116 (76%)  
[  5] 120.00-121.00 sec   338 KBytes  2.76 Mbits/sec  2.658 ms  967/1255 (77%)  
[  5] 121.00-122.00 sec   373 KBytes  3.05 Mbits/sec  2.682 ms  1057/1375 (77%)  
[  5] 122.00-123.00 sec   357 KBytes  2.93 Mbits/sec  2.318 ms  1084/1389 (78%)  
[  5] 123.00-124.00 sec   352 KBytes  2.88 Mbits/sec  2.447 ms  1029/1329 (77%)  
[  5] 124.00-125.00 sec   357 KBytes  2.93 Mbits/sec  2.376 ms  1012/1317 (77%)  
[  5] 125.00-126.00 sec   292 KBytes  2.39 Mbits/sec  3.099 ms  832/1081 (77%)  
[  5] 126.00-127.00 sec   357 KBytes  2.93 Mbits/sec  2.676 ms  1014/1319 (77%)  
[  5] 127.00-128.00 sec   312 KBytes  2.55 Mbits/sec  2.644 ms  854/1120 (76%)  
[  5] 128.00-129.00 sec   357 KBytes  2.93 Mbits/sec  2.432 ms  984/1289 (76%)  
[  5] 129.00-130.00 sec   353 KBytes  2.89 Mbits/sec  2.552 ms  983/1284 (77%)  
[  5] 130.00-131.00 sec   296 KBytes  2.43 Mbits/sec  2.742 ms  896/1149 (78%)  
[  5] 131.00-132.00 sec   373 KBytes  3.05 Mbits/sec  2.710 ms  1171/1489 (79%)  
[  5] 132.00-133.00 sec   296 KBytes  2.43 Mbits/sec  2.792 ms  900/1153 (78%)  
[  5] 133.00-134.00 sec   357 KBytes  2.93 Mbits/sec  2.500 ms  1090/1395 (78%)  
[  5] 134.00-135.00 sec   312 KBytes  2.55 Mbits/sec  2.530 ms  922/1188 (78%)  
[  5] 135.00-136.00 sec   357 KBytes  2.93 Mbits/sec  2.413 ms  982/1287 (76%)  
[  5] 136.00-137.00 sec   353 KBytes  2.89 Mbits/sec  2.197 ms  980/1281 (77%)  
[  5] 137.00-138.00 sec   356 KBytes  2.92 Mbits/sec  2.409 ms  967/1271 (76%)  
[  5] 138.00-139.00 sec   292 KBytes  2.39 Mbits/sec  2.765 ms  860/1109 (78%)  
[  5] 139.00-140.00 sec   357 KBytes  2.93 Mbits/sec  2.702 ms  1034/1339 (77%)  
[  5] 140.00-141.00 sec   353 KBytes  2.89 Mbits/sec  2.673 ms  972/1273 (76%)  
[  5] 141.00-142.00 sec   357 KBytes  2.92 Mbits/sec  2.529 ms  992/1297 (76%)  
[  5] 142.00-143.00 sec   373 KBytes  3.06 Mbits/sec  2.299 ms  1032/1350 (76%)  
[  5] 143.00-144.00 sec   352 KBytes  2.88 Mbits/sec  2.542 ms  975/1275 (76%)  
[  5] 144.00-145.00 sec   296 KBytes  2.43 Mbits/sec  2.474 ms  830/1083 (77%)  
[  5] 145.00-146.00 sec   357 KBytes  2.93 Mbits/sec  2.980 ms  1001/1306 (77%)  
[  5] 146.00-147.00 sec   353 KBytes  2.89 Mbits/sec  2.699 ms  1006/1307 (77%)  
[  5] 147.00-148.00 sec   316 KBytes  2.59 Mbits/sec  2.389 ms  890/1160 (77%)  
[  5] 148.00-149.00 sec   353 KBytes  2.89 Mbits/sec  2.306 ms  953/1254 (76%)  
[  5] 149.00-150.00 sec   357 KBytes  2.93 Mbits/sec  2.322 ms  983/1288 (76%)  
[  5] 150.00-151.00 sec   292 KBytes  2.39 Mbits/sec  3.091 ms  820/1069 (77%)  
[  5] 151.00-152.00 sec   377 KBytes  3.09 Mbits/sec  2.325 ms  1051/1373 (77%)  
[  5] 152.00-153.00 sec   352 KBytes  2.88 Mbits/sec  2.354 ms  955/1255 (76%)  
[  5] 153.00-154.00 sec   357 KBytes  2.93 Mbits/sec  2.420 ms  973/1278 (76%)  
[  5] 154.00-155.00 sec   353 KBytes  2.89 Mbits/sec  2.537 ms  1025/1326 (77%)  
[  5] 155.00-156.00 sec   296 KBytes  2.43 Mbits/sec  2.691 ms  893/1146 (78%)  
[  5] 156.00-157.00 sec   353 KBytes  2.89 Mbits/sec  2.851 ms  1028/1329 (77%)  
[  5] 157.00-158.00 sec   356 KBytes  2.92 Mbits/sec  2.754 ms  1007/1311 (77%)  
[  5] 158.00-159.00 sec   373 KBytes  3.05 Mbits/sec  2.608 ms  1066/1384 (77%)  
[  5] 159.00-160.00 sec   298 KBytes  2.44 Mbits/sec  2.546 ms  842/1096 (77%)  
[  5] 160.00-161.00 sec   352 KBytes  2.88 Mbits/sec  2.525 ms  1006/1306 (77%)  
[  5] 161.00-162.00 sec   357 KBytes  2.92 Mbits/sec  2.815 ms  1027/1332 (77%)  
[  5] 162.00-163.00 sec   352 KBytes  2.88 Mbits/sec  2.675 ms  1042/1342 (78%)  
[  5] 163.00-164.00 sec   318 KBytes  2.60 Mbits/sec  2.360 ms  867/1138 (76%)  
[  5] 164.00-165.00 sec   353 KBytes  2.89 Mbits/sec  2.470 ms  1003/1304 (77%)  
[  5] 165.00-166.00 sec   357 KBytes  2.93 Mbits/sec  2.331 ms  994/1299 (77%)  
[  5] 166.00-167.00 sec   352 KBytes  2.88 Mbits/sec  2.733 ms  977/1277 (77%)  
[  5] 167.00-168.00 sec   296 KBytes  2.43 Mbits/sec  2.720 ms  800/1053 (76%)  
[  5] 168.00-169.00 sec   373 KBytes  3.05 Mbits/sec  2.514 ms  999/1317 (76%)  
[  5] 169.00-170.00 sec   357 KBytes  2.93 Mbits/sec  2.382 ms  966/1271 (76%)  
[  5] 170.00-171.00 sec   353 KBytes  2.89 Mbits/sec  2.349 ms  986/1287 (77%)  
[  5] 171.00-172.00 sec   296 KBytes  2.43 Mbits/sec  2.523 ms  824/1077 (77%)  
[  5] 172.00-173.00 sec   352 KBytes  2.88 Mbits/sec  3.041 ms  989/1289 (77%)  
[  5] 173.00-174.00 sec   357 KBytes  2.93 Mbits/sec  2.673 ms  1020/1325 (77%)  
[  5] 174.00-175.00 sec   353 KBytes  2.89 Mbits/sec  3.212 ms  1006/1307 (77%)  
[  5] 175.00-176.00 sec   316 KBytes  2.59 Mbits/sec  2.447 ms  894/1164 (77%)  
[  5] 176.00-177.00 sec   353 KBytes  2.89 Mbits/sec  2.402 ms  973/1274 (76%)  
[  5] 177.00-178.00 sec   356 KBytes  2.92 Mbits/sec  2.697 ms  1003/1307 (77%)  
[  5] 178.00-179.00 sec   353 KBytes  2.89 Mbits/sec  2.476 ms  995/1296 (77%)  
[  5] 179.00-180.00 sec   318 KBytes  2.60 Mbits/sec  2.319 ms  888/1159 (77%)  
[  5] 180.00-181.00 sec   352 KBytes  2.88 Mbits/sec  2.544 ms  960/1260 (76%)  
[  5] 181.00-182.00 sec   298 KBytes  2.44 Mbits/sec  2.638 ms  816/1070 (76%)  
[  5] 182.00-183.00 sec   356 KBytes  2.92 Mbits/sec  2.670 ms  1018/1322 (77%)  
[  5] 183.00-184.00 sec   373 KBytes  3.05 Mbits/sec  2.410 ms  1044/1362 (77%)  
[  5] 184.00-185.00 sec   298 KBytes  2.44 Mbits/sec  2.438 ms  820/1074 (76%)  
[  5] 185.00-186.00 sec   352 KBytes  2.88 Mbits/sec  2.695 ms  969/1269 (76%)  
[  5] 186.00-187.00 sec   318 KBytes  2.60 Mbits/sec  2.268 ms  881/1152 (76%)  
[  5] 187.00-188.00 sec   352 KBytes  2.88 Mbits/sec  2.418 ms  987/1287 (77%)  
[  5] 188.00-189.00 sec   357 KBytes  2.93 Mbits/sec  2.406 ms  972/1277 (76%)  
[  5] 189.00-190.00 sec   353 KBytes  2.89 Mbits/sec  2.453 ms  976/1277 (76%)  
[  5] 190.00-191.00 sec   357 KBytes  2.93 Mbits/sec  2.280 ms  989/1294 (76%)  
[  5] 191.00-192.00 sec   312 KBytes  2.55 Mbits/sec  2.452 ms  902/1168 (77%)  
[  5] 192.00-193.00 sec   357 KBytes  2.93 Mbits/sec  2.253 ms  1005/1310 (77%)  
[  5] 193.00-194.00 sec   352 KBytes  2.88 Mbits/sec  2.361 ms  956/1256 (76%)  
[  5] 194.00-195.00 sec   357 KBytes  2.93 Mbits/sec  2.435 ms  977/1282 (76%)  
[  5] 195.00-196.00 sec   292 KBytes  2.39 Mbits/sec  3.238 ms  864/1113 (78%)  
[  5] 196.00-197.00 sec   357 KBytes  2.93 Mbits/sec  2.663 ms  1000/1305 (77%)  
[  5] 197.00-198.00 sec   312 KBytes  2.56 Mbits/sec  2.584 ms  867/1133 (77%)  
[  5] 198.00-199.00 sec   357 KBytes  2.93 Mbits/sec  2.409 ms  990/1295 (76%)  
[  5] 199.00-200.00 sec   296 KBytes  2.43 Mbits/sec  2.843 ms  825/1078 (77%)  
[  5] 200.00-201.00 sec   312 KBytes  2.55 Mbits/sec  2.714 ms  846/1112 (76%)  
[  5] 201.00-202.00 sec   357 KBytes  2.93 Mbits/sec  2.535 ms  1008/1313 (77%)  
[  5] 202.00-203.00 sec   353 KBytes  2.89 Mbits/sec  2.571 ms  963/1264 (76%)  
[  5] 203.00-204.00 sec   357 KBytes  2.93 Mbits/sec  2.750 ms  997/1302 (77%)  
[  5] 204.00-205.00 sec   352 KBytes  2.88 Mbits/sec  2.723 ms  988/1288 (77%)  
[  5] 205.00-206.00 sec   318 KBytes  2.60 Mbits/sec  2.487 ms  908/1179 (77%)  
[  5] 206.00-207.00 sec   352 KBytes  2.88 Mbits/sec  2.480 ms  990/1290 (77%)  
[  5] 207.00-208.00 sec   298 KBytes  2.44 Mbits/sec  2.521 ms  852/1106 (77%)  
[  5] 208.00-209.00 sec   352 KBytes  2.88 Mbits/sec  2.847 ms  999/1299 (77%)  
[  5] 209.00-210.00 sec   357 KBytes  2.93 Mbits/sec  2.592 ms  1030/1335 (77%)  
[  5] 210.00-211.00 sec   373 KBytes  3.05 Mbits/sec  2.338 ms  1039/1357 (77%)  
[  5] 211.00-212.00 sec   357 KBytes  2.93 Mbits/sec  2.342 ms  1004/1309 (77%)  
[  5] 212.00-213.00 sec   292 KBytes  2.39 Mbits/sec  2.693 ms  835/1084 (77%)  
[  5] 213.00-214.00 sec   357 KBytes  2.93 Mbits/sec  2.615 ms  1013/1318 (77%)  
[  5] 214.00-215.00 sec   312 KBytes  2.55 Mbits/sec  2.476 ms  887/1153 (77%)  
[  5] 215.00-216.00 sec   357 KBytes  2.93 Mbits/sec  2.288 ms  1037/1342 (77%)  
[  5] 216.00-217.00 sec   352 KBytes  2.88 Mbits/sec  2.615 ms  967/1267 (76%)  
[  5] 217.00-218.00 sec   298 KBytes  2.44 Mbits/sec  2.616 ms  825/1079 (76%)  
[  5] 218.00-219.00 sec   371 KBytes  3.04 Mbits/sec  2.470 ms  1021/1338 (76%)  
[  5] 219.00-220.00 sec   338 KBytes  2.76 Mbits/sec  2.584 ms  917/1205 (76%)  
[  5] 220.00-221.00 sec   316 KBytes  2.59 Mbits/sec  2.488 ms  909/1179 (77%)  
[  5] 221.00-222.00 sec   353 KBytes  2.89 Mbits/sec  2.610 ms  995/1296 (77%)  
[  5] 222.00-223.00 sec   353 KBytes  2.89 Mbits/sec  2.887 ms  971/1272 (76%)  
[  5] 223.00-224.00 sec   357 KBytes  2.93 Mbits/sec  2.464 ms  1045/1350 (77%)  
[  5] 224.00-225.00 sec   352 KBytes  2.88 Mbits/sec  2.774 ms  1014/1314 (77%)  
[  5] 225.00-226.00 sec   316 KBytes  2.59 Mbits/sec  2.423 ms  913/1183 (77%)  
[  5] 226.00-227.00 sec   298 KBytes  2.44 Mbits/sec  2.814 ms  837/1091 (77%)  
[  5] 227.00-228.00 sec   312 KBytes  2.55 Mbits/sec  2.743 ms  881/1147 (77%)  
[  5] 228.00-229.00 sec   357 KBytes  2.93 Mbits/sec  2.441 ms  1192/1497 (80%)  
[  5] 229.00-230.00 sec   352 KBytes  2.88 Mbits/sec  2.581 ms  1015/1315 (77%)  
[  5] 230.00-231.00 sec   298 KBytes  2.43 Mbits/sec  2.830 ms  803/1057 (76%)  
[  5] 231.00-232.00 sec   357 KBytes  2.93 Mbits/sec  2.693 ms  963/1268 (76%)  
[  5] 232.00-233.00 sec   312 KBytes  2.55 Mbits/sec  2.427 ms  834/1100 (76%)  
[  5] 233.00-234.00 sec   357 KBytes  2.93 Mbits/sec  2.420 ms  1024/1329 (77%)  
[  5] 234.00-235.00 sec   312 KBytes  2.55 Mbits/sec  2.612 ms  853/1119 (76%)  
[  5] 235.00-236.00 sec   338 KBytes  2.76 Mbits/sec  2.695 ms  994/1282 (78%)  
[  5] 236.00-237.00 sec   371 KBytes  3.04 Mbits/sec  2.479 ms  1068/1385 (77%)  
[  5] 237.00-238.00 sec   357 KBytes  2.93 Mbits/sec  2.496 ms  996/1301 (77%)  
[  5] 238.00-239.00 sec   353 KBytes  2.89 Mbits/sec  2.371 ms  973/1274 (76%)  
[  5] 239.00-240.00 sec   296 KBytes  2.43 Mbits/sec  2.828 ms  822/1075 (76%)  
[  5] 240.00-241.00 sec   353 KBytes  2.89 Mbits/sec  2.731 ms  956/1257 (76%)  
[  5] 241.00-242.00 sec   357 KBytes  2.93 Mbits/sec  2.688 ms  997/1302 (77%)  
[  5] 242.00-243.00 sec   312 KBytes  2.55 Mbits/sec  2.725 ms  929/1195 (78%)  
[  5] 243.00-244.00 sec   357 KBytes  2.93 Mbits/sec  2.349 ms  1022/1327 (77%)  
[  5] 244.00-245.00 sec   352 KBytes  2.88 Mbits/sec  2.771 ms  991/1291 (77%)  
[  5] 245.00-246.00 sec   357 KBytes  2.93 Mbits/sec  2.979 ms  1011/1316 (77%)  
[  5] 246.00-247.00 sec   353 KBytes  2.89 Mbits/sec  2.600 ms  1009/1310 (77%)  
[  5] 247.00-248.00 sec   316 KBytes  2.59 Mbits/sec  2.379 ms  889/1159 (77%)  
[  5] 248.00-249.00 sec   353 KBytes  2.89 Mbits/sec  2.447 ms  996/1297 (77%)  
[  5] 249.00-250.00 sec   296 KBytes  2.43 Mbits/sec  2.651 ms  815/1068 (76%)  
[  5] 250.00-251.00 sec   353 KBytes  2.89 Mbits/sec  2.915 ms  931/1232 (76%)  
[  5] 251.00-252.00 sec   316 KBytes  2.59 Mbits/sec  2.424 ms  891/1161 (77%)  
[  5] 252.00-253.00 sec   357 KBytes  2.93 Mbits/sec  2.501 ms  988/1293 (76%)  
[  5] 253.00-254.00 sec   352 KBytes  2.88 Mbits/sec  2.799 ms  1080/1380 (78%)  
[  5] 254.00-255.00 sec   353 KBytes  2.89 Mbits/sec  2.806 ms  1100/1401 (79%)  
[  5] 255.00-256.00 sec   357 KBytes  2.93 Mbits/sec  2.796 ms  1072/1377 (78%)  
[  5] 256.00-257.00 sec   312 KBytes  2.55 Mbits/sec  2.531 ms  934/1200 (78%)  
[  5] 257.00-258.00 sec   357 KBytes  2.93 Mbits/sec  2.346 ms  1030/1335 (77%)  
[  5] 258.00-259.00 sec   352 KBytes  2.88 Mbits/sec  2.729 ms  1014/1314 (77%)  
[  5] 259.00-260.00 sec   298 KBytes  2.44 Mbits/sec  2.755 ms  866/1120 (77%)  
[  5] 260.00-261.00 sec   357 KBytes  2.93 Mbits/sec  2.695 ms  1038/1343 (77%)  
[  5] 261.00-262.00 sec   373 KBytes  3.05 Mbits/sec  2.290 ms  1066/1384 (77%)  
[  5] 262.00-263.00 sec   336 KBytes  2.76 Mbits/sec  2.636 ms  954/1241 (77%)  
[  5] 263.00-264.00 sec   373 KBytes  3.05 Mbits/sec  2.311 ms  1022/1340 (76%)  
[  5] 264.00-265.00 sec   296 KBytes  2.43 Mbits/sec  2.460 ms  846/1099 (77%)  
[  5] 265.00-266.00 sec   353 KBytes  2.89 Mbits/sec  2.695 ms  960/1261 (76%)  
[  5] 266.00-267.00 sec   356 KBytes  2.92 Mbits/sec  2.730 ms  987/1291 (76%)  
[  5] 267.00-268.00 sec   313 KBytes  2.56 Mbits/sec  2.313 ms  844/1111 (76%)  
[  5] 268.00-269.00 sec   357 KBytes  2.93 Mbits/sec  2.383 ms  1070/1375 (78%)  
[  5] 269.00-270.00 sec   352 KBytes  2.88 Mbits/sec  2.369 ms  963/1263 (76%)  
[  5] 270.00-271.00 sec   353 KBytes  2.89 Mbits/sec  2.523 ms  985/1286 (77%)  
[  5] 271.00-272.00 sec   316 KBytes  2.59 Mbits/sec  2.576 ms  872/1142 (76%)  
[  5] 272.00-273.00 sec   338 KBytes  2.76 Mbits/sec  2.635 ms  912/1200 (76%)  
[  5] 273.00-274.00 sec   373 KBytes  3.05 Mbits/sec  2.439 ms  1033/1351 (76%)  
[  5] 274.00-275.00 sec   352 KBytes  2.88 Mbits/sec  2.551 ms  999/1299 (77%)  
[  5] 275.00-276.00 sec   298 KBytes  2.44 Mbits/sec  2.648 ms  834/1088 (77%)  
[  5] 276.00-277.00 sec   356 KBytes  2.92 Mbits/sec  2.735 ms  1006/1310 (77%)  
[  5] 277.00-278.00 sec   353 KBytes  2.89 Mbits/sec  2.738 ms  1026/1327 (77%)  
[  5] 278.00-279.00 sec   373 KBytes  3.05 Mbits/sec  2.632 ms  1101/1419 (78%)  
[  5] 279.00-280.00 sec   296 KBytes  2.43 Mbits/sec  2.574 ms  854/1107 (77%)  
[  5] 280.00-281.00 sec   357 KBytes  2.93 Mbits/sec  2.409 ms  979/1284 (76%)  
[  5] 281.00-282.00 sec   312 KBytes  2.56 Mbits/sec  2.395 ms  855/1121 (76%)  
[  5] 282.00-283.00 sec   357 KBytes  2.93 Mbits/sec  2.401 ms  986/1291 (76%)  
[  5] 283.00-284.00 sec   292 KBytes  2.39 Mbits/sec  3.150 ms  813/1062 (77%)  
[  5] 284.00-285.00 sec   357 KBytes  2.92 Mbits/sec  2.804 ms  1011/1316 (77%)  
[  5] 285.00-286.00 sec   353 KBytes  2.89 Mbits/sec  2.531 ms  1002/1303 (77%)  
[  5] 286.00-287.00 sec   357 KBytes  2.93 Mbits/sec  2.697 ms  1017/1322 (77%)  
[  5] 287.00-288.00 sec   311 KBytes  2.54 Mbits/sec  2.653 ms  855/1120 (76%)  
[  5] 288.00-289.00 sec   357 KBytes  2.93 Mbits/sec  2.373 ms  1006/1311 (77%)  
[  5] 289.00-290.00 sec   353 KBytes  2.89 Mbits/sec  2.532 ms  963/1264 (76%)  
[  5] 290.00-291.00 sec   318 KBytes  2.60 Mbits/sec  2.303 ms  866/1137 (76%)  
[  5] 291.00-292.00 sec   336 KBytes  2.76 Mbits/sec  2.768 ms  939/1226 (77%)  
[  5] 292.00-293.00 sec   373 KBytes  3.05 Mbits/sec  2.467 ms  1017/1335 (76%)  
[  5] 293.00-294.00 sec   296 KBytes  2.43 Mbits/sec  2.552 ms  878/1131 (78%)  
[  5] 294.00-295.00 sec   353 KBytes  2.89 Mbits/sec  2.893 ms  1017/1318 (77%)  
[  5] 295.00-296.00 sec   357 KBytes  2.93 Mbits/sec  2.783 ms  1003/1308 (77%)  
[  5] 296.00-297.00 sec   352 KBytes  2.88 Mbits/sec  2.626 ms  956/1256 (76%)  
[  5] 297.00-298.00 sec   373 KBytes  3.05 Mbits/sec  2.554 ms  1005/1323 (76%)  
[  5] 298.00-299.00 sec   296 KBytes  2.43 Mbits/sec  2.916 ms  831/1084 (77%)  
[  5] 299.00-300.00 sec   353 KBytes  2.89 Mbits/sec  2.944 ms  1003/1304 (77%)  
[  5] 300.00-301.00 sec   318 KBytes  2.60 Mbits/sec  2.272 ms  869/1140 (76%)  
[  5] 301.00-302.00 sec   356 KBytes  2.92 Mbits/sec  2.399 ms  994/1298 (77%)  
[  5] 302.00-303.00 sec   353 KBytes  2.89 Mbits/sec  2.372 ms  976/1277 (76%)  
[  5] 303.00-304.00 sec   357 KBytes  2.93 Mbits/sec  2.420 ms  1038/1343 (77%)  
[  5] 304.00-305.00 sec   292 KBytes  2.39 Mbits/sec  2.807 ms  887/1136 (78%)  
[  5] 305.00-306.00 sec   356 KBytes  2.92 Mbits/sec  2.780 ms  970/1274 (76%)  
[  5] 306.00-307.00 sec   373 KBytes  3.05 Mbits/sec  2.430 ms  1004/1322 (76%)  
[  5] 307.00-308.00 sec   298 KBytes  2.44 Mbits/sec  2.253 ms  795/1049 (76%)  
[  5] 308.00-309.00 sec   352 KBytes  2.88 Mbits/sec  2.704 ms  987/1287 (77%)  
[  5] 309.00-310.00 sec   357 KBytes  2.93 Mbits/sec  2.706 ms  1062/1367 (78%)  
[  5] 310.00-311.00 sec   353 KBytes  2.89 Mbits/sec  2.964 ms  1049/1350 (78%)  
[  5] 311.00-312.00 sec   356 KBytes  2.92 Mbits/sec  2.855 ms  1029/1333 (77%)  
[  5] 312.00-313.00 sec   313 KBytes  2.56 Mbits/sec  2.435 ms  868/1135 (76%)  
[  5] 313.00-314.00 sec   357 KBytes  2.93 Mbits/sec  2.337 ms  992/1297 (76%)  
[  5] 314.00-315.00 sec   292 KBytes  2.39 Mbits/sec  2.705 ms  848/1097 (77%)  
[  5] 315.00-316.00 sec   357 KBytes  2.93 Mbits/sec  2.564 ms  993/1298 (77%)  
[  5] 316.00-317.00 sec   312 KBytes  2.55 Mbits/sec  2.399 ms  882/1148 (77%)  
[  5] 317.00-318.00 sec   296 KBytes  2.43 Mbits/sec  2.697 ms  822/1075 (76%)  
[  5] 318.00-319.00 sec   318 KBytes  2.60 Mbits/sec  2.427 ms  892/1163 (77%)  
[  5] 319.00-320.00 sec   255 KBytes  2.09 Mbits/sec  2.614 ms  757/975 (78%)  
[  5] 320.00-321.00 sec   281 KBytes  2.30 Mbits/sec  6.022 ms  840/1080 (78%)  
[  5] 321.00-322.00 sec   328 KBytes  2.69 Mbits/sec  2.455 ms  857/1137 (75%)  
[  5] 322.00-323.00 sec   296 KBytes  2.43 Mbits/sec  2.858 ms  838/1091 (77%)  
[  5] 323.00-324.00 sec   312 KBytes  2.55 Mbits/sec  2.591 ms  861/1127 (76%)  
[  5] 324.00-325.00 sec   258 KBytes  2.11 Mbits/sec  2.511 ms  700/920 (76%)  
[  5] 325.00-326.00 sec   141 KBytes  1.15 Mbits/sec  2.912 ms  386/506 (76%)  
[  5] 326.00-327.00 sec   217 KBytes  1.78 Mbits/sec  2.602 ms  605/790 (77%)  
[  5] 327.00-328.00 sec   296 KBytes  2.43 Mbits/sec  2.847 ms  811/1064 (76%)  
[  5] 328.00-329.00 sec   251 KBytes  2.05 Mbits/sec  3.486 ms  732/946 (77%)  
[  5] 329.00-330.00 sec   318 KBytes  2.60 Mbits/sec  2.503 ms  891/1162 (77%)  
[  5] 330.00-331.00 sec   257 KBytes  2.10 Mbits/sec  2.518 ms  758/977 (78%)  
[  5] 331.00-332.00 sec   196 KBytes  1.60 Mbits/sec  2.533 ms  561/728 (77%)  
[  5] 332.00-333.00 sec   298 KBytes  2.44 Mbits/sec  3.009 ms  839/1093 (77%)  
[  5] 333.00-334.00 sec   257 KBytes  2.10 Mbits/sec  2.850 ms  716/935 (77%)  
[  5] 334.00-335.00 sec   312 KBytes  2.55 Mbits/sec  2.768 ms  863/1129 (76%)  
[  5] 335.00-336.00 sec   257 KBytes  2.10 Mbits/sec  2.461 ms  713/932 (77%)  
[  5] 336.00-337.00 sec   296 KBytes  2.43 Mbits/sec  3.037 ms  834/1087 (77%)  
[  5] 337.00-338.00 sec   257 KBytes  2.10 Mbits/sec  2.880 ms  696/915 (76%)  
[  5] 338.00-339.00 sec   257 KBytes  2.10 Mbits/sec  3.217 ms  713/932 (77%)  
[  5] 339.00-340.00 sec   312 KBytes  2.55 Mbits/sec  2.689 ms  901/1167 (77%)  
[  5] 340.00-341.00 sec   258 KBytes  2.11 Mbits/sec  2.448 ms  747/967 (77%)  
[  5] 341.00-342.00 sec   296 KBytes  2.43 Mbits/sec  2.697 ms  825/1078 (77%)  
[  5] 342.00-343.00 sec   257 KBytes  2.10 Mbits/sec  2.453 ms  691/910 (76%)  
[  5] 343.00-344.00 sec   312 KBytes  2.55 Mbits/sec  2.770 ms  859/1125 (76%)  
[  5] 344.00-345.00 sec   257 KBytes  2.10 Mbits/sec  2.595 ms  704/923 (76%)  
[  5] 345.00-346.00 sec   296 KBytes  2.43 Mbits/sec  2.556 ms  842/1095 (77%)  
[  5] 346.00-347.00 sec   296 KBytes  2.43 Mbits/sec  2.934 ms  842/1095 (77%)  
[  5] 347.00-348.00 sec   258 KBytes  2.11 Mbits/sec  2.903 ms  746/966 (77%)  
[  5] 348.00-349.00 sec   251 KBytes  2.05 Mbits/sec  3.348 ms  716/930 (77%)  
[  5] 349.00-350.00 sec   318 KBytes  2.60 Mbits/sec  2.488 ms  925/1196 (77%)  
[  5] 350.00-351.00 sec   296 KBytes  2.43 Mbits/sec  2.799 ms  859/1112 (77%)  
[  5] 351.00-352.00 sec   312 KBytes  2.55 Mbits/sec  2.892 ms  1053/1319 (80%)  
[  5] 352.00-353.00 sec   257 KBytes  2.10 Mbits/sec  2.774 ms  815/1034 (79%)  
[  5] 353.00-354.00 sec   298 KBytes  2.44 Mbits/sec  2.912 ms  1011/1265 (80%)  
[  5] 354.00-355.00 sec   316 KBytes  2.59 Mbits/sec  3.066 ms  1215/1485 (82%)  
[  5] 355.00-356.00 sec   257 KBytes  2.10 Mbits/sec  2.695 ms  882/1101 (80%)  
[  5] 356.00-357.00 sec   252 KBytes  2.06 Mbits/sec  2.878 ms  799/1014 (79%)  
[  5] 357.00-358.00 sec   296 KBytes  2.43 Mbits/sec  3.074 ms  976/1229 (79%)  
[  5] 358.00-359.00 sec   316 KBytes  2.59 Mbits/sec  2.684 ms  1019/1289 (79%)  
[  5] 359.00-360.00 sec   237 KBytes  1.94 Mbits/sec  3.217 ms  752/954 (79%)  
[  5] 360.00-361.00 sec   258 KBytes  2.11 Mbits/sec  4.106 ms  1801/2021 (89%)  
[  5] 361.00-362.00 sec   311 KBytes  2.54 Mbits/sec  2.871 ms  1262/1527 (83%)  
[  5] 362.00-363.00 sec   258 KBytes  2.11 Mbits/sec  2.701 ms  895/1115 (80%)  
[  5] 363.00-364.00 sec   255 KBytes  2.09 Mbits/sec  2.999 ms  870/1088 (80%)  
[  5] 364.00-365.00 sec   298 KBytes  2.44 Mbits/sec  3.685 ms  1252/1506 (83%)  
[  5] 365.00-366.00 sec   312 KBytes  2.55 Mbits/sec  3.088 ms  1276/1542 (83%)  
[  5] 366.00-367.00 sec   257 KBytes  2.10 Mbits/sec  3.233 ms  1019/1238 (82%)  
[  5] 367.00-368.00 sec   296 KBytes  2.43 Mbits/sec  3.448 ms  1068/1321 (81%)  
[  5] 368.00-369.00 sec   318 KBytes  2.60 Mbits/sec  3.029 ms  1108/1379 (80%)  
[  5] 369.00-370.00 sec   237 KBytes  1.94 Mbits/sec  3.225 ms  866/1068 (81%)  
[  5] 370.00-371.00 sec   312 KBytes  2.55 Mbits/sec  2.926 ms  1157/1423 (81%)  
[  5] 371.00-372.00 sec   316 KBytes  2.59 Mbits/sec  3.094 ms  1161/1431 (81%)  
[  5] 372.00-373.00 sec   258 KBytes  2.11 Mbits/sec  2.807 ms  988/1208 (82%)  
[  5] 373.00-374.00 sec   296 KBytes  2.43 Mbits/sec  2.854 ms  1076/1329 (81%)  
[  5] 374.00-375.00 sec   312 KBytes  2.55 Mbits/sec  2.682 ms  1149/1415 (81%)  
[  5] 375.00-376.00 sec   237 KBytes  1.94 Mbits/sec  2.989 ms  832/1034 (80%)  
[  5] 376.00-377.00 sec   316 KBytes  2.59 Mbits/sec  2.670 ms  1116/1386 (81%)  
[  5] 377.00-378.00 sec   292 KBytes  2.39 Mbits/sec  3.828 ms  1029/1278 (81%)  
[  5] 378.00-379.00 sec   257 KBytes  2.10 Mbits/sec  3.822 ms  974/1193 (82%)  
[  5] 379.00-380.00 sec   318 KBytes  2.60 Mbits/sec  2.584 ms  1075/1346 (80%)  
[  5] 380.00-381.00 sec   257 KBytes  2.10 Mbits/sec  2.708 ms  929/1148 (81%)  
[  5] 381.00-382.00 sec   296 KBytes  2.43 Mbits/sec  3.199 ms  1161/1414 (82%)  
[  5] 382.00-383.00 sec   252 KBytes  2.06 Mbits/sec  3.095 ms  909/1124 (81%)  
[  5] 383.00-384.00 sec   316 KBytes  2.59 Mbits/sec  2.808 ms  1056/1326 (80%)  
[  5] 384.00-385.00 sec   296 KBytes  2.43 Mbits/sec  2.856 ms  1051/1304 (81%)  
[  5] 385.00-386.00 sec   313 KBytes  2.56 Mbits/sec  2.950 ms  1078/1345 (80%)  
[  5] 386.00-387.00 sec   257 KBytes  2.10 Mbits/sec  2.717 ms  837/1056 (79%)  
[  5] 387.00-388.00 sec   296 KBytes  2.43 Mbits/sec  3.172 ms  1010/1263 (80%)  
[  5] 388.00-389.00 sec   257 KBytes  2.10 Mbits/sec  3.521 ms  900/1119 (80%)  
[  5] 389.00-390.00 sec   257 KBytes  2.10 Mbits/sec  2.679 ms  904/1123 (80%)  
[  5] 390.00-391.00 sec   296 KBytes  2.43 Mbits/sec  3.048 ms  1140/1393 (82%)  
[  5] 391.00-392.00 sec   313 KBytes  2.56 Mbits/sec  2.599 ms  1125/1392 (81%)  
[  5] 392.00-393.00 sec   296 KBytes  2.43 Mbits/sec  3.026 ms  1064/1317 (81%)  
[  5] 393.00-394.00 sec   257 KBytes  2.10 Mbits/sec  3.103 ms  940/1159 (81%)  
[  5] 394.00-395.00 sec   312 KBytes  2.55 Mbits/sec  2.825 ms  1261/1527 (83%)  
[  5] 395.00-396.00 sec   298 KBytes  2.44 Mbits/sec  3.194 ms  1076/1330 (81%)  
[  5] 396.00-397.00 sec   255 KBytes  2.09 Mbits/sec  3.409 ms  919/1137 (81%)  
[  5] 397.00-398.00 sec   298 KBytes  2.44 Mbits/sec  3.146 ms  1051/1305 (81%)  
[  5] 398.00-399.00 sec   272 KBytes  2.23 Mbits/sec  2.966 ms  908/1140 (80%)  
[  5] 399.00-400.00 sec   296 KBytes  2.43 Mbits/sec  5.008 ms  1114/1367 (81%)  
[  5] 400.00-401.00 sec   257 KBytes  2.10 Mbits/sec  3.135 ms  923/1142 (81%)  
[  5] 401.00-402.00 sec   296 KBytes  2.43 Mbits/sec  3.379 ms  1021/1274 (80%)  
[  5] 402.00-403.00 sec   313 KBytes  2.56 Mbits/sec  2.868 ms  1055/1322 (80%)  
[  5] 403.00-404.00 sec   255 KBytes  2.09 Mbits/sec  2.778 ms  899/1117 (80%)  
[  5] 404.00-405.00 sec   298 KBytes  2.44 Mbits/sec  3.069 ms  1020/1274 (80%)  
[  5] 405.00-406.00 sec   257 KBytes  2.10 Mbits/sec  3.232 ms  911/1130 (81%)  
[  5] 406.00-407.00 sec   312 KBytes  2.55 Mbits/sec  3.039 ms  1108/1374 (81%)  
[  5] 407.00-408.00 sec   257 KBytes  2.10 Mbits/sec  2.747 ms  899/1118 (80%)  
[  5] 408.00-409.00 sec   296 KBytes  2.43 Mbits/sec  3.260 ms  1023/1276 (80%)  
[  5] 409.00-410.00 sec   217 KBytes  1.78 Mbits/sec  2.820 ms  757/942 (80%)  
[  5] 410.00-411.00 sec   101 KBytes   825 Kbits/sec  3.280 ms  364/450 (81%)  
[  5] 411.00-412.00 sec   292 KBytes  2.39 Mbits/sec  3.090 ms  1005/1254 (80%)  
[  5] 412.00-413.00 sec   318 KBytes  2.60 Mbits/sec  2.648 ms  1136/1407 (81%)  
[  5] 413.00-414.00 sec   255 KBytes  2.09 Mbits/sec  2.728 ms  881/1099 (80%)  
[  5] 414.00-415.00 sec   237 KBytes  1.94 Mbits/sec  3.766 ms  848/1050 (81%)  
[  5] 415.00-416.00 sec   257 KBytes  2.10 Mbits/sec  3.514 ms  925/1144 (81%)  
[  5] 416.00-417.00 sec   257 KBytes  2.10 Mbits/sec  2.879 ms  916/1135 (81%)  
[  5] 417.00-418.00 sec   252 KBytes  2.06 Mbits/sec  3.698 ms  921/1136 (81%)  
[  5] 418.00-419.00 sec   257 KBytes  2.10 Mbits/sec  3.541 ms  882/1101 (80%)  
[  5] 419.00-420.00 sec   316 KBytes  2.59 Mbits/sec  2.845 ms  1038/1308 (79%)  
[  5] 420.00-421.00 sec   257 KBytes  2.10 Mbits/sec  2.890 ms  904/1123 (80%)  
[  5] 421.00-422.00 sec   298 KBytes  2.44 Mbits/sec  3.028 ms  1040/1294 (80%)  
[  5] 422.00-423.00 sec   251 KBytes  2.05 Mbits/sec  2.809 ms  886/1100 (81%)  
[  5] 423.00-424.00 sec   318 KBytes  2.60 Mbits/sec  2.881 ms  1222/1493 (82%)  
[  5] 424.00-425.00 sec   296 KBytes  2.43 Mbits/sec  2.998 ms  1083/1336 (81%)  
[  5] 425.00-426.00 sec   257 KBytes  2.10 Mbits/sec  2.842 ms  891/1110 (80%)  
[  5] 426.00-427.00 sec   312 KBytes  2.55 Mbits/sec  2.944 ms  1077/1343 (80%)  
[  5] 427.00-428.00 sec   237 KBytes  1.94 Mbits/sec  3.099 ms  836/1038 (81%)  
