Connecting to host 172.22.0.50, port 5202
Reverse mode, remote host 172.22.0.50 is sending
[  5] local 192.168.102.2 port 55684 connected to 172.22.0.50 port 5202
[ ID] Interval           Transfer     Bitrate         Jitter    Lost/Total Datagrams
[  5]   0.00-1.00   sec   440 KBytes  3.61 Mbits/sec  0.313 ms  0/4509 (0%)  
[  5]   1.00-2.00   sec   439 KBytes  3.60 Mbits/sec  0.308 ms  0/4499 (0%)  
[  5]   2.00-3.00   sec   439 KBytes  3.60 Mbits/sec  0.256 ms  0/4494 (0%)  
[  5]   3.00-4.00   sec   439 KBytes  3.59 Mbits/sec  0.238 ms  0/4494 (0%)  
[  5]   4.00-5.00   sec   438 KBytes  3.59 Mbits/sec  0.280 ms  0/4480 (0%)  
[  5]   5.00-6.00   sec   441 KBytes  3.61 Mbits/sec  0.218 ms  0/4512 (0%)  
[  5]   6.00-7.00   sec   440 KBytes  3.60 Mbits/sec  0.261 ms  0/4503 (0%)  
[  5]   7.00-8.00   sec   440 KBytes  3.60 Mbits/sec  0.367 ms  0/4501 (0%)  
[  5]   8.00-9.00   sec   440 KBytes  3.60 Mbits/sec  0.244 ms  0/4502 (0%)  
[  5]   9.00-10.00  sec   437 KBytes  3.58 Mbits/sec  0.572 ms  0/4475 (0%)  
[  5]  10.00-11.00  sec   442 KBytes  3.62 Mbits/sec  0.397 ms  0/4529 (0%)  
[  5]  11.00-12.00  sec   437 KBytes  3.58 Mbits/sec  0.457 ms  0/4477 (0%)  
[  5]  12.00-13.00  sec   440 KBytes  3.60 Mbits/sec  0.670 ms  0/4503 (0%)  
[  5]  13.00-14.00  sec   438 KBytes  3.59 Mbits/sec  0.221 ms  0/4491 (0%)  
[  5]  14.00-15.00  sec   440 KBytes  3.61 Mbits/sec  0.279 ms  0/4509 (0%)  
[  5]  15.00-16.00  sec   440 KBytes  3.60 Mbits/sec  0.257 ms  0/4501 (0%)  
[  5]  16.00-17.00  sec   439 KBytes  3.59 Mbits/sec  0.400 ms  0/4492 (0%)  
[  5]  17.00-18.00  sec   440 KBytes  3.60 Mbits/sec  0.399 ms  0/4506 (0%)  
[  5]  18.00-19.00  sec   329 KBytes  2.70 Mbits/sec  0.364 ms  0/3374 (0%)  
[  5]  19.00-20.00  sec   289 KBytes  2.37 Mbits/sec  0.421 ms  0/2963 (0%)  
[  5]  20.00-21.00  sec   287 KBytes  2.35 Mbits/sec  0.566 ms  0/2937 (0%)  
[  5]  21.00-22.00  sec   291 KBytes  2.38 Mbits/sec  0.393 ms  0/2977 (0%)  
[  5]  22.00-23.00  sec   288 KBytes  2.36 Mbits/sec  0.407 ms  0/2952 (0%)  
[  5]  23.00-24.00  sec   286 KBytes  2.34 Mbits/sec  0.455 ms  0/2927 (0%)  
[  5]  24.00-25.00  sec   292 KBytes  2.39 Mbits/sec  0.351 ms  0/2988 (0%)  
[  5]  25.00-26.00  sec   289 KBytes  2.37 Mbits/sec  0.403 ms  0/2962 (0%)  
[  5]  26.00-27.00  sec   292 KBytes  2.39 Mbits/sec  0.438 ms  0/2989 (0%)  
[  5]  27.00-28.00  sec   295 KBytes  2.41 Mbits/sec  0.473 ms  0/3019 (0%)  
[  5]  28.00-29.00  sec   296 KBytes  2.42 Mbits/sec  0.630 ms  0/3029 (0%)  
[  5]  29.00-30.00  sec   295 KBytes  2.42 Mbits/sec  0.379 ms  0/3021 (0%)  
[  5]  30.00-31.00  sec   286 KBytes  2.34 Mbits/sec  0.372 ms  0/2931 (0%)  
[  5]  31.00-32.00  sec   292 KBytes  2.39 Mbits/sec  0.449 ms  0/2989 (0%)  
[  5]  32.00-33.00  sec   289 KBytes  2.37 Mbits/sec  0.430 ms  0/2962 (0%)  
[  5]  33.00-34.00  sec   292 KBytes  2.40 Mbits/sec  0.348 ms  0/2994 (0%)  
[  5]  34.00-35.00  sec   284 KBytes  2.33 Mbits/sec  0.468 ms  0/2912 (0%)  
[  5]  35.00-36.00  sec   287 KBytes  2.35 Mbits/sec  0.455 ms  0/2943 (0%)  
[  5]  36.00-37.00  sec   306 KBytes  2.51 Mbits/sec  0.330 ms  0/3136 (0%)  
[  5]  37.00-38.00  sec   321 KBytes  2.63 Mbits/sec  0.372 ms  0/3292 (0%)  
[  5]  38.00-39.00  sec   311 KBytes  2.55 Mbits/sec  0.481 ms  0/3187 (0%)  
[  5]  39.00-40.00  sec   312 KBytes  2.56 Mbits/sec  0.394 ms  0/3198 (0%)  
[  5]  40.00-41.00  sec   313 KBytes  2.57 Mbits/sec  0.366 ms  0/3210 (0%)  
[  5]  41.00-42.00  sec   318 KBytes  2.61 Mbits/sec  0.371 ms  0/3259 (0%)  
[  5]  42.00-43.00  sec   302 KBytes  2.48 Mbits/sec  0.489 ms  0/3095 (0%)  
[  5]  43.00-44.00  sec   296 KBytes  2.42 Mbits/sec  0.403 ms  0/3031 (0%)  
[  5]  44.00-45.00  sec   287 KBytes  2.35 Mbits/sec  0.445 ms  0/2934 (0%)  
[  5]  45.00-46.00  sec   283 KBytes  2.32 Mbits/sec  0.521 ms  0/2899 (0%)  
[  5]  46.00-47.00  sec   286 KBytes  2.34 Mbits/sec  0.394 ms  0/2930 (0%)  
[  5]  47.00-48.00  sec   287 KBytes  2.35 Mbits/sec  0.391 ms  0/2943 (0%)  
[  5]  48.00-49.00  sec   288 KBytes  2.35 Mbits/sec  0.371 ms  0/2944 (0%)  
[  5]  49.00-50.00  sec   293 KBytes  2.40 Mbits/sec  0.516 ms  0/3005 (0%)  
[  5]  50.00-51.00  sec   292 KBytes  2.39 Mbits/sec  0.539 ms  0/2992 (0%)  
[  5]  51.00-52.00  sec   289 KBytes  2.37 Mbits/sec  0.410 ms  0/2961 (0%)  
[  5]  52.00-53.00  sec   268 KBytes  2.20 Mbits/sec  0.506 ms  0/2748 (0%)  
[  5]  53.00-54.00  sec   267 KBytes  2.19 Mbits/sec  0.397 ms  0/2737 (0%)  
[  5]  54.00-55.00  sec   273 KBytes  2.24 Mbits/sec  0.351 ms  0/2798 (0%)  
[  5]  55.00-56.00  sec   289 KBytes  2.37 Mbits/sec  0.370 ms  0/2956 (0%)  
[  5]  56.00-57.00  sec   295 KBytes  2.42 Mbits/sec  0.276 ms  0/3023 (0%)  
[  5]  57.00-58.00  sec   294 KBytes  2.41 Mbits/sec  0.517 ms  0/3008 (0%)  
[  5]  58.00-59.00  sec   296 KBytes  2.43 Mbits/sec  0.352 ms  0/3035 (0%)  
[  5]  59.00-60.00  sec   296 KBytes  2.42 Mbits/sec  0.402 ms  0/3030 (0%)  
[  5]  60.00-61.00  sec   295 KBytes  2.41 Mbits/sec  0.394 ms  0/3016 (0%)  
[  5]  61.00-62.00  sec   294 KBytes  2.41 Mbits/sec  0.465 ms  0/3014 (0%)  
[  5]  62.00-63.00  sec   305 KBytes  2.50 Mbits/sec  0.369 ms  0/3121 (0%)  
[  5]  63.00-64.00  sec   314 KBytes  2.57 Mbits/sec  0.323 ms  0/3214 (0%)  
[  5]  64.00-65.00  sec   307 KBytes  2.51 Mbits/sec  0.475 ms  0/3142 (0%)  
[  5]  65.00-66.00  sec   310 KBytes  2.54 Mbits/sec  0.278 ms  0/3171 (0%)  
[  5]  66.00-67.00  sec   304 KBytes  2.49 Mbits/sec  0.398 ms  0/3108 (0%)  
[  5]  67.00-68.00  sec   310 KBytes  2.54 Mbits/sec  0.356 ms  0/3173 (0%)  
[  5]  68.00-69.00  sec   309 KBytes  2.53 Mbits/sec  0.370 ms  0/3160 (0%)  
[  5]  69.00-70.00  sec   305 KBytes  2.50 Mbits/sec  0.559 ms  0/3127 (0%)  
[  5]  70.00-71.00  sec   301 KBytes  2.46 Mbits/sec  0.335 ms  0/3079 (0%)  
[  5]  71.00-72.00  sec   309 KBytes  2.53 Mbits/sec  0.298 ms  0/3164 (0%)  
[  5]  72.00-73.00  sec   306 KBytes  2.51 Mbits/sec  0.393 ms  0/3132 (0%)  
[  5]  73.00-74.00  sec   311 KBytes  2.55 Mbits/sec  0.427 ms  0/3189 (0%)  
[  5]  74.00-75.00  sec   306 KBytes  2.51 Mbits/sec  0.357 ms  0/3133 (0%)  
[  5]  75.00-76.00  sec   307 KBytes  2.51 Mbits/sec  0.586 ms  0/3140 (0%)  
[  5]  76.00-77.00  sec   312 KBytes  2.56 Mbits/sec  0.397 ms  0/3200 (0%)  
[  5]  77.00-78.00  sec   310 KBytes  2.54 Mbits/sec  0.455 ms  0/3178 (0%)  
[  5]  78.00-79.00  sec   310 KBytes  2.54 Mbits/sec  0.441 ms  0/3173 (0%)  
[  5]  79.00-80.00  sec   295 KBytes  2.42 Mbits/sec  0.417 ms  0/3025 (0%)  
[  5]  80.00-81.00  sec   302 KBytes  2.47 Mbits/sec  0.365 ms  0/3094 (0%)  
[  5]  81.00-82.00  sec   311 KBytes  2.55 Mbits/sec  0.390 ms  0/3187 (0%)  
[  5]  82.00-83.00  sec   311 KBytes  2.55 Mbits/sec  0.450 ms  0/3186 (0%)  
[  5]  83.00-84.00  sec   316 KBytes  2.59 Mbits/sec  0.403 ms  0/3237 (0%)  
[  5]  84.00-85.00  sec   311 KBytes  2.55 Mbits/sec  0.477 ms  0/3183 (0%)  
[  5]  85.00-86.00  sec   313 KBytes  2.57 Mbits/sec  0.354 ms  0/3208 (0%)  
[  5]  86.00-87.00  sec   315 KBytes  2.58 Mbits/sec  0.418 ms  0/3227 (0%)  
[  5]  87.00-88.00  sec   303 KBytes  2.48 Mbits/sec  0.374 ms  0/3100 (0%)  
[  5]  88.00-89.00  sec   307 KBytes  2.51 Mbits/sec  0.382 ms  0/3140 (0%)  
[  5]  89.00-90.00  sec   313 KBytes  2.56 Mbits/sec  0.488 ms  0/3201 (0%)  
[  5]  90.00-91.00  sec   313 KBytes  2.57 Mbits/sec  0.379 ms  0/3209 (0%)  
[  5]  91.00-92.00  sec   319 KBytes  2.61 Mbits/sec  0.351 ms  0/3268 (0%)  
[  5]  92.00-93.00  sec   311 KBytes  2.55 Mbits/sec  0.381 ms  0/3182 (0%)  
[  5]  93.00-94.00  sec   284 KBytes  2.32 Mbits/sec  0.456 ms  0/2908 (0%)  
[  5]  94.00-95.00  sec   281 KBytes  2.30 Mbits/sec  0.218 ms  1464/4339 (34%)  
[  5]  95.00-96.00  sec   249 KBytes  2.04 Mbits/sec  0.200 ms  1367/3913 (35%)  
[  5]  96.00-97.00  sec   321 KBytes  2.63 Mbits/sec  0.215 ms  1493/4776 (31%)  
[  5]  97.00-98.00  sec   271 KBytes  2.22 Mbits/sec  0.212 ms  1213/3992 (30%)  
[  5]  98.00-99.00  sec   304 KBytes  2.49 Mbits/sec  0.830 ms  1392/4503 (31%)  
[  5]  99.00-100.00 sec   277 KBytes  2.27 Mbits/sec  0.216 ms  1367/4200 (33%)  
[  5] 100.00-101.00 sec   310 KBytes  2.54 Mbits/sec  0.220 ms  1453/4628 (31%)  
[  5] 101.00-102.00 sec   317 KBytes  2.60 Mbits/sec  0.239 ms  1322/4568 (29%)  
[  5] 102.00-103.00 sec   321 KBytes  2.63 Mbits/sec  0.223 ms  1415/4704 (30%)  
[  5] 103.00-104.00 sec   269 KBytes  2.20 Mbits/sec  0.221 ms  1370/4120 (33%)  
[  5] 104.00-105.00 sec   313 KBytes  2.56 Mbits/sec  0.237 ms  1522/4723 (32%)  
[  5] 105.00-106.00 sec   261 KBytes  2.14 Mbits/sec  0.231 ms  1465/4142 (35%)  
[  5] 106.00-107.00 sec   272 KBytes  2.23 Mbits/sec  0.212 ms  1094/3877 (28%)  
[  5] 107.00-108.00 sec   246 KBytes  2.01 Mbits/sec  0.221 ms  1394/3909 (36%)  
[  5] 108.00-109.00 sec   323 KBytes  2.65 Mbits/sec  0.224 ms  1367/4674 (29%)  
[  5] 109.00-110.00 sec   315 KBytes  2.58 Mbits/sec  0.228 ms  1379/4606 (30%)  
[  5] 110.00-111.00 sec   311 KBytes  2.55 Mbits/sec  0.215 ms  1329/4513 (29%)  
[  5] 111.00-112.00 sec   325 KBytes  2.66 Mbits/sec  0.218 ms  1412/4736 (30%)  
[  5] 112.00-113.00 sec   271 KBytes  2.22 Mbits/sec  0.217 ms  1230/4009 (31%)  
[  5] 113.00-114.00 sec   267 KBytes  2.19 Mbits/sec  0.238 ms  1249/3988 (31%)  
[  5] 114.00-115.00 sec   324 KBytes  2.65 Mbits/sec  0.212 ms  1396/4713 (30%)  
[  5] 115.00-116.00 sec   317 KBytes  2.59 Mbits/sec  0.219 ms  1280/4521 (28%)  
[  5] 116.00-117.00 sec   325 KBytes  2.66 Mbits/sec  0.221 ms  1307/4635 (28%)  
[  5] 117.00-118.00 sec   317 KBytes  2.60 Mbits/sec  0.220 ms  1292/4537 (28%)  
[  5] 118.00-119.00 sec   267 KBytes  2.19 Mbits/sec  0.204 ms  1244/3982 (31%)  
[  5] 119.00-120.00 sec   287 KBytes  2.35 Mbits/sec  0.219 ms  1879/4813 (39%)  
[  5] 120.00-121.00 sec   300 KBytes  2.46 Mbits/sec  0.219 ms  1801/4875 (37%)  
[  5] 121.00-122.00 sec   317 KBytes  2.60 Mbits/sec  0.181 ms  1586/4832 (33%)  
[  5] 122.00-123.00 sec   261 KBytes  2.14 Mbits/sec  0.217 ms  1521/4192 (36%)  
[  5] 123.00-124.00 sec   317 KBytes  2.60 Mbits/sec  0.215 ms  1442/4688 (31%)  
[  5] 124.00-125.00 sec   315 KBytes  2.58 Mbits/sec  0.217 ms  1464/4688 (31%)  
[  5] 125.00-126.00 sec   306 KBytes  2.51 Mbits/sec  0.238 ms  1574/4709 (33%)  
[  5] 126.00-127.00 sec   294 KBytes  2.41 Mbits/sec  0.210 ms  1554/4564 (34%)  
[  5] 127.00-128.00 sec   268 KBytes  2.19 Mbits/sec  0.219 ms  1202/3942 (30%)  
[  5] 128.00-129.00 sec   317 KBytes  2.59 Mbits/sec  0.273 ms  1693/4936 (34%)  
[  5] 129.00-130.00 sec   247 KBytes  2.02 Mbits/sec  0.206 ms  1826/4354 (42%)  
[  5] 130.00-131.00 sec   322 KBytes  2.64 Mbits/sec  0.221 ms  1838/5133 (36%)  
[  5] 131.00-132.00 sec   317 KBytes  2.60 Mbits/sec  0.222 ms  1669/4915 (34%)  
[  5] 132.00-133.00 sec   271 KBytes  2.22 Mbits/sec  0.213 ms  1420/4199 (34%)  
[  5] 133.00-134.00 sec   312 KBytes  2.56 Mbits/sec  0.216 ms  1550/4745 (33%)  
[  5] 134.00-135.00 sec   224 KBytes  1.83 Mbits/sec  0.215 ms  1553/3842 (40%)  
[  5] 135.00-136.00 sec   315 KBytes  2.58 Mbits/sec  0.217 ms  1421/4647 (31%)  
[  5] 136.00-137.00 sec   274 KBytes  2.25 Mbits/sec  0.208 ms  1299/4109 (32%)  
[  5] 137.00-138.00 sec   317 KBytes  2.60 Mbits/sec  0.210 ms  1537/4783 (32%)  
[  5] 138.00-139.00 sec   313 KBytes  2.56 Mbits/sec  0.214 ms  1520/4723 (32%)  
[  5] 139.00-140.00 sec   312 KBytes  2.56 Mbits/sec  0.220 ms  1515/4712 (32%)  
[  5] 140.00-141.00 sec   271 KBytes  2.22 Mbits/sec  0.218 ms  1130/3909 (29%)  
[  5] 141.00-142.00 sec   317 KBytes  2.59 Mbits/sec  0.216 ms  1332/4573 (29%)  
[  5] 142.00-143.00 sec   326 KBytes  2.67 Mbits/sec  0.211 ms  1465/4802 (31%)  
[  5] 143.00-144.00 sec   315 KBytes  2.58 Mbits/sec  0.217 ms  1319/4544 (29%)  
[  5] 144.00-145.00 sec   323 KBytes  2.64 Mbits/sec  0.205 ms  1598/4904 (33%)  
[  5] 145.00-146.00 sec   316 KBytes  2.59 Mbits/sec  0.204 ms  1398/4634 (30%)  
[  5] 146.00-147.00 sec   248 KBytes  2.03 Mbits/sec  0.203 ms  1371/3908 (35%)  
[  5] 147.00-148.00 sec   325 KBytes  2.66 Mbits/sec  0.225 ms  1310/4640 (28%)  
[  5] 148.00-149.00 sec   317 KBytes  2.59 Mbits/sec  0.221 ms  1407/4653 (30%)  
[  5] 149.00-150.00 sec   254 KBytes  2.09 Mbits/sec  0.262 ms  1317/3921 (34%)  
[  5] 150.00-151.00 sec   322 KBytes  2.64 Mbits/sec  0.213 ms  1406/4704 (30%)  
[  5] 151.00-152.00 sec   317 KBytes  2.60 Mbits/sec  0.212 ms  1307/4553 (29%)  
[  5] 152.00-153.00 sec   272 KBytes  2.23 Mbits/sec  0.242 ms  1136/3919 (29%)  
[  5] 153.00-154.00 sec   326 KBytes  2.67 Mbits/sec  0.220 ms  1662/5000 (33%)  
[  5] 154.00-155.00 sec   303 KBytes  2.48 Mbits/sec  0.381 ms  1774/4880 (36%)  
[  5] 155.00-156.00 sec   319 KBytes  2.61 Mbits/sec  0.212 ms  1497/4760 (31%)  
[  5] 156.00-157.00 sec   313 KBytes  2.56 Mbits/sec  0.212 ms  1517/4721 (32%)  
[  5] 157.00-158.00 sec   272 KBytes  2.23 Mbits/sec  0.214 ms  1272/4055 (31%)  
[  5] 158.00-159.00 sec   291 KBytes  2.39 Mbits/sec  0.219 ms  1834/4817 (38%)  
[  5] 159.00-160.00 sec   317 KBytes  2.59 Mbits/sec  0.207 ms  1366/4607 (30%)  
[  5] 160.00-161.00 sec   307 KBytes  2.51 Mbits/sec  0.212 ms  1958/5098 (38%)  
[  5] 161.00-162.00 sec   270 KBytes  2.22 Mbits/sec  0.209 ms  1203/3972 (30%)  
[  5] 162.00-163.00 sec   317 KBytes  2.60 Mbits/sec  0.225 ms  1378/4624 (30%)  
[  5] 163.00-164.00 sec   293 KBytes  2.40 Mbits/sec  0.211 ms  1726/4725 (37%)  
[  5] 164.00-165.00 sec   317 KBytes  2.59 Mbits/sec  0.212 ms  1391/4632 (30%)  
[  5] 165.00-166.00 sec   271 KBytes  2.22 Mbits/sec  0.210 ms  1135/3912 (29%)  
[  5] 166.00-167.00 sec   319 KBytes  2.61 Mbits/sec  0.213 ms  1373/4636 (30%)  
[  5] 167.00-168.00 sec   304 KBytes  2.49 Mbits/sec  0.217 ms  1360/4478 (30%)  
[  5] 168.00-169.00 sec   326 KBytes  2.67 Mbits/sec  0.218 ms  1362/4699 (29%)  
[  5] 169.00-170.00 sec   268 KBytes  2.20 Mbits/sec  0.226 ms  1188/3933 (30%)  
[  5] 170.00-171.00 sec   307 KBytes  2.52 Mbits/sec  0.211 ms  1537/4683 (33%)  
[  5] 171.00-172.00 sec   326 KBytes  2.67 Mbits/sec  0.232 ms  1433/4770 (30%)  
[  5] 172.00-173.00 sec   312 KBytes  2.56 Mbits/sec  0.213 ms  1497/4693 (32%)  
[  5] 173.00-174.00 sec   264 KBytes  2.16 Mbits/sec  0.217 ms  1328/4027 (33%)  
[  5] 174.00-175.00 sec   324 KBytes  2.66 Mbits/sec  0.214 ms  1448/4770 (30%)  
[  5] 175.00-176.00 sec   316 KBytes  2.59 Mbits/sec  0.223 ms  1405/4639 (30%)  
[  5] 176.00-177.00 sec   324 KBytes  2.65 Mbits/sec  0.213 ms  1497/4813 (31%)  
[  5] 177.00-178.00 sec   316 KBytes  2.59 Mbits/sec  0.217 ms  1409/4642 (30%)  
[  5] 178.00-179.00 sec   263 KBytes  2.15 Mbits/sec  0.261 ms  1204/3893 (31%)  
[  5] 179.00-180.00 sec   299 KBytes  2.45 Mbits/sec  0.841 ms  1229/4289 (29%)  
[  5] 180.00-181.00 sec   307 KBytes  2.52 Mbits/sec  0.216 ms  1906/5051 (38%)  
[  5] 181.00-182.00 sec   266 KBytes  2.18 Mbits/sec  0.218 ms  1265/3992 (32%)  
[  5] 182.00-183.00 sec   326 KBytes  2.67 Mbits/sec  0.208 ms  1378/4716 (29%)  
[  5] 183.00-184.00 sec   248 KBytes  2.03 Mbits/sec  2.830 ms  1342/3883 (35%)  
[  5] 184.00-185.00 sec   317 KBytes  2.59 Mbits/sec  0.211 ms  1381/4622 (30%)  
[  5] 185.00-186.00 sec   326 KBytes  2.67 Mbits/sec  0.214 ms  1390/4732 (29%)  
[  5] 186.00-187.00 sec   271 KBytes  2.22 Mbits/sec  0.218 ms  1161/3940 (29%)  
[  5] 187.00-188.00 sec   317 KBytes  2.60 Mbits/sec  0.236 ms  1328/4574 (29%)  
[  5] 188.00-189.00 sec   326 KBytes  2.67 Mbits/sec  0.220 ms  1404/4741 (30%)  
[  5] 189.00-190.00 sec   261 KBytes  2.14 Mbits/sec  0.306 ms  1305/3979 (33%)  
[  5] 190.00-191.00 sec   315 KBytes  2.58 Mbits/sec  0.217 ms  1522/4748 (32%)  
[  5] 191.00-192.00 sec   315 KBytes  2.58 Mbits/sec  0.212 ms  1432/4656 (31%)  
[  5] 192.00-193.00 sec   317 KBytes  2.60 Mbits/sec  0.216 ms  1286/4532 (28%)  
[  5] 193.00-194.00 sec   317 KBytes  2.60 Mbits/sec  0.213 ms  1475/4721 (31%)  
[  5] 194.00-195.00 sec   259 KBytes  2.12 Mbits/sec  0.278 ms  1519/4171 (36%)  
[  5] 195.00-196.00 sec   317 KBytes  2.60 Mbits/sec  0.218 ms  1358/4604 (29%)  
[  5] 196.00-197.00 sec   326 KBytes  2.67 Mbits/sec  0.218 ms  1317/4654 (28%)  
[  5] 197.00-198.00 sec   261 KBytes  2.13 Mbits/sec  0.214 ms  1389/4057 (34%)  
[  5] 198.00-199.00 sec   317 KBytes  2.59 Mbits/sec  0.244 ms  1273/4514 (28%)  
[  5] 199.00-200.00 sec   281 KBytes  2.30 Mbits/sec  0.223 ms  1221/4096 (30%)  
[  5] 200.00-201.00 sec   317 KBytes  2.60 Mbits/sec  0.238 ms  1339/4585 (29%)  
[  5] 201.00-202.00 sec   268 KBytes  2.20 Mbits/sec  0.213 ms  1201/3944 (30%)  
[  5] 202.00-203.00 sec   281 KBytes  2.30 Mbits/sec  0.216 ms  1198/4073 (29%)  
[  5] 203.00-204.00 sec   317 KBytes  2.60 Mbits/sec  0.286 ms  1493/4738 (32%)  
[  5] 204.00-205.00 sec   315 KBytes  2.58 Mbits/sec  0.218 ms  1378/4606 (30%)  
[  5] 205.00-206.00 sec   322 KBytes  2.64 Mbits/sec  0.219 ms  1483/4785 (31%)  
[  5] 206.00-207.00 sec   304 KBytes  2.49 Mbits/sec  0.216 ms  1630/4742 (34%)  
[  5] 207.00-208.00 sec   281 KBytes  2.30 Mbits/sec  0.228 ms  1270/4145 (31%)  
[  5] 208.00-209.00 sec   317 KBytes  2.60 Mbits/sec  0.208 ms  1468/4713 (31%)  
[  5] 209.00-210.00 sec   307 KBytes  2.51 Mbits/sec  0.216 ms  1508/4649 (32%)  
[  5] 210.00-211.00 sec   290 KBytes  2.37 Mbits/sec  0.202 ms  1251/4218 (30%)  
[  5] 211.00-212.00 sec   296 KBytes  2.42 Mbits/sec  0.203 ms  1573/4601 (34%)  
[  5] 212.00-213.00 sec   317 KBytes  2.60 Mbits/sec  0.214 ms  1455/4700 (31%)  
[  5] 213.00-214.00 sec   326 KBytes  2.67 Mbits/sec  0.216 ms  1563/4901 (32%)  
[  5] 214.00-215.00 sec   248 KBytes  2.03 Mbits/sec  0.306 ms  1099/3637 (30%)  
[  5] 215.00-216.00 sec   325 KBytes  2.66 Mbits/sec  0.207 ms  1654/4984 (33%)  
[  5] 216.00-217.00 sec   317 KBytes  2.60 Mbits/sec  0.217 ms  1370/4615 (30%)  
[  5] 217.00-218.00 sec   272 KBytes  2.23 Mbits/sec  0.214 ms  1051/3834 (27%)  
[  5] 218.00-219.00 sec   302 KBytes  2.48 Mbits/sec  0.219 ms  1720/4816 (36%)  
[  5] 219.00-220.00 sec   316 KBytes  2.59 Mbits/sec  0.225 ms  1453/4691 (31%)  
[  5] 220.00-221.00 sec   272 KBytes  2.23 Mbits/sec  0.216 ms  1125/3912 (29%)  
[  5] 221.00-222.00 sec   308 KBytes  2.53 Mbits/sec  0.218 ms  1656/4813 (34%)  
[  5] 222.00-223.00 sec   317 KBytes  2.60 Mbits/sec  0.213 ms  1522/4766 (32%)  
[  5] 223.00-224.00 sec   310 KBytes  2.54 Mbits/sec  0.202 ms  1769/4948 (36%)  
[  5] 224.00-225.00 sec   250 KBytes  2.05 Mbits/sec  0.431 ms  1307/3864 (34%)  
[  5] 225.00-226.00 sec   295 KBytes  2.42 Mbits/sec  0.220 ms  1720/4742 (36%)  
[  5] 226.00-227.00 sec   315 KBytes  2.58 Mbits/sec  0.263 ms  2201/5426 (41%)  
[  5] 227.00-228.00 sec   245 KBytes  2.01 Mbits/sec  0.215 ms  1621/4125 (39%)  
[  5] 228.00-229.00 sec   272 KBytes  2.23 Mbits/sec  0.212 ms  1128/3911 (29%)  
[  5] 229.00-230.00 sec   326 KBytes  2.67 Mbits/sec  0.218 ms  1275/4612 (28%)  
[  5] 230.00-231.00 sec   257 KBytes  2.10 Mbits/sec  0.220 ms  1216/3847 (32%)  
[  5] 231.00-232.00 sec   326 KBytes  2.66 Mbits/sec  0.214 ms  1401/4739 (30%)  
[  5] 232.00-233.00 sec   271 KBytes  2.23 Mbits/sec  0.214 ms  1180/3957 (30%)  
[  5] 233.00-234.00 sec   316 KBytes  2.59 Mbits/sec  0.302 ms  1559/4792 (33%)  
[  5] 234.00-235.00 sec   265 KBytes  2.17 Mbits/sec  0.220 ms  1434/4151 (35%)  
[  5] 235.00-236.00 sec   317 KBytes  2.59 Mbits/sec  0.199 ms  1428/4674 (31%)  
[  5] 236.00-237.00 sec   270 KBytes  2.21 Mbits/sec  0.221 ms  1213/3973 (31%)  
[  5] 237.00-238.00 sec   324 KBytes  2.65 Mbits/sec  0.232 ms  1405/4719 (30%)  
[  5] 238.00-239.00 sec   316 KBytes  2.59 Mbits/sec  0.218 ms  1276/4515 (28%)  
[  5] 239.00-240.00 sec   326 KBytes  2.67 Mbits/sec  0.214 ms  1378/4715 (29%)  
[  5] 240.00-241.00 sec   316 KBytes  2.59 Mbits/sec  0.218 ms  1513/4751 (32%)  
[  5] 241.00-242.00 sec   227 KBytes  1.86 Mbits/sec  0.219 ms  1805/4125 (44%)  
[  5] 242.00-243.00 sec   306 KBytes  2.51 Mbits/sec  0.216 ms  1665/4803 (35%)  
[  5] 243.00-244.00 sec   293 KBytes  2.40 Mbits/sec  0.219 ms  1644/4644 (35%)  
[  5] 244.00-245.00 sec   267 KBytes  2.19 Mbits/sec  0.196 ms  1298/4034 (32%)  
[  5] 245.00-246.00 sec   315 KBytes  2.58 Mbits/sec  0.216 ms  1620/4848 (33%)  
[  5] 246.00-247.00 sec   291 KBytes  2.39 Mbits/sec  0.210 ms  1731/4714 (37%)  
[  5] 247.00-248.00 sec   325 KBytes  2.67 Mbits/sec  0.219 ms  1309/4641 (28%)  
[  5] 248.00-249.00 sec   282 KBytes  2.31 Mbits/sec  0.218 ms  1590/4478 (36%)  
[  5] 249.00-250.00 sec   259 KBytes  2.13 Mbits/sec  0.257 ms  1270/3927 (32%)  
[  5] 250.00-251.00 sec   326 KBytes  2.67 Mbits/sec  0.274 ms  1356/4693 (29%)  
[  5] 251.00-252.00 sec   261 KBytes  2.13 Mbits/sec  4.494 ms  1567/4235 (37%)  
[  5] 252.00-253.00 sec   293 KBytes  2.40 Mbits/sec  0.289 ms  1942/4942 (39%)  
[  5] 253.00-254.00 sec   288 KBytes  2.36 Mbits/sec  0.286 ms  1608/4562 (35%)  
[  5] 254.00-255.00 sec   302 KBytes  2.48 Mbits/sec  0.218 ms  1670/4767 (35%)  
[  5] 255.00-256.00 sec   319 KBytes  2.61 Mbits/sec  0.270 ms  1736/4999 (35%)  
[  5] 256.00-257.00 sec   290 KBytes  2.37 Mbits/sec  0.218 ms  1679/4645 (36%)  
[  5] 257.00-258.00 sec   317 KBytes  2.60 Mbits/sec  0.219 ms  1529/4771 (32%)  
[  5] 258.00-259.00 sec   272 KBytes  2.23 Mbits/sec  0.218 ms  1286/4072 (32%)  
[  5] 259.00-260.00 sec   326 KBytes  2.67 Mbits/sec  0.210 ms  1591/4929 (32%)  
[  5] 260.00-261.00 sec   293 KBytes  2.40 Mbits/sec  0.215 ms  1664/4660 (36%)  
[  5] 261.00-262.00 sec   310 KBytes  2.54 Mbits/sec  0.221 ms  1574/4749 (33%)  
[  5] 262.00-263.00 sec   272 KBytes  2.23 Mbits/sec  0.209 ms  1166/3950 (30%)  
[  5] 263.00-264.00 sec   321 KBytes  2.63 Mbits/sec  0.216 ms  1437/4726 (30%)  
[  5] 264.00-265.00 sec   309 KBytes  2.53 Mbits/sec  0.218 ms  1416/4578 (31%)  
[  5] 265.00-266.00 sec   303 KBytes  2.48 Mbits/sec  0.225 ms  1413/4518 (31%)  
[  5] 266.00-267.00 sec   281 KBytes  2.30 Mbits/sec  0.261 ms  1656/4535 (37%)  
[  5] 267.00-268.00 sec   303 KBytes  2.48 Mbits/sec  0.217 ms  1308/4407 (30%)  
[  5] 268.00-269.00 sec   311 KBytes  2.55 Mbits/sec  0.211 ms  1397/4582 (30%)  
[  5] 269.00-270.00 sec   280 KBytes  2.30 Mbits/sec  0.204 ms  1164/4034 (29%)  
[  5] 270.00-271.00 sec   317 KBytes  2.60 Mbits/sec  0.223 ms  1266/4512 (28%)  
[  5] 271.00-272.00 sec   326 KBytes  2.67 Mbits/sec  0.225 ms  1368/4702 (29%)  
[  5] 272.00-273.00 sec   317 KBytes  2.60 Mbits/sec  0.219 ms  1444/4690 (31%)  
[  5] 273.00-274.00 sec   268 KBytes  2.20 Mbits/sec  0.305 ms  1205/3954 (30%)  
[  5] 274.00-275.00 sec   317 KBytes  2.60 Mbits/sec  0.243 ms  1479/4726 (31%)  
[  5] 275.00-276.00 sec   317 KBytes  2.60 Mbits/sec  0.220 ms  1621/4867 (33%)  
[  5] 276.00-277.00 sec   316 KBytes  2.59 Mbits/sec  0.217 ms  1706/4941 (35%)  
[  5] 277.00-278.00 sec   249 KBytes  2.04 Mbits/sec  0.237 ms  1178/3730 (32%)  
[  5] 278.00-279.00 sec   302 KBytes  2.48 Mbits/sec  0.212 ms  1997/5093 (39%)  
[  5] 279.00-280.00 sec   263 KBytes  2.15 Mbits/sec  0.251 ms  1230/3919 (31%)  
[  5] 280.00-281.00 sec   317 KBytes  2.60 Mbits/sec  0.216 ms  1340/4586 (29%)  
[  5] 281.00-282.00 sec   325 KBytes  2.66 Mbits/sec  0.222 ms  1400/4723 (30%)  
[  5] 282.00-283.00 sec   302 KBytes  2.48 Mbits/sec  0.215 ms  1555/4650 (33%)  
[  5] 283.00-284.00 sec   271 KBytes  2.22 Mbits/sec  0.223 ms  1183/3962 (30%)  
[  5] 284.00-285.00 sec   325 KBytes  2.67 Mbits/sec  0.224 ms  1500/4831 (31%)  
[  5] 285.00-286.00 sec   272 KBytes  2.23 Mbits/sec  0.213 ms  1222/4006 (31%)  
[  5] 286.00-287.00 sec   303 KBytes  2.48 Mbits/sec  0.652 ms  1440/4542 (32%)  
[  5] 287.00-288.00 sec   313 KBytes  2.56 Mbits/sec  0.267 ms  1611/4814 (33%)  
[  5] 288.00-289.00 sec   272 KBytes  2.23 Mbits/sec  0.219 ms  1060/3844 (28%)  
[  5] 289.00-290.00 sec   311 KBytes  2.54 Mbits/sec  0.216 ms  1400/4581 (31%)  
[  5] 290.00-291.00 sec   278 KBytes  2.28 Mbits/sec  0.991 ms  1713/4560 (38%)  
[  5] 291.00-292.00 sec   315 KBytes  2.58 Mbits/sec  0.226 ms  1594/4821 (33%)  
[  5] 292.00-293.00 sec   263 KBytes  2.15 Mbits/sec  0.258 ms  1561/4252 (37%)  
[  5] 293.00-294.00 sec   313 KBytes  2.56 Mbits/sec  0.204 ms  1505/4709 (32%)  
[  5] 294.00-295.00 sec   316 KBytes  2.59 Mbits/sec  0.215 ms  1322/4554 (29%)  
[  5] 295.00-296.00 sec   280 KBytes  2.30 Mbits/sec  0.216 ms  1118/3988 (28%)  
[  5] 296.00-297.00 sec   308 KBytes  2.52 Mbits/sec  0.217 ms  1341/4496 (30%)  
[  5] 297.00-298.00 sec   306 KBytes  2.51 Mbits/sec  0.210 ms  1638/4772 (34%)  
[  5] 298.00-299.00 sec   326 KBytes  2.67 Mbits/sec  0.217 ms  1372/4709 (29%)  
[  5] 299.00-300.00 sec   271 KBytes  2.22 Mbits/sec  0.207 ms  1152/3931 (29%)  
[  5] 300.00-301.00 sec   317 KBytes  2.60 Mbits/sec  0.216 ms  1364/4610 (30%)  
[  5] 301.00-302.00 sec   326 KBytes  2.67 Mbits/sec  0.231 ms  1374/4711 (29%)  
[  5] 302.00-303.00 sec   264 KBytes  2.16 Mbits/sec  0.233 ms  1570/4276 (37%)  
[  5] 303.00-304.00 sec   321 KBytes  2.63 Mbits/sec  0.195 ms  1511/4798 (31%)  
[  5] 304.00-305.00 sec   309 KBytes  2.53 Mbits/sec  0.229 ms  1370/4534 (30%)  
[  5] 305.00-306.00 sec   315 KBytes  2.58 Mbits/sec  0.223 ms  1213/4442 (27%)  
[  5] 306.00-307.00 sec   281 KBytes  2.31 Mbits/sec  0.220 ms  1215/4090 (30%)  
[  5] 307.00-308.00 sec   315 KBytes  2.58 Mbits/sec  0.209 ms  1517/4740 (32%)  
[  5] 308.00-309.00 sec   319 KBytes  2.61 Mbits/sec  0.210 ms  1802/5064 (36%)  
[  5] 309.00-310.00 sec   271 KBytes  2.22 Mbits/sec  0.217 ms  1345/4115 (33%)  
[  5] 310.00-311.00 sec   317 KBytes  2.60 Mbits/sec  0.213 ms  1374/4620 (30%)  
[  5] 311.00-312.00 sec   312 KBytes  2.55 Mbits/sec  0.223 ms  1549/4743 (33%)  
[  5] 312.00-313.00 sec   286 KBytes  2.34 Mbits/sec  0.335 ms  1788/4717 (38%)  
[  5] 313.00-314.00 sec   317 KBytes  2.59 Mbits/sec  0.225 ms  1389/4630 (30%)  
[  5] 314.00-315.00 sec   280 KBytes  2.30 Mbits/sec  0.259 ms  1283/4152 (31%)  
[  5] 315.00-316.00 sec   317 KBytes  2.60 Mbits/sec  0.247 ms  1328/4574 (29%)  
[  5] 316.00-317.00 sec   271 KBytes  2.22 Mbits/sec  0.205 ms  1232/4011 (31%)  
[  5] 317.00-318.00 sec   325 KBytes  2.66 Mbits/sec  0.231 ms  1603/4932 (33%)  
[  5] 318.00-319.00 sec   272 KBytes  2.23 Mbits/sec  0.221 ms  1140/3923 (29%)  
[  5] 319.00-320.00 sec   271 KBytes  2.22 Mbits/sec  0.207 ms  1163/3942 (30%)  
[  5] 320.00-321.00 sec   280 KBytes  2.29 Mbits/sec  0.226 ms  1256/4125 (30%)  
[  5] 321.00-322.00 sec   226 KBytes  1.85 Mbits/sec  0.213 ms  977/3294 (30%)  
[  5] 322.00-323.00 sec   221 KBytes  1.81 Mbits/sec  0.193 ms  962/3222 (30%)  
[  5] 323.00-324.00 sec   320 KBytes  2.62 Mbits/sec  0.200 ms  1477/4749 (31%)  
[  5] 324.00-325.00 sec   219 KBytes  1.79 Mbits/sec  2.003 ms  1073/3313 (32%)  
[  5] 325.00-326.00 sec   314 KBytes  2.57 Mbits/sec  0.216 ms  1402/4620 (30%)  
[  5] 326.00-327.00 sec   221 KBytes  1.81 Mbits/sec  0.316 ms  1207/3471 (35%)  
[  5] 327.00-328.00 sec   136 KBytes  1.11 Mbits/sec  0.217 ms  688/2079 (33%)  
[  5] 328.00-329.00 sec   175 KBytes  1.43 Mbits/sec  0.277 ms  936/2726 (34%)  
[  5] 329.00-330.00 sec   274 KBytes  2.24 Mbits/sec  0.214 ms  1320/4124 (32%)  
[  5] 330.00-331.00 sec   222 KBytes  1.82 Mbits/sec  0.221 ms  1061/3330 (32%)  
[  5] 331.00-332.00 sec   241 KBytes  1.98 Mbits/sec  0.218 ms  1459/3931 (37%)  
[  5] 332.00-333.00 sec   227 KBytes  1.86 Mbits/sec  0.219 ms  978/3299 (30%)  
[  5] 333.00-334.00 sec   181 KBytes  1.48 Mbits/sec  0.215 ms  878/2729 (32%)  
[  5] 334.00-335.00 sec   262 KBytes  2.14 Mbits/sec  0.215 ms  1309/3991 (33%)  
[  5] 335.00-336.00 sec   227 KBytes  1.86 Mbits/sec  0.212 ms  929/3250 (29%)  
[  5] 336.00-337.00 sec   280 KBytes  2.30 Mbits/sec  0.217 ms  1232/4103 (30%)  
[  5] 337.00-338.00 sec   214 KBytes  1.75 Mbits/sec  0.223 ms  1241/3432 (36%)  
[  5] 338.00-339.00 sec   255 KBytes  2.09 Mbits/sec  0.209 ms  1389/4000 (35%)  
[  5] 339.00-340.00 sec   224 KBytes  1.83 Mbits/sec  0.218 ms  1112/3406 (33%)  
[  5] 340.00-341.00 sec   226 KBytes  1.85 Mbits/sec  0.210 ms  909/3226 (28%)  
[  5] 341.00-342.00 sec   271 KBytes  2.22 Mbits/sec  0.229 ms  1153/3932 (29%)  
[  5] 342.00-343.00 sec   215 KBytes  1.76 Mbits/sec  0.220 ms  1139/3344 (34%)  
[  5] 343.00-344.00 sec   234 KBytes  1.92 Mbits/sec  0.235 ms  1670/4071 (41%)  
[  5] 344.00-345.00 sec   227 KBytes  1.86 Mbits/sec  0.219 ms  1025/3346 (31%)  
[  5] 345.00-346.00 sec   254 KBytes  2.08 Mbits/sec  0.406 ms  1241/3844 (32%)  
[  5] 346.00-347.00 sec   227 KBytes  1.86 Mbits/sec  0.214 ms  1482/3803 (39%)  
[  5] 347.00-348.00 sec   269 KBytes  2.20 Mbits/sec  0.217 ms  1299/4051 (32%)  
[  5] 348.00-349.00 sec   272 KBytes  2.23 Mbits/sec  0.219 ms  1522/4306 (35%)  
[  5] 349.00-350.00 sec   235 KBytes  1.92 Mbits/sec  0.230 ms  1567/3972 (39%)  
[  5] 350.00-351.00 sec   226 KBytes  1.85 Mbits/sec  0.225 ms  1282/3598 (36%)  
[  5] 351.00-352.00 sec   256 KBytes  2.10 Mbits/sec  0.215 ms  2046/4667 (44%)  
[  5] 352.00-353.00 sec   260 KBytes  2.13 Mbits/sec  0.221 ms  2677/5342 (50%)  
[  5] 353.00-354.00 sec   214 KBytes  1.75 Mbits/sec  0.219 ms  1569/3759 (42%)  
[  5] 354.00-355.00 sec   271 KBytes  2.22 Mbits/sec  0.217 ms  1675/4454 (38%)  
[  5] 355.00-356.00 sec   278 KBytes  2.27 Mbits/sec  0.220 ms  1717/4560 (38%)  
[  5] 356.00-357.00 sec   264 KBytes  2.17 Mbits/sec  0.234 ms  1708/4414 (39%)  
[  5] 357.00-358.00 sec   226 KBytes  1.85 Mbits/sec  0.210 ms  4377/6694 (65%)  
[  5] 358.00-359.00 sec   231 KBytes  1.89 Mbits/sec  0.219 ms  2486/4855 (51%)  
[  5] 359.00-360.00 sec   259 KBytes  2.13 Mbits/sec  0.232 ms  2266/4923 (46%)  
[  5] 360.00-361.00 sec   271 KBytes  2.22 Mbits/sec  0.205 ms  1877/4656 (40%)  
[  5] 361.00-362.00 sec   224 KBytes  1.83 Mbits/sec  0.219 ms  1602/3894 (41%)  
[  5] 362.00-363.00 sec   234 KBytes  1.92 Mbits/sec  0.209 ms  2625/5025 (52%)  
[  5] 363.00-364.00 sec   250 KBytes  2.05 Mbits/sec  0.201 ms  3055/5616 (54%)  
[  5] 364.00-365.00 sec   226 KBytes  1.85 Mbits/sec  0.205 ms  1788/4105 (44%)  
[  5] 365.00-366.00 sec   235 KBytes  1.93 Mbits/sec  0.199 ms  1682/4090 (41%)  
[  5] 366.00-367.00 sec   255 KBytes  2.09 Mbits/sec  0.217 ms  2102/4714 (45%)  
[  5] 367.00-368.00 sec   281 KBytes  2.30 Mbits/sec  0.217 ms  2279/5154 (44%)  
[  5] 368.00-369.00 sec   203 KBytes  1.66 Mbits/sec  0.216 ms  2092/4170 (50%)  
[  5] 369.00-370.00 sec   271 KBytes  2.22 Mbits/sec  0.217 ms  2056/4835 (43%)  
[  5] 370.00-371.00 sec   257 KBytes  2.10 Mbits/sec  0.215 ms  2610/5239 (50%)  
[  5] 371.00-372.00 sec   226 KBytes  1.85 Mbits/sec  0.217 ms  1757/4073 (43%)  
[  5] 372.00-373.00 sec   256 KBytes  2.10 Mbits/sec  0.230 ms  2307/4931 (47%)  
[  5] 373.00-374.00 sec   278 KBytes  2.27 Mbits/sec  0.218 ms  2065/4907 (42%)  
[  5] 374.00-375.00 sec   224 KBytes  1.83 Mbits/sec  0.223 ms  1655/3947 (42%)  
[  5] 375.00-376.00 sec   257 KBytes  2.10 Mbits/sec  0.221 ms  2425/5055 (48%)  
[  5] 376.00-377.00 sec   227 KBytes  1.86 Mbits/sec  0.223 ms  1552/3873 (40%)  
[  5] 377.00-378.00 sec   273 KBytes  2.23 Mbits/sec  0.220 ms  2036/4827 (42%)  
[  5] 378.00-379.00 sec   272 KBytes  2.23 Mbits/sec  0.216 ms  2375/5158 (46%)  
[  5] 379.00-380.00 sec   226 KBytes  1.85 Mbits/sec  0.219 ms  1764/4080 (43%)  
[  5] 380.00-381.00 sec   281 KBytes  2.30 Mbits/sec  0.251 ms  1990/4865 (41%)  
[  5] 381.00-382.00 sec   271 KBytes  2.22 Mbits/sec  0.220 ms  1938/4717 (41%)  
[  5] 382.00-383.00 sec   221 KBytes  1.81 Mbits/sec  0.238 ms  1597/3861 (41%)  
[  5] 383.00-384.00 sec   279 KBytes  2.29 Mbits/sec  0.220 ms  1944/4805 (40%)  
[  5] 384.00-385.00 sec   219 KBytes  1.79 Mbits/sec  0.219 ms  1538/3777 (41%)  
[  5] 385.00-386.00 sec   266 KBytes  2.18 Mbits/sec  0.215 ms  1955/4676 (42%)  
[  5] 386.00-387.00 sec   264 KBytes  2.16 Mbits/sec  0.220 ms  2198/4898 (45%)  
[  5] 387.00-388.00 sec   208 KBytes  1.71 Mbits/sec  1.801 ms  2075/4207 (49%)  
[  5] 388.00-389.00 sec   261 KBytes  2.13 Mbits/sec  0.261 ms  2242/4910 (46%)  
[  5] 389.00-390.00 sec   223 KBytes  1.83 Mbits/sec  0.223 ms  2649/4934 (54%)  
[  5] 390.00-391.00 sec   217 KBytes  1.78 Mbits/sec  0.221 ms  1835/4057 (45%)  
[  5] 391.00-392.00 sec   226 KBytes  1.85 Mbits/sec  0.248 ms  1830/4146 (44%)  
[  5] 392.00-393.00 sec   272 KBytes  2.24 Mbits/sec  0.235 ms  2590/5380 (48%)  
[  5] 393.00-394.00 sec   257 KBytes  2.10 Mbits/sec  0.233 ms  2264/4896 (46%)  
[  5] 394.00-395.00 sec   226 KBytes  1.85 Mbits/sec  0.217 ms  1809/4122 (44%)  
[  5] 395.00-396.00 sec   281 KBytes  2.30 Mbits/sec  0.220 ms  1896/4771 (40%)  
[  5] 396.00-397.00 sec   271 KBytes  2.22 Mbits/sec  0.225 ms  1875/4647 (40%)  
[  5] 397.00-398.00 sec   224 KBytes  1.83 Mbits/sec  0.222 ms  2066/4357 (47%)  
[  5] 398.00-399.00 sec   268 KBytes  2.20 Mbits/sec  0.218 ms  1962/4710 (42%)  
[  5] 399.00-400.00 sec   212 KBytes  1.73 Mbits/sec  0.210 ms  1730/3897 (44%)  
[  5] 400.00-401.00 sec   243 KBytes  1.99 Mbits/sec  0.202 ms  2249/4740 (47%)  
[  5] 401.00-402.00 sec   273 KBytes  2.23 Mbits/sec  0.872 ms  1907/4700 (41%)  
[  5] 402.00-403.00 sec   214 KBytes  1.75 Mbits/sec  0.219 ms  1806/3997 (45%)  
[  5] 403.00-404.00 sec   258 KBytes  2.12 Mbits/sec  0.217 ms  2210/4855 (46%)  
[  5] 404.00-405.00 sec   234 KBytes  1.92 Mbits/sec  0.212 ms  1694/4088 (41%)  
[  5] 405.00-406.00 sec   269 KBytes  2.20 Mbits/sec  0.204 ms  1978/4728 (42%)  
[  5] 406.00-407.00 sec   251 KBytes  2.05 Mbits/sec  0.211 ms  2097/4664 (45%)  
[  5] 407.00-408.00 sec   227 KBytes  1.86 Mbits/sec  0.306 ms  1719/4040 (43%)  
[  5] 408.00-409.00 sec   215 KBytes  1.76 Mbits/sec  0.221 ms  1838/4035 (46%)  
[  5] 409.00-410.00 sec   253 KBytes  2.07 Mbits/sec  0.219 ms  2207/4796 (46%)  
[  5] 410.00-411.00 sec   235 KBytes  1.93 Mbits/sec  0.233 ms  1663/4072 (41%)  
[  5] 411.00-412.00 sec   226 KBytes  1.85 Mbits/sec  0.202 ms  1696/4012 (42%)  
[  5] 412.00-413.00 sec  65.6 KBytes   537 Kbits/sec  0.216 ms  563/1235 (46%)  
[  5] 413.00-414.00 sec   261 KBytes  2.14 Mbits/sec  0.219 ms  2506/5174 (48%)  
[  5] 414.00-415.00 sec   205 KBytes  1.68 Mbits/sec  0.212 ms  2003/4098 (49%)  
[  5] 415.00-416.00 sec   202 KBytes  1.66 Mbits/sec  0.304 ms  2447/4518 (54%)  
[  5] 416.00-417.00 sec   205 KBytes  1.68 Mbits/sec  0.211 ms  2010/4114 (49%)  
[  5] 417.00-418.00 sec   178 KBytes  1.46 Mbits/sec  0.216 ms  1246/3066 (41%)  
[  5] 418.00-419.00 sec   279 KBytes  2.29 Mbits/sec  0.216 ms  2098/4955 (42%)  
[  5] 419.00-420.00 sec   227 KBytes  1.86 Mbits/sec  0.225 ms  1681/4002 (42%)  
[  5] 420.00-421.00 sec   224 KBytes  1.83 Mbits/sec  0.218 ms  1632/3923 (42%)  
[  5] 421.00-422.00 sec   276 KBytes  2.27 Mbits/sec  0.219 ms  2456/5287 (46%)  
[  5] 422.00-423.00 sec   224 KBytes  1.83 Mbits/sec  0.238 ms  1770/4060 (44%)  
[  5] 423.00-424.00 sec   271 KBytes  2.22 Mbits/sec  0.300 ms  1910/4689 (41%)  
[  5] 424.00-425.00 sec   227 KBytes  1.86 Mbits/sec  0.265 ms  1602/3923 (41%)  
[  5] 425.00-426.00 sec   278 KBytes  2.28 Mbits/sec  0.220 ms  2010/4859 (41%)  
[  5] 426.00-427.00 sec   220 KBytes  1.80 Mbits/sec  0.211 ms  1587/3842 (41%)  
[  5] 427.00-428.00 sec   271 KBytes  2.22 Mbits/sec  0.201 ms  1959/4738 (41%)  
[  5] 428.00-429.00 sec   213 KBytes  1.75 Mbits/sec  0.261 ms  1514/3695 (41%)  
[  5] 429.00-430.00 sec   267 KBytes  2.19 Mbits/sec  0.213 ms  2495/5234 (48%)  
