[m46mr3_qoe_seed257] talking to gNB E2 agent (listen=6600, gNB=6655)...

Omega log: /home/kmanojp/oranslice_rig/experiments/results/m46_mr3b/qoe/seed257/omega_log.jsonl
{
  "run_id": "m46mr3_qoe_seed257",
  "algorithm": "dqn",
  "mode": "live_testbed",
  "seed": 951,
  "n_episodes": 1,
  "mean_reward_per_step": -0.11486042299932904,
  "mean_blocks_per_episode": 122.0,
  "mean_urllc_blocks_per_episode": 44.0,
  "blocks_per_episode": [
    122
  ],
  "blocks_per_episode_by_slice": [
    {
      "mmtc": 43,
      "urllc": 44,
      "embb": 35
    }
  ],
  "mean_rho": null,
  "omega_path": "/home/kmanojp/oranslice_rig/experiments/results/m46_mr3b/qoe/seed257/omega_log.jsonl",
  "checkpoint_path": "",
  "drift_flag": true,
  "drift_reason": "mean URLLC block rate 44.00/episode exceeds 2x the 1.0/episode acceptance bar",
  "sla_compliance_by_slice": {
    "embb": 0.0,
    "urllc": 0.016666666666666666,
    "mmtc": 1.0
  },
  "sla_compliance_all_slices": 0.0,
  "sla_compliance_by_slice_per_episode": [
    {
      "embb": 0.0,
      "urllc": 0.016666666666666666,
      "mmtc": 1.0
    }
  ],
  "sla_margin_by_slice": {
    "embb": -9269.090049999999,
    "urllc": -9149.374066666665,
    "mmtc": 0.9980999976289335
  },
  "sla_margin_by_slice_per_episode": [
    {
      "embb": -9269.090049999999,
      "urllc": -9149.374066666665,
      "mmtc": 0.9980999976289335
    }
  ],
  "mean_mos_by_slice": {
    "embb": 1.5315158665180206,
    "urllc": 1.0558131694793702,
    "mmtc": 4.942145888010661
  },
  "mean_cost": 0.0,
  "mean_sla_viol": 0.9846333333333334
}
