Connecting to host 172.22.0.50, port 5201
Reverse mode, remote host 172.22.0.50 is sending
[  5] local 192.168.100.2 port 45719 connected to 172.22.0.50 port 5201
[ ID] Interval           Transfer     Bitrate         Jitter    Lost/Total Datagrams
[  5]   0.00-1.00   sec   423 KBytes  3.47 Mbits/sec  0.641 ms  0/361 (0%)  
[  5]   1.00-2.00   sec   477 KBytes  3.90 Mbits/sec  0.697 ms  0/407 (0%)  
[  5]   2.00-3.00   sec   471 KBytes  3.86 Mbits/sec  0.707 ms  0/402 (0%)  
[  5]   3.00-4.00   sec   485 KBytes  3.97 Mbits/sec  0.472 ms  0/414 (0%)  
[  5]   4.00-5.00   sec   458 KBytes  3.75 Mbits/sec  0.694 ms  0/391 (0%)  
[  5]   5.00-6.00   sec   480 KBytes  3.94 Mbits/sec  0.732 ms  0/410 (0%)  
[  5]   6.00-7.00   sec   483 KBytes  3.96 Mbits/sec  0.802 ms  0/412 (0%)  
[  5]   7.00-8.00   sec   470 KBytes  3.85 Mbits/sec  0.709 ms  0/401 (0%)  
[  5]   8.00-9.00   sec   472 KBytes  3.87 Mbits/sec  0.755 ms  0/403 (0%)  
[  5]   9.00-10.00  sec   469 KBytes  3.84 Mbits/sec  0.727 ms  0/400 (0%)  
[  5]  10.00-11.00  sec   479 KBytes  3.93 Mbits/sec  1.017 ms  0/409 (0%)  
[  5]  11.00-12.00  sec   476 KBytes  3.90 Mbits/sec  0.669 ms  0/406 (0%)  
[  5]  12.00-13.00  sec   476 KBytes  3.90 Mbits/sec  0.585 ms  0/406 (0%)  
[  5]  13.00-14.00  sec   457 KBytes  3.74 Mbits/sec  1.033 ms  0/390 (0%)  
[  5]  14.00-15.00  sec   457 KBytes  3.74 Mbits/sec  0.531 ms  0/390 (0%)  
[  5]  15.00-16.00  sec   479 KBytes  3.93 Mbits/sec  0.842 ms  0/409 (0%)  
[  5]  16.00-17.00  sec   486 KBytes  3.98 Mbits/sec  0.666 ms  0/415 (0%)  
[  5]  17.00-18.00  sec   452 KBytes  3.71 Mbits/sec  0.504 ms  0/386 (0%)  
[  5]  18.00-19.00  sec   465 KBytes  3.81 Mbits/sec  0.665 ms  0/397 (0%)  
[  5]  19.00-20.00  sec   484 KBytes  3.97 Mbits/sec  0.594 ms  0/413 (0%)  
[  5]  20.00-21.00  sec   482 KBytes  3.94 Mbits/sec  0.680 ms  0/411 (0%)  
[  5]  21.00-22.00  sec   482 KBytes  3.95 Mbits/sec  0.644 ms  0/411 (0%)  
[  5]  22.00-23.00  sec   471 KBytes  3.86 Mbits/sec  0.880 ms  0/402 (0%)  
[  5]  23.00-24.00  sec   454 KBytes  3.71 Mbits/sec  1.017 ms  0/387 (0%)  
[  5]  24.00-25.00  sec   408 KBytes  3.34 Mbits/sec  0.901 ms  0/348 (0%)  
[  5]  25.00-26.00  sec   472 KBytes  3.87 Mbits/sec  0.556 ms  0/403 (0%)  
[  5]  26.00-27.00  sec   486 KBytes  3.98 Mbits/sec  0.847 ms  0/415 (0%)  
[  5]  27.00-28.00  sec   404 KBytes  3.31 Mbits/sec  3.160 ms  0/345 (0%)  
[  5]  28.00-29.00  sec   472 KBytes  3.87 Mbits/sec  1.055 ms  0/403 (0%)  
[  5]  29.00-30.00  sec   469 KBytes  3.84 Mbits/sec  0.658 ms  0/400 (0%)  
[  5]  30.00-31.00  sec   461 KBytes  3.77 Mbits/sec  0.882 ms  0/393 (0%)  
[  5]  31.00-32.00  sec   459 KBytes  3.76 Mbits/sec  0.704 ms  0/392 (0%)  
[  5]  32.00-33.00  sec   463 KBytes  3.79 Mbits/sec  0.722 ms  0/395 (0%)  
[  5]  33.00-34.00  sec   475 KBytes  3.89 Mbits/sec  0.871 ms  0/405 (0%)  
[  5]  34.00-35.00  sec   477 KBytes  3.90 Mbits/sec  1.011 ms  0/407 (0%)  
[  5]  35.00-36.00  sec   449 KBytes  3.68 Mbits/sec  0.736 ms  0/384 (0%)  
[  5]  36.00-37.00  sec   449 KBytes  3.67 Mbits/sec  0.720 ms  0/383 (0%)  
[  5]  37.00-38.00  sec   469 KBytes  3.84 Mbits/sec  0.714 ms  0/401 (0%)  
[  5]  38.00-39.00  sec   471 KBytes  3.86 Mbits/sec  0.835 ms  0/402 (0%)  
[  5]  39.00-40.00  sec   448 KBytes  3.67 Mbits/sec  0.674 ms  0/382 (0%)  
[  5]  40.00-41.00  sec   484 KBytes  3.96 Mbits/sec  0.706 ms  0/413 (0%)  
[  5]  41.00-42.00  sec   479 KBytes  3.93 Mbits/sec  0.728 ms  0/409 (0%)  
[  5]  42.00-43.00  sec   475 KBytes  3.89 Mbits/sec  0.561 ms  0/405 (0%)  
[  5]  43.00-44.00  sec   484 KBytes  3.97 Mbits/sec  0.817 ms  0/413 (0%)  
[  5]  44.00-45.00  sec   475 KBytes  3.89 Mbits/sec  0.820 ms  0/405 (0%)  
[  5]  45.00-46.00  sec   452 KBytes  3.71 Mbits/sec  0.725 ms  0/386 (0%)  
[  5]  46.00-47.00  sec   480 KBytes  3.93 Mbits/sec  0.735 ms  0/410 (0%)  
[  5]  47.00-48.00  sec   476 KBytes  3.90 Mbits/sec  0.702 ms  0/406 (0%)  
[  5]  48.00-49.00  sec   486 KBytes  3.98 Mbits/sec  0.697 ms  0/415 (0%)  
[  5]  49.00-50.00  sec   486 KBytes  3.99 Mbits/sec  0.630 ms  0/415 (0%)  
[  5]  50.00-51.00  sec   455 KBytes  3.72 Mbits/sec  0.871 ms  0/388 (0%)  
[  5]  51.00-52.00  sec   480 KBytes  3.94 Mbits/sec  0.697 ms  0/410 (0%)  
[  5]  52.00-53.00  sec   475 KBytes  3.89 Mbits/sec  0.608 ms  0/405 (0%)  
[  5]  53.00-54.00  sec   483 KBytes  3.96 Mbits/sec  0.571 ms  0/412 (0%)  
[  5]  54.00-55.00  sec   459 KBytes  3.76 Mbits/sec  0.920 ms  0/392 (0%)  
[  5]  55.00-56.00  sec   441 KBytes  3.61 Mbits/sec  0.929 ms  0/376 (0%)  
[  5]  56.00-57.00  sec   471 KBytes  3.86 Mbits/sec  0.756 ms  0/402 (0%)  
[  5]  57.00-58.00  sec   465 KBytes  3.81 Mbits/sec  0.699 ms  0/397 (0%)  
[  5]  58.00-59.00  sec   473 KBytes  3.88 Mbits/sec  0.674 ms  0/404 (0%)  
[  5]  59.00-60.00  sec   457 KBytes  3.74 Mbits/sec  0.951 ms  0/390 (0%)  
[  5]  60.00-61.00  sec   461 KBytes  3.77 Mbits/sec  0.672 ms  0/393 (0%)  
[  5]  61.00-62.00  sec   485 KBytes  3.98 Mbits/sec  0.712 ms  0/414 (0%)  
[  5]  62.00-63.00  sec   473 KBytes  3.88 Mbits/sec  0.725 ms  0/404 (0%)  
[  5]  63.00-64.00  sec   476 KBytes  3.90 Mbits/sec  0.633 ms  0/406 (0%)  
[  5]  64.00-65.00  sec   482 KBytes  3.95 Mbits/sec  0.829 ms  0/411 (0%)  
[  5]  65.00-66.00  sec   484 KBytes  3.96 Mbits/sec  0.612 ms  0/413 (0%)  
[  5]  66.00-67.00  sec   477 KBytes  3.91 Mbits/sec  0.571 ms  0/407 (0%)  
[  5]  67.00-68.00  sec   478 KBytes  3.92 Mbits/sec  0.505 ms  0/408 (0%)  
[  5]  68.00-69.00  sec   479 KBytes  3.93 Mbits/sec  0.765 ms  0/409 (0%)  
[  5]  69.00-70.00  sec   466 KBytes  3.82 Mbits/sec  0.716 ms  0/398 (0%)  
[  5]  70.00-71.00  sec   459 KBytes  3.76 Mbits/sec  0.453 ms  0/392 (0%)  
[  5]  71.00-72.00  sec   483 KBytes  3.96 Mbits/sec  0.645 ms  0/412 (0%)  
[  5]  72.00-73.00  sec   479 KBytes  3.93 Mbits/sec  0.762 ms  0/409 (0%)  
[  5]  73.00-74.00  sec   464 KBytes  3.80 Mbits/sec  0.764 ms  0/396 (0%)  
[  5]  74.00-75.00  sec   449 KBytes  3.67 Mbits/sec  0.943 ms  0/383 (0%)  
[  5]  75.00-76.00  sec   471 KBytes  3.86 Mbits/sec  0.682 ms  0/402 (0%)  
[  5]  76.00-77.00  sec   483 KBytes  3.95 Mbits/sec  0.664 ms  0/412 (0%)  
[  5]  77.00-78.00  sec   475 KBytes  3.89 Mbits/sec  0.629 ms  0/405 (0%)  
[  5]  78.00-79.00  sec   480 KBytes  3.94 Mbits/sec  0.612 ms  0/410 (0%)  
[  5]  79.00-80.00  sec   438 KBytes  3.59 Mbits/sec  1.209 ms  0/374 (0%)  
[  5]  80.00-81.00  sec   463 KBytes  3.79 Mbits/sec  0.656 ms  0/395 (0%)  
[  5]  81.00-82.00  sec   478 KBytes  3.92 Mbits/sec  0.635 ms  0/408 (0%)  
[  5]  82.00-83.00  sec   473 KBytes  3.88 Mbits/sec  0.509 ms  0/404 (0%)  
[  5]  83.00-84.00  sec   477 KBytes  3.91 Mbits/sec  0.669 ms  0/407 (0%)  
[  5]  84.00-85.00  sec   454 KBytes  3.72 Mbits/sec  0.592 ms  0/387 (0%)  
[  5]  85.00-86.00  sec   476 KBytes  3.89 Mbits/sec  0.835 ms  0/406 (0%)  
[  5]  86.00-87.00  sec   465 KBytes  3.81 Mbits/sec  0.601 ms  0/397 (0%)  
[  5]  87.00-88.00  sec   470 KBytes  3.85 Mbits/sec  0.630 ms  0/401 (0%)  
[  5]  88.00-89.00  sec   475 KBytes  3.89 Mbits/sec  0.636 ms  0/405 (0%)  
[  5]  89.00-90.00  sec   449 KBytes  3.68 Mbits/sec  0.671 ms  0/383 (0%)  
[  5]  90.00-91.00  sec   479 KBytes  3.93 Mbits/sec  0.560 ms  0/409 (0%)  
[  5]  91.00-92.00  sec   477 KBytes  3.91 Mbits/sec  0.686 ms  0/407 (0%)  
[  5]  92.00-93.00  sec   448 KBytes  3.67 Mbits/sec  0.871 ms  0/382 (0%)  
[  5]  93.00-94.00  sec   469 KBytes  3.84 Mbits/sec  0.761 ms  0/400 (0%)  
[  5]  94.00-95.00  sec   461 KBytes  3.78 Mbits/sec  0.799 ms  0/393 (0%)  
[  5]  95.00-96.00  sec   472 KBytes  3.87 Mbits/sec  0.797 ms  0/403 (0%)  
[  5]  96.00-97.00  sec   470 KBytes  3.85 Mbits/sec  0.461 ms  0/401 (0%)  
[  5]  97.00-98.00  sec   475 KBytes  3.89 Mbits/sec  0.718 ms  0/405 (0%)  
[  5]  98.00-99.00  sec   485 KBytes  3.97 Mbits/sec  0.686 ms  0/414 (0%)  
[  5]  99.00-100.00 sec   482 KBytes  3.95 Mbits/sec  0.618 ms  0/411 (0%)  
[  5] 100.00-101.00 sec   471 KBytes  3.86 Mbits/sec  0.943 ms  0/402 (0%)  
[  5] 101.00-102.00 sec   451 KBytes  3.70 Mbits/sec  0.983 ms  0/385 (0%)  
[  5] 102.00-103.00 sec   473 KBytes  3.88 Mbits/sec  0.677 ms  0/404 (0%)  
[  5] 103.00-104.00 sec   484 KBytes  3.96 Mbits/sec  0.766 ms  0/413 (0%)  
[  5] 104.00-105.00 sec   471 KBytes  3.86 Mbits/sec  0.557 ms  0/402 (0%)  
[  5] 105.00-106.00 sec   466 KBytes  3.82 Mbits/sec  0.795 ms  0/398 (0%)  
[  5] 106.00-107.00 sec   485 KBytes  3.97 Mbits/sec  0.779 ms  0/414 (0%)  
[  5] 107.00-108.00 sec   476 KBytes  3.90 Mbits/sec  0.825 ms  0/406 (0%)  
[  5] 108.00-109.00 sec   486 KBytes  3.98 Mbits/sec  0.631 ms  0/415 (0%)  
[  5] 109.00-110.00 sec   483 KBytes  3.95 Mbits/sec  0.755 ms  0/412 (0%)  
[  5] 110.00-111.00 sec   465 KBytes  3.81 Mbits/sec  0.791 ms  0/397 (0%)  
[  5] 111.00-112.00 sec   430 KBytes  3.52 Mbits/sec  0.952 ms  0/367 (0%)  
[  5] 112.00-113.00 sec   464 KBytes  3.80 Mbits/sec  0.633 ms  0/396 (0%)  
[  5] 113.00-114.00 sec   482 KBytes  3.95 Mbits/sec  0.810 ms  0/411 (0%)  
[  5] 114.00-115.00 sec   488 KBytes  3.99 Mbits/sec  0.660 ms  0/416 (0%)  
[  5] 115.00-116.00 sec   480 KBytes  3.94 Mbits/sec  0.670 ms  0/410 (0%)  
[  5] 116.00-117.00 sec   483 KBytes  3.96 Mbits/sec  0.750 ms  0/412 (0%)  
[  5] 117.00-118.00 sec   479 KBytes  3.93 Mbits/sec  0.782 ms  0/409 (0%)  
[  5] 118.00-119.00 sec   480 KBytes  3.94 Mbits/sec  0.706 ms  0/410 (0%)  
[  5] 119.00-120.00 sec   479 KBytes  3.93 Mbits/sec  0.506 ms  0/409 (0%)  
[  5] 120.00-121.00 sec   476 KBytes  3.90 Mbits/sec  0.877 ms  0/406 (0%)  
[  5] 121.00-122.00 sec   448 KBytes  3.67 Mbits/sec  0.766 ms  0/382 (0%)  
[  5] 122.00-123.00 sec   475 KBytes  3.89 Mbits/sec  0.555 ms  0/405 (0%)  
[  5] 123.00-124.00 sec   484 KBytes  3.96 Mbits/sec  0.985 ms  0/413 (0%)  
[  5] 124.00-125.00 sec   484 KBytes  3.97 Mbits/sec  0.746 ms  0/413 (0%)  
[  5] 125.00-126.00 sec   472 KBytes  3.87 Mbits/sec  0.663 ms  0/403 (0%)  
[  5] 126.00-127.00 sec   461 KBytes  3.77 Mbits/sec  0.664 ms  0/393 (0%)  
[  5] 127.00-128.00 sec   471 KBytes  3.86 Mbits/sec  0.790 ms  0/402 (0%)  
[  5] 128.00-129.00 sec   478 KBytes  3.92 Mbits/sec  0.907 ms  0/408 (0%)  
[  5] 129.00-130.00 sec   483 KBytes  3.96 Mbits/sec  0.644 ms  0/412 (0%)  
[  5] 130.00-131.00 sec   459 KBytes  3.76 Mbits/sec  0.844 ms  0/392 (0%)  
[  5] 131.00-132.00 sec   457 KBytes  3.75 Mbits/sec  1.045 ms  0/390 (0%)  
[  5] 132.00-133.00 sec   475 KBytes  3.89 Mbits/sec  0.856 ms  0/405 (0%)  
[  5] 133.00-134.00 sec   482 KBytes  3.94 Mbits/sec  0.689 ms  0/411 (0%)  
[  5] 134.00-135.00 sec   486 KBytes  3.99 Mbits/sec  0.567 ms  0/415 (0%)  
[  5] 135.00-136.00 sec   479 KBytes  3.93 Mbits/sec  0.530 ms  0/409 (0%)  
[  5] 136.00-137.00 sec   435 KBytes  3.56 Mbits/sec  0.723 ms  0/371 (0%)  
[  5] 137.00-138.00 sec   484 KBytes  3.97 Mbits/sec  0.720 ms  0/413 (0%)  
[  5] 138.00-139.00 sec   482 KBytes  3.95 Mbits/sec  0.569 ms  0/411 (0%)  
[  5] 139.00-140.00 sec   480 KBytes  3.94 Mbits/sec  0.561 ms  0/410 (0%)  
[  5] 140.00-141.00 sec   468 KBytes  3.83 Mbits/sec  0.657 ms  0/399 (0%)  
[  5] 141.00-142.00 sec   475 KBytes  3.89 Mbits/sec  0.630 ms  0/405 (0%)  
[  5] 142.00-143.00 sec   465 KBytes  3.81 Mbits/sec  0.835 ms  0/397 (0%)  
[  5] 143.00-144.00 sec   466 KBytes  3.82 Mbits/sec  0.675 ms  0/398 (0%)  
[  5] 144.00-145.00 sec   475 KBytes  3.89 Mbits/sec  0.505 ms  0/405 (0%)  
[  5] 145.00-146.00 sec   483 KBytes  3.96 Mbits/sec  0.664 ms  0/412 (0%)  
[  5] 146.00-147.00 sec   485 KBytes  3.97 Mbits/sec  0.744 ms  0/414 (0%)  
[  5] 147.00-148.00 sec   476 KBytes  3.90 Mbits/sec  0.610 ms  0/406 (0%)  
[  5] 148.00-149.00 sec   482 KBytes  3.95 Mbits/sec  0.584 ms  0/411 (0%)  
[  5] 149.00-150.00 sec   432 KBytes  3.54 Mbits/sec  0.910 ms  0/369 (0%)  
[  5] 150.00-151.00 sec   454 KBytes  3.72 Mbits/sec  0.645 ms  0/387 (0%)  
[  5] 151.00-152.00 sec   480 KBytes  3.94 Mbits/sec  0.620 ms  0/410 (0%)  
[  5] 152.00-153.00 sec   475 KBytes  3.89 Mbits/sec  0.648 ms  0/405 (0%)  
