Connecting to host 172.22.0.50, port 5202
Reverse mode, remote host 172.22.0.50 is sending
[  5] local 192.168.102.2 port 53267 connected to 172.22.0.50 port 5202
[ ID] Interval           Transfer     Bitrate         Jitter    Lost/Total Datagrams
[  5]   0.00-1.00   sec  36.8 KBytes   301 Kbits/sec  1.070 ms  0/377 (0%)  
[  5]   1.00-2.00   sec  36.4 KBytes   298 Kbits/sec  1.375 ms  0/373 (0%)  
[  5]   2.00-3.00   sec  36.7 KBytes   301 Kbits/sec  1.662 ms  0/376 (0%)  
[  5]   3.00-4.00   sec  36.6 KBytes   300 Kbits/sec  1.708 ms  0/375 (0%)  
[  5]   4.00-5.00   sec  36.6 KBytes   300 Kbits/sec  1.349 ms  0/375 (0%)  
[  5]   5.00-6.00   sec  36.6 KBytes   300 Kbits/sec  1.526 ms  0/375 (0%)  
[  5]   6.00-7.00   sec  36.5 KBytes   299 Kbits/sec  1.576 ms  0/375 (0%)  
[  5]   7.00-8.00   sec  36.6 KBytes   300 Kbits/sec  1.578 ms  0/375 (0%)  
[  5]   8.00-9.00   sec  36.6 KBytes   300 Kbits/sec  1.858 ms  0/375 (0%)  
[  5]   9.00-10.00  sec  36.7 KBytes   301 Kbits/sec  1.414 ms  0/376 (0%)  
[  5]  10.00-11.00  sec  36.5 KBytes   299 Kbits/sec  1.458 ms  0/374 (0%)  
[  5]  11.00-12.00  sec  36.6 KBytes   300 Kbits/sec  1.565 ms  0/375 (0%)  
[  5]  12.00-13.00  sec  36.6 KBytes   300 Kbits/sec  1.472 ms  0/375 (0%)  
[  5]  13.00-14.00  sec  36.6 KBytes   300 Kbits/sec  1.337 ms  0/375 (0%)  
[  5]  14.00-15.00  sec  36.7 KBytes   301 Kbits/sec  1.392 ms  0/376 (0%)  
[  5]  15.00-16.00  sec  36.6 KBytes   300 Kbits/sec  1.288 ms  0/375 (0%)  
[  5]  16.00-17.00  sec  36.6 KBytes   300 Kbits/sec  1.628 ms  0/375 (0%)  
[  5]  17.00-18.00  sec  36.6 KBytes   300 Kbits/sec  1.655 ms  0/375 (0%)  
[  5]  18.00-19.00  sec  36.4 KBytes   298 Kbits/sec  1.836 ms  0/373 (0%)  
[  5]  19.00-20.00  sec  36.7 KBytes   301 Kbits/sec  1.558 ms  0/376 (0%)  
[  5]  20.00-21.00  sec  36.6 KBytes   300 Kbits/sec  1.433 ms  0/375 (0%)  
[  5]  21.00-22.00  sec  36.6 KBytes   300 Kbits/sec  1.501 ms  0/375 (0%)  
[  5]  22.00-23.00  sec  36.6 KBytes   300 Kbits/sec  1.338 ms  0/375 (0%)  
[  5]  23.00-24.00  sec  36.7 KBytes   301 Kbits/sec  1.433 ms  0/376 (0%)  
[  5]  24.00-25.00  sec  16.7 KBytes   137 Kbits/sec  2.060 ms  0/171 (0%)  
[  5]  25.00-26.00  sec  30.6 KBytes   250 Kbits/sec  1.764 ms  266/579 (46%)  
[  5]  26.00-27.00  sec  36.5 KBytes   299 Kbits/sec  1.563 ms  0/374 (0%)  
[  5]  27.00-28.00  sec  36.5 KBytes   299 Kbits/sec  1.702 ms  0/374 (0%)  
[  5]  28.00-29.00  sec  36.8 KBytes   302 Kbits/sec  1.530 ms  0/377 (0%)  
[  5]  29.00-30.00  sec  36.5 KBytes   299 Kbits/sec  1.596 ms  0/374 (0%)  
[  5]  30.00-31.00  sec  36.7 KBytes   301 Kbits/sec  1.583 ms  0/376 (0%)  
[  5]  31.00-32.00  sec  36.6 KBytes   300 Kbits/sec  1.526 ms  0/375 (0%)  
[  5]  32.00-33.00  sec  36.5 KBytes   299 Kbits/sec  1.684 ms  0/374 (0%)  
[  5]  33.00-34.00  sec  36.7 KBytes   301 Kbits/sec  1.638 ms  0/376 (0%)  
[  5]  34.00-35.00  sec  36.5 KBytes   299 Kbits/sec  1.611 ms  0/374 (0%)  
[  5]  35.00-36.00  sec  36.6 KBytes   300 Kbits/sec  1.805 ms  0/375 (0%)  
[  5]  36.00-37.00  sec  36.6 KBytes   300 Kbits/sec  1.717 ms  0/375 (0%)  
[  5]  37.00-38.00  sec  36.7 KBytes   300 Kbits/sec  1.780 ms  0/376 (0%)  
[  5]  38.00-39.00  sec  36.4 KBytes   298 Kbits/sec  1.426 ms  0/373 (0%)  
[  5]  39.00-40.00  sec  36.8 KBytes   302 Kbits/sec  1.671 ms  0/377 (0%)  
[  5]  40.00-41.00  sec  36.5 KBytes   299 Kbits/sec  1.269 ms  0/374 (0%)  
[  5]  41.00-42.00  sec  36.6 KBytes   300 Kbits/sec  1.973 ms  0/375 (0%)  
