Connecting to host 172.22.0.50, port 5201
Reverse mode, remote host 172.22.0.50 is sending
[  5] local 192.168.100.2 port 33127 connected to 172.22.0.50 port 5201
[ ID] Interval           Transfer     Bitrate         Jitter    Lost/Total Datagrams
[  5]   0.00-1.00   sec   490 KBytes  4.01 Mbits/sec  0.880 ms  0/418 (0%)  
[  5]   1.00-2.00   sec   489 KBytes  4.00 Mbits/sec  0.926 ms  0/417 (0%)  
[  5]   2.00-3.00   sec   488 KBytes  3.99 Mbits/sec  0.772 ms  0/416 (0%)  
[  5]   3.00-4.00   sec   489 KBytes  4.00 Mbits/sec  0.806 ms  0/417 (0%)  
[  5]   4.00-5.00   sec   488 KBytes  3.99 Mbits/sec  0.938 ms  0/416 (0%)  
[  5]   5.00-6.00   sec   489 KBytes  4.00 Mbits/sec  0.840 ms  0/417 (0%)  
[  5]   6.00-7.00   sec   489 KBytes  4.00 Mbits/sec  1.203 ms  0/417 (0%)  
[  5]   7.00-8.00   sec   489 KBytes  4.00 Mbits/sec  0.911 ms  0/417 (0%)  
[  5]   8.00-9.00   sec   488 KBytes  3.99 Mbits/sec  0.789 ms  0/416 (0%)  
[  5]   9.00-10.00  sec   489 KBytes  4.00 Mbits/sec  1.003 ms  0/417 (0%)  
[  5]  10.00-11.00  sec   488 KBytes  3.99 Mbits/sec  0.662 ms  0/416 (0%)  
[  5]  11.00-12.00  sec   489 KBytes  4.00 Mbits/sec  0.837 ms  0/417 (0%)  
[  5]  12.00-13.00  sec   489 KBytes  4.00 Mbits/sec  0.670 ms  0/417 (0%)  
[  5]  13.00-14.00  sec   488 KBytes  3.99 Mbits/sec  0.655 ms  0/416 (0%)  
[  5]  14.00-15.00  sec   490 KBytes  4.01 Mbits/sec  0.855 ms  0/418 (0%)  
[  5]  15.00-16.00  sec   488 KBytes  4.00 Mbits/sec  0.856 ms  0/416 (0%)  
[  5]  16.00-17.00  sec   488 KBytes  3.99 Mbits/sec  0.782 ms  0/416 (0%)  
[  5]  17.00-18.00  sec   489 KBytes  4.00 Mbits/sec  0.820 ms  0/417 (0%)  
[  5]  18.00-19.00  sec   489 KBytes  4.00 Mbits/sec  0.885 ms  0/417 (0%)  
[  5]  19.00-20.00  sec   488 KBytes  3.99 Mbits/sec  0.887 ms  0/416 (0%)  
[  5]  20.00-21.00  sec   489 KBytes  4.00 Mbits/sec  1.019 ms  0/417 (0%)  
[  5]  21.00-22.00  sec   488 KBytes  3.99 Mbits/sec  0.853 ms  0/416 (0%)  
[  5]  22.00-23.00  sec   489 KBytes  4.00 Mbits/sec  0.650 ms  0/417 (0%)  
[  5]  23.00-24.00  sec   489 KBytes  4.00 Mbits/sec  1.034 ms  0/417 (0%)  
[  5]  24.00-25.00  sec   488 KBytes  3.99 Mbits/sec  0.813 ms  0/417 (0%)  
[  5]  25.00-26.00  sec   488 KBytes  3.99 Mbits/sec  0.721 ms  0/416 (0%)  
[  5]  26.00-27.00  sec   489 KBytes  4.00 Mbits/sec  0.752 ms  0/417 (0%)  
[  5]  27.00-28.00  sec   489 KBytes  4.00 Mbits/sec  0.978 ms  0/417 (0%)  
[  5]  28.00-29.00  sec   489 KBytes  4.00 Mbits/sec  0.917 ms  0/417 (0%)  
[  5]  29.00-30.00  sec   488 KBytes  3.99 Mbits/sec  0.849 ms  0/416 (0%)  
[  5]  30.00-31.00  sec   489 KBytes  4.00 Mbits/sec  0.732 ms  0/417 (0%)  
[  5]  31.00-32.00  sec   488 KBytes  3.99 Mbits/sec  0.670 ms  0/416 (0%)  
[  5]  32.00-33.00  sec   489 KBytes  4.00 Mbits/sec  0.839 ms  0/417 (0%)  
[  5]  33.00-34.00  sec   489 KBytes  4.00 Mbits/sec  0.920 ms  0/417 (0%)  
[  5]  34.00-35.00  sec   489 KBytes  4.00 Mbits/sec  0.860 ms  0/417 (0%)  
[  5]  35.00-36.00  sec   488 KBytes  3.99 Mbits/sec  0.761 ms  0/416 (0%)  
[  5]  36.00-37.00  sec   488 KBytes  3.99 Mbits/sec  0.886 ms  0/416 (0%)  
[  5]  37.00-38.00  sec   489 KBytes  4.00 Mbits/sec  0.886 ms  0/417 (0%)  
[  5]  38.00-39.00  sec   489 KBytes  4.00 Mbits/sec  0.879 ms  0/417 (0%)  
[  5]  39.00-40.00  sec   489 KBytes  4.00 Mbits/sec  0.801 ms  0/417 (0%)  
[  5]  40.00-41.00  sec   489 KBytes  4.00 Mbits/sec  0.994 ms  0/417 (0%)  
[  5]  41.00-42.00  sec   488 KBytes  3.99 Mbits/sec  1.055 ms  0/416 (0%)  
[  5]  42.00-43.00  sec   489 KBytes  4.00 Mbits/sec  0.946 ms  0/417 (0%)  
[  5]  43.00-44.00  sec   488 KBytes  3.99 Mbits/sec  1.116 ms  0/416 (0%)  
[  5]  44.00-45.00  sec   489 KBytes  4.00 Mbits/sec  0.515 ms  0/417 (0%)  
[  5]  45.00-46.00  sec   489 KBytes  4.00 Mbits/sec  0.824 ms  0/417 (0%)  
[  5]  46.00-47.00  sec   489 KBytes  4.00 Mbits/sec  0.866 ms  0/417 (0%)  
[  5]  47.00-48.00  sec   488 KBytes  3.99 Mbits/sec  0.825 ms  0/416 (0%)  
[  5]  48.00-49.00  sec   489 KBytes  4.00 Mbits/sec  0.787 ms  0/417 (0%)  
[  5]  49.00-50.00  sec   488 KBytes  3.99 Mbits/sec  1.066 ms  0/416 (0%)  
[  5]  50.00-51.00  sec   489 KBytes  4.00 Mbits/sec  0.956 ms  0/417 (0%)  
[  5]  51.00-52.00  sec   489 KBytes  4.00 Mbits/sec  0.786 ms  0/417 (0%)  
[  5]  52.00-53.00  sec   489 KBytes  4.00 Mbits/sec  0.714 ms  0/417 (0%)  
[  5]  53.00-54.00  sec   488 KBytes  3.99 Mbits/sec  0.857 ms  0/416 (0%)  
[  5]  54.00-55.00  sec   489 KBytes  4.00 Mbits/sec  0.959 ms  0/417 (0%)  
[  5]  55.00-56.00  sec   489 KBytes  4.00 Mbits/sec  0.736 ms  0/417 (0%)  
[  5]  56.00-57.00  sec   488 KBytes  3.99 Mbits/sec  0.811 ms  0/416 (0%)  
[  5]  57.00-58.00  sec   489 KBytes  4.00 Mbits/sec  0.925 ms  0/417 (0%)  
[  5]  58.00-59.00  sec   488 KBytes  3.99 Mbits/sec  0.886 ms  0/416 (0%)  
[  5]  59.00-60.00  sec   489 KBytes  4.00 Mbits/sec  0.868 ms  0/417 (0%)  
[  5]  60.00-61.00  sec   489 KBytes  4.00 Mbits/sec  0.846 ms  0/417 (0%)  
[  5]  61.00-62.00  sec   489 KBytes  4.00 Mbits/sec  0.798 ms  0/417 (0%)  
[  5]  62.00-63.00  sec   488 KBytes  3.99 Mbits/sec  0.767 ms  0/416 (0%)  
[  5]  63.00-64.00  sec   489 KBytes  4.00 Mbits/sec  0.918 ms  0/417 (0%)  
[  5]  64.00-65.00  sec   489 KBytes  4.00 Mbits/sec  0.890 ms  0/417 (0%)  
[  5]  65.00-66.00  sec   488 KBytes  3.99 Mbits/sec  0.920 ms  0/416 (0%)  
[  5]  66.00-67.00  sec   489 KBytes  4.00 Mbits/sec  0.790 ms  0/417 (0%)  
[  5]  67.00-68.00  sec   488 KBytes  3.99 Mbits/sec  0.704 ms  0/416 (0%)  
[  5]  68.00-69.00  sec   489 KBytes  4.00 Mbits/sec  0.997 ms  0/417 (0%)  
[  5]  69.00-70.00  sec   489 KBytes  4.00 Mbits/sec  0.844 ms  0/417 (0%)  
[  5]  70.00-71.00  sec   488 KBytes  3.99 Mbits/sec  0.804 ms  0/416 (0%)  
[  5]  71.00-72.00  sec   489 KBytes  4.00 Mbits/sec  1.041 ms  0/417 (0%)  
[  5]  72.00-73.00  sec   489 KBytes  4.00 Mbits/sec  0.902 ms  0/417 (0%)  
[  5]  73.00-74.00  sec   489 KBytes  4.00 Mbits/sec  0.847 ms  0/417 (0%)  
[  5]  74.00-75.00  sec   488 KBytes  3.99 Mbits/sec  0.904 ms  0/416 (0%)  
[  5]  75.00-76.00  sec   489 KBytes  4.00 Mbits/sec  0.607 ms  0/417 (0%)  
[  5]  76.00-77.00  sec   488 KBytes  3.99 Mbits/sec  0.855 ms  0/416 (0%)  
[  5]  77.00-78.00  sec   489 KBytes  4.00 Mbits/sec  0.841 ms  0/417 (0%)  
[  5]  78.00-79.00  sec   489 KBytes  4.00 Mbits/sec  0.819 ms  0/417 (0%)  
[  5]  79.00-80.00  sec   489 KBytes  4.00 Mbits/sec  0.928 ms  0/417 (0%)  
[  5]  80.00-81.00  sec   488 KBytes  3.99 Mbits/sec  0.941 ms  0/416 (0%)  
[  5]  81.00-82.00  sec   489 KBytes  4.00 Mbits/sec  0.878 ms  0/417 (0%)  
[  5]  82.00-83.00  sec   489 KBytes  4.00 Mbits/sec  0.957 ms  0/417 (0%)  
[  5]  83.00-84.00  sec   488 KBytes  3.99 Mbits/sec  0.812 ms  0/416 (0%)  
[  5]  84.00-85.00  sec   488 KBytes  3.99 Mbits/sec  0.945 ms  0/416 (0%)  
[  5]  85.00-86.00  sec   490 KBytes  4.01 Mbits/sec  0.782 ms  0/418 (0%)  
[  5]  86.00-87.00  sec   488 KBytes  3.99 Mbits/sec  0.717 ms  0/416 (0%)  
[  5]  87.00-88.00  sec   489 KBytes  4.00 Mbits/sec  0.669 ms  0/417 (0%)  
[  5]  88.00-89.00  sec   489 KBytes  4.00 Mbits/sec  0.938 ms  0/417 (0%)  
[  5]  89.00-90.00  sec   488 KBytes  3.99 Mbits/sec  0.868 ms  0/416 (0%)  
[  5]  90.00-91.00  sec   489 KBytes  4.00 Mbits/sec  0.943 ms  0/417 (0%)  
[  5]  91.00-92.00  sec   488 KBytes  3.99 Mbits/sec  0.852 ms  0/416 (0%)  
[  5]  92.00-93.00  sec   489 KBytes  4.00 Mbits/sec  0.870 ms  0/417 (0%)  
[  5]  93.00-94.00  sec   489 KBytes  4.00 Mbits/sec  0.965 ms  0/417 (0%)  
[  5]  94.00-95.00  sec   489 KBytes  4.00 Mbits/sec  0.718 ms  0/417 (0%)  
[  5]  95.00-96.00  sec   488 KBytes  3.99 Mbits/sec  0.664 ms  0/416 (0%)  
[  5]  96.00-97.00  sec   489 KBytes  4.00 Mbits/sec  0.843 ms  0/417 (0%)  
[  5]  97.00-98.00  sec   486 KBytes  3.98 Mbits/sec  0.925 ms  0/415 (0%)  
[  5]  98.00-99.00  sec   490 KBytes  4.01 Mbits/sec  0.944 ms  0/418 (0%)  
[  5]  99.00-100.00 sec   489 KBytes  4.00 Mbits/sec  0.859 ms  0/417 (0%)  
[  5] 100.00-101.00 sec   489 KBytes  4.00 Mbits/sec  0.844 ms  0/417 (0%)  
[  5] 101.00-102.00 sec   488 KBytes  3.99 Mbits/sec  0.632 ms  0/416 (0%)  
[  5] 102.00-103.00 sec   489 KBytes  4.00 Mbits/sec  0.912 ms  0/417 (0%)  
[  5] 103.00-104.00 sec   488 KBytes  3.99 Mbits/sec  0.837 ms  0/416 (0%)  
[  5] 104.00-105.00 sec   489 KBytes  4.00 Mbits/sec  0.760 ms  0/417 (0%)  
[  5] 105.00-106.00 sec   489 KBytes  4.00 Mbits/sec  1.065 ms  0/417 (0%)  
[  5] 106.00-107.00 sec   489 KBytes  4.00 Mbits/sec  0.854 ms  0/417 (0%)  
[  5] 107.00-108.00 sec   488 KBytes  3.99 Mbits/sec  0.851 ms  0/416 (0%)  
[  5] 108.00-109.00 sec   489 KBytes  4.00 Mbits/sec  0.932 ms  0/417 (0%)  
[  5] 109.00-110.00 sec   489 KBytes  4.00 Mbits/sec  0.977 ms  0/417 (0%)  
[  5] 110.00-111.00 sec   488 KBytes  3.99 Mbits/sec  0.753 ms  0/416 (0%)  
[  5] 111.00-112.00 sec   489 KBytes  4.00 Mbits/sec  0.950 ms  0/417 (0%)  
[  5] 112.00-113.00 sec   488 KBytes  3.99 Mbits/sec  0.935 ms  0/416 (0%)  
[  5] 113.00-114.00 sec   489 KBytes  4.00 Mbits/sec  0.829 ms  0/417 (0%)  
[  5] 114.00-115.00 sec   489 KBytes  4.00 Mbits/sec  0.810 ms  0/417 (0%)  
[  5] 115.00-116.00 sec   488 KBytes  3.99 Mbits/sec  0.848 ms  0/416 (0%)  
[  5] 116.00-117.00 sec   489 KBytes  4.00 Mbits/sec  1.050 ms  0/417 (0%)  
