Connecting to host 172.22.0.50, port 5204
Reverse mode, remote host 172.22.0.50 is sending
[  5] local 192.168.100.3 port 42380 connected to 172.22.0.50 port 5204
[ ID] Interval           Transfer     Bitrate         Jitter    Lost/Total Datagrams
[  5]   0.00-1.00   sec   489 KBytes  4.00 Mbits/sec  1.930 ms  0/417 (0%)  
[  5]   1.00-2.00   sec   488 KBytes  4.00 Mbits/sec  2.347 ms  0/416 (0%)  
[  5]   2.00-3.00   sec   490 KBytes  4.01 Mbits/sec  1.464 ms  0/418 (0%)  
[  5]   3.00-4.00   sec   489 KBytes  3.99 Mbits/sec  1.659 ms  0/417 (0%)  
[  5]   4.00-5.00   sec   486 KBytes  3.99 Mbits/sec  1.666 ms  0/415 (0%)  
[  5]   5.00-6.00   sec   490 KBytes  4.02 Mbits/sec  1.296 ms  0/418 (0%)  
[  5]   6.00-7.00   sec   488 KBytes  3.99 Mbits/sec  1.736 ms  0/416 (0%)  
[  5]   7.00-8.00   sec   489 KBytes  4.01 Mbits/sec  1.697 ms  0/417 (0%)  
[  5]   8.00-9.00   sec   488 KBytes  4.00 Mbits/sec  1.849 ms  0/416 (0%)  
[  5]   9.00-10.00  sec   490 KBytes  4.01 Mbits/sec  1.599 ms  0/418 (0%)  
[  5]  10.00-11.00  sec   488 KBytes  3.99 Mbits/sec  1.485 ms  0/416 (0%)  
[  5]  11.00-12.00  sec   486 KBytes  3.99 Mbits/sec  1.611 ms  0/415 (0%)  
[  5]  12.00-13.00  sec   490 KBytes  4.01 Mbits/sec  1.860 ms  0/418 (0%)  
[  5]  13.00-14.00  sec   488 KBytes  4.00 Mbits/sec  1.368 ms  0/416 (0%)  
[  5]  14.00-15.00  sec   489 KBytes  4.00 Mbits/sec  1.368 ms  0/417 (0%)  
[  5]  15.00-16.00  sec   490 KBytes  4.01 Mbits/sec  1.602 ms  0/418 (0%)  
[  5]  16.00-17.00  sec   485 KBytes  3.97 Mbits/sec  1.658 ms  0/414 (0%)  
[  5]  17.00-18.00  sec   490 KBytes  4.02 Mbits/sec  1.487 ms  0/418 (0%)  
[  5]  18.00-19.00  sec   486 KBytes  3.98 Mbits/sec  1.581 ms  0/415 (0%)  
[  5]  19.00-20.00  sec   491 KBytes  4.03 Mbits/sec  1.314 ms  0/419 (0%)  
[  5]  20.00-21.00  sec   486 KBytes  3.98 Mbits/sec  1.301 ms  0/415 (0%)  
[  5]  21.00-22.00  sec   489 KBytes  4.00 Mbits/sec  1.646 ms  0/417 (0%)  
[  5]  22.00-23.00  sec   490 KBytes  4.01 Mbits/sec  1.906 ms  0/418 (0%)  
[  5]  23.00-24.00  sec   488 KBytes  4.00 Mbits/sec  1.767 ms  0/416 (0%)  
[  5]  24.00-25.00  sec   489 KBytes  4.00 Mbits/sec  1.785 ms  0/417 (0%)  
[  5]  25.00-26.00  sec   488 KBytes  3.99 Mbits/sec  1.475 ms  0/416 (0%)  
[  5]  26.00-27.00  sec   489 KBytes  4.00 Mbits/sec  1.474 ms  0/417 (0%)  
[  5]  27.00-28.00  sec   489 KBytes  4.00 Mbits/sec  1.331 ms  0/417 (0%)  
[  5]  28.00-29.00  sec   488 KBytes  3.99 Mbits/sec  1.604 ms  0/416 (0%)  
[  5]  29.00-30.00  sec   489 KBytes  4.01 Mbits/sec  1.280 ms  0/417 (0%)  
[  5]  30.00-31.00  sec   489 KBytes  4.00 Mbits/sec  1.620 ms  0/417 (0%)  
[  5]  31.00-32.00  sec   488 KBytes  3.99 Mbits/sec  1.684 ms  0/416 (0%)  
[  5]  32.00-33.00  sec   489 KBytes  4.00 Mbits/sec  1.650 ms  0/417 (0%)  
[  5]  33.00-34.00  sec   488 KBytes  3.99 Mbits/sec  1.414 ms  0/416 (0%)  
[  5]  34.00-35.00  sec   489 KBytes  4.00 Mbits/sec  1.707 ms  0/417 (0%)  
[  5]  35.00-36.00  sec   489 KBytes  4.00 Mbits/sec  1.679 ms  0/417 (0%)  
[  5]  36.00-37.00  sec   489 KBytes  4.00 Mbits/sec  1.405 ms  0/417 (0%)  
[  5]  37.00-38.00  sec   489 KBytes  4.00 Mbits/sec  1.544 ms  0/417 (0%)  
[  5]  38.00-39.00  sec   488 KBytes  3.99 Mbits/sec  1.718 ms  0/416 (0%)  
[  5]  39.00-40.00  sec   489 KBytes  4.01 Mbits/sec  1.484 ms  0/417 (0%)  
[  5]  40.00-41.00  sec   489 KBytes  4.00 Mbits/sec  1.429 ms  0/417 (0%)  
[  5]  41.00-42.00  sec   486 KBytes  3.99 Mbits/sec  1.627 ms  0/415 (0%)  
[  5]  42.00-43.00  sec   489 KBytes  4.00 Mbits/sec  1.226 ms  0/417 (0%)  
[  5]  43.00-44.00  sec   490 KBytes  4.01 Mbits/sec  1.651 ms  0/418 (0%)  
[  5]  44.00-45.00  sec   488 KBytes  3.99 Mbits/sec  1.541 ms  0/416 (0%)  
[  5]  45.00-46.00  sec   489 KBytes  4.01 Mbits/sec  1.136 ms  0/417 (0%)  
[  5]  46.00-47.00  sec   489 KBytes  4.00 Mbits/sec  1.512 ms  0/417 (0%)  
[  5]  47.00-48.00  sec   488 KBytes  3.99 Mbits/sec  1.493 ms  0/416 (0%)  
[  5]  48.00-49.00  sec   488 KBytes  4.00 Mbits/sec  1.636 ms  0/416 (0%)  
[  5]  49.00-50.00  sec   490 KBytes  4.01 Mbits/sec  1.742 ms  0/418 (0%)  
[  5]  50.00-51.00  sec   488 KBytes  3.99 Mbits/sec  1.539 ms  0/416 (0%)  
[  5]  51.00-52.00  sec   489 KBytes  4.00 Mbits/sec  1.705 ms  0/417 (0%)  
[  5]  52.00-53.00  sec   488 KBytes  3.99 Mbits/sec  1.262 ms  0/416 (0%)  
[  5]  53.00-54.00  sec   490 KBytes  4.02 Mbits/sec  1.435 ms  0/418 (0%)  
[  5]  54.00-55.00  sec   488 KBytes  3.99 Mbits/sec  1.753 ms  0/416 (0%)  
[  5]  55.00-56.00  sec   488 KBytes  3.99 Mbits/sec  1.595 ms  0/416 (0%)  
[  5]  56.00-57.00  sec   489 KBytes  4.00 Mbits/sec  1.665 ms  0/417 (0%)  
[  5]  57.00-58.00  sec   485 KBytes  3.98 Mbits/sec  1.541 ms  0/414 (0%)  
[  5]  58.00-59.00  sec   491 KBytes  4.02 Mbits/sec  1.359 ms  0/419 (0%)  
[  5]  59.00-60.00  sec   489 KBytes  4.00 Mbits/sec  1.410 ms  0/417 (0%)  
[  5]  60.00-61.00  sec   489 KBytes  4.00 Mbits/sec  1.598 ms  0/417 (0%)  
[  5]  61.00-62.00  sec   489 KBytes  4.00 Mbits/sec  1.399 ms  0/417 (0%)  
[  5]  62.00-63.00  sec   488 KBytes  3.99 Mbits/sec  1.278 ms  0/416 (0%)  
[  5]  63.00-64.00  sec   489 KBytes  4.00 Mbits/sec  1.511 ms  0/417 (0%)  
[  5]  64.00-65.00  sec   488 KBytes  3.99 Mbits/sec  1.330 ms  0/416 (0%)  
[  5]  65.00-66.00  sec   489 KBytes  4.00 Mbits/sec  1.558 ms  0/417 (0%)  
[  5]  66.00-67.00  sec   489 KBytes  4.00 Mbits/sec  1.760 ms  0/417 (0%)  
[  5]  67.00-68.00  sec   488 KBytes  3.99 Mbits/sec  1.564 ms  0/416 (0%)  
[  5]  68.00-69.00  sec   490 KBytes  4.01 Mbits/sec  1.453 ms  0/418 (0%)  
[  5]  69.00-70.00  sec   488 KBytes  3.99 Mbits/sec  1.437 ms  0/416 (0%)  
[  5]  70.00-71.00  sec   486 KBytes  3.98 Mbits/sec  1.533 ms  0/415 (0%)  
[  5]  71.00-72.00  sec   490 KBytes  4.01 Mbits/sec  1.539 ms  0/418 (0%)  
[  5]  72.00-73.00  sec   489 KBytes  4.00 Mbits/sec  1.712 ms  0/417 (0%)  
[  5]  73.00-74.00  sec   489 KBytes  4.00 Mbits/sec  1.655 ms  0/417 (0%)  
[  5]  74.00-75.00  sec   488 KBytes  3.99 Mbits/sec  1.362 ms  0/416 (0%)  
[  5]  75.00-76.00  sec   489 KBytes  4.00 Mbits/sec  1.458 ms  0/417 (0%)  
[  5]  76.00-77.00  sec   488 KBytes  3.99 Mbits/sec  1.232 ms  0/416 (0%)  
[  5]  77.00-78.00  sec   490 KBytes  4.02 Mbits/sec  1.304 ms  0/418 (0%)  
[  5]  78.00-79.00  sec   488 KBytes  3.99 Mbits/sec  1.467 ms  0/416 (0%)  
[  5]  79.00-80.00  sec   488 KBytes  3.99 Mbits/sec  1.646 ms  0/416 (0%)  
[  5]  80.00-81.00  sec   489 KBytes  4.00 Mbits/sec  1.599 ms  0/417 (0%)  
[  5]  81.00-82.00  sec   488 KBytes  3.99 Mbits/sec  1.676 ms  0/416 (0%)  
[  5]  82.00-83.00  sec   486 KBytes  3.99 Mbits/sec  1.529 ms  0/416 (0%)  
[  5]  83.00-84.00  sec   490 KBytes  4.01 Mbits/sec  1.311 ms  0/418 (0%)  
[  5]  84.00-85.00  sec   489 KBytes  4.01 Mbits/sec  1.171 ms  0/417 (0%)  
[  5]  85.00-86.00  sec   489 KBytes  4.00 Mbits/sec  1.529 ms  0/417 (0%)  
[  5]  86.00-87.00  sec   486 KBytes  3.98 Mbits/sec  1.217 ms  0/415 (0%)  
[  5]  87.00-88.00  sec   489 KBytes  4.00 Mbits/sec  1.688 ms  0/417 (0%)  
[  5]  88.00-89.00  sec   489 KBytes  4.01 Mbits/sec  1.496 ms  0/417 (0%)  
[  5]  89.00-90.00  sec   489 KBytes  4.00 Mbits/sec  1.518 ms  0/417 (0%)  
[  5]  90.00-91.00  sec   489 KBytes  4.01 Mbits/sec  1.557 ms  0/417 (0%)  
[  5]  91.00-92.00  sec   486 KBytes  3.98 Mbits/sec  1.845 ms  0/415 (0%)  
[  5]  92.00-93.00  sec   489 KBytes  4.01 Mbits/sec  1.467 ms  0/417 (0%)  
[  5]  93.00-94.00  sec   490 KBytes  4.01 Mbits/sec  1.934 ms  0/418 (0%)  
[  5]  94.00-95.00  sec   488 KBytes  4.00 Mbits/sec  1.444 ms  0/417 (0%)  
[  5]  95.00-96.00  sec   488 KBytes  4.00 Mbits/sec  1.650 ms  0/416 (0%)  
[  5]  96.00-97.00  sec   486 KBytes  3.98 Mbits/sec  1.728 ms  0/415 (0%)  
[  5]  97.00-98.00  sec   491 KBytes  4.02 Mbits/sec  1.484 ms  0/419 (0%)  
[  5]  98.00-99.00  sec   488 KBytes  3.99 Mbits/sec  1.441 ms  0/416 (0%)  
[  5]  99.00-100.00 sec   488 KBytes  3.99 Mbits/sec  1.280 ms  0/416 (0%)  
[  5] 100.00-101.00 sec   489 KBytes  4.01 Mbits/sec  1.397 ms  0/417 (0%)  
[  5] 101.00-102.00 sec   489 KBytes  4.00 Mbits/sec  1.605 ms  0/417 (0%)  
[  5] 102.00-103.00 sec   489 KBytes  4.00 Mbits/sec  1.328 ms  0/417 (0%)  
[  5] 103.00-104.00 sec   489 KBytes  4.00 Mbits/sec  1.464 ms  0/417 (0%)  
[  5] 104.00-105.00 sec   486 KBytes  3.98 Mbits/sec  1.484 ms  0/415 (0%)  
[  5] 105.00-106.00 sec   490 KBytes  4.02 Mbits/sec  1.821 ms  0/418 (0%)  
[  5] 106.00-107.00 sec   488 KBytes  3.99 Mbits/sec  1.391 ms  0/416 (0%)  
[  5] 107.00-108.00 sec   489 KBytes  4.01 Mbits/sec  1.589 ms  0/417 (0%)  
[  5] 108.00-109.00 sec   489 KBytes  4.00 Mbits/sec  1.628 ms  0/417 (0%)  
[  5] 109.00-110.00 sec   486 KBytes  3.98 Mbits/sec  1.465 ms  0/415 (0%)  
[  5] 110.00-111.00 sec   491 KBytes  4.02 Mbits/sec  1.644 ms  0/419 (0%)  
[  5] 111.00-112.00 sec   488 KBytes  3.99 Mbits/sec  1.556 ms  0/416 (0%)  
[  5] 112.00-113.00 sec   489 KBytes  4.00 Mbits/sec  1.671 ms  0/417 (0%)  
[  5] 113.00-114.00 sec   489 KBytes  4.00 Mbits/sec  1.367 ms  0/417 (0%)  
[  5] 114.00-115.00 sec   488 KBytes  3.99 Mbits/sec  1.983 ms  0/416 (0%)  
[  5] 115.00-116.00 sec   486 KBytes  3.98 Mbits/sec  1.408 ms  0/415 (0%)  
[  5] 116.00-117.00 sec   490 KBytes  4.02 Mbits/sec  1.318 ms  0/418 (0%)  
[  5] 117.00-118.00 sec   488 KBytes  3.99 Mbits/sec  1.753 ms  0/416 (0%)  
[  5] 118.00-119.00 sec   489 KBytes  4.00 Mbits/sec  1.561 ms  0/417 (0%)  
[  5] 119.00-120.00 sec   489 KBytes  4.00 Mbits/sec  1.503 ms  0/417 (0%)  
[  5] 120.00-121.00 sec   488 KBytes  3.99 Mbits/sec  1.719 ms  0/416 (0%)  
[  5] 121.00-122.00 sec   486 KBytes  3.99 Mbits/sec  1.750 ms  0/415 (0%)  
[  5] 122.00-123.00 sec   491 KBytes  4.02 Mbits/sec  1.480 ms  0/419 (0%)  
[  5] 123.00-124.00 sec   488 KBytes  3.99 Mbits/sec  1.533 ms  0/416 (0%)  
[  5] 124.00-125.00 sec   489 KBytes  4.00 Mbits/sec  1.527 ms  0/417 (0%)  
[  5] 125.00-126.00 sec   489 KBytes  4.00 Mbits/sec  1.793 ms  0/417 (0%)  
[  5] 126.00-127.00 sec   489 KBytes  4.01 Mbits/sec  1.495 ms  0/417 (0%)  
[  5] 127.00-128.00 sec   486 KBytes  3.99 Mbits/sec  1.508 ms  0/415 (0%)  
[  5] 128.00-129.00 sec   490 KBytes  4.01 Mbits/sec  1.265 ms  0/419 (0%)  
[  5] 129.00-130.00 sec   488 KBytes  4.00 Mbits/sec  1.315 ms  0/416 (0%)  
[  5] 130.00-131.00 sec   488 KBytes  3.99 Mbits/sec  1.458 ms  0/416 (0%)  
[  5] 131.00-132.00 sec   488 KBytes  3.99 Mbits/sec  1.641 ms  0/416 (0%)  
[  5] 132.00-133.00 sec   491 KBytes  4.01 Mbits/sec  1.361 ms  0/419 (0%)  
[  5] 133.00-134.00 sec   486 KBytes  3.99 Mbits/sec  1.665 ms  0/415 (0%)  
[  5] 134.00-135.00 sec   489 KBytes  4.00 Mbits/sec  1.589 ms  0/417 (0%)  
[  5] 135.00-136.00 sec   488 KBytes  4.00 Mbits/sec  1.607 ms  0/416 (0%)  
[  5] 136.00-137.00 sec   490 KBytes  4.01 Mbits/sec  1.795 ms  0/418 (0%)  
[  5] 137.00-138.00 sec   486 KBytes  3.99 Mbits/sec  1.411 ms  0/415 (0%)  
[  5] 138.00-139.00 sec   489 KBytes  4.00 Mbits/sec  1.476 ms  0/417 (0%)  
[  5] 139.00-140.00 sec   490 KBytes  4.01 Mbits/sec  1.538 ms  0/418 (0%)  
[  5] 140.00-141.00 sec   489 KBytes  4.00 Mbits/sec  1.651 ms  0/417 (0%)  
[  5] 141.00-142.00 sec   486 KBytes  3.99 Mbits/sec  1.547 ms  0/415 (0%)  
[  5] 142.00-143.00 sec   490 KBytes  4.01 Mbits/sec  1.511 ms  0/418 (0%)  
[  5] 143.00-144.00 sec   488 KBytes  4.00 Mbits/sec  1.568 ms  0/416 (0%)  
[  5] 144.00-145.00 sec   488 KBytes  3.99 Mbits/sec  1.516 ms  0/416 (0%)  
[  5] 145.00-146.00 sec   489 KBytes  4.00 Mbits/sec  1.476 ms  0/417 (0%)  
[  5] 146.00-147.00 sec   489 KBytes  4.00 Mbits/sec  1.428 ms  0/417 (0%)  
[  5] 147.00-148.00 sec   489 KBytes  4.00 Mbits/sec  1.576 ms  0/417 (0%)  
[  5] 148.00-149.00 sec   489 KBytes  4.00 Mbits/sec  1.801 ms  0/417 (0%)  
[  5] 149.00-150.00 sec   486 KBytes  3.98 Mbits/sec  1.795 ms  0/415 (0%)  
[  5] 150.00-151.00 sec   490 KBytes  4.01 Mbits/sec  1.757 ms  0/418 (0%)  
[  5] 151.00-152.00 sec   488 KBytes  4.00 Mbits/sec  1.640 ms  0/416 (0%)  
[  5] 152.00-153.00 sec   489 KBytes  4.00 Mbits/sec  1.373 ms  0/417 (0%)  
[  5] 153.00-154.00 sec   488 KBytes  3.99 Mbits/sec  1.462 ms  0/416 (0%)  
[  5] 154.00-155.00 sec   490 KBytes  4.02 Mbits/sec  1.848 ms  0/418 (0%)  
[  5] 155.00-156.00 sec   489 KBytes  4.01 Mbits/sec  1.411 ms  0/417 (0%)  
[  5] 156.00-157.00 sec   488 KBytes  3.99 Mbits/sec  1.503 ms  0/416 (0%)  
[  5] 157.00-158.00 sec   488 KBytes  3.98 Mbits/sec  1.526 ms  0/416 (0%)  
[  5] 158.00-159.00 sec   488 KBytes  4.00 Mbits/sec  1.407 ms  0/416 (0%)  
[  5] 159.00-160.00 sec   490 KBytes  4.02 Mbits/sec  1.274 ms  0/418 (0%)  
[  5] 160.00-161.00 sec   489 KBytes  4.00 Mbits/sec  1.495 ms  0/417 (0%)  
[  5] 161.00-162.00 sec   488 KBytes  3.99 Mbits/sec  1.410 ms  0/416 (0%)  
[  5] 162.00-163.00 sec   489 KBytes  4.01 Mbits/sec  1.513 ms  0/417 (0%)  
[  5] 163.00-164.00 sec   489 KBytes  4.00 Mbits/sec  1.768 ms  0/417 (0%)  
[  5] 164.00-165.00 sec   488 KBytes  3.99 Mbits/sec  1.650 ms  0/416 (0%)  
[  5] 165.00-166.00 sec   488 KBytes  3.99 Mbits/sec  1.618 ms  0/416 (0%)  
[  5] 166.00-167.00 sec   489 KBytes  4.00 Mbits/sec  1.575 ms  0/417 (0%)  
[  5] 167.00-168.00 sec   490 KBytes  4.01 Mbits/sec  1.618 ms  0/418 (0%)  
[  5] 168.00-169.00 sec   488 KBytes  3.99 Mbits/sec  1.284 ms  0/416 (0%)  
[  5] 169.00-170.00 sec   488 KBytes  3.99 Mbits/sec  1.452 ms  0/416 (0%)  
[  5] 170.00-171.00 sec   489 KBytes  4.00 Mbits/sec  1.870 ms  0/417 (0%)  
[  5] 171.00-172.00 sec   488 KBytes  3.99 Mbits/sec  1.647 ms  0/416 (0%)  
[  5] 172.00-173.00 sec   488 KBytes  4.00 Mbits/sec  1.706 ms  0/416 (0%)  
[  5] 173.00-174.00 sec   490 KBytes  4.01 Mbits/sec  1.458 ms  0/418 (0%)  
[  5] 174.00-175.00 sec   490 KBytes  4.01 Mbits/sec  1.432 ms  0/418 (0%)  
[  5] 175.00-176.00 sec   486 KBytes  3.99 Mbits/sec  1.793 ms  0/415 (0%)  
[  5] 176.00-177.00 sec   489 KBytes  4.00 Mbits/sec  1.489 ms  0/417 (0%)  
[  5] 177.00-178.00 sec   489 KBytes  4.00 Mbits/sec  1.606 ms  0/417 (0%)  
[  5] 178.00-179.00 sec   489 KBytes  4.00 Mbits/sec  1.427 ms  0/417 (0%)  
[  5] 179.00-180.00 sec   488 KBytes  3.99 Mbits/sec  1.417 ms  0/416 (0%)  
[  5] 180.00-181.00 sec   489 KBytes  4.00 Mbits/sec  1.446 ms  0/417 (0%)  
[  5] 181.00-182.00 sec   489 KBytes  4.00 Mbits/sec  1.688 ms  0/417 (0%)  
[  5] 182.00-183.00 sec   486 KBytes  3.98 Mbits/sec  1.506 ms  0/415 (0%)  
[  5] 183.00-184.00 sec   489 KBytes  4.01 Mbits/sec  1.634 ms  0/417 (0%)  
[  5] 184.00-185.00 sec   489 KBytes  4.00 Mbits/sec  1.552 ms  0/417 (0%)  
[  5] 185.00-186.00 sec   489 KBytes  4.00 Mbits/sec  1.219 ms  0/417 (0%)  
[  5] 186.00-187.00 sec   489 KBytes  4.00 Mbits/sec  1.398 ms  0/417 (0%)  
[  5] 187.00-188.00 sec   486 KBytes  3.99 Mbits/sec  1.629 ms  0/415 (0%)  
[  5] 188.00-189.00 sec   490 KBytes  4.02 Mbits/sec  1.408 ms  0/418 (0%)  
[  5] 189.00-190.00 sec   489 KBytes  4.00 Mbits/sec  1.711 ms  0/417 (0%)  
[  5] 190.00-191.00 sec   489 KBytes  4.00 Mbits/sec  2.349 ms  0/417 (0%)  
[  5] 191.00-192.00 sec   488 KBytes  3.99 Mbits/sec  1.515 ms  0/416 (0%)  
[  5] 192.00-193.00 sec   489 KBytes  4.00 Mbits/sec  1.577 ms  0/417 (0%)  
[  5] 193.00-194.00 sec   489 KBytes  4.00 Mbits/sec  1.526 ms  0/417 (0%)  
[  5] 194.00-195.00 sec   489 KBytes  4.00 Mbits/sec  1.462 ms  0/417 (0%)  
[  5] 195.00-196.00 sec   489 KBytes  4.00 Mbits/sec  1.626 ms  0/417 (0%)  
[  5] 196.00-197.00 sec   486 KBytes  3.98 Mbits/sec  1.712 ms  0/415 (0%)  
[  5] 197.00-198.00 sec   486 KBytes  3.98 Mbits/sec  1.591 ms  0/415 (0%)  
[  5] 198.00-199.00 sec   491 KBytes  4.02 Mbits/sec  1.536 ms  0/419 (0%)  
[  5] 199.00-200.00 sec   488 KBytes  3.99 Mbits/sec  1.515 ms  0/416 (0%)  
[  5] 200.00-201.00 sec   490 KBytes  4.01 Mbits/sec  1.289 ms  0/418 (0%)  
[  5] 201.00-202.00 sec   488 KBytes  3.99 Mbits/sec  1.433 ms  0/416 (0%)  
[  5] 202.00-203.00 sec   489 KBytes  4.00 Mbits/sec  1.682 ms  0/417 (0%)  
[  5] 203.00-204.00 sec   486 KBytes  3.98 Mbits/sec  1.259 ms  0/415 (0%)  
[  5] 204.00-205.00 sec   490 KBytes  4.02 Mbits/sec  1.517 ms  0/418 (0%)  
[  5] 205.00-206.00 sec   489 KBytes  4.00 Mbits/sec  1.520 ms  0/417 (0%)  
[  5] 206.00-207.00 sec   488 KBytes  3.99 Mbits/sec  2.327 ms  0/416 (0%)  
[  5] 207.00-208.00 sec   489 KBytes  4.00 Mbits/sec  1.471 ms  0/417 (0%)  
[  5] 208.00-209.00 sec   488 KBytes  3.99 Mbits/sec  1.650 ms  0/416 (0%)  
