Connecting to host 172.22.0.50, port 5202
Reverse mode, remote host 172.22.0.50 is sending
[  5] local 192.168.102.2 port 34480 connected to 172.22.0.50 port 5202
[ ID] Interval           Transfer     Bitrate         Jitter    Lost/Total Datagrams
[  5]   0.00-1.00   sec  36.7 KBytes   301 Kbits/sec  0.775 ms  0/376 (0%)  
[  5]   1.00-2.00   sec  36.6 KBytes   300 Kbits/sec  0.933 ms  0/375 (0%)  
[  5]   2.00-3.00   sec  36.6 KBytes   300 Kbits/sec  0.863 ms  0/375 (0%)  
[  5]   3.00-4.00   sec  36.7 KBytes   301 Kbits/sec  0.694 ms  0/376 (0%)  
[  5]   4.00-5.00   sec  36.6 KBytes   300 Kbits/sec  0.664 ms  0/375 (0%)  
[  5]   5.00-6.00   sec  36.5 KBytes   299 Kbits/sec  0.968 ms  0/374 (0%)  
[  5]   6.00-7.00   sec  36.6 KBytes   300 Kbits/sec  0.760 ms  0/375 (0%)  
[  5]   7.00-8.00   sec  36.6 KBytes   300 Kbits/sec  0.742 ms  0/375 (0%)  
[  5]   8.00-9.00   sec  36.6 KBytes   300 Kbits/sec  0.799 ms  0/375 (0%)  
[  5]   9.00-10.00  sec  36.7 KBytes   301 Kbits/sec  0.895 ms  0/376 (0%)  
[  5]  10.00-11.00  sec  36.6 KBytes   300 Kbits/sec  0.767 ms  0/375 (0%)  
[  5]  11.00-12.00  sec  36.6 KBytes   300 Kbits/sec  0.930 ms  0/375 (0%)  
[  5]  12.00-13.00  sec  36.6 KBytes   300 Kbits/sec  0.775 ms  0/375 (0%)  
[  5]  13.00-14.00  sec  36.6 KBytes   300 Kbits/sec  0.653 ms  0/375 (0%)  
[  5]  14.00-15.00  sec  36.6 KBytes   300 Kbits/sec  0.958 ms  0/375 (0%)  
[  5]  15.00-16.00  sec  36.5 KBytes   299 Kbits/sec  0.772 ms  0/374 (0%)  
[  5]  16.00-17.00  sec  36.6 KBytes   300 Kbits/sec  0.664 ms  0/375 (0%)  
[  5]  17.00-18.00  sec  36.7 KBytes   301 Kbits/sec  0.828 ms  0/376 (0%)  
[  5]  18.00-19.00  sec  36.5 KBytes   299 Kbits/sec  0.806 ms  0/374 (0%)  
[  5]  19.00-20.00  sec  36.6 KBytes   300 Kbits/sec  0.949 ms  0/375 (0%)  
[  5]  20.00-21.00  sec  36.7 KBytes   301 Kbits/sec  0.770 ms  0/376 (0%)  
[  5]  21.00-22.00  sec  36.6 KBytes   300 Kbits/sec  0.758 ms  0/375 (0%)  
[  5]  22.00-23.00  sec  36.5 KBytes   299 Kbits/sec  0.829 ms  0/374 (0%)  
[  5]  23.00-24.00  sec  36.7 KBytes   301 Kbits/sec  0.679 ms  0/376 (0%)  
[  5]  24.00-25.00  sec  36.6 KBytes   300 Kbits/sec  0.829 ms  0/375 (0%)  
[  5]  25.00-26.00  sec  36.5 KBytes   299 Kbits/sec  0.731 ms  0/374 (0%)  
[  5]  26.00-27.00  sec  36.6 KBytes   300 Kbits/sec  0.728 ms  0/375 (0%)  
[  5]  27.00-28.00  sec  36.6 KBytes   300 Kbits/sec  0.853 ms  0/375 (0%)  
[  5]  28.00-29.00  sec  36.7 KBytes   301 Kbits/sec  0.725 ms  0/376 (0%)  
[  5]  29.00-30.00  sec  36.6 KBytes   300 Kbits/sec  0.869 ms  0/375 (0%)  
[  5]  30.00-31.00  sec  36.5 KBytes   299 Kbits/sec  0.842 ms  0/374 (0%)  
[  5]  31.00-32.00  sec  36.7 KBytes   301 Kbits/sec  0.756 ms  0/376 (0%)  
[  5]  32.00-33.00  sec  36.5 KBytes   299 Kbits/sec  0.922 ms  0/374 (0%)  
[  5]  33.00-34.00  sec  36.6 KBytes   300 Kbits/sec  0.874 ms  0/375 (0%)  
[  5]  34.00-35.00  sec  36.6 KBytes   300 Kbits/sec  1.116 ms  0/375 (0%)  
[  5]  35.00-36.00  sec  36.7 KBytes   301 Kbits/sec  0.849 ms  0/376 (0%)  
[  5]  36.00-37.00  sec  36.4 KBytes   298 Kbits/sec  0.914 ms  0/373 (0%)  
[  5]  37.00-38.00  sec  36.7 KBytes   301 Kbits/sec  0.896 ms  0/376 (0%)  
[  5]  38.00-39.00  sec  36.7 KBytes   301 Kbits/sec  0.560 ms  0/376 (0%)  
[  5]  39.00-40.00  sec  36.5 KBytes   299 Kbits/sec  0.751 ms  0/374 (0%)  
[  5]  40.00-41.00  sec  36.7 KBytes   301 Kbits/sec  1.021 ms  0/376 (0%)  
[  5]  41.00-42.00  sec  36.6 KBytes   300 Kbits/sec  1.051 ms  0/375 (0%)  
[  5]  42.00-43.00  sec  36.5 KBytes   299 Kbits/sec  0.913 ms  0/374 (0%)  
[  5]  43.00-44.00  sec  36.7 KBytes   301 Kbits/sec  0.696 ms  0/376 (0%)  
[  5]  44.00-45.00  sec  36.5 KBytes   299 Kbits/sec  0.818 ms  0/374 (0%)  
[  5]  45.00-46.00  sec  36.7 KBytes   301 Kbits/sec  0.654 ms  0/376 (0%)  
[  5]  46.00-47.00  sec  36.5 KBytes   299 Kbits/sec  0.786 ms  0/374 (0%)  
[  5]  47.00-48.00  sec  36.7 KBytes   301 Kbits/sec  0.862 ms  0/376 (0%)  
[  5]  48.00-49.00  sec  36.6 KBytes   300 Kbits/sec  0.858 ms  0/375 (0%)  
[  5]  49.00-50.00  sec  36.6 KBytes   300 Kbits/sec  0.878 ms  0/375 (0%)  
[  5]  50.00-51.00  sec  36.5 KBytes   299 Kbits/sec  1.168 ms  0/374 (0%)  
[  5]  51.00-52.00  sec  36.6 KBytes   300 Kbits/sec  0.654 ms  0/375 (0%)  
[  5]  52.00-53.00  sec  36.6 KBytes   300 Kbits/sec  0.778 ms  0/375 (0%)  
[  5]  53.00-54.00  sec  36.7 KBytes   301 Kbits/sec  0.749 ms  0/376 (0%)  
[  5]  54.00-55.00  sec  36.6 KBytes   300 Kbits/sec  1.031 ms  0/375 (0%)  
[  5]  55.00-56.00  sec  36.5 KBytes   299 Kbits/sec  0.749 ms  0/374 (0%)  
[  5]  56.00-57.00  sec  36.7 KBytes   301 Kbits/sec  0.516 ms  0/376 (0%)  
[  5]  57.00-58.00  sec  36.6 KBytes   300 Kbits/sec  0.920 ms  0/375 (0%)  
[  5]  58.00-59.00  sec  36.6 KBytes   300 Kbits/sec  0.846 ms  0/375 (0%)  
[  5]  59.00-60.00  sec  36.6 KBytes   300 Kbits/sec  0.753 ms  0/375 (0%)  
[  5]  60.00-61.00  sec  36.6 KBytes   300 Kbits/sec  0.819 ms  0/375 (0%)  
[  5]  61.00-62.00  sec  36.6 KBytes   300 Kbits/sec  0.910 ms  0/375 (0%)  
[  5]  62.00-63.00  sec  36.5 KBytes   299 Kbits/sec  0.710 ms  0/374 (0%)  
[  5]  63.00-64.00  sec  36.6 KBytes   300 Kbits/sec  0.703 ms  0/375 (0%)  
[  5]  64.00-65.00  sec  36.7 KBytes   301 Kbits/sec  1.044 ms  0/376 (0%)  
[  5]  65.00-66.00  sec  36.6 KBytes   300 Kbits/sec  0.676 ms  0/375 (0%)  
[  5]  66.00-67.00  sec  36.6 KBytes   300 Kbits/sec  0.476 ms  0/375 (0%)  
[  5]  67.00-68.00  sec  36.6 KBytes   300 Kbits/sec  0.507 ms  0/375 (0%)  
[  5]  68.00-69.00  sec  36.5 KBytes   299 Kbits/sec  0.863 ms  0/374 (0%)  
[  5]  69.00-70.00  sec  36.6 KBytes   300 Kbits/sec  0.919 ms  0/375 (0%)  
[  5]  70.00-71.00  sec  36.7 KBytes   301 Kbits/sec  0.610 ms  0/376 (0%)  
[  5]  71.00-72.00  sec  36.5 KBytes   299 Kbits/sec  1.138 ms  0/374 (0%)  
[  5]  72.00-73.00  sec  36.6 KBytes   300 Kbits/sec  0.491 ms  0/375 (0%)  
[  5]  73.00-74.00  sec  36.7 KBytes   301 Kbits/sec  0.864 ms  0/376 (0%)  
[  5]  74.00-75.00  sec  36.5 KBytes   299 Kbits/sec  0.788 ms  0/374 (0%)  
[  5]  75.00-76.00  sec  36.6 KBytes   300 Kbits/sec  0.743 ms  0/375 (0%)  
[  5]  76.00-77.00  sec  36.6 KBytes   300 Kbits/sec  0.824 ms  0/375 (0%)  
[  5]  77.00-78.00  sec  36.7 KBytes   301 Kbits/sec  0.714 ms  0/376 (0%)  
[  5]  78.00-79.00  sec  36.6 KBytes   300 Kbits/sec  0.879 ms  0/375 (0%)  
[  5]  79.00-80.00  sec  36.5 KBytes   299 Kbits/sec  0.869 ms  0/374 (0%)  
[  5]  80.00-81.00  sec  36.7 KBytes   301 Kbits/sec  0.633 ms  0/376 (0%)  
[  5]  81.00-82.00  sec  36.5 KBytes   299 Kbits/sec  1.034 ms  0/374 (0%)  
[  5]  82.00-83.00  sec  36.7 KBytes   301 Kbits/sec  0.843 ms  0/376 (0%)  
[  5]  83.00-84.00  sec  36.5 KBytes   299 Kbits/sec  0.980 ms  0/374 (0%)  
[  5]  84.00-85.00  sec  36.6 KBytes   300 Kbits/sec  0.723 ms  0/375 (0%)  
[  5]  85.00-86.00  sec  36.5 KBytes   299 Kbits/sec  0.716 ms  0/375 (0%)  
[  5]  86.00-87.00  sec  36.7 KBytes   301 Kbits/sec  0.903 ms  0/376 (0%)  
[  5]  87.00-88.00  sec  36.5 KBytes   299 Kbits/sec  0.728 ms  0/374 (0%)  
[  5]  88.00-89.00  sec  36.7 KBytes   301 Kbits/sec  0.990 ms  0/376 (0%)  
[  5]  89.00-90.00  sec  36.6 KBytes   300 Kbits/sec  0.555 ms  0/375 (0%)  
[  5]  90.00-91.00  sec  36.5 KBytes   299 Kbits/sec  0.712 ms  0/374 (0%)  
[  5]  91.00-92.00  sec  36.7 KBytes   301 Kbits/sec  0.696 ms  0/376 (0%)  
[  5]  92.00-93.00  sec  36.6 KBytes   300 Kbits/sec  0.853 ms  0/375 (0%)  
[  5]  93.00-94.00  sec  36.5 KBytes   299 Kbits/sec  0.813 ms  0/374 (0%)  
[  5]  94.00-95.00  sec  36.7 KBytes   301 Kbits/sec  0.708 ms  0/376 (0%)  
[  5]  95.00-96.00  sec  36.6 KBytes   300 Kbits/sec  0.659 ms  0/375 (0%)  
[  5]  96.00-97.00  sec  36.5 KBytes   299 Kbits/sec  0.938 ms  0/374 (0%)  
[  5]  97.00-98.00  sec  36.6 KBytes   300 Kbits/sec  1.081 ms  0/375 (0%)  
[  5]  98.00-99.00  sec  36.7 KBytes   301 Kbits/sec  0.734 ms  0/376 (0%)  
[  5]  99.00-100.00 sec  36.5 KBytes   299 Kbits/sec  0.945 ms  0/374 (0%)  
[  5] 100.00-101.00 sec  36.7 KBytes   301 Kbits/sec  0.545 ms  0/376 (0%)  
[  5] 101.00-102.00 sec  36.5 KBytes   299 Kbits/sec  0.657 ms  0/374 (0%)  
[  5] 102.00-103.00 sec  36.7 KBytes   301 Kbits/sec  0.597 ms  0/376 (0%)  
[  5] 103.00-104.00 sec  36.5 KBytes   299 Kbits/sec  0.713 ms  0/374 (0%)  
[  5] 104.00-105.00 sec  36.6 KBytes   300 Kbits/sec  0.973 ms  0/375 (0%)  
[  5] 105.00-106.00 sec  36.6 KBytes   300 Kbits/sec  0.728 ms  0/375 (0%)  
[  5] 106.00-107.00 sec  36.7 KBytes   301 Kbits/sec  0.846 ms  0/376 (0%)  
[  5] 107.00-108.00 sec  36.5 KBytes   299 Kbits/sec  0.537 ms  0/374 (0%)  
[  5] 108.00-109.00 sec  36.7 KBytes   301 Kbits/sec  0.875 ms  0/376 (0%)  
[  5] 109.00-110.00 sec  36.6 KBytes   300 Kbits/sec  0.759 ms  0/375 (0%)  
[  5] 110.00-111.00 sec  36.6 KBytes   300 Kbits/sec  0.877 ms  0/375 (0%)  
[  5] 111.00-112.00 sec  36.5 KBytes   299 Kbits/sec  0.783 ms  0/374 (0%)  
[  5] 112.00-113.00 sec  36.6 KBytes   300 Kbits/sec  0.808 ms  0/375 (0%)  
[  5] 113.00-114.00 sec  36.6 KBytes   300 Kbits/sec  0.591 ms  0/375 (0%)  
[  5] 114.00-115.00 sec  36.7 KBytes   301 Kbits/sec  0.482 ms  0/376 (0%)  
[  5] 115.00-116.00 sec  36.5 KBytes   299 Kbits/sec  0.999 ms  0/374 (0%)  
[  5] 116.00-117.00 sec  36.7 KBytes   301 Kbits/sec  0.996 ms  0/376 (0%)  
