Connecting to host 172.22.0.50, port 5202
Reverse mode, remote host 172.22.0.50 is sending
[  5] local 192.168.102.2 port 51376 connected to 172.22.0.50 port 5202
[ ID] Interval           Transfer     Bitrate         Jitter    Lost/Total Datagrams
[  5]   0.00-1.00   sec  36.7 KBytes   301 Kbits/sec  1.358 ms  0/376 (0%)  
[  5]   1.00-2.00   sec  36.7 KBytes   301 Kbits/sec  1.509 ms  0/376 (0%)  
[  5]   2.00-3.00   sec  36.5 KBytes   299 Kbits/sec  1.698 ms  0/374 (0%)  
[  5]   3.00-4.00   sec  36.7 KBytes   301 Kbits/sec  1.623 ms  0/376 (0%)  
[  5]   4.00-5.00   sec  36.5 KBytes   299 Kbits/sec  1.656 ms  0/374 (0%)  
[  5]   5.00-6.00   sec  36.6 KBytes   300 Kbits/sec  1.415 ms  0/375 (0%)  
[  5]   6.00-7.00   sec  36.6 KBytes   299 Kbits/sec  1.328 ms  0/375 (0%)  
[  5]   7.00-8.00   sec  36.7 KBytes   301 Kbits/sec  1.486 ms  0/376 (0%)  
[  5]   8.00-9.00   sec  36.5 KBytes   299 Kbits/sec  1.697 ms  0/374 (0%)  
[  5]   9.00-10.00  sec  36.4 KBytes   298 Kbits/sec  1.877 ms  0/373 (0%)  
[  5]  10.00-11.00  sec  36.8 KBytes   301 Kbits/sec  1.304 ms  0/377 (0%)  
[  5]  11.00-12.00  sec  36.7 KBytes   301 Kbits/sec  1.776 ms  0/376 (0%)  
[  5]  12.00-13.00  sec  36.5 KBytes   299 Kbits/sec  1.558 ms  0/375 (0%)  
[  5]  13.00-14.00  sec  36.6 KBytes   300 Kbits/sec  2.209 ms  0/375 (0%)  
[  5]  14.00-15.00  sec  36.4 KBytes   298 Kbits/sec  1.291 ms  0/373 (0%)  
[  5]  15.00-16.00  sec  36.7 KBytes   301 Kbits/sec  1.706 ms  0/376 (0%)  
[  5]  16.00-17.00  sec  36.6 KBytes   300 Kbits/sec  1.584 ms  0/375 (0%)  
[  5]  17.00-18.00  sec  36.5 KBytes   300 Kbits/sec  1.340 ms  0/374 (0%)  
[  5]  18.00-19.00  sec  36.8 KBytes   302 Kbits/sec  1.736 ms  0/377 (0%)  
[  5]  19.00-20.00  sec  36.6 KBytes   300 Kbits/sec  1.484 ms  0/375 (0%)  
[  5]  20.00-21.00  sec  36.6 KBytes   300 Kbits/sec  1.874 ms  0/375 (0%)  
[  5]  21.00-22.00  sec  36.6 KBytes   300 Kbits/sec  1.233 ms  0/375 (0%)  
[  5]  22.00-23.00  sec  36.5 KBytes   299 Kbits/sec  1.228 ms  0/374 (0%)  
[  5]  23.00-24.00  sec  36.7 KBytes   301 Kbits/sec  1.361 ms  0/376 (0%)  
[  5]  24.00-25.00  sec  36.6 KBytes   300 Kbits/sec  1.961 ms  0/375 (0%)  
[  5]  25.00-26.00  sec  36.5 KBytes   299 Kbits/sec  1.618 ms  0/374 (0%)  
[  5]  26.00-27.00  sec  36.6 KBytes   300 Kbits/sec  1.512 ms  0/375 (0%)  
[  5]  27.00-28.00  sec  36.6 KBytes   300 Kbits/sec  1.682 ms  0/375 (0%)  
[  5]  28.00-29.00  sec  36.6 KBytes   300 Kbits/sec  1.778 ms  0/375 (0%)  
[  5]  29.00-30.00  sec  36.7 KBytes   301 Kbits/sec  1.411 ms  0/376 (0%)  
[  5]  30.00-31.00  sec  36.5 KBytes   299 Kbits/sec  1.373 ms  0/374 (0%)  
[  5]  31.00-32.00  sec  36.6 KBytes   300 Kbits/sec  1.358 ms  0/375 (0%)  
[  5]  32.00-33.00  sec  36.5 KBytes   299 Kbits/sec  1.498 ms  0/374 (0%)  
[  5]  33.00-34.00  sec  36.7 KBytes   301 Kbits/sec  1.428 ms  0/376 (0%)  
[  5]  34.00-35.00  sec  36.6 KBytes   300 Kbits/sec  1.416 ms  0/375 (0%)  
[  5]  35.00-36.00  sec  36.7 KBytes   301 Kbits/sec  1.468 ms  0/376 (0%)  
[  5]  36.00-37.00  sec  36.5 KBytes   299 Kbits/sec  1.658 ms  0/374 (0%)  
[  5]  37.00-38.00  sec  36.7 KBytes   301 Kbits/sec  1.635 ms  0/376 (0%)  
[  5]  38.00-39.00  sec  36.4 KBytes   299 Kbits/sec  1.457 ms  0/373 (0%)  
[  5]  39.00-40.00  sec  36.7 KBytes   301 Kbits/sec  1.535 ms  0/376 (0%)  
[  5]  40.00-41.00  sec  36.7 KBytes   301 Kbits/sec  1.462 ms  0/376 (0%)  
[  5]  41.00-42.00  sec  36.5 KBytes   299 Kbits/sec  1.268 ms  0/374 (0%)  
[  5]  42.00-43.00  sec  36.6 KBytes   300 Kbits/sec  1.520 ms  0/375 (0%)  
[  5]  43.00-44.00  sec  36.6 KBytes   300 Kbits/sec  1.516 ms  0/375 (0%)  
[  5]  44.00-45.00  sec  36.6 KBytes   300 Kbits/sec  1.531 ms  0/375 (0%)  
[  5]  45.00-46.00  sec  36.7 KBytes   301 Kbits/sec  1.612 ms  0/376 (0%)  
[  5]  46.00-47.00  sec  36.6 KBytes   300 Kbits/sec  1.366 ms  0/375 (0%)  
[  5]  47.00-48.00  sec  36.6 KBytes   300 Kbits/sec  1.440 ms  0/375 (0%)  
[  5]  48.00-49.00  sec  36.6 KBytes   300 Kbits/sec  1.508 ms  0/375 (0%)  
[  5]  49.00-50.00  sec  36.5 KBytes   299 Kbits/sec  1.545 ms  0/374 (0%)  
[  5]  50.00-51.00  sec  36.6 KBytes   300 Kbits/sec  1.553 ms  0/375 (0%)  
[  5]  51.00-52.00  sec  36.7 KBytes   301 Kbits/sec  1.395 ms  0/376 (0%)  
[  5]  52.00-53.00  sec  36.6 KBytes   300 Kbits/sec  1.185 ms  0/375 (0%)  
[  5]  53.00-54.00  sec  36.5 KBytes   300 Kbits/sec  1.369 ms  0/374 (0%)  
[  5]  54.00-55.00  sec  36.6 KBytes   300 Kbits/sec  1.214 ms  0/375 (0%)  
[  5]  55.00-56.00  sec  36.7 KBytes   301 Kbits/sec  1.401 ms  0/376 (0%)  
[  5]  56.00-57.00  sec  36.5 KBytes   299 Kbits/sec  1.664 ms  0/374 (0%)  
[  5]  57.00-58.00  sec  36.6 KBytes   300 Kbits/sec  1.911 ms  0/375 (0%)  
[  5]  58.00-59.00  sec  36.6 KBytes   300 Kbits/sec  1.618 ms  0/375 (0%)  
[  5]  59.00-60.00  sec  36.7 KBytes   301 Kbits/sec  1.741 ms  0/376 (0%)  
[  5]  60.00-61.00  sec  36.5 KBytes   299 Kbits/sec  1.416 ms  0/374 (0%)  
[  5]  61.00-62.00  sec  36.7 KBytes   301 Kbits/sec  1.438 ms  0/376 (0%)  
[  5]  62.00-63.00  sec  36.6 KBytes   300 Kbits/sec  1.430 ms  0/375 (0%)  
[  5]  63.00-64.01  sec  36.8 KBytes   300 Kbits/sec  1.631 ms  0/377 (0%)  
[  5]  64.01-65.00  sec  36.3 KBytes   299 Kbits/sec  1.488 ms  0/372 (0%)  
[  5]  65.00-66.00  sec  36.6 KBytes   300 Kbits/sec  1.356 ms  0/375 (0%)  
[  5]  66.00-67.00  sec  36.6 KBytes   300 Kbits/sec  1.552 ms  0/375 (0%)  
[  5]  67.00-68.00  sec  36.6 KBytes   300 Kbits/sec  1.417 ms  0/375 (0%)  
[  5]  68.00-69.00  sec  36.6 KBytes   300 Kbits/sec  1.401 ms  0/375 (0%)  
[  5]  69.00-70.00  sec  36.6 KBytes   300 Kbits/sec  1.672 ms  0/375 (0%)  
[  5]  70.00-71.00  sec  36.7 KBytes   301 Kbits/sec  1.374 ms  0/376 (0%)  
[  5]  71.00-72.00  sec  36.6 KBytes   300 Kbits/sec  1.685 ms  0/375 (0%)  
[  5]  72.00-73.00  sec  36.5 KBytes   299 Kbits/sec  1.857 ms  0/374 (0%)  
[  5]  73.00-74.00  sec  36.6 KBytes   299 Kbits/sec  1.660 ms  0/375 (0%)  
[  5]  74.00-75.00  sec  36.5 KBytes   300 Kbits/sec  1.806 ms  0/374 (0%)  
[  5]  75.00-76.00  sec  36.8 KBytes   302 Kbits/sec  1.584 ms  0/377 (0%)  
[  5]  76.00-77.00  sec  36.5 KBytes   299 Kbits/sec  1.470 ms  0/374 (0%)  
[  5]  77.00-78.00  sec  36.7 KBytes   301 Kbits/sec  1.323 ms  0/376 (0%)  
[  5]  78.00-79.00  sec  36.6 KBytes   300 Kbits/sec  1.453 ms  0/375 (0%)  
[  5]  79.00-80.00  sec  36.5 KBytes   299 Kbits/sec  1.730 ms  0/374 (0%)  
[  5]  80.00-81.00  sec  36.6 KBytes   300 Kbits/sec  1.588 ms  0/375 (0%)  
[  5]  81.00-82.00  sec  36.6 KBytes   300 Kbits/sec  1.273 ms  0/375 (0%)  
[  5]  82.00-83.00  sec  36.7 KBytes   301 Kbits/sec  1.488 ms  0/376 (0%)  
[  5]  83.00-84.00  sec  36.3 KBytes   297 Kbits/sec  1.386 ms  0/372 (0%)  
[  5]  84.00-85.00  sec  36.9 KBytes   303 Kbits/sec  1.766 ms  0/378 (0%)  
[  5]  85.00-86.00  sec  36.6 KBytes   300 Kbits/sec  1.473 ms  0/375 (0%)  
[  5]  86.00-87.00  sec  36.5 KBytes   298 Kbits/sec  1.240 ms  0/374 (0%)  
[  5]  87.00-88.00  sec  36.6 KBytes   301 Kbits/sec  1.593 ms  0/375 (0%)  
[  5]  88.00-89.00  sec  36.6 KBytes   300 Kbits/sec  1.410 ms  0/375 (0%)  
[  5]  89.00-90.00  sec  36.6 KBytes   300 Kbits/sec  1.889 ms  0/375 (0%)  
[  5]  90.00-91.00  sec  36.6 KBytes   300 Kbits/sec  1.753 ms  0/375 (0%)  
[  5]  91.00-92.00  sec  36.6 KBytes   300 Kbits/sec  1.396 ms  0/375 (0%)  
[  5]  92.00-93.00  sec  36.6 KBytes   300 Kbits/sec  1.555 ms  0/375 (0%)  
[  5]  93.00-94.00  sec  36.6 KBytes   300 Kbits/sec  1.670 ms  0/375 (0%)  
[  5]  94.00-95.00  sec  36.6 KBytes   300 Kbits/sec  1.572 ms  0/375 (0%)  
[  5]  95.00-96.00  sec  36.5 KBytes   299 Kbits/sec  1.480 ms  0/374 (0%)  
[  5]  96.00-97.00  sec  36.6 KBytes   300 Kbits/sec  1.617 ms  0/375 (0%)  
[  5]  97.00-98.00  sec  36.8 KBytes   302 Kbits/sec  1.460 ms  0/377 (0%)  
[  5]  98.00-99.00  sec  36.5 KBytes   299 Kbits/sec  1.443 ms  0/374 (0%)  
[  5]  99.00-100.00 sec  36.7 KBytes   301 Kbits/sec  1.437 ms  0/376 (0%)  
[  5] 100.00-101.00 sec  36.5 KBytes   299 Kbits/sec  1.810 ms  0/374 (0%)  
[  5] 101.00-102.00 sec  36.5 KBytes   299 Kbits/sec  1.663 ms  0/374 (0%)  
[  5] 102.00-103.00 sec  36.7 KBytes   301 Kbits/sec  1.404 ms  0/376 (0%)  
[  5] 103.00-104.00 sec  36.5 KBytes   299 Kbits/sec  1.516 ms  0/374 (0%)  
[  5] 104.00-105.00 sec  36.8 KBytes   302 Kbits/sec  1.486 ms  0/377 (0%)  
[  5] 105.00-106.00 sec  36.5 KBytes   299 Kbits/sec  1.574 ms  0/374 (0%)  
[  5] 106.00-107.00 sec  36.6 KBytes   300 Kbits/sec  1.622 ms  0/375 (0%)  
[  5] 107.00-108.00 sec  36.6 KBytes   300 Kbits/sec  1.440 ms  0/375 (0%)  
[  5] 108.00-109.00 sec  36.6 KBytes   300 Kbits/sec  1.392 ms  0/375 (0%)  
[  5] 109.00-110.00 sec  36.6 KBytes   300 Kbits/sec  1.544 ms  0/375 (0%)  
[  5] 110.00-111.00 sec  36.6 KBytes   300 Kbits/sec  1.580 ms  0/375 (0%)  
[  5] 111.00-112.00 sec  36.7 KBytes   300 Kbits/sec  1.567 ms  0/376 (0%)  
[  5] 112.00-113.00 sec  36.6 KBytes   300 Kbits/sec  1.702 ms  0/375 (0%)  
[  5] 113.00-114.00 sec  36.5 KBytes   299 Kbits/sec  1.378 ms  0/374 (0%)  
[  5] 114.00-115.00 sec  36.7 KBytes   301 Kbits/sec  1.461 ms  0/376 (0%)  
[  5] 115.00-116.00 sec  36.6 KBytes   300 Kbits/sec  1.742 ms  0/375 (0%)  
[  5] 116.00-117.00 sec  36.6 KBytes   300 Kbits/sec  1.874 ms  0/375 (0%)  
[  5] 117.00-118.00 sec  36.5 KBytes   300 Kbits/sec  1.608 ms  0/374 (0%)  
[  5] 118.00-119.00 sec  36.7 KBytes   301 Kbits/sec  1.445 ms  0/376 (0%)  
[  5] 119.00-120.00 sec  36.5 KBytes   299 Kbits/sec  1.589 ms  0/374 (0%)  
[  5] 120.00-121.00 sec  36.7 KBytes   301 Kbits/sec  1.603 ms  0/376 (0%)  
[  5] 121.00-122.00 sec  36.5 KBytes   299 Kbits/sec  1.605 ms  0/374 (0%)  
[  5] 122.00-123.00 sec  36.4 KBytes   298 Kbits/sec  1.790 ms  0/373 (0%)  
[  5] 123.00-124.00 sec  36.9 KBytes   302 Kbits/sec  1.885 ms  0/378 (0%)  
[  5] 124.00-125.00 sec  36.6 KBytes   300 Kbits/sec  1.517 ms  0/375 (0%)  
[  5] 125.00-126.00 sec  36.5 KBytes   299 Kbits/sec  1.472 ms  0/374 (0%)  
[  5] 126.00-127.00 sec  36.5 KBytes   299 Kbits/sec  1.500 ms  0/374 (0%)  
[  5] 127.00-128.00 sec  36.6 KBytes   300 Kbits/sec  1.476 ms  0/375 (0%)  
[  5] 128.00-129.00 sec  36.7 KBytes   301 Kbits/sec  1.242 ms  0/376 (0%)  
[  5] 129.00-130.00 sec  36.6 KBytes   300 Kbits/sec  1.483 ms  0/375 (0%)  
[  5] 130.00-131.00 sec  36.5 KBytes   299 Kbits/sec  1.383 ms  0/374 (0%)  
[  5] 131.00-132.00 sec  36.8 KBytes   302 Kbits/sec  1.472 ms  0/377 (0%)  
[  5] 132.00-133.00 sec  36.6 KBytes   300 Kbits/sec  1.574 ms  0/375 (0%)  
[  5] 133.00-134.00 sec  36.6 KBytes   300 Kbits/sec  1.197 ms  0/375 (0%)  
[  5] 134.00-135.00 sec  36.5 KBytes   299 Kbits/sec  1.608 ms  0/374 (0%)  
[  5] 135.00-136.00 sec  36.5 KBytes   299 Kbits/sec  1.845 ms  0/374 (0%)  
[  5] 136.00-137.00 sec  36.8 KBytes   302 Kbits/sec  1.310 ms  0/377 (0%)  
[  5] 137.00-138.00 sec  36.6 KBytes   300 Kbits/sec  1.478 ms  0/375 (0%)  
[  5] 138.00-139.00 sec  36.5 KBytes   299 Kbits/sec  1.612 ms  0/374 (0%)  
[  5] 139.00-140.00 sec  36.4 KBytes   298 Kbits/sec  1.302 ms  0/373 (0%)  
[  5] 140.00-141.00 sec  36.8 KBytes   302 Kbits/sec  1.299 ms  0/377 (0%)  
[  5] 141.00-142.00 sec  36.6 KBytes   300 Kbits/sec  1.785 ms  0/375 (0%)  
[  5] 142.00-143.00 sec  36.7 KBytes   301 Kbits/sec  1.393 ms  0/376 (0%)  
[  5] 143.00-144.00 sec  36.5 KBytes   299 Kbits/sec  1.334 ms  0/374 (0%)  
[  5] 144.00-145.00 sec  36.7 KBytes   301 Kbits/sec  1.643 ms  0/376 (0%)  
[  5] 145.00-146.00 sec  36.6 KBytes   300 Kbits/sec  1.438 ms  0/375 (0%)  
[  5] 146.00-147.00 sec  36.6 KBytes   300 Kbits/sec  1.673 ms  0/375 (0%)  
[  5] 147.00-148.00 sec  36.6 KBytes   300 Kbits/sec  1.378 ms  0/375 (0%)  
[  5] 148.00-149.00 sec  36.5 KBytes   299 Kbits/sec  1.579 ms  0/374 (0%)  
[  5] 149.00-150.00 sec  36.7 KBytes   301 Kbits/sec  1.514 ms  0/376 (0%)  
[  5] 150.00-151.00 sec  36.6 KBytes   300 Kbits/sec  1.337 ms  0/375 (0%)  
[  5] 151.00-152.00 sec  36.5 KBytes   299 Kbits/sec  1.630 ms  0/374 (0%)  
[  5] 152.00-153.00 sec  36.7 KBytes   301 Kbits/sec  1.615 ms  0/376 (0%)  
[  5] 153.00-154.00 sec  36.5 KBytes   299 Kbits/sec  1.584 ms  0/374 (0%)  
[  5] 154.00-155.00 sec  36.7 KBytes   301 Kbits/sec  1.249 ms  0/376 (0%)  
[  5] 155.00-156.00 sec  36.5 KBytes   299 Kbits/sec  1.534 ms  0/374 (0%)  
[  5] 156.00-157.00 sec  36.6 KBytes   300 Kbits/sec  1.428 ms  0/375 (0%)  
[  5] 157.00-158.00 sec  36.6 KBytes   299 Kbits/sec  1.341 ms  0/375 (0%)  
[  5] 158.00-159.00 sec  36.6 KBytes   301 Kbits/sec  1.493 ms  0/375 (0%)  
[  5] 159.00-160.00 sec  36.6 KBytes   300 Kbits/sec  1.460 ms  0/375 (0%)  
[  5] 160.00-161.00 sec  36.5 KBytes   300 Kbits/sec  1.147 ms  0/374 (0%)  
[  5] 161.00-162.00 sec  36.8 KBytes   302 Kbits/sec  1.676 ms  0/377 (0%)  
[  5] 162.00-163.00 sec  36.5 KBytes   299 Kbits/sec  1.511 ms  0/374 (0%)  
[  5] 163.00-164.00 sec  36.6 KBytes   300 Kbits/sec  1.325 ms  0/375 (0%)  
[  5] 164.00-165.00 sec  36.6 KBytes   300 Kbits/sec  1.410 ms  0/375 (0%)  
[  5] 165.00-166.00 sec  36.7 KBytes   301 Kbits/sec  1.305 ms  0/376 (0%)  
[  5] 166.00-167.00 sec  36.5 KBytes   299 Kbits/sec  1.491 ms  0/374 (0%)  
[  5] 167.00-168.00 sec  36.6 KBytes   300 Kbits/sec  1.586 ms  0/375 (0%)  
[  5] 168.00-169.00 sec  36.6 KBytes   300 Kbits/sec  1.473 ms  0/375 (0%)  
[  5] 169.00-170.00 sec  36.6 KBytes   300 Kbits/sec  1.549 ms  0/375 (0%)  
[  5] 170.00-171.00 sec  36.6 KBytes   299 Kbits/sec  1.424 ms  0/375 (0%)  
[  5] 171.00-172.00 sec  36.6 KBytes   301 Kbits/sec  1.522 ms  0/375 (0%)  
[  5] 172.00-173.00 sec  36.7 KBytes   301 Kbits/sec  1.539 ms  0/376 (0%)  
[  5] 173.00-174.00 sec  36.5 KBytes   299 Kbits/sec  1.825 ms  0/374 (0%)  
[  5] 174.00-175.00 sec  36.6 KBytes   300 Kbits/sec  1.493 ms  0/375 (0%)  
[  5] 175.00-176.00 sec  36.6 KBytes   300 Kbits/sec  1.515 ms  0/375 (0%)  
[  5] 176.00-177.00 sec  36.6 KBytes   300 Kbits/sec  1.588 ms  0/375 (0%)  
[  5] 177.00-178.00 sec  36.6 KBytes   300 Kbits/sec  1.633 ms  0/375 (0%)  
[  5] 178.00-179.00 sec  36.6 KBytes   300 Kbits/sec  1.616 ms  0/375 (0%)  
[  5] 179.00-180.00 sec  36.6 KBytes   300 Kbits/sec  1.555 ms  0/375 (0%)  
[  5] 180.00-181.00 sec  36.7 KBytes   301 Kbits/sec  1.482 ms  0/376 (0%)  
[  5] 181.00-182.00 sec  36.5 KBytes   299 Kbits/sec  1.445 ms  0/374 (0%)  
[  5] 182.00-183.00 sec  36.7 KBytes   301 Kbits/sec  1.533 ms  0/376 (0%)  
[  5] 183.00-184.00 sec  36.6 KBytes   300 Kbits/sec  1.361 ms  0/375 (0%)  
[  5] 184.00-185.00 sec  36.5 KBytes   299 Kbits/sec  1.260 ms  0/374 (0%)  
[  5] 185.00-186.00 sec  36.7 KBytes   301 Kbits/sec  1.665 ms  0/376 (0%)  
[  5] 186.00-187.00 sec  36.5 KBytes   299 Kbits/sec  1.535 ms  0/374 (0%)  
[  5] 187.00-188.00 sec  36.6 KBytes   300 Kbits/sec  1.527 ms  0/375 (0%)  
[  5] 188.00-189.00 sec  36.6 KBytes   300 Kbits/sec  1.550 ms  0/375 (0%)  
[  5] 189.00-190.00 sec  36.6 KBytes   300 Kbits/sec  1.409 ms  0/375 (0%)  
[  5] 190.00-191.00 sec  36.7 KBytes   301 Kbits/sec  2.015 ms  0/376 (0%)  
[  5] 191.00-192.00 sec  36.4 KBytes   299 Kbits/sec  1.808 ms  0/373 (0%)  
[  5] 192.00-193.00 sec  36.7 KBytes   300 Kbits/sec  1.654 ms  0/376 (0%)  
[  5] 193.00-194.00 sec  36.6 KBytes   300 Kbits/sec  1.814 ms  0/375 (0%)  
[  5] 194.00-195.00 sec  36.6 KBytes   300 Kbits/sec  1.648 ms  0/375 (0%)  
[  5] 195.00-196.00 sec  36.6 KBytes   300 Kbits/sec  1.600 ms  0/375 (0%)  
[  5] 196.00-197.00 sec  36.6 KBytes   300 Kbits/sec  1.365 ms  0/375 (0%)  
[  5] 197.00-198.00 sec  36.6 KBytes   300 Kbits/sec  1.889 ms  0/375 (0%)  
[  5] 198.00-199.00 sec  36.7 KBytes   301 Kbits/sec  1.622 ms  0/376 (0%)  
[  5] 199.00-200.00 sec  36.4 KBytes   298 Kbits/sec  1.349 ms  0/373 (0%)  
[  5] 200.00-201.00 sec  36.7 KBytes   301 Kbits/sec  1.484 ms  0/376 (0%)  
[  5] 201.00-202.00 sec  36.5 KBytes   299 Kbits/sec  1.567 ms  0/374 (0%)  
[  5] 202.00-203.00 sec  36.7 KBytes   301 Kbits/sec  1.590 ms  0/376 (0%)  
[  5] 203.00-204.00 sec  36.6 KBytes   300 Kbits/sec  1.556 ms  0/375 (0%)  
[  5] 204.00-205.00 sec  36.6 KBytes   300 Kbits/sec  1.560 ms  0/375 (0%)  
[  5] 205.00-206.00 sec  36.6 KBytes   300 Kbits/sec  1.356 ms  0/375 (0%)  
[  5] 206.00-207.00 sec  36.7 KBytes   301 Kbits/sec  1.548 ms  0/376 (0%)  
[  5] 207.00-208.00 sec  36.5 KBytes   299 Kbits/sec  1.330 ms  0/374 (0%)  
[  5] 208.00-209.00 sec  36.6 KBytes   300 Kbits/sec  1.732 ms  0/375 (0%)  
[  5] 209.00-210.00 sec  36.6 KBytes   299 Kbits/sec  1.620 ms  0/375 (0%)  
[  5] 210.00-211.00 sec  36.6 KBytes   301 Kbits/sec  1.500 ms  0/375 (0%)  
