Connecting to host 172.22.0.50, port 5201
Reverse mode, remote host 172.22.0.50 is sending
[  5] local 192.168.100.2 port 37937 connected to 172.22.0.50 port 5201
[ ID] Interval           Transfer     Bitrate         Jitter    Lost/Total Datagrams
[  5]   0.00-1.00   sec   490 KBytes  4.01 Mbits/sec  1.628 ms  0/418 (0%)  
[  5]   1.00-2.00   sec   486 KBytes  3.98 Mbits/sec  1.933 ms  0/415 (0%)  
[  5]   2.00-3.00   sec   490 KBytes  4.01 Mbits/sec  2.194 ms  0/418 (0%)  
[  5]   3.00-4.00   sec   486 KBytes  3.98 Mbits/sec  1.878 ms  0/415 (0%)  
[  5]   4.00-5.00   sec   489 KBytes  4.01 Mbits/sec  1.862 ms  0/417 (0%)  
[  5]   5.00-6.00   sec   488 KBytes  3.98 Mbits/sec  1.698 ms  0/416 (0%)  
[  5]   6.00-7.00   sec   491 KBytes  4.03 Mbits/sec  2.039 ms  0/419 (0%)  
[  5]   7.00-8.00   sec   489 KBytes  4.00 Mbits/sec  1.741 ms  0/417 (0%)  
[  5]   8.00-9.00   sec   486 KBytes  3.98 Mbits/sec  2.155 ms  0/415 (0%)  
[  5]   9.00-10.00  sec   488 KBytes  3.99 Mbits/sec  1.962 ms  0/416 (0%)  
[  5]  10.00-11.00  sec   489 KBytes  4.01 Mbits/sec  1.753 ms  0/417 (0%)  
[  5]  11.00-12.00  sec   490 KBytes  4.01 Mbits/sec  1.953 ms  0/418 (0%)  
[  5]  12.00-13.00  sec   488 KBytes  3.99 Mbits/sec  1.883 ms  0/416 (0%)  
[  5]  13.00-14.00  sec   490 KBytes  4.01 Mbits/sec  1.701 ms  0/418 (0%)  
[  5]  14.00-15.00  sec   488 KBytes  3.99 Mbits/sec  1.866 ms  0/416 (0%)  
[  5]  15.00-16.00  sec   486 KBytes  3.98 Mbits/sec  1.781 ms  0/415 (0%)  
[  5]  16.00-17.00  sec   489 KBytes  4.00 Mbits/sec  1.737 ms  0/417 (0%)  
[  5]  17.00-18.00  sec   488 KBytes  4.00 Mbits/sec  1.966 ms  0/416 (0%)  
[  5]  18.00-19.00  sec   490 KBytes  4.01 Mbits/sec  2.114 ms  0/418 (0%)  
[  5]  19.00-20.00  sec   488 KBytes  3.99 Mbits/sec  1.916 ms  0/416 (0%)  
[  5]  20.00-21.00  sec   489 KBytes  4.00 Mbits/sec  2.178 ms  0/417 (0%)  
[  5]  21.00-22.00  sec   491 KBytes  4.02 Mbits/sec  2.074 ms  0/419 (0%)  
[  5]  22.00-23.00  sec   486 KBytes  3.99 Mbits/sec  1.909 ms  0/415 (0%)  
[  5]  23.00-24.00  sec   486 KBytes  3.98 Mbits/sec  1.916 ms  0/415 (0%)  
[  5]  24.00-25.00  sec   236 KBytes  1.93 Mbits/sec  2.175 ms  0/201 (0%)  
[  5]  25.00-26.00  sec   395 KBytes  3.24 Mbits/sec  2.259 ms  296/633 (47%)  
[  5]  26.00-27.00  sec   490 KBytes  4.01 Mbits/sec  1.953 ms  0/418 (0%)  
[  5]  27.00-28.00  sec   488 KBytes  3.99 Mbits/sec  2.209 ms  0/416 (0%)  
[  5]  28.00-29.00  sec   488 KBytes  3.99 Mbits/sec  1.683 ms  0/416 (0%)  
[  5]  29.00-30.00  sec   490 KBytes  4.02 Mbits/sec  2.060 ms  0/418 (0%)  
[  5]  30.00-31.00  sec   488 KBytes  3.99 Mbits/sec  1.906 ms  0/416 (0%)  
[  5]  31.00-32.00  sec   490 KBytes  4.01 Mbits/sec  1.639 ms  0/418 (0%)  
[  5]  32.00-33.00  sec   488 KBytes  4.00 Mbits/sec  1.754 ms  0/416 (0%)  
[  5]  33.00-34.00  sec   490 KBytes  4.00 Mbits/sec  1.944 ms  0/418 (0%)  
[  5]  34.00-35.00  sec   485 KBytes  3.98 Mbits/sec  1.658 ms  0/414 (0%)  
[  5]  35.00-36.00  sec   490 KBytes  4.01 Mbits/sec  2.109 ms  0/418 (0%)  
[  5]  36.00-37.00  sec   489 KBytes  4.01 Mbits/sec  1.763 ms  0/417 (0%)  
[  5]  37.00-38.00  sec   489 KBytes  4.00 Mbits/sec  2.115 ms  0/417 (0%)  
[  5]  38.00-39.00  sec   488 KBytes  3.99 Mbits/sec  1.730 ms  0/416 (0%)  
[  5]  39.00-40.00  sec   488 KBytes  3.99 Mbits/sec  1.760 ms  0/416 (0%)  
[  5]  40.00-41.00  sec   489 KBytes  4.00 Mbits/sec  1.926 ms  0/417 (0%)  
[  5]  41.00-42.00  sec   490 KBytes  3.99 Mbits/sec  2.140 ms  0/418 (0%)  
