Connecting to host 172.22.0.50, port 5204
Reverse mode, remote host 172.22.0.50 is sending
[  5] local 192.168.100.3 port 33745 connected to 172.22.0.50 port 5204
[ ID] Interval           Transfer     Bitrate         Jitter    Lost/Total Datagrams
[  5]   0.00-1.00   sec   490 KBytes  4.01 Mbits/sec  1.874 ms  0/418 (0%)  
[  5]   1.00-2.00   sec   489 KBytes  4.00 Mbits/sec  1.741 ms  0/417 (0%)  
[  5]   2.00-3.00   sec   488 KBytes  3.99 Mbits/sec  1.753 ms  0/416 (0%)  
[  5]   3.00-4.00   sec   489 KBytes  4.00 Mbits/sec  1.281 ms  0/417 (0%)  
[  5]   4.00-5.00   sec   489 KBytes  4.00 Mbits/sec  1.386 ms  0/417 (0%)  
[  5]   5.00-6.00   sec   489 KBytes  4.00 Mbits/sec  1.542 ms  0/417 (0%)  
[  5]   6.00-7.00   sec   488 KBytes  3.99 Mbits/sec  1.858 ms  0/416 (0%)  
[  5]   7.00-8.00   sec   486 KBytes  3.98 Mbits/sec  1.867 ms  0/415 (0%)  
[  5]   8.00-9.00   sec   490 KBytes  4.01 Mbits/sec  1.693 ms  0/418 (0%)  
[  5]   9.00-10.00  sec   489 KBytes  4.00 Mbits/sec  1.671 ms  0/417 (0%)  
[  5]  10.00-11.00  sec   488 KBytes  3.99 Mbits/sec  1.470 ms  0/416 (0%)  
[  5]  11.00-12.00  sec   489 KBytes  4.00 Mbits/sec  1.496 ms  0/417 (0%)  
[  5]  12.00-13.00  sec   489 KBytes  4.00 Mbits/sec  1.233 ms  0/417 (0%)  
[  5]  13.00-14.00  sec   490 KBytes  4.01 Mbits/sec  1.340 ms  0/418 (0%)  
[  5]  14.00-15.00  sec   486 KBytes  3.98 Mbits/sec  1.627 ms  0/415 (0%)  
[  5]  15.00-16.00  sec   490 KBytes  4.02 Mbits/sec  1.366 ms  0/418 (0%)  
[  5]  16.00-17.00  sec   486 KBytes  3.98 Mbits/sec  1.386 ms  0/415 (0%)  
[  5]  17.00-18.00  sec   490 KBytes  4.01 Mbits/sec  1.750 ms  0/418 (0%)  
[  5]  18.00-19.00  sec   485 KBytes  3.98 Mbits/sec  1.704 ms  0/414 (0%)  
[  5]  19.00-20.00  sec   489 KBytes  4.00 Mbits/sec  1.215 ms  0/417 (0%)  
[  5]  20.00-21.00  sec   492 KBytes  4.03 Mbits/sec  1.473 ms  0/420 (0%)  
[  5]  21.00-22.00  sec   486 KBytes  3.99 Mbits/sec  1.523 ms  0/415 (0%)  
[  5]  22.00-23.00  sec   212 KBytes  1.74 Mbits/sec  1.798 ms  0/181 (0%)  
[  5]  23.00-24.00  sec   417 KBytes  3.42 Mbits/sec  1.873 ms  296/652 (45%)  
[  5]  24.00-25.00  sec   490 KBytes  4.01 Mbits/sec  1.771 ms  0/418 (0%)  
[  5]  25.00-26.00  sec   486 KBytes  3.97 Mbits/sec  1.780 ms  0/415 (0%)  
[  5]  26.00-27.00  sec   490 KBytes  4.02 Mbits/sec  1.624 ms  0/418 (0%)  
[  5]  27.00-28.00  sec   488 KBytes  3.99 Mbits/sec  1.480 ms  0/416 (0%)  
[  5]  28.00-29.00  sec   489 KBytes  4.00 Mbits/sec  1.483 ms  0/417 (0%)  
[  5]  29.00-30.00  sec   488 KBytes  3.99 Mbits/sec  1.697 ms  0/416 (0%)  
[  5]  30.00-31.00  sec   488 KBytes  3.99 Mbits/sec  1.497 ms  0/416 (0%)  
[  5]  31.00-32.00  sec   490 KBytes  4.02 Mbits/sec  1.805 ms  0/418 (0%)  
[  5]  32.00-33.00  sec   486 KBytes  3.98 Mbits/sec  2.042 ms  0/415 (0%)  
[  5]  33.00-34.00  sec   489 KBytes  4.00 Mbits/sec  1.531 ms  0/417 (0%)  
[  5]  34.00-35.00  sec   489 KBytes  4.00 Mbits/sec  1.748 ms  0/417 (0%)  
[  5]  35.00-36.00  sec   489 KBytes  4.00 Mbits/sec  1.672 ms  0/417 (0%)  
[  5]  36.00-37.00  sec   488 KBytes  4.00 Mbits/sec  1.899 ms  0/416 (0%)  
[  5]  37.00-38.00  sec   489 KBytes  4.00 Mbits/sec  1.763 ms  0/417 (0%)  
[  5]  38.00-39.00  sec   490 KBytes  4.01 Mbits/sec  1.613 ms  0/418 (0%)  
[  5]  39.00-40.00  sec   488 KBytes  3.99 Mbits/sec  2.107 ms  0/416 (0%)  
