Connecting to host 172.22.0.50, port 5201
Reverse mode, remote host 172.22.0.50 is sending
[  5] local 192.168.100.2 port 58943 connected to 172.22.0.50 port 5201
[ ID] Interval           Transfer     Bitrate         Jitter    Lost/Total Datagrams
[  5]   0.00-1.00   sec  1.43 MBytes  12.0 Mbits/sec  1.016 ms  0/1248 (0%)  
[  5]   1.00-2.00   sec  1.43 MBytes  12.0 Mbits/sec  0.907 ms  0/1249 (0%)  
[  5]   2.00-3.01   sec  1.44 MBytes  12.0 Mbits/sec  0.934 ms  0/1258 (0%)  
[  5]   3.01-4.00   sec  1.42 MBytes  12.0 Mbits/sec  0.812 ms  0/1242 (0%)  
[  5]   4.00-5.00   sec  1.43 MBytes  12.0 Mbits/sec  1.031 ms  0/1251 (0%)  
[  5]   5.00-6.00   sec  1.43 MBytes  12.0 Mbits/sec  1.167 ms  0/1246 (0%)  
[  5]   6.00-7.00   sec  1.43 MBytes  12.0 Mbits/sec  0.956 ms  0/1253 (0%)  
[  5]   7.00-8.00   sec  1.43 MBytes  12.0 Mbits/sec  1.039 ms  0/1250 (0%)  
[  5]   8.00-9.00   sec  1.43 MBytes  12.0 Mbits/sec  0.936 ms  0/1247 (0%)  
[  5]   9.00-10.00  sec  1.43 MBytes  12.0 Mbits/sec  1.084 ms  0/1251 (0%)  
[  5]  10.00-11.00  sec  1.43 MBytes  12.0 Mbits/sec  1.262 ms  0/1248 (0%)  
[  5]  11.00-12.00  sec  1.43 MBytes  12.0 Mbits/sec  0.892 ms  0/1251 (0%)  
[  5]  12.00-13.00  sec  1.44 MBytes  12.1 Mbits/sec  1.052 ms  0/1256 (0%)  
[  5]  13.00-14.00  sec  1.43 MBytes  12.0 Mbits/sec  0.989 ms  0/1249 (0%)  
[  5]  14.00-15.00  sec  1.43 MBytes  12.0 Mbits/sec  0.772 ms  0/1252 (0%)  
[  5]  15.00-16.00  sec  1.43 MBytes  12.0 Mbits/sec  0.937 ms  0/1249 (0%)  
[  5]  16.00-17.00  sec  1.41 MBytes  11.8 Mbits/sec  0.993 ms  0/1231 (0%)  
[  5]  17.00-18.00  sec  1.35 MBytes  11.3 Mbits/sec  1.076 ms  0/1181 (0%)  
[  5]  18.00-19.00  sec  1.37 MBytes  11.5 Mbits/sec  0.988 ms  0/1194 (0%)  
[  5]  19.00-20.00  sec  1.34 MBytes  11.2 Mbits/sec  1.030 ms  0/1168 (0%)  
[  5]  20.00-21.00  sec  1.33 MBytes  11.2 Mbits/sec  1.025 ms  0/1165 (0%)  
[  5]  21.00-22.00  sec  1.32 MBytes  11.1 Mbits/sec  1.054 ms  0/1154 (0%)  
[  5]  22.00-23.00  sec  1.41 MBytes  11.8 Mbits/sec  0.822 ms  0/1231 (0%)  
[  5]  23.00-24.00  sec  1.40 MBytes  11.7 Mbits/sec  1.121 ms  0/1220 (0%)  
[  5]  24.00-25.00  sec  1.40 MBytes  11.8 Mbits/sec  0.990 ms  0/1227 (0%)  
[  5]  25.00-26.00  sec  1.41 MBytes  11.8 Mbits/sec  0.950 ms  0/1230 (0%)  
[  5]  26.00-27.00  sec  1.40 MBytes  11.8 Mbits/sec  0.920 ms  0/1225 (0%)  
[  5]  27.00-28.00  sec  1.46 MBytes  12.2 Mbits/sec  0.890 ms  0/1273 (0%)  
[  5]  28.00-29.00  sec  1.41 MBytes  11.8 Mbits/sec  0.779 ms  0/1230 (0%)  
[  5]  29.00-30.00  sec  1.39 MBytes  11.7 Mbits/sec  1.106 ms  0/1215 (0%)  
[  5]  30.00-31.00  sec  1.43 MBytes  12.0 Mbits/sec  0.985 ms  0/1249 (0%)  
[  5]  31.00-32.00  sec  1.43 MBytes  12.0 Mbits/sec  0.764 ms  0/1248 (0%)  
[  5]  32.00-33.00  sec  1.46 MBytes  12.3 Mbits/sec  0.992 ms  0/1279 (0%)  
[  5]  33.00-34.00  sec  1.51 MBytes  12.7 Mbits/sec  0.888 ms  0/1320 (0%)  
[  5]  34.00-35.00  sec  1.48 MBytes  12.4 Mbits/sec  0.950 ms  0/1289 (0%)  
[  5]  35.00-36.00  sec  1.46 MBytes  12.3 Mbits/sec  0.924 ms  0/1278 (0%)  
[  5]  36.00-37.00  sec  1.39 MBytes  11.7 Mbits/sec  1.060 ms  0/1218 (0%)  
[  5]  37.00-38.00  sec  1.46 MBytes  12.2 Mbits/sec  0.768 ms  0/1273 (0%)  
[  5]  38.00-39.00  sec  1.45 MBytes  12.2 Mbits/sec  0.940 ms  0/1266 (0%)  
[  5]  39.00-40.00  sec  1.49 MBytes  12.5 Mbits/sec  0.974 ms  0/1302 (0%)  
[  5]  40.00-41.00  sec  1.48 MBytes  12.4 Mbits/sec  0.898 ms  0/1290 (0%)  
[  5]  41.00-42.00  sec  1.49 MBytes  12.5 Mbits/sec  0.900 ms  0/1298 (0%)  
[  5]  42.00-43.00  sec  1.56 MBytes  13.1 Mbits/sec  0.952 ms  0/1367 (0%)  
[  5]  43.00-44.00  sec  1.57 MBytes  13.2 Mbits/sec  0.933 ms  0/1370 (0%)  
[  5]  44.00-45.00  sec  1.43 MBytes  12.0 Mbits/sec  1.026 ms  0/1251 (0%)  
[  5]  45.00-46.00  sec  1.44 MBytes  12.0 Mbits/sec  0.980 ms  0/1255 (0%)  
[  5]  46.00-47.00  sec  1.42 MBytes  11.9 Mbits/sec  1.054 ms  0/1242 (0%)  
[  5]  47.00-48.00  sec  1.44 MBytes  12.1 Mbits/sec  1.015 ms  0/1256 (0%)  
[  5]  48.00-49.00  sec  1.44 MBytes  12.0 Mbits/sec  0.999 ms  0/1254 (0%)  
[  5]  49.00-50.00  sec  1.42 MBytes  12.0 Mbits/sec  0.814 ms  0/1245 (0%)  
[  5]  50.00-51.00  sec  1.43 MBytes  12.0 Mbits/sec  0.976 ms  0/1252 (0%)  
[  5]  51.00-52.00  sec  1.41 MBytes  11.8 Mbits/sec  0.850 ms  0/1234 (0%)  
[  5]  52.00-53.00  sec  1.45 MBytes  12.2 Mbits/sec  0.734 ms  0/1268 (0%)  
[  5]  53.00-54.00  sec  1.42 MBytes  11.9 Mbits/sec  1.031 ms  0/1243 (0%)  
[  5]  54.00-55.00  sec  1.44 MBytes  12.0 Mbits/sec  0.820 ms  0/1255 (0%)  
[  5]  55.00-56.00  sec  1.43 MBytes  12.0 Mbits/sec  0.980 ms  0/1249 (0%)  
[  5]  56.00-57.00  sec  1.43 MBytes  12.0 Mbits/sec  1.111 ms  0/1246 (0%)  
[  5]  57.00-58.00  sec  1.44 MBytes  12.1 Mbits/sec  0.905 ms  0/1256 (0%)  
[  5]  58.00-59.00  sec  1.43 MBytes  12.0 Mbits/sec  0.780 ms  0/1250 (0%)  
[  5]  59.00-60.00  sec  1.43 MBytes  12.0 Mbits/sec  0.813 ms  0/1252 (0%)  
[  5]  60.00-61.00  sec  1.43 MBytes  12.0 Mbits/sec  0.879 ms  0/1247 (0%)  
[  5]  61.00-62.00  sec  1.42 MBytes  11.9 Mbits/sec  0.968 ms  0/1245 (0%)  
[  5]  62.00-63.00  sec  1.43 MBytes  12.0 Mbits/sec  0.986 ms  0/1248 (0%)  
[  5]  63.00-64.00  sec  1.44 MBytes  12.1 Mbits/sec  1.075 ms  0/1257 (0%)  
[  5]  64.00-65.00  sec  1.42 MBytes  11.9 Mbits/sec  1.019 ms  0/1243 (0%)  
[  5]  65.00-66.00  sec  1.44 MBytes  12.1 Mbits/sec  0.956 ms  0/1260 (0%)  
[  5]  66.00-67.00  sec  1.43 MBytes  12.0 Mbits/sec  0.915 ms  0/1247 (0%)  
[  5]  67.00-68.00  sec  1.43 MBytes  12.0 Mbits/sec  0.936 ms  0/1249 (0%)  
[  5]  68.00-69.00  sec  1.43 MBytes  12.0 Mbits/sec  0.999 ms  0/1251 (0%)  
[  5]  69.00-70.00  sec  1.43 MBytes  12.0 Mbits/sec  0.836 ms  0/1252 (0%)  
[  5]  70.00-71.00  sec  1.42 MBytes  11.9 Mbits/sec  0.810 ms  0/1243 (0%)  
[  5]  71.00-72.00  sec  1.43 MBytes  12.0 Mbits/sec  0.955 ms  0/1252 (0%)  
[  5]  72.00-73.00  sec  1.44 MBytes  12.1 Mbits/sec  0.850 ms  0/1255 (0%)  
[  5]  73.00-74.00  sec  1.43 MBytes  12.0 Mbits/sec  0.815 ms  0/1252 (0%)  
[  5]  74.00-75.00  sec  1.42 MBytes  11.9 Mbits/sec  0.888 ms  0/1244 (0%)  
[  5]  75.00-76.00  sec  1.44 MBytes  12.0 Mbits/sec  1.104 ms  0/1254 (0%)  
[  5]  76.00-77.00  sec  1.43 MBytes  12.0 Mbits/sec  0.798 ms  0/1248 (0%)  
[  5]  77.00-78.00  sec  1.43 MBytes  12.0 Mbits/sec  1.153 ms  0/1247 (0%)  
[  5]  78.00-79.00  sec  1.43 MBytes  12.0 Mbits/sec  0.837 ms  0/1250 (0%)  
[  5]  79.00-80.00  sec  1.43 MBytes  12.0 Mbits/sec  0.870 ms  0/1252 (0%)  
[  5]  80.00-81.00  sec  1.43 MBytes  12.0 Mbits/sec  0.973 ms  0/1247 (0%)  
[  5]  81.00-82.00  sec  1.43 MBytes  12.0 Mbits/sec  1.125 ms  0/1251 (0%)  
[  5]  82.00-83.00  sec  1.44 MBytes  12.1 Mbits/sec  0.925 ms  0/1255 (0%)  
[  5]  83.00-84.00  sec  1.43 MBytes  12.0 Mbits/sec  0.846 ms  0/1246 (0%)  
[  5]  84.00-85.00  sec  1.44 MBytes  12.1 Mbits/sec  0.961 ms  0/1255 (0%)  
[  5]  85.00-86.00  sec  1.43 MBytes  12.0 Mbits/sec  0.804 ms  0/1247 (0%)  
[  5]  86.00-87.00  sec  1.43 MBytes  12.0 Mbits/sec  0.739 ms  0/1250 (0%)  
[  5]  87.00-88.00  sec  1.43 MBytes  12.0 Mbits/sec  0.989 ms  0/1250 (0%)  
[  5]  88.00-89.00  sec  1.44 MBytes  12.0 Mbits/sec  0.912 ms  0/1254 (0%)  
[  5]  89.00-90.00  sec  1.43 MBytes  12.0 Mbits/sec  0.933 ms  0/1250 (0%)  
[  5]  90.00-91.00  sec  1.43 MBytes  12.0 Mbits/sec  1.031 ms  0/1247 (0%)  
[  5]  91.00-92.00  sec  1.42 MBytes  11.9 Mbits/sec  0.824 ms  0/1243 (0%)  
[  5]  92.00-93.00  sec  1.44 MBytes  12.1 Mbits/sec  0.976 ms  0/1258 (0%)  
[  5]  93.00-94.00  sec  1.43 MBytes  12.0 Mbits/sec  1.010 ms  0/1246 (0%)  
[  5]  94.00-95.00  sec  1.44 MBytes  12.1 Mbits/sec  1.015 ms  0/1256 (0%)  
[  5]  95.00-96.00  sec  1.43 MBytes  12.0 Mbits/sec  0.692 ms  0/1247 (0%)  
[  5]  96.00-97.00  sec  1.43 MBytes  12.0 Mbits/sec  0.966 ms  0/1246 (0%)  
[  5]  97.00-98.00  sec  1.44 MBytes  12.0 Mbits/sec  0.960 ms  0/1255 (0%)  
[  5]  98.00-99.00  sec  1.43 MBytes  12.0 Mbits/sec  0.815 ms  0/1246 (0%)  
[  5]  99.00-100.00 sec  1.44 MBytes  12.0 Mbits/sec  0.965 ms  0/1254 (0%)  
[  5] 100.00-101.00 sec  1.43 MBytes  12.0 Mbits/sec  0.855 ms  0/1250 (0%)  
[  5] 101.00-102.00 sec  1.43 MBytes  12.0 Mbits/sec  0.961 ms  0/1246 (0%)  
[  5] 102.00-103.00 sec  1.43 MBytes  12.0 Mbits/sec  0.966 ms  0/1257 (0%)  
[  5] 103.00-104.00 sec  1.42 MBytes  11.9 Mbits/sec  0.867 ms  0/1243 (0%)  
[  5] 104.00-105.00 sec  1.44 MBytes  12.0 Mbits/sec  0.668 ms  0/1254 (0%)  
[  5] 105.00-106.00 sec  1.42 MBytes  11.9 Mbits/sec  1.097 ms  0/1242 (0%)  
[  5] 106.00-107.00 sec  1.44 MBytes  12.1 Mbits/sec  0.885 ms  0/1256 (0%)  
[  5] 107.00-108.00 sec  1.43 MBytes  12.0 Mbits/sec  0.978 ms  0/1250 (0%)  
[  5] 108.00-109.00 sec  1.43 MBytes  12.0 Mbits/sec  0.916 ms  0/1252 (0%)  
[  5] 109.00-110.00 sec  1.43 MBytes  12.0 Mbits/sec  0.818 ms  0/1249 (0%)  
[  5] 110.00-111.00 sec  1.43 MBytes  12.0 Mbits/sec  0.722 ms  0/1252 (0%)  
[  5] 111.00-112.00 sec  1.43 MBytes  12.0 Mbits/sec  1.114 ms  0/1247 (0%)  
[  5] 112.00-113.00 sec  1.43 MBytes  12.0 Mbits/sec  0.952 ms  0/1252 (0%)  
[  5] 113.00-114.00 sec  1.43 MBytes  12.0 Mbits/sec  0.844 ms  0/1250 (0%)  
[  5] 114.00-115.00 sec  1.43 MBytes  12.0 Mbits/sec  0.942 ms  0/1249 (0%)  
[  5] 115.00-116.00 sec  1.43 MBytes  12.0 Mbits/sec  0.856 ms  0/1251 (0%)  
[  5] 116.00-117.00 sec  1.43 MBytes  12.0 Mbits/sec  0.890 ms  0/1248 (0%)  
[  5] 117.00-118.00 sec  1.42 MBytes  11.9 Mbits/sec  0.967 ms  0/1244 (0%)  
[  5] 118.00-119.00 sec  1.44 MBytes  12.1 Mbits/sec  1.001 ms  0/1258 (0%)  
[  5] 119.00-120.00 sec  1.43 MBytes  12.0 Mbits/sec  1.062 ms  0/1248 (0%)  
[  5] 120.00-121.00 sec  1.43 MBytes  12.0 Mbits/sec  0.732 ms  0/1246 (0%)  
[  5] 121.00-122.00 sec  1.42 MBytes  12.0 Mbits/sec  0.892 ms  0/1245 (0%)  
[  5] 122.00-123.00 sec  1.44 MBytes  12.1 Mbits/sec  0.792 ms  0/1262 (0%)  
[  5] 123.00-124.00 sec  1.43 MBytes  12.0 Mbits/sec  0.792 ms  0/1252 (0%)  
[  5] 124.00-125.00 sec  1.42 MBytes  11.9 Mbits/sec  0.884 ms  0/1242 (0%)  
[  5] 125.00-126.00 sec  1.43 MBytes  12.0 Mbits/sec  0.972 ms  0/1250 (0%)  
[  5] 126.00-127.00 sec  1.42 MBytes  11.9 Mbits/sec  1.148 ms  0/1245 (0%)  
[  5] 127.00-128.00 sec  1.44 MBytes  12.0 Mbits/sec  0.891 ms  0/1260 (0%)  
[  5] 128.00-129.00 sec  1.43 MBytes  12.0 Mbits/sec  1.013 ms  0/1247 (0%)  
[  5] 129.00-130.00 sec  1.44 MBytes  12.0 Mbits/sec  0.956 ms  0/1254 (0%)  
[  5] 130.00-131.00 sec  1.43 MBytes  12.0 Mbits/sec  1.136 ms  0/1246 (0%)  
[  5] 131.00-132.00 sec  1.43 MBytes  12.0 Mbits/sec  1.009 ms  0/1253 (0%)  
[  5] 132.00-133.00 sec  1.43 MBytes  12.0 Mbits/sec  0.788 ms  0/1249 (0%)  
[  5] 133.00-134.00 sec  1.43 MBytes  12.0 Mbits/sec  1.024 ms  0/1250 (0%)  
[  5] 134.00-135.00 sec  1.43 MBytes  12.0 Mbits/sec  0.925 ms  0/1251 (0%)  
[  5] 135.00-136.00 sec  1.43 MBytes  12.0 Mbits/sec  1.187 ms  0/1247 (0%)  
[  5] 136.00-137.00 sec  1.43 MBytes  12.0 Mbits/sec  1.162 ms  0/1251 (0%)  
[  5] 137.00-138.00 sec  1.43 MBytes  12.0 Mbits/sec  1.139 ms  0/1247 (0%)  
[  5] 138.00-139.00 sec  1.44 MBytes  12.1 Mbits/sec  0.913 ms  0/1258 (0%)  
[  5] 139.00-140.00 sec  1.43 MBytes  12.0 Mbits/sec  0.893 ms  0/1248 (0%)  
[  5] 140.00-141.00 sec  1.43 MBytes  12.0 Mbits/sec  0.976 ms  0/1249 (0%)  
[  5] 141.00-142.00 sec  1.42 MBytes  11.9 Mbits/sec  1.002 ms  0/1243 (0%)  
[  5] 142.00-143.00 sec  1.43 MBytes  12.0 Mbits/sec  0.889 ms  0/1253 (0%)  
[  5] 143.00-144.00 sec  1.43 MBytes  12.0 Mbits/sec  0.998 ms  0/1252 (0%)  
[  5] 144.00-145.00 sec  1.43 MBytes  12.0 Mbits/sec  0.841 ms  0/1253 (0%)  
[  5] 145.00-146.00 sec  1.43 MBytes  12.0 Mbits/sec  0.925 ms  0/1249 (0%)  
[  5] 146.00-147.00 sec  1.43 MBytes  12.0 Mbits/sec  0.890 ms  0/1248 (0%)  
[  5] 147.00-148.00 sec  1.43 MBytes  12.0 Mbits/sec  0.859 ms  0/1248 (0%)  
[  5] 148.00-149.00 sec  1.43 MBytes  12.0 Mbits/sec  0.860 ms  0/1253 (0%)  
[  5] 149.00-150.00 sec  1.44 MBytes  12.0 Mbits/sec  0.733 ms  0/1254 (0%)  
[  5] 150.00-151.00 sec  1.43 MBytes  12.0 Mbits/sec  0.932 ms  0/1251 (0%)  
[  5] 151.00-152.00 sec  1.42 MBytes  11.9 Mbits/sec  0.991 ms  0/1241 (0%)  
[  5] 152.00-153.00 sec  1.43 MBytes  12.0 Mbits/sec  1.140 ms  0/1249 (0%)  
[  5] 153.00-154.00 sec  1.43 MBytes  12.0 Mbits/sec  1.058 ms  0/1249 (0%)  
[  5] 154.00-155.00 sec  1.44 MBytes  12.0 Mbits/sec  0.917 ms  0/1254 (0%)  
[  5] 155.00-156.00 sec  1.43 MBytes  12.0 Mbits/sec  0.871 ms  0/1252 (0%)  
[  5] 156.00-157.00 sec  1.42 MBytes  11.9 Mbits/sec  0.892 ms  0/1244 (0%)  
[  5] 157.00-158.00 sec  1.44 MBytes  12.0 Mbits/sec  0.912 ms  0/1255 (0%)  
[  5] 158.00-159.00 sec  1.43 MBytes  12.0 Mbits/sec  1.047 ms  0/1246 (0%)  
[  5] 159.00-160.00 sec  1.44 MBytes  12.0 Mbits/sec  1.042 ms  0/1254 (0%)  
[  5] 160.00-161.00 sec  1.43 MBytes  12.0 Mbits/sec  0.986 ms  0/1253 (0%)  
[  5] 161.00-162.00 sec  1.43 MBytes  12.0 Mbits/sec  0.873 ms  0/1246 (0%)  
[  5] 162.00-163.00 sec  1.43 MBytes  12.0 Mbits/sec  0.870 ms  0/1253 (0%)  
[  5] 163.00-164.00 sec  1.43 MBytes  12.0 Mbits/sec  1.028 ms  0/1250 (0%)  
[  5] 164.00-165.00 sec  1.42 MBytes  11.9 Mbits/sec  1.014 ms  0/1242 (0%)  
[  5] 165.00-166.00 sec  1.43 MBytes  12.0 Mbits/sec  1.014 ms  0/1251 (0%)  
[  5] 166.00-167.00 sec  1.43 MBytes  12.0 Mbits/sec  0.908 ms  0/1253 (0%)  
[  5] 167.00-168.00 sec  1.43 MBytes  12.0 Mbits/sec  0.747 ms  0/1249 (0%)  
[  5] 168.00-169.00 sec  1.44 MBytes  12.1 Mbits/sec  0.892 ms  0/1255 (0%)  
[  5] 169.00-170.00 sec  1.43 MBytes  12.0 Mbits/sec  0.865 ms  0/1251 (0%)  
[  5] 170.00-171.00 sec  1.43 MBytes  12.0 Mbits/sec  0.991 ms  0/1247 (0%)  
[  5] 171.00-172.00 sec  1.42 MBytes  11.9 Mbits/sec  1.029 ms  0/1241 (0%)  
[  5] 172.00-173.00 sec  1.44 MBytes  12.1 Mbits/sec  0.987 ms  0/1261 (0%)  
[  5] 173.00-174.00 sec  1.43 MBytes  12.0 Mbits/sec  0.902 ms  0/1246 (0%)  
[  5] 174.00-175.00 sec  1.43 MBytes  12.0 Mbits/sec  1.033 ms  0/1251 (0%)  
[  5] 175.00-176.00 sec  1.43 MBytes  12.0 Mbits/sec  0.910 ms  0/1252 (0%)  
[  5] 176.00-177.00 sec  1.43 MBytes  12.0 Mbits/sec  1.083 ms  0/1249 (0%)  
[  5] 177.00-178.00 sec  1.43 MBytes  12.0 Mbits/sec  0.755 ms  0/1251 (0%)  
[  5] 178.00-179.00 sec  1.43 MBytes  12.0 Mbits/sec  0.920 ms  0/1253 (0%)  
[  5] 179.00-180.00 sec  1.43 MBytes  12.0 Mbits/sec  0.923 ms  0/1251 (0%)  
[  5] 180.00-181.00 sec  1.43 MBytes  12.0 Mbits/sec  0.900 ms  0/1246 (0%)  
[  5] 181.00-182.00 sec  1.42 MBytes  11.9 Mbits/sec  0.941 ms  0/1240 (0%)  
[  5] 182.00-183.00 sec  1.44 MBytes  12.1 Mbits/sec  0.962 ms  0/1259 (0%)  
[  5] 183.00-184.00 sec  1.43 MBytes  12.0 Mbits/sec  1.099 ms  0/1247 (0%)  
[  5] 184.00-185.00 sec  1.44 MBytes  12.1 Mbits/sec  0.894 ms  0/1257 (0%)  
[  5] 185.00-186.00 sec  1.42 MBytes  11.9 Mbits/sec  1.072 ms  0/1243 (0%)  
[  5] 186.00-187.00 sec  1.44 MBytes  12.0 Mbits/sec  1.093 ms  0/1255 (0%)  
[  5] 187.00-188.00 sec  1.43 MBytes  12.0 Mbits/sec  1.003 ms  0/1249 (0%)  
[  5] 188.00-189.00 sec  1.43 MBytes  12.0 Mbits/sec  1.043 ms  0/1247 (0%)  
[  5] 189.00-190.00 sec  1.44 MBytes  12.0 Mbits/sec  0.858 ms  0/1254 (0%)  
[  5] 190.00-191.00 sec  1.42 MBytes  12.0 Mbits/sec  0.928 ms  0/1245 (0%)  
[  5] 191.00-192.00 sec  1.43 MBytes  12.0 Mbits/sec  0.809 ms  0/1252 (0%)  
[  5] 192.00-193.00 sec  1.43 MBytes  12.0 Mbits/sec  1.023 ms  0/1251 (0%)  
[  5] 193.00-194.00 sec  1.43 MBytes  12.0 Mbits/sec  1.172 ms  0/1246 (0%)  
[  5] 194.00-195.00 sec  1.44 MBytes  12.1 Mbits/sec  0.820 ms  0/1256 (0%)  
[  5] 195.00-196.00 sec  1.43 MBytes  12.0 Mbits/sec  0.914 ms  0/1248 (0%)  
[  5] 196.00-197.00 sec  1.43 MBytes  12.0 Mbits/sec  1.101 ms  0/1248 (0%)  
[  5] 197.00-198.00 sec  1.44 MBytes  12.1 Mbits/sec  0.837 ms  0/1255 (0%)  
[  5] 198.00-199.00 sec  1.42 MBytes  12.0 Mbits/sec  1.084 ms  0/1245 (0%)  
[  5] 199.00-200.00 sec  1.44 MBytes  12.0 Mbits/sec  0.776 ms  0/1254 (0%)  
[  5] 200.00-201.00 sec  1.43 MBytes  12.0 Mbits/sec  0.933 ms  0/1248 (0%)  
[  5] 201.00-202.00 sec  1.41 MBytes  11.8 Mbits/sec  1.126 ms  0/1233 (0%)  
[  5] 202.00-203.00 sec  1.45 MBytes  12.1 Mbits/sec  0.952 ms  0/1264 (0%)  
[  5] 203.00-204.00 sec  1.43 MBytes  12.0 Mbits/sec  0.854 ms  0/1253 (0%)  
[  5] 204.00-205.00 sec  1.43 MBytes  12.0 Mbits/sec  1.070 ms  0/1250 (0%)  
[  5] 205.00-206.00 sec  1.43 MBytes  12.0 Mbits/sec  1.012 ms  0/1248 (0%)  
[  5] 206.00-207.00 sec  1.44 MBytes  12.0 Mbits/sec  0.891 ms  0/1254 (0%)  
[  5] 207.00-208.00 sec  1.42 MBytes  12.0 Mbits/sec  1.135 ms  0/1244 (0%)  
[  5] 208.00-209.00 sec  1.43 MBytes  12.0 Mbits/sec  1.005 ms  0/1249 (0%)  
[  5] 209.00-210.00 sec  1.44 MBytes  12.1 Mbits/sec  0.999 ms  0/1258 (0%)  
[  5] 210.00-211.00 sec  1.43 MBytes  12.0 Mbits/sec  0.909 ms  0/1251 (0%)  
[  5] 211.00-212.00 sec  1.43 MBytes  12.0 Mbits/sec  1.043 ms  0/1247 (0%)  
[  5] 212.00-213.00 sec  1.43 MBytes  12.0 Mbits/sec  0.868 ms  0/1251 (0%)  
[  5] 213.00-214.00 sec  1.43 MBytes  12.0 Mbits/sec  0.897 ms  0/1249 (0%)  
[  5] 214.00-215.00 sec  1.43 MBytes  12.0 Mbits/sec  0.851 ms  0/1248 (0%)  
[  5] 215.00-216.00 sec  1.43 MBytes  12.0 Mbits/sec  1.205 ms  0/1246 (0%)  
[  5] 216.00-217.00 sec  1.43 MBytes  12.0 Mbits/sec  0.951 ms  0/1253 (0%)  
[  5] 217.00-218.00 sec  1.43 MBytes  12.0 Mbits/sec  1.032 ms  0/1251 (0%)  
[  5] 218.00-219.00 sec  1.43 MBytes  12.0 Mbits/sec  0.818 ms  0/1251 (0%)  
[  5] 219.00-220.00 sec  1.43 MBytes  12.0 Mbits/sec  1.022 ms  0/1248 (0%)  
[  5] 220.00-221.00 sec  1.43 MBytes  12.0 Mbits/sec  1.034 ms  0/1251 (0%)  
[  5] 221.00-222.00 sec  1.43 MBytes  12.0 Mbits/sec  1.100 ms  0/1250 (0%)  
[  5] 222.00-223.00 sec  1.43 MBytes  12.0 Mbits/sec  0.995 ms  0/1252 (0%)  
[  5] 223.00-224.00 sec  1.43 MBytes  12.0 Mbits/sec  0.846 ms  0/1248 (0%)  
[  5] 224.00-225.00 sec  1.43 MBytes  12.0 Mbits/sec  1.135 ms  0/1247 (0%)  
[  5] 225.00-226.00 sec  1.44 MBytes  12.0 Mbits/sec  0.948 ms  0/1255 (0%)  
[  5] 226.00-227.00 sec  1.42 MBytes  11.9 Mbits/sec  1.085 ms  0/1242 (0%)  
[  5] 227.00-228.00 sec  1.44 MBytes  12.1 Mbits/sec  1.034 ms  0/1257 (0%)  
[  5] 228.00-229.00 sec  1.43 MBytes  12.0 Mbits/sec  1.003 ms  0/1252 (0%)  
[  5] 229.00-230.00 sec  1.43 MBytes  12.0 Mbits/sec  1.003 ms  0/1249 (0%)  
[  5] 230.00-231.00 sec  1.43 MBytes  12.0 Mbits/sec  0.994 ms  0/1248 (0%)  
[  5] 231.00-232.00 sec  1.43 MBytes  12.0 Mbits/sec  0.963 ms  0/1252 (0%)  
[  5] 232.00-233.00 sec  1.43 MBytes  12.0 Mbits/sec  0.753 ms  0/1253 (0%)  
[  5] 233.00-234.00 sec  1.41 MBytes  11.9 Mbits/sec  1.044 ms  0/1236 (0%)  
[  5] 234.00-235.00 sec  1.44 MBytes  12.0 Mbits/sec  1.114 ms  0/1254 (0%)  
[  5] 235.00-236.00 sec  1.44 MBytes  12.0 Mbits/sec  1.245 ms  0/1254 (0%)  
[  5] 236.00-237.00 sec  1.43 MBytes  12.0 Mbits/sec  0.919 ms  0/1249 (0%)  
[  5] 237.00-238.00 sec  1.43 MBytes  12.0 Mbits/sec  1.007 ms  0/1250 (0%)  
[  5] 238.00-239.00 sec  1.42 MBytes  12.0 Mbits/sec  1.261 ms  0/1245 (0%)  
[  5] 239.00-240.00 sec  1.44 MBytes  12.1 Mbits/sec  1.178 ms  0/1256 (0%)  
[  5] 240.00-241.00 sec  1.43 MBytes  12.0 Mbits/sec  1.235 ms  0/1252 (0%)  
[  5] 241.00-242.00 sec  1.43 MBytes  12.0 Mbits/sec  0.970 ms  0/1246 (0%)  
[  5] 242.00-243.00 sec  1.43 MBytes  12.0 Mbits/sec  0.884 ms  0/1251 (0%)  
[  5] 243.00-244.00 sec  1.43 MBytes  12.0 Mbits/sec  0.980 ms  0/1252 (0%)  
[  5] 244.00-245.00 sec  1.43 MBytes  12.0 Mbits/sec  0.931 ms  0/1251 (0%)  
[  5] 245.00-246.00 sec  1.43 MBytes  12.0 Mbits/sec  0.983 ms  0/1248 (0%)  
[  5] 246.00-247.00 sec  1.42 MBytes  11.9 Mbits/sec  1.196 ms  0/1242 (0%)  
[  5] 247.00-248.00 sec  1.45 MBytes  12.1 Mbits/sec  0.808 ms  0/1263 (0%)  
[  5] 248.00-249.00 sec  1.42 MBytes  12.0 Mbits/sec  0.908 ms  0/1245 (0%)  
[  5] 249.00-250.00 sec  1.43 MBytes  12.0 Mbits/sec  1.097 ms  0/1251 (0%)  
[  5] 250.00-251.00 sec  1.43 MBytes  12.0 Mbits/sec  1.080 ms  0/1251 (0%)  
[  5] 251.00-252.00 sec  1.43 MBytes  12.0 Mbits/sec  1.013 ms  0/1248 (0%)  
[  5] 252.00-253.00 sec  1.44 MBytes  12.0 Mbits/sec  0.918 ms  0/1254 (0%)  
[  5] 253.00-254.00 sec  1.43 MBytes  12.0 Mbits/sec  0.862 ms  0/1248 (0%)  
[  5] 254.00-255.00 sec  1.43 MBytes  12.0 Mbits/sec  1.028 ms  0/1252 (0%)  
[  5] 255.00-256.00 sec  1.42 MBytes  12.0 Mbits/sec  0.985 ms  0/1245 (0%)  
[  5] 256.00-257.00 sec  1.43 MBytes  12.0 Mbits/sec  1.274 ms  0/1248 (0%)  
[  5] 257.00-258.00 sec  1.44 MBytes  12.0 Mbits/sec  0.959 ms  0/1254 (0%)  
[  5] 258.00-259.00 sec  1.43 MBytes  12.0 Mbits/sec  0.775 ms  0/1249 (0%)  
[  5] 259.00-260.00 sec  1.43 MBytes  12.0 Mbits/sec  1.160 ms  0/1247 (0%)  
[  5] 260.00-261.00 sec  1.44 MBytes  12.1 Mbits/sec  0.904 ms  0/1256 (0%)  
[  5] 261.00-262.00 sec  1.43 MBytes  12.0 Mbits/sec  1.100 ms  0/1246 (0%)  
[  5] 262.00-263.00 sec  1.43 MBytes  12.0 Mbits/sec  0.897 ms  0/1252 (0%)  
[  5] 263.00-264.00 sec  1.43 MBytes  12.0 Mbits/sec  1.266 ms  0/1248 (0%)  
[  5] 264.00-265.00 sec  1.44 MBytes  12.0 Mbits/sec  0.885 ms  0/1255 (0%)  
[  5] 265.00-266.00 sec  1.42 MBytes  11.9 Mbits/sec  1.139 ms  0/1245 (0%)  
[  5] 266.00-267.00 sec  1.44 MBytes  12.1 Mbits/sec  0.954 ms  0/1254 (0%)  
[  5] 267.00-268.00 sec  1.43 MBytes  12.0 Mbits/sec  0.799 ms  0/1253 (0%)  
[  5] 268.00-269.00 sec  1.43 MBytes  12.0 Mbits/sec  1.036 ms  0/1246 (0%)  
[  5] 269.00-270.00 sec  1.43 MBytes  12.0 Mbits/sec  0.952 ms  0/1249 (0%)  
[  5] 270.00-271.00 sec  1.44 MBytes  12.0 Mbits/sec  0.901 ms  0/1255 (0%)  
[  5] 271.00-272.00 sec  1.43 MBytes  12.0 Mbits/sec  0.926 ms  0/1249 (0%)  
[  5] 272.00-273.00 sec  1.43 MBytes  12.0 Mbits/sec  0.979 ms  0/1246 (0%)  
[  5] 273.00-274.00 sec  1.44 MBytes  12.0 Mbits/sec  0.879 ms  0/1254 (0%)  
[  5] 274.00-275.00 sec  1.43 MBytes  12.0 Mbits/sec  0.743 ms  0/1247 (0%)  
[  5] 275.00-276.00 sec  1.43 MBytes  12.0 Mbits/sec  0.905 ms  0/1253 (0%)  
[  5] 276.00-277.00 sec  1.42 MBytes  11.9 Mbits/sec  0.960 ms  0/1243 (0%)  
[  5] 277.00-278.00 sec  1.43 MBytes  12.0 Mbits/sec  1.100 ms  0/1252 (0%)  
[  5] 278.00-279.00 sec  1.43 MBytes  12.0 Mbits/sec  1.048 ms  0/1248 (0%)  
[  5] 279.00-280.00 sec  1.43 MBytes  12.0 Mbits/sec  0.996 ms  0/1252 (0%)  
[  5] 280.00-281.00 sec  1.43 MBytes  12.0 Mbits/sec  1.023 ms  0/1252 (0%)  
[  5] 281.00-282.00 sec  1.42 MBytes  11.9 Mbits/sec  1.228 ms  0/1241 (0%)  
[  5] 282.00-283.00 sec  1.44 MBytes  12.1 Mbits/sec  0.973 ms  0/1258 (0%)  
[  5] 283.00-284.00 sec  1.43 MBytes  12.0 Mbits/sec  0.980 ms  0/1249 (0%)  
[  5] 284.00-285.00 sec  1.43 MBytes  12.0 Mbits/sec  0.974 ms  0/1251 (0%)  
[  5] 285.00-286.00 sec  1.43 MBytes  12.0 Mbits/sec  0.871 ms  0/1252 (0%)  
[  5] 286.00-287.00 sec  1.42 MBytes  12.0 Mbits/sec  1.165 ms  0/1245 (0%)  
[  5] 287.00-288.00 sec  1.44 MBytes  12.1 Mbits/sec  0.880 ms  0/1256 (0%)  
[  5] 288.00-289.00 sec  1.43 MBytes  12.0 Mbits/sec  1.225 ms  0/1246 (0%)  
[  5] 289.00-290.00 sec  1.43 MBytes  12.0 Mbits/sec  0.800 ms  0/1253 (0%)  
[  5] 290.00-291.00 sec  1.43 MBytes  12.0 Mbits/sec  0.743 ms  0/1251 (0%)  
[  5] 291.00-292.00 sec  1.43 MBytes  12.0 Mbits/sec  1.162 ms  0/1247 (0%)  
[  5] 292.00-293.00 sec  1.43 MBytes  12.0 Mbits/sec  1.100 ms  0/1251 (0%)  
[  5] 293.00-294.00 sec  1.43 MBytes  12.0 Mbits/sec  0.846 ms  0/1253 (0%)  
[  5] 294.00-295.00 sec  1.43 MBytes  12.0 Mbits/sec  1.094 ms  0/1250 (0%)  
[  5] 295.00-296.00 sec  1.42 MBytes  12.0 Mbits/sec  1.008 ms  0/1245 (0%)  
[  5] 296.00-297.00 sec  1.43 MBytes  12.0 Mbits/sec  1.119 ms  0/1252 (0%)  
[  5] 297.00-298.00 sec  1.43 MBytes  12.0 Mbits/sec  0.793 ms  0/1249 (0%)  
[  5] 298.00-299.00 sec  1.43 MBytes  12.0 Mbits/sec  0.953 ms  0/1252 (0%)  
[  5] 299.00-300.00 sec  1.43 MBytes  12.0 Mbits/sec  1.169 ms  0/1246 (0%)  
[  5] 300.00-301.00 sec  1.44 MBytes  12.1 Mbits/sec  0.833 ms  0/1255 (0%)  
[  5] 301.00-302.00 sec  1.43 MBytes  12.0 Mbits/sec  0.953 ms  0/1248 (0%)  
[  5] 302.00-303.00 sec  1.44 MBytes  12.0 Mbits/sec  0.781 ms  0/1255 (0%)  
[  5] 303.00-304.00 sec  1.43 MBytes  12.0 Mbits/sec  0.919 ms  0/1247 (0%)  
[  5] 304.00-305.00 sec  1.43 MBytes  12.0 Mbits/sec  0.858 ms  0/1250 (0%)  
[  5] 305.00-306.00 sec  1.43 MBytes  12.0 Mbits/sec  1.003 ms  0/1248 (0%)  
[  5] 306.00-307.00 sec  1.42 MBytes  11.9 Mbits/sec  1.137 ms  0/1244 (0%)  
[  5] 307.00-308.00 sec  1.44 MBytes  12.0 Mbits/sec  0.874 ms  0/1254 (0%)  
[  5] 308.00-309.00 sec  1.44 MBytes  12.1 Mbits/sec  1.002 ms  0/1257 (0%)  
[  5] 309.00-310.00 sec  1.43 MBytes  12.0 Mbits/sec  0.873 ms  0/1247 (0%)  
[  5] 310.00-311.00 sec  1.43 MBytes  12.0 Mbits/sec  1.047 ms  0/1249 (0%)  
[  5] 311.00-312.00 sec  1.43 MBytes  12.0 Mbits/sec  0.979 ms  0/1250 (0%)  
[  5] 312.00-313.00 sec  1.43 MBytes  12.0 Mbits/sec  0.880 ms  0/1251 (0%)  
[  5] 313.00-314.00 sec  1.43 MBytes  12.0 Mbits/sec  0.844 ms  0/1246 (0%)  
[  5] 314.00-315.00 sec  1.43 MBytes  12.0 Mbits/sec  0.861 ms  0/1252 (0%)  
[  5] 315.00-316.00 sec  1.43 MBytes  12.0 Mbits/sec  1.036 ms  0/1250 (0%)  
[  5] 316.00-317.00 sec  1.42 MBytes  12.0 Mbits/sec  1.167 ms  0/1245 (0%)  
[  5] 317.00-318.00 sec  1.43 MBytes  12.0 Mbits/sec  1.101 ms  0/1250 (0%)  
[  5] 318.00-319.00 sec  1.43 MBytes  12.0 Mbits/sec  0.925 ms  0/1250 (0%)  
[  5] 319.00-320.00 sec  1.43 MBytes  12.0 Mbits/sec  0.955 ms  0/1252 (0%)  
[  5] 320.00-321.00 sec  1.40 MBytes  11.7 Mbits/sec  0.898 ms  0/1222 (0%)  
[  5] 321.00-322.00 sec  1.35 MBytes  11.3 Mbits/sec  0.993 ms  0/1178 (0%)  
[  5] 322.00-323.00 sec  1.42 MBytes  11.9 Mbits/sec  0.797 ms  0/1241 (0%)  
[  5] 323.00-324.00 sec  1.38 MBytes  11.5 Mbits/sec  0.931 ms  0/1206 (0%)  
[  5] 324.00-325.00 sec  1.51 MBytes  12.7 Mbits/sec  0.971 ms  0/1323 (0%)  
[  5] 325.00-326.00 sec  1.52 MBytes  12.8 Mbits/sec  0.973 ms  0/1331 (0%)  
[  5] 326.00-327.00 sec  1.39 MBytes  11.7 Mbits/sec  1.098 ms  0/1213 (0%)  
[  5] 327.00-328.00 sec  1.43 MBytes  12.0 Mbits/sec  1.083 ms  0/1253 (0%)  
[  5] 328.00-329.00 sec  1.47 MBytes  12.4 Mbits/sec  1.008 ms  0/1286 (0%)  
[  5] 329.00-330.00 sec  1.44 MBytes  12.0 Mbits/sec  0.818 ms  0/1254 (0%)  
[  5] 330.00-331.00 sec  1.42 MBytes  11.9 Mbits/sec  0.786 ms  0/1238 (0%)  
[  5] 331.00-332.00 sec  1.43 MBytes  12.0 Mbits/sec  0.789 ms  0/1252 (0%)  
[  5] 332.00-333.00 sec  1.44 MBytes  12.1 Mbits/sec  1.000 ms  0/1256 (0%)  
[  5] 333.00-334.00 sec  1.42 MBytes  11.9 Mbits/sec  1.090 ms  0/1245 (0%)  
[  5] 334.00-335.00 sec  1.43 MBytes  12.0 Mbits/sec  0.896 ms  0/1250 (0%)  
[  5] 335.00-336.00 sec  1.43 MBytes  12.0 Mbits/sec  0.888 ms  0/1253 (0%)  
[  5] 336.00-337.00 sec  1.43 MBytes  12.0 Mbits/sec  0.767 ms  0/1247 (0%)  
[  5] 337.00-338.00 sec  1.43 MBytes  12.0 Mbits/sec  1.085 ms  0/1249 (0%)  
[  5] 338.00-339.00 sec  1.42 MBytes  11.9 Mbits/sec  1.162 ms  0/1243 (0%)  
[  5] 339.00-340.00 sec  1.44 MBytes  12.1 Mbits/sec  1.027 ms  0/1261 (0%)  
[  5] 340.00-341.00 sec  1.43 MBytes  12.0 Mbits/sec  1.164 ms  0/1247 (0%)  
[  5] 341.00-342.00 sec  1.43 MBytes  12.0 Mbits/sec  0.867 ms  0/1249 (0%)  
[  5] 342.00-343.00 sec  1.43 MBytes  12.0 Mbits/sec  1.261 ms  0/1248 (0%)  
[  5] 343.00-344.00 sec  1.44 MBytes  12.1 Mbits/sec  0.970 ms  0/1256 (0%)  
[  5] 344.00-345.00 sec  1.43 MBytes  12.0 Mbits/sec  0.911 ms  0/1253 (0%)  
[  5] 345.00-346.00 sec  1.42 MBytes  12.0 Mbits/sec  1.033 ms  0/1245 (0%)  
[  5] 346.00-347.00 sec  1.44 MBytes  12.1 Mbits/sec  1.008 ms  0/1256 (0%)  
[  5] 347.00-348.00 sec  1.42 MBytes  11.9 Mbits/sec  1.333 ms  0/1237 (0%)  
[  5] 348.00-349.00 sec  1.44 MBytes  12.1 Mbits/sec  0.923 ms  0/1262 (0%)  
[  5] 349.00-350.00 sec  1.42 MBytes  11.9 Mbits/sec  1.067 ms  0/1237 (0%)  
[  5] 350.00-351.00 sec  1.44 MBytes  12.1 Mbits/sec  0.960 ms  0/1261 (0%)  
[  5] 351.00-352.00 sec  1.44 MBytes  12.0 Mbits/sec  0.936 ms  0/1254 (0%)  
[  5] 352.00-353.00 sec  1.42 MBytes  11.9 Mbits/sec  1.095 ms  0/1238 (0%)  
[  5] 353.00-354.00 sec  1.42 MBytes  11.9 Mbits/sec  1.056 ms  0/1241 (0%)  
[  5] 354.00-355.00 sec  1.38 MBytes  11.6 Mbits/sec  0.808 ms  0/1204 (0%)  
[  5] 355.00-356.00 sec  1.37 MBytes  11.5 Mbits/sec  1.311 ms  0/1197 (0%)  
[  5] 356.00-357.00 sec  1.08 MBytes  9.07 Mbits/sec  1.153 ms  0/945 (0%)  
[  5] 357.00-358.00 sec  1.51 MBytes  12.7 Mbits/sec  0.996 ms  0/1323 (0%)  
[  5] 358.00-359.00 sec  1.49 MBytes  12.5 Mbits/sec  1.010 ms  0/1303 (0%)  
[  5] 359.00-360.00 sec  1.41 MBytes  11.8 Mbits/sec  1.242 ms  0/1233 (0%)  
[  5] 360.00-361.00 sec  1.40 MBytes  11.8 Mbits/sec  0.990 ms  0/1225 (0%)  
[  5] 361.00-362.00 sec  1.54 MBytes  12.9 Mbits/sec  0.876 ms  0/1350 (0%)  
[  5] 362.00-363.00 sec  1.54 MBytes  13.0 Mbits/sec  0.720 ms  0/1349 (0%)  
[  5] 363.00-364.00 sec  1.47 MBytes  12.3 Mbits/sec  0.993 ms  0/1285 (0%)  
[  5] 364.00-365.00 sec  1.50 MBytes  12.5 Mbits/sec  1.036 ms  0/1308 (0%)  
[  5] 365.00-366.00 sec  1.48 MBytes  12.5 Mbits/sec  1.059 ms  0/1296 (0%)  
[  5] 366.00-367.00 sec  1.43 MBytes  12.0 Mbits/sec  1.033 ms  0/1247 (0%)  
[  5] 367.00-368.00 sec  1.43 MBytes  11.9 Mbits/sec  0.930 ms  0/1246 (0%)  
[  5] 368.00-369.00 sec  1.43 MBytes  12.0 Mbits/sec  0.980 ms  0/1249 (0%)  
[  5] 369.00-370.00 sec  1.43 MBytes  12.0 Mbits/sec  0.929 ms  0/1250 (0%)  
[  5] 370.00-371.00 sec  1.43 MBytes  12.0 Mbits/sec  1.072 ms  0/1250 (0%)  
[  5] 371.00-372.00 sec  1.43 MBytes  12.0 Mbits/sec  0.961 ms  0/1251 (0%)  
[  5] 372.00-373.00 sec  1.41 MBytes  11.9 Mbits/sec  0.983 ms  0/1236 (0%)  
[  5] 373.00-374.00 sec  1.45 MBytes  12.1 Mbits/sec  0.882 ms  0/1264 (0%)  
[  5] 374.00-375.00 sec  1.44 MBytes  12.1 Mbits/sec  0.859 ms  0/1260 (0%)  
[  5] 375.00-376.00 sec  1.41 MBytes  11.8 Mbits/sec  0.965 ms  0/1228 (0%)  
[  5] 376.00-377.00 sec  1.44 MBytes  12.1 Mbits/sec  1.293 ms  0/1258 (0%)  
[  5] 377.00-378.00 sec  1.44 MBytes  12.1 Mbits/sec  0.951 ms  0/1259 (0%)  
[  5] 378.00-379.00 sec  1.43 MBytes  12.0 Mbits/sec  0.919 ms  0/1251 (0%)  
[  5] 379.00-380.00 sec  1.41 MBytes  11.8 Mbits/sec  1.100 ms  0/1233 (0%)  
[  5] 380.00-381.00 sec  1.44 MBytes  12.1 Mbits/sec  1.114 ms  0/1261 (0%)  
[  5] 381.00-382.00 sec  1.44 MBytes  12.1 Mbits/sec  0.989 ms  0/1256 (0%)  
[  5] 382.00-383.00 sec  1.43 MBytes  12.0 Mbits/sec  0.987 ms  0/1246 (0%)  
[  5] 383.00-384.00 sec  1.44 MBytes  12.1 Mbits/sec  0.907 ms  0/1257 (0%)  
[  5] 384.00-385.00 sec  1.42 MBytes  11.9 Mbits/sec  0.970 ms  0/1243 (0%)  
[  5] 385.00-386.00 sec  1.43 MBytes  12.0 Mbits/sec  0.834 ms  0/1249 (0%)  
[  5] 386.00-387.00 sec  1.43 MBytes  12.0 Mbits/sec  0.959 ms  0/1252 (0%)  
[  5] 387.00-388.00 sec  1.43 MBytes  12.0 Mbits/sec  0.981 ms  0/1252 (0%)  
[  5] 388.00-389.00 sec  1.43 MBytes  12.0 Mbits/sec  0.838 ms  0/1250 (0%)  
[  5] 389.00-390.00 sec  1.41 MBytes  11.9 Mbits/sec  1.049 ms  0/1236 (0%)  
[  5] 390.00-391.00 sec  1.45 MBytes  12.1 Mbits/sec  1.087 ms  0/1268 (0%)  
[  5] 391.00-392.00 sec  1.43 MBytes  12.0 Mbits/sec  1.210 ms  0/1246 (0%)  
[  5] 392.00-393.00 sec  1.43 MBytes  12.0 Mbits/sec  1.054 ms  0/1251 (0%)  
[  5] 393.00-394.00 sec  1.43 MBytes  12.0 Mbits/sec  0.839 ms  0/1247 (0%)  
[  5] 394.00-395.00 sec  1.41 MBytes  11.8 Mbits/sec  1.686 ms  0/1229 (0%)  
[  5] 395.00-396.00 sec  1.42 MBytes  11.9 Mbits/sec  1.148 ms  0/1244 (0%)  
[  5] 396.00-397.00 sec  1.46 MBytes  12.3 Mbits/sec  0.810 ms  0/1278 (0%)  
[  5] 397.00-398.00 sec  1.42 MBytes  11.9 Mbits/sec  1.284 ms  0/1243 (0%)  
[  5] 398.00-399.00 sec  1.44 MBytes  12.1 Mbits/sec  0.863 ms  0/1256 (0%)  
[  5] 399.00-400.00 sec  1.43 MBytes  12.0 Mbits/sec  1.056 ms  0/1251 (0%)  
[  5] 400.00-401.00 sec  1.43 MBytes  12.0 Mbits/sec  0.949 ms  0/1250 (0%)  
[  5] 401.00-402.00 sec  1.43 MBytes  12.0 Mbits/sec  0.891 ms  0/1247 (0%)  
[  5] 402.00-403.00 sec  1.41 MBytes  11.8 Mbits/sec  1.005 ms  0/1235 (0%)  
[  5] 403.00-404.00 sec  1.45 MBytes  12.2 Mbits/sec  0.938 ms  0/1267 (0%)  
[  5] 404.00-405.00 sec  1.44 MBytes  12.0 Mbits/sec  0.853 ms  0/1255 (0%)  
[  5] 405.00-406.00 sec  1.42 MBytes  11.9 Mbits/sec  1.125 ms  0/1240 (0%)  
[  5] 406.00-407.00 sec  1.43 MBytes  12.0 Mbits/sec  1.041 ms  0/1251 (0%)  
[  5] 407.00-408.00 sec  1.44 MBytes  12.0 Mbits/sec  0.827 ms  0/1255 (0%)  
[  5] 408.00-409.00 sec  1.43 MBytes  12.0 Mbits/sec  0.836 ms  0/1252 (0%)  
[  5] 409.00-410.00 sec  1.43 MBytes  12.0 Mbits/sec  0.778 ms  0/1252 (0%)  
[  5] 410.00-411.00 sec  1.42 MBytes  11.9 Mbits/sec  0.852 ms  0/1242 (0%)  
[  5] 411.00-412.00 sec  1.44 MBytes  12.1 Mbits/sec  0.965 ms  0/1258 (0%)  
[  5] 412.00-413.00 sec  1.39 MBytes  11.7 Mbits/sec  1.151 ms  0/1218 (0%)  
[  5] 413.00-414.00 sec  1.43 MBytes  12.0 Mbits/sec  1.047 ms  0/1250 (0%)  
[  5] 414.00-415.00 sec  1.46 MBytes  12.3 Mbits/sec  0.933 ms  0/1276 (0%)  
