Connecting to host 172.22.0.50, port 5202
Reverse mode, remote host 172.22.0.50 is sending
[  5] local 192.168.102.2 port 46313 connected to 172.22.0.50 port 5202
[ ID] Interval           Transfer     Bitrate         Jitter    Lost/Total Datagrams
[  5]   0.00-1.00   sec   430 KBytes  3.53 Mbits/sec  0.278 ms  0/4408 (0%)  
[  5]   1.00-2.00   sec   447 KBytes  3.66 Mbits/sec  0.521 ms  0/4574 (0%)  
[  5]   2.00-3.00   sec   403 KBytes  3.30 Mbits/sec  0.416 ms  0/4131 (0%)  
[  5]   3.00-4.00   sec   392 KBytes  3.21 Mbits/sec  0.375 ms  0/4009 (0%)  
[  5]   4.00-5.00   sec   394 KBytes  3.22 Mbits/sec  0.316 ms  0/4030 (0%)  
[  5]   5.00-6.00   sec   402 KBytes  3.29 Mbits/sec  0.315 ms  0/4112 (0%)  
[  5]   6.00-7.00   sec   404 KBytes  3.31 Mbits/sec  0.432 ms  0/4132 (0%)  
[  5]   7.00-8.00   sec   395 KBytes  3.24 Mbits/sec  0.349 ms  0/4046 (0%)  
[  5]   8.00-9.00   sec   373 KBytes  3.06 Mbits/sec  0.358 ms  0/3821 (0%)  
[  5]   9.00-10.00  sec   339 KBytes  2.77 Mbits/sec  0.528 ms  0/3467 (0%)  
[  5]  10.00-11.00  sec   374 KBytes  3.07 Mbits/sec  0.280 ms  0/3834 (0%)  
[  5]  11.00-12.00  sec   412 KBytes  3.37 Mbits/sec  0.347 ms  0/4216 (0%)  
[  5]  12.00-13.00  sec   408 KBytes  3.34 Mbits/sec  0.285 ms  0/4176 (0%)  
[  5]  13.00-14.00  sec   404 KBytes  3.31 Mbits/sec  0.359 ms  0/4142 (0%)  
[  5]  14.00-15.00  sec   362 KBytes  2.97 Mbits/sec  0.659 ms  0/3711 (0%)  
[  5]  15.00-16.00  sec   346 KBytes  2.83 Mbits/sec  0.353 ms  0/3542 (0%)  
[  5]  16.00-17.00  sec   377 KBytes  3.09 Mbits/sec  0.420 ms  0/3864 (0%)  
[  5]  17.00-18.00  sec   413 KBytes  3.38 Mbits/sec  0.294 ms  0/4227 (0%)  
[  5]  18.00-19.00  sec   422 KBytes  3.46 Mbits/sec  0.345 ms  0/4319 (0%)  
[  5]  19.00-20.00  sec   401 KBytes  3.28 Mbits/sec  0.395 ms  0/4105 (0%)  
[  5]  20.00-21.00  sec   399 KBytes  3.27 Mbits/sec  0.302 ms  0/4083 (0%)  
[  5]  21.00-22.00  sec   399 KBytes  3.27 Mbits/sec  0.262 ms  0/4082 (0%)  
[  5]  22.00-23.00  sec   388 KBytes  3.18 Mbits/sec  0.330 ms  0/3972 (0%)  
[  5]  23.00-24.00  sec   376 KBytes  3.08 Mbits/sec  0.412 ms  0/3852 (0%)  
[  5]  24.00-25.00  sec   412 KBytes  3.37 Mbits/sec  0.351 ms  0/4216 (0%)  
[  5]  25.00-26.00  sec   388 KBytes  3.17 Mbits/sec  0.411 ms  0/3968 (0%)  
[  5]  26.00-27.00  sec   372 KBytes  3.04 Mbits/sec  0.258 ms  0/3807 (0%)  
[  5]  27.00-28.00  sec   382 KBytes  3.13 Mbits/sec  0.419 ms  0/3907 (0%)  
[  5]  28.00-29.00  sec   376 KBytes  3.08 Mbits/sec  0.327 ms  0/3846 (0%)  
[  5]  29.00-30.00  sec   393 KBytes  3.22 Mbits/sec  0.289 ms  0/4028 (0%)  
[  5]  30.00-31.00  sec   351 KBytes  2.88 Mbits/sec  0.318 ms  0/3595 (0%)  
[  5]  31.00-32.00  sec   388 KBytes  3.17 Mbits/sec  0.338 ms  0/3968 (0%)  
[  5]  32.00-33.00  sec   370 KBytes  3.03 Mbits/sec  0.362 ms  0/3784 (0%)  
[  5]  33.00-34.00  sec   403 KBytes  3.30 Mbits/sec  0.298 ms  0/4125 (0%)  
[  5]  34.00-35.00  sec   405 KBytes  3.32 Mbits/sec  0.418 ms  0/4144 (0%)  
[  5]  35.00-36.00  sec   392 KBytes  3.21 Mbits/sec  0.349 ms  0/4015 (0%)  
[  5]  36.00-37.00  sec   352 KBytes  2.89 Mbits/sec  0.465 ms  0/3608 (0%)  
[  5]  37.00-38.00  sec   384 KBytes  3.15 Mbits/sec  0.327 ms  0/3937 (0%)  
[  5]  38.00-39.00  sec   392 KBytes  3.21 Mbits/sec  0.371 ms  0/4009 (0%)  
[  5]  39.00-40.00  sec   393 KBytes  3.22 Mbits/sec  0.315 ms  0/4028 (0%)  
[  5]  40.00-41.00  sec   403 KBytes  3.30 Mbits/sec  0.314 ms  0/4131 (0%)  
[  5]  41.00-42.00  sec   378 KBytes  3.10 Mbits/sec  0.308 ms  0/3871 (0%)  
[  5]  42.00-43.00  sec   422 KBytes  3.46 Mbits/sec  0.425 ms  0/4321 (0%)  
[  5]  43.00-44.00  sec   383 KBytes  3.14 Mbits/sec  0.278 ms  0/3918 (0%)  
[  5]  44.00-45.00  sec   340 KBytes  2.79 Mbits/sec  0.289 ms  0/3486 (0%)  
[  5]  45.00-46.00  sec   379 KBytes  3.11 Mbits/sec  0.469 ms  0/3881 (0%)  
[  5]  46.00-47.00  sec   368 KBytes  3.01 Mbits/sec  0.314 ms  0/3767 (0%)  
[  5]  47.00-48.00  sec   372 KBytes  3.05 Mbits/sec  0.316 ms  0/3813 (0%)  
[  5]  48.00-49.00  sec   402 KBytes  3.29 Mbits/sec  0.346 ms  0/4115 (0%)  
[  5]  49.00-50.00  sec   357 KBytes  2.92 Mbits/sec  0.349 ms  0/3655 (0%)  
[  5]  50.00-51.00  sec   355 KBytes  2.91 Mbits/sec  0.449 ms  0/3633 (0%)  
[  5]  51.00-52.00  sec   397 KBytes  3.25 Mbits/sec  0.300 ms  0/4065 (0%)  
[  5]  52.00-53.00  sec   404 KBytes  3.31 Mbits/sec  0.311 ms  0/4142 (0%)  
[  5]  53.00-54.00  sec   404 KBytes  3.31 Mbits/sec  0.395 ms  0/4133 (0%)  
[  5]  54.00-55.00  sec   394 KBytes  3.23 Mbits/sec  0.437 ms  0/4034 (0%)  
[  5]  55.00-56.00  sec   390 KBytes  3.20 Mbits/sec  0.338 ms  0/3998 (0%)  
[  5]  56.00-57.00  sec   394 KBytes  3.23 Mbits/sec  0.372 ms  0/4033 (0%)  
[  5]  57.00-58.00  sec   394 KBytes  3.23 Mbits/sec  0.359 ms  0/4034 (0%)  
[  5]  58.00-59.00  sec   380 KBytes  3.11 Mbits/sec  0.313 ms  0/3889 (0%)  
[  5]  59.00-60.00  sec   398 KBytes  3.26 Mbits/sec  0.408 ms  0/4071 (0%)  
[  5]  60.00-61.00  sec   404 KBytes  3.30 Mbits/sec  0.300 ms  0/4142 (0%)  
[  5]  61.00-62.00  sec   391 KBytes  3.21 Mbits/sec  0.295 ms  0/3999 (0%)  
[  5]  62.00-63.00  sec   394 KBytes  3.23 Mbits/sec  0.243 ms  0/4032 (0%)  
[  5]  63.00-64.00  sec   353 KBytes  2.89 Mbits/sec  0.508 ms  0/3611 (0%)  
[  5]  64.00-65.00  sec   370 KBytes  3.03 Mbits/sec  0.417 ms  0/3787 (0%)  
[  5]  65.00-66.00  sec   341 KBytes  2.79 Mbits/sec  0.300 ms  0/3492 (0%)  
[  5]  66.00-67.00  sec   347 KBytes  2.84 Mbits/sec  0.403 ms  0/3549 (0%)  
[  5]  67.00-68.00  sec   355 KBytes  2.90 Mbits/sec  0.321 ms  0/3631 (0%)  
[  5]  68.00-69.00  sec   388 KBytes  3.18 Mbits/sec  0.401 ms  0/3972 (0%)  
[  5]  69.00-70.00  sec   399 KBytes  3.27 Mbits/sec  0.504 ms  0/4084 (0%)  
[  5]  70.00-71.00  sec   394 KBytes  3.23 Mbits/sec  0.397 ms  0/4034 (0%)  
[  5]  71.00-72.00  sec   385 KBytes  3.16 Mbits/sec  0.344 ms  0/3943 (0%)  
[  5]  72.00-73.00  sec   348 KBytes  2.85 Mbits/sec  0.271 ms  0/3564 (0%)  
[  5]  73.00-74.00  sec   355 KBytes  2.91 Mbits/sec  0.325 ms  0/3637 (0%)  
[  5]  74.00-75.00  sec   376 KBytes  3.08 Mbits/sec  0.288 ms  0/3852 (0%)  
[  5]  75.00-76.00  sec   362 KBytes  2.97 Mbits/sec  0.278 ms  0/3711 (0%)  
[  5]  76.00-77.00  sec   393 KBytes  3.21 Mbits/sec  0.370 ms  0/4022 (0%)  
[  5]  77.00-78.00  sec   378 KBytes  3.10 Mbits/sec  0.310 ms  0/3869 (0%)  
[  5]  78.00-79.00  sec   382 KBytes  3.13 Mbits/sec  0.328 ms  0/3912 (0%)  
[  5]  79.00-80.00  sec   370 KBytes  3.03 Mbits/sec  0.366 ms  0/3787 (0%)  
[  5]  80.00-81.00  sec   383 KBytes  3.13 Mbits/sec  0.334 ms  0/3918 (0%)  
[  5]  81.00-82.00  sec   372 KBytes  3.05 Mbits/sec  0.426 ms  0/3813 (0%)  
[  5]  82.00-83.00  sec   396 KBytes  3.25 Mbits/sec  0.340 ms  0/4053 (0%)  
[  5]  83.00-84.00  sec   362 KBytes  2.96 Mbits/sec  0.260 ms  0/3705 (0%)  
[  5]  84.00-85.00  sec   352 KBytes  2.89 Mbits/sec  0.303 ms  0/3608 (0%)  
[  5]  85.00-86.00  sec   352 KBytes  2.89 Mbits/sec  0.326 ms  0/3608 (0%)  
[  5]  86.00-87.00  sec   344 KBytes  2.82 Mbits/sec  0.465 ms  356/3877 (9.2%)  
[  5]  87.00-88.00  sec   350 KBytes  2.87 Mbits/sec  0.282 ms  0/3589 (0%)  
[  5]  88.00-89.00  sec   342 KBytes  2.80 Mbits/sec  0.335 ms  0/3506 (0%)  
[  5]  89.00-90.00  sec   366 KBytes  2.99 Mbits/sec  0.368 ms  0/3745 (0%)  
[  5]  90.00-91.00  sec   386 KBytes  3.17 Mbits/sec  0.395 ms  0/3957 (0%)  
[  5]  91.00-92.00  sec   379 KBytes  3.10 Mbits/sec  0.446 ms  0/3881 (0%)  
[  5]  92.00-93.00  sec   402 KBytes  3.29 Mbits/sec  0.266 ms  0/4113 (0%)  
[  5]  93.00-94.00  sec   375 KBytes  3.08 Mbits/sec  0.342 ms  0/3844 (0%)  
[  5]  94.00-95.00  sec   410 KBytes  3.36 Mbits/sec  0.373 ms  0/4201 (0%)  
[  5]  95.00-96.00  sec   382 KBytes  3.13 Mbits/sec  0.257 ms  0/3912 (0%)  
[  5]  96.00-97.00  sec   359 KBytes  2.94 Mbits/sec  0.623 ms  0/3675 (0%)  
[  5]  97.00-98.00  sec   357 KBytes  2.92 Mbits/sec  0.366 ms  0/3655 (0%)  
[  5]  98.00-99.00  sec   402 KBytes  3.29 Mbits/sec  0.333 ms  0/4114 (0%)  
[  5]  99.00-100.00 sec   408 KBytes  3.34 Mbits/sec  0.453 ms  0/4181 (0%)  
[  5] 100.00-101.00 sec   406 KBytes  3.32 Mbits/sec  0.321 ms  0/4155 (0%)  
[  5] 101.00-102.00 sec   401 KBytes  3.28 Mbits/sec  0.322 ms  0/4104 (0%)  
[  5] 102.00-103.00 sec   391 KBytes  3.20 Mbits/sec  0.555 ms  0/4005 (0%)  
[  5] 103.00-104.00 sec   374 KBytes  3.06 Mbits/sec  0.440 ms  0/3831 (0%)  
[  5] 104.00-105.00 sec   303 KBytes  2.48 Mbits/sec  0.378 ms  0/3105 (0%)  
[  5] 105.00-106.00 sec   358 KBytes  2.94 Mbits/sec  0.362 ms  0/3670 (0%)  
[  5] 106.00-107.00 sec   365 KBytes  2.99 Mbits/sec  0.568 ms  0/3734 (0%)  
[  5] 107.00-108.00 sec   344 KBytes  2.82 Mbits/sec  0.327 ms  0/3523 (0%)  
[  5] 108.00-109.00 sec   350 KBytes  2.87 Mbits/sec  0.386 ms  0/3585 (0%)  
[  5] 109.00-110.00 sec   349 KBytes  2.86 Mbits/sec  0.319 ms  0/3575 (0%)  
[  5] 110.00-111.00 sec   375 KBytes  3.07 Mbits/sec  0.290 ms  0/3840 (0%)  
[  5] 111.00-112.00 sec   395 KBytes  3.23 Mbits/sec  0.277 ms  0/4040 (0%)  
[  5] 112.00-113.00 sec   360 KBytes  2.95 Mbits/sec  0.799 ms  0/3688 (0%)  
[  5] 113.00-114.00 sec   328 KBytes  2.69 Mbits/sec  0.376 ms  0/3362 (0%)  
[  5] 114.00-115.00 sec   396 KBytes  3.24 Mbits/sec  0.315 ms  0/4053 (0%)  
[  5] 115.00-116.00 sec   392 KBytes  3.21 Mbits/sec  0.332 ms  0/4009 (0%)  
[  5] 116.00-117.00 sec   391 KBytes  3.20 Mbits/sec  0.348 ms  0/4005 (0%)  
[  5] 117.00-118.00 sec   399 KBytes  3.27 Mbits/sec  0.514 ms  0/4083 (0%)  
[  5] 118.00-119.00 sec   386 KBytes  3.16 Mbits/sec  0.342 ms  0/3953 (0%)  
[  5] 119.00-120.00 sec   387 KBytes  3.17 Mbits/sec  0.347 ms  0/3961 (0%)  
[  5] 120.00-121.00 sec   367 KBytes  3.01 Mbits/sec  0.355 ms  0/3759 (0%)  
[  5] 121.00-122.00 sec   353 KBytes  2.89 Mbits/sec  0.541 ms  0/3616 (0%)  
[  5] 122.00-123.00 sec   370 KBytes  3.03 Mbits/sec  0.266 ms  0/3790 (0%)  
[  5] 123.00-124.00 sec   370 KBytes  3.03 Mbits/sec  0.328 ms  0/3785 (0%)  
[  5] 124.00-125.00 sec   339 KBytes  2.77 Mbits/sec  0.453 ms  0/3468 (0%)  
[  5] 125.00-126.00 sec   347 KBytes  2.85 Mbits/sec  0.550 ms  0/3558 (0%)  
[  5] 126.00-127.00 sec   323 KBytes  2.65 Mbits/sec  0.470 ms  0/3308 (0%)  
[  5] 127.00-128.00 sec   348 KBytes  2.85 Mbits/sec  0.389 ms  0/3566 (0%)  
[  5] 128.00-129.00 sec   312 KBytes  2.56 Mbits/sec  0.273 ms  0/3197 (0%)  
[  5] 129.00-130.00 sec   343 KBytes  2.81 Mbits/sec  0.346 ms  0/3512 (0%)  
[  5] 130.00-131.00 sec   365 KBytes  2.99 Mbits/sec  0.360 ms  0/3739 (0%)  
[  5] 131.00-132.00 sec   351 KBytes  2.88 Mbits/sec  0.383 ms  0/3597 (0%)  
[  5] 132.00-133.00 sec   359 KBytes  2.94 Mbits/sec  0.536 ms  0/3674 (0%)  
[  5] 133.00-134.00 sec   372 KBytes  3.04 Mbits/sec  0.327 ms  0/3812 (0%)  
[  5] 134.00-135.00 sec   346 KBytes  2.84 Mbits/sec  0.292 ms  0/3538 (0%)  
[  5] 135.00-136.00 sec   340 KBytes  2.79 Mbits/sec  0.404 ms  0/3486 (0%)  
[  5] 136.00-137.00 sec   368 KBytes  3.02 Mbits/sec  0.383 ms  0/3765 (0%)  
[  5] 137.00-138.00 sec   369 KBytes  3.02 Mbits/sec  0.387 ms  0/3778 (0%)  
[  5] 138.00-139.00 sec   395 KBytes  3.23 Mbits/sec  0.342 ms  0/4048 (0%)  
[  5] 139.00-140.00 sec   393 KBytes  3.22 Mbits/sec  0.299 ms  0/4020 (0%)  
[  5] 140.00-141.00 sec   385 KBytes  3.15 Mbits/sec  0.286 ms  0/3943 (0%)  
[  5] 141.00-142.00 sec   389 KBytes  3.19 Mbits/sec  0.388 ms  0/3986 (0%)  
[  5] 142.00-143.00 sec   327 KBytes  2.68 Mbits/sec  0.426 ms  0/3352 (0%)  
[  5] 143.00-144.00 sec   373 KBytes  3.06 Mbits/sec  0.683 ms  48/3870 (1.2%)  
[  5] 144.00-145.00 sec   380 KBytes  3.11 Mbits/sec  0.324 ms  334/4226 (7.9%)  
[  5] 145.00-146.00 sec   378 KBytes  3.09 Mbits/sec  0.421 ms  212/4082 (5.2%)  
[  5] 146.00-147.00 sec   386 KBytes  3.16 Mbits/sec  0.390 ms  168/4116 (4.1%)  
[  5] 147.00-148.00 sec   296 KBytes  2.43 Mbits/sec  0.213 ms  1337/4371 (31%)  
[  5] 148.00-149.00 sec   311 KBytes  2.55 Mbits/sec  0.226 ms  1968/5151 (38%)  
[  5] 149.00-150.00 sec   356 KBytes  2.92 Mbits/sec  0.256 ms  1253/4902 (26%)  
[  5] 150.00-151.00 sec   310 KBytes  2.53 Mbits/sec  0.223 ms  1380/4552 (30%)  
[  5] 151.00-152.00 sec   259 KBytes  2.13 Mbits/sec  0.209 ms  1176/3830 (31%)  
[  5] 152.00-153.00 sec   316 KBytes  2.59 Mbits/sec  0.304 ms  1324/4561 (29%)  
[  5] 153.00-154.00 sec   302 KBytes  2.47 Mbits/sec  0.217 ms  1459/4553 (32%)  
[  5] 154.00-155.00 sec   284 KBytes  2.33 Mbits/sec  0.221 ms  846/3757 (23%)  
[  5] 155.00-156.00 sec   310 KBytes  2.54 Mbits/sec  0.273 ms  854/4031 (21%)  
[  5] 156.00-157.00 sec   371 KBytes  3.04 Mbits/sec  0.315 ms  1153/4949 (23%)  
[  5] 157.00-158.00 sec   333 KBytes  2.73 Mbits/sec  0.230 ms  792/4204 (19%)  
[  5] 158.00-159.00 sec   226 KBytes  1.85 Mbits/sec  0.212 ms  1337/3650 (37%)  
[  5] 159.00-160.00 sec   363 KBytes  2.97 Mbits/sec  0.195 ms  518/4233 (12%)  
[  5] 160.00-161.00 sec   323 KBytes  2.65 Mbits/sec  0.193 ms  858/4168 (21%)  
[  5] 161.00-162.00 sec   359 KBytes  2.94 Mbits/sec  0.187 ms  698/4378 (16%)  
[  5] 162.00-163.00 sec   328 KBytes  2.69 Mbits/sec  0.211 ms  764/4123 (19%)  
[  5] 163.00-164.00 sec   358 KBytes  2.94 Mbits/sec  0.205 ms  2119/5790 (37%)  
[  5] 164.00-165.00 sec   322 KBytes  2.64 Mbits/sec  0.577 ms  1150/4443 (26%)  
[  5] 165.00-166.00 sec   298 KBytes  2.44 Mbits/sec  0.223 ms  1074/4126 (26%)  
[  5] 166.00-167.00 sec   350 KBytes  2.86 Mbits/sec  0.260 ms  914/4493 (20%)  
[  5] 167.00-168.00 sec   369 KBytes  3.03 Mbits/sec  3.421 ms  1149/4931 (23%)  
[  5] 168.00-169.00 sec   337 KBytes  2.76 Mbits/sec  0.227 ms  878/4332 (20%)  
[  5] 169.00-170.00 sec   362 KBytes  2.97 Mbits/sec  0.217 ms  501/4206 (12%)  
[  5] 170.00-171.00 sec   252 KBytes  2.07 Mbits/sec  0.219 ms  943/3528 (27%)  
[  5] 171.00-172.00 sec   385 KBytes  3.15 Mbits/sec  0.294 ms  1566/5506 (28%)  
[  5] 172.00-173.00 sec   296 KBytes  2.43 Mbits/sec  0.237 ms  1853/4888 (38%)  
[  5] 173.00-174.00 sec   325 KBytes  2.66 Mbits/sec  0.231 ms  1358/4682 (29%)  
[  5] 174.00-175.00 sec   328 KBytes  2.69 Mbits/sec  0.220 ms  1946/5302 (37%)  
[  5] 175.00-176.00 sec   326 KBytes  2.67 Mbits/sec  0.220 ms  1347/4682 (29%)  
[  5] 176.00-177.00 sec   337 KBytes  2.76 Mbits/sec  0.204 ms  1324/4775 (28%)  
[  5] 177.00-178.00 sec   221 KBytes  1.81 Mbits/sec  0.319 ms  1924/4187 (46%)  
[  5] 178.00-179.00 sec   329 KBytes  2.69 Mbits/sec  0.217 ms  1416/4783 (30%)  
[  5] 179.00-180.00 sec   336 KBytes  2.75 Mbits/sec  0.191 ms  1631/5070 (32%)  
[  5] 180.00-181.00 sec   334 KBytes  2.73 Mbits/sec  0.228 ms  836/4256 (20%)  
[  5] 181.00-182.00 sec   191 KBytes  1.57 Mbits/sec  0.212 ms  1176/3133 (38%)  
[  5] 182.00-183.00 sec   217 KBytes  1.77 Mbits/sec  0.228 ms  1189/3410 (35%)  
[  5] 183.00-184.00 sec   331 KBytes  2.71 Mbits/sec  0.212 ms  1262/4647 (27%)  
[  5] 184.00-185.00 sec   328 KBytes  2.69 Mbits/sec  0.213 ms  726/4086 (18%)  
