Connecting to host 172.22.0.50, port 5202
Reverse mode, remote host 172.22.0.50 is sending
[  5] local 192.168.102.2 port 50289 connected to 172.22.0.50 port 5202
[ ID] Interval           Transfer     Bitrate         Jitter    Lost/Total Datagrams
[  5]   0.00-1.00   sec   439 KBytes  3.59 Mbits/sec  0.242 ms  0/4498 (0%)  
[  5]   1.00-2.00   sec   440 KBytes  3.60 Mbits/sec  0.364 ms  0/4502 (0%)  
[  5]   2.00-3.00   sec   413 KBytes  3.38 Mbits/sec  0.355 ms  0/4228 (0%)  
[  5]   3.00-4.00   sec   398 KBytes  3.26 Mbits/sec  0.305 ms  0/4073 (0%)  
[  5]   4.00-5.00   sec   371 KBytes  3.04 Mbits/sec  0.330 ms  0/3802 (0%)  
[  5]   5.00-6.00   sec   403 KBytes  3.30 Mbits/sec  0.261 ms  0/4126 (0%)  
[  5]   6.00-7.00   sec   397 KBytes  3.25 Mbits/sec  0.316 ms  0/4063 (0%)  
[  5]   7.00-8.00   sec   398 KBytes  3.26 Mbits/sec  0.436 ms  0/4074 (0%)  
[  5]   8.00-9.00   sec   379 KBytes  3.10 Mbits/sec  0.302 ms  0/3881 (0%)  
[  5]   9.00-10.00  sec   385 KBytes  3.15 Mbits/sec  0.333 ms  0/3943 (0%)  
[  5]  10.00-11.00  sec   400 KBytes  3.28 Mbits/sec  0.291 ms  0/4101 (0%)  
[  5]  11.00-12.00  sec   419 KBytes  3.43 Mbits/sec  0.391 ms  0/4291 (0%)  
[  5]  12.00-13.00  sec   405 KBytes  3.32 Mbits/sec  0.309 ms  0/4149 (0%)  
[  5]  13.00-14.00  sec   378 KBytes  3.10 Mbits/sec  0.384 ms  0/3872 (0%)  
[  5]  14.00-15.00  sec   380 KBytes  3.11 Mbits/sec  0.420 ms  0/3888 (0%)  
[  5]  15.00-16.00  sec   408 KBytes  3.34 Mbits/sec  0.326 ms  0/4176 (0%)  
[  5]  16.00-17.00  sec   424 KBytes  3.47 Mbits/sec  0.336 ms  0/4341 (0%)  
[  5]  17.00-18.00  sec   407 KBytes  3.34 Mbits/sec  0.323 ms  0/4171 (0%)  
[  5]  18.00-19.00  sec   388 KBytes  3.18 Mbits/sec  0.310 ms  0/3975 (0%)  
[  5]  19.00-20.00  sec   387 KBytes  3.17 Mbits/sec  0.324 ms  0/3964 (0%)  
[  5]  20.00-21.00  sec   405 KBytes  3.31 Mbits/sec  0.380 ms  0/4144 (0%)  
[  5]  21.00-22.00  sec   382 KBytes  3.13 Mbits/sec  0.593 ms  0/3916 (0%)  
[  5]  22.00-23.00  sec   379 KBytes  3.10 Mbits/sec  0.291 ms  0/3877 (0%)  
[  5]  23.00-24.00  sec   406 KBytes  3.32 Mbits/sec  0.229 ms  0/4155 (0%)  
[  5]  24.00-25.00  sec   410 KBytes  3.36 Mbits/sec  0.347 ms  0/4203 (0%)  
[  5]  25.00-26.00  sec   375 KBytes  3.07 Mbits/sec  0.391 ms  0/3836 (0%)  
[  5]  26.00-27.00  sec   364 KBytes  2.98 Mbits/sec  0.404 ms  0/3724 (0%)  
[  5]  27.00-28.00  sec   368 KBytes  3.02 Mbits/sec  0.346 ms  0/3767 (0%)  
[  5]  28.00-29.00  sec   394 KBytes  3.22 Mbits/sec  0.336 ms  0/4030 (0%)  
[  5]  29.00-30.00  sec   412 KBytes  3.37 Mbits/sec  0.334 ms  0/4215 (0%)  
[  5]  30.00-31.00  sec   373 KBytes  3.05 Mbits/sec  0.790 ms  0/3818 (0%)  
[  5]  31.00-32.00  sec   371 KBytes  3.04 Mbits/sec  0.399 ms  0/3796 (0%)  
[  5]  32.00-33.00  sec   399 KBytes  3.27 Mbits/sec  0.332 ms  0/4089 (0%)  
[  5]  33.00-34.00  sec   400 KBytes  3.28 Mbits/sec  0.348 ms  0/4094 (0%)  
[  5]  34.00-35.00  sec   400 KBytes  3.27 Mbits/sec  0.484 ms  0/4091 (0%)  
[  5]  35.00-36.00  sec   379 KBytes  3.11 Mbits/sec  0.388 ms  0/3883 (0%)  
[  5]  36.00-37.00  sec   421 KBytes  3.45 Mbits/sec  0.267 ms  0/4311 (0%)  
[  5]  37.00-38.00  sec   409 KBytes  3.35 Mbits/sec  0.373 ms  0/4193 (0%)  
[  5]  38.00-39.00  sec   394 KBytes  3.23 Mbits/sec  0.458 ms  0/4036 (0%)  
[  5]  39.00-40.00  sec   362 KBytes  2.97 Mbits/sec  0.370 ms  0/3708 (0%)  
[  5]  40.00-41.00  sec   388 KBytes  3.18 Mbits/sec  0.388 ms  0/3970 (0%)  
[  5]  41.00-42.00  sec   410 KBytes  3.36 Mbits/sec  0.365 ms  0/4198 (0%)  
[  5]  42.00-43.00  sec   404 KBytes  3.31 Mbits/sec  0.406 ms  0/4139 (0%)  
[  5]  43.00-44.00  sec   353 KBytes  2.90 Mbits/sec  0.349 ms  0/3616 (0%)  
[  5]  44.00-45.00  sec   391 KBytes  3.19 Mbits/sec  0.383 ms  0/4001 (0%)  
[  5]  45.00-46.00  sec   364 KBytes  2.99 Mbits/sec  0.355 ms  0/3731 (0%)  
[  5]  46.00-47.00  sec   347 KBytes  2.84 Mbits/sec  0.400 ms  0/3556 (0%)  
[  5]  47.00-48.00  sec   380 KBytes  3.11 Mbits/sec  0.327 ms  0/3890 (0%)  
[  5]  48.00-49.00  sec   406 KBytes  3.33 Mbits/sec  0.375 ms  0/4160 (0%)  
[  5]  49.00-50.00  sec   413 KBytes  3.38 Mbits/sec  0.321 ms  0/4227 (0%)  
[  5]  50.00-51.00  sec   354 KBytes  2.89 Mbits/sec  0.615 ms  0/3621 (0%)  
[  5]  51.00-52.00  sec   373 KBytes  3.06 Mbits/sec  0.314 ms  0/3821 (0%)  
[  5]  52.00-53.00  sec   409 KBytes  3.35 Mbits/sec  0.345 ms  0/4188 (0%)  
[  5]  53.00-54.00  sec   398 KBytes  3.26 Mbits/sec  0.304 ms  0/4079 (0%)  
[  5]  54.00-55.00  sec   364 KBytes  2.98 Mbits/sec  0.360 ms  0/3731 (0%)  
[  5]  55.00-56.00  sec   394 KBytes  3.22 Mbits/sec  0.361 ms  0/4030 (0%)  
[  5]  56.00-57.00  sec   411 KBytes  3.37 Mbits/sec  0.309 ms  0/4208 (0%)  
[  5]  57.00-58.00  sec   408 KBytes  3.35 Mbits/sec  0.283 ms  0/4182 (0%)  
[  5]  58.00-59.00  sec   407 KBytes  3.34 Mbits/sec  0.322 ms  0/4171 (0%)  
[  5]  59.00-60.00  sec   389 KBytes  3.19 Mbits/sec  0.285 ms  0/3982 (0%)  
[  5]  60.00-61.00  sec   408 KBytes  3.34 Mbits/sec  0.314 ms  0/4175 (0%)  
[  5]  61.00-62.00  sec   413 KBytes  3.38 Mbits/sec  0.386 ms  0/4227 (0%)  
[  5]  62.00-63.00  sec   391 KBytes  3.20 Mbits/sec  0.318 ms  0/4003 (0%)  
[  5]  63.00-64.00  sec   379 KBytes  3.11 Mbits/sec  0.311 ms  0/3882 (0%)  
[  5]  64.00-65.00  sec   356 KBytes  2.91 Mbits/sec  0.360 ms  0/3643 (0%)  
[  5]  65.00-66.00  sec   369 KBytes  3.02 Mbits/sec  0.293 ms  0/3774 (0%)  
[  5]  66.00-67.00  sec   389 KBytes  3.19 Mbits/sec  0.442 ms  0/3986 (0%)  
[  5]  67.00-68.00  sec   397 KBytes  3.24 Mbits/sec  0.386 ms  0/4063 (0%)  
[  5]  68.00-69.00  sec   411 KBytes  3.37 Mbits/sec  0.449 ms  0/4204 (0%)  
[  5]  69.00-70.00  sec   372 KBytes  3.05 Mbits/sec  0.340 ms  0/3805 (0%)  
[  5]  70.00-71.00  sec   363 KBytes  2.97 Mbits/sec  0.413 ms  0/3714 (0%)  
[  5]  71.00-72.00  sec   386 KBytes  3.16 Mbits/sec  0.369 ms  0/3955 (0%)  
[  5]  72.00-73.00  sec   393 KBytes  3.22 Mbits/sec  0.468 ms  0/4024 (0%)  
[  5]  73.00-74.00  sec   412 KBytes  3.37 Mbits/sec  0.301 ms  0/4215 (0%)  
[  5]  74.00-75.00  sec   403 KBytes  3.30 Mbits/sec  0.391 ms  0/4123 (0%)  
[  5]  75.00-76.00  sec   381 KBytes  3.12 Mbits/sec  0.309 ms  0/3898 (0%)  
[  5]  76.00-77.00  sec   419 KBytes  3.43 Mbits/sec  0.307 ms  0/4290 (0%)  
[  5]  77.00-78.00  sec   404 KBytes  3.31 Mbits/sec  0.408 ms  0/4140 (0%)  
[  5]  78.00-79.00  sec   383 KBytes  3.14 Mbits/sec  0.353 ms  0/3921 (0%)  
[  5]  79.00-80.00  sec   388 KBytes  3.18 Mbits/sec  0.344 ms  0/3969 (0%)  
[  5]  80.00-81.00  sec   411 KBytes  3.37 Mbits/sec  0.345 ms  0/4210 (0%)  
[  5]  81.00-82.00  sec   415 KBytes  3.40 Mbits/sec  0.280 ms  0/4248 (0%)  
[  5]  82.00-83.00  sec   380 KBytes  3.11 Mbits/sec  0.518 ms  0/3893 (0%)  
[  5]  83.00-84.00  sec   387 KBytes  3.17 Mbits/sec  0.330 ms  0/3959 (0%)  
[  5]  84.00-85.00  sec   369 KBytes  3.02 Mbits/sec  0.349 ms  0/3779 (0%)  
[  5]  85.00-86.00  sec   343 KBytes  2.81 Mbits/sec  0.344 ms  0/3512 (0%)  
[  5]  86.00-87.00  sec   370 KBytes  3.03 Mbits/sec  0.533 ms  0/3786 (0%)  
[  5]  87.00-88.00  sec   358 KBytes  2.93 Mbits/sec  0.351 ms  0/3663 (0%)  
[  5]  88.00-89.00  sec   386 KBytes  3.16 Mbits/sec  0.708 ms  0/3949 (0%)  
[  5]  89.00-90.00  sec   379 KBytes  3.10 Mbits/sec  0.411 ms  0/3878 (0%)  
[  5]  90.00-91.00  sec   392 KBytes  3.22 Mbits/sec  0.353 ms  0/4017 (0%)  
[  5]  91.00-92.00  sec   412 KBytes  3.37 Mbits/sec  0.327 ms  0/4220 (0%)  
[  5]  92.00-93.00  sec   406 KBytes  3.32 Mbits/sec  0.271 ms  0/4156 (0%)  
[  5]  93.00-94.00  sec   407 KBytes  3.34 Mbits/sec  0.429 ms  0/4171 (0%)  
[  5]  94.00-95.00  sec   385 KBytes  3.15 Mbits/sec  0.330 ms  0/3942 (0%)  
[  5]  95.00-96.00  sec   399 KBytes  3.26 Mbits/sec  0.431 ms  0/4081 (0%)  
[  5]  96.00-97.00  sec   413 KBytes  3.38 Mbits/sec  0.283 ms  0/4230 (0%)  
[  5]  97.00-98.00  sec   365 KBytes  2.99 Mbits/sec  0.378 ms  0/3741 (0%)  
[  5]  98.00-99.00  sec   410 KBytes  3.36 Mbits/sec  0.302 ms  0/4203 (0%)  
[  5]  99.00-100.00 sec   407 KBytes  3.33 Mbits/sec  0.365 ms  0/4166 (0%)  
[  5] 100.00-101.00 sec   409 KBytes  3.35 Mbits/sec  0.373 ms  0/4193 (0%)  
[  5] 101.00-102.00 sec   411 KBytes  3.37 Mbits/sec  0.315 ms  0/4210 (0%)  
[  5] 102.00-103.00 sec   376 KBytes  3.08 Mbits/sec  0.391 ms  0/3849 (0%)  
[  5] 103.00-104.00 sec   361 KBytes  2.96 Mbits/sec  0.372 ms  0/3694 (0%)  
[  5] 104.00-105.00 sec   369 KBytes  3.02 Mbits/sec  0.424 ms  0/3777 (0%)  
[  5] 105.00-106.00 sec   387 KBytes  3.17 Mbits/sec  0.313 ms  0/3964 (0%)  
[  5] 106.00-107.00 sec   346 KBytes  2.84 Mbits/sec  0.355 ms  0/3546 (0%)  
[  5] 107.00-108.00 sec   362 KBytes  2.96 Mbits/sec  0.386 ms  0/3702 (0%)  
[  5] 108.00-109.00 sec   378 KBytes  3.09 Mbits/sec  0.305 ms  0/3866 (0%)  
[  5] 109.00-110.00 sec   390 KBytes  3.19 Mbits/sec  0.336 ms  0/3992 (0%)  
[  5] 110.00-111.00 sec   355 KBytes  2.91 Mbits/sec  0.298 ms  0/3633 (0%)  
[  5] 111.00-112.00 sec   409 KBytes  3.35 Mbits/sec  0.318 ms  0/4188 (0%)  
[  5] 112.00-113.00 sec   382 KBytes  3.13 Mbits/sec  0.365 ms  0/3910 (0%)  
[  5] 113.00-114.00 sec   368 KBytes  3.01 Mbits/sec  0.325 ms  0/3767 (0%)  
[  5] 114.00-115.00 sec   415 KBytes  3.40 Mbits/sec  0.459 ms  0/4249 (0%)  
[  5] 115.00-116.00 sec   415 KBytes  3.40 Mbits/sec  0.333 ms  0/4245 (0%)  
[  5] 116.00-117.00 sec   410 KBytes  3.36 Mbits/sec  0.306 ms  0/4195 (0%)  
[  5] 117.00-118.00 sec   403 KBytes  3.30 Mbits/sec  0.319 ms  0/4126 (0%)  
[  5] 118.00-119.00 sec   413 KBytes  3.38 Mbits/sec  0.277 ms  0/4232 (0%)  
[  5] 119.00-120.00 sec   381 KBytes  3.12 Mbits/sec  0.334 ms  0/3899 (0%)  
[  5] 120.00-121.00 sec   380 KBytes  3.11 Mbits/sec  0.377 ms  0/3890 (0%)  
[  5] 121.00-122.00 sec   405 KBytes  3.32 Mbits/sec  0.317 ms  0/4143 (0%)  
[  5] 122.00-123.00 sec   404 KBytes  3.31 Mbits/sec  0.323 ms  0/4140 (0%)  
[  5] 123.00-124.00 sec   411 KBytes  3.37 Mbits/sec  0.317 ms  0/4213 (0%)  
[  5] 124.00-125.00 sec   381 KBytes  3.13 Mbits/sec  0.425 ms  0/3905 (0%)  
[  5] 125.00-126.00 sec   367 KBytes  3.00 Mbits/sec  0.357 ms  0/3757 (0%)  
[  5] 126.00-127.00 sec   375 KBytes  3.07 Mbits/sec  0.366 ms  0/3835 (0%)  
[  5] 127.00-128.00 sec   384 KBytes  3.15 Mbits/sec  0.333 ms  0/3936 (0%)  
[  5] 128.00-129.00 sec   380 KBytes  3.11 Mbits/sec  0.521 ms  0/3888 (0%)  
[  5] 129.00-130.00 sec   369 KBytes  3.02 Mbits/sec  0.286 ms  0/3774 (0%)  
[  5] 130.00-131.00 sec   352 KBytes  2.88 Mbits/sec  0.270 ms  0/3605 (0%)  
[  5] 131.00-132.00 sec   366 KBytes  3.00 Mbits/sec  0.354 ms  0/3747 (0%)  
[  5] 132.00-133.00 sec   388 KBytes  3.18 Mbits/sec  0.318 ms  0/3970 (0%)  
[  5] 133.00-134.00 sec   373 KBytes  3.06 Mbits/sec  0.315 ms  0/3821 (0%)  
[  5] 134.00-135.00 sec   364 KBytes  2.99 Mbits/sec  0.361 ms  0/3732 (0%)  
[  5] 135.00-136.00 sec   406 KBytes  3.33 Mbits/sec  0.397 ms  0/4160 (0%)  
[  5] 136.00-137.00 sec   406 KBytes  3.32 Mbits/sec  0.307 ms  0/4154 (0%)  
[  5] 137.00-138.00 sec   402 KBytes  3.29 Mbits/sec  0.359 ms  0/4113 (0%)  
[  5] 138.00-139.00 sec   404 KBytes  3.31 Mbits/sec  0.402 ms  0/4133 (0%)  
[  5] 139.00-140.00 sec   402 KBytes  3.30 Mbits/sec  0.434 ms  0/4121 (0%)  
[  5] 140.00-141.00 sec   389 KBytes  3.19 Mbits/sec  0.542 ms  0/3982 (0%)  
[  5] 141.00-142.00 sec   371 KBytes  3.04 Mbits/sec  0.509 ms  0/3799 (0%)  
[  5] 142.00-143.00 sec   394 KBytes  3.22 Mbits/sec  0.483 ms  0/4031 (0%)  
[  5] 143.00-144.00 sec   412 KBytes  3.37 Mbits/sec  0.395 ms  0/4215 (0%)  
[  5] 144.00-145.00 sec   396 KBytes  3.24 Mbits/sec  0.332 ms  0/4050 (0%)  
[  5] 145.00-146.00 sec   388 KBytes  3.18 Mbits/sec  0.307 ms  0/3977 (0%)  
[  5] 146.00-147.00 sec   393 KBytes  3.22 Mbits/sec  0.287 ms  0/4024 (0%)  
[  5] 147.00-148.00 sec   380 KBytes  3.12 Mbits/sec  0.363 ms  0/3895 (0%)  
[  5] 148.00-149.00 sec   367 KBytes  3.00 Mbits/sec  0.520 ms  0/3753 (0%)  
[  5] 149.00-150.00 sec   370 KBytes  3.03 Mbits/sec  0.405 ms  0/3788 (0%)  
[  5] 150.00-151.00 sec   383 KBytes  3.14 Mbits/sec  0.391 ms  0/3922 (0%)  
[  5] 151.00-152.00 sec   361 KBytes  2.95 Mbits/sec  0.358 ms  0/3692 (0%)  
[  5] 152.00-153.00 sec   335 KBytes  2.75 Mbits/sec  0.341 ms  0/3435 (0%)  
[  5] 153.00-154.00 sec   371 KBytes  3.04 Mbits/sec  0.402 ms  0/3803 (0%)  
[  5] 154.00-155.00 sec   357 KBytes  2.93 Mbits/sec  0.338 ms  0/3658 (0%)  
[  5] 155.00-156.00 sec   385 KBytes  3.15 Mbits/sec  0.330 ms  0/3943 (0%)  
[  5] 156.00-157.00 sec   410 KBytes  3.36 Mbits/sec  0.418 ms  0/4200 (0%)  
[  5] 157.00-158.00 sec   362 KBytes  2.97 Mbits/sec  0.386 ms  0/3717 (0%)  
[  5] 158.00-159.00 sec   375 KBytes  3.08 Mbits/sec  0.310 ms  0/3845 (0%)  
[  5] 159.00-160.00 sec   398 KBytes  3.26 Mbits/sec  0.298 ms  0/4072 (0%)  
[  5] 160.00-161.00 sec   380 KBytes  3.11 Mbits/sec  0.483 ms  0/3889 (0%)  
[  5] 161.00-162.00 sec   374 KBytes  3.06 Mbits/sec  0.317 ms  0/3828 (0%)  
[  5] 162.00-163.00 sec   398 KBytes  3.26 Mbits/sec  0.267 ms  0/4073 (0%)  
[  5] 163.00-164.00 sec   410 KBytes  3.35 Mbits/sec  0.392 ms  0/4198 (0%)  
[  5] 164.00-165.00 sec   376 KBytes  3.08 Mbits/sec  0.305 ms  0/3846 (0%)  
[  5] 165.00-166.00 sec   402 KBytes  3.29 Mbits/sec  0.310 ms  0/4116 (0%)  
[  5] 166.00-167.00 sec   400 KBytes  3.28 Mbits/sec  0.423 ms  0/4096 (0%)  
[  5] 167.00-168.00 sec   402 KBytes  3.30 Mbits/sec  0.343 ms  0/4121 (0%)  
[  5] 168.00-169.00 sec   384 KBytes  3.15 Mbits/sec  0.416 ms  0/3937 (0%)  
[  5] 169.00-170.00 sec   373 KBytes  3.06 Mbits/sec  0.418 ms  0/3824 (0%)  
[  5] 170.00-171.00 sec   308 KBytes  2.52 Mbits/sec  0.231 ms  590/3747 (16%)  
[  5] 171.00-172.00 sec   317 KBytes  2.60 Mbits/sec  0.210 ms  860/4111 (21%)  
[  5] 172.00-173.00 sec   357 KBytes  2.92 Mbits/sec  0.210 ms  1371/5025 (27%)  
[  5] 173.00-174.00 sec   360 KBytes  2.95 Mbits/sec  0.217 ms  921/4612 (20%)  
[  5] 174.00-175.00 sec   270 KBytes  2.22 Mbits/sec  0.221 ms  1378/4147 (33%)  
[  5] 175.00-176.00 sec   338 KBytes  2.77 Mbits/sec  0.226 ms  811/4268 (19%)  
[  5] 176.00-177.00 sec   344 KBytes  2.82 Mbits/sec  0.468 ms  612/4136 (15%)  
[  5] 177.00-178.00 sec   319 KBytes  2.61 Mbits/sec  0.226 ms  1224/4492 (27%)  
[  5] 178.00-179.00 sec   318 KBytes  2.60 Mbits/sec  0.211 ms  936/4191 (22%)  
[  5] 179.00-180.00 sec   362 KBytes  2.96 Mbits/sec  0.230 ms  563/4266 (13%)  
