Connecting to host 172.22.0.50, port 5202
Reverse mode, remote host 172.22.0.50 is sending
[  5] local 192.168.102.2 port 46075 connected to 172.22.0.50 port 5202
[ ID] Interval           Transfer     Bitrate         Jitter    Lost/Total Datagrams
[  5]   0.00-1.00   sec   438 KBytes  3.59 Mbits/sec  0.279 ms  0/4490 (0%)  
[  5]   1.00-2.00   sec   441 KBytes  3.61 Mbits/sec  0.322 ms  0/4514 (0%)  
[  5]   2.00-3.00   sec   400 KBytes  3.28 Mbits/sec  0.250 ms  0/4101 (0%)  
[  5]   3.00-4.00   sec   378 KBytes  3.10 Mbits/sec  0.321 ms  0/3873 (0%)  
[  5]   4.00-5.00   sec   399 KBytes  3.27 Mbits/sec  0.306 ms  0/4084 (0%)  
[  5]   5.00-6.00   sec   411 KBytes  3.36 Mbits/sec  0.393 ms  0/4204 (0%)  
[  5]   6.00-7.00   sec   404 KBytes  3.31 Mbits/sec  0.307 ms  0/4132 (0%)  
[  5]   7.00-8.00   sec   377 KBytes  3.09 Mbits/sec  0.373 ms  0/3861 (0%)  
[  5]   8.00-9.00   sec   375 KBytes  3.08 Mbits/sec  0.448 ms  0/3845 (0%)  
[  5]   9.00-10.00  sec   379 KBytes  3.10 Mbits/sec  0.377 ms  0/3876 (0%)  
[  5]  10.00-11.00  sec   400 KBytes  3.27 Mbits/sec  0.304 ms  0/4091 (0%)  
[  5]  11.00-12.00  sec   411 KBytes  3.36 Mbits/sec  0.415 ms  0/4211 (0%)  
[  5]  12.00-13.00  sec   414 KBytes  3.40 Mbits/sec  0.378 ms  0/4241 (0%)  
[  5]  13.00-14.00  sec   384 KBytes  3.15 Mbits/sec  0.358 ms  0/3936 (0%)  
[  5]  14.00-15.00  sec   361 KBytes  2.96 Mbits/sec  0.403 ms  0/3699 (0%)  
[  5]  15.00-16.00  sec   396 KBytes  3.24 Mbits/sec  0.327 ms  0/4054 (0%)  
[  5]  16.00-17.00  sec   389 KBytes  3.19 Mbits/sec  0.505 ms  0/3982 (0%)  
[  5]  17.00-18.00  sec   375 KBytes  3.07 Mbits/sec  0.359 ms  0/3839 (0%)  
[  5]  18.00-19.00  sec   407 KBytes  3.33 Mbits/sec  0.409 ms  0/4165 (0%)  
[  5]  19.00-20.00  sec   402 KBytes  3.29 Mbits/sec  0.334 ms  0/4113 (0%)  
[  5]  20.00-21.00  sec   413 KBytes  3.38 Mbits/sec  0.339 ms  0/4230 (0%)  
[  5]  21.00-22.00  sec   389 KBytes  3.18 Mbits/sec  0.327 ms  0/3980 (0%)  
[  5]  22.00-23.00  sec   379 KBytes  3.10 Mbits/sec  0.301 ms  0/3878 (0%)  
[  5]  23.00-24.00  sec   396 KBytes  3.24 Mbits/sec  0.358 ms  0/4052 (0%)  
[  5]  24.00-25.00  sec   399 KBytes  3.27 Mbits/sec  0.324 ms  0/4089 (0%)  
[  5]  25.00-26.00  sec   389 KBytes  3.19 Mbits/sec  0.316 ms  0/3986 (0%)  
[  5]  26.00-27.00  sec   359 KBytes  2.94 Mbits/sec  0.459 ms  0/3693 (0%)  
[  5]  27.00-28.00  sec   364 KBytes  2.99 Mbits/sec  0.379 ms  0/3729 (0%)  
[  5]  28.00-29.00  sec   372 KBytes  3.05 Mbits/sec  0.389 ms  0/3812 (0%)  
[  5]  29.00-30.00  sec   404 KBytes  3.31 Mbits/sec  0.299 ms  0/4138 (0%)  
[  5]  30.00-31.00  sec   398 KBytes  3.26 Mbits/sec  0.328 ms  0/4074 (0%)  
[  5]  31.00-32.00  sec   363 KBytes  2.97 Mbits/sec  0.658 ms  0/3719 (0%)  
[  5]  32.00-33.00  sec   401 KBytes  3.29 Mbits/sec  0.343 ms  0/4111 (0%)  
[  5]  33.00-34.00  sec   404 KBytes  3.31 Mbits/sec  0.317 ms  0/4138 (0%)  
[  5]  34.00-35.00  sec   385 KBytes  3.15 Mbits/sec  0.322 ms  0/3938 (0%)  
[  5]  35.00-36.00  sec   371 KBytes  3.04 Mbits/sec  0.376 ms  0/3801 (0%)  
[  5]  36.00-37.00  sec   379 KBytes  3.11 Mbits/sec  0.267 ms  0/3883 (0%)  
[  5]  37.00-38.00  sec   415 KBytes  3.40 Mbits/sec  0.492 ms  0/4252 (0%)  
[  5]  38.00-39.00  sec   399 KBytes  3.27 Mbits/sec  0.359 ms  0/4089 (0%)  
[  5]  39.00-40.00  sec   389 KBytes  3.19 Mbits/sec  0.284 ms  0/3987 (0%)  
[  5]  40.00-41.00  sec   402 KBytes  3.29 Mbits/sec  0.399 ms  0/4118 (0%)  
[  5]  41.00-42.00  sec   398 KBytes  3.26 Mbits/sec  0.463 ms  0/4072 (0%)  
[  5]  42.00-43.00  sec   385 KBytes  3.15 Mbits/sec  0.440 ms  0/3942 (0%)  
[  5]  43.00-44.00  sec   380 KBytes  3.11 Mbits/sec  0.353 ms  0/3888 (0%)  
[  5]  44.00-45.00  sec   376 KBytes  3.08 Mbits/sec  0.315 ms  0/3851 (0%)  
[  5]  45.00-46.00  sec   398 KBytes  3.26 Mbits/sec  0.379 ms  0/4079 (0%)  
[  5]  46.00-47.00  sec   368 KBytes  3.01 Mbits/sec  0.678 ms  0/3767 (0%)  
[  5]  47.00-48.00  sec   340 KBytes  2.78 Mbits/sec  0.374 ms  0/3481 (0%)  
[  5]  48.00-49.00  sec   403 KBytes  3.30 Mbits/sec  0.387 ms  0/4128 (0%)  
[  5]  49.00-50.00  sec   406 KBytes  3.33 Mbits/sec  0.332 ms  0/4159 (0%)  
[  5]  50.00-51.00  sec   415 KBytes  3.40 Mbits/sec  0.358 ms  0/4249 (0%)  
[  5]  51.00-52.00  sec   371 KBytes  3.04 Mbits/sec  0.445 ms  0/3802 (0%)  
[  5]  52.00-53.00  sec   373 KBytes  3.06 Mbits/sec  0.365 ms  0/3820 (0%)  
[  5]  53.00-54.00  sec   409 KBytes  3.35 Mbits/sec  0.304 ms  0/4188 (0%)  
[  5]  54.00-55.00  sec   400 KBytes  3.27 Mbits/sec  0.331 ms  0/4094 (0%)  
[  5]  55.00-56.00  sec   400 KBytes  3.27 Mbits/sec  0.306 ms  0/4091 (0%)  
[  5]  56.00-57.00  sec   408 KBytes  3.35 Mbits/sec  0.298 ms  0/4181 (0%)  
[  5]  57.00-58.00  sec   404 KBytes  3.31 Mbits/sec  0.290 ms  0/4133 (0%)  
[  5]  58.00-59.00  sec   374 KBytes  3.06 Mbits/sec  0.512 ms  0/3834 (0%)  
[  5]  59.00-60.00  sec   371 KBytes  3.04 Mbits/sec  0.333 ms  0/3801 (0%)  
[  5]  60.00-61.00  sec   402 KBytes  3.29 Mbits/sec  0.314 ms  0/4113 (0%)  
[  5]  61.00-62.00  sec   407 KBytes  3.34 Mbits/sec  0.336 ms  0/4170 (0%)  
[  5]  62.00-63.00  sec   356 KBytes  2.92 Mbits/sec  0.322 ms  0/3648 (0%)  
[  5]  63.00-64.00  sec   372 KBytes  3.04 Mbits/sec  0.342 ms  0/3806 (0%)  
[  5]  64.00-65.00  sec   372 KBytes  3.05 Mbits/sec  0.403 ms  0/3814 (0%)  
[  5]  65.00-66.00  sec   382 KBytes  3.13 Mbits/sec  0.388 ms  0/3910 (0%)  
[  5]  66.00-67.00  sec   376 KBytes  3.08 Mbits/sec  0.447 ms  0/3854 (0%)  
[  5]  67.00-68.00  sec   385 KBytes  3.16 Mbits/sec  0.363 ms  0/3947 (0%)  
[  5]  68.00-69.00  sec   355 KBytes  2.91 Mbits/sec  0.349 ms  0/3640 (0%)  
[  5]  69.00-70.00  sec   369 KBytes  3.02 Mbits/sec  0.408 ms  0/3779 (0%)  
[  5]  70.00-71.00  sec   403 KBytes  3.30 Mbits/sec  0.374 ms  0/4122 (0%)  
[  5]  71.00-72.00  sec   388 KBytes  3.18 Mbits/sec  0.338 ms  0/3974 (0%)  
[  5]  72.00-73.00  sec   390 KBytes  3.20 Mbits/sec  0.331 ms  0/3997 (0%)  
[  5]  73.00-74.00  sec   405 KBytes  3.31 Mbits/sec  0.418 ms  0/4144 (0%)  
[  5]  74.00-75.00  sec   404 KBytes  3.31 Mbits/sec  0.360 ms  0/4134 (0%)  
[  5]  75.00-76.00  sec   405 KBytes  3.32 Mbits/sec  0.297 ms  0/4149 (0%)  
[  5]  76.00-77.00  sec   393 KBytes  3.21 Mbits/sec  0.586 ms  0/4024 (0%)  
[  5]  77.00-78.00  sec   378 KBytes  3.10 Mbits/sec  0.304 ms  0/3871 (0%)  
[  5]  78.00-79.00  sec   391 KBytes  3.20 Mbits/sec  0.398 ms  0/4001 (0%)  
[  5]  79.00-80.00  sec   393 KBytes  3.22 Mbits/sec  0.439 ms  0/4031 (0%)  
[  5]  80.00-81.00  sec   403 KBytes  3.30 Mbits/sec  0.386 ms  0/4122 (0%)  
[  5]  81.00-82.00  sec   408 KBytes  3.34 Mbits/sec  0.390 ms  0/4182 (0%)  
[  5]  82.00-83.00  sec   388 KBytes  3.18 Mbits/sec  0.392 ms  0/3971 (0%)  
[  5]  83.00-84.00  sec   359 KBytes  2.94 Mbits/sec  0.300 ms  0/3675 (0%)  
[  5]  84.00-85.00  sec   359 KBytes  2.94 Mbits/sec  0.395 ms  0/3677 (0%)  
[  5]  85.00-86.00  sec   372 KBytes  3.05 Mbits/sec  0.454 ms  0/3811 (0%)  
[  5]  86.00-87.00  sec   374 KBytes  3.07 Mbits/sec  0.325 ms  0/3834 (0%)  
[  5]  87.00-88.00  sec   362 KBytes  2.96 Mbits/sec  0.342 ms  0/3707 (0%)  
[  5]  88.00-89.00  sec   380 KBytes  3.12 Mbits/sec  0.368 ms  0/3895 (0%)  
[  5]  89.00-90.00  sec   383 KBytes  3.13 Mbits/sec  0.338 ms  0/3919 (0%)  
[  5]  90.00-91.00  sec   366 KBytes  3.00 Mbits/sec  0.359 ms  0/3748 (0%)  
[  5]  91.00-92.00  sec   356 KBytes  2.92 Mbits/sec  0.409 ms  0/3648 (0%)  
[  5]  92.00-93.00  sec   400 KBytes  3.28 Mbits/sec  0.330 ms  0/4101 (0%)  
[  5]  93.00-94.00  sec   410 KBytes  3.36 Mbits/sec  0.452 ms  0/4198 (0%)  
[  5]  94.00-95.00  sec   401 KBytes  3.29 Mbits/sec  0.459 ms  0/4111 (0%)  
[  5]  95.00-96.00  sec   362 KBytes  2.97 Mbits/sec  0.309 ms  0/3709 (0%)  
[  5]  96.00-97.00  sec   389 KBytes  3.18 Mbits/sec  0.357 ms  0/3981 (0%)  
[  5]  97.00-98.00  sec   388 KBytes  3.18 Mbits/sec  0.418 ms  0/3969 (0%)  
[  5]  98.00-99.00  sec   381 KBytes  3.12 Mbits/sec  0.363 ms  0/3905 (0%)  
[  5]  99.00-100.00 sec   386 KBytes  3.17 Mbits/sec  0.337 ms  0/3957 (0%)  
[  5] 100.00-101.00 sec   412 KBytes  3.37 Mbits/sec  0.291 ms  0/4215 (0%)  
[  5] 101.00-102.00 sec   401 KBytes  3.29 Mbits/sec  0.278 ms  0/4106 (0%)  
[  5] 102.00-103.00 sec   395 KBytes  3.23 Mbits/sec  0.313 ms  0/4042 (0%)  
[  5] 103.00-104.00 sec   325 KBytes  2.67 Mbits/sec  0.392 ms  0/3333 (0%)  
[  5] 104.00-105.00 sec   350 KBytes  2.87 Mbits/sec  0.471 ms  0/3588 (0%)  
[  5] 105.00-106.00 sec   373 KBytes  3.05 Mbits/sec  0.347 ms  0/3816 (0%)  
[  5] 106.00-107.00 sec   365 KBytes  2.99 Mbits/sec  0.283 ms  0/3737 (0%)  
[  5] 107.00-108.00 sec   331 KBytes  2.71 Mbits/sec  0.384 ms  0/3392 (0%)  
[  5] 108.00-109.00 sec   363 KBytes  2.97 Mbits/sec  0.403 ms  0/3715 (0%)  
[  5] 109.00-110.00 sec   371 KBytes  3.04 Mbits/sec  0.412 ms  0/3796 (0%)  
[  5] 110.00-111.00 sec   403 KBytes  3.31 Mbits/sec  0.330 ms  0/4131 (0%)  
[  5] 111.00-112.00 sec   407 KBytes  3.33 Mbits/sec  0.443 ms  0/4167 (0%)  
[  5] 112.00-113.00 sec   380 KBytes  3.11 Mbits/sec  0.415 ms  0/3888 (0%)  
[  5] 113.00-114.00 sec   352 KBytes  2.89 Mbits/sec  0.356 ms  0/3609 (0%)  
[  5] 114.00-115.00 sec   384 KBytes  3.15 Mbits/sec  0.314 ms  0/3937 (0%)  
[  5] 115.00-116.00 sec   413 KBytes  3.38 Mbits/sec  0.355 ms  0/4226 (0%)  
[  5] 116.00-117.00 sec   409 KBytes  3.35 Mbits/sec  0.332 ms  0/4187 (0%)  
[  5] 117.00-118.00 sec   395 KBytes  3.24 Mbits/sec  0.373 ms  0/4047 (0%)  
[  5] 118.00-119.00 sec   376 KBytes  3.08 Mbits/sec  0.322 ms  0/3850 (0%)  
[  5] 119.00-120.00 sec   389 KBytes  3.18 Mbits/sec  0.346 ms  0/3987 (0%)  
[  5] 120.00-121.00 sec   391 KBytes  3.21 Mbits/sec  0.355 ms  0/4007 (0%)  
[  5] 121.00-122.00 sec   392 KBytes  3.22 Mbits/sec  0.310 ms  0/4019 (0%)  
[  5] 122.00-123.00 sec   399 KBytes  3.27 Mbits/sec  0.316 ms  0/4089 (0%)  
[  5] 123.00-124.00 sec   398 KBytes  3.26 Mbits/sec  0.316 ms  0/4079 (0%)  
[  5] 124.00-125.00 sec   337 KBytes  2.76 Mbits/sec  0.452 ms  0/3447 (0%)  
[  5] 125.00-126.00 sec   358 KBytes  2.93 Mbits/sec  0.603 ms  0/3666 (0%)  
[  5] 126.00-127.00 sec   369 KBytes  3.03 Mbits/sec  0.403 ms  0/3783 (0%)  
[  5] 127.00-128.00 sec   387 KBytes  3.17 Mbits/sec  0.370 ms  0/3959 (0%)  
[  5] 128.00-129.00 sec   375 KBytes  3.08 Mbits/sec  0.400 ms  0/3844 (0%)  
[  5] 129.00-130.00 sec   332 KBytes  2.72 Mbits/sec  0.412 ms  0/3400 (0%)  
[  5] 130.00-131.00 sec   347 KBytes  2.85 Mbits/sec  0.385 ms  0/3556 (0%)  
[  5] 131.00-132.00 sec   380 KBytes  3.12 Mbits/sec  0.388 ms  0/3894 (0%)  
[  5] 132.00-133.00 sec   390 KBytes  3.20 Mbits/sec  0.368 ms  0/3996 (0%)  
[  5] 133.00-134.00 sec   399 KBytes  3.27 Mbits/sec  0.286 ms  0/4084 (0%)  
[  5] 134.00-135.00 sec   356 KBytes  2.92 Mbits/sec  0.406 ms  0/3647 (0%)  
[  5] 135.00-136.00 sec   369 KBytes  3.02 Mbits/sec  0.430 ms  0/3779 (0%)  
[  5] 136.00-137.00 sec   396 KBytes  3.24 Mbits/sec  0.336 ms  0/4057 (0%)  
[  5] 137.00-138.00 sec   395 KBytes  3.24 Mbits/sec  0.443 ms  0/4047 (0%)  
[  5] 138.00-139.00 sec   388 KBytes  3.18 Mbits/sec  0.341 ms  0/3969 (0%)  
[  5] 139.00-140.00 sec   356 KBytes  2.92 Mbits/sec  0.479 ms  0/3648 (0%)  
[  5] 140.00-141.00 sec   390 KBytes  3.20 Mbits/sec  0.385 ms  0/3997 (0%)  
[  5] 141.00-142.00 sec   404 KBytes  3.31 Mbits/sec  0.389 ms  0/4134 (0%)  
[  5] 142.00-143.00 sec   402 KBytes  3.30 Mbits/sec  0.310 ms  0/4117 (0%)  
[  5] 143.00-144.00 sec   405 KBytes  3.32 Mbits/sec  0.380 ms  0/4149 (0%)  
[  5] 144.00-145.00 sec   387 KBytes  3.17 Mbits/sec  0.312 ms  0/3959 (0%)  
[  5] 145.00-146.00 sec   368 KBytes  3.01 Mbits/sec  0.336 ms  0/3764 (0%)  
[  5] 146.00-147.00 sec   394 KBytes  3.23 Mbits/sec  0.315 ms  0/4034 (0%)  
[  5] 147.00-148.00 sec   380 KBytes  3.11 Mbits/sec  0.427 ms  0/3888 (0%)  
[  5] 148.00-149.00 sec   363 KBytes  2.97 Mbits/sec  0.401 ms  0/3715 (0%)  
[  5] 149.00-150.00 sec   365 KBytes  2.99 Mbits/sec  0.364 ms  0/3740 (0%)  
[  5] 150.00-151.00 sec   380 KBytes  3.11 Mbits/sec  0.341 ms  0/3888 (0%)  
[  5] 151.00-152.00 sec   383 KBytes  3.14 Mbits/sec  0.533 ms  0/3922 (0%)  
[  5] 152.00-153.00 sec   361 KBytes  2.96 Mbits/sec  0.589 ms  0/3695 (0%)  
[  5] 153.00-154.00 sec   331 KBytes  2.71 Mbits/sec  0.520 ms  0/3387 (0%)  
[  5] 154.00-155.00 sec   325 KBytes  2.67 Mbits/sec  0.373 ms  0/3333 (0%)  
[  5] 155.00-156.00 sec   377 KBytes  3.09 Mbits/sec  0.326 ms  0/3856 (0%)  
[  5] 156.00-157.00 sec   407 KBytes  3.34 Mbits/sec  0.328 ms  0/4171 (0%)  
[  5] 157.00-158.00 sec   403 KBytes  3.30 Mbits/sec  0.301 ms  0/4128 (0%)  
[  5] 158.00-159.00 sec   276 KBytes  2.26 Mbits/sec  0.213 ms  494/3321 (15%)  
[  5] 159.00-160.00 sec   360 KBytes  2.95 Mbits/sec  0.208 ms  1038/4725 (22%)  
[  5] 160.00-161.00 sec   371 KBytes  3.04 Mbits/sec  0.213 ms  656/4453 (15%)  
[  5] 161.00-162.00 sec   368 KBytes  3.02 Mbits/sec  0.260 ms  430/4202 (10%)  
[  5] 162.00-163.00 sec   428 KBytes  3.51 Mbits/sec  0.217 ms  428/4809 (8.9%)  
[  5] 163.00-164.00 sec   292 KBytes  2.39 Mbits/sec  0.232 ms  868/3854 (23%)  
[  5] 164.00-165.00 sec   420 KBytes  3.44 Mbits/sec  0.228 ms  565/4862 (12%)  
[  5] 165.00-166.00 sec   372 KBytes  3.05 Mbits/sec  0.298 ms  860/4673 (18%)  
[  5] 166.00-167.00 sec   341 KBytes  2.79 Mbits/sec  0.224 ms  857/4349 (20%)  
[  5] 167.00-168.00 sec   434 KBytes  3.56 Mbits/sec  0.226 ms  887/5333 (17%)  
[  5] 168.00-169.00 sec   376 KBytes  3.08 Mbits/sec  0.259 ms  731/4586 (16%)  
[  5] 169.00-170.00 sec   321 KBytes  2.63 Mbits/sec  0.941 ms  920/4209 (22%)  
[  5] 170.00-171.00 sec   355 KBytes  2.91 Mbits/sec  0.250 ms  714/4352 (16%)  
[  5] 171.00-172.00 sec   320 KBytes  2.62 Mbits/sec  0.255 ms  842/4114 (20%)  
[  5] 172.00-173.00 sec   353 KBytes  2.89 Mbits/sec  0.210 ms  1583/5197 (30%)  
[  5] 173.00-174.00 sec   296 KBytes  2.42 Mbits/sec  0.264 ms  1472/4502 (33%)  
[  5] 174.00-175.00 sec   290 KBytes  2.38 Mbits/sec  0.207 ms  1415/4387 (32%)  
[  5] 175.00-176.00 sec   367 KBytes  3.01 Mbits/sec  0.216 ms  879/4639 (19%)  
[  5] 176.00-177.00 sec   346 KBytes  2.83 Mbits/sec  0.217 ms  518/4058 (13%)  
[  5] 177.00-178.00 sec   323 KBytes  2.65 Mbits/sec  0.212 ms  256/3567 (7.2%)  
[  5] 178.00-179.00 sec   334 KBytes  2.74 Mbits/sec  0.216 ms  775/4194 (18%)  
