Connecting to host 172.22.0.50, port 5202
Reverse mode, remote host 172.22.0.50 is sending
[  5] local 192.168.102.2 port 50328 connected to 172.22.0.50 port 5202
[ ID] Interval           Transfer     Bitrate         Jitter    Lost/Total Datagrams
[  5]   0.00-1.00   sec   380 KBytes  3.11 Mbits/sec  0.341 ms  0/3888 (0%)  
[  5]   1.00-2.00   sec   392 KBytes  3.21 Mbits/sec  0.309 ms  0/4014 (0%)  
[  5]   2.00-3.00   sec   329 KBytes  2.70 Mbits/sec  0.319 ms  0/3374 (0%)  
[  5]   3.00-4.00   sec   346 KBytes  2.83 Mbits/sec  0.408 ms  0/3543 (0%)  
[  5]   4.00-5.00   sec   342 KBytes  2.80 Mbits/sec  0.283 ms  0/3502 (0%)  
[  5]   5.00-6.00   sec   344 KBytes  2.82 Mbits/sec  0.406 ms  0/3523 (0%)  
[  5]   6.00-7.00   sec   345 KBytes  2.82 Mbits/sec  0.376 ms  0/3529 (0%)  
[  5]   7.00-8.00   sec   346 KBytes  2.84 Mbits/sec  0.364 ms  0/3548 (0%)  
[  5]   8.00-9.00   sec   350 KBytes  2.86 Mbits/sec  0.411 ms  0/3580 (0%)  
[  5]   9.00-10.00  sec   305 KBytes  2.50 Mbits/sec  0.387 ms  0/3122 (0%)  
[  5]  10.00-11.00  sec   318 KBytes  2.60 Mbits/sec  0.344 ms  0/3255 (0%)  
[  5]  11.00-12.00  sec   344 KBytes  2.82 Mbits/sec  0.395 ms  0/3521 (0%)  
[  5]  12.00-13.00  sec   343 KBytes  2.81 Mbits/sec  0.404 ms  0/3516 (0%)  
[  5]  13.00-14.00  sec   348 KBytes  2.85 Mbits/sec  0.467 ms  0/3560 (0%)  
[  5]  14.00-15.00  sec   349 KBytes  2.86 Mbits/sec  0.397 ms  0/3576 (0%)  
[  5]  15.00-16.00  sec   350 KBytes  2.87 Mbits/sec  0.384 ms  0/3586 (0%)  
[  5]  16.00-17.00  sec   354 KBytes  2.90 Mbits/sec  0.343 ms  0/3625 (0%)  
[  5]  17.00-18.00  sec   346 KBytes  2.83 Mbits/sec  0.352 ms  0/3543 (0%)  
[  5]  18.00-19.00  sec   338 KBytes  2.77 Mbits/sec  0.286 ms  0/3457 (0%)  
[  5]  19.00-20.00  sec   325 KBytes  2.66 Mbits/sec  0.481 ms  0/3324 (0%)  
[  5]  20.00-21.00  sec   296 KBytes  2.42 Mbits/sec  0.453 ms  0/3030 (0%)  
[  5]  21.00-22.00  sec   271 KBytes  2.22 Mbits/sec  0.724 ms  0/2772 (0%)  
[  5]  22.00-23.00  sec   271 KBytes  2.22 Mbits/sec  0.373 ms  0/2775 (0%)  
[  5]  23.00-24.00  sec   282 KBytes  2.31 Mbits/sec  0.628 ms  0/2888 (0%)  
[  5]  24.00-25.00  sec   261 KBytes  2.14 Mbits/sec  0.417 ms  0/2669 (0%)  
[  5]  25.00-26.00  sec   257 KBytes  2.10 Mbits/sec  0.376 ms  0/2629 (0%)  
[  5]  26.00-27.00  sec   287 KBytes  2.35 Mbits/sec  0.503 ms  0/2935 (0%)  
[  5]  27.00-28.00  sec   245 KBytes  2.00 Mbits/sec  0.481 ms  0/2504 (0%)  
[  5]  28.00-29.00  sec   298 KBytes  2.44 Mbits/sec  0.396 ms  0/3052 (0%)  
[  5]  29.00-30.00  sec   325 KBytes  2.66 Mbits/sec  0.377 ms  0/3325 (0%)  
[  5]  30.00-31.00  sec   334 KBytes  2.73 Mbits/sec  0.339 ms  0/3417 (0%)  
[  5]  31.00-32.00  sec   337 KBytes  2.76 Mbits/sec  0.415 ms  0/3447 (0%)  
[  5]  32.00-33.00  sec   325 KBytes  2.67 Mbits/sec  0.406 ms  0/3333 (0%)  
[  5]  33.00-34.00  sec   332 KBytes  2.72 Mbits/sec  0.521 ms  0/3398 (0%)  
[  5]  34.00-35.00  sec   303 KBytes  2.49 Mbits/sec  0.329 ms  0/3106 (0%)  
[  5]  35.00-36.00  sec   333 KBytes  2.73 Mbits/sec  0.374 ms  0/3406 (0%)  
[  5]  36.00-37.00  sec   336 KBytes  2.76 Mbits/sec  0.411 ms  0/3444 (0%)  
[  5]  37.00-38.00  sec   347 KBytes  2.84 Mbits/sec  0.342 ms  0/3556 (0%)  
[  5]  38.00-39.00  sec   328 KBytes  2.69 Mbits/sec  0.414 ms  0/3360 (0%)  
[  5]  39.00-40.00  sec   329 KBytes  2.69 Mbits/sec  0.394 ms  0/3365 (0%)  
[  5]  40.00-41.00  sec   333 KBytes  2.73 Mbits/sec  0.417 ms  0/3414 (0%)  
[  5]  41.00-42.00  sec   334 KBytes  2.74 Mbits/sec  0.338 ms  0/3425 (0%)  
[  5]  42.00-43.00  sec   321 KBytes  2.63 Mbits/sec  0.377 ms  0/3291 (0%)  
[  5]  43.00-44.00  sec   321 KBytes  2.63 Mbits/sec  0.371 ms  0/3287 (0%)  
[  5]  44.00-45.00  sec   296 KBytes  2.43 Mbits/sec  0.382 ms  0/3036 (0%)  
[  5]  45.00-46.00  sec   288 KBytes  2.36 Mbits/sec  0.367 ms  0/2948 (0%)  
[  5]  46.00-47.00  sec   284 KBytes  2.33 Mbits/sec  0.550 ms  0/2907 (0%)  
[  5]  47.00-48.00  sec   306 KBytes  2.51 Mbits/sec  0.367 ms  0/3137 (0%)  
[  5]  48.00-49.00  sec   315 KBytes  2.58 Mbits/sec  0.410 ms  0/3227 (0%)  
[  5]  49.00-50.00  sec   340 KBytes  2.78 Mbits/sec  0.273 ms  0/3484 (0%)  
[  5]  50.00-51.00  sec   345 KBytes  2.83 Mbits/sec  0.364 ms  0/3532 (0%)  
[  5]  51.00-52.00  sec   337 KBytes  2.76 Mbits/sec  0.333 ms  0/3450 (0%)  
[  5]  52.00-53.00  sec   325 KBytes  2.67 Mbits/sec  0.582 ms  0/3333 (0%)  
[  5]  53.00-54.00  sec   300 KBytes  2.46 Mbits/sec  0.426 ms  0/3071 (0%)  
[  5]  54.00-55.00  sec   333 KBytes  2.73 Mbits/sec  0.262 ms  0/3412 (0%)  
[  5]  55.00-56.00  sec   339 KBytes  2.77 Mbits/sec  0.457 ms  0/3469 (0%)  
[  5]  56.00-57.00  sec   335 KBytes  2.74 Mbits/sec  0.432 ms  0/3428 (0%)  
[  5]  57.00-58.00  sec   349 KBytes  2.86 Mbits/sec  0.434 ms  0/3573 (0%)  
[  5]  58.00-59.00  sec   343 KBytes  2.81 Mbits/sec  0.323 ms  0/3508 (0%)  
[  5]  59.00-60.00  sec   317 KBytes  2.59 Mbits/sec  0.460 ms  0/3241 (0%)  
[  5]  60.00-61.00  sec   339 KBytes  2.78 Mbits/sec  0.497 ms  0/3469 (0%)  
[  5]  61.00-62.00  sec   315 KBytes  2.58 Mbits/sec  0.333 ms  0/3229 (0%)  
[  5]  62.00-63.00  sec   340 KBytes  2.79 Mbits/sec  0.345 ms  0/3486 (0%)  
[  5]  63.00-64.00  sec   313 KBytes  2.56 Mbits/sec  0.362 ms  0/3201 (0%)  
[  5]  64.00-65.00  sec   321 KBytes  2.62 Mbits/sec  0.337 ms  0/3282 (0%)  
[  5]  65.00-66.00  sec   326 KBytes  2.67 Mbits/sec  0.465 ms  0/3337 (0%)  
[  5]  66.00-67.00  sec   287 KBytes  2.35 Mbits/sec  0.381 ms  0/2934 (0%)  
[  5]  67.00-68.00  sec   290 KBytes  2.37 Mbits/sec  0.473 ms  0/2966 (0%)  
[  5]  68.00-69.00  sec   283 KBytes  2.32 Mbits/sec  0.364 ms  0/2894 (0%)  
[  5]  69.00-70.00  sec   338 KBytes  2.77 Mbits/sec  0.443 ms  0/3458 (0%)  
[  5]  70.00-71.00  sec   286 KBytes  2.34 Mbits/sec  0.567 ms  0/2927 (0%)  
[  5]  71.00-72.00  sec   253 KBytes  2.07 Mbits/sec  0.433 ms  0/2594 (0%)  
[  5]  72.00-73.00  sec   246 KBytes  2.02 Mbits/sec  0.450 ms  0/2520 (0%)  
[  5]  73.00-74.00  sec   265 KBytes  2.17 Mbits/sec  0.453 ms  0/2710 (0%)  
[  5]  74.00-75.00  sec   268 KBytes  2.20 Mbits/sec  0.451 ms  0/2748 (0%)  
[  5]  75.00-76.00  sec   270 KBytes  2.21 Mbits/sec  0.688 ms  0/2760 (0%)  
[  5]  76.00-77.00  sec   270 KBytes  2.22 Mbits/sec  0.424 ms  0/2769 (0%)  
[  5]  77.00-78.00  sec   263 KBytes  2.16 Mbits/sec  0.362 ms  0/2696 (0%)  
[  5]  78.00-79.00  sec   236 KBytes  1.93 Mbits/sec  0.632 ms  0/2414 (0%)  
[  5]  79.00-80.00  sec   251 KBytes  2.05 Mbits/sec  0.467 ms  0/2568 (0%)  
[  5]  80.00-81.00  sec   262 KBytes  2.14 Mbits/sec  0.393 ms  0/2680 (0%)  
[  5]  81.00-82.00  sec   271 KBytes  2.22 Mbits/sec  0.435 ms  0/2772 (0%)  
[  5]  82.00-83.00  sec   277 KBytes  2.27 Mbits/sec  0.405 ms  0/2833 (0%)  
[  5]  83.00-84.00  sec   259 KBytes  2.12 Mbits/sec  0.350 ms  0/2650 (0%)  
[  5]  84.00-85.00  sec   228 KBytes  1.87 Mbits/sec  0.469 ms  0/2340 (0%)  
[  5]  85.00-86.00  sec   252 KBytes  2.06 Mbits/sec  0.354 ms  0/2577 (0%)  
[  5]  86.00-87.00  sec   270 KBytes  2.21 Mbits/sec  0.707 ms  0/2762 (0%)  
[  5]  87.00-88.00  sec   253 KBytes  2.07 Mbits/sec  0.396 ms  0/2587 (0%)  
[  5]  88.00-89.00  sec   263 KBytes  2.16 Mbits/sec  0.498 ms  0/2695 (0%)  
[  5]  89.00-90.00  sec   225 KBytes  1.84 Mbits/sec  0.413 ms  0/2303 (0%)  
[  5]  90.00-91.00  sec   284 KBytes  2.33 Mbits/sec  0.449 ms  0/2908 (0%)  
[  5]  91.00-92.00  sec   282 KBytes  2.31 Mbits/sec  0.428 ms  0/2883 (0%)  
[  5]  92.00-93.00  sec   207 KBytes  1.70 Mbits/sec  0.257 ms  471/2594 (18%)  
[  5]  93.00-94.00  sec   236 KBytes  1.93 Mbits/sec  0.216 ms  1325/3739 (35%)  
[  5]  94.00-95.00  sec   256 KBytes  2.10 Mbits/sec  0.219 ms  1545/4165 (37%)  
[  5]  95.00-96.00  sec   277 KBytes  2.27 Mbits/sec  0.308 ms  1481/4314 (34%)  
[  5]  96.00-97.00  sec   257 KBytes  2.10 Mbits/sec  0.225 ms  1971/4600 (43%)  
[  5]  97.00-98.00  sec   269 KBytes  2.20 Mbits/sec  0.446 ms  968/3719 (26%)  
[  5]  98.00-99.00  sec   318 KBytes  2.61 Mbits/sec  0.217 ms  1473/4732 (31%)  
[  5]  99.00-100.00 sec   294 KBytes  2.41 Mbits/sec  0.207 ms  2611/5623 (46%)  
[  5] 100.00-101.00 sec   256 KBytes  2.10 Mbits/sec  0.217 ms  2254/4880 (46%)  
[  5] 101.00-102.00 sec   240 KBytes  1.97 Mbits/sec  0.209 ms  2210/4671 (47%)  
[  5] 102.00-103.00 sec   239 KBytes  1.96 Mbits/sec  0.220 ms  2190/4636 (47%)  
[  5] 103.00-104.00 sec   247 KBytes  2.02 Mbits/sec  0.185 ms  2023/4552 (44%)  
[  5] 104.00-105.00 sec   295 KBytes  2.42 Mbits/sec  0.254 ms  2543/5567 (46%)  
[  5] 105.00-106.00 sec   208 KBytes  1.70 Mbits/sec  0.216 ms  1642/3772 (44%)  
[  5] 106.00-107.00 sec   231 KBytes  1.89 Mbits/sec  0.207 ms  2757/5125 (54%)  
[  5] 107.00-108.00 sec   243 KBytes  1.99 Mbits/sec  0.205 ms  2595/5079 (51%)  
[  5] 108.00-109.00 sec   273 KBytes  2.23 Mbits/sec  0.201 ms  1764/4562 (39%)  
[  5] 109.00-110.00 sec   260 KBytes  2.14 Mbits/sec  0.205 ms  1822/4489 (41%)  
[  5] 110.00-111.00 sec   184 KBytes  1.51 Mbits/sec  0.308 ms  1372/3256 (42%)  
[  5] 111.00-112.00 sec   243 KBytes  1.99 Mbits/sec  0.222 ms  2031/4519 (45%)  
[  5] 112.00-113.00 sec   237 KBytes  1.95 Mbits/sec  0.569 ms  2740/5171 (53%)  
[  5] 113.00-114.00 sec   324 KBytes  2.66 Mbits/sec  0.208 ms  2512/5834 (43%)  
[  5] 114.00-115.00 sec   312 KBytes  2.56 Mbits/sec  0.300 ms  2500/5700 (44%)  
[  5] 115.00-116.00 sec   317 KBytes  2.60 Mbits/sec  0.205 ms  2321/5570 (42%)  
[  5] 116.00-117.00 sec   301 KBytes  2.47 Mbits/sec  0.285 ms  2812/5897 (48%)  
[  5] 117.00-118.00 sec   280 KBytes  2.30 Mbits/sec  0.206 ms  1540/4410 (35%)  
[  5] 118.00-119.00 sec   317 KBytes  2.60 Mbits/sec  0.218 ms  1788/5034 (36%)  
[  5] 119.00-120.00 sec   271 KBytes  2.22 Mbits/sec  0.228 ms  1972/4747 (42%)  
[  5] 120.00-121.00 sec   317 KBytes  2.60 Mbits/sec  0.263 ms  2824/6068 (47%)  
[  5] 121.00-122.00 sec   271 KBytes  2.22 Mbits/sec  0.233 ms  1720/4493 (38%)  
[  5] 122.00-123.00 sec   368 KBytes  3.01 Mbits/sec  0.213 ms  2009/5773 (35%)  
[  5] 123.00-124.00 sec   256 KBytes  2.09 Mbits/sec  0.263 ms  1475/4095 (36%)  
[  5] 124.00-125.00 sec   294 KBytes  2.42 Mbits/sec  0.197 ms  1855/4867 (38%)  
[  5] 125.00-126.00 sec   297 KBytes  2.43 Mbits/sec  0.200 ms  1873/4916 (38%)  
[  5] 126.00-127.00 sec   299 KBytes  2.45 Mbits/sec  0.213 ms  1909/4974 (38%)  
[  5] 127.00-128.00 sec   253 KBytes  2.07 Mbits/sec  0.357 ms  1643/4232 (39%)  
[  5] 128.00-129.00 sec   320 KBytes  2.62 Mbits/sec  0.204 ms  1853/5129 (36%)  
[  5] 129.00-130.00 sec   262 KBytes  2.15 Mbits/sec  0.201 ms  1560/4247 (37%)  
[  5] 130.00-131.00 sec   274 KBytes  2.25 Mbits/sec  0.318 ms  1807/4616 (39%)  
[  5] 131.00-132.00 sec   198 KBytes  1.62 Mbits/sec  0.215 ms  2296/4323 (53%)  
[  5] 132.00-133.00 sec   301 KBytes  2.47 Mbits/sec  1.940 ms  2287/5372 (43%)  
[  5] 133.00-134.00 sec   266 KBytes  2.18 Mbits/sec  0.217 ms  1770/4494 (39%)  
[  5] 134.00-135.00 sec   321 KBytes  2.63 Mbits/sec  0.230 ms  2095/5378 (39%)  
[  5] 135.00-136.00 sec   233 KBytes  1.91 Mbits/sec  0.213 ms  3091/5478 (56%)  
[  5] 136.00-137.00 sec   306 KBytes  2.51 Mbits/sec  0.183 ms  2532/5669 (45%)  
[  5] 137.00-138.00 sec   325 KBytes  2.66 Mbits/sec  0.214 ms  1625/4952 (33%)  
[  5] 138.00-139.00 sec   234 KBytes  1.92 Mbits/sec  0.268 ms  1178/3577 (33%)  
[  5] 139.00-140.00 sec   282 KBytes  2.31 Mbits/sec  0.463 ms  1972/4864 (41%)  
[  5] 140.00-141.00 sec   304 KBytes  2.49 Mbits/sec  0.214 ms  1390/4502 (31%)  
[  5] 141.00-142.00 sec   315 KBytes  2.58 Mbits/sec  0.197 ms  1294/4522 (29%)  
[  5] 142.00-143.00 sec   346 KBytes  2.83 Mbits/sec  0.222 ms  1967/5510 (36%)  
[  5] 143.00-144.00 sec   323 KBytes  2.65 Mbits/sec  0.224 ms  1269/4577 (28%)  
[  5] 144.00-145.00 sec   312 KBytes  2.55 Mbits/sec  0.220 ms  1302/4494 (29%)  
[  5] 145.00-146.00 sec   272 KBytes  2.22 Mbits/sec  0.271 ms  1161/3942 (29%)  
[  5] 146.00-147.00 sec   283 KBytes  2.32 Mbits/sec  0.217 ms  1728/4626 (37%)  
[  5] 147.00-148.00 sec   317 KBytes  2.59 Mbits/sec  0.215 ms  1128/4369 (26%)  
[  5] 148.00-149.00 sec   307 KBytes  2.52 Mbits/sec  0.218 ms  1659/4803 (35%)  
[  5] 149.00-150.00 sec   317 KBytes  2.60 Mbits/sec  0.205 ms  1368/4612 (30%)  
[  5] 150.00-151.00 sec   316 KBytes  2.59 Mbits/sec  0.224 ms  1320/4557 (29%)  
[  5] 151.00-152.00 sec   242 KBytes  1.98 Mbits/sec  0.325 ms  1188/3663 (32%)  
[  5] 152.00-153.00 sec   314 KBytes  2.57 Mbits/sec  0.373 ms  1893/5107 (37%)  
[  5] 153.00-154.00 sec   277 KBytes  2.27 Mbits/sec  0.152 ms  1542/4382 (35%)  
[  5] 154.00-155.00 sec   267 KBytes  2.19 Mbits/sec  0.205 ms  1914/4650 (41%)  
[  5] 155.00-156.00 sec   271 KBytes  2.22 Mbits/sec  0.214 ms  1718/4495 (38%)  
[  5] 156.00-157.00 sec   244 KBytes  2.00 Mbits/sec  0.215 ms  1921/4419 (43%)  
[  5] 157.00-158.00 sec   217 KBytes  1.78 Mbits/sec  0.220 ms  1301/3528 (37%)  
[  5] 158.00-159.00 sec   202 KBytes  1.66 Mbits/sec  0.256 ms  1033/3103 (33%)  
[  5] 159.00-160.00 sec   232 KBytes  1.90 Mbits/sec  0.889 ms  1914/4294 (45%)  
[  5] 160.00-161.00 sec   271 KBytes  2.22 Mbits/sec  0.268 ms  1601/4372 (37%)  
[  5] 161.00-162.00 sec   322 KBytes  2.64 Mbits/sec  0.302 ms  1452/4747 (31%)  
[  5] 162.00-163.00 sec   243 KBytes  1.99 Mbits/sec  0.297 ms  1267/3758 (34%)  
[  5] 163.00-164.00 sec   258 KBytes  2.12 Mbits/sec  1.271 ms  2217/4861 (46%)  
[  5] 164.00-165.00 sec   253 KBytes  2.07 Mbits/sec  0.212 ms  1555/4141 (38%)  
[  5] 165.00-166.00 sec   302 KBytes  2.48 Mbits/sec  0.316 ms  1332/4429 (30%)  
[  5] 166.00-167.00 sec   279 KBytes  2.28 Mbits/sec  0.292 ms  1051/3907 (27%)  
[  5] 167.00-168.00 sec   272 KBytes  2.23 Mbits/sec  0.214 ms  970/3754 (26%)  
[  5] 168.00-169.00 sec   274 KBytes  2.25 Mbits/sec  0.212 ms  991/3800 (26%)  
[  5] 169.00-170.00 sec   293 KBytes  2.40 Mbits/sec  0.219 ms  1066/4062 (26%)  
[  5] 170.00-171.00 sec   277 KBytes  2.27 Mbits/sec  0.227 ms  1371/4210 (33%)  
[  5] 171.00-172.00 sec   291 KBytes  2.38 Mbits/sec  0.200 ms  1946/4921 (40%)  
[  5] 172.00-173.00 sec   259 KBytes  2.12 Mbits/sec  0.225 ms  1172/3821 (31%)  
[  5] 173.00-174.00 sec   310 KBytes  2.54 Mbits/sec  0.217 ms  1479/4653 (32%)  
[  5] 174.00-175.00 sec   269 KBytes  2.21 Mbits/sec  0.232 ms  940/3699 (25%)  
[  5] 175.00-176.00 sec   280 KBytes  2.30 Mbits/sec  0.234 ms  1084/3955 (27%)  
[  5] 176.00-177.00 sec   200 KBytes  1.64 Mbits/sec  0.218 ms  1049/3095 (34%)  
[  5] 177.00-178.00 sec   205 KBytes  1.68 Mbits/sec  0.215 ms  1370/3467 (40%)  
[  5] 178.00-179.00 sec   228 KBytes  1.86 Mbits/sec  0.243 ms  2767/5098 (54%)  
[  5] 179.00-180.00 sec   269 KBytes  2.20 Mbits/sec  0.187 ms  1356/4111 (33%)  
[  5] 180.00-181.00 sec   268 KBytes  2.19 Mbits/sec  0.211 ms  1641/4384 (37%)  
[  5] 181.00-182.00 sec   224 KBytes  1.84 Mbits/sec  1.498 ms  1758/4051 (43%)  
[  5] 182.00-183.00 sec   259 KBytes  2.12 Mbits/sec  0.235 ms  1727/4376 (39%)  
[  5] 183.00-184.00 sec   271 KBytes  2.22 Mbits/sec  0.217 ms  2075/4850 (43%)  
[  5] 184.00-185.00 sec   269 KBytes  2.21 Mbits/sec  0.318 ms  1943/4702 (41%)  
