Connecting to host 172.22.0.50, port 5201
Reverse mode, remote host 172.22.0.50 is sending
[  5] local 192.168.100.2 port 35598 connected to 172.22.0.50 port 5201
[ ID] Interval           Transfer     Bitrate         Jitter    Lost/Total Datagrams
[  5]   0.00-1.00   sec   284 KBytes  2.32 Mbits/sec  2.383 ms  0/242 (0%)  
[  5]   1.00-2.00   sec   492 KBytes  4.03 Mbits/sec  1.746 ms  0/420 (0%)  
[  5]   2.00-3.00   sec   540 KBytes  4.43 Mbits/sec  1.460 ms  0/461 (0%)  
[  5]   3.00-4.00   sec   545 KBytes  4.46 Mbits/sec  1.593 ms  0/465 (0%)  
[  5]   4.00-5.00   sec   540 KBytes  4.43 Mbits/sec  1.701 ms  0/461 (0%)  
[  5]   5.00-6.00   sec   546 KBytes  4.47 Mbits/sec  1.453 ms  0/466 (0%)  
[  5]   6.00-7.00   sec   554 KBytes  4.54 Mbits/sec  1.889 ms  0/473 (0%)  
[  5]   7.00-8.00   sec   482 KBytes  3.95 Mbits/sec  1.934 ms  0/411 (0%)  
[  5]   8.00-9.00   sec   503 KBytes  4.11 Mbits/sec  1.836 ms  0/429 (0%)  
[  5]   9.00-10.00  sec   545 KBytes  4.46 Mbits/sec  1.766 ms  0/465 (0%)  
[  5]  10.00-11.00  sec   541 KBytes  4.44 Mbits/sec  1.648 ms  0/462 (0%)  
[  5]  11.00-12.00  sec   551 KBytes  4.51 Mbits/sec  1.613 ms  0/470 (0%)  
[  5]  12.00-13.00  sec   543 KBytes  4.44 Mbits/sec  1.790 ms  0/463 (0%)  
[  5]  13.00-14.00  sec   558 KBytes  4.57 Mbits/sec  1.291 ms  0/476 (0%)  
[  5]  14.00-15.00  sec   558 KBytes  4.57 Mbits/sec  1.688 ms  0/476 (0%)  
[  5]  15.00-16.00  sec   547 KBytes  4.49 Mbits/sec  1.602 ms  0/467 (0%)  
[  5]  16.00-17.00  sec   534 KBytes  4.38 Mbits/sec  1.584 ms  0/456 (0%)  
[  5]  17.00-18.00  sec   514 KBytes  4.21 Mbits/sec  2.064 ms  0/439 (0%)  
[  5]  18.00-19.00  sec   465 KBytes  3.81 Mbits/sec  2.533 ms  0/397 (0%)  
[  5]  19.00-20.00  sec   428 KBytes  3.51 Mbits/sec  2.263 ms  0/365 (0%)  
[  5]  20.00-21.00  sec   422 KBytes  3.46 Mbits/sec  2.115 ms  0/360 (0%)  
[  5]  21.00-22.00  sec   448 KBytes  3.66 Mbits/sec  2.007 ms  0/382 (0%)  
[  5]  22.00-23.00  sec   409 KBytes  3.36 Mbits/sec  2.118 ms  0/349 (0%)  
[  5]  23.00-24.00  sec   401 KBytes  3.28 Mbits/sec  3.050 ms  0/342 (0%)  
[  5]  24.00-25.00  sec   461 KBytes  3.78 Mbits/sec  1.757 ms  0/393 (0%)  
[  5]  25.00-26.00  sec   387 KBytes  3.17 Mbits/sec  2.352 ms  0/330 (0%)  
[  5]  26.00-27.00  sec   471 KBytes  3.86 Mbits/sec  1.909 ms  0/402 (0%)  
[  5]  27.00-28.00  sec   512 KBytes  4.19 Mbits/sec  1.556 ms  0/437 (0%)  
[  5]  28.00-29.00  sec   525 KBytes  4.30 Mbits/sec  1.394 ms  0/448 (0%)  
[  5]  29.00-30.00  sec   439 KBytes  3.60 Mbits/sec  1.494 ms  395/770 (51%)  
[  5]  30.00-31.00  sec   507 KBytes  4.16 Mbits/sec  1.500 ms  746/1179 (63%)  
[  5]  31.00-32.00  sec   502 KBytes  4.11 Mbits/sec  1.518 ms  707/1135 (62%)  
[  5]  32.00-33.00  sec   505 KBytes  4.14 Mbits/sec  1.840 ms  728/1159 (63%)  
[  5]  33.00-34.00  sec   507 KBytes  4.16 Mbits/sec  1.913 ms  711/1144 (62%)  
[  5]  34.00-35.00  sec   530 KBytes  4.34 Mbits/sec  1.530 ms  732/1184 (62%)  
[  5]  35.00-36.00  sec   580 KBytes  4.75 Mbits/sec  1.512 ms  829/1324 (63%)  
[  5]  36.00-37.00  sec   479 KBytes  3.93 Mbits/sec  1.911 ms  718/1127 (64%)  
[  5]  37.00-38.00  sec   530 KBytes  4.34 Mbits/sec  1.800 ms  828/1280 (65%)  
[  5]  38.00-39.00  sec   579 KBytes  4.74 Mbits/sec  1.828 ms  1104/1598 (69%)  
[  5]  39.00-40.00  sec   500 KBytes  4.10 Mbits/sec  2.013 ms  1059/1486 (71%)  
[  5]  40.00-41.00  sec   506 KBytes  4.15 Mbits/sec  1.616 ms  959/1391 (69%)  
[  5]  41.00-42.00  sec   499 KBytes  4.09 Mbits/sec  2.342 ms  1019/1445 (71%)  
[  5]  42.00-43.00  sec   430 KBytes  3.52 Mbits/sec  2.023 ms  1003/1370 (73%)  
[  5]  43.00-44.00  sec   507 KBytes  4.16 Mbits/sec  2.066 ms  1002/1435 (70%)  
[  5]  44.00-45.00  sec   451 KBytes  3.70 Mbits/sec  2.029 ms  1065/1450 (73%)  
[  5]  45.00-46.00  sec   429 KBytes  3.51 Mbits/sec  1.711 ms  743/1109 (67%)  
[  5]  46.00-47.00  sec   509 KBytes  4.17 Mbits/sec  1.603 ms  800/1234 (65%)  
[  5]  47.00-48.00  sec   579 KBytes  4.74 Mbits/sec  1.477 ms  890/1384 (64%)  
[  5]  48.00-49.00  sec   502 KBytes  4.11 Mbits/sec  1.523 ms  750/1178 (64%)  
[  5]  49.00-50.00  sec   579 KBytes  4.74 Mbits/sec  1.604 ms  901/1395 (65%)  
[  5]  50.00-51.00  sec   509 KBytes  4.17 Mbits/sec  1.908 ms  839/1273 (66%)  
[  5]  51.00-52.00  sec   429 KBytes  3.51 Mbits/sec  1.560 ms  719/1085 (66%)  
[  5]  52.00-53.00  sec   573 KBytes  4.69 Mbits/sec  1.560 ms  860/1349 (64%)  
[  5]  53.00-54.00  sec   507 KBytes  4.16 Mbits/sec  1.455 ms  763/1196 (64%)  
[  5]  54.00-55.00  sec   502 KBytes  4.11 Mbits/sec  1.488 ms  710/1138 (62%)  
[  5]  55.00-56.00  sec   586 KBytes  4.80 Mbits/sec  1.525 ms  930/1430 (65%)  
[  5]  56.00-57.00  sec   500 KBytes  4.10 Mbits/sec  1.812 ms  769/1196 (64%)  
[  5]  57.00-58.00  sec   530 KBytes  4.34 Mbits/sec  1.526 ms  817/1269 (64%)  
[  5]  58.00-59.00  sec   579 KBytes  4.74 Mbits/sec  1.542 ms  863/1357 (64%)  
[  5]  59.00-60.00  sec   480 KBytes  3.94 Mbits/sec  1.854 ms  786/1196 (66%)  
[  5]  60.00-61.00  sec   530 KBytes  4.34 Mbits/sec  1.498 ms  844/1296 (65%)  
[  5]  61.00-62.00  sec   500 KBytes  4.10 Mbits/sec  1.623 ms  947/1374 (69%)  
[  5]  62.00-63.00  sec   509 KBytes  4.17 Mbits/sec  1.669 ms  934/1368 (68%)  
[  5]  63.00-64.00  sec   499 KBytes  4.09 Mbits/sec  1.668 ms  968/1394 (69%)  
[  5]  64.00-65.00  sec   430 KBytes  3.52 Mbits/sec  1.591 ms  739/1106 (67%)  
[  5]  65.00-66.00  sec   507 KBytes  4.15 Mbits/sec  1.644 ms  814/1247 (65%)  
[  5]  66.00-67.00  sec   430 KBytes  3.54 Mbits/sec  1.490 ms  614/981 (63%)  
[  5]  67.00-68.00  sec   530 KBytes  4.34 Mbits/sec  1.416 ms  752/1204 (62%)  
[  5]  68.00-69.00  sec   429 KBytes  3.51 Mbits/sec  1.526 ms  652/1018 (64%)  
[  5]  69.00-70.00  sec   422 KBytes  3.46 Mbits/sec  1.631 ms  634/994 (64%)  
[  5]  70.00-71.00  sec   359 KBytes  2.94 Mbits/sec  2.141 ms  691/997 (69%)  
[  5]  71.00-72.00  sec   429 KBytes  3.51 Mbits/sec  2.178 ms  668/1034 (65%)  
[  5]  72.00-73.00  sec   450 KBytes  3.69 Mbits/sec  1.650 ms  676/1060 (64%)  
[  5]  73.00-74.00  sec   430 KBytes  3.52 Mbits/sec  1.518 ms  642/1009 (64%)  
[  5]  74.00-75.00  sec   429 KBytes  3.51 Mbits/sec  1.540 ms  654/1020 (64%)  
[  5]  75.00-76.00  sec   379 KBytes  3.11 Mbits/sec  1.534 ms  545/868 (63%)  
[  5]  76.00-77.00  sec   352 KBytes  2.88 Mbits/sec  1.542 ms  484/784 (62%)  
[  5]  77.00-78.00  sec   429 KBytes  3.51 Mbits/sec  1.552 ms  632/998 (63%)  
[  5]  78.00-79.00  sec   429 KBytes  3.51 Mbits/sec  2.157 ms  690/1056 (65%)  
[  5]  79.00-80.00  sec   380 KBytes  3.11 Mbits/sec  1.501 ms  587/911 (64%)  
[  5]  80.00-81.00  sec   429 KBytes  3.51 Mbits/sec  1.622 ms  667/1033 (65%)  
[  5]  81.00-82.00  sec   451 KBytes  3.70 Mbits/sec  1.499 ms  718/1103 (65%)  
[  5]  82.00-83.00  sec   350 KBytes  2.86 Mbits/sec  1.585 ms  518/817 (63%)  
[  5]  83.00-84.00  sec   429 KBytes  3.53 Mbits/sec  1.781 ms  688/1054 (65%)  
[  5]  84.00-85.00  sec   380 KBytes  3.11 Mbits/sec  1.619 ms  668/992 (67%)  
[  5]  85.00-86.00  sec   429 KBytes  3.51 Mbits/sec  1.636 ms  670/1036 (65%)  
[  5]  86.00-87.00  sec   429 KBytes  3.52 Mbits/sec  1.826 ms  719/1085 (66%)  
[  5]  87.00-88.00  sec   350 KBytes  2.87 Mbits/sec  1.918 ms  660/959 (69%)  
[  5]  88.00-89.00  sec   458 KBytes  3.75 Mbits/sec  1.933 ms  854/1245 (69%)  
[  5]  89.00-90.00  sec   423 KBytes  3.47 Mbits/sec  1.524 ms  834/1195 (70%)  
[  5]  90.00-91.00  sec   429 KBytes  3.51 Mbits/sec  1.584 ms  625/991 (63%)  
[  5]  91.00-92.00  sec   429 KBytes  3.51 Mbits/sec  1.655 ms  747/1113 (67%)  
[  5]  92.00-93.00  sec   458 KBytes  3.76 Mbits/sec  1.898 ms  1049/1440 (73%)  
[  5]  93.00-94.00  sec   429 KBytes  3.51 Mbits/sec  1.897 ms  1000/1366 (73%)  
[  5]  94.00-95.00  sec   422 KBytes  3.46 Mbits/sec  2.000 ms  900/1260 (71%)  
[  5]  95.00-96.00  sec   430 KBytes  3.52 Mbits/sec  2.022 ms  903/1270 (71%)  
[  5]  96.00-97.00  sec   509 KBytes  4.17 Mbits/sec  2.209 ms  1062/1496 (71%)  
[  5]  97.00-98.00  sec   450 KBytes  3.69 Mbits/sec  2.167 ms  955/1339 (71%)  
[  5]  98.00-99.00  sec   509 KBytes  4.17 Mbits/sec  1.917 ms  1070/1504 (71%)  
[  5]  99.00-100.00 sec   429 KBytes  3.51 Mbits/sec  1.823 ms  1118/1484 (75%)  
[  5] 100.00-101.00 sec   429 KBytes  3.51 Mbits/sec  1.620 ms  941/1307 (72%)  
[  5] 101.00-102.00 sec   428 KBytes  3.51 Mbits/sec  2.322 ms  922/1287 (72%)  
[  5] 102.00-103.00 sec   451 KBytes  3.70 Mbits/sec  1.719 ms  900/1285 (70%)  
[  5] 103.00-104.00 sec   429 KBytes  3.51 Mbits/sec  1.787 ms  930/1296 (72%)  
[  5] 104.00-105.00 sec   352 KBytes  2.88 Mbits/sec  2.116 ms  872/1172 (74%)  
[  5] 105.00-106.00 sec   457 KBytes  3.74 Mbits/sec  1.770 ms  1090/1480 (74%)  
[  5] 106.00-107.00 sec   429 KBytes  3.51 Mbits/sec  1.737 ms  889/1255 (71%)  
[  5] 107.00-108.00 sec   430 KBytes  3.52 Mbits/sec  1.837 ms  977/1344 (73%)  
[  5] 108.00-109.00 sec   371 KBytes  3.04 Mbits/sec  1.851 ms  799/1116 (72%)  
[  5] 109.00-110.00 sec   357 KBytes  2.93 Mbits/sec  1.931 ms  948/1253 (76%)  
[  5] 110.00-111.00 sec   502 KBytes  4.11 Mbits/sec  1.641 ms  986/1414 (70%)  
[  5] 111.00-112.00 sec   451 KBytes  3.69 Mbits/sec  1.661 ms  884/1269 (70%)  
[  5] 112.00-113.00 sec   507 KBytes  4.16 Mbits/sec  1.833 ms  992/1425 (70%)  
[  5] 113.00-114.00 sec   502 KBytes  4.11 Mbits/sec  1.767 ms  1119/1547 (72%)  
[  5] 114.00-115.00 sec   507 KBytes  4.16 Mbits/sec  1.853 ms  998/1431 (70%)  
[  5] 115.00-116.00 sec   502 KBytes  4.11 Mbits/sec  1.670 ms  968/1396 (69%)  
[  5] 116.00-117.00 sec   507 KBytes  4.16 Mbits/sec  1.721 ms  991/1424 (70%)  
[  5] 117.00-118.00 sec   502 KBytes  4.11 Mbits/sec  1.709 ms  894/1322 (68%)  
[  5] 118.00-119.00 sec   507 KBytes  4.16 Mbits/sec  1.550 ms  903/1336 (68%)  
[  5] 119.00-120.00 sec   429 KBytes  3.51 Mbits/sec  1.753 ms  821/1187 (69%)  
[  5] 120.00-121.00 sec   500 KBytes  4.10 Mbits/sec  1.796 ms  944/1371 (69%)  
[  5] 121.00-122.00 sec   510 KBytes  4.17 Mbits/sec  2.007 ms  935/1370 (68%)  
[  5] 122.00-123.00 sec   529 KBytes  4.33 Mbits/sec  1.672 ms  1046/1497 (70%)  
[  5] 123.00-124.00 sec   479 KBytes  3.93 Mbits/sec  1.908 ms  961/1370 (70%)  
[  5] 124.00-125.00 sec   530 KBytes  4.34 Mbits/sec  1.913 ms  1281/1733 (74%)  
[  5] 125.00-126.00 sec   429 KBytes  3.51 Mbits/sec  1.457 ms  841/1207 (70%)  
[  5] 126.00-127.00 sec   500 KBytes  4.10 Mbits/sec  1.738 ms  1018/1445 (70%)  
[  5] 127.00-128.00 sec   430 KBytes  3.52 Mbits/sec  1.624 ms  877/1244 (70%)  
[  5] 128.00-129.00 sec   379 KBytes  3.11 Mbits/sec  1.923 ms  959/1282 (75%)  
[  5] 129.00-130.00 sec   430 KBytes  3.52 Mbits/sec  1.693 ms  1113/1480 (75%)  
[  5] 130.00-131.00 sec   499 KBytes  4.09 Mbits/sec  1.788 ms  927/1353 (69%)  
[  5] 131.00-132.00 sec   430 KBytes  3.52 Mbits/sec  1.600 ms  718/1085 (66%)  
[  5] 132.00-133.00 sec   509 KBytes  4.16 Mbits/sec  1.588 ms  860/1294 (66%)  
[  5] 133.00-134.00 sec   450 KBytes  3.69 Mbits/sec  1.486 ms  710/1094 (65%)  
[  5] 134.00-135.00 sec   509 KBytes  4.17 Mbits/sec  1.443 ms  803/1237 (65%)  
[  5] 135.00-136.00 sec   500 KBytes  4.10 Mbits/sec  1.552 ms  944/1371 (69%)  
[  5] 136.00-137.00 sec   430 KBytes  3.52 Mbits/sec  1.491 ms  712/1079 (66%)  
[  5] 137.00-138.00 sec   500 KBytes  4.10 Mbits/sec  1.635 ms  817/1244 (66%)  
[  5] 138.00-139.00 sec   506 KBytes  4.15 Mbits/sec  1.560 ms  820/1252 (65%)  
[  5] 139.00-140.00 sec   500 KBytes  4.10 Mbits/sec  1.542 ms  860/1287 (67%)  
[  5] 140.00-141.00 sec   579 KBytes  4.74 Mbits/sec  1.537 ms  914/1408 (65%)  
[  5] 141.00-142.00 sec   509 KBytes  4.17 Mbits/sec  1.726 ms  861/1295 (66%)  
[  5] 142.00-143.00 sec   500 KBytes  4.10 Mbits/sec  1.589 ms  854/1281 (67%)  
[  5] 143.00-144.00 sec   429 KBytes  3.51 Mbits/sec  1.631 ms  716/1082 (66%)  
[  5] 144.00-145.00 sec   509 KBytes  4.17 Mbits/sec  1.941 ms  836/1270 (66%)  
[  5] 145.00-146.00 sec   502 KBytes  4.10 Mbits/sec  1.687 ms  895/1323 (68%)  
[  5] 146.00-147.00 sec   527 KBytes  4.33 Mbits/sec  1.751 ms  974/1424 (68%)  
[  5] 147.00-148.00 sec   507 KBytes  4.16 Mbits/sec  1.794 ms  1080/1513 (71%)  
[  5] 148.00-149.00 sec   500 KBytes  4.10 Mbits/sec  1.962 ms  1041/1468 (71%)  
[  5] 149.00-150.00 sec   429 KBytes  3.52 Mbits/sec  1.658 ms  830/1196 (69%)  
[  5] 150.00-151.00 sec   509 KBytes  4.17 Mbits/sec  1.539 ms  926/1360 (68%)  
[  5] 151.00-152.00 sec   422 KBytes  3.46 Mbits/sec  1.719 ms  736/1096 (67%)  
[  5] 152.00-153.00 sec   458 KBytes  3.75 Mbits/sec  1.599 ms  848/1239 (68%)  
[  5] 153.00-154.00 sec   429 KBytes  3.51 Mbits/sec  1.677 ms  770/1136 (68%)  
[  5] 154.00-155.00 sec   350 KBytes  2.87 Mbits/sec  1.703 ms  555/854 (65%)  
[  5] 155.00-156.00 sec   428 KBytes  3.50 Mbits/sec  1.643 ms  670/1035 (65%)  
[  5] 156.00-157.00 sec   379 KBytes  3.10 Mbits/sec  1.716 ms  679/1002 (68%)  
[  5] 157.00-158.00 sec   430 KBytes  3.52 Mbits/sec  1.571 ms  803/1170 (69%)  
[  5] 158.00-159.00 sec   429 KBytes  3.52 Mbits/sec  1.972 ms  696/1062 (66%)  
[  5] 159.00-160.00 sec   530 KBytes  4.34 Mbits/sec  1.615 ms  854/1306 (65%)  
[  5] 160.00-161.00 sec   429 KBytes  3.51 Mbits/sec  1.502 ms  662/1028 (64%)  
[  5] 161.00-162.00 sec   502 KBytes  4.10 Mbits/sec  1.518 ms  767/1195 (64%)  
[  5] 162.00-163.00 sec   429 KBytes  3.52 Mbits/sec  1.535 ms  660/1026 (64%)  
[  5] 163.00-164.00 sec   507 KBytes  4.16 Mbits/sec  1.730 ms  844/1277 (66%)  
[  5] 164.00-165.00 sec   429 KBytes  3.51 Mbits/sec  1.593 ms  798/1164 (69%)  
[  5] 165.00-166.00 sec   428 KBytes  3.50 Mbits/sec  2.095 ms  711/1076 (66%)  
[  5] 166.00-167.00 sec   451 KBytes  3.69 Mbits/sec  1.603 ms  736/1121 (66%)  
[  5] 167.00-168.00 sec   507 KBytes  4.16 Mbits/sec  1.531 ms  810/1243 (65%)  
[  5] 168.00-169.00 sec   429 KBytes  3.51 Mbits/sec  1.625 ms  686/1052 (65%)  
[  5] 169.00-170.00 sec   502 KBytes  4.11 Mbits/sec  1.552 ms  780/1208 (65%)  
[  5] 170.00-171.00 sec   429 KBytes  3.51 Mbits/sec  2.331 ms  733/1099 (67%)  
[  5] 171.00-172.00 sec   530 KBytes  4.34 Mbits/sec  1.550 ms  1090/1542 (71%)  
[  5] 172.00-173.00 sec   429 KBytes  3.51 Mbits/sec  1.847 ms  787/1153 (68%)  
[  5] 173.00-174.00 sec   430 KBytes  3.52 Mbits/sec  1.744 ms  852/1219 (70%)  
[  5] 174.00-175.00 sec   350 KBytes  2.87 Mbits/sec  2.178 ms  786/1085 (72%)  
[  5] 175.00-176.00 sec   451 KBytes  3.70 Mbits/sec  1.755 ms  862/1247 (69%)  
[  5] 176.00-177.00 sec   429 KBytes  3.52 Mbits/sec  1.801 ms  997/1363 (73%)  
[  5] 177.00-178.00 sec   430 KBytes  3.52 Mbits/sec  1.711 ms  907/1274 (71%)  
[  5] 178.00-179.00 sec   429 KBytes  3.51 Mbits/sec  2.168 ms  1063/1429 (74%)  
[  5] 179.00-180.00 sec   429 KBytes  3.52 Mbits/sec  2.162 ms  861/1227 (70%)  
[  5] 180.00-181.00 sec   380 KBytes  3.11 Mbits/sec  1.626 ms  673/997 (68%)  
[  5] 181.00-182.00 sec   429 KBytes  3.52 Mbits/sec  1.596 ms  730/1096 (67%)  
[  5] 182.00-183.00 sec   430 KBytes  3.52 Mbits/sec  1.552 ms  815/1182 (69%)  
