Connecting to host 172.22.0.50, port 5201
Reverse mode, remote host 172.22.0.50 is sending
[  5] local 192.168.100.2 port 39911 connected to 172.22.0.50 port 5201
[ ID] Interval           Transfer     Bitrate         Jitter    Lost/Total Datagrams
[  5]   0.00-1.00   sec   463 KBytes  3.79 Mbits/sec  1.658 ms  0/395 (0%)  
[  5]   1.00-2.00   sec   588 KBytes  4.82 Mbits/sec  1.545 ms  0/502 (0%)  
[  5]   2.00-3.00   sec   553 KBytes  4.53 Mbits/sec  1.442 ms  0/472 (0%)  
[  5]   3.00-4.00   sec   599 KBytes  4.91 Mbits/sec  1.621 ms  0/511 (0%)  
[  5]   4.00-5.00   sec   591 KBytes  4.84 Mbits/sec  1.342 ms  0/504 (0%)  
[  5]   5.00-6.00   sec   591 KBytes  4.84 Mbits/sec  1.542 ms  0/504 (0%)  
[  5]   6.00-7.00   sec   562 KBytes  4.61 Mbits/sec  1.937 ms  0/480 (0%)  
[  5]   7.00-8.00   sec   572 KBytes  4.68 Mbits/sec  1.348 ms  0/488 (0%)  
[  5]   8.00-9.00   sec   596 KBytes  4.89 Mbits/sec  1.227 ms  0/509 (0%)  
[  5]   9.00-10.00  sec   623 KBytes  5.11 Mbits/sec  1.276 ms  0/532 (0%)  
[  5]  10.00-11.00  sec   601 KBytes  4.93 Mbits/sec  1.560 ms  0/513 (0%)  
[  5]  11.00-12.00  sec   564 KBytes  4.62 Mbits/sec  1.570 ms  0/481 (0%)  
[  5]  12.00-13.00  sec   564 KBytes  4.62 Mbits/sec  1.575 ms  0/481 (0%)  
[  5]  13.00-14.00  sec   606 KBytes  4.96 Mbits/sec  1.432 ms  0/517 (0%)  
[  5]  14.00-15.00  sec   628 KBytes  5.15 Mbits/sec  1.421 ms  0/537 (0%)  
[  5]  15.00-16.00  sec   606 KBytes  4.96 Mbits/sec  1.337 ms  0/519 (0%)  
[  5]  16.00-17.00  sec   574 KBytes  4.70 Mbits/sec  2.036 ms  0/490 (0%)  
[  5]  17.00-18.00  sec   578 KBytes  4.73 Mbits/sec  1.294 ms  0/493 (0%)  
[  5]  18.00-19.00  sec   602 KBytes  4.93 Mbits/sec  1.383 ms  0/514 (0%)  
[  5]  19.00-20.00  sec   568 KBytes  4.65 Mbits/sec  2.055 ms  0/485 (0%)  
[  5]  20.00-21.00  sec   561 KBytes  4.60 Mbits/sec  1.563 ms  0/479 (0%)  
[  5]  21.00-22.00  sec   605 KBytes  4.95 Mbits/sec  1.224 ms  0/516 (0%)  
[  5]  22.00-23.00  sec   609 KBytes  4.99 Mbits/sec  1.453 ms  0/520 (0%)  
[  5]  23.00-24.00  sec   559 KBytes  4.58 Mbits/sec  1.910 ms  0/477 (0%)  
[  5]  24.00-25.00  sec   538 KBytes  4.41 Mbits/sec  1.362 ms  0/459 (0%)  
[  5]  25.00-26.00  sec   546 KBytes  4.47 Mbits/sec  1.737 ms  0/466 (0%)  
[  5]  26.00-27.00  sec   586 KBytes  4.80 Mbits/sec  1.524 ms  0/500 (0%)  
[  5]  27.00-28.00  sec   510 KBytes  4.18 Mbits/sec  1.276 ms  614/1049 (59%)  
[  5]  28.00-29.00  sec   568 KBytes  4.66 Mbits/sec  1.264 ms  856/1341 (64%)  
[  5]  29.00-30.00  sec   488 KBytes  3.99 Mbits/sec  1.330 ms  580/996 (58%)  
[  5]  30.00-31.00  sec   648 KBytes  5.31 Mbits/sec  1.352 ms  761/1314 (58%)  
[  5]  31.00-32.00  sec   577 KBytes  4.72 Mbits/sec  1.402 ms  674/1166 (58%)  
[  5]  32.00-33.00  sec   568 KBytes  4.66 Mbits/sec  1.436 ms  705/1190 (59%)  
[  5]  33.00-34.00  sec   568 KBytes  4.66 Mbits/sec  1.345 ms  794/1279 (62%)  
[  5]  34.00-35.00  sec   648 KBytes  5.31 Mbits/sec  1.466 ms  793/1346 (59%)  
[  5]  35.00-36.00  sec   649 KBytes  5.32 Mbits/sec  1.526 ms  797/1351 (59%)  
[  5]  36.00-37.00  sec   545 KBytes  4.46 Mbits/sec  1.478 ms  771/1236 (62%)  
[  5]  37.00-38.00  sec   568 KBytes  4.66 Mbits/sec  1.393 ms  730/1215 (60%)  
[  5]  38.00-39.00  sec   568 KBytes  4.66 Mbits/sec  1.320 ms  687/1172 (59%)  
[  5]  39.00-40.00  sec   568 KBytes  4.66 Mbits/sec  1.222 ms  689/1174 (59%)  
[  5]  40.00-41.00  sec   656 KBytes  5.38 Mbits/sec  1.353 ms  1027/1587 (65%)  
[  5]  41.00-42.00  sec   488 KBytes  3.99 Mbits/sec  1.430 ms  627/1043 (60%)  
[  5]  42.00-43.00  sec   568 KBytes  4.65 Mbits/sec  1.429 ms  797/1282 (62%)  
[  5]  43.00-44.00  sec   568 KBytes  4.66 Mbits/sec  1.391 ms  698/1183 (59%)  
[  5]  44.00-45.00  sec   489 KBytes  4.00 Mbits/sec  1.404 ms  588/1005 (59%)  
[  5]  45.00-46.00  sec   568 KBytes  4.65 Mbits/sec  1.323 ms  822/1307 (63%)  
[  5]  46.00-47.00  sec   648 KBytes  5.31 Mbits/sec  1.424 ms  851/1404 (61%)  
[  5]  47.00-48.00  sec   570 KBytes  4.67 Mbits/sec  1.324 ms  734/1220 (60%)  
[  5]  48.00-49.00  sec   568 KBytes  4.65 Mbits/sec  1.326 ms  699/1184 (59%)  
[  5]  49.00-50.00  sec   575 KBytes  4.71 Mbits/sec  1.475 ms  803/1294 (62%)  
[  5]  50.00-51.00  sec   537 KBytes  4.40 Mbits/sec  1.338 ms  644/1102 (58%)  
[  5]  51.00-52.00  sec   568 KBytes  4.66 Mbits/sec  1.337 ms  650/1135 (57%)  
[  5]  52.00-53.00  sec   568 KBytes  4.66 Mbits/sec  1.413 ms  692/1177 (59%)  
[  5]  53.00-54.00  sec   577 KBytes  4.72 Mbits/sec  1.424 ms  746/1238 (60%)  
[  5]  54.00-55.00  sec   648 KBytes  5.31 Mbits/sec  1.480 ms  954/1507 (63%)  
[  5]  55.00-56.00  sec   568 KBytes  4.66 Mbits/sec  1.491 ms  710/1195 (59%)  
[  5]  56.00-57.00  sec   648 KBytes  5.31 Mbits/sec  1.390 ms  771/1324 (58%)  
[  5]  57.00-58.00  sec   568 KBytes  4.66 Mbits/sec  1.427 ms  700/1185 (59%)  
[  5]  58.00-59.00  sec   656 KBytes  5.38 Mbits/sec  1.449 ms  994/1554 (64%)  
[  5]  59.00-60.00  sec   545 KBytes  4.46 Mbits/sec  1.566 ms  704/1169 (60%)  
[  5]  60.00-61.00  sec   568 KBytes  4.66 Mbits/sec  1.532 ms  904/1389 (65%)  
[  5]  61.00-62.00  sec   568 KBytes  4.65 Mbits/sec  1.469 ms  838/1323 (63%)  
[  5]  62.00-63.00  sec   568 KBytes  4.66 Mbits/sec  1.418 ms  699/1184 (59%)  
[  5]  63.00-64.00  sec   568 KBytes  4.66 Mbits/sec  1.394 ms  677/1162 (58%)  
[  5]  64.00-65.00  sec   568 KBytes  4.66 Mbits/sec  1.514 ms  767/1252 (61%)  
[  5]  65.00-66.00  sec   568 KBytes  4.66 Mbits/sec  1.443 ms  843/1328 (63%)  
[  5]  66.00-67.00  sec   656 KBytes  5.38 Mbits/sec  1.290 ms  818/1378 (59%)  
[  5]  67.00-68.00  sec   489 KBytes  4.00 Mbits/sec  1.383 ms  592/1009 (59%)  
[  5]  68.00-69.00  sec   567 KBytes  4.65 Mbits/sec  1.436 ms  811/1295 (63%)  
[  5]  69.00-70.00  sec   568 KBytes  4.65 Mbits/sec  1.331 ms  726/1211 (60%)  
[  5]  70.00-71.00  sec   545 KBytes  4.47 Mbits/sec  1.457 ms  705/1170 (60%)  
[  5]  71.00-72.00  sec   649 KBytes  5.32 Mbits/sec  1.327 ms  755/1309 (58%)  
[  5]  72.00-73.00  sec   568 KBytes  4.65 Mbits/sec  1.281 ms  686/1171 (59%)  
[  5]  73.00-74.00  sec   568 KBytes  4.66 Mbits/sec  1.330 ms  705/1190 (59%)  
[  5]  74.00-75.00  sec   648 KBytes  5.31 Mbits/sec  1.507 ms  843/1396 (60%)  
[  5]  75.00-76.00  sec   568 KBytes  4.66 Mbits/sec  1.337 ms  662/1147 (58%)  
[  5]  76.00-77.00  sec   577 KBytes  4.72 Mbits/sec  1.332 ms  683/1175 (58%)  
[  5]  77.00-78.00  sec   648 KBytes  5.31 Mbits/sec  1.366 ms  884/1437 (62%)  
[  5]  78.00-79.00  sec   568 KBytes  4.66 Mbits/sec  1.331 ms  792/1277 (62%)  
[  5]  79.00-80.00  sec   656 KBytes  5.38 Mbits/sec  1.407 ms  998/1558 (64%)  
[  5]  80.00-81.00  sec   568 KBytes  4.66 Mbits/sec  1.338 ms  751/1236 (61%)  
[  5]  81.00-82.00  sec   537 KBytes  4.40 Mbits/sec  1.402 ms  701/1159 (60%)  
[  5]  82.00-83.00  sec   577 KBytes  4.72 Mbits/sec  1.307 ms  681/1173 (58%)  
[  5]  83.00-84.00  sec   480 KBytes  3.93 Mbits/sec  1.505 ms  593/1003 (59%)  
[  5]  84.00-85.00  sec   577 KBytes  4.72 Mbits/sec  1.388 ms  856/1348 (64%)  
[  5]  85.00-86.00  sec   479 KBytes  3.92 Mbits/sec  1.493 ms  657/1066 (62%)  
[  5]  86.00-87.00  sec   577 KBytes  4.73 Mbits/sec  1.378 ms  771/1263 (61%)  
[  5]  87.00-88.00  sec   568 KBytes  4.66 Mbits/sec  1.395 ms  728/1213 (60%)  
[  5]  88.00-89.00  sec   648 KBytes  5.31 Mbits/sec  1.344 ms  762/1315 (58%)  
[  5]  89.00-90.00  sec   568 KBytes  4.66 Mbits/sec  1.844 ms  773/1258 (61%)  
[  5]  90.00-91.00  sec   656 KBytes  5.37 Mbits/sec  1.294 ms  796/1356 (59%)  
[  5]  91.00-92.00  sec   537 KBytes  4.41 Mbits/sec  1.325 ms  625/1083 (58%)  
[  5]  92.00-93.00  sec   568 KBytes  4.66 Mbits/sec  1.372 ms  690/1175 (59%)  
[  5]  93.00-94.00  sec   577 KBytes  4.72 Mbits/sec  1.406 ms  819/1311 (62%)  
[  5]  94.00-95.00  sec   648 KBytes  5.31 Mbits/sec  1.449 ms  810/1363 (59%)  
[  5]  95.00-96.00  sec   568 KBytes  4.66 Mbits/sec  1.326 ms  670/1155 (58%)  
[  5]  96.00-97.00  sec   568 KBytes  4.66 Mbits/sec  1.274 ms  659/1144 (58%)  
[  5]  97.00-98.00  sec   649 KBytes  5.32 Mbits/sec  1.394 ms  897/1451 (62%)  
[  5]  98.00-99.00  sec   577 KBytes  4.72 Mbits/sec  1.285 ms  775/1267 (61%)  
[  5]  99.00-100.00 sec   648 KBytes  5.31 Mbits/sec  1.503 ms  998/1551 (64%)  
[  5] 100.00-101.00 sec   544 KBytes  4.46 Mbits/sec  1.699 ms  790/1254 (63%)  
[  5] 101.00-102.00 sec   480 KBytes  3.94 Mbits/sec  1.536 ms  704/1114 (63%)  
[  5] 102.00-103.00 sec   577 KBytes  4.72 Mbits/sec  1.369 ms  820/1312 (62%)  
[  5] 103.00-104.00 sec   568 KBytes  4.65 Mbits/sec  1.414 ms  751/1236 (61%)  
[  5] 104.00-105.00 sec   568 KBytes  4.65 Mbits/sec  1.344 ms  785/1270 (62%)  
[  5] 105.00-106.00 sec   488 KBytes  4.00 Mbits/sec  1.406 ms  591/1007 (59%)  
[  5] 106.00-107.00 sec   570 KBytes  4.66 Mbits/sec  1.320 ms  666/1152 (58%)  
[  5] 107.00-108.00 sec   568 KBytes  4.66 Mbits/sec  1.262 ms  698/1183 (59%)  
[  5] 108.00-109.00 sec   568 KBytes  4.65 Mbits/sec  1.297 ms  688/1173 (59%)  
[  5] 109.00-110.00 sec   568 KBytes  4.66 Mbits/sec  1.413 ms  775/1260 (62%)  
[  5] 110.00-111.00 sec   577 KBytes  4.72 Mbits/sec  1.262 ms  709/1201 (59%)  
[  5] 111.00-112.00 sec   567 KBytes  4.64 Mbits/sec  1.430 ms  682/1166 (58%)  
[  5] 112.00-113.00 sec   625 KBytes  5.12 Mbits/sec  1.293 ms  881/1414 (62%)  
[  5] 113.00-114.00 sec   568 KBytes  4.66 Mbits/sec  1.413 ms  675/1160 (58%)  
[  5] 114.00-115.00 sec   648 KBytes  5.31 Mbits/sec  1.296 ms  771/1324 (58%)  
[  5] 115.00-116.00 sec   568 KBytes  4.66 Mbits/sec  1.347 ms  691/1176 (59%)  
[  5] 116.00-117.00 sec   656 KBytes  5.38 Mbits/sec  1.375 ms  789/1349 (58%)  
[  5] 117.00-118.00 sec   561 KBytes  4.60 Mbits/sec  1.463 ms  797/1276 (62%)  
[  5] 118.00-119.00 sec   577 KBytes  4.72 Mbits/sec  1.459 ms  841/1333 (63%)  
[  5] 119.00-120.00 sec   568 KBytes  4.66 Mbits/sec  1.418 ms  807/1292 (62%)  
[  5] 120.00-121.00 sec   625 KBytes  5.11 Mbits/sec  1.378 ms  857/1390 (62%)  
[  5] 121.00-122.00 sec   568 KBytes  4.66 Mbits/sec  1.294 ms  884/1369 (65%)  
[  5] 122.00-123.00 sec   567 KBytes  4.64 Mbits/sec  1.346 ms  793/1277 (62%)  
[  5] 123.00-124.00 sec   568 KBytes  4.66 Mbits/sec  1.439 ms  764/1249 (61%)  
[  5] 124.00-125.00 sec   568 KBytes  4.66 Mbits/sec  1.330 ms  811/1296 (63%)  
[  5] 125.00-126.00 sec   568 KBytes  4.66 Mbits/sec  1.324 ms  754/1239 (61%)  
[  5] 126.00-127.00 sec   577 KBytes  4.72 Mbits/sec  1.393 ms  745/1237 (60%)  
[  5] 127.00-128.00 sec   568 KBytes  4.66 Mbits/sec  1.651 ms  823/1308 (63%)  
[  5] 128.00-129.00 sec   489 KBytes  4.00 Mbits/sec  1.278 ms  596/1013 (59%)  
[  5] 129.00-130.00 sec   568 KBytes  4.65 Mbits/sec  1.348 ms  673/1158 (58%)  
[  5] 130.00-131.00 sec   568 KBytes  4.66 Mbits/sec  1.346 ms  662/1147 (58%)  
[  5] 131.00-132.00 sec   544 KBytes  4.45 Mbits/sec  1.648 ms  659/1123 (59%)  
[  5] 132.00-133.00 sec   489 KBytes  4.00 Mbits/sec  1.665 ms  612/1029 (59%)  
[  5] 133.00-134.00 sec   649 KBytes  5.32 Mbits/sec  1.269 ms  756/1310 (58%)  
[  5] 134.00-135.00 sec   567 KBytes  4.65 Mbits/sec  1.442 ms  777/1261 (62%)  
[  5] 135.00-136.00 sec   649 KBytes  5.32 Mbits/sec  1.338 ms  861/1415 (61%)  
[  5] 136.00-137.00 sec   568 KBytes  4.66 Mbits/sec  1.286 ms  696/1181 (59%)  
[  5] 137.00-138.00 sec   567 KBytes  4.65 Mbits/sec  1.319 ms  695/1179 (59%)  
[  5] 138.00-139.00 sec   657 KBytes  5.39 Mbits/sec  1.256 ms  791/1352 (59%)  
[  5] 139.00-140.00 sec   480 KBytes  3.93 Mbits/sec  1.743 ms  656/1066 (62%)  
[  5] 140.00-141.00 sec   656 KBytes  5.38 Mbits/sec  1.357 ms  932/1492 (62%)  
[  5] 141.00-142.00 sec   568 KBytes  4.66 Mbits/sec  1.380 ms  779/1264 (62%)  
[  5] 142.00-143.00 sec   602 KBytes  4.94 Mbits/sec  2.434 ms  858/1372 (63%)  
[  5] 143.00-144.00 sec   591 KBytes  4.84 Mbits/sec  1.417 ms  771/1275 (60%)  
[  5] 144.00-145.00 sec   568 KBytes  4.66 Mbits/sec  1.409 ms  834/1319 (63%)  
[  5] 145.00-146.00 sec   568 KBytes  4.66 Mbits/sec  1.405 ms  875/1360 (64%)  
[  5] 146.00-147.00 sec   567 KBytes  4.65 Mbits/sec  1.404 ms  775/1259 (62%)  
[  5] 147.00-148.00 sec   489 KBytes  4.00 Mbits/sec  1.414 ms  621/1038 (60%)  
[  5] 148.00-149.00 sec   568 KBytes  4.66 Mbits/sec  1.448 ms  842/1327 (63%)  
[  5] 149.00-150.00 sec   577 KBytes  4.72 Mbits/sec  1.307 ms  770/1262 (61%)  
[  5] 150.00-151.00 sec   480 KBytes  3.94 Mbits/sec  1.401 ms  582/992 (59%)  
[  5] 151.00-152.00 sec   577 KBytes  4.72 Mbits/sec  1.300 ms  709/1201 (59%)  
[  5] 152.00-153.00 sec   568 KBytes  4.65 Mbits/sec  1.379 ms  714/1199 (60%)  
[  5] 153.00-154.00 sec   568 KBytes  4.66 Mbits/sec  1.422 ms  700/1185 (59%)  
[  5] 154.00-155.00 sec   568 KBytes  4.66 Mbits/sec  1.293 ms  691/1176 (59%)  
[  5] 155.00-156.00 sec   568 KBytes  4.66 Mbits/sec  1.350 ms  736/1221 (60%)  
[  5] 156.00-157.00 sec   568 KBytes  4.66 Mbits/sec  1.365 ms  808/1293 (62%)  
[  5] 157.00-158.00 sec   544 KBytes  4.45 Mbits/sec  1.310 ms  702/1166 (60%)  
[  5] 158.00-159.00 sec   568 KBytes  4.66 Mbits/sec  1.275 ms  680/1165 (58%)  
[  5] 159.00-160.00 sec   568 KBytes  4.65 Mbits/sec  1.366 ms  723/1208 (60%)  
[  5] 160.00-161.00 sec   568 KBytes  4.66 Mbits/sec  1.387 ms  706/1191 (59%)  
[  5] 161.00-162.00 sec   656 KBytes  5.38 Mbits/sec  1.385 ms  879/1439 (61%)  
[  5] 162.00-163.00 sec   568 KBytes  4.66 Mbits/sec  1.487 ms  751/1236 (61%)  
[  5] 163.00-164.00 sec   570 KBytes  4.67 Mbits/sec  1.503 ms  815/1301 (63%)  
[  5] 164.00-165.00 sec   568 KBytes  4.66 Mbits/sec  1.358 ms  805/1290 (62%)  
[  5] 165.00-166.00 sec   656 KBytes  5.38 Mbits/sec  1.541 ms  911/1471 (62%)  
[  5] 166.00-167.00 sec   564 KBytes  4.61 Mbits/sec  1.803 ms  872/1353 (64%)  
[  5] 167.00-168.00 sec   568 KBytes  4.66 Mbits/sec  1.352 ms  897/1382 (65%)  
[  5] 168.00-169.00 sec   456 KBytes  3.73 Mbits/sec  1.554 ms  621/1010 (61%)  
[  5] 169.00-170.00 sec   568 KBytes  4.66 Mbits/sec  1.413 ms  842/1327 (63%)  
[  5] 170.00-171.00 sec   577 KBytes  4.72 Mbits/sec  1.348 ms  760/1252 (61%)  
[  5] 171.00-172.00 sec   568 KBytes  4.66 Mbits/sec  1.428 ms  680/1165 (58%)  
[  5] 172.00-173.00 sec   488 KBytes  3.99 Mbits/sec  1.455 ms  728/1144 (64%)  
[  5] 173.00-174.00 sec   568 KBytes  4.66 Mbits/sec  1.379 ms  781/1266 (62%)  
[  5] 174.00-175.00 sec   568 KBytes  4.66 Mbits/sec  1.367 ms  708/1193 (59%)  
[  5] 175.00-176.00 sec   489 KBytes  4.00 Mbits/sec  1.431 ms  641/1058 (61%)  
[  5] 176.00-177.00 sec   489 KBytes  4.00 Mbits/sec  1.443 ms  736/1153 (64%)  
[  5] 177.00-178.00 sec   568 KBytes  4.66 Mbits/sec  1.256 ms  699/1184 (59%)  
