Connecting to host 172.22.0.50, port 5201
Reverse mode, remote host 172.22.0.50 is sending
[  5] local 192.168.100.2 port 49919 connected to 172.22.0.50 port 5201
[ ID] Interval           Transfer     Bitrate         Jitter    Lost/Total Datagrams
[  5]   0.00-1.00   sec   470 KBytes  3.85 Mbits/sec  1.609 ms  0/401 (0%)  
[  5]   1.00-2.00   sec   553 KBytes  4.53 Mbits/sec  1.429 ms  0/472 (0%)  
[  5]   2.00-3.00   sec   532 KBytes  4.36 Mbits/sec  1.617 ms  0/454 (0%)  
[  5]   3.00-4.00   sec   541 KBytes  4.44 Mbits/sec  1.461 ms  0/462 (0%)  
[  5]   4.00-5.00   sec   518 KBytes  4.24 Mbits/sec  1.782 ms  0/442 (0%)  
[  5]   5.00-6.00   sec   502 KBytes  4.11 Mbits/sec  1.668 ms  0/428 (0%)  
[  5]   6.00-7.00   sec   540 KBytes  4.42 Mbits/sec  1.938 ms  0/461 (0%)  
[  5]   7.00-8.00   sec   504 KBytes  4.13 Mbits/sec  1.409 ms  0/430 (0%)  
[  5]   8.00-9.00   sec   533 KBytes  4.37 Mbits/sec  1.371 ms  0/455 (0%)  
[  5]   9.00-10.00  sec   546 KBytes  4.47 Mbits/sec  1.491 ms  0/466 (0%)  
[  5]  10.00-11.00  sec   546 KBytes  4.47 Mbits/sec  1.458 ms  0/466 (0%)  
[  5]  11.00-12.00  sec   525 KBytes  4.30 Mbits/sec  1.711 ms  0/448 (0%)  
[  5]  12.00-13.00  sec   462 KBytes  3.78 Mbits/sec  2.638 ms  0/394 (0%)  
[  5]  13.00-14.00  sec   502 KBytes  4.11 Mbits/sec  1.688 ms  0/428 (0%)  
[  5]  14.00-15.00  sec   561 KBytes  4.60 Mbits/sec  1.559 ms  0/479 (0%)  
[  5]  15.00-16.00  sec   554 KBytes  4.54 Mbits/sec  1.430 ms  0/473 (0%)  
[  5]  16.00-17.00  sec   544 KBytes  4.45 Mbits/sec  1.533 ms  0/464 (0%)  
[  5]  17.00-18.00  sec   525 KBytes  4.30 Mbits/sec  1.345 ms  0/448 (0%)  
[  5]  18.00-19.00  sec   551 KBytes  4.51 Mbits/sec  1.499 ms  0/470 (0%)  
[  5]  19.00-20.00  sec   551 KBytes  4.50 Mbits/sec  1.604 ms  0/470 (0%)  
[  5]  20.00-21.00  sec   491 KBytes  4.03 Mbits/sec  2.011 ms  0/419 (0%)  
[  5]  21.00-22.00  sec   519 KBytes  4.25 Mbits/sec  1.796 ms  0/443 (0%)  
[  5]  22.00-23.00  sec   520 KBytes  4.26 Mbits/sec  1.607 ms  0/444 (0%)  
[  5]  23.00-24.00  sec   536 KBytes  4.39 Mbits/sec  1.650 ms  0/457 (0%)  
[  5]  24.00-25.00  sec   526 KBytes  4.31 Mbits/sec  1.469 ms  0/449 (0%)  
[  5]  25.00-26.00  sec   519 KBytes  4.25 Mbits/sec  1.654 ms  0/443 (0%)  
[  5]  26.00-27.00  sec   498 KBytes  4.08 Mbits/sec  1.757 ms  0/425 (0%)  
[  5]  27.00-28.00  sec   503 KBytes  4.12 Mbits/sec  1.411 ms  0/429 (0%)  
[  5]  28.00-29.00  sec   410 KBytes  3.36 Mbits/sec  1.460 ms  393/743 (53%)  
[  5]  29.00-30.00  sec   586 KBytes  4.80 Mbits/sec  1.520 ms  863/1363 (63%)  
[  5]  30.00-31.00  sec   502 KBytes  4.11 Mbits/sec  1.660 ms  862/1290 (67%)  
[  5]  31.00-32.00  sec   579 KBytes  4.74 Mbits/sec  1.468 ms  1023/1517 (67%)  
[  5]  32.00-33.00  sec   502 KBytes  4.11 Mbits/sec  1.463 ms  692/1120 (62%)  
[  5]  33.00-34.00  sec   579 KBytes  4.74 Mbits/sec  1.452 ms  807/1301 (62%)  
[  5]  34.00-35.00  sec   509 KBytes  4.16 Mbits/sec  1.513 ms  738/1172 (63%)  
[  5]  35.00-36.00  sec   502 KBytes  4.11 Mbits/sec  1.545 ms  760/1188 (64%)  
[  5]  36.00-37.00  sec   507 KBytes  4.16 Mbits/sec  1.847 ms  733/1166 (63%)  
[  5]  37.00-38.00  sec   580 KBytes  4.75 Mbits/sec  1.786 ms  807/1302 (62%)  
[  5]  38.00-39.00  sec   500 KBytes  4.10 Mbits/sec  1.839 ms  813/1240 (66%)  
[  5]  39.00-40.00  sec   580 KBytes  4.75 Mbits/sec  1.599 ms  913/1408 (65%)  
[  5]  40.00-41.00  sec   507 KBytes  4.16 Mbits/sec  1.942 ms  801/1234 (65%)  
[  5]  41.00-42.00  sec   547 KBytes  4.48 Mbits/sec  4.200 ms  813/1280 (64%)  
[  5]  42.00-43.00  sec   484 KBytes  3.96 Mbits/sec  1.535 ms  732/1145 (64%)  
[  5]  43.00-44.00  sec   507 KBytes  4.16 Mbits/sec  1.510 ms  781/1214 (64%)  
[  5]  44.00-45.00  sec   500 KBytes  4.10 Mbits/sec  1.867 ms  802/1229 (65%)  
[  5]  45.00-46.00  sec   430 KBytes  3.52 Mbits/sec  1.613 ms  750/1117 (67%)  
[  5]  46.00-47.00  sec   507 KBytes  4.16 Mbits/sec  1.480 ms  766/1199 (64%)  
[  5]  47.00-48.00  sec   580 KBytes  4.75 Mbits/sec  1.515 ms  860/1355 (63%)  
[  5]  48.00-49.00  sec   500 KBytes  4.10 Mbits/sec  1.617 ms  715/1142 (63%)  
[  5]  49.00-50.00  sec   502 KBytes  4.11 Mbits/sec  1.455 ms  704/1132 (62%)  
[  5]  50.00-51.00  sec   586 KBytes  4.80 Mbits/sec  1.547 ms  855/1355 (63%)  
[  5]  51.00-52.00  sec   502 KBytes  4.11 Mbits/sec  1.894 ms  714/1142 (63%)  
[  5]  52.00-53.00  sec   507 KBytes  4.16 Mbits/sec  1.590 ms  703/1136 (62%)  
[  5]  53.00-54.00  sec   530 KBytes  4.34 Mbits/sec  1.500 ms  856/1308 (65%)  
[  5]  54.00-55.00  sec   579 KBytes  4.74 Mbits/sec  1.480 ms  949/1443 (66%)  
[  5]  55.00-56.00  sec   502 KBytes  4.11 Mbits/sec  1.512 ms  769/1197 (64%)  
[  5]  56.00-57.00  sec   580 KBytes  4.75 Mbits/sec  1.375 ms  876/1371 (64%)  
[  5]  57.00-58.00  sec   500 KBytes  4.10 Mbits/sec  1.567 ms  722/1149 (63%)  
[  5]  58.00-59.00  sec   580 KBytes  4.75 Mbits/sec  1.530 ms  820/1315 (62%)  
[  5]  59.00-60.00  sec   507 KBytes  4.16 Mbits/sec  1.454 ms  732/1165 (63%)  
[  5]  60.00-61.00  sec   580 KBytes  4.75 Mbits/sec  1.571 ms  961/1456 (66%)  
[  5]  61.00-62.00  sec   429 KBytes  3.51 Mbits/sec  1.678 ms  734/1100 (67%)  
[  5]  62.00-63.00  sec   500 KBytes  4.10 Mbits/sec  1.923 ms  838/1265 (66%)  
[  5]  63.00-64.00  sec   458 KBytes  3.75 Mbits/sec  1.690 ms  796/1187 (67%)  
[  5]  64.00-65.00  sec   480 KBytes  3.94 Mbits/sec  1.892 ms  851/1261 (67%)  
[  5]  65.00-66.00  sec   450 KBytes  3.68 Mbits/sec  1.564 ms  667/1051 (63%)  
[  5]  66.00-67.00  sec   429 KBytes  3.51 Mbits/sec  1.613 ms  664/1030 (64%)  
[  5]  67.00-68.00  sec   430 KBytes  3.52 Mbits/sec  2.030 ms  641/1008 (64%)  
[  5]  68.00-69.00  sec   451 KBytes  3.70 Mbits/sec  1.691 ms  663/1048 (63%)  
[  5]  69.00-70.00  sec   579 KBytes  4.74 Mbits/sec  1.550 ms  874/1368 (64%)  
[  5]  70.00-71.00  sec   509 KBytes  4.17 Mbits/sec  1.683 ms  791/1225 (65%)  
[  5]  71.00-72.00  sec   500 KBytes  4.10 Mbits/sec  1.653 ms  774/1201 (64%)  
[  5]  72.00-73.00  sec   579 KBytes  4.74 Mbits/sec  1.522 ms  861/1355 (64%)  
[  5]  73.00-74.00  sec   509 KBytes  4.17 Mbits/sec  1.478 ms  736/1170 (63%)  
[  5]  74.00-75.00  sec   580 KBytes  4.75 Mbits/sec  1.544 ms  849/1344 (63%)  
[  5]  75.00-76.00  sec   500 KBytes  4.10 Mbits/sec  1.507 ms  716/1143 (63%)  
[  5]  76.00-77.00  sec   509 KBytes  4.17 Mbits/sec  1.442 ms  759/1193 (64%)  
[  5]  77.00-78.00  sec   500 KBytes  4.10 Mbits/sec  1.582 ms  705/1132 (62%)  
[  5]  78.00-79.00  sec   580 KBytes  4.75 Mbits/sec  1.456 ms  879/1374 (64%)  
[  5]  79.00-80.00  sec   507 KBytes  4.16 Mbits/sec  1.488 ms  747/1180 (63%)  
[  5]  80.00-81.00  sec   580 KBytes  4.75 Mbits/sec  1.505 ms  985/1480 (67%)  
[  5]  81.00-82.00  sec   502 KBytes  4.11 Mbits/sec  1.657 ms  889/1317 (68%)  
[  5]  82.00-83.00  sec   457 KBytes  3.74 Mbits/sec  1.603 ms  821/1211 (68%)  
[  5]  83.00-84.00  sec   422 KBytes  3.46 Mbits/sec  1.859 ms  781/1141 (68%)  
[  5]  84.00-85.00  sec   509 KBytes  4.16 Mbits/sec  1.541 ms  1020/1454 (70%)  
[  5]  85.00-86.00  sec   429 KBytes  3.52 Mbits/sec  1.780 ms  903/1269 (71%)  
[  5]  86.00-87.00  sec   502 KBytes  4.10 Mbits/sec  1.729 ms  978/1406 (70%)  
[  5]  87.00-88.00  sec   507 KBytes  4.16 Mbits/sec  1.487 ms  851/1284 (66%)  
[  5]  88.00-89.00  sec   502 KBytes  4.11 Mbits/sec  1.515 ms  750/1178 (64%)  
[  5]  89.00-90.00  sec   579 KBytes  4.74 Mbits/sec  1.530 ms  877/1371 (64%)  
[  5]  90.00-91.00  sec   509 KBytes  4.16 Mbits/sec  1.467 ms  734/1168 (63%)  
[  5]  91.00-92.00  sec   579 KBytes  4.74 Mbits/sec  1.526 ms  866/1360 (64%)  
[  5]  92.00-93.00  sec   429 KBytes  3.51 Mbits/sec  1.822 ms  608/974 (62%)  
[  5]  93.00-94.00  sec   581 KBytes  4.76 Mbits/sec  1.782 ms  817/1313 (62%)  
[  5]  94.00-95.00  sec   529 KBytes  4.33 Mbits/sec  1.445 ms  773/1224 (63%)  
[  5]  95.00-96.00  sec   580 KBytes  4.75 Mbits/sec  1.495 ms  961/1456 (66%)  
[  5]  96.00-97.00  sec   479 KBytes  3.93 Mbits/sec  1.848 ms  746/1155 (65%)  
[  5]  97.00-98.00  sec   579 KBytes  4.75 Mbits/sec  1.848 ms  849/1343 (63%)  
[  5]  98.00-99.00  sec   530 KBytes  4.34 Mbits/sec  1.489 ms  746/1198 (62%)  
[  5]  99.00-100.00 sec   580 KBytes  4.75 Mbits/sec  1.605 ms  860/1355 (63%)  
[  5] 100.00-101.00 sec   502 KBytes  4.11 Mbits/sec  1.588 ms  888/1316 (67%)  
[  5] 101.00-102.00 sec   579 KBytes  4.74 Mbits/sec  1.779 ms  1199/1693 (71%)  
[  5] 102.00-103.00 sec   429 KBytes  3.51 Mbits/sec  1.701 ms  719/1085 (66%)  
[  5] 103.00-104.00 sec   430 KBytes  3.52 Mbits/sec  1.629 ms  808/1175 (69%)  
[  5] 104.00-105.00 sec   465 KBytes  3.81 Mbits/sec  4.085 ms  841/1238 (68%)  
[  5] 105.00-106.00 sec   565 KBytes  4.63 Mbits/sec  1.602 ms  903/1385 (65%)  
[  5] 106.00-107.00 sec   429 KBytes  3.51 Mbits/sec  1.536 ms  630/996 (63%)  
[  5] 107.00-108.00 sec   509 KBytes  4.17 Mbits/sec  1.461 ms  741/1175 (63%)  
[  5] 108.00-109.00 sec   500 KBytes  4.10 Mbits/sec  1.500 ms  712/1139 (63%)  
[  5] 109.00-110.00 sec   580 KBytes  4.75 Mbits/sec  1.495 ms  867/1362 (64%)  
[  5] 110.00-111.00 sec   507 KBytes  4.16 Mbits/sec  1.694 ms  837/1270 (66%)  
[  5] 111.00-112.00 sec   580 KBytes  4.75 Mbits/sec  1.440 ms  902/1397 (65%)  
[  5] 112.00-113.00 sec   500 KBytes  4.10 Mbits/sec  1.537 ms  734/1161 (63%)  
[  5] 113.00-114.00 sec   580 KBytes  4.74 Mbits/sec  1.507 ms  857/1352 (63%)  
[  5] 114.00-115.00 sec   429 KBytes  3.52 Mbits/sec  1.483 ms  618/984 (63%)  
[  5] 115.00-116.00 sec   580 KBytes  4.75 Mbits/sec  1.476 ms  829/1324 (63%)  
[  5] 116.00-117.00 sec   507 KBytes  4.16 Mbits/sec  1.486 ms  744/1177 (63%)  
[  5] 117.00-118.00 sec   502 KBytes  4.10 Mbits/sec  1.603 ms  701/1129 (62%)  
[  5] 118.00-119.00 sec   507 KBytes  4.16 Mbits/sec  1.958 ms  717/1150 (62%)  
[  5] 119.00-120.00 sec   580 KBytes  4.75 Mbits/sec  1.565 ms  847/1342 (63%)  
[  5] 120.00-121.00 sec   500 KBytes  4.10 Mbits/sec  1.948 ms  800/1227 (65%)  
[  5] 121.00-122.00 sec   580 KBytes  4.75 Mbits/sec  1.750 ms  1152/1647 (70%)  
[  5] 122.00-123.00 sec   455 KBytes  3.73 Mbits/sec  6.569 ms  888/1276 (70%)  
[  5] 123.00-124.00 sec   504 KBytes  4.13 Mbits/sec  1.554 ms  786/1216 (65%)  
[  5] 124.00-125.00 sec   500 KBytes  4.10 Mbits/sec  1.586 ms  833/1260 (66%)  
[  5] 125.00-126.00 sec   509 KBytes  4.17 Mbits/sec  1.528 ms  859/1293 (66%)  
[  5] 126.00-127.00 sec   500 KBytes  4.10 Mbits/sec  1.547 ms  836/1263 (66%)  
[  5] 127.00-128.00 sec   509 KBytes  4.17 Mbits/sec  1.502 ms  732/1166 (63%)  
[  5] 128.00-129.00 sec   502 KBytes  4.11 Mbits/sec  1.439 ms  709/1137 (62%)  
[  5] 129.00-130.00 sec   429 KBytes  3.51 Mbits/sec  1.538 ms  624/990 (63%)  
[  5] 130.00-131.00 sec   507 KBytes  4.16 Mbits/sec  1.848 ms  739/1172 (63%)  
[  5] 131.00-132.00 sec   530 KBytes  4.34 Mbits/sec  1.521 ms  787/1239 (64%)  
[  5] 132.00-133.00 sec   502 KBytes  4.11 Mbits/sec  1.475 ms  770/1198 (64%)  
[  5] 133.00-134.00 sec   579 KBytes  4.74 Mbits/sec  1.528 ms  993/1487 (67%)  
[  5] 134.00-135.00 sec   509 KBytes  4.17 Mbits/sec  1.513 ms  745/1179 (63%)  
[  5] 135.00-136.00 sec   500 KBytes  4.10 Mbits/sec  1.499 ms  744/1171 (64%)  
[  5] 136.00-137.00 sec   580 KBytes  4.75 Mbits/sec  1.510 ms  908/1403 (65%)  
[  5] 137.00-138.00 sec   429 KBytes  3.52 Mbits/sec  1.591 ms  670/1036 (65%)  
[  5] 138.00-139.00 sec   500 KBytes  4.10 Mbits/sec  1.492 ms  738/1165 (63%)  
[  5] 139.00-140.00 sec   580 KBytes  4.75 Mbits/sec  1.572 ms  834/1329 (63%)  
[  5] 140.00-141.00 sec   509 KBytes  4.17 Mbits/sec  1.546 ms  765/1199 (64%)  
[  5] 141.00-142.00 sec   579 KBytes  4.74 Mbits/sec  1.495 ms  957/1451 (66%)  
[  5] 142.00-143.00 sec   502 KBytes  4.11 Mbits/sec  1.653 ms  830/1258 (66%)  
[  5] 143.00-144.00 sec   507 KBytes  4.16 Mbits/sec  1.876 ms  821/1254 (65%)  
[  5] 144.00-145.00 sec   580 KBytes  4.75 Mbits/sec  1.997 ms  973/1468 (66%)  
[  5] 145.00-146.00 sec   529 KBytes  4.33 Mbits/sec  1.684 ms  882/1333 (66%)  
[  5] 146.00-147.00 sec   502 KBytes  4.11 Mbits/sec  1.691 ms  876/1304 (67%)  
[  5] 147.00-148.00 sec   430 KBytes  3.52 Mbits/sec  1.641 ms  687/1054 (65%)  
[  5] 148.00-149.00 sec   507 KBytes  4.16 Mbits/sec  1.556 ms  944/1377 (69%)  
[  5] 149.00-150.00 sec   500 KBytes  4.10 Mbits/sec  1.716 ms  874/1301 (67%)  
[  5] 150.00-151.00 sec   509 KBytes  4.17 Mbits/sec  1.588 ms  740/1174 (63%)  
[  5] 151.00-152.00 sec   429 KBytes  3.51 Mbits/sec  1.577 ms  661/1027 (64%)  
[  5] 152.00-153.00 sec   451 KBytes  3.70 Mbits/sec  1.524 ms  648/1033 (63%)  
[  5] 153.00-154.00 sec   500 KBytes  4.10 Mbits/sec  1.557 ms  752/1179 (64%)  
[  5] 154.00-155.00 sec   509 KBytes  4.17 Mbits/sec  1.445 ms  753/1187 (63%)  
[  5] 155.00-156.00 sec   500 KBytes  4.10 Mbits/sec  1.760 ms  773/1200 (64%)  
[  5] 156.00-157.00 sec   580 KBytes  4.75 Mbits/sec  1.726 ms  987/1482 (67%)  
[  5] 157.00-158.00 sec   507 KBytes  4.16 Mbits/sec  1.559 ms  822/1255 (65%)  
[  5] 158.00-159.00 sec   502 KBytes  4.11 Mbits/sec  1.525 ms  714/1142 (63%)  
[  5] 159.00-160.00 sec   507 KBytes  4.15 Mbits/sec  1.522 ms  727/1160 (63%)  
[  5] 160.00-161.00 sec   530 KBytes  4.34 Mbits/sec  1.475 ms  753/1205 (62%)  
[  5] 161.00-162.00 sec   580 KBytes  4.75 Mbits/sec  1.454 ms  882/1377 (64%)  
[  5] 162.00-163.00 sec   479 KBytes  3.93 Mbits/sec  1.884 ms  739/1148 (64%)  
[  5] 163.00-164.00 sec   529 KBytes  4.33 Mbits/sec  1.517 ms  749/1200 (62%)  
[  5] 164.00-165.00 sec   581 KBytes  4.76 Mbits/sec  1.587 ms  860/1356 (63%)  
[  5] 165.00-166.00 sec   500 KBytes  4.10 Mbits/sec  1.561 ms  880/1307 (67%)  
[  5] 166.00-167.00 sec   507 KBytes  4.16 Mbits/sec  1.634 ms  958/1391 (69%)  
[  5] 167.00-168.00 sec   502 KBytes  4.11 Mbits/sec  1.525 ms  839/1267 (66%)  
[  5] 168.00-169.00 sec   507 KBytes  4.15 Mbits/sec  1.685 ms  838/1271 (66%)  
[  5] 169.00-170.00 sec   502 KBytes  4.11 Mbits/sec  1.530 ms  824/1252 (66%)  
[  5] 170.00-171.00 sec   507 KBytes  4.16 Mbits/sec  1.597 ms  934/1367 (68%)  
[  5] 171.00-172.00 sec   500 KBytes  4.10 Mbits/sec  1.758 ms  969/1396 (69%)  
[  5] 172.00-173.00 sec   502 KBytes  4.11 Mbits/sec  1.688 ms  818/1246 (66%)  
[  5] 173.00-174.00 sec   458 KBytes  3.75 Mbits/sec  1.478 ms  741/1132 (65%)  
[  5] 174.00-175.00 sec   479 KBytes  3.93 Mbits/sec  1.873 ms  716/1125 (64%)  
[  5] 175.00-176.00 sec   530 KBytes  4.33 Mbits/sec  1.494 ms  755/1207 (63%)  
[  5] 176.00-177.00 sec   500 KBytes  4.10 Mbits/sec  1.509 ms  739/1166 (63%)  
[  5] 177.00-178.00 sec   430 KBytes  3.52 Mbits/sec  1.821 ms  708/1075 (66%)  
[  5] 178.00-179.00 sec   507 KBytes  4.16 Mbits/sec  1.584 ms  941/1374 (68%)  
[  5] 179.00-180.00 sec   500 KBytes  4.10 Mbits/sec  1.579 ms  740/1167 (63%)  
