Connecting to host 172.22.0.50, port 5202
Reverse mode, remote host 172.22.0.50 is sending
[  5] local 192.168.102.2 port 39197 connected to 172.22.0.50 port 5202
[ ID] Interval           Transfer     Bitrate         Jitter    Lost/Total Datagrams
[  5]   0.00-1.00   sec   420 KBytes  3.44 Mbits/sec  0.290 ms  0/4298 (0%)  
[  5]   1.00-2.00   sec   456 KBytes  3.74 Mbits/sec  0.319 ms  0/4674 (0%)  
[  5]   2.00-3.00   sec   416 KBytes  3.40 Mbits/sec  0.463 ms  0/4256 (0%)  
[  5]   3.00-4.00   sec   417 KBytes  3.42 Mbits/sec  0.364 ms  0/4268 (0%)  
[  5]   4.00-5.00   sec   400 KBytes  3.27 Mbits/sec  0.332 ms  0/4095 (0%)  
[  5]   5.00-6.00   sec   408 KBytes  3.34 Mbits/sec  0.385 ms  0/4179 (0%)  
[  5]   6.00-7.00   sec   391 KBytes  3.20 Mbits/sec  0.421 ms  0/4002 (0%)  
[  5]   7.00-8.00   sec   376 KBytes  3.08 Mbits/sec  0.251 ms  0/3848 (0%)  
[  5]   8.00-9.00   sec   408 KBytes  3.34 Mbits/sec  0.414 ms  0/4173 (0%)  
[  5]   9.00-10.00  sec   379 KBytes  3.10 Mbits/sec  0.326 ms  0/3876 (0%)  
[  5]  10.00-11.00  sec   400 KBytes  3.28 Mbits/sec  0.303 ms  0/4101 (0%)  
[  5]  11.00-12.00  sec   411 KBytes  3.36 Mbits/sec  0.414 ms  0/4205 (0%)  
[  5]  12.00-13.00  sec   412 KBytes  3.37 Mbits/sec  0.437 ms  0/4218 (0%)  
[  5]  13.00-14.00  sec   396 KBytes  3.24 Mbits/sec  0.357 ms  0/4051 (0%)  
[  5]  14.00-15.00  sec   350 KBytes  2.87 Mbits/sec  0.584 ms  0/3585 (0%)  
[  5]  15.00-16.00  sec   374 KBytes  3.07 Mbits/sec  0.325 ms  0/3832 (0%)  
[  5]  16.00-17.00  sec   421 KBytes  3.45 Mbits/sec  0.311 ms  0/4314 (0%)  
[  5]  17.00-18.00  sec   417 KBytes  3.42 Mbits/sec  0.299 ms  0/4275 (0%)  
[  5]  18.00-19.00  sec   410 KBytes  3.36 Mbits/sec  0.270 ms  0/4203 (0%)  
[  5]  19.00-20.00  sec   394 KBytes  3.23 Mbits/sec  0.304 ms  0/4036 (0%)  
[  5]  20.00-21.00  sec   414 KBytes  3.39 Mbits/sec  0.314 ms  0/4235 (0%)  
[  5]  21.00-22.00  sec   414 KBytes  3.39 Mbits/sec  0.363 ms  0/4242 (0%)  
[  5]  22.00-23.00  sec   371 KBytes  3.04 Mbits/sec  0.398 ms  0/3796 (0%)  
[  5]  23.00-24.00  sec   394 KBytes  3.22 Mbits/sec  0.343 ms  0/4030 (0%)  
[  5]  24.00-25.00  sec   388 KBytes  3.18 Mbits/sec  0.335 ms  0/3975 (0%)  
[  5]  25.00-26.00  sec   403 KBytes  3.30 Mbits/sec  0.352 ms  0/4128 (0%)  
[  5]  26.00-27.00  sec   396 KBytes  3.25 Mbits/sec  0.310 ms  0/4056 (0%)  
[  5]  27.00-28.00  sec   391 KBytes  3.20 Mbits/sec  0.403 ms  0/4002 (0%)  
[  5]  28.00-29.00  sec   375 KBytes  3.08 Mbits/sec  0.362 ms  0/3841 (0%)  
[  5]  29.00-30.00  sec   379 KBytes  3.10 Mbits/sec  0.309 ms  0/3876 (0%)  
[  5]  30.00-31.00  sec   397 KBytes  3.25 Mbits/sec  0.292 ms  0/4063 (0%)  
[  5]  31.00-32.00  sec   406 KBytes  3.32 Mbits/sec  0.397 ms  0/4155 (0%)  
[  5]  32.00-33.00  sec   410 KBytes  3.36 Mbits/sec  0.312 ms  0/4199 (0%)  
[  5]  33.00-34.00  sec   418 KBytes  3.43 Mbits/sec  0.333 ms  0/4284 (0%)  
[  5]  34.00-35.00  sec   406 KBytes  3.32 Mbits/sec  0.399 ms  0/4156 (0%)  
[  5]  35.00-36.00  sec   419 KBytes  3.43 Mbits/sec  0.403 ms  0/4286 (0%)  
[  5]  36.00-37.00  sec   405 KBytes  3.31 Mbits/sec  0.331 ms  0/4149 (0%)  
[  5]  37.00-38.00  sec   357 KBytes  2.93 Mbits/sec  0.310 ms  0/3660 (0%)  
[  5]  38.00-39.00  sec   400 KBytes  3.28 Mbits/sec  0.339 ms  0/4094 (0%)  
[  5]  39.00-40.00  sec   388 KBytes  3.18 Mbits/sec  0.506 ms  0/3976 (0%)  
[  5]  40.00-41.00  sec   406 KBytes  3.33 Mbits/sec  0.328 ms  0/4154 (0%)  
[  5]  41.00-42.00  sec   412 KBytes  3.37 Mbits/sec  0.323 ms  0/4220 (0%)  
[  5]  42.00-43.00  sec   412 KBytes  3.38 Mbits/sec  0.307 ms  0/4220 (0%)  
[  5]  43.00-44.00  sec   402 KBytes  3.30 Mbits/sec  0.314 ms  0/4119 (0%)  
[  5]  44.00-45.00  sec   363 KBytes  2.97 Mbits/sec  0.371 ms  0/3714 (0%)  
[  5]  45.00-46.00  sec   379 KBytes  3.10 Mbits/sec  0.376 ms  0/3876 (0%)  
[  5]  46.00-47.00  sec   356 KBytes  2.91 Mbits/sec  0.351 ms  0/3642 (0%)  
[  5]  47.00-48.00  sec   360 KBytes  2.95 Mbits/sec  0.310 ms  0/3687 (0%)  
[  5]  48.00-49.00  sec   385 KBytes  3.15 Mbits/sec  0.317 ms  0/3943 (0%)  
[  5]  49.00-50.00  sec   397 KBytes  3.25 Mbits/sec  0.423 ms  0/4067 (0%)  
[  5]  50.00-51.00  sec   398 KBytes  3.27 Mbits/sec  0.467 ms  0/4078 (0%)  
[  5]  51.00-52.00  sec   403 KBytes  3.30 Mbits/sec  0.392 ms  0/4123 (0%)  
[  5]  52.00-53.00  sec   397 KBytes  3.25 Mbits/sec  0.404 ms  0/4062 (0%)  
[  5]  53.00-54.00  sec   393 KBytes  3.22 Mbits/sec  0.393 ms  0/4024 (0%)  
[  5]  54.00-55.00  sec   392 KBytes  3.21 Mbits/sec  0.555 ms  0/4015 (0%)  
[  5]  55.00-56.00  sec   402 KBytes  3.29 Mbits/sec  0.341 ms  0/4116 (0%)  
[  5]  56.00-57.00  sec   410 KBytes  3.36 Mbits/sec  0.337 ms  0/4198 (0%)  
[  5]  57.00-58.00  sec   406 KBytes  3.32 Mbits/sec  0.315 ms  0/4155 (0%)  
[  5]  58.00-59.00  sec   411 KBytes  3.37 Mbits/sec  0.340 ms  0/4208 (0%)  
[  5]  59.00-60.00  sec   402 KBytes  3.29 Mbits/sec  0.296 ms  0/4118 (0%)  
[  5]  60.00-61.00  sec   412 KBytes  3.37 Mbits/sec  0.366 ms  0/4215 (0%)  
[  5]  61.00-62.00  sec   395 KBytes  3.24 Mbits/sec  0.289 ms  0/4046 (0%)  
[  5]  62.00-63.00  sec   406 KBytes  3.33 Mbits/sec  0.347 ms  0/4161 (0%)  
[  5]  63.00-64.00  sec   365 KBytes  2.99 Mbits/sec  0.333 ms  0/3735 (0%)  
[  5]  64.00-65.00  sec   356 KBytes  2.91 Mbits/sec  0.329 ms  0/3642 (0%)  
[  5]  65.00-66.00  sec   356 KBytes  2.92 Mbits/sec  0.330 ms  0/3650 (0%)  
[  5]  66.00-67.00  sec   349 KBytes  2.86 Mbits/sec  0.295 ms  0/3571 (0%)  
[  5]  67.00-68.00  sec   327 KBytes  2.68 Mbits/sec  0.389 ms  0/3345 (0%)  
[  5]  68.00-69.00  sec   324 KBytes  2.65 Mbits/sec  0.294 ms  0/3316 (0%)  
[  5]  69.00-70.00  sec   327 KBytes  2.68 Mbits/sec  0.361 ms  0/3350 (0%)  
[  5]  70.00-71.00  sec   357 KBytes  2.92 Mbits/sec  0.345 ms  0/3653 (0%)  
[  5]  71.00-72.00  sec   401 KBytes  3.29 Mbits/sec  0.317 ms  0/4106 (0%)  
[  5]  72.00-73.00  sec   392 KBytes  3.21 Mbits/sec  0.410 ms  0/4012 (0%)  
[  5]  73.00-74.00  sec   412 KBytes  3.37 Mbits/sec  0.323 ms  0/4215 (0%)  
[  5]  74.00-75.00  sec   399 KBytes  3.27 Mbits/sec  0.298 ms  0/4084 (0%)  
[  5]  75.00-76.00  sec   415 KBytes  3.41 Mbits/sec  0.270 ms  0/4254 (0%)  
[  5]  76.00-77.00  sec   416 KBytes  3.40 Mbits/sec  0.347 ms  0/4257 (0%)  
[  5]  77.00-78.00  sec   409 KBytes  3.36 Mbits/sec  0.383 ms  0/4188 (0%)  
[  5]  78.00-79.00  sec   377 KBytes  3.09 Mbits/sec  0.349 ms  0/3861 (0%)  
[  5]  79.00-80.00  sec   383 KBytes  3.14 Mbits/sec  0.366 ms  0/3922 (0%)  
[  5]  80.00-81.00  sec   404 KBytes  3.31 Mbits/sec  0.440 ms  0/4132 (0%)  
[  5]  81.00-82.00  sec   413 KBytes  3.38 Mbits/sec  0.293 ms  0/4229 (0%)  
[  5]  82.00-83.00  sec   416 KBytes  3.41 Mbits/sec  0.375 ms  0/4265 (0%)  
[  5]  83.00-84.00  sec   365 KBytes  2.99 Mbits/sec  0.359 ms  0/3737 (0%)  
[  5]  84.00-85.00  sec   343 KBytes  2.81 Mbits/sec  0.312 ms  0/3511 (0%)  
[  5]  85.00-86.00  sec   329 KBytes  2.70 Mbits/sec  0.389 ms  0/3371 (0%)  
[  5]  86.00-87.00  sec   356 KBytes  2.92 Mbits/sec  0.367 ms  0/3644 (0%)  
[  5]  87.00-88.00  sec   346 KBytes  2.84 Mbits/sec  0.394 ms  0/3546 (0%)  
[  5]  88.00-89.00  sec   373 KBytes  3.05 Mbits/sec  0.294 ms  0/3816 (0%)  
[  5]  89.00-90.00  sec   389 KBytes  3.19 Mbits/sec  0.315 ms  0/3980 (0%)  
[  5]  90.00-91.00  sec   405 KBytes  3.32 Mbits/sec  0.302 ms  0/4151 (0%)  
[  5]  91.00-92.00  sec   414 KBytes  3.39 Mbits/sec  0.404 ms  0/4237 (0%)  
[  5]  92.00-93.00  sec   405 KBytes  3.31 Mbits/sec  0.262 ms  0/4143 (0%)  
[  5]  93.00-94.00  sec   396 KBytes  3.25 Mbits/sec  0.308 ms  0/4052 (0%)  
[  5]  94.00-95.00  sec   367 KBytes  3.02 Mbits/sec  0.333 ms  0/3762 (0%)  
[  5]  95.00-96.00  sec   402 KBytes  3.29 Mbits/sec  0.403 ms  0/4112 (0%)  
[  5]  96.00-97.00  sec   409 KBytes  3.35 Mbits/sec  0.287 ms  0/4186 (0%)  
[  5]  97.00-98.00  sec   401 KBytes  3.29 Mbits/sec  0.347 ms  0/4111 (0%)  
[  5]  98.00-99.00  sec   413 KBytes  3.39 Mbits/sec  0.324 ms  0/4233 (0%)  
[  5]  99.00-100.00 sec   411 KBytes  3.37 Mbits/sec  0.378 ms  0/4209 (0%)  
[  5] 100.00-101.00 sec   412 KBytes  3.37 Mbits/sec  0.394 ms  0/4215 (0%)  
[  5] 101.00-102.00 sec   419 KBytes  3.44 Mbits/sec  0.469 ms  0/4295 (0%)  
[  5] 102.00-103.00 sec   404 KBytes  3.31 Mbits/sec  0.351 ms  0/4134 (0%)  
[  5] 103.00-104.00 sec   400 KBytes  3.28 Mbits/sec  0.282 ms  0/4095 (0%)  
[  5] 104.00-105.00 sec   334 KBytes  2.74 Mbits/sec  0.386 ms  0/3425 (0%)  
[  5] 105.00-106.00 sec   328 KBytes  2.68 Mbits/sec  0.351 ms  0/3355 (0%)  
[  5] 106.00-107.00 sec   361 KBytes  2.96 Mbits/sec  0.471 ms  0/3698 (0%)  
[  5] 107.00-108.00 sec   384 KBytes  3.14 Mbits/sec  0.307 ms  0/3930 (0%)  
[  5] 108.00-109.00 sec   370 KBytes  3.03 Mbits/sec  0.418 ms  0/3786 (0%)  
[  5] 109.00-110.00 sec   372 KBytes  3.04 Mbits/sec  0.328 ms  0/3806 (0%)  
[  5] 110.00-111.00 sec   390 KBytes  3.20 Mbits/sec  0.277 ms  0/3997 (0%)  
[  5] 111.00-112.00 sec   409 KBytes  3.35 Mbits/sec  0.390 ms  0/4193 (0%)  
[  5] 112.00-113.00 sec   409 KBytes  3.35 Mbits/sec  0.453 ms  0/4188 (0%)  
[  5] 113.00-114.00 sec   411 KBytes  3.37 Mbits/sec  0.456 ms  0/4208 (0%)  
[  5] 114.00-115.00 sec   404 KBytes  3.31 Mbits/sec  0.322 ms  0/4133 (0%)  
[  5] 115.00-116.00 sec   396 KBytes  3.25 Mbits/sec  0.579 ms  0/4058 (0%)  
[  5] 116.00-117.00 sec   353 KBytes  2.89 Mbits/sec  0.318 ms  0/3616 (0%)  
[  5] 117.00-118.00 sec   412 KBytes  3.38 Mbits/sec  0.310 ms  0/4220 (0%)  
[  5] 118.00-119.00 sec   400 KBytes  3.28 Mbits/sec  0.391 ms  0/4096 (0%)  
[  5] 119.00-120.00 sec   387 KBytes  3.17 Mbits/sec  0.517 ms  0/3968 (0%)  
[  5] 120.00-121.00 sec   392 KBytes  3.21 Mbits/sec  0.305 ms  0/4019 (0%)  
[  5] 121.00-122.00 sec   399 KBytes  3.27 Mbits/sec  0.314 ms  0/4084 (0%)  
[  5] 122.00-123.00 sec   411 KBytes  3.37 Mbits/sec  0.344 ms  0/4210 (0%)  
[  5] 123.00-124.00 sec   403 KBytes  3.30 Mbits/sec  0.347 ms  0/4128 (0%)  
[  5] 124.00-125.00 sec   373 KBytes  3.05 Mbits/sec  0.382 ms  0/3816 (0%)  
[  5] 125.00-126.00 sec   380 KBytes  3.12 Mbits/sec  0.477 ms  0/3895 (0%)  
[  5] 126.00-127.00 sec   376 KBytes  3.08 Mbits/sec  0.348 ms  0/3854 (0%)  
[  5] 127.00-128.00 sec   378 KBytes  3.10 Mbits/sec  0.309 ms  0/3873 (0%)  
[  5] 128.00-129.00 sec   372 KBytes  3.04 Mbits/sec  0.307 ms  0/3806 (0%)  
[  5] 129.00-130.00 sec   365 KBytes  2.99 Mbits/sec  0.261 ms  0/3735 (0%)  
[  5] 130.00-131.00 sec   370 KBytes  3.03 Mbits/sec  0.462 ms  0/3786 (0%)  
[  5] 131.00-132.00 sec   376 KBytes  3.08 Mbits/sec  0.410 ms  0/3848 (0%)  
[  5] 132.00-133.00 sec   337 KBytes  2.76 Mbits/sec  0.384 ms  0/3453 (0%)  
[  5] 133.00-134.00 sec   387 KBytes  3.17 Mbits/sec  0.341 ms  0/3964 (0%)  
[  5] 134.00-135.00 sec   399 KBytes  3.27 Mbits/sec  0.434 ms  0/4086 (0%)  
[  5] 135.00-136.00 sec   407 KBytes  3.34 Mbits/sec  0.374 ms  0/4170 (0%)  
[  5] 136.00-137.00 sec   399 KBytes  3.27 Mbits/sec  0.337 ms  0/4084 (0%)  
[  5] 137.00-138.00 sec   405 KBytes  3.32 Mbits/sec  0.370 ms  0/4144 (0%)  
[  5] 138.00-139.00 sec   390 KBytes  3.20 Mbits/sec  0.357 ms  0/3997 (0%)  
[  5] 139.00-140.00 sec   370 KBytes  3.03 Mbits/sec  0.406 ms  0/3790 (0%)  
[  5] 140.00-141.00 sec   373 KBytes  3.06 Mbits/sec  0.303 ms  0/3822 (0%)  
[  5] 141.00-142.00 sec   411 KBytes  3.36 Mbits/sec  0.283 ms  0/4205 (0%)  
[  5] 142.00-143.00 sec   415 KBytes  3.40 Mbits/sec  0.262 ms  0/4247 (0%)  
[  5] 143.00-144.00 sec   413 KBytes  3.38 Mbits/sec  0.303 ms  0/4225 (0%)  
[  5] 144.00-145.00 sec   396 KBytes  3.24 Mbits/sec  0.343 ms  0/4052 (0%)  
[  5] 145.00-146.00 sec   393 KBytes  3.22 Mbits/sec  0.326 ms  0/4029 (0%)  
[  5] 146.00-147.00 sec   413 KBytes  3.39 Mbits/sec  0.342 ms  0/4232 (0%)  
[  5] 147.00-148.00 sec   402 KBytes  3.29 Mbits/sec  0.499 ms  0/4117 (0%)  
[  5] 148.00-149.00 sec   359 KBytes  2.94 Mbits/sec  0.487 ms  0/3676 (0%)  
[  5] 149.00-150.00 sec   344 KBytes  2.82 Mbits/sec  0.331 ms  0/3527 (0%)  
[  5] 150.00-151.00 sec   364 KBytes  2.99 Mbits/sec  0.315 ms  0/3732 (0%)  
[  5] 151.00-152.00 sec   381 KBytes  3.12 Mbits/sec  0.533 ms  0/3903 (0%)  
[  5] 152.00-153.00 sec   374 KBytes  3.06 Mbits/sec  0.460 ms  0/3828 (0%)  
[  5] 153.00-154.00 sec   365 KBytes  2.99 Mbits/sec  0.297 ms  0/3737 (0%)  
[  5] 154.00-155.00 sec   318 KBytes  2.60 Mbits/sec  0.283 ms  0/3256 (0%)  
[  5] 155.00-156.00 sec   371 KBytes  3.04 Mbits/sec  0.352 ms  0/3796 (0%)  
[  5] 156.00-157.00 sec   383 KBytes  3.14 Mbits/sec  0.358 ms  0/3926 (0%)  
[  5] 157.00-158.00 sec   397 KBytes  3.25 Mbits/sec  0.276 ms  0/4061 (0%)  
[  5] 158.00-159.00 sec   409 KBytes  3.35 Mbits/sec  0.382 ms  0/4193 (0%)  
[  5] 159.00-160.00 sec   403 KBytes  3.30 Mbits/sec  0.284 ms  0/4128 (0%)  
[  5] 160.00-161.00 sec   380 KBytes  3.11 Mbits/sec  0.273 ms  0/3888 (0%)  
[  5] 161.00-162.00 sec   345 KBytes  2.82 Mbits/sec  0.446 ms  0/3534 (0%)  
[  5] 162.00-163.00 sec   401 KBytes  3.29 Mbits/sec  0.369 ms  0/4106 (0%)  
[  5] 163.00-164.00 sec   413 KBytes  3.38 Mbits/sec  0.338 ms  0/4227 (0%)  
[  5] 164.00-165.00 sec   403 KBytes  3.30 Mbits/sec  0.348 ms  0/4126 (0%)  
[  5] 165.00-166.00 sec   400 KBytes  3.27 Mbits/sec  0.300 ms  0/4091 (0%)  
[  5] 166.00-167.00 sec   400 KBytes  3.28 Mbits/sec  0.339 ms  0/4099 (0%)  
[  5] 167.00-168.00 sec   410 KBytes  3.36 Mbits/sec  0.288 ms  0/4200 (0%)  
[  5] 168.00-169.00 sec   368 KBytes  3.01 Mbits/sec  0.425 ms  0/3769 (0%)  
[  5] 169.00-170.00 sec   377 KBytes  3.09 Mbits/sec  0.349 ms  0/3860 (0%)  
[  5] 170.00-171.00 sec   287 KBytes  2.35 Mbits/sec  1.489 ms  22/2960 (0.74%)  
[  5] 171.00-172.00 sec   402 KBytes  3.30 Mbits/sec  0.209 ms  983/5104 (19%)  
[  5] 172.00-173.00 sec   336 KBytes  2.75 Mbits/sec  0.208 ms  1160/4597 (25%)  
[  5] 173.00-174.00 sec   352 KBytes  2.88 Mbits/sec  0.202 ms  1622/5226 (31%)  
[  5] 174.00-175.00 sec   347 KBytes  2.84 Mbits/sec  0.243 ms  1158/4711 (25%)  
[  5] 175.00-176.00 sec   276 KBytes  2.26 Mbits/sec  0.211 ms  1009/3835 (26%)  
[  5] 176.00-177.00 sec   307 KBytes  2.52 Mbits/sec  0.246 ms  990/4135 (24%)  
[  5] 177.00-178.00 sec   364 KBytes  2.98 Mbits/sec  0.217 ms  813/4540 (18%)  
[  5] 178.00-179.00 sec   295 KBytes  2.42 Mbits/sec  0.218 ms  407/3428 (12%)  
[  5] 179.00-180.00 sec   341 KBytes  2.79 Mbits/sec  0.291 ms  1017/4505 (23%)  
[  5] 180.00-181.00 sec   367 KBytes  3.00 Mbits/sec  0.218 ms  1222/4978 (25%)  
[  5] 181.00-182.00 sec   295 KBytes  2.41 Mbits/sec  0.241 ms  836/3852 (22%)  
