Connecting to host 172.22.0.50, port 5201
Reverse mode, remote host 172.22.0.50 is sending
[  5] local 192.168.100.2 port 60161 connected to 172.22.0.50 port 5201
[ ID] Interval           Transfer     Bitrate         Jitter    Lost/Total Datagrams
[  5]   0.00-1.00   sec   342 KBytes  2.80 Mbits/sec  2.113 ms  0/292 (0%)  
[  5]   1.00-2.00   sec   457 KBytes  3.74 Mbits/sec  1.695 ms  0/390 (0%)  
[  5]   2.00-3.00   sec   464 KBytes  3.80 Mbits/sec  2.101 ms  0/396 (0%)  
[  5]   3.00-4.00   sec   480 KBytes  3.94 Mbits/sec  1.922 ms  0/410 (0%)  
[  5]   4.00-5.00   sec   477 KBytes  3.90 Mbits/sec  1.750 ms  0/407 (0%)  
[  5]   5.00-6.00   sec   473 KBytes  3.88 Mbits/sec  2.445 ms  0/404 (0%)  
[  5]   6.00-7.00   sec   436 KBytes  3.57 Mbits/sec  2.386 ms  0/372 (0%)  
[  5]   7.00-8.00   sec   402 KBytes  3.29 Mbits/sec  2.643 ms  0/343 (0%)  
[  5]   8.00-9.00   sec   444 KBytes  3.64 Mbits/sec  2.101 ms  0/379 (0%)  
[  5]   9.00-10.00  sec   484 KBytes  3.97 Mbits/sec  2.275 ms  0/413 (0%)  
[  5]  10.00-11.00  sec   486 KBytes  3.98 Mbits/sec  1.732 ms  0/415 (0%)  
[  5]  11.00-12.00  sec   479 KBytes  3.93 Mbits/sec  1.888 ms  0/409 (0%)  
[  5]  12.00-13.00  sec   429 KBytes  3.51 Mbits/sec  2.870 ms  0/366 (0%)  
[  5]  13.00-14.00  sec   410 KBytes  3.36 Mbits/sec  2.068 ms  0/350 (0%)  
[  5]  14.00-15.00  sec   449 KBytes  3.68 Mbits/sec  1.620 ms  0/383 (0%)  
[  5]  15.00-16.00  sec   486 KBytes  3.98 Mbits/sec  1.615 ms  0/415 (0%)  
[  5]  16.00-17.00  sec   499 KBytes  4.09 Mbits/sec  1.857 ms  0/426 (0%)  
[  5]  17.00-18.00  sec   478 KBytes  3.92 Mbits/sec  1.882 ms  0/408 (0%)  
[  5]  18.00-19.00  sec   472 KBytes  3.87 Mbits/sec  1.929 ms  0/403 (0%)  
[  5]  19.00-20.00  sec   471 KBytes  3.86 Mbits/sec  2.007 ms  0/402 (0%)  
[  5]  20.00-21.00  sec   462 KBytes  3.78 Mbits/sec  1.856 ms  0/394 (0%)  
[  5]  21.00-22.00  sec   445 KBytes  3.65 Mbits/sec  2.455 ms  0/380 (0%)  
[  5]  22.00-23.00  sec   489 KBytes  4.00 Mbits/sec  1.780 ms  0/417 (0%)  
[  5]  23.00-24.00  sec   458 KBytes  3.75 Mbits/sec  2.554 ms  0/391 (0%)  
[  5]  24.00-25.00  sec   439 KBytes  3.61 Mbits/sec  2.222 ms  0/375 (0%)  
[  5]  25.00-26.00  sec   456 KBytes  3.73 Mbits/sec  2.076 ms  0/389 (0%)  
[  5]  26.00-27.00  sec   443 KBytes  3.63 Mbits/sec  1.837 ms  0/378 (0%)  
[  5]  27.00-28.00  sec   466 KBytes  3.82 Mbits/sec  1.927 ms  0/398 (0%)  
[  5]  28.00-29.00  sec   416 KBytes  3.41 Mbits/sec  1.861 ms  0/355 (0%)  
[  5]  29.00-30.00  sec   417 KBytes  3.42 Mbits/sec  2.194 ms  0/356 (0%)  
[  5]  30.00-31.00  sec   379 KBytes  3.10 Mbits/sec  1.740 ms  619/942 (66%)  
[  5]  31.00-32.00  sec   506 KBytes  4.14 Mbits/sec  1.575 ms  872/1304 (67%)  
[  5]  32.00-33.00  sec   430 KBytes  3.53 Mbits/sec  1.639 ms  760/1127 (67%)  
[  5]  33.00-34.00  sec   498 KBytes  4.08 Mbits/sec  1.958 ms  1017/1442 (71%)  
[  5]  34.00-35.00  sec   429 KBytes  3.51 Mbits/sec  1.775 ms  959/1325 (72%)  
[  5]  35.00-36.00  sec   457 KBytes  3.74 Mbits/sec  1.558 ms  840/1230 (68%)  
[  5]  36.00-37.00  sec   428 KBytes  3.50 Mbits/sec  1.584 ms  728/1093 (67%)  
[  5]  37.00-38.00  sec   500 KBytes  4.10 Mbits/sec  1.770 ms  829/1256 (66%)  
[  5]  38.00-39.00  sec   436 KBytes  3.57 Mbits/sec  1.749 ms  770/1142 (67%)  
[  5]  39.00-40.00  sec   499 KBytes  4.09 Mbits/sec  1.672 ms  894/1320 (68%)  
[  5]  40.00-41.00  sec   429 KBytes  3.51 Mbits/sec  1.514 ms  770/1136 (68%)  
[  5]  41.00-42.00  sec   507 KBytes  4.15 Mbits/sec  2.084 ms  950/1383 (69%)  
[  5]  42.00-43.00  sec   379 KBytes  3.10 Mbits/sec  1.769 ms  727/1050 (69%)  
[  5]  43.00-44.00  sec   500 KBytes  4.09 Mbits/sec  1.749 ms  873/1300 (67%)  
[  5]  44.00-45.00  sec   428 KBytes  3.51 Mbits/sec  2.462 ms  781/1146 (68%)  
[  5]  45.00-46.00  sec   429 KBytes  3.51 Mbits/sec  1.601 ms  846/1212 (70%)  
[  5]  46.00-47.00  sec   457 KBytes  3.74 Mbits/sec  1.651 ms  878/1268 (69%)  
[  5]  47.00-48.00  sec   429 KBytes  3.51 Mbits/sec  1.642 ms  854/1220 (70%)  
[  5]  48.00-49.00  sec   428 KBytes  3.50 Mbits/sec  1.715 ms  768/1133 (68%)  
[  5]  49.00-50.00  sec   429 KBytes  3.52 Mbits/sec  2.104 ms  929/1295 (72%)  
[  5]  50.00-51.00  sec   499 KBytes  4.09 Mbits/sec  1.789 ms  931/1357 (69%)  
[  5]  51.00-52.00  sec   507 KBytes  4.16 Mbits/sec  1.688 ms  1017/1450 (70%)  
[  5]  52.00-53.00  sec   429 KBytes  3.51 Mbits/sec  1.965 ms  748/1114 (67%)  
[  5]  53.00-54.00  sec   529 KBytes  4.32 Mbits/sec  1.683 ms  923/1374 (67%)  
[  5]  54.00-55.00  sec   429 KBytes  3.52 Mbits/sec  1.560 ms  797/1163 (69%)  
[  5]  55.00-56.00  sec   428 KBytes  3.50 Mbits/sec  2.221 ms  904/1269 (71%)  
[  5]  56.00-57.00  sec   507 KBytes  4.16 Mbits/sec  1.639 ms  967/1400 (69%)  
[  5]  57.00-58.00  sec   428 KBytes  3.50 Mbits/sec  1.598 ms  767/1132 (68%)  
[  5]  58.00-59.00  sec   500 KBytes  4.10 Mbits/sec  1.693 ms  928/1355 (68%)  
[  5]  59.00-60.00  sec   429 KBytes  3.51 Mbits/sec  1.748 ms  750/1116 (67%)  
[  5]  60.00-61.00  sec   509 KBytes  4.17 Mbits/sec  1.932 ms  979/1413 (69%)  
[  5]  61.00-62.00  sec   377 KBytes  3.09 Mbits/sec  1.613 ms  625/947 (66%)  
[  5]  62.00-63.00  sec   500 KBytes  4.10 Mbits/sec  1.923 ms  899/1326 (68%)  
[  5]  63.00-64.00  sec   356 KBytes  2.92 Mbits/sec  1.823 ms  844/1148 (74%)  
[  5]  64.00-65.00  sec   429 KBytes  3.51 Mbits/sec  1.840 ms  832/1198 (69%)  
[  5]  65.00-66.00  sec   450 KBytes  3.69 Mbits/sec  1.832 ms  877/1261 (70%)  
[  5]  66.00-67.00  sec   429 KBytes  3.51 Mbits/sec  1.643 ms  871/1237 (70%)  
[  5]  67.00-68.00  sec   506 KBytes  4.15 Mbits/sec  1.609 ms  915/1347 (68%)  
[  5]  68.00-69.00  sec   429 KBytes  3.51 Mbits/sec  1.707 ms  850/1216 (70%)  
[  5]  69.00-70.00  sec   428 KBytes  3.50 Mbits/sec  2.208 ms  954/1319 (72%)  
[  5]  70.00-71.00  sec   450 KBytes  3.69 Mbits/sec  1.736 ms  806/1190 (68%)  
[  5]  71.00-72.00  sec   428 KBytes  3.50 Mbits/sec  1.551 ms  745/1110 (67%)  
[  5]  72.00-73.00  sec   429 KBytes  3.52 Mbits/sec  1.762 ms  762/1128 (68%)  
[  5]  73.00-74.00  sec   457 KBytes  3.75 Mbits/sec  1.738 ms  814/1204 (68%)  
[  5]  74.00-75.00  sec   428 KBytes  3.50 Mbits/sec  1.777 ms  800/1165 (69%)  
[  5]  75.00-76.00  sec   429 KBytes  3.51 Mbits/sec  1.572 ms  774/1140 (68%)  
[  5]  76.00-77.00  sec   499 KBytes  4.09 Mbits/sec  1.662 ms  894/1320 (68%)  
[  5]  77.00-78.00  sec   429 KBytes  3.51 Mbits/sec  1.836 ms  794/1160 (68%)  
[  5]  78.00-79.00  sec   457 KBytes  3.75 Mbits/sec  1.590 ms  913/1303 (70%)  
[  5]  79.00-80.00  sec   429 KBytes  3.51 Mbits/sec  1.543 ms  743/1109 (67%)  
[  5]  80.00-81.00  sec   506 KBytes  4.14 Mbits/sec  1.570 ms  920/1352 (68%)  
[  5]  81.00-82.00  sec   428 KBytes  3.51 Mbits/sec  1.681 ms  775/1140 (68%)  
[  5]  82.00-83.00  sec   350 KBytes  2.87 Mbits/sec  2.073 ms  643/942 (68%)  
[  5]  83.00-84.00  sec   429 KBytes  3.51 Mbits/sec  1.981 ms  912/1278 (71%)  
[  5]  84.00-85.00  sec   449 KBytes  3.68 Mbits/sec  1.910 ms  893/1276 (70%)  
[  5]  85.00-86.00  sec   429 KBytes  3.51 Mbits/sec  1.922 ms  955/1321 (72%)  
[  5]  86.00-87.00  sec   356 KBytes  2.92 Mbits/sec  1.700 ms  795/1099 (72%)  
[  5]  87.00-88.00  sec   429 KBytes  3.52 Mbits/sec  2.058 ms  905/1271 (71%)  
[  5]  88.00-89.00  sec   450 KBytes  3.69 Mbits/sec  1.753 ms  834/1218 (68%)  
[  5]  89.00-90.00  sec   506 KBytes  4.15 Mbits/sec  1.627 ms  894/1326 (67%)  
[  5]  90.00-91.00  sec   429 KBytes  3.51 Mbits/sec  1.595 ms  797/1163 (69%)  
[  5]  91.00-92.00  sec   428 KBytes  3.50 Mbits/sec  1.722 ms  810/1175 (69%)  
[  5]  92.00-93.00  sec   507 KBytes  4.16 Mbits/sec  2.065 ms  1160/1593 (73%)  
[  5]  93.00-94.00  sec   429 KBytes  3.51 Mbits/sec  1.984 ms  824/1190 (69%)  
[  5]  94.00-95.00  sec   449 KBytes  3.68 Mbits/sec  1.473 ms  850/1233 (69%)  
[  5]  95.00-96.00  sec   429 KBytes  3.51 Mbits/sec  1.787 ms  885/1251 (71%)  
[  5]  96.00-97.00  sec   507 KBytes  4.15 Mbits/sec  1.744 ms  983/1416 (69%)  
[  5]  97.00-98.00  sec   429 KBytes  3.52 Mbits/sec  1.763 ms  817/1183 (69%)  
[  5]  98.00-99.00  sec   506 KBytes  4.15 Mbits/sec  1.580 ms  976/1408 (69%)  
[  5]  99.00-100.00 sec   500 KBytes  4.10 Mbits/sec  1.528 ms  981/1408 (70%)  
[  5] 100.00-101.00 sec   457 KBytes  3.74 Mbits/sec  1.701 ms  894/1284 (70%)  
[  5] 101.00-102.00 sec   429 KBytes  3.51 Mbits/sec  1.594 ms  789/1155 (68%)  
[  5] 102.00-103.00 sec   349 KBytes  2.86 Mbits/sec  1.740 ms  655/953 (69%)  
[  5] 103.00-104.00 sec   428 KBytes  3.50 Mbits/sec  1.954 ms  891/1256 (71%)  
[  5] 104.00-105.00 sec   457 KBytes  3.75 Mbits/sec  1.676 ms  982/1372 (72%)  
[  5] 105.00-106.00 sec   429 KBytes  3.51 Mbits/sec  1.919 ms  942/1308 (72%)  
[  5] 106.00-107.00 sec   349 KBytes  2.86 Mbits/sec  2.114 ms  763/1061 (72%)  
[  5] 107.00-108.00 sec   429 KBytes  3.51 Mbits/sec  2.168 ms  907/1273 (71%)  
[  5] 108.00-109.00 sec   457 KBytes  3.74 Mbits/sec  1.797 ms  1011/1401 (72%)  
[  5] 109.00-110.00 sec   499 KBytes  4.09 Mbits/sec  1.686 ms  989/1415 (70%)  
[  5] 110.00-111.00 sec   429 KBytes  3.51 Mbits/sec  1.822 ms  782/1148 (68%)  
[  5] 111.00-112.00 sec   356 KBytes  2.92 Mbits/sec  2.333 ms  711/1015 (70%)  
[  5] 112.00-113.00 sec   429 KBytes  3.51 Mbits/sec  1.752 ms  749/1115 (67%)  
[  5] 113.00-114.00 sec   529 KBytes  4.33 Mbits/sec  1.457 ms  1019/1470 (69%)  
[  5] 114.00-115.00 sec   428 KBytes  3.50 Mbits/sec  1.726 ms  742/1107 (67%)  
[  5] 115.00-116.00 sec   500 KBytes  4.10 Mbits/sec  1.573 ms  970/1397 (69%)  
[  5] 116.00-117.00 sec   428 KBytes  3.50 Mbits/sec  1.994 ms  918/1283 (72%)  
[  5] 117.00-118.00 sec   458 KBytes  3.76 Mbits/sec  1.428 ms  863/1254 (69%)  
[  5] 118.00-119.00 sec   428 KBytes  3.50 Mbits/sec  1.640 ms  775/1140 (68%)  
[  5] 119.00-120.00 sec   429 KBytes  3.51 Mbits/sec  1.751 ms  744/1110 (67%)  
[  5] 120.00-121.00 sec   429 KBytes  3.50 Mbits/sec  1.616 ms  753/1119 (67%)  
[  5] 121.00-122.00 sec   429 KBytes  3.53 Mbits/sec  2.098 ms  761/1127 (68%)  
[  5] 122.00-123.00 sec   449 KBytes  3.68 Mbits/sec  1.831 ms  822/1205 (68%)  
[  5] 123.00-124.00 sec   429 KBytes  3.51 Mbits/sec  1.989 ms  810/1176 (69%)  
[  5] 124.00-125.00 sec   356 KBytes  2.92 Mbits/sec  1.772 ms  921/1225 (75%)  
[  5] 125.00-126.00 sec   430 KBytes  3.52 Mbits/sec  2.017 ms  948/1315 (72%)  
[  5] 126.00-127.00 sec   377 KBytes  3.10 Mbits/sec  1.663 ms  759/1081 (70%)  
[  5] 127.00-128.00 sec   349 KBytes  2.85 Mbits/sec  1.997 ms  757/1055 (72%)  
[  5] 128.00-129.00 sec   429 KBytes  3.52 Mbits/sec  1.879 ms  957/1323 (72%)  
[  5] 129.00-130.00 sec   458 KBytes  3.75 Mbits/sec  1.724 ms  994/1385 (72%)  
[  5] 130.00-131.00 sec   427 KBytes  3.49 Mbits/sec  1.724 ms  865/1229 (70%)  
[  5] 131.00-132.00 sec   430 KBytes  3.52 Mbits/sec  1.725 ms  768/1135 (68%)  
[  5] 132.00-133.00 sec   428 KBytes  3.50 Mbits/sec  1.676 ms  796/1161 (69%)  
[  5] 133.00-134.00 sec   379 KBytes  3.10 Mbits/sec  2.161 ms  950/1273 (75%)  
[  5] 134.00-135.00 sec   429 KBytes  3.51 Mbits/sec  1.643 ms  809/1175 (69%)  
[  5] 135.00-136.00 sec   429 KBytes  3.52 Mbits/sec  1.703 ms  799/1165 (69%)  
[  5] 136.00-137.00 sec   499 KBytes  4.09 Mbits/sec  1.717 ms  917/1343 (68%)  
[  5] 137.00-138.00 sec   429 KBytes  3.51 Mbits/sec  1.660 ms  770/1136 (68%)  
[  5] 138.00-139.00 sec   507 KBytes  4.16 Mbits/sec  1.848 ms  919/1352 (68%)  
[  5] 139.00-140.00 sec   430 KBytes  3.52 Mbits/sec  2.038 ms  824/1191 (69%)  
[  5] 140.00-141.00 sec   377 KBytes  3.09 Mbits/sec  1.671 ms  713/1035 (69%)  
[  5] 141.00-142.00 sec   428 KBytes  3.50 Mbits/sec  1.962 ms  907/1272 (71%)  
[  5] 142.00-143.00 sec   499 KBytes  4.10 Mbits/sec  1.991 ms  1033/1459 (71%)  
[  5] 143.00-144.00 sec   429 KBytes  3.51 Mbits/sec  1.689 ms  829/1195 (69%)  
[  5] 144.00-145.00 sec   457 KBytes  3.74 Mbits/sec  1.724 ms  1048/1438 (73%)  
[  5] 145.00-146.00 sec   499 KBytes  4.09 Mbits/sec  1.718 ms  1055/1481 (71%)  
[  5] 146.00-147.00 sec   429 KBytes  3.51 Mbits/sec  2.035 ms  945/1311 (72%)  
[  5] 147.00-148.00 sec   429 KBytes  3.52 Mbits/sec  1.809 ms  995/1361 (73%)  
[  5] 148.00-149.00 sec   428 KBytes  3.50 Mbits/sec  1.839 ms  1056/1421 (74%)  
[  5] 149.00-150.00 sec   379 KBytes  3.09 Mbits/sec  1.797 ms  840/1163 (72%)  
[  5] 150.00-151.00 sec   429 KBytes  3.53 Mbits/sec  1.790 ms  886/1252 (71%)  
[  5] 151.00-152.00 sec   429 KBytes  3.51 Mbits/sec  1.926 ms  915/1281 (71%)  
[  5] 152.00-153.00 sec   356 KBytes  2.92 Mbits/sec  2.270 ms  765/1069 (72%)  
[  5] 153.00-154.00 sec   380 KBytes  3.11 Mbits/sec  1.678 ms  732/1056 (69%)  
[  5] 154.00-155.00 sec   428 KBytes  3.51 Mbits/sec  1.764 ms  948/1313 (72%)  
[  5] 155.00-156.00 sec   429 KBytes  3.51 Mbits/sec  1.646 ms  930/1296 (72%)  
[  5] 156.00-157.00 sec   377 KBytes  3.09 Mbits/sec  1.798 ms  783/1105 (71%)  
[  5] 157.00-158.00 sec   429 KBytes  3.52 Mbits/sec  1.652 ms  856/1222 (70%)  
[  5] 158.00-159.00 sec   428 KBytes  3.50 Mbits/sec  1.757 ms  817/1182 (69%)  
[  5] 159.00-160.00 sec   429 KBytes  3.51 Mbits/sec  1.649 ms  763/1129 (68%)  
[  5] 160.00-161.00 sec   429 KBytes  3.51 Mbits/sec  2.128 ms  800/1166 (69%)  
[  5] 161.00-162.00 sec   530 KBytes  4.34 Mbits/sec  1.706 ms  974/1426 (68%)  
[  5] 162.00-163.00 sec   428 KBytes  3.51 Mbits/sec  1.888 ms  917/1282 (72%)  
[  5] 163.00-164.00 sec   429 KBytes  3.51 Mbits/sec  1.746 ms  928/1294 (72%)  
[  5] 164.00-165.00 sec   428 KBytes  3.51 Mbits/sec  1.793 ms  836/1201 (70%)  
[  5] 165.00-166.00 sec   507 KBytes  4.16 Mbits/sec  1.747 ms  989/1422 (70%)  
[  5] 166.00-167.00 sec   429 KBytes  3.51 Mbits/sec  1.674 ms  801/1167 (69%)  
[  5] 167.00-168.00 sec   428 KBytes  3.50 Mbits/sec  2.158 ms  789/1154 (68%)  
[  5] 168.00-169.00 sec   380 KBytes  3.11 Mbits/sec  1.575 ms  711/1035 (69%)  
[  5] 169.00-170.00 sec   499 KBytes  4.09 Mbits/sec  1.706 ms  944/1370 (69%)  
[  5] 170.00-171.00 sec   428 KBytes  3.51 Mbits/sec  1.816 ms  855/1220 (70%)  
[  5] 171.00-172.00 sec   458 KBytes  3.75 Mbits/sec  1.743 ms  1090/1481 (74%)  
[  5] 172.00-173.00 sec   428 KBytes  3.50 Mbits/sec  1.972 ms  899/1264 (71%)  
[  5] 173.00-174.00 sec   429 KBytes  3.51 Mbits/sec  1.957 ms  973/1339 (73%)  
[  5] 174.00-175.00 sec   428 KBytes  3.50 Mbits/sec  1.829 ms  1045/1410 (74%)  
[  5] 175.00-176.00 sec   380 KBytes  3.11 Mbits/sec  1.791 ms  865/1189 (73%)  
[  5] 176.00-177.00 sec   428 KBytes  3.50 Mbits/sec  1.784 ms  911/1276 (71%)  
[  5] 177.00-178.00 sec   429 KBytes  3.52 Mbits/sec  1.956 ms  988/1354 (73%)  
[  5] 178.00-179.00 sec   350 KBytes  2.87 Mbits/sec  2.079 ms  763/1062 (72%)  
[  5] 179.00-180.00 sec   377 KBytes  3.09 Mbits/sec  1.964 ms  851/1173 (73%)  
[  5] 180.00-181.00 sec   357 KBytes  2.93 Mbits/sec  1.725 ms  762/1067 (71%)  
[  5] 181.00-182.00 sec   429 KBytes  3.51 Mbits/sec  1.606 ms  850/1216 (70%)  
[  5] 182.00-183.00 sec   428 KBytes  3.50 Mbits/sec  1.834 ms  852/1217 (70%)  
