Connecting to host 172.22.0.50, port 5201
Reverse mode, remote host 172.22.0.50 is sending
[  5] local 192.168.100.2 port 35795 connected to 172.22.0.50 port 5201
[ ID] Interval           Transfer     Bitrate         Jitter    Lost/Total Datagrams
[  5]   0.00-1.00   sec   599 KBytes  4.91 Mbits/sec  1.586 ms  0/511 (0%)  
[  5]   1.00-2.00   sec   698 KBytes  5.72 Mbits/sec  1.331 ms  0/596 (0%)  
[  5]   2.00-3.00   sec   743 KBytes  6.09 Mbits/sec  1.151 ms  0/634 (0%)  
[  5]   3.00-4.00   sec   762 KBytes  6.24 Mbits/sec  1.118 ms  0/650 (0%)  
[  5]   4.00-5.00   sec   749 KBytes  6.13 Mbits/sec  1.101 ms  0/639 (0%)  
[  5]   5.00-6.00   sec   694 KBytes  5.68 Mbits/sec  1.572 ms  0/592 (0%)  
[  5]   6.00-7.00   sec   696 KBytes  5.69 Mbits/sec  1.574 ms  0/597 (0%)  
[  5]   7.00-8.00   sec   703 KBytes  5.77 Mbits/sec  1.224 ms  0/600 (0%)  
[  5]   8.00-9.00   sec   739 KBytes  6.06 Mbits/sec  1.024 ms  0/631 (0%)  
[  5]   9.00-10.00  sec   764 KBytes  6.26 Mbits/sec  1.220 ms  0/652 (0%)  
[  5]  10.00-11.00  sec   768 KBytes  6.29 Mbits/sec  1.279 ms  0/655 (0%)  
[  5]  11.00-12.00  sec   712 KBytes  5.84 Mbits/sec  1.318 ms  0/608 (0%)  
[  5]  12.00-13.00  sec   670 KBytes  5.49 Mbits/sec  1.189 ms  0/572 (0%)  
[  5]  13.00-14.00  sec   734 KBytes  6.01 Mbits/sec  1.251 ms  0/626 (0%)  
[  5]  14.00-15.00  sec   720 KBytes  5.89 Mbits/sec  1.589 ms  0/614 (0%)  
[  5]  15.00-16.00  sec   697 KBytes  5.72 Mbits/sec  1.088 ms  0/595 (0%)  
[  5]  16.00-17.00  sec   756 KBytes  6.19 Mbits/sec  1.146 ms  0/645 (0%)  
[  5]  17.00-18.00  sec   743 KBytes  6.09 Mbits/sec  1.116 ms  0/634 (0%)  
[  5]  18.00-19.00  sec   765 KBytes  6.27 Mbits/sec  1.177 ms  0/653 (0%)  
[  5]  19.00-20.00  sec   718 KBytes  5.89 Mbits/sec  1.471 ms  0/613 (0%)  
[  5]  20.00-21.00  sec   705 KBytes  5.77 Mbits/sec  1.095 ms  0/602 (0%)  
[  5]  21.00-22.00  sec   730 KBytes  5.99 Mbits/sec  1.385 ms  0/623 (0%)  
[  5]  22.00-23.00  sec   744 KBytes  6.08 Mbits/sec  1.393 ms  0/635 (0%)  
[  5]  23.00-24.00  sec   722 KBytes  5.92 Mbits/sec  1.459 ms  0/616 (0%)  
[  5]  24.00-25.00  sec   668 KBytes  5.48 Mbits/sec  1.521 ms  0/570 (0%)  
[  5]  25.00-26.00  sec   587 KBytes  4.81 Mbits/sec  1.347 ms  0/501 (0%)  
[  5]  26.00-27.00  sec   619 KBytes  5.07 Mbits/sec  1.201 ms  558/1086 (51%)  
[  5]  27.00-28.00  sec   799 KBytes  6.55 Mbits/sec  1.107 ms  666/1348 (49%)  
[  5]  28.00-29.00  sec   718 KBytes  5.88 Mbits/sec  1.224 ms  718/1331 (54%)  
[  5]  29.00-30.00  sec   709 KBytes  5.81 Mbits/sec  1.139 ms  578/1183 (49%)  
[  5]  30.00-31.00  sec   689 KBytes  5.64 Mbits/sec  1.119 ms  574/1162 (49%)  
[  5]  31.00-32.00  sec   709 KBytes  5.81 Mbits/sec  1.102 ms  554/1159 (48%)  
[  5]  32.00-33.00  sec   688 KBytes  5.64 Mbits/sec  1.117 ms  578/1165 (50%)  
[  5]  33.00-34.00  sec   718 KBytes  5.88 Mbits/sec  1.230 ms  691/1304 (53%)  
[  5]  34.00-35.00  sec   709 KBytes  5.80 Mbits/sec  1.100 ms  607/1212 (50%)  
[  5]  35.00-36.00  sec   809 KBytes  6.62 Mbits/sec  1.142 ms  693/1383 (50%)  
[  5]  36.00-37.00  sec   709 KBytes  5.81 Mbits/sec  1.148 ms  590/1195 (49%)  
[  5]  37.00-38.00  sec   689 KBytes  5.64 Mbits/sec  1.123 ms  629/1217 (52%)  
[  5]  38.00-39.00  sec   809 KBytes  6.62 Mbits/sec  1.156 ms  852/1542 (55%)  
[  5]  39.00-40.00  sec   709 KBytes  5.80 Mbits/sec  1.164 ms  686/1291 (53%)  
[  5]  40.00-41.00  sec   709 KBytes  5.81 Mbits/sec  1.171 ms  601/1206 (50%)  
[  5]  41.00-42.00  sec   718 KBytes  5.88 Mbits/sec  1.087 ms  578/1191 (49%)  
[  5]  42.00-43.00  sec   709 KBytes  5.81 Mbits/sec  1.252 ms  686/1291 (53%)  
[  5]  43.00-44.00  sec   680 KBytes  5.57 Mbits/sec  1.141 ms  614/1194 (51%)  
[  5]  44.00-45.00  sec   718 KBytes  5.88 Mbits/sec  1.153 ms  574/1187 (48%)  
[  5]  45.00-46.00  sec   619 KBytes  5.06 Mbits/sec  1.160 ms  517/1045 (49%)  
[  5]  46.00-47.00  sec   809 KBytes  6.63 Mbits/sec  1.007 ms  739/1429 (52%)  
[  5]  47.00-48.00  sec   679 KBytes  5.56 Mbits/sec  1.141 ms  698/1277 (55%)  
[  5]  48.00-49.00  sec   810 KBytes  6.63 Mbits/sec  1.120 ms  646/1337 (48%)  
[  5]  49.00-50.00  sec   709 KBytes  5.81 Mbits/sec  1.119 ms  566/1171 (48%)  
[  5]  50.00-51.00  sec   709 KBytes  5.81 Mbits/sec  1.078 ms  610/1215 (50%)  
[  5]  51.00-52.00  sec   718 KBytes  5.88 Mbits/sec  1.115 ms  608/1221 (50%)  
[  5]  52.00-53.00  sec   709 KBytes  5.81 Mbits/sec  1.219 ms  584/1189 (49%)  
[  5]  53.00-54.00  sec   809 KBytes  6.62 Mbits/sec  1.145 ms  728/1418 (51%)  
[  5]  54.00-55.00  sec   709 KBytes  5.82 Mbits/sec  1.239 ms  598/1203 (50%)  
[  5]  55.00-56.00  sec   809 KBytes  6.63 Mbits/sec  1.096 ms  795/1485 (54%)  
[  5]  56.00-57.00  sec   589 KBytes  4.83 Mbits/sec  1.157 ms  501/1004 (50%)  
[  5]  57.00-58.00  sec   718 KBytes  5.88 Mbits/sec  0.982 ms  648/1261 (51%)  
[  5]  58.00-59.00  sec   799 KBytes  6.55 Mbits/sec  1.154 ms  904/1586 (57%)  
[  5]  59.00-60.00  sec   718 KBytes  5.88 Mbits/sec  1.087 ms  594/1207 (49%)  
[  5]  60.00-61.00  sec   709 KBytes  5.81 Mbits/sec  1.119 ms  572/1177 (49%)  
[  5]  61.00-62.00  sec   619 KBytes  5.07 Mbits/sec  1.098 ms  481/1009 (48%)  
[  5]  62.00-63.00  sec   689 KBytes  5.63 Mbits/sec  1.091 ms  570/1158 (49%)  
[  5]  63.00-64.01  sec   709 KBytes  5.80 Mbits/sec  1.187 ms  732/1337 (55%)  
[  5]  64.01-65.00  sec   709 KBytes  5.84 Mbits/sec  1.133 ms  586/1191 (49%)  
[  5]  65.00-66.00  sec   718 KBytes  5.89 Mbits/sec  1.474 ms  587/1200 (49%)  
[  5]  66.00-67.00  sec   709 KBytes  5.80 Mbits/sec  1.085 ms  587/1192 (49%)  
[  5]  67.00-68.00  sec   689 KBytes  5.65 Mbits/sec  1.037 ms  576/1164 (49%)  
[  5]  68.00-69.00  sec   709 KBytes  5.81 Mbits/sec  1.167 ms  571/1176 (49%)  
[  5]  69.00-70.00  sec   709 KBytes  5.81 Mbits/sec  1.154 ms  575/1180 (49%)  
[  5]  70.00-71.00  sec   718 KBytes  5.88 Mbits/sec  1.177 ms  729/1342 (54%)  
[  5]  71.00-72.00  sec   810 KBytes  6.63 Mbits/sec  1.034 ms  711/1402 (51%)  
[  5]  72.00-73.00  sec   708 KBytes  5.79 Mbits/sec  1.083 ms  574/1178 (49%)  
[  5]  73.00-74.00  sec   810 KBytes  6.64 Mbits/sec  1.107 ms  714/1405 (51%)  
[  5]  74.00-75.00  sec   695 KBytes  5.69 Mbits/sec  1.166 ms  736/1329 (55%)  
[  5]  75.00-76.00  sec   680 KBytes  5.57 Mbits/sec  1.198 ms  662/1242 (53%)  
[  5]  76.00-77.00  sec   718 KBytes  5.88 Mbits/sec  1.229 ms  637/1250 (51%)  
[  5]  77.00-78.00  sec   696 KBytes  5.71 Mbits/sec  1.235 ms  680/1274 (53%)  
[  5]  78.00-79.00  sec   720 KBytes  5.89 Mbits/sec  1.078 ms  700/1314 (53%)  
[  5]  79.00-80.00  sec   798 KBytes  6.54 Mbits/sec  1.296 ms  773/1454 (53%)  
[  5]  80.00-81.00  sec   689 KBytes  5.64 Mbits/sec  1.055 ms  676/1264 (53%)  
[  5]  81.00-82.00  sec   709 KBytes  5.81 Mbits/sec  1.125 ms  594/1199 (50%)  
[  5]  82.00-83.00  sec   616 KBytes  5.05 Mbits/sec  1.212 ms  550/1076 (51%)  
[  5]  83.00-84.00  sec   720 KBytes  5.90 Mbits/sec  0.997 ms  616/1230 (50%)  
[  5]  84.00-85.00  sec   705 KBytes  5.78 Mbits/sec  1.060 ms  600/1202 (50%)  
[  5]  85.00-86.00  sec   679 KBytes  5.56 Mbits/sec  1.131 ms  541/1120 (48%)  
[  5]  86.00-87.00  sec   718 KBytes  5.88 Mbits/sec  1.266 ms  590/1203 (49%)  
[  5]  87.00-88.00  sec   687 KBytes  5.63 Mbits/sec  1.127 ms  593/1179 (50%)  
[  5]  88.00-89.00  sec   619 KBytes  5.07 Mbits/sec  1.157 ms  602/1130 (53%)  
[  5]  89.00-90.00  sec   690 KBytes  5.66 Mbits/sec  1.074 ms  595/1184 (50%)  
[  5]  90.00-91.00  sec   709 KBytes  5.81 Mbits/sec  1.157 ms  615/1220 (50%)  
[  5]  91.00-92.00  sec   809 KBytes  6.62 Mbits/sec  1.129 ms  680/1370 (50%)  
[  5]  92.00-93.00  sec   709 KBytes  5.81 Mbits/sec  1.088 ms  580/1185 (49%)  
[  5]  93.00-94.00  sec   688 KBytes  5.63 Mbits/sec  1.128 ms  562/1149 (49%)  
[  5]  94.00-95.00  sec   738 KBytes  6.05 Mbits/sec  1.203 ms  721/1351 (53%)  
[  5]  95.00-96.00  sec   680 KBytes  5.56 Mbits/sec  1.112 ms  628/1208 (52%)  
[  5]  96.00-97.00  sec   720 KBytes  5.90 Mbits/sec  1.097 ms  764/1378 (55%)  
[  5]  97.00-98.00  sec   708 KBytes  5.80 Mbits/sec  1.207 ms  667/1271 (52%)  
[  5]  98.00-99.00  sec   810 KBytes  6.63 Mbits/sec  1.199 ms  787/1478 (53%)  
[  5]  99.00-100.00 sec   708 KBytes  5.80 Mbits/sec  1.222 ms  690/1294 (53%)  
[  5] 100.00-101.00 sec   689 KBytes  5.64 Mbits/sec  1.095 ms  594/1182 (50%)  
[  5] 101.00-102.00 sec   619 KBytes  5.07 Mbits/sec  1.260 ms  590/1118 (53%)  
[  5] 102.00-103.00 sec   709 KBytes  5.81 Mbits/sec  1.303 ms  741/1346 (55%)  
[  5] 103.00-104.00 sec   720 KBytes  5.89 Mbits/sec  1.081 ms  657/1271 (52%)  
[  5] 104.00-105.00 sec   588 KBytes  4.82 Mbits/sec  0.996 ms  484/986 (49%)  
[  5] 105.00-106.00 sec   620 KBytes  5.08 Mbits/sec  1.076 ms  488/1017 (48%)  
[  5] 106.00-107.00 sec   709 KBytes  5.81 Mbits/sec  1.196 ms  591/1196 (49%)  
[  5] 107.00-108.00 sec   718 KBytes  5.88 Mbits/sec  1.114 ms  724/1337 (54%)  
[  5] 108.00-109.00 sec   680 KBytes  5.57 Mbits/sec  1.137 ms  587/1167 (50%)  
[  5] 109.00-110.00 sec   809 KBytes  6.63 Mbits/sec  1.128 ms  708/1398 (51%)  
[  5] 110.00-111.00 sec   709 KBytes  5.81 Mbits/sec  1.103 ms  659/1264 (52%)  
[  5] 111.00-112.00 sec   618 KBytes  5.05 Mbits/sec  1.145 ms  554/1081 (51%)  
[  5] 112.00-113.00 sec   720 KBytes  5.90 Mbits/sec  1.091 ms  560/1174 (48%)  
[  5] 113.00-114.00 sec   809 KBytes  6.63 Mbits/sec  1.090 ms  678/1368 (50%)  
[  5] 114.00-115.00 sec   680 KBytes  5.57 Mbits/sec  1.043 ms  570/1150 (50%)  
[  5] 115.00-116.00 sec   709 KBytes  5.81 Mbits/sec  1.246 ms  863/1468 (59%)  
[  5] 116.00-117.00 sec   718 KBytes  5.88 Mbits/sec  1.103 ms  749/1362 (55%)  
[  5] 117.00-118.00 sec   799 KBytes  6.56 Mbits/sec  1.124 ms  739/1421 (52%)  
[  5] 118.00-119.00 sec   718 KBytes  5.88 Mbits/sec  1.188 ms  805/1418 (57%)  
[  5] 119.00-120.00 sec   709 KBytes  5.81 Mbits/sec  1.101 ms  729/1334 (55%)  
[  5] 120.00-121.00 sec   688 KBytes  5.64 Mbits/sec  1.201 ms  728/1315 (55%)  
[  5] 121.00-122.00 sec   819 KBytes  6.71 Mbits/sec  1.467 ms  688/1387 (50%)  
[  5] 122.00-123.00 sec   588 KBytes  4.81 Mbits/sec  1.161 ms  474/976 (49%)  
[  5] 123.00-124.00 sec   620 KBytes  5.08 Mbits/sec  1.182 ms  543/1072 (51%)  
[  5] 124.00-125.00 sec   688 KBytes  5.64 Mbits/sec  1.260 ms  681/1268 (54%)  
[  5] 125.00-126.00 sec   709 KBytes  5.80 Mbits/sec  1.164 ms  720/1325 (54%)  
[  5] 126.00-127.00 sec   715 KBytes  5.86 Mbits/sec  1.088 ms  596/1206 (49%)  
[  5] 127.00-128.00 sec   589 KBytes  4.82 Mbits/sec  1.049 ms  451/954 (47%)  
[  5] 128.00-129.00 sec   709 KBytes  5.82 Mbits/sec  1.123 ms  560/1165 (48%)  
[  5] 129.00-130.00 sec   718 KBytes  5.88 Mbits/sec  1.160 ms  653/1266 (52%)  
[  5] 130.00-131.00 sec   709 KBytes  5.81 Mbits/sec  1.146 ms  640/1245 (51%)  
[  5] 131.00-132.00 sec   709 KBytes  5.81 Mbits/sec  1.141 ms  623/1228 (51%)  
[  5] 132.00-133.00 sec   718 KBytes  5.88 Mbits/sec  1.172 ms  627/1240 (51%)  
[  5] 133.00-134.00 sec   589 KBytes  4.83 Mbits/sec  1.202 ms  502/1005 (50%)  
[  5] 134.00-135.00 sec   809 KBytes  6.63 Mbits/sec  1.061 ms  675/1365 (49%)  
[  5] 135.00-136.00 sec   709 KBytes  5.80 Mbits/sec  1.216 ms  596/1201 (50%)  
[  5] 136.00-137.00 sec   709 KBytes  5.78 Mbits/sec  1.285 ms  816/1421 (57%)  
[  5] 137.00-138.00 sec   691 KBytes  5.69 Mbits/sec  1.175 ms  754/1344 (56%)  
[  5] 138.00-139.00 sec   708 KBytes  5.79 Mbits/sec  1.179 ms  670/1274 (53%)  
[  5] 139.00-140.00 sec   689 KBytes  5.65 Mbits/sec  1.147 ms  615/1203 (51%)  
[  5] 140.00-141.00 sec   709 KBytes  5.80 Mbits/sec  1.152 ms  687/1292 (53%)  
[  5] 141.00-142.00 sec   809 KBytes  6.63 Mbits/sec  1.328 ms  977/1667 (59%)  
[  5] 142.00-143.00 sec   709 KBytes  5.80 Mbits/sec  1.162 ms  669/1274 (53%)  
[  5] 143.00-144.00 sec   720 KBytes  5.90 Mbits/sec  1.033 ms  657/1271 (52%)  
[  5] 144.00-145.00 sec   708 KBytes  5.80 Mbits/sec  1.122 ms  592/1196 (49%)  
[  5] 145.00-146.00 sec   710 KBytes  5.79 Mbits/sec  1.292 ms  612/1218 (50%)  
[  5] 146.00-147.00 sec   688 KBytes  5.66 Mbits/sec  1.182 ms  771/1358 (57%)  
[  5] 147.00-148.00 sec   619 KBytes  5.07 Mbits/sec  1.136 ms  524/1052 (50%)  
[  5] 148.00-149.00 sec   709 KBytes  5.81 Mbits/sec  1.124 ms  604/1209 (50%)  
[  5] 149.00-150.00 sec   689 KBytes  5.65 Mbits/sec  1.092 ms  589/1177 (50%)  
[  5] 150.00-151.00 sec   709 KBytes  5.81 Mbits/sec  1.397 ms  695/1300 (53%)  
[  5] 151.00-152.01 sec   619 KBytes  5.04 Mbits/sec  1.154 ms  587/1115 (53%)  
[  5] 152.01-153.00 sec   589 KBytes  4.86 Mbits/sec  1.191 ms  517/1020 (51%)  
[  5] 153.00-154.00 sec   705 KBytes  5.78 Mbits/sec  1.068 ms  601/1203 (50%)  
[  5] 154.00-155.00 sec   708 KBytes  5.80 Mbits/sec  1.145 ms  575/1179 (49%)  
[  5] 155.00-156.00 sec   799 KBytes  6.55 Mbits/sec  1.029 ms  666/1348 (49%)  
[  5] 156.00-157.00 sec   618 KBytes  5.06 Mbits/sec  1.116 ms  552/1079 (51%)  
[  5] 157.00-158.00 sec   680 KBytes  5.56 Mbits/sec  1.230 ms  669/1249 (54%)  
[  5] 158.00-159.00 sec   720 KBytes  5.89 Mbits/sec  1.035 ms  632/1246 (51%)  
[  5] 159.00-160.00 sec   798 KBytes  6.55 Mbits/sec  1.194 ms  720/1401 (51%)  
[  5] 160.00-161.00 sec   720 KBytes  5.89 Mbits/sec  1.069 ms  714/1328 (54%)  
[  5] 161.00-162.00 sec   709 KBytes  5.81 Mbits/sec  1.399 ms  732/1337 (55%)  
[  5] 162.00-163.00 sec   709 KBytes  5.81 Mbits/sec  1.136 ms  617/1222 (50%)  
[  5] 163.00-164.00 sec   718 KBytes  5.88 Mbits/sec  1.194 ms  669/1282 (52%)  
[  5] 164.00-165.00 sec   809 KBytes  6.62 Mbits/sec  1.091 ms  869/1559 (56%)  
[  5] 165.00-166.00 sec   679 KBytes  5.56 Mbits/sec  1.271 ms  851/1430 (60%)  
[  5] 166.00-167.00 sec   709 KBytes  5.80 Mbits/sec  1.207 ms  733/1338 (55%)  
[  5] 167.00-168.00 sec   718 KBytes  5.89 Mbits/sec  1.130 ms  593/1206 (49%)  
[  5] 168.00-169.00 sec   710 KBytes  5.82 Mbits/sec  1.108 ms  556/1162 (48%)  
[  5] 169.00-170.00 sec   619 KBytes  5.07 Mbits/sec  1.208 ms  581/1109 (52%)  
[  5] 170.00-171.00 sec   688 KBytes  5.63 Mbits/sec  1.124 ms  685/1272 (54%)  
[  5] 171.00-172.00 sec   620 KBytes  5.08 Mbits/sec  1.045 ms  581/1110 (52%)  
[  5] 172.00-173.00 sec   709 KBytes  5.81 Mbits/sec  1.091 ms  595/1200 (50%)  
[  5] 173.00-174.00 sec   588 KBytes  4.82 Mbits/sec  1.138 ms  484/986 (49%)  
[  5] 174.00-175.00 sec   720 KBytes  5.89 Mbits/sec  1.150 ms  620/1234 (50%)  
[  5] 175.00-176.00 sec   619 KBytes  5.07 Mbits/sec  1.119 ms  612/1140 (54%)  
[  5] 176.00-177.00 sec   709 KBytes  5.81 Mbits/sec  1.052 ms  612/1217 (50%)  
