Connecting to host 172.22.0.50, port 5201
Reverse mode, remote host 172.22.0.50 is sending
[  5] local 192.168.100.2 port 35357 connected to 172.22.0.50 port 5201
[ ID] Interval           Transfer     Bitrate         Jitter    Lost/Total Datagrams
[  5]   0.00-1.00   sec   245 KBytes  2.01 Mbits/sec  3.287 ms  0/209 (0%)  
[  5]   1.00-2.00   sec   361 KBytes  2.96 Mbits/sec  2.393 ms  0/308 (0%)  
[  5]   2.00-3.00   sec   366 KBytes  2.99 Mbits/sec  2.522 ms  0/312 (0%)  
[  5]   3.00-4.00   sec   346 KBytes  2.83 Mbits/sec  2.782 ms  0/295 (0%)  
[  5]   4.00-5.00   sec   312 KBytes  2.55 Mbits/sec  3.304 ms  0/266 (0%)  
[  5]   5.00-6.00   sec   332 KBytes  2.72 Mbits/sec  2.423 ms  0/283 (0%)  
[  5]   6.00-7.00   sec   357 KBytes  2.93 Mbits/sec  2.941 ms  0/305 (0%)  
[  5]   7.00-8.00   sec   356 KBytes  2.91 Mbits/sec  2.976 ms  0/304 (0%)  
[  5]   8.00-9.00   sec   345 KBytes  2.82 Mbits/sec  3.102 ms  0/294 (0%)  
[  5]   9.00-10.00  sec   342 KBytes  2.80 Mbits/sec  2.594 ms  0/292 (0%)  
[  5]  10.00-11.00  sec   338 KBytes  2.77 Mbits/sec  2.624 ms  0/288 (0%)  
[  5]  11.00-12.00  sec   314 KBytes  2.57 Mbits/sec  3.223 ms  0/268 (0%)  
[  5]  12.00-13.00  sec   333 KBytes  2.73 Mbits/sec  2.432 ms  0/284 (0%)  
[  5]  13.00-14.00  sec   353 KBytes  2.89 Mbits/sec  2.366 ms  0/301 (0%)  
[  5]  14.00-15.00  sec   370 KBytes  3.03 Mbits/sec  2.454 ms  0/316 (0%)  
[  5]  15.00-16.00  sec   346 KBytes  2.83 Mbits/sec  2.733 ms  0/295 (0%)  
[  5]  16.00-17.00  sec   348 KBytes  2.85 Mbits/sec  2.553 ms  0/297 (0%)  
[  5]  17.00-18.00  sec   363 KBytes  2.98 Mbits/sec  2.489 ms  0/310 (0%)  
[  5]  18.00-19.00  sec   361 KBytes  2.96 Mbits/sec  2.676 ms  0/308 (0%)  
[  5]  19.00-20.00  sec   329 KBytes  2.70 Mbits/sec  2.815 ms  0/281 (0%)  
[  5]  20.00-21.00  sec   343 KBytes  2.81 Mbits/sec  2.741 ms  0/293 (0%)  
[  5]  21.00-22.00  sec   330 KBytes  2.71 Mbits/sec  2.868 ms  0/282 (0%)  
[  5]  22.00-23.00  sec   353 KBytes  2.89 Mbits/sec  2.539 ms  0/301 (0%)  
[  5]  23.00-24.00  sec   345 KBytes  2.82 Mbits/sec  2.822 ms  0/294 (0%)  
[  5]  24.00-25.00  sec   323 KBytes  2.65 Mbits/sec  3.019 ms  0/276 (0%)  
[  5]  25.00-26.00  sec   312 KBytes  2.55 Mbits/sec  4.295 ms  0/266 (0%)  
[  5]  26.00-27.00  sec   315 KBytes  2.58 Mbits/sec  2.783 ms  0/269 (0%)  
[  5]  27.00-28.00  sec   299 KBytes  2.45 Mbits/sec  3.003 ms  0/255 (0%)  
[  5]  28.00-29.00  sec   369 KBytes  3.02 Mbits/sec  2.297 ms  0/315 (0%)  
[  5]  29.00-30.00  sec   384 KBytes  3.15 Mbits/sec  2.447 ms  0/328 (0%)  
[  5]  30.00-31.00  sec   368 KBytes  3.01 Mbits/sec  2.454 ms  0/314 (0%)  
[  5]  31.00-32.00  sec   375 KBytes  3.07 Mbits/sec  2.453 ms  0/320 (0%)  
[  5]  32.00-33.00  sec   311 KBytes  2.54 Mbits/sec  2.826 ms  0/265 (0%)  
[  5]  33.00-34.00  sec   319 KBytes  2.61 Mbits/sec  2.864 ms  0/272 (0%)  
[  5]  34.00-35.00  sec   280 KBytes  2.29 Mbits/sec  3.362 ms  0/239 (0%)  
[  5]  35.00-36.00  sec   352 KBytes  2.88 Mbits/sec  2.394 ms  0/300 (0%)  
[  5]  36.00-37.00  sec   277 KBytes  2.27 Mbits/sec  2.517 ms  357/593 (60%)  
[  5]  37.00-38.00  sec   353 KBytes  2.89 Mbits/sec  3.102 ms  1025/1326 (77%)  
[  5]  38.00-39.00  sec   355 KBytes  2.91 Mbits/sec  2.521 ms  1011/1314 (77%)  
[  5]  39.00-40.00  sec   353 KBytes  2.89 Mbits/sec  2.570 ms  1088/1389 (78%)  
[  5]  40.00-41.00  sec   353 KBytes  2.88 Mbits/sec  2.513 ms  1017/1318 (77%)  
[  5]  41.00-42.00  sec   359 KBytes  2.94 Mbits/sec  2.216 ms  957/1263 (76%)  
[  5]  42.00-43.00  sec   335 KBytes  2.75 Mbits/sec  2.313 ms  844/1130 (75%)  
[  5]  43.00-44.00  sec   412 KBytes  3.38 Mbits/sec  2.304 ms  1131/1483 (76%)  
[  5]  44.00-45.00  sec   354 KBytes  2.90 Mbits/sec  2.329 ms  975/1277 (76%)  
[  5]  45.00-46.00  sec   353 KBytes  2.89 Mbits/sec  2.317 ms  905/1206 (75%)  
[  5]  46.00-47.00  sec   353 KBytes  2.89 Mbits/sec  2.450 ms  939/1240 (76%)  
[  5]  47.00-48.00  sec   355 KBytes  2.91 Mbits/sec  2.338 ms  1035/1338 (77%)  
[  5]  48.00-49.00  sec   393 KBytes  3.21 Mbits/sec  2.434 ms  1088/1423 (76%)  
[  5]  49.00-50.00  sec   412 KBytes  3.38 Mbits/sec  2.378 ms  1181/1533 (77%)  
[  5]  50.00-51.00  sec   359 KBytes  2.94 Mbits/sec  2.388 ms  975/1281 (76%)  
[  5]  51.00-52.00  sec   390 KBytes  3.20 Mbits/sec  2.891 ms  1160/1493 (78%)  
[  5]  52.00-53.00  sec   357 KBytes  2.93 Mbits/sec  2.918 ms  1085/1390 (78%)  
[  5]  53.00-54.00  sec   414 KBytes  3.39 Mbits/sec  2.356 ms  1297/1650 (79%)  
[  5]  54.00-55.00  sec   353 KBytes  2.89 Mbits/sec  2.232 ms  1116/1417 (79%)  
[  5]  55.00-56.00  sec   394 KBytes  3.23 Mbits/sec  2.198 ms  961/1297 (74%)  
[  5]  56.00-57.00  sec   354 KBytes  2.90 Mbits/sec  2.238 ms  862/1164 (74%)  
[  5]  57.00-58.00  sec   353 KBytes  2.89 Mbits/sec  2.398 ms  909/1210 (75%)  
[  5]  58.00-59.00  sec   394 KBytes  3.22 Mbits/sec  2.425 ms  956/1292 (74%)  
[  5]  59.00-60.00  sec   412 KBytes  3.38 Mbits/sec  2.542 ms  1387/1739 (80%)  
[  5]  60.00-61.00  sec   355 KBytes  2.91 Mbits/sec  2.909 ms  1230/1533 (80%)  
[  5]  61.00-62.00  sec   353 KBytes  2.89 Mbits/sec  2.384 ms  975/1276 (76%)  
[  5]  62.00-63.00  sec   339 KBytes  2.78 Mbits/sec  2.754 ms  875/1164 (75%)  
[  5]  63.00-64.00  sec   353 KBytes  2.89 Mbits/sec  3.276 ms  993/1294 (77%)  
[  5]  64.00-65.00  sec   354 KBytes  2.90 Mbits/sec  2.922 ms  1070/1372 (78%)  
[  5]  65.00-66.00  sec   354 KBytes  2.90 Mbits/sec  2.496 ms  915/1217 (75%)  
[  5]  66.00-67.00  sec   354 KBytes  2.90 Mbits/sec  2.479 ms  894/1196 (75%)  
[  5]  67.00-68.00  sec   412 KBytes  3.38 Mbits/sec  2.268 ms  1062/1414 (75%)  
[  5]  68.00-69.00  sec   393 KBytes  3.22 Mbits/sec  2.501 ms  1006/1341 (75%)  
[  5]  69.00-70.00  sec   355 KBytes  2.91 Mbits/sec  2.383 ms  872/1175 (74%)  
[  5]  70.00-71.00  sec   412 KBytes  3.38 Mbits/sec  2.335 ms  1090/1442 (76%)  
[  5]  71.00-72.00  sec   334 KBytes  2.74 Mbits/sec  2.617 ms  863/1148 (75%)  
[  5]  72.00-73.00  sec   357 KBytes  2.93 Mbits/sec  2.767 ms  1007/1312 (77%)  
[  5]  73.00-74.00  sec   355 KBytes  2.91 Mbits/sec  2.377 ms  935/1238 (76%)  
[  5]  74.00-75.00  sec   414 KBytes  3.39 Mbits/sec  2.179 ms  954/1307 (73%)  
[  5]  75.00-76.00  sec   353 KBytes  2.89 Mbits/sec  2.197 ms  841/1142 (74%)  
[  5]  76.00-77.00  sec   393 KBytes  3.22 Mbits/sec  2.422 ms  968/1303 (74%)  
[  5]  77.00-78.00  sec   354 KBytes  2.90 Mbits/sec  2.420 ms  825/1127 (73%)  
[  5]  78.00-79.00  sec   415 KBytes  3.39 Mbits/sec  2.235 ms  1034/1388 (74%)  
[  5]  79.00-80.00  sec   393 KBytes  3.22 Mbits/sec  2.401 ms  953/1288 (74%)  
[  5]  80.00-81.00  sec   353 KBytes  2.89 Mbits/sec  2.670 ms  874/1175 (74%)  
[  5]  81.00-82.00  sec   299 KBytes  2.45 Mbits/sec  2.974 ms  758/1013 (75%)  
[  5]  82.00-83.00  sec   354 KBytes  2.90 Mbits/sec  2.686 ms  929/1231 (75%)  
[  5]  83.00-84.00  sec   354 KBytes  2.90 Mbits/sec  2.545 ms  857/1159 (74%)  
[  5]  84.00-85.00  sec   353 KBytes  2.89 Mbits/sec  2.591 ms  828/1129 (73%)  
[  5]  85.00-86.00  sec   354 KBytes  2.90 Mbits/sec  2.616 ms  829/1131 (73%)  
[  5]  86.00-87.00  sec   412 KBytes  3.38 Mbits/sec  2.324 ms  1009/1361 (74%)  
[  5]  87.00-88.00  sec   335 KBytes  2.75 Mbits/sec  2.435 ms  919/1205 (76%)  
[  5]  88.00-89.00  sec   412 KBytes  3.38 Mbits/sec  2.262 ms  1103/1455 (76%)  
[  5]  89.00-90.00  sec   299 KBytes  2.45 Mbits/sec  2.664 ms  791/1046 (76%)  
[  5]  90.00-91.00  sec   412 KBytes  3.38 Mbits/sec  2.436 ms  1225/1577 (78%)  
[  5]  91.00-92.00  sec   354 KBytes  2.90 Mbits/sec  2.208 ms  941/1243 (76%)  
[  5]  92.00-93.00  sec   394 KBytes  3.22 Mbits/sec  2.424 ms  946/1282 (74%)  
[  5]  93.00-94.00  sec   412 KBytes  3.38 Mbits/sec  2.208 ms  969/1321 (73%)  
[  5]  94.00-95.00  sec   334 KBytes  2.74 Mbits/sec  2.488 ms  782/1067 (73%)  
[  5]  95.00-96.00  sec   353 KBytes  2.89 Mbits/sec  2.598 ms  853/1154 (74%)  
[  5]  96.00-97.00  sec   355 KBytes  2.91 Mbits/sec  2.601 ms  892/1195 (75%)  
[  5]  97.00-98.00  sec   412 KBytes  3.38 Mbits/sec  2.272 ms  1059/1411 (75%)  
[  5]  98.00-99.00  sec   393 KBytes  3.22 Mbits/sec  2.717 ms  1095/1430 (77%)  
[  5]  99.00-100.00 sec   359 KBytes  2.94 Mbits/sec  2.027 ms  920/1226 (75%)  
[  5] 100.00-101.00 sec   410 KBytes  3.36 Mbits/sec  2.304 ms  954/1304 (73%)  
[  5] 101.00-102.00 sec   338 KBytes  2.76 Mbits/sec  2.524 ms  804/1092 (74%)  
[  5] 102.00-103.00 sec   314 KBytes  2.57 Mbits/sec  2.159 ms  763/1031 (74%)  
[  5] 103.00-104.00 sec   353 KBytes  2.89 Mbits/sec  2.257 ms  856/1157 (74%)  
[  5] 104.00-105.00 sec   353 KBytes  2.89 Mbits/sec  2.226 ms  863/1164 (74%)  
[  5] 105.00-106.00 sec   295 KBytes  2.42 Mbits/sec  2.571 ms  700/952 (74%)  
[  5] 106.00-107.00 sec   354 KBytes  2.90 Mbits/sec  2.321 ms  839/1141 (74%)  
[  5] 107.00-108.00 sec   357 KBytes  2.93 Mbits/sec  2.485 ms  1108/1413 (78%)  
[  5] 108.00-109.00 sec   394 KBytes  3.22 Mbits/sec  2.348 ms  1078/1414 (76%)  
[  5] 109.00-110.00 sec   353 KBytes  2.89 Mbits/sec  2.457 ms  952/1253 (76%)  
[  5] 110.00-111.00 sec   415 KBytes  3.40 Mbits/sec  2.217 ms  1082/1436 (75%)  
[  5] 111.00-112.00 sec   353 KBytes  2.89 Mbits/sec  2.434 ms  951/1252 (76%)  
[  5] 112.00-113.00 sec   354 KBytes  2.90 Mbits/sec  2.252 ms  903/1205 (75%)  
[  5] 113.00-114.00 sec   353 KBytes  2.89 Mbits/sec  2.120 ms  853/1154 (74%)  
[  5] 114.00-115.00 sec   395 KBytes  3.24 Mbits/sec  2.231 ms  952/1289 (74%)  
[  5] 115.00-116.00 sec   353 KBytes  2.89 Mbits/sec  2.348 ms  1025/1326 (77%)  
[  5] 116.00-117.00 sec   398 KBytes  3.26 Mbits/sec  2.529 ms  986/1326 (74%)  
[  5] 117.00-118.00 sec   412 KBytes  3.38 Mbits/sec  2.303 ms  1004/1356 (74%)  
[  5] 118.00-119.00 sec   350 KBytes  2.87 Mbits/sec  2.264 ms  829/1128 (73%)  
[  5] 119.00-120.00 sec   357 KBytes  2.93 Mbits/sec  2.179 ms  877/1182 (74%)  
[  5] 120.00-121.00 sec   334 KBytes  2.74 Mbits/sec  2.440 ms  802/1087 (74%)  
[  5] 121.00-122.00 sec   353 KBytes  2.89 Mbits/sec  2.410 ms  916/1217 (75%)  
[  5] 122.00-123.00 sec   412 KBytes  3.38 Mbits/sec  2.193 ms  1110/1462 (76%)  
[  5] 123.00-124.00 sec   355 KBytes  2.91 Mbits/sec  2.276 ms  856/1159 (74%)  
[  5] 124.00-125.00 sec   353 KBytes  2.89 Mbits/sec  2.284 ms  852/1153 (74%)  
[  5] 125.00-126.00 sec   359 KBytes  2.94 Mbits/sec  2.402 ms  833/1139 (73%)  
[  5] 126.00-127.00 sec   353 KBytes  2.89 Mbits/sec  2.294 ms  850/1151 (74%)  
[  5] 127.00-128.00 sec   334 KBytes  2.74 Mbits/sec  2.846 ms  856/1141 (75%)  
[  5] 128.00-129.00 sec   314 KBytes  2.57 Mbits/sec  2.678 ms  937/1205 (78%)  
[  5] 129.00-130.00 sec   354 KBytes  2.90 Mbits/sec  2.488 ms  975/1277 (76%)  
[  5] 130.00-131.00 sec   353 KBytes  2.89 Mbits/sec  2.655 ms  1045/1346 (78%)  
[  5] 131.00-132.00 sec   339 KBytes  2.77 Mbits/sec  2.451 ms  948/1237 (77%)  
[  5] 132.00-133.00 sec   409 KBytes  3.35 Mbits/sec  2.534 ms  1165/1514 (77%)  
[  5] 133.00-134.00 sec   414 KBytes  3.39 Mbits/sec  2.410 ms  1082/1435 (75%)  
[  5] 134.00-135.00 sec   338 KBytes  2.76 Mbits/sec  2.428 ms  814/1102 (74%)  
[  5] 135.00-136.00 sec   414 KBytes  3.39 Mbits/sec  2.314 ms  1022/1375 (74%)  
[  5] 136.00-137.01 sec   353 KBytes  2.86 Mbits/sec  2.354 ms  864/1165 (74%)  
[  5] 137.01-138.00 sec   295 KBytes  2.45 Mbits/sec  2.590 ms  755/1007 (75%)  
[  5] 138.00-139.00 sec   412 KBytes  3.38 Mbits/sec  2.614 ms  1065/1417 (75%)  
[  5] 139.00-140.00 sec   393 KBytes  3.22 Mbits/sec  2.430 ms  1169/1504 (78%)  
[  5] 140.00-141.00 sec   354 KBytes  2.90 Mbits/sec  2.326 ms  830/1132 (73%)  
[  5] 141.00-142.00 sec   394 KBytes  3.23 Mbits/sec  2.541 ms  926/1262 (73%)  
[  5] 142.00-143.00 sec   354 KBytes  2.90 Mbits/sec  2.961 ms  862/1164 (74%)  
[  5] 143.00-144.00 sec   417 KBytes  3.42 Mbits/sec  2.245 ms  996/1352 (74%)  
[  5] 144.00-145.00 sec   394 KBytes  3.23 Mbits/sec  2.413 ms  954/1290 (74%)  
[  5] 145.00-146.00 sec   354 KBytes  2.90 Mbits/sec  2.570 ms  917/1219 (75%)  
[  5] 146.00-147.00 sec   314 KBytes  2.57 Mbits/sec  2.346 ms  913/1181 (77%)  
[  5] 147.00-148.00 sec   353 KBytes  2.89 Mbits/sec  2.511 ms  916/1217 (75%)  
[  5] 148.00-149.00 sec   353 KBytes  2.89 Mbits/sec  2.290 ms  854/1155 (74%)  
[  5] 149.00-150.00 sec   339 KBytes  2.78 Mbits/sec  2.602 ms  869/1158 (75%)  
[  5] 150.00-151.00 sec   350 KBytes  2.87 Mbits/sec  3.116 ms  911/1210 (75%)  
[  5] 151.00-152.00 sec   318 KBytes  2.60 Mbits/sec  2.343 ms  846/1117 (76%)  
[  5] 152.00-153.00 sec   354 KBytes  2.90 Mbits/sec  2.413 ms  966/1268 (76%)  
[  5] 153.00-154.00 sec   353 KBytes  2.89 Mbits/sec  2.349 ms  947/1248 (76%)  
[  5] 154.00-155.00 sec   353 KBytes  2.89 Mbits/sec  2.305 ms  1182/1483 (80%)  
[  5] 155.00-156.00 sec   335 KBytes  2.75 Mbits/sec  2.814 ms  918/1204 (76%)  
[  5] 156.00-157.00 sec   357 KBytes  2.93 Mbits/sec  2.779 ms  955/1260 (76%)  
[  5] 157.00-158.00 sec   414 KBytes  3.39 Mbits/sec  2.122 ms  1041/1394 (75%)  
[  5] 158.00-159.00 sec   353 KBytes  2.89 Mbits/sec  2.350 ms  832/1133 (73%)  
[  5] 159.00-160.00 sec   353 KBytes  2.89 Mbits/sec  2.237 ms  826/1127 (73%)  
[  5] 160.00-161.00 sec   395 KBytes  3.24 Mbits/sec  2.301 ms  925/1262 (73%)  
[  5] 161.00-162.00 sec   354 KBytes  2.90 Mbits/sec  2.198 ms  854/1156 (74%)  
[  5] 162.00-163.00 sec   353 KBytes  2.89 Mbits/sec  2.338 ms  918/1219 (75%)  
[  5] 163.00-164.00 sec   353 KBytes  2.89 Mbits/sec  2.428 ms  1020/1321 (77%)  
[  5] 164.00-165.00 sec   355 KBytes  2.91 Mbits/sec  2.272 ms  912/1215 (75%)  
[  5] 165.00-166.00 sec   397 KBytes  3.25 Mbits/sec  2.361 ms  955/1294 (74%)  
[  5] 166.00-167.00 sec   354 KBytes  2.90 Mbits/sec  2.188 ms  829/1131 (73%)  
[  5] 167.00-168.00 sec   393 KBytes  3.22 Mbits/sec  2.577 ms  976/1311 (74%)  
[  5] 168.00-169.00 sec   353 KBytes  2.89 Mbits/sec  2.694 ms  857/1158 (74%)  
[  5] 169.00-170.00 sec   355 KBytes  2.91 Mbits/sec  2.552 ms  881/1184 (74%)  
[  5] 170.00-171.00 sec   353 KBytes  2.89 Mbits/sec  2.612 ms  859/1160 (74%)  
[  5] 171.00-172.00 sec   314 KBytes  2.57 Mbits/sec  2.295 ms  745/1013 (74%)  
[  5] 172.00-173.00 sec   298 KBytes  2.44 Mbits/sec  2.529 ms  737/991 (74%)  
[  5] 173.00-174.00 sec   354 KBytes  2.90 Mbits/sec  2.380 ms  1037/1339 (77%)  
[  5] 174.00-175.00 sec   355 KBytes  2.91 Mbits/sec  2.438 ms  1049/1352 (78%)  
[  5] 175.00-176.00 sec   353 KBytes  2.89 Mbits/sec  2.294 ms  964/1265 (76%)  
[  5] 176.00-177.00 sec   353 KBytes  2.89 Mbits/sec  2.302 ms  909/1210 (75%)  
[  5] 177.00-178.00 sec   354 KBytes  2.90 Mbits/sec  2.755 ms  998/1300 (77%)  
[  5] 178.00-179.00 sec   335 KBytes  2.74 Mbits/sec  3.110 ms  971/1257 (77%)  
