Connecting to host 172.22.0.50, port 5201
Reverse mode, remote host 172.22.0.50 is sending
[  5] local 192.168.100.2 port 49885 connected to 172.22.0.50 port 5201
[ ID] Interval           Transfer     Bitrate         Jitter    Lost/Total Datagrams
[  5]   0.00-1.00   sec   417 KBytes  3.42 Mbits/sec  1.799 ms  0/356 (0%)  
[  5]   1.00-2.00   sec   469 KBytes  3.84 Mbits/sec  1.893 ms  0/400 (0%)  
[  5]   2.00-3.00   sec   470 KBytes  3.85 Mbits/sec  1.679 ms  0/401 (0%)  
[  5]   3.00-4.00   sec   473 KBytes  3.88 Mbits/sec  1.736 ms  0/404 (0%)  
[  5]   4.00-5.00   sec   464 KBytes  3.80 Mbits/sec  1.697 ms  0/396 (0%)  
[  5]   5.00-6.00   sec   435 KBytes  3.56 Mbits/sec  1.691 ms  0/371 (0%)  
[  5]   6.00-7.00   sec   466 KBytes  3.82 Mbits/sec  1.804 ms  0/398 (0%)  
[  5]   7.00-8.00   sec   471 KBytes  3.86 Mbits/sec  1.693 ms  0/402 (0%)  
[  5]   8.00-9.00   sec   472 KBytes  3.87 Mbits/sec  1.710 ms  0/403 (0%)  
[  5]   9.00-10.00  sec   471 KBytes  3.86 Mbits/sec  1.698 ms  0/402 (0%)  
[  5]  10.00-11.00  sec   466 KBytes  3.82 Mbits/sec  1.755 ms  0/398 (0%)  
[  5]  11.00-12.00  sec   443 KBytes  3.63 Mbits/sec  1.613 ms  0/378 (0%)  
[  5]  12.00-13.00  sec   478 KBytes  3.92 Mbits/sec  1.657 ms  0/408 (0%)  
[  5]  13.00-14.00  sec   475 KBytes  3.89 Mbits/sec  1.658 ms  0/405 (0%)  
[  5]  14.00-15.00  sec   468 KBytes  3.83 Mbits/sec  1.754 ms  0/399 (0%)  
[  5]  15.00-16.00  sec   473 KBytes  3.88 Mbits/sec  1.692 ms  0/404 (0%)  
[  5]  16.00-17.00  sec   443 KBytes  3.63 Mbits/sec  1.867 ms  0/378 (0%)  
[  5]  17.00-18.00  sec   427 KBytes  3.49 Mbits/sec  1.929 ms  0/364 (0%)  
[  5]  18.00-19.00  sec   471 KBytes  3.86 Mbits/sec  1.710 ms  0/402 (0%)  
[  5]  19.00-20.00  sec   473 KBytes  3.88 Mbits/sec  1.643 ms  0/404 (0%)  
[  5]  20.00-21.00  sec   434 KBytes  3.55 Mbits/sec  2.045 ms  0/370 (0%)  
[  5]  21.00-22.00  sec   476 KBytes  3.90 Mbits/sec  1.696 ms  0/406 (0%)  
[  5]  22.00-23.00  sec   475 KBytes  3.89 Mbits/sec  1.699 ms  0/405 (0%)  
[  5]  23.00-24.00  sec   476 KBytes  3.90 Mbits/sec  1.668 ms  0/406 (0%)  
[  5]  24.00-25.00  sec   468 KBytes  3.82 Mbits/sec  1.765 ms  0/399 (0%)  
[  5]  25.00-26.00  sec   478 KBytes  3.92 Mbits/sec  1.663 ms  0/408 (0%)  
[  5]  26.00-27.00  sec   468 KBytes  3.83 Mbits/sec  1.653 ms  0/399 (0%)  
[  5]  27.00-28.00  sec   431 KBytes  3.53 Mbits/sec  1.715 ms  0/368 (0%)  
[  5]  28.00-29.00  sec   479 KBytes  3.93 Mbits/sec  1.737 ms  0/409 (0%)  
[  5]  29.00-30.00  sec   459 KBytes  3.76 Mbits/sec  1.792 ms  0/392 (0%)  
[  5]  30.00-31.00  sec   418 KBytes  3.43 Mbits/sec  1.811 ms  756/1113 (68%)  
[  5]  31.00-32.00  sec   452 KBytes  3.71 Mbits/sec  2.221 ms  889/1275 (70%)  
[  5]  32.00-33.00  sec   509 KBytes  4.16 Mbits/sec  2.008 ms  922/1356 (68%)  
[  5]  33.00-34.00  sec   452 KBytes  3.71 Mbits/sec  2.483 ms  797/1183 (67%)  
[  5]  34.00-35.00  sec   473 KBytes  3.88 Mbits/sec  1.972 ms  846/1250 (68%)  
[  5]  35.00-36.00  sec   452 KBytes  3.71 Mbits/sec  2.047 ms  826/1212 (68%)  
[  5]  36.00-37.00  sec   397 KBytes  3.25 Mbits/sec  2.235 ms  713/1052 (68%)  
[  5]  37.00-38.00  sec   509 KBytes  4.17 Mbits/sec  2.232 ms  1032/1466 (70%)  
[  5]  38.00-39.00  sec   473 KBytes  3.88 Mbits/sec  1.966 ms  935/1339 (70%)  
[  5]  39.00-40.00  sec   452 KBytes  3.71 Mbits/sec  2.019 ms  801/1187 (67%)  
[  5]  40.00-41.00  sec   454 KBytes  3.71 Mbits/sec  2.014 ms  837/1224 (68%)  
[  5]  41.00-42.00  sec   452 KBytes  3.70 Mbits/sec  2.157 ms  882/1268 (70%)  
[  5]  42.00-43.00  sec   473 KBytes  3.88 Mbits/sec  1.950 ms  842/1246 (68%)  
[  5]  43.00-44.00  sec   492 KBytes  4.03 Mbits/sec  2.165 ms  879/1299 (68%)  
[  5]  44.00-45.00  sec   473 KBytes  3.88 Mbits/sec  1.883 ms  840/1244 (68%)  
[  5]  45.00-46.00  sec   452 KBytes  3.71 Mbits/sec  1.871 ms  829/1215 (68%)  
[  5]  46.00-47.00  sec   454 KBytes  3.72 Mbits/sec  1.978 ms  787/1174 (67%)  
[  5]  47.00-48.00  sec   452 KBytes  3.71 Mbits/sec  2.448 ms  870/1256 (69%)  
[  5]  48.00-49.00  sec   473 KBytes  3.88 Mbits/sec  2.006 ms  912/1316 (69%)  
[  5]  49.00-50.00  sec   454 KBytes  3.71 Mbits/sec  1.903 ms  792/1179 (67%)  
[  5]  50.00-51.00  sec   452 KBytes  3.71 Mbits/sec  1.869 ms  821/1207 (68%)  
[  5]  51.00-52.00  sec   513 KBytes  4.21 Mbits/sec  1.877 ms  909/1347 (67%)  
[  5]  52.00-53.00  sec   452 KBytes  3.71 Mbits/sec  1.904 ms  808/1194 (68%)  
[  5]  53.00-54.00  sec   454 KBytes  3.72 Mbits/sec  2.140 ms  822/1209 (68%)  
[  5]  54.00-55.00  sec   452 KBytes  3.71 Mbits/sec  2.157 ms  812/1198 (68%)  
[  5]  55.00-56.01  sec   473 KBytes  3.84 Mbits/sec  1.874 ms  898/1302 (69%)  
[  5]  56.01-57.00  sec   452 KBytes  3.74 Mbits/sec  1.933 ms  882/1268 (70%)  
[  5]  57.00-58.00  sec   454 KBytes  3.71 Mbits/sec  2.012 ms  866/1253 (69%)  
[  5]  58.00-59.00  sec   452 KBytes  3.71 Mbits/sec  2.143 ms  799/1185 (67%)  
[  5]  59.00-60.00  sec   473 KBytes  3.88 Mbits/sec  1.800 ms  836/1240 (67%)  
[  5]  60.00-61.00  sec   393 KBytes  3.22 Mbits/sec  2.436 ms  732/1067 (69%)  
[  5]  61.00-62.00  sec   472 KBytes  3.87 Mbits/sec  2.181 ms  989/1392 (71%)  
[  5]  62.00-63.00  sec   493 KBytes  4.04 Mbits/sec  2.140 ms  881/1302 (68%)  
[  5]  63.00-64.00  sec   454 KBytes  3.72 Mbits/sec  2.016 ms  800/1187 (67%)  
[  5]  64.00-65.00  sec   472 KBytes  3.87 Mbits/sec  1.890 ms  826/1229 (67%)  
[  5]  65.00-66.00  sec   454 KBytes  3.72 Mbits/sec  2.014 ms  827/1214 (68%)  
[  5]  66.00-67.00  sec   452 KBytes  3.71 Mbits/sec  2.156 ms  826/1212 (68%)  
[  5]  67.00-68.00  sec   452 KBytes  3.71 Mbits/sec  2.157 ms  831/1217 (68%)  
[  5]  68.00-69.00  sec   473 KBytes  3.88 Mbits/sec  1.874 ms  895/1299 (69%)  
[  5]  69.00-70.00  sec   452 KBytes  3.71 Mbits/sec  2.084 ms  900/1286 (70%)  
[  5]  70.00-71.00  sec   513 KBytes  4.20 Mbits/sec  1.874 ms  978/1416 (69%)  
[  5]  71.00-72.00  sec   454 KBytes  3.72 Mbits/sec  1.812 ms  790/1177 (67%)  
[  5]  72.00-73.00  sec   452 KBytes  3.71 Mbits/sec  2.159 ms  787/1173 (67%)  
[  5]  73.00-74.00  sec   454 KBytes  3.72 Mbits/sec  2.050 ms  796/1183 (67%)  
[  5]  74.00-75.00  sec   472 KBytes  3.86 Mbits/sec  1.910 ms  830/1233 (67%)  
[  5]  75.00-76.00  sec   454 KBytes  3.72 Mbits/sec  2.000 ms  904/1291 (70%)  
[  5]  76.00-77.00  sec   452 KBytes  3.71 Mbits/sec  1.988 ms  914/1300 (70%)  
[  5]  77.00-78.00  sec   452 KBytes  3.71 Mbits/sec  2.269 ms  836/1222 (68%)  
[  5]  78.00-79.00  sec   454 KBytes  3.71 Mbits/sec  2.129 ms  819/1206 (68%)  
[  5]  79.00-80.00  sec   513 KBytes  4.21 Mbits/sec  2.119 ms  946/1384 (68%)  
[  5]  80.00-81.00  sec   454 KBytes  3.72 Mbits/sec  2.123 ms  858/1245 (69%)  
[  5]  81.00-82.00  sec   472 KBytes  3.87 Mbits/sec  1.891 ms  996/1399 (71%)  
[  5]  82.00-83.00  sec   493 KBytes  4.04 Mbits/sec  2.110 ms  893/1314 (68%)  
[  5]  83.00-84.00  sec   472 KBytes  3.87 Mbits/sec  1.910 ms  868/1271 (68%)  
[  5]  84.00-85.00  sec   393 KBytes  3.22 Mbits/sec  2.142 ms  721/1056 (68%)  
[  5]  85.00-86.00  sec   513 KBytes  4.20 Mbits/sec  2.145 ms  957/1395 (69%)  
[  5]  86.00-87.00  sec   454 KBytes  3.71 Mbits/sec  2.052 ms  824/1211 (68%)  
[  5]  87.00-88.00  sec   472 KBytes  3.87 Mbits/sec  1.970 ms  878/1281 (69%)  
[  5]  88.00-89.00  sec   493 KBytes  4.04 Mbits/sec  2.085 ms  937/1358 (69%)  
[  5]  89.00-90.00  sec   473 KBytes  3.88 Mbits/sec  1.821 ms  864/1268 (68%)  
[  5]  90.00-91.00  sec   452 KBytes  3.71 Mbits/sec  1.859 ms  823/1209 (68%)  
[  5]  91.00-92.00  sec   454 KBytes  3.71 Mbits/sec  2.083 ms  819/1206 (68%)  
[  5]  92.00-93.00  sec   507 KBytes  4.16 Mbits/sec  2.100 ms  950/1383 (69%)  
[  5]  93.00-94.00  sec   454 KBytes  3.72 Mbits/sec  2.554 ms  840/1227 (68%)  
[  5]  94.00-95.00  sec   458 KBytes  3.75 Mbits/sec  2.132 ms  848/1239 (68%)  
[  5]  95.00-96.00  sec   412 KBytes  3.38 Mbits/sec  2.161 ms  835/1187 (70%)  
[  5]  96.00-97.00  sec   513 KBytes  4.20 Mbits/sec  1.800 ms  901/1339 (67%)  
[  5]  97.00-98.00  sec   448 KBytes  3.67 Mbits/sec  2.247 ms  787/1169 (67%)  
[  5]  98.00-99.00  sec   512 KBytes  4.20 Mbits/sec  1.999 ms  977/1414 (69%)  
[  5]  99.00-100.00 sec   454 KBytes  3.72 Mbits/sec  2.149 ms  810/1197 (68%)  
[  5] 100.00-101.00 sec   417 KBytes  3.42 Mbits/sec  1.931 ms  757/1113 (68%)  
[  5] 101.00-102.00 sec   454 KBytes  3.72 Mbits/sec  1.872 ms  796/1183 (67%)  
[  5] 102.00-103.00 sec   454 KBytes  3.72 Mbits/sec  2.043 ms  783/1170 (67%)  
[  5] 103.00-104.00 sec   452 KBytes  3.71 Mbits/sec  2.169 ms  813/1199 (68%)  
[  5] 104.00-105.00 sec   473 KBytes  3.88 Mbits/sec  2.012 ms  875/1279 (68%)  
[  5] 105.00-106.00 sec   452 KBytes  3.71 Mbits/sec  1.858 ms  905/1291 (70%)  
[  5] 106.00-107.00 sec   452 KBytes  3.71 Mbits/sec  2.083 ms  806/1192 (68%)  
[  5] 107.00-108.00 sec   454 KBytes  3.72 Mbits/sec  2.020 ms  800/1187 (67%)  
[  5] 108.00-109.00 sec   472 KBytes  3.87 Mbits/sec  1.889 ms  837/1240 (68%)  
[  5] 109.00-110.00 sec   509 KBytes  4.17 Mbits/sec  2.025 ms  915/1349 (68%)  
[  5] 110.00-111.00 sec   397 KBytes  3.25 Mbits/sec  2.235 ms  713/1052 (68%)  
[  5] 111.00-112.00 sec   454 KBytes  3.72 Mbits/sec  2.008 ms  874/1261 (69%)  
[  5] 112.00-113.00 sec   472 KBytes  3.87 Mbits/sec  1.880 ms  832/1235 (67%)  
[  5] 113.00-114.00 sec   454 KBytes  3.72 Mbits/sec  1.827 ms  810/1197 (68%)  
[  5] 114.00-115.00 sec   458 KBytes  3.75 Mbits/sec  4.930 ms  895/1287 (70%)  
[  5] 115.00-116.00 sec   500 KBytes  4.10 Mbits/sec  1.848 ms  916/1344 (68%)  
[  5] 116.00-117.00 sec   452 KBytes  3.71 Mbits/sec  1.879 ms  866/1252 (69%)  
[  5] 117.00-118.00 sec   454 KBytes  3.72 Mbits/sec  2.109 ms  805/1192 (68%)  
[  5] 118.00-119.00 sec   513 KBytes  4.20 Mbits/sec  1.964 ms  913/1351 (68%)  
[  5] 119.00-120.00 sec   472 KBytes  3.87 Mbits/sec  1.875 ms  829/1232 (67%)  
[  5] 120.00-121.00 sec   454 KBytes  3.72 Mbits/sec  2.101 ms  844/1231 (69%)  
[  5] 121.00-122.00 sec   452 KBytes  3.71 Mbits/sec  1.945 ms  959/1345 (71%)  
[  5] 122.00-123.00 sec   452 KBytes  3.71 Mbits/sec  2.061 ms  839/1225 (68%)  
[  5] 123.00-124.00 sec   454 KBytes  3.72 Mbits/sec  2.117 ms  844/1231 (69%)  
[  5] 124.00-125.00 sec   513 KBytes  4.20 Mbits/sec  2.103 ms  978/1416 (69%)  
[  5] 125.00-126.00 sec   454 KBytes  3.72 Mbits/sec  2.055 ms  847/1234 (69%)  
[  5] 126.00-127.00 sec   472 KBytes  3.87 Mbits/sec  1.955 ms  958/1361 (70%)  
[  5] 127.00-128.00 sec   454 KBytes  3.71 Mbits/sec  1.874 ms  814/1201 (68%)  
[  5] 128.00-129.00 sec   452 KBytes  3.71 Mbits/sec  2.107 ms  805/1191 (68%)  
[  5] 129.00-130.00 sec   513 KBytes  4.20 Mbits/sec  1.868 ms  918/1356 (68%)  
[  5] 130.00-131.00 sec   452 KBytes  3.71 Mbits/sec  2.111 ms  815/1201 (68%)  
[  5] 131.00-132.00 sec   454 KBytes  3.72 Mbits/sec  2.066 ms  899/1286 (70%)  
[  5] 132.00-133.00 sec   472 KBytes  3.87 Mbits/sec  1.966 ms  870/1273 (68%)  
[  5] 133.00-134.00 sec   393 KBytes  3.22 Mbits/sec  2.163 ms  754/1089 (69%)  
[  5] 134.00-135.00 sec   513 KBytes  4.20 Mbits/sec  2.159 ms  967/1405 (69%)  
[  5] 135.00-136.00 sec   454 KBytes  3.72 Mbits/sec  1.991 ms  812/1199 (68%)  
[  5] 136.00-137.00 sec   472 KBytes  3.87 Mbits/sec  1.859 ms  834/1237 (67%)  
[  5] 137.00-138.00 sec   454 KBytes  3.72 Mbits/sec  1.935 ms  833/1220 (68%)  
[  5] 138.00-139.00 sec   512 KBytes  4.19 Mbits/sec  1.906 ms  912/1349 (68%)  
[  5] 139.00-140.00 sec   393 KBytes  3.22 Mbits/sec  2.207 ms  679/1014 (67%)  
[  5] 140.00-141.00 sec   514 KBytes  4.21 Mbits/sec  1.884 ms  952/1391 (68%)  
[  5] 141.00-142.00 sec   452 KBytes  3.71 Mbits/sec  2.112 ms  823/1209 (68%)  
[  5] 142.00-143.00 sec   513 KBytes  4.20 Mbits/sec  1.896 ms  948/1386 (68%)  
[  5] 143.00-144.00 sec   452 KBytes  3.71 Mbits/sec  2.106 ms  887/1273 (70%)  
[  5] 144.00-145.00 sec   454 KBytes  3.72 Mbits/sec  2.040 ms  799/1186 (67%)  
[  5] 145.00-146.00 sec   472 KBytes  3.87 Mbits/sec  1.867 ms  833/1236 (67%)  
[  5] 146.00-147.00 sec   454 KBytes  3.71 Mbits/sec  1.834 ms  789/1176 (67%)  
[  5] 147.00-148.00 sec   507 KBytes  4.16 Mbits/sec  2.002 ms  915/1348 (68%)  
[  5] 148.00-149.00 sec   454 KBytes  3.72 Mbits/sec  2.077 ms  906/1293 (70%)  
[  5] 149.00-150.00 sec   513 KBytes  4.20 Mbits/sec  1.823 ms  904/1342 (67%)  
[  5] 150.00-151.00 sec   452 KBytes  3.70 Mbits/sec  2.134 ms  815/1201 (68%)  
[  5] 151.00-152.00 sec   454 KBytes  3.72 Mbits/sec  2.219 ms  814/1201 (68%)  
[  5] 152.00-153.00 sec   412 KBytes  3.38 Mbits/sec  2.128 ms  771/1123 (69%)  
[  5] 153.00-154.00 sec   452 KBytes  3.71 Mbits/sec  2.028 ms  960/1346 (71%)  
[  5] 154.00-155.00 sec   513 KBytes  4.20 Mbits/sec  2.050 ms  937/1375 (68%)  
[  5] 155.00-156.00 sec   454 KBytes  3.72 Mbits/sec  2.118 ms  836/1223 (68%)  
