Connecting to host 172.22.0.50, port 5203
Reverse mode, remote host 172.22.0.50 is sending
[  5] local 192.168.200.2 port 34418 connected to 172.22.0.50 port 5203
[ ID] Interval           Transfer     Bitrate         Jitter    Lost/Total Datagrams
[  5]   0.00-1.00   sec   305 KBytes  2.50 Mbits/sec  0.433 ms  0/3909 (0%)  
[  5]   1.00-2.00   sec   306 KBytes  2.50 Mbits/sec  0.347 ms  0/3911 (0%)  
[  5]   2.00-3.00   sec   305 KBytes  2.50 Mbits/sec  0.380 ms  0/3905 (0%)  
[  5]   3.00-4.00   sec   305 KBytes  2.50 Mbits/sec  0.330 ms  0/3908 (0%)  
[  5]   4.00-5.00   sec   305 KBytes  2.50 Mbits/sec  0.344 ms  0/3901 (0%)  
[  5]   5.00-6.00   sec   305 KBytes  2.50 Mbits/sec  0.338 ms  0/3906 (0%)  
[  5]   6.00-7.00   sec   306 KBytes  2.50 Mbits/sec  0.350 ms  0/3912 (0%)  
[  5]   7.00-8.00   sec   305 KBytes  2.50 Mbits/sec  0.340 ms  0/3901 (0%)  
[  5]   8.00-9.00   sec   305 KBytes  2.50 Mbits/sec  0.339 ms  0/3908 (0%)  
[  5]   9.00-10.00  sec   305 KBytes  2.50 Mbits/sec  0.330 ms  0/3905 (0%)  
[  5]  10.00-11.00  sec   305 KBytes  2.50 Mbits/sec  0.359 ms  0/3909 (0%)  
[  5]  11.00-12.00  sec   305 KBytes  2.50 Mbits/sec  0.384 ms  0/3903 (0%)  
[  5]  12.00-13.00  sec   305 KBytes  2.50 Mbits/sec  0.341 ms  0/3904 (0%)  
[  5]  13.00-14.00  sec   306 KBytes  2.50 Mbits/sec  0.377 ms  0/3912 (0%)  
[  5]  14.00-15.00  sec   305 KBytes  2.50 Mbits/sec  0.345 ms  0/3906 (0%)  
[  5]  15.00-16.00  sec   305 KBytes  2.50 Mbits/sec  0.346 ms  0/3909 (0%)  
[  5]  16.00-17.00  sec   305 KBytes  2.50 Mbits/sec  0.367 ms  0/3903 (0%)  
[  5]  17.00-18.00  sec   305 KBytes  2.50 Mbits/sec  0.352 ms  0/3901 (0%)  
[  5]  18.00-19.00  sec   305 KBytes  2.50 Mbits/sec  0.323 ms  0/3908 (0%)  
[  5]  19.00-20.00  sec   305 KBytes  2.50 Mbits/sec  0.329 ms  0/3905 (0%)  
[  5]  20.00-21.00  sec   305 KBytes  2.50 Mbits/sec  0.341 ms  0/3908 (0%)  
[  5]  21.00-22.00  sec   305 KBytes  2.50 Mbits/sec  0.349 ms  0/3902 (0%)  
[  5]  22.00-23.00  sec   306 KBytes  2.51 Mbits/sec  0.325 ms  0/3916 (0%)  
[  5]  23.00-24.00  sec   305 KBytes  2.50 Mbits/sec  0.351 ms  0/3902 (0%)  
[  5]  24.00-25.00  sec   305 KBytes  2.50 Mbits/sec  0.317 ms  0/3909 (0%)  
[  5]  25.00-26.00  sec   305 KBytes  2.50 Mbits/sec  0.332 ms  0/3903 (0%)  
[  5]  26.00-27.00  sec   305 KBytes  2.50 Mbits/sec  0.371 ms  0/3907 (0%)  
[  5]  27.00-28.00  sec   305 KBytes  2.50 Mbits/sec  0.346 ms  0/3909 (0%)  
[  5]  28.00-29.00  sec   305 KBytes  2.50 Mbits/sec  0.425 ms  0/3904 (0%)  
[  5]  29.00-30.00  sec   305 KBytes  2.50 Mbits/sec  0.358 ms  0/3905 (0%)  
[  5]  30.00-31.00  sec   305 KBytes  2.50 Mbits/sec  0.321 ms  0/3909 (0%)  
[  5]  31.00-32.00  sec   305 KBytes  2.50 Mbits/sec  0.339 ms  0/3901 (0%)  
[  5]  32.00-33.00  sec   305 KBytes  2.50 Mbits/sec  0.387 ms  0/3910 (0%)  
[  5]  33.00-34.00  sec   305 KBytes  2.50 Mbits/sec  0.350 ms  0/3906 (0%)  
[  5]  34.00-35.00  sec   305 KBytes  2.50 Mbits/sec  0.368 ms  0/3908 (0%)  
[  5]  35.00-36.00  sec   305 KBytes  2.50 Mbits/sec  0.393 ms  0/3903 (0%)  
[  5]  36.00-37.00  sec   305 KBytes  2.50 Mbits/sec  0.340 ms  0/3910 (0%)  
[  5]  37.00-38.00  sec   305 KBytes  2.50 Mbits/sec  0.378 ms  0/3904 (0%)  
[  5]  37.00-38.00  sec   305 KBytes  2.50 Mbits/sec  0.378 ms  0/3904 (0%)  
iperf3: error - control socket has closed unexpectedly
