Connecting to host 172.22.0.50, port 5203
Reverse mode, remote host 172.22.0.50 is sending
[  5] local 192.168.200.2 port 34581 connected to 172.22.0.50 port 5203
[ ID] Interval           Transfer     Bitrate         Jitter    Lost/Total Datagrams
[  5]   0.00-1.00   sec  12.3 KBytes   100 Kbits/sec  0.689 ms  0/157 (0%)  
[  5]   1.00-2.00   sec  12.2 KBytes  99.8 Kbits/sec  0.663 ms  0/156 (0%)  
[  5]   2.00-3.00   sec  12.3 KBytes   100 Kbits/sec  0.649 ms  0/157 (0%)  
[  5]   3.00-4.00   sec  12.2 KBytes  99.8 Kbits/sec  0.671 ms  0/156 (0%)  
[  5]   4.00-5.00   sec  12.2 KBytes  99.8 Kbits/sec  0.654 ms  0/156 (0%)  
[  5]   5.00-6.00   sec  12.2 KBytes  99.8 Kbits/sec  0.577 ms  0/156 (0%)  
[  5]   6.00-7.00   sec  12.3 KBytes   100 Kbits/sec  0.659 ms  0/157 (0%)  
[  5]   7.00-8.00   sec  12.2 KBytes  99.8 Kbits/sec  0.601 ms  0/156 (0%)  
[  5]   8.00-9.00   sec  12.2 KBytes  99.8 Kbits/sec  0.744 ms  0/156 (0%)  
[  5]   9.00-10.00  sec  12.2 KBytes  99.8 Kbits/sec  0.696 ms  0/156 (0%)  
[  5]  10.00-11.00  sec  12.3 KBytes   101 Kbits/sec  0.541 ms  0/157 (0%)  
[  5]  11.00-12.00  sec  12.2 KBytes  99.8 Kbits/sec  0.777 ms  0/156 (0%)  
[  5]  12.00-13.00  sec  12.2 KBytes  99.9 Kbits/sec  0.661 ms  0/156 (0%)  
[  5]  13.00-14.00  sec  12.2 KBytes  99.8 Kbits/sec  0.599 ms  0/156 (0%)  
[  5]  14.00-15.00  sec  12.3 KBytes   100 Kbits/sec  0.735 ms  0/157 (0%)  
[  5]  15.00-16.00  sec  12.2 KBytes  99.8 Kbits/sec  0.585 ms  0/156 (0%)  
[  5]  16.00-17.00  sec  12.2 KBytes  99.8 Kbits/sec  0.665 ms  0/156 (0%)  
[  5]  17.00-18.00  sec  12.2 KBytes  99.8 Kbits/sec  0.504 ms  0/156 (0%)  
[  5]  18.00-19.00  sec  12.3 KBytes   100 Kbits/sec  0.655 ms  0/157 (0%)  
[  5]  19.00-20.00  sec  12.2 KBytes  99.8 Kbits/sec  0.619 ms  0/156 (0%)  
[  5]  20.00-21.00  sec  12.2 KBytes  99.8 Kbits/sec  0.476 ms  0/156 (0%)  
[  5]  21.00-22.00  sec  12.2 KBytes  99.8 Kbits/sec  0.611 ms  0/156 (0%)  
[  5]  22.00-23.00  sec  12.3 KBytes   100 Kbits/sec  0.640 ms  0/157 (0%)  
[  5]  23.00-24.00  sec  12.2 KBytes  99.9 Kbits/sec  0.693 ms  0/156 (0%)  
[  5]  24.00-25.00  sec  12.2 KBytes  99.8 Kbits/sec  0.585 ms  0/156 (0%)  
[  5]  25.00-26.00  sec  12.2 KBytes  99.8 Kbits/sec  0.560 ms  0/157 (0%)  
[  5]  26.00-27.00  sec  12.2 KBytes  99.9 Kbits/sec  0.662 ms  0/156 (0%)  
[  5]  27.00-28.00  sec  12.2 KBytes  99.8 Kbits/sec  0.603 ms  0/156 (0%)  
[  5]  28.00-29.00  sec  12.2 KBytes  99.8 Kbits/sec  0.741 ms  0/156 (0%)  
[  5]  29.00-30.00  sec  12.2 KBytes  99.8 Kbits/sec  0.626 ms  0/156 (0%)  
[  5]  30.00-31.00  sec  12.3 KBytes   101 Kbits/sec  0.608 ms  0/157 (0%)  
[  5]  31.00-32.00  sec  12.2 KBytes  99.8 Kbits/sec  0.675 ms  0/156 (0%)  
[  5]  32.00-33.00  sec  12.2 KBytes  99.8 Kbits/sec  0.537 ms  0/156 (0%)  
[  5]  33.00-34.00  sec  12.3 KBytes   100 Kbits/sec  0.590 ms  0/157 (0%)  
[  5]  34.00-35.00  sec  12.2 KBytes  99.8 Kbits/sec  0.580 ms  0/156 (0%)  
[  5]  35.00-36.00  sec  12.2 KBytes  99.8 Kbits/sec  0.639 ms  0/156 (0%)  
[  5]  36.00-37.00  sec  12.2 KBytes  99.9 Kbits/sec  0.673 ms  0/156 (0%)  
[  5]  37.00-38.00  sec  12.2 KBytes  99.8 Kbits/sec  0.636 ms  0/156 (0%)  
[  5]  37.00-38.00  sec  12.2 KBytes  99.8 Kbits/sec  0.636 ms  0/156 (0%)  
iperf3: error - control socket has closed unexpectedly
