Connecting to host 172.22.0.50, port 5202
Reverse mode, remote host 172.22.0.50 is sending
[  5] local 192.168.102.2 port 42252 connected to 172.22.0.50 port 5202
[ ID] Interval           Transfer     Bitrate         Jitter    Lost/Total Datagrams
[  5]   0.00-1.00   sec   183 KBytes  1.50 Mbits/sec  0.512 ms  0/1878 (0%)  
[  5]   1.00-2.00   sec   183 KBytes  1.50 Mbits/sec  0.585 ms  0/1875 (0%)  
[  5]   2.00-3.00   sec   183 KBytes  1.50 Mbits/sec  0.562 ms  0/1874 (0%)  
[  5]   3.00-4.00   sec   183 KBytes  1.50 Mbits/sec  0.557 ms  0/1874 (0%)  
[  5]   4.00-5.00   sec   183 KBytes  1.50 Mbits/sec  0.618 ms  0/1878 (0%)  
[  5]   5.00-6.00   sec   183 KBytes  1.50 Mbits/sec  0.534 ms  0/1873 (0%)  
[  5]   6.00-7.00   sec   183 KBytes  1.50 Mbits/sec  0.549 ms  0/1874 (0%)  
[  5]   7.00-8.00   sec   183 KBytes  1.50 Mbits/sec  0.621 ms  0/1878 (0%)  
[  5]   8.00-9.00   sec   183 KBytes  1.50 Mbits/sec  0.498 ms  0/1873 (0%)  
[  5]   9.00-10.00  sec   183 KBytes  1.50 Mbits/sec  0.539 ms  0/1876 (0%)  
[  5]  10.00-11.00  sec   183 KBytes  1.50 Mbits/sec  0.603 ms  0/1876 (0%)  
[  5]  11.00-12.00  sec   183 KBytes  1.50 Mbits/sec  0.541 ms  0/1875 (0%)  
[  5]  12.00-13.00  sec   183 KBytes  1.50 Mbits/sec  0.544 ms  0/1873 (0%)  
[  5]  13.00-14.00  sec   183 KBytes  1.50 Mbits/sec  0.577 ms  0/1874 (0%)  
[  5]  14.00-15.00  sec   183 KBytes  1.50 Mbits/sec  0.555 ms  0/1878 (0%)  
[  5]  15.00-16.00  sec   183 KBytes  1.50 Mbits/sec  0.539 ms  0/1875 (0%)  
[  5]  16.00-17.00  sec   183 KBytes  1.50 Mbits/sec  0.515 ms  0/1874 (0%)  
[  5]  17.00-18.00  sec   183 KBytes  1.50 Mbits/sec  0.517 ms  0/1876 (0%)  
[  5]  18.00-19.00  sec   183 KBytes  1.50 Mbits/sec  0.542 ms  0/1875 (0%)  
[  5]  19.00-20.00  sec   183 KBytes  1.50 Mbits/sec  0.586 ms  0/1872 (0%)  
[  5]  20.00-21.00  sec   183 KBytes  1.50 Mbits/sec  0.488 ms  0/1876 (0%)  
[  5]  21.00-22.00  sec   183 KBytes  1.50 Mbits/sec  0.476 ms  0/1877 (0%)  
[  5]  22.00-23.00  sec   183 KBytes  1.50 Mbits/sec  0.549 ms  0/1874 (0%)  
[  5]  23.00-24.00  sec   183 KBytes  1.50 Mbits/sec  0.547 ms  0/1876 (0%)  
[  5]  24.00-25.00  sec   183 KBytes  1.50 Mbits/sec  0.535 ms  0/1875 (0%)  
[  5]  25.00-26.00  sec   183 KBytes  1.50 Mbits/sec  0.573 ms  0/1873 (0%)  
[  5]  26.00-27.00  sec   183 KBytes  1.50 Mbits/sec  0.613 ms  0/1875 (0%)  
[  5]  27.00-28.00  sec   183 KBytes  1.50 Mbits/sec  0.599 ms  0/1876 (0%)  
[  5]  28.00-29.00  sec   183 KBytes  1.50 Mbits/sec  0.529 ms  0/1872 (0%)  
[  5]  29.00-30.00  sec   183 KBytes  1.50 Mbits/sec  0.659 ms  0/1876 (0%)  
[  5]  30.00-31.00  sec   183 KBytes  1.50 Mbits/sec  0.495 ms  0/1877 (0%)  
[  5]  31.00-32.00  sec   183 KBytes  1.50 Mbits/sec  0.535 ms  0/1876 (0%)  
[  5]  32.00-33.00  sec   183 KBytes  1.50 Mbits/sec  0.510 ms  0/1876 (0%)  
[  5]  33.00-34.00  sec   183 KBytes  1.50 Mbits/sec  0.528 ms  0/1872 (0%)  
[  5]  34.00-35.00  sec   183 KBytes  1.50 Mbits/sec  0.556 ms  0/1875 (0%)  
[  5]  35.00-36.00  sec   183 KBytes  1.50 Mbits/sec  0.535 ms  0/1879 (0%)  
[  5]  36.00-37.00  sec   183 KBytes  1.50 Mbits/sec  0.614 ms  0/1873 (0%)  
[  5]  37.00-38.00  sec   183 KBytes  1.50 Mbits/sec  0.512 ms  0/1875 (0%)  
[  5]  37.00-38.00  sec   183 KBytes  1.50 Mbits/sec  0.512 ms  0/1875 (0%)  
iperf3: error - control socket has closed unexpectedly
