Connecting to host 172.22.0.50, port 5203
Reverse mode, remote host 172.22.0.50 is sending
[  5] local 192.168.200.2 port 44965 connected to 172.22.0.50 port 5203
[ ID] Interval           Transfer     Bitrate         Jitter    Lost/Total Datagrams
[  5]   0.00-1.00   sec   606 KBytes  4.96 Mbits/sec  0.165 ms  0/7756 (0%)  
[  5]   1.00-2.00   sec   615 KBytes  5.04 Mbits/sec  0.231 ms  0/7871 (0%)  
[  5]   2.00-3.00   sec   611 KBytes  5.01 Mbits/sec  0.146 ms  0/7825 (0%)  
[  5]   3.00-4.00   sec   610 KBytes  5.00 Mbits/sec  0.140 ms  0/7811 (0%)  
[  5]   4.00-5.00   sec   609 KBytes  4.99 Mbits/sec  0.160 ms  0/7800 (0%)  
[  5]   5.00-6.00   sec   611 KBytes  5.01 Mbits/sec  0.172 ms  0/7823 (0%)  
[  5]   6.00-7.00   sec   608 KBytes  4.98 Mbits/sec  0.197 ms  0/7777 (0%)  
[  5]   7.00-8.00   sec   611 KBytes  5.01 Mbits/sec  0.211 ms  0/7825 (0%)  
[  5]   8.00-9.00   sec   609 KBytes  4.99 Mbits/sec  0.149 ms  0/7789 (0%)  
[  5]   9.00-10.00  sec   613 KBytes  5.02 Mbits/sec  0.159 ms  0/7844 (0%)  
[  5]  10.00-11.00  sec   611 KBytes  5.01 Mbits/sec  0.143 ms  0/7817 (0%)  
[  5]  11.00-12.00  sec   610 KBytes  5.00 Mbits/sec  0.264 ms  0/7813 (0%)  
[  5]  12.00-13.00  sec   610 KBytes  5.00 Mbits/sec  0.239 ms  0/7810 (0%)  
[  5]  13.00-14.00  sec   611 KBytes  5.00 Mbits/sec  0.151 ms  0/7817 (0%)  
[  5]  14.00-15.00  sec   611 KBytes  5.00 Mbits/sec  0.212 ms  0/7816 (0%)  
[  5]  15.00-16.00  sec   608 KBytes  4.98 Mbits/sec  0.137 ms  0/7786 (0%)  
[  5]  16.00-17.00  sec   596 KBytes  4.88 Mbits/sec  0.476 ms  0/7631 (0%)  
[  5]  17.00-18.00  sec   625 KBytes  5.12 Mbits/sec  0.139 ms  0/7999 (0%)  
[  5]  18.00-19.00  sec   610 KBytes  5.00 Mbits/sec  0.125 ms  0/7809 (0%)  
[  5]  19.00-20.00  sec   613 KBytes  5.02 Mbits/sec  0.173 ms  0/7841 (0%)  
[  5]  20.00-21.00  sec   610 KBytes  4.99 Mbits/sec  0.170 ms  0/7802 (0%)  
[  5]  21.00-22.00  sec   605 KBytes  4.96 Mbits/sec  0.127 ms  0/7749 (0%)  
[  5]  22.00-23.00  sec   585 KBytes  4.79 Mbits/sec  0.167 ms  386/7871 (4.9%)  
[  5]  23.00-24.00  sec   611 KBytes  5.01 Mbits/sec  0.169 ms  0/7822 (0%)  
[  5]  24.00-25.00  sec   608 KBytes  4.98 Mbits/sec  0.184 ms  0/7782 (0%)  
[  5]  25.00-26.00  sec   612 KBytes  5.02 Mbits/sec  0.210 ms  0/7840 (0%)  
[  5]  26.00-27.00  sec   610 KBytes  5.00 Mbits/sec  0.224 ms  0/7811 (0%)  
[  5]  27.00-28.00  sec   611 KBytes  5.01 Mbits/sec  0.188 ms  0/7826 (0%)  
[  5]  28.00-29.00  sec   610 KBytes  5.00 Mbits/sec  0.187 ms  0/7807 (0%)  
[  5]  29.00-30.00  sec   611 KBytes  5.00 Mbits/sec  0.158 ms  0/7819 (0%)  
[  5]  30.00-31.00  sec   609 KBytes  4.99 Mbits/sec  0.129 ms  0/7791 (0%)  
[  5]  31.00-32.00  sec   597 KBytes  4.89 Mbits/sec  1.265 ms  0/7642 (0%)  
[  5]  32.00-33.00  sec   624 KBytes  5.11 Mbits/sec  0.244 ms  0/7993 (0%)  
[  5]  33.00-34.00  sec   611 KBytes  5.01 Mbits/sec  0.143 ms  0/7825 (0%)  
[  5]  34.00-35.00  sec   611 KBytes  5.00 Mbits/sec  0.179 ms  0/7817 (0%)  
[  5]  35.00-36.00  sec   609 KBytes  4.99 Mbits/sec  0.221 ms  0/7794 (0%)  
[  5]  36.00-37.00  sec   609 KBytes  4.99 Mbits/sec  0.160 ms  0/7798 (0%)  
[  5]  37.00-38.00  sec   610 KBytes  5.00 Mbits/sec  0.141 ms  0/7811 (0%)  
[  5]  37.00-38.00  sec   610 KBytes  5.00 Mbits/sec  0.141 ms  0/7811 (0%)  
iperf3: error - control socket has closed unexpectedly
