Connecting to host 172.22.0.50, port 5202
Reverse mode, remote host 172.22.0.50 is sending
[  5] local 192.168.102.2 port 59400 connected to 172.22.0.50 port 5202
[ ID] Interval           Transfer     Bitrate         Jitter    Lost/Total Datagrams
[  5]   0.00-1.00   sec  36.7 KBytes   301 Kbits/sec  1.074 ms  0/376 (0%)  
[  5]   1.00-2.00   sec  36.6 KBytes   300 Kbits/sec  0.393 ms  0/375 (0%)  
[  5]   2.00-3.00   sec  36.6 KBytes   300 Kbits/sec  0.650 ms  0/375 (0%)  
[  5]   3.00-4.00   sec  36.6 KBytes   300 Kbits/sec  0.984 ms  0/375 (0%)  
[  5]   4.00-5.00   sec  36.6 KBytes   300 Kbits/sec  0.615 ms  0/375 (0%)  
[  5]   5.00-6.00   sec  36.6 KBytes   300 Kbits/sec  0.685 ms  0/375 (0%)  
[  5]   6.00-7.00   sec  36.6 KBytes   300 Kbits/sec  0.603 ms  0/375 (0%)  
[  5]   7.00-8.00   sec  36.6 KBytes   300 Kbits/sec  0.425 ms  0/375 (0%)  
[  5]   8.00-9.00   sec  36.6 KBytes   300 Kbits/sec  1.031 ms  0/375 (0%)  
[  5]   9.00-10.00  sec  36.6 KBytes   300 Kbits/sec  0.452 ms  0/375 (0%)  
[  5]  10.00-11.00  sec  36.6 KBytes   300 Kbits/sec  0.440 ms  0/375 (0%)  
[  5]  11.00-12.00  sec  36.6 KBytes   300 Kbits/sec  1.178 ms  0/375 (0%)  
[  5]  12.00-13.00  sec  36.6 KBytes   300 Kbits/sec  0.852 ms  0/375 (0%)  
[  5]  13.00-14.00  sec  36.6 KBytes   300 Kbits/sec  0.545 ms  0/375 (0%)  
[  5]  14.00-15.00  sec  36.6 KBytes   300 Kbits/sec  0.518 ms  0/375 (0%)  
[  5]  15.00-16.00  sec  36.6 KBytes   300 Kbits/sec  1.106 ms  0/375 (0%)  
[  5]  16.00-17.00  sec  36.6 KBytes   300 Kbits/sec  0.464 ms  0/375 (0%)  
[  5]  17.00-18.00  sec  36.6 KBytes   300 Kbits/sec  0.652 ms  0/375 (0%)  
[  5]  18.00-19.00  sec  36.6 KBytes   300 Kbits/sec  1.178 ms  0/375 (0%)  
[  5]  19.00-20.00  sec  36.6 KBytes   300 Kbits/sec  0.576 ms  0/375 (0%)  
[  5]  20.00-21.00  sec  36.5 KBytes   299 Kbits/sec  0.638 ms  0/374 (0%)  
[  5]  21.00-22.00  sec  36.7 KBytes   301 Kbits/sec  0.810 ms  0/376 (0%)  
[  5]  22.00-23.00  sec  36.6 KBytes   300 Kbits/sec  0.369 ms  0/375 (0%)  
[  5]  23.00-24.00  sec  36.6 KBytes   300 Kbits/sec  0.670 ms  0/375 (0%)  
[  5]  24.00-25.00  sec  36.6 KBytes   300 Kbits/sec  0.895 ms  0/375 (0%)  
[  5]  25.00-26.00  sec  36.6 KBytes   300 Kbits/sec  1.099 ms  0/375 (0%)  
[  5]  26.00-27.00  sec  36.6 KBytes   300 Kbits/sec  0.701 ms  0/375 (0%)  
[  5]  27.00-28.00  sec  36.6 KBytes   300 Kbits/sec  0.802 ms  0/375 (0%)  
[  5]  28.00-29.00  sec  36.6 KBytes   300 Kbits/sec  1.033 ms  0/375 (0%)  
[  5]  29.00-30.00  sec  36.6 KBytes   300 Kbits/sec  0.762 ms  0/375 (0%)  
[  5]  30.00-31.00  sec  36.6 KBytes   300 Kbits/sec  0.450 ms  0/375 (0%)  
[  5]  31.00-32.00  sec  36.6 KBytes   300 Kbits/sec  0.885 ms  0/375 (0%)  
[  5]  32.00-33.00  sec  36.6 KBytes   300 Kbits/sec  0.687 ms  0/375 (0%)  
[  5]  33.00-34.00  sec  36.6 KBytes   300 Kbits/sec  0.894 ms  0/375 (0%)  
[  5]  34.00-35.00  sec  36.6 KBytes   300 Kbits/sec  0.764 ms  0/375 (0%)  
[  5]  35.00-36.00  sec  36.6 KBytes   300 Kbits/sec  0.917 ms  0/375 (0%)  
[  5]  36.00-37.00  sec  36.6 KBytes   300 Kbits/sec  0.648 ms  0/375 (0%)  
[  5]  37.00-38.00  sec  36.6 KBytes   300 Kbits/sec  0.443 ms  0/375 (0%)  
[  5]  37.00-38.00  sec  36.6 KBytes   300 Kbits/sec  0.443 ms  0/375 (0%)  
iperf3: error - control socket has closed unexpectedly
