Connecting to host 172.22.0.50, port 5202
Reverse mode, remote host 172.22.0.50 is sending
[  5] local 192.168.102.2 port 49332 connected to 172.22.0.50 port 5202
[ ID] Interval           Transfer     Bitrate         Jitter    Lost/Total Datagrams
[  5]   0.00-1.00   sec   836 KBytes  6.84 Mbits/sec  0.051 ms  86/8644 (0.99%)  
[  5]   1.00-2.00   sec   733 KBytes  6.00 Mbits/sec  0.076 ms  67/7569 (0.89%)  
[  5]   2.00-3.00   sec  1.04 MBytes  8.75 Mbits/sec  0.069 ms  0/10935 (0%)  
[  5]   3.00-4.00   sec   993 KBytes  8.14 Mbits/sec  0.074 ms  106/10279 (1%)  
[  5]   4.00-5.00   sec  1.00 MBytes  8.41 Mbits/sec  0.050 ms  136/10646 (1.3%)  
[  5]   5.00-6.00   sec   979 KBytes  8.02 Mbits/sec  0.054 ms  0/10027 (0%)  
[  5]   6.00-7.00   sec   953 KBytes  7.81 Mbits/sec  0.063 ms  0/9759 (0%)  
[  5]   7.00-8.00   sec   959 KBytes  7.86 Mbits/sec  0.085 ms  35/9861 (0.35%)  
[  5]   8.00-9.00   sec  1.04 MBytes  8.70 Mbits/sec  0.056 ms  114/10987 (1%)  
[  5]   9.00-10.00  sec   965 KBytes  7.90 Mbits/sec  0.057 ms  0/9880 (0%)  
[  5]  10.00-11.00  sec   864 KBytes  7.08 Mbits/sec  0.078 ms  152/8999 (1.7%)  
[  5]  11.00-12.00  sec  1.02 MBytes  8.56 Mbits/sec  0.053 ms  0/10704 (0%)  
[  5]  12.00-13.00  sec   939 KBytes  7.69 Mbits/sec  0.069 ms  93/9708 (0.96%)  
[  5]  13.00-14.00  sec   994 KBytes  8.14 Mbits/sec  0.058 ms  178/10356 (1.7%)  
[  5]  14.00-15.00  sec   956 KBytes  7.83 Mbits/sec  0.100 ms  0/9793 (0%)  
[  5]  15.00-16.00  sec   955 KBytes  7.83 Mbits/sec  0.084 ms  0/9782 (0%)  
[  5]  16.00-17.00  sec   149 KBytes  1.22 Mbits/sec  0.050 ms  399/1922 (21%)  
[  5]  17.00-18.00  sec   766 KBytes  6.27 Mbits/sec  0.048 ms  3318/11159 (30%)  
[  5]  18.00-19.00  sec   460 KBytes  3.77 Mbits/sec  0.053 ms  4463/9175 (49%)  
[  5]  19.00-20.00  sec  1.17 MBytes  9.78 Mbits/sec  0.050 ms  15163/27394 (55%)  
[  5]  20.00-21.00  sec  0.00 Bytes  0.00 bits/sec  0.050 ms  0/0 (0%)  
[  5]  21.00-22.00  sec   473 KBytes  3.87 Mbits/sec  0.053 ms  2369/7211 (33%)  
[  5]  22.00-23.00  sec   777 KBytes  6.36 Mbits/sec  0.053 ms  7559/15515 (49%)  
[  5]  23.00-24.00  sec  0.00 Bytes  0.00 bits/sec  0.053 ms  0/0 (0%)  
[  5]  24.00-25.00  sec   939 KBytes  7.69 Mbits/sec  0.048 ms  10448/20061 (52%)  
[  5]  25.00-26.00  sec   791 KBytes  6.48 Mbits/sec  0.052 ms  8939/17040 (52%)  
[  5]  26.00-27.00  sec  0.00 Bytes  0.00 bits/sec  0.052 ms  0/0 (0%)  
[  5]  27.00-28.00  sec   783 KBytes  6.42 Mbits/sec  0.050 ms  6181/14202 (44%)  
[  5]  28.00-29.00  sec   112 KBytes   914 Kbits/sec  0.075 ms  4553/5696 (80%)  
[  5]  29.00-30.00  sec   461 KBytes  3.78 Mbits/sec  0.049 ms  1607/6327 (25%)  
[  5]  30.00-31.00  sec   783 KBytes  6.42 Mbits/sec  0.050 ms  5160/13180 (39%)  
[  5]  31.00-32.00  sec  0.00 Bytes  0.00 bits/sec  0.050 ms  0/0 (0%)  
[  5]  32.00-33.00  sec   786 KBytes  6.44 Mbits/sec  0.052 ms  6024/14073 (43%)  
[  5]  33.00-34.00  sec   774 KBytes  6.34 Mbits/sec  0.046 ms  5184/13110 (40%)  
[  5]  34.00-35.00  sec  0.00 Bytes  0.00 bits/sec  0.046 ms  0/0 (0%)  
[  5]  35.00-36.00  sec   771 KBytes  6.32 Mbits/sec  0.051 ms  5074/12974 (39%)  
[  5]  36.00-37.00  sec   933 KBytes  7.64 Mbits/sec  0.045 ms  3296/12850 (26%)  
[  5]  37.00-38.00  sec  0.00 Bytes  0.00 bits/sec  0.045 ms  0/0 (0%)  
[  5]  38.00-39.00  sec   434 KBytes  3.56 Mbits/sec  0.113 ms  4094/8542 (48%)  
[  5]  39.00-40.00  sec   935 KBytes  7.66 Mbits/sec  0.035 ms  24817/34394 (72%)  
[  5]  40.00-41.00  sec  0.00 Bytes  0.00 bits/sec  0.035 ms  0/0 (0%)  
[  5]  41.00-42.00  sec   781 KBytes  6.40 Mbits/sec  0.053 ms  22929/30927 (74%)  
[  5]  42.00-43.00  sec   790 KBytes  6.47 Mbits/sec  0.059 ms  23184/31270 (74%)  
[  5]  43.00-44.00  sec   507 KBytes  4.15 Mbits/sec  0.060 ms  21707/26895 (81%)  
[  5]  44.00-45.00  sec  0.00 Bytes  0.00 bits/sec  0.060 ms  0/0 (0%)  
[  5]  45.00-46.00  sec   772 KBytes  6.33 Mbits/sec  0.109 ms  18225/26133 (70%)  
[  5]  46.00-47.00  sec   763 KBytes  6.25 Mbits/sec  0.073 ms  20178/27996 (72%)  
[  5]  47.00-48.00  sec   731 KBytes  5.99 Mbits/sec  0.052 ms  205