Connecting to host 172.22.0.50, port 5203
Reverse mode, remote host 172.22.0.50 is sending
[  5] local 192.168.200.2 port 41017 connected to 172.22.0.50 port 5203
[ ID] Interval           Transfer     Bitrate         Jitter    Lost/Total Datagrams
[  5]   0.00-1.00   sec  6.17 KBytes  50.5 Kbits/sec  0.746 ms  0/79 (0%)  
[  5]   1.00-2.00   sec  6.09 KBytes  49.9 Kbits/sec  0.774 ms  0/78 (0%)  
[  5]   2.00-3.00   sec  6.09 KBytes  49.9 Kbits/sec  0.745 ms  0/78 (0%)  
[  5]   3.00-4.00   sec  6.09 KBytes  49.9 Kbits/sec  1.037 ms  0/78 (0%)  
[  5]   4.00-5.00   sec  6.09 KBytes  49.9 Kbits/sec  0.957 ms  0/78 (0%)  
[  5]   5.00-6.00   sec  6.09 KBytes  49.9 Kbits/sec  0.615 ms  0/78 (0%)  
[  5]   6.00-7.00   sec  6.09 KBytes  49.9 Kbits/sec  0.806 ms  0/78 (0%)  
[  5]   7.00-8.00   sec  6.17 KBytes  50.6 Kbits/sec  0.763 ms  0/79 (0%)  
[  5]   8.00-9.00   sec  6.09 KBytes  49.9 Kbits/sec  1.150 ms  0/78 (0%)  
[  5]   9.00-10.00  sec  6.09 KBytes  49.9 Kbits/sec  0.697 ms  0/78 (0%)  
[  5]  10.00-11.00  sec  6.09 KBytes  49.9 Kbits/sec  0.851 ms  0/78 (0%)  
[  5]  11.00-12.00  sec  6.09 KBytes  49.9 Kbits/sec  0.788 ms  0/78 (0%)  
[  5]  12.00-13.00  sec  6.09 KBytes  49.9 Kbits/sec  0.723 ms  0/78 (0%)  
[  5]  13.00-14.00  sec  6.09 KBytes  49.9 Kbits/sec  0.787 ms  0/78 (0%)  
[  5]  14.00-15.00  sec  6.09 KBytes  49.9 Kbits/sec  0.851 ms  0/78 (0%)  
[  5]  15.00-16.00  sec  6.17 KBytes  50.6 Kbits/sec  0.576 ms  0/79 (0%)  
[  5]  16.00-17.00  sec  6.09 KBytes  49.9 Kbits/sec  0.615 ms  0/78 (0%)  
[  5]  17.00-18.00  sec  6.09 KBytes  49.9 Kbits/sec  0.697 ms  0/78 (0%)  
[  5]  18.00-19.00  sec  6.09 KBytes  49.9 Kbits/sec  0.945 ms  0/78 (0%)  
[  5]  19.00-20.00  sec  6.09 KBytes  49.9 Kbits/sec  0.828 ms  0/78 (0%)  
[  5]  20.00-21.00  sec  6.09 KBytes  49.9 Kbits/sec  0.832 ms  0/78 (0%)  
[  5]  21.00-22.00  sec  6.09 KBytes  49.9 Kbits/sec  0.760 ms  0/78 (0%)  
[  5]  22.00-23.00  sec  6.09 KBytes  49.9 Kbits/sec  0.947 ms  0/78 (0%)  
[  5]  23.00-24.00  sec  6.09 KBytes  49.9 Kbits/sec  0.609 ms  0/78 (0%)  
[  5]  24.00-25.00  sec  6.17 KBytes  50.6 Kbits/sec  0.777 ms  0/79 (0%)  
[  5]  25.00-26.00  sec  6.09 KBytes  49.9 Kbits/sec  0.631 ms  0/78 (0%)  
[  5]  26.00-27.00  sec  6.09 KBytes  49.9 Kbits/sec  0.912 ms  0/78 (0%)  
[  5]  27.00-28.00  sec  6.09 KBytes  49.9 Kbits/sec  0.711 ms  0/78 (0%)  
[  5]  28.00-29.00  sec  6.09 KBytes  49.9 Kbits/sec  0.665 ms  0/78 (0%)  
[  5]  29.00-30.00  sec  6.09 KBytes  49.9 Kbits/sec  0.688 ms  0/78 (0%)  
[  5]  30.00-31.00  sec  6.09 KBytes  49.9 Kbits/sec  0.800 ms  0/78 (0%)  
[  5]  31.00-32.00  sec  6.17 KBytes  50.6 Kbits/sec  0.890 ms  0/79 (0%)  
[  5]  32.00-33.00  sec  6.09 KBytes  49.9 Kbits/sec  0.536 ms  0/78 (0%)  
[  5]  33.00-34.00  sec  6.09 KBytes  49.9 Kbits/sec  0.705 ms  0/78 (0%)  
[  5]  34.00-35.00  sec  6.09 KBytes  49.9 Kbits/sec  0.771 ms  0/78 (0%)  
[  5]  35.00-36.00  sec  6.09 KBytes  49.9 Kbits/sec  0.558 ms  0/78 (0%)  
[  5]  36.00-37.00  sec  6.09 KBytes  49.9 Kbits/sec  0.725 ms  0/78 (0%)  
[  5]  37.00-38.00  sec  6.09 KBytes  49.9 Kbits/sec  0.721 ms  0/78 (0%)  
[  5]  37.00-38.00  sec  6.09 KBytes  49.9 Kbits/sec  0.721 ms  0/78 (0%)  
iperf3: error - control socket has closed unexpectedly
