Connecting to host 172.22.0.50, port 5202
Reverse mode, remote host 172.22.0.50 is sending
[  5] local 192.168.102.2 port 36544 connected to 172.22.0.50 port 5202
[ ID] Interval           Transfer     Bitrate         Jitter    Lost/Total Datagrams
[  5]   0.00-1.00   sec   731 KBytes  5.99 Mbits/sec  0.162 ms  0/7487 (0%)  
[  5]   1.00-2.00   sec   731 KBytes  5.98 Mbits/sec  0.150 ms  0/7481 (0%)  
[  5]   2.00-3.00   sec   736 KBytes  6.03 Mbits/sec  0.120 ms  0/7533 (0%)  
[  5]   3.00-4.00   sec   733 KBytes  6.01 Mbits/sec  0.161 ms  0/7511 (0%)  
[  5]   4.00-5.00   sec   731 KBytes  5.99 Mbits/sec  0.132 ms  0/7484 (0%)  
[  5]   5.00-6.00   sec   732 KBytes  5.99 Mbits/sec  0.184 ms  0/7492 (0%)  
[  5]   6.00-7.00   sec   734 KBytes  6.01 Mbits/sec  0.175 ms  0/7515 (0%)  
[  5]   7.00-8.00   sec   733 KBytes  6.00 Mbits/sec  0.153 ms  0/7507 (0%)  
[  5]   8.00-9.00   sec   733 KBytes  6.01 Mbits/sec  0.166 ms  0/7505 (0%)  
[  5]   9.00-10.00  sec   731 KBytes  5.99 Mbits/sec  0.182 ms  0/7483 (0%)  
[  5]  10.00-11.00  sec   733 KBytes  6.01 Mbits/sec  0.179 ms  0/7509 (0%)  
[  5]  11.00-12.00  sec   733 KBytes  6.01 Mbits/sec  0.170 ms  0/7507 (0%)  
[  5]  12.00-13.00  sec   731 KBytes  5.99 Mbits/sec  0.219 ms  0/7488 (0%)  
[  5]  13.00-14.00  sec   732 KBytes  6.00 Mbits/sec  0.203 ms  0/7494 (0%)  
[  5]  14.00-15.00  sec   733 KBytes  6.00 Mbits/sec  0.201 ms  0/7501 (0%)  
[  5]  15.00-16.00  sec   730 KBytes  5.98 Mbits/sec  0.157 ms  0/7475 (0%)  
[  5]  16.00-17.00  sec   736 KBytes  6.03 Mbits/sec  0.146 ms  0/7540 (0%)  
[  5]  17.00-18.00  sec   731 KBytes  5.99 Mbits/sec  0.236 ms  0/7488 (0%)  
[  5]  18.00-19.00  sec   732 KBytes  6.00 Mbits/sec  0.182 ms  0/7500 (0%)  
[  5]  19.00-20.00  sec   732 KBytes  6.00 Mbits/sec  0.229 ms  0/7496 (0%)  
[  5]  20.00-21.00  sec   730 KBytes  5.98 Mbits/sec  0.161 ms  0/7480 (0%)  
[  5]  21.00-22.00  sec   735 KBytes  6.02 Mbits/sec  0.148 ms  0/7527 (0%)  
[  5]  22.00-23.00  sec   727 KBytes  5.96 Mbits/sec  0.175 ms  60/7508 (0.8%)  
[  5]  23.00-24.00  sec   730 KBytes  5.98 Mbits/sec  0.186 ms  0/7473 (0%)  
[  5]  24.00-25.00  sec   735 KBytes  6.02 Mbits/sec  0.168 ms  0/7531 (0%)  
[  5]  25.00-26.00  sec   729 KBytes  5.98 Mbits/sec  0.169 ms  0/7470 (0%)  
[  5]  26.00-27.00  sec   732 KBytes  6.00 Mbits/sec  0.127 ms  0/7500 (0%)  
[  5]  27.00-28.00  sec   735 KBytes  6.03 Mbits/sec  0.169 ms  0/7529 (0%)  
[  5]  28.00-29.00  sec   732 KBytes  5.99 Mbits/sec  0.185 ms  0/7491 (0%)  
[  5]  29.00-30.00  sec   726 KBytes  5.95 Mbits/sec  0.154 ms  0/7434 (0%)  
[  5]  30.00-31.00  sec   737 KBytes  6.04 Mbits/sec  0.154 ms  0/7548 (0%)  
[  5]  31.00-32.00  sec   732 KBytes  6.00 Mbits/sec  0.169 ms  0/7494 (0%)  
[  5]  32.00-33.00  sec   733 KBytes  6.01 Mbits/sec  0.268 ms  0/7508 (0%)  
[  5]  33.00-34.00  sec   734 KBytes  6.02 Mbits/sec  0.196 ms  0/7520 (0%)  
[  5]  34.00-35.00  sec   733 KBytes  6.00 Mbits/sec  0.181 ms  0/7502 (0%)  
[  5]  35.00-36.00  sec   731 KBytes  5.99 Mbits/sec  0.133 ms  0/7488 (0%)  
[  5]  36.00-37.00  sec   728 KBytes  5.96 Mbits/sec  0.774 ms  0/7451 (0%)  
[  5]  37.00-38.00  sec   737 KBytes  6.04 Mbits/sec  0.178 ms  0/7550 (0%)  
[  5]  37.00-38.00  sec   737 KBytes  6.04 Mbits/sec  0.178 ms  0/7550 (0%)  
iperf3: error - control socket has closed unexpectedly
