Connecting to host 172.22.0.50, port 5203
Reverse mode, remote host 172.22.0.50 is sending
[  5] local 192.168.200.2 port 39976 connected to 172.22.0.50 port 5203
[ ID] Interval           Transfer     Bitrate         Jitter    Lost/Total Datagrams
[  5]   0.00-1.00   sec  61.0 KBytes   499 Kbits/sec  0.815 ms  0/781 (0%)  
[  5]   1.00-2.00   sec  61.2 KBytes   501 Kbits/sec  0.858 ms  0/783 (0%)  
[  5]   2.00-3.00   sec  61.0 KBytes   500 Kbits/sec  0.713 ms  0/781 (0%)  
[  5]   3.00-4.00   sec  61.0 KBytes   500 Kbits/sec  0.733 ms  0/781 (0%)  
[  5]   4.00-5.00   sec  61.0 KBytes   500 Kbits/sec  0.744 ms  0/781 (0%)  
[  5]   5.00-6.00   sec  61.1 KBytes   500 Kbits/sec  0.644 ms  0/782 (0%)  
[  5]   6.00-7.00   sec  61.0 KBytes   500 Kbits/sec  0.768 ms  0/781 (0%)  
[  5]   7.00-8.00   sec  60.9 KBytes   499 Kbits/sec  0.608 ms  0/780 (0%)  
[  5]   8.00-9.00   sec  61.1 KBytes   501 Kbits/sec  0.713 ms  0/782 (0%)  
[  5]   9.00-10.00  sec  61.0 KBytes   500 Kbits/sec  0.797 ms  0/781 (0%)  
[  5]  10.00-11.00  sec  61.1 KBytes   500 Kbits/sec  0.637 ms  0/782 (0%)  
[  5]  11.00-12.00  sec  61.0 KBytes   500 Kbits/sec  0.759 ms  0/781 (0%)  
[  5]  12.00-13.00  sec  61.1 KBytes   500 Kbits/sec  0.674 ms  0/782 (0%)  
[  5]  13.00-14.00  sec  61.0 KBytes   500 Kbits/sec  0.749 ms  0/781 (0%)  
[  5]  14.00-15.00  sec  61.0 KBytes   500 Kbits/sec  0.734 ms  0/781 (0%)  
[  5]  15.00-16.00  sec  61.0 KBytes   500 Kbits/sec  0.839 ms  0/781 (0%)  
[  5]  16.00-17.00  sec  61.0 KBytes   500 Kbits/sec  0.671 ms  0/781 (0%)  
[  5]  17.00-18.00  sec  61.1 KBytes   500 Kbits/sec  0.683 ms  0/782 (0%)  
[  5]  18.00-19.00  sec  61.0 KBytes   500 Kbits/sec  0.779 ms  0/781 (0%)  
[  5]  19.00-20.00  sec  61.1 KBytes   501 Kbits/sec  0.806 ms  0/782 (0%)  
[  5]  20.00-21.00  sec  61.0 KBytes   500 Kbits/sec  0.793 ms  0/781 (0%)  
[  5]  21.00-22.00  sec  60.9 KBytes   499 Kbits/sec  0.725 ms  0/780 (0%)  
[  5]  22.00-23.00  sec  61.1 KBytes   500 Kbits/sec  0.748 ms  0/782 (0%)  
[  5]  23.00-24.00  sec  61.0 KBytes   500 Kbits/sec  0.792 ms  0/781 (0%)  
[  5]  24.00-25.00  sec  61.1 KBytes   500 Kbits/sec  0.670 ms  0/782 (0%)  
[  5]  25.00-26.00  sec  61.0 KBytes   500 Kbits/sec  0.623 ms  0/781 (0%)  
[  5]  26.00-27.00  sec  60.9 KBytes   499 Kbits/sec  0.621 ms  0/780 (0%)  
[  5]  27.00-28.00  sec  61.1 KBytes   500 Kbits/sec  0.700 ms  0/782 (0%)  
[  5]  28.00-29.00  sec  61.1 KBytes   500 Kbits/sec  0.678 ms  0/782 (0%)  
[  5]  29.00-30.00  sec  61.0 KBytes   500 Kbits/sec  0.810 ms  0/781 (0%)  
[  5]  30.00-31.00  sec  61.1 KBytes   500 Kbits/sec  0.776 ms  0/782 (0%)  
[  5]  31.00-32.00  sec  61.0 KBytes   500 Kbits/sec  0.686 ms  0/781 (0%)  
[  5]  32.00-33.00  sec  60.9 KBytes   499 Kbits/sec  0.729 ms  0/780 (0%)  
[  5]  33.00-34.00  sec  61.1 KBytes   500 Kbits/sec  0.736 ms  0/782 (0%)  
[  5]  34.00-35.00  sec  61.0 KBytes   500 Kbits/sec  0.741 ms  0/781 (0%)  
[  5]  35.00-36.00  sec  61.1 KBytes   500 Kbits/sec  0.812 ms  0/782 (0%)  
[  5]  36.00-37.00  sec  61.0 KBytes   500 Kbits/sec  0.675 ms  0/781 (0%)  
[  5]  37.00-38.00  sec  61.0 KBytes   500 Kbits/sec  0.723 ms  0/781 (0%)  
[  5]  37.00-38.00  sec  61.0 KBytes   500 Kbits/sec  0.723 ms  0/781 (0%)  
iperf3: error - control socket has closed unexpectedly
