Connecting to host 172.22.0.50, port 5203
Reverse mode, remote host 172.22.0.50 is sending
[  5] local 192.168.200.2 port 45852 connected to 172.22.0.50 port 5203
[ ID] Interval           Transfer     Bitrate         Jitter    Lost/Total Datagrams
[  5]   0.00-1.00   sec   122 KBytes  1.00 Mbits/sec  0.520 ms  0/1566 (0%)  
[  5]   1.00-2.00   sec   122 KBytes  1000 Kbits/sec  0.599 ms  0/1562 (0%)  
[  5]   2.00-3.00   sec   122 KBytes  1.00 Mbits/sec  0.564 ms  0/1564 (0%)  
[  5]   3.00-4.00   sec   122 KBytes   999 Kbits/sec  0.606 ms  0/1561 (0%)  
[  5]   4.00-5.00   sec   122 KBytes   999 Kbits/sec  0.561 ms  0/1561 (0%)  
[  5]   5.00-6.00   sec   122 KBytes  1.00 Mbits/sec  0.541 ms  0/1564 (0%)  
[  5]   6.00-7.00   sec   122 KBytes  1.00 Mbits/sec  0.567 ms  0/1564 (0%)  
[  5]   7.00-8.00   sec   122 KBytes  1000 Kbits/sec  0.546 ms  0/1562 (0%)  
[  5]   8.00-9.00   sec   122 KBytes   999 Kbits/sec  0.522 ms  0/1561 (0%)  
[  5]   9.00-10.00  sec   122 KBytes  1.00 Mbits/sec  0.508 ms  0/1563 (0%)  
[  5]  10.00-11.00  sec   122 KBytes  1.00 Mbits/sec  0.589 ms  0/1564 (0%)  
[  5]  11.00-12.00  sec   122 KBytes  1000 Kbits/sec  0.566 ms  0/1562 (0%)  
[  5]  12.00-13.00  sec   122 KBytes  1.00 Mbits/sec  0.483 ms  0/1563 (0%)  
[  5]  13.00-14.00  sec   122 KBytes   999 Kbits/sec  0.511 ms  0/1561 (0%)  
[  5]  14.00-15.00  sec   122 KBytes  1.00 Mbits/sec  0.612 ms  0/1564 (0%)  
[  5]  15.00-16.00  sec   122 KBytes   998 Kbits/sec  0.522 ms  0/1561 (0%)  
[  5]  16.00-17.00  sec   122 KBytes  1.00 Mbits/sec  0.522 ms  0/1563 (0%)  
[  5]  17.00-18.00  sec   122 KBytes  1.00 Mbits/sec  0.593 ms  0/1564 (0%)  
[  5]  18.00-19.00  sec   122 KBytes  1000 Kbits/sec  0.479 ms  0/1562 (0%)  
[  5]  19.00-20.00  sec   122 KBytes   999 Kbits/sec  0.544 ms  0/1561 (0%)  
[  5]  20.00-21.00  sec   122 KBytes  1.00 Mbits/sec  0.535 ms  0/1564 (0%)  
[  5]  21.00-22.00  sec   122 KBytes   999 Kbits/sec  0.626 ms  0/1561 (0%)  
[  5]  22.00-23.00  sec   122 KBytes  1.00 Mbits/sec  0.606 ms  0/1564 (0%)  
[  5]  23.00-24.00  sec   122 KBytes  1000 Kbits/sec  0.591 ms  0/1562 (0%)  
[  5]  24.00-25.00  sec   122 KBytes  1.00 Mbits/sec  0.556 ms  0/1563 (0%)  
[  5]  25.00-26.00  sec   122 KBytes   998 Kbits/sec  0.630 ms  0/1560 (0%)  
[  5]  26.00-27.00  sec   122 KBytes  1.00 Mbits/sec  0.483 ms  0/1563 (0%)  
[  5]  27.00-28.00  sec   122 KBytes  1.00 Mbits/sec  0.655 ms  0/1564 (0%)  
[  5]  28.00-29.00  sec   122 KBytes  1000 Kbits/sec  0.548 ms  0/1562 (0%)  
[  5]  29.00-30.00  sec   122 KBytes  1000 Kbits/sec  0.587 ms  0/1562 (0%)  
[  5]  30.00-31.00  sec   122 KBytes   999 Kbits/sec  0.609 ms  0/1562 (0%)  
[  5]  31.00-32.00  sec   122 KBytes  1.00 Mbits/sec  0.445 ms  0/1564 (0%)  
[  5]  32.00-33.00  sec   122 KBytes  1.00 Mbits/sec  0.566 ms  0/1563 (0%)  
[  5]  33.00-34.00  sec   122 KBytes  1000 Kbits/sec  0.558 ms  0/1562 (0%)  
[  5]  34.00-35.00  sec   122 KBytes  1.00 Mbits/sec  0.550 ms  0/1563 (0%)  
[  5]  35.00-36.00  sec   122 KBytes  1000 Kbits/sec  0.484 ms  0/1562 (0%)  
[  5]  36.00-37.00  sec   122 KBytes  1000 Kbits/sec  0.609 ms  0/1562 (0%)  
[  5]  37.00-38.00  sec   122 KBytes  1000 Kbits/sec  0.590 ms  0/1562 (0%)  
[  5]  37.00-38.00  sec   122 KBytes  1000 Kbits/sec  0.590 ms  0/1562 (0%)  
iperf3: error - control socket has closed unexpectedly
