Connecting to host 172.22.0.50, port 5202
Reverse mode, remote host 172.22.0.50 is sending
[  5] local 192.168.102.2 port 53475 connected to 172.22.0.50 port 5202
[ ID] Interval           Transfer     Bitrate         Jitter    Lost/Total Datagrams
[  5]   0.00-1.00   sec   440 KBytes  3.60 Mbits/sec  0.297 ms  0/4501 (0%)  
[  5]   1.00-2.00   sec   440 KBytes  3.60 Mbits/sec  0.286 ms  0/4505 (0%)  
[  5]   2.00-3.00   sec   439 KBytes  3.60 Mbits/sec  0.257 ms  0/4500 (0%)  
[  5]   3.00-4.00   sec   437 KBytes  3.58 Mbits/sec  0.494 ms  0/4478 (0%)  
[  5]   4.00-5.00   sec   439 KBytes  3.60 Mbits/sec  0.558 ms  0/4497 (0%)  
[  5]   5.00-6.00   sec   440 KBytes  3.61 Mbits/sec  0.292 ms  0/4507 (0%)  
[  5]   6.00-7.00   sec   439 KBytes  3.60 Mbits/sec  0.467 ms  0/4498 (0%)  
[  5]   7.00-8.00   sec   437 KBytes  3.58 Mbits/sec  0.296 ms  0/4476 (0%)  
[  5]   8.00-9.00   sec   442 KBytes  3.62 Mbits/sec  0.357 ms  0/4525 (0%)  
[  5]   9.00-10.00  sec   438 KBytes  3.59 Mbits/sec  0.349 ms  0/4486 (0%)  
[  5]  10.00-11.00  sec   441 KBytes  3.61 Mbits/sec  0.264 ms  0/4511 (0%)  
[  5]  11.00-12.00  sec   438 KBytes  3.59 Mbits/sec  0.319 ms  0/4487 (0%)  
[  5]  12.00-13.00  sec   443 KBytes  3.63 Mbits/sec  0.308 ms  0/4535 (0%)  
[  5]  13.00-14.00  sec   438 KBytes  3.58 Mbits/sec  0.408 ms  0/4481 (0%)  
[  5]  14.00-15.00  sec   437 KBytes  3.58 Mbits/sec  0.432 ms  0/4477 (0%)  
[  5]  15.00-16.00  sec   443 KBytes  3.63 Mbits/sec  0.255 ms  0/4540 (0%)  
[  5]  16.00-17.00  sec   437 KBytes  3.58 Mbits/sec  0.225 ms  0/4471 (0%)  
[  5]  17.00-18.00  sec   422 KBytes  3.46 Mbits/sec  0.341 ms  0/4326 (0%)  
[  5]  18.00-19.00  sec   408 KBytes  3.34 Mbits/sec  0.322 ms  0/4179 (0%)  
[  5]  19.00-20.00  sec   413 KBytes  3.38 Mbits/sec  0.330 ms  0/4229 (0%)  
[  5]  20.00-21.00  sec   402 KBytes  3.30 Mbits/sec  0.287 ms  0/4119 (0%)  
[  5]  21.00-22.00  sec   412 KBytes  3.38 Mbits/sec  0.393 ms  0/4224 (0%)  
[  5]  22.00-23.00  sec   401 KBytes  3.29 Mbits/sec  0.301 ms  0/4107 (0%)  
[  5]  23.00-24.00  sec   405 KBytes  3.32 Mbits/sec  0.351 ms  0/4149 (0%)  
[  5]  24.00-25.00  sec   415 KBytes  3.40 Mbits/sec  0.310 ms  0/4254 (0%)  
[  5]  25.00-26.00  sec   414 KBytes  3.39 Mbits/sec  0.328 ms  0/4241 (0%)  
[  5]  26.00-27.00  sec   418 KBytes  3.43 Mbits/sec  0.360 ms  0/4284 (0%)  
[  5]  27.00-28.00  sec   408 KBytes  3.35 Mbits/sec  0.340 ms  0/4181 (0%)  
[  5]  28.00-29.00  sec   407 KBytes  3.33 Mbits/sec  0.322 ms  0/4168 (0%)  
[  5]  29.00-30.00  sec   412 KBytes  3.38 Mbits/sec  0.325 ms  0/4223 (0%)  
[  5]  30.00-31.00  sec   399 KBytes  3.26 Mbits/sec  0.410 ms  0/4083 (0%)  
[  5]  31.00-32.00  sec   397 KBytes  3.25 Mbits/sec  0.294 ms  0/4065 (0%)  
[  5]  32.00-33.00  sec   404 KBytes  3.31 Mbits/sec  0.385 ms  0/4136 (0%)  
[  5]  33.00-34.00  sec   409 KBytes  3.36 Mbits/sec  0.388 ms  0/4193 (0%)  
[  5]  34.00-35.00  sec   416 KBytes  3.40 Mbits/sec  0.311 ms  0/4255 (0%)  
[  5]  35.00-36.00  sec   411 KBytes  3.37 Mbits/sec  0.344 ms  0/4204 (0%)  
[  5]  36.00-37.00  sec   417 KBytes  3.42 Mbits/sec  0.500 ms  0/4273 (0%)  
[  5]  37.00-38.00  sec   408 KBytes  3.34 Mbits/sec  0.341 ms  0/4178 (0%)  
[  5]  38.00-39.00  sec   402 KBytes  3.29 Mbits/sec  0.369 ms  0/4115 (0%)  
[  5]  39.00-40.00  sec   404 KBytes  3.31 Mbits/sec  0.299 ms  0/4137 (0%)  
[  5]  40.00-41.00  sec   399 KBytes  3.27 Mbits/sec  0.334 ms  0/4082 (0%)  
[  5]  41.00-42.00  sec   406 KBytes  3.33 Mbits/sec  0.365 ms  0/4162 (0%)  
[  5]  42.00-43.00  sec   414 KBytes  3.39 Mbits/sec  0.285 ms  0/4235 (0%)  
[  5]  43.00-44.00  sec   404 KBytes  3.31 Mbits/sec  0.370 ms  0/4139 (0%)  
[  5]  44.00-45.00  sec   412 KBytes  3.38 Mbits/sec  0.384 ms  0/4221 (0%)  
[  5]  45.00-46.00  sec   406 KBytes  3.33 Mbits/sec  0.311 ms  0/4158 (0%)  
[  5]  46.00-47.00  sec   402 KBytes  3.29 Mbits/sec  0.321 ms  0/4112 (0%)  
[  5]  47.00-48.00  sec   398 KBytes  3.26 Mbits/sec  0.429 ms  0/4071 (0%)  
[  5]  48.00-49.00  sec   387 KBytes  3.17 Mbits/sec  0.384 ms  0/3963 (0%)  
[  5]  49.00-50.00  sec   404 KBytes  3.31 Mbits/sec  0.316 ms  0/4143 (0%)  
[  5]  50.00-51.00  sec   410 KBytes  3.35 Mbits/sec  0.349 ms  0/4199 (0%)  
[  5]  51.00-52.00  sec   395 KBytes  3.24 Mbits/sec  0.343 ms  0/4045 (0%)  
[  5]  52.00-53.00  sec   399 KBytes  3.27 Mbits/sec  0.322 ms  0/4085 (0%)  
[  5]  53.00-54.00  sec   401 KBytes  3.28 Mbits/sec  0.319 ms  0/4105 (0%)  
[  5]  54.00-55.00  sec   398 KBytes  3.26 Mbits/sec  0.400 ms  0/4077 (0%)  
[  5]  55.00-56.00  sec   403 KBytes  3.30 Mbits/sec  0.293 ms  0/4127 (0%)  
[  5]  56.00-57.00  sec   410 KBytes  3.36 Mbits/sec  0.411 ms  0/4203 (0%)  
[  5]  57.00-58.00  sec   412 KBytes  3.38 Mbits/sec  0.356 ms  0/4219 (0%)  
[  5]  58.00-59.00  sec   404 KBytes  3.31 Mbits/sec  0.303 ms  0/4136 (0%)  
[  5]  59.00-60.00  sec   383 KBytes  3.13 Mbits/sec  0.303 ms  0/3918 (0%)  
[  5]  60.00-61.00  sec   387 KBytes  3.17 Mbits/sec  0.309 ms  0/3966 (0%)  
[  5]  61.00-62.00  sec   385 KBytes  3.16 Mbits/sec  0.414 ms  0/3943 (0%)  
[  5]  62.00-63.00  sec   398 KBytes  3.26 Mbits/sec  0.363 ms  0/4071 (0%)  
[  5]  63.00-64.00  sec   392 KBytes  3.21 Mbits/sec  0.300 ms  0/4011 (0%)  
[  5]  64.00-65.00  sec   403 KBytes  3.30 Mbits/sec  0.414 ms  0/4125 (0%)  
[  5]  65.00-66.00  sec   409 KBytes  3.35 Mbits/sec  0.342 ms  0/4192 (0%)  
[  5]  66.00-67.00  sec   407 KBytes  3.33 Mbits/sec  0.297 ms  0/4163 (0%)  
[  5]  67.00-68.00  sec   404 KBytes  3.31 Mbits/sec  0.279 ms  0/4138 (0%)  
[  5]  68.00-69.00  sec   412 KBytes  3.38 Mbits/sec  0.256 ms  0/4223 (0%)  
[  5]  69.00-70.00  sec   412 KBytes  3.37 Mbits/sec  0.430 ms  0/4216 (0%)  
[  5]  70.00-71.00  sec   412 KBytes  3.38 Mbits/sec  0.401 ms  0/4224 (0%)  
[  5]  71.00-72.00  sec   402 KBytes  3.30 Mbits/sec  0.361 ms  0/4119 (0%)  
[  5]  72.00-73.00  sec   401 KBytes  3.28 Mbits/sec  0.327 ms  0/4102 (0%)  
[  5]  73.00-74.00  sec   410 KBytes  3.36 Mbits/sec  0.321 ms  0/4198 (0%)  
[  5]  74.00-75.00  sec   409 KBytes  3.36 Mbits/sec  0.305 ms  0/4193 (0%)  
[  5]  75.00-76.00  sec   408 KBytes  3.34 Mbits/sec  0.342 ms  0/4179 (0%)  
[  5]  76.00-77.00  sec   416 KBytes  3.41 Mbits/sec  0.319 ms  0/4261 (0%)  
[  5]  77.00-78.00  sec   412 KBytes  3.38 Mbits/sec  0.309 ms  0/4221 (0%)  
[  5]  78.00-79.00  sec   399 KBytes  3.27 Mbits/sec  0.343 ms  0/4089 (0%)  
[  5]  79.00-80.00  sec   395 KBytes  3.23 Mbits/sec  0.314 ms  0/4041 (0%)  
[  5]  80.00-81.00  sec   360 KBytes  2.95 Mbits/sec  0.320 ms  0/3688 (0%)  
[  5]  81.00-82.00  sec   394 KBytes  3.23 Mbits/sec  0.338 ms  0/4034 (0%)  
[  5]  82.00-83.00  sec   396 KBytes  3.24 Mbits/sec  0.352 ms  0/4051 (0%)  
[  5]  83.00-84.00  sec   391 KBytes  3.20 Mbits/sec  0.353 ms  0/4005 (0%)  
[  5]  84.00-85.00  sec   398 KBytes  3.26 Mbits/sec  0.335 ms  0/4071 (0%)  
[  5]  85.00-86.00  sec   409 KBytes  3.35 Mbits/sec  0.292 ms  0/4187 (0%)  
[  5]  86.00-87.00  sec   406 KBytes  3.33 Mbits/sec  0.333 ms  0/4161 (0%)  
[  5]  87.00-88.00  sec   397 KBytes  3.25 Mbits/sec  0.382 ms  0/4064 (0%)  
[  5]  88.00-89.00  sec   402 KBytes  3.30 Mbits/sec  0.313 ms  0/4115 (0%)  
[  5]  89.00-90.00  sec   397 KBytes  3.26 Mbits/sec  0.307 ms  0/4070 (0%)  
[  5]  90.00-91.00  sec   412 KBytes  3.37 Mbits/sec  0.406 ms  0/4218 (0%)  
[  5]  91.00-92.00  sec   410 KBytes  3.36 Mbits/sec  0.358 ms  0/4203 (0%)  
[  5]  92.00-93.00  sec   414 KBytes  3.39 Mbits/sec  0.367 ms  0/4235 (0%)  
[  5]  93.00-94.00  sec   402 KBytes  3.29 Mbits/sec  0.367 ms  0/4115 (0%)  
[  5]  94.00-95.00  sec   401 KBytes  3.29 Mbits/sec  0.347 ms  0/4111 (0%)  
[  5]  95.00-96.00  sec   404 KBytes  3.31 Mbits/sec  0.308 ms  0/4139 (0%)  
[  5]  96.00-97.00  sec   406 KBytes  3.33 Mbits/sec  0.317 ms  0/4162 (0%)  
[  5]  97.00-98.00  sec   398 KBytes  3.26 Mbits/sec  0.267 ms  0/4076 (0%)  
[  5]  98.00-99.00  sec   405 KBytes  3.32 Mbits/sec  0.358 ms  0/4145 (0%)  
[  5]  99.00-100.00 sec   409 KBytes  3.35 Mbits/sec  0.335 ms  0/4192 (0%)  
[  5] 100.00-101.00 sec   394 KBytes  3.23 Mbits/sec  0.334 ms  0/4034 (0%)  
[  5] 101.00-102.00 sec   411 KBytes  3.37 Mbits/sec  0.358 ms  0/4210 (0%)  
[  5] 102.00-103.00 sec   415 KBytes  3.40 Mbits/sec  0.355 ms  0/4247 (0%)  
[  5] 103.00-104.00 sec   404 KBytes  3.31 Mbits/sec  0.324 ms  0/4133 (0%)  
[  5] 104.00-105.00 sec   404 KBytes  3.31 Mbits/sec  0.365 ms  0/4136 (0%)  
[  5] 105.00-106.00 sec   400 KBytes  3.28 Mbits/sec  0.319 ms  0/4096 (0%)  
[  5] 106.00-107.00 sec   404 KBytes  3.31 Mbits/sec  0.307 ms  0/4133 (0%)  
[  5] 107.00-108.00 sec   415 KBytes  3.39 Mbits/sec  0.422 ms  0/4247 (0%)  
[  5] 108.00-109.00 sec   403 KBytes  3.30 Mbits/sec  0.321 ms  0/4125 (0%)  
[  5] 109.00-110.00 sec   396 KBytes  3.25 Mbits/sec  0.340 ms  0/4059 (0%)  
[  5] 110.00-111.00 sec   401 KBytes  3.29 Mbits/sec  0.341 ms  0/4108 (0%)  
[  5] 111.00-112.00 sec   404 KBytes  3.31 Mbits/sec  0.364 ms  0/4142 (0%)  
[  5] 112.00-113.00 sec   399 KBytes  3.27 Mbits/sec  0.298 ms  0/4090 (0%)  
[  5] 113.00-114.00 sec   390 KBytes  3.20 Mbits/sec  0.345 ms  0/3998 (0%)  
[  5] 114.00-115.00 sec   397 KBytes  3.26 Mbits/sec  0.330 ms  0/4070 (0%)  
[  5] 115.00-116.00 sec   398 KBytes  3.26 Mbits/sec  0.400 ms  0/4079 (0%)  
[  5] 116.00-117.00 sec   406 KBytes  3.32 Mbits/sec  0.334 ms  0/4154 (0%)  
[  5] 117.00-118.00 sec   404 KBytes  3.31 Mbits/sec  0.479 ms  0/4142 (0%)  
[  5] 118.00-119.00 sec   407 KBytes  3.33 Mbits/sec  0.368 ms  0/4164 (0%)  
[  5] 119.00-120.00 sec   409 KBytes  3.35 Mbits/sec  0.408 ms  0/4187 (0%)  
[  5] 120.00-121.00 sec   385 KBytes  3.15 Mbits/sec  0.272 ms  0/3942 (0%)  
[  5] 121.00-122.00 sec   402 KBytes  3.29 Mbits/sec  0.368 ms  0/4118 (0%)  
[  5] 122.00-123.00 sec   407 KBytes  3.33 Mbits/sec  0.349 ms  0/4164 (0%)  
[  5] 123.00-124.00 sec   404 KBytes  3.31 Mbits/sec  0.419 ms  0/4135 (0%)  
[  5] 124.00-125.00 sec   408 KBytes  3.34 Mbits/sec  0.344 ms  0/4176 (0%)  
[  5] 125.00-126.00 sec   401 KBytes  3.29 Mbits/sec  0.303 ms  0/4108 (0%)  
[  5] 126.00-127.00 sec   408 KBytes  3.34 Mbits/sec  0.344 ms  0/4181 (0%)  
[  5] 127.00-128.00 sec   402 KBytes  3.29 Mbits/sec  0.307 ms  0/4113 (0%)  
[  5] 128.00-129.00 sec   397 KBytes  3.25 Mbits/sec  0.336 ms  0/4063 (0%)  
[  5] 129.00-130.00 sec   405 KBytes  3.32 Mbits/sec  0.308 ms  0/4144 (0%)  
[  5] 130.00-131.00 sec   406 KBytes  3.33 Mbits/sec  0.359 ms  0/4162 (0%)  
[  5] 131.00-132.00 sec   401 KBytes  3.29 Mbits/sec  0.276 ms  0/4108 (0%)  
[  5] 132.00-133.00 sec   404 KBytes  3.31 Mbits/sec  0.335 ms  0/4138 (0%)  
[  5] 133.00-134.00 sec   406 KBytes  3.33 Mbits/sec  0.304 ms  0/4162 (0%)  
[  5] 134.00-135.00 sec   398 KBytes  3.26 Mbits/sec  0.283 ms  0/4071 (0%)  
[  5] 135.00-136.00 sec   389 KBytes  3.18 Mbits/sec  0.324 ms  0/3979 (0%)  
[  5] 136.00-137.00 sec   393 KBytes  3.22 Mbits/sec  0.338 ms  0/4027 (0%)  
[  5] 137.00-138.00 sec   397 KBytes  3.26 Mbits/sec  0.299 ms  0/4070 (0%)  
[  5] 138.00-139.00 sec   400 KBytes  3.28 Mbits/sec  0.400 ms  0/4102 (0%)  
[  5] 139.00-140.00 sec   408 KBytes  3.34 Mbits/sec  0.319 ms  0/4181 (0%)  
[  5] 140.00-141.00 sec   413 KBytes  3.39 Mbits/sec  0.301 ms  0/4230 (0%)  
[  5] 141.00-142.00 sec   406 KBytes  3.33 Mbits/sec  0.301 ms  0/4161 (0%)  
[  5] 142.00-143.00 sec   409 KBytes  3.35 Mbits/sec  0.343 ms  0/4185 (0%)  
[  5] 143.00-144.00 sec   411 KBytes  3.36 Mbits/sec  0.320 ms  0/4207 (0%)  
[  5] 144.00-145.00 sec   384 KBytes  3.15 Mbits/sec  0.350 ms  0/3929 (0%)  
[  5] 145.00-146.00 sec   386 KBytes  3.16 Mbits/sec  0.294 ms  0/3949 (0%)  
[  5] 146.00-147.00 sec   389 KBytes  3.18 Mbits/sec  0.328 ms  0/3980 (0%)  
[  5] 147.00-148.00 sec   393 KBytes  3.22 Mbits/sec  0.286 ms  0/4028 (0%)  
[  5] 148.00-149.00 sec   398 KBytes  3.26 Mbits/sec  0.296 ms  0/4076 (0%)  
[  5] 149.00-150.00 sec   399 KBytes  3.27 Mbits/sec  0.548 ms  0/4090 (0%)  
[  5] 150.00-151.00 sec   405 KBytes  3.31 Mbits/sec  0.326 ms  0/4143 (0%)  
[  5] 151.00-152.00 sec   397 KBytes  3.26 Mbits/sec  0.341 ms  0/4070 (0%)  
[  5] 152.00-153.00 sec   405 KBytes  3.32 Mbits/sec  0.344 ms  0/4151 (0%)  
[  5] 153.00-154.00 sec   394 KBytes  3.23 Mbits/sec  0.321 ms  0/4039 (0%)  
[  5] 154.00-155.00 sec   398 KBytes  3.26 Mbits/sec  0.322 ms  0/4071 (0%)  
[  5] 155.00-156.00 sec   397 KBytes  3.25 Mbits/sec  0.392 ms  0/4065 (0%)  
[  5] 156.00-157.00 sec   399 KBytes  3.27 Mbits/sec  0.387 ms  0/4082 (0%)  
[  5] 157.00-158.00 sec   411 KBytes  3.37 Mbits/sec  0.307 ms  0/4213 (0%)  
[  5] 158.00-159.00 sec   402 KBytes  3.30 Mbits/sec  0.325 ms  0/4119 (0%)  
[  5] 159.00-160.00 sec   409 KBytes  3.35 Mbits/sec  0.325 ms  0/4192 (0%)  
[  5] 160.00-161.00 sec   403 KBytes  3.30 Mbits/sec  0.336 ms  0/4131 (0%)  
[  5] 161.00-162.00 sec   400 KBytes  3.28 Mbits/sec  0.319 ms  0/4096 (0%)  
[  5] 162.00-163.00 sec   399 KBytes  3.27 Mbits/sec  0.349 ms  0/4088 (0%)  
[  5] 163.00-164.00 sec   414 KBytes  3.40 Mbits/sec  0.314 ms  0/4241 (0%)  
[  5] 164.00-165.00 sec   411 KBytes  3.37 Mbits/sec  0.360 ms  0/4210 (0%)  
[  5] 165.00-166.00 sec   405 KBytes  3.32 Mbits/sec  0.313 ms  0/4152 (0%)  
[  5] 166.00-167.00 sec   402 KBytes  3.29 Mbits/sec  0.319 ms  0/4118 (0%)  
[  5] 167.00-168.00 sec   408 KBytes  3.34 Mbits/sec  0.369 ms  0/4175 (0%)  
[  5] 168.00-169.00 sec   402 KBytes  3.29 Mbits/sec  0.481 ms  0/4120 (0%)  
[  5] 169.00-170.00 sec   396 KBytes  3.25 Mbits/sec  0.450 ms  0/4058 (0%)  
[  5] 170.00-171.00 sec   400 KBytes  3.28 Mbits/sec  0.325 ms  0/4096 (0%)  
[  5] 171.00-172.00 sec   406 KBytes  3.33 Mbits/sec  0.371 ms  0/4162 (0%)  
[  5] 172.00-173.00 sec   409 KBytes  3.35 Mbits/sec  0.349 ms  0/4191 (0%)  
[  5] 173.00-174.00 sec   408 KBytes  3.34 Mbits/sec  0.342 ms  0/4181 (0%)  
[  5] 174.00-175.00 sec   407 KBytes  3.33 Mbits/sec  0.275 ms  0/4163 (0%)  
[  5] 175.00-176.00 sec   406 KBytes  3.32 Mbits/sec  0.523 ms  0/4154 (0%)  
[  5] 176.00-177.00 sec   409 KBytes  3.35 Mbits/sec  0.332 ms  0/4187 (0%)  
[  5] 177.00-178.00 sec   395 KBytes  3.23 Mbits/sec  0.335 ms  0/4040 (0%)  
[  5] 178.00-179.00 sec   400 KBytes  3.28 Mbits/sec  0.228 ms  0/4096 (0%)  
[  5] 179.00-180.00 sec   380 KBytes  3.11 Mbits/sec  0.620 ms  0/3895 (0%)  
[  5] 180.00-181.00 sec   394 KBytes  3.23 Mbits/sec  0.374 ms  0/4038 (0%)  
[  5] 181.00-182.00 sec   395 KBytes  3.23 Mbits/sec  0.376 ms  0/4041 (0%)  
[  5] 182.00-183.00 sec   395 KBytes  3.23 Mbits/sec  0.362 ms  0/4040 (0%)  
[  5] 183.00-184.00 sec   398 KBytes  3.26 Mbits/sec  0.400 ms  0/4076 (0%)  
[  5] 184.00-185.00 sec   412 KBytes  3.37 Mbits/sec  0.290 ms  0/4218 (0%)  
[  5] 185.00-186.00 sec   400 KBytes  3.27 Mbits/sec  0.450 ms  0/4093 (0%)  
[  5] 186.00-187.00 sec   394 KBytes  3.22 Mbits/sec  0.424 ms  0/4036 (0%)  
[  5] 187.00-188.00 sec   396 KBytes  3.24 Mbits/sec  0.366 ms  0/4052 (0%)  
[  5] 188.00-189.00 sec   402 KBytes  3.29 Mbits/sec  0.409 ms  0/4114 (0%)  
[  5] 189.00-190.00 sec   399 KBytes  3.27 Mbits/sec  0.390 ms  0/4082 (0%)  
[  5] 190.00-191.00 sec   398 KBytes  3.26 Mbits/sec  0.560 ms  0/4073 (0%)  
[  5] 191.00-192.00 sec   399 KBytes  3.27 Mbits/sec  0.285 ms  0/4088 (0%)  
[  5] 192.00-193.00 sec   398 KBytes  3.26 Mbits/sec  0.299 ms  0/4071 (0%)  
[  5] 193.00-194.00 sec   399 KBytes  3.27 Mbits/sec  0.354 ms  0/4082 (0%)  
[  5] 194.00-195.00 sec   401 KBytes  3.28 Mbits/sec  0.383 ms  0/4108 (0%)  
[  5] 195.00-196.00 sec   408 KBytes  3.35 Mbits/sec  0.327 ms  0/4181 (0%)  
[  5] 196.00-197.00 sec   395 KBytes  3.23 Mbits/sec  0.319 ms  0/4040 (0%)  
[  5] 197.00-198.00 sec   389 KBytes  3.18 Mbits/sec  0.334 ms  0/3979 (0%)  
[  5] 198.00-199.00 sec   396 KBytes  3.25 Mbits/sec  0.292 ms  0/4058 (0%)  
[  5] 199.00-200.00 sec   401 KBytes  3.29 Mbits/sec  0.345 ms  0/4109 (0%)  
[  5] 200.00-201.00 sec   406 KBytes  3.33 Mbits/sec  0.327 ms  0/4160 (0%)  
[  5] 201.00-202.00 sec   403 KBytes  3.29 Mbits/sec  0.356 ms  0/4130 (0%)  
[  5] 202.00-203.00 sec   398 KBytes  3.27 Mbits/sec  0.592 ms  0/4079 (0%)  
[  5] 203.00-204.00 sec   396 KBytes  3.24 Mbits/sec  0.467 ms  0/4051 (0%)  
[  5] 204.00-205.00 sec   399 KBytes  3.27 Mbits/sec  0.356 ms  0/4089 (0%)  
[  5] 205.00-206.00 sec   398 KBytes  3.26 Mbits/sec  0.366 ms  0/4072 (0%)  
[  5] 206.00-207.00 sec   399 KBytes  3.27 Mbits/sec  0.356 ms  0/4084 (0%)  
[  5] 207.00-208.00 sec   400 KBytes  3.27 Mbits/sec  0.323 ms  0/4093 (0%)  
[  5] 208.00-209.00 sec   397 KBytes  3.25 Mbits/sec  0.325 ms  0/4065 (0%)  
[  5] 209.00-210.00 sec   403 KBytes  3.30 Mbits/sec  0.318 ms  0/4126 (0%)  
[  5] 210.00-211.00 sec   400 KBytes  3.28 Mbits/sec  0.342 ms  0/4100 (0%)  
[  5] 211.00-212.00 sec   405 KBytes  3.32 Mbits/sec  0.299 ms  0/4151 (0%)  
[  5] 212.00-213.00 sec   405 KBytes  3.32 Mbits/sec  0.292 ms  0/4147 (0%)  
[  5] 213.00-214.00 sec   401 KBytes  3.28 Mbits/sec  0.359 ms  0/4104 (0%)  
[  5] 214.00-215.00 sec   405 KBytes  3.32 Mbits/sec  0.387 ms  0/4155 (0%)  
[  5] 215.00-216.00 sec   408 KBytes  3.34 Mbits/sec  0.304 ms  0/4174 (0%)  
[  5] 216.00-217.00 sec   412 KBytes  3.38 Mbits/sec  0.307 ms  0/4224 (0%)  
[  5] 217.00-218.00 sec   409 KBytes  3.35 Mbits/sec  0.523 ms  0/4186 (0%)  
[  5] 218.00-219.00 sec   395 KBytes  3.23 Mbits/sec  0.374 ms  0/4041 (0%)  
[  5] 219.00-220.00 sec   391 KBytes  3.20 Mbits/sec  0.331 ms  0/4003 (0%)  
[  5] 220.00-221.00 sec   399 KBytes  3.27 Mbits/sec  0.352 ms  0/4084 (0%)  
[  5] 221.00-222.00 sec   409 KBytes  3.35 Mbits/sec  0.379 ms  0/4185 (0%)  
[  5] 222.00-223.00 sec   397 KBytes  3.25 Mbits/sec  0.384 ms  0/4065 (0%)  
[  5] 223.00-224.00 sec   394 KBytes  3.23 Mbits/sec  0.404 ms  0/4034 (0%)  
[  5] 224.00-225.00 sec   395 KBytes  3.24 Mbits/sec  0.292 ms  0/4047 (0%)  
[  5] 225.00-226.00 sec   397 KBytes  3.25 Mbits/sec  0.367 ms  0/4066 (0%)  
[  5] 226.00-227.00 sec   391 KBytes  3.20 Mbits/sec  0.408 ms  0/4001 (0%)  
[  5] 227.00-228.00 sec   391 KBytes  3.20 Mbits/sec  0.386 ms  0/3999 (0%)  
[  5] 228.00-229.00 sec   389 KBytes  3.18 Mbits/sec  0.378 ms  0/3980 (0%)  
[  5] 229.00-230.00 sec   403 KBytes  3.30 Mbits/sec  0.264 ms  0/4130 (0%)  
[  5] 230.00-231.00 sec   405 KBytes  3.32 Mbits/sec  0.341 ms  0/4152 (0%)  
[  5] 231.00-232.00 sec   403 KBytes  3.30 Mbits/sec  0.358 ms  0/4123 (0%)  
[  5] 232.00-233.00 sec   399 KBytes  3.27 Mbits/sec  0.348 ms  0/4082 (0%)  
[  5] 233.00-234.00 sec   403 KBytes  3.30 Mbits/sec  0.335 ms  0/4127 (0%)  
[  5] 234.00-235.00 sec   405 KBytes  3.32 Mbits/sec  0.307 ms  0/4151 (0%)  
[  5] 235.00-236.00 sec   401 KBytes  3.29 Mbits/sec  0.320 ms  0/4107 (0%)  
[  5] 236.00-237.00 sec   366 KBytes  3.00 Mbits/sec  0.401 ms  0/3751 (0%)  
[  5] 237.00-238.00 sec   357 KBytes  2.92 Mbits/sec  0.216 ms  615/4266 (14%)  
[  5] 238.00-239.00 sec   324 KBytes  2.65 Mbits/sec  0.217 ms  838/4152 (20%)  
[  5] 239.00-240.00 sec   397 KBytes  3.25 Mbits/sec  0.195 ms  696/4764 (15%)  
[  5] 240.00-241.00 sec   338 KBytes  2.77 Mbits/sec  0.243 ms  626/4091 (15%)  
[  5] 241.00-242.00 sec   370 KBytes  3.03 Mbits/sec  0.209 ms  1049/4835 (22%)  
[  5] 242.00-243.00 sec   368 KBytes  3.01 Mbits/sec  0.176 ms  452/4219 (11%)  
[  5] 243.00-244.00 sec   327 KBytes  2.68 Mbits/sec  0.575 ms  790/4136 (19%)  
[  5] 244.00-245.00 sec   311 KBytes  2.55 Mbits/sec  0.218 ms  908/4097 (22%)  
[  5] 245.00-246.00 sec   434 KBytes  3.55 Mbits/sec  0.215 ms  524/4966 (11%)  
[  5] 246.00-247.00 sec   353 KBytes  2.89 Mbits/sec  0.192 ms  557/4168 (13%)  
[  5] 247.00-248.00 sec   352 KBytes  2.89 Mbits/sec  0.214 ms  642/4249 (15%)  
[  5] 248.00-249.00 sec   445 KBytes  3.64 Mbits/sec  0.218 ms  529/5087 (10%)  
[  5] 249.00-250.00 sec   338 KBytes  2.77 Mbits/sec  0.230 ms  281/3737 (7.5%)  
[  5] 250.00-251.00 sec   407 KBytes  3.33 Mbits/sec  0.268 ms  681/4847 (14%)  
[  5] 251.00-252.00 sec   343 KBytes  2.81 Mbits/sec  0.210 ms  591/4106 (14%)  
[  5] 252.00-253.00 sec   389 KBytes  3.19 Mbits/sec  0.210 ms  707/4691 (15%)  
[  5] 253.00-254.00 sec   383 KBytes  3.14 Mbits/sec  0.233 ms  1302/5221 (25%)  
[  5] 254.00-255.00 sec   258 KBytes  2.11 Mbits/sec  0.208 ms  993/3632 (27%)  
[  5] 255.00-256.00 sec   385 KBytes  3.16 Mbits/sec  0.247 ms  860/4806 (18%)  
[  5] 256.00-257.00 sec   293 KBytes  2.40 Mbits/sec  0.216 ms  557/3560 (16%)  
[  5] 257.00-258.00 sec   392 KBytes  3.21 Mbits/sec  0.206 ms  1088/5105 (21%)  
[  5] 258.00-259.00 sec   325 KBytes  2.66 Mbits/sec  0.209 ms  960/4284 (22%)  
[  5] 259.00-260.00 sec   408 KBytes  3.34 Mbits/sec  0.215 ms  619/4797 (13%)  
[  5] 260.00-261.00 sec   344 KBytes  2.82 Mbits/sec  0.207 ms  640/4161 (15%)  
[  5] 261.00-262.00 sec   416 KBytes  3.41 Mbits/sec  0.214 ms  653/4911 (13%)  
[  5] 262.00-263.00 sec   361 KBytes  2.96 Mbits/sec  0.210 ms  725/4423 (16%)  
[  5] 263.00-264.00 sec   427 KBytes  3.50 Mbits/sec  0.217 ms  905/5273 (17%)  
[  5] 264.00-265.00 sec   354 KBytes  2.90 Mbits/sec  0.208 ms  630/4259 (15%)  
[  5] 265.00-266.00 sec   376 KBytes  3.08 Mbits/sec  0.219 ms  1168/5019 (23%)  
[  5] 266.00-267.00 sec   417 KBytes  3.41 Mbits/sec  0.238 ms  641/4913 (13%)  
[  5] 267.00-268.00 sec   319 KBytes  2.61 Mbits/sec  1.255 ms  621/3890 (16%)  
[  5] 268.00-269.00 sec   383 KBytes  3.14 Mbits/sec  0.215 ms  994/4912 (20%)  
[  5] 269.00-270.00 sec   363 KBytes  2.98 Mbits/sec  0.209 ms  532/4252 (13%)  
[  5] 270.00-271.00 sec   373 KBytes  3.06 Mbits/sec  0.219 ms  996/4818 (21%)  
[  5] 271.00-272.00 sec   353 KBytes  2.89 Mbits/sec  0.219 ms  555/4167 (13%)  
[  5] 272.00-273.00 sec   363 KBytes  2.97 Mbits/sec  0.243 ms  739/4455 (17%)  
[  5] 273.00-274.00 sec   391 KBytes  3.21 Mbits/sec  0.260 ms  1002/5009 (20%)  
[  5] 274.00-275.00 sec   327 KBytes  2.68 Mbits/sec  0.207 ms  713/4059 (18%)  
[  5] 275.00-276.00 sec   426 KBytes  3.49 Mbits/sec  0.203 ms  590/4953 (12%)  
[  5] 276.00-277.00 sec   361 KBytes  2.96 Mbits/sec  0.243 ms  438/4137 (11%)  
[  5] 277.00-278.00 sec   416 KBytes  3.41 Mbits/sec  0.211 ms  635/4899 (13%)  
[  5] 278.00-279.00 sec   415 KBytes  3.40 Mbits/sec  0.272 ms  559/4808 (12%)  
[  5] 279.00-280.00 sec   358 KBytes  2.94 Mbits/sec  0.215 ms  409/4078 (10%)  
[  5] 280.00-281.00 sec   417 KBytes  3.41 Mbits/sec  0.226 ms  781/5049 (15%)  
[  5] 281.00-282.00 sec   349 KBytes  2.86 Mbits/sec  0.223 ms  396/3973 (10%)  
[  5] 282.00-283.00 sec   410 KBytes  3.36 Mbits/sec  0.219 ms  739/4935 (15%)  
[  5] 283.00-284.00 sec   343 KBytes  2.81 Mbits/sec  0.209 ms  558/4074 (14%)  
[  5] 284.00-285.00 sec   377 KBytes  3.09 Mbits/sec  0.230 ms  867/4724 (18%)  
[  5] 285.00-286.00 sec   352 KBytes  2.88 Mbits/sec  0.210 ms  544/4146 (13%)  
[  5] 286.00-287.00 sec   374 KBytes  3.07 Mbits/sec  0.217 ms  1112/4943 (22%)  
[  5] 287.00-288.00 sec   382 KBytes  3.13 Mbits/sec  0.209 ms  606/4517 (13%)  
[  5] 288.00-289.00 sec   370 KBytes  3.03 Mbits/sec  0.217 ms  704/4496 (16%)  
[  5] 289.00-290.00 sec   411 KBytes  3.37 Mbits/sec  0.327 ms  470/4679 (10%)  
[  5] 290.00-291.00 sec   322 KBytes  2.64 Mbits/sec  0.225 ms  722/4023 (18%)  
[  5] 291.00-292.00 sec   411 KBytes  3.37 Mbits/sec  0.238 ms  431/4643 (9.3%)  
[  5] 292.00-293.00 sec   353 KBytes  2.89 Mbits/sec  0.209 ms  423/4037 (10%)  
[  5] 293.00-294.00 sec   411 KBytes  3.37 Mbits/sec  0.214 ms  661/4867 (14%)  
[  5] 294.00-295.00 sec   357 KBytes  2.92 Mbits/sec  0.203 ms  420/4076 (10%)  
[  5] 295.00-296.00 sec   430 KBytes  3.52 Mbits/sec  0.217 ms  489/4888 (10%)  
[  5] 296.00-297.00 sec   372 KBytes  3.05 Mbits/sec  0.205 ms  514/4323 (12%)  
[  5] 297.00-298.00 sec   291 KBytes  2.38 Mbits/sec  0.204 ms  1053/4034 (26%)  
[  5] 298.00-299.00 sec   388 KBytes  3.18 Mbits/sec  0.209 ms  1362/5336 (26%)  
[  5] 299.00-300.00 sec   329 KBytes  2.70 Mbits/sec  0.221 ms  568/3939 (14%)  
[  5] 300.00-301.00 sec   379 KBytes  3.10 Mbits/sec  0.216 ms  1005/4885 (21%)  
[  5] 301.00-302.00 sec   419 KBytes  3.43 Mbits/sec  0.218 ms  624/4911 (13%)  
[  5] 302.00-303.00 sec   358 KBytes  2.93 Mbits/sec  0.202 ms  503/4169 (12%)  
[  5] 303.00-304.00 sec   418 KBytes  3.42 Mbits/sec  0.261 ms  677/4955 (14%)  
[  5] 304.00-305.00 sec   355 KBytes  2.90 Mbits/sec  0.215 ms  514/4145 (12%)  
[  5] 305.00-306.00 sec   326 KBytes  2.67 Mbits/sec  0.215 ms  516/3857 (13%)  
[  5] 306.00-307.00 sec   422 KBytes  3.46 Mbits/sec  0.211 ms  602/4923 (12%)  
[  5] 307.00-308.00 sec   401 KBytes  3.28 Mbits/sec  0.396 ms  523/4625 (11%)  
[  5] 308.00-309.00 sec   362 KBytes  2.96 Mbits/sec  0.235 ms  434/4139 (10%)  
[  5] 309.00-310.00 sec   373 KBytes  3.06 Mbits/sec  0.214 ms  267/4088 (6.5%)  
[  5] 310.00-311.00 sec   429 KBytes  3.52 Mbits/sec  0.215 ms  494/4890 (10%)  
[  5] 311.00-312.00 sec   389 KBytes  3.19 Mbits/sec  0.218 ms  827/4815 (17%)  
[  5] 312.00-313.00 sec   325 KBytes  2.66 Mbits/sec  0.212 ms  903/4227 (21%)  
[  5] 313.00-314.00 sec   427 KBytes  3.50 Mbits/sec  0.240 ms  493/4868 (10%)  
[  5] 314.00-315.00 sec   357 KBytes  2.93 Mbits/sec  0.216 ms  420/4077 (10%)  
[  5] 315.00-316.00 sec   391 KBytes  3.20 Mbits/sec  0.212 ms  661/4661 (14%)  
[  5] 316.00-317.00 sec   434 KBytes  3.55 Mbits/sec  0.212 ms  340/4783 (7.1%)  
[  5] 317.00-318.00 sec   360 KBytes  2.95 Mbits/sec  0.255 ms  339/4028 (8.4%)  
[  5] 318.00-319.00 sec   371 KBytes  3.04 Mbits/sec  0.201 ms  358/4159 (8.6%)  
[  5] 319.00-320.00 sec   361 KBytes  2.96 Mbits/sec  0.213 ms  378/4076 (9.3%)  
[  5] 320.00-321.00 sec   291 KBytes  2.38 Mbits/sec  0.214 ms  351/3332 (11%)  
[  5] 321.00-322.00 sec   308 KBytes  2.53 Mbits/sec  0.238 ms  418/3575 (12%)  
[  5] 322.00-323.00 sec   355 KBytes  2.91 Mbits/sec  0.242 ms  436/4076 (11%)  
[  5] 323.00-324.00 sec   301 KBytes  2.47 Mbits/sec  0.220 ms  313/3396 (9.2%)  
[  5] 324.00-325.00 sec   374 KBytes  3.06 Mbits/sec  0.213 ms  502/4327 (12%)  
[  5] 325.00-326.00 sec   299 KBytes  2.45 Mbits/sec  0.220 ms  426/3487 (12%)  
[  5] 326.00-327.00 sec   293 KBytes  2.40 Mbits/sec  0.218 ms  637/3639 (18%)  
[  5] 327.00-328.00 sec   350 KBytes  2.87 Mbits/sec  0.230 ms  865/4453 (19%)  
[  5] 328.00-329.00 sec   325 KBytes  2.66 Mbits/sec  0.233 ms  957/4281 (22%)  
[  5] 329.00-330.00 sec   283 KBytes  2.32 Mbits/sec  0.196 ms  589/3489 (17%)  
[  5] 330.00-331.00 sec   294 KBytes  2.41 Mbits/sec  0.440 ms  865/3877 (22%)  
[  5] 331.00-332.00 sec   395 KBytes  3.24 Mbits/sec  0.930 ms  1108/5157 (21%)  
[  5] 332.00-333.00 sec   313 KBytes  2.56 Mbits/sec  0.214 ms  737/3938 (19%)  
[  5] 333.00-334.00 sec   374 KBytes  3.06 Mbits/sec  0.246 ms  338/4165 (8.1%)  
[  5] 334.00-335.00 sec   361 KBytes  2.95 Mbits/sec  0.270 ms  380/4079 (9.3%)  
[  5] 335.00-336.00 sec   371 KBytes  3.04 Mbits/sec  0.216 ms  378/4174 (9.1%)  
[  5] 336.00-337.00 sec   362 KBytes  2.96 Mbits/sec  0.205 ms  313/4018 (7.8%)  
[  5] 337.00-338.00 sec   358 KBytes  2.93 Mbits/sec  0.234 ms  351/4017 (8.7%)  
[  5] 338.00-339.00 sec   374 KBytes  3.06 Mbits/sec  0.271 ms  357/4184 (8.5%)  
[  5] 339.00-340.00 sec   361 KBytes  2.96 Mbits/sec  0.210 ms  917/4616 (20%)  
[  5] 340.00-341.00 sec   341 KBytes  2.79 Mbits/sec  0.222 ms  883/4375 (20%)  
[  5] 341.00-342.00 sec   434 KBytes  3.55 Mbits/sec  0.214 ms  1304/5746 (23%)  
[  5] 342.00-343.00 sec   352 KBytes  2.88 Mbits/sec  0.202 ms  1652/5255 (31%)  
[  5] 343.00-344.00 sec   296 KBytes  2.42 Mbits/sec  0.215 ms  1805/4832 (37%)  
[  5] 344.00-345.00 sec   339 KBytes  2.78 Mbits/sec  0.226 ms  1538/5014 (31%)  
[  5] 345.00-346.00 sec   405 KBytes  3.32 Mbits/sec  0.214 ms  1739/5888 (30%)  
[  5] 346.00-347.00 sec   258 KBytes  2.12 Mbits/sec  0.217 ms  1399/4044 (35%)  
[  5] 347.00-348.00 sec   341 KBytes  2.79 Mbits/sec  0.218 ms  1029/4522 (23%)  
[  5] 348.00-349.00 sec   340 KBytes  2.79 Mbits/sec  0.216 ms  1093/4574 (24%)  
[  5] 349.00-350.00 sec   347 KBytes  2.84 Mbits/sec  0.253 ms  1146/4701 (24%)  
[  5] 350.00-351.00 sec   311 KBytes  2.55 Mbits/sec  1.074 ms  1450/4633 (31%)  
[  5] 351.00-352.00 sec   353 KBytes  2.89 Mbits/sec  0.202 ms  716/4333 (17%)  
[  5] 352.00-353.00 sec   343 KBytes  2.81 Mbits/sec  0.262 ms  831/4341 (19%)  
[  5] 353.00-354.00 sec   352 KBytes  2.89 Mbits/sec  0.214 ms  935/4539 (21%)  
[  5] 354.00-355.00 sec   231 KBytes  1.89 Mbits/sec  0.212 ms  1392/3758 (37%)  
[  5] 355.00-356.00 sec   343 KBytes  2.81 Mbits/sec  0.217 ms  975/4488 (22%)  
[  5] 356.00-357.00 sec   321 KBytes  2.63 Mbits/sec  0.217 ms  1088/4370 (25%)  
[  5] 357.00-358.00 sec   273 KBytes  2.24 Mbits/sec  0.195 ms  827/3623 (23%)  
[  5] 358.00-359.00 sec   288 KBytes  2.36 Mbits/sec  0.220 ms  730/3684 (20%)  
[  5] 359.00-360.00 sec   297 KBytes  2.43 Mbits/sec  0.213 ms  537/3574 (15%)  
[  5] 360.00-361.00 sec   358 KBytes  2.94 Mbits/sec  0.208 ms  740/4410 (17%)  
[  5] 361.00-362.00 sec   311 KBytes  2.55 Mbits/sec  0.215 ms  1452/4636 (31%)  
[  5] 362.00-363.00 sec   344 KBytes  2.82 Mbits/sec  0.206 ms  851/4375 (19%)  
[  5] 363.00-364.00 sec   352 KBytes  2.88 Mbits/sec  0.269 ms  786/4387 (18%)  
[  5] 364.00-365.00 sec   323 KBytes  2.64 Mbits/sec  0.234 ms  1018/4323 (24%)  
[  5] 365.00-366.00 sec   345 KBytes  2.83 Mbits/sec  0.215 ms  830/4364 (19%)  
[  5] 366.00-367.00 sec   360 KBytes  2.95 Mbits/sec  0.260 ms  680/4363 (16%)  
[  5] 367.00-368.00 sec   327 KBytes  2.68 Mbits/sec  0.216 ms  1172/4520 (26%)  
[  5] 368.00-369.00 sec   357 KBytes  2.93 Mbits/sec  0.249 ms  875/4528 (19%)  
[  5] 369.00-370.00 sec   356 KBytes  2.92 Mbits/sec  0.220 ms  987/4632 (21%)  
[  5] 370.00-371.00 sec   355 KBytes  2.90 Mbits/sec  0.212 ms  1096/4729 (23%)  
[  5] 371.00-372.00 sec   361 KBytes  2.95 Mbits/sec  0.184 ms  780/4472 (17%)  
[  5] 372.00-373.00 sec   361 KBytes  2.96 Mbits/sec  0.216 ms  623/4320 (14%)  
[  5] 373.00-374.00 sec   321 KBytes  2.63 Mbits/sec  0.216 ms  653/3935 (17%)  
[  5] 374.00-375.00 sec   300 KBytes  2.46 Mbits/sec  2.245 ms  1277/4352 (29%)  
[  5] 375.00-376.00 sec   351 KBytes  2.87 Mbits/sec  0.274 ms  1355/4946 (27%)  
[  5] 376.00-377.00 sec   373 KBytes  3.05 Mbits/sec  0.218 ms  1258/5074 (25%)  
[  5] 377.00-378.00 sec   341 KBytes  2.79 Mbits/sec  0.214 ms  1171/4659 (25%)  
[  5] 378.00-379.00 sec   361 KBytes  2.96 Mbits/sec  0.221 ms  1202/4896 (25%)  
[  5] 379.00-380.00 sec   369 KBytes  3.02 Mbits/sec  0.203 ms  1565/5343 (29%)  
[  5] 380.00-381.00 sec   323 KBytes  2.64 Mbits/sec  0.216 ms  1628/4932 (33%)  
[  5] 381.00-382.00 sec   361 KBytes  2.96 Mbits/sec  0.265 ms  1135/4835 (23%)  
[  5] 382.00-383.00 sec   335 KBytes  2.75 Mbits/sec  0.214 ms  1293/4728 (27%)  
[  5] 383.00-384.00 sec   329 KBytes  2.70 Mbits/sec  0.218 ms  1025/4394 (23%)  
[  5] 384.00-385.00 sec   362 KBytes  2.96 Mbits/sec  0.217 ms  604/4306 (14%)  
[  5] 385.00-386.00 sec   373 KBytes  3.05 Mbits/sec  0.219 ms  625/4443 (14%)  
[  5] 386.00-387.00 sec   331 KBytes  2.71 Mbits/sec  0.212 ms  1357/4746 (29%)  
[  5] 387.00-388.00 sec   362 KBytes  2.96 Mbits/sec  0.217 ms  713/4418 (16%)  
[  5] 388.00-389.00 sec   265 KBytes  2.17 Mbits/sec  0.317 ms  907/3625 (25%)  
[  5] 389.00-390.00 sec   345 KBytes  2.82 Mbits/sec  0.202 ms  1973/5501 (36%)  
[  5] 390.00-391.00 sec   325 KBytes  2.67 Mbits/sec  0.225 ms  752/4085 (18%)  
[  5] 391.00-392.00 sec   346 KBytes  2.83 Mbits/sec  0.217 ms  803/4345 (18%)  
[  5] 392.00-393.00 sec   344 KBytes  2.81 Mbits/sec  0.261 ms  949/4474 (21%)  
[  5] 393.00-394.00 sec   371 KBytes  3.05 Mbits/sec  0.237 ms  739/4535 (16%)  
[  5] 394.00-395.00 sec   383 KBytes  3.14 Mbits/sec  0.229 ms  1546/5472 (28%)  
[  5] 395.00-396.00 sec   374 KBytes  3.06 Mbits/sec  0.255 ms  816/4643 (18%)  
[  5] 396.00-397.00 sec   345 KBytes  2.83 Mbits/sec  0.211 ms  826/4363 (19%)  
[  5] 397.00-398.00 sec   362 KBytes  2.96 Mbits/sec  0.213 ms  737/4442 (17%)  
[  5] 398.00-399.00 sec   296 KBytes  2.43 Mbits/sec  0.220 ms  881/3912 (23%)  
[  5] 399.00-400.00 sec   289 KBytes  2.37 Mbits/sec  0.214 ms  923/3886 (24%)  
[  5] 400.00-401.00 sec   294 KBytes  2.41 Mbits/sec  0.215 ms  653/3668 (18%)  
[  5] 401.00-402.00 sec   285 KBytes  2.33 Mbits/sec  0.202 ms  770/3686 (21%)  
[  5] 402.00-403.00 sec   335 KBytes  2.74 Mbits/sec  0.217 ms  1157/4583 (25%)  
[  5] 403.00-404.00 sec   300 KBytes  2.46 Mbits/sec  0.245 ms  706/3780 (19%)  
[  5] 404.00-405.00 sec   353 KBytes  2.89 Mbits/sec  0.214 ms  827/4440 (19%)  
[  5] 405.00-406.00 sec   291 KBytes  2.39 Mbits/sec  0.198 ms  915/3892 (24%)  
[  5] 406.00-407.00 sec   299 KBytes  2.45 Mbits/sec  0.212 ms  1407/4465 (32%)  
[  5] 407.00-408.00 sec   292 KBytes  2.39 Mbits/sec  0.235 ms  596/3590 (17%)  
[  5] 408.00-409.00 sec   374 KBytes  3.06 Mbits/sec  0.224 ms  817/4644 (18%)  
[  5] 409.00-410.00 sec   271 KBytes  2.22 Mbits/sec  0.228 ms  1006/3776 (27%)  
[  5] 410.00-411.00 sec   335 KBytes  2.74 Mbits/sec  0.255 ms  1318/4747 (28%)  
[  5] 411.00-412.00 sec   347 KBytes  2.84 Mbits/sec  0.213 ms  870/4422 (20%)  
[  5] 412.00-413.00 sec   281 KBytes  2.30 Mbits/sec  0.209 ms  894/3773 (24%)  
[  5] 413.00-414.00 sec   362 KBytes  2.97 Mbits/sec  0.209 ms  798/4503 (18%)  
[  5] 414.00-415.00 sec   302 KBytes  2.48 Mbits/sec  0.272 ms  908/4001 (23%)  
