Connecting to host 172.22.0.50, port 5202
Reverse mode, remote host 172.22.0.50 is sending
[  5] local 192.168.102.2 port 34631 connected to 172.22.0.50 port 5202
[ ID] Interval           Transfer     Bitrate         Jitter    Lost/Total Datagrams
[  5]   0.00-1.00   sec   439 KBytes  3.59 Mbits/sec  0.390 ms  0/4497 (0%)  
[  5]   1.00-2.00   sec   433 KBytes  3.55 Mbits/sec  0.231 ms  0/4436 (0%)  
[  5]   2.00-3.00   sec   443 KBytes  3.63 Mbits/sec  0.135 ms  0/4541 (0%)  
[  5]   3.00-4.00   sec   432 KBytes  3.54 Mbits/sec  0.183 ms  61/4488 (1.4%)  
[  5]   4.00-5.00   sec   442 KBytes  3.62 Mbits/sec  0.412 ms  0/4525 (0%)  
[  5]   5.00-6.00   sec   441 KBytes  3.61 Mbits/sec  0.287 ms  0/4512 (0%)  
[  5]   6.00-7.00   sec   440 KBytes  3.60 Mbits/sec  0.297 ms  4/4506 (0.089%)  
[  5]   7.00-8.00   sec   280 KBytes  2.30 Mbits/sec  0.252 ms  1620/4492 (36%)  
[  5]   8.00-9.00   sec   440 KBytes  3.60 Mbits/sec  0.363 ms  0/4506 (0%)  
[  5]   9.00-10.00  sec   439 KBytes  3.60 Mbits/sec  0.284 ms  0/4497 (0%)  
[  5]  10.00-11.00  sec   439 KBytes  3.60 Mbits/sec  0.231 ms  0/4497 (0%)  
[  5]  11.00-12.00  sec   440 KBytes  3.60 Mbits/sec  0.289 ms  0/4502 (0%)  
[  5]  12.00-13.00  sec   439 KBytes  3.60 Mbits/sec  0.386 ms  0/4497 (0%)  
[  5]  13.00-14.00  sec   439 KBytes  3.60 Mbits/sec  0.295 ms  0/4500 (0%)  
[  5]  14.00-15.00  sec   439 KBytes  3.60 Mbits/sec  0.313 ms  0/4494 (0%)  
[  5]  15.00-16.00  sec   437 KBytes  3.58 Mbits/sec  0.408 ms  0/4479 (0%)  
[  5]  16.00-17.00  sec   440 KBytes  3.60 Mbits/sec  0.318 ms  0/4504 (0%)  
[  5]  17.00-18.00  sec   441 KBytes  3.61 Mbits/sec  0.262 ms  0/4517 (0%)  
[  5]  18.00-19.00  sec   441 KBytes  3.61 Mbits/sec  0.379 ms  0/4512 (0%)  
[  5]  19.00-20.00  sec   437 KBytes  3.59 Mbits/sec  0.244 ms  0/4478 (0%)  
[  5]  20.00-21.00  sec   441 KBytes  3.61 Mbits/sec  0.261 ms  0/4520 (0%)  
[  5]  21.00-22.00  sec   438 KBytes  3.59 Mbits/sec  0.527 ms  0/4488 (0%)  
[  5]  22.00-23.00  sec   439 KBytes  3.60 Mbits/sec  0.242 ms  0/4499 (0%)  
[  5]  23.00-24.00  sec   442 KBytes  3.61 Mbits/sec  0.242 ms  0/4523 (0%)  
[  5]  24.00-25.00  sec   328 KBytes  2.69 Mbits/sec  0.448 ms  0/3356 (0%)  
[  5]  25.00-26.00  sec   273 KBytes  2.24 Mbits/sec  0.314 ms  0/2798 (0%)  
[  5]  26.00-27.00  sec   277 KBytes  2.27 Mbits/sec  0.453 ms  0/2833 (0%)  
[  5]  27.00-28.00  sec   286 KBytes  2.35 Mbits/sec  0.597 ms  0/2931 (0%)  
[  5]  28.00-29.00  sec   280 KBytes  2.29 Mbits/sec  0.593 ms  0/2865 (0%)  
[  5]  29.00-30.00  sec   258 KBytes  2.12 Mbits/sec  0.381 ms  0/2646 (0%)  
[  5]  30.00-31.00  sec   193 KBytes  1.58 Mbits/sec  0.435 ms  0/1978 (0%)  
[  5]  31.00-32.00  sec   258 KBytes  2.12 Mbits/sec  0.375 ms  0/2646 (0%)  
[  5]  32.00-33.00  sec   271 KBytes  2.22 Mbits/sec  0.607 ms  0/2773 (0%)  
[  5]  33.00-34.00  sec   287 KBytes  2.35 Mbits/sec  0.406 ms  0/2936 (0%)  
[  5]  34.00-35.00  sec   288 KBytes  2.36 Mbits/sec  0.390 ms  19/2966 (0.64%)  
[  5]  35.00-36.00  sec   290 KBytes  2.38 Mbits/sec  0.348 ms  0/2971 (0%)  
[  5]  36.00-37.00  sec   291 KBytes  2.38 Mbits/sec  0.440 ms  0/2981 (0%)  
[  5]  37.00-38.00  sec   288 KBytes  2.36 Mbits/sec  0.399 ms  0/2944 (0%)  
[  5]  38.00-39.00  sec   292 KBytes  2.39 Mbits/sec  0.331 ms  0/2985 (0%)  
[  5]  39.00-40.00  sec   286 KBytes  2.34 Mbits/sec  0.333 ms  0/2929 (0%)  
[  5]  40.00-41.00  sec   287 KBytes  2.35 Mbits/sec  0.367 ms  0/2940 (0%)  
[  5]  41.00-42.00  sec   288 KBytes  2.36 Mbits/sec  0.499 ms  0/2949 (0%)  
[  5]  42.00-43.00  sec   282 KBytes  2.31 Mbits/sec  0.410 ms  0/2888 (0%)  
[  5]  43.00-44.00  sec   288 KBytes  2.36 Mbits/sec  0.394 ms  0/2948 (0%)  
[  5]  44.00-45.00  sec   288 KBytes  2.36 Mbits/sec  0.475 ms  0/2953 (0%)  
[  5]  45.00-46.00  sec   277 KBytes  2.27 Mbits/sec  0.458 ms  0/2835 (0%)  
[  5]  46.00-47.00  sec   287 KBytes  2.35 Mbits/sec  0.440 ms  0/2934 (0%)  
[  5]  47.00-48.00  sec   260 KBytes  2.13 Mbits/sec  0.559 ms  0/2663 (0%)  
[  5]  48.00-49.00  sec   238 KBytes  1.95 Mbits/sec  0.406 ms  0/2441 (0%)  
[  5]  49.00-50.00  sec   280 KBytes  2.30 Mbits/sec  0.419 ms  0/2871 (0%)  
[  5]  50.00-51.00  sec   273 KBytes  2.24 Mbits/sec  0.398 ms  0/2796 (0%)  
[  5]  51.00-52.00  sec   281 KBytes  2.30 Mbits/sec  0.428 ms  0/2875 (0%)  
[  5]  52.00-53.00  sec   275 KBytes  2.25 Mbits/sec  0.471 ms  0/2816 (0%)  
[  5]  53.00-54.00  sec   230 KBytes  1.89 Mbits/sec  0.473 ms  0/2358 (0%)  
[  5]  54.00-55.00  sec   287 KBytes  2.35 Mbits/sec  0.410 ms  0/2934 (0%)  
[  5]  55.00-56.00  sec   270 KBytes  2.21 Mbits/sec  0.388 ms  0/2760 (0%)  
[  5]  56.00-57.00  sec   261 KBytes  2.14 Mbits/sec  0.484 ms  0/2670 (0%)  
[  5]  57.00-58.00  sec   247 KBytes  2.02 Mbits/sec  0.520 ms  0/2527 (0%)  
[  5]  58.00-59.00  sec   267 KBytes  2.19 Mbits/sec  0.584 ms  0/2734 (0%)  
[  5]  59.00-60.00  sec   262 KBytes  2.14 Mbits/sec  0.391 ms  0/2681 (0%)  
[  5]  60.00-61.00  sec   275 KBytes  2.26 Mbits/sec  0.382 ms  0/2820 (0%)  
[  5]  61.00-62.00  sec   261 KBytes  2.14 Mbits/sec  0.398 ms  0/2673 (0%)  
[  5]  62.00-63.00  sec   259 KBytes  2.13 Mbits/sec  0.362 ms  0/2656 (0%)  
[  5]  63.00-64.00  sec   279 KBytes  2.29 Mbits/sec  0.481 ms  0/2862 (0%)  
[  5]  64.00-65.00  sec   258 KBytes  2.12 Mbits/sec  0.400 ms  0/2640 (0%)  
[  5]  65.00-66.00  sec   225 KBytes  1.84 Mbits/sec  0.736 ms  0/2300 (0%)  
[  5]  66.00-67.00  sec   227 KBytes  1.86 Mbits/sec  0.432 ms  0/2329 (0%)  
[  5]  67.00-68.00  sec   198 KBytes  1.62 Mbits/sec  0.602 ms  0/2029 (0%)  
[  5]  68.00-69.00  sec   192 KBytes  1.57 Mbits/sec  0.502 ms  0/1967 (0%)  
[  5]  69.00-70.00  sec   195 KBytes  1.59 Mbits/sec  0.908 ms  0/1992 (0%)  
[  5]  70.00-71.00  sec   203 KBytes  1.66 Mbits/sec  0.441 ms  0/2079 (0%)  
[  5]  71.00-72.00  sec   242 KBytes  1.98 Mbits/sec  0.332 ms  0/2477 (0%)  
[  5]  72.00-73.00  sec   224 KBytes  1.83 Mbits/sec  0.646 ms  0/2289 (0%)  
[  5]  73.00-74.00  sec   222 KBytes  1.82 Mbits/sec  0.441 ms  0/2275 (0%)  
[  5]  74.00-75.00  sec   239 KBytes  1.96 Mbits/sec  0.387 ms  0/2444 (0%)  
[  5]  75.00-76.00  sec   257 KBytes  2.10 Mbits/sec  0.410 ms  0/2629 (0%)  
[  5]  76.00-77.00  sec   231 KBytes  1.89 Mbits/sec  0.668 ms  0/2362 (0%)  
[  5]  77.00-78.00  sec   203 KBytes  1.67 Mbits/sec  0.452 ms  0/2082 (0%)  
[  5]  78.00-79.00  sec   224 KBytes  1.83 Mbits/sec  0.371 ms  0/2289 (0%)  
[  5]  79.00-80.00  sec   181 KBytes  1.49 Mbits/sec  0.603 ms  0/1858 (0%)  
[  5]  80.00-81.00  sec   189 KBytes  1.55 Mbits/sec  0.385 ms  0/1937 (0%)  
[  5]  81.00-82.00  sec   183 KBytes  1.50 Mbits/sec  0.596 ms  0/1877 (0%)  
[  5]  82.00-83.00  sec   187 KBytes  1.53 Mbits/sec  0.552 ms  0/1913 (0%)  
[  5]  83.00-84.00  sec   217 KBytes  1.78 Mbits/sec  0.445 ms  0/2221 (0%)  
[  5]  84.00-85.00  sec   218 KBytes  1.78 Mbits/sec  0.501 ms  0/2229 (0%)  
[  5]  85.00-86.00  sec   217 KBytes  1.78 Mbits/sec  0.456 ms  0/2226 (0%)  
[  5]  86.00-87.00  sec   275 KBytes  2.26 Mbits/sec  0.417 ms  0/2819 (0%)  
[  5]  87.00-88.00  sec   275 KBytes  2.26 Mbits/sec  0.427 ms  0/2821 (0%)  
[  5]  88.00-89.00  sec   275 KBytes  2.25 Mbits/sec  0.344 ms  0/2819 (0%)  
[  5]  89.00-90.00  sec   281 KBytes  2.31 Mbits/sec  0.395 ms  0/2881 (0%)  
[  5]  90.00-91.00  sec   278 KBytes  2.27 Mbits/sec  0.503 ms  0/2843 (0%)  
[  5]  91.00-92.00  sec   276 KBytes  2.26 Mbits/sec  0.433 ms  0/2829 (0%)  
[  5]  92.00-93.00  sec   281 KBytes  2.31 Mbits/sec  0.426 ms  0/2879 (0%)  
[  5]  93.00-94.00  sec   292 KBytes  2.40 Mbits/sec  0.451 ms  0/2994 (0%)  
[  5]  94.00-95.00  sec   287 KBytes  2.35 Mbits/sec  0.342 ms  0/2940 (0%)  
[  5]  95.00-96.00  sec   262 KBytes  2.14 Mbits/sec  0.499 ms  0/2682 (0%)  
[  5]  96.00-97.00  sec   255 KBytes  2.09 Mbits/sec  0.422 ms  0/2613 (0%)  
[  5]  97.00-98.00  sec   266 KBytes  2.17 Mbits/sec  0.387 ms  0/2725 (0%)  
[  5]  98.00-99.00  sec   270 KBytes  2.22 Mbits/sec  0.360 ms  0/2769 (0%)  
[  5]  99.00-100.00 sec   187 KBytes  1.53 Mbits/sec  0.263 ms  3030/4946 (61%)  
[  5] 100.00-101.00 sec   256 KBytes  2.10 Mbits/sec  0.212 ms  3666/6292 (58%)  
[  5] 101.00-102.00 sec   267 KBytes  2.19 Mbits/sec  0.221 ms  2774/5511 (50%)  
[  5] 102.00-103.00 sec   272 KBytes  2.23 Mbits/sec  0.224 ms  2387/5173 (46%)  
[  5] 103.00-104.00 sec   271 KBytes  2.22 Mbits/sec  0.218 ms  3002/5781 (52%)  
[  5] 104.00-105.00 sec   272 KBytes  2.23 Mbits/sec  0.236 ms  2364/5147 (46%)  
[  5] 105.00-106.00 sec   256 KBytes  2.10 Mbits/sec  0.288 ms  1869/4488 (42%)  
[  5] 106.00-107.00 sec   260 KBytes  2.13 Mbits/sec  0.207 ms  3355/6019 (56%)  
[  5] 107.00-108.00 sec   259 KBytes  2.12 Mbits/sec  0.239 ms  2937/5586 (53%)  
[  5] 108.00-109.00 sec   326 KBytes  2.67 Mbits/sec  0.243 ms  4348/7685 (57%)  
[  5] 109.00-110.00 sec   314 KBytes  2.57 Mbits/sec  0.217 ms  4607/7818 (59%)  
[  5] 110.00-111.00 sec   258 KBytes  2.11 Mbits/sec  0.225 ms  3587/6226 (58%)  
[  5] 111.00-112.00 sec   313 KBytes  2.57 Mbits/sec  0.151 ms  3456/6666 (52%)  
[  5] 112.00-113.00 sec   271 KBytes  2.22 Mbits/sec  0.198 ms  2597/5376 (48%)  
[  5] 113.00-114.00 sec   312 KBytes  2.55 Mbits/sec  0.220 ms  2019/5212 (39%)  
[  5] 114.00-115.00 sec   260 KBytes  2.13 Mbits/sec  0.333 ms  1999/4664 (43%)  
[  5] 115.00-116.00 sec   307 KBytes  2.52 Mbits/sec  0.220 ms  1904/5052 (38%)  
[  5] 116.00-117.00 sec   271 KBytes  2.22 Mbits/sec  0.244 ms  1543/4319 (36%)  
[  5] 117.00-118.00 sec   305 KBytes  2.50 Mbits/sec  0.246 ms  2086/5210 (40%)  
[  5] 118.00-119.00 sec   278 KBytes  2.28 Mbits/sec  0.217 ms  1655/4503 (37%)  
[  5] 119.00-120.00 sec   272 KBytes  2.23 Mbits/sec  0.237 ms  1456/4240 (34%)  
[  5] 120.00-121.00 sec   296 KBytes  2.42 Mbits/sec  0.214 ms  2008/5041 (40%)  
[  5] 121.00-122.00 sec   271 KBytes  2.23 Mbits/sec  0.242 ms  1716/4495 (38%)  
[  5] 122.00-123.00 sec   304 KBytes  2.49 Mbits/sec  0.217 ms  2705/5815 (47%)  
[  5] 123.00-124.00 sec   253 KBytes  2.07 Mbits/sec  0.235 ms  2015/4601 (44%)  
[  5] 124.00-125.00 sec   314 KBytes  2.57 Mbits/sec  0.258 ms  2000/5218 (38%)  
[  5] 125.00-126.00 sec   268 KBytes  2.20 Mbits/sec  0.216 ms  1985/4734 (42%)  
[  5] 126.00-127.00 sec   254 KBytes  2.08 Mbits/sec  0.235 ms  1698/4303 (39%)  
[  5] 127.00-128.00 sec   305 KBytes  2.50 Mbits/sec  0.211 ms  2146/5274 (41%)  
[  5] 128.00-129.00 sec   278 KBytes  2.28 Mbits/sec  0.240 ms  1774/4621 (38%)  
[  5] 129.00-130.00 sec   238 KBytes  1.94 Mbits/sec  0.423 ms  1382/3814 (36%)  
[  5] 130.00-131.00 sec   323 KBytes  2.65 Mbits/sec  0.262 ms  2261/5573 (41%)  
[  5] 131.00-132.00 sec   264 KBytes  2.16 Mbits/sec  0.222 ms  1812/4516 (40%)  
[  5] 132.00-133.00 sec   303 KBytes  2.48 Mbits/sec  0.246 ms  1785/4883 (37%)  
[  5] 133.00-134.00 sec   280 KBytes  2.30 Mbits/sec  0.228 ms  1610/4482 (36%)  
[  5] 134.00-135.00 sec   248 KBytes  2.03 Mbits/sec  0.217 ms  1540/4077 (38%)  
[  5] 135.00-136.00 sec   275 KBytes  2.25 Mbits/sec  0.257 ms  1366/4179 (33%)  
[  5] 136.00-137.00 sec   317 KBytes  2.60 Mbits/sec  0.307 ms  1495/4740 (32%)  
[  5] 137.00-138.00 sec   225 KBytes  1.84 Mbits/sec  0.216 ms  1043/3344 (31%)  
[  5] 138.00-139.00 sec   212 KBytes  1.74 Mbits/sec  0.207 ms  1303/3478 (37%)  
[  5] 139.00-140.00 sec   212 KBytes  1.74 Mbits/sec  0.214 ms  1274/3447 (37%)  
[  5] 140.00-141.00 sec   271 KBytes  2.22 Mbits/sec  0.260 ms  1560/4339 (36%)  
[  5] 141.00-142.00 sec   227 KBytes  1.86 Mbits/sec  0.213 ms  1113/3434 (32%)  
[  5] 142.00-143.00 sec   235 KBytes  1.93 Mbits/sec  0.220 ms  1134/3542 (32%)  
[  5] 143.00-144.00 sec   272 KBytes  2.22 Mbits/sec  0.211 ms  1384/4167 (33%)  
[  5] 144.00-145.00 sec   242 KBytes  1.99 Mbits/sec  0.375 ms  1598/4078 (39%)  
[  5] 145.00-146.00 sec   278 KBytes  2.28 Mbits/sec  0.226 ms  1445/4292 (34%)  
[  5] 146.00-147.00 sec   271 KBytes  2.23 Mbits/sec  0.219 ms  1378/4157 (33%)  
[  5] 147.00-148.00 sec   264 KBytes  2.16 Mbits/sec  0.259 ms  1434/4135 (35%)  
[  5] 148.00-149.00 sec   266 KBytes  2.18 Mbits/sec  0.216 ms  1398/4121 (34%)  
[  5] 149.00-150.00 sec   179 KBytes  1.47 Mbits/sec  0.206 ms  1659/3492 (48%)  
[  5] 150.00-151.00 sec   281 KBytes  2.30 Mbits/sec  0.223 ms  1425/4300 (33%)  
[  5] 151.00-152.00 sec   271 KBytes  2.22 Mbits/sec  0.217 ms  1533/4312 (36%)  
[  5] 152.00-153.00 sec   252 KBytes  2.06 Mbits/sec  0.260 ms  1490/4067 (37%)  
[  5] 153.00-154.00 sec   265 KBytes  2.17 Mbits/sec  0.255 ms  1666/4378 (38%)  
[  5] 154.00-155.00 sec   254 KBytes  2.08 Mbits/sec  0.321 ms  1558/4154 (38%)  
[  5] 155.00-156.00 sec   255 KBytes  2.09 Mbits/sec  0.324 ms  1694/4307 (39%)  
[  5] 156.00-157.00 sec   251 KBytes  2.05 Mbits/sec  0.228 ms  1673/4242 (39%)  
[  5] 157.00-158.00 sec   255 KBytes  2.09 Mbits/sec  0.493 ms  1670/4281 (39%)  
[  5] 158.00-159.00 sec   242 KBytes  1.98 Mbits/sec  0.328 ms  1577/4051 (39%)  
[  5] 159.00-160.00 sec   272 KBytes  2.23 Mbits/sec  0.206 ms  1575/4358 (36%)  
[  5] 160.00-161.00 sec   165 KBytes  1.35 Mbits/sec  0.226 ms  993/2682 (37%)  
[  5] 161.00-162.00 sec   235 KBytes  1.93 Mbits/sec  0.250 ms  1073/3481 (31%)  
[  5] 162.00-163.00 sec   157 KBytes  1.28 Mbits/sec  0.219 ms  1384/2988 (46%)  
[  5] 163.00-164.00 sec   168 KBytes  1.37 Mbits/sec  0.208 ms  1263/2981 (42%)  
[  5] 164.00-165.00 sec   129 KBytes  1.06 Mbits/sec  0.281 ms  1587/2912 (54%)  
[  5] 165.00-166.00 sec   219 KBytes  1.79 Mbits/sec  0.219 ms  1376/3617 (38%)  
[  5] 166.00-167.00 sec   163 KBytes  1.34 Mbits/sec  0.563 ms  1156/2830 (41%)  
[  5] 167.00-168.00 sec   171 KBytes  1.40 Mbits/sec  0.259 ms  1219/2965 (41%)  
[  5] 168.00-169.00 sec   169 KBytes  1.39 Mbits/sec  0.221 ms  1455/3189 (46%)  
[  5] 169.00-170.00 sec   158 KBytes  1.29 Mbits/sec  0.294 ms  1981/3594 (55%)  
[  5] 170.00-171.00 sec   192 KBytes  1.57 Mbits/sec  0.221 ms  2767/4734 (58%)  
[  5] 171.00-172.00 sec   158 KBytes  1.29 Mbits/sec  0.212 ms  1609/3222 (50%)  
[  5] 172.00-173.00 sec   216 KBytes  1.77 Mbits/sec  0.193 ms  2478/4689 (53%)  
[  5] 173.00-174.00 sec   149 KBytes  1.22 Mbits/sec  0.813 ms  1574/3101 (51%)  
[  5] 174.00-175.00 sec   202 KBytes  1.66 Mbits/sec  0.214 ms  1651/3722 (44%)  
[  5] 175.00-176.00 sec   246 KBytes  2.01 Mbits/sec  1.198 ms  1786/4301 (42%)  
[  5] 176.00-177.00 sec   237 KBytes  1.94 Mbits/sec  0.433 ms  1743/4175 (42%)  
[  5] 177.00-178.00 sec   226 KBytes  1.86 Mbits/sec  0.219 ms  1416/3733 (38%)  
[  5] 178.00-179.00 sec   186 KBytes  1.53 Mbits/sec  0.281 ms  1919/3827 (50%)  
[  5] 179.00-180.00 sec   235 KBytes  1.93 Mbits/sec  0.293 ms  1574/3982 (40%)  
[  5] 180.00-181.00 sec   257 KBytes  2.11 Mbits/sec  0.300 ms  1771/4407 (40%)  
[  5] 181.00-182.00 sec   164 KBytes  1.35 Mbits/sec  0.499 ms  1432/3115 (46%)  
[  5] 182.00-183.00 sec   235 KBytes  1.93 Mbits/sec  0.222 ms  2248/4656 (48%)  
[  5] 183.00-184.00 sec   270 KBytes  2.21 Mbits/sec  0.211 ms  1680/4447 (38%)  
[  5] 184.00-185.00 sec   201 KBytes  1.65 Mbits/sec  0.237 ms  1963/4026 (49%)  
[  5] 185.00-186.00 sec   279 KBytes  2.29 Mbits/sec  0.218 ms  1432/4291 (33%)  
[  5] 186.00-187.00 sec   264 KBytes  2.16 Mbits/sec  0.245 ms  1599/4299 (37%)  
[  5] 187.00-188.00 sec   272 KBytes  2.22 Mbits/sec  0.218 ms  1592/4375 (36%)  
[  5] 188.00-189.00 sec   264 KBytes  2.16 Mbits/sec  0.219 ms  2023/4725 (43%)  
[  5] 189.00-190.00 sec   260 KBytes  2.13 Mbits/sec  0.251 ms  1398/4059 (34%)  
[  5] 190.00-191.00 sec   226 KBytes  1.85 Mbits/sec  0.218 ms  1575/3892 (40%)  
[  5] 191.00-192.00 sec   272 KBytes  2.23 Mbits/sec  0.227 ms  1912/4701 (41%)  
[  5] 192.00-193.00 sec   263 KBytes  2.16 Mbits/sec  0.233 ms  2008/4706 (43%)  
[  5] 193.00-194.00 sec   275 KBytes  2.25 Mbits/sec  0.223 ms  3147/5963 (53%)  
[  5] 194.00-195.00 sec   272 KBytes  2.23 Mbits/sec  0.219 ms  3512/6295 (56%)  
[  5] 195.00-196.00 sec   255 KBytes  2.08 Mbits/sec  0.190 ms  3689/6297 (59%)  
[  5] 196.00-197.00 sec   268 KBytes  2.19 Mbits/sec  1.804 ms  3617/6357 (57%)  
[  5] 197.00-198.00 sec   267 KBytes  2.19 Mbits/sec  0.242 ms  3791/6524 (58%)  
[  5] 198.00-199.00 sec   281 KBytes  2.30 Mbits/sec  0.219 ms  4037/6912 (58%)  
[  5] 199.00-200.00 sec   317 KBytes  2.60 Mbits/sec  0.209 ms  3821/7066 (54%)  
[  5] 200.00-201.00 sec   259 KBytes  2.12 Mbits/sec  0.213 ms  3524/6174 (57%)  
[  5] 201.00-202.00 sec   311 KBytes  2.54 Mbits/sec  0.212 ms  3665/6845 (54%)  
[  5] 202.00-203.00 sec   262 KBytes  2.15 Mbits/sec  0.219 ms  3008/5691 (53%)  
[  5] 203.00-204.00 sec   305 KBytes  2.50 Mbits/sec  0.220 ms  3132/6251 (50%)  
[  5] 204.00-205.00 sec   277 KBytes  2.27 Mbits/sec  0.209 ms  2465/5305 (46%)  
[  5] 205.00-206.00 sec   317 KBytes  2.59 Mbits/sec  0.188 ms  2878/6124 (47%)  
[  5] 206.00-207.00 sec   244 KBytes  2.00 Mbits/sec  0.303 ms  2778/5275 (53%)  
[  5] 207.00-208.00 sec   301 KBytes  2.46 Mbits/sec  0.197 ms  2787/5866 (48%)  
[  5] 208.00-209.00 sec   263 KBytes  2.16 Mbits/sec  0.206 ms  2951/5647 (52%)  
[  5] 209.00-210.00 sec   321 KBytes  2.63 Mbits/sec  0.224 ms  3107/6397 (49%)  
[  5] 210.00-211.00 sec   261 KBytes  2.14 Mbits/sec  0.230 ms  1835/4509 (41%)  
[  5] 211.00-212.00 sec   250 KBytes  2.05 Mbits/sec  0.306 ms  2251/4814 (47%)  
[  5] 212.00-213.00 sec   276 KBytes  2.26 Mbits/sec  0.216 ms  1731/4555 (38%)  
[  5] 213.00-214.00 sec   246 KBytes  2.01 Mbits/sec  7.879 ms  2155/4673 (46%)  
[  5] 214.00-215.00 sec   317 KBytes  2.60 Mbits/sec  0.216 ms  2020/5265 (38%)  
[  5] 215.00-216.00 sec   308 KBytes  2.53 Mbits/sec  0.217 ms  2065/5224 (40%)  
[  5] 216.00-217.00 sec   272 KBytes  2.23 Mbits/sec  0.217 ms  2104/4888 (43%)  
[  5] 217.00-218.00 sec   323 KBytes  2.64 Mbits/sec  0.218 ms  2473/5776 (43%)  
[  5] 218.00-219.00 sec   260 KBytes  2.13 Mbits/sec  0.225 ms  1827/4487 (41%)  
[  5] 219.00-220.00 sec   301 KBytes  2.47 Mbits/sec  0.218 ms  1998/5084 (39%)  
[  5] 220.00-221.00 sec   267 KBytes  2.19 Mbits/sec  0.218 ms  1863/4599 (41%)  
[  5] 221.00-222.00 sec   251 KBytes  2.06 Mbits/sec  0.207 ms  1780/4355 (41%)  
[  5] 222.00-223.00 sec   326 KBytes  2.67 Mbits/sec  0.206 ms  2036/5370 (38%)  
[  5] 223.00-224.00 sec   285 KBytes  2.34 Mbits/sec  0.221 ms  1867/4786 (39%)  
[  5] 224.00-225.00 sec   291 KBytes  2.38 Mbits/sec  0.201 ms  1403/4378 (32%)  
[  5] 225.00-226.00 sec   325 KBytes  2.66 Mbits/sec  0.272 ms  1628/4958 (33%)  
[  5] 226.00-227.00 sec   268 KBytes  2.20 Mbits/sec  0.200 ms  1310/4054 (32%)  
[  5] 227.00-228.00 sec   317 KBytes  2.59 Mbits/sec  0.219 ms  1490/4736 (31%)  
[  5] 228.00-229.00 sec   280 KBytes  2.30 Mbits/sec  0.214 ms  1337/4208 (32%)  
[  5] 229.00-230.00 sec   313 KBytes  2.57 Mbits/sec  0.212 ms  1721/4931 (35%)  
[  5] 230.00-231.00 sec   238 KBytes  1.95 Mbits/sec  0.585 ms  1402/3841 (37%)  
[  5] 231.00-232.00 sec   300 KBytes  2.46 Mbits/sec  0.241 ms  2033/5102 (40%)  
[  5] 232.00-233.00 sec   297 KBytes  2.43 Mbits/sec  0.205 ms  1754/4792 (37%)  
[  5] 233.00-234.00 sec   281 KBytes  2.30 Mbits/sec  0.215 ms  1300/4175 (31%)  
[  5] 234.00-235.00 sec   302 KBytes  2.47 Mbits/sec  0.223 ms  1723/4813 (36%)  
[  5] 235.00-236.00 sec   248 KBytes  2.03 Mbits/sec  0.219 ms  1441/3979 (36%)  
[  5] 236.00-237.00 sec   298 KBytes  2.44 Mbits/sec  0.222 ms  2585/5632 (46%)  
[  5] 237.00-238.00 sec   262 KBytes  2.14 Mbits/sec  0.225 ms  1824/4505 (40%)  
[  5] 238.00-239.00 sec   302 KBytes  2.47 Mbits/sec  0.218 ms  1641/4734 (35%)  
[  5] 239.00-240.00 sec   276 KBytes  2.26 Mbits/sec  0.221 ms  1368/4195 (33%)  
[  5] 240.00-241.00 sec   313 KBytes  2.56 Mbits/sec  0.213 ms  1484/4691 (32%)  
[  5] 241.00-242.00 sec   279 KBytes  2.29 Mbits/sec  0.213 ms  1356/4217 (32%)  
[  5] 242.00-243.00 sec   292 KBytes  2.39 Mbits/sec  0.224 ms  1791/4780 (37%)  
[  5] 243.00-244.00 sec   310 KBytes  2.53 Mbits/sec  0.263 ms  1699/4870 (35%)  
[  5] 244.00-245.00 sec   264 KBytes  2.16 Mbits/sec  0.217 ms  1571/4270 (37%)  
[  5] 245.00-246.00 sec   317 KBytes  2.60 Mbits/sec  0.216 ms  1686/4932 (34%)  
[  5] 246.00-247.00 sec   271 KBytes  2.22 Mbits/sec  0.201 ms  1402/4181 (34%)  
[  5] 247.00-248.00 sec   316 KBytes  2.59 Mbits/sec  0.216 ms  1588/4828 (33%)  
[  5] 248.00-249.00 sec   272 KBytes  2.23 Mbits/sec  0.224 ms  1289/4072 (32%)  
[  5] 249.00-250.00 sec   326 KBytes  2.67 Mbits/sec  0.217 ms  1512/4850 (31%)  
[  5] 250.00-251.00 sec   271 KBytes  2.22 Mbits/sec  0.198 ms  1259/4038 (31%)  
[  5] 251.00-252.00 sec   241 KBytes  1.97 Mbits/sec  0.526 ms  1301/3769 (35%)  
[  5] 252.00-253.00 sec   276 KBytes  2.26 Mbits/sec  0.266 ms  1561/4388 (36%)  
[  5] 253.00-254.00 sec   316 KBytes  2.58 Mbits/sec  0.218 ms  1751/4983 (35%)  
[  5] 254.00-255.00 sec   279 KBytes  2.28 Mbits/sec  0.190 ms  1379/4232 (33%)  
[  5] 255.00-256.00 sec   317 KBytes  2.60 Mbits/sec  0.210 ms  1460/4706 (31%)  
[  5] 256.00-257.00 sec   267 KBytes  2.19 Mbits/sec  0.279 ms  1344/4080 (33%)  
[  5] 257.00-258.00 sec   326 KBytes  2.67 Mbits/sec  0.247 ms  1443/4780 (30%)  
[  5] 258.00-259.00 sec   272 KBytes  2.23 Mbits/sec  0.224 ms  1236/4019 (31%)  
[  5] 259.00-260.00 sec   258 KBytes  2.11 Mbits/sec  0.208 ms  1506/4148 (36%)  
[  5] 260.00-261.00 sec   304 KBytes  2.48 Mbits/sec  0.295 ms  1638/4746 (35%)  
[  5] 261.00-262.00 sec   272 KBytes  2.23 Mbits/sec  0.213 ms  1302/4085 (32%)  
[  5] 262.00-263.00 sec   272 KBytes  2.23 Mbits/sec  0.201 ms  2035/4819 (42%)  
[  5] 263.00-264.00 sec   280 KBytes  2.30 Mbits/sec  0.186 ms  1384/4254 (33%)  
[  5] 264.00-265.00 sec   296 KBytes  2.42 Mbits/sec  0.327 ms  1806/4835 (37%)  
[  5] 265.00-266.00 sec   326 KBytes  2.67 Mbits/sec  0.263 ms  1538/4875 (32%)  
[  5] 266.00-267.00 sec   272 KBytes  2.23 Mbits/sec  0.214 ms  1290/4074 (32%)  
[  5] 267.00-268.00 sec   298 KBytes  2.44 Mbits/sec  0.220 ms  1683/4730 (36%)  
[  5] 268.00-269.00 sec   281 KBytes  2.30 Mbits/sec  0.220 ms  1277/4152 (31%)  
[  5] 269.00-270.00 sec   306 KBytes  2.51 Mbits/sec  0.220 ms  1652/4785 (35%)  
[  5] 270.00-271.00 sec   259 KBytes  2.12 Mbits/sec  0.250 ms  1429/4083 (35%)  
[  5] 271.00-272.00 sec   262 KBytes  2.15 Mbits/sec  0.324 ms  1426/4110 (35%)  
[  5] 272.00-273.00 sec   313 KBytes  2.56 Mbits/sec  0.203 ms  1721/4923 (35%)  
[  5] 273.00-274.00 sec   270 KBytes  2.21 Mbits/sec  0.209 ms  1340/4102 (33%)  
[  5] 274.00-275.00 sec   326 KBytes  2.67 Mbits/sec  0.209 ms  1435/4773 (30%)  
[  5] 275.00-276.00 sec   262 KBytes  2.15 Mbits/sec  0.316 ms  1711/4396 (39%)  
[  5] 276.00-277.00 sec   320 KBytes  2.62 Mbits/sec  0.245 ms  2055/5327 (39%)  
[  5] 277.00-278.00 sec   271 KBytes  2.22 Mbits/sec  0.225 ms  1341/4116 (33%)  
[  5] 278.00-279.00 sec   251 KBytes  2.06 Mbits/sec  0.219 ms  1607/4176 (38%)  
[  5] 279.00-280.00 sec   325 KBytes  2.66 Mbits/sec  0.222 ms  1541/4868 (32%)  
[  5] 280.00-281.00 sec   271 KBytes  2.22 Mbits/sec  0.215 ms  1298/4077 (32%)  
[  5] 281.00-282.00 sec   303 KBytes  2.48 Mbits/sec  0.206 ms  1669/4774 (35%)  
[  5] 282.00-283.00 sec   302 KBytes  2.47 Mbits/sec  0.217 ms  1962/5051 (39%)  
[  5] 283.00-284.00 sec   272 KBytes  2.23 Mbits/sec  0.223 ms  1264/4047 (31%)  
[  5] 284.00-285.00 sec   317 KBytes  2.59 Mbits/sec  0.189 ms  1749/4991 (35%)  
[  5] 285.00-286.00 sec   277 KBytes  2.27 Mbits/sec  0.213 ms  1737/4577 (38%)  
[  5] 286.00-287.00 sec   317 KBytes  2.59 Mbits/sec  0.243 ms  1548/4793 (32%)  
[  5] 287.00-288.00 sec   281 KBytes  2.31 Mbits/sec  0.211 ms  1419/4294 (33%)  
[  5] 288.00-289.00 sec   307 KBytes  2.51 Mbits/sec  0.219 ms  1523/4662 (33%)  
[  5] 289.00-290.00 sec   297 KBytes  2.43 Mbits/sec  0.235 ms  1473/4514 (33%)  
[  5] 290.00-291.00 sec   248 KBytes  2.03 Mbits/sec  0.210 ms  1625/4166 (39%)  
[  5] 291.00-292.00 sec   304 KBytes  2.49 Mbits/sec  0.237 ms  1789/4902 (36%)  
[  5] 292.00-293.00 sec   271 KBytes  2.22 Mbits/sec  0.239 ms  1249/4028 (31%)  
[  5] 293.00-294.00 sec   244 KBytes  2.00 Mbits/sec  0.670 ms  1725/4219 (41%)  
[  5] 294.00-295.00 sec   294 KBytes  2.41 Mbits/sec  0.893 ms  1812/4827 (38%)  
[  5] 295.00-296.00 sec   271 KBytes  2.22 Mbits/sec  0.214 ms  1542/4321 (36%)  
[  5] 296.00-297.00 sec   315 KBytes  2.58 Mbits/sec  0.213 ms  1752/4978 (35%)  
[  5] 297.00-298.00 sec   297 KBytes  2.43 Mbits/sec  0.204 ms  1887/4927 (38%)  
[  5] 298.00-299.00 sec   243 KBytes  1.99 Mbits/sec  0.212 ms  1715/4201 (41%)  
[  5] 299.00-300.00 sec   317 KBytes  2.59 Mbits/sec  0.218 ms  1547/4788 (32%)  
[  5] 300.00-301.00 sec   266 KBytes  2.18 Mbits/sec  0.368 ms  1391/4113 (34%)  
[  5] 301.00-302.00 sec   326 KBytes  2.67 Mbits/sec  0.164 ms  1627/4964 (33%)  
[  5] 302.00-303.00 sec   271 KBytes  2.22 Mbits/sec  0.214 ms  1458/4237 (34%)  
[  5] 303.00-304.00 sec   317 KBytes  2.60 Mbits/sec  0.221 ms  1616/4862 (33%)  
[  5] 304.00-305.00 sec   326 KBytes  2.67 Mbits/sec  0.198 ms  1541/4878 (32%)  
[  5] 305.00-306.00 sec   272 KBytes  2.23 Mbits/sec  0.218 ms  1355/4138 (33%)  
[  5] 306.00-307.00 sec   290 KBytes  2.37 Mbits/sec  0.203 ms  1913/4879 (39%)  
[  5] 307.00-308.00 sec   264 KBytes  2.16 Mbits/sec  0.207 ms  1284/3986 (32%)  
[  5] 308.00-309.00 sec   312 KBytes  2.56 Mbits/sec  0.262 ms  1622/4815 (34%)  
[  5] 309.00-310.00 sec   271 KBytes  2.22 Mbits/sec  0.212 ms  1315/4089 (32%)  
[  5] 310.00-311.00 sec   271 KBytes  2.22 Mbits/sec  0.213 ms  1316/4095 (32%)  
[  5] 311.00-312.00 sec   281 KBytes  2.30 Mbits/sec  0.219 ms  1365/4240 (32%)  
[  5] 312.00-313.00 sec   261 KBytes  2.14 Mbits/sec  0.266 ms  1438/4108 (35%)  
[  5] 313.00-314.00 sec   262 KBytes  2.14 Mbits/sec  0.215 ms  1257/3936 (32%)  
[  5] 314.00-315.00 sec   277 KBytes  2.27 Mbits/sec  0.201 ms  1561/4399 (35%)  
[  5] 315.00-316.00 sec   271 KBytes  2.22 Mbits/sec  0.237 ms  1213/3992 (30%)  
[  5] 316.00-317.00 sec   263 KBytes  2.15 Mbits/sec  0.241 ms  1368/4057 (34%)  
[  5] 317.00-318.00 sec   276 KBytes  2.26 Mbits/sec  0.240 ms  1413/4235 (33%)  
[  5] 318.00-319.00 sec   316 KBytes  2.59 Mbits/sec  0.217 ms  1571/4805 (33%)  
[  5] 319.00-320.00 sec   259 KBytes  2.12 Mbits/sec  0.219 ms  1559/4212 (37%)  
[  5] 320.00-321.00 sec   325 KBytes  2.66 Mbits/sec  0.215 ms  1631/4959 (33%)  
[  5] 321.00-322.00 sec   271 KBytes  2.22 Mbits/sec  0.218 ms  1295/4074 (32%)  
[  5] 322.00-323.00 sec   326 KBytes  2.67 Mbits/sec  0.220 ms  1526/4863 (31%)  
[  5] 323.00-324.00 sec   312 KBytes  2.56 Mbits/sec  0.228 ms  1611/4803 (34%)  
[  5] 324.00-325.00 sec   271 KBytes  2.22 Mbits/sec  0.214 ms  1169/3948 (30%)  
[  5] 325.00-326.00 sec   249 KBytes  2.04 Mbits/sec  0.417 ms  1418/3972 (36%)  
[  5] 326.00-327.00 sec   232 KBytes  1.90 Mbits/sec  0.217 ms  1082/3539 (31%)  
[  5] 327.00-328.00 sec   230 KBytes  1.89 Mbits/sec  0.217 ms  1754/4113 (43%)  
[  5] 328.00-329.00 sec   172 KBytes  1.41 Mbits/sec  0.218 ms  1107/2871 (39%)  
[  5] 329.00-330.00 sec   201 KBytes  1.65 Mbits/sec  0.401 ms  1027/3089 (33%)  
[  5] 330.00-331.00 sec   246 KBytes  2.02 Mbits/sec  0.202 ms  1189/3711 (32%)  
[  5] 331.00-332.00 sec   223 KBytes  1.83 Mbits/sec  0.201 ms  1009/3294 (31%)  
[  5] 332.00-333.00 sec   280 KBytes  2.29 Mbits/sec  0.215 ms  1281/4148 (31%)  
[  5] 333.00-334.00 sec   226 KBytes  1.85 Mbits/sec  0.230 ms  1075/3392 (32%)  
[  5] 334.00-335.00 sec   267 KBytes  2.18 Mbits/sec  0.211 ms  1358/4088 (33%)  
[  5] 335.00-336.00 sec   229 KBytes  1.88 Mbits/sec  0.217 ms  1289/3636 (35%)  
[  5] 336.00-337.00 sec   251 KBytes  2.05 Mbits/sec  0.214 ms  1721/4287 (40%)  
[  5] 337.00-338.00 sec   228 KBytes  1.86 Mbits/sec  0.285 ms  1533/3864 (40%)  
[  5] 338.00-339.00 sec   225 KBytes  1.84 Mbits/sec  0.219 ms  1421/3720 (38%)  
[  5] 339.00-340.00 sec   270 KBytes  2.21 Mbits/sec  0.203 ms  1700/4462 (38%)  
[  5] 340.00-341.00 sec   262 KBytes  2.14 Mbits/sec  0.622 ms  1729/4408 (39%)  
[  5] 341.00-342.00 sec   227 KBytes  1.86 Mbits/sec  0.217 ms  1357/3678 (37%)  
[  5] 342.00-343.00 sec   205 KBytes  1.68 Mbits/sec  0.215 ms  1567/3664 (43%)  
[  5] 343.00-344.00 sec   227 KBytes  1.86 Mbits/sec  0.221 ms  1392/3716 (37%)  
[  5] 344.00-345.00 sec   205 KBytes  1.68 Mbits/sec  0.209 ms  1554/3651 (43%)  
[  5] 345.00-346.00 sec   271 KBytes  2.22 Mbits/sec  0.220 ms  1488/4267 (35%)  
[  5] 346.00-347.00 sec   233 KBytes  1.91 Mbits/sec  0.212 ms  1399/3783 (37%)  
[  5] 347.00-348.00 sec   271 KBytes  2.22 Mbits/sec  0.242 ms  1617/4396 (37%)  
[  5] 348.00-349.00 sec   187 KBytes  1.53 Mbits/sec  1.030 ms  1618/3530 (46%)  
[  5] 349.00-350.00 sec   281 KBytes  2.30 Mbits/sec  0.216 ms  1304/4179 (31%)  
[  5] 350.00-351.00 sec   200 KBytes  1.64 Mbits/sec  0.215 ms  1286/3336 (39%)  
[  5] 351.00-352.00 sec   272 KBytes  2.23 Mbits/sec  0.215 ms  1246/4029 (31%)  
[  5] 352.00-353.00 sec   206 KBytes  1.69 Mbits/sec  0.652 ms  1250/3361 (37%)  
[  5] 353.00-354.00 sec   280 KBytes  2.30 Mbits/sec  0.214 ms  1258/4129 (30%)  
[  5] 354.00-355.00 sec   203 KBytes  1.66 Mbits/sec  0.215 ms  1417/3494 (41%)  
[  5] 355.00-356.00 sec   267 KBytes  2.18 Mbits/sec  0.213 ms  1856/4585 (40%)  
[  5] 356.00-357.00 sec   230 KBytes  1.88 Mbits/sec  0.207 ms  1594/3947 (40%)  
[  5] 357.00-358.00 sec   264 KBytes  2.17 Mbits/sec  0.214 ms  2140/4844 (44%)  
[  5] 358.00-359.00 sec   271 KBytes  2.22 Mbits/sec  0.218 ms  2778/5557 (50%)  
[  5] 359.00-360.00 sec   233 KBytes  1.91 Mbits/sec  0.222 ms  2768/5157 (54%)  
[  5] 360.00-361.00 sec   271 KBytes  2.22 Mbits/sec  0.211 ms  2432/5211 (47%)  
[  5] 361.00-362.00 sec   226 KBytes  1.85 Mbits/sec  0.191 ms  1681/3998 (42%)  
[  5] 362.00-363.00 sec   278 KBytes  2.28 Mbits/sec  0.211 ms  2339/5183 (45%)  
[  5] 363.00-364.00 sec   245 KBytes  2.01 Mbits/sec  0.206 ms  2219/4730 (47%)  
[  5] 364.00-365.00 sec   209 KBytes  1.71 Mbits/sec  0.205 ms  1873/4011 (47%)  
[  5] 365.00-366.00 sec   249 KBytes  2.04 Mbits/sec  0.215 ms  2621/5172 (51%)  
[  5] 366.00-367.00 sec   214 KBytes  1.76 Mbits/sec  0.219 ms  1879/4075 (46%)  
[  5] 367.00-368.00 sec   188 KBytes  1.54 Mbits/sec  0.222 ms  2322/4243 (55%)  
[  5] 368.00-369.00 sec   220 KBytes  1.80 Mbits/sec  0.221 ms  1750/3998 (44%)  
[  5] 369.00-370.00 sec   218 KBytes  1.78 Mbits/sec  0.273 ms  1707/3936 (43%)  
[  5] 370.00-371.00 sec   233 KBytes  1.91 Mbits/sec  0.226 ms  2336/4722 (49%)  
[  5] 371.00-372.00 sec   236 KBytes  1.93 Mbits/sec  0.220 ms  1750/4163 (42%)  
[  5] 372.00-373.00 sec   263 KBytes  2.16 Mbits/sec  0.220 ms  3023/5718 (53%)  
[  5] 373.00-374.00 sec   227 KBytes  1.86 Mbits/sec  0.220 ms  1987/4308 (46%)  
[  5] 374.00-375.00 sec   268 KBytes  2.19 Mbits/sec  0.195 ms  2284/5024 (45%)  
[  5] 375.00-376.00 sec   220 KBytes  1.81 Mbits/sec  0.224 ms  1801/4058 (44%)  
[  5] 376.00-377.00 sec   208 KBytes  1.70 Mbits/sec  0.224 ms  1928/4053 (48%)  
[  5] 377.00-378.00 sec   259 KBytes  2.12 Mbits/sec  0.207 ms  2402/5052 (48%)  
[  5] 378.00-379.00 sec   216 KBytes  1.77 Mbits/sec  0.219 ms  1825/4033 (45%)  
[  5] 379.00-380.00 sec   250 KBytes  2.04 Mbits/sec  0.253 ms  2388/4943 (48%)  
[  5] 380.00-381.00 sec   280 KBytes  2.30 Mbits/sec  0.217 ms  2115/4985 (42%)  
[  5] 381.00-382.00 sec   202 KBytes  1.65 Mbits/sec  0.219 ms  1934/3998 (48%)  
[  5] 382.00-383.00 sec   249 KBytes  2.04 Mbits/sec  1.746 ms  2417/4970 (49%)  
[  5] 383.00-384.00 sec   230 KBytes  1.88 Mbits/sec  0.212 ms  1960/4314 (45%)  
[  5] 384.00-385.00 sec   250 KBytes  2.04 Mbits/sec  0.218 ms  2212/4768 (46%)  
[  5] 385.00-386.00 sec   251 KBytes  2.06 Mbits/sec  0.189 ms  2185/4759 (46%)  
[  5] 386.00-387.00 sec   204 KBytes  1.67 Mbits/sec  0.212 ms  1927/4013 (48%)  
[  5] 387.00-388.00 sec   269 KBytes  2.20 Mbits/sec  0.344 ms  2142/4892 (44%)  
[  5] 388.00-389.00 sec   200 KBytes  1.64 Mbits/sec  0.214 ms  1893/3941 (48%)  
[  5] 389.00-390.00 sec   275 KBytes  2.25 Mbits/sec  0.220 ms  2189/5005 (44%)  
[  5] 390.00-391.00 sec   227 KBytes  1.86 Mbits/sec  0.240 ms  1723/4044 (43%)  
[  5] 391.00-392.00 sec   271 KBytes  2.22 Mbits/sec  0.227 ms  1948/4727 (41%)  
[  5] 392.00-393.00 sec   234 KBytes  1.92 Mbits/sec  0.211 ms  1624/4024 (40%)  
[  5] 393.00-394.00 sec   251 KBytes  2.06 Mbits/sec  0.214 ms  2105/4676 (45%)  
[  5] 394.00-395.00 sec   223 KBytes  1.83 Mbits/sec  0.220 ms  1620/3902 (42%)  
[  5] 395.00-396.00 sec   257 KBytes  2.10 Mbits/sec  0.223 ms  2305/4935 (47%)  
[  5] 396.00-397.00 sec   272 KBytes  2.22 Mbits/sec  0.362 ms  2275/5058 (45%)  
[  5] 397.00-398.00 sec   209 KBytes  1.71 Mbits/sec  0.213 ms  2642/4778 (55%)  
[  5] 398.00-399.00 sec   281 KBytes  2.30 Mbits/sec  0.220 ms  2561/5436 (47%)  
[  5] 399.00-400.00 sec   215 KBytes  1.76 Mbits/sec  0.204 ms  1941/4139 (47%)  
[  5] 400.00-401.00 sec   260 KBytes  2.13 Mbits/sec  0.191 ms  2082/4748 (44%)  
[  5] 401.00-402.00 sec   211 KBytes  1.73 Mbits/sec  0.472 ms  2137/4294 (50%)  
[  5] 402.00-403.00 sec   274 KBytes  2.25 Mbits/sec  0.220 ms  2260/5067 (45%)  
[  5] 403.00-404.00 sec   252 KBytes  2.06 Mbits/sec  0.219 ms  2031/4614 (44%)  
[  5] 404.00-405.00 sec   220 KBytes  1.80 Mbits/sec  0.202 ms  2040/4291 (48%)  
[  5] 405.00-406.00 sec   216 KBytes  1.77 Mbits/sec  0.216 ms  2377/4593 (52%)  
[  5] 406.00-407.00 sec   208 KBytes  1.71 Mbits/sec  0.222 ms  2465/4600 (54%)  
[  5] 407.00-408.00 sec   272 KBytes  2.23 Mbits/sec  0.224 ms  1940/4723 (41%)  
[  5] 408.00-409.00 sec   235 KBytes  1.93 Mbits/sec  0.215 ms  1723/4131 (42%)  
[  5] 409.00-410.00 sec   226 KBytes  1.85 Mbits/sec  0.219 ms  1589/3906 (41%)  
[  5] 410.00-411.00 sec   267 KBytes  2.19 Mbits/sec  0.196 ms  2196/4932 (45%)  
[  5] 411.00-412.00 sec   255 KBytes  2.09 Mbits/sec  0.167 ms  2128/4738 (45%)  
[  5] 412.00-413.00 sec   213 KBytes  1.74 Mbits/sec  0.217 ms  1736/3913 (44%)  
[  5] 413.00-414.00 sec   229 KBytes  1.88 Mbits/sec  0.240 ms  2753/5100 (54%)  
[  5] 414.00-415.00 sec   226 KBytes  1.85 Mbits/sec  0.277 ms  1801/4117 (44%)  
[  5] 415.00-416.00 sec   271 KBytes  2.22 Mbits/sec  0.220 ms  1870/4649 (40%)  
[  5] 416.00-417.00 sec   201 KBytes  1.64 Mbits/sec  0.221 ms  2061/4117 (50%)  
[  5] 417.00-418.00 sec   257 KBytes  2.11 Mbits/sec  0.261 ms  2286/4915 (47%)  
[  5] 418.00-419.00 sec   214 KBytes  1.75 Mbits/sec  0.218 ms  1799/3990 (45%)  
[  5] 419.00-420.00 sec   219 KBytes  1.79 Mbits/sec  0.213 ms  1801/4042 (45%)  
[  5] 420.00-421.00 sec   235 KBytes  1.92 Mbits/sec  0.323 ms  2045/4447 (46%)  
[  5] 421.00-422.00 sec   226 KBytes  1.85 Mbits/sec  0.213 ms  2108/4424 (48%)  
[  5] 422.00-423.00 sec   269 KBytes  2.20 Mbits/sec  0.208 ms  2237/4988 (45%)  
[  5] 423.00-424.00 sec   221 KBytes  1.81 Mbits/sec  0.216 ms  1925/4186 (46%)  
[  5] 424.00-425.00 sec   237 KBytes  1.94 Mbits/sec  0.227 ms  2362/4786 (49%)  
[  5] 425.00-426.00 sec   247 KBytes  2.03 Mbits/sec  0.289 ms  2220/4754 (47%)  
[  5] 426.00-427.00 sec   223 KBytes  1.83 Mbits/sec  0.220 ms  1778/4062 (44%)  
[  5] 427.00-428.00 sec   272 KBytes  2.23 Mbits/sec  0.250 ms  2016/4800 (42%)  
[  5] 428.00-429.00 sec   235 KBytes  1.92 Mbits/sec  0.216 ms  1650/4053 (41%)  
[  5] 429.00-430.00 sec   227 KBytes  1.86 Mbits/sec  0.216 ms  1692/4013 (42%)  
[  5] 430.00-431.00 sec   259 KBytes  2.12 Mbits/sec  0.221 ms  2205/4855 (45%)  
[  5] 431.00-432.00 sec   236 KBytes  1.93 Mbits/sec  0.220 ms  1718/4130 (42%)  
