Connecting to host 172.22.0.50, port 5202
Reverse mode, remote host 172.22.0.50 is sending
[  5] local 192.168.102.2 port 34586 connected to 172.22.0.50 port 5202
[ ID] Interval           Transfer     Bitrate         Jitter    Lost/Total Datagrams
[  5]   0.00-1.00   sec   440 KBytes  3.60 Mbits/sec  0.337 ms  0/4501 (0%)  
[  5]   1.00-2.00   sec   439 KBytes  3.60 Mbits/sec  0.287 ms  0/4500 (0%)  
[  5]   2.00-3.00   sec   438 KBytes  3.58 Mbits/sec  0.230 ms  0/4487 (0%)  
[  5]   3.00-4.00   sec   441 KBytes  3.61 Mbits/sec  0.259 ms  0/4512 (0%)  
[  5]   4.00-5.00   sec   439 KBytes  3.60 Mbits/sec  0.319 ms  0/4500 (0%)  
[  5]   5.00-6.00   sec   436 KBytes  3.57 Mbits/sec  0.494 ms  0/4466 (0%)  
[  5]   6.00-7.00   sec   443 KBytes  3.63 Mbits/sec  0.296 ms  0/4539 (0%)  
[  5]   7.00-8.00   sec   437 KBytes  3.58 Mbits/sec  0.410 ms  0/4471 (0%)  
[  5]   8.00-9.00   sec   437 KBytes  3.58 Mbits/sec  0.230 ms  0/4473 (0%)  
[  5]   9.00-10.00  sec   443 KBytes  3.62 Mbits/sec  0.345 ms  0/4537 (0%)  
[  5]  10.00-11.00  sec   437 KBytes  3.58 Mbits/sec  0.454 ms  0/4472 (0%)  
[  5]  11.00-12.00  sec   440 KBytes  3.60 Mbits/sec  0.650 ms  0/4502 (0%)  
[  5]  12.00-13.00  sec   443 KBytes  3.63 Mbits/sec  0.370 ms  0/4532 (0%)  
[  5]  13.00-14.00  sec   437 KBytes  3.58 Mbits/sec  0.509 ms  0/4477 (0%)  
[  5]  14.00-15.00  sec   441 KBytes  3.62 Mbits/sec  0.272 ms  0/4518 (0%)  
[  5]  15.00-16.00  sec   440 KBytes  3.60 Mbits/sec  0.261 ms  0/4501 (0%)  
[  5]  16.00-17.00  sec   441 KBytes  3.61 Mbits/sec  0.190 ms  0/4515 (0%)  
[  5]  17.00-18.00  sec   438 KBytes  3.59 Mbits/sec  0.260 ms  0/4488 (0%)  
[  5]  18.00-19.00  sec   387 KBytes  3.17 Mbits/sec  0.339 ms  0/3958 (0%)  
[  5]  19.00-20.00  sec   390 KBytes  3.19 Mbits/sec  0.342 ms  0/3990 (0%)  
[  5]  20.00-21.00  sec   390 KBytes  3.20 Mbits/sec  0.384 ms  0/3998 (0%)  
[  5]  21.00-22.00  sec   390 KBytes  3.20 Mbits/sec  0.332 ms  0/3997 (0%)  
[  5]  22.00-23.00  sec   385 KBytes  3.15 Mbits/sec  0.459 ms  0/3939 (0%)  
[  5]  23.00-24.00  sec   353 KBytes  2.89 Mbits/sec  0.350 ms  0/3612 (0%)  
[  5]  24.00-25.00  sec   355 KBytes  2.91 Mbits/sec  0.314 ms  0/3631 (0%)  
[  5]  25.00-26.00  sec   355 KBytes  2.90 Mbits/sec  0.351 ms  0/3632 (0%)  
[  5]  26.00-27.00  sec   351 KBytes  2.87 Mbits/sec  0.460 ms  0/3590 (0%)  
[  5]  27.00-28.00  sec   363 KBytes  2.97 Mbits/sec  0.374 ms  0/3713 (0%)  
[  5]  28.00-29.00  sec   372 KBytes  3.05 Mbits/sec  0.314 ms  0/3811 (0%)  
[  5]  29.00-30.00  sec   364 KBytes  2.98 Mbits/sec  0.392 ms  0/3727 (0%)  
[  5]  30.00-31.00  sec   367 KBytes  3.01 Mbits/sec  0.395 ms  0/3758 (0%)  
[  5]  31.00-32.00  sec   376 KBytes  3.08 Mbits/sec  0.356 ms  0/3850 (0%)  
[  5]  32.00-33.00  sec   379 KBytes  3.10 Mbits/sec  0.482 ms  0/3881 (0%)  
[  5]  33.00-34.00  sec   374 KBytes  3.06 Mbits/sec  0.357 ms  0/3826 (0%)  
[  5]  34.00-35.00  sec   371 KBytes  3.04 Mbits/sec  0.341 ms  0/3796 (0%)  
[  5]  35.00-36.00  sec   378 KBytes  3.09 Mbits/sec  0.321 ms  0/3866 (0%)  
[  5]  36.00-37.00  sec   385 KBytes  3.15 Mbits/sec  0.358 ms  0/3938 (0%)  
[  5]  37.00-38.00  sec   387 KBytes  3.17 Mbits/sec  0.353 ms  0/3964 (0%)  
[  5]  38.00-39.00  sec   314 KBytes  2.57 Mbits/sec  0.395 ms  0/3215 (0%)  
[  5]  39.00-40.00  sec   311 KBytes  2.55 Mbits/sec  0.392 ms  0/3188 (0%)  
[  5]  40.00-41.00  sec   320 KBytes  2.62 Mbits/sec  0.424 ms  0/3276 (0%)  
[  5]  41.00-42.00  sec   322 KBytes  2.64 Mbits/sec  0.330 ms  0/3300 (0%)  
[  5]  42.00-43.00  sec   317 KBytes  2.60 Mbits/sec  0.362 ms  0/3246 (0%)  
[  5]  43.00-44.00  sec   321 KBytes  2.63 Mbits/sec  0.347 ms  0/3291 (0%)  
[  5]  44.00-45.00  sec   308 KBytes  2.52 Mbits/sec  0.428 ms  0/3154 (0%)  
[  5]  45.00-46.00  sec   299 KBytes  2.45 Mbits/sec  0.377 ms  0/3063 (0%)  
[  5]  46.00-47.00  sec   300 KBytes  2.46 Mbits/sec  0.345 ms  0/3069 (0%)  
[  5]  47.00-48.00  sec   294 KBytes  2.41 Mbits/sec  0.399 ms  0/3011 (0%)  
[  5]  48.00-49.00  sec   302 KBytes  2.47 Mbits/sec  0.358 ms  0/3088 (0%)  
[  5]  49.00-50.00  sec   325 KBytes  2.66 Mbits/sec  0.346 ms  0/3325 (0%)  
[  5]  50.00-51.00  sec   326 KBytes  2.67 Mbits/sec  0.364 ms  0/3337 (0%)  
[  5]  51.00-52.00  sec   323 KBytes  2.64 Mbits/sec  0.369 ms  0/3304 (0%)  
[  5]  52.00-53.00  sec   309 KBytes  2.53 Mbits/sec  0.353 ms  0/3164 (0%)  
[  5]  53.00-54.00  sec   326 KBytes  2.67 Mbits/sec  0.285 ms  0/3338 (0%)  
[  5]  54.00-55.00  sec   321 KBytes  2.63 Mbits/sec  0.370 ms  0/3290 (0%)  
[  5]  55.00-56.00  sec   316 KBytes  2.59 Mbits/sec  0.368 ms  0/3236 (0%)  
[  5]  56.00-57.00  sec   320 KBytes  2.62 Mbits/sec  0.340 ms  0/3274 (0%)  
[  5]  57.00-58.00  sec   327 KBytes  2.68 Mbits/sec  0.452 ms  0/3352 (0%)  
[  5]  58.00-59.00  sec   320 KBytes  2.62 Mbits/sec  0.300 ms  0/3277 (0%)  
[  5]  59.00-60.00  sec   322 KBytes  2.64 Mbits/sec  0.409 ms  0/3296 (0%)  
[  5]  60.00-61.00  sec   318 KBytes  2.60 Mbits/sec  0.415 ms  0/3252 (0%)  
[  5]  61.00-62.00  sec   326 KBytes  2.67 Mbits/sec  0.492 ms  0/3337 (0%)  
[  5]  62.00-63.00  sec   317 KBytes  2.60 Mbits/sec  0.355 ms  0/3247 (0%)  
[  5]  63.00-64.00  sec   318 KBytes  2.61 Mbits/sec  0.470 ms  0/3261 (0%)  
[  5]  64.00-65.00  sec   309 KBytes  2.53 Mbits/sec  0.344 ms  0/3168 (0%)  
[  5]  65.00-66.00  sec   322 KBytes  2.63 Mbits/sec  0.416 ms  0/3293 (0%)  
[  5]  66.00-67.00  sec   327 KBytes  2.68 Mbits/sec  0.364 ms  0/3346 (0%)  
[  5]  67.00-68.00  sec   319 KBytes  2.62 Mbits/sec  0.349 ms  0/3269 (0%)  
[  5]  68.00-69.00  sec   318 KBytes  2.61 Mbits/sec  0.340 ms  0/3258 (0%)  
[  5]  69.00-70.00  sec   324 KBytes  2.65 Mbits/sec  0.403 ms  0/3315 (0%)  
[  5]  70.00-71.00  sec   325 KBytes  2.66 Mbits/sec  0.358 ms  0/3327 (0%)  
[  5]  71.00-72.00  sec   321 KBytes  2.63 Mbits/sec  0.335 ms  0/3287 (0%)  
[  5]  72.00-73.00  sec   319 KBytes  2.62 Mbits/sec  0.324 ms  0/3269 (0%)  
[  5]  73.00-74.00  sec   321 KBytes  2.63 Mbits/sec  0.391 ms  0/3288 (0%)  
[  5]  74.00-75.00  sec   317 KBytes  2.60 Mbits/sec  0.449 ms  0/3251 (0%)  
[  5]  75.00-76.00  sec   324 KBytes  2.65 Mbits/sec  0.364 ms  0/3313 (0%)  
[  5]  76.00-77.00  sec   326 KBytes  2.67 Mbits/sec  0.438 ms  0/3339 (0%)  
[  5]  77.00-78.00  sec   321 KBytes  2.63 Mbits/sec  0.351 ms  0/3286 (0%)  
[  5]  78.00-79.00  sec   312 KBytes  2.56 Mbits/sec  0.414 ms  0/3195 (0%)  
[  5]  79.00-80.00  sec   312 KBytes  2.56 Mbits/sec  0.345 ms  0/3200 (0%)  
[  5]  80.00-81.00  sec   324 KBytes  2.66 Mbits/sec  0.363 ms  0/3322 (0%)  
[  5]  81.00-82.00  sec   326 KBytes  2.67 Mbits/sec  0.374 ms  0/3338 (0%)  
[  5]  82.00-83.00  sec   327 KBytes  2.68 Mbits/sec  0.388 ms  0/3346 (0%)  
[  5]  83.00-84.00  sec   323 KBytes  2.65 Mbits/sec  0.369 ms  0/3310 (0%)  
[  5]  84.00-85.00  sec   319 KBytes  2.61 Mbits/sec  0.392 ms  0/3264 (0%)  
[  5]  85.00-86.00  sec   321 KBytes  2.63 Mbits/sec  0.376 ms  0/3282 (0%)  
[  5]  86.00-87.00  sec   325 KBytes  2.66 Mbits/sec  0.403 ms  0/3326 (0%)  
[  5]  87.00-88.00  sec   315 KBytes  2.58 Mbits/sec  0.429 ms  0/3222 (0%)  
[  5]  88.00-89.00  sec   310 KBytes  2.54 Mbits/sec  0.449 ms  0/3173 (0%)  
[  5]  89.00-90.00  sec   326 KBytes  2.67 Mbits/sec  0.372 ms  0/3342 (0%)  
[  5]  90.00-91.00  sec   323 KBytes  2.65 Mbits/sec  0.324 ms  0/3310 (0%)  
[  5]  91.00-92.00  sec   325 KBytes  2.66 Mbits/sec  0.366 ms  0/3323 (0%)  
[  5]  92.00-93.00  sec   318 KBytes  2.61 Mbits/sec  0.348 ms  0/3260 (0%)  
[  5]  93.00-94.00  sec   322 KBytes  2.64 Mbits/sec  0.461 ms  0/3300 (0%)  
[  5]  94.00-95.00  sec   322 KBytes  2.64 Mbits/sec  0.341 ms  0/3302 (0%)  
[  5]  95.00-96.00  sec   294 KBytes  2.41 Mbits/sec  0.467 ms  0/3015 (0%)  
[  5]  96.00-97.00  sec   313 KBytes  2.56 Mbits/sec  0.387 ms  0/3206 (0%)  
[  5]  97.00-98.00  sec   321 KBytes  2.63 Mbits/sec  0.374 ms  0/3286 (0%)  
[  5]  98.00-99.00  sec   322 KBytes  2.64 Mbits/sec  0.434 ms  0/3293 (0%)  
[  5]  99.00-100.00 sec   325 KBytes  2.66 Mbits/sec  0.376 ms  0/3326 (0%)  
[  5] 100.00-101.00 sec   317 KBytes  2.60 Mbits/sec  0.338 ms  0/3246 (0%)  
[  5] 101.00-102.00 sec   323 KBytes  2.65 Mbits/sec  0.355 ms  0/3310 (0%)  
[  5] 102.00-103.00 sec   312 KBytes  2.56 Mbits/sec  0.320 ms  0/3196 (0%)  
[  5] 103.00-104.00 sec   314 KBytes  2.58 Mbits/sec  0.336 ms  0/3219 (0%)  
[  5] 104.00-105.00 sec   321 KBytes  2.63 Mbits/sec  0.364 ms  0/3282 (0%)  
[  5] 105.00-106.00 sec   320 KBytes  2.62 Mbits/sec  0.473 ms  0/3274 (0%)  
[  5] 106.00-107.00 sec   325 KBytes  2.66 Mbits/sec  0.391 ms  0/3330 (0%)  
[  5] 107.00-108.00 sec   323 KBytes  2.64 Mbits/sec  0.361 ms  0/3307 (0%)  
[  5] 108.00-109.00 sec   327 KBytes  2.68 Mbits/sec  0.418 ms  0/3346 (0%)  
[  5] 109.00-110.00 sec   327 KBytes  2.68 Mbits/sec  0.325 ms  0/3352 (0%)  
[  5] 110.00-111.00 sec   327 KBytes  2.68 Mbits/sec  0.415 ms  0/3352 (0%)  
[  5] 111.00-112.00 sec   249 KBytes  2.04 Mbits/sec  0.231 ms  9/2563 (0.35%)  
[  5] 112.00-113.00 sec   318 KBytes  2.60 Mbits/sec  0.213 ms  1227/4479 (27%)  
[  5] 113.00-114.00 sec   316 KBytes  2.59 Mbits/sec  0.220 ms  1149/4389 (26%)  
[  5] 114.00-115.00 sec   314 KBytes  2.58 Mbits/sec  0.223 ms  1293/4513 (29%)  
[  5] 115.00-116.00 sec   308 KBytes  2.52 Mbits/sec  0.203 ms  1230/4385 (28%)  
[  5] 116.00-117.00 sec   325 KBytes  2.66 Mbits/sec  0.220 ms  1274/4599 (28%)  
[  5] 117.00-118.00 sec   315 KBytes  2.58 Mbits/sec  0.245 ms  1232/4453 (28%)  
[  5] 118.00-119.00 sec   301 KBytes  2.46 Mbits/sec  0.280 ms  1560/4641 (34%)  
[  5] 119.00-120.00 sec   328 KBytes  2.68 Mbits/sec  0.222 ms  1482/4836 (31%)  
[  5] 120.00-121.00 sec   317 KBytes  2.60 Mbits/sec  0.215 ms  1259/4510 (28%)  
[  5] 121.00-122.00 sec   317 KBytes  2.60 Mbits/sec  0.213 ms  1180/4426 (27%)  
[  5] 122.00-123.00 sec   320 KBytes  2.62 Mbits/sec  0.217 ms  1280/4552 (28%)  
[  5] 123.00-124.00 sec   308 KBytes  2.53 Mbits/sec  0.214 ms  1281/4438 (29%)  
[  5] 124.00-125.00 sec   326 KBytes  2.67 Mbits/sec  0.212 ms  1211/4548 (27%)  
[  5] 125.00-126.00 sec   317 KBytes  2.59 Mbits/sec  0.215 ms  1182/4424 (27%)  
[  5] 126.00-127.00 sec   303 KBytes  2.48 Mbits/sec  0.241 ms  1495/4597 (33%)  
[  5] 127.00-128.00 sec   326 KBytes  2.67 Mbits/sec  0.220 ms  1346/4689 (29%)  
[  5] 128.00-129.00 sec   270 KBytes  2.21 Mbits/sec  0.212 ms  1000/3760 (27%)  
[  5] 129.00-130.00 sec   297 KBytes  2.44 Mbits/sec  0.222 ms  1376/4418 (31%)  
[  5] 130.00-131.00 sec   320 KBytes  2.62 Mbits/sec  0.216 ms  1284/4558 (28%)  
[  5] 131.00-132.00 sec   316 KBytes  2.58 Mbits/sec  0.215 ms  1168/4400 (27%)  
[  5] 132.00-133.00 sec   324 KBytes  2.65 Mbits/sec  0.218 ms  1164/4477 (26%)  
[  5] 133.00-134.00 sec   317 KBytes  2.60 Mbits/sec  0.223 ms  1115/4360 (26%)  
[  5] 134.00-135.00 sec   310 KBytes  2.54 Mbits/sec  0.217 ms  1208/4379 (28%)  
[  5] 135.00-136.00 sec   307 KBytes  2.52 Mbits/sec  0.262 ms  1471/4618 (32%)  
[  5] 136.00-137.00 sec   318 KBytes  2.61 Mbits/sec  0.218 ms  1291/4551 (28%)  
[  5] 137.00-138.00 sec   315 KBytes  2.58 Mbits/sec  0.206 ms  1285/4511 (28%)  
[  5] 138.00-139.00 sec   326 KBytes  2.67 Mbits/sec  0.218 ms  1247/4584 (27%)  
[  5] 139.00-140.00 sec   314 KBytes  2.57 Mbits/sec  0.218 ms  1163/4380 (27%)  
[  5] 140.00-141.00 sec   312 KBytes  2.56 Mbits/sec  0.210 ms  1312/4507 (29%)  
[  5] 141.00-142.00 sec   326 KBytes  2.67 Mbits/sec  0.219 ms  1331/4668 (29%)  
[  5] 142.00-143.00 sec   294 KBytes  2.41 Mbits/sec  0.222 ms  1485/4495 (33%)  
[  5] 143.00-144.00 sec   326 KBytes  2.68 Mbits/sec  0.212 ms  1261/4604 (27%)  
[  5] 144.00-145.00 sec   317 KBytes  2.59 Mbits/sec  0.216 ms  1243/4486 (28%)  
[  5] 145.00-146.00 sec   323 KBytes  2.64 Mbits/sec  0.218 ms  1284/4587 (28%)  
[  5] 146.00-147.00 sec   303 KBytes  2.48 Mbits/sec  0.249 ms  1337/4438 (30%)  
[  5] 147.00-148.00 sec   271 KBytes  2.22 Mbits/sec  0.209 ms  1113/3892 (29%)  
[  5] 148.00-149.00 sec   323 KBytes  2.64 Mbits/sec  0.197 ms  1322/4627 (29%)  
[  5] 149.00-150.00 sec   362 KBytes  2.97 Mbits/sec  0.223 ms  1299/5007 (26%)  
[  5] 150.00-151.00 sec   268 KBytes  2.20 Mbits/sec  0.204 ms  1147/3892 (29%)  
[  5] 151.00-152.00 sec   363 KBytes  2.97 Mbits/sec  0.219 ms  1563/5276 (30%)  
[  5] 152.00-153.00 sec   251 KBytes  2.06 Mbits/sec  0.249 ms  1318/3893 (34%)  
[  5] 153.00-154.00 sec   304 KBytes  2.49 Mbits/sec  0.204 ms  1563/4672 (33%)  
[  5] 154.00-155.00 sec   311 KBytes  2.55 Mbits/sec  0.258 ms  1180/4368 (27%)  
[  5] 155.00-156.00 sec   307 KBytes  2.52 Mbits/sec  0.213 ms  1116/4262 (26%)  
[  5] 156.00-157.00 sec   281 KBytes  2.30 Mbits/sec  0.221 ms  1167/4041 (29%)  
[  5] 157.00-158.00 sec   291 KBytes  2.38 Mbits/sec  0.391 ms  1454/4434 (33%)  
[  5] 158.00-159.00 sec   294 KBytes  2.41 Mbits/sec  0.211 ms  1462/4473 (33%)  
[  5] 159.00-160.00 sec   272 KBytes  2.23 Mbits/sec  0.216 ms  1106/3896 (28%)  
[  5] 160.00-161.00 sec   318 KBytes  2.60 Mbits/sec  0.230 ms  1292/4548 (28%)  
[  5] 161.00-162.00 sec   257 KBytes  2.10 Mbits/sec  0.215 ms  1373/4002 (34%)  
[  5] 162.00-163.00 sec   267 KBytes  2.19 Mbits/sec  0.218 ms  1320/4054 (33%)  
[  5] 163.00-164.00 sec   300 KBytes  2.46 Mbits/sec  0.216 ms  1346/4421 (30%)  
[  5] 164.00-165.00 sec   285 KBytes  2.33 Mbits/sec  0.206 ms  1490/4407 (34%)  
[  5] 165.00-166.00 sec   280 KBytes  2.30 Mbits/sec  0.220 ms  1024/3895 (26%)  
[  5] 166.00-167.00 sec   294 KBytes  2.41 Mbits/sec  0.215 ms  1374/4384 (31%)  
[  5] 167.00-168.00 sec   269 KBytes  2.20 Mbits/sec  0.221 ms  1023/3774 (27%)  
[  5] 168.00-169.00 sec   308 KBytes  2.52 Mbits/sec  2.041 ms  1574/4723 (33%)  
[  5] 169.00-170.00 sec   313 KBytes  2.56 Mbits/sec  0.217 ms  1370/4571 (30%)  
[  5] 170.00-171.00 sec   290 KBytes  2.38 Mbits/sec  0.218 ms  1633/4606 (35%)  
[  5] 171.00-172.00 sec   319 KBytes  2.61 Mbits/sec  0.232 ms  1392/4657 (30%)  
[  5] 172.00-173.00 sec   304 KBytes  2.49 Mbits/sec  0.204 ms  1375/4484 (31%)  
[  5] 173.00-174.00 sec   317 KBytes  2.60 Mbits/sec  0.217 ms  1156/4402 (26%)  
[  5] 174.00-175.00 sec   314 KBytes  2.57 Mbits/sec  0.216 ms  1310/4527 (29%)  
[  5] 175.00-176.00 sec   317 KBytes  2.59 Mbits/sec  0.213 ms  1221/4463 (27%)  
[  5] 176.00-177.00 sec   310 KBytes  2.54 Mbits/sec  0.216 ms  1427/4599 (31%)  
[  5] 177.00-178.00 sec   309 KBytes  2.53 Mbits/sec  0.221 ms  1337/4500 (30%)  
[  5] 178.00-179.00 sec   248 KBytes  2.03 Mbits/sec  0.195 ms  1491/4026 (37%)  
[  5] 179.00-180.00 sec   317 KBytes  2.60 Mbits/sec  0.216 ms  1534/4777 (32%)  
[  5] 180.00-181.00 sec   303 KBytes  2.49 Mbits/sec  0.226 ms  1785/4892 (36%)  
[  5] 181.00-182.00 sec   262 KBytes  2.14 Mbits/sec  0.207 ms  1266/3945 (32%)  
[  5] 182.00-183.00 sec   225 KBytes  1.84 Mbits/sec  0.213 ms  1064/3364 (32%)  
[  5] 183.00-184.00 sec   319 KBytes  2.61 Mbits/sec  0.331 ms  1632/4895 (33%)  
[  5] 184.00-185.00 sec   242 KBytes  1.99 Mbits/sec  1.696 ms  1468/3951 (37%)  
[  5] 185.00-186.00 sec   317 KBytes  2.60 Mbits/sec  0.215 ms  1689/4937 (34%)  
[  5] 186.00-187.00 sec   271 KBytes  2.22 Mbits/sec  0.293 ms  1538/4309 (36%)  
[  5] 187.00-188.00 sec   272 KBytes  2.23 Mbits/sec  0.211 ms  1301/4090 (32%)  
[  5] 188.00-189.00 sec   320 KBytes  2.62 Mbits/sec  0.211 ms  1593/4870 (33%)  
[  5] 189.00-190.00 sec   271 KBytes  2.22 Mbits/sec  0.227 ms  1195/3974 (30%)  
[  5] 190.00-191.00 sec   306 KBytes  2.51 Mbits/sec  0.125 ms  1710/4848 (35%)  
[  5] 191.00-192.00 sec   326 KBytes  2.67 Mbits/sec  0.208 ms  1720/5057 (34%)  
[  5] 192.00-193.00 sec   326 KBytes  2.67 Mbits/sec  0.217 ms  1425/4763 (30%)  
[  5] 193.00-194.00 sec   271 KBytes  2.22 Mbits/sec  0.262 ms  1478/4256 (35%)  
[  5] 194.00-195.00 sec   337 KBytes  2.76 Mbits/sec  0.223 ms  1243/4689 (27%)  
[  5] 195.00-196.00 sec   272 KBytes  2.23 Mbits/sec  0.215 ms  1070/3851 (28%)  
[  5] 196.00-197.00 sec   304 KBytes  2.49 Mbits/sec  0.218 ms  1288/4405 (29%)  
[  5] 197.00-198.00 sec   326 KBytes  2.67 Mbits/sec  0.217 ms  1276/4613 (28%)  
[  5] 198.00-199.00 sec   317 KBytes  2.60 Mbits/sec  0.215 ms  1151/4397 (26%)  
[  5] 199.00-200.00 sec   326 KBytes  2.67 Mbits/sec  0.218 ms  1178/4515 (26%)  
[  5] 200.00-201.00 sec   317 KBytes  2.59 Mbits/sec  0.210 ms  1179/4421 (27%)  
[  5] 201.00-202.00 sec   307 KBytes  2.51 Mbits/sec  0.225 ms  1390/4530 (31%)  
[  5] 202.00-203.00 sec   327 KBytes  2.68 Mbits/sec  0.210 ms  1498/4847 (31%)  
[  5] 203.00-204.00 sec   318 KBytes  2.61 Mbits/sec  0.208 ms  1461/4717 (31%)  
[  5] 204.00-205.00 sec   317 KBytes  2.60 Mbits/sec  0.216 ms  1513/4759 (32%)  
[  5] 205.00-206.00 sec   325 KBytes  2.66 Mbits/sec  0.214 ms  1502/4834 (31%)  
[  5] 206.00-207.00 sec   311 KBytes  2.55 Mbits/sec  0.214 ms  1553/4733 (33%)  
[  5] 207.00-208.00 sec   299 KBytes  2.45 Mbits/sec  0.232 ms  2593/5656 (46%)  
[  5] 208.00-209.00 sec   248 KBytes  2.03 Mbits/sec  0.282 ms  1602/4139 (39%)  
[  5] 209.00-210.00 sec   327 KBytes  2.68 Mbits/sec  0.210 ms  1623/4971 (33%)  
[  5] 210.00-211.00 sec   313 KBytes  2.57 Mbits/sec  0.268 ms  1785/4990 (36%)  
[  5] 211.00-212.00 sec   310 KBytes  2.54 Mbits/sec  0.232 ms  1844/5023 (37%)  
[  5] 212.00-213.00 sec   293 KBytes  2.40 Mbits/sec  0.220 ms  1868/4866 (38%)  
[  5] 213.00-214.00 sec   304 KBytes  2.49 Mbits/sec  0.217 ms  1612/4721 (34%)  
[  5] 214.00-215.00 sec   265 KBytes  2.17 Mbits/sec  0.209 ms  1569/4278 (37%)  
[  5] 215.00-216.00 sec   317 KBytes  2.59 Mbits/sec  0.265 ms  1273/4514 (28%)  
[  5] 216.00-217.00 sec   296 KBytes  2.42 Mbits/sec  0.219 ms  1405/4432 (32%)  
[  5] 217.00-218.00 sec   279 KBytes  2.29 Mbits/sec  0.213 ms  1155/4014 (29%)  
[  5] 218.00-219.00 sec   272 KBytes  2.22 Mbits/sec  0.207 ms  1088/3870 (28%)  
[  5] 219.00-220.00 sec   272 KBytes  2.23 Mbits/sec  0.217 ms  1063/3849 (28%)  
[  5] 220.00-221.00 sec   326 KBytes  2.67 Mbits/sec  0.216 ms  1310/4647 (28%)  
[  5] 221.00-222.00 sec   247 KBytes  2.02 Mbits/sec  0.214 ms  1383/3910 (35%)  
[  5] 222.00-223.00 sec   316 KBytes  2.59 Mbits/sec  0.216 ms  1275/4512 (28%)  
[  5] 223.00-224.00 sec   281 KBytes  2.30 Mbits/sec  0.242 ms  1152/4027 (29%)  
[  5] 224.00-225.00 sec   304 KBytes  2.49 Mbits/sec  0.618 ms  1247/4357 (29%)  
[  5] 225.00-226.00 sec   275 KBytes  2.25 Mbits/sec  0.218 ms  1201/4013 (30%)  
[  5] 226.00-227.00 sec   240 KBytes  1.97 Mbits/sec  0.211 ms  1488/3945 (38%)  
[  5] 227.00-228.00 sec   312 KBytes  2.56 Mbits/sec  0.218 ms  1311/4507 (29%)  
[  5] 228.00-229.00 sec   280 KBytes  2.30 Mbits/sec  0.215 ms  1121/3992 (28%)  
[  5] 229.00-230.00 sec   310 KBytes  2.54 Mbits/sec  0.246 ms  1199/4376 (27%)  
[  5] 230.00-231.00 sec   310 KBytes  2.54 Mbits/sec  0.217 ms  1356/4529 (30%)  
[  5] 231.00-232.00 sec   298 KBytes  2.44 Mbits/sec  0.217 ms  1436/4491 (32%)  
[  5] 232.00-233.00 sec   314 KBytes  2.57 Mbits/sec  0.210 ms  1317/4529 (29%)  
[  5] 233.00-234.00 sec   307 KBytes  2.51 Mbits/sec  0.215 ms  1572/4715 (33%)  
[  5] 234.00-235.00 sec   311 KBytes  2.55 Mbits/sec  0.214 ms  1292/4481 (29%)  
[  5] 235.00-236.00 sec   326 KBytes  2.67 Mbits/sec  0.202 ms  1257/4592 (27%)  
[  5] 236.00-237.00 sec   297 KBytes  2.43 Mbits/sec  0.238 ms  1248/4287 (29%)  
[  5] 237.00-238.00 sec   266 KBytes  2.18 Mbits/sec  0.216 ms  1454/4178 (35%)  
[  5] 238.00-239.00 sec   292 KBytes  2.40 Mbits/sec  0.217 ms  1856/4851 (38%)  
[  5] 239.00-240.00 sec   317 KBytes  2.59 Mbits/sec  0.221 ms  1474/4715 (31%)  
[  5] 240.00-241.00 sec   326 KBytes  2.67 Mbits/sec  0.272 ms  1494/4831 (31%)  
[  5] 241.00-242.00 sec   317 KBytes  2.60 Mbits/sec  0.213 ms  1499/4742 (32%)  
[  5] 242.00-243.00 sec   312 KBytes  2.55 Mbits/sec  0.300 ms  1861/5052 (37%)  
[  5] 243.00-244.00 sec   327 KBytes  2.68 Mbits/sec  0.213 ms  1831/5181 (35%)  
[  5] 244.00-245.00 sec   317 KBytes  2.60 Mbits/sec  0.217 ms  1602/4850 (33%)  
[  5] 245.00-246.00 sec   326 KBytes  2.67 Mbits/sec  0.219 ms  1653/4991 (33%)  
[  5] 246.00-247.00 sec   294 KBytes  2.41 Mbits/sec  0.361 ms  1727/4739 (36%)  
[  5] 247.00-248.00 sec   280 KBytes  2.30 Mbits/sec  0.233 ms  1517/4388 (35%)  
[  5] 248.00-249.00 sec   317 KBytes  2.60 Mbits/sec  0.218 ms  1593/4839 (33%)  
[  5] 249.00-250.00 sec   291 KBytes  2.38 Mbits/sec  0.222 ms  1953/4928 (40%)  
[  5] 250.00-251.00 sec   319 KBytes  2.61 Mbits/sec  0.202 ms  1759/5021 (35%)  
[  5] 251.00-252.00 sec   315 KBytes  2.58 Mbits/sec  0.218 ms  1529/4758 (32%)  
[  5] 252.00-253.00 sec   319 KBytes  2.61 Mbits/sec  0.218 ms  1712/4974 (34%)  
[  5] 253.00-254.00 sec   317 KBytes  2.60 Mbits/sec  0.210 ms  1179/4425 (27%)  
[  5] 254.00-255.00 sec   281 KBytes  2.30 Mbits/sec  0.208 ms  1056/3931 (27%)  
[  5] 255.00-256.00 sec   291 KBytes  2.38 Mbits/sec  0.242 ms  1253/4235 (30%)  
[  5] 256.00-257.00 sec   323 KBytes  2.64 Mbits/sec  0.218 ms  1437/4742 (30%)  
[  5] 257.00-258.00 sec   307 KBytes  2.52 Mbits/sec  0.256 ms  1305/4453 (29%)  
[  5] 258.00-259.00 sec   318 KBytes  2.60 Mbits/sec  0.204 ms  1256/4510 (28%)  
[  5] 259.00-260.00 sec   265 KBytes  2.17 Mbits/sec  0.286 ms  1699/4416 (38%)  
[  5] 260.00-261.00 sec   276 KBytes  2.26 Mbits/sec  0.217 ms  1449/4276 (34%)  
[  5] 261.00-262.00 sec   309 KBytes  2.54 Mbits/sec  0.215 ms  1394/4562 (31%)  
[  5] 262.00-263.00 sec   326 KBytes  2.67 Mbits/sec  0.215 ms  1346/4683 (29%)  
[  5] 263.00-264.00 sec   317 KBytes  2.60 Mbits/sec  0.218 ms  1201/4447 (27%)  
[  5] 264.00-265.00 sec   323 KBytes  2.64 Mbits/sec  0.297 ms  1269/4575 (28%)  
[  5] 265.00-266.00 sec   298 KBytes  2.44 Mbits/sec  0.202 ms  1369/4419 (31%)  
[  5] 266.00-267.00 sec   318 KBytes  2.60 Mbits/sec  0.196 ms  1323/4577 (29%)  
[  5] 267.00-268.00 sec   326 KBytes  2.67 Mbits/sec  0.220 ms  1361/4704 (29%)  
[  5] 268.00-269.00 sec   316 KBytes  2.59 Mbits/sec  0.202 ms  1283/4522 (28%)  
[  5] 269.00-270.00 sec   287 KBytes  2.35 Mbits/sec  0.882 ms  1663/4602 (36%)  
[  5] 270.00-271.00 sec   260 KBytes  2.13 Mbits/sec  0.209 ms  1296/3958 (33%)  
[  5] 271.00-272.00 sec   314 KBytes  2.57 Mbits/sec  0.213 ms  1300/4516 (29%)  
[  5] 272.00-273.00 sec   311 KBytes  2.55 Mbits/sec  0.215 ms  1554/4738 (33%)  
[  5] 273.00-274.00 sec   313 KBytes  2.56 Mbits/sec  0.221 ms  1214/4415 (27%)  
[  5] 274.00-275.00 sec   316 KBytes  2.59 Mbits/sec  0.220 ms  1209/4447 (27%)  
[  5] 275.00-276.00 sec   311 KBytes  2.55 Mbits/sec  0.269 ms  1463/4649 (31%)  
[  5] 276.00-277.00 sec   277 KBytes  2.27 Mbits/sec  0.448 ms  1751/4588 (38%)  
[  5] 277.00-278.00 sec   306 KBytes  2.50 Mbits/sec  0.219 ms  1436/4565 (31%)  
[  5] 278.00-279.00 sec   324 KBytes  2.65 Mbits/sec  0.219 ms  1343/4659 (29%)  
[  5] 279.00-280.00 sec   317 KBytes  2.59 Mbits/sec  0.214 ms  1252/4494 (28%)  
[  5] 280.00-281.00 sec   309 KBytes  2.53 Mbits/sec  0.215 ms  1464/4628 (32%)  
[  5] 281.00-282.00 sec   313 KBytes  2.56 Mbits/sec  0.215 ms  1420/4625 (31%)  
[  5] 282.00-283.00 sec   316 KBytes  2.59 Mbits/sec  0.214 ms  1468/4708 (31%)  
[  5] 283.00-284.00 sec   262 KBytes  2.15 Mbits/sec  0.212 ms  1316/4002 (33%)  
[  5] 284.00-285.00 sec   317 KBytes  2.60 Mbits/sec  0.313 ms  1271/4515 (28%)  
[  5] 285.00-286.00 sec   299 KBytes  2.45 Mbits/sec  0.219 ms  1484/4546 (33%)  
[  5] 286.00-287.00 sec   317 KBytes  2.60 Mbits/sec  0.177 ms  1250/4495 (28%)  
[  5] 287.00-288.00 sec   326 KBytes  2.67 Mbits/sec  0.218 ms  1291/4629 (28%)  
[  5] 288.00-289.00 sec   317 KBytes  2.60 Mbits/sec  0.215 ms  1189/4434 (27%)  
[  5] 289.00-290.00 sec   313 KBytes  2.57 Mbits/sec  0.218 ms  1207/4417 (27%)  
[  5] 290.00-291.00 sec   326 KBytes  2.67 Mbits/sec  0.221 ms  1337/4675 (29%)  
[  5] 291.00-292.00 sec   251 KBytes  2.06 Mbits/sec  0.206 ms  1443/4012 (36%)  
[  5] 292.00-293.00 sec   304 KBytes  2.49 Mbits/sec  0.254 ms  1492/4604 (32%)  
[  5] 293.00-294.00 sec   326 KBytes  2.67 Mbits/sec  0.266 ms  1362/4700 (29%)  
[  5] 294.00-295.00 sec   311 KBytes  2.55 Mbits/sec  0.204 ms  1283/4468 (29%)  
[  5] 295.00-296.00 sec   326 KBytes  2.67 Mbits/sec  0.219 ms  1221/4559 (27%)  
[  5] 296.00-297.00 sec   292 KBytes  2.39 Mbits/sec  0.220 ms  1521/4506 (34%)  
[  5] 297.00-298.00 sec   311 KBytes  2.55 Mbits/sec  0.216 ms  1285/4468 (29%)  
[  5] 298.00-299.00 sec   308 KBytes  2.52 Mbits/sec  0.207 ms  1400/4554 (31%)  
[  5] 299.00-300.00 sec   318 KBytes  2.61 Mbits/sec  0.210 ms  1272/4531 (28%)  
[  5] 300.00-301.00 sec   272 KBytes  2.23 Mbits/sec  0.212 ms  1044/3834 (27%)  
[  5] 301.00-302.00 sec   306 KBytes  2.51 Mbits/sec  2.110 ms  1491/4626 (32%)  
[  5] 302.00-303.00 sec   310 KBytes  2.54 Mbits/sec  0.217 ms  1389/4566 (30%)  
[  5] 303.00-304.00 sec   309 KBytes  2.53 Mbits/sec  0.215 ms  1513/4680 (32%)  
[  5] 304.00-305.00 sec   299 KBytes  2.45 Mbits/sec  0.257 ms  1542/4608 (33%)  
[  5] 305.00-306.00 sec   311 KBytes  2.55 Mbits/sec  0.222 ms  1236/4424 (28%)  
[  5] 306.00-307.00 sec   297 KBytes  2.44 Mbits/sec  0.215 ms  1567/4611 (34%)  
[  5] 307.00-308.00 sec   316 KBytes  2.59 Mbits/sec  0.241 ms  1377/4614 (30%)  
[  5] 308.00-309.00 sec   318 KBytes  2.61 Mbits/sec  0.230 ms  1237/4493 (28%)  
[  5] 309.00-310.00 sec   319 KBytes  2.61 Mbits/sec  0.341 ms  1247/4510 (28%)  
[  5] 310.00-311.00 sec   314 KBytes  2.57 Mbits/sec  0.213 ms  1362/4577 (30%)  
[  5] 311.00-312.00 sec   316 KBytes  2.59 Mbits/sec  0.213 ms  1481/4717 (31%)  
[  5] 312.00-313.00 sec   317 KBytes  2.60 Mbits/sec  0.217 ms  1358/4604 (29%)  
[  5] 313.00-314.00 sec   271 KBytes  2.22 Mbits/sec  5.630 ms  1152/3928 (29%)  
[  5] 314.00-315.00 sec   319 KBytes  2.61 Mbits/sec  0.244 ms  1377/4645 (30%)  
[  5] 315.00-316.00 sec   308 KBytes  2.52 Mbits/sec  0.209 ms  1488/4642 (32%)  
[  5] 316.00-317.00 sec   315 KBytes  2.58 Mbits/sec  0.245 ms  1408/4630 (30%)  
[  5] 317.00-318.00 sec   306 KBytes  2.51 Mbits/sec  0.562 ms  1223/4361 (28%)  
[  5] 318.00-319.00 sec   281 KBytes  2.30 Mbits/sec  0.257 ms  1138/4013 (28%)  
[  5] 319.00-320.00 sec   272 KBytes  2.23 Mbits/sec  0.221 ms  1047/3831 (27%)  
[  5] 320.00-321.00 sec   276 KBytes  2.26 Mbits/sec  0.258 ms  1140/3964 (29%)  
[  5] 321.00-322.00 sec   270 KBytes  2.21 Mbits/sec  0.263 ms  1076/3837 (28%)  
[  5] 322.00-323.00 sec   220 KBytes  1.80 Mbits/sec  0.217 ms  1014/3267 (31%)  
[  5] 323.00-324.00 sec   174 KBytes  1.42 Mbits/sec  0.212 ms  740/2517 (29%)  
[  5] 324.00-325.00 sec   140 KBytes  1.15 Mbits/sec  0.328 ms  591/2027 (29%)  
[  5] 325.00-326.00 sec   169 KBytes  1.38 Mbits/sec  0.212 ms  934/2662 (35%)  
[  5] 326.00-327.00 sec   228 KBytes  1.87 Mbits/sec  0.234 ms  895/3225 (28%)  
[  5] 327.00-328.00 sec   218 KBytes  1.78 Mbits/sec  0.190 ms  1091/3320 (33%)  
[  5] 328.00-329.00 sec   280 KBytes  2.30 Mbits/sec  0.221 ms  1141/4010 (28%)  
[  5] 329.00-330.00 sec   270 KBytes  2.21 Mbits/sec  0.216 ms  1135/3902 (29%)  
[  5] 330.00-331.00 sec   212 KBytes  1.74 Mbits/sec  0.205 ms  1090/3263 (33%)  
[  5] 331.00-332.00 sec   276 KBytes  2.26 Mbits/sec  0.215 ms  1086/3914 (28%)  
[  5] 332.00-333.00 sec   266 KBytes  2.18 Mbits/sec  0.243 ms  1019/3745 (27%)  
[  5] 333.00-334.00 sec   215 KBytes  1.76 Mbits/sec  0.229 ms  1049/3255 (32%)  
[  5] 334.00-335.00 sec   266 KBytes  2.18 Mbits/sec  0.227 ms  1085/3808 (28%)  
[  5] 335.00-336.00 sec   263 KBytes  2.15 Mbits/sec  0.300 ms  1239/3931 (32%)  
[  5] 336.00-337.00 sec   211 KBytes  1.73 Mbits/sec  0.215 ms  1180/3339 (35%)  
[  5] 337.00-338.00 sec   258 KBytes  2.11 Mbits/sec  0.211 ms  1408/4047 (35%)  
[  5] 338.00-339.00 sec   251 KBytes  2.05 Mbits/sec  0.246 ms  1238/3806 (33%)  
[  5] 339.00-340.00 sec   274 KBytes  2.24 Mbits/sec  0.212 ms  1119/3921 (29%)  
[  5] 340.00-341.00 sec   210 KBytes  1.72 Mbits/sec  0.351 ms  1043/3194 (33%)  
[  5] 341.00-342.00 sec   264 KBytes  2.17 Mbits/sec  0.215 ms  1133/3840 (30%)  
[  5] 342.00-343.00 sec   195 KBytes  1.60 Mbits/sec  0.376 ms  1185/3184 (37%)  
[  5] 343.00-344.00 sec   223 KBytes  1.83 Mbits/sec  0.220 ms  1259/3541 (36%)  
[  5] 344.00-345.00 sec   271 KBytes  2.22 Mbits/sec  0.195 ms  1049/3828 (27%)  
[  5] 345.00-346.00 sec   265 KBytes  2.17 Mbits/sec  0.199 ms  1228/3938 (31%)  
[  5] 346.00-347.00 sec   236 KBytes  1.93 Mbits/sec  0.220 ms  905/3322 (27%)  
[  5] 347.00-348.00 sec   228 KBytes  1.87 Mbits/sec  0.206 ms  1578/3915 (40%)  
[  5] 348.00-349.00 sec   226 KBytes  1.85 Mbits/sec  0.218 ms  1107/3423 (32%)  
[  5] 349.00-350.00 sec   272 KBytes  2.23 Mbits/sec  0.257 ms  1571/4360 (36%)  
[  5] 350.00-351.00 sec   226 KBytes  1.85 Mbits/sec  0.216 ms  1420/3737 (38%)  
[  5] 351.00-352.00 sec   260 KBytes  2.13 Mbits/sec  0.223 ms  1834/4495 (41%)  
[  5] 352.00-353.00 sec   281 KBytes  2.30 Mbits/sec  0.221 ms  2291/5166 (44%)  
[  5] 353.00-354.00 sec   205 KBytes  1.68 Mbits/sec  0.167 ms  3058/5162 (59%)  
[  5] 354.00-355.00 sec   256 KBytes  2.10 Mbits/sec  0.233 ms  5595/8219 (68%)  
[  5] 355.00-356.00 sec   243 KBytes  1.99 Mbits/sec  0.202 ms  2656/5145 (52%)  
[  5] 356.00-357.00 sec   251 KBytes  2.05 Mbits/sec  0.210 ms  2330/4931 (47%)  
[  5] 357.00-358.00 sec   194 KBytes  1.59 Mbits/sec  0.279 ms  1641/3627 (45%)  
[  5] 358.00-359.00 sec   219 KBytes  1.79 Mbits/sec  0.222 ms  2056/4299 (48%)  
[  5] 359.00-360.00 sec   271 KBytes  2.22 Mbits/sec  0.224 ms  1941/4720 (41%)  
[  5] 360.00-361.00 sec   282 KBytes  2.31 Mbits/sec  0.221 ms  1964/4854 (40%)  
[  5] 361.00-362.00 sec   208 KBytes  1.70 Mbits/sec  0.239 ms  1889/4014 (47%)  
[  5] 362.00-363.00 sec   282 KBytes  2.31 Mbits/sec  0.328 ms  1868/4757 (39%)  
[  5] 363.00-364.00 sec   218 KBytes  1.79 Mbits/sec  0.223 ms  1720/3953 (44%)  
[  5] 364.00-365.00 sec   261 KBytes  2.14 Mbits/sec  0.296 ms  1835/4507 (41%)  
[  5] 365.00-366.00 sec   193 KBytes  1.58 Mbits/sec  0.218 ms  2131/4108 (52%)  
[  5] 366.00-367.00 sec   270 KBytes  2.22 Mbits/sec  0.218 ms  1844/4613 (40%)  
[  5] 367.00-368.00 sec   281 KBytes  2.30 Mbits/sec  0.220 ms  1960/4835 (41%)  
[  5] 368.00-369.00 sec   272 KBytes  2.23 Mbits/sec  0.214 ms  1711/4494 (38%)  
[  5] 369.00-370.00 sec   271 KBytes  2.22 Mbits/sec  0.217 ms  1879/4658 (40%)  
[  5] 370.00-371.00 sec   229 KBytes  1.88 Mbits/sec  1.222 ms  1898/4246 (45%)  
[  5] 371.00-372.00 sec   249 KBytes  2.04 Mbits/sec  0.207 ms  2351/4897 (48%)  
[  5] 372.00-373.00 sec   272 KBytes  2.23 Mbits/sec  0.210 ms  2476/5260 (47%)  
[  5] 373.00-374.00 sec   271 KBytes  2.22 Mbits/sec  0.218 ms  1767/4546 (39%)  
[  5] 374.00-375.00 sec   230 KBytes  1.88 Mbits/sec  0.619 ms  2308/4661 (50%)  
[  5] 375.00-376.00 sec   278 KBytes  2.28 Mbits/sec  0.217 ms  2200/5047 (44%)  
[  5] 376.00-377.00 sec   271 KBytes  2.22 Mbits/sec  0.196 ms  2426/5205 (47%)  
[  5] 377.00-378.00 sec   266 KBytes  2.18 Mbits/sec  0.431 ms  2111/4830 (44%)  
[  5] 378.00-379.00 sec   234 KBytes  1.92 Mbits/sec  0.214 ms  1486/3886 (38%)  
[  5] 379.00-380.00 sec   257 KBytes  2.11 Mbits/sec  0.241 ms  1849/4484 (41%)  
[  5] 380.00-381.00 sec   266 KBytes  2.18 Mbits/sec  0.282 ms  2286/5006 (46%)  
[  5] 381.00-382.00 sec   267 KBytes  2.19 Mbits/sec  0.262 ms  2059/4790 (43%)  
[  5] 382.00-383.00 sec   280 KBytes  2.30 Mbits/sec  0.219 ms  2114/4985 (42%)  
[  5] 383.00-384.00 sec   272 KBytes  2.23 Mbits/sec  0.256 ms  1849/4632 (40%)  
[  5] 384.00-385.00 sec   271 KBytes  2.22 Mbits/sec  0.199 ms  2335/5114 (46%)  
[  5] 385.00-386.00 sec   317 KBytes  2.59 Mbits/sec  0.280 ms  2561/5803 (44%)  
[  5] 386.00-387.00 sec   272 KBytes  2.23 Mbits/sec  0.237 ms  2382/5168 (46%)  
[  5] 387.00-388.00 sec   272 KBytes  2.23 Mbits/sec  0.228 ms  2193/4975 (44%)  
[  5] 388.00-389.00 sec   266 KBytes  2.17 Mbits/sec  0.211 ms  1900/4621 (41%)  
[  5] 389.00-390.00 sec   269 KBytes  2.21 Mbits/sec  0.215 ms  1984/4740 (42%)  
[  5] 390.00-391.00 sec   220 KBytes  1.80 Mbits/sec  0.570 ms  1383/3634 (38%)  
[  5] 391.00-392.00 sec   252 KBytes  2.06 Mbits/sec  0.781 ms  3243/5821 (56%)  
[  5] 392.00-393.00 sec   268 KBytes  2.20 Mbits/sec  0.222 ms  1878/4623 (41%)  
[  5] 393.00-394.00 sec   220 KBytes  1.80 Mbits/sec  0.243 ms  1858/4110 (45%)  
[  5] 394.00-395.00 sec   249 KBytes  2.04 Mbits/sec  0.305 ms  2413/4962 (49%)  
[  5] 395.00-396.00 sec   268 KBytes  2.19 Mbits/sec  0.230 ms  1741/4484 (39%)  
[  5] 396.00-397.00 sec   266 KBytes  2.18 Mbits/sec  0.222 ms  1748/4475 (39%)  
[  5] 397.00-398.00 sec   272 KBytes  2.22 Mbits/sec  0.222 ms  1600/4383 (37%)  
[  5] 398.00-399.00 sec   265 KBytes  2.17 Mbits/sec  0.506 ms  1941/4650 (42%)  
[  5] 399.00-400.00 sec   268 KBytes  2.20 Mbits/sec  0.217 ms  1767/4511 (39%)  
[  5] 400.00-401.00 sec   226 KBytes  1.85 Mbits/sec  0.224 ms  1526/3842 (40%)  
[  5] 401.00-402.00 sec   278 KBytes  2.27 Mbits/sec  0.224 ms  1920/4763 (40%)  
[  5] 402.00-403.00 sec   254 KBytes  2.08 Mbits/sec  0.226 ms  1846/4452 (41%)  
[  5] 403.00-404.00 sec   246 KBytes  2.02 Mbits/sec  0.198 ms  2199/4721 (47%)  
[  5] 404.00-405.00 sec   226 KBytes  1.85 Mbits/sec  0.221 ms  1442/3759 (38%)  
[  5] 405.00-406.00 sec   269 KBytes  2.21 Mbits/sec  0.217 ms  1922/4680 (41%)  
[  5] 406.00-407.00 sec   232 KBytes  1.90 Mbits/sec  0.219 ms  2158/4530 (48%)  
[  5] 407.00-408.00 sec   259 KBytes  2.12 Mbits/sec  0.233 ms  1958/4613 (42%)  
[  5] 408.00-409.00 sec   272 KBytes  2.23 Mbits/sec  0.217 ms  1697/4481 (38%)  
[  5] 409.00-410.00 sec   281 KBytes  2.30 Mbits/sec  0.218 ms  1840/4715 (39%)  
[  5] 410.00-411.00 sec   227 KBytes  1.86 Mbits/sec  0.220 ms  1400/3726 (38%)  
[  5] 411.00-412.00 sec   272 KBytes  2.23 Mbits/sec  0.216 ms  1579/4363 (36%)  
[  5] 412.00-413.00 sec   274 KBytes  2.25 Mbits/sec  0.318 ms  1649/4459 (37%)  
[  5] 413.00-414.00 sec   180 KBytes  1.48 Mbits/sec  0.188 ms  1812/3660 (50%)  
[  5] 414.00-415.00 sec   246 KBytes  2.02 Mbits/sec  0.205 ms  2048/4571 (45%)  
[  5] 415.00-416.00 sec   271 KBytes  2.22 Mbits/sec  0.245 ms  1693/4472 (38%)  
[  5] 416.00-417.00 sec   259 KBytes  2.12 Mbits/sec  0.260 ms  1499/4148 (36%)  
[  5] 417.00-418.00 sec   263 KBytes  2.16 Mbits/sec  0.218 ms  2235/4932 (45%)  
[  5] 418.00-419.00 sec   270 KBytes  2.21 Mbits/sec  0.229 ms  1819/4588 (40%)  
[  5] 419.00-420.00 sec   273 KBytes  2.24 Mbits/sec  0.241 ms  1984/4778 (42%)  
[  5] 420.00-421.00 sec   280 KBytes  2.29 Mbits/sec  0.173 ms  1905/4768 (40%)  
[  5] 421.00-422.00 sec   272 KBytes  2.22 Mbits/sec  0.197 ms  1897/4680 (41%)  
[  5] 422.00-423.00 sec   235 KBytes  1.93 Mbits/sec  0.232 ms  1687/4096 (41%)  
