Connecting to host 172.22.0.50, port 5201
Reverse mode, remote host 172.22.0.50 is sending
[  5] local 192.168.100.2 port 59429 connected to 172.22.0.50 port 5201
[ ID] Interval           Transfer     Bitrate         Jitter    Lost/Total Datagrams
[  5]   0.00-1.00   sec  1.43 MBytes  12.0 Mbits/sec  0.960 ms  0/1253 (0%)  
[  5]   1.00-2.00   sec  1.43 MBytes  12.0 Mbits/sec  0.846 ms  0/1248 (0%)  
[  5]   2.00-3.00   sec  1.43 MBytes  12.0 Mbits/sec  0.735 ms  0/1251 (0%)  
[  5]   3.00-4.00   sec  1.43 MBytes  12.0 Mbits/sec  1.050 ms  0/1250 (0%)  
[  5]   4.00-5.00   sec  1.43 MBytes  12.0 Mbits/sec  0.812 ms  0/1250 (0%)  
[  5]   5.00-6.00   sec  1.43 MBytes  12.0 Mbits/sec  0.780 ms  0/1250 (0%)  
[  5]   6.00-7.00   sec  1.43 MBytes  12.0 Mbits/sec  0.939 ms  0/1252 (0%)  
[  5]   7.00-8.00   sec  1.42 MBytes  11.9 Mbits/sec  0.754 ms  0/1245 (0%)  
[  5]   8.00-9.00   sec  1.44 MBytes  12.0 Mbits/sec  0.912 ms  0/1255 (0%)  
[  5]   9.00-10.00  sec  1.43 MBytes  12.0 Mbits/sec  0.956 ms  0/1247 (0%)  
[  5]  10.00-11.00  sec  1.44 MBytes  12.0 Mbits/sec  1.031 ms  0/1256 (0%)  
[  5]  11.00-12.00  sec  1.42 MBytes  11.9 Mbits/sec  0.911 ms  0/1239 (0%)  
[  5]  12.00-13.00  sec  1.43 MBytes  12.0 Mbits/sec  1.095 ms  0/1250 (0%)  
[  5]  13.00-14.00  sec  1.44 MBytes  12.1 Mbits/sec  0.909 ms  0/1255 (0%)  
[  5]  14.00-15.00  sec  1.43 MBytes  12.0 Mbits/sec  0.956 ms  0/1252 (0%)  
[  5]  15.00-16.00  sec  1.11 MBytes  9.27 Mbits/sec  1.652 ms  0/966 (0%)  
[  5]  16.00-17.00  sec   540 KBytes  4.43 Mbits/sec  1.576 ms  0/461 (0%)  
[  5]  17.00-18.00  sec   550 KBytes  4.50 Mbits/sec  1.477 ms  0/469 (0%)  
[  5]  18.00-19.00  sec   534 KBytes  4.38 Mbits/sec  1.466 ms  0/456 (0%)  
[  5]  19.00-20.00  sec   546 KBytes  4.47 Mbits/sec  1.674 ms  0/466 (0%)  
[  5]  20.00-21.00  sec   553 KBytes  4.53 Mbits/sec  1.667 ms  0/472 (0%)  
[  5]  21.00-22.00  sec   604 KBytes  4.94 Mbits/sec  1.796 ms  0/515 (0%)  
[  5]  22.00-23.00  sec   627 KBytes  5.13 Mbits/sec  1.359 ms  0/535 (0%)  
[  5]  23.00-24.00  sec   616 KBytes  5.05 Mbits/sec  1.616 ms  0/526 (0%)  
[  5]  24.00-25.00  sec   627 KBytes  5.14 Mbits/sec  1.290 ms  0/535 (0%)  
[  5]  25.00-26.00  sec   630 KBytes  5.17 Mbits/sec  1.370 ms  0/538 (0%)  
[  5]  26.00-27.00  sec   675 KBytes  5.53 Mbits/sec  1.306 ms  0/576 (0%)  
[  5]  27.00-28.00  sec   686 KBytes  5.62 Mbits/sec  1.158 ms  0/585 (0%)  
[  5]  28.00-29.00  sec   660 KBytes  5.40 Mbits/sec  1.345 ms  0/563 (0%)  
[  5]  29.00-30.00  sec   655 KBytes  5.37 Mbits/sec  1.302 ms  0/559 (0%)  
[  5]  30.00-31.00  sec   671 KBytes  5.50 Mbits/sec  1.323 ms  0/573 (0%)  
[  5]  31.00-32.00  sec   679 KBytes  5.56 Mbits/sec  1.227 ms  0/579 (0%)  
[  5]  32.00-33.00  sec   688 KBytes  5.64 Mbits/sec  1.129 ms  0/587 (0%)  
[  5]  33.00-34.00  sec   680 KBytes  5.57 Mbits/sec  1.344 ms  0/580 (0%)  
[  5]  34.00-35.00  sec   689 KBytes  5.64 Mbits/sec  1.576 ms  0/588 (0%)  
[  5]  35.00-36.00  sec   679 KBytes  5.56 Mbits/sec  1.278 ms  0/579 (0%)  
[  5]  36.00-37.00  sec   664 KBytes  5.44 Mbits/sec  1.535 ms  0/567 (0%)  
[  5]  37.00-38.00  sec   673 KBytes  5.51 Mbits/sec  1.021 ms  0/574 (0%)  
[  5]  38.00-39.00  sec   659 KBytes  5.40 Mbits/sec  1.401 ms  0/562 (0%)  
[  5]  39.00-40.00  sec   676 KBytes  5.53 Mbits/sec  1.064 ms  0/577 (0%)  
[  5]  40.00-41.00  sec   572 KBytes  4.69 Mbits/sec  1.177 ms  210/698 (30%)  
[  5]  41.00-42.00  sec   589 KBytes  4.83 Mbits/sec  1.182 ms  579/1082 (54%)  
[  5]  42.00-43.00  sec   708 KBytes  5.80 Mbits/sec  1.203 ms  713/1317 (54%)  
[  5]  43.00-44.00  sec   708 KBytes  5.80 Mbits/sec  1.315 ms  774/1378 (56%)  
[  5]  44.00-45.00  sec   619 KBytes  5.07 Mbits/sec  1.170 ms  625/1153 (54%)  
[  5]  45.00-46.00  sec   705 KBytes  5.78 Mbits/sec  1.342 ms  717/1319 (54%)  
[  5]  46.00-47.00  sec   589 KBytes  4.83 Mbits/sec  1.185 ms  560/1063 (53%)  
[  5]  47.00-48.00  sec   718 KBytes  5.88 Mbits/sec  1.194 ms  705/1318 (53%)  
[  5]  48.00-49.00  sec   709 KBytes  5.82 Mbits/sec  1.208 ms  681/1286 (53%)  
[  5]  49.00-50.00  sec   589 KBytes  4.83 Mbits/sec  1.180 ms  574/1077 (53%)  
[  5]  50.00-51.00  sec   718 KBytes  5.88 Mbits/sec  1.086 ms  731/1344 (54%)  
[  5]  51.00-52.00  sec   589 KBytes  4.83 Mbits/sec  1.059 ms  589/1092 (54%)  
[  5]  52.00-53.00  sec   704 KBytes  5.77 Mbits/sec  1.203 ms  741/1342 (55%)  
[  5]  53.00-54.00  sec   608 KBytes  4.98 Mbits/sec  1.450 ms  633/1152 (55%)  
[  5]  54.00-55.00  sec   718 KBytes  5.89 Mbits/sec  1.115 ms  719/1332 (54%)  
[  5]  55.00-56.00  sec   680 KBytes  5.57 Mbits/sec  1.181 ms  666/1246 (53%)  
[  5]  56.00-57.00  sec   709 KBytes  5.81 Mbits/sec  1.200 ms  711/1316 (54%)  
[  5]  57.00-58.00  sec   619 KBytes  5.07 Mbits/sec  1.201 ms  609/1137 (54%)  
[  5]  58.00-59.00  sec   589 KBytes  4.83 Mbits/sec  1.202 ms  590/1093 (54%)  
[  5]  59.00-60.00  sec   718 KBytes  5.89 Mbits/sec  1.233 ms  751/1364 (55%)  
[  5]  60.00-61.00  sec   589 KBytes  4.83 Mbits/sec  1.256 ms  634/1137 (56%)  
[  5]  61.00-62.00  sec   619 KBytes  5.07 Mbits/sec  1.255 ms  660/1188 (56%)  
[  5]  62.00-63.00  sec   709 KBytes  5.81 Mbits/sec  1.115 ms  712/1317 (54%)  
[  5]  63.00-64.00  sec   718 KBytes  5.89 Mbits/sec  1.228 ms  731/1344 (54%)  
[  5]  64.00-65.00  sec   589 KBytes  4.83 Mbits/sec  1.201 ms  623/1126 (55%)  
[  5]  65.00-66.00  sec   703 KBytes  5.75 Mbits/sec  1.185 ms  722/1322 (55%)  
[  5]  66.00-67.00  sec   718 KBytes  5.89 Mbits/sec  1.090 ms  752/1365 (55%)  
[  5]  67.00-68.00  sec   709 KBytes  5.81 Mbits/sec  1.140 ms  720/1325 (54%)  
[  5]  68.00-69.00  sec   589 KBytes  4.83 Mbits/sec  1.114 ms  583/1086 (54%)  
[  5]  69.00-70.00  sec   718 KBytes  5.88 Mbits/sec  1.158 ms  724/1337 (54%)  
[  5]  70.00-71.00  sec   659 KBytes  5.40 Mbits/sec  2.150 ms  657/1219 (54%)  
[  5]  71.00-72.00  sec   640 KBytes  5.24 Mbits/sec  1.344 ms  667/1213 (55%)  
[  5]  72.00-73.00  sec   709 KBytes  5.81 Mbits/sec  1.272 ms  798/1403 (57%)  
[  5]  73.00-74.00  sec   718 KBytes  5.89 Mbits/sec  1.329 ms  789/1402 (56%)  
[  5]  74.00-75.00  sec   709 KBytes  5.81 Mbits/sec  1.168 ms  730/1335 (55%)  
[  5]  75.00-76.00  sec   589 KBytes  4.83 Mbits/sec  1.199 ms  636/1139 (56%)  
[  5]  76.00-77.00  sec   720 KBytes  5.89 Mbits/sec  1.141 ms  748/1362 (55%)  
[  5]  77.00-78.00  sec   588 KBytes  4.82 Mbits/sec  1.078 ms  573/1075 (53%)  
[  5]  78.00-79.00  sec   619 KBytes  5.07 Mbits/sec  1.214 ms  636/1164 (55%)  
[  5]  79.00-80.00  sec   709 KBytes  5.81 Mbits/sec  1.137 ms  710/1315 (54%)  
[  5]  80.00-81.00  sec   589 KBytes  4.83 Mbits/sec  1.194 ms  580/1083 (54%)  
[  5]  81.00-82.00  sec   718 KBytes  5.88 Mbits/sec  1.056 ms  712/1325 (54%)  
[  5]  82.00-83.00  sec   589 KBytes  4.83 Mbits/sec  1.084 ms  573/1076 (53%)  
[  5]  83.00-84.00  sec   709 KBytes  5.81 Mbits/sec  1.221 ms  709/1314 (54%)  
[  5]  84.00-85.00  sec   709 KBytes  5.81 Mbits/sec  1.258 ms  724/1329 (54%)  
[  5]  85.00-86.00  sec   626 KBytes  5.13 Mbits/sec  1.198 ms  656/1190 (55%)  
[  5]  86.00-87.00  sec   680 KBytes  5.57 Mbits/sec  1.198 ms  661/1241 (53%)  
[  5]  87.00-88.00  sec   619 KBytes  5.07 Mbits/sec  1.373 ms  618/1146 (54%)  
[  5]  88.00-89.00  sec   709 KBytes  5.80 Mbits/sec  1.204 ms  682/1287 (53%)  
[  5]  89.00-90.00  sec   718 KBytes  5.90 Mbits/sec  1.203 ms  694/1307 (53%)  
[  5]  90.00-91.00  sec   585 KBytes  4.79 Mbits/sec  1.238 ms  594/1093 (54%)  
[  5]  91.00-92.00  sec   709 KBytes  5.81 Mbits/sec  1.174 ms  742/1347 (55%)  
[  5]  92.00-93.00  sec   718 KBytes  5.88 Mbits/sec  1.199 ms  856/1469 (58%)  
[  5]  93.00-94.00  sec   589 KBytes  4.83 Mbits/sec  1.092 ms  646/1149 (56%)  
[  5]  94.00-95.00  sec   709 KBytes  5.81 Mbits/sec  1.253 ms  740/1345 (55%)  
[  5]  95.00-96.00  sec   619 KBytes  5.07 Mbits/sec  1.089 ms  648/1176 (55%)  
[  5]  96.00-97.00  sec   689 KBytes  5.64 Mbits/sec  1.161 ms  754/1342 (56%)  
[  5]  97.00-98.00  sec   709 KBytes  5.81 Mbits/sec  1.241 ms  696/1301 (53%)  
[  5]  98.00-99.00  sec   620 KBytes  5.08 Mbits/sec  1.135 ms  633/1162 (54%)  
[  5]  99.00-100.00 sec   709 KBytes  5.81 Mbits/sec  1.121 ms  717/1322 (54%)  
[  5] 100.00-101.00 sec   688 KBytes  5.63 Mbits/sec  1.182 ms  722/1309 (55%)  
[  5] 101.00-102.00 sec   619 KBytes  5.07 Mbits/sec  1.181 ms  639/1167 (55%)  
[  5] 102.00-103.00 sec   709 KBytes  5.81 Mbits/sec  1.159 ms  714/1319 (54%)  
[  5] 103.00-104.00 sec   676 KBytes  5.54 Mbits/sec  1.103 ms  672/1249 (54%)  
[  5] 104.00-105.00 sec   619 KBytes  5.07 Mbits/sec  1.142 ms  615/1143 (54%)  
[  5] 105.00-106.00 sec   709 KBytes  5.81 Mbits/sec  1.310 ms  730/1335 (55%)  
[  5] 106.00-107.00 sec   708 KBytes  5.80 Mbits/sec  1.489 ms  722/1326 (54%)  
[  5] 107.00-108.00 sec   579 KBytes  4.74 Mbits/sec  1.229 ms  627/1121 (56%)  
[  5] 108.00-109.00 sec   700 KBytes  5.73 Mbits/sec  1.188 ms  711/1308 (54%)  
[  5] 109.00-110.00 sec   619 KBytes  5.07 Mbits/sec  1.177 ms  644/1172 (55%)  
[  5] 110.00-111.00 sec   680 KBytes  5.57 Mbits/sec  1.193 ms  687/1267 (54%)  
[  5] 111.00-112.00 sec   628 KBytes  5.15 Mbits/sec  1.213 ms  636/1172 (54%)  
[  5] 112.00-113.00 sec   709 KBytes  5.81 Mbits/sec  1.152 ms  720/1325 (54%)  
[  5] 113.00-114.00 sec   582 KBytes  4.77 Mbits/sec  1.155 ms  600/1097 (55%)  
[  5] 114.00-115.00 sec   708 KBytes  5.80 Mbits/sec  1.238 ms  702/1306 (54%)  
[  5] 115.00-116.00 sec   720 KBytes  5.89 Mbits/sec  1.146 ms  690/1304 (53%)  
[  5] 116.00-117.00 sec   588 KBytes  4.82 Mbits/sec  1.184 ms  622/1124 (55%)  
[  5] 117.00-118.00 sec   709 KBytes  5.81 Mbits/sec  1.226 ms  715/1320 (54%)  
[  5] 118.00-119.00 sec   720 KBytes  5.89 Mbits/sec  1.185 ms  741/1355 (55%)  
[  5] 119.00-120.00 sec   588 KBytes  4.82 Mbits/sec  1.088 ms  582/1084 (54%)  
[  5] 120.00-121.00 sec   709 KBytes  5.81 Mbits/sec  1.219 ms  694/1299 (53%)  
[  5] 121.00-122.00 sec   619 KBytes  5.07 Mbits/sec  1.152 ms  654/1182 (55%)  
[  5] 122.00-123.00 sec   710 KBytes  5.82 Mbits/sec  1.193 ms  728/1334 (55%)  
[  5] 123.00-124.00 sec   688 KBytes  5.63 Mbits/sec  1.243 ms  702/1289 (54%)  
[  5] 124.00-125.00 sec   619 KBytes  5.07 Mbits/sec  1.203 ms  633/1161 (55%)  
[  5] 125.00-126.00 sec   709 KBytes  5.81 Mbits/sec  1.163 ms  745/1350 (55%)  
[  5] 126.00-127.00 sec   589 KBytes  4.83 Mbits/sec  1.225 ms  641/1144 (56%)  
[  5] 127.00-128.00 sec   718 KBytes  5.89 Mbits/sec  1.176 ms  746/1359 (55%)  
[  5] 128.00-129.00 sec   709 KBytes  5.81 Mbits/sec  1.239 ms  714/1319 (54%)  
[  5] 129.00-130.00 sec   589 KBytes  4.83 Mbits/sec  1.277 ms  597/1100 (54%)  
[  5] 130.00-131.00 sec   720 KBytes  5.89 Mbits/sec  1.094 ms  733/1347 (54%)  
[  5] 131.00-132.00 sec   708 KBytes  5.80 Mbits/sec  1.202 ms  689/1293 (53%)  
[  5] 132.00-133.00 sec   589 KBytes  4.83 Mbits/sec  1.206 ms  624/1127 (55%)  
[  5] 133.00-134.00 sec   709 KBytes  5.81 Mbits/sec  1.219 ms  758/1363 (56%)  
[  5] 134.00-135.00 sec   619 KBytes  5.07 Mbits/sec  1.298 ms  620/1148 (54%)  
[  5] 135.00-136.00 sec   697 KBytes  5.71 Mbits/sec  1.279 ms  732/1327 (55%)  
[  5] 136.00-137.00 sec   589 KBytes  4.83 Mbits/sec  1.278 ms  617/1120 (55%)  
[  5] 137.00-138.00 sec   709 KBytes  5.81 Mbits/sec  1.253 ms  713/1318 (54%)  
[  5] 138.00-139.00 sec   720 KBytes  5.89 Mbits/sec  1.099 ms  709/1323 (54%)  
[  5] 139.00-140.00 sec   588 KBytes  4.82 Mbits/sec  1.132 ms  603/1105 (55%)  
[  5] 140.00-141.00 sec   709 KBytes  5.81 Mbits/sec  1.243 ms  739/1344 (55%)  
[  5] 141.00-142.00 sec   720 KBytes  5.89 Mbits/sec  1.132 ms  744/1358 (55%)  
[  5] 142.00-143.00 sec   619 KBytes  5.07 Mbits/sec  1.143 ms  632/1160 (54%)  
[  5] 143.00-144.00 sec   588 KBytes  4.82 Mbits/sec  1.198 ms  592/1094 (54%)  
[  5] 144.00-145.00 sec   710 KBytes  5.82 Mbits/sec  1.144 ms  712/1318 (54%)  
[  5] 145.00-146.00 sec   588 KBytes  4.82 Mbits/sec  1.272 ms  599/1101 (54%)  
[  5] 146.00-147.00 sec   709 KBytes  5.81 Mbits/sec  1.328 ms  713/1318 (54%)  
[  5] 147.00-148.00 sec   629 KBytes  5.16 Mbits/sec  1.182 ms  692/1229 (56%)  
[  5] 148.00-149.00 sec   679 KBytes  5.56 Mbits/sec  1.291 ms  716/1295 (55%)  
[  5] 149.00-150.00 sec   619 KBytes  5.07 Mbits/sec  1.223 ms  646/1174 (55%)  
[  5] 150.00-151.00 sec   709 KBytes  5.81 Mbits/sec  1.265 ms  754/1359 (55%)  
[  5] 151.00-152.00 sec   720 KBytes  5.89 Mbits/sec  1.217 ms  712/1326 (54%)  
[  5] 152.00-153.00 sec   589 KBytes  4.83 Mbits/sec  1.140 ms  577/1080 (53%)  
[  5] 153.00-154.00 sec   708 KBytes  5.80 Mbits/sec  1.214 ms  705/1309 (54%)  
[  5] 154.00-155.00 sec   607 KBytes  4.97 Mbits/sec  1.147 ms  626/1144 (55%)  
[  5] 155.00-156.00 sec   690 KBytes  5.65 Mbits/sec  1.076 ms  679/1268 (54%)  
[  5] 156.00-157.00 sec   619 KBytes  5.07 Mbits/sec  1.099 ms  630/1158 (54%)  
[  5] 157.00-158.00 sec   708 KBytes  5.80 Mbits/sec  1.238 ms  789/1393 (57%)  
[  5] 158.00-159.00 sec   698 KBytes  5.71 Mbits/sec  2.034 ms  811/1407 (58%)  
[  5] 159.00-160.00 sec   579 KBytes  4.75 Mbits/sec  1.233 ms  617/1111 (56%)  
[  5] 160.00-161.00 sec   720 KBytes  5.89 Mbits/sec  1.308 ms  760/1374 (55%)  
[  5] 161.00-162.00 sec   709 KBytes  5.81 Mbits/sec  1.140 ms  737/1342 (55%)  
[  5] 162.00-163.00 sec   588 KBytes  4.82 Mbits/sec  1.245 ms  600/1102 (54%)  
[  5] 163.00-164.00 sec   720 KBytes  5.89 Mbits/sec  1.218 ms  751/1365 (55%)  
[  5] 164.00-165.00 sec   709 KBytes  5.81 Mbits/sec  1.263 ms  697/1302 (54%)  
[  5] 165.00-166.00 sec   577 KBytes  4.72 Mbits/sec  1.273 ms  641/1133 (57%)  
[  5] 166.00-167.00 sec   720 KBytes  5.89 Mbits/sec  1.139 ms  762/1376 (55%)  
[  5] 167.00-168.00 sec   708 KBytes  5.80 Mbits/sec  1.230 ms  732/1336 (55%)  
[  5] 168.00-169.00 sec   589 KBytes  4.83 Mbits/sec  1.205 ms  608/1111 (55%)  
[  5] 169.00-170.00 sec   703 KBytes  5.76 Mbits/sec  1.228 ms  720/1320 (55%)  
[  5] 170.00-171.00 sec   638 KBytes  5.22 Mbits/sec  6.318 ms  670/1214 (55%)  
[  5] 171.00-172.00 sec   691 KBytes  5.67 Mbits/sec  1.168 ms  677/1275 (53%)  
[  5] 172.00-173.00 sec   679 KBytes  5.56 Mbits/sec  1.184 ms  679/1258 (54%)  
[  5] 173.00-174.00 sec   717 KBytes  5.88 Mbits/sec  1.117 ms  746/1358 (55%)  
[  5] 174.00-175.00 sec   619 KBytes  5.07 Mbits/sec  1.205 ms  635/1163 (55%)  
[  5] 175.00-176.00 sec   709 KBytes  5.81 Mbits/sec  1.242 ms  712/1317 (54%)  
[  5] 176.00-177.00 sec   589 KBytes  4.83 Mbits/sec  1.160 ms  566/1069 (53%)  
[  5] 177.00-178.00 sec   718 KBytes  5.88 Mbits/sec  1.075 ms  720/1333 (54%)  
[  5] 178.00-179.00 sec   589 KBytes  4.83 Mbits/sec  1.035 ms  595/1098 (54%)  
[  5] 179.00-180.00 sec   619 KBytes  5.07 Mbits/sec  1.118 ms  624/1152 (54%)  
[  5] 180.00-181.00 sec   709 KBytes  5.81 Mbits/sec  1.144 ms  713/1318 (54%)  
[  5] 181.00-182.00 sec   588 KBytes  4.82 Mbits/sec  1.320 ms  606/1108 (55%)  
[  5] 182.00-183.00 sec   720 KBytes  5.89 Mbits/sec  1.152 ms  758/1372 (55%)  
[  5] 183.00-184.00 sec   709 KBytes  5.81 Mbits/sec  1.147 ms  715/1320 (54%)  
[  5] 184.00-185.00 sec   588 KBytes  4.82 Mbits/sec  1.238 ms  585/1087 (54%)  
[  5] 185.00-186.00 sec   709 KBytes  5.81 Mbits/sec  1.275 ms  708/1313 (54%)  
[  5] 186.00-187.00 sec   620 KBytes  5.08 Mbits/sec  1.225 ms  619/1148 (54%)  
[  5] 187.00-188.00 sec   718 KBytes  5.88 Mbits/sec  1.236 ms  726/1339 (54%)  
[  5] 188.00-189.00 sec   588 KBytes  4.82 Mbits/sec  1.217 ms  582/1084 (54%)  
[  5] 189.00-190.00 sec   709 KBytes  5.81 Mbits/sec  1.329 ms  730/1335 (55%)  
[  5] 190.00-191.00 sec   614 KBytes  5.03 Mbits/sec  1.355 ms  637/1161 (55%)  
[  5] 191.00-192.00 sec   688 KBytes  5.63 Mbits/sec  1.176 ms  761/1348 (56%)  
[  5] 192.00-193.00 sec   709 KBytes  5.81 Mbits/sec  1.302 ms  759/1364 (56%)  
[  5] 193.00-194.00 sec   620 KBytes  5.08 Mbits/sec  1.178 ms  656/1185 (55%)  
[  5] 194.00-195.00 sec   689 KBytes  5.64 Mbits/sec  1.066 ms  723/1311 (55%)  
[  5] 195.00-196.00 sec   619 KBytes  5.07 Mbits/sec  1.155 ms  658/1186 (55%)  
[  5] 196.00-197.00 sec   708 KBytes  5.80 Mbits/sec  1.198 ms  724/1328 (55%)  
[  5] 197.00-198.00 sec   591 KBytes  4.83 Mbits/sec  1.211 ms  567/1071 (53%)  
[  5] 198.00-199.00 sec   718 KBytes  5.89 Mbits/sec  1.051 ms  765/1378 (56%)  
[  5] 199.00-200.00 sec   588 KBytes  4.82 Mbits/sec  1.115 ms  630/1132 (56%)  
[  5] 200.00-201.00 sec   710 KBytes  5.82 Mbits/sec  1.208 ms  727/1333 (55%)  
[  5] 201.00-202.00 sec   718 KBytes  5.88 Mbits/sec  1.181 ms  761/1374 (55%)  
[  5] 202.00-203.00 sec   619 KBytes  5.07 Mbits/sec  1.091 ms  627/1155 (54%)  
[  5] 203.00-204.00 sec   697 KBytes  5.71 Mbits/sec  1.233 ms  760/1355 (56%)  
[  5] 204.00-205.00 sec   589 KBytes  4.82 Mbits/sec  1.193 ms  603/1106 (55%)  
[  5] 205.00-206.00 sec   709 KBytes  5.82 Mbits/sec  1.159 ms  724/1329 (54%)  
[  5] 206.00-207.00 sec   599 KBytes  4.91 Mbits/sec  1.163 ms  648/1159 (56%)  
[  5] 207.00-208.00 sec   709 KBytes  5.80 Mbits/sec  1.273 ms  707/1312 (54%)  
[  5] 208.00-209.00 sec   613 KBytes  5.02 Mbits/sec  1.224 ms  632/1155 (55%)  
[  5] 209.00-210.00 sec   709 KBytes  5.81 Mbits/sec  1.240 ms  753/1358 (55%)  
[  5] 210.00-211.00 sec   688 KBytes  5.64 Mbits/sec  1.224 ms  756/1343 (56%)  
[  5] 211.00-212.00 sec   620 KBytes  5.08 Mbits/sec  1.188 ms  633/1162 (54%)  
[  5] 212.00-213.00 sec   709 KBytes  5.81 Mbits/sec  1.181 ms  718/1323 (54%)  
[  5] 213.00-214.00 sec   689 KBytes  5.64 Mbits/sec  1.167 ms  698/1286 (54%)  
[  5] 214.00-215.00 sec   619 KBytes  5.07 Mbits/sec  1.129 ms  635/1163 (55%)  
[  5] 215.00-216.00 sec   709 KBytes  5.80 Mbits/sec  1.237 ms  743/1348 (55%)  
[  5] 216.00-217.00 sec   718 KBytes  5.89 Mbits/sec  1.176 ms  755/1368 (55%)  
[  5] 217.00-218.00 sec   589 KBytes  4.83 Mbits/sec  1.185 ms  629/1132 (56%)  
[  5] 218.00-219.00 sec   629 KBytes  5.16 Mbits/sec  5.631 ms  665/1202 (55%)  
[  5] 219.00-220.00 sec   698 KBytes  5.72 Mbits/sec  1.147 ms  703/1299 (54%)  
[  5] 220.00-221.00 sec   718 KBytes  5.88 Mbits/sec  1.195 ms  748/1361 (55%)  
[  5] 221.00-222.00 sec   580 KBytes  4.75 Mbits/sec  1.305 ms  589/1084 (54%)  
[  5] 222.00-223.00 sec   718 KBytes  5.88 Mbits/sec  1.211 ms  741/1354 (55%)  
[  5] 223.00-224.00 sec   589 KBytes  4.83 Mbits/sec  1.277 ms  594/1097 (54%)  
[  5] 224.00-225.00 sec   709 KBytes  5.81 Mbits/sec  1.155 ms  713/1318 (54%)  
[  5] 225.00-226.00 sec   619 KBytes  5.07 Mbits/sec  1.153 ms  643/1171 (55%)  
[  5] 226.00-227.00 sec   589 KBytes  4.83 Mbits/sec  1.238 ms  592/1095 (54%)  
[  5] 227.00-228.00 sec   718 KBytes  5.89 Mbits/sec  1.158 ms  723/1336 (54%)  
[  5] 228.00-229.00 sec   687 KBytes  5.63 Mbits/sec  1.621 ms  704/1290 (55%)  
[  5] 229.00-230.00 sec   589 KBytes  4.83 Mbits/sec  1.152 ms  591/1094 (54%)  
[  5] 230.00-231.00 sec   718 KBytes  5.88 Mbits/sec  1.082 ms  719/1332 (54%)  
[  5] 231.00-232.00 sec   619 KBytes  5.07 Mbits/sec  1.144 ms  662/1190 (56%)  
[  5] 232.00-233.00 sec   709 KBytes  5.81 Mbits/sec  1.168 ms  769/1374 (56%)  
[  5] 233.00-234.00 sec   689 KBytes  5.64 Mbits/sec  1.119 ms  696/1284 (54%)  
[  5] 234.00-235.00 sec   619 KBytes  5.07 Mbits/sec  1.144 ms  632/1160 (54%)  
[  5] 235.00-236.00 sec   709 KBytes  5.81 Mbits/sec  1.190 ms  741/1346 (55%)  
[  5] 236.00-237.00 sec   708 KBytes  5.80 Mbits/sec  1.206 ms  759/1363 (56%)  
[  5] 237.00-238.00 sec   589 KBytes  4.82 Mbits/sec  1.261 ms  613/1116 (55%)  
[  5] 238.00-239.00 sec   718 KBytes  5.88 Mbits/sec  1.319 ms  765/1378 (56%)  
[  5] 239.00-240.00 sec   589 KBytes  4.84 Mbits/sec  1.161 ms  628/1131 (56%)  
[  5] 240.00-241.00 sec   696 KBytes  5.70 Mbits/sec  1.874 ms  790/1384 (57%)  
[  5] 241.00-242.00 sec   512 KBytes  4.19 Mbits/sec  1.239 ms  520/957 (54%)  
[  5] 242.00-243.00 sec   709 KBytes  5.81 Mbits/sec  1.204 ms  709/1314 (54%)  
[  5] 243.00-244.00 sec   629 KBytes  5.16 Mbits/sec  1.068 ms  641/1178 (54%)  
[  5] 244.00-245.00 sec   579 KBytes  4.74 Mbits/sec  1.179 ms  585/1079 (54%)  
[  5] 245.00-246.00 sec   718 KBytes  5.89 Mbits/sec  1.264 ms  752/1365 (55%)  
[  5] 246.00-247.00 sec   620 KBytes  5.08 Mbits/sec  1.194 ms  631/1160 (54%)  
[  5] 247.00-248.00 sec   708 KBytes  5.80 Mbits/sec  1.220 ms  711/1315 (54%)  
[  5] 248.00-249.00 sec   578 KBytes  4.73 Mbits/sec  1.209 ms  612/1105 (55%)  
[  5] 249.00-250.00 sec   718 KBytes  5.88 Mbits/sec  1.335 ms  715/1328 (54%)  
[  5] 250.00-251.00 sec   567 KBytes  4.65 Mbits/sec  1.198 ms  602/1086 (55%)  
[  5] 251.00-252.00 sec   709 KBytes  5.81 Mbits/sec  1.287 ms  740/1345 (55%)  
[  5] 252.00-253.00 sec   607 KBytes  4.97 Mbits/sec  1.582 ms  646/1164 (55%)  
[  5] 253.00-254.00 sec   689 KBytes  5.65 Mbits/sec  1.084 ms  736/1324 (56%)  
[  5] 254.00-255.00 sec   709 KBytes  5.81 Mbits/sec  1.253 ms  750/1355 (55%)  
[  5] 255.00-256.00 sec   619 KBytes  5.07 Mbits/sec  1.270 ms  685/1213 (56%)  
[  5] 256.00-257.00 sec   620 KBytes  5.08 Mbits/sec  1.231 ms  750/1279 (59%)  
[  5] 257.00-258.00 sec   688 KBytes  5.64 Mbits/sec  1.154 ms  805/1392 (58%)  
[  5] 258.00-259.00 sec   619 KBytes  5.07 Mbits/sec  1.236 ms  692/1220 (57%)  
[  5] 259.00-260.00 sec   709 KBytes  5.81 Mbits/sec  1.208 ms  799/1404 (57%)  
[  5] 260.00-261.00 sec   708 KBytes  5.80 Mbits/sec  1.148 ms  748/1352 (55%)  
[  5] 261.00-262.00 sec   588 KBytes  4.82 Mbits/sec  1.206 ms  621/1123 (55%)  
[  5] 262.00-263.00 sec   703 KBytes  5.76 Mbits/sec  1.207 ms  725/1325 (55%)  
[  5] 263.00-264.00 sec   589 KBytes  4.83 Mbits/sec  1.240 ms  624/1127 (55%)  
[  5] 264.00-265.00 sec   709 KBytes  5.80 Mbits/sec  1.235 ms  747/1352 (55%)  
[  5] 265.00-266.00 sec   619 KBytes  5.07 Mbits/sec  1.230 ms  659/1187 (56%)  
[  5] 266.00-267.00 sec   689 KBytes  5.64 Mbits/sec  1.113 ms  686/1274 (54%)  
[  5] 267.00-268.00 sec   620 KBytes  5.08 Mbits/sec  1.246 ms  615/1144 (54%)  
[  5] 268.00-269.00 sec   698 KBytes  5.72 Mbits/sec  1.562 ms  735/1331 (55%)  
[  5] 269.00-270.00 sec   688 KBytes  5.64 Mbits/sec  1.123 ms  708/1295 (55%)  
[  5] 270.00-271.00 sec   620 KBytes  5.08 Mbits/sec  1.208 ms  678/1207 (56%)  
[  5] 271.00-272.00 sec   686 KBytes  5.62 Mbits/sec  1.227 ms  783/1368 (57%)  
[  5] 272.00-273.00 sec   620 KBytes  5.08 Mbits/sec  1.219 ms  653/1182 (55%)  
[  5] 273.00-274.00 sec   679 KBytes  5.55 Mbits/sec  1.317 ms  703/1282 (55%)  
[  5] 274.00-275.00 sec   718 KBytes  5.88 Mbits/sec  1.274 ms  751/1364 (55%)  
[  5] 275.00-276.00 sec   607 KBytes  4.99 Mbits/sec  1.173 ms  663/1181 (56%)  
[  5] 276.00-277.00 sec   709 KBytes  5.81 Mbits/sec  1.146 ms  739/1344 (55%)  
[  5] 277.00-278.00 sec   588 KBytes  4.82 Mbits/sec  1.245 ms  615/1117 (55%)  
[  5] 278.00-279.00 sec   718 KBytes  5.89 Mbits/sec  1.221 ms  721/1334 (54%)  
[  5] 279.00-280.00 sec   710 KBytes  5.82 Mbits/sec  1.167 ms  733/1339 (55%)  
[  5] 280.00-281.00 sec   588 KBytes  4.82 Mbits/sec  1.226 ms  627/1129 (56%)  
[  5] 281.00-282.00 sec   619 KBytes  5.07 Mbits/sec  1.187 ms  649/1177 (55%)  
[  5] 282.00-283.00 sec   690 KBytes  5.65 Mbits/sec  1.150 ms  713/1302 (55%)  
[  5] 283.00-284.00 sec   618 KBytes  5.06 Mbits/sec  1.102 ms  617/1144 (54%)  
[  5] 284.00-285.00 sec   709 KBytes  5.81 Mbits/sec  1.201 ms  708/1313 (54%)  
[  5] 285.00-286.00 sec   720 KBytes  5.90 Mbits/sec  1.149 ms  743/1357 (55%)  
[  5] 286.00-287.00 sec   589 KBytes  4.82 Mbits/sec  1.081 ms  587/1090 (54%)  
[  5] 287.00-288.00 sec   709 KBytes  5.81 Mbits/sec  1.254 ms  729/1334 (55%)  
[  5] 288.00-289.00 sec   708 KBytes  5.80 Mbits/sec  1.178 ms  735/1339 (55%)  
[  5] 289.00-290.00 sec   589 KBytes  4.83 Mbits/sec  1.304 ms  618/1121 (55%)  
[  5] 290.00-291.00 sec   620 KBytes  5.08 Mbits/sec  1.203 ms  624/1153 (54%)  
[  5] 291.00-292.00 sec   688 KBytes  5.63 Mbits/sec  1.165 ms  695/1282 (54%)  
[  5] 292.00-293.00 sec   619 KBytes  5.07 Mbits/sec  1.210 ms  622/1150 (54%)  
[  5] 293.00-294.00 sec   709 KBytes  5.81 Mbits/sec  1.325 ms  727/1332 (55%)  
[  5] 294.00-295.00 sec   689 KBytes  5.64 Mbits/sec  1.066 ms  711/1299 (55%)  
[  5] 295.00-296.00 sec   619 KBytes  5.07 Mbits/sec  1.214 ms  697/1225 (57%)  
[  5] 296.00-297.00 sec   709 KBytes  5.81 Mbits/sec  1.220 ms  760/1365 (56%)  
[  5] 297.00-298.00 sec   720 KBytes  5.89 Mbits/sec  1.177 ms  772/1386 (56%)  
[  5] 298.00-299.00 sec   588 KBytes  4.81 Mbits/sec  1.133 ms  579/1081 (54%)  
[  5] 299.00-300.00 sec   709 KBytes  5.82 Mbits/sec  1.290 ms  702/1307 (54%)  
[  5] 300.00-301.00 sec   619 KBytes  5.07 Mbits/sec  1.162 ms  613/1141 (54%)  
[  5] 301.00-302.00 sec   710 KBytes  5.82 Mbits/sec  1.150 ms  748/1354 (55%)  
[  5] 302.00-303.00 sec   588 KBytes  4.82 Mbits/sec  1.200 ms  610/1112 (55%)  
[  5] 303.00-304.00 sec   718 KBytes  5.87 Mbits/sec  1.298 ms  717/1330 (54%)  
[  5] 304.00-305.00 sec   591 KBytes  4.85 Mbits/sec  1.308 ms  631/1135 (56%)  
[  5] 305.00-306.00 sec   708 KBytes  5.80 Mbits/sec  1.264 ms  765/1369 (56%)  
[  5] 306.00-307.00 sec   619 KBytes  5.07 Mbits/sec  1.228 ms  657/1185 (55%)  
[  5] 307.00-308.00 sec   689 KBytes  5.64 Mbits/sec  1.255 ms  713/1301 (55%)  
[  5] 308.00-309.00 sec   620 KBytes  5.08 Mbits/sec  1.226 ms  628/1157 (54%)  
[  5] 309.00-310.00 sec   704 KBytes  5.77 Mbits/sec  1.110 ms  707/1308 (54%)  
[  5] 310.00-311.00 sec   688 KBytes  5.63 Mbits/sec  1.186 ms  709/1296 (55%)  
[  5] 311.00-312.00 sec   620 KBytes  5.08 Mbits/sec  1.121 ms  615/1144 (54%)  
[  5] 312.00-313.00 sec   708 KBytes  5.80 Mbits/sec  1.328 ms  726/1330 (55%)  
[  5] 313.00-314.00 sec   620 KBytes  5.08 Mbits/sec  1.208 ms  624/1153 (54%)  
[  5] 314.00-315.00 sec   718 KBytes  5.88 Mbits/sec  1.101 ms  765/1378 (56%)  
[  5] 315.00-316.00 sec   589 KBytes  4.83 Mbits/sec  1.121 ms  612/1115 (55%)  
[  5] 316.00-317.00 sec   573 KBytes  4.69 Mbits/sec  1.186 ms  634/1123 (56%)  
[  5] 317.00-318.00 sec   620 KBytes  5.08 Mbits/sec  1.170 ms  656/1185 (55%)  
[  5] 318.00-319.00 sec   588 KBytes  4.82 Mbits/sec  1.152 ms  629/1131 (56%)  
[  5] 319.00-320.00 sec   519 KBytes  4.25 Mbits/sec  1.276 ms  544/987 (55%)  
[  5] 320.00-321.00 sec   499 KBytes  4.09 Mbits/sec  1.315 ms  500/926 (54%)  
[  5] 321.00-322.00 sec   604 KBytes  4.94 Mbits/sec  1.680 ms  664/1179 (56%)  
[  5] 322.00-323.00 sec   498 KBytes  4.08 Mbits/sec  1.348 ms  554/979 (57%)  
[  5] 323.00-324.00 sec   488 KBytes  3.99 Mbits/sec  1.120 ms  552/968 (57%)  
[  5] 324.00-325.00 sec   620 KBytes  5.08 Mbits/sec  1.171 ms  644/1173 (55%)  
[  5] 325.00-326.00 sec   589 KBytes  4.83 Mbits/sec  1.130 ms  582/1085 (54%)  
[  5] 326.00-327.00 sec   618 KBytes  5.06 Mbits/sec  1.306 ms  620/1147 (54%)  
[  5] 327.00-328.00 sec   591 KBytes  4.84 Mbits/sec  1.150 ms  597/1101 (54%)  
[  5] 328.00-329.00 sec   618 KBytes  5.06 Mbits/sec  1.181 ms  629/1156 (54%)  
[  5] 329.00-330.00 sec   620 KBytes  5.08 Mbits/sec  1.195 ms  631/1160 (54%)  
[  5] 330.00-331.00 sec   589 KBytes  4.83 Mbits/sec  1.264 ms  601/1104 (54%)  
[  5] 331.00-332.00 sec   618 KBytes  5.06 Mbits/sec  1.171 ms  635/1162 (55%)  
[  5] 332.00-333.00 sec   591 KBytes  4.84 Mbits/sec  1.234 ms  714/1218 (59%)  
[  5] 333.00-334.00 sec   618 KBytes  5.06 Mbits/sec  1.260 ms  721/1248 (58%)  
[  5] 334.00-335.00 sec   589 KBytes  4.82 Mbits/sec  1.601 ms  780/1283 (61%)  
[  5] 335.00-336.00 sec   720 KBytes  5.90 Mbits/sec  1.429 ms  1110/1724 (64%)  
[  5] 336.00-337.00 sec   619 KBytes  5.06 Mbits/sec  1.237 ms  876/1404 (62%)  
[  5] 337.00-338.00 sec   589 KBytes  4.84 Mbits/sec  1.340 ms  816/1319 (62%)  
[  5] 338.00-339.00 sec   619 KBytes  5.07 Mbits/sec  1.276 ms  906/1434 (63%)  
[  5] 339.00-340.00 sec   588 KBytes  4.81 Mbits/sec  1.450 ms  845/1347 (63%)  
[  5] 340.00-341.00 sec   620 KBytes  5.08 Mbits/sec  1.223 ms  754/1283 (59%)  
[  5] 341.00-342.00 sec   588 KBytes  4.81 Mbits/sec  1.254 ms  720/1222 (59%)  
[  5] 342.00-343.00 sec   720 KBytes  5.90 Mbits/sec  1.385 ms  961/1575 (61%)  
[  5] 343.00-344.00 sec   589 KBytes  4.83 Mbits/sec  1.194 ms  739/1242 (60%)  
[  5] 344.00-345.00 sec   619 KBytes  5.07 Mbits/sec  1.229 ms  732/1260 (58%)  
[  5] 345.00-346.00 sec   619 KBytes  5.07 Mbits/sec  1.220 ms  666/1194 (56%)  
[  5] 346.00-347.00 sec   509 KBytes  4.17 Mbits/sec  3.643 ms  681/1115 (61%)  
[  5] 347.00-348.00 sec   609 KBytes  4.99 Mbits/sec  1.150 ms  706/1226 (58%)  
[  5] 348.00-349.00 sec   589 KBytes  4.83 Mbits/sec  1.227 ms  701/1204 (58%)  
[  5] 349.00-350.00 sec   709 KBytes  5.81 Mbits/sec  1.335 ms  810/1415 (57%)  
[  5] 350.00-351.00 sec   589 KBytes  4.83 Mbits/sec  1.277 ms  683/1186 (58%)  
[  5] 351.00-352.00 sec   526 KBytes  4.31 Mbits/sec  1.213 ms  604/1053 (57%)  
[  5] 352.00-353.00 sec   589 KBytes  4.83 Mbits/sec  1.384 ms  673/1176 (57%)  
[  5] 353.00-354.00 sec   529 KBytes  4.33 Mbits/sec  1.323 ms  665/1116 (60%)  
[  5] 354.00-355.00 sec   589 KBytes  4.83 Mbits/sec  1.320 ms  693/1196 (58%)  
[  5] 355.00-356.00 sec   490 KBytes  4.01 Mbits/sec  1.402 ms  570/988 (58%)  
[  5] 356.00-357.00 sec   619 KBytes  5.07 Mbits/sec  1.246 ms  727/1255 (58%)  
[  5] 357.00-358.00 sec   499 KBytes  4.09 Mbits/sec  1.212 ms  561/987 (57%)  
[  5] 358.00-359.00 sec   499 KBytes  4.09 Mbits/sec  1.225 ms  565/991 (57%)  
[  5] 359.00-360.00 sec   619 KBytes  5.07 Mbits/sec  1.228 ms  679/1207 (56%)  
[  5] 360.00-361.00 sec   579 KBytes  4.74 Mbits/sec  1.311 ms  691/1185 (58%)  
[  5] 361.00-362.00 sec   619 KBytes  5.07 Mbits/sec  1.296 ms  782/1310 (60%)  
[  5] 362.00-363.00 sec   709 KBytes  5.81 Mbits/sec  1.332 ms  891/1496 (60%)  
[  5] 363.00-364.00 sec   499 KBytes  4.09 Mbits/sec  1.311 ms  634/1060 (60%)  
[  5] 364.00-365.00 sec   619 KBytes  5.07 Mbits/sec  1.250 ms  758/1286 (59%)  
[  5] 365.00-366.00 sec   589 KBytes  4.82 Mbits/sec  1.278 ms  721/1224 (59%)  
[  5] 366.00-367.00 sec   619 KBytes  5.07 Mbits/sec  1.295 ms  698/1226 (57%)  
[  5] 367.00-368.00 sec   588 KBytes  4.83 Mbits/sec  1.305 ms  696/1198 (58%)  
[  5] 368.00-369.00 sec   620 KBytes  5.08 Mbits/sec  1.397 ms  914/1443 (63%)  
[  5] 369.00-370.00 sec   619 KBytes  5.07 Mbits/sec  1.400 ms  852/1380 (62%)  
[  5] 370.00-371.00 sec   589 KBytes  4.83 Mbits/sec  1.467 ms  782/1285 (61%)  
[  5] 371.00-372.00 sec   628 KBytes  5.15 Mbits/sec  1.327 ms  877/1413 (62%)  
[  5] 372.00-373.00 sec   589 KBytes  4.83 Mbits/sec  1.278 ms  904/1407 (64%)  
[  5] 373.00-374.00 sec   619 KBytes  5.07 Mbits/sec  1.251 ms  912/1440 (63%)  
[  5] 374.00-375.00 sec   589 KBytes  4.83 Mbits/sec  1.224 ms  796/1299 (61%)  
[  5] 375.00-376.00 sec   619 KBytes  5.06 Mbits/sec  1.219 ms  819/1347 (61%)  
[  5] 376.00-377.00 sec   589 KBytes  4.83 Mbits/sec  1.162 ms  694/1197 (58%)  
[  5] 377.00-378.00 sec   619 KBytes  5.07 Mbits/sec  1.235 ms  714/1242 (57%)  
[  5] 378.00-379.00 sec   589 KBytes  4.83 Mbits/sec  1.200 ms  683/1186 (58%)  
[  5] 379.00-380.00 sec   518 KBytes  4.24 Mbits/sec  1.237 ms  671/1113 (60%)  
[  5] 380.00-381.00 sec   709 KBytes  5.81 Mbits/sec  1.279 ms  839/1444 (58%)  
[  5] 381.00-382.00 sec   589 KBytes  4.83 Mbits/sec  1.368 ms  729/1232 (59%)  
[  5] 382.00-383.00 sec   499 KBytes  4.09 Mbits/sec  1.280 ms  615/1041 (59%)  
[  5] 383.00-384.00 sec   709 KBytes  5.81 Mbits/sec  1.359 ms  865/1470 (59%)  
[  5] 384.00-385.00 sec   619 KBytes  5.07 Mbits/sec  1.323 ms  774/1302 (59%)  
[  5] 385.00-386.00 sec   499 KBytes  4.09 Mbits/sec  1.253 ms  613/1039 (59%)  
[  5] 386.00-387.00 sec   589 KBytes  4.82 Mbits/sec  1.227 ms  702/1205 (58%)  
[  5] 387.00-388.00 sec   619 KBytes  5.08 Mbits/sec  1.375 ms  790/1318 (60%)  
[  5] 388.00-389.00 sec   608 KBytes  4.98 Mbits/sec  1.560 ms  787/1306 (60%)  
[  5] 389.00-390.00 sec   588 KBytes  4.82 Mbits/sec  1.327 ms  740/1242 (60%)  
[  5] 390.00-391.00 sec   619 KBytes  5.06 Mbits/sec  1.193 ms  722/1250 (58%)  
[  5] 391.00-392.00 sec   589 KBytes  4.84 Mbits/sec  1.296 ms  704/1207 (58%)  
[  5] 392.00-393.00 sec   718 KBytes  5.88 Mbits/sec  1.226 ms  941/1554 (61%)  
[  5] 393.00-394.00 sec   589 KBytes  4.83 Mbits/sec  1.245 ms  687/1190 (58%)  
[  5] 394.00-395.00 sec   619 KBytes  5.07 Mbits/sec  1.283 ms  743/1271 (58%)  
[  5] 395.00-396.00 sec   530 KBytes  4.34 Mbits/sec  1.216 ms  679/1131 (60%)  
[  5] 396.00-397.00 sec   588 KBytes  4.81 Mbits/sec  1.188 ms  691/1193 (58%)  
[  5] 397.00-398.00 sec   381 KBytes  3.12 Mbits/sec  1.322 ms  505/830 (61%)  
[  5] 398.00-399.00 sec   499 KBytes  4.09 Mbits/sec  1.293 ms  636/1062 (60%)  
[  5] 399.00-400.00 sec   607 KBytes  4.97 Mbits/sec  1.273 ms  738/1256 (59%)  
[  5] 400.00-401.00 sec   589 KBytes  4.83 Mbits/sec  1.325 ms  682/1185 (58%)  
[  5] 401.00-402.00 sec   519 KBytes  4.25 Mbits/sec  1.456 ms  653/1096 (60%)  
[  5] 402.00-403.00 sec   589 KBytes  4.83 Mbits/sec  1.454 ms  752/1255 (60%)  
[  5] 403.00-404.00 sec   499 KBytes  4.09 Mbits/sec  1.259 ms  615/1041 (59%)  
[  5] 404.00-405.00 sec   619 KBytes  5.07 Mbits/sec  1.290 ms  737/1265 (58%)  
[  5] 405.00-406.00 sec   499 KBytes  4.09 Mbits/sec  1.374 ms  636/1062 (60%)  
[  5] 406.00-407.00 sec   499 KBytes  4.09 Mbits/sec  1.221 ms  619/1045 (59%)  
[  5] 407.00-408.00 sec   619 KBytes  5.07 Mbits/sec  1.226 ms  718/1246 (58%)  
[  5] 408.00-409.00 sec   620 KBytes  5.08 Mbits/sec  1.114 ms  741/1270 (58%)  
[  5] 409.00-410.00 sec   489 KBytes  4.00 Mbits/sec  1.321 ms  558/975 (57%)  
[  5] 410.00-411.00 sec   629 KBytes  5.16 Mbits/sec  1.118 ms  700/1237 (57%)  
[  5] 411.00-412.00 sec   579 KBytes  4.74 Mbits/sec  1.277 ms  666/1160 (57%)  
[  5] 412.00-413.00 sec   499 KBytes  4.09 Mbits/sec  1.311 ms  644/1070 (60%)  
