Connecting to host 172.22.0.50, port 5201
Reverse mode, remote host 172.22.0.50 is sending
[  5] local 192.168.100.2 port 42489 connected to 172.22.0.50 port 5201
[ ID] Interval           Transfer     Bitrate         Jitter    Lost/Total Datagrams
[  5]   0.00-1.00   sec  1.43 MBytes  12.0 Mbits/sec  0.743 ms  0/1251 (0%)  
[  5]   1.00-2.00   sec  1.43 MBytes  12.0 Mbits/sec  1.018 ms  0/1250 (0%)  
[  5]   2.00-3.00   sec  1.43 MBytes  12.0 Mbits/sec  0.932 ms  0/1252 (0%)  
[  5]   3.00-4.00   sec  1.42 MBytes  11.9 Mbits/sec  1.216 ms  0/1244 (0%)  
[  5]   4.00-5.00   sec  1.43 MBytes  12.0 Mbits/sec  0.848 ms  0/1252 (0%)  
[  5]   5.00-6.00   sec  1.43 MBytes  12.0 Mbits/sec  1.046 ms  0/1249 (0%)  
[  5]   6.00-7.00   sec  1.43 MBytes  12.0 Mbits/sec  0.934 ms  0/1253 (0%)  
[  5]   7.00-8.00   sec  1.42 MBytes  11.9 Mbits/sec  1.135 ms  0/1242 (0%)  
[  5]   8.00-9.00   sec  1.44 MBytes  12.1 Mbits/sec  1.146 ms  0/1256 (0%)  
[  5]   9.00-10.00  sec  1.43 MBytes  12.0 Mbits/sec  1.090 ms  0/1251 (0%)  
[  5]  10.00-11.00  sec  1.42 MBytes  11.9 Mbits/sec  1.041 ms  0/1245 (0%)  
[  5]  11.00-12.00  sec  1.43 MBytes  12.0 Mbits/sec  0.837 ms  0/1252 (0%)  
[  5]  12.00-13.00  sec  1.44 MBytes  12.1 Mbits/sec  0.995 ms  0/1254 (0%)  
[  5]  13.00-14.00  sec  1.43 MBytes  12.0 Mbits/sec  1.007 ms  0/1247 (0%)  
[  5]  14.00-15.00  sec  1.43 MBytes  12.0 Mbits/sec  1.101 ms  0/1250 (0%)  
[  5]  15.00-16.00  sec  1.08 MBytes  9.09 Mbits/sec  1.424 ms  0/947 (0%)  
[  5]  16.00-17.00  sec   546 KBytes  4.47 Mbits/sec  1.694 ms  0/466 (0%)  
[  5]  17.00-18.00  sec   559 KBytes  4.58 Mbits/sec  1.417 ms  0/477 (0%)  
[  5]  18.00-19.00  sec   564 KBytes  4.62 Mbits/sec  1.523 ms  0/481 (0%)  
[  5]  19.00-20.00  sec   565 KBytes  4.62 Mbits/sec  1.512 ms  0/482 (0%)  
[  5]  20.00-21.00  sec   554 KBytes  4.54 Mbits/sec  1.478 ms  0/473 (0%)  
[  5]  21.00-22.00  sec   547 KBytes  4.48 Mbits/sec  1.545 ms  0/467 (0%)  
[  5]  22.00-23.00  sec   551 KBytes  4.51 Mbits/sec  1.410 ms  0/470 (0%)  
[  5]  23.00-24.00  sec   557 KBytes  4.56 Mbits/sec  1.422 ms  0/475 (0%)  
[  5]  24.00-25.00  sec   554 KBytes  4.54 Mbits/sec  1.560 ms  0/473 (0%)  
[  5]  25.00-26.00  sec   545 KBytes  4.46 Mbits/sec  1.803 ms  0/465 (0%)  
[  5]  26.00-27.00  sec   552 KBytes  4.52 Mbits/sec  1.675 ms  0/471 (0%)  
[  5]  27.00-28.00  sec   555 KBytes  4.55 Mbits/sec  1.623 ms  0/474 (0%)  
[  5]  28.00-29.00  sec   536 KBytes  4.39 Mbits/sec  1.606 ms  0/457 (0%)  
[  5]  29.00-30.00  sec   541 KBytes  4.43 Mbits/sec  1.561 ms  0/462 (0%)  
[  5]  30.00-31.00  sec   584 KBytes  4.78 Mbits/sec  1.189 ms  0/498 (0%)  
[  5]  31.00-32.00  sec   622 KBytes  5.10 Mbits/sec  1.471 ms  0/531 (0%)  
[  5]  32.00-33.00  sec   621 KBytes  5.09 Mbits/sec  1.386 ms  0/530 (0%)  
[  5]  33.00-34.00  sec   626 KBytes  5.12 Mbits/sec  1.312 ms  0/534 (0%)  
[  5]  34.00-35.00  sec   622 KBytes  5.10 Mbits/sec  1.487 ms  0/533 (0%)  
[  5]  35.00-36.00  sec   621 KBytes  5.09 Mbits/sec  1.243 ms  0/530 (0%)  
[  5]  36.00-37.00  sec   604 KBytes  4.94 Mbits/sec  1.471 ms  0/515 (0%)  
[  5]  37.00-38.00  sec   592 KBytes  4.84 Mbits/sec  1.375 ms  0/505 (0%)  
[  5]  38.00-39.00  sec   608 KBytes  4.99 Mbits/sec  1.316 ms  0/519 (0%)  
[  5]  39.00-40.00  sec   618 KBytes  5.06 Mbits/sec  1.272 ms  0/527 (0%)  
[  5]  40.00-41.00  sec   641 KBytes  5.25 Mbits/sec  1.181 ms  0/547 (0%)  
[  5]  41.00-42.00  sec   588 KBytes  4.82 Mbits/sec  3.578 ms  6/508 (1.2%)  
[  5]  42.00-43.00  sec   592 KBytes  4.85 Mbits/sec  1.408 ms  829/1334 (62%)  
[  5]  43.00-44.00  sec   710 KBytes  5.82 Mbits/sec  1.287 ms  1024/1630 (63%)  
[  5]  44.00-45.00  sec   704 KBytes  5.76 Mbits/sec  1.402 ms  1039/1640 (63%)  
[  5]  45.00-46.00  sec   602 KBytes  4.94 Mbits/sec  1.311 ms  831/1345 (62%)  
[  5]  46.00-47.00  sec   612 KBytes  5.02 Mbits/sec  1.220 ms  699/1221 (57%)  
[  5]  47.00-48.00  sec   693 KBytes  5.67 Mbits/sec  1.360 ms  795/1386 (57%)  
[  5]  48.00-49.00  sec   729 KBytes  5.97 Mbits/sec  1.320 ms  834/1456 (57%)  
[  5]  49.00-50.00  sec   585 KBytes  4.79 Mbits/sec  1.342 ms  672/1171 (57%)  
[  5]  50.00-51.00  sec   720 KBytes  5.90 Mbits/sec  1.331 ms  858/1472 (58%)  
[  5]  51.00-52.00  sec   585 KBytes  4.79 Mbits/sec  1.358 ms  712/1211 (59%)  
[  5]  52.00-53.00  sec   729 KBytes  5.97 Mbits/sec  1.312 ms  915/1537 (60%)  
[  5]  53.00-54.00  sec   702 KBytes  5.75 Mbits/sec  1.256 ms  832/1431 (58%)  
[  5]  54.00-55.00  sec   613 KBytes  5.02 Mbits/sec  1.204 ms  712/1235 (58%)  
[  5]  55.00-56.00  sec   708 KBytes  5.80 Mbits/sec  1.202 ms  714/1318 (54%)  
[  5]  56.00-57.00  sec   709 KBytes  5.81 Mbits/sec  1.218 ms  708/1313 (54%)  
[  5]  57.00-58.00  sec   588 KBytes  4.82 Mbits/sec  1.261 ms  594/1096 (54%)  
[  5]  58.00-59.00  sec   720 KBytes  5.90 Mbits/sec  1.108 ms  702/1316 (53%)  
[  5]  59.00-60.00  sec   588 KBytes  4.82 Mbits/sec  1.189 ms  662/1164 (57%)  
[  5]  60.00-61.00  sec   619 KBytes  5.07 Mbits/sec  1.235 ms  654/1182 (55%)  
[  5]  61.00-62.00  sec   709 KBytes  5.81 Mbits/sec  1.231 ms  735/1340 (55%)  
[  5]  62.00-63.00  sec   589 KBytes  4.83 Mbits/sec  1.200 ms  567/1070 (53%)  
[  5]  63.00-64.00  sec   709 KBytes  5.81 Mbits/sec  1.187 ms  682/1287 (53%)  
[  5]  64.00-65.00  sec   718 KBytes  5.88 Mbits/sec  1.298 ms  861/1474 (58%)  
[  5]  65.00-66.00  sec   620 KBytes  5.07 Mbits/sec  1.175 ms  641/1170 (55%)  
[  5]  66.00-67.00  sec   702 KBytes  5.75 Mbits/sec  1.125 ms  721/1320 (55%)  
[  5]  67.00-68.00  sec   688 KBytes  5.64 Mbits/sec  1.150 ms  682/1269 (54%)  
[  5]  68.00-69.00  sec   620 KBytes  5.08 Mbits/sec  1.194 ms  623/1152 (54%)  
[  5]  69.00-70.00  sec   708 KBytes  5.80 Mbits/sec  1.181 ms  698/1302 (54%)  
[  5]  70.00-71.00  sec   589 KBytes  4.83 Mbits/sec  1.173 ms  560/1063 (53%)  
[  5]  71.00-72.00  sec   718 KBytes  5.88 Mbits/sec  1.151 ms  723/1336 (54%)  
[  5]  72.00-73.00  sec   586 KBytes  4.80 Mbits/sec  1.101 ms  585/1085 (54%)  
[  5]  73.00-74.00  sec   709 KBytes  5.81 Mbits/sec  1.235 ms  879/1484 (59%)  
[  5]  74.00-75.00  sec   720 KBytes  5.89 Mbits/sec  1.142 ms  754/1368 (55%)  
[  5]  75.00-76.00  sec   588 KBytes  4.82 Mbits/sec  1.199 ms  637/1139 (56%)  
[  5]  76.00-77.00  sec   709 KBytes  5.81 Mbits/sec  1.274 ms  735/1340 (55%)  
[  5]  77.00-78.00  sec   709 KBytes  5.81 Mbits/sec  1.245 ms  722/1327 (54%)  
[  5]  78.00-79.00  sec   620 KBytes  5.08 Mbits/sec  1.145 ms  597/1126 (53%)  
[  5]  79.00-80.00  sec   688 KBytes  5.64 Mbits/sec  1.175 ms  672/1259 (53%)  
[  5]  80.00-81.00  sec   709 KBytes  5.81 Mbits/sec  1.222 ms  733/1338 (55%)  
[  5]  81.00-82.00  sec   619 KBytes  5.07 Mbits/sec  1.214 ms  637/1165 (55%)  
[  5]  82.00-83.00  sec   689 KBytes  5.64 Mbits/sec  1.049 ms  681/1269 (54%)  
[  5]  83.00-84.00  sec   709 KBytes  5.81 Mbits/sec  1.261 ms  749/1354 (55%)  
[  5]  84.00-85.00  sec   619 KBytes  5.07 Mbits/sec  1.250 ms  681/1209 (56%)  
[  5]  85.00-86.00  sec   720 KBytes  5.89 Mbits/sec  1.197 ms  777/1391 (56%)  
[  5]  86.00-87.00  sec   709 KBytes  5.81 Mbits/sec  1.246 ms  715/1320 (54%)  
[  5]  87.00-88.00  sec   588 KBytes  4.82 Mbits/sec  1.232 ms  591/1093 (54%)  
[  5]  88.00-89.00  sec   620 KBytes  5.08 Mbits/sec  1.170 ms  598/1127 (53%)  
[  5]  89.00-90.00  sec   588 KBytes  4.82 Mbits/sec  1.153 ms  563/1065 (53%)  
[  5]  90.00-91.00  sec   500 KBytes  4.10 Mbits/sec  1.146 ms  489/916 (53%)  
[  5]  91.00-92.00  sec   529 KBytes  4.33 Mbits/sec  1.142 ms  552/1003 (55%)  
[  5]  92.00-93.00  sec   489 KBytes  4.00 Mbits/sec  1.378 ms  500/917 (55%)  
[  5]  93.00-94.00  sec   500 KBytes  4.10 Mbits/sec  1.204 ms  501/928 (54%)  
[  5]  94.00-95.00  sec   529 KBytes  4.33 Mbits/sec  1.148 ms  531/982 (54%)  
[  5]  95.00-96.00  sec   489 KBytes  4.01 Mbits/sec  1.189 ms  499/916 (54%)  
[  5]  96.00-97.00  sec   500 KBytes  4.10 Mbits/sec  1.302 ms  503/930 (54%)  
[  5]  97.00-98.00  sec   618 KBytes  5.06 Mbits/sec  1.200 ms  626/1153 (54%)  
[  5]  98.00-99.00  sec   589 KBytes  4.83 Mbits/sec  1.235 ms  601/1104 (54%)  
[  5]  99.00-100.00 sec   620 KBytes  5.08 Mbits/sec  1.203 ms  621/1150 (54%)  
[  5] 100.00-101.00 sec   618 KBytes  5.06 Mbits/sec  1.192 ms  595/1122 (53%)  
[  5] 101.00-102.00 sec   591 KBytes  4.84 Mbits/sec  1.159 ms  570/1074 (53%)  
[  5] 102.00-103.00 sec   628 KBytes  5.15 Mbits/sec  1.118 ms  651/1187 (55%)  
[  5] 103.00-104.00 sec   589 KBytes  4.83 Mbits/sec  1.111 ms  602/1105 (54%)  
[  5] 104.00-105.00 sec   619 KBytes  5.07 Mbits/sec  1.150 ms  709/1237 (57%)  
[  5] 105.00-106.00 sec   589 KBytes  4.83 Mbits/sec  1.141 ms  769/1272 (60%)  
[  5] 106.00-107.00 sec   619 KBytes  5.07 Mbits/sec  1.296 ms  708/1236 (57%)  
[  5] 107.00-108.00 sec   698 KBytes  5.72 Mbits/sec  1.667 ms  953/1549 (62%)  
[  5] 108.00-109.00 sec   588 KBytes  4.82 Mbits/sec  1.651 ms  1054/1556 (68%)  
[  5] 109.00-110.00 sec   720 KBytes  5.90 Mbits/sec  1.452 ms  1314/1928 (68%)  
[  5] 110.00-111.00 sec   619 KBytes  5.07 Mbits/sec  1.394 ms  983/1511 (65%)  
[  5] 111.00-112.00 sec   676 KBytes  5.54 Mbits/sec  1.297 ms  987/1564 (63%)  
[  5] 112.00-113.00 sec   620 KBytes  5.08 Mbits/sec  1.247 ms  828/1357 (61%)  
[  5] 113.00-114.00 sec   718 KBytes  5.88 Mbits/sec  1.174 ms  899/1512 (59%)  
[  5] 114.00-115.00 sec   589 KBytes  4.83 Mbits/sec  1.176 ms  808/1311 (62%)  
[  5] 115.00-116.00 sec   709 KBytes  5.80 Mbits/sec  1.252 ms  766/1371 (56%)  
[  5] 116.00-117.00 sec   619 KBytes  5.07 Mbits/sec  1.243 ms  752/1280 (59%)  
[  5] 117.00-118.00 sec   680 KBytes  5.57 Mbits/sec  1.309 ms  853/1433 (60%)  
[  5] 118.00-119.00 sec   628 KBytes  5.15 Mbits/sec  1.248 ms  843/1379 (61%)  
[  5] 119.00-120.00 sec   622 KBytes  5.09 Mbits/sec  4.248 ms  724/1255 (58%)  
[  5] 120.00-121.00 sec   676 KBytes  5.54 Mbits/sec  1.325 ms  750/1327 (57%)  
[  5] 121.00-122.00 sec   709 KBytes  5.81 Mbits/sec  1.267 ms  762/1367 (56%)  
[  5] 122.00-123.00 sec   628 KBytes  5.15 Mbits/sec  1.165 ms  660/1196 (55%)  
[  5] 123.00-124.00 sec   680 KBytes  5.57 Mbits/sec  1.163 ms  679/1259 (54%)  
[  5] 124.00-125.00 sec   619 KBytes  5.07 Mbits/sec  1.164 ms  637/1165 (55%)  
[  5] 125.00-126.00 sec   700 KBytes  5.73 Mbits/sec  1.473 ms  767/1364 (56%)  
[  5] 126.00-127.00 sec   589 KBytes  4.83 Mbits/sec  1.198 ms  636/1139 (56%)  
[  5] 127.00-128.00 sec   718 KBytes  5.88 Mbits/sec  1.239 ms  782/1395 (56%)  
[  5] 128.00-129.00 sec   620 KBytes  5.08 Mbits/sec  1.184 ms  658/1187 (55%)  
[  5] 129.00-130.00 sec   708 KBytes  5.79 Mbits/sec  1.129 ms  716/1320 (54%)  
[  5] 130.00-131.00 sec   589 KBytes  4.83 Mbits/sec  1.167 ms  592/1095 (54%)  
[  5] 131.00-132.00 sec   619 KBytes  5.07 Mbits/sec  1.158 ms  654/1182 (55%)  
[  5] 132.00-133.00 sec   689 KBytes  5.65 Mbits/sec  1.178 ms  758/1346 (56%)  
[  5] 133.00-134.00 sec   619 KBytes  5.07 Mbits/sec  1.327 ms  690/1218 (57%)  
[  5] 134.00-135.00 sec   709 KBytes  5.81 Mbits/sec  1.166 ms  738/1343 (55%)  
[  5] 135.00-136.00 sec   588 KBytes  4.82 Mbits/sec  1.303 ms  625/1127 (55%)  
[  5] 136.00-137.00 sec   619 KBytes  5.07 Mbits/sec  1.372 ms  633/1161 (55%)  
[  5] 137.00-138.00 sec   690 KBytes  5.66 Mbits/sec  1.213 ms  710/1299 (55%)  
[  5] 138.00-139.00 sec   619 KBytes  5.06 Mbits/sec  1.225 ms  622/1150 (54%)  
[  5] 139.00-140.00 sec   619 KBytes  5.08 Mbits/sec  1.234 ms  636/1164 (55%)  
[  5] 140.00-141.00 sec   700 KBytes  5.73 Mbits/sec  1.265 ms  752/1349 (56%)  
[  5] 141.00-142.00 sec   589 KBytes  4.83 Mbits/sec  1.203 ms  627/1130 (55%)  
[  5] 142.00-143.00 sec   499 KBytes  4.08 Mbits/sec  1.361 ms  552/978 (56%)  
[  5] 143.00-144.00 sec   529 KBytes  4.34 Mbits/sec  1.268 ms  566/1017 (56%)  
[  5] 144.00-145.00 sec   490 KBytes  4.01 Mbits/sec  1.271 ms  545/963 (57%)  
[  5] 145.00-146.00 sec   628 KBytes  5.15 Mbits/sec  1.173 ms  661/1197 (55%)  
[  5] 146.00-147.00 sec   591 KBytes  4.84 Mbits/sec  1.203 ms  637/1141 (56%)  
[  5] 147.00-148.00 sec   618 KBytes  5.06 Mbits/sec  1.162 ms  646/1173 (55%)  
[  5] 148.00-149.00 sec   589 KBytes  4.83 Mbits/sec  1.091 ms  626/1129 (55%)  
[  5] 149.00-150.00 sec   620 KBytes  5.08 Mbits/sec  1.087 ms  651/1180 (55%)  
[  5] 150.00-151.00 sec   489 KBytes  4.00 Mbits/sec  1.268 ms  539/956 (56%)  
[  5] 151.00-152.00 sec   629 KBytes  5.16 Mbits/sec  1.111 ms  711/1248 (57%)  
[  5] 152.00-153.00 sec   589 KBytes  4.83 Mbits/sec  1.109 ms  658/1161 (57%)  
[  5] 153.00-154.00 sec   619 KBytes  5.06 Mbits/sec  1.143 ms  678/1206 (56%)  
[  5] 154.00-155.00 sec   588 KBytes  4.82 Mbits/sec  1.262 ms  659/1161 (57%)  
[  5] 155.00-156.00 sec   709 KBytes  5.81 Mbits/sec  1.321 ms  766/1371 (56%)  
[  5] 156.00-157.00 sec   620 KBytes  5.08 Mbits/sec  1.246 ms  674/1203 (56%)  
[  5] 157.00-158.00 sec   499 KBytes  4.09 Mbits/sec  1.262 ms  503/929 (54%)  
[  5] 158.00-159.00 sec   588 KBytes  4.82 Mbits/sec  1.400 ms  829/1331 (62%)  
[  5] 159.00-160.00 sec   619 KBytes  5.07 Mbits/sec  1.594 ms  1067/1595 (67%)  
[  5] 160.00-161.00 sec   589 KBytes  4.83 Mbits/sec  1.392 ms  793/1296 (61%)  
[  5] 161.00-162.00 sec   613 KBytes  5.02 Mbits/sec  1.275 ms  878/1401 (63%)  
[  5] 162.00-163.00 sec   621 KBytes  5.09 Mbits/sec  11.363 ms  795/1325 (60%)  
[  5] 163.00-164.00 sec   587 KBytes  4.81 Mbits/sec  1.288 ms  716/1217 (59%)  
[  5] 164.00-165.00 sec   619 KBytes  5.07 Mbits/sec  1.355 ms  768/1296 (59%)  
[  5] 165.00-166.00 sec   720 KBytes  5.89 Mbits/sec  1.211 ms  879/1493 (59%)  
[  5] 166.00-167.00 sec   588 KBytes  4.82 Mbits/sec  1.277 ms  729/1231 (59%)  
[  5] 167.00-168.00 sec   589 KBytes  4.83 Mbits/sec  1.232 ms  760/1263 (60%)  
[  5] 168.00-169.00 sec   609 KBytes  4.99 Mbits/sec  1.091 ms  785/1305 (60%)  
[  5] 169.00-170.00 sec   618 KBytes  5.06 Mbits/sec  1.273 ms  695/1222 (57%)  
[  5] 170.00-171.00 sec   591 KBytes  4.84 Mbits/sec  1.170 ms  689/1193 (58%)  
[  5] 171.00-172.00 sec   708 KBytes  5.80 Mbits/sec  1.212 ms  765/1369 (56%)  
[  5] 172.00-173.00 sec   619 KBytes  5.06 Mbits/sec  1.264 ms  783/1311 (60%)  
[  5] 173.00-174.00 sec   589 KBytes  4.83 Mbits/sec  1.424 ms  857/1360 (63%)  
[  5] 174.00-175.00 sec   619 KBytes  5.07 Mbits/sec  1.315 ms  800/1328 (60%)  
[  5] 175.00-176.00 sec   629 KBytes  5.16 Mbits/sec  1.246 ms  745/1282 (58%)  
[  5] 176.00-177.00 sec   580 KBytes  4.75 Mbits/sec  1.255 ms  623/1118 (56%)  
[  5] 177.00-178.00 sec   718 KBytes  5.89 Mbits/sec  1.263 ms  810/1423 (57%)  
[  5] 178.00-179.00 sec   588 KBytes  4.82 Mbits/sec  1.345 ms  718/1220 (59%)  
[  5] 179.00-180.00 sec   709 KBytes  5.81 Mbits/sec  1.318 ms  913/1518 (60%)  
[  5] 180.00-181.00 sec   620 KBytes  5.08 Mbits/sec  1.285 ms  679/1208 (56%)  
[  5] 181.00-182.00 sec   667 KBytes  5.46 Mbits/sec  1.275 ms  797/1366 (58%)  
[  5] 182.00-183.00 sec   620 KBytes  5.08 Mbits/sec  1.234 ms  737/1266 (58%)  
[  5] 183.00-184.00 sec   619 KBytes  5.07 Mbits/sec  1.263 ms  702/1230 (57%)  
[  5] 184.00-185.00 sec   679 KBytes  5.56 Mbits/sec  1.207 ms  843/1422 (59%)  
[  5] 185.00-186.00 sec   620 KBytes  5.08 Mbits/sec  1.228 ms  671/1200 (56%)  
[  5] 186.00-187.00 sec   718 KBytes  5.89 Mbits/sec  1.266 ms  783/1396 (56%)  
[  5] 187.00-188.00 sec   588 KBytes  4.82 Mbits/sec  1.247 ms  689/1191 (58%)  
[  5] 188.00-189.00 sec   709 KBytes  5.81 Mbits/sec  1.246 ms  886/1491 (59%)  
[  5] 189.00-190.00 sec   620 KBytes  5.08 Mbits/sec  1.315 ms  706/1235 (57%)  
[  5] 190.00-191.00 sec   588 KBytes  4.82 Mbits/sec  1.227 ms  697/1199 (58%)  
[  5] 191.00-192.00 sec   720 KBytes  5.89 Mbits/sec  1.149 ms  816/1430 (57%)  
[  5] 192.00-193.00 sec   589 KBytes  4.83 Mbits/sec  1.144 ms  630/1133 (56%)  
[  5] 193.00-194.00 sec   618 KBytes  5.06 Mbits/sec  1.171 ms  646/1173 (55%)  
[  5] 194.00-195.00 sec   709 KBytes  5.81 Mbits/sec  1.189 ms  732/1337 (55%)  
[  5] 195.00-196.00 sec   591 KBytes  4.84 Mbits/sec  1.245 ms  659/1163 (57%)  
[  5] 196.00-197.00 sec   618 KBytes  5.06 Mbits/sec  1.209 ms  644/1171 (55%)  
[  5] 197.00-198.00 sec   720 KBytes  5.90 Mbits/sec  1.084 ms  743/1357 (55%)  
[  5] 198.00-199.00 sec   703 KBytes  5.76 Mbits/sec  1.169 ms  772/1372 (56%)  
[  5] 199.00-200.00 sec   589 KBytes  4.83 Mbits/sec  1.256 ms  673/1176 (57%)  
[  5] 200.00-201.00 sec   709 KBytes  5.81 Mbits/sec  1.281 ms  742/1347 (55%)  
[  5] 201.00-202.00 sec   628 KBytes  5.14 Mbits/sec  1.128 ms  672/1208 (56%)  
[  5] 202.00-203.00 sec   680 KBytes  5.57 Mbits/sec  1.193 ms  687/1267 (54%)  
[  5] 203.00-204.00 sec   619 KBytes  5.07 Mbits/sec  1.160 ms  657/1185 (55%)  
[  5] 204.00-205.00 sec   709 KBytes  5.80 Mbits/sec  1.188 ms  778/1383 (56%)  
[  5] 205.00-206.00 sec   588 KBytes  4.82 Mbits/sec  1.312 ms  669/1171 (57%)  
[  5] 206.00-207.00 sec   720 KBytes  5.90 Mbits/sec  1.329 ms  831/1445 (58%)  
[  5] 207.00-208.00 sec   588 KBytes  4.82 Mbits/sec  1.254 ms  677/1179 (57%)  
[  5] 208.00-209.00 sec   620 KBytes  5.08 Mbits/sec  1.211 ms  642/1171 (55%)  
[  5] 209.00-210.00 sec   619 KBytes  5.06 Mbits/sec  1.177 ms  659/1187 (56%)  
[  5] 210.00-211.00 sec   589 KBytes  4.83 Mbits/sec  1.224 ms  627/1130 (55%)  
[  5] 211.00-212.00 sec   707 KBytes  5.79 Mbits/sec  1.208 ms  804/1407 (57%)  
[  5] 212.00-213.00 sec   589 KBytes  4.83 Mbits/sec  1.166 ms  593/1096 (54%)  
[  5] 213.00-214.00 sec   708 KBytes  5.80 Mbits/sec  1.200 ms  727/1331 (55%)  
[  5] 214.00-215.00 sec   620 KBytes  5.08 Mbits/sec  1.225 ms  649/1178 (55%)  
[  5] 215.00-216.00 sec   709 KBytes  5.81 Mbits/sec  1.207 ms  747/1352 (55%)  
[  5] 216.00-217.00 sec   588 KBytes  4.82 Mbits/sec  1.189 ms  625/1127 (55%)  
[  5] 217.00-218.00 sec   620 KBytes  5.08 Mbits/sec  1.200 ms  654/1183 (55%)  
[  5] 218.00-219.00 sec   718 KBytes  5.89 Mbits/sec  1.225 ms  742/1355 (55%)  
[  5] 219.00-220.00 sec   589 KBytes  4.83 Mbits/sec  1.235 ms  613/1116 (55%)  
[  5] 220.00-221.00 sec   619 KBytes  5.07 Mbits/sec  1.156 ms  670/1198 (56%)  
[  5] 221.00-222.00 sec   709 KBytes  5.81 Mbits/sec  1.238 ms  746/1351 (55%)  
[  5] 222.00-223.00 sec   589 KBytes  4.83 Mbits/sec  1.200 ms  593/1096 (54%)  
[  5] 223.00-224.00 sec   718 KBytes  5.88 Mbits/sec  1.287 ms  848/1461 (58%)  
[  5] 224.00-225.00 sec   589 KBytes  4.83 Mbits/sec  1.359 ms  724/1227 (59%)  
[  5] 225.00-226.00 sec   619 KBytes  5.07 Mbits/sec  1.296 ms  734/1262 (58%)  
[  5] 226.00-227.00 sec   589 KBytes  4.83 Mbits/sec  1.262 ms  629/1132 (56%)  
[  5] 227.00-228.00 sec   709 KBytes  5.81 Mbits/sec  1.257 ms  773/1378 (56%)  
[  5] 228.00-229.00 sec   628 KBytes  5.15 Mbits/sec  1.159 ms  664/1200 (55%)  
[  5] 229.00-230.00 sec   679 KBytes  5.55 Mbits/sec  1.226 ms  692/1271 (54%)  
[  5] 230.00-231.00 sec   620 KBytes  5.08 Mbits/sec  1.247 ms  656/1185 (55%)  
[  5] 231.00-232.00 sec   709 KBytes  5.81 Mbits/sec  1.198 ms  762/1367 (56%)  
[  5] 232.00-233.00 sec   619 KBytes  5.07 Mbits/sec  1.272 ms  667/1195 (56%)  
[  5] 233.00-234.00 sec   589 KBytes  4.82 Mbits/sec  1.215 ms  620/1123 (55%)  
[  5] 234.00-235.00 sec   718 KBytes  5.90 Mbits/sec  1.400 ms  807/1420 (57%)  
[  5] 235.00-236.00 sec   589 KBytes  4.83 Mbits/sec  1.274 ms  678/1181 (57%)  
[  5] 236.00-237.00 sec   696 KBytes  5.70 Mbits/sec  1.285 ms  768/1362 (56%)  
[  5] 237.00-238.00 sec   620 KBytes  5.08 Mbits/sec  1.222 ms  653/1182 (55%)  
[  5] 238.00-239.00 sec   588 KBytes  4.82 Mbits/sec  1.216 ms  647/1149 (56%)  
[  5] 239.00-240.00 sec   720 KBytes  5.90 Mbits/sec  1.281 ms  792/1406 (56%)  
[  5] 240.00-241.00 sec   589 KBytes  4.83 Mbits/sec  1.184 ms  648/1151 (56%)  
[  5] 241.00-242.00 sec   709 KBytes  5.81 Mbits/sec  1.249 ms  832/1437 (58%)  
[  5] 242.00-243.00 sec   619 KBytes  5.07 Mbits/sec  1.189 ms  653/1181 (55%)  
[  5] 243.00-244.00 sec   718 KBytes  5.88 Mbits/sec  1.192 ms  750/1363 (55%)  
[  5] 244.00-245.00 sec   589 KBytes  4.83 Mbits/sec  1.241 ms  631/1134 (56%)  
[  5] 245.00-246.00 sec   619 KBytes  5.07 Mbits/sec  1.178 ms  655/1183 (55%)  
[  5] 246.00-247.00 sec   709 KBytes  5.81 Mbits/sec  1.197 ms  774/1379 (56%)  
[  5] 247.00-248.00 sec   589 KBytes  4.83 Mbits/sec  1.233 ms  638/1141 (56%)  
[  5] 248.00-249.00 sec   718 KBytes  5.88 Mbits/sec  1.183 ms  776/1389 (56%)  
[  5] 249.00-250.00 sec   589 KBytes  4.83 Mbits/sec  1.196 ms  643/1146 (56%)  
[  5] 250.00-251.00 sec   709 KBytes  5.81 Mbits/sec  1.206 ms  758/1363 (56%)  
[  5] 251.00-252.00 sec   611 KBytes  5.00 Mbits/sec  1.511 ms  657/1178 (56%)  
[  5] 252.00-253.00 sec   689 KBytes  5.65 Mbits/sec  1.099 ms  743/1331 (56%)  
[  5] 253.00-254.00 sec   619 KBytes  5.07 Mbits/sec  1.217 ms  684/1212 (56%)  
[  5] 254.00-255.00 sec   709 KBytes  5.81 Mbits/sec  1.246 ms  744/1349 (55%)  
[  5] 255.00-256.00 sec   619 KBytes  5.07 Mbits/sec  1.196 ms  694/1222 (57%)  
[  5] 256.00-257.00 sec   689 KBytes  5.65 Mbits/sec  1.165 ms  741/1329 (56%)  
[  5] 257.00-258.00 sec   619 KBytes  5.07 Mbits/sec  1.221 ms  660/1188 (56%)  
[  5] 258.00-259.00 sec   709 KBytes  5.81 Mbits/sec  1.167 ms  718/1323 (54%)  
[  5] 259.00-260.00 sec   589 KBytes  4.83 Mbits/sec  1.319 ms  637/1140 (56%)  
[  5] 260.00-261.00 sec   718 KBytes  5.89 Mbits/sec  1.178 ms  844/1457 (58%)  
[  5] 261.00-262.00 sec   589 KBytes  4.83 Mbits/sec  1.186 ms  644/1147 (56%)  
[  5] 262.00-263.00 sec   620 KBytes  5.08 Mbits/sec  1.054 ms  625/1154 (54%)  
[  5] 263.00-264.00 sec   708 KBytes  5.80 Mbits/sec  1.180 ms  736/1340 (55%)  
[  5] 264.00-265.00 sec   589 KBytes  4.83 Mbits/sec  1.260 ms  631/1134 (56%)  
[  5] 265.00-266.00 sec   607 KBytes  4.97 Mbits/sec  1.241 ms  693/1211 (57%)  
[  5] 266.00-267.00 sec   689 KBytes  5.65 Mbits/sec  1.152 ms  716/1304 (55%)  
[  5] 267.00-268.00 sec   619 KBytes  5.07 Mbits/sec  1.078 ms  624/1152 (54%)  
[  5] 268.00-269.00 sec   709 KBytes  5.81 Mbits/sec  1.271 ms  724/1329 (54%)  
[  5] 269.00-270.00 sec   589 KBytes  4.83 Mbits/sec  1.230 ms  597/1100 (54%)  
[  5] 270.00-271.00 sec   709 KBytes  5.81 Mbits/sec  1.293 ms  763/1368 (56%)  
[  5] 271.00-272.00 sec   629 KBytes  5.15 Mbits/sec  1.168 ms  691/1228 (56%)  
[  5] 272.00-273.00 sec   708 KBytes  5.79 Mbits/sec  1.198 ms  753/1357 (55%)  
[  5] 273.00-274.00 sec   589 KBytes  4.83 Mbits/sec  1.292 ms  626/1129 (55%)  
[  5] 274.00-275.00 sec   619 KBytes  5.07 Mbits/sec  1.201 ms  630/1158 (54%)  
[  5] 275.00-276.00 sec   589 KBytes  4.83 Mbits/sec  1.212 ms  636/1139 (56%)  
[  5] 276.00-277.00 sec   718 KBytes  5.89 Mbits/sec  1.133 ms  803/1416 (57%)  
[  5] 277.00-278.00 sec   620 KBytes  5.08 Mbits/sec  1.172 ms  686/1215 (56%)  
[  5] 278.00-279.00 sec   679 KBytes  5.56 Mbits/sec  1.241 ms  718/1297 (55%)  
[  5] 279.00-280.00 sec   709 KBytes  5.81 Mbits/sec  1.243 ms  747/1352 (55%)  
[  5] 280.00-281.00 sec   619 KBytes  5.07 Mbits/sec  1.256 ms  680/1208 (56%)  
[  5] 281.00-282.00 sec   589 KBytes  4.83 Mbits/sec  1.224 ms  664/1167 (57%)  
[  5] 282.00-283.00 sec   720 KBytes  5.89 Mbits/sec  1.188 ms  750/1364 (55%)  
[  5] 283.00-284.00 sec   618 KBytes  5.06 Mbits/sec  1.238 ms  673/1200 (56%)  
[  5] 284.00-285.00 sec   697 KBytes  5.71 Mbits/sec  1.714 ms  752/1347 (56%)  
[  5] 285.00-286.00 sec   589 KBytes  4.83 Mbits/sec  1.199 ms  618/1121 (55%)  
[  5] 286.00-287.00 sec   720 KBytes  5.89 Mbits/sec  1.290 ms  791/1405 (56%)  
[  5] 287.00-288.00 sec   588 KBytes  4.82 Mbits/sec  1.185 ms  607/1109 (55%)  
[  5] 288.00-289.00 sec   709 KBytes  5.81 Mbits/sec  1.281 ms  799/1404 (57%)  
[  5] 289.00-290.00 sec   620 KBytes  5.08 Mbits/sec  1.301 ms  688/1217 (57%)  
[  5] 290.00-291.00 sec   688 KBytes  5.64 Mbits/sec  1.153 ms  769/1356 (57%)  
[  5] 291.00-292.00 sec   620 KBytes  5.08 Mbits/sec  1.218 ms  667/1196 (56%)  
[  5] 292.00-293.00 sec   708 KBytes  5.80 Mbits/sec  1.238 ms  735/1339 (55%)  
[  5] 293.00-294.00 sec   589 KBytes  4.83 Mbits/sec  1.231 ms  598/1101 (54%)  
[  5] 294.00-295.00 sec   718 KBytes  5.89 Mbits/sec  1.225 ms  751/1364 (55%)  
[  5] 295.00-296.00 sec   609 KBytes  4.99 Mbits/sec  1.160 ms  688/1208 (57%)  
[  5] 296.00-297.00 sec   709 KBytes  5.81 Mbits/sec  1.246 ms  790/1395 (57%)  
[  5] 297.00-298.00 sec   588 KBytes  4.82 Mbits/sec  1.318 ms  630/1132 (56%)  
[  5] 298.00-299.00 sec   620 KBytes  5.08 Mbits/sec  1.147 ms  666/1195 (56%)  
[  5] 299.00-300.00 sec   718 KBytes  5.88 Mbits/sec  1.126 ms  743/1356 (55%)  
[  5] 300.00-301.00 sec   588 KBytes  4.82 Mbits/sec  1.150 ms  603/1105 (55%)  
[  5] 301.00-302.00 sec   709 KBytes  5.81 Mbits/sec  1.231 ms  716/1321 (54%)  
[  5] 302.00-303.00 sec   589 KBytes  4.83 Mbits/sec  1.210 ms  596/1099 (54%)  
[  5] 303.00-304.00 sec   709 KBytes  5.81 Mbits/sec  1.223 ms  755/1360 (56%)  
[  5] 304.00-305.00 sec   629 KBytes  5.16 Mbits/sec  1.190 ms  668/1205 (55%)  
[  5] 305.00-306.00 sec   489 KBytes  4.00 Mbits/sec  1.314 ms  520/937 (55%)  
[  5] 306.00-307.00 sec   619 KBytes  5.08 Mbits/sec  1.200 ms  676/1204 (56%)  
[  5] 307.00-308.00 sec   690 KBytes  5.65 Mbits/sec  1.084 ms  716/1305 (55%)  
[  5] 308.00-309.00 sec   619 KBytes  5.07 Mbits/sec  1.067 ms  659/1187 (56%)  
[  5] 309.00-310.00 sec   708 KBytes  5.80 Mbits/sec  1.208 ms  735/1339 (55%)  
[  5] 310.00-311.00 sec   589 KBytes  4.83 Mbits/sec  1.213 ms  615/1118 (55%)  
[  5] 311.00-312.00 sec   709 KBytes  5.81 Mbits/sec  1.204 ms  730/1335 (55%)  
[  5] 312.00-313.00 sec   618 KBytes  5.06 Mbits/sec  1.225 ms  680/1207 (56%)  
[  5] 313.00-314.00 sec   679 KBytes  5.56 Mbits/sec  1.267 ms  761/1340 (57%)  
[  5] 314.00-315.00 sec   620 KBytes  5.08 Mbits/sec  1.267 ms  663/1192 (56%)  
[  5] 315.00-316.00 sec   709 KBytes  5.81 Mbits/sec  1.154 ms  731/1336 (55%)  
[  5] 316.00-317.00 sec   499 KBytes  4.09 Mbits/sec  1.217 ms  508/934 (54%)  
[  5] 317.00-318.00 sec   619 KBytes  5.07 Mbits/sec  1.260 ms  648/1176 (55%)  
[  5] 318.00-319.00 sec   588 KBytes  4.82 Mbits/sec  1.466 ms  695/1197 (58%)  
[  5] 319.00-320.00 sec   311 KBytes  2.54 Mbits/sec  1.327 ms  361/626 (58%)  
[  5] 320.00-321.00 sec   498 KBytes  4.08 Mbits/sec  1.482 ms  614/1039 (59%)  
[  5] 321.00-322.00 sec   513 KBytes  4.21 Mbits/sec  1.809 ms  651/1089 (60%)  
[  5] 322.00-323.00 sec   490 KBytes  4.01 Mbits/sec  1.323 ms  629/1047 (60%)  
[  5] 323.00-324.00 sec   498 KBytes  4.08 Mbits/sec  1.274 ms  572/997 (57%)  
[  5] 324.00-325.00 sec   499 KBytes  4.09 Mbits/sec  1.153 ms  555/981 (57%)  
[  5] 325.00-326.00 sec   520 KBytes  4.26 Mbits/sec  1.218 ms  524/968 (54%)  
[  5] 326.00-327.00 sec   498 KBytes  4.08 Mbits/sec  1.280 ms  515/940 (55%)  
[  5] 327.00-328.00 sec   499 KBytes  4.09 Mbits/sec  1.277 ms  500/926 (54%)  
[  5] 328.00-329.00 sec   500 KBytes  4.10 Mbits/sec  1.128 ms  566/993 (57%)  
[  5] 329.00-330.00 sec   618 KBytes  5.06 Mbits/sec  1.212 ms  637/1164 (55%)  
[  5] 330.00-331.00 sec   520 KBytes  4.26 Mbits/sec  1.153 ms  518/962 (54%)  
[  5] 331.00-332.00 sec   491 KBytes  4.02 Mbits/sec  1.704 ms  517/936 (55%)  
[  5] 332.00-333.00 sec   498 KBytes  4.07 Mbits/sec  1.226 ms  532/957 (56%)  
[  5] 333.00-334.00 sec   478 KBytes  3.92 Mbits/sec  1.221 ms  522/930 (56%)  
[  5] 334.00-335.00 sec   530 KBytes  4.34 Mbits/sec  1.461 ms  626/1078 (58%)  
[  5] 335.00-336.00 sec   498 KBytes  4.09 Mbits/sec  1.338 ms  666/1091 (61%)  
[  5] 336.00-337.00 sec   584 KBytes  4.78 Mbits/sec  1.276 ms  750/1248 (60%)  
[  5] 337.00-338.00 sec   530 KBytes  4.34 Mbits/sec  1.270 ms  751/1203 (62%)  
[  5] 338.00-339.00 sec   490 KBytes  4.01 Mbits/sec  1.726 ms  1127/1545 (73%)  
[  5] 339.00-340.00 sec   499 KBytes  4.09 Mbits/sec  1.414 ms  848/1274 (67%)  
[  5] 340.00-341.00 sec   498 KBytes  4.08 Mbits/sec  1.353 ms  880/1305 (67%)  
[  5] 341.00-342.00 sec   507 KBytes  4.16 Mbits/sec  1.434 ms  811/1244 (65%)  
[  5] 342.00-343.00 sec   628 KBytes  5.15 Mbits/sec  1.324 ms  972/1508 (64%)  
[  5] 343.00-344.00 sec   589 KBytes  4.83 Mbits/sec  1.306 ms  1085/1588 (68%)  
[  5] 344.00-345.00 sec   588 KBytes  4.82 Mbits/sec  1.317 ms  873/1375 (63%)  
[  5] 345.00-346.00 sec   620 KBytes  5.08 Mbits/sec  1.230 ms  980/1509 (65%)  
[  5] 346.00-347.00 sec   619 KBytes  5.07 Mbits/sec  1.319 ms  907/1435 (63%)  
[  5] 347.00-348.00 sec   495 KBytes  4.05 Mbits/sec  6.995 ms  814/1236 (66%)  
[  5] 348.00-349.00 sec   593 KBytes  4.86 Mbits/sec  1.345 ms  888/1394 (64%)  
[  5] 349.00-350.00 sec   620 KBytes  5.08 Mbits/sec  1.235 ms  955/1484 (64%)  
[  5] 350.00-351.00 sec   619 KBytes  5.07 Mbits/sec  1.235 ms  1008/1536 (66%)  
[  5] 351.00-352.00 sec   588 KBytes  4.81 Mbits/sec  1.594 ms  887/1389 (64%)  
[  5] 352.00-353.00 sec   506 KBytes  4.15 Mbits/sec  1.313 ms  809/1241 (65%)  
[  5] 353.00-354.00 sec   599 KBytes  4.91 Mbits/sec  1.200 ms  851/1362 (62%)  
[  5] 354.00-355.00 sec   489 KBytes  4.00 Mbits/sec  1.424 ms  687/1104 (62%)  
[  5] 355.00-356.00 sec   620 KBytes  5.08 Mbits/sec  1.768 ms  1027/1556 (66%)  
[  5] 356.00-357.00 sec   498 KBytes  4.08 Mbits/sec  1.495 ms  962/1387 (69%)  
[  5] 357.00-358.00 sec   620 KBytes  5.08 Mbits/sec  1.696 ms  955/1484 (64%)  
[  5] 358.00-359.00 sec   499 KBytes  4.09 Mbits/sec  1.267 ms  645/1071 (60%)  
[  5] 359.00-360.00 sec   589 KBytes  4.83 Mbits/sec  1.429 ms  754/1257 (60%)  
[  5] 360.00-361.00 sec   519 KBytes  4.26 Mbits/sec  1.323 ms  615/1058 (58%)  
[  5] 361.00-362.00 sec   483 KBytes  3.96 Mbits/sec  1.508 ms  669/1081 (62%)  
[  5] 362.00-363.00 sec   620 KBytes  5.08 Mbits/sec  1.229 ms  745/1274 (58%)  
[  5] 363.00-364.00 sec   497 KBytes  4.07 Mbits/sec  1.400 ms  603/1027 (59%)  
[  5] 364.00-365.00 sec   619 KBytes  5.07 Mbits/sec  1.180 ms  819/1347 (61%)  
[  5] 365.00-366.00 sec   499 KBytes  4.09 Mbits/sec  1.410 ms  657/1083 (61%)  
[  5] 366.00-367.00 sec   589 KBytes  4.83 Mbits/sec  1.296 ms  792/1295 (61%)  
[  5] 367.00-368.00 sec   529 KBytes  4.33 Mbits/sec  1.171 ms  669/1120 (60%)  
[  5] 368.00-369.00 sec   589 KBytes  4.83 Mbits/sec  1.197 ms  703/1206 (58%)  
[  5] 369.00-370.00 sec   608 KBytes  4.98 Mbits/sec  1.229 ms  818/1337 (61%)  
[  5] 370.00-371.00 sec   489 KBytes  4.00 Mbits/sec  1.340 ms  622/1039 (60%)  
[  5] 371.00-372.00 sec   619 KBytes  5.08 Mbits/sec  1.406 ms  908/1436 (63%)  
[  5] 372.00-373.00 sec   499 KBytes  4.09 Mbits/sec  1.337 ms  752/1178 (64%)  
[  5] 373.00-374.00 sec   499 KBytes  4.09 Mbits/sec  1.238 ms  743/1169 (64%)  
[  5] 374.00-375.00 sec   619 KBytes  5.07 Mbits/sec  1.336 ms  862/1390 (62%)  
[  5] 375.00-376.00 sec   578 KBytes  4.73 Mbits/sec  1.409 ms  779/1272 (61%)  
[  5] 376.00-377.00 sec   608 KBytes  4.98 Mbits/sec  2.272 ms  911/1430 (64%)  
[  5] 377.00-378.00 sec   589 KBytes  4.83 Mbits/sec  1.343 ms  857/1360 (63%)  
[  5] 378.00-379.00 sec   619 KBytes  5.07 Mbits/sec  1.365 ms  870/1398 (62%)  
[  5] 379.00-380.00 sec   588 KBytes  4.82 Mbits/sec  1.361 ms  827/1329 (62%)  
[  5] 380.00-381.00 sec   530 KBytes  4.34 Mbits/sec  1.428 ms  780/1232 (63%)  
[  5] 381.00-382.00 sec   709 KBytes  5.81 Mbits/sec  1.266 ms  1021/1626 (63%)  
[  5] 382.00-383.00 sec   589 KBytes  4.82 Mbits/sec  1.268 ms  806/1309 (62%)  
[  5] 383.00-384.00 sec   619 KBytes  5.08 Mbits/sec  1.256 ms  851/1379 (62%)  
[  5] 384.00-385.00 sec   588 KBytes  4.82 Mbits/sec  1.449 ms  782/1284 (61%)  
[  5] 385.00-386.00 sec   629 KBytes  5.16 Mbits/sec  1.223 ms  856/1393 (61%)  
[  5] 386.00-387.00 sec   581 KBytes  4.76 Mbits/sec  1.258 ms  799/1295 (62%)  
[  5] 387.00-388.00 sec   619 KBytes  5.07 Mbits/sec  1.356 ms  826/1354 (61%)  
[  5] 388.00-389.00 sec   589 KBytes  4.83 Mbits/sec  1.189 ms  885/1388 (64%)  
[  5] 389.00-390.00 sec   517 KBytes  4.23 Mbits/sec  1.244 ms  738/1179 (63%)  
[  5] 390.00-391.00 sec   680 KBytes  5.57 Mbits/sec  1.354 ms  958/1538 (62%)  
[  5] 391.00-392.00 sec   619 KBytes  5.07 Mbits/sec  1.378 ms  780/1308 (60%)  
[  5] 392.00-393.00 sec   589 KBytes  4.83 Mbits/sec  1.253 ms  740/1243 (60%)  
[  5] 393.00-394.00 sec   619 KBytes  5.07 Mbits/sec  1.266 ms  755/1283 (59%)  
[  5] 394.00-395.00 sec   589 KBytes  4.83 Mbits/sec  1.363 ms  676/1179 (57%)  
[  5] 395.00-396.00 sec   619 KBytes  5.07 Mbits/sec  1.458 ms  771/1299 (59%)  
[  5] 396.00-397.00 sec   620 KBytes  5.08 Mbits/sec  1.239 ms  804/1333 (60%)  
[  5] 397.00-398.00 sec   498 KBytes  4.08 Mbits/sec  1.252 ms  590/1015 (58%)  
[  5] 398.00-399.00 sec   589 KBytes  4.83 Mbits/sec  1.327 ms  692/1195 (58%)  
[  5] 399.00-400.00 sec   530 KBytes  4.34 Mbits/sec  1.196 ms  614/1066 (58%)  
[  5] 400.00-401.00 sec   489 KBytes  4.00 Mbits/sec  1.200 ms  575/992 (58%)  
[  5] 401.00-402.00 sec   409 KBytes  3.35 Mbits/sec  1.260 ms  540/889 (61%)  
[  5] 402.00-403.00 sec   499 KBytes  4.09 Mbits/sec  1.228 ms  649/1075 (60%)  
[  5] 403.00-404.00 sec   619 KBytes  5.07 Mbits/sec  1.182 ms  714/1242 (57%)  
[  5] 404.00-405.00 sec   490 KBytes  4.01 Mbits/sec  1.320 ms  570/988 (58%)  
[  5] 405.00-406.00 sec   488 KBytes  3.99 Mbits/sec  1.341 ms  627/1043 (60%)  
[  5] 406.00-407.00 sec   529 KBytes  4.33 Mbits/sec  1.427 ms  668/1119 (60%)  
[  5] 407.00-408.00 sec   499 KBytes  4.09 Mbits/sec  1.233 ms  625/1051 (59%)  
[  5] 408.00-409.00 sec   620 KBytes  5.08 Mbits/sec  1.151 ms  705/1234 (57%)  
[  5] 409.00-410.00 sec   489 KBytes  4.00 Mbits/sec  1.295 ms  553/970 (57%)  
[  5] 410.00-411.00 sec   612 KBytes  5.01 Mbits/sec  1.507 ms  732/1254 (58%)  
[  5] 411.00-412.00 sec   498 KBytes  4.08 Mbits/sec  1.281 ms  622/1047 (59%)  
[  5] 412.00-413.00 sec   589 KBytes  4.83 Mbits/sec  1.223 ms  684/1187 (58%)  
[  5] 413.00-414.00 sec   499 KBytes  4.09 Mbits/sec  1.228 ms  597/1023 (58%)  
[  5] 414.00-415.00 sec   620 KBytes  5.08 Mbits/sec  1.338 ms  808/1337 (60%)  
[  5] 415.00-416.00 sec   498 KBytes  4.08 Mbits/sec  1.184 ms  658/1083 (61%)  
[  5] 416.00-417.00 sec   608 KBytes  4.98 Mbits/sec  1.237 ms  846/1365 (62%)  
[  5] 417.00-418.00 sec   489 KBytes  4.00 Mbits/sec  1.580 ms  741/1158 (64%)  
[  5] 418.00-419.00 sec   529 KBytes  4.32 Mbits/sec  1.441 ms  929/1380 (67%)  
