Connecting to host 172.22.0.50, port 5201
Reverse mode, remote host 172.22.0.50 is sending
[  5] local 192.168.100.2 port 54534 connected to 172.22.0.50 port 5201
[ ID] Interval           Transfer     Bitrate         Jitter    Lost/Total Datagrams
[  5]   0.00-1.00   sec  1.43 MBytes  12.0 Mbits/sec  0.885 ms  0/1250 (0%)  
[  5]   1.00-2.00   sec  1.43 MBytes  12.0 Mbits/sec  1.063 ms  0/1247 (0%)  
[  5]   2.00-3.00   sec  1.44 MBytes  12.1 Mbits/sec  1.003 ms  0/1256 (0%)  
[  5]   3.00-4.00   sec  1.43 MBytes  12.0 Mbits/sec  1.100 ms  0/1249 (0%)  
[  5]   4.00-5.00   sec  1.43 MBytes  12.0 Mbits/sec  0.950 ms  0/1250 (0%)  
[  5]   5.00-6.00   sec  1.43 MBytes  12.0 Mbits/sec  0.909 ms  0/1249 (0%)  
[  5]   6.00-7.00   sec  1.43 MBytes  12.0 Mbits/sec  0.855 ms  0/1251 (0%)  
[  5]   7.00-8.00   sec  1.43 MBytes  12.0 Mbits/sec  0.952 ms  0/1250 (0%)  
[  5]   8.00-9.00   sec  1.42 MBytes  11.9 Mbits/sec  0.973 ms  0/1240 (0%)  
[  5]   9.00-10.00  sec  1.43 MBytes  12.0 Mbits/sec  1.250 ms  0/1246 (0%)  
[  5]  10.00-11.00  sec  1.45 MBytes  12.2 Mbits/sec  1.162 ms  0/1267 (0%)  
[  5]  11.00-12.00  sec  1.42 MBytes  11.9 Mbits/sec  1.107 ms  0/1244 (0%)  
[  5]  12.00-13.00  sec  1.43 MBytes  12.0 Mbits/sec  1.307 ms  0/1246 (0%)  
[  5]  13.00-14.00  sec  1.44 MBytes  12.1 Mbits/sec  0.778 ms  0/1259 (0%)  
[  5]  14.00-15.00  sec  1.43 MBytes  12.0 Mbits/sec  0.975 ms  0/1250 (0%)  
[  5]  15.00-16.00  sec  1.42 MBytes  11.9 Mbits/sec  1.310 ms  0/1242 (0%)  
[  5]  16.00-17.00  sec   647 KBytes  5.30 Mbits/sec  1.742 ms  0/552 (0%)  
[  5]  17.00-18.00  sec   520 KBytes  4.26 Mbits/sec  1.629 ms  0/444 (0%)  
[  5]  18.00-19.00  sec   520 KBytes  4.26 Mbits/sec  1.662 ms  0/444 (0%)  
[  5]  19.00-20.00  sec   517 KBytes  4.23 Mbits/sec  1.570 ms  0/441 (0%)  
[  5]  20.00-21.00  sec   509 KBytes  4.16 Mbits/sec  1.884 ms  0/434 (0%)  
[  5]  21.00-22.00  sec   513 KBytes  4.20 Mbits/sec  1.551 ms  0/438 (0%)  
[  5]  22.00-23.00  sec   524 KBytes  4.29 Mbits/sec  1.710 ms  0/447 (0%)  
[  5]  23.00-24.00  sec   527 KBytes  4.32 Mbits/sec  1.728 ms  0/450 (0%)  
[  5]  24.00-25.00  sec   525 KBytes  4.30 Mbits/sec  1.477 ms  0/448 (0%)  
[  5]  25.00-26.00  sec   540 KBytes  4.42 Mbits/sec  1.675 ms  0/461 (0%)  
[  5]  26.00-27.00  sec   435 KBytes  3.56 Mbits/sec  2.288 ms  0/371 (0%)  
[  5]  27.00-28.00  sec   408 KBytes  3.34 Mbits/sec  2.206 ms  0/348 (0%)  
[  5]  28.00-29.00  sec   410 KBytes  3.36 Mbits/sec  2.031 ms  0/350 (0%)  
[  5]  29.00-30.00  sec   417 KBytes  3.42 Mbits/sec  2.321 ms  0/356 (0%)  
[  5]  30.00-31.00  sec   422 KBytes  3.45 Mbits/sec  2.375 ms  0/360 (0%)  
[  5]  31.00-32.00  sec   362 KBytes  2.97 Mbits/sec  2.715 ms  0/309 (0%)  
[  5]  32.00-33.00  sec   345 KBytes  2.82 Mbits/sec  2.691 ms  0/294 (0%)  
[  5]  33.00-34.00  sec   355 KBytes  2.91 Mbits/sec  2.577 ms  0/303 (0%)  
[  5]  34.00-35.00  sec   360 KBytes  2.95 Mbits/sec  2.532 ms  0/307 (0%)  
[  5]  35.00-36.00  sec   361 KBytes  2.96 Mbits/sec  2.562 ms  0/308 (0%)  
[  5]  36.00-37.00  sec   334 KBytes  2.73 Mbits/sec  2.691 ms  0/285 (0%)  
[  5]  37.00-38.00  sec   347 KBytes  2.84 Mbits/sec  2.492 ms  0/296 (0%)  
[  5]  38.00-39.00  sec   356 KBytes  2.92 Mbits/sec  2.496 ms  0/304 (0%)  
[  5]  39.00-40.00  sec   357 KBytes  2.93 Mbits/sec  2.476 ms  0/305 (0%)  
[  5]  40.00-41.00  sec   353 KBytes  2.89 Mbits/sec  2.547 ms  0/301 (0%)  
[  5]  41.00-42.00  sec   356 KBytes  2.92 Mbits/sec  2.586 ms  0/304 (0%)  
[  5]  42.00-43.00  sec   341 KBytes  2.79 Mbits/sec  2.728 ms  0/291 (0%)  
[  5]  43.00-44.00  sec   333 KBytes  2.73 Mbits/sec  2.813 ms  0/284 (0%)  
[  5]  44.00-45.00  sec   333 KBytes  2.73 Mbits/sec  2.679 ms  0/284 (0%)  
[  5]  45.00-46.00  sec   327 KBytes  2.68 Mbits/sec  2.770 ms  0/279 (0%)  
[  5]  46.00-47.00  sec   336 KBytes  2.75 Mbits/sec  2.338 ms  0/287 (0%)  
[  5]  47.00-48.00  sec   361 KBytes  2.96 Mbits/sec  2.475 ms  0/308 (0%)  
[  5]  48.00-49.00  sec   362 KBytes  2.97 Mbits/sec  2.594 ms  0/309 (0%)  
[  5]  49.00-50.00  sec   359 KBytes  2.94 Mbits/sec  2.681 ms  0/306 (0%)  
[  5]  50.00-51.00  sec   342 KBytes  2.80 Mbits/sec  2.581 ms  0/292 (0%)  
[  5]  51.00-52.00  sec   364 KBytes  2.99 Mbits/sec  2.335 ms  0/311 (0%)  
[  5]  52.00-53.00  sec   286 KBytes  2.34 Mbits/sec  2.581 ms  231/475 (49%)  
[  5]  53.00-54.00  sec   355 KBytes  2.91 Mbits/sec  2.405 ms  769/1072 (72%)  
[  5]  54.00-55.00  sec   360 KBytes  2.95 Mbits/sec  2.453 ms  815/1122 (73%)  
[  5]  55.00-56.00  sec   356 KBytes  2.92 Mbits/sec  2.163 ms  761/1065 (71%)  
[  5]  56.00-57.00  sec   360 KBytes  2.95 Mbits/sec  2.096 ms  776/1083 (72%)  
[  5]  57.00-58.00  sec   355 KBytes  2.91 Mbits/sec  2.193 ms  739/1042 (71%)  
[  5]  58.00-59.00  sec   355 KBytes  2.91 Mbits/sec  2.466 ms  869/1172 (74%)  
[  5]  59.00-60.00  sec   357 KBytes  2.93 Mbits/sec  2.312 ms  992/1297 (76%)  
[  5]  60.00-61.00  sec   352 KBytes  2.88 Mbits/sec  2.469 ms  942/1242 (76%)  
[  5]  61.00-62.00  sec   357 KBytes  2.93 Mbits/sec  2.263 ms  949/1254 (76%)  
[  5]  62.00-63.00  sec   353 KBytes  2.89 Mbits/sec  2.604 ms  909/1210 (75%)  
[  5]  63.00-64.00  sec   357 KBytes  2.93 Mbits/sec  2.587 ms  1001/1306 (77%)  
[  5]  64.00-65.00  sec   352 KBytes  2.88 Mbits/sec  2.657 ms  989/1289 (77%)  
[  5]  65.00-66.00  sec   373 KBytes  3.05 Mbits/sec  2.421 ms  997/1315 (76%)  
[  5]  66.00-67.00  sec   336 KBytes  2.76 Mbits/sec  2.592 ms  885/1172 (76%)  
[  5]  67.00-68.00  sec   373 KBytes  3.05 Mbits/sec  2.612 ms  1003/1321 (76%)  
[  5]  68.00-69.00  sec   357 KBytes  2.93 Mbits/sec  2.353 ms  946/1251 (76%)  
[  5]  69.00-70.00  sec   353 KBytes  2.89 Mbits/sec  2.408 ms  976/1277 (76%)  
[  5]  70.00-71.00  sec   357 KBytes  2.93 Mbits/sec  2.368 ms  1039/1344 (77%)  
[  5]  71.00-72.00  sec   352 KBytes  2.88 Mbits/sec  2.458 ms  1022/1322 (77%)  
[  5]  72.00-73.00  sec   357 KBytes  2.93 Mbits/sec  2.494 ms  1061/1366 (78%)  
[  5]  73.00-74.00  sec   352 KBytes  2.88 Mbits/sec  2.363 ms  1000/1300 (77%)  
[  5]  74.00-75.00  sec   357 KBytes  2.93 Mbits/sec  2.367 ms  928/1233 (75%)  
[  5]  75.00-76.00  sec   353 KBytes  2.89 Mbits/sec  2.589 ms  915/1216 (75%)  
[  5]  76.00-77.00  sec   353 KBytes  2.89 Mbits/sec  2.647 ms  924/1225 (75%)  
[  5]  77.00-78.00  sec   357 KBytes  2.93 Mbits/sec  2.502 ms  1001/1306 (77%)  
[  5]  78.00-79.00  sec   352 KBytes  2.88 Mbits/sec  3.082 ms  911/1211 (75%)  
[  5]  79.00-80.00  sec   357 KBytes  2.93 Mbits/sec  2.464 ms  948/1253 (76%)  
[  5]  80.00-81.00  sec   352 KBytes  2.88 Mbits/sec  2.798 ms  963/1263 (76%)  
[  5]  81.00-82.00  sec   357 KBytes  2.93 Mbits/sec  2.592 ms  942/1247 (76%)  
[  5]  82.00-83.00  sec   373 KBytes  3.05 Mbits/sec  2.373 ms  968/1286 (75%)  
[  5]  83.00-84.00  sec   353 KBytes  2.89 Mbits/sec  2.319 ms  931/1232 (76%)  
[  5]  84.00-85.00  sec   356 KBytes  2.92 Mbits/sec  2.355 ms  952/1256 (76%)  
[  5]  85.00-86.00  sec   353 KBytes  2.89 Mbits/sec  2.477 ms  938/1239 (76%)  
[  5]  86.00-87.00  sec   357 KBytes  2.93 Mbits/sec  2.311 ms  932/1237 (75%)  
[  5]  87.00-88.00  sec   352 KBytes  2.88 Mbits/sec  2.534 ms  956/1256 (76%)  
[  5]  88.00-89.00  sec   357 KBytes  2.93 Mbits/sec  2.398 ms  963/1268 (76%)  
[  5]  89.00-90.00  sec   353 KBytes  2.89 Mbits/sec  2.421 ms  976/1277 (76%)  
[  5]  90.00-91.00  sec   357 KBytes  2.93 Mbits/sec  2.518 ms  932/1237 (75%)  
[  5]  91.00-92.00  sec   352 KBytes  2.88 Mbits/sec  2.621 ms  917/1217 (75%)  
[  5]  92.00-93.01  sec   357 KBytes  2.91 Mbits/sec  2.528 ms  959/1264 (76%)  
[  5]  93.01-94.00  sec   353 KBytes  2.90 Mbits/sec  2.545 ms  937/1238 (76%)  
[  5]  94.00-95.00  sec   316 KBytes  2.59 Mbits/sec  2.351 ms  833/1103 (76%)  
[  5]  95.00-96.00  sec   353 KBytes  2.89 Mbits/sec  2.524 ms  923/1224 (75%)  
[  5]  96.00-97.00  sec   357 KBytes  2.93 Mbits/sec  2.472 ms  944/1249 (76%)  
[  5]  97.00-98.00  sec   412 KBytes  3.38 Mbits/sec  2.232 ms  1103/1455 (76%)  
[  5]  98.00-99.00  sec   327 KBytes  2.68 Mbits/sec  3.680 ms  876/1155 (76%)  
[  5]  99.00-100.00 sec   382 KBytes  3.13 Mbits/sec  2.368 ms  1016/1342 (76%)  
[  5] 100.00-101.00 sec   292 KBytes  2.39 Mbits/sec  2.912 ms  765/1014 (75%)  
[  5] 101.00-102.00 sec   357 KBytes  2.93 Mbits/sec  2.641 ms  925/1230 (75%)  
[  5] 102.00-103.00 sec   373 KBytes  3.05 Mbits/sec  2.375 ms  992/1310 (76%)  
[  5] 103.00-104.00 sec   357 KBytes  2.93 Mbits/sec  2.260 ms  980/1285 (76%)  
[  5] 104.00-105.00 sec   352 KBytes  2.88 Mbits/sec  2.311 ms  967/1267 (76%)  
[  5] 105.00-106.00 sec   357 KBytes  2.93 Mbits/sec  2.287 ms  938/1243 (75%)  
[  5] 106.00-107.00 sec   352 KBytes  2.88 Mbits/sec  2.383 ms  914/1214 (75%)  
[  5] 107.00-108.00 sec   412 KBytes  3.38 Mbits/sec  2.418 ms  1067/1419 (75%)  
[  5] 108.00-109.00 sec   357 KBytes  2.93 Mbits/sec  2.451 ms  946/1251 (76%)  
[  5] 109.00-110.00 sec   353 KBytes  2.89 Mbits/sec  2.528 ms  937/1238 (76%)  
[  5] 110.00-111.00 sec   357 KBytes  2.93 Mbits/sec  2.279 ms  943/1248 (76%)  
[  5] 111.00-112.00 sec   353 KBytes  2.89 Mbits/sec  2.190 ms  920/1221 (75%)  
[  5] 112.00-113.00 sec   356 KBytes  2.92 Mbits/sec  2.412 ms  984/1288 (76%)  
[  5] 113.00-114.00 sec   353 KBytes  2.89 Mbits/sec  2.662 ms  972/1273 (76%)  
[  5] 114.00-115.00 sec   357 KBytes  2.93 Mbits/sec  2.569 ms  930/1235 (75%)  
[  5] 115.00-116.00 sec   312 KBytes  2.56 Mbits/sec  2.265 ms  821/1087 (76%)  
[  5] 116.00-117.00 sec   357 KBytes  2.93 Mbits/sec  2.264 ms  934/1239 (75%)  
[  5] 117.00-118.00 sec   352 KBytes  2.88 Mbits/sec  2.566 ms  938/1238 (76%)  
[  5] 118.00-119.00 sec   357 KBytes  2.93 Mbits/sec  2.349 ms  941/1246 (76%)  
[  5] 119.00-120.00 sec   353 KBytes  2.89 Mbits/sec  2.273 ms  928/1229 (76%)  
[  5] 120.00-121.00 sec   352 KBytes  2.88 Mbits/sec  2.558 ms  1041/1341 (78%)  
[  5] 121.00-122.00 sec   357 KBytes  2.93 Mbits/sec  2.563 ms  981/1286 (76%)  
[  5] 122.00-123.00 sec   353 KBytes  2.89 Mbits/sec  3.205 ms  943/1244 (76%)  
[  5] 123.00-124.00 sec   356 KBytes  2.92 Mbits/sec  2.548 ms  938/1242 (76%)  
[  5] 124.00-125.00 sec   353 KBytes  2.89 Mbits/sec  2.564 ms  922/1223 (75%)  
[  5] 125.00-126.00 sec   357 KBytes  2.93 Mbits/sec  2.547 ms  959/1264 (76%)  
[  5] 126.00-127.00 sec   353 KBytes  2.89 Mbits/sec  2.570 ms  927/1228 (75%)  
[  5] 127.00-128.00 sec   357 KBytes  2.93 Mbits/sec  2.486 ms  984/1289 (76%)  
[  5] 128.00-129.00 sec   371 KBytes  3.04 Mbits/sec  2.395 ms  1010/1327 (76%)  
[  5] 129.00-130.00 sec   338 KBytes  2.76 Mbits/sec  2.523 ms  897/1185 (76%)  
[  5] 130.00-131.00 sec   371 KBytes  3.04 Mbits/sec  2.379 ms  992/1309 (76%)  
[  5] 131.00-132.00 sec   353 KBytes  2.89 Mbits/sec  2.487 ms  920/1221 (75%)  
[  5] 132.00-133.00 sec   357 KBytes  2.93 Mbits/sec  2.309 ms  936/1241 (75%)  
[  5] 133.00-134.00 sec   353 KBytes  2.89 Mbits/sec  2.401 ms  915/1216 (75%)  
[  5] 134.00-135.00 sec   357 KBytes  2.93 Mbits/sec  2.225 ms  920/1225 (75%)  
[  5] 135.00-136.00 sec   352 KBytes  2.88 Mbits/sec  2.411 ms  909/1209 (75%)  
[  5] 136.00-137.00 sec   316 KBytes  2.59 Mbits/sec  2.326 ms  832/1102 (75%)  
[  5] 137.00-138.00 sec   393 KBytes  3.22 Mbits/sec  2.709 ms  1073/1408 (76%)  
[  5] 138.00-139.00 sec   357 KBytes  2.93 Mbits/sec  2.626 ms  974/1279 (76%)  
[  5] 139.00-140.00 sec   353 KBytes  2.89 Mbits/sec  2.665 ms  943/1244 (76%)  
[  5] 140.00-141.00 sec   357 KBytes  2.93 Mbits/sec  2.535 ms  942/1247 (76%)  
[  5] 141.00-142.00 sec   371 KBytes  3.04 Mbits/sec  2.344 ms  997/1314 (76%)  
[  5] 142.00-143.00 sec   298 KBytes  2.44 Mbits/sec  2.286 ms  794/1048 (76%)  
[  5] 143.00-144.00 sec   352 KBytes  2.88 Mbits/sec  2.773 ms  962/1262 (76%)  
[  5] 144.00-145.00 sec   357 KBytes  2.93 Mbits/sec  2.756 ms  955/1260 (76%)  
[  5] 145.00-146.00 sec   353 KBytes  2.89 Mbits/sec  2.626 ms  944/1245 (76%)  
[  5] 146.00-147.00 sec   373 KBytes  3.05 Mbits/sec  2.314 ms  999/1317 (76%)  
[  5] 147.00-148.00 sec   336 KBytes  2.76 Mbits/sec  2.625 ms  890/1177 (76%)  
[  5] 148.00-149.00 sec   373 KBytes  3.05 Mbits/sec  2.476 ms  996/1314 (76%)  
[  5] 149.00-150.00 sec   357 KBytes  2.92 Mbits/sec  2.478 ms  974/1279 (76%)  
[  5] 150.00-151.00 sec   352 KBytes  2.89 Mbits/sec  2.268 ms  928/1228 (76%)  
[  5] 151.00-152.00 sec   357 KBytes  2.93 Mbits/sec  2.288 ms  928/1233 (75%)  
[  5] 152.00-153.00 sec   353 KBytes  2.89 Mbits/sec  2.299 ms  955/1256 (76%)  
[  5] 153.00-154.00 sec   296 KBytes  2.43 Mbits/sec  2.648 ms  826/1079 (77%)  
[  5] 154.00-155.00 sec   353 KBytes  2.89 Mbits/sec  2.586 ms  960/1261 (76%)  
[  5] 155.00-156.00 sec   318 KBytes  2.60 Mbits/sec  2.326 ms  915/1186 (77%)  
[  5] 156.00-157.00 sec   352 KBytes  2.88 Mbits/sec  2.426 ms  859/1159 (74%)  
[  5] 157.00-158.00 sec   356 KBytes  2.92 Mbits/sec  2.284 ms  923/1227 (75%)  
[  5] 158.00-159.00 sec   298 KBytes  2.44 Mbits/sec  2.816 ms  791/1045 (76%)  
[  5] 159.00-160.00 sec   373 KBytes  3.05 Mbits/sec  2.308 ms  999/1317 (76%)  
[  5] 160.00-161.00 sec   296 KBytes  2.43 Mbits/sec  2.565 ms  777/1030 (75%)  
[  5] 161.00-162.00 sec   352 KBytes  2.88 Mbits/sec  2.872 ms  924/1224 (75%)  
[  5] 162.00-163.00 sec   318 KBytes  2.60 Mbits/sec  2.499 ms  869/1140 (76%)  
[  5] 163.00-164.00 sec   353 KBytes  2.89 Mbits/sec  2.304 ms  1004/1305 (77%)  
[  5] 164.00-165.00 sec   296 KBytes  2.43 Mbits/sec  2.706 ms  799/1052 (76%)  
[  5] 165.00-166.00 sec   353 KBytes  2.89 Mbits/sec  3.101 ms  928/1229 (76%)  
[  5] 166.00-167.00 sec   356 KBytes  2.92 Mbits/sec  2.759 ms  937/1241 (76%)  
[  5] 167.00-168.00 sec   353 KBytes  2.89 Mbits/sec  3.109 ms  917/1218 (75%)  
[  5] 168.00-169.00 sec   357 KBytes  2.93 Mbits/sec  2.569 ms  933/1238 (75%)  
[  5] 169.00-170.00 sec   373 KBytes  3.05 Mbits/sec  2.234 ms  995/1313 (76%)  
[  5] 170.00-171.00 sec   356 KBytes  2.92 Mbits/sec  2.449 ms  1002/1306 (77%)  
[  5] 171.00-172.00 sec   353 KBytes  2.89 Mbits/sec  2.335 ms  985/1286 (77%)  
[  5] 172.00-173.00 sec   357 KBytes  2.93 Mbits/sec  2.349 ms  962/1267 (76%)  
[  5] 173.00-174.00 sec   352 KBytes  2.88 Mbits/sec  2.348 ms  954/1254 (76%)  
[  5] 174.00-175.00 sec   353 KBytes  2.89 Mbits/sec  2.494 ms  930/1231 (76%)  
[  5] 175.00-176.00 sec   296 KBytes  2.43 Mbits/sec  2.700 ms  774/1027 (75%)  
[  5] 176.00-177.00 sec   357 KBytes  2.93 Mbits/sec  2.738 ms  957/1262 (76%)  
[  5] 177.00-178.00 sec   312 KBytes  2.55 Mbits/sec  2.809 ms  822/1088 (76%)  
[  5] 178.00-179.00 sec   357 KBytes  2.93 Mbits/sec  2.821 ms  964/1269 (76%)  
[  5] 179.00-180.00 sec   353 KBytes  2.89 Mbits/sec  2.678 ms  959/1260 (76%)  
[  5] 180.00-181.00 sec   257 KBytes  2.10 Mbits/sec  4.548 ms  706/925 (76%)  
[  5] 181.00-182.00 sec   356 KBytes  2.92 Mbits/sec  2.475 ms  1029/1333 (77%)  
[  5] 182.00-183.00 sec   313 KBytes  2.56 Mbits/sec  2.490 ms  908/1175 (77%)  
[  5] 183.00-184.00 sec   296 KBytes  2.43 Mbits/sec  2.791 ms  822/1075 (76%)  
[  5] 184.00-185.00 sec   353 KBytes  2.89 Mbits/sec  2.796 ms  1014/1315 (77%)  
[  5] 185.00-186.00 sec   316 KBytes  2.60 Mbits/sec  2.493 ms  910/1180 (77%)  
[  5] 186.00-187.00 sec   298 KBytes  2.44 Mbits/sec  2.679 ms  853/1107 (77%)  
[  5] 187.00-188.00 sec   352 KBytes  2.88 Mbits/sec  2.847 ms  1051/1351 (78%)  
[  5] 188.00-189.00 sec   316 KBytes  2.59 Mbits/sec  2.288 ms  939/1209 (78%)  
[  5] 189.00-190.00 sec   353 KBytes  2.89 Mbits/sec  2.619 ms  1044/1345 (78%)  
[  5] 190.00-191.00 sec   357 KBytes  2.93 Mbits/sec  2.337 ms  988/1293 (76%)  
[  5] 191.00-192.00 sec   353 KBytes  2.89 Mbits/sec  2.570 ms  1021/1322 (77%)  
[  5] 192.00-193.00 sec   356 KBytes  2.92 Mbits/sec  2.418 ms  1086/1390 (78%)  
[  5] 193.00-194.00 sec   353 KBytes  2.89 Mbits/sec  2.585 ms  1030/1331 (77%)  
[  5] 194.00-195.00 sec   353 KBytes  2.89 Mbits/sec  2.840 ms  966/1267 (76%)  
[  5] 195.00-196.00 sec   356 KBytes  2.92 Mbits/sec  2.566 ms  958/1262 (76%)  
[  5] 196.00-197.00 sec   353 KBytes  2.89 Mbits/sec  3.135 ms  944/1245 (76%)  
[  5] 197.00-198.00 sec   357 KBytes  2.93 Mbits/sec  2.532 ms  937/1242 (75%)  
[  5] 198.00-199.00 sec   373 KBytes  3.05 Mbits/sec  2.256 ms  982/1300 (76%)  
[  5] 199.00-200.00 sec   336 KBytes  2.75 Mbits/sec  2.685 ms  900/1187 (76%)  
[  5] 200.00-201.00 sec   312 KBytes  2.56 Mbits/sec  2.357 ms  808/1074 (75%)  
[  5] 201.00-202.00 sec   357 KBytes  2.93 Mbits/sec  2.513 ms  943/1248 (76%)  
[  5] 202.00-203.00 sec   353 KBytes  2.89 Mbits/sec  3.107 ms  935/1236 (76%)  
[  5] 203.00-204.00 sec   369 KBytes  3.02 Mbits/sec  4.883 ms  1038/1353 (77%)  
[  5] 204.00-205.00 sec   340 KBytes  2.79 Mbits/sec  2.636 ms  963/1253 (77%)  
[  5] 205.00-206.00 sec   357 KBytes  2.93 Mbits/sec  2.601 ms  1047/1352 (77%)  
[  5] 206.00-207.00 sec   373 KBytes  3.05 Mbits/sec  2.372 ms  1061/1379 (77%)  
[  5] 207.00-208.00 sec   357 KBytes  2.93 Mbits/sec  2.406 ms  1023/1328 (77%)  
[  5] 208.00-209.00 sec   352 KBytes  2.88 Mbits/sec  2.347 ms  1292/1592 (81%)  
[  5] 209.00-210.00 sec   353 KBytes  2.89 Mbits/sec  2.637 ms  1001/1302 (77%)  
[  5] 210.00-211.00 sec   357 KBytes  2.93 Mbits/sec  2.408 ms  1063/1368 (78%)  
[  5] 211.00-212.00 sec   296 KBytes  2.43 Mbits/sec  2.612 ms  891/1144 (78%)  
[  5] 212.00-213.00 sec   353 KBytes  2.89 Mbits/sec  2.648 ms  1077/1378 (78%)  
[  5] 213.00-214.00 sec   356 KBytes  2.92 Mbits/sec  3.010 ms  1074/1378 (78%)  
[  5] 214.00-215.00 sec   313 KBytes  2.56 Mbits/sec  2.443 ms  911/1178 (77%)  
[  5] 215.00-216.00 sec   356 KBytes  2.92 Mbits/sec  2.537 ms  1034/1338 (77%)  
[  5] 216.00-217.00 sec   313 KBytes  2.56 Mbits/sec  2.451 ms  906/1173 (77%)  
[  5] 217.00-218.00 sec   296 KBytes  2.43 Mbits/sec  2.490 ms  799/1052 (76%)  
[  5] 218.00-219.00 sec   298 KBytes  2.44 Mbits/sec  2.534 ms  779/1033 (75%)  
[  5] 219.00-220.00 sec   371 KBytes  3.04 Mbits/sec  2.448 ms  1020/1337 (76%)  
[  5] 220.00-221.00 sec   296 KBytes  2.43 Mbits/sec  2.406 ms  790/1043 (76%)  
[  5] 221.00-222.00 sec   353 KBytes  2.89 Mbits/sec  2.497 ms  954/1255 (76%)  
[  5] 222.00-223.00 sec   318 KBytes  2.60 Mbits/sec  2.374 ms  865/1136 (76%)  
[  5] 223.00-224.00 sec   352 KBytes  2.88 Mbits/sec  2.558 ms  957/1257 (76%)  
[  5] 224.00-225.00 sec   296 KBytes  2.43 Mbits/sec  2.637 ms  823/1076 (76%)  
[  5] 225.00-226.00 sec   318 KBytes  2.60 Mbits/sec  2.349 ms  842/1113 (76%)  
[  5] 226.00-227.00 sec   353 KBytes  2.89 Mbits/sec  2.237 ms  929/1230 (76%)  
[  5] 227.00-228.00 sec   356 KBytes  2.92 Mbits/sec  2.408 ms  966/1270 (76%)  
[  5] 228.00-229.00 sec   353 KBytes  2.89 Mbits/sec  2.290 ms  968/1269 (76%)  
[  5] 229.00-230.00 sec   357 KBytes  2.92 Mbits/sec  2.337 ms  974/1279 (76%)  
[  5] 230.00-231.00 sec   352 KBytes  2.89 Mbits/sec  2.383 ms  925/1225 (76%)  
[  5] 231.00-232.00 sec   353 KBytes  2.89 Mbits/sec  2.435 ms  916/1217 (75%)  
[  5] 232.00-233.00 sec   357 KBytes  2.93 Mbits/sec  2.589 ms  952/1257 (76%)  
[  5] 233.00-234.00 sec   352 KBytes  2.88 Mbits/sec  3.254 ms  952/1252 (76%)  
[  5] 234.00-235.00 sec   318 KBytes  2.60 Mbits/sec  2.480 ms  878/1149 (76%)  
[  5] 235.00-236.00 sec   352 KBytes  2.88 Mbits/sec  2.426 ms  938/1238 (76%)  
[  5] 236.00-237.00 sec   357 KBytes  2.93 Mbits/sec  2.341 ms  954/1259 (76%)  
[  5] 237.00-238.00 sec   353 KBytes  2.89 Mbits/sec  2.467 ms  950/1251 (76%)  
[  5] 238.00-239.00 sec   357 KBytes  2.93 Mbits/sec  2.308 ms  979/1284 (76%)  
[  5] 239.00-240.00 sec   352 KBytes  2.88 Mbits/sec  2.771 ms  992/1292 (77%)  
[  5] 240.00-241.00 sec   357 KBytes  2.93 Mbits/sec  2.644 ms  1035/1340 (77%)  
[  5] 241.00-242.00 sec   353 KBytes  2.89 Mbits/sec  2.596 ms  1012/1313 (77%)  
[  5] 242.00-243.00 sec   357 KBytes  2.93 Mbits/sec  2.531 ms  1017/1322 (77%)  
[  5] 243.00-244.00 sec   312 KBytes  2.55 Mbits/sec  2.918 ms  938/1204 (78%)  
[  5] 244.00-245.00 sec   356 KBytes  2.92 Mbits/sec  2.354 ms  1118/1422 (79%)  
[  5] 245.00-246.00 sec   353 KBytes  2.89 Mbits/sec  2.666 ms  1074/1375 (78%)  
[  5] 246.00-247.00 sec   357 KBytes  2.93 Mbits/sec  2.369 ms  1056/1361 (78%)  
[  5] 247.00-248.00 sec   353 KBytes  2.89 Mbits/sec  2.703 ms  1055/1356 (78%)  
[  5] 248.00-249.00 sec   356 KBytes  2.92 Mbits/sec  2.576 ms  1056/1360 (78%)  
[  5] 249.00-250.00 sec   353 KBytes  2.89 Mbits/sec  2.696 ms  1032/1333 (77%)  
[  5] 250.00-251.00 sec   353 KBytes  2.89 Mbits/sec  2.879 ms  1060/1361 (78%)  
[  5] 251.00-252.00 sec   356 KBytes  2.92 Mbits/sec  2.821 ms  1077/1381 (78%)  
[  5] 252.00-253.00 sec   318 KBytes  2.60 Mbits/sec  2.531 ms  965/1236 (78%)  
[  5] 253.00-254.00 sec   352 KBytes  2.88 Mbits/sec  2.495 ms  1036/1336 (78%)  
[  5] 254.00-255.00 sec   353 KBytes  2.89 Mbits/sec  2.514 ms  980/1281 (77%)  
[  5] 255.00-256.00 sec   357 KBytes  2.93 Mbits/sec  2.545 ms  939/1244 (75%)  
[  5] 256.00-257.00 sec   352 KBytes  2.88 Mbits/sec  2.391 ms  914/1214 (75%)  
[  5] 257.00-258.00 sec   357 KBytes  2.93 Mbits/sec  2.621 ms  960/1265 (76%)  
[  5] 258.00-259.00 sec   318 KBytes  2.60 Mbits/sec  2.313 ms  837/1108 (76%)  
[  5] 259.00-260.00 sec   352 KBytes  2.88 Mbits/sec  2.398 ms  945/1245 (76%)  
[  5] 260.00-261.00 sec   353 KBytes  2.89 Mbits/sec  2.391 ms  948/1249 (76%)  
[  5] 261.00-262.00 sec   357 KBytes  2.93 Mbits/sec  2.308 ms  1000/1305 (77%)  
[  5] 262.00-263.00 sec   352 KBytes  2.88 Mbits/sec  2.568 ms  971/1271 (76%)  
[  5] 263.00-264.00 sec   357 KBytes  2.93 Mbits/sec  2.356 ms  997/1302 (77%)  
[  5] 264.00-265.00 sec   353 KBytes  2.89 Mbits/sec  2.651 ms  939/1240 (76%)  
[  5] 265.00-266.00 sec   357 KBytes  2.93 Mbits/sec  2.658 ms  947/1252 (76%)  
[  5] 266.00-267.00 sec   352 KBytes  2.88 Mbits/sec  2.600 ms  930/1230 (76%)  
[  5] 267.00-268.00 sec   357 KBytes  2.93 Mbits/sec  2.615 ms  972/1277 (76%)  
[  5] 268.00-269.00 sec   353 KBytes  2.89 Mbits/sec  2.496 ms  963/1264 (76%)  
[  5] 269.00-270.00 sec   356 KBytes  2.92 Mbits/sec  2.629 ms  977/1281 (76%)  
[  5] 270.00-271.00 sec   313 KBytes  2.56 Mbits/sec  2.525 ms  846/1113 (76%)  
[  5] 271.00-272.00 sec   356 KBytes  2.92 Mbits/sec  2.404 ms  987/1291 (76%)  
[  5] 272.00-273.00 sec   412 KBytes  3.38 Mbits/sec  2.441 ms  1102/1454 (76%)  
[  5] 273.00-274.00 sec   293 KBytes  2.40 Mbits/sec  2.921 ms  824/1074 (77%)  
[  5] 274.00-275.00 sec   356 KBytes  2.92 Mbits/sec  2.646 ms  959/1263 (76%)  
[  5] 275.00-276.00 sec   373 KBytes  3.05 Mbits/sec  2.514 ms  973/1291 (75%)  
[  5] 276.00-277.00 sec   338 KBytes  2.76 Mbits/sec  2.696 ms  893/1181 (76%)  
[  5] 277.00-278.00 sec   373 KBytes  3.05 Mbits/sec  2.480 ms  1043/1361 (77%)  
[  5] 278.00-279.00 sec   356 KBytes  2.92 Mbits/sec  2.302 ms  972/1276 (76%)  
[  5] 279.00-280.00 sec   353 KBytes  2.89 Mbits/sec  2.619 ms  975/1276 (76%)  
[  5] 280.00-281.00 sec   357 KBytes  2.93 Mbits/sec  2.346 ms  959/1264 (76%)  
[  5] 281.00-282.00 sec   292 KBytes  2.39 Mbits/sec  3.158 ms  778/1027 (76%)  
[  5] 282.00-283.00 sec   357 KBytes  2.93 Mbits/sec  2.597 ms  978/1283 (76%)  
[  5] 283.00-284.00 sec   352 KBytes  2.88 Mbits/sec  2.873 ms  1003/1303 (77%)  
[  5] 284.00-285.00 sec   357 KBytes  2.93 Mbits/sec  2.589 ms  998/1303 (77%)  
[  5] 285.00-286.00 sec   373 KBytes  3.05 Mbits/sec  2.531 ms  1013/1331 (76%)  
[  5] 286.00-287.00 sec   357 KBytes  2.93 Mbits/sec  2.534 ms  948/1253 (76%)  
[  5] 287.00-288.00 sec   352 KBytes  2.88 Mbits/sec  2.412 ms  928/1228 (76%)  
[  5] 288.00-289.00 sec   357 KBytes  2.93 Mbits/sec  2.412 ms  980/1285 (76%)  
[  5] 289.00-290.00 sec   292 KBytes  2.39 Mbits/sec  2.692 ms  756/1005 (75%)  
[  5] 290.00-291.00 sec   357 KBytes  2.93 Mbits/sec  2.645 ms  959/1264 (76%)  
[  5] 291.00-292.00 sec   353 KBytes  2.89 Mbits/sec  2.574 ms  922/1223 (75%)  
[  5] 292.00-293.00 sec   357 KBytes  2.93 Mbits/sec  2.662 ms  998/1303 (77%)  
[  5] 293.00-294.00 sec   371 KBytes  3.04 Mbits/sec  2.613 ms  1056/1373 (77%)  
[  5] 294.00-295.00 sec   353 KBytes  2.89 Mbits/sec  2.682 ms  970/1271 (76%)  
[  5] 295.00-296.00 sec   357 KBytes  2.93 Mbits/sec  2.444 ms  966/1271 (76%)  
[  5] 296.00-297.00 sec   352 KBytes  2.88 Mbits/sec  2.682 ms  940/1240 (76%)  
[  5] 297.00-298.00 sec   357 KBytes  2.93 Mbits/sec  2.459 ms  948/1253 (76%)  
[  5] 298.00-299.00 sec   296 KBytes  2.43 Mbits/sec  2.635 ms  795/1048 (76%)  
[  5] 299.00-300.00 sec   353 KBytes  2.89 Mbits/sec  2.616 ms  934/1235 (76%)  
[  5] 300.00-301.00 sec   373 KBytes  3.05 Mbits/sec  2.598 ms  1002/1320 (76%)  
[  5] 301.00-302.00 sec   357 KBytes  2.93 Mbits/sec  2.212 ms  958/1263 (76%)  
[  5] 302.00-303.00 sec   352 KBytes  2.88 Mbits/sec  2.471 ms  936/1236 (76%)  
[  5] 303.00-304.00 sec   357 KBytes  2.93 Mbits/sec  2.355 ms  979/1284 (76%)  
[  5] 304.00-305.00 sec   353 KBytes  2.89 Mbits/sec  2.479 ms  1012/1313 (77%)  
[  5] 305.00-306.00 sec   356 KBytes  2.92 Mbits/sec  2.397 ms  976/1280 (76%)  
[  5] 306.00-307.00 sec   353 KBytes  2.89 Mbits/sec  2.669 ms  913/1214 (75%)  
[  5] 307.00-308.00 sec   357 KBytes  2.93 Mbits/sec  2.577 ms  956/1261 (76%)  
[  5] 308.00-309.00 sec   352 KBytes  2.88 Mbits/sec  2.540 ms  962/1262 (76%)  
[  5] 309.00-310.00 sec   353 KBytes  2.89 Mbits/sec  2.845 ms  953/1254 (76%)  
[  5] 310.00-311.00 sec   357 KBytes  2.93 Mbits/sec  2.662 ms  975/1280 (76%)  
[  5] 311.00-312.00 sec   371 KBytes  3.04 Mbits/sec  2.455 ms  987/1304 (76%)  
[  5] 312.00-313.00 sec   298 KBytes  2.44 Mbits/sec  2.688 ms  802/1056 (76%)  
[  5] 313.00-314.00 sec   357 KBytes  2.93 Mbits/sec  2.353 ms  1018/1323 (77%)  
[  5] 314.00-315.00 sec   352 KBytes  2.88 Mbits/sec  2.635 ms  955/1255 (76%)  
[  5] 315.00-316.00 sec   353 KBytes  2.89 Mbits/sec  2.470 ms  953/1254 (76%)  
[  5] 316.00-317.00 sec   316 KBytes  2.59 Mbits/sec  2.572 ms  892/1162 (77%)  
[  5] 317.00-318.00 sec   298 KBytes  2.44 Mbits/sec  2.886 ms  838/1092 (77%)  
[  5] 318.00-319.00 sec   312 KBytes  2.56 Mbits/sec  2.548 ms  861/1127 (76%)  
[  5] 319.00-320.00 sec   296 KBytes  2.43 Mbits/sec  2.888 ms  785/1038 (76%)  
[  5] 320.00-321.00 sec   217 KBytes  1.78 Mbits/sec  2.508 ms  565/750 (75%)  
[  5] 321.00-322.00 sec   237 KBytes  1.94 Mbits/sec  3.719 ms  639/841 (76%)  
[  5] 322.00-323.00 sec   156 KBytes  1.28 Mbits/sec  7.552 ms  410/543 (76%)  
[  5] 323.00-324.00 sec   202 KBytes  1.65 Mbits/sec  3.096 ms  541/713 (76%)  
[  5] 324.00-325.00 sec   271 KBytes  2.22 Mbits/sec  2.572 ms  734/965 (76%)  
[  5] 325.00-326.00 sec   258 KBytes  2.11 Mbits/sec  2.667 ms  695/915 (76%)  
[  5] 326.00-327.00 sec   296 KBytes  2.43 Mbits/sec  2.364 ms  790/1043 (76%)  
[  5] 327.00-328.00 sec   296 KBytes  2.43 Mbits/sec  2.847 ms  809/1062 (76%)  
[  5] 328.00-329.00 sec   257 KBytes  2.10 Mbits/sec  3.048 ms  704/923 (76%)  
[  5] 329.00-330.00 sec   312 KBytes  2.55 Mbits/sec  2.483 ms  862/1128 (76%)  
[  5] 330.00-331.00 sec   298 KBytes  2.44 Mbits/sec  2.588 ms  807/1061 (76%)  
[  5] 331.00-332.00 sec   255 KBytes  2.09 Mbits/sec  2.930 ms  701/919 (76%)  
[  5] 332.00-333.00 sec   313 KBytes  2.56 Mbits/sec  2.583 ms  868/1135 (76%)  
[  5] 333.00-334.00 sec   296 KBytes  2.43 Mbits/sec  2.822 ms  780/1033 (76%)  
[  5] 334.00-335.00 sec   257 KBytes  2.10 Mbits/sec  2.765 ms  671/890 (75%)  
[  5] 335.00-336.00 sec   318 KBytes  2.60 Mbits/sec  2.348 ms  822/1093 (75%)  
[  5] 336.00-337.00 sec   292 KBytes  2.39 Mbits/sec  2.708 ms  768/1017 (76%)  
[  5] 337.00-338.00 sec   316 KBytes  2.59 Mbits/sec  2.440 ms  851/1121 (76%)  
[  5] 338.00-339.00 sec   257 KBytes  2.10 Mbits/sec  2.665 ms  747/966 (77%)  
[  5] 339.00-340.00 sec   298 KBytes  2.44 Mbits/sec  2.387 ms  824/1078 (76%)  
[  5] 340.00-341.00 sec   255 KBytes  2.09 Mbits/sec  2.523 ms  679/897 (76%)  
[  5] 341.00-342.00 sec   252 KBytes  2.07 Mbits/sec  2.576 ms  655/870 (75%)  
[  5] 342.00-343.00 sec   298 KBytes  2.44 Mbits/sec  2.707 ms  793/1047 (76%)  
[  5] 343.00-344.00 sec   316 KBytes  2.59 Mbits/sec  2.578 ms  863/1133 (76%)  
[  5] 344.00-345.00 sec   257 KBytes  2.10 Mbits/sec  2.447 ms  686/905 (76%)  
[  5] 345.00-346.00 sec   312 KBytes  2.55 Mbits/sec  2.754 ms  884/1150 (77%)  
[  5] 346.00-347.00 sec   237 KBytes  1.94 Mbits/sec  2.788 ms  622/824 (75%)  
[  5] 347.00-348.00 sec   316 KBytes  2.59 Mbits/sec  2.535 ms  863/1133 (76%)  
[  5] 348.00-349.00 sec   298 KBytes  2.44 Mbits/sec  2.939 ms  812/1066 (76%)  
[  5] 349.00-350.00 sec   252 KBytes  2.06 Mbits/sec  2.926 ms  684/899 (76%)  
[  5] 350.00-351.00 sec   316 KBytes  2.59 Mbits/sec  2.592 ms  889/1159 (77%)  
[  5] 351.00-352.00 sec   257 KBytes  2.10 Mbits/sec  2.698 ms  798/1017 (78%)  
[  5] 352.00-353.00 sec   296 KBytes  2.43 Mbits/sec  3.053 ms  937/1190 (79%)  
[  5] 353.00-354.00 sec   257 KBytes  2.10 Mbits/sec  2.958 ms  854/1073 (80%)  
[  5] 354.00-355.00 sec   313 KBytes  2.56 Mbits/sec  2.853 ms  1112/1379 (81%)  
[  5] 355.00-356.00 sec   255 KBytes  2.09 Mbits/sec  3.875 ms  1216/1434 (85%)  
[  5] 356.00-357.00 sec   237 KBytes  1.94 Mbits/sec  3.860 ms  1091/1293 (84%)  
[  5] 357.00-358.00 sec   318 KBytes  2.60 Mbits/sec  3.113 ms  2062/2333 (88%)  
[  5] 358.00-359.00 sec   292 KBytes  2.39 Mbits/sec  3.873 ms  1152/1401 (82%)  
[  5] 359.00-360.00 sec   257 KBytes  2.10 Mbits/sec  3.603 ms  948/1167 (81%)  
[  5] 360.00-361.00 sec   316 KBytes  2.59 Mbits/sec  2.654 ms  1057/1327 (80%)  
[  5] 361.00-362.00 sec   257 KBytes  2.10 Mbits/sec  2.931 ms  886/1105 (80%)  
[  5] 362.00-363.00 sec   298 KBytes  2.44 Mbits/sec  2.835 ms  1025/1279 (80%)  
[  5] 363.00-364.00 sec   251 KBytes  2.05 Mbits/sec  2.926 ms  856/1070 (80%)  
[  5] 364.00-365.00 sec   318 KBytes  2.60 Mbits/sec  2.767 ms  1123/1394 (81%)  
[  5] 365.00-366.00 sec   296 KBytes  2.43 Mbits/sec  3.285 ms  1091/1344 (81%)  
[  5] 366.00-367.00 sec   312 KBytes  2.55 Mbits/sec  2.965 ms  1037/1303 (80%)  
[  5] 367.00-368.00 sec   298 KBytes  2.44 Mbits/sec  2.985 ms  1028/1282 (80%)  
[  5] 368.00-369.00 sec   316 KBytes  2.59 Mbits/sec  2.770 ms  1075/1345 (80%)  
[  5] 369.00-370.00 sec   237 KBytes  1.94 Mbits/sec  3.152 ms  813/1015 (80%)  
[  5] 370.00-371.00 sec   312 KBytes  2.55 Mbits/sec  2.979 ms  1031/1297 (79%)  
[  5] 371.00-372.00 sec   318 KBytes  2.60 Mbits/sec  2.584 ms  1066/1337 (80%)  
[  5] 372.00-373.00 sec   296 KBytes  2.43 Mbits/sec  2.899 ms  1075/1328 (81%)  
[  5] 373.00-374.00 sec   312 KBytes  2.55 Mbits/sec  2.860 ms  1161/1427 (81%)  
[  5] 374.00-375.00 sec   298 KBytes  2.44 Mbits/sec  2.907 ms  1184/1438 (82%)  
[  5] 375.00-376.00 sec   296 KBytes  2.43 Mbits/sec  3.148 ms  1004/1257 (80%)  
[  5] 376.00-377.00 sec   257 KBytes  2.10 Mbits/sec  2.998 ms  885/1104 (80%)  
[  5] 377.00-378.00 sec   330 KBytes  2.71 Mbits/sec  4.035 ms  1154/1436 (80%)  
[  5] 378.00-379.00 sec   278 KBytes  2.27 Mbits/sec  3.016 ms  1086/1323 (82%)  
[  5] 379.00-380.00 sec   318 KBytes  2.60 Mbits/sec  3.177 ms  1131/1402 (81%)  
[  5] 380.00-381.00 sec   292 KBytes  2.39 Mbits/sec  3.170 ms  1026/1275 (80%)  
[  5] 381.00-382.00 sec   316 KBytes  2.59 Mbits/sec  2.645 ms  1080/1350 (80%)  
[  5] 382.00-383.00 sec   353 KBytes  2.89 Mbits/sec  2.809 ms  1200/1501 (80%)  
[  5] 383.00-384.00 sec   298 KBytes  2.44 Mbits/sec  2.667 ms  1041/1295 (80%)  
[  5] 384.00-385.00 sec   316 KBytes  2.59 Mbits/sec  3.084 ms  1179/1449 (81%)  
[  5] 385.00-386.00 sec   312 KBytes  2.55 Mbits/sec  3.131 ms  1082/1348 (80%)  
[  5] 386.00-387.00 sec   298 KBytes  2.44 Mbits/sec  2.598 ms  1052/1306 (81%)  
[  5] 387.00-388.00 sec   296 KBytes  2.43 Mbits/sec  2.784 ms  1130/1383 (82%)  
[  5] 388.00-389.00 sec   257 KBytes  2.10 Mbits/sec  3.007 ms  985/1204 (82%)  
[  5] 389.00-390.00 sec   312 KBytes  2.55 Mbits/sec  2.909 ms  1185/1451 (82%)  
[  5] 390.00-391.00 sec   296 KBytes  2.43 Mbits/sec  3.260 ms  1017/1270 (80%)  
[  5] 391.00-392.00 sec   257 KBytes  2.10 Mbits/sec  3.012 ms  875/1094 (80%)  
[  5] 392.00-393.00 sec   318 KBytes  2.60 Mbits/sec  2.602 ms  1036/1307 (79%)  
[  5] 393.00-394.00 sec   292 KBytes  2.39 Mbits/sec  3.380 ms  1219/1468 (83%)  
[  5] 394.00-395.00 sec   316 KBytes  2.59 Mbits/sec  2.688 ms  1093/1363 (80%)  
[  5] 395.00-396.00 sec   298 KBytes  2.44 Mbits/sec  3.155 ms  1108/1362 (81%)  
[  5] 396.00-397.00 sec   312 KBytes  2.55 Mbits/sec  2.830 ms  1117/1383 (81%)  
[  5] 397.00-398.00 sec   296 KBytes  2.43 Mbits/sec  3.097 ms  968/1221 (79%)  
[  5] 398.00-399.00 sec   257 KBytes  2.10 Mbits/sec  3.157 ms  845/1064 (79%)  
[  5] 399.00-400.00 sec   318 KBytes  2.60 Mbits/sec  2.795 ms  1009/1280 (79%)  
[  5] 400.00-401.00 sec   292 KBytes  2.39 Mbits/sec  2.650 ms  963/1212 (79%)  
[  5] 401.00-402.00 sec   316 KBytes  2.59 Mbits/sec  2.803 ms  1044/1314 (79%)  
[  5] 402.00-403.00 sec   257 KBytes  2.10 Mbits/sec  2.711 ms  834/1053 (79%)  
[  5] 403.00-404.00 sec   292 KBytes  2.39 Mbits/sec  2.746 ms  991/1240 (80%)  
[  5] 404.00-405.00 sec   318 KBytes  2.61 Mbits/sec  2.789 ms  1100/1371 (80%)  
[  5] 405.00-406.00 sec   296 KBytes  2.43 Mbits/sec  3.094 ms  1004/1257 (80%)  
[  5] 406.00-407.00 sec   296 KBytes  2.43 Mbits/sec  3.115 ms  964/1217 (79%)  
[  5] 407.00-408.00 sec   313 KBytes  2.56 Mbits/sec  2.987 ms  1034/1301 (79%)  
[  5] 408.00-409.00 sec   316 KBytes  2.59 Mbits/sec  2.591 ms  1047/1317 (79%)  
[  5] 409.00-410.00 sec   237 KBytes  1.94 Mbits/sec  3.044 ms  769/971 (79%)  
[  5] 410.00-411.00 sec   312 KBytes  2.55 Mbits/sec  2.858 ms  1012/1278 (79%)  
[  5] 411.00-412.00 sec   298 KBytes  2.44 Mbits/sec  3.129 ms  1022/1276 (80%)  
[  5] 412.00-413.00 sec   257 KBytes  2.10 Mbits/sec  3.023 ms  829/1048 (79%)  
[  5] 413.00-414.00 sec   316 KBytes  2.59 Mbits/sec  2.603 ms  1008/1278 (79%)  
[  5] 414.00-415.00 sec   292 KBytes  2.39 Mbits/sec  3.000 ms  912/1161 (79%)  
[  5] 415.00-416.00 sec   318 KBytes  2.60 Mbits/sec  2.573 ms  994/1265 (79%)  
[  5] 416.00-417.00 sec   296 KBytes  2.43 Mbits/sec  2.783 ms  960/1213 (79%)  
[  5] 417.00-418.00 sec   312 KBytes  2.55 Mbits/sec  2.994 ms  1018/1284 (79%)  
[  5] 418.00-419.00 sec   318 KBytes  2.60 Mbits/sec  2.666 ms  991/1262 (79%)  
[  5] 419.00-420.00 sec   296 KBytes  2.43 Mbits/sec  2.628 ms  995/1248 (80%)  
[  5] 420.00-421.00 sec   312 KBytes  2.55 Mbits/sec  2.783 ms  1059/1325 (80%)  
