Connecting to host 172.22.0.50, port 5202
Reverse mode, remote host 172.22.0.50 is sending
[  5] local 192.168.102.2 port 56161 connected to 172.22.0.50 port 5202
[ ID] Interval           Transfer     Bitrate         Jitter    Lost/Total Datagrams
[  5]   0.00-1.00   sec   440 KBytes  3.60 Mbits/sec  0.356 ms  0/4508 (0%)  
[  5]   1.00-2.00   sec   439 KBytes  3.60 Mbits/sec  0.286 ms  0/4495 (0%)  
[  5]   2.00-3.00   sec   438 KBytes  3.59 Mbits/sec  0.339 ms  0/4489 (0%)  
[  5]   3.00-4.00   sec   440 KBytes  3.60 Mbits/sec  0.351 ms  0/4504 (0%)  
[  5]   4.00-5.00   sec   438 KBytes  3.59 Mbits/sec  0.256 ms  0/4486 (0%)  
[  5]   5.00-6.00   sec   437 KBytes  3.58 Mbits/sec  0.670 ms  0/4475 (0%)  
[  5]   6.00-7.00   sec   440 KBytes  3.61 Mbits/sec  0.265 ms  0/4533 (0%)  
[  5]   7.00-8.00   sec   440 KBytes  3.61 Mbits/sec  0.312 ms  0/4507 (0%)  
[  5]   8.00-9.00   sec   440 KBytes  3.60 Mbits/sec  0.278 ms  0/4502 (0%)  
[  5]   9.00-10.00  sec   439 KBytes  3.60 Mbits/sec  0.232 ms  0/4497 (0%)  
[  5]  10.00-11.00  sec   439 KBytes  3.59 Mbits/sec  0.284 ms  0/4495 (0%)  
[  5]  11.00-12.00  sec   440 KBytes  3.61 Mbits/sec  0.248 ms  0/4510 (0%)  
[  5]  12.00-13.00  sec   438 KBytes  3.59 Mbits/sec  0.274 ms  0/4488 (0%)  
[  5]  13.00-14.00  sec   439 KBytes  3.60 Mbits/sec  0.630 ms  0/4497 (0%)  
[  5]  14.00-15.00  sec   439 KBytes  3.60 Mbits/sec  0.275 ms  0/4498 (0%)  
[  5]  15.00-16.00  sec   440 KBytes  3.60 Mbits/sec  0.308 ms  0/4510 (0%)  
[  5]  16.00-17.00  sec   439 KBytes  3.60 Mbits/sec  0.350 ms  0/4493 (0%)  
[  5]  17.00-18.00  sec   393 KBytes  3.22 Mbits/sec  0.474 ms  0/4028 (0%)  
[  5]  18.00-19.00  sec   310 KBytes  2.54 Mbits/sec  0.434 ms  0/3173 (0%)  
[  5]  19.00-20.00  sec   314 KBytes  2.57 Mbits/sec  0.385 ms  0/3217 (0%)  
[  5]  20.00-21.00  sec   320 KBytes  2.62 Mbits/sec  0.387 ms  0/3273 (0%)  
[  5]  21.00-22.00  sec   319 KBytes  2.61 Mbits/sec  0.417 ms  0/3265 (0%)  
[  5]  22.00-23.00  sec   333 KBytes  2.73 Mbits/sec  0.382 ms  0/3409 (0%)  
[  5]  23.00-24.00  sec   369 KBytes  3.02 Mbits/sec  0.291 ms  0/3774 (0%)  
[  5]  24.00-25.00  sec   371 KBytes  3.03 Mbits/sec  0.360 ms  0/3794 (0%)  
[  5]  25.00-26.00  sec   373 KBytes  3.06 Mbits/sec  0.373 ms  0/3823 (0%)  
[  5]  26.00-27.00  sec   374 KBytes  3.07 Mbits/sec  0.357 ms  0/3834 (0%)  
[  5]  27.00-28.00  sec   366 KBytes  3.00 Mbits/sec  0.515 ms  0/3746 (0%)  
[  5]  28.00-29.00  sec   371 KBytes  3.04 Mbits/sec  0.375 ms  0/3801 (0%)  
[  5]  29.00-30.00  sec   374 KBytes  3.06 Mbits/sec  0.501 ms  0/3829 (0%)  
[  5]  30.00-31.00  sec   359 KBytes  2.94 Mbits/sec  0.345 ms  0/3680 (0%)  
[  5]  31.00-32.00  sec   365 KBytes  2.99 Mbits/sec  0.328 ms  0/3737 (0%)  
[  5]  32.00-33.00  sec   375 KBytes  3.07 Mbits/sec  0.362 ms  0/3838 (0%)  
[  5]  33.00-34.00  sec   374 KBytes  3.07 Mbits/sec  0.315 ms  0/3834 (0%)  
[  5]  34.00-35.00  sec   371 KBytes  3.04 Mbits/sec  0.321 ms  0/3796 (0%)  
[  5]  35.00-36.00  sec   374 KBytes  3.06 Mbits/sec  0.329 ms  0/3828 (0%)  
[  5]  36.00-37.00  sec   373 KBytes  3.06 Mbits/sec  0.563 ms  0/3823 (0%)  
[  5]  37.00-38.00  sec   385 KBytes  3.16 Mbits/sec  0.334 ms  0/3945 (0%)  
[  5]  38.00-39.00  sec   406 KBytes  3.33 Mbits/sec  0.317 ms  0/4162 (0%)  
[  5]  39.00-40.00  sec   394 KBytes  3.23 Mbits/sec  0.353 ms  0/4031 (0%)  
[  5]  40.00-41.00  sec   407 KBytes  3.33 Mbits/sec  0.329 ms  0/4167 (0%)  
[  5]  41.00-42.00  sec   415 KBytes  3.40 Mbits/sec  0.322 ms  0/4247 (0%)  
[  5]  42.00-43.00  sec   414 KBytes  3.39 Mbits/sec  0.365 ms  0/4235 (0%)  
[  5]  43.00-44.00  sec   411 KBytes  3.36 Mbits/sec  0.402 ms  0/4204 (0%)  
[  5]  44.00-45.00  sec   407 KBytes  3.33 Mbits/sec  0.331 ms  0/4168 (0%)  
[  5]  45.00-46.00  sec   411 KBytes  3.36 Mbits/sec  0.282 ms  0/4206 (0%)  
[  5]  46.00-47.00  sec   396 KBytes  3.25 Mbits/sec  0.334 ms  0/4057 (0%)  
[  5]  47.00-48.00  sec   388 KBytes  3.18 Mbits/sec  0.325 ms  0/3974 (0%)  
[  5]  48.00-49.00  sec   396 KBytes  3.24 Mbits/sec  0.344 ms  0/4052 (0%)  
[  5]  49.00-50.00  sec   409 KBytes  3.35 Mbits/sec  0.325 ms  0/4187 (0%)  
[  5]  50.00-51.00  sec   415 KBytes  3.40 Mbits/sec  0.325 ms  0/4248 (0%)  
[  5]  51.00-52.00  sec   399 KBytes  3.27 Mbits/sec  0.610 ms  0/4083 (0%)  
[  5]  52.00-53.00  sec   368 KBytes  3.02 Mbits/sec  0.398 ms  0/3772 (0%)  
[  5]  53.00-54.00  sec   402 KBytes  3.29 Mbits/sec  0.324 ms  0/4125 (0%)  
[  5]  54.00-55.00  sec   409 KBytes  3.35 Mbits/sec  0.307 ms  0/4187 (0%)  
[  5]  55.00-56.00  sec   406 KBytes  3.32 Mbits/sec  0.289 ms  0/4162 (0%)  
[  5]  56.00-57.00  sec   406 KBytes  3.34 Mbits/sec  0.284 ms  0/4162 (0%)  
[  5]  57.00-58.00  sec   413 KBytes  3.38 Mbits/sec  0.349 ms  0/4229 (0%)  
[  5]  58.00-59.00  sec   412 KBytes  3.37 Mbits/sec  0.315 ms  0/4216 (0%)  
[  5]  59.00-60.00  sec   408 KBytes  3.35 Mbits/sec  0.392 ms  0/4181 (0%)  
[  5]  60.00-61.00  sec   376 KBytes  3.08 Mbits/sec  0.294 ms  0/3852 (0%)  
[  5]  61.00-62.00  sec   380 KBytes  3.11 Mbits/sec  0.331 ms  0/3887 (0%)  
[  5]  62.00-63.00  sec   393 KBytes  3.22 Mbits/sec  0.347 ms  0/4022 (0%)  
[  5]  63.00-64.00  sec   403 KBytes  3.30 Mbits/sec  0.308 ms  0/4131 (0%)  
[  5]  64.00-65.00  sec   388 KBytes  3.17 Mbits/sec  0.286 ms  0/3968 (0%)  
[  5]  65.00-66.00  sec   409 KBytes  3.35 Mbits/sec  0.368 ms  0/4193 (0%)  
[  5]  66.00-67.00  sec   415 KBytes  3.40 Mbits/sec  0.380 ms  0/4251 (0%)  
[  5]  67.00-68.00  sec   408 KBytes  3.34 Mbits/sec  0.269 ms  0/4177 (0%)  
[  5]  68.00-69.00  sec   401 KBytes  3.28 Mbits/sec  0.325 ms  0/4102 (0%)  
[  5]  69.00-70.00  sec   405 KBytes  3.32 Mbits/sec  0.296 ms  0/4148 (0%)  
[  5]  70.00-71.00  sec   402 KBytes  3.30 Mbits/sec  0.358 ms  0/4121 (0%)  
[  5]  71.00-72.00  sec   396 KBytes  3.24 Mbits/sec  0.337 ms  0/4051 (0%)  
[  5]  72.00-73.00  sec   383 KBytes  3.14 Mbits/sec  0.418 ms  0/3924 (0%)  
[  5]  73.00-74.00  sec   399 KBytes  3.27 Mbits/sec  0.312 ms  0/4084 (0%)  
[  5]  74.00-75.00  sec   400 KBytes  3.27 Mbits/sec  0.353 ms  0/4094 (0%)  
[  5]  75.00-76.00  sec   409 KBytes  3.35 Mbits/sec  0.340 ms  0/4187 (0%)  
[  5]  76.00-77.00  sec   418 KBytes  3.42 Mbits/sec  0.273 ms  0/4278 (0%)  
[  5]  77.00-78.00  sec   414 KBytes  3.39 Mbits/sec  0.325 ms  0/4235 (0%)  
[  5]  78.00-79.00  sec   402 KBytes  3.29 Mbits/sec  0.346 ms  0/4114 (0%)  
[  5]  79.00-80.00  sec   402 KBytes  3.29 Mbits/sec  0.271 ms  0/4113 (0%)  
[  5]  80.00-81.00  sec   405 KBytes  3.32 Mbits/sec  0.330 ms  0/4150 (0%)  
[  5]  81.00-82.00  sec   404 KBytes  3.31 Mbits/sec  0.353 ms  0/4137 (0%)  
[  5]  82.00-83.00  sec   406 KBytes  3.33 Mbits/sec  0.309 ms  0/4175 (0%)  
[  5]  83.00-84.00  sec   403 KBytes  3.30 Mbits/sec  0.353 ms  0/4125 (0%)  
[  5]  84.00-85.00  sec   399 KBytes  3.27 Mbits/sec  0.538 ms  0/4085 (0%)  
[  5]  85.00-86.00  sec   416 KBytes  3.41 Mbits/sec  0.275 ms  0/4258 (0%)  
[  5]  86.00-87.00  sec   414 KBytes  3.39 Mbits/sec  0.364 ms  0/4241 (0%)  
[  5]  87.00-88.00  sec   406 KBytes  3.33 Mbits/sec  0.288 ms  0/4156 (0%)  
[  5]  88.00-89.00  sec   402 KBytes  3.30 Mbits/sec  0.375 ms  0/4121 (0%)  
[  5]  89.00-90.00  sec   375 KBytes  3.07 Mbits/sec  0.388 ms  0/3838 (0%)  
[  5]  90.00-91.00  sec   349 KBytes  2.86 Mbits/sec  0.392 ms  0/3572 (0%)  
[  5]  91.00-92.00  sec   378 KBytes  3.09 Mbits/sec  0.336 ms  0/3867 (0%)  
[  5]  92.00-93.00  sec   340 KBytes  2.79 Mbits/sec  0.374 ms  0/3486 (0%)  
[  5]  93.00-94.00  sec   314 KBytes  2.57 Mbits/sec  0.397 ms  0/3214 (0%)  
[  5]  94.00-95.00  sec   256 KBytes  2.09 Mbits/sec  0.471 ms  0/2618 (0%)  
[  5]  95.00-96.00  sec   301 KBytes  2.47 Mbits/sec  0.448 ms  0/3084 (0%)  
[  5]  96.00-97.00  sec   306 KBytes  2.51 Mbits/sec  0.782 ms  0/3138 (0%)  
[  5]  97.00-98.00  sec   322 KBytes  2.64 Mbits/sec  0.238 ms  0/3298 (0%)  
[  5]  98.00-99.00  sec   336 KBytes  2.75 Mbits/sec  0.334 ms  0/3436 (0%)  
[  5]  99.00-100.00 sec   342 KBytes  2.80 Mbits/sec  0.340 ms  0/3504 (0%)  
[  5] 100.00-101.00 sec   363 KBytes  2.97 Mbits/sec  0.617 ms  0/3716 (0%)  
[  5] 101.00-102.00 sec   349 KBytes  2.86 Mbits/sec  0.337 ms  0/3577 (0%)  
[  5] 102.00-103.00 sec   386 KBytes  3.16 Mbits/sec  0.469 ms  0/3949 (0%)  
[  5] 103.00-104.00 sec   368 KBytes  3.01 Mbits/sec  0.423 ms  0/3767 (0%)  
[  5] 104.00-105.00 sec   358 KBytes  2.94 Mbits/sec  0.317 ms  0/3668 (0%)  
[  5] 105.00-106.00 sec   344 KBytes  2.82 Mbits/sec  0.392 ms  0/3523 (0%)  
[  5] 106.00-107.00 sec   378 KBytes  3.10 Mbits/sec  0.286 ms  0/3869 (0%)  
[  5] 107.00-108.00 sec   372 KBytes  3.05 Mbits/sec  0.375 ms  0/3808 (0%)  
[  5] 108.00-109.00 sec   389 KBytes  3.18 Mbits/sec  0.333 ms  0/3979 (0%)  
[  5] 109.00-110.00 sec   396 KBytes  3.25 Mbits/sec  0.312 ms  0/4060 (0%)  
[  5] 110.00-111.00 sec   404 KBytes  3.31 Mbits/sec  0.303 ms  0/4133 (0%)  
[  5] 111.00-112.00 sec   402 KBytes  3.29 Mbits/sec  0.463 ms  0/4116 (0%)  
[  5] 112.00-113.00 sec   389 KBytes  3.19 Mbits/sec  0.349 ms  0/3986 (0%)  
[  5] 113.00-114.00 sec   395 KBytes  3.24 Mbits/sec  0.366 ms  0/4048 (0%)  
[  5] 114.00-115.00 sec   386 KBytes  3.16 Mbits/sec  0.338 ms  0/3954 (0%)  
[  5] 115.00-116.00 sec   395 KBytes  3.23 Mbits/sec  0.355 ms  0/4040 (0%)  
[  5] 116.00-117.00 sec   403 KBytes  3.30 Mbits/sec  0.385 ms  0/4122 (0%)  
[  5] 117.00-118.00 sec   403 KBytes  3.31 Mbits/sec  0.336 ms  0/4130 (0%)  
[  5] 118.00-119.00 sec   399 KBytes  3.27 Mbits/sec  0.368 ms  0/4088 (0%)  
[  5] 119.00-120.00 sec   392 KBytes  3.21 Mbits/sec  0.311 ms  0/4011 (0%)  
[  5] 120.00-121.00 sec   383 KBytes  3.14 Mbits/sec  0.308 ms  0/3918 (0%)  
[  5] 121.00-122.00 sec   391 KBytes  3.20 Mbits/sec  0.464 ms  0/3999 (0%)  
[  5] 122.00-123.00 sec   399 KBytes  3.26 Mbits/sec  0.340 ms  0/4082 (0%)  
[  5] 123.00-124.00 sec   403 KBytes  3.30 Mbits/sec  0.325 ms  0/4123 (0%)  
[  5] 124.00-125.00 sec   397 KBytes  3.25 Mbits/sec  0.387 ms  0/4066 (0%)  
[  5] 125.00-126.00 sec   406 KBytes  3.33 Mbits/sec  0.363 ms  0/4157 (0%)  
[  5] 126.00-127.00 sec   398 KBytes  3.26 Mbits/sec  0.315 ms  0/4071 (0%)  
[  5] 127.00-128.00 sec   399 KBytes  3.27 Mbits/sec  0.289 ms  0/4082 (0%)  
[  5] 128.00-129.00 sec   393 KBytes  3.22 Mbits/sec  0.334 ms  0/4028 (0%)  
[  5] 129.00-130.00 sec   387 KBytes  3.17 Mbits/sec  0.404 ms  0/3961 (0%)  
[  5] 130.00-131.00 sec   389 KBytes  3.18 Mbits/sec  0.308 ms  0/3980 (0%)  
[  5] 131.00-132.00 sec   393 KBytes  3.22 Mbits/sec  0.331 ms  0/4028 (0%)  
[  5] 132.00-133.00 sec   397 KBytes  3.25 Mbits/sec  0.388 ms  0/4065 (0%)  
[  5] 133.00-134.00 sec   393 KBytes  3.22 Mbits/sec  0.429 ms  0/4020 (0%)  
[  5] 134.00-135.00 sec   390 KBytes  3.20 Mbits/sec  0.344 ms  0/3991 (0%)  
[  5] 135.00-136.00 sec   398 KBytes  3.26 Mbits/sec  0.381 ms  0/4071 (0%)  
[  5] 136.00-137.00 sec   386 KBytes  3.16 Mbits/sec  0.345 ms  0/3957 (0%)  
[  5] 137.00-138.00 sec   382 KBytes  3.13 Mbits/sec  0.351 ms  0/3916 (0%)  
[  5] 138.00-139.00 sec   379 KBytes  3.11 Mbits/sec  0.336 ms  0/3883 (0%)  
[  5] 139.00-140.00 sec   388 KBytes  3.17 Mbits/sec  0.265 ms  0/3968 (0%)  
[  5] 140.00-141.00 sec   386 KBytes  3.16 Mbits/sec  0.348 ms  0/3955 (0%)  
[  5] 141.00-142.00 sec   391 KBytes  3.20 Mbits/sec  0.310 ms  0/4002 (0%)  
[  5] 142.00-143.00 sec   392 KBytes  3.21 Mbits/sec  0.268 ms  0/4011 (0%)  
[  5] 143.00-144.00 sec   369 KBytes  3.02 Mbits/sec  0.321 ms  0/3777 (0%)  
[  5] 144.00-145.00 sec   321 KBytes  2.63 Mbits/sec  0.558 ms  0/3290 (0%)  
[  5] 145.00-146.00 sec   287 KBytes  2.35 Mbits/sec  0.355 ms  0/2939 (0%)  
[  5] 146.00-147.00 sec   337 KBytes  2.77 Mbits/sec  0.413 ms  0/3455 (0%)  
[  5] 147.00-148.00 sec   344 KBytes  2.82 Mbits/sec  0.367 ms  0/3521 (0%)  
[  5] 148.00-149.00 sec   362 KBytes  2.96 Mbits/sec  0.362 ms  0/3705 (0%)  
[  5] 149.00-150.00 sec   355 KBytes  2.91 Mbits/sec  0.418 ms  0/3633 (0%)  
[  5] 150.00-151.00 sec   362 KBytes  2.97 Mbits/sec  0.457 ms  0/3711 (0%)  
[  5] 151.00-152.00 sec   363 KBytes  2.98 Mbits/sec  0.355 ms  0/3722 (0%)  
[  5] 152.00-153.00 sec   361 KBytes  2.95 Mbits/sec  0.356 ms  0/3693 (0%)  
[  5] 153.00-154.00 sec   354 KBytes  2.90 Mbits/sec  0.370 ms  0/3620 (0%)  
[  5] 154.00-155.00 sec   355 KBytes  2.91 Mbits/sec  0.288 ms  0/3633 (0%)  
[  5] 155.00-156.00 sec   377 KBytes  3.09 Mbits/sec  0.356 ms  0/3862 (0%)  
[  5] 156.00-157.00 sec   371 KBytes  3.04 Mbits/sec  0.341 ms  0/3804 (0%)  
[  5] 157.00-158.00 sec   390 KBytes  3.19 Mbits/sec  0.324 ms  0/3991 (0%)  
[  5] 158.00-159.00 sec   368 KBytes  3.01 Mbits/sec  0.306 ms  0/3767 (0%)  
[  5] 159.00-160.00 sec   342 KBytes  2.80 Mbits/sec  0.435 ms  0/3502 (0%)  
[  5] 160.00-161.00 sec   329 KBytes  2.69 Mbits/sec  0.421 ms  0/3365 (0%)  
[  5] 161.00-162.00 sec   366 KBytes  2.99 Mbits/sec  0.330 ms  0/3743 (0%)  
[  5] 162.00-163.00 sec   378 KBytes  3.10 Mbits/sec  0.381 ms  0/3873 (0%)  
[  5] 163.00-164.00 sec   394 KBytes  3.23 Mbits/sec  0.362 ms  0/4036 (0%)  
[  5] 164.00-165.00 sec   368 KBytes  3.02 Mbits/sec  0.359 ms  0/3770 (0%)  
[  5] 165.00-166.00 sec   351 KBytes  2.87 Mbits/sec  0.303 ms  0/3591 (0%)  
[  5] 166.00-167.00 sec   367 KBytes  3.00 Mbits/sec  0.461 ms  0/3753 (0%)  
[  5] 167.00-168.00 sec   340 KBytes  2.79 Mbits/sec  0.198 ms  2/3486 (0.057%)  
[  5] 168.00-169.00 sec   310 KBytes  2.54 Mbits/sec  0.223 ms  1372/4551 (30%)  
[  5] 169.00-170.00 sec   361 KBytes  2.95 Mbits/sec  0.235 ms  1087/4779 (23%)  
[  5] 170.00-171.00 sec   334 KBytes  2.74 Mbits/sec  0.207 ms  877/4296 (20%)  
[  5] 171.00-172.00 sec   360 KBytes  2.95 Mbits/sec  0.214 ms  1123/4806 (23%)  
[  5] 172.00-173.00 sec   250 KBytes  2.05 Mbits/sec  0.219 ms  1474/4035 (37%)  
[  5] 173.00-174.00 sec   405 KBytes  3.32 Mbits/sec  0.278 ms  1464/5611 (26%)  
[  5] 174.00-175.00 sec   322 KBytes  2.63 Mbits/sec  0.217 ms  1508/4801 (31%)  
[  5] 175.00-176.00 sec   361 KBytes  2.96 Mbits/sec  0.240 ms  724/4423 (16%)  
[  5] 176.00-177.00 sec   343 KBytes  2.81 Mbits/sec  0.209 ms  901/4417 (20%)  
[  5] 177.00-178.00 sec   352 KBytes  2.88 Mbits/sec  0.211 ms  659/4261 (15%)  
[  5] 178.00-179.00 sec   362 KBytes  2.96 Mbits/sec  0.208 ms  535/4240 (13%)  
[  5] 179.00-180.00 sec   345 KBytes  2.83 Mbits/sec  0.215 ms  1220/4754 (26%)  
[  5] 180.00-181.00 sec   418 KBytes  3.42 Mbits/sec  0.226 ms  1536/5812 (26%)  
[  5] 181.00-182.00 sec   355 KBytes  2.91 Mbits/sec  0.334 ms  1062/4695 (23%)  
[  5] 182.00-183.00 sec   338 KBytes  2.77 Mbits/sec  0.200 ms  1494/4955 (30%)  
[  5] 183.00-184.00 sec   343 KBytes  2.82 Mbits/sec  0.359 ms  629/4146 (15%)  
[  5] 184.00-185.00 sec   371 KBytes  3.04 Mbits/sec  0.231 ms  1551/5352 (29%)  
[  5] 185.00-186.00 sec   311 KBytes  2.55 Mbits/sec  0.208 ms  1241/4430 (28%)  
[  5] 186.00-187.00 sec   386 KBytes  3.16 Mbits/sec  0.215 ms  1272/5227 (24%)  
[  5] 187.00-188.00 sec   348 KBytes  2.85 Mbits/sec  0.270 ms  771/4337 (18%)  
[  5] 188.00-189.00 sec   399 KBytes  3.27 Mbits/sec  0.209 ms  1072/5155 (21%)  
[  5] 189.00-190.00 sec   322 KBytes  2.64 Mbits/sec  0.211 ms  958/4256 (23%)  
[  5] 190.00-191.00 sec   398 KBytes  3.26 Mbits/sec  0.199 ms  1537/5612 (27%)  
[  5] 191.00-192.00 sec   349 KBytes  2.86 Mbits/sec  0.242 ms  513/4090 (13%)  
[  5] 192.00-193.00 sec   316 KBytes  2.59 Mbits/sec  0.269 ms  946/4178 (23%)  
[  5] 193.00-194.00 sec   336 KBytes  2.75 Mbits/sec  0.218 ms  902/4339 (21%)  
[  5] 194.00-195.00 sec   367 KBytes  3.01 Mbits/sec  0.202 ms  933/4693 (20%)  
[  5] 195.00-196.00 sec   360 KBytes  2.95 Mbits/sec  0.215 ms  1275/4964 (26%)  
[  5] 196.00-197.00 sec   319 KBytes  2.62 Mbits/sec  0.566 ms  1421/4692 (30%)  
[  5] 197.00-198.00 sec   410 KBytes  3.36 Mbits/sec  0.231 ms  841/5040 (17%)  
[  5] 198.00-199.00 sec   356 KBytes  2.92 Mbits/sec  0.214 ms  599/4244 (14%)  
[  5] 199.00-200.00 sec   428 KBytes  3.51 Mbits/sec  0.211 ms  531/4912 (11%)  
[  5] 200.00-201.00 sec   340 KBytes  2.79 Mbits/sec  0.182 ms  546/4028 (14%)  
[  5] 201.00-202.00 sec   403 KBytes  3.30 Mbits/sec  0.212 ms  803/4932 (16%)  
[  5] 202.00-203.00 sec   322 KBytes  2.64 Mbits/sec  0.218 ms  925/4225 (22%)  
[  5] 203.00-204.00 sec   407 KBytes  3.34 Mbits/sec  0.218 ms  608/4778 (13%)  
[  5] 204.00-205.00 sec   342 KBytes  2.80 Mbits/sec  0.225 ms  452/3953 (11%)  
[  5] 205.00-206.00 sec   407 KBytes  3.33 Mbits/sec  0.302 ms  1105/5270 (21%)  
[  5] 206.00-207.00 sec   362 KBytes  2.97 Mbits/sec  0.207 ms  465/4169 (11%)  
[  5] 207.00-208.00 sec   406 KBytes  3.33 Mbits/sec  0.235 ms  596/4758 (13%)  
[  5] 208.00-209.00 sec   367 KBytes  3.01 Mbits/sec  0.212 ms  451/4211 (11%)  
[  5] 209.00-210.00 sec   420 KBytes  3.44 Mbits/sec  0.204 ms  529/4833 (11%)  
[  5] 210.00-211.00 sec   374 KBytes  3.06 Mbits/sec  0.218 ms  446/4273 (10%)  
[  5] 211.00-212.00 sec   351 KBytes  2.88 Mbits/sec  0.214 ms  672/4267 (16%)  
[  5] 212.00-213.00 sec   361 KBytes  2.96 Mbits/sec  0.248 ms  565/4264 (13%)  
[  5] 213.00-214.00 sec   371 KBytes  3.04 Mbits/sec  0.212 ms  728/4522 (16%)  
[  5] 214.00-215.00 sec   395 KBytes  3.23 Mbits/sec  0.236 ms  872/4913 (18%)  
[  5] 215.00-216.00 sec   319 KBytes  2.61 Mbits/sec  3.007 ms  964/4229 (23%)  
[  5] 216.00-217.00 sec   422 KBytes  3.46 Mbits/sec  0.209 ms  521/4842 (11%)  
[  5] 217.00-218.00 sec   359 KBytes  2.94 Mbits/sec  0.213 ms  499/4173 (12%)  
[  5] 218.00-219.00 sec   406 KBytes  3.32 Mbits/sec  0.216 ms  747/4903 (15%)  
[  5] 219.00-220.00 sec   283 KBytes  2.32 Mbits/sec  0.215 ms  786/3688 (21%)  
[  5] 220.00-221.00 sec   392 KBytes  3.20 Mbits/sec  0.213 ms  1239/5249 (24%)  
[  5] 221.00-222.00 sec   335 KBytes  2.75 Mbits/sec  0.208 ms  660/4091 (16%)  
[  5] 222.00-223.00 sec   364 KBytes  2.98 Mbits/sec  0.249 ms  580/4303 (13%)  
[  5] 223.00-224.00 sec   347 KBytes  2.84 Mbits/sec  0.219 ms  542/4092 (13%)  
[  5] 224.00-225.00 sec   417 KBytes  3.42 Mbits/sec  0.213 ms  472/4744 (9.9%)  
[  5] 225.00-226.00 sec   327 KBytes  2.68 Mbits/sec  0.206 ms  414/3766 (11%)  
[  5] 226.00-227.00 sec   395 KBytes  3.24 Mbits/sec  0.207 ms  1261/5305 (24%)  
[  5] 227.00-228.00 sec   338 KBytes  2.76 Mbits/sec  0.215 ms  687/4143 (17%)  
[  5] 228.00-229.00 sec   336 KBytes  2.76 Mbits/sec  0.208 ms  621/4065 (15%)  
[  5] 229.00-230.00 sec   373 KBytes  3.06 Mbits/sec  0.218 ms  375/4196 (8.9%)  
[  5] 230.00-231.00 sec   409 KBytes  3.35 Mbits/sec  0.217 ms  1146/5336 (21%)  
[  5] 231.00-232.00 sec   357 KBytes  2.93 Mbits/sec  0.221 ms  886/4545 (19%)  
[  5] 232.00-233.00 sec   375 KBytes  3.08 Mbits/sec  0.215 ms  1111/4956 (22%)  
[  5] 233.00-234.00 sec   398 KBytes  3.26 Mbits/sec  0.286 ms  445/4516 (9.9%)  
[  5] 234.00-235.00 sec   398 KBytes  3.26 Mbits/sec  0.217 ms  561/4632 (12%)  
[  5] 235.00-236.00 sec   330 KBytes  2.70 Mbits/sec  0.203 ms  811/4187 (19%)  
[  5] 236.00-237.00 sec   361 KBytes  2.96 Mbits/sec  0.220 ms  408/4108 (9.9%)  
[  5] 237.00-238.00 sec   423 KBytes  3.47 Mbits/sec  0.287 ms  693/5025 (14%)  
[  5] 238.00-239.00 sec   282 KBytes  2.31 Mbits/sec  0.211 ms  1092/3980 (27%)  
[  5] 239.00-240.00 sec   416 KBytes  3.40 Mbits/sec  0.221 ms  683/4938 (14%)  
[  5] 240.00-241.00 sec   373 KBytes  3.06 Mbits/sec  0.219 ms  524/4345 (12%)  
[  5] 241.00-242.00 sec   348 KBytes  2.85 Mbits/sec  0.291 ms  968/4529 (21%)  
[  5] 242.00-243.00 sec   394 KBytes  3.23 Mbits/sec  0.217 ms  687/4719 (15%)  
[  5] 243.00-244.00 sec   349 KBytes  2.86 Mbits/sec  0.219 ms  694/4263 (16%)  
[  5] 244.00-245.00 sec   409 KBytes  3.35 Mbits/sec  0.212 ms  647/4839 (13%)  
[  5] 245.00-246.00 sec   340 KBytes  2.79 Mbits/sec  0.200 ms  758/4241 (18%)  
[  5] 246.00-247.00 sec   418 KBytes  3.43 Mbits/sec  0.203 ms  791/5074 (16%)  
[  5] 247.00-248.00 sec   350 KBytes  2.87 Mbits/sec  0.214 ms  792/4379 (18%)  
[  5] 248.00-249.00 sec   371 KBytes  3.04 Mbits/sec  0.278 ms  531/4331 (12%)  
[  5] 249.00-250.00 sec   366 KBytes  3.00 Mbits/sec  0.207 ms  1130/4881 (23%)  
[  5] 250.00-251.00 sec   304 KBytes  2.49 Mbits/sec  0.217 ms  498/3609 (14%)  
[  5] 251.00-252.00 sec   414 KBytes  3.40 Mbits/sec  0.215 ms  1126/5370 (21%)  
[  5] 252.00-253.00 sec   354 KBytes  2.90 Mbits/sec  0.210 ms  556/4176 (13%)  
[  5] 253.00-254.00 sec   434 KBytes  3.55 Mbits/sec  0.203 ms  557/5000 (11%)  
[  5] 254.00-255.00 sec   361 KBytes  2.96 Mbits/sec  0.208 ms  497/4196 (12%)  
[  5] 255.00-256.00 sec   391 KBytes  3.21 Mbits/sec  0.210 ms  879/4886 (18%)  
[  5] 256.00-257.00 sec   362 KBytes  2.96 Mbits/sec  0.210 ms  596/4301 (14%)  
[  5] 257.00-258.00 sec   388 KBytes  3.18 Mbits/sec  0.227 ms  824/4796 (17%)  
[  5] 258.00-259.00 sec   316 KBytes  2.59 Mbits/sec  0.206 ms  1039/4275 (24%)  
[  5] 259.00-260.00 sec   377 KBytes  3.09 Mbits/sec  0.216 ms  1022/4879 (21%)  
[  5] 260.00-261.00 sec   306 KBytes  2.51 Mbits/sec  0.218 ms  588/3725 (16%)  
[  5] 261.00-262.00 sec   389 KBytes  3.19 Mbits/sec  0.207 ms  1448/5430 (27%)  
[  5] 262.00-263.00 sec   325 KBytes  2.67 Mbits/sec  0.202 ms  903/4236 (21%)  
[  5] 263.00-264.00 sec   357 KBytes  2.93 Mbits/sec  0.204 ms  495/4155 (12%)  
[  5] 264.00-265.00 sec   429 KBytes  3.51 Mbits/sec  0.215 ms  486/4878 (10%)  
[  5] 265.00-266.00 sec   369 KBytes  3.02 Mbits/sec  0.212 ms  460/4237 (11%)  
[  5] 266.00-267.00 sec   404 KBytes  3.32 Mbits/sec  0.239 ms  823/4965 (17%)  
[  5] 267.00-268.00 sec   349 KBytes  2.86 Mbits/sec  0.213 ms  730/4303 (17%)  
[  5] 268.00-269.00 sec   352 KBytes  2.88 Mbits/sec  0.215 ms  493/4098 (12%)  
[  5] 269.00-270.00 sec   432 KBytes  3.54 Mbits/sec  0.216 ms  471/4893 (9.6%)  
[  5] 270.00-271.00 sec   349 KBytes  2.86 Mbits/sec  0.234 ms  502/4079 (12%)  
[  5] 271.00-272.00 sec   385 KBytes  3.16 Mbits/sec  0.468 ms  1114/5058 (22%)  
[  5] 272.00-273.00 sec   362 KBytes  2.96 Mbits/sec  0.210 ms  404/4109 (9.8%)  
[  5] 273.00-274.00 sec   379 KBytes  3.11 Mbits/sec  0.257 ms  490/4375 (11%)  
[  5] 274.00-275.00 sec   377 KBytes  3.09 Mbits/sec  0.217 ms  635/4496 (14%)  
[  5] 275.00-276.00 sec   354 KBytes  2.90 Mbits/sec  0.217 ms  483/4112 (12%)  
[  5] 276.00-277.00 sec   352 KBytes  2.88 Mbits/sec  0.208 ms  563/4163 (14%)  
[  5] 277.00-278.00 sec   417 KBytes  3.42 Mbits/sec  0.247 ms  637/4907 (13%)  
[  5] 278.00-279.00 sec   347 KBytes  2.85 Mbits/sec  0.295 ms  647/4205 (15%)  
[  5] 279.00-280.00 sec   403 KBytes  3.30 Mbits/sec  0.216 ms  805/4929 (16%)  
[  5] 280.00-281.00 sec   311 KBytes  2.54 Mbits/sec  0.216 ms  890/4070 (22%)  
[  5] 281.00-282.00 sec   433 KBytes  3.55 Mbits/sec  0.219 ms  665/5098 (13%)  
[  5] 282.00-283.00 sec   349 KBytes  2.86 Mbits/sec  0.213 ms  564/4142 (14%)  
[  5] 283.00-284.00 sec   397 KBytes  3.26 Mbits/sec  0.214 ms  555/4625 (12%)  
[  5] 284.00-285.00 sec   366 KBytes  3.00 Mbits/sec  0.193 ms  739/4485 (16%)  
[  5] 285.00-286.00 sec   355 KBytes  2.91 Mbits/sec  0.209 ms  546/4179 (13%)  
[  5] 286.00-287.00 sec   407 KBytes  3.33 Mbits/sec  0.217 ms  1021/5185 (20%)  
[  5] 287.00-288.00 sec   349 KBytes  2.86 Mbits/sec  0.219 ms  515/4093 (13%)  
[  5] 288.00-289.00 sec   418 KBytes  3.42 Mbits/sec  0.217 ms  672/4949 (14%)  
[  5] 289.00-290.00 sec   404 KBytes  3.31 Mbits/sec  0.225 ms  739/4872 (15%)  
[  5] 290.00-291.00 sec   362 KBytes  2.96 Mbits/sec  0.235 ms  423/4128 (10%)  
[  5] 291.00-292.00 sec   389 KBytes  3.19 Mbits/sec  0.212 ms  736/4722 (16%)  
[  5] 292.00-293.00 sec   385 KBytes  3.15 Mbits/sec  0.213 ms  532/4474 (12%)  
[  5] 293.00-294.00 sec   338 KBytes  2.77 Mbits/sec  0.282 ms  727/4189 (17%)  
[  5] 294.00-295.00 sec   419 KBytes  3.43 Mbits/sec  0.317 ms  539/4832 (11%)  
[  5] 295.00-296.00 sec   345 KBytes  2.83 Mbits/sec  0.208 ms  887/4424 (20%)  
[  5] 296.00-297.00 sec   422 KBytes  3.46 Mbits/sec  0.194 ms  644/4965 (13%)  
[  5] 297.00-298.00 sec   344 KBytes  2.82 Mbits/sec  0.237 ms  785/4312 (18%)  
[  5] 298.00-299.00 sec   415 KBytes  3.40 Mbits/sec  0.218 ms  544/4795 (11%)  
[  5] 299.00-300.00 sec   357 KBytes  2.93 Mbits/sec  0.203 ms  396/4052 (9.8%)  
[  5] 300.00-301.00 sec   405 KBytes  3.32 Mbits/sec  0.216 ms  711/4858 (15%)  
[  5] 301.00-302.00 sec   331 KBytes  2.71 Mbits/sec  0.216 ms  792/4180 (19%)  
[  5] 302.00-303.00 sec   409 KBytes  3.35 Mbits/sec  0.210 ms  755/4947 (15%)  
[  5] 303.00-304.00 sec   291 KBytes  2.38 Mbits/sec  0.208 ms  1328/4305 (31%)  
[  5] 304.00-305.00 sec   433 KBytes  3.55 Mbits/sec  0.218 ms  617/5054 (12%)  
[  5] 305.00-306.00 sec   278 KBytes  2.28 Mbits/sec  0.444 ms  1034/3881 (27%)  
[  5] 306.00-307.00 sec   364 KBytes  2.98 Mbits/sec  0.213 ms  610/4341 (14%)  
[  5] 307.00-308.00 sec   362 KBytes  2.96 Mbits/sec  0.217 ms  337/4042 (8.3%)  
[  5] 308.00-309.00 sec   323 KBytes  2.65 Mbits/sec  0.217 ms  583/3890 (15%)  
[  5] 309.00-310.00 sec   342 KBytes  2.80 Mbits/sec  0.214 ms  842/4341 (19%)  
[  5] 310.00-311.00 sec   314 KBytes  2.58 Mbits/sec  0.216 ms  797/4017 (20%)  
[  5] 311.00-312.00 sec   428 KBytes  3.51 Mbits/sec  0.251 ms  536/4918 (11%)  
[  5] 312.00-313.00 sec   299 KBytes  2.45 Mbits/sec  0.208 ms  626/3688 (17%)  
[  5] 313.00-314.00 sec   406 KBytes  3.32 Mbits/sec  0.250 ms  1133/5288 (21%)  
[  5] 314.00-315.00 sec   430 KBytes  3.52 Mbits/sec  0.243 ms  597/5002 (12%)  
[  5] 315.00-316.00 sec   348 KBytes  2.86 Mbits/sec  0.160 ms  497/4065 (12%)  
[  5] 316.00-317.00 sec   406 KBytes  3.32 Mbits/sec  0.224 ms  613/4768 (13%)  
[  5] 317.00-318.00 sec   386 KBytes  3.16 Mbits/sec  0.210 ms  392/4341 (9%)  
[  5] 318.00-319.00 sec   333 KBytes  2.72 Mbits/sec  0.219 ms  493/3898 (13%)  
[  5] 319.00-320.00 sec   265 KBytes  2.17 Mbits/sec  0.214 ms  935/3651 (26%)  
[  5] 320.00-321.00 sec   341 KBytes  2.80 Mbits/sec  0.225 ms  709/4205 (17%)  
[  5] 321.00-322.00 sec   241 KBytes  1.97 Mbits/sec  0.216 ms  358/2826 (13%)  
[  5] 322.00-323.00 sec   236 KBytes  1.93 Mbits/sec  0.218 ms  317/2735 (12%)  
[  5] 323.00-324.00 sec   290 KBytes  2.37 Mbits/sec  0.211 ms  405/3372 (12%)  
[  5] 324.00-325.00 sec   291 KBytes  2.39 Mbits/sec  0.219 ms  492/3474 (14%)  
[  5] 325.00-326.00 sec   279 KBytes  2.29 Mbits/sec  0.250 ms  589/3446 (17%)  
[  5] 326.00-327.00 sec   263 KBytes  2.15 Mbits/sec  0.212 ms  505/3194 (16%)  
[  5] 327.00-328.00 sec   275 KBytes  2.26 Mbits/sec  0.194 ms  1488/4306 (35%)  
[  5] 328.00-329.00 sec   287 KBytes  2.35 Mbits/sec  0.228 ms  788/3731 (21%)  
[  5] 329.00-330.00 sec   313 KBytes  2.57 Mbits/sec  0.198 ms  653/3858 (17%)  
[  5] 330.00-331.00 sec   349 KBytes  2.86 Mbits/sec  0.212 ms  833/4410 (19%)  
[  5] 331.00-332.00 sec   285 KBytes  2.34 Mbits/sec  0.344 ms  765/3685 (21%)  
[  5] 332.00-333.00 sec   261 KBytes  2.14 Mbits/sec  0.283 ms  753/3423 (22%)  
[  5] 333.00-334.00 sec   274 KBytes  2.24 Mbits/sec  0.272 ms  678/3484 (19%)  
[  5] 334.00-335.00 sec   285 KBytes  2.33 Mbits/sec  0.210 ms  446/3361 (13%)  
[  5] 335.00-336.00 sec   289 KBytes  2.37 Mbits/sec  0.217 ms  489/3446 (14%)  
[  5] 336.00-337.00 sec   292 KBytes  2.39 Mbits/sec  0.219 ms  527/3522 (15%)  
[  5] 337.00-338.00 sec   373 KBytes  3.06 Mbits/sec  0.216 ms  430/4247 (10%)  
[  5] 338.00-339.00 sec   237 KBytes  1.94 Mbits/sec  0.226 ms  798/3227 (25%)  
[  5] 339.00-340.00 sec   311 KBytes  2.55 Mbits/sec  0.216 ms  908/4097 (22%)  
[  5] 340.00-341.00 sec   284 KBytes  2.33 Mbits/sec  0.242 ms  674/3579 (19%)  
[  5] 341.00-342.00 sec   222 KBytes  1.82 Mbits/sec  0.270 ms  469/2739 (17%)  
[  5] 342.00-343.00 sec   286 KBytes  2.34 Mbits/sec  0.214 ms  981/3909 (25%)  
[  5] 343.00-344.00 sec   291 KBytes  2.39 Mbits/sec  0.203 ms  972/3954 (25%)  
[  5] 344.00-345.00 sec   334 KBytes  2.74 Mbits/sec  0.526 ms  1282/4705 (27%)  
[  5] 345.00-346.00 sec   285 KBytes  2.34 Mbits/sec  0.354 ms  3322/6245 (53%)  
[  5] 346.00-347.00 sec   334 KBytes  2.73 Mbits/sec  0.220 ms  2426/5844 (42%)  
[  5] 347.00-348.00 sec   285 KBytes  2.33 Mbits/sec  0.216 ms  2588/5503 (47%)  
[  5] 348.00-349.00 sec   356 KBytes  2.91 Mbits/sec  0.215 ms  1505/5146 (29%)  
[  5] 349.00-350.00 sec   328 KBytes  2.69 Mbits/sec  0.210 ms  2233/5593 (40%)  
[  5] 350.00-351.00 sec   288 KBytes  2.36 Mbits/sec  0.214 ms  1867/4813 (39%)  
[  5] 351.00-352.00 sec   306 KBytes  2.51 Mbits/sec  1.478 ms  1805/4938 (37%)  
[  5] 352.00-353.00 sec   367 KBytes  3.01 Mbits/sec  0.302 ms  1751/5510 (32%)  
[  5] 353.00-354.00 sec   304 KBytes  2.49 Mbits/sec  0.212 ms  1855/4969 (37%)  
[  5] 354.00-355.00 sec   345 KBytes  2.82 Mbits/sec  0.212 ms  1734/5263 (33%)  
[  5] 355.00-356.00 sec   294 KBytes  2.41 Mbits/sec  0.215 ms  1429/4440 (32%)  
[  5] 356.00-357.00 sec   290 KBytes  2.38 Mbits/sec  0.221 ms  1373/4342 (32%)  
[  5] 357.00-358.00 sec   362 KBytes  2.96 Mbits/sec  0.211 ms  1830/5537 (33%)  
[  5] 358.00-359.00 sec   301 KBytes  2.47 Mbits/sec  0.207 ms  1058/4142 (26%)  
[  5] 359.00-360.00 sec   362 KBytes  2.96 Mbits/sec  0.217 ms  1569/5273 (30%)  
[  5] 360.00-361.00 sec   283 KBytes  2.32 Mbits/sec  0.214 ms  1276/4172 (31%)  
[  5] 361.00-362.00 sec   335 KBytes  2.74 Mbits/sec  0.212 ms  1504/4937 (30%)  
[  5] 362.00-363.00 sec   275 KBytes  2.25 Mbits/sec  0.216 ms  1638/4452 (37%)  
[  5] 363.00-364.00 sec   349 KBytes  2.86 Mbits/sec  0.212 ms  2542/6112 (42%)  
[  5] 364.00-365.00 sec   296 KBytes  2.43 Mbits/sec  0.204 ms  1249/4281 (29%)  
[  5] 365.00-366.00 sec   264 KBytes  2.17 Mbits/sec  0.226 ms  1350/4058 (33%)  
[  5] 366.00-367.00 sec   345 KBytes  2.83 Mbits/sec  0.215 ms  1054/4589 (23%)  
[  5] 367.00-368.00 sec   292 KBytes  2.39 Mbits/sec  0.231 ms  839/3825 (22%)  
[  5] 368.00-369.00 sec   355 KBytes  2.91 Mbits/sec  0.139 ms  980/4612 (21%)  
[  5] 369.00-370.00 sec   298 KBytes  2.44 Mbits/sec  0.218 ms  802/3856 (21%)  
[  5] 370.00-371.00 sec   343 KBytes  2.81 Mbits/sec  0.209 ms  948/4460 (21%)  
[  5] 371.00-372.00 sec   360 KBytes  2.95 Mbits/sec  0.231 ms  1020/4705 (22%)  
[  5] 372.00-373.00 sec   272 KBytes  2.23 Mbits/sec  0.220 ms  1055/3840 (27%)  
[  5] 373.00-374.00 sec   373 KBytes  3.06 Mbits/sec  0.222 ms  1087/4909 (22%)  
[  5] 374.00-375.00 sec   265 KBytes  2.17 Mbits/sec  0.323 ms  675/3386 (20%)  
[  5] 375.00-376.00 sec   344 KBytes  2.82 Mbits/sec  0.219 ms  1295/4818 (27%)  
[  5] 376.00-377.00 sec   291 KBytes  2.39 Mbits/sec  0.202 ms  1161/4144 (28%)  
[  5] 377.00-378.00 sec   334 KBytes  2.74 Mbits/sec  0.214 ms  1123/4547 (25%)  
[  5] 378.00-379.00 sec   362 KBytes  2.97 Mbits/sec  0.215 ms  1235/4940 (25%)  
[  5] 379.00-380.00 sec   373 KBytes  3.06 Mbits/sec  0.213 ms  1453/5274 (28%)  
[  5] 380.00-381.00 sec   354 KBytes  2.90 Mbits/sec  0.201 ms  1399/5019 (28%)  
[  5] 381.00-382.00 sec   348 KBytes  2.85 Mbits/sec  0.208 ms  1379/4940 (28%)  
[  5] 382.00-383.00 sec   331 KBytes  2.72 Mbits/sec  0.217 ms  1310/4704 (28%)  
[  5] 383.00-384.00 sec   340 KBytes  2.79 Mbits/sec  0.218 ms  1515/5001 (30%)  
[  5] 384.00-385.00 sec   373 KBytes  3.05 Mbits/sec  0.215 ms  1325/5143 (26%)  
[  5] 385.00-386.00 sec   358 KBytes  2.94 Mbits/sec  0.218 ms  1151/4820 (24%)  
[  5] 386.00-387.00 sec   333 KBytes  2.72 Mbits/sec  0.306 ms  1539/4944 (31%)  
[  5] 387.00-388.00 sec   347 KBytes  2.84 Mbits/sec  0.217 ms  1584/5140 (31%)  
[  5] 388.00-389.00 sec   299 KBytes  2.45 Mbits/sec  0.221 ms  1869/4932 (38%)  
[  5] 389.00-390.00 sec   243 KBytes  1.99 Mbits/sec  0.299 ms  2400/4890 (49%)  
[  5] 390.00-391.00 sec   348 KBytes  2.85 Mbits/sec  0.217 ms  1264/4826 (26%)  
[  5] 391.00-392.00 sec   301 KBytes  2.47 Mbits/sec  0.249 ms  812/3895 (21%)  
[  5] 392.00-393.00 sec   421 KBytes  3.45 Mbits/sec  0.439 ms  1369/5681 (24%)  
[  5] 393.00-394.00 sec   359 KBytes  2.94 Mbits/sec  0.218 ms  1079/4752 (23%)  
[  5] 394.00-395.00 sec   342 KBytes  2.80 Mbits/sec  0.263 ms  1138/4637 (25%)  
[  5] 395.00-396.00 sec   373 KBytes  3.06 Mbits/sec  0.183 ms  1598/5418 (29%)  
[  5] 396.00-397.00 sec   330 KBytes  2.70 Mbits/sec  0.211 ms  1428/4807 (30%)  
[  5] 397.00-398.00 sec   361 KBytes  2.96 Mbits/sec  0.224 ms  1168/4866 (24%)  
[  5] 398.00-399.00 sec   366 KBytes  3.00 Mbits/sec  0.213 ms  1068/4815 (22%)  
[  5] 399.00-400.00 sec   295 KBytes  2.42 Mbits/sec  0.280 ms  725/3745 (19%)  
[  5] 400.00-401.00 sec   332 KBytes  2.72 Mbits/sec  0.219 ms  1052/4449 (24%)  
[  5] 401.00-402.00 sec   301 KBytes  2.47 Mbits/sec  0.217 ms  482/3565 (14%)  
[  5] 402.00-403.00 sec   289 KBytes  2.36 Mbits/sec  0.317 ms  912/3869 (24%)  
[  5] 403.00-404.00 sec   220 KBytes  1.81 Mbits/sec  0.123 ms  1027/3282 (31%)  
[  5] 404.00-405.00 sec   289 KBytes  2.37 Mbits/sec  0.211 ms  766/3727 (21%)  
[  5] 405.00-406.00 sec   344 KBytes  2.82 Mbits/sec  0.216 ms  922/4443 (21%)  
[  5] 406.00-407.00 sec   256 KBytes  2.10 Mbits/sec  0.289 ms  1035/3659 (28%)  
[  5] 407.00-408.00 sec   301 KBytes  2.47 Mbits/sec  0.288 ms  552/3635 (15%)  
[  5] 408.00-409.00 sec   297 KBytes  2.43 Mbits/sec  0.434 ms  658/3699 (18%)  
[  5] 409.00-410.00 sec   314 KBytes  2.57 Mbits/sec  0.218 ms  867/4078 (21%)  
[  5] 410.00-411.00 sec   350 KBytes  2.87 Mbits/sec  0.219 ms  832/4418 (19%)  
[  5] 411.00-412.00 sec   304 KBytes  2.49 Mbits/sec  0.212 ms  668/3779 (18%)  
[  5] 412.00-413.00 sec   301 KBytes  2.47 Mbits/sec  0.215 ms  608/3692 (16%)  
[  5] 413.00-414.00 sec   332 KBytes  2.72 Mbits/sec  0.231 ms  996/4395 (23%)  
[  5] 414.00-415.00 sec   328 KBytes  2.69 Mbits/sec  0.231 ms  1022/4382 (23%)  
[  5] 415.00-416.00 sec   293 KBytes  2.40 Mbits/sec  0.216 ms  1020/4025 (25%)  
[  5] 416.00-417.00 sec   324 KBytes  2.66 Mbits/sec  0.353 ms  997/4317 (23%)  
[  5] 417.00-418.00 sec   290 KBytes  2.38 Mbits/sec  0.234 ms  866/3839 (23%)  
[  5] 418.00-419.00 sec   347 KBytes  2.84 Mbits/sec  0.239 ms  720/4270 (17%)  
[  5] 419.00-420.00 sec   310 KBytes  2.54 Mbits/sec  0.214 ms  785/3955 (20%)  
[  5] 420.00-421.00 sec   285 KBytes  2.33 Mbits/sec  0.204 ms  769/3684 (21%)  
