Connecting to host 172.22.0.50, port 5202
Reverse mode, remote host 172.22.0.50 is sending
[  5] local 192.168.102.2 port 54175 connected to 172.22.0.50 port 5202
[ ID] Interval           Transfer     Bitrate         Jitter    Lost/Total Datagrams
[  5]   0.00-1.00   sec   440 KBytes  3.60 Mbits/sec  0.297 ms  0/4509 (0%)  
[  5]   1.00-2.00   sec   439 KBytes  3.60 Mbits/sec  0.276 ms  0/4498 (0%)  
[  5]   2.00-3.00   sec   439 KBytes  3.60 Mbits/sec  0.308 ms  0/4500 (0%)  
[  5]   3.00-4.00   sec   438 KBytes  3.58 Mbits/sec  0.403 ms  0/4482 (0%)  
[  5]   4.00-5.00   sec   440 KBytes  3.61 Mbits/sec  0.286 ms  0/4510 (0%)  
[  5]   5.00-6.00   sec   438 KBytes  3.59 Mbits/sec  0.371 ms  0/4488 (0%)  
[  5]   6.00-7.00   sec   440 KBytes  3.61 Mbits/sec  0.303 ms  0/4509 (0%)  
[  5]   7.00-8.00   sec   436 KBytes  3.56 Mbits/sec  0.396 ms  0/4460 (0%)  
[  5]   8.00-9.00   sec   443 KBytes  3.64 Mbits/sec  0.310 ms  0/4535 (0%)  
[  5]   9.00-10.00  sec   440 KBytes  3.60 Mbits/sec  0.350 ms  0/4504 (0%)  
[  5]  10.00-11.00  sec   438 KBytes  3.59 Mbits/sec  0.488 ms  0/4486 (0%)  
[  5]  11.00-12.00  sec   442 KBytes  3.62 Mbits/sec  0.288 ms  0/4522 (0%)  
[  5]  12.00-13.00  sec   439 KBytes  3.59 Mbits/sec  0.405 ms  0/4495 (0%)  
[  5]  13.00-14.00  sec   438 KBytes  3.59 Mbits/sec  0.427 ms  0/4490 (0%)  
[  5]  14.00-15.00  sec   437 KBytes  3.58 Mbits/sec  0.230 ms  0/4474 (0%)  
[  5]  15.00-16.00  sec   443 KBytes  3.63 Mbits/sec  0.455 ms  0/4534 (0%)  
[  5]  16.00-17.00  sec   441 KBytes  3.61 Mbits/sec  0.292 ms  0/4517 (0%)  
[  5]  17.00-18.00  sec   396 KBytes  3.25 Mbits/sec  0.479 ms  0/4057 (0%)  
[  5]  18.00-19.00  sec   297 KBytes  2.43 Mbits/sec  0.324 ms  0/3040 (0%)  
[  5]  19.00-20.00  sec   309 KBytes  2.53 Mbits/sec  0.452 ms  0/3168 (0%)  
[  5]  20.00-21.00  sec   305 KBytes  2.50 Mbits/sec  0.402 ms  0/3128 (0%)  
[  5]  21.00-22.00  sec   312 KBytes  2.55 Mbits/sec  0.412 ms  0/3190 (0%)  
[  5]  22.00-23.00  sec   306 KBytes  2.50 Mbits/sec  0.319 ms  0/3130 (0%)  
[  5]  23.00-24.00  sec   304 KBytes  2.49 Mbits/sec  0.412 ms  0/3109 (0%)  
[  5]  24.00-25.00  sec   316 KBytes  2.59 Mbits/sec  0.375 ms  0/3237 (0%)  
[  5]  25.00-26.00  sec   316 KBytes  2.59 Mbits/sec  0.323 ms  0/3236 (0%)  
[  5]  26.00-27.00  sec   313 KBytes  2.57 Mbits/sec  0.353 ms  0/3207 (0%)  
[  5]  27.00-28.00  sec   315 KBytes  2.58 Mbits/sec  0.340 ms  0/3229 (0%)  
[  5]  28.00-29.00  sec   309 KBytes  2.53 Mbits/sec  0.453 ms  0/3162 (0%)  
[  5]  29.00-30.00  sec   311 KBytes  2.54 Mbits/sec  0.400 ms  0/3182 (0%)  
[  5]  30.00-31.00  sec   306 KBytes  2.51 Mbits/sec  0.430 ms  0/3132 (0%)  
[  5]  31.00-32.00  sec   315 KBytes  2.58 Mbits/sec  0.323 ms  0/3225 (0%)  
[  5]  32.00-33.00  sec   312 KBytes  2.56 Mbits/sec  0.366 ms  0/3199 (0%)  
[  5]  33.00-34.00  sec   314 KBytes  2.58 Mbits/sec  0.391 ms  0/3220 (0%)  
[  5]  34.00-35.00  sec   315 KBytes  2.58 Mbits/sec  0.418 ms  0/3221 (0%)  
[  5]  35.00-36.00  sec   319 KBytes  2.61 Mbits/sec  0.401 ms  0/3262 (0%)  
[  5]  36.00-37.00  sec   316 KBytes  2.59 Mbits/sec  0.434 ms  0/3240 (0%)  
[  5]  37.00-38.00  sec   317 KBytes  2.59 Mbits/sec  0.387 ms  0/3243 (0%)  
[  5]  38.00-39.00  sec   305 KBytes  2.50 Mbits/sec  0.400 ms  0/3128 (0%)  
[  5]  39.00-40.00  sec   307 KBytes  2.52 Mbits/sec  0.381 ms  0/3146 (0%)  
[  5]  40.00-41.00  sec   292 KBytes  2.39 Mbits/sec  0.408 ms  0/2991 (0%)  
[  5]  41.00-42.00  sec   311 KBytes  2.54 Mbits/sec  0.438 ms  0/3180 (0%)  
[  5]  42.00-43.00  sec   318 KBytes  2.60 Mbits/sec  0.403 ms  0/3253 (0%)  
[  5]  43.00-44.00  sec   315 KBytes  2.58 Mbits/sec  0.386 ms  0/3224 (0%)  
[  5]  44.00-45.00  sec   311 KBytes  2.55 Mbits/sec  0.388 ms  0/3187 (0%)  
[  5]  45.00-46.00  sec   312 KBytes  2.56 Mbits/sec  0.489 ms  0/3194 (0%)  
[  5]  46.00-47.00  sec   302 KBytes  2.47 Mbits/sec  0.466 ms  0/3089 (0%)  
[  5]  47.00-48.00  sec   316 KBytes  2.58 Mbits/sec  0.422 ms  0/3232 (0%)  
[  5]  48.00-49.00  sec   305 KBytes  2.50 Mbits/sec  0.385 ms  0/3125 (0%)  
[  5]  49.00-50.00  sec   301 KBytes  2.47 Mbits/sec  0.379 ms  0/3085 (0%)  
[  5]  50.00-51.00  sec   303 KBytes  2.48 Mbits/sec  0.402 ms  0/3098 (0%)  
[  5]  51.00-52.00  sec   290 KBytes  2.37 Mbits/sec  0.445 ms  0/2968 (0%)  
[  5]  52.00-53.00  sec   306 KBytes  2.51 Mbits/sec  0.421 ms  0/3130 (0%)  
[  5]  53.00-54.00  sec   311 KBytes  2.55 Mbits/sec  0.448 ms  0/3188 (0%)  
[  5]  54.00-55.00  sec   313 KBytes  2.57 Mbits/sec  0.444 ms  0/3207 (0%)  
[  5]  55.00-56.00  sec   317 KBytes  2.60 Mbits/sec  0.366 ms  0/3248 (0%)  
[  5]  56.00-57.00  sec   318 KBytes  2.60 Mbits/sec  0.381 ms  0/3254 (0%)  
[  5]  57.00-58.00  sec   320 KBytes  2.62 Mbits/sec  0.416 ms  0/3277 (0%)  
[  5]  58.00-59.00  sec   306 KBytes  2.51 Mbits/sec  0.372 ms  0/3133 (0%)  
[  5]  59.00-60.00  sec   314 KBytes  2.58 Mbits/sec  0.384 ms  0/3220 (0%)  
[  5]  60.00-61.00  sec   313 KBytes  2.57 Mbits/sec  0.403 ms  0/3207 (0%)  
[  5]  61.00-62.00  sec   302 KBytes  2.47 Mbits/sec  0.356 ms  0/3088 (0%)  
[  5]  62.00-63.00  sec   308 KBytes  2.52 Mbits/sec  0.321 ms  0/3152 (0%)  
[  5]  63.00-64.00  sec   309 KBytes  2.53 Mbits/sec  0.353 ms  0/3161 (0%)  
[  5]  64.00-65.00  sec   311 KBytes  2.55 Mbits/sec  0.377 ms  0/3187 (0%)  
[  5]  65.00-66.00  sec   308 KBytes  2.52 Mbits/sec  0.402 ms  0/3156 (0%)  
[  5]  66.00-67.00  sec   310 KBytes  2.54 Mbits/sec  0.369 ms  0/3175 (0%)  
[  5]  67.00-68.00  sec   314 KBytes  2.57 Mbits/sec  0.353 ms  0/3216 (0%)  
[  5]  68.00-69.00  sec   312 KBytes  2.56 Mbits/sec  0.354 ms  0/3198 (0%)  
[  5]  69.00-70.00  sec   309 KBytes  2.54 Mbits/sec  0.371 ms  0/3169 (0%)  
[  5]  70.00-71.00  sec   314 KBytes  2.57 Mbits/sec  0.388 ms  0/3217 (0%)  
[  5]  71.00-72.00  sec   316 KBytes  2.59 Mbits/sec  0.334 ms  0/3240 (0%)  
[  5]  72.00-73.00  sec   313 KBytes  2.56 Mbits/sec  0.461 ms  0/3203 (0%)  
[  5]  73.00-74.00  sec   306 KBytes  2.51 Mbits/sec  0.414 ms  0/3132 (0%)  
[  5]  74.00-75.00  sec   309 KBytes  2.53 Mbits/sec  0.341 ms  0/3162 (0%)  
[  5]  75.00-76.00  sec   308 KBytes  2.52 Mbits/sec  0.325 ms  0/3153 (0%)  
[  5]  76.00-77.00  sec   299 KBytes  2.45 Mbits/sec  0.357 ms  0/3064 (0%)  
[  5]  77.00-78.00  sec   314 KBytes  2.57 Mbits/sec  0.494 ms  0/3212 (0%)  
[  5]  78.00-79.00  sec   308 KBytes  2.52 Mbits/sec  0.417 ms  0/3151 (0%)  
[  5]  79.00-80.00  sec   313 KBytes  2.57 Mbits/sec  0.385 ms  0/3207 (0%)  
[  5]  80.00-81.00  sec   307 KBytes  2.51 Mbits/sec  0.378 ms  0/3139 (0%)  
[  5]  81.00-82.00  sec   313 KBytes  2.56 Mbits/sec  0.350 ms  0/3203 (0%)  
[  5]  82.00-83.00  sec   317 KBytes  2.60 Mbits/sec  0.331 ms  0/3248 (0%)  
[  5]  83.00-84.00  sec   314 KBytes  2.57 Mbits/sec  0.392 ms  0/3212 (0%)  
[  5]  84.00-85.00  sec   312 KBytes  2.55 Mbits/sec  0.440 ms  0/3191 (0%)  
[  5]  85.00-86.00  sec   315 KBytes  2.58 Mbits/sec  0.379 ms  0/3230 (0%)  
[  5]  86.00-87.00  sec   302 KBytes  2.47 Mbits/sec  0.398 ms  0/3092 (0%)  
[  5]  87.00-88.00  sec   289 KBytes  2.37 Mbits/sec  0.459 ms  0/2963 (0%)  
[  5]  88.00-89.00  sec   289 KBytes  2.37 Mbits/sec  0.387 ms  0/2958 (0%)  
[  5]  89.00-90.00  sec   289 KBytes  2.37 Mbits/sec  0.352 ms  0/2958 (0%)  
[  5]  90.00-91.00  sec   295 KBytes  2.41 Mbits/sec  0.390 ms  0/3016 (0%)  
[  5]  91.00-92.00  sec   312 KBytes  2.55 Mbits/sec  0.433 ms  0/3192 (0%)  
[  5]  92.00-93.00  sec   316 KBytes  2.59 Mbits/sec  0.438 ms  0/3235 (0%)  
[  5]  93.00-94.00  sec   308 KBytes  2.52 Mbits/sec  0.357 ms  0/3156 (0%)  
[  5]  94.00-95.00  sec   317 KBytes  2.59 Mbits/sec  0.340 ms  0/3242 (0%)  
[  5]  95.00-96.00  sec   306 KBytes  2.51 Mbits/sec  0.343 ms  0/3135 (0%)  
[  5]  96.00-97.00  sec   310 KBytes  2.54 Mbits/sec  0.368 ms  0/3178 (0%)  
[  5]  97.00-98.00  sec   309 KBytes  2.53 Mbits/sec  0.368 ms  0/3167 (0%)  
[  5]  98.00-99.00  sec   305 KBytes  2.50 Mbits/sec  0.433 ms  0/3124 (0%)  
[  5]  99.00-100.00 sec   236 KBytes  1.93 Mbits/sec  0.223 ms  354/2772 (13%)  
[  5] 100.00-101.00 sec   296 KBytes  2.42 Mbits/sec  0.331 ms  1442/4472 (32%)  
[  5] 101.00-102.00 sec   275 KBytes  2.25 Mbits/sec  0.220 ms  1831/4645 (39%)  
[  5] 102.00-103.00 sec   325 KBytes  2.66 Mbits/sec  2.030 ms  1854/5185 (36%)  
[  5] 103.00-104.00 sec   302 KBytes  2.48 Mbits/sec  0.208 ms  1388/4484 (31%)  
[  5] 104.00-105.00 sec   287 KBytes  2.35 Mbits/sec  0.210 ms  1488/4422 (34%)  
[  5] 105.00-106.00 sec   246 KBytes  2.01 Mbits/sec  8.382 ms  1390/3906 (36%)  
[  5] 106.00-107.00 sec   348 KBytes  2.85 Mbits/sec  0.208 ms  1393/4959 (28%)  
[  5] 107.00-108.00 sec   305 KBytes  2.50 Mbits/sec  0.218 ms  1197/4319 (28%)  
[  5] 108.00-109.00 sec   297 KBytes  2.43 Mbits/sec  0.223 ms  1478/4517 (33%)  
[  5] 109.00-110.00 sec   291 KBytes  2.38 Mbits/sec  0.637 ms  1204/4181 (29%)  
[  5] 110.00-111.00 sec   309 KBytes  2.53 Mbits/sec  0.219 ms  1572/4734 (33%)  
[  5] 111.00-112.00 sec   303 KBytes  2.48 Mbits/sec  0.210 ms  1572/4677 (34%)  
[  5] 112.00-113.00 sec   299 KBytes  2.45 Mbits/sec  0.217 ms  1745/4803 (36%)  
[  5] 113.00-114.00 sec   264 KBytes  2.16 Mbits/sec  0.222 ms  1460/4166 (35%)  
[  5] 114.00-115.00 sec   308 KBytes  2.52 Mbits/sec  0.219 ms  1584/4736 (33%)  
[  5] 115.00-116.00 sec   289 KBytes  2.37 Mbits/sec  0.242 ms  1305/4265 (31%)  
[  5] 116.00-117.00 sec   303 KBytes  2.48 Mbits/sec  0.221 ms  1550/4655 (33%)  
[  5] 117.00-118.00 sec   305 KBytes  2.50 Mbits/sec  0.215 ms  1241/4367 (28%)  
[  5] 118.00-119.00 sec   335 KBytes  2.74 Mbits/sec  0.278 ms  1686/5112 (33%)  
[  5] 119.00-120.00 sec   309 KBytes  2.54 Mbits/sec  0.221 ms  1385/4554 (30%)  
[  5] 120.00-121.00 sec   256 KBytes  2.10 Mbits/sec  0.221 ms  1095/3716 (29%)  
[  5] 121.00-122.00 sec   305 KBytes  2.50 Mbits/sec  0.214 ms  1342/4470 (30%)  
[  5] 122.00-123.00 sec   281 KBytes  2.30 Mbits/sec  0.670 ms  1312/4188 (31%)  
[  5] 123.00-124.00 sec   301 KBytes  2.47 Mbits/sec  0.217 ms  1222/4315 (28%)  
[  5] 124.00-125.00 sec   298 KBytes  2.44 Mbits/sec  0.216 ms  1286/4333 (30%)  
[  5] 125.00-126.00 sec   351 KBytes  2.87 Mbits/sec  0.227 ms  1567/5158 (30%)  
[  5] 126.00-127.00 sec   301 KBytes  2.47 Mbits/sec  0.236 ms  1225/4312 (28%)  
[  5] 127.00-128.00 sec   290 KBytes  2.38 Mbits/sec  0.238 ms  1383/4355 (32%)  
[  5] 128.00-129.00 sec   291 KBytes  2.38 Mbits/sec  0.227 ms  1676/4652 (36%)  
[  5] 129.00-130.00 sec   295 KBytes  2.42 Mbits/sec  0.210 ms  1726/4749 (36%)  
[  5] 130.00-131.00 sec   299 KBytes  2.45 Mbits/sec  0.220 ms  1482/4540 (33%)  
[  5] 131.00-132.00 sec   278 KBytes  2.28 Mbits/sec  0.218 ms  1527/4376 (35%)  
[  5] 132.00-133.00 sec   306 KBytes  2.51 Mbits/sec  0.215 ms  1291/4426 (29%)  
[  5] 133.00-134.00 sec   311 KBytes  2.55 Mbits/sec  0.219 ms  1302/4486 (29%)  
[  5] 134.00-135.00 sec   306 KBytes  2.51 Mbits/sec  0.218 ms  1243/4378 (28%)  
[  5] 135.00-136.00 sec   285 KBytes  2.33 Mbits/sec  0.194 ms  1670/4587 (36%)  
[  5] 136.00-137.00 sec   296 KBytes  2.43 Mbits/sec  0.523 ms  1485/4517 (33%)  
[  5] 137.00-138.00 sec   307 KBytes  2.52 Mbits/sec  0.214 ms  1496/4644 (32%)  
[  5] 138.00-139.00 sec   304 KBytes  2.50 Mbits/sec  0.218 ms  1568/4686 (33%)  
[  5] 139.00-140.00 sec   302 KBytes  2.48 Mbits/sec  0.218 ms  1408/4503 (31%)  
[  5] 140.00-141.00 sec   312 KBytes  2.56 Mbits/sec  0.216 ms  1370/4566 (30%)  
[  5] 141.00-142.00 sec   302 KBytes  2.48 Mbits/sec  0.228 ms  1288/4380 (29%)  
[  5] 142.00-143.00 sec   298 KBytes  2.44 Mbits/sec  0.227 ms  1450/4500 (32%)  
[  5] 143.00-144.00 sec   299 KBytes  2.45 Mbits/sec  0.196 ms  1335/4392 (30%)  
[  5] 144.00-145.00 sec   315 KBytes  2.58 Mbits/sec  0.226 ms  1543/4769 (32%)  
[  5] 145.00-146.00 sec   269 KBytes  2.21 Mbits/sec  0.216 ms  1429/4188 (34%)  
[  5] 146.00-147.00 sec   312 KBytes  2.56 Mbits/sec  0.216 ms  1582/4779 (33%)  
[  5] 147.00-148.00 sec   292 KBytes  2.39 Mbits/sec  0.218 ms  1578/4567 (35%)  
[  5] 148.00-149.00 sec   311 KBytes  2.55 Mbits/sec  0.219 ms  1462/4645 (31%)  
[  5] 149.00-150.00 sec   304 KBytes  2.49 Mbits/sec  0.219 ms  1291/4403 (29%)  
[  5] 150.00-151.00 sec   350 KBytes  2.87 Mbits/sec  0.221 ms  1465/5052 (29%)  
[  5] 151.00-152.00 sec   302 KBytes  2.47 Mbits/sec  0.215 ms  1216/4308 (28%)  
[  5] 152.00-153.00 sec   261 KBytes  2.14 Mbits/sec  0.219 ms  1201/3874 (31%)  
[  5] 153.00-154.00 sec   313 KBytes  2.57 Mbits/sec  0.218 ms  1334/4541 (29%)  
[  5] 154.00-155.00 sec   322 KBytes  2.64 Mbits/sec  0.246 ms  1315/4610 (29%)  
[  5] 155.00-156.00 sec   305 KBytes  2.50 Mbits/sec  0.220 ms  1288/4410 (29%)  
[  5] 156.00-157.00 sec   311 KBytes  2.55 Mbits/sec  0.230 ms  1357/4540 (30%)  
[  5] 157.00-158.00 sec   292 KBytes  2.39 Mbits/sec  0.216 ms  1289/4274 (30%)  
[  5] 158.00-159.00 sec   306 KBytes  2.51 Mbits/sec  0.220 ms  1318/4451 (30%)  
[  5] 159.00-160.00 sec   313 KBytes  2.57 Mbits/sec  0.218 ms  1333/4542 (29%)  
[  5] 160.00-161.00 sec   306 KBytes  2.51 Mbits/sec  0.217 ms  1221/4353 (28%)  
[  5] 161.00-162.00 sec   308 KBytes  2.53 Mbits/sec  0.212 ms  1471/4629 (32%)  
[  5] 162.00-163.00 sec   286 KBytes  2.34 Mbits/sec  0.527 ms  1604/4531 (35%)  
[  5] 163.00-164.00 sec   297 KBytes  2.43 Mbits/sec  0.209 ms  1484/4521 (33%)  
[  5] 164.00-165.00 sec   297 KBytes  2.43 Mbits/sec  0.215 ms  1400/4437 (32%)  
[  5] 165.00-166.00 sec   303 KBytes  2.48 Mbits/sec  0.241 ms  1390/4489 (31%)  
[  5] 166.00-167.00 sec   301 KBytes  2.47 Mbits/sec  0.218 ms  1369/4452 (31%)  
[  5] 167.00-168.00 sec   301 KBytes  2.47 Mbits/sec  0.216 ms  1530/4617 (33%)  
[  5] 168.00-169.00 sec   312 KBytes  2.56 Mbits/sec  0.219 ms  1461/4658 (31%)  
[  5] 169.00-170.00 sec   296 KBytes  2.43 Mbits/sec  0.216 ms  1382/4417 (31%)  
[  5] 170.00-171.00 sec   313 KBytes  2.56 Mbits/sec  0.221 ms  1506/4709 (32%)  
[  5] 171.00-172.00 sec   294 KBytes  2.41 Mbits/sec  0.273 ms  1400/4408 (32%)  
[  5] 172.00-173.00 sec   308 KBytes  2.52 Mbits/sec  0.235 ms  1318/4469 (29%)  
[  5] 173.00-174.00 sec   307 KBytes  2.51 Mbits/sec  0.215 ms  1360/4501 (30%)  
[  5] 174.00-175.00 sec   304 KBytes  2.49 Mbits/sec  0.249 ms  1233/4342 (28%)  
[  5] 175.00-176.00 sec   293 KBytes  2.40 Mbits/sec  0.220 ms  1341/4343 (31%)  
[  5] 176.00-177.00 sec   311 KBytes  2.55 Mbits/sec  0.216 ms  1405/4589 (31%)  
[  5] 177.00-178.00 sec   298 KBytes  2.44 Mbits/sec  0.216 ms  1493/4547 (33%)  
[  5] 178.00-179.00 sec   299 KBytes  2.45 Mbits/sec  0.314 ms  1392/4458 (31%)  
[  5] 179.00-180.00 sec   278 KBytes  2.28 Mbits/sec  0.222 ms  1232/4080 (30%)  
[  5] 180.00-181.00 sec   288 KBytes  2.36 Mbits/sec  0.220 ms  1555/4507 (35%)  
[  5] 181.00-182.00 sec   311 KBytes  2.55 Mbits/sec  0.226 ms  1357/4539 (30%)  
[  5] 182.00-183.00 sec   308 KBytes  2.52 Mbits/sec  0.220 ms  1287/4439 (29%)  
[  5] 183.00-184.00 sec   294 KBytes  2.41 Mbits/sec  0.220 ms  1521/4531 (34%)  
[  5] 184.00-185.00 sec   268 KBytes  2.19 Mbits/sec  0.259 ms  1336/4076 (33%)  
[  5] 185.00-186.00 sec   333 KBytes  2.73 Mbits/sec  0.254 ms  2129/5543 (38%)  
[  5] 186.00-187.00 sec   280 KBytes  2.30 Mbits/sec  0.222 ms  1406/4276 (33%)  
[  5] 187.00-188.00 sec   328 KBytes  2.68 Mbits/sec  0.260 ms  1437/4796 (30%)  
[  5] 188.00-189.00 sec   262 KBytes  2.15 Mbits/sec  0.224 ms  1161/3842 (30%)  
[  5] 189.00-190.00 sec   352 KBytes  2.88 Mbits/sec  0.219 ms  1540/5143 (30%)  
[  5] 190.00-191.00 sec   305 KBytes  2.50 Mbits/sec  0.212 ms  1290/4410 (29%)  
[  5] 191.00-192.00 sec   255 KBytes  2.09 Mbits/sec  0.239 ms  1279/3893 (33%)  
[  5] 192.00-193.00 sec   306 KBytes  2.51 Mbits/sec  0.217 ms  1254/4389 (29%)  
[  5] 193.00-194.00 sec   305 KBytes  2.50 Mbits/sec  0.209 ms  1288/4410 (29%)  
[  5] 194.00-195.00 sec   309 KBytes  2.53 Mbits/sec  0.214 ms  1479/4640 (32%)  
[  5] 195.00-196.00 sec   256 KBytes  2.10 Mbits/sec  0.221 ms  1466/4089 (36%)  
[  5] 196.00-197.00 sec   352 KBytes  2.88 Mbits/sec  0.224 ms  1758/5364 (33%)  
[  5] 197.00-198.00 sec   262 KBytes  2.15 Mbits/sec  0.210 ms  1180/3865 (31%)  
[  5] 198.00-199.00 sec   300 KBytes  2.46 Mbits/sec  0.219 ms  1305/4379 (30%)  
[  5] 199.00-200.00 sec   303 KBytes  2.48 Mbits/sec  0.220 ms  1375/4478 (31%)  
[  5] 200.00-201.00 sec   292 KBytes  2.39 Mbits/sec  0.346 ms  1241/4233 (29%)  
[  5] 201.00-202.00 sec   310 KBytes  2.54 Mbits/sec  0.293 ms  1553/4731 (33%)  
[  5] 202.00-203.00 sec   286 KBytes  2.34 Mbits/sec  0.226 ms  1987/4916 (40%)  
[  5] 203.00-204.00 sec   294 KBytes  2.41 Mbits/sec  0.258 ms  1752/4760 (37%)  
[  5] 204.00-205.00 sec   305 KBytes  2.50 Mbits/sec  0.220 ms  1526/4651 (33%)  
[  5] 205.00-206.00 sec   290 KBytes  2.37 Mbits/sec  0.214 ms  1548/4513 (34%)  
[  5] 206.00-207.00 sec   308 KBytes  2.52 Mbits/sec  0.219 ms  1372/4528 (30%)  
[  5] 207.00-208.00 sec   324 KBytes  2.66 Mbits/sec  0.220 ms  1703/5024 (34%)  
[  5] 208.00-209.00 sec   285 KBytes  2.33 Mbits/sec  1.031 ms  1504/4421 (34%)  
[  5] 209.00-210.00 sec   311 KBytes  2.55 Mbits/sec  0.213 ms  1326/4509 (29%)  
[  5] 210.00-211.00 sec   255 KBytes  2.09 Mbits/sec  0.211 ms  1041/3652 (29%)  
[  5] 211.00-212.00 sec   297 KBytes  2.43 Mbits/sec  0.247 ms  1596/4638 (34%)  
[  5] 212.00-213.00 sec   311 KBytes  2.55 Mbits/sec  0.219 ms  1430/4617 (31%)  
[  5] 213.00-214.00 sec   307 KBytes  2.51 Mbits/sec  0.214 ms  1246/4385 (28%)  
[  5] 214.00-215.00 sec   302 KBytes  2.48 Mbits/sec  0.211 ms  1329/4425 (30%)  
[  5] 215.00-216.00 sec   301 KBytes  2.47 Mbits/sec  0.215 ms  1397/4482 (31%)  
[  5] 216.00-217.00 sec   302 KBytes  2.47 Mbits/sec  0.218 ms  1559/4650 (34%)  
[  5] 217.00-218.00 sec   164 KBytes  1.35 Mbits/sec  0.220 ms  954/2636 (36%)  
[  5] 218.00-219.00 sec   235 KBytes  1.92 Mbits/sec  0.216 ms  1620/4024 (40%)  
[  5] 219.00-220.00 sec   308 KBytes  2.52 Mbits/sec  0.203 ms  1547/4703 (33%)  
[  5] 220.00-221.00 sec   256 KBytes  2.10 Mbits/sec  0.273 ms  1210/3832 (32%)  
[  5] 221.00-222.00 sec   295 KBytes  2.42 Mbits/sec  0.230 ms  1306/4325 (30%)  
[  5] 222.00-223.00 sec   307 KBytes  2.51 Mbits/sec  0.218 ms  1471/4614 (32%)  
[  5] 223.00-224.00 sec   300 KBytes  2.46 Mbits/sec  0.241 ms  1505/4576 (33%)  
[  5] 224.00-225.00 sec   301 KBytes  2.46 Mbits/sec  0.226 ms  1448/4529 (32%)  
[  5] 225.00-226.00 sec   311 KBytes  2.55 Mbits/sec  0.222 ms  1359/4543 (30%)  
[  5] 226.00-227.00 sec   310 KBytes  2.54 Mbits/sec  0.198 ms  1213/4390 (28%)  
[  5] 227.00-228.00 sec   266 KBytes  2.17 Mbits/sec  0.221 ms  1199/3918 (31%)  
[  5] 228.00-229.00 sec   305 KBytes  2.50 Mbits/sec  1.120 ms  1570/4692 (33%)  
[  5] 229.00-230.00 sec   344 KBytes  2.82 Mbits/sec  0.220 ms  1419/4937 (29%)  
[  5] 230.00-231.00 sec   310 KBytes  2.54 Mbits/sec  0.242 ms  1268/4441 (29%)  
[  5] 231.00-232.00 sec   270 KBytes  2.21 Mbits/sec  0.220 ms  1658/4418 (38%)  
[  5] 232.00-233.00 sec   296 KBytes  2.43 Mbits/sec  0.217 ms  1482/4515 (33%)  
[  5] 233.00-234.00 sec   303 KBytes  2.48 Mbits/sec  0.213 ms  1233/4336 (28%)  
[  5] 234.00-235.00 sec   260 KBytes  2.13 Mbits/sec  0.220 ms  1723/4390 (39%)  
[  5] 235.00-236.00 sec   312 KBytes  2.55 Mbits/sec  0.216 ms  1765/4956 (36%)  
[  5] 236.00-237.00 sec   296 KBytes  2.43 Mbits/sec  0.224 ms  1679/4713 (36%)  
[  5] 237.00-238.00 sec   311 KBytes  2.55 Mbits/sec  0.219 ms  1426/4609 (31%)  
[  5] 238.00-239.00 sec   307 KBytes  2.51 Mbits/sec  0.223 ms  1213/4352 (28%)  
[  5] 239.00-240.00 sec   346 KBytes  2.83 Mbits/sec  0.217 ms  1515/5054 (30%)  
[  5] 240.00-241.00 sec   293 KBytes  2.40 Mbits/sec  0.257 ms  1818/4823 (38%)  
[  5] 241.00-242.00 sec   289 KBytes  2.36 Mbits/sec  0.232 ms  3655/6610 (55%)  
[  5] 242.00-243.00 sec   305 KBytes  2.50 Mbits/sec  0.222 ms  1566/4687 (33%)  
[  5] 243.00-244.00 sec   282 KBytes  2.31 Mbits/sec  0.200 ms  1707/4598 (37%)  
[  5] 244.00-245.00 sec   307 KBytes  2.52 Mbits/sec  0.221 ms  1879/5025 (37%)  
[  5] 245.00-246.00 sec   285 KBytes  2.34 Mbits/sec  0.214 ms  1846/4769 (39%)  
[  5] 246.00-247.00 sec   285 KBytes  2.33 Mbits/sec  0.246 ms  1295/4210 (31%)  
[  5] 247.00-248.00 sec   292 KBytes  2.39 Mbits/sec  0.206 ms  1895/4885 (39%)  
[  5] 248.00-249.00 sec   306 KBytes  2.51 Mbits/sec  0.215 ms  1312/4446 (30%)  
[  5] 249.00-250.00 sec   313 KBytes  2.56 Mbits/sec  0.213 ms  1372/4573 (30%)  
[  5] 250.00-251.00 sec   302 KBytes  2.47 Mbits/sec  0.219 ms  1259/4349 (29%)  
[  5] 251.00-252.00 sec   300 KBytes  2.45 Mbits/sec  0.309 ms  1720/4788 (36%)  
[  5] 252.00-253.00 sec   316 KBytes  2.58 Mbits/sec  0.220 ms  1340/4571 (29%)  
[  5] 253.00-254.00 sec   293 KBytes  2.40 Mbits/sec  0.219 ms  1399/4404 (32%)  
[  5] 254.00-255.00 sec   307 KBytes  2.51 Mbits/sec  0.219 ms  1349/4493 (30%)  
[  5] 255.00-256.00 sec   288 KBytes  2.36 Mbits/sec  0.230 ms  1448/4393 (33%)  
[  5] 256.00-257.00 sec   308 KBytes  2.52 Mbits/sec  0.203 ms  1239/4390 (28%)  
[  5] 257.00-258.00 sec   280 KBytes  2.30 Mbits/sec  0.220 ms  1630/4501 (36%)  
[  5] 258.00-259.00 sec   298 KBytes  2.44 Mbits/sec  0.207 ms  1361/4409 (31%)  
[  5] 259.00-260.00 sec   302 KBytes  2.47 Mbits/sec  0.219 ms  1304/4393 (30%)  
[  5] 260.00-261.00 sec   293 KBytes  2.40 Mbits/sec  0.230 ms  1413/4412 (32%)  
[  5] 261.00-262.00 sec   296 KBytes  2.42 Mbits/sec  0.227 ms  1505/4532 (33%)  
[  5] 262.00-263.00 sec   307 KBytes  2.52 Mbits/sec  0.212 ms  1364/4510 (30%)  
[  5] 263.00-264.00 sec   307 KBytes  2.51 Mbits/sec  0.213 ms  1239/4382 (28%)  
[  5] 264.00-265.00 sec   311 KBytes  2.55 Mbits/sec  0.215 ms  1281/4469 (29%)  
[  5] 265.00-266.00 sec   303 KBytes  2.49 Mbits/sec  0.199 ms  1288/4393 (29%)  
[  5] 266.00-267.00 sec   307 KBytes  2.52 Mbits/sec  0.229 ms  1256/4403 (29%)  
[  5] 267.00-268.00 sec   320 KBytes  2.62 Mbits/sec  0.226 ms  1535/4810 (32%)  
[  5] 268.00-269.00 sec   309 KBytes  2.53 Mbits/sec  0.219 ms  1445/4609 (31%)  
[  5] 269.00-270.00 sec   306 KBytes  2.51 Mbits/sec  0.215 ms  1504/4638 (32%)  
[  5] 270.00-271.00 sec   298 KBytes  2.44 Mbits/sec  0.234 ms  1452/4508 (32%)  
[  5] 271.00-272.00 sec   301 KBytes  2.46 Mbits/sec  0.232 ms  1290/4368 (30%)  
[  5] 272.00-273.00 sec   311 KBytes  2.55 Mbits/sec  0.215 ms  1515/4698 (32%)  
[  5] 273.00-274.00 sec   287 KBytes  2.35 Mbits/sec  0.220 ms  1364/4305 (32%)  
[  5] 274.00-275.00 sec   312 KBytes  2.56 Mbits/sec  0.253 ms  1337/4537 (29%)  
[  5] 275.00-276.00 sec   285 KBytes  2.33 Mbits/sec  0.216 ms  1603/4517 (35%)  
[  5] 276.00-277.00 sec   322 KBytes  2.63 Mbits/sec  0.218 ms  1320/4614 (29%)  
[  5] 277.00-278.00 sec   291 KBytes  2.39 Mbits/sec  0.228 ms  1222/4204 (29%)  
[  5] 278.00-279.00 sec   292 KBytes  2.39 Mbits/sec  0.219 ms  1595/4585 (35%)  
[  5] 279.00-280.00 sec   305 KBytes  2.50 Mbits/sec  0.227 ms  1391/4512 (31%)  
[  5] 280.00-281.00 sec   274 KBytes  2.24 Mbits/sec  0.245 ms  1313/4119 (32%)  
[  5] 281.00-282.00 sec   350 KBytes  2.87 Mbits/sec  0.226 ms  1605/5193 (31%)  
[  5] 282.00-283.00 sec   264 KBytes  2.17 Mbits/sec  0.201 ms  1708/4416 (39%)  
[  5] 283.00-284.00 sec   303 KBytes  2.48 Mbits/sec  0.281 ms  1415/4513 (31%)  
[  5] 284.00-285.00 sec   316 KBytes  2.59 Mbits/sec  0.213 ms  1486/4719 (31%)  
[  5] 285.00-286.00 sec   307 KBytes  2.52 Mbits/sec  0.221 ms  1398/4543 (31%)  
[  5] 286.00-287.00 sec   302 KBytes  2.48 Mbits/sec  0.243 ms  1574/4670 (34%)  
[  5] 287.00-288.00 sec   289 KBytes  2.37 Mbits/sec  0.216 ms  1679/4640 (36%)  
[  5] 288.00-289.00 sec   308 KBytes  2.52 Mbits/sec  0.223 ms  1271/4423 (29%)  
[  5] 289.00-290.00 sec   311 KBytes  2.55 Mbits/sec  0.220 ms  1344/4527 (30%)  
[  5] 290.00-291.00 sec   306 KBytes  2.50 Mbits/sec  0.214 ms  1267/4398 (29%)  
[  5] 291.00-292.00 sec   292 KBytes  2.39 Mbits/sec  0.187 ms  1325/4315 (31%)  
[  5] 292.00-293.00 sec   323 KBytes  2.65 Mbits/sec  0.213 ms  1288/4600 (28%)  
[  5] 293.00-294.00 sec   318 KBytes  2.61 Mbits/sec  0.205 ms  1259/4515 (28%)  
[  5] 294.00-295.00 sec   302 KBytes  2.48 Mbits/sec  0.236 ms  1378/4474 (31%)  
[  5] 295.00-296.00 sec   302 KBytes  2.48 Mbits/sec  0.271 ms  1387/4482 (31%)  
[  5] 296.00-297.00 sec   300 KBytes  2.46 Mbits/sec  0.210 ms  1443/4517 (32%)  
[  5] 297.00-298.00 sec   293 KBytes  2.40 Mbits/sec  0.223 ms  1375/4376 (31%)  
[  5] 298.00-299.00 sec   308 KBytes  2.52 Mbits/sec  0.221 ms  1208/4360 (28%)  
[  5] 299.00-300.00 sec   311 KBytes  2.55 Mbits/sec  0.209 ms  1226/4412 (28%)  
[  5] 300.00-301.00 sec   304 KBytes  2.49 Mbits/sec  0.246 ms  1610/4721 (34%)  
[  5] 301.00-302.00 sec   313 KBytes  2.56 Mbits/sec  0.254 ms  1335/4538 (29%)  
[  5] 302.00-303.00 sec   302 KBytes  2.48 Mbits/sec  0.153 ms  1282/4377 (29%)  
[  5] 303.00-304.00 sec   289 KBytes  2.37 Mbits/sec  0.234 ms  1484/4446 (33%)  
[  5] 304.00-305.00 sec   311 KBytes  2.55 Mbits/sec  0.213 ms  1264/4448 (28%)  
[  5] 305.00-306.00 sec   281 KBytes  2.30 Mbits/sec  0.217 ms  1487/4362 (34%)  
[  5] 306.00-307.00 sec   351 KBytes  2.88 Mbits/sec  0.218 ms  1584/5176 (31%)  
[  5] 307.00-308.00 sec   301 KBytes  2.47 Mbits/sec  0.224 ms  1280/4366 (29%)  
[  5] 308.00-309.00 sec   300 KBytes  2.45 Mbits/sec  0.237 ms  1204/4273 (28%)  
[  5] 309.00-310.00 sec   272 KBytes  2.23 Mbits/sec  0.213 ms  1148/3935 (29%)  
[  5] 310.00-311.00 sec   306 KBytes  2.51 Mbits/sec  0.225 ms  1255/4389 (29%)  
[  5] 311.00-312.00 sec   346 KBytes  2.84 Mbits/sec  0.220 ms  1433/4979 (29%)  
[  5] 312.00-313.00 sec   308 KBytes  2.52 Mbits/sec  0.228 ms  1353/4506 (30%)  
[  5] 313.00-314.00 sec   290 KBytes  2.38 Mbits/sec  0.225 ms  1280/4252 (30%)  
[  5] 314.00-315.00 sec   311 KBytes  2.55 Mbits/sec  0.217 ms  1394/4578 (30%)  
[  5] 315.00-316.00 sec   307 KBytes  2.52 Mbits/sec  0.210 ms  1263/4410 (29%)  
[  5] 316.00-317.00 sec   304 KBytes  2.49 Mbits/sec  0.214 ms  1403/4519 (31%)  
[  5] 317.00-318.00 sec   313 KBytes  2.56 Mbits/sec  0.216 ms  1307/4510 (29%)  
[  5] 318.00-319.00 sec   305 KBytes  2.50 Mbits/sec  0.220 ms  1263/4388 (29%)  
[  5] 319.00-320.00 sec   259 KBytes  2.12 Mbits/sec  0.215 ms  1154/3809 (30%)  
[  5] 320.00-321.00 sec   269 KBytes  2.20 Mbits/sec  0.223 ms  1156/3911 (30%)  
[  5] 321.00-322.00 sec   201 KBytes  1.65 Mbits/sec  0.209 ms  1082/3142 (34%)  
[  5] 322.00-323.00 sec   259 KBytes  2.12 Mbits/sec  0.216 ms  1248/3898 (32%)  
[  5] 323.00-324.00 sec   225 KBytes  1.84 Mbits/sec  0.219 ms  983/3285 (30%)  
[  5] 324.00-325.00 sec   233 KBytes  1.91 Mbits/sec  0.219 ms  1341/3729 (36%)  
[  5] 325.00-326.00 sec   259 KBytes  2.12 Mbits/sec  0.220 ms  1011/3664 (28%)  
[  5] 326.00-327.00 sec   247 KBytes  2.02 Mbits/sec  0.218 ms  1320/3848 (34%)  
[  5] 327.00-328.00 sec   195 KBytes  1.60 Mbits/sec  0.221 ms  1135/3135 (36%)  
[  5] 328.00-329.00 sec   266 KBytes  2.18 Mbits/sec  0.309 ms  1128/3851 (29%)  
[  5] 329.00-330.00 sec   253 KBytes  2.07 Mbits/sec  0.234 ms  1417/4008 (35%)  
[  5] 330.00-331.00 sec   255 KBytes  2.09 Mbits/sec  0.220 ms  1023/3633 (28%)  
[  5] 331.00-332.00 sec   269 KBytes  2.20 Mbits/sec  0.212 ms  1101/3852 (29%)  
[  5] 332.00-333.00 sec   220 KBytes  1.80 Mbits/sec  0.217 ms  1010/3258 (31%)  
[  5] 333.00-334.00 sec   166 KBytes  1.36 Mbits/sec  0.220 ms  668/2367 (28%)  
[  5] 334.00-335.00 sec   292 KBytes  2.39 Mbits/sec  0.219 ms  1431/4416 (32%)  
[  5] 335.00-336.00 sec   242 KBytes  1.98 Mbits/sec  0.215 ms  1553/4033 (39%)  
[  5] 336.00-337.00 sec   260 KBytes  2.13 Mbits/sec  0.216 ms  1272/3936 (32%)  
[  5] 337.00-338.00 sec   253 KBytes  2.07 Mbits/sec  0.215 ms  1148/3738 (31%)  
[  5] 338.00-339.00 sec   268 KBytes  2.19 Mbits/sec  0.217 ms  1222/3964 (31%)  
[  5] 339.00-340.00 sec   247 KBytes  2.03 Mbits/sec  0.217 ms  1170/3703 (32%)  
[  5] 340.00-341.00 sec   259 KBytes  2.12 Mbits/sec  0.312 ms  1071/3726 (29%)  
[  5] 341.00-342.00 sec   247 KBytes  2.02 Mbits/sec  0.240 ms  1053/3583 (29%)  
[  5] 342.00-343.00 sec   249 KBytes  2.04 Mbits/sec  0.223 ms  1439/3987 (36%)  
[  5] 343.00-344.00 sec   269 KBytes  2.21 Mbits/sec  0.221 ms  1114/3873 (29%)  
[  5] 344.00-345.00 sec   244 KBytes  2.00 Mbits/sec  0.208 ms  1242/3741 (33%)  
[  5] 345.00-346.00 sec   306 KBytes  2.51 Mbits/sec  0.216 ms  1268/4403 (29%)  
[  5] 346.00-347.00 sec   268 KBytes  2.20 Mbits/sec  0.262 ms  1176/3923 (30%)  
[  5] 347.00-348.00 sec   260 KBytes  2.13 Mbits/sec  0.318 ms  1497/4156 (36%)  
[  5] 348.00-349.00 sec   250 KBytes  2.05 Mbits/sec  0.220 ms  1619/4182 (39%)  
[  5] 349.00-350.00 sec   260 KBytes  2.13 Mbits/sec  0.224 ms  1565/4224 (37%)  
[  5] 350.00-351.00 sec   256 KBytes  2.10 Mbits/sec  0.224 ms  2740/5359 (51%)  
[  5] 351.00-352.00 sec   249 KBytes  2.04 Mbits/sec  0.199 ms  2542/5095 (50%)  
[  5] 352.00-353.00 sec   254 KBytes  2.08 Mbits/sec  0.225 ms  2157/4755 (45%)  
[  5] 353.00-354.00 sec   247 KBytes  2.03 Mbits/sec  0.217 ms  2228/4762 (47%)  
[  5] 354.00-355.00 sec   292 KBytes  2.39 Mbits/sec  0.747 ms  1993/4980 (40%)  
[  5] 355.00-356.00 sec   269 KBytes  2.20 Mbits/sec  0.213 ms  2356/5107 (46%)  
[  5] 356.00-357.00 sec   222 KBytes  1.82 Mbits/sec  0.223 ms  1923/4192 (46%)  
[  5] 357.00-358.00 sec   204 KBytes  1.67 Mbits/sec  0.266 ms  1638/3729 (44%)  
[  5] 358.00-359.00 sec   177 KBytes  1.45 Mbits/sec  0.232 ms  1407/3219 (44%)  
[  5] 359.00-360.00 sec   267 KBytes  2.19 Mbits/sec  0.220 ms  1846/4585 (40%)  
[  5] 360.00-361.00 sec   238 KBytes  1.95 Mbits/sec  0.224 ms  2025/4459 (45%)  
[  5] 361.00-362.00 sec   262 KBytes  2.15 Mbits/sec  0.220 ms  3752/6432 (58%)  
[  5] 362.00-363.00 sec  0.00 Bytes  0.00 bits/sec  0.220 ms  0/0 (0%)  
[  5] 363.00-364.00 sec  86.6 KBytes   710 Kbits/sec  0.213 ms  438/1325 (33%)  
[  5] 364.00-365.00 sec   310 KBytes  2.54 Mbits/sec  0.230 ms  1995/5168 (39%)  
[  5] 365.00-366.00 sec   254 KBytes  2.08 Mbits/sec  0.216 ms  1732/4332 (40%)  
[  5] 366.00-367.00 sec   233 KBytes  1.91 Mbits/sec  0.219 ms  1626/4015 (40%)  
[  5] 367.00-368.00 sec   249 KBytes  2.04 Mbits/sec  0.219 ms  1847/4399 (42%)  
[  5] 368.00-369.00 sec   264 KBytes  2.17 Mbits/sec  0.221 ms  1613/4319 (37%)  
[  5] 369.00-370.00 sec   205 KBytes  1.68 Mbits/sec  0.222 ms  1732/3827 (45%)  
[  5] 370.00-371.00 sec   267 KBytes  2.19 Mbits/sec  0.216 ms  1795/4533 (40%)  
[  5] 371.00-372.00 sec   242 KBytes  1.99 Mbits/sec  0.211 ms  2016/4494 (45%)  
[  5] 372.00-373.00 sec   259 KBytes  2.12 Mbits/sec  0.220 ms  1673/4323 (39%)  
[  5] 373.00-374.00 sec   268 KBytes  2.20 Mbits/sec  0.222 ms  1896/4642 (41%)  
[  5] 374.00-375.00 sec   242 KBytes  1.98 Mbits/sec  0.236 ms  1983/4457 (44%)  
[  5] 375.00-376.00 sec   250 KBytes  2.05 Mbits/sec  0.222 ms  1716/4273 (40%)  
[  5] 376.00-377.00 sec   252 KBytes  2.06 Mbits/sec  0.218 ms  1751/4331 (40%)  
[  5] 377.00-378.00 sec   240 KBytes  1.97 Mbits/sec  0.759 ms  1668/4127 (40%)  
[  5] 378.00-379.00 sec   241 KBytes  1.97 Mbits/sec  0.246 ms  2361/4826 (49%)  
[  5] 379.00-380.00 sec   275 KBytes  2.26 Mbits/sec  0.223 ms  2111/4931 (43%)  
[  5] 380.00-381.00 sec   287 KBytes  2.35 Mbits/sec  0.226 ms  1929/4868 (40%)  
[  5] 381.00-382.00 sec   190 KBytes  1.56 Mbits/sec  0.262 ms  1721/3666 (47%)  
[  5] 382.00-383.00 sec   276 KBytes  2.26 Mbits/sec  0.218 ms  1896/4726 (40%)  
[  5] 383.00-384.00 sec   268 KBytes  2.19 Mbits/sec  0.222 ms  1747/4490 (39%)  
[  5] 384.00-385.00 sec   259 KBytes  2.12 Mbits/sec  0.233 ms  1635/4291 (38%)  
[  5] 385.00-386.00 sec   306 KBytes  2.51 Mbits/sec  0.238 ms  1995/5132 (39%)  
[  5] 386.00-387.00 sec   255 KBytes  2.09 Mbits/sec  0.665 ms  1853/4462 (42%)  
[  5] 387.00-388.00 sec   263 KBytes  2.15 Mbits/sec  0.228 ms  2035/4728 (43%)  
[  5] 388.00-389.00 sec   260 KBytes  2.13 Mbits/sec  0.246 ms  4395/7060 (62%)  
[  5] 389.00-390.00 sec   263 KBytes  2.15 Mbits/sec  0.222 ms  1745/4435 (39%)  
[  5] 390.00-391.00 sec   225 KBytes  1.84 Mbits/sec  0.217 ms  1497/3798 (39%)  
[  5] 391.00-392.00 sec   247 KBytes  2.03 Mbits/sec  0.227 ms  2211/4745 (47%)  
[  5] 392.00-393.00 sec   254 KBytes  2.08 Mbits/sec  0.248 ms  8642/11241 (77%)  
[  5] 393.00-394.00 sec   270 KBytes  2.21 Mbits/sec  0.212 ms  1860/4628 (40%)  
[  5] 394.00-395.00 sec   258 KBytes  2.12 Mbits/sec  0.220 ms  1567/4211 (37%)  
[  5] 395.00-396.00 sec   267 KBytes  2.19 Mbits/sec  0.240 ms  1838/4574 (40%)  
[  5] 396.00-397.00 sec   252 KBytes  2.06 Mbits/sec  0.231 ms  2574/5154 (50%)  
[  5] 397.00-398.00 sec   234 KBytes  1.92 Mbits/sec  0.237 ms  2226/4621 (48%)  
[  5] 398.00-399.00 sec   214 KBytes  1.75 Mbits/sec  0.218 ms  1492/3685 (40%)  
[  5] 399.00-400.00 sec   261 KBytes  2.14 Mbits/sec  0.213 ms  2082/4751 (44%)  
[  5] 400.00-401.00 sec   251 KBytes  2.06 Mbits/sec  0.230 ms  1954/4524 (43%)  
[  5] 401.00-402.00 sec   240 KBytes  1.96 Mbits/sec  0.259 ms  1918/4371 (44%)  
[  5] 402.00-403.00 sec   258 KBytes  2.11 Mbits/sec  0.223 ms  2203/4840 (46%)  
[  5] 403.00-404.00 sec   259 KBytes  2.12 Mbits/sec  0.220 ms  1710/4365 (39%)  
[  5] 404.00-405.00 sec   272 KBytes  2.23 Mbits/sec  0.223 ms  1804/4589 (39%)  
[  5] 405.00-406.00 sec   246 KBytes  2.01 Mbits/sec  0.216 ms  1902/4418 (43%)  
[  5] 406.00-407.00 sec   216 KBytes  1.77 Mbits/sec  2.529 ms  2243/4455 (50%)  
[  5] 407.00-408.00 sec   254 KBytes  2.08 Mbits/sec  0.216 ms  1944/4544 (43%)  
[  5] 408.00-409.00 sec   262 KBytes  2.15 Mbits/sec  0.228 ms  1867/4552 (41%)  
[  5] 409.00-410.00 sec   257 KBytes  2.11 Mbits/sec  0.218 ms  1866/4502 (41%)  
[  5] 410.00-411.00 sec   260 KBytes  2.13 Mbits/sec  0.207 ms  1666/4332 (38%)  
[  5] 411.00-412.00 sec   270 KBytes  2.21 Mbits/sec  0.206 ms  1743/4505 (39%)  
[  5] 412.00-413.00 sec   256 KBytes  2.10 Mbits/sec  0.239 ms  1598/4220 (38%)  
[  5] 413.00-414.00 sec   257 KBytes  2.11 Mbits/sec  0.786 ms  1896/4527 (42%)  
[  5] 414.00-415.00 sec   263 KBytes  2.15 Mbits/sec  0.216 ms  1825/4517 (40%)  
[  5] 415.00-416.00 sec   264 KBytes  2.16 Mbits/sec  0.286 ms  1989/4688 (42%)  
[  5] 416.00-417.00 sec   258 KBytes  2.11 Mbits/sec  0.220 ms  1775/4414 (40%)  
[  5] 417.00-418.00 sec   246 KBytes  2.02 Mbits/sec  0.237 ms  1940/4463 (43%)  
[  5] 418.00-419.00 sec   249 KBytes  2.04 Mbits/sec  0.214 ms  2166/4720 (46%)  
[  5] 419.00-420.00 sec   259 KBytes  2.13 Mbits/sec  0.250 ms  1990/4647 (43%)  
[  5] 420.00-421.00 sec   262 KBytes  2.14 Mbits/sec  0.220 ms  1665/4345 (38%)  
[  5] 421.00-422.00 sec   261 KBytes  2.14 Mbits/sec  0.790 ms  1883/4556 (41%)  
