Connecting to host 172.22.0.50, port 5201
Reverse mode, remote host 172.22.0.50 is sending
[  5] local 192.168.100.2 port 33955 connected to 172.22.0.50 port 5201
[ ID] Interval           Transfer     Bitrate         Jitter    Lost/Total Datagrams
[  5]   0.00-1.00   sec  1.43 MBytes  12.0 Mbits/sec  1.044 ms  0/1250 (0%)  
[  5]   1.00-2.00   sec  1.40 MBytes  11.8 Mbits/sec  0.952 ms  19/1245 (1.5%)  
[  5]   2.00-3.00   sec  1.43 MBytes  12.0 Mbits/sec  0.768 ms  0/1253 (0%)  
[  5]   3.00-4.00   sec  1.44 MBytes  12.1 Mbits/sec  1.104 ms  0/1257 (0%)  
[  5]   4.00-5.00   sec  1.43 MBytes  12.0 Mbits/sec  1.094 ms  2/1248 (0.16%)  
[  5]   5.00-6.00   sec   940 KBytes  7.70 Mbits/sec  0.870 ms  449/1251 (36%)  
[  5]   6.00-7.00   sec  1.43 MBytes  12.0 Mbits/sec  0.875 ms  0/1249 (0%)  
[  5]   7.00-8.00   sec  1.44 MBytes  12.0 Mbits/sec  1.001 ms  0/1256 (0%)  
[  5]   8.00-9.00   sec  1.42 MBytes  11.9 Mbits/sec  1.206 ms  0/1238 (0%)  
[  5]   9.00-10.00  sec  1.43 MBytes  12.0 Mbits/sec  1.245 ms  0/1250 (0%)  
[  5]  10.00-11.00  sec  1.43 MBytes  12.0 Mbits/sec  0.983 ms  0/1252 (0%)  
[  5]  11.00-12.00  sec  1.44 MBytes  12.1 Mbits/sec  0.937 ms  0/1256 (0%)  
[  5]  12.00-13.00  sec  1.42 MBytes  11.9 Mbits/sec  1.025 ms  0/1243 (0%)  
[  5]  13.00-14.00  sec  1.44 MBytes  12.1 Mbits/sec  0.909 ms  0/1256 (0%)  
[  5]  14.00-15.00  sec  1.41 MBytes  11.8 Mbits/sec  1.151 ms  0/1234 (0%)  
[  5]  15.00-16.00  sec  1.45 MBytes  12.2 Mbits/sec  0.999 ms  0/1266 (0%)  
[  5]  16.00-17.00  sec  1.43 MBytes  12.0 Mbits/sec  0.999 ms  0/1252 (0%)  
[  5]  17.00-18.00  sec  1.43 MBytes  12.0 Mbits/sec  1.017 ms  0/1247 (0%)  
[  5]  18.00-19.00  sec  1.42 MBytes  11.9 Mbits/sec  1.030 ms  0/1244 (0%)  
[  5]  19.00-20.00  sec  1.43 MBytes  12.0 Mbits/sec  1.275 ms  0/1251 (0%)  
[  5]  20.00-21.00  sec  1.44 MBytes  12.1 Mbits/sec  0.845 ms  0/1257 (0%)  
[  5]  21.00-22.00  sec  1.43 MBytes  12.0 Mbits/sec  1.075 ms  0/1250 (0%)  
[  5]  22.00-23.00  sec   736 KBytes  6.03 Mbits/sec  2.673 ms  0/628 (0%)  
[  5]  23.00-24.00  sec   363 KBytes  2.98 Mbits/sec  2.322 ms  0/310 (0%)  
[  5]  24.00-25.00  sec   368 KBytes  3.01 Mbits/sec  2.282 ms  0/314 (0%)  
[  5]  25.00-26.00  sec   380 KBytes  3.11 Mbits/sec  2.716 ms  0/324 (0%)  
[  5]  26.00-27.00  sec   371 KBytes  3.04 Mbits/sec  2.559 ms  0/317 (0%)  
[  5]  27.00-28.00  sec   343 KBytes  2.81 Mbits/sec  2.823 ms  0/293 (0%)  
[  5]  28.00-29.00  sec   257 KBytes  2.10 Mbits/sec  3.318 ms  0/219 (0%)  
[  5]  29.00-30.00  sec   343 KBytes  2.81 Mbits/sec  2.940 ms  0/293 (0%)  
[  5]  30.00-31.00  sec   360 KBytes  2.95 Mbits/sec  2.641 ms  0/307 (0%)  
[  5]  31.00-32.00  sec   381 KBytes  3.12 Mbits/sec  2.149 ms  0/325 (0%)  
[  5]  32.00-33.00  sec   382 KBytes  3.13 Mbits/sec  2.087 ms  0/326 (0%)  
[  5]  33.00-34.00  sec   386 KBytes  3.16 Mbits/sec  2.091 ms  0/329 (0%)  
[  5]  34.00-35.00  sec   388 KBytes  3.17 Mbits/sec  2.274 ms  0/331 (0%)  
[  5]  35.00-36.00  sec   381 KBytes  3.13 Mbits/sec  2.402 ms  0/325 (0%)  
[  5]  36.00-37.00  sec   388 KBytes  3.18 Mbits/sec  2.102 ms  0/331 (0%)  
[  5]  37.00-38.00  sec   425 KBytes  3.48 Mbits/sec  1.714 ms  0/363 (0%)  
[  5]  38.00-39.00  sec   455 KBytes  3.72 Mbits/sec  1.914 ms  0/388 (0%)  
[  5]  39.00-40.00  sec   455 KBytes  3.72 Mbits/sec  2.014 ms  0/389 (0%)  
[  5]  40.00-41.00  sec   444 KBytes  3.64 Mbits/sec  1.891 ms  0/379 (0%)  
[  5]  41.00-42.00  sec   456 KBytes  3.73 Mbits/sec  1.829 ms  0/389 (0%)  
[  5]  42.00-43.00  sec   455 KBytes  3.72 Mbits/sec  1.875 ms  0/388 (0%)  
[  5]  43.00-44.00  sec   438 KBytes  3.59 Mbits/sec  2.036 ms  0/375 (0%)  
[  5]  44.00-45.00  sec   450 KBytes  3.68 Mbits/sec  2.418 ms  0/384 (0%)  
[  5]  45.00-46.00  sec   412 KBytes  3.38 Mbits/sec  2.213 ms  2/354 (0.56%)  
[  5]  46.00-47.00  sec   379 KBytes  3.09 Mbits/sec  2.755 ms  0/323 (0%)  
[  5]  47.00-48.00  sec   475 KBytes  3.90 Mbits/sec  1.940 ms  0/405 (0%)  
[  5]  48.00-49.00  sec   484 KBytes  3.96 Mbits/sec  1.606 ms  0/413 (0%)  
[  5]  49.00-50.00  sec   497 KBytes  4.07 Mbits/sec  1.791 ms  0/424 (0%)  
[  5]  50.00-51.00  sec   486 KBytes  3.98 Mbits/sec  1.579 ms  0/415 (0%)  
[  5]  51.00-52.00  sec   407 KBytes  3.33 Mbits/sec  1.692 ms  0/347 (0%)  
[  5]  52.00-53.00  sec   449 KBytes  3.68 Mbits/sec  4.575 ms  30/413 (7.3%)  
[  5]  53.00-54.00  sec   541 KBytes  4.44 Mbits/sec  2.149 ms  1336/1798 (74%)  
[  5]  54.00-55.00  sec   444 KBytes  3.64 Mbits/sec  1.977 ms  1057/1436 (74%)  
[  5]  55.00-56.00  sec   560 KBytes  4.59 Mbits/sec  1.884 ms  1340/1818 (74%)  
[  5]  56.00-57.00  sec   534 KBytes  4.38 Mbits/sec  2.070 ms  1284/1740 (74%)  
[  5]  57.00-58.00  sec   482 KBytes  3.95 Mbits/sec  1.602 ms  1141/1552 (74%)  
[  5]  58.00-59.00  sec   601 KBytes  4.92 Mbits/sec  1.615 ms  1121/1634 (69%)  
[  5]  59.00-60.00  sec   608 KBytes  4.98 Mbits/sec  1.662 ms  1146/1665 (69%)  
[  5]  60.00-61.00  sec   601 KBytes  4.93 Mbits/sec  1.573 ms  1170/1683 (70%)  
[  5]  61.00-62.00  sec   608 KBytes  4.98 Mbits/sec  1.604 ms  1152/1671 (69%)  
[  5]  62.00-63.00  sec   500 KBytes  4.10 Mbits/sec  1.591 ms  984/1411 (70%)  
[  5]  63.00-64.00  sec   509 KBytes  4.17 Mbits/sec  1.678 ms  990/1424 (70%)  
[  5]  64.00-65.00  sec   500 KBytes  4.10 Mbits/sec  1.747 ms  1080/1507 (72%)  
[  5]  65.00-66.00  sec   513 KBytes  4.20 Mbits/sec  1.503 ms  1159/1597 (73%)  
[  5]  66.00-67.00  sec   409 KBytes  3.35 Mbits/sec  1.582 ms  674/1023 (66%)  
[  5]  67.00-68.00  sec   400 KBytes  3.27 Mbits/sec  1.543 ms  675/1016 (66%)  
[  5]  68.00-69.00  sec   408 KBytes  3.34 Mbits/sec  1.538 ms  700/1048 (67%)  
[  5]  69.00-70.00  sec   601 KBytes  4.93 Mbits/sec  1.575 ms  1063/1576 (67%)  
[  5]  70.00-71.00  sec   521 KBytes  4.26 Mbits/sec  1.372 ms  1025/1470 (70%)  
[  5]  71.00-72.00  sec   377 KBytes  3.10 Mbits/sec  1.350 ms  500/822 (61%)  
[  5]  72.00-73.00  sec   604 KBytes  4.94 Mbits/sec  1.481 ms  937/1452 (65%)  
[  5]  73.00-74.00  sec   523 KBytes  4.29 Mbits/sec  1.630 ms  897/1343 (67%)  
[  5]  74.00-75.00  sec   495 KBytes  4.05 Mbits/sec  1.361 ms  740/1162 (64%)  
[  5]  75.00-76.00  sec   485 KBytes  3.98 Mbits/sec  1.586 ms  756/1170 (65%)  
[  5]  76.00-77.00  sec   525 KBytes  4.30 Mbits/sec  1.325 ms  740/1188 (62%)  
[  5]  77.00-78.00  sec   409 KBytes  3.35 Mbits/sec  1.186 ms  461/810 (57%)  
[  5]  78.00-79.00  sec   400 KBytes  3.27 Mbits/sec  1.421 ms  475/816 (58%)  
[  5]  79.00-80.00  sec   409 KBytes  3.35 Mbits/sec  1.325 ms  641/990 (65%)  
[  5]  80.00-81.00  sec   400 KBytes  3.28 Mbits/sec  1.344 ms  469/810 (58%)  
[  5]  81.00-82.00  sec   477 KBytes  3.91 Mbits/sec  1.179 ms  597/1004 (59%)  
[  5]  82.00-83.00  sec   400 KBytes  3.27 Mbits/sec  1.233 ms  475/816 (58%)  
[  5]  83.00-84.00  sec   499 KBytes  4.09 Mbits/sec  1.354 ms  757/1183 (64%)  
[  5]  84.00-85.00  sec   619 KBytes  5.07 Mbits/sec  1.265 ms  1040/1568 (66%)  
[  5]  85.00-86.00  sec   589 KBytes  4.83 Mbits/sec  2.075 ms  1102/1605 (69%)  
[  5]  86.00-87.00  sec   619 KBytes  5.07 Mbits/sec  1.637 ms  1298/1826 (71%)  
[  5]  87.00-88.00  sec   619 KBytes  5.07 Mbits/sec  1.411 ms  1248/1776 (70%)  
[  5]  88.00-89.00  sec   589 KBytes  4.83 Mbits/sec  1.334 ms  922/1425 (65%)  
[  5]  89.00-90.00  sec   619 KBytes  5.07 Mbits/sec  1.866 ms  1089/1617 (67%)  
[  5]  90.00-91.00  sec   661 KBytes  5.42 Mbits/sec  2.697 ms  1049/1613 (65%)  
[  5]  91.00-92.00  sec   638 KBytes  5.22 Mbits/sec  1.336 ms  879/1423 (62%)  
[  5]  92.00-93.00  sec   599 KBytes  4.90 Mbits/sec  1.495 ms  884/1395 (63%)  
[  5]  93.00-94.00  sec   607 KBytes  4.97 Mbits/sec  1.318 ms  1179/1697 (69%)  
[  5]  94.00-95.00  sec   519 KBytes  4.25 Mbits/sec  1.607 ms  906/1349 (67%)  
[  5]  95.00-96.00  sec   589 KBytes  4.83 Mbits/sec  1.687 ms  1335/1838 (73%)  
[  5]  96.00-97.00  sec   619 KBytes  5.07 Mbits/sec  1.500 ms  1375/1903 (72%)  
[  5]  97.00-98.00  sec   589 KBytes  4.83 Mbits/sec  1.448 ms  1175/1678 (70%)  
[  5]  98.00-99.00  sec   599 KBytes  4.91 Mbits/sec  1.225 ms  1022/1533 (67%)  
[  5]  99.00-100.00 sec   619 KBytes  5.07 Mbits/sec  1.288 ms  1072/1600 (67%)  
[  5] 100.00-101.00 sec   619 KBytes  5.07 Mbits/sec  1.251 ms  745/1273 (59%)  
[  5] 101.00-102.00 sec   589 KBytes  4.83 Mbits/sec  1.259 ms  723/1226 (59%)  
[  5] 102.00-103.00 sec   709 KBytes  5.81 Mbits/sec  1.221 ms  837/1442 (58%)  
[  5] 103.00-104.00 sec   607 KBytes  4.97 Mbits/sec  1.635 ms  721/1239 (58%)  
[  5] 104.00-105.00 sec   589 KBytes  4.83 Mbits/sec  1.220 ms  717/1220 (59%)  
[  5] 105.00-106.00 sec   619 KBytes  5.07 Mbits/sec  1.220 ms  729/1257 (58%)  
[  5] 106.00-107.00 sec   589 KBytes  4.83 Mbits/sec  1.233 ms  675/1178 (57%)  
[  5] 107.00-108.00 sec   718 KBytes  5.88 Mbits/sec  1.135 ms  780/1393 (56%)  
[  5] 108.00-109.00 sec   589 KBytes  4.83 Mbits/sec  1.217 ms  679/1182 (57%)  
[  5] 109.00-110.00 sec   709 KBytes  5.81 Mbits/sec  1.271 ms  930/1535 (61%)  
[  5] 110.00-111.00 sec   697 KBytes  5.71 Mbits/sec  1.223 ms  1018/1613 (63%)  
[  5] 111.00-112.00 sec   620 KBytes  5.08 Mbits/sec  1.183 ms  751/1280 (59%)  
[  5] 112.00-113.00 sec   588 KBytes  4.82 Mbits/sec  1.123 ms  739/1241 (60%)  
[  5] 113.00-114.00 sec   709 KBytes  5.81 Mbits/sec  1.316 ms  837/1442 (58%)  
[  5] 114.00-115.00 sec   620 KBytes  5.08 Mbits/sec  1.373 ms  768/1297 (59%)  
[  5] 115.00-116.00 sec   677 KBytes  5.55 Mbits/sec  1.336 ms  851/1429 (60%)  
[  5] 116.00-117.00 sec   619 KBytes  5.07 Mbits/sec  1.137 ms  666/1194 (56%)  
[  5] 117.00-118.00 sec   709 KBytes  5.81 Mbits/sec  1.274 ms  817/1422 (57%)  
[  5] 118.00-119.00 sec   589 KBytes  4.83 Mbits/sec  1.353 ms  737/1240 (59%)  
[  5] 119.00-120.00 sec   709 KBytes  5.81 Mbits/sec  1.198 ms  806/1411 (57%)  
[  5] 120.00-121.00 sec   619 KBytes  5.07 Mbits/sec  1.207 ms  700/1228 (57%)  
[  5] 121.00-122.00 sec   689 KBytes  5.64 Mbits/sec  1.073 ms  716/1304 (55%)  
[  5] 122.00-123.00 sec   619 KBytes  5.06 Mbits/sec  1.233 ms  637/1165 (55%)  
[  5] 123.00-124.00 sec   589 KBytes  4.83 Mbits/sec  1.210 ms  620/1123 (55%)  
[  5] 124.00-125.00 sec   709 KBytes  5.81 Mbits/sec  1.174 ms  714/1319 (54%)  
[  5] 125.00-126.00 sec   607 KBytes  4.97 Mbits/sec  1.198 ms  646/1164 (55%)  
[  5] 126.00-127.00 sec   589 KBytes  4.83 Mbits/sec  1.279 ms  651/1154 (56%)  
[  5] 127.00-128.00 sec   708 KBytes  5.79 Mbits/sec  1.097 ms  804/1408 (57%)  
[  5] 128.00-129.00 sec   570 KBytes  4.67 Mbits/sec  1.202 ms  630/1116 (56%)  
[  5] 129.00-130.00 sec   709 KBytes  5.81 Mbits/sec  1.260 ms  756/1361 (56%)  
[  5] 130.00-131.00 sec   619 KBytes  5.06 Mbits/sec  1.133 ms  640/1168 (55%)  
[  5] 131.00-132.00 sec   589 KBytes  4.84 Mbits/sec  1.214 ms  639/1142 (56%)  
[  5] 132.00-133.00 sec   619 KBytes  5.07 Mbits/sec  1.276 ms  667/1195 (56%)  
[  5] 133.00-134.00 sec   708 KBytes  5.80 Mbits/sec  1.181 ms  726/1330 (55%)  
[  5] 134.00-135.00 sec   588 KBytes  4.82 Mbits/sec  1.226 ms  644/1146 (56%)  
[  5] 135.00-136.00 sec   619 KBytes  5.07 Mbits/sec  1.267 ms  659/1187 (56%)  
[  5] 136.00-137.00 sec   400 KBytes  3.27 Mbits/sec  1.141 ms  426/767 (56%)  
[  5] 137.00-138.00 sec   589 KBytes  4.83 Mbits/sec  1.323 ms  681/1184 (58%)  
[  5] 138.00-139.00 sec   529 KBytes  4.33 Mbits/sec  1.158 ms  542/993 (55%)  
[  5] 139.00-140.00 sec   499 KBytes  4.08 Mbits/sec  1.185 ms  555/981 (57%)  
[  5] 140.00-141.00 sec   589 KBytes  4.83 Mbits/sec  1.084 ms  653/1156 (56%)  
[  5] 141.00-142.00 sec   619 KBytes  5.07 Mbits/sec  1.174 ms  646/1174 (55%)  
[  5] 142.00-143.00 sec   589 KBytes  4.83 Mbits/sec  1.267 ms  664/1167 (57%)  
[  5] 143.00-144.00 sec   619 KBytes  5.07 Mbits/sec  1.493 ms  720/1248 (58%)  
[  5] 144.00-145.00 sec   619 KBytes  5.07 Mbits/sec  1.274 ms  659/1187 (56%)  
[  5] 145.00-146.00 sec   499 KBytes  4.08 Mbits/sec  1.174 ms  528/954 (55%)  
[  5] 146.00-147.00 sec   589 KBytes  4.83 Mbits/sec  1.058 ms  597/1100 (54%)  
[  5] 147.00-148.00 sec   519 KBytes  4.25 Mbits/sec  1.250 ms  523/966 (54%)  
[  5] 148.00-149.00 sec   568 KBytes  4.66 Mbits/sec  1.409 ms  727/1212 (60%)  
[  5] 149.00-150.00 sec   628 KBytes  5.14 Mbits/sec  1.264 ms  749/1285 (58%)  
[  5] 150.00-151.00 sec   580 KBytes  4.75 Mbits/sec  1.245 ms  664/1159 (57%)  
[  5] 151.00-152.00 sec   629 KBytes  5.16 Mbits/sec  1.092 ms  677/1214 (56%)  
[  5] 152.00-153.00 sec   708 KBytes  5.80 Mbits/sec  1.623 ms  1041/1645 (63%)  
[  5] 153.00-154.00 sec   499 KBytes  4.09 Mbits/sec  1.156 ms  795/1221 (65%)  
[  5] 154.00-155.00 sec   709 KBytes  5.81 Mbits/sec  1.222 ms  1032/1637 (63%)  
[  5] 155.00-156.00 sec   589 KBytes  4.83 Mbits/sec  1.268 ms  948/1451 (65%)  
[  5] 156.00-157.00 sec   559 KBytes  4.58 Mbits/sec  1.344 ms  743/1220 (61%)  
[  5] 157.00-158.00 sec   536 KBytes  4.39 Mbits/sec  1.239 ms  714/1191 (60%)  
[  5] 158.00-159.00 sec   499 KBytes  4.09 Mbits/sec  1.229 ms  634/1060 (60%)  
[  5] 159.00-160.00 sec   519 KBytes  4.25 Mbits/sec  1.221 ms  592/1035 (57%)  
[  5] 160.00-161.00 sec   409 KBytes  3.35 Mbits/sec  1.261 ms  494/843 (59%)  
[  5] 161.00-162.00 sec   400 KBytes  3.27 Mbits/sec  1.319 ms  518/859 (60%)  
[  5] 162.00-163.00 sec   400 KBytes  3.27 Mbits/sec  1.228 ms  534/875 (61%)  
[  5] 163.00-164.00 sec   408 KBytes  3.34 Mbits/sec  1.323 ms  469/817 (57%)  
[  5] 164.00-165.00 sec   396 KBytes  3.24 Mbits/sec  1.307 ms  489/827 (59%)  
[  5] 165.00-166.00 sec   499 KBytes  4.09 Mbits/sec  1.431 ms  811/1237 (66%)  
[  5] 166.00-167.00 sec   306 KBytes  2.50 Mbits/sec  1.522 ms  425/686 (62%)  
[  5] 167.00-168.00 sec   499 KBytes  4.10 Mbits/sec  1.144 ms  579/1005 (58%)  
[  5] 168.00-169.00 sec   400 KBytes  3.27 Mbits/sec  1.417 ms  513/854 (60%)  
[  5] 169.00-170.00 sec   387 KBytes  3.17 Mbits/sec  1.328 ms  577/907 (64%)  
[  5] 170.00-171.00 sec   530 KBytes  4.34 Mbits/sec  1.278 ms  553/1005 (55%)  
[  5] 171.00-172.00 sec   499 KBytes  4.09 Mbits/sec  1.217 ms  569/995 (57%)  
[  5] 172.00-173.00 sec   499 KBytes  4.09 Mbits/sec  1.182 ms  591/1017 (58%)  
[  5] 173.00-174.00 sec   507 KBytes  4.16 Mbits/sec  1.324 ms  672/1105 (61%)  
[  5] 174.00-175.00 sec   499 KBytes  4.09 Mbits/sec  1.305 ms  549/975 (56%)  
[  5] 175.00-176.00 sec   488 KBytes  3.99 Mbits/sec  1.215 ms  610/1026 (59%)  
[  5] 176.00-177.00 sec   519 KBytes  4.25 Mbits/sec  1.399 ms  628/1071 (59%)  
[  5] 177.00-178.00 sec   589 KBytes  4.82 Mbits/sec  1.304 ms  722/1225 (59%)  
[  5] 178.00-179.00 sec   499 KBytes  4.10 Mbits/sec  1.390 ms  718/1144 (63%)  
[  5] 179.00-180.00 sec   529 KBytes  4.33 Mbits/sec  1.637 ms  993/1444 (69%)  
[  5] 180.00-181.00 sec   400 KBytes  3.27 Mbits/sec  1.680 ms  698/1039 (67%)  
[  5] 181.00-182.00 sec   589 KBytes  4.83 Mbits/sec  1.648 ms  1375/1878 (73%)  
[  5] 182.00-183.00 sec   619 KBytes  5.07 Mbits/sec  1.622 ms  1221/1749 (70%)  
[  5] 183.00-184.00 sec   589 KBytes  4.83 Mbits/sec  1.505 ms  1245/1748 (71%)  
[  5] 184.00-185.00 sec   621 KBytes  5.09 Mbits/sec  1.306 ms  1258/1788 (70%)  
[  5] 185.00-186.00 sec   489 KBytes  4.00 Mbits/sec  1.368 ms  1173/1590 (74%)  
[  5] 186.00-187.00 sec   619 KBytes  5.07 Mbits/sec  1.624 ms  1153/1681 (69%)  
[  5] 187.00-188.00 sec   689 KBytes  5.64 Mbits/sec  1.343 ms  1457/2045 (71%)  
[  5] 188.00-189.00 sec   520 KBytes  4.27 Mbits/sec  1.479 ms  851/1295 (66%)  
[  5] 189.00-190.00 sec   498 KBytes  4.08 Mbits/sec  1.436 ms  883/1308 (68%)  
[  5] 190.00-191.00 sec   589 KBytes  4.83 Mbits/sec  1.361 ms  976/1479 (66%)  
[  5] 191.00-192.00 sec   619 KBytes  5.07 Mbits/sec  1.303 ms  962/1490 (65%)  
[  5] 192.00-193.00 sec   622 KBytes  5.09 Mbits/sec  8.546 ms  1003/1534 (65%)  
[  5] 193.00-194.00 sec   686 KBytes  5.61 Mbits/sec  1.485 ms  1085/1670 (65%)  
[  5] 194.00-195.00 sec   619 KBytes  5.07 Mbits/sec  1.219 ms  838/1366 (61%)  
[  5] 195.00-196.00 sec   589 KBytes  4.83 Mbits/sec  1.632 ms  892/1395 (64%)  
[  5] 196.00-197.00 sec   619 KBytes  5.07 Mbits/sec  1.400 ms  1291/1819 (71%)  
[  5] 197.00-198.00 sec   620 KBytes  5.08 Mbits/sec  1.288 ms  718/1247 (58%)  
[  5] 198.00-199.00 sec   679 KBytes  5.56 Mbits/sec  1.435 ms  930/1509 (62%)  
[  5] 199.00-200.00 sec   608 KBytes  4.98 Mbits/sec  1.283 ms  744/1263 (59%)  
[  5] 200.00-201.00 sec   720 KBytes  5.89 Mbits/sec  1.332 ms  894/1508 (59%)  
[  5] 201.00-202.00 sec   589 KBytes  4.83 Mbits/sec  1.271 ms  789/1292 (61%)  
[  5] 202.00-203.00 sec   700 KBytes  5.73 Mbits/sec  1.415 ms  846/1443 (59%)  
[  5] 203.00-204.00 sec   619 KBytes  5.07 Mbits/sec  1.238 ms  687/1215 (57%)  
[  5] 204.00-205.00 sec   689 KBytes  5.64 Mbits/sec  1.308 ms  1140/1728 (66%)  
[  5] 205.00-206.00 sec   710 KBytes  5.82 Mbits/sec  1.272 ms  864/1470 (59%)  
[  5] 206.00-207.00 sec   618 KBytes  5.06 Mbits/sec  1.234 ms  711/1238 (57%)  
[  5] 207.00-208.00 sec   689 KBytes  5.65 Mbits/sec  1.317 ms  842/1430 (59%)  
[  5] 208.00-209.00 sec   618 KBytes  5.06 Mbits/sec  1.167 ms  715/1242 (58%)  
[  5] 209.00-210.00 sec   588 KBytes  4.82 Mbits/sec  1.232 ms  718/1220 (59%)  
[  5] 210.00-211.00 sec   620 KBytes  5.07 Mbits/sec  1.232 ms  738/1267 (58%)  
[  5] 211.00-212.00 sec   619 KBytes  5.07 Mbits/sec  1.239 ms  674/1202 (56%)  
[  5] 212.00-213.00 sec   709 KBytes  5.81 Mbits/sec  1.143 ms  747/1352 (55%)  
[  5] 213.00-214.00 sec   588 KBytes  4.82 Mbits/sec  1.209 ms  632/1134 (56%)  
[  5] 214.00-215.00 sec   720 KBytes  5.89 Mbits/sec  1.169 ms  737/1351 (55%)  
[  5] 215.00-216.00 sec   709 KBytes  5.81 Mbits/sec  1.242 ms  719/1324 (54%)  
[  5] 216.00-217.00 sec   588 KBytes  4.82 Mbits/sec  1.264 ms  645/1147 (56%)  
[  5] 217.00-218.00 sec   620 KBytes  5.07 Mbits/sec  1.192 ms  657/1186 (55%)  
[  5] 218.00-219.00 sec   689 KBytes  5.65 Mbits/sec  1.013 ms  707/1295 (55%)  
[  5] 219.00-220.00 sec   618 KBytes  5.06 Mbits/sec  1.233 ms  665/1192 (56%)  
[  5] 220.00-221.00 sec   710 KBytes  5.82 Mbits/sec  1.224 ms  722/1328 (54%)  
[  5] 221.00-222.00 sec   589 KBytes  4.83 Mbits/sec  1.215 ms  611/1114 (55%)  
[  5] 222.00-223.00 sec   697 KBytes  5.70 Mbits/sec  1.135 ms  773/1368 (57%)  
[  5] 223.00-224.00 sec   708 KBytes  5.81 Mbits/sec  1.288 ms  849/1453 (58%)  
[  5] 224.00-225.00 sec   589 KBytes  4.83 Mbits/sec  1.368 ms  757/1260 (60%)  
[  5] 225.00-226.00 sec   710 KBytes  5.82 Mbits/sec  1.239 ms  771/1377 (56%)  
[  5] 226.00-227.00 sec   628 KBytes  5.14 Mbits/sec  1.135 ms  647/1183 (55%)  
[  5] 227.00-228.00 sec   573 KBytes  4.70 Mbits/sec  1.109 ms  613/1102 (56%)  
[  5] 228.00-229.00 sec   709 KBytes  5.80 Mbits/sec  1.272 ms  735/1340 (55%)  
[  5] 229.00-230.00 sec   709 KBytes  5.81 Mbits/sec  1.155 ms  709/1314 (54%)  
[  5] 230.00-231.00 sec   618 KBytes  5.06 Mbits/sec  1.286 ms  684/1211 (56%)  
[  5] 231.00-232.00 sec   689 KBytes  5.65 Mbits/sec  1.189 ms  719/1307 (55%)  
[  5] 232.00-233.00 sec   710 KBytes  5.82 Mbits/sec  1.256 ms  780/1386 (56%)  
[  5] 233.00-234.00 sec   619 KBytes  5.07 Mbits/sec  1.250 ms  688/1216 (57%)  
[  5] 234.00-235.00 sec   688 KBytes  5.64 Mbits/sec  1.219 ms  721/1308 (55%)  
[  5] 235.00-236.00 sec   620 KBytes  5.08 Mbits/sec  1.193 ms  620/1149 (54%)  
[  5] 236.00-237.00 sec   709 KBytes  5.81 Mbits/sec  1.273 ms  738/1343 (55%)  
[  5] 237.00-238.00 sec   588 KBytes  4.82 Mbits/sec  1.213 ms  587/1089 (54%)  
[  5] 238.00-239.00 sec   720 KBytes  5.89 Mbits/sec  1.078 ms  739/1353 (55%)  
[  5] 239.00-240.00 sec   589 KBytes  4.83 Mbits/sec  1.132 ms  598/1101 (54%)  
[  5] 240.00-241.00 sec   709 KBytes  5.80 Mbits/sec  1.176 ms  763/1368 (56%)  
[  5] 241.00-242.00 sec   708 KBytes  5.80 Mbits/sec  1.192 ms  758/1362 (56%)  
[  5] 242.00-243.00 sec   629 KBytes  5.16 Mbits/sec  1.122 ms  661/1198 (55%)  
[  5] 243.00-244.00 sec   709 KBytes  5.81 Mbits/sec  1.207 ms  710/1315 (54%)  
[  5] 244.00-245.00 sec   584 KBytes  4.78 Mbits/sec  1.283 ms  614/1112 (55%)  
[  5] 245.00-246.00 sec   619 KBytes  5.07 Mbits/sec  1.201 ms  615/1143 (54%)  
[  5] 246.00-247.00 sec   709 KBytes  5.81 Mbits/sec  1.137 ms  705/1310 (54%)  
[  5] 247.00-248.00 sec   689 KBytes  5.64 Mbits/sec  1.234 ms  717/1305 (55%)  
[  5] 248.00-249.00 sec   533 KBytes  4.37 Mbits/sec  9.228 ms  577/1032 (56%)  
[  5] 249.00-250.00 sec   675 KBytes  5.53 Mbits/sec  1.163 ms  683/1259 (54%)  
[  5] 250.00-251.00 sec   619 KBytes  5.07 Mbits/sec  1.228 ms  659/1187 (56%)  
[  5] 251.00-252.00 sec   709 KBytes  5.81 Mbits/sec  1.227 ms  768/1373 (56%)  
[  5] 252.00-253.00 sec   589 KBytes  4.83 Mbits/sec  1.201 ms  601/1104 (54%)  
[  5] 253.00-254.00 sec   718 KBytes  5.88 Mbits/sec  1.211 ms  739/1352 (55%)  
[  5] 254.00-255.00 sec   619 KBytes  5.07 Mbits/sec  1.281 ms  635/1163 (55%)  
[  5] 255.00-256.00 sec   709 KBytes  5.81 Mbits/sec  1.141 ms  723/1328 (54%)  
[  5] 256.00-257.00 sec   589 KBytes  4.83 Mbits/sec  1.220 ms  607/1110 (55%)  
[  5] 257.00-258.00 sec   619 KBytes  5.07 Mbits/sec  1.233 ms  648/1176 (55%)  
[  5] 258.00-259.00 sec   588 KBytes  4.82 Mbits/sec  1.239 ms  606/1108 (55%)  
[  5] 259.00-260.00 sec   720 KBytes  5.89 Mbits/sec  1.194 ms  759/1373 (55%)  
[  5] 260.00-261.00 sec   619 KBytes  5.07 Mbits/sec  1.246 ms  664/1192 (56%)  
[  5] 261.00-262.00 sec   679 KBytes  5.56 Mbits/sec  1.196 ms  680/1259 (54%)  
[  5] 262.00-263.00 sec   720 KBytes  5.90 Mbits/sec  1.238 ms  741/1355 (55%)  
[  5] 263.00-264.00 sec   619 KBytes  5.07 Mbits/sec  1.238 ms  813/1341 (61%)  
[  5] 264.00-265.00 sec   680 KBytes  5.57 Mbits/sec  1.256 ms  733/1313 (56%)  
[  5] 265.00-266.00 sec   708 KBytes  5.80 Mbits/sec  1.224 ms  773/1377 (56%)  
[  5] 266.00-267.00 sec   620 KBytes  5.08 Mbits/sec  1.249 ms  645/1174 (55%)  
[  5] 267.00-268.00 sec   628 KBytes  5.15 Mbits/sec  1.190 ms  663/1199 (55%)  
[  5] 268.00-269.00 sec   680 KBytes  5.57 Mbits/sec  1.209 ms  682/1262 (54%)  
[  5] 269.00-270.00 sec   619 KBytes  5.06 Mbits/sec  1.225 ms  676/1204 (56%)  
[  5] 270.00-271.00 sec   589 KBytes  4.83 Mbits/sec  1.151 ms  620/1123 (55%)  
[  5] 271.00-272.00 sec   709 KBytes  5.81 Mbits/sec  1.193 ms  719/1324 (54%)  
[  5] 272.00-273.00 sec   619 KBytes  5.06 Mbits/sec  1.249 ms  786/1314 (60%)  
[  5] 273.00-274.00 sec   689 KBytes  5.65 Mbits/sec  1.192 ms  762/1350 (56%)  
[  5] 274.00-275.00 sec   619 KBytes  5.07 Mbits/sec  1.301 ms  657/1185 (55%)  
[  5] 275.00-276.00 sec   709 KBytes  5.81 Mbits/sec  1.174 ms  731/1336 (55%)  
[  5] 276.00-277.00 sec   589 KBytes  4.83 Mbits/sec  1.225 ms  592/1095 (54%)  
[  5] 277.00-278.00 sec   718 KBytes  5.88 Mbits/sec  1.226 ms  724/1337 (54%)  
[  5] 278.00-279.00 sec   588 KBytes  4.82 Mbits/sec  1.101 ms  593/1095 (54%)  
[  5] 279.00-280.00 sec   710 KBytes  5.82 Mbits/sec  1.298 ms  735/1341 (55%)  
[  5] 280.00-281.00 sec   619 KBytes  5.07 Mbits/sec  1.243 ms  630/1158 (54%)  
[  5] 281.00-282.00 sec   718 KBytes  5.88 Mbits/sec  1.165 ms  757/1370 (55%)  
[  5] 282.00-283.00 sec   697 KBytes  5.72 Mbits/sec  1.292 ms  809/1404 (58%)  
[  5] 283.00-284.00 sec   589 KBytes  4.83 Mbits/sec  1.249 ms  642/1145 (56%)  
[  5] 284.00-285.00 sec   709 KBytes  5.81 Mbits/sec  1.272 ms  798/1403 (57%)  
[  5] 285.00-286.00 sec   591 KBytes  4.84 Mbits/sec  1.222 ms  633/1137 (56%)  
[  5] 286.00-287.00 sec   709 KBytes  5.81 Mbits/sec  1.320 ms  739/1344 (55%)  
[  5] 287.00-288.00 sec   619 KBytes  5.07 Mbits/sec  1.211 ms  633/1161 (55%)  
[  5] 288.00-289.00 sec   709 KBytes  5.81 Mbits/sec  1.204 ms  754/1359 (55%)  
[  5] 289.00-290.00 sec   588 KBytes  4.82 Mbits/sec  1.209 ms  636/1138 (56%)  
[  5] 290.00-291.00 sec   720 KBytes  5.89 Mbits/sec  1.198 ms  797/1411 (56%)  
[  5] 291.00-292.00 sec   619 KBytes  5.07 Mbits/sec  1.220 ms  649/1177 (55%)  
[  5] 292.00-293.00 sec   680 KBytes  5.57 Mbits/sec  1.289 ms  707/1287 (55%)  
[  5] 293.00-294.00 sec   619 KBytes  5.07 Mbits/sec  1.253 ms  660/1188 (56%)  
[  5] 294.00-295.00 sec   718 KBytes  5.88 Mbits/sec  1.168 ms  724/1337 (54%)  
[  5] 295.00-296.00 sec   589 KBytes  4.83 Mbits/sec  1.095 ms  589/1092 (54%)  
[  5] 296.00-297.00 sec   709 KBytes  5.81 Mbits/sec  1.240 ms  737/1342 (55%)  
[  5] 297.00-298.00 sec   720 KBytes  5.90 Mbits/sec  1.122 ms  745/1359 (55%)  
[  5] 298.00-299.00 sec   588 KBytes  4.82 Mbits/sec  1.180 ms  620/1122 (55%)  
[  5] 299.00-300.00 sec   709 KBytes  5.81 Mbits/sec  1.254 ms  728/1333 (55%)  
[  5] 300.00-301.00 sec   620 KBytes  5.08 Mbits/sec  1.217 ms  648/1177 (55%)  
[  5] 301.00-302.00 sec   696 KBytes  5.70 Mbits/sec  2.179 ms  772/1366 (57%)  
[  5] 302.00-303.00 sec   679 KBytes  5.55 Mbits/sec  1.218 ms  700/1279 (55%)  
[  5] 303.00-304.00 sec   619 KBytes  5.07 Mbits/sec  1.286 ms  628/1156 (54%)  
[  5] 304.00-305.00 sec   709 KBytes  5.81 Mbits/sec  1.153 ms  746/1351 (55%)  
[  5] 305.00-306.00 sec   589 KBytes  4.83 Mbits/sec  1.287 ms  631/1134 (56%)  
[  5] 306.00-307.00 sec   619 KBytes  5.07 Mbits/sec  1.267 ms  677/1205 (56%)  
[  5] 307.00-308.00 sec   577 KBytes  4.72 Mbits/sec  1.311 ms  636/1128 (56%)  
[  5] 308.00-309.00 sec   618 KBytes  5.06 Mbits/sec  1.199 ms  665/1192 (56%)  
[  5] 309.00-310.00 sec   589 KBytes  4.82 Mbits/sec  1.161 ms  599/1102 (54%)  
[  5] 310.00-311.00 sec   607 KBytes  4.98 Mbits/sec  1.143 ms  659/1177 (56%)  
[  5] 311.00-312.00 sec   709 KBytes  5.81 Mbits/sec  1.173 ms  705/1310 (54%)  
[  5] 312.00-313.00 sec   589 KBytes  4.83 Mbits/sec  1.195 ms  614/1117 (55%)  
[  5] 313.00-314.00 sec   609 KBytes  4.99 Mbits/sec  1.394 ms  610/1130 (54%)  
[  5] 314.00-315.00 sec   589 KBytes  4.83 Mbits/sec  1.194 ms  624/1127 (55%)  
[  5] 315.00-316.00 sec   599 KBytes  4.91 Mbits/sec  1.574 ms  662/1173 (56%)  
[  5] 316.00-317.00 sec   580 KBytes  4.75 Mbits/sec  1.275 ms  632/1127 (56%)  
[  5] 317.00-318.00 sec   718 KBytes  5.88 Mbits/sec  1.046 ms  714/1327 (54%)  
[  5] 318.00-319.00 sec   709 KBytes  5.81 Mbits/sec  1.185 ms  713/1318 (54%)  
[  5] 319.00-320.00 sec   589 KBytes  4.83 Mbits/sec  1.312 ms  619/1122 (55%)  
[  5] 320.00-321.00 sec   709 KBytes  5.81 Mbits/sec  1.187 ms  737/1342 (55%)  
[  5] 321.00-322.00 sec   599 KBytes  4.90 Mbits/sec  1.205 ms  679/1190 (57%)  
[  5] 322.00-323.00 sec   709 KBytes  5.81 Mbits/sec  1.370 ms  840/1445 (58%)  
[  5] 323.00-324.00 sec   529 KBytes  4.32 Mbits/sec  1.270 ms  640/1091 (59%)  
[  5] 324.00-325.00 sec   589 KBytes  4.83 Mbits/sec  1.224 ms  712/1215 (59%)  
[  5] 325.00-326.00 sec   519 KBytes  4.25 Mbits/sec  1.225 ms  600/1043 (58%)  
[  5] 326.00-327.00 sec   499 KBytes  4.10 Mbits/sec  1.232 ms  591/1017 (58%)  
[  5] 327.00-328.00 sec   409 KBytes  3.35 Mbits/sec  1.247 ms  494/843 (59%)  
[  5] 328.00-329.00 sec   589 KBytes  4.83 Mbits/sec  1.207 ms  672/1175 (57%)  
[  5] 329.00-330.00 sec   519 KBytes  4.25 Mbits/sec  1.364 ms  599/1042 (57%)  
[  5] 330.00-331.00 sec   524 KBytes  4.29 Mbits/sec  3.330 ms  593/1041 (57%)  
[  5] 331.00-332.00 sec   593 KBytes  4.86 Mbits/sec  1.254 ms  671/1177 (57%)  
[  5] 332.00-333.00 sec   589 KBytes  4.82 Mbits/sec  1.282 ms  711/1214 (59%)  
[  5] 333.00-334.00 sec   499 KBytes  4.09 Mbits/sec  1.217 ms  568/994 (57%)  
[  5] 334.00-335.00 sec   529 KBytes  4.33 Mbits/sec  1.176 ms  579/1030 (56%)  
[  5] 335.00-336.00 sec   591 KBytes  4.83 Mbits/sec  1.051 ms  571/1075 (53%)  
[  5] 336.00-337.00 sec   518 KBytes  4.25 Mbits/sec  1.174 ms  518/960 (54%)  
[  5] 337.00-338.00 sec   581 KBytes  4.76 Mbits/sec  1.254 ms  608/1104 (55%)  
[  5] 338.00-339.00 sec   628 KBytes  5.15 Mbits/sec  1.132 ms  637/1173 (54%)  
[  5] 339.00-340.00 sec   490 KBytes  4.01 Mbits/sec  1.262 ms  510/928 (55%)  
[  5] 340.00-341.00 sec   499 KBytes  4.09 Mbits/sec  1.247 ms  624/1050 (59%)  
[  5] 341.00-342.00 sec   499 KBytes  4.09 Mbits/sec  1.119 ms  622/1048 (59%)  
[  5] 342.00-343.00 sec   516 KBytes  4.22 Mbits/sec  1.264 ms  705/1145 (62%)  
[  5] 343.00-344.00 sec   589 KBytes  4.83 Mbits/sec  1.362 ms  823/1326 (62%)  
[  5] 344.00-345.00 sec   530 KBytes  4.34 Mbits/sec  1.374 ms  986/1438 (69%)  
[  5] 345.00-346.00 sec   588 KBytes  4.82 Mbits/sec  1.412 ms  1128/1630 (69%)  
[  5] 346.00-347.00 sec   499 KBytes  4.09 Mbits/sec  1.401 ms  676/1102 (61%)  
[  5] 347.00-348.00 sec   619 KBytes  5.07 Mbits/sec  1.641 ms  906/1434 (63%)  
[  5] 348.00-349.00 sec   499 KBytes  4.09 Mbits/sec  1.365 ms  706/1132 (62%)  
[  5] 349.00-350.00 sec   620 KBytes  5.08 Mbits/sec  1.177 ms  817/1346 (61%)  
[  5] 350.00-351.00 sec   498 KBytes  4.08 Mbits/sec  1.303 ms  716/1141 (63%)  
[  5] 351.00-352.00 sec   490 KBytes  4.01 Mbits/sec  1.424 ms  710/1128 (63%)  
[  5] 352.00-353.00 sec   619 KBytes  5.07 Mbits/sec  1.384 ms  897/1425 (63%)  
[  5] 353.00-354.00 sec   589 KBytes  4.83 Mbits/sec  1.302 ms  798/1301 (61%)  
[  5] 354.00-355.00 sec   529 KBytes  4.33 Mbits/sec  1.234 ms  732/1183 (62%)  
[  5] 355.00-356.00 sec   589 KBytes  4.83 Mbits/sec  1.322 ms  786/1289 (61%)  
[  5] 356.00-357.00 sec   619 KBytes  5.07 Mbits/sec  1.431 ms  832/1360 (61%)  
[  5] 357.00-358.00 sec   499 KBytes  4.09 Mbits/sec  1.806 ms  852/1278 (67%)  
[  5] 358.00-359.00 sec   620 KBytes  5.07 Mbits/sec  1.293 ms  1001/1530 (65%)  
[  5] 359.00-360.00 sec   498 KBytes  4.09 Mbits/sec  1.299 ms  724/1149 (63%)  
[  5] 360.00-361.00 sec   589 KBytes  4.83 Mbits/sec  1.269 ms  835/1338 (62%)  
[  5] 361.00-362.00 sec   608 KBytes  4.98 Mbits/sec  1.254 ms  864/1383 (62%)  
[  5] 362.00-363.00 sec   489 KBytes  4.00 Mbits/sec  1.306 ms  704/1121 (63%)  
[  5] 363.00-364.00 sec   629 KBytes  5.15 Mbits/sec  1.316 ms  884/1421 (62%)  
[  5] 364.00-365.00 sec   489 KBytes  4.00 Mbits/sec  1.442 ms  687/1104 (62%)  
[  5] 365.00-366.00 sec   499 KBytes  4.09 Mbits/sec  1.370 ms  696/1122 (62%)  
[  5] 366.00-367.00 sec   530 KBytes  4.34 Mbits/sec  1.231 ms  735/1187 (62%)  
[  5] 367.00-368.00 sec   490 KBytes  4.01 Mbits/sec  1.301 ms  696/1114 (62%)  
[  5] 368.00-369.00 sec   628 KBytes  5.15 Mbits/sec  1.269 ms  907/1443 (63%)  
[  5] 369.00-370.00 sec   490 KBytes  4.01 Mbits/sec  1.357 ms  693/1111 (62%)  
[  5] 370.00-371.00 sec   579 KBytes  4.74 Mbits/sec  1.277 ms  786/1280 (61%)  
[  5] 371.00-372.00 sec   530 KBytes  4.34 Mbits/sec  1.326 ms  736/1188 (62%)  
[  5] 372.00-373.00 sec   588 KBytes  4.82 Mbits/sec  1.301 ms  788/1290 (61%)  
[  5] 373.00-374.00 sec   499 KBytes  4.09 Mbits/sec  1.254 ms  683/1109 (62%)  
[  5] 374.00-375.00 sec   516 KBytes  4.23 Mbits/sec  1.544 ms  740/1180 (63%)  
[  5] 375.00-376.00 sec   589 KBytes  4.83 Mbits/sec  1.314 ms  797/1300 (61%)  
[  5] 376.00-377.00 sec   530 KBytes  4.34 Mbits/sec  1.259 ms  729/1181 (62%)  
[  5] 377.00-378.00 sec   588 KBytes  4.82 Mbits/sec  1.269 ms  765/1267 (60%)  
[  5] 378.00-379.00 sec   620 KBytes  5.08 Mbits/sec  1.184 ms  817/1346 (61%)  
[  5] 379.00-380.00 sec   498 KBytes  4.07 Mbits/sec  1.342 ms  654/1079 (61%)  
[  5] 380.00-381.00 sec   589 KBytes  4.84 Mbits/sec  1.362 ms  800/1303 (61%)  
[  5] 381.00-382.00 sec   530 KBytes  4.34 Mbits/sec  1.261 ms  715/1167 (61%)  
[  5] 382.00-383.00 sec   589 KBytes  4.83 Mbits/sec  1.473 ms  932/1435 (65%)  
[  5] 383.00-384.00 sec   600 KBytes  4.92 Mbits/sec  1.424 ms  1026/1538 (67%)  
[  5] 384.00-385.00 sec   500 KBytes  4.10 Mbits/sec  1.225 ms  825/1252 (66%)  
[  5] 385.00-386.00 sec   619 KBytes  5.07 Mbits/sec  1.175 ms  860/1388 (62%)  
[  5] 386.00-387.00 sec   489 KBytes  4.00 Mbits/sec  1.368 ms  686/1103 (62%)  
[  5] 387.00-388.00 sec   629 KBytes  5.16 Mbits/sec  1.289 ms  926/1463 (63%)  
[  5] 388.00-389.00 sec   489 KBytes  4.00 Mbits/sec  1.258 ms  706/1123 (63%)  
[  5] 389.00-390.00 sec   589 KBytes  4.83 Mbits/sec  1.303 ms  755/1258 (60%)  
[  5] 390.00-391.00 sec   530 KBytes  4.34 Mbits/sec  1.515 ms  839/1291 (65%)  
[  5] 391.00-392.00 sec   589 KBytes  4.83 Mbits/sec  1.397 ms  858/1361 (63%)  
[  5] 392.00-393.00 sec   498 KBytes  4.08 Mbits/sec  1.345 ms  693/1118 (62%)  
[  5] 393.00-394.00 sec   620 KBytes  5.08 Mbits/sec  1.304 ms  825/1354 (61%)  
[  5] 394.00-395.00 sec   619 KBytes  5.06 Mbits/sec  1.331 ms  821/1349 (61%)  
[  5] 395.00-396.00 sec   490 KBytes  4.01 Mbits/sec  1.307 ms  630/1048 (60%)  
[  5] 396.00-397.00 sec   594 KBytes  4.87 Mbits/sec  1.272 ms  832/1339 (62%)  
[  5] 397.00-398.00 sec   559 KBytes  4.58 Mbits/sec  3.846 ms  796/1273 (63%)  
[  5] 398.00-399.00 sec   548 KBytes  4.49 Mbits/sec  1.500 ms  726/1194 (61%)  
[  5] 399.00-400.00 sec   606 KBytes  4.96 Mbits/sec  1.313 ms  893/1410 (63%)  
[  5] 400.00-401.00 sec   498 KBytes  4.09 Mbits/sec  1.383 ms  671/1096 (61%)  
[  5] 401.00-402.00 sec   620 KBytes  5.08 Mbits/sec  1.283 ms  810/1339 (60%)  
[  5] 402.00-403.00 sec   499 KBytes  4.09 Mbits/sec  1.256 ms  724/1150 (63%)  
[  5] 403.00-404.00 sec   588 KBytes  4.82 Mbits/sec  1.346 ms  807/1309 (62%)  
[  5] 404.00-405.00 sec   530 KBytes  4.34 Mbits/sec  1.252 ms  739/1191 (62%)  
[  5] 405.00-406.00 sec   588 KBytes  4.82 Mbits/sec  1.167 ms  769/1271 (61%)  
[  5] 406.00-407.00 sec   520 KBytes  4.26 Mbits/sec  1.325 ms  689/1133 (61%)  
[  5] 407.00-408.00 sec   499 KBytes  4.09 Mbits/sec  1.315 ms  749/1175 (64%)  
[  5] 408.00-409.00 sec   589 KBytes  4.83 Mbits/sec  1.292 ms  832/1335 (62%)  
[  5] 409.00-410.00 sec   611 KBytes  5.00 Mbits/sec  1.296 ms  864/1385 (62%)  
[  5] 410.00-411.00 sec   500 KBytes  4.10 Mbits/sec  1.390 ms  686/1113 (62%)  
[  5] 411.00-412.00 sec   619 KBytes  5.07 Mbits/sec  1.335 ms  796/1324 (60%)  
[  5] 412.00-413.00 sec   589 KBytes  4.83 Mbits/sec  1.281 ms  836/1339 (62%)  
[  5] 413.00-414.00 sec   529 KBytes  4.33 Mbits/sec  1.342 ms  710/1161 (61%)  
[  5] 414.00-415.00 sec   489 KBytes  4.00 Mbits/sec  1.368 ms  639/1056 (61%)  
[  5] 415.00-416.00 sec   620 KBytes  5.08 Mbits/sec  1.418 ms  868/1397 (62%)  
[  5] 416.00-417.00 sec   498 KBytes  4.08 Mbits/sec  1.329 ms  676/1101 (61%)  
[  5] 417.00-418.00 sec   591 KBytes  4.84 Mbits/sec  1.341 ms  790/1294 (61%)  
[  5] 418.00-419.00 sec   529 KBytes  4.33 Mbits/sec  1.268 ms  736/1187 (62%)  
[  5] 419.00-420.00 sec   589 KBytes  4.83 Mbits/sec  1.308 ms  867/1370 (63%)  
[  5] 420.00-421.00 sec   499 KBytes  4.09 Mbits/sec  1.208 ms  675/1101 (61%)  
[  5] 421.00-422.00 sec   619 KBytes  5.07 Mbits/sec  1.190 ms  898/1426 (63%)  
[  5] 422.00-423.00 sec   489 KBytes  4.00 Mbits/sec  1.359 ms  648/1065 (61%)  
[  5] 423.00-424.00 sec   602 KBytes  4.93 Mbits/sec  1.279 ms  897/1411 (64%)  
[  5] 424.00-425.00 sec   499 KBytes  4.09 Mbits/sec  1.333 ms  709/1135 (62%)  
[  5] 425.00-426.00 sec   619 KBytes  5.07 Mbits/sec  1.318 ms  855/1383 (62%)  
[  5] 426.00-427.00 sec   490 KBytes  4.02 Mbits/sec  1.344 ms  646/1064 (61%)  
[  5] 427.00-428.00 sec   619 KBytes  5.07 Mbits/sec  1.322 ms  836/1364 (61%)  
[  5] 428.00-429.00 sec   499 KBytes  4.09 Mbits/sec  1.226 ms  624/1050 (59%)  
[  5] 429.00-430.00 sec   588 KBytes  4.82 Mbits/sec  1.337 ms  851/1353 (63%)  
