Connecting to host 172.22.0.50, port 5201
Reverse mode, remote host 172.22.0.50 is sending
[  5] local 192.168.100.2 port 59986 connected to 172.22.0.50 port 5201
[ ID] Interval           Transfer     Bitrate         Jitter    Lost/Total Datagrams
[  5]   0.00-1.00   sec  1.43 MBytes  12.0 Mbits/sec  0.778 ms  0/1253 (0%)  
[  5]   1.00-2.00   sec  1.43 MBytes  12.0 Mbits/sec  0.898 ms  0/1250 (0%)  
[  5]   2.00-3.00   sec  1.42 MBytes  11.9 Mbits/sec  1.543 ms  0/1242 (0%)  
[  5]   3.00-4.00   sec  1.44 MBytes  12.1 Mbits/sec  0.831 ms  0/1257 (0%)  
[  5]   4.00-5.00   sec  1.43 MBytes  12.0 Mbits/sec  1.135 ms  0/1249 (0%)  
[  5]   5.00-6.00   sec  1.42 MBytes  11.9 Mbits/sec  1.022 ms  0/1238 (0%)  
[  5]   6.00-7.00   sec  1.44 MBytes  12.1 Mbits/sec  0.967 ms  0/1258 (0%)  
[  5]   7.00-8.00   sec  1.43 MBytes  12.0 Mbits/sec  1.172 ms  0/1247 (0%)  
[  5]   8.00-9.00   sec  1.43 MBytes  12.0 Mbits/sec  1.024 ms  0/1250 (0%)  
[  5]   9.00-10.00  sec  1.43 MBytes  12.1 Mbits/sec  1.204 ms  0/1252 (0%)  
[  5]  10.00-11.00  sec  1.44 MBytes  12.1 Mbits/sec  0.783 ms  0/1256 (0%)  
[  5]  11.00-12.00  sec  1.41 MBytes  11.8 Mbits/sec  1.435 ms  0/1236 (0%)  
[  5]  12.00-13.00  sec  1.45 MBytes  12.2 Mbits/sec  1.161 ms  0/1264 (0%)  
[  5]  13.00-14.00  sec  1.43 MBytes  12.0 Mbits/sec  1.053 ms  0/1247 (0%)  
[  5]  14.00-15.00  sec  1.43 MBytes  12.0 Mbits/sec  1.133 ms  0/1249 (0%)  
[  5]  15.00-16.00  sec  1.24 MBytes  10.4 Mbits/sec  2.437 ms  0/1085 (0%)  
[  5]  16.00-17.00  sec   405 KBytes  3.32 Mbits/sec  2.063 ms  0/346 (0%)  
[  5]  17.00-18.00  sec   423 KBytes  3.47 Mbits/sec  2.081 ms  0/361 (0%)  
[  5]  18.00-19.00  sec   420 KBytes  3.44 Mbits/sec  1.920 ms  0/358 (0%)  
[  5]  19.00-20.00  sec   424 KBytes  3.47 Mbits/sec  2.294 ms  0/362 (0%)  
[  5]  20.00-21.00  sec   404 KBytes  3.31 Mbits/sec  2.629 ms  0/345 (0%)  
[  5]  21.00-22.00  sec   349 KBytes  2.86 Mbits/sec  2.615 ms  0/298 (0%)  
[  5]  22.00-23.00  sec   362 KBytes  2.97 Mbits/sec  2.426 ms  0/309 (0%)  
[  5]  23.00-24.00  sec   359 KBytes  2.94 Mbits/sec  2.492 ms  0/306 (0%)  
[  5]  24.00-25.00  sec   361 KBytes  2.96 Mbits/sec  2.454 ms  0/308 (0%)  
[  5]  25.00-26.00  sec   356 KBytes  2.92 Mbits/sec  2.554 ms  0/304 (0%)  
[  5]  26.00-27.00  sec   356 KBytes  2.92 Mbits/sec  2.568 ms  0/304 (0%)  
[  5]  27.00-28.00  sec   356 KBytes  2.92 Mbits/sec  2.489 ms  0/304 (0%)  
[  5]  28.00-29.00  sec   339 KBytes  2.77 Mbits/sec  2.497 ms  0/289 (0%)  
[  5]  29.00-30.00  sec   347 KBytes  2.84 Mbits/sec  2.942 ms  0/296 (0%)  
[  5]  30.00-31.00  sec   353 KBytes  2.89 Mbits/sec  2.510 ms  0/301 (0%)  
[  5]  31.00-32.00  sec   361 KBytes  2.96 Mbits/sec  2.475 ms  0/308 (0%)  
[  5]  32.00-33.00  sec   362 KBytes  2.97 Mbits/sec  2.432 ms  0/309 (0%)  
[  5]  33.00-34.00  sec   361 KBytes  2.96 Mbits/sec  2.591 ms  0/308 (0%)  
[  5]  34.00-35.00  sec   366 KBytes  3.00 Mbits/sec  2.490 ms  0/312 (0%)  
[  5]  35.00-36.00  sec   359 KBytes  2.94 Mbits/sec  2.564 ms  0/306 (0%)  
[  5]  36.00-37.00  sec   349 KBytes  2.86 Mbits/sec  2.579 ms  0/298 (0%)  
[  5]  37.00-38.00  sec   353 KBytes  2.89 Mbits/sec  2.619 ms  0/301 (0%)  
[  5]  38.00-39.00  sec   332 KBytes  2.72 Mbits/sec  2.622 ms  0/283 (0%)  
[  5]  39.00-40.00  sec   357 KBytes  2.93 Mbits/sec  2.501 ms  0/305 (0%)  
[  5]  40.00-41.00  sec   361 KBytes  2.96 Mbits/sec  2.567 ms  0/308 (0%)  
[  5]  41.00-42.00  sec   361 KBytes  2.96 Mbits/sec  2.564 ms  0/308 (0%)  
[  5]  42.00-43.00  sec   357 KBytes  2.93 Mbits/sec  2.669 ms  0/305 (0%)  
[  5]  43.00-44.00  sec   352 KBytes  2.88 Mbits/sec  2.702 ms  0/300 (0%)  
[  5]  44.00-45.00  sec   343 KBytes  2.81 Mbits/sec  2.759 ms  0/293 (0%)  
[  5]  45.00-46.00  sec   353 KBytes  2.89 Mbits/sec  2.597 ms  0/301 (0%)  
[  5]  46.00-47.00  sec   345 KBytes  2.82 Mbits/sec  2.585 ms  0/294 (0%)  
[  5]  47.00-48.00  sec   345 KBytes  2.82 Mbits/sec  2.560 ms  0/294 (0%)  
[  5]  48.00-49.00  sec   346 KBytes  2.83 Mbits/sec  2.759 ms  0/295 (0%)  
[  5]  49.00-50.00  sec   333 KBytes  2.73 Mbits/sec  2.865 ms  0/284 (0%)  
[  5]  50.00-51.00  sec   348 KBytes  2.85 Mbits/sec  2.557 ms  0/297 (0%)  
[  5]  51.00-52.00  sec   293 KBytes  2.40 Mbits/sec  3.256 ms  128/378 (34%)  
[  5]  52.00-53.00  sec   359 KBytes  2.94 Mbits/sec  2.381 ms  938/1244 (75%)  
[  5]  53.00-54.00  sec   353 KBytes  2.89 Mbits/sec  2.303 ms  940/1241 (76%)  
[  5]  54.00-55.00  sec   353 KBytes  2.89 Mbits/sec  2.285 ms  941/1242 (76%)  
[  5]  55.00-56.00  sec   354 KBytes  2.90 Mbits/sec  2.465 ms  1002/1304 (77%)  
[  5]  56.00-57.00  sec   338 KBytes  2.76 Mbits/sec  2.710 ms  924/1212 (76%)  
[  5]  57.00-58.00  sec   354 KBytes  2.90 Mbits/sec  2.560 ms  945/1247 (76%)  
[  5]  58.00-59.00  sec   353 KBytes  2.89 Mbits/sec  2.623 ms  937/1238 (76%)  
[  5]  59.00-60.00  sec   353 KBytes  2.89 Mbits/sec  2.647 ms  914/1215 (75%)  
[  5]  60.00-61.00  sec   354 KBytes  2.90 Mbits/sec  2.649 ms  924/1226 (75%)  
[  5]  61.00-62.00  sec   357 KBytes  2.93 Mbits/sec  2.663 ms  924/1229 (75%)  
[  5]  62.00-63.00  sec   354 KBytes  2.90 Mbits/sec  2.333 ms  919/1221 (75%)  
[  5]  63.00-64.00  sec   353 KBytes  2.89 Mbits/sec  2.507 ms  951/1252 (76%)  
[  5]  64.00-65.00  sec   353 KBytes  2.89 Mbits/sec  2.412 ms  952/1253 (76%)  
[  5]  65.00-66.00  sec   354 KBytes  2.90 Mbits/sec  2.558 ms  1024/1326 (77%)  
[  5]  66.00-67.00  sec   338 KBytes  2.76 Mbits/sec  2.598 ms  902/1190 (76%)  
[  5]  67.00-68.00  sec   354 KBytes  2.90 Mbits/sec  2.604 ms  921/1223 (75%)  
[  5]  68.00-69.00  sec   353 KBytes  2.89 Mbits/sec  2.627 ms  926/1227 (75%)  
[  5]  69.00-70.00  sec   354 KBytes  2.90 Mbits/sec  2.615 ms  928/1230 (75%)  
[  5]  70.00-71.00  sec   353 KBytes  2.89 Mbits/sec  2.853 ms  933/1234 (76%)  
[  5]  71.00-72.00  sec   357 KBytes  2.93 Mbits/sec  2.675 ms  1007/1312 (77%)  
[  5]  72.00-73.00  sec   355 KBytes  2.91 Mbits/sec  2.251 ms  961/1264 (76%)  
[  5]  73.00-74.00  sec   354 KBytes  2.90 Mbits/sec  2.366 ms  988/1290 (77%)  
[  5]  74.00-75.00  sec   353 KBytes  2.89 Mbits/sec  2.469 ms  982/1283 (77%)  
[  5]  75.00-76.00  sec   353 KBytes  2.89 Mbits/sec  2.500 ms  965/1266 (76%)  
[  5]  76.00-77.00  sec   354 KBytes  2.90 Mbits/sec  3.112 ms  1013/1315 (77%)  
[  5]  77.00-78.00  sec   338 KBytes  2.76 Mbits/sec  2.697 ms  938/1226 (77%)  
[  5]  78.00-79.00  sec   354 KBytes  2.90 Mbits/sec  2.606 ms  938/1240 (76%)  
[  5]  79.00-80.00  sec   353 KBytes  2.89 Mbits/sec  2.698 ms  937/1238 (76%)  
[  5]  80.00-81.00  sec   354 KBytes  2.90 Mbits/sec  2.748 ms  952/1254 (76%)  
[  5]  81.00-82.00  sec   353 KBytes  2.89 Mbits/sec  2.430 ms  944/1245 (76%)  
[  5]  82.00-83.00  sec   357 KBytes  2.93 Mbits/sec  2.357 ms  928/1233 (75%)  
[  5]  83.00-84.00  sec   394 KBytes  3.23 Mbits/sec  2.552 ms  1053/1389 (76%)  
[  5]  84.00-85.00  sec   313 KBytes  2.56 Mbits/sec  2.366 ms  827/1094 (76%)  
[  5]  85.00-86.00  sec   354 KBytes  2.90 Mbits/sec  2.349 ms  913/1215 (75%)  
[  5]  86.00-87.00  sec   298 KBytes  2.44 Mbits/sec  2.477 ms  827/1081 (77%)  
[  5]  87.00-88.00  sec   354 KBytes  2.90 Mbits/sec  2.407 ms  971/1273 (76%)  
[  5]  88.00-89.00  sec   293 KBytes  2.40 Mbits/sec  2.733 ms  818/1068 (77%)  
[  5]  89.00-90.00  sec   414 KBytes  3.39 Mbits/sec  2.357 ms  1151/1504 (77%)  
[  5]  90.00-91.00  sec   353 KBytes  2.89 Mbits/sec  2.535 ms  952/1253 (76%)  
[  5]  91.00-92.00  sec   339 KBytes  2.77 Mbits/sec  2.671 ms  914/1203 (76%)  
[  5]  92.00-93.00  sec   353 KBytes  2.89 Mbits/sec  2.654 ms  925/1226 (75%)  
[  5]  93.00-94.00  sec   353 KBytes  2.89 Mbits/sec  2.616 ms  931/1232 (76%)  
[  5]  94.00-95.00  sec   354 KBytes  2.90 Mbits/sec  2.427 ms  949/1251 (76%)  
[  5]  95.00-96.00  sec   298 KBytes  2.44 Mbits/sec  2.606 ms  786/1040 (76%)  
[  5]  96.00-97.00  sec   354 KBytes  2.90 Mbits/sec  2.556 ms  949/1251 (76%)  
[  5]  97.00-98.00  sec   414 KBytes  3.39 Mbits/sec  2.258 ms  1117/1470 (76%)  
[  5]  98.00-99.00  sec   294 KBytes  2.41 Mbits/sec  2.344 ms  810/1061 (76%)  
[  5]  99.00-100.00 sec   393 KBytes  3.22 Mbits/sec  2.677 ms  1056/1391 (76%)  
[  5] 100.00-101.00 sec   354 KBytes  2.90 Mbits/sec  2.657 ms  953/1255 (76%)  
[  5] 101.00-102.00 sec   353 KBytes  2.89 Mbits/sec  2.932 ms  970/1271 (76%)  
[  5] 102.00-103.00 sec   359 KBytes  2.94 Mbits/sec  2.311 ms  958/1264 (76%)  
[  5] 103.00-104.00 sec   353 KBytes  2.89 Mbits/sec  2.318 ms  954/1255 (76%)  
[  5] 104.00-105.00 sec   353 KBytes  2.89 Mbits/sec  2.390 ms  962/1263 (76%)  
[  5] 105.00-106.00 sec   354 KBytes  2.90 Mbits/sec  2.464 ms  975/1277 (76%)  
[  5] 106.00-107.00 sec   357 KBytes  2.93 Mbits/sec  2.321 ms  986/1291 (76%)  
[  5] 107.00-108.00 sec   354 KBytes  2.90 Mbits/sec  2.266 ms  921/1223 (75%)  
[  5] 108.00-109.00 sec   333 KBytes  2.73 Mbits/sec  2.601 ms  867/1151 (75%)  
[  5] 109.00-110.00 sec   353 KBytes  2.89 Mbits/sec  2.651 ms  938/1239 (76%)  
[  5] 110.00-111.00 sec   354 KBytes  2.90 Mbits/sec  2.771 ms  939/1241 (76%)  
[  5] 111.00-112.00 sec   357 KBytes  2.93 Mbits/sec  2.745 ms  947/1252 (76%)  
[  5] 112.00-113.00 sec   354 KBytes  2.90 Mbits/sec  2.451 ms  1018/1320 (77%)  
[  5] 113.00-114.00 sec   354 KBytes  2.90 Mbits/sec  2.433 ms  1089/1391 (78%)  
[  5] 114.00-115.00 sec   354 KBytes  2.90 Mbits/sec  2.537 ms  1065/1367 (78%)  
[  5] 115.00-116.00 sec   353 KBytes  2.89 Mbits/sec  2.360 ms  1018/1319 (77%)  
[  5] 116.00-117.00 sec   353 KBytes  2.89 Mbits/sec  2.541 ms  933/1234 (76%)  
[  5] 117.00-118.00 sec   339 KBytes  2.77 Mbits/sec  2.684 ms  892/1181 (76%)  
[  5] 118.00-119.00 sec   353 KBytes  2.89 Mbits/sec  2.638 ms  930/1231 (76%)  
[  5] 119.00-120.00 sec   314 KBytes  2.57 Mbits/sec  2.406 ms  820/1088 (75%)  
[  5] 120.00-121.00 sec   353 KBytes  2.89 Mbits/sec  2.471 ms  974/1275 (76%)  
[  5] 121.00-122.00 sec   339 KBytes  2.77 Mbits/sec  2.681 ms  928/1217 (76%)  
[  5] 122.00-123.00 sec   353 KBytes  2.89 Mbits/sec  2.725 ms  1002/1303 (77%)  
[  5] 123.00-124.00 sec   354 KBytes  2.90 Mbits/sec  2.728 ms  963/1265 (76%)  
[  5] 124.00-125.00 sec   353 KBytes  2.89 Mbits/sec  2.744 ms  928/1229 (76%)  
[  5] 125.00-126.00 sec   353 KBytes  2.89 Mbits/sec  2.429 ms  966/1267 (76%)  
[  5] 126.00-127.00 sec   359 KBytes  2.94 Mbits/sec  2.343 ms  932/1238 (75%)  
[  5] 127.00-128.00 sec   353 KBytes  2.89 Mbits/sec  2.308 ms  919/1220 (75%)  
[  5] 128.00-129.00 sec   354 KBytes  2.90 Mbits/sec  2.310 ms  922/1224 (75%)  
[  5] 129.00-130.00 sec   353 KBytes  2.89 Mbits/sec  2.457 ms  960/1261 (76%)  
[  5] 130.00-131.00 sec   334 KBytes  2.74 Mbits/sec  2.711 ms  933/1218 (77%)  
[  5] 131.00-132.00 sec   357 KBytes  2.93 Mbits/sec  2.611 ms  949/1254 (76%)  
[  5] 132.00-133.00 sec   353 KBytes  2.89 Mbits/sec  2.718 ms  939/1240 (76%)  
[  5] 133.00-134.00 sec   355 KBytes  2.91 Mbits/sec  8.375 ms  998/1301 (77%)  
[  5] 134.00-135.00 sec   411 KBytes  3.37 Mbits/sec  2.360 ms  1029/1380 (75%)  
[  5] 135.00-136.00 sec   294 KBytes  2.41 Mbits/sec  2.503 ms  772/1023 (75%)  
[  5] 136.00-137.00 sec   357 KBytes  2.93 Mbits/sec  2.416 ms  977/1282 (76%)  
[  5] 137.00-138.00 sec   353 KBytes  2.89 Mbits/sec  2.540 ms  990/1291 (77%)  
[  5] 138.00-139.00 sec   354 KBytes  2.90 Mbits/sec  2.413 ms  987/1289 (77%)  
[  5] 139.00-140.00 sec   353 KBytes  2.89 Mbits/sec  2.412 ms  982/1283 (77%)  
[  5] 140.00-141.00 sec   339 KBytes  2.77 Mbits/sec  2.797 ms  922/1211 (76%)  
[  5] 141.00-142.00 sec   353 KBytes  2.89 Mbits/sec  2.629 ms  950/1251 (76%)  
[  5] 142.00-143.00 sec   354 KBytes  2.90 Mbits/sec  2.624 ms  933/1235 (76%)  
[  5] 143.00-144.00 sec   353 KBytes  2.89 Mbits/sec  2.649 ms  941/1242 (76%)  
[  5] 144.00-145.00 sec   299 KBytes  2.45 Mbits/sec  2.597 ms  767/1022 (75%)  
[  5] 145.00-146.00 sec   412 KBytes  3.38 Mbits/sec  2.453 ms  1180/1532 (77%)  
[  5] 146.00-147.00 sec   353 KBytes  2.89 Mbits/sec  2.487 ms  1037/1338 (78%)  
[  5] 147.00-148.00 sec   334 KBytes  2.74 Mbits/sec  2.509 ms  945/1230 (77%)  
[  5] 148.00-149.00 sec   353 KBytes  2.89 Mbits/sec  2.571 ms  981/1282 (77%)  
[  5] 149.00-150.00 sec   359 KBytes  2.94 Mbits/sec  2.647 ms  973/1279 (76%)  
[  5] 150.00-151.00 sec   353 KBytes  2.89 Mbits/sec  2.692 ms  937/1238 (76%)  
[  5] 151.00-152.00 sec   353 KBytes  2.89 Mbits/sec  2.648 ms  915/1216 (75%)  
[  5] 152.00-153.00 sec   294 KBytes  2.41 Mbits/sec  2.721 ms  759/1010 (75%)  
[  5] 153.00-154.00 sec   354 KBytes  2.90 Mbits/sec  2.705 ms  964/1266 (76%)  
[  5] 154.00-155.00 sec   357 KBytes  2.93 Mbits/sec  2.779 ms  994/1299 (77%)  
[  5] 155.00-156.00 sec   354 KBytes  2.90 Mbits/sec  2.758 ms  964/1266 (76%)  
[  5] 156.00-157.00 sec   353 KBytes  2.89 Mbits/sec  2.469 ms  940/1241 (76%)  
[  5] 157.00-158.00 sec   353 KBytes  2.89 Mbits/sec  2.546 ms  938/1239 (76%)  
[  5] 158.00-159.00 sec   354 KBytes  2.90 Mbits/sec  2.340 ms  934/1236 (76%)  
[  5] 159.00-160.00 sec   357 KBytes  2.93 Mbits/sec  2.378 ms  930/1235 (75%)  
[  5] 160.00-161.00 sec   334 KBytes  2.73 Mbits/sec  2.727 ms  892/1177 (76%)  
[  5] 161.00-162.00 sec   353 KBytes  2.89 Mbits/sec  2.643 ms  924/1225 (75%)  
[  5] 162.00-163.00 sec   354 KBytes  2.90 Mbits/sec  2.648 ms  969/1271 (76%)  
[  5] 163.00-164.00 sec   353 KBytes  2.89 Mbits/sec  2.516 ms  1010/1311 (77%)  
[  5] 164.00-165.00 sec   354 KBytes  2.90 Mbits/sec  2.488 ms  943/1245 (76%)  
[  5] 165.00-166.00 sec   357 KBytes  2.93 Mbits/sec  2.303 ms  953/1258 (76%)  
[  5] 166.00-167.00 sec   354 KBytes  2.90 Mbits/sec  2.483 ms  938/1240 (76%)  
[  5] 167.00-168.00 sec   393 KBytes  3.22 Mbits/sec  2.670 ms  1058/1393 (76%)  
[  5] 168.00-169.00 sec   313 KBytes  2.56 Mbits/sec  2.525 ms  892/1159 (77%)  
[  5] 169.00-170.00 sec   339 KBytes  2.77 Mbits/sec  2.638 ms  930/1219 (76%)  
[  5] 170.00-171.00 sec   353 KBytes  2.89 Mbits/sec  2.712 ms  978/1279 (76%)  
[  5] 171.00-172.00 sec   354 KBytes  2.90 Mbits/sec  2.864 ms  1035/1337 (77%)  
[  5] 172.00-173.00 sec   353 KBytes  2.89 Mbits/sec  2.552 ms  930/1231 (76%)  
[  5] 173.00-174.00 sec   353 KBytes  2.89 Mbits/sec  2.496 ms  951/1252 (76%)  
[  5] 174.00-175.00 sec   359 KBytes  2.94 Mbits/sec  2.303 ms  947/1253 (76%)  
[  5] 175.00-176.00 sec   353 KBytes  2.89 Mbits/sec  2.269 ms  927/1228 (75%)  
[  5] 176.00-177.00 sec   354 KBytes  2.90 Mbits/sec  2.525 ms  926/1228 (75%)  
[  5] 177.00-178.00 sec   294 KBytes  2.41 Mbits/sec  8.795 ms  845/1096 (77%)  
[  5] 178.00-179.00 sec   354 KBytes  2.90 Mbits/sec  2.456 ms  960/1262 (76%)  
[  5] 179.00-180.00 sec   357 KBytes  2.93 Mbits/sec  2.449 ms  1023/1328 (77%)  
[  5] 180.00-181.00 sec   394 KBytes  3.23 Mbits/sec  2.797 ms  1083/1419 (76%)  
[  5] 181.00-182.00 sec   353 KBytes  2.89 Mbits/sec  2.681 ms  962/1263 (76%)  
[  5] 182.00-183.00 sec   353 KBytes  2.89 Mbits/sec  2.243 ms  941/1242 (76%)  
[  5] 183.00-184.00 sec   354 KBytes  2.90 Mbits/sec  2.354 ms  959/1261 (76%)  
[  5] 184.00-185.00 sec   353 KBytes  2.89 Mbits/sec  2.434 ms  925/1226 (75%)  
[  5] 185.00-186.00 sec   359 KBytes  2.94 Mbits/sec  2.364 ms  952/1258 (76%)  
[  5] 186.00-187.00 sec   353 KBytes  2.89 Mbits/sec  2.416 ms  995/1296 (77%)  
[  5] 187.00-188.00 sec   333 KBytes  2.73 Mbits/sec  2.525 ms  918/1202 (76%)  
[  5] 188.00-189.00 sec   354 KBytes  2.90 Mbits/sec  2.633 ms  967/1269 (76%)  
[  5] 189.00-190.00 sec   357 KBytes  2.93 Mbits/sec  2.708 ms  952/1257 (76%)  
[  5] 190.00-191.00 sec   354 KBytes  2.90 Mbits/sec  2.326 ms  933/1235 (76%)  
[  5] 191.00-192.00 sec   293 KBytes  2.40 Mbits/sec  2.735 ms  783/1033 (76%)  
[  5] 192.00-193.00 sec   353 KBytes  2.89 Mbits/sec  2.726 ms  933/1234 (76%)  
[  5] 193.00-194.00 sec   359 KBytes  2.94 Mbits/sec  2.633 ms  953/1259 (76%)  
[  5] 194.00-195.00 sec   353 KBytes  2.89 Mbits/sec  2.657 ms  944/1245 (76%)  
[  5] 195.00-196.00 sec   354 KBytes  2.90 Mbits/sec  2.639 ms  945/1247 (76%)  
[  5] 196.00-197.00 sec   353 KBytes  2.89 Mbits/sec  2.557 ms  1002/1303 (77%)  
[  5] 197.00-198.00 sec   353 KBytes  2.89 Mbits/sec  2.696 ms  971/1272 (76%)  
[  5] 198.00-199.00 sec   359 KBytes  2.94 Mbits/sec  2.337 ms  977/1283 (76%)  
[  5] 199.00-200.00 sec   353 KBytes  2.89 Mbits/sec  2.290 ms  932/1233 (76%)  
[  5] 200.00-201.00 sec   294 KBytes  2.41 Mbits/sec  2.389 ms  768/1019 (75%)  
[  5] 201.00-202.00 sec   353 KBytes  2.89 Mbits/sec  2.397 ms  953/1254 (76%)  
[  5] 202.00-203.00 sec   393 KBytes  3.22 Mbits/sec  2.875 ms  1090/1425 (76%)  
[  5] 203.00-204.00 sec   359 KBytes  2.94 Mbits/sec  2.402 ms  1028/1334 (77%)  
[  5] 204.00-205.00 sec   353 KBytes  2.89 Mbits/sec  2.498 ms  1010/1311 (77%)  
[  5] 205.00-206.00 sec   354 KBytes  2.90 Mbits/sec  2.501 ms  964/1266 (76%)  
[  5] 206.00-207.00 sec   353 KBytes  2.89 Mbits/sec  2.377 ms  959/1260 (76%)  
[  5] 207.00-208.00 sec   339 KBytes  2.77 Mbits/sec  2.670 ms  891/1180 (76%)  
[  5] 208.00-209.00 sec   353 KBytes  2.89 Mbits/sec  2.552 ms  940/1241 (76%)  
[  5] 209.00-210.00 sec   353 KBytes  2.89 Mbits/sec  2.651 ms  948/1249 (76%)  
[  5] 210.00-211.00 sec   354 KBytes  2.90 Mbits/sec  2.595 ms  932/1234 (76%)  
[  5] 211.00-212.00 sec   353 KBytes  2.89 Mbits/sec  2.577 ms  945/1246 (76%)  
[  5] 212.00-213.00 sec   359 KBytes  2.94 Mbits/sec  2.314 ms  971/1277 (76%)  
[  5] 213.00-214.00 sec   293 KBytes  2.40 Mbits/sec  2.814 ms  811/1061 (76%)  
[  5] 214.00-215.00 sec   354 KBytes  2.90 Mbits/sec  2.672 ms  936/1238 (76%)  
[  5] 215.00-216.00 sec   218 KBytes  1.78 Mbits/sec  2.358 ms  585/771 (76%)  
[  5] 216.00-217.00 sec   334 KBytes  2.74 Mbits/sec  2.836 ms  898/1183 (76%)  
[  5] 217.00-218.00 sec   313 KBytes  2.56 Mbits/sec  2.362 ms  861/1128 (76%)  
[  5] 218.00-219.00 sec   353 KBytes  2.89 Mbits/sec  2.593 ms  988/1289 (77%)  
[  5] 219.00-220.00 sec   295 KBytes  2.42 Mbits/sec  2.620 ms  838/1090 (77%)  
[  5] 220.00-221.00 sec   359 KBytes  2.94 Mbits/sec  2.288 ms  1044/1350 (77%)  
[  5] 221.00-222.00 sec   353 KBytes  2.89 Mbits/sec  2.352 ms  970/1271 (76%)  
[  5] 222.00-223.00 sec   353 KBytes  2.89 Mbits/sec  2.268 ms  936/1237 (76%)  
[  5] 223.00-224.00 sec   354 KBytes  2.90 Mbits/sec  2.431 ms  979/1281 (76%)  
[  5] 224.00-225.00 sec   338 KBytes  2.76 Mbits/sec  2.710 ms  941/1229 (77%)  
[  5] 225.00-226.00 sec   354 KBytes  2.90 Mbits/sec  2.651 ms  935/1237 (76%)  
[  5] 226.00-227.00 sec   353 KBytes  2.89 Mbits/sec  2.546 ms  941/1242 (76%)  
[  5] 227.00-228.00 sec   353 KBytes  2.89 Mbits/sec  2.557 ms  946/1247 (76%)  
[  5] 228.00-229.00 sec   354 KBytes  2.90 Mbits/sec  2.606 ms  1000/1302 (77%)  
[  5] 229.00-230.00 sec   354 KBytes  2.90 Mbits/sec  2.596 ms  975/1277 (76%)  
[  5] 230.00-231.00 sec   357 KBytes  2.93 Mbits/sec  2.321 ms  938/1243 (75%)  
[  5] 231.00-232.00 sec   354 KBytes  2.90 Mbits/sec  2.320 ms  916/1218 (75%)  
[  5] 232.00-233.00 sec   353 KBytes  2.89 Mbits/sec  2.380 ms  948/1249 (76%)  
[  5] 233.00-234.00 sec   354 KBytes  2.90 Mbits/sec  2.338 ms  935/1237 (76%)  
[  5] 234.00-235.00 sec   338 KBytes  2.76 Mbits/sec  2.543 ms  881/1169 (75%)  
[  5] 235.00-236.00 sec   412 KBytes  3.38 Mbits/sec  2.506 ms  1115/1467 (76%)  
[  5] 236.00-237.00 sec   354 KBytes  2.90 Mbits/sec  2.344 ms  1002/1304 (77%)  
[  5] 237.00-238.00 sec   353 KBytes  2.89 Mbits/sec  2.328 ms  996/1297 (77%)  
[  5] 238.00-239.00 sec   354 KBytes  2.90 Mbits/sec  2.405 ms  948/1250 (76%)  
[  5] 239.00-240.00 sec   353 KBytes  2.89 Mbits/sec  2.469 ms  930/1231 (76%)  
[  5] 240.00-241.00 sec   338 KBytes  2.76 Mbits/sec  2.757 ms  907/1195 (76%)  
[  5] 241.00-242.00 sec   354 KBytes  2.90 Mbits/sec  2.842 ms  1024/1326 (77%)  
[  5] 242.00-243.00 sec   353 KBytes  2.89 Mbits/sec  2.584 ms  1543/1844 (84%)  
[  5] 243.00-244.00 sec   354 KBytes  2.90 Mbits/sec  2.872 ms  996/1298 (77%)  
[  5] 244.00-245.00 sec   357 KBytes  2.93 Mbits/sec  2.563 ms  1051/1356 (78%)  
[  5] 245.00-246.00 sec   354 KBytes  2.90 Mbits/sec  2.415 ms  1064/1366 (78%)  
[  5] 246.00-247.00 sec   353 KBytes  2.89 Mbits/sec  2.327 ms  1037/1338 (78%)  
[  5] 247.00-248.00 sec   353 KBytes  2.89 Mbits/sec  2.375 ms  976/1277 (76%)  
[  5] 248.00-249.00 sec   354 KBytes  2.90 Mbits/sec  2.393 ms  950/1252 (76%)  
[  5] 249.00-250.00 sec   338 KBytes  2.76 Mbits/sec  2.706 ms  914/1202 (76%)  
[  5] 250.00-251.00 sec   354 KBytes  2.90 Mbits/sec  2.612 ms  945/1247 (76%)  
[  5] 251.00-252.00 sec   353 KBytes  2.89 Mbits/sec  2.742 ms  980/1281 (77%)  
[  5] 252.00-253.00 sec   353 KBytes  2.89 Mbits/sec  2.524 ms  1004/1305 (77%)  
[  5] 253.00-254.00 sec   354 KBytes  2.90 Mbits/sec  2.442 ms  936/1238 (76%)  
[  5] 254.00-255.00 sec   357 KBytes  2.93 Mbits/sec  2.301 ms  957/1262 (76%)  
[  5] 255.00-256.00 sec   394 KBytes  3.22 Mbits/sec  2.615 ms  1027/1363 (75%)  
[  5] 256.00-257.00 sec   353 KBytes  2.89 Mbits/sec  2.579 ms  945/1246 (76%)  
[  5] 257.00-258.00 sec   313 KBytes  2.56 Mbits/sec  2.409 ms  831/1098 (76%)  
[  5] 258.00-259.00 sec   339 KBytes  2.78 Mbits/sec  2.715 ms  887/1176 (75%)  
[  5] 259.00-260.00 sec   354 KBytes  2.90 Mbits/sec  2.615 ms  939/1241 (76%)  
[  5] 260.00-261.00 sec   354 KBytes  2.90 Mbits/sec  2.606 ms  936/1238 (76%)  
[  5] 261.00-262.00 sec   354 KBytes  2.90 Mbits/sec  2.611 ms  949/1251 (76%)  
[  5] 262.00-263.00 sec   353 KBytes  2.89 Mbits/sec  2.341 ms  936/1237 (76%)  
[  5] 263.00-264.00 sec   353 KBytes  2.89 Mbits/sec  2.478 ms  941/1242 (76%)  
[  5] 264.00-265.00 sec   354 KBytes  2.90 Mbits/sec  2.489 ms  928/1230 (75%)  
[  5] 265.00-266.00 sec   357 KBytes  2.93 Mbits/sec  2.445 ms  940/1245 (76%)  
[  5] 266.00-267.00 sec   354 KBytes  2.90 Mbits/sec  2.320 ms  929/1231 (75%)  
[  5] 267.00-268.00 sec   353 KBytes  2.89 Mbits/sec  2.347 ms  943/1244 (76%)  
[  5] 268.00-269.00 sec   333 KBytes  2.73 Mbits/sec  2.822 ms  930/1214 (77%)  
[  5] 269.00-270.00 sec   354 KBytes  2.90 Mbits/sec  2.743 ms  952/1254 (76%)  
[  5] 270.00-271.00 sec   359 KBytes  2.94 Mbits/sec  2.783 ms  987/1293 (76%)  
[  5] 271.00-272.00 sec   353 KBytes  2.89 Mbits/sec  2.311 ms  934/1235 (76%)  
[  5] 272.00-273.00 sec   353 KBytes  2.89 Mbits/sec  2.257 ms  932/1233 (76%)  
[  5] 273.00-274.00 sec   354 KBytes  2.90 Mbits/sec  2.368 ms  984/1286 (77%)  
[  5] 274.00-275.00 sec   357 KBytes  2.93 Mbits/sec  2.313 ms  959/1264 (76%)  
[  5] 275.00-276.00 sec   354 KBytes  2.90 Mbits/sec  2.340 ms  943/1245 (76%)  
[  5] 276.00-277.00 sec   333 KBytes  2.73 Mbits/sec  2.518 ms  917/1201 (76%)  
[  5] 277.00-278.00 sec   353 KBytes  2.89 Mbits/sec  2.683 ms  965/1266 (76%)  
[  5] 278.00-279.00 sec   414 KBytes  3.39 Mbits/sec  2.303 ms  1082/1435 (75%)  
[  5] 279.00-280.00 sec   353 KBytes  2.89 Mbits/sec  2.368 ms  942/1243 (76%)  
[  5] 280.00-281.00 sec   359 KBytes  2.94 Mbits/sec  2.324 ms  950/1256 (76%)  
[  5] 281.00-282.00 sec   333 KBytes  2.73 Mbits/sec  2.535 ms  852/1136 (75%)  
[  5] 282.00-283.00 sec   373 KBytes  3.05 Mbits/sec  2.325 ms  962/1280 (75%)  
[  5] 283.00-284.00 sec   334 KBytes  2.74 Mbits/sec  2.626 ms  887/1172 (76%)  
[  5] 284.00-285.00 sec   355 KBytes  2.91 Mbits/sec  2.617 ms  970/1273 (76%)  
[  5] 285.00-286.00 sec   353 KBytes  2.89 Mbits/sec  3.053 ms  985/1286 (77%)  
[  5] 286.00-287.00 sec   359 KBytes  2.94 Mbits/sec  2.336 ms  997/1303 (77%)  
[  5] 287.00-288.00 sec   353 KBytes  2.89 Mbits/sec  2.361 ms  983/1284 (77%)  
[  5] 288.00-289.00 sec   353 KBytes  2.89 Mbits/sec  2.307 ms  1002/1303 (77%)  
[  5] 289.00-290.00 sec   354 KBytes  2.90 Mbits/sec  2.362 ms  947/1249 (76%)  
[  5] 290.00-291.00 sec   353 KBytes  2.89 Mbits/sec  2.454 ms  933/1234 (76%)  
[  5] 291.00-292.00 sec   339 KBytes  2.77 Mbits/sec  2.586 ms  901/1190 (76%)  
[  5] 292.00-293.00 sec   353 KBytes  2.89 Mbits/sec  2.637 ms  955/1256 (76%)  
[  5] 293.00-294.00 sec   353 KBytes  2.89 Mbits/sec  2.611 ms  954/1255 (76%)  
[  5] 294.00-295.00 sec   354 KBytes  2.90 Mbits/sec  2.776 ms  937/1239 (76%)  
[  5] 295.00-296.00 sec   354 KBytes  2.90 Mbits/sec  2.736 ms  959/1261 (76%)  
[  5] 296.00-297.00 sec   357 KBytes  2.93 Mbits/sec  2.342 ms  972/1277 (76%)  
[  5] 297.00-298.00 sec   353 KBytes  2.89 Mbits/sec  2.446 ms  937/1238 (76%)  
[  5] 298.00-299.00 sec   354 KBytes  2.90 Mbits/sec  2.435 ms  934/1236 (76%)  
[  5] 299.00-300.00 sec   353 KBytes  2.89 Mbits/sec  2.315 ms  923/1224 (75%)  
[  5] 300.00-301.00 sec   339 KBytes  2.77 Mbits/sec  2.676 ms  903/1192 (76%)  
[  5] 301.00-302.00 sec   353 KBytes  2.89 Mbits/sec  2.584 ms  992/1293 (77%)  
[  5] 302.00-303.00 sec   354 KBytes  2.90 Mbits/sec  2.671 ms  943/1245 (76%)  
[  5] 303.00-304.00 sec   353 KBytes  2.89 Mbits/sec  2.593 ms  930/1231 (76%)  
[  5] 304.00-305.00 sec   412 KBytes  3.38 Mbits/sec  2.310 ms  1108/1460 (76%)  
[  5] 305.00-306.00 sec   354 KBytes  2.90 Mbits/sec  2.540 ms  919/1221 (75%)  
[  5] 306.00-307.00 sec   338 KBytes  2.76 Mbits/sec  2.685 ms  885/1173 (75%)  
[  5] 307.00-308.00 sec   314 KBytes  2.57 Mbits/sec  2.384 ms  833/1101 (76%)  
[  5] 308.00-309.00 sec   353 KBytes  2.89 Mbits/sec  2.351 ms  974/1275 (76%)  
[  5] 309.00-310.00 sec   395 KBytes  3.23 Mbits/sec  2.371 ms  1054/1391 (76%)  
[  5] 310.00-311.00 sec   353 KBytes  2.89 Mbits/sec  2.420 ms  938/1239 (76%)  
[  5] 311.00-312.00 sec   353 KBytes  2.89 Mbits/sec  2.721 ms  940/1241 (76%)  
[  5] 312.00-313.00 sec   359 KBytes  2.94 Mbits/sec  2.323 ms  929/1235 (75%)  
[  5] 313.00-314.00 sec   333 KBytes  2.73 Mbits/sec  2.686 ms  883/1167 (76%)  
[  5] 314.00-315.00 sec   354 KBytes  2.90 Mbits/sec  2.615 ms  935/1237 (76%)  
[  5] 315.00-316.00 sec   353 KBytes  2.89 Mbits/sec  2.648 ms  912/1213 (75%)  
[  5] 316.00-317.00 sec   354 KBytes  2.90 Mbits/sec  2.778 ms  951/1253 (76%)  
[  5] 317.00-318.00 sec   298 KBytes  2.44 Mbits/sec  2.930 ms  849/1103 (77%)  
[  5] 318.00-319.00 sec   314 KBytes  2.57 Mbits/sec  2.506 ms  864/1132 (76%)  
[  5] 319.00-320.00 sec   258 KBytes  2.11 Mbits/sec  2.549 ms  701/921 (76%)  
[  5] 320.00-321.00 sec   294 KBytes  2.41 Mbits/sec  2.643 ms  770/1021 (75%)  
[  5] 321.00-322.00 sec   253 KBytes  2.07 Mbits/sec  2.445 ms  686/902 (76%)  
[  5] 322.00-323.00 sec   299 KBytes  2.45 Mbits/sec  2.760 ms  794/1049 (76%)  
[  5] 323.00-324.00 sec   293 KBytes  2.40 Mbits/sec  2.855 ms  791/1041 (76%)  
[  5] 324.00-325.00 sec   314 KBytes  2.57 Mbits/sec  2.562 ms  862/1130 (76%)  
[  5] 325.00-326.00 sec   258 KBytes  2.11 Mbits/sec  2.372 ms  676/896 (75%)  
[  5] 326.00-327.00 sec   294 KBytes  2.41 Mbits/sec  2.450 ms  791/1042 (76%)  
[  5] 327.00-328.00 sec   293 KBytes  2.40 Mbits/sec  3.693 ms  781/1031 (76%)  
[  5] 328.00-329.00 sec   299 KBytes  2.45 Mbits/sec  2.737 ms  825/1080 (76%)  
[  5] 329.00-330.00 sec   313 KBytes  2.56 Mbits/sec  2.404 ms  833/1100 (76%)  
[  5] 330.00-331.00 sec   254 KBytes  2.08 Mbits/sec  2.478 ms  697/914 (76%)  
[  5] 331.00-332.00 sec   239 KBytes  1.96 Mbits/sec  2.637 ms  643/847 (76%)  
[  5] 332.00-333.00 sec   313 KBytes  2.56 Mbits/sec  2.372 ms  824/1091 (76%)  
[  5] 333.00-334.00 sec   299 KBytes  2.45 Mbits/sec  2.492 ms  783/1038 (75%)  
[  5] 334.00-335.00 sec   293 KBytes  2.40 Mbits/sec  2.753 ms  768/1018 (75%)  
[  5] 335.00-336.00 sec   313 KBytes  2.56 Mbits/sec  2.403 ms  815/1082 (75%)  
[  5] 336.00-337.00 sec   299 KBytes  2.45 Mbits/sec  2.444 ms  822/1077 (76%)  
[  5] 337.00-338.00 sec   293 KBytes  2.40 Mbits/sec  2.980 ms  817/1067 (77%)  
[  5] 338.00-339.00 sec   314 KBytes  2.57 Mbits/sec  2.409 ms  855/1123 (76%)  
[  5] 339.00-340.00 sec   299 KBytes  2.45 Mbits/sec  2.365 ms  817/1072 (76%)  
[  5] 340.00-341.00 sec   293 KBytes  2.40 Mbits/sec  2.909 ms  774/1024 (76%)  
[  5] 341.00-342.00 sec   313 KBytes  2.56 Mbits/sec  2.391 ms  812/1079 (75%)  
[  5] 342.00-343.00 sec   299 KBytes  2.45 Mbits/sec  2.276 ms  779/1034 (75%)  
[  5] 343.00-344.00 sec   353 KBytes  2.89 Mbits/sec  2.561 ms  932/1233 (76%)  
[  5] 344.00-345.00 sec   294 KBytes  2.41 Mbits/sec  2.692 ms  771/1022 (75%)  
[  5] 345.00-346.00 sec   313 KBytes  2.56 Mbits/sec  2.638 ms  812/1079 (75%)  
[  5] 346.00-347.00 sec   299 KBytes  2.45 Mbits/sec  2.463 ms  795/1050 (76%)  
[  5] 347.00-348.00 sec   293 KBytes  2.40 Mbits/sec  2.741 ms  782/1032 (76%)  
[  5] 348.00-349.00 sec   314 KBytes  2.57 Mbits/sec  2.662 ms  928/1196 (78%)  
[  5] 349.00-350.00 sec   298 KBytes  2.44 Mbits/sec  2.559 ms  891/1145 (78%)  
[  5] 350.00-351.00 sec   294 KBytes  2.41 Mbits/sec  2.986 ms  898/1149 (78%)  
[  5] 351.00-352.00 sec   313 KBytes  2.56 Mbits/sec  2.885 ms  1120/1387 (81%)  
[  5] 352.00-353.00 sec   339 KBytes  2.77 Mbits/sec  3.457 ms  1360/1649 (82%)  
[  5] 353.00-354.00 sec   313 KBytes  2.56 Mbits/sec  2.700 ms  1154/1421 (81%)  
[  5] 354.00-355.00 sec   254 KBytes  2.08 Mbits/sec  2.659 ms  843/1060 (80%)  
[  5] 355.00-356.00 sec   238 KBytes  1.95 Mbits/sec  3.456 ms  786/989 (79%)  
[  5] 356.00-357.00 sec   214 KBytes  1.76 Mbits/sec  2.678 ms  692/875 (79%)  
[  5] 357.00-358.00 sec   299 KBytes  2.44 Mbits/sec  3.035 ms  1133/1388 (82%)  
[  5] 358.00-359.00 sec   293 KBytes  2.40 Mbits/sec  2.769 ms  1059/1309 (81%)  
[  5] 359.00-360.00 sec   313 KBytes  2.56 Mbits/sec  2.680 ms  1041/1308 (80%)  
[  5] 360.00-361.00 sec  0.00 Bytes  0.00 bits/sec  2.680 ms  0/0 (0%)  
[  5] 361.00-362.00 sec  99.6 KBytes   816 Kbits/sec  3.338 ms  352/437 (81%)  
[  5] 362.00-363.00 sec   354 KBytes  2.90 Mbits/sec  2.924 ms  1156/1458 (79%)  
[  5] 363.00-364.00 sec   298 KBytes  2.44 Mbits/sec  2.942 ms  981/1235 (79%)  
[  5] 364.00-365.00 sec   294 KBytes  2.41 Mbits/sec  3.269 ms  1481/1732 (86%)  
[  5] 365.00-366.00 sec   253 KBytes  2.07 Mbits/sec  2.732 ms  780/996 (78%)  
[  5] 366.00-367.00 sec   299 KBytes  2.45 Mbits/sec  3.121 ms  957/1212 (79%)  
[  5] 367.00-368.00 sec   313 KBytes  2.56 Mbits/sec  2.714 ms  1010/1277 (79%)  
[  5] 368.00-369.00 sec   294 KBytes  2.41 Mbits/sec  2.971 ms  955/1206 (79%)  
[  5] 369.00-370.00 sec   298 KBytes  2.44 Mbits/sec  2.926 ms  947/1201 (79%)  
[  5] 370.00-371.00 sec   314 KBytes  2.57 Mbits/sec  2.609 ms  1011/1279 (79%)  
[  5] 371.00-372.00 sec   253 KBytes  2.07 Mbits/sec  2.902 ms  830/1046 (79%)  
[  5] 372.00-373.00 sec   299 KBytes  2.45 Mbits/sec  2.669 ms  977/1232 (79%)  
[  5] 373.00-374.00 sec   293 KBytes  2.40 Mbits/sec  3.164 ms  935/1185 (79%)  
[  5] 374.00-375.00 sec   314 KBytes  2.57 Mbits/sec  2.798 ms  1046/1314 (80%)  
[  5] 375.00-376.00 sec   338 KBytes  2.76 Mbits/sec  3.023 ms  1110/1398 (79%)  
[  5] 376.00-377.00 sec   314 KBytes  2.57 Mbits/sec  2.583 ms  996/1264 (79%)  
[  5] 377.00-378.00 sec   293 KBytes  2.40 Mbits/sec  2.838 ms  904/1154 (78%)  
[  5] 378.00-379.00 sec   299 KBytes  2.45 Mbits/sec  3.244 ms  933/1188 (79%)  
[  5] 379.00-380.00 sec   313 KBytes  2.56 Mbits/sec  2.568 ms  1080/1347 (80%)  
[  5] 380.00-381.00 sec   294 KBytes  2.41 Mbits/sec  2.990 ms  961/1212 (79%)  
[  5] 381.00-382.00 sec   298 KBytes  2.44 Mbits/sec  2.860 ms  981/1235 (79%)  
[  5] 382.00-383.00 sec   314 KBytes  2.57 Mbits/sec  2.556 ms  1027/1295 (79%)  
[  5] 383.00-384.00 sec   293 KBytes  2.40 Mbits/sec  3.153 ms  949/1199 (79%)  
[  5] 384.00-385.00 sec   299 KBytes  2.45 Mbits/sec  2.972 ms  952/1207 (79%)  
[  5] 385.00-386.00 sec   313 KBytes  2.56 Mbits/sec  2.594 ms  980/1247 (79%)  
[  5] 386.00-387.00 sec   294 KBytes  2.41 Mbits/sec  2.933 ms  883/1134 (78%)  
[  5] 387.00-388.00 sec   298 KBytes  2.44 Mbits/sec  2.965 ms  973/1227 (79%)  
[  5] 388.00-389.00 sec   254 KBytes  2.08 Mbits/sec  3.355 ms  890/1107 (80%)  
[  5] 389.00-390.00 sec   353 KBytes  2.89 Mbits/sec  4.362 ms  1897/2198 (86%)  
[  5] 390.00-391.00 sec   299 KBytes  2.45 Mbits/sec  3.175 ms  1011/1266 (80%)  
[  5] 391.00-392.00 sec   313 KBytes  2.56 Mbits/sec  2.710 ms  1004/1271 (79%)  
[  5] 392.00-393.00 sec   294 KBytes  2.41 Mbits/sec  2.844 ms  965/1216 (79%)  
[  5] 393.00-394.00 sec   298 KBytes  2.44 Mbits/sec  2.732 ms  2959/3213 (92%)  
[  5] 394.00-395.00 sec   254 KBytes  2.08 Mbits/sec  2.950 ms  764/981 (78%)  
[  5] 395.00-396.00 sec   313 KBytes  2.56 Mbits/sec  2.610 ms  1035/1302 (79%)  
[  5] 396.00-397.00 sec   299 KBytes  2.45 Mbits/sec  2.695 ms  999/1254 (80%)  
[  5] 397.00-398.00 sec   293 KBytes  2.40 Mbits/sec  2.957 ms  1031/1281 (80%)  
[  5] 398.00-399.00 sec   254 KBytes  2.08 Mbits/sec  3.043 ms  928/1145 (81%)  
[  5] 399.00-400.00 sec   298 KBytes  2.44 Mbits/sec  3.417 ms  1036/1290 (80%)  
[  5] 400.00-401.00 sec   314 KBytes  2.57 Mbits/sec  2.679 ms  1011/1279 (79%)  
[  5] 401.00-402.00 sec   293 KBytes  2.40 Mbits/sec  2.986 ms  991/1241 (80%)  
[  5] 402.00-403.00 sec   299 KBytes  2.45 Mbits/sec  3.232 ms  973/1228 (79%)  
[  5] 403.00-404.00 sec   313 KBytes  2.56 Mbits/sec  2.723 ms  1064/1331 (80%)  
[  5] 404.00-405.00 sec   294 KBytes  2.41 Mbits/sec  3.102 ms  985/1236 (80%)  
[  5] 405.00-406.00 sec   299 KBytes  2.45 Mbits/sec  3.038 ms  968/1223 (79%)  
[  5] 406.00-407.00 sec   313 KBytes  2.56 Mbits/sec  2.765 ms  1030/1297 (79%)  
[  5] 407.00-408.00 sec   294 KBytes  2.41 Mbits/sec  2.904 ms  940/1191 (79%)  
[  5] 408.00-409.00 sec   298 KBytes  2.44 Mbits/sec  3.273 ms  955/1209 (79%)  
[  5] 409.00-410.00 sec   314 KBytes  2.57 Mbits/sec  2.570 ms  1013/1281 (79%)  
[  5] 410.00-411.00 sec   293 KBytes  2.40 Mbits/sec  3.225 ms  957/1207 (79%)  
[  5] 411.00-412.00 sec   314 KBytes  2.57 Mbits/sec  2.679 ms  1049/1317 (80%)  
[  5] 412.00-413.00 sec   339 KBytes  2.77 Mbits/sec  2.986 ms  1125/1414 (80%)  
[  5] 413.00-414.00 sec   313 KBytes  2.56 Mbits/sec  2.597 ms  1020/1287 (79%)  
[  5] 414.00-415.00 sec   294 KBytes  2.41 Mbits/sec  2.777 ms  931/1182 (79%)  
[  5] 415.00-416.00 sec   298 KBytes  2.44 Mbits/sec  3.104 ms  973/1227 (79%)  
[  5] 416.00-417.00 sec   314 KBytes  2.57 Mbits/sec  2.681 ms  1009/1277 (79%)  
[  5] 417.00-418.00 sec   293 KBytes  2.40 Mbits/sec  2.852 ms  948/1198 (79%)  
[  5] 418.00-419.00 sec   299 KBytes  2.45 Mbits/sec  2.914 ms  969/1224 (79%)  
[  5] 419.00-420.00 sec   313 KBytes  2.56 Mbits/sec  2.970 ms  1067/1334 (80%)  
