Connecting to host 172.22.0.50, port 5201
Reverse mode, remote host 172.22.0.50 is sending
[  5] local 192.168.100.2 port 52170 connected to 172.22.0.50 port 5201
[ ID] Interval           Transfer     Bitrate         Jitter    Lost/Total Datagrams
[  5]   0.00-1.00   sec  1.44 MBytes  12.0 Mbits/sec  0.984 ms  0/1255 (0%)  
[  5]   1.00-2.00   sec  1.42 MBytes  11.9 Mbits/sec  0.832 ms  0/1244 (0%)  
[  5]   2.00-3.00   sec  1.43 MBytes  12.0 Mbits/sec  0.987 ms  0/1251 (0%)  
[  5]   3.00-4.00   sec  1.43 MBytes  12.0 Mbits/sec  0.968 ms  0/1251 (0%)  
[  5]   4.00-5.00   sec  1.43 MBytes  12.0 Mbits/sec  0.894 ms  0/1252 (0%)  
[  5]   5.00-6.00   sec  1.43 MBytes  12.0 Mbits/sec  1.081 ms  0/1250 (0%)  
[  5]   6.00-7.00   sec  1.43 MBytes  12.0 Mbits/sec  1.074 ms  0/1250 (0%)  
[  5]   7.00-8.00   sec  1.43 MBytes  12.0 Mbits/sec  1.054 ms  0/1251 (0%)  
[  5]   8.00-9.00   sec  1.42 MBytes  11.9 Mbits/sec  1.025 ms  0/1245 (0%)  
[  5]   9.00-10.00  sec  1.43 MBytes  12.0 Mbits/sec  0.881 ms  0/1249 (0%)  
[  5]  10.00-11.00  sec  1.43 MBytes  12.0 Mbits/sec  1.325 ms  0/1250 (0%)  
[  5]  11.00-12.00  sec  1.44 MBytes  12.1 Mbits/sec  1.129 ms  0/1254 (0%)  
[  5]  12.00-13.00  sec  1.43 MBytes  12.0 Mbits/sec  0.950 ms  0/1250 (0%)  
[  5]  13.00-14.00  sec  1.43 MBytes  12.0 Mbits/sec  0.738 ms  0/1252 (0%)  
[  5]  14.00-15.01  sec  1.41 MBytes  11.8 Mbits/sec  1.242 ms  0/1231 (0%)  
[  5]  15.01-16.00  sec  1.16 MBytes  9.81 Mbits/sec  2.152 ms  0/1017 (0%)  
[  5]  16.00-17.00  sec   411 KBytes  3.37 Mbits/sec  2.285 ms  0/351 (0%)  
[  5]  17.00-18.00  sec   418 KBytes  3.43 Mbits/sec  2.349 ms  0/357 (0%)  
[  5]  18.00-19.00  sec   423 KBytes  3.47 Mbits/sec  2.123 ms  0/361 (0%)  
[  5]  19.00-20.00  sec   417 KBytes  3.42 Mbits/sec  2.170 ms  0/356 (0%)  
[  5]  20.00-21.00  sec   424 KBytes  3.47 Mbits/sec  1.910 ms  0/362 (0%)  
[  5]  21.00-22.00  sec   464 KBytes  3.81 Mbits/sec  2.415 ms  0/396 (0%)  
[  5]  22.00-23.00  sec   475 KBytes  3.89 Mbits/sec  1.969 ms  0/405 (0%)  
[  5]  23.00-24.00  sec   471 KBytes  3.86 Mbits/sec  1.764 ms  0/402 (0%)  
[  5]  24.00-25.00  sec   521 KBytes  4.27 Mbits/sec  1.563 ms  0/445 (0%)  
[  5]  25.00-26.00  sec   559 KBytes  4.58 Mbits/sec  1.370 ms  0/477 (0%)  
[  5]  26.00-27.00  sec   587 KBytes  4.81 Mbits/sec  1.495 ms  0/502 (0%)  
[  5]  27.00-28.00  sec   571 KBytes  4.68 Mbits/sec  1.461 ms  0/487 (0%)  
[  5]  28.00-29.00  sec   547 KBytes  4.48 Mbits/sec  1.802 ms  0/467 (0%)  
[  5]  29.00-30.00  sec   571 KBytes  4.68 Mbits/sec  1.355 ms  0/487 (0%)  
[  5]  30.00-31.00  sec   589 KBytes  4.83 Mbits/sec  1.497 ms  0/503 (0%)  
[  5]  31.00-32.00  sec   604 KBytes  4.94 Mbits/sec  1.254 ms  0/515 (0%)  
[  5]  32.00-33.00  sec   611 KBytes  5.00 Mbits/sec  1.492 ms  0/521 (0%)  
[  5]  33.00-34.00  sec   602 KBytes  4.93 Mbits/sec  1.530 ms  0/514 (0%)  
[  5]  34.00-35.00  sec   630 KBytes  5.17 Mbits/sec  1.340 ms  0/538 (0%)  
[  5]  35.00-36.00  sec   638 KBytes  5.22 Mbits/sec  1.554 ms  0/544 (0%)  
[  5]  36.00-37.00  sec   676 KBytes  5.54 Mbits/sec  1.284 ms  0/577 (0%)  
[  5]  37.00-38.00  sec   668 KBytes  5.47 Mbits/sec  1.191 ms  0/570 (0%)  
[  5]  38.00-39.00  sec   663 KBytes  5.43 Mbits/sec  1.475 ms  0/566 (0%)  
[  5]  39.00-40.00  sec   677 KBytes  5.55 Mbits/sec  1.130 ms  0/578 (0%)  
[  5]  40.00-41.00  sec   539 KBytes  4.41 Mbits/sec  1.314 ms  274/734 (37%)  
[  5]  41.00-42.00  sec   712 KBytes  5.83 Mbits/sec  1.269 ms  938/1546 (61%)  
[  5]  42.00-43.00  sec   703 KBytes  5.76 Mbits/sec  1.346 ms  940/1540 (61%)  
[  5]  43.00-44.00  sec   619 KBytes  5.07 Mbits/sec  4.001 ms  906/1434 (63%)  
[  5]  44.00-45.00  sec   687 KBytes  5.63 Mbits/sec  1.361 ms  914/1500 (61%)  
[  5]  45.00-46.00  sec   702 KBytes  5.75 Mbits/sec  1.291 ms  857/1456 (59%)  
[  5]  46.00-47.00  sec   612 KBytes  5.01 Mbits/sec  1.283 ms  754/1276 (59%)  
[  5]  47.00-48.00  sec   693 KBytes  5.67 Mbits/sec  1.384 ms  825/1416 (58%)  
[  5]  48.00-49.00  sec   729 KBytes  5.97 Mbits/sec  1.216 ms  847/1469 (58%)  
[  5]  49.00-50.00  sec   707 KBytes  5.79 Mbits/sec  1.206 ms  816/1419 (58%)  
[  5]  50.00-51.00  sec   589 KBytes  4.83 Mbits/sec  1.225 ms  578/1081 (53%)  
[  5]  51.00-52.00  sec   718 KBytes  5.89 Mbits/sec  1.147 ms  721/1334 (54%)  
[  5]  52.00-53.00  sec   589 KBytes  4.83 Mbits/sec  1.186 ms  607/1110 (55%)  
[  5]  53.00-54.00  sec   709 KBytes  5.81 Mbits/sec  1.197 ms  718/1323 (54%)  
[  5]  54.00-55.00  sec   619 KBytes  5.07 Mbits/sec  1.183 ms  596/1124 (53%)  
[  5]  55.00-56.00  sec   718 KBytes  5.88 Mbits/sec  1.194 ms  716/1329 (54%)  
[  5]  56.00-57.00  sec   591 KBytes  4.84 Mbits/sec  1.106 ms  554/1058 (52%)  
[  5]  57.00-58.00  sec   618 KBytes  5.06 Mbits/sec  1.080 ms  592/1119 (53%)  
[  5]  58.00-59.00  sec   709 KBytes  5.81 Mbits/sec  1.190 ms  678/1283 (53%)  
[  5]  59.00-60.00  sec   591 KBytes  4.84 Mbits/sec  1.241 ms  597/1101 (54%)  
[  5]  60.00-61.00  sec   604 KBytes  4.94 Mbits/sec  1.270 ms  658/1173 (56%)  
[  5]  61.00-62.00  sec   578 KBytes  4.73 Mbits/sec  1.214 ms  606/1099 (55%)  
[  5]  62.00-63.00  sec   720 KBytes  5.89 Mbits/sec  1.086 ms  705/1319 (53%)  
[  5]  63.00-64.00  sec   588 KBytes  4.82 Mbits/sec  1.107 ms  581/1083 (54%)  
[  5]  64.00-65.00  sec   620 KBytes  5.08 Mbits/sec  1.173 ms  602/1131 (53%)  
[  5]  65.00-66.00  sec   619 KBytes  5.07 Mbits/sec  1.303 ms  654/1182 (55%)  
[  5]  66.00-67.00  sec   588 KBytes  4.82 Mbits/sec  1.188 ms  613/1115 (55%)  
[  5]  67.00-68.00  sec   709 KBytes  5.81 Mbits/sec  1.314 ms  736/1341 (55%)  
[  5]  68.00-69.00  sec   620 KBytes  5.07 Mbits/sec  1.200 ms  656/1185 (55%)  
[  5]  69.00-70.00  sec   688 KBytes  5.64 Mbits/sec  1.174 ms  695/1282 (54%)  
[  5]  70.00-71.00  sec   696 KBytes  5.70 Mbits/sec  1.295 ms  794/1388 (57%)  
[  5]  71.00-72.00  sec   620 KBytes  5.07 Mbits/sec  1.295 ms  660/1189 (56%)  
[  5]  72.00-73.00  sec   689 KBytes  5.65 Mbits/sec  1.142 ms  766/1354 (57%)  
[  5]  73.00-74.00  sec   708 KBytes  5.79 Mbits/sec  1.275 ms  760/1364 (56%)  
[  5]  74.00-75.00  sec   619 KBytes  5.07 Mbits/sec  1.207 ms  687/1215 (57%)  
[  5]  75.00-76.00  sec   709 KBytes  5.81 Mbits/sec  1.206 ms  815/1420 (57%)  
[  5]  76.00-77.00  sec   589 KBytes  4.83 Mbits/sec  1.309 ms  684/1187 (58%)  
[  5]  77.00-78.00  sec   629 KBytes  5.16 Mbits/sec  1.121 ms  724/1261 (57%)  
[  5]  78.00-79.00  sec   679 KBytes  5.56 Mbits/sec  1.279 ms  748/1327 (56%)  
[  5]  79.00-80.00  sec   620 KBytes  5.08 Mbits/sec  1.272 ms  718/1247 (58%)  
[  5]  80.00-81.00  sec   607 KBytes  4.97 Mbits/sec  1.649 ms  710/1228 (58%)  
[  5]  81.00-82.00  sec   680 KBytes  5.57 Mbits/sec  1.248 ms  777/1357 (57%)  
[  5]  82.00-83.00  sec   620 KBytes  5.07 Mbits/sec  1.223 ms  683/1212 (56%)  
[  5]  83.00-84.00  sec   628 KBytes  5.15 Mbits/sec  1.127 ms  665/1201 (55%)  
[  5]  84.00-85.00  sec   680 KBytes  5.57 Mbits/sec  1.262 ms  678/1258 (54%)  
[  5]  85.00-86.00  sec   619 KBytes  5.07 Mbits/sec  1.264 ms  619/1147 (54%)  
[  5]  86.00-87.00  sec   696 KBytes  5.70 Mbits/sec  1.617 ms  683/1277 (53%)  
[  5]  87.00-88.00  sec   588 KBytes  4.81 Mbits/sec  1.318 ms  605/1107 (55%)  
[  5]  88.00-89.00  sec   720 KBytes  5.90 Mbits/sec  1.179 ms  736/1350 (55%)  
[  5]  89.00-90.00  sec   709 KBytes  5.81 Mbits/sec  1.132 ms  710/1315 (54%)  
[  5]  90.00-91.00  sec   588 KBytes  4.82 Mbits/sec  1.264 ms  620/1122 (55%)  
[  5]  91.00-92.00  sec   720 KBytes  5.90 Mbits/sec  1.139 ms  796/1410 (56%)  
[  5]  92.00-93.00  sec   708 KBytes  5.80 Mbits/sec  1.187 ms  816/1420 (57%)  
[  5]  93.00-94.00  sec   589 KBytes  4.82 Mbits/sec  1.346 ms  716/1219 (59%)  
[  5]  94.00-95.00  sec   718 KBytes  5.89 Mbits/sec  1.194 ms  783/1396 (56%)  
[  5]  95.00-96.00  sec   709 KBytes  5.80 Mbits/sec  1.372 ms  699/1304 (54%)  
[  5]  96.00-97.00  sec   591 KBytes  4.84 Mbits/sec  1.170 ms  620/1124 (55%)  
[  5]  97.00-98.00  sec   708 KBytes  5.80 Mbits/sec  1.259 ms  789/1393 (57%)  
[  5]  98.00-99.00  sec   720 KBytes  5.89 Mbits/sec  1.219 ms  791/1405 (56%)  
[  5]  99.00-100.00 sec   708 KBytes  5.80 Mbits/sec  1.311 ms  748/1352 (55%)  
[  5] 100.00-101.00 sec   589 KBytes  4.83 Mbits/sec  1.187 ms  645/1148 (56%)  
[  5] 101.00-102.00 sec   720 KBytes  5.90 Mbits/sec  1.145 ms  756/1370 (55%)  
[  5] 102.00-103.00 sec   619 KBytes  5.07 Mbits/sec  1.259 ms  614/1142 (54%)  
[  5] 103.00-104.00 sec   709 KBytes  5.81 Mbits/sec  1.267 ms  713/1318 (54%)  
[  5] 104.00-105.00 sec   589 KBytes  4.83 Mbits/sec  1.157 ms  595/1098 (54%)  
[  5] 105.00-106.00 sec   718 KBytes  5.88 Mbits/sec  1.050 ms  707/1320 (54%)  
[  5] 106.00-107.00 sec   709 KBytes  5.81 Mbits/sec  1.122 ms  694/1299 (53%)  
[  5] 107.00-108.00 sec   696 KBytes  5.70 Mbits/sec  1.222 ms  739/1333 (55%)  
[  5] 108.00-109.00 sec   599 KBytes  4.91 Mbits/sec  1.131 ms  632/1143 (55%)  
[  5] 109.00-110.00 sec   709 KBytes  5.81 Mbits/sec  1.198 ms  723/1328 (54%)  
[  5] 110.00-111.00 sec   709 KBytes  5.81 Mbits/sec  1.139 ms  700/1305 (54%)  
[  5] 111.00-112.00 sec   588 KBytes  4.81 Mbits/sec  1.187 ms  581/1083 (54%)  
[  5] 112.00-113.00 sec   720 KBytes  5.90 Mbits/sec  1.185 ms  684/1298 (53%)  
[  5] 113.00-114.00 sec   709 KBytes  5.81 Mbits/sec  1.203 ms  696/1301 (53%)  
[  5] 114.00-115.00 sec   567 KBytes  4.65 Mbits/sec  1.233 ms  616/1100 (56%)  
[  5] 115.00-116.00 sec   720 KBytes  5.89 Mbits/sec  1.089 ms  740/1354 (55%)  
[  5] 116.00-117.00 sec   589 KBytes  4.83 Mbits/sec  1.140 ms  625/1128 (55%)  
[  5] 117.00-118.00 sec   709 KBytes  5.81 Mbits/sec  1.252 ms  784/1389 (56%)  
[  5] 118.00-119.00 sec   618 KBytes  5.06 Mbits/sec  1.217 ms  628/1155 (54%)  
[  5] 119.00-120.00 sec   720 KBytes  5.89 Mbits/sec  1.111 ms  713/1327 (54%)  
[  5] 120.00-121.00 sec   680 KBytes  5.57 Mbits/sec  1.147 ms  643/1223 (53%)  
[  5] 121.00-122.00 sec   619 KBytes  5.07 Mbits/sec  1.219 ms  591/1119 (53%)  
[  5] 122.00-123.00 sec   709 KBytes  5.81 Mbits/sec  1.126 ms  691/1296 (53%)  
[  5] 123.00-124.00 sec   688 KBytes  5.64 Mbits/sec  1.128 ms  683/1270 (54%)  
[  5] 124.00-125.00 sec   709 KBytes  5.81 Mbits/sec  1.267 ms  722/1327 (54%)  
[  5] 125.00-126.00 sec   620 KBytes  5.08 Mbits/sec  1.138 ms  626/1155 (54%)  
[  5] 126.00-127.00 sec   718 KBytes  5.88 Mbits/sec  1.123 ms  723/1336 (54%)  
[  5] 127.00-128.00 sec   589 KBytes  4.83 Mbits/sec  1.201 ms  608/1111 (55%)  
[  5] 128.00-129.00 sec   709 KBytes  5.81 Mbits/sec  1.169 ms  719/1324 (54%)  
[  5] 129.00-130.00 sec   718 KBytes  5.89 Mbits/sec  1.235 ms  738/1351 (55%)  
[  5] 130.00-131.00 sec   588 KBytes  4.81 Mbits/sec  1.216 ms  608/1110 (55%)  
[  5] 131.00-132.00 sec   709 KBytes  5.81 Mbits/sec  1.219 ms  727/1332 (55%)  
[  5] 132.00-133.00 sec   709 KBytes  5.81 Mbits/sec  1.211 ms  747/1352 (55%)  
[  5] 133.00-134.00 sec   720 KBytes  5.89 Mbits/sec  1.229 ms  758/1372 (55%)  
[  5] 134.00-135.00 sec   589 KBytes  4.83 Mbits/sec  1.145 ms  597/1100 (54%)  
[  5] 135.00-136.00 sec   619 KBytes  5.07 Mbits/sec  1.182 ms  616/1144 (54%)  
[  5] 136.00-137.00 sec   709 KBytes  5.81 Mbits/sec  1.125 ms  698/1303 (54%)  
[  5] 137.00-138.00 sec   689 KBytes  5.64 Mbits/sec  1.133 ms  666/1254 (53%)  
[  5] 138.00-139.00 sec   619 KBytes  5.07 Mbits/sec  1.118 ms  611/1139 (54%)  
[  5] 139.00-140.00 sec   709 KBytes  5.81 Mbits/sec  1.213 ms  705/1310 (54%)  
[  5] 140.00-141.00 sec   697 KBytes  5.71 Mbits/sec  1.091 ms  769/1364 (56%)  
[  5] 141.00-142.00 sec   679 KBytes  5.56 Mbits/sec  1.246 ms  711/1290 (55%)  
[  5] 142.00-143.00 sec   619 KBytes  5.07 Mbits/sec  1.175 ms  644/1172 (55%)  
[  5] 143.00-144.00 sec   709 KBytes  5.81 Mbits/sec  1.155 ms  690/1295 (53%)  
[  5] 144.00-145.00 sec   689 KBytes  5.65 Mbits/sec  1.151 ms  668/1256 (53%)  
[  5] 145.00-146.00 sec   619 KBytes  5.07 Mbits/sec  1.232 ms  604/1132 (53%)  
[  5] 146.00-147.00 sec   709 KBytes  5.81 Mbits/sec  1.130 ms  707/1312 (54%)  
[  5] 147.00-148.00 sec   718 KBytes  5.88 Mbits/sec  1.121 ms  695/1308 (53%)  
[  5] 148.00-149.00 sec   589 KBytes  4.83 Mbits/sec  1.229 ms  617/1120 (55%)  
[  5] 149.00-150.00 sec   606 KBytes  4.97 Mbits/sec  1.243 ms  688/1205 (57%)  
[  5] 150.00-151.00 sec   709 KBytes  5.81 Mbits/sec  1.197 ms  758/1363 (56%)  
[  5] 151.00-152.00 sec   589 KBytes  4.83 Mbits/sec  1.195 ms  587/1090 (54%)  
[  5] 152.00-153.00 sec   718 KBytes  5.89 Mbits/sec  1.117 ms  720/1333 (54%)  
[  5] 153.00-154.00 sec   589 KBytes  4.83 Mbits/sec  1.133 ms  585/1088 (54%)  
[  5] 154.00-155.00 sec   708 KBytes  5.80 Mbits/sec  1.216 ms  683/1287 (53%)  
[  5] 155.00-156.00 sec   701 KBytes  5.73 Mbits/sec  1.235 ms  712/1310 (54%)  
[  5] 156.00-157.00 sec   629 KBytes  5.17 Mbits/sec  1.163 ms  617/1154 (53%)  
[  5] 157.00-158.00 sec   680 KBytes  5.56 Mbits/sec  1.311 ms  684/1264 (54%)  
[  5] 158.00-159.00 sec   709 KBytes  5.81 Mbits/sec  1.209 ms  708/1313 (54%)  
[  5] 159.00-160.00 sec   718 KBytes  5.88 Mbits/sec  1.202 ms  755/1368 (55%)  
[  5] 160.00-161.00 sec   579 KBytes  4.74 Mbits/sec  1.056 ms  597/1091 (55%)  
[  5] 161.00-162.00 sec   705 KBytes  5.78 Mbits/sec  1.178 ms  704/1306 (54%)  
[  5] 162.00-163.00 sec   619 KBytes  5.07 Mbits/sec  1.156 ms  616/1144 (54%)  
[  5] 163.00-164.00 sec   697 KBytes  5.71 Mbits/sec  1.899 ms  772/1367 (56%)  
[  5] 164.00-165.00 sec   588 KBytes  4.81 Mbits/sec  1.204 ms  690/1192 (58%)  
[  5] 165.00-166.00 sec   709 KBytes  5.82 Mbits/sec  1.258 ms  780/1385 (56%)  
[  5] 166.00-167.00 sec   673 KBytes  5.51 Mbits/sec  1.475 ms  727/1301 (56%)  
[  5] 167.00-168.00 sec   623 KBytes  5.11 Mbits/sec  1.185 ms  605/1137 (53%)  
[  5] 168.00-169.00 sec   720 KBytes  5.89 Mbits/sec  1.149 ms  715/1329 (54%)  
[  5] 169.00-170.00 sec   619 KBytes  5.07 Mbits/sec  1.148 ms  611/1139 (54%)  
[  5] 170.00-171.00 sec   709 KBytes  5.80 Mbits/sec  1.147 ms  713/1318 (54%)  
[  5] 171.00-172.00 sec   589 KBytes  4.83 Mbits/sec  1.197 ms  583/1086 (54%)  
[  5] 172.00-173.00 sec   718 KBytes  5.88 Mbits/sec  1.146 ms  706/1319 (54%)  
[  5] 173.00-174.00 sec   709 KBytes  5.81 Mbits/sec  1.180 ms  710/1315 (54%)  
[  5] 174.00-175.00 sec   588 KBytes  4.82 Mbits/sec  1.304 ms  610/1112 (55%)  
[  5] 175.00-176.00 sec   710 KBytes  5.82 Mbits/sec  1.169 ms  753/1359 (55%)  
[  5] 176.00-177.00 sec   628 KBytes  5.15 Mbits/sec  1.126 ms  642/1178 (54%)  
[  5] 177.00-178.00 sec   680 KBytes  5.57 Mbits/sec  1.216 ms  684/1264 (54%)  
[  5] 178.00-179.00 sec   708 KBytes  5.80 Mbits/sec  1.344 ms  743/1347 (55%)  
[  5] 179.00-180.00 sec   620 KBytes  5.07 Mbits/sec  1.219 ms  635/1164 (55%)  
[  5] 180.00-181.00 sec   689 KBytes  5.65 Mbits/sec  1.141 ms  702/1290 (54%)  
[  5] 181.00-182.00 sec   619 KBytes  5.07 Mbits/sec  1.251 ms  637/1165 (55%)  
[  5] 182.00-183.00 sec   619 KBytes  5.06 Mbits/sec  1.230 ms  639/1167 (55%)  
[  5] 183.00-184.00 sec   589 KBytes  4.83 Mbits/sec  1.186 ms  616/1119 (55%)  
[  5] 184.00-185.00 sec   709 KBytes  5.81 Mbits/sec  1.189 ms  704/1309 (54%)  
[  5] 185.00-186.00 sec   619 KBytes  5.07 Mbits/sec  1.203 ms  653/1181 (55%)  
[  5] 186.00-187.00 sec   623 KBytes  5.11 Mbits/sec  2.149 ms  644/1176 (55%)  
[  5] 187.00-188.00 sec   684 KBytes  5.59 Mbits/sec  1.248 ms  686/1270 (54%)  
[  5] 188.00-189.00 sec   589 KBytes  4.84 Mbits/sec  1.184 ms  594/1097 (54%)  
[  5] 189.00-190.00 sec   709 KBytes  5.80 Mbits/sec  1.277 ms  728/1333 (55%)  
[  5] 190.00-191.00 sec   718 KBytes  5.89 Mbits/sec  1.133 ms  782/1395 (56%)  
[  5] 191.00-192.00 sec   620 KBytes  5.08 Mbits/sec  1.160 ms  652/1181 (55%)  
[  5] 192.00-193.00 sec   679 KBytes  5.56 Mbits/sec  1.191 ms  651/1230 (53%)  
[  5] 193.00-194.00 sec   619 KBytes  5.06 Mbits/sec  1.165 ms  617/1145 (54%)  
[  5] 194.00-195.00 sec   720 KBytes  5.90 Mbits/sec  1.024 ms  721/1335 (54%)  
[  5] 195.00-196.00 sec   588 KBytes  4.82 Mbits/sec  1.224 ms  650/1152 (56%)  
[  5] 196.00-197.00 sec   709 KBytes  5.81 Mbits/sec  1.224 ms  783/1388 (56%)  
[  5] 197.00-198.00 sec   638 KBytes  5.22 Mbits/sec  3.931 ms  745/1289 (58%)  
[  5] 198.00-199.00 sec   660 KBytes  5.40 Mbits/sec  1.227 ms  775/1347 (58%)  
[  5] 199.00-200.00 sec   709 KBytes  5.81 Mbits/sec  1.201 ms  743/1348 (55%)  
[  5] 200.00-201.00 sec   619 KBytes  5.07 Mbits/sec  1.253 ms  665/1193 (56%)  
[  5] 201.00-202.00 sec   708 KBytes  5.79 Mbits/sec  1.144 ms  791/1395 (57%)  
[  5] 202.00-203.00 sec   589 KBytes  4.83 Mbits/sec  1.143 ms  628/1131 (56%)  
[  5] 203.00-204.00 sec   708 KBytes  5.80 Mbits/sec  1.258 ms  744/1348 (55%)  
[  5] 204.00-205.00 sec   589 KBytes  4.83 Mbits/sec  1.151 ms  590/1093 (54%)  
[  5] 205.00-206.00 sec   709 KBytes  5.80 Mbits/sec  1.249 ms  736/1341 (55%)  
[  5] 206.00-207.00 sec   619 KBytes  5.07 Mbits/sec  1.251 ms  645/1173 (55%)  
[  5] 207.00-208.00 sec   718 KBytes  5.88 Mbits/sec  1.182 ms  719/1332 (54%)  
[  5] 208.00-209.00 sec   589 KBytes  4.83 Mbits/sec  1.261 ms  607/1110 (55%)  
[  5] 209.00-210.00 sec   709 KBytes  5.81 Mbits/sec  1.233 ms  719/1324 (54%)  
[  5] 210.00-211.00 sec   619 KBytes  5.07 Mbits/sec  1.179 ms  662/1190 (56%)  
[  5] 211.00-212.00 sec   689 KBytes  5.64 Mbits/sec  1.117 ms  699/1287 (54%)  
[  5] 212.00-213.00 sec   607 KBytes  4.97 Mbits/sec  1.190 ms  668/1186 (56%)  
[  5] 213.00-214.00 sec   709 KBytes  5.81 Mbits/sec  1.182 ms  720/1325 (54%)  
[  5] 214.00-215.00 sec   688 KBytes  5.64 Mbits/sec  1.182 ms  705/1292 (55%)  
[  5] 215.00-216.00 sec   619 KBytes  5.07 Mbits/sec  1.199 ms  669/1197 (56%)  
[  5] 216.00-217.00 sec   710 KBytes  5.82 Mbits/sec  1.248 ms  734/1340 (55%)  
[  5] 217.00-218.00 sec   619 KBytes  5.07 Mbits/sec  1.167 ms  624/1152 (54%)  
[  5] 218.00-219.00 sec   679 KBytes  5.56 Mbits/sec  1.242 ms  705/1284 (55%)  
[  5] 219.00-220.00 sec   629 KBytes  5.16 Mbits/sec  1.186 ms  694/1231 (56%)  
[  5] 220.00-221.00 sec   709 KBytes  5.81 Mbits/sec  1.188 ms  752/1357 (55%)  
[  5] 221.00-222.00 sec   679 KBytes  5.56 Mbits/sec  1.246 ms  688/1267 (54%)  
[  5] 222.00-223.00 sec   599 KBytes  4.91 Mbits/sec  1.249 ms  673/1184 (57%)  
[  5] 223.00-224.00 sec   720 KBytes  5.90 Mbits/sec  1.304 ms  768/1382 (56%)  
[  5] 224.00-225.00 sec   708 KBytes  5.80 Mbits/sec  1.242 ms  764/1368 (56%)  
[  5] 225.00-226.00 sec   589 KBytes  4.83 Mbits/sec  1.220 ms  609/1112 (55%)  
[  5] 226.00-227.00 sec   718 KBytes  5.89 Mbits/sec  1.138 ms  729/1342 (54%)  
[  5] 227.00-228.00 sec   589 KBytes  4.83 Mbits/sec  1.051 ms  604/1107 (55%)  
[  5] 228.00-229.00 sec   710 KBytes  5.82 Mbits/sec  1.227 ms  730/1336 (55%)  
[  5] 229.00-230.00 sec   708 KBytes  5.80 Mbits/sec  1.230 ms  726/1330 (55%)  
[  5] 230.00-231.00 sec   629 KBytes  5.16 Mbits/sec  1.126 ms  667/1204 (55%)  
[  5] 231.00-232.00 sec   669 KBytes  5.48 Mbits/sec  1.250 ms  700/1271 (55%)  
[  5] 232.00-233.00 sec   620 KBytes  5.08 Mbits/sec  1.235 ms  656/1185 (55%)  
[  5] 233.00-234.00 sec   698 KBytes  5.72 Mbits/sec  1.121 ms  715/1311 (55%)  
[  5] 234.00-235.00 sec   688 KBytes  5.64 Mbits/sec  1.206 ms  681/1268 (54%)  
[  5] 235.00-236.00 sec   620 KBytes  5.08 Mbits/sec  1.170 ms  622/1151 (54%)  
[  5] 236.00-237.00 sec   709 KBytes  5.81 Mbits/sec  1.178 ms  763/1368 (56%)  
[  5] 237.00-238.00 sec   588 KBytes  4.82 Mbits/sec  1.197 ms  580/1082 (54%)  
[  5] 238.00-239.00 sec   709 KBytes  5.81 Mbits/sec  1.203 ms  727/1332 (55%)  
[  5] 239.00-240.00 sec   589 KBytes  4.83 Mbits/sec  1.141 ms  615/1118 (55%)  
[  5] 240.00-241.00 sec   709 KBytes  5.81 Mbits/sec  1.232 ms  754/1359 (55%)  
[  5] 241.00-242.00 sec   619 KBytes  5.07 Mbits/sec  1.249 ms  606/1134 (53%)  
[  5] 242.00-243.00 sec   720 KBytes  5.89 Mbits/sec  1.107 ms  722/1336 (54%)  
[  5] 243.00-244.00 sec   589 KBytes  4.83 Mbits/sec  1.294 ms  617/1120 (55%)  
[  5] 244.00-245.00 sec   708 KBytes  5.80 Mbits/sec  1.218 ms  698/1302 (54%)  
[  5] 245.00-246.00 sec   720 KBytes  5.89 Mbits/sec  1.152 ms  746/1360 (55%)  
[  5] 246.00-247.00 sec   679 KBytes  5.56 Mbits/sec  1.257 ms  664/1243 (53%)  
[  5] 247.00-248.00 sec   620 KBytes  5.08 Mbits/sec  1.240 ms  653/1182 (55%)  
[  5] 248.00-249.00 sec   709 KBytes  5.81 Mbits/sec  1.133 ms  710/1315 (54%)  
[  5] 249.00-250.00 sec   588 KBytes  4.82 Mbits/sec  1.212 ms  604/1106 (55%)  
[  5] 250.00-251.00 sec   720 KBytes  5.89 Mbits/sec  1.229 ms  765/1379 (55%)  
[  5] 251.00-252.00 sec   619 KBytes  5.07 Mbits/sec  1.248 ms  651/1179 (55%)  
[  5] 252.00-253.00 sec   709 KBytes  5.81 Mbits/sec  1.111 ms  724/1329 (54%)  
[  5] 253.00-254.00 sec   688 KBytes  5.64 Mbits/sec  1.166 ms  720/1307 (55%)  
[  5] 254.00-255.00 sec   607 KBytes  4.97 Mbits/sec  1.101 ms  641/1159 (55%)  
[  5] 255.00-256.00 sec   709 KBytes  5.81 Mbits/sec  1.180 ms  765/1370 (56%)  
[  5] 256.00-257.00 sec   588 KBytes  4.82 Mbits/sec  1.191 ms  638/1140 (56%)  
[  5] 257.00-258.00 sec   720 KBytes  5.90 Mbits/sec  1.084 ms  741/1355 (55%)  
[  5] 258.00-259.00 sec   589 KBytes  4.83 Mbits/sec  1.129 ms  580/1083 (54%)  
[  5] 259.00-260.00 sec   708 KBytes  5.80 Mbits/sec  1.211 ms  692/1296 (53%)  
[  5] 260.00-261.00 sec   611 KBytes  5.00 Mbits/sec  1.520 ms  615/1136 (54%)  
[  5] 261.00-262.00 sec   720 KBytes  5.90 Mbits/sec  1.106 ms  722/1336 (54%)  
[  5] 262.00-263.00 sec   680 KBytes  5.56 Mbits/sec  1.204 ms  681/1261 (54%)  
[  5] 263.00-264.00 sec   708 KBytes  5.80 Mbits/sec  1.193 ms  733/1337 (55%)  
[  5] 264.00-265.00 sec   619 KBytes  5.07 Mbits/sec  1.245 ms  670/1198 (56%)  
[  5] 265.00-266.00 sec   689 KBytes  5.64 Mbits/sec  1.168 ms  733/1321 (55%)  
[  5] 266.00-267.00 sec   620 KBytes  5.08 Mbits/sec  1.263 ms  645/1174 (55%)  
[  5] 267.00-268.00 sec   709 KBytes  5.81 Mbits/sec  1.281 ms  698/1303 (54%)  
[  5] 268.00-269.00 sec   688 KBytes  5.63 Mbits/sec  1.189 ms  704/1291 (55%)  
[  5] 269.00-270.00 sec   620 KBytes  5.07 Mbits/sec  1.217 ms  624/1153 (54%)  
[  5] 270.00-271.00 sec   709 KBytes  5.82 Mbits/sec  1.238 ms  731/1336 (55%)  
[  5] 271.00-272.00 sec   619 KBytes  5.07 Mbits/sec  1.130 ms  658/1186 (55%)  
[  5] 272.00-273.00 sec   588 KBytes  4.81 Mbits/sec  1.232 ms  614/1116 (55%)  
[  5] 273.00-274.00 sec   720 KBytes  5.90 Mbits/sec  1.151 ms  747/1361 (55%)  
[  5] 274.00-275.00 sec   588 KBytes  4.82 Mbits/sec  1.197 ms  629/1131 (56%)  
[  5] 275.00-276.00 sec   709 KBytes  5.81 Mbits/sec  1.196 ms  720/1325 (54%)  
[  5] 276.00-277.00 sec   709 KBytes  5.81 Mbits/sec  1.229 ms  711/1316 (54%)  
[  5] 277.00-278.00 sec   620 KBytes  5.08 Mbits/sec  1.131 ms  610/1139 (54%)  
[  5] 278.00-279.00 sec   688 KBytes  5.63 Mbits/sec  1.264 ms  666/1253 (53%)  
[  5] 279.00-280.00 sec   709 KBytes  5.81 Mbits/sec  1.290 ms  719/1324 (54%)  
[  5] 280.00-281.00 sec   718 KBytes  5.88 Mbits/sec  1.164 ms  786/1399 (56%)  
[  5] 281.00-282.00 sec   591 KBytes  4.84 Mbits/sec  1.101 ms  602/1106 (54%)  
[  5] 282.00-283.00 sec   709 KBytes  5.81 Mbits/sec  1.260 ms  703/1308 (54%)  
[  5] 283.00-284.00 sec   618 KBytes  5.06 Mbits/sec  1.200 ms  644/1171 (55%)  
[  5] 284.00-285.00 sec   690 KBytes  5.65 Mbits/sec  1.224 ms  709/1298 (55%)  
[  5] 285.00-286.00 sec   619 KBytes  5.07 Mbits/sec  1.141 ms  641/1169 (55%)  
[  5] 286.00-287.00 sec   709 KBytes  5.81 Mbits/sec  1.253 ms  757/1362 (56%)  
[  5] 287.00-288.00 sec   588 KBytes  4.82 Mbits/sec  1.312 ms  640/1142 (56%)  
[  5] 288.00-289.00 sec   720 KBytes  5.89 Mbits/sec  1.100 ms  799/1413 (57%)  
[  5] 289.00-290.00 sec   619 KBytes  5.07 Mbits/sec  1.098 ms  633/1161 (55%)  
[  5] 290.00-291.00 sec   709 KBytes  5.81 Mbits/sec  1.167 ms  704/1309 (54%)  
[  5] 291.00-292.00 sec   589 KBytes  4.82 Mbits/sec  1.312 ms  607/1110 (55%)  
[  5] 292.00-293.00 sec   696 KBytes  5.70 Mbits/sec  1.150 ms  706/1300 (54%)  
[  5] 293.00-294.00 sec   619 KBytes  5.07 Mbits/sec  1.164 ms  603/1131 (53%)  
[  5] 294.00-295.00 sec   688 KBytes  5.64 Mbits/sec  1.171 ms  672/1259 (53%)  
[  5] 295.00-296.00 sec   709 KBytes  5.81 Mbits/sec  1.257 ms  709/1314 (54%)  
[  5] 296.00-297.00 sec   620 KBytes  5.08 Mbits/sec  1.220 ms  666/1195 (56%)  
[  5] 297.00-298.00 sec   688 KBytes  5.63 Mbits/sec  1.229 ms  725/1312 (55%)  
[  5] 298.00-299.00 sec   619 KBytes  5.07 Mbits/sec  1.151 ms  649/1177 (55%)  
[  5] 299.00-300.00 sec   709 KBytes  5.80 Mbits/sec  1.182 ms  736/1341 (55%)  
[  5] 300.00-301.00 sec   709 KBytes  5.81 Mbits/sec  1.195 ms  735/1340 (55%)  
[  5] 301.00-302.00 sec   599 KBytes  4.91 Mbits/sec  1.153 ms  638/1149 (56%)  
[  5] 302.00-303.00 sec   708 KBytes  5.80 Mbits/sec  1.243 ms  717/1321 (54%)  
[  5] 303.00-304.00 sec   615 KBytes  5.04 Mbits/sec  1.578 ms  650/1175 (55%)  
[  5] 304.00-305.00 sec   680 KBytes  5.57 Mbits/sec  1.219 ms  718/1298 (55%)  
[  5] 305.00-306.00 sec   618 KBytes  5.06 Mbits/sec  1.287 ms  647/1174 (55%)  
[  5] 306.00-307.00 sec   720 KBytes  5.89 Mbits/sec  1.182 ms  767/1381 (56%)  
[  5] 307.00-308.00 sec   589 KBytes  4.83 Mbits/sec  1.200 ms  608/1111 (55%)  
[  5] 308.00-309.00 sec   709 KBytes  5.81 Mbits/sec  1.186 ms  730/1335 (55%)  
[  5] 309.00-310.00 sec   618 KBytes  5.05 Mbits/sec  1.293 ms  636/1163 (55%)  
[  5] 310.00-311.00 sec   690 KBytes  5.66 Mbits/sec  1.093 ms  685/1274 (54%)  
[  5] 311.00-312.00 sec   709 KBytes  5.81 Mbits/sec  1.225 ms  703/1308 (54%)  
[  5] 312.00-313.00 sec   619 KBytes  5.07 Mbits/sec  1.125 ms  636/1164 (55%)  
[  5] 313.00-314.00 sec   718 KBytes  5.88 Mbits/sec  1.165 ms  749/1362 (55%)  
[  5] 314.00-315.00 sec   589 KBytes  4.83 Mbits/sec  1.194 ms  594/1097 (54%)  
[  5] 315.00-316.00 sec   709 KBytes  5.81 Mbits/sec  1.248 ms  730/1335 (55%)  
[  5] 316.00-317.00 sec   588 KBytes  4.82 Mbits/sec  1.258 ms  624/1126 (55%)  
[  5] 317.00-318.00 sec   620 KBytes  5.08 Mbits/sec  1.272 ms  667/1196 (56%)  
[  5] 318.00-319.00 sec   499 KBytes  4.09 Mbits/sec  1.177 ms  521/947 (55%)  
[  5] 319.00-320.00 sec   519 KBytes  4.25 Mbits/sec  1.241 ms  529/972 (54%)  
[  5] 320.00-321.00 sec   599 KBytes  4.91 Mbits/sec  1.205 ms  614/1125 (55%)  
[  5] 321.00-322.00 sec   519 KBytes  4.25 Mbits/sec  1.179 ms  555/998 (56%)  
[  5] 322.00-323.00 sec   499 KBytes  4.09 Mbits/sec  1.261 ms  524/950 (55%)  
[  5] 323.00-324.00 sec   588 KBytes  4.82 Mbits/sec  1.260 ms  614/1116 (55%)  
[  5] 324.00-325.00 sec   530 KBytes  4.34 Mbits/sec  1.171 ms  547/999 (55%)  
[  5] 325.00-326.00 sec   490 KBytes  4.01 Mbits/sec  1.200 ms  506/924 (55%)  
[  5] 326.00-327.00 sec   599 KBytes  4.91 Mbits/sec  1.182 ms  638/1149 (56%)  
[  5] 327.00-328.00 sec   619 KBytes  5.07 Mbits/sec  1.122 ms  625/1153 (54%)  
[  5] 328.00-329.00 sec   489 KBytes  4.00 Mbits/sec  1.213 ms  480/897 (54%)  
[  5] 329.00-330.00 sec   518 KBytes  4.24 Mbits/sec  1.913 ms  535/977 (55%)  
[  5] 330.00-331.00 sec   589 KBytes  4.82 Mbits/sec  1.205 ms  583/1086 (54%)  
[  5] 331.00-332.00 sec   607 KBytes  4.98 Mbits/sec  1.600 ms  647/1165 (56%)  
[  5] 332.00-333.00 sec   589 KBytes  4.83 Mbits/sec  1.249 ms  642/1145 (56%)  
[  5] 333.00-334.00 sec   619 KBytes  5.07 Mbits/sec  1.250 ms  759/1287 (59%)  
[  5] 334.00-335.00 sec   589 KBytes  4.83 Mbits/sec  1.322 ms  713/1216 (59%)  
[  5] 335.00-336.00 sec   619 KBytes  5.07 Mbits/sec  1.369 ms  799/1327 (60%)  
[  5] 336.00-337.00 sec   718 KBytes  5.88 Mbits/sec  1.299 ms  1169/1782 (66%)  
[  5] 337.00-338.00 sec   589 KBytes  4.83 Mbits/sec  1.281 ms  880/1383 (64%)  
[  5] 338.00-339.00 sec   619 KBytes  5.07 Mbits/sec  1.423 ms  844/1372 (62%)  
[  5] 339.00-340.00 sec   589 KBytes  4.83 Mbits/sec  1.303 ms  827/1330 (62%)  
[  5] 340.00-341.00 sec   619 KBytes  5.07 Mbits/sec  1.426 ms  949/1477 (64%)  
[  5] 341.00-342.00 sec   589 KBytes  4.83 Mbits/sec  1.324 ms  902/1405 (64%)  
[  5] 342.00-343.00 sec   608 KBytes  4.98 Mbits/sec  1.289 ms  831/1350 (62%)  
[  5] 343.00-344.00 sec   619 KBytes  5.07 Mbits/sec  1.393 ms  832/1360 (61%)  
[  5] 344.00-345.00 sec   589 KBytes  4.82 Mbits/sec  1.329 ms  871/1374 (63%)  
[  5] 345.00-346.00 sec   619 KBytes  5.07 Mbits/sec  1.368 ms  870/1398 (62%)  
[  5] 346.00-347.00 sec   589 KBytes  4.83 Mbits/sec  1.292 ms  840/1343 (63%)  
[  5] 347.00-348.00 sec   619 KBytes  5.07 Mbits/sec  1.317 ms  764/1292 (59%)  
[  5] 348.00-349.00 sec   589 KBytes  4.83 Mbits/sec  1.208 ms  651/1154 (56%)  
[  5] 349.00-350.00 sec   619 KBytes  5.07 Mbits/sec  1.237 ms  702/1230 (57%)  
[  5] 350.00-351.00 sec   599 KBytes  4.91 Mbits/sec  1.253 ms  725/1236 (59%)  
[  5] 351.00-352.00 sec   619 KBytes  5.07 Mbits/sec  1.119 ms  698/1226 (57%)  
[  5] 352.00-353.00 sec   589 KBytes  4.83 Mbits/sec  1.149 ms  646/1149 (56%)  
[  5] 353.00-354.00 sec   510 KBytes  4.18 Mbits/sec  1.557 ms  621/1056 (59%)  
[  5] 354.00-355.00 sec   588 KBytes  4.82 Mbits/sec  1.296 ms  707/1209 (58%)  
[  5] 355.00-356.00 sec   530 KBytes  4.34 Mbits/sec  1.256 ms  664/1116 (59%)  
[  5] 356.00-357.00 sec   589 KBytes  4.83 Mbits/sec  1.333 ms  700/1203 (58%)  
[  5] 357.00-358.00 sec   619 KBytes  5.06 Mbits/sec  1.294 ms  744/1272 (58%)  
[  5] 358.00-359.00 sec   499 KBytes  4.10 Mbits/sec  1.243 ms  561/987 (57%)  
[  5] 359.00-360.00 sec   601 KBytes  4.93 Mbits/sec  1.440 ms  705/1218 (58%)  
[  5] 360.00-361.00 sec   499 KBytes  4.09 Mbits/sec  1.211 ms  578/1004 (58%)  
[  5] 361.00-362.00 sec   589 KBytes  4.83 Mbits/sec  1.168 ms  666/1169 (57%)  
[  5] 362.00-363.00 sec   519 KBytes  4.25 Mbits/sec  1.224 ms  671/1114 (60%)  
[  5] 363.00-364.00 sec   499 KBytes  4.09 Mbits/sec  1.313 ms  568/994 (57%)  
[  5] 364.00-365.00 sec   607 KBytes  4.97 Mbits/sec  1.729 ms  835/1353 (62%)  
[  5] 365.00-366.00 sec   689 KBytes  5.65 Mbits/sec  1.048 ms  891/1479 (60%)  
[  5] 366.00-367.00 sec   620 KBytes  5.08 Mbits/sec  1.318 ms  807/1336 (60%)  
[  5] 367.00-368.00 sec   588 KBytes  4.82 Mbits/sec  1.318 ms  726/1228 (59%)  
[  5] 368.00-369.00 sec   619 KBytes  5.07 Mbits/sec  1.229 ms  710/1238 (57%)  
[  5] 369.00-370.00 sec   589 KBytes  4.83 Mbits/sec  1.303 ms  715/1218 (59%)  
[  5] 370.00-371.00 sec   619 KBytes  5.07 Mbits/sec  1.471 ms  964/1492 (65%)  
[  5] 371.00-372.00 sec   620 KBytes  5.08 Mbits/sec  1.417 ms  817/1346 (61%)  
[  5] 372.00-373.00 sec   588 KBytes  4.82 Mbits/sec  1.248 ms  837/1339 (63%)  
[  5] 373.00-374.00 sec   620 KBytes  5.07 Mbits/sec  1.275 ms  732/1261 (58%)  
[  5] 374.00-375.00 sec   688 KBytes  5.64 Mbits/sec  1.270 ms  886/1473 (60%)  
[  5] 375.00-376.00 sec   519 KBytes  4.25 Mbits/sec  1.480 ms  735/1178 (62%)  
[  5] 376.00-377.00 sec   620 KBytes  5.08 Mbits/sec  1.354 ms  894/1423 (63%)  
[  5] 377.00-378.00 sec   588 KBytes  4.82 Mbits/sec  1.399 ms  864/1366 (63%)  
[  5] 378.00-379.00 sec   620 KBytes  5.08 Mbits/sec  1.491 ms  882/1411 (63%)  
[  5] 379.00-380.00 sec   598 KBytes  4.90 Mbits/sec  1.342 ms  851/1361 (63%)  
[  5] 380.00-381.00 sec   620 KBytes  5.07 Mbits/sec  1.152 ms  735/1264 (58%)  
[  5] 381.00-382.00 sec   588 KBytes  4.83 Mbits/sec  1.217 ms  679/1181 (57%)  
[  5] 382.00-383.00 sec   620 KBytes  5.08 Mbits/sec  1.259 ms  694/1223 (57%)  
[  5] 383.00-384.00 sec   589 KBytes  4.83 Mbits/sec  1.204 ms  688/1191 (58%)  
[  5] 384.00-385.00 sec   618 KBytes  5.06 Mbits/sec  1.415 ms  726/1253 (58%)  
[  5] 385.00-386.00 sec   591 KBytes  4.84 Mbits/sec  1.224 ms  679/1183 (57%)  
[  5] 386.00-387.00 sec   618 KBytes  5.06 Mbits/sec  1.302 ms  699/1226 (57%)  
[  5] 387.00-388.00 sec   589 KBytes  4.83 Mbits/sec  1.357 ms  720/1223 (59%)  
[  5] 388.00-389.00 sec   620 KBytes  5.08 Mbits/sec  1.298 ms  730/1259 (58%)  
[  5] 389.00-390.00 sec   718 KBytes  5.88 Mbits/sec  1.258 ms  881/1494 (59%)  
[  5] 390.00-391.00 sec   579 KBytes  4.75 Mbits/sec  1.269 ms  661/1155 (57%)  
[  5] 391.00-392.00 sec   629 KBytes  5.16 Mbits/sec  1.193 ms  800/1337 (60%)  
[  5] 392.00-393.00 sec   588 KBytes  4.82 Mbits/sec  1.228 ms  737/1239 (59%)  
[  5] 393.00-394.00 sec   620 KBytes  5.08 Mbits/sec  1.176 ms  769/1298 (59%)  
[  5] 394.00-395.00 sec   588 KBytes  4.81 Mbits/sec  1.246 ms  743/1245 (60%)  
[  5] 395.00-396.00 sec   709 KBytes  5.81 Mbits/sec  1.377 ms  855/1460 (59%)  
[  5] 396.00-397.00 sec   620 KBytes  5.07 Mbits/sec  1.306 ms  765/1294 (59%)  
[  5] 397.00-398.00 sec   498 KBytes  4.08 Mbits/sec  1.358 ms  611/1036 (59%)  
[  5] 398.00-399.00 sec   620 KBytes  5.08 Mbits/sec  1.235 ms  729/1258 (58%)  
[  5] 399.00-400.00 sec   499 KBytes  4.09 Mbits/sec  1.252 ms  611/1037 (59%)  
[  5] 400.00-401.00 sec   588 KBytes  4.82 Mbits/sec  1.192 ms  686/1188 (58%)  
[  5] 401.00-402.00 sec   520 KBytes  4.26 Mbits/sec  1.215 ms  622/1066 (58%)  
[  5] 402.00-403.00 sec   598 KBytes  4.90 Mbits/sec  1.233 ms  704/1214 (58%)  
[  5] 403.00-404.00 sec   620 KBytes  5.08 Mbits/sec  1.141 ms  730/1259 (58%)  
[  5] 404.00-405.00 sec   589 KBytes  4.83 Mbits/sec  1.125 ms  709/1212 (58%)  
[  5] 405.00-406.00 sec   519 KBytes  4.25 Mbits/sec  1.197 ms  601/1044 (58%)  
[  5] 406.00-407.00 sec   582 KBytes  4.78 Mbits/sec  1.269 ms  679/1176 (58%)  
[  5] 407.00-408.00 sec   629 KBytes  5.15 Mbits/sec  1.175 ms  757/1294 (59%)  
[  5] 408.00-409.00 sec   579 KBytes  4.74 Mbits/sec  1.283 ms  645/1139 (57%)  
[  5] 409.00-410.00 sec   629 KBytes  5.16 Mbits/sec  1.127 ms  750/1287 (58%)  
[  5] 410.00-411.00 sec   589 KBytes  4.83 Mbits/sec  1.236 ms  673/1176 (57%)  
[  5] 411.00-412.00 sec   619 KBytes  5.07 Mbits/sec  1.104 ms  662/1190 (56%)  
[  5] 412.00-413.00 sec   709 KBytes  5.81 Mbits/sec  1.229 ms  843/1448 (58%)  
[  5] 413.00-414.00 sec   499 KBytes  4.08 Mbits/sec  1.376 ms  684/1110 (62%)  
[  5] 414.00-415.00 sec   577 KBytes  4.73 Mbits/sec  1.434 ms  786/1278 (62%)  
[  5] 415.00-416.00 sec   620 KBytes  5.08 Mbits/sec  1.309 ms  860/1389 (62%)  
