Connecting to host 172.22.0.50, port 5202
Reverse mode, remote host 172.22.0.50 is sending
[  5] local 192.168.102.2 port 39023 connected to 172.22.0.50 port 5202
[ ID] Interval           Transfer     Bitrate         Jitter    Lost/Total Datagrams
[  5]   0.00-1.00   sec   440 KBytes  3.60 Mbits/sec  0.294 ms  0/4508 (0%)  
[  5]   1.00-2.00   sec   440 KBytes  3.60 Mbits/sec  0.303 ms  0/4503 (0%)  
[  5]   2.00-3.00   sec   439 KBytes  3.60 Mbits/sec  0.256 ms  0/4499 (0%)  
[  5]   3.00-4.00   sec   437 KBytes  3.58 Mbits/sec  0.235 ms  0/4472 (0%)  
[  5]   4.00-5.00   sec   443 KBytes  3.62 Mbits/sec  0.289 ms  0/4532 (0%)  
[  5]   5.00-6.00   sec   436 KBytes  3.57 Mbits/sec  0.636 ms  0/4463 (0%)  
[  5]   6.00-7.00   sec   442 KBytes  3.63 Mbits/sec  0.249 ms  0/4530 (0%)  
[  5]   7.00-8.00   sec   439 KBytes  3.59 Mbits/sec  0.482 ms  0/4493 (0%)  
[  5]   8.00-9.00   sec   439 KBytes  3.59 Mbits/sec  0.296 ms  0/4491 (0%)  
[  5]   9.00-10.00  sec   440 KBytes  3.60 Mbits/sec  0.273 ms  0/4503 (0%)  
[  5]  10.00-11.00  sec   439 KBytes  3.60 Mbits/sec  0.293 ms  0/4498 (0%)  
[  5]  11.00-12.00  sec   440 KBytes  3.60 Mbits/sec  0.322 ms  0/4503 (0%)  
[  5]  12.00-13.00  sec   440 KBytes  3.60 Mbits/sec  0.245 ms  0/4502 (0%)  
[  5]  13.00-14.00  sec   437 KBytes  3.58 Mbits/sec  0.243 ms  0/4479 (0%)  
[  5]  14.00-15.00  sec   442 KBytes  3.62 Mbits/sec  0.262 ms  0/4527 (0%)  
[  5]  15.00-16.00  sec   438 KBytes  3.59 Mbits/sec  0.256 ms  0/4490 (0%)  
[  5]  16.00-17.00  sec   435 KBytes  3.57 Mbits/sec  0.395 ms  3/4460 (0.067%)  
[  5]  17.00-18.00  sec   412 KBytes  3.37 Mbits/sec  0.338 ms  0/4214 (0%)  
[  5]  18.00-19.00  sec   348 KBytes  2.85 Mbits/sec  0.412 ms  0/3559 (0%)  
[  5]  19.00-20.00  sec   351 KBytes  2.88 Mbits/sec  0.271 ms  0/3597 (0%)  
[  5]  20.00-21.00  sec   357 KBytes  2.92 Mbits/sec  0.393 ms  0/3656 (0%)  
[  5]  21.00-22.00  sec   349 KBytes  2.86 Mbits/sec  0.348 ms  0/3578 (0%)  
[  5]  22.00-23.00  sec   349 KBytes  2.86 Mbits/sec  0.354 ms  0/3577 (0%)  
[  5]  23.00-24.00  sec   349 KBytes  2.86 Mbits/sec  0.600 ms  0/3571 (0%)  
[  5]  24.00-25.00  sec   357 KBytes  2.92 Mbits/sec  0.361 ms  0/3655 (0%)  
[  5]  25.00-26.00  sec   353 KBytes  2.89 Mbits/sec  0.391 ms  0/3615 (0%)  
[  5]  26.00-27.00  sec   391 KBytes  3.20 Mbits/sec  0.408 ms  0/4004 (0%)  
[  5]  27.00-28.00  sec   411 KBytes  3.37 Mbits/sec  0.295 ms  0/4210 (0%)  
[  5]  28.00-29.00  sec   392 KBytes  3.21 Mbits/sec  0.386 ms  0/4016 (0%)  
[  5]  29.00-30.00  sec   383 KBytes  3.14 Mbits/sec  0.333 ms  0/3924 (0%)  
[  5]  30.00-31.00  sec   366 KBytes  3.00 Mbits/sec  0.487 ms  0/3747 (0%)  
[  5]  31.00-32.00  sec   382 KBytes  3.13 Mbits/sec  0.477 ms  0/3915 (0%)  
[  5]  32.00-33.00  sec   394 KBytes  3.23 Mbits/sec  0.311 ms  0/4037 (0%)  
[  5]  33.00-34.00  sec   405 KBytes  3.32 Mbits/sec  0.330 ms  0/4144 (0%)  
[  5]  34.00-35.00  sec   409 KBytes  3.35 Mbits/sec  0.398 ms  0/4187 (0%)  
[  5]  35.00-36.00  sec   403 KBytes  3.31 Mbits/sec  0.412 ms  0/4131 (0%)  
[  5]  36.00-37.00  sec   421 KBytes  3.45 Mbits/sec  0.286 ms  0/4314 (0%)  
[  5]  37.00-38.00  sec   414 KBytes  3.40 Mbits/sec  0.318 ms  0/4244 (0%)  
[  5]  38.00-39.00  sec   410 KBytes  3.35 Mbits/sec  0.299 ms  0/4198 (0%)  
[  5]  39.00-40.00  sec   402 KBytes  3.30 Mbits/sec  0.286 ms  0/4112 (0%)  
[  5]  40.00-41.00  sec   401 KBytes  3.29 Mbits/sec  0.566 ms  0/4109 (0%)  
[  5]  41.00-42.00  sec   408 KBytes  3.34 Mbits/sec  0.335 ms  0/4179 (0%)  
[  5]  42.00-43.00  sec   414 KBytes  3.39 Mbits/sec  0.391 ms  0/4242 (0%)  
[  5]  43.00-44.00  sec   413 KBytes  3.38 Mbits/sec  0.441 ms  0/4228 (0%)  
[  5]  44.00-45.00  sec   421 KBytes  3.45 Mbits/sec  0.324 ms  0/4309 (0%)  
[  5]  45.00-46.00  sec   412 KBytes  3.37 Mbits/sec  0.339 ms  0/4216 (0%)  
[  5]  46.00-47.00  sec   411 KBytes  3.37 Mbits/sec  0.378 ms  0/4209 (0%)  
[  5]  47.00-48.00  sec   398 KBytes  3.26 Mbits/sec  0.423 ms  0/4071 (0%)  
[  5]  48.00-49.00  sec   404 KBytes  3.31 Mbits/sec  0.366 ms  0/4141 (0%)  
[  5]  49.00-50.00  sec   410 KBytes  3.35 Mbits/sec  0.434 ms  0/4196 (0%)  
[  5]  50.00-51.00  sec   412 KBytes  3.38 Mbits/sec  0.337 ms  0/4218 (0%)  
[  5]  51.00-52.00  sec   411 KBytes  3.37 Mbits/sec  0.426 ms  0/4207 (0%)  
[  5]  52.00-53.00  sec   397 KBytes  3.25 Mbits/sec  0.277 ms  0/4069 (0%)  
[  5]  53.00-54.00  sec   395 KBytes  3.24 Mbits/sec  0.361 ms  0/4047 (0%)  
[  5]  54.00-55.00  sec   397 KBytes  3.25 Mbits/sec  0.315 ms  0/4063 (0%)  
[  5]  55.00-56.00  sec   396 KBytes  3.25 Mbits/sec  0.298 ms  0/4059 (0%)  
[  5]  56.00-57.00  sec   408 KBytes  3.34 Mbits/sec  0.331 ms  0/4173 (0%)  
[  5]  57.00-58.00  sec   383 KBytes  3.14 Mbits/sec  0.429 ms  0/3926 (0%)  
[  5]  58.00-59.00  sec   394 KBytes  3.23 Mbits/sec  0.352 ms  0/4034 (0%)  
[  5]  59.00-60.00  sec   385 KBytes  3.15 Mbits/sec  0.391 ms  0/3943 (0%)  
[  5]  60.00-61.00  sec   390 KBytes  3.19 Mbits/sec  0.427 ms  0/3991 (0%)  
[  5]  61.00-62.00  sec   384 KBytes  3.14 Mbits/sec  0.278 ms  0/3930 (0%)  
[  5]  62.00-63.00  sec   380 KBytes  3.11 Mbits/sec  0.294 ms  0/3889 (0%)  
[  5]  63.00-64.00  sec   375 KBytes  3.07 Mbits/sec  0.338 ms  0/3838 (0%)  
[  5]  64.00-65.00  sec   374 KBytes  3.06 Mbits/sec  0.358 ms  0/3827 (0%)  
[  5]  65.00-66.00  sec   389 KBytes  3.19 Mbits/sec  0.361 ms  0/3985 (0%)  
[  5]  66.00-67.00  sec   373 KBytes  3.05 Mbits/sec  0.403 ms  0/3816 (0%)  
[  5]  67.00-68.00  sec   378 KBytes  3.10 Mbits/sec  0.376 ms  0/3875 (0%)  
[  5]  68.00-69.00  sec   375 KBytes  3.07 Mbits/sec  0.493 ms  0/3838 (0%)  
[  5]  69.00-70.00  sec   389 KBytes  3.18 Mbits/sec  0.335 ms  0/3980 (0%)  
[  5]  70.00-71.00  sec   395 KBytes  3.23 Mbits/sec  0.397 ms  0/4040 (0%)  
[  5]  71.00-72.00  sec   403 KBytes  3.30 Mbits/sec  0.349 ms  0/4127 (0%)  
[  5]  72.00-73.00  sec   407 KBytes  3.33 Mbits/sec  0.332 ms  0/4168 (0%)  
[  5]  73.00-74.00  sec   415 KBytes  3.40 Mbits/sec  0.296 ms  0/4252 (0%)  
[  5]  74.00-75.00  sec   405 KBytes  3.32 Mbits/sec  0.335 ms  0/4150 (0%)  
[  5]  75.00-76.00  sec   401 KBytes  3.29 Mbits/sec  0.364 ms  0/4108 (0%)  
[  5]  76.00-77.00  sec   406 KBytes  3.33 Mbits/sec  0.350 ms  0/4156 (0%)  
[  5]  77.00-78.00  sec   398 KBytes  3.26 Mbits/sec  0.354 ms  0/4076 (0%)  
[  5]  78.00-79.00  sec   388 KBytes  3.18 Mbits/sec  0.339 ms  0/3974 (0%)  
[  5]  79.00-80.00  sec   373 KBytes  3.05 Mbits/sec  0.324 ms  0/3815 (0%)  
[  5]  80.00-81.00  sec   375 KBytes  3.07 Mbits/sec  0.401 ms  0/3845 (0%)  
[  5]  81.00-82.00  sec   374 KBytes  3.06 Mbits/sec  0.355 ms  0/3826 (0%)  
[  5]  82.00-83.00  sec   405 KBytes  3.32 Mbits/sec  0.418 ms  0/4146 (0%)  
[  5]  83.00-84.00  sec   407 KBytes  3.33 Mbits/sec  0.354 ms  0/4166 (0%)  
[  5]  84.00-85.00  sec   383 KBytes  3.14 Mbits/sec  0.360 ms  0/3924 (0%)  
[  5]  85.00-86.00  sec   382 KBytes  3.13 Mbits/sec  0.469 ms  0/3908 (0%)  
[  5]  86.00-87.00  sec   395 KBytes  3.24 Mbits/sec  0.271 ms  0/4046 (0%)  
[  5]  87.00-88.00  sec   384 KBytes  3.15 Mbits/sec  0.404 ms  0/3935 (0%)  
[  5]  88.00-89.00  sec   398 KBytes  3.25 Mbits/sec  0.390 ms  0/4071 (0%)  
[  5]  89.00-90.00  sec   397 KBytes  3.26 Mbits/sec  0.365 ms  0/4070 (0%)  
[  5]  90.00-91.00  sec   409 KBytes  3.36 Mbits/sec  0.450 ms  0/4193 (0%)  
[  5]  91.00-92.00  sec   399 KBytes  3.27 Mbits/sec  0.305 ms  0/4090 (0%)  
[  5]  92.00-93.00  sec   411 KBytes  3.36 Mbits/sec  0.338 ms  0/4205 (0%)  
[  5]  93.00-94.00  sec   410 KBytes  3.36 Mbits/sec  0.339 ms  0/4198 (0%)  
[  5]  94.00-95.00  sec   412 KBytes  3.38 Mbits/sec  0.351 ms  0/4224 (0%)  
[  5]  95.00-96.00  sec   400 KBytes  3.28 Mbits/sec  0.282 ms  0/4094 (0%)  
[  5]  96.00-97.00  sec   396 KBytes  3.25 Mbits/sec  0.342 ms  0/4059 (0%)  
[  5]  97.00-98.00  sec   404 KBytes  3.31 Mbits/sec  0.452 ms  0/4132 (0%)  
[  5]  98.00-99.00  sec   408 KBytes  3.34 Mbits/sec  0.357 ms  0/4180 (0%)  
[  5]  99.00-100.00 sec   417 KBytes  3.41 Mbits/sec  0.321 ms  0/4266 (0%)  
[  5] 100.00-101.00 sec   417 KBytes  3.42 Mbits/sec  0.360 ms  0/4272 (0%)  
[  5] 101.00-102.00 sec   404 KBytes  3.31 Mbits/sec  0.468 ms  0/4137 (0%)  
[  5] 102.00-103.00 sec   403 KBytes  3.30 Mbits/sec  0.416 ms  0/4126 (0%)  
[  5] 103.00-104.00 sec   401 KBytes  3.28 Mbits/sec  0.548 ms  0/4102 (0%)  
[  5] 104.00-105.00 sec   393 KBytes  3.22 Mbits/sec  0.398 ms  0/4026 (0%)  
[  5] 105.00-106.00 sec   387 KBytes  3.17 Mbits/sec  0.494 ms  0/3961 (0%)  
[  5] 106.00-107.00 sec   409 KBytes  3.35 Mbits/sec  0.339 ms  0/4187 (0%)  
[  5] 107.00-108.00 sec   411 KBytes  3.37 Mbits/sec  0.320 ms  0/4204 (0%)  
[  5] 108.00-109.00 sec   417 KBytes  3.42 Mbits/sec  0.354 ms  0/4272 (0%)  
[  5] 109.00-110.00 sec   414 KBytes  3.39 Mbits/sec  0.308 ms  0/4235 (0%)  
[  5] 110.00-111.00 sec   412 KBytes  3.37 Mbits/sec  0.315 ms  0/4218 (0%)  
[  5] 111.00-112.00 sec   411 KBytes  3.36 Mbits/sec  0.400 ms  0/4205 (0%)  
[  5] 112.00-113.00 sec   399 KBytes  3.26 Mbits/sec  0.358 ms  0/4082 (0%)  
[  5] 113.00-114.00 sec   408 KBytes  3.34 Mbits/sec  0.309 ms  0/4175 (0%)  
[  5] 114.00-115.00 sec   402 KBytes  3.29 Mbits/sec  0.301 ms  0/4119 (0%)  
[  5] 115.00-116.00 sec   405 KBytes  3.32 Mbits/sec  0.311 ms  0/4150 (0%)  
[  5] 116.00-117.00 sec   398 KBytes  3.26 Mbits/sec  0.356 ms  0/4077 (0%)  
[  5] 117.00-118.00 sec   402 KBytes  3.29 Mbits/sec  0.366 ms  0/4119 (0%)  
[  5] 118.00-119.00 sec   402 KBytes  3.29 Mbits/sec  0.294 ms  0/4113 (0%)  
[  5] 119.00-120.00 sec   400 KBytes  3.27 Mbits/sec  0.399 ms  0/4091 (0%)  
[  5] 120.00-121.00 sec   393 KBytes  3.22 Mbits/sec  0.320 ms  0/4020 (0%)  
[  5] 121.00-122.00 sec   398 KBytes  3.26 Mbits/sec  0.289 ms  0/4076 (0%)  
[  5] 122.00-123.00 sec   405 KBytes  3.32 Mbits/sec  0.335 ms  0/4151 (0%)  
[  5] 123.00-124.00 sec   408 KBytes  3.35 Mbits/sec  0.299 ms  0/4181 (0%)  
[  5] 124.00-125.00 sec   412 KBytes  3.38 Mbits/sec  0.288 ms  0/4223 (0%)  
[  5] 125.00-126.00 sec   416 KBytes  3.41 Mbits/sec  0.266 ms  0/4259 (0%)  
[  5] 126.00-127.00 sec   409 KBytes  3.35 Mbits/sec  0.315 ms  0/4193 (0%)  
[  5] 127.00-128.00 sec   404 KBytes  3.31 Mbits/sec  0.270 ms  0/4138 (0%)  
[  5] 128.00-129.00 sec   396 KBytes  3.25 Mbits/sec  0.348 ms  0/4059 (0%)  
[  5] 129.00-130.00 sec   396 KBytes  3.24 Mbits/sec  0.296 ms  0/4052 (0%)  
[  5] 130.00-131.00 sec   404 KBytes  3.32 Mbits/sec  0.336 ms  0/4142 (0%)  
[  5] 131.00-132.00 sec   413 KBytes  3.38 Mbits/sec  0.327 ms  0/4229 (0%)  
[  5] 132.00-133.00 sec   414 KBytes  3.39 Mbits/sec  0.417 ms  0/4237 (0%)  
[  5] 133.00-134.00 sec   411 KBytes  3.36 Mbits/sec  0.313 ms  0/4205 (0%)  
[  5] 134.00-135.00 sec   411 KBytes  3.36 Mbits/sec  0.337 ms  0/4204 (0%)  
[  5] 135.00-136.00 sec   408 KBytes  3.34 Mbits/sec  0.332 ms  0/4174 (0%)  
[  5] 136.00-137.00 sec   398 KBytes  3.26 Mbits/sec  0.369 ms  0/4071 (0%)  
[  5] 137.00-138.00 sec   385 KBytes  3.15 Mbits/sec  0.315 ms  0/3942 (0%)  
[  5] 138.00-139.00 sec   396 KBytes  3.24 Mbits/sec  0.429 ms  0/4054 (0%)  
[  5] 139.00-140.00 sec   409 KBytes  3.35 Mbits/sec  0.310 ms  0/4190 (0%)  
[  5] 140.00-141.00 sec   412 KBytes  3.38 Mbits/sec  0.324 ms  0/4224 (0%)  
[  5] 141.00-142.00 sec   405 KBytes  3.32 Mbits/sec  0.311 ms  0/4150 (0%)  
[  5] 142.00-143.00 sec   413 KBytes  3.37 Mbits/sec  0.421 ms  0/4230 (0%)  
[  5] 143.00-144.00 sec   409 KBytes  3.36 Mbits/sec  0.305 ms  0/4192 (0%)  
[  5] 144.00-145.00 sec   412 KBytes  3.37 Mbits/sec  0.400 ms  0/4219 (0%)  
[  5] 145.00-146.00 sec   399 KBytes  3.27 Mbits/sec  0.376 ms  0/4088 (0%)  
[  5] 146.00-147.00 sec   406 KBytes  3.32 Mbits/sec  0.248 ms  0/4155 (0%)  
[  5] 147.00-148.00 sec   399 KBytes  3.27 Mbits/sec  0.364 ms  0/4088 (0%)  
[  5] 148.00-149.00 sec   409 KBytes  3.35 Mbits/sec  0.495 ms  0/4188 (0%)  
[  5] 149.00-150.00 sec   412 KBytes  3.37 Mbits/sec  0.392 ms  0/4216 (0%)  
[  5] 150.00-151.00 sec   401 KBytes  3.29 Mbits/sec  0.296 ms  0/4107 (0%)  
[  5] 151.00-152.00 sec   380 KBytes  3.11 Mbits/sec  0.275 ms  0/3889 (0%)  
[  5] 152.00-153.00 sec   386 KBytes  3.16 Mbits/sec  0.283 ms  0/3948 (0%)  
[  5] 153.00-154.00 sec   389 KBytes  3.19 Mbits/sec  0.349 ms  0/3986 (0%)  
[  5] 154.00-155.00 sec   395 KBytes  3.24 Mbits/sec  0.321 ms  0/4046 (0%)  
[  5] 155.00-156.00 sec   414 KBytes  3.39 Mbits/sec  0.370 ms  0/4237 (0%)  
[  5] 156.00-157.00 sec   409 KBytes  3.35 Mbits/sec  0.339 ms  0/4185 (0%)  
[  5] 157.00-158.00 sec   400 KBytes  3.28 Mbits/sec  0.309 ms  0/4099 (0%)  
[  5] 158.00-159.00 sec   412 KBytes  3.37 Mbits/sec  0.322 ms  0/4218 (0%)  
[  5] 159.00-160.00 sec   412 KBytes  3.37 Mbits/sec  0.396 ms  0/4218 (0%)  
[  5] 160.00-161.00 sec   411 KBytes  3.37 Mbits/sec  0.341 ms  0/4211 (0%)  
[  5] 161.00-162.00 sec   405 KBytes  3.32 Mbits/sec  0.439 ms  0/4144 (0%)  
[  5] 162.00-163.00 sec   392 KBytes  3.21 Mbits/sec  0.408 ms  0/4014 (0%)  
[  5] 163.00-164.00 sec   399 KBytes  3.27 Mbits/sec  0.307 ms  0/4085 (0%)  
[  5] 164.00-165.00 sec   404 KBytes  3.32 Mbits/sec  0.350 ms  0/4142 (0%)  
[  5] 165.00-166.00 sec   401 KBytes  3.28 Mbits/sec  0.349 ms  0/4107 (0%)  
[  5] 166.00-167.00 sec   400 KBytes  3.28 Mbits/sec  0.331 ms  0/4097 (0%)  
[  5] 167.00-168.00 sec   397 KBytes  3.25 Mbits/sec  0.306 ms  0/4064 (0%)  
[  5] 168.00-169.00 sec   408 KBytes  3.34 Mbits/sec  0.342 ms  0/4179 (0%)  
[  5] 169.00-170.00 sec   395 KBytes  3.23 Mbits/sec  0.381 ms  0/4046 (0%)  
[  5] 170.00-171.00 sec   402 KBytes  3.29 Mbits/sec  0.333 ms  0/4115 (0%)  
[  5] 171.00-172.00 sec   402 KBytes  3.29 Mbits/sec  0.465 ms  0/4119 (0%)  
[  5] 172.00-173.00 sec   401 KBytes  3.29 Mbits/sec  0.340 ms  0/4106 (0%)  
[  5] 173.00-174.00 sec   401 KBytes  3.28 Mbits/sec  0.453 ms  0/4102 (0%)  
[  5] 174.00-175.00 sec   402 KBytes  3.30 Mbits/sec  0.329 ms  0/4113 (0%)  
[  5] 175.00-176.00 sec   409 KBytes  3.35 Mbits/sec  0.375 ms  0/4189 (0%)  
[  5] 176.00-177.00 sec   404 KBytes  3.31 Mbits/sec  0.338 ms  0/4137 (0%)  
[  5] 177.00-178.00 sec   384 KBytes  3.14 Mbits/sec  0.347 ms  0/3929 (0%)  
[  5] 178.00-179.00 sec   399 KBytes  3.27 Mbits/sec  0.376 ms  0/4090 (0%)  
[  5] 179.00-180.00 sec   409 KBytes  3.34 Mbits/sec  0.352 ms  0/4185 (0%)  
[  5] 180.00-181.00 sec   410 KBytes  3.36 Mbits/sec  0.316 ms  0/4198 (0%)  
[  5] 181.00-182.00 sec   405 KBytes  3.32 Mbits/sec  0.332 ms  0/4151 (0%)  
[  5] 182.00-183.00 sec   393 KBytes  3.22 Mbits/sec  0.341 ms  0/4022 (0%)  
[  5] 183.00-184.00 sec   382 KBytes  3.13 Mbits/sec  0.355 ms  0/3912 (0%)  
[  5] 184.00-185.00 sec   379 KBytes  3.11 Mbits/sec  0.350 ms  0/3883 (0%)  
[  5] 185.00-186.00 sec   377 KBytes  3.08 Mbits/sec  0.327 ms  0/3856 (0%)  
[  5] 186.00-187.00 sec   383 KBytes  3.14 Mbits/sec  0.570 ms  0/3926 (0%)  
[  5] 187.00-188.00 sec   393 KBytes  3.22 Mbits/sec  0.313 ms  0/4020 (0%)  
[  5] 188.00-189.00 sec   399 KBytes  3.27 Mbits/sec  0.329 ms  0/4084 (0%)  
[  5] 189.00-190.00 sec   387 KBytes  3.17 Mbits/sec  0.376 ms  0/3966 (0%)  
[  5] 190.00-191.00 sec   396 KBytes  3.25 Mbits/sec  0.276 ms  0/4054 (0%)  
[  5] 191.00-192.00 sec   401 KBytes  3.29 Mbits/sec  0.306 ms  0/4107 (0%)  
[  5] 192.00-193.00 sec   403 KBytes  3.31 Mbits/sec  0.304 ms  0/4131 (0%)  
[  5] 193.00-194.00 sec   395 KBytes  3.23 Mbits/sec  0.333 ms  0/4040 (0%)  
[  5] 194.00-195.00 sec   402 KBytes  3.30 Mbits/sec  0.391 ms  0/4119 (0%)  
[  5] 195.00-196.00 sec   404 KBytes  3.31 Mbits/sec  0.401 ms  0/4141 (0%)  
[  5] 196.00-197.00 sec   408 KBytes  3.34 Mbits/sec  0.355 ms  0/4173 (0%)  
[  5] 197.00-198.00 sec   393 KBytes  3.22 Mbits/sec  0.316 ms  0/4026 (0%)  
[  5] 198.00-199.00 sec   398 KBytes  3.26 Mbits/sec  0.330 ms  0/4071 (0%)  
[  5] 199.00-200.00 sec   398 KBytes  3.26 Mbits/sec  0.394 ms  0/4078 (0%)  
[  5] 200.00-201.00 sec   403 KBytes  3.30 Mbits/sec  0.340 ms  0/4125 (0%)  
[  5] 201.00-202.00 sec   404 KBytes  3.31 Mbits/sec  0.402 ms  0/4142 (0%)  
[  5] 202.00-203.00 sec   397 KBytes  3.25 Mbits/sec  0.284 ms  0/4065 (0%)  
[  5] 203.00-204.00 sec   389 KBytes  3.19 Mbits/sec  0.356 ms  0/3980 (0%)  
[  5] 204.00-205.00 sec   407 KBytes  3.33 Mbits/sec  0.318 ms  0/4167 (0%)  
[  5] 205.00-206.00 sec   398 KBytes  3.26 Mbits/sec  0.363 ms  0/4077 (0%)  
[  5] 206.00-207.00 sec   393 KBytes  3.22 Mbits/sec  0.277 ms  0/4023 (0%)  
[  5] 207.00-208.00 sec   390 KBytes  3.19 Mbits/sec  0.297 ms  0/3991 (0%)  
[  5] 208.00-209.00 sec   400 KBytes  3.28 Mbits/sec  0.338 ms  0/4096 (0%)  
[  5] 209.00-210.00 sec   401 KBytes  3.29 Mbits/sec  0.316 ms  0/4108 (0%)  
[  5] 210.00-211.00 sec   394 KBytes  3.23 Mbits/sec  0.311 ms  0/4033 (0%)  
[  5] 211.00-212.00 sec   390 KBytes  3.19 Mbits/sec  0.399 ms  0/3992 (0%)  
[  5] 212.00-213.00 sec   395 KBytes  3.24 Mbits/sec  0.360 ms  0/4045 (0%)  
[  5] 213.00-214.00 sec   400 KBytes  3.27 Mbits/sec  0.412 ms  0/4091 (0%)  
[  5] 214.00-215.00 sec   342 KBytes  2.80 Mbits/sec  0.220 ms  20/3521 (0.57%)  
[  5] 215.00-216.00 sec   361 KBytes  2.96 Mbits/sec  0.215 ms  292/3991 (7.3%)  
[  5] 216.00-217.00 sec   382 KBytes  3.13 Mbits/sec  1.058 ms  912/4822 (19%)  
[  5] 217.00-218.00 sec   353 KBytes  2.89 Mbits/sec  0.227 ms  615/4230 (15%)  
[  5] 218.00-219.00 sec   373 KBytes  3.05 Mbits/sec  0.208 ms  975/4794 (20%)  
[  5] 219.00-220.00 sec   398 KBytes  3.26 Mbits/sec  0.275 ms  584/4661 (13%)  
[  5] 220.00-221.00 sec   368 KBytes  3.01 Mbits/sec  0.214 ms  530/4299 (12%)  
[  5] 221.00-222.00 sec   369 KBytes  3.02 Mbits/sec  1.976 ms  909/4688 (19%)  
[  5] 222.00-223.00 sec   363 KBytes  2.97 Mbits/sec  0.214 ms  696/4414 (16%)  
[  5] 223.00-224.00 sec   395 KBytes  3.24 Mbits/sec  0.248 ms  495/4541 (11%)  
[  5] 224.00-225.00 sec   400 KBytes  3.28 Mbits/sec  0.253 ms  666/4767 (14%)  
[  5] 225.00-226.00 sec   362 KBytes  2.97 Mbits/sec  0.265 ms  589/4297 (14%)  
[  5] 226.00-227.00 sec   434 KBytes  3.55 Mbits/sec  0.220 ms  558/5001 (11%)  
[  5] 227.00-228.00 sec   320 KBytes  2.62 Mbits/sec  0.217 ms  634/3911 (16%)  
[  5] 228.00-229.00 sec   445 KBytes  3.65 Mbits/sec  0.260 ms  511/5071 (10%)  
[  5] 229.00-230.00 sec   359 KBytes  2.94 Mbits/sec  0.219 ms  965/4643 (21%)  
[  5] 230.00-231.00 sec   365 KBytes  2.99 Mbits/sec  0.211 ms  596/4333 (14%)  
[  5] 231.00-232.00 sec   401 KBytes  3.29 Mbits/sec  0.217 ms  678/4789 (14%)  
[  5] 232.00-233.00 sec   331 KBytes  2.71 Mbits/sec  0.230 ms  675/4065 (17%)  
[  5] 233.00-234.00 sec   424 KBytes  3.47 Mbits/sec  0.326 ms  484/4822 (10%)  
[  5] 234.00-235.00 sec   348 KBytes  2.85 Mbits/sec  0.584 ms  1103/4670 (24%)  
[  5] 235.00-236.00 sec   338 KBytes  2.77 Mbits/sec  0.248 ms  755/4216 (18%)  
[  5] 236.00-237.00 sec   392 KBytes  3.21 Mbits/sec  0.218 ms  804/4817 (17%)  
[  5] 237.00-238.00 sec   391 KBytes  3.20 Mbits/sec  0.477 ms  795/4796 (17%)  
[  5] 238.00-239.00 sec   363 KBytes  2.97 Mbits/sec  0.203 ms  465/4183 (11%)  
[  5] 239.00-240.00 sec   387 KBytes  3.17 Mbits/sec  0.215 ms  527/4492 (12%)  
[  5] 240.00-241.00 sec   378 KBytes  3.10 Mbits/sec  0.218 ms  294/4166 (7.1%)  
[  5] 241.00-242.00 sec   457 KBytes  3.74 Mbits/sec  0.204 ms  386/5062 (7.6%)  
[  5] 242.00-243.00 sec   255 KBytes  2.09 Mbits/sec  0.227 ms  1210/3823 (32%)  
[  5] 243.00-244.00 sec   349 KBytes  2.86 Mbits/sec  0.218 ms  657/4229 (16%)  
[  5] 244.00-245.00 sec   378 KBytes  3.10 Mbits/sec  0.331 ms  749/4622 (16%)  
[  5] 245.00-246.00 sec   394 KBytes  3.23 Mbits/sec  0.232 ms  836/4874 (17%)  
[  5] 246.00-247.00 sec   323 KBytes  2.64 Mbits/sec  0.266 ms  826/4129 (20%)  
[  5] 247.00-248.00 sec   404 KBytes  3.31 Mbits/sec  0.179 ms  561/4695 (12%)  
[  5] 248.00-249.00 sec   400 KBytes  3.27 Mbits/sec  0.210 ms  704/4799 (15%)  
[  5] 249.00-250.00 sec   443 KBytes  3.63 Mbits/sec  0.225 ms  465/4999 (9.3%)  
[  5] 250.00-251.00 sec   337 KBytes  2.77 Mbits/sec  0.199 ms  276/3731 (7.4%)  
[  5] 251.00-252.00 sec   423 KBytes  3.47 Mbits/sec  0.220 ms  506/4840 (10%)  
[  5] 252.00-253.00 sec   354 KBytes  2.90 Mbits/sec  0.215 ms  341/3970 (8.6%)  
[  5] 253.00-254.00 sec   422 KBytes  3.46 Mbits/sec  0.216 ms  478/4799 (10%)  
[  5] 254.00-255.00 sec   308 KBytes  2.52 Mbits/sec  0.217 ms  847/3999 (21%)  
[  5] 255.00-256.00 sec   402 KBytes  3.29 Mbits/sec  0.201 ms  707/4823 (15%)  
[  5] 256.00-257.00 sec   385 KBytes  3.15 Mbits/sec  0.219 ms  842/4782 (18%)  
[  5] 257.00-258.00 sec   367 KBytes  3.00 Mbits/sec  0.247 ms  486/4242 (11%)  
[  5] 258.00-259.00 sec   395 KBytes  3.23 Mbits/sec  0.170 ms  746/4786 (16%)  
[  5] 259.00-260.00 sec   349 KBytes  2.86 Mbits/sec  0.217 ms  623/4192 (15%)  
[  5] 260.00-261.00 sec   396 KBytes  3.25 Mbits/sec  0.203 ms  842/4898 (17%)  
[  5] 261.00-262.00 sec   316 KBytes  2.59 Mbits/sec  0.373 ms  718/3954 (18%)  
[  5] 262.00-263.00 sec   435 KBytes  3.57 Mbits/sec  0.273 ms  730/5185 (14%)  
[  5] 263.00-264.00 sec   307 KBytes  2.51 Mbits/sec  0.217 ms  384/3523 (11%)  
[  5] 264.00-265.00 sec   429 KBytes  3.51 Mbits/sec  0.220 ms  789/5177 (15%)  
[  5] 265.00-266.00 sec   408 KBytes  3.34 Mbits/sec  0.215 ms  468/4648 (10%)  
[  5] 266.00-267.00 sec   361 KBytes  2.96 Mbits/sec  0.249 ms  271/3970 (6.8%)  
[  5] 267.00-268.00 sec   426 KBytes  3.49 Mbits/sec  0.386 ms  520/4878 (11%)  
[  5] 268.00-269.00 sec   341 KBytes  2.79 Mbits/sec  0.255 ms  350/3842 (9.1%)  
[  5] 269.00-270.00 sec   406 KBytes  3.33 Mbits/sec  0.216 ms  638/4798 (13%)  
[  5] 270.00-271.00 sec   425 KBytes  3.49 Mbits/sec  0.193 ms  556/4913 (11%)  
[  5] 271.00-272.00 sec   354 KBytes  2.89 Mbits/sec  0.219 ms  612/4232 (14%)  
[  5] 272.00-273.00 sec   443 KBytes  3.63 Mbits/sec  0.257 ms  453/4993 (9.1%)  
[  5] 273.00-274.00 sec   330 KBytes  2.70 Mbits/sec  0.223 ms  503/3878 (13%)  
[  5] 274.00-275.00 sec   405 KBytes  3.32 Mbits/sec  0.216 ms  494/4639 (11%)  
[  5] 275.00-276.00 sec   364 KBytes  2.98 Mbits/sec  0.218 ms  415/4139 (10%)  
[  5] 276.00-277.00 sec   293 KBytes  2.40 Mbits/sec  0.197 ms  1050/4052 (26%)  
[  5] 277.00-278.00 sec   412 KBytes  3.38 Mbits/sec  0.199 ms  699/4921 (14%)  
[  5] 278.00-279.00 sec   349 KBytes  2.86 Mbits/sec  0.219 ms  1259/4830 (26%)  
[  5] 279.00-280.00 sec   331 KBytes  2.71 Mbits/sec  0.220 ms  730/4120 (18%)  
[  5] 280.00-281.00 sec   433 KBytes  3.55 Mbits/sec  0.227 ms  466/4902 (9.5%)  
[  5] 281.00-282.00 sec   406 KBytes  3.32 Mbits/sec  0.208 ms  583/4739 (12%)  
[  5] 282.00-283.00 sec   404 KBytes  3.31 Mbits/sec  0.226 ms  701/4834 (15%)  
[  5] 283.00-284.00 sec   335 KBytes  2.74 Mbits/sec  0.219 ms  784/4210 (19%)  
[  5] 284.00-285.00 sec   386 KBytes  3.17 Mbits/sec  0.218 ms  512/4468 (11%)  
[  5] 285.00-286.00 sec   351 KBytes  2.88 Mbits/sec  0.212 ms  393/3991 (9.8%)  
[  5] 286.00-287.00 sec   370 KBytes  3.04 Mbits/sec  0.228 ms  1039/4831 (22%)  
[  5] 287.00-288.00 sec   370 KBytes  3.03 Mbits/sec  0.242 ms  491/4275 (11%)  
[  5] 288.00-289.00 sec   387 KBytes  3.17 Mbits/sec  0.205 ms  570/4532 (13%)  
[  5] 289.00-290.00 sec   306 KBytes  2.51 Mbits/sec  0.216 ms  994/4128 (24%)  
[  5] 290.00-291.00 sec   440 KBytes  3.61 Mbits/sec  0.212 ms  500/5006 (10%)  
[  5] 291.00-292.00 sec   313 KBytes  2.57 Mbits/sec  0.216 ms  712/3918 (18%)  
[  5] 292.00-293.00 sec   381 KBytes  3.12 Mbits/sec  0.216 ms  962/4862 (20%)  
[  5] 293.00-294.00 sec   350 KBytes  2.86 Mbits/sec  0.217 ms  756/4339 (17%)  
[  5] 294.00-295.00 sec   403 KBytes  3.30 Mbits/sec  0.214 ms  777/4904 (16%)  
[  5] 295.00-296.00 sec   331 KBytes  2.71 Mbits/sec  0.214 ms  715/4105 (17%)  
[  5] 296.00-297.00 sec   458 KBytes  3.75 Mbits/sec  0.212 ms  427/5119 (8.3%)  
[  5] 297.00-298.00 sec   392 KBytes  3.22 Mbits/sec  0.217 ms  502/4521 (11%)  
[  5] 298.00-299.00 sec   365 KBytes  2.99 Mbits/sec  0.186 ms  411/4151 (9.9%)  
[  5] 299.00-300.00 sec   391 KBytes  3.21 Mbits/sec  0.261 ms  288/4295 (6.7%)  
[  5] 300.00-301.00 sec   417 KBytes  3.41 Mbits/sec  0.210 ms  616/4882 (13%)  
[  5] 301.00-302.00 sec   346 KBytes  2.84 Mbits/sec  0.216 ms  438/3985 (11%)  
[  5] 302.00-303.00 sec   375 KBytes  3.07 Mbits/sec  0.223 ms  952/4788 (20%)  
[  5] 303.00-304.00 sec   370 KBytes  3.03 Mbits/sec  0.218 ms  431/4215 (10%)  
[  5] 304.00-305.00 sec   396 KBytes  3.24 Mbits/sec  0.254 ms  746/4798 (16%)  
[  5] 305.00-306.00 sec   346 KBytes  2.84 Mbits/sec  0.268 ms  579/4125 (14%)  
[  5] 306.00-307.00 sec   424 KBytes  3.47 Mbits/sec  0.222 ms  541/4880 (11%)  
[  5] 307.00-308.00 sec   361 KBytes  2.96 Mbits/sec  0.266 ms  420/4119 (10%)  
[  5] 308.00-309.00 sec   434 KBytes  3.55 Mbits/sec  0.271 ms  465/4907 (9.5%)  
[  5] 309.00-310.00 sec   363 KBytes  2.97 Mbits/sec  0.216 ms  570/4288 (13%)  
[  5] 310.00-311.00 sec   410 KBytes  3.36 Mbits/sec  0.211 ms  522/4720 (11%)  
[  5] 311.00-312.00 sec   341 KBytes  2.79 Mbits/sec  0.209 ms  561/4053 (14%)  
[  5] 312.00-313.00 sec   378 KBytes  3.10 Mbits/sec  0.102 ms  998/4866 (21%)  
[  5] 313.00-314.00 sec   374 KBytes  3.06 Mbits/sec  0.210 ms  1062/4888 (22%)  
[  5] 314.00-315.00 sec   352 KBytes  2.88 Mbits/sec  0.206 ms  446/4047 (11%)  
[  5] 315.00-316.00 sec   403 KBytes  3.30 Mbits/sec  0.212 ms  727/4857 (15%)  
[  5] 316.00-317.00 sec   332 KBytes  2.72 Mbits/sec  0.202 ms  633/4034 (16%)  
[  5] 317.00-318.00 sec   386 KBytes  3.16 Mbits/sec  0.211 ms  667/4622 (14%)  
[  5] 318.00-319.00 sec   374 KBytes  3.06 Mbits/sec  0.252 ms  312/4139 (7.5%)  
[  5] 319.00-320.00 sec   331 KBytes  2.71 Mbits/sec  0.200 ms  705/4096 (17%)  
[  5] 320.00-321.00 sec   281 KBytes  2.30 Mbits/sec  0.208 ms  454/3328 (14%)  
[  5] 321.00-322.00 sec   253 KBytes  2.07 Mbits/sec  0.237 ms  875/3469 (25%)  
[  5] 322.00-323.00 sec   353 KBytes  2.89 Mbits/sec  0.217 ms  514/4126 (12%)  
[  5] 323.00-324.00 sec   291 KBytes  2.38 Mbits/sec  0.215 ms  457/3437 (13%)  
[  5] 324.00-325.00 sec   308 KBytes  2.53 Mbits/sec  0.220 ms  464/3623 (13%)  
[  5] 325.00-326.00 sec   336 KBytes  2.75 Mbits/sec  0.198 ms  792/4229 (19%)  
[  5] 326.00-327.00 sec   289 KBytes  2.37 Mbits/sec  0.212 ms  264/3225 (8.2%)  
[  5] 327.00-328.00 sec   257 KBytes  2.11 Mbits/sec  0.233 ms  876/3511 (25%)  
[  5] 328.00-329.00 sec   304 KBytes  2.49 Mbits/sec  0.281 ms  973/4085 (24%)  
[  5] 329.00-330.00 sec   334 KBytes  2.73 Mbits/sec  0.214 ms  459/3876 (12%)  
[  5] 330.00-331.00 sec   299 KBytes  2.45 Mbits/sec  0.203 ms  738/3800 (19%)  
[  5] 331.00-332.00 sec   267 KBytes  2.19 Mbits/sec  0.215 ms  332/3065 (11%)  
[  5] 332.00-333.00 sec   342 KBytes  2.80 Mbits/sec  0.247 ms  1073/4575 (23%)  
[  5] 333.00-334.00 sec   269 KBytes  2.20 Mbits/sec  0.211 ms  676/3432 (20%)  
[  5] 334.00-335.00 sec   397 KBytes  3.25 Mbits/sec  0.242 ms  621/4689 (13%)  
[  5] 335.00-336.00 sec   353 KBytes  2.89 Mbits/sec  0.214 ms  654/4264 (15%)  
[  5] 336.00-337.00 sec   340 KBytes  2.79 Mbits/sec  0.230 ms  345/3830 (9%)  
[  5] 337.00-338.00 sec   331 KBytes  2.71 Mbits/sec  0.211 ms  708/4093 (17%)  
[  5] 338.00-339.00 sec   332 KBytes  2.72 Mbits/sec  0.279 ms  772/4175 (18%)  
[  5] 339.00-340.00 sec   363 KBytes  2.98 Mbits/sec  0.208 ms  937/4657 (20%)  
[  5] 340.00-341.00 sec   399 KBytes  3.26 Mbits/sec  0.216 ms  899/4980 (18%)  
[  5] 341.00-342.00 sec   313 KBytes  2.56 Mbits/sec  0.231 ms  900/4104 (22%)  
[  5] 342.00-343.00 sec   318 KBytes  2.61 Mbits/sec  4.819 ms  1160/4418 (26%)  
[  5] 343.00-344.00 sec   433 KBytes  3.54 Mbits/sec  0.219 ms  1855/6285 (30%)  
[  5] 344.00-345.00 sec   336 KBytes  2.75 Mbits/sec  0.199 ms  1445/4886 (30%)  
[  5] 345.00-346.00 sec   312 KBytes  2.55 Mbits/sec  0.236 ms  1784/4977 (36%)  
[  5] 346.00-347.00 sec   373 KBytes  3.06 Mbits/sec  0.193 ms  1172/4993 (23%)  
[  5] 347.00-348.00 sec   354 KBytes  2.90 Mbits/sec  0.208 ms  1819/5444 (33%)  
[  5] 348.00-349.00 sec   321 KBytes  2.63 Mbits/sec  0.227 ms  1553/4839 (32%)  
[  5] 349.00-350.00 sec   335 KBytes  2.75 Mbits/sec  0.219 ms  982/4416 (22%)  
[  5] 350.00-351.00 sec   353 KBytes  2.89 Mbits/sec  0.210 ms  1681/5295 (32%)  
[  5] 351.00-352.00 sec   328 KBytes  2.69 Mbits/sec  0.221 ms  1590/4953 (32%)  
[  5] 352.00-353.00 sec   262 KBytes  2.15 Mbits/sec  0.229 ms  1599/4284 (37%)  
[  5] 353.00-354.00 sec   419 KBytes  3.43 Mbits/sec  0.220 ms  1316/5605 (23%)  
[  5] 354.00-355.00 sec   349 KBytes  2.86 Mbits/sec  0.215 ms  839/4417 (19%)  
[  5] 355.00-356.00 sec   301 KBytes  2.47 Mbits/sec  0.217 ms  411/3495 (12%)  
[  5] 356.00-357.00 sec   340 KBytes  2.78 Mbits/sec  0.334 ms  590/4067 (15%)  
[  5] 357.00-358.00 sec   347 KBytes  2.84 Mbits/sec  0.219 ms  672/4226 (16%)  
[  5] 358.00-359.00 sec   373 KBytes  3.06 Mbits/sec  0.219 ms  602/4420 (14%)  
[  5] 359.00-360.00 sec   347 KBytes  2.84 Mbits/sec  0.213 ms  507/4064 (12%)  
[  5] 360.00-361.00 sec   302 KBytes  2.47 Mbits/sec  0.198 ms  639/3729 (17%)  
[  5] 361.00-362.00 sec   335 KBytes  2.74 Mbits/sec  0.228 ms  1091/4521 (24%)  
[  5] 362.00-363.00 sec   302 KBytes  2.47 Mbits/sec  0.223 ms  710/3799 (19%)  
[  5] 363.00-364.00 sec   301 KBytes  2.47 Mbits/sec  0.219 ms  576/3660 (16%)  
[  5] 364.00-365.00 sec   371 KBytes  3.04 Mbits/sec  0.211 ms  784/4584 (17%)  
[  5] 365.00-366.00 sec   301 KBytes  2.47 Mbits/sec  0.209 ms  541/3624 (15%)  
[  5] 366.00-367.00 sec   361 KBytes  2.96 Mbits/sec  0.225 ms  507/4206 (12%)  
[  5] 367.00-368.00 sec   360 KBytes  2.95 Mbits/sec  0.220 ms  753/4441 (17%)  
[  5] 368.00-369.00 sec   387 KBytes  3.17 Mbits/sec  0.202 ms  1197/5158 (23%)  
[  5] 369.00-370.00 sec   323 KBytes  2.65 Mbits/sec  0.197 ms  1124/4436 (25%)  
[  5] 370.00-371.00 sec   297 KBytes  2.43 Mbits/sec  0.191 ms  1661/4704 (35%)  
[  5] 371.00-372.00 sec   329 KBytes  2.70 Mbits/sec  0.201 ms  1307/4677 (28%)  
[  5] 372.00-373.00 sec   347 KBytes  2.84 Mbits/sec  0.217 ms  974/4527 (22%)  
[  5] 373.00-374.00 sec   366 KBytes  3.00 Mbits/sec  0.220 ms  1052/4797 (22%)  
[  5] 374.00-375.00 sec   323 KBytes  2.65 Mbits/sec  0.215 ms  1119/4431 (25%)  
[  5] 375.00-376.00 sec   362 KBytes  2.96 Mbits/sec  0.201 ms  651/4356 (15%)  
[  5] 376.00-377.00 sec   347 KBytes  2.85 Mbits/sec  1.042 ms  1586/5144 (31%)  
[  5] 377.00-378.00 sec   306 KBytes  2.51 Mbits/sec  0.205 ms  1620/4755 (34%)  
[  5] 378.00-379.00 sec   341 KBytes  2.79 Mbits/sec  0.192 ms  1329/4816 (28%)  
[  5] 379.00-380.00 sec   347 KBytes  2.85 Mbits/sec  0.217 ms  1284/4841 (27%)  
[  5] 380.00-381.00 sec   353 KBytes  2.89 Mbits/sec  0.209 ms  802/4414 (18%)  
[  5] 381.00-382.00 sec   352 KBytes  2.88 Mbits/sec  0.554 ms  1224/4829 (25%)  
[  5] 382.00-383.00 sec   346 KBytes  2.83 Mbits/sec  0.200 ms  1467/5011 (29%)  
[  5] 383.00-384.00 sec   354 KBytes  2.90 Mbits/sec  0.198 ms  1338/4966 (27%)  
[  5] 384.00-385.00 sec   325 KBytes  2.66 Mbits/sec  3.140 ms  1758/5088 (35%)  
[  5] 385.00-386.00 sec   358 KBytes  2.93 Mbits/sec  0.207 ms  1262/4930 (26%)  
[  5] 386.00-387.00 sec   313 KBytes  2.56 Mbits/sec  0.214 ms  1507/4708 (32%)  
[  5] 387.00-388.00 sec   332 KBytes  2.72 Mbits/sec  0.241 ms  1178/4580 (26%)  
[  5] 388.00-389.00 sec   362 KBytes  2.96 Mbits/sec  0.215 ms  649/4354 (15%)  
[  5] 389.00-390.00 sec   361 KBytes  2.96 Mbits/sec  0.255 ms  548/4247 (13%)  
[  5] 390.00-391.00 sec   352 KBytes  2.89 Mbits/sec  0.214 ms  866/4470 (19%)  
[  5] 391.00-392.00 sec   312 KBytes  2.56 Mbits/sec  0.197 ms  1142/4337 (26%)  
[  5] 392.00-393.00 sec   377 KBytes  3.08 Mbits/sec  0.211 ms  829/4685 (18%)  
[  5] 393.00-394.00 sec   339 KBytes  2.78 Mbits/sec  0.199 ms  1366/4837 (28%)  
[  5] 394.00-395.00 sec   340 KBytes  2.79 Mbits/sec  0.230 ms  1180/4663 (25%)  
[  5] 395.00-396.00 sec   361 KBytes  2.96 Mbits/sec  0.218 ms  700/4399 (16%)  
[  5] 396.00-397.00 sec   362 KBytes  2.96 Mbits/sec  0.218 ms  701/4406 (16%)  
[  5] 397.00-398.00 sec   423 KBytes  3.47 Mbits/sec  0.212 ms  923/5255 (18%)  
[  5] 398.00-399.00 sec   295 KBytes  2.42 Mbits/sec  0.276 ms  888/3912 (23%)  
[  5] 399.00-400.00 sec   363 KBytes  2.97 Mbits/sec  0.219 ms  892/4613 (19%)  
[  5] 400.00-401.00 sec   308 KBytes  2.52 Mbits/sec  0.236 ms  1452/4602 (32%)  
[  5] 401.00-402.00 sec   293 KBytes  2.40 Mbits/sec  0.216 ms  722/3723 (19%)  
[  5] 402.00-403.00 sec   289 KBytes  2.37 Mbits/sec  0.214 ms  771/3731 (21%)  
[  5] 403.00-404.00 sec   373 KBytes  3.06 Mbits/sec  0.199 ms  794/4615 (17%)  
[  5] 404.00-405.00 sec   334 KBytes  2.74 Mbits/sec  0.217 ms  1075/4494 (24%)  
[  5] 405.00-406.00 sec   369 KBytes  3.02 Mbits/sec  0.200 ms  761/4543 (17%)  
[  5] 406.00-407.00 sec   286 KBytes  2.34 Mbits/sec  0.259 ms  796/3723 (21%)  
[  5] 407.00-408.00 sec   335 KBytes  2.74 Mbits/sec  0.195 ms  1062/4493 (24%)  
[  5] 408.00-409.00 sec   361 KBytes  2.96 Mbits/sec  0.219 ms  708/4407 (16%)  
[  5] 409.00-410.00 sec   362 KBytes  2.96 Mbits/sec  0.217 ms  661/4366 (15%)  
[  5] 410.00-411.00 sec   315 KBytes  2.58 Mbits/sec  0.212 ms  1297/4523 (29%)  
[  5] 411.00-412.00 sec   337 KBytes  2.76 Mbits/sec  0.359 ms  1007/4459 (23%)  
[  5] 412.00-413.00 sec   367 KBytes  3.01 Mbits/sec  0.210 ms  722/4482 (16%)  
[  5] 413.00-414.00 sec   349 KBytes  2.86 Mbits/sec  0.214 ms  686/4263 (16%)  
[  5] 414.00-415.00 sec   362 KBytes  2.96 Mbits/sec  0.263 ms  725/4430 (16%)  
[  5] 415.00-416.00 sec   344 KBytes  2.82 Mbits/sec  0.214 ms  773/4298 (18%)  
[  5] 416.00-417.00 sec   374 KBytes  3.06 Mbits/sec  0.226 ms  637/4464 (14%)  
[  5] 417.00-418.00 sec   313 KBytes  2.57 Mbits/sec  0.278 ms  1124/4334 (26%)  
