[m46mr3_qoe_seed258] talking to gNB E2 agent (listen=6600, gNB=6655)...

Omega log: /home/kmanojp/oranslice_rig/experiments/results/m45_pf21/pf21a/qoe/seed258/omega_log.jsonl
{
  "run_id": "m46mr3_qoe_seed258",
  "algorithm": "dqn",
  "mode": "live_testbed",
  "seed": 954,
  "n_episodes": 1,
  "mean_reward_per_step": -0.13225670796367858,
  "mean_blocks_per_episode": 118.0,
  "mean_urllc_blocks_per_episode": 47.0,
  "blocks_per_episode": [
    118
  ],
  "blocks_per_episode_by_slice": [
    {
      "mmtc": 40,
      "urllc": 47,
      "embb": 31
    }
  ],
  "mean_rho": null,
  "omega_path": "/home/kmanojp/oranslice_rig/experiments/results/m45_pf21/pf21a/qoe/seed258/omega_log.jsonl",
  "checkpoint_path": "",
  "drift_flag": true,
  "drift_reason": "mean URLLC block rate 47.00/episode exceeds 2x the 1.0/episode acceptance bar",
  "sla_compliance_by_slice": {
    "embb": 0.016666666666666666,
    "urllc": 0.016666666666666666,
    "mmtc": 1.0
  },
  "sla_compliance_all_slices": 0.016666666666666666,
  "sla_compliance_by_slice_per_episode": [
    {
      "embb": 0.016666666666666666,
      "urllc": 0.016666666666666666,
      "mmtc": 1.0
    }
  ],
  "sla_margin_by_slice": {
    "embb": -9592.886949999998,
    "urllc": -8646.556566666666,
    "mmtc": 0.996199998879052
  },
  "sla_margin_by_slice_per_episode": [
    {
      "embb": -9592.886949999998,
      "urllc": -8646.556566666666,
      "mmtc": 0.996199998879052
    }
  ],
  "mean_mos_by_slice": {
    "embb": 1.4240371366341908,
    "urllc": 1.032743259270986,
    "mmtc": 4.940939108530681
  },
  "mean_cost": 0.035333333333333335,
  "mean_sla_viol": 0.9833333333333333
}
