[m46mr3_sla_seed260] talking to gNB E2 agent (listen=6600, gNB=6655)...

Omega log: /home/kmanojp/oranslice_rig/experiments/results/m45_pf21/pf21a/sla/seed260/omega_log.jsonl
{
  "run_id": "m46mr3_sla_seed260",
  "algorithm": "dqn",
  "mode": "live_testbed",
  "seed": 959,
  "n_episodes": 1,
  "mean_reward_per_step": -7.5393333333333326,
  "mean_blocks_per_episode": 2.0,
  "mean_urllc_blocks_per_episode": 2.0,
  "blocks_per_episode": [
    2
  ],
  "blocks_per_episode_by_slice": [
    {
      "urllc": 2
    }
  ],
  "mean_rho": null,
  "omega_path": "/home/kmanojp/oranslice_rig/experiments/results/m45_pf21/pf21a/sla/seed260/omega_log.jsonl",
  "checkpoint_path": "",
  "drift_flag": false,
  "drift_reason": "",
  "sla_compliance_by_slice": {
    "embb": 0.0,
    "urllc": 0.0,
    "mmtc": 1.0
  },
  "sla_compliance_all_slices": 0.0,
  "sla_compliance_by_slice_per_episode": [
    {
      "embb": 0.0,
      "urllc": 0.0,
      "mmtc": 1.0
    }
  ],
  "sla_margin_by_slice": {
    "embb": -9569.75485,
    "urllc": -7750.65705,
    "mmtc": 0.9961999991446893
  },
  "sla_margin_by_slice_per_episode": [
    {
      "embb": -9569.75485,
      "urllc": -7750.65705,
      "mmtc": 0.9961999991446893
    }
  ],
  "mean_mos_by_slice": {
    "embb": 1.4319246550401052,
    "urllc": 1.0045683105786642,
    "mmtc": 4.940939084688822
  },
  "mean_cost": 0.4440000000000001,
  "mean_sla_viol": 1.0
}
