[m46mr3_sla_seed258] talking to gNB E2 agent (listen=6600, gNB=6655)...

Omega log: /home/kmanojp/oranslice_rig/experiments/results/m45_pf21/pf21a/sla/seed258/omega_log.jsonl
{
  "run_id": "m46mr3_sla_seed258",
  "algorithm": "dqn",
  "mode": "live_testbed",
  "seed": 957,
  "n_episodes": 1,
  "mean_reward_per_step": -7.271999999999999,
  "mean_blocks_per_episode": 0.0,
  "mean_urllc_blocks_per_episode": 0.0,
  "blocks_per_episode": [
    0
  ],
  "blocks_per_episode_by_slice": [
    {}
  ],
  "mean_rho": null,
  "omega_path": "/home/kmanojp/oranslice_rig/experiments/results/m45_pf21/pf21a/sla/seed258/omega_log.jsonl",
  "checkpoint_path": "",
  "drift_flag": false,
  "drift_reason": "",
  "sla_compliance_by_slice": {
    "embb": 0.0,
    "urllc": 0.016666666666666666,
    "mmtc": 1.0
  },
  "sla_compliance_all_slices": 0.0,
  "sla_compliance_by_slice_per_episode": [
    {
      "embb": 0.0,
      "urllc": 0.016666666666666666,
      "mmtc": 1.0
    }
  ],
  "sla_margin_by_slice": {
    "embb": -9589.6414,
    "urllc": -7105.183550000021,
    "mmtc": 0.9961999989291389
  },
  "sla_margin_by_slice_per_episode": [
    {
      "embb": -9589.6414,
      "urllc": -7105.183550000021,
      "mmtc": 0.9961999989291389
    }
  ],
  "mean_mos_by_slice": {
    "embb": 1.4325466235478719,
    "urllc": 1.0663232247034709,
    "mmtc": 4.940939084688822
  },
  "mean_cost": 0.48466666666666675,
  "mean_sla_viol": 0.9969055555555556
}
