Connecting to host 172.22.0.50, port 5202
Reverse mode, remote host 172.22.0.50 is sending
[  5] local 192.168.102.2 port 39653 connected to 172.22.0.50 port 5202
[ ID] Interval           Transfer     Bitrate         Jitter    Lost/Total Datagrams
[  5]   0.00-1.00   sec   440 KBytes  3.60 Mbits/sec  0.316 ms  0/4503 (0%)  
[  5]   1.00-2.00   sec   440 KBytes  3.60 Mbits/sec  0.291 ms  0/4502 (0%)  
[  5]   2.00-3.00   sec   439 KBytes  3.59 Mbits/sec  0.288 ms  0/4492 (0%)  
[  5]   3.00-4.00   sec   438 KBytes  3.59 Mbits/sec  0.401 ms  0/4490 (0%)  
[  5]   4.00-5.00   sec   440 KBytes  3.61 Mbits/sec  0.290 ms  0/4507 (0%)  
[  5]   5.00-6.00   sec   438 KBytes  3.59 Mbits/sec  0.252 ms  0/4485 (0%)  
[  5]   6.00-7.00   sec   441 KBytes  3.62 Mbits/sec  0.286 ms  0/4519 (0%)  
[  5]   7.00-8.00   sec   439 KBytes  3.60 Mbits/sec  0.301 ms  0/4500 (0%)  
[  5]   8.00-9.00   sec   437 KBytes  3.58 Mbits/sec  0.274 ms  0/4478 (0%)  
[  5]   9.00-10.00  sec   441 KBytes  3.62 Mbits/sec  0.182 ms  0/4520 (0%)  
[  5]  10.00-11.00  sec   440 KBytes  3.60 Mbits/sec  0.295 ms  0/4501 (0%)  
[  5]  11.00-12.00  sec   439 KBytes  3.60 Mbits/sec  0.320 ms  0/4496 (0%)  
[  5]  12.00-13.00  sec   440 KBytes  3.60 Mbits/sec  0.274 ms  0/4504 (0%)  
[  5]  13.00-14.00  sec   438 KBytes  3.59 Mbits/sec  0.400 ms  0/4488 (0%)  
[  5]  14.00-15.00  sec   440 KBytes  3.60 Mbits/sec  0.304 ms  0/4501 (0%)  
[  5]  15.00-16.00  sec   441 KBytes  3.61 Mbits/sec  0.325 ms  0/4511 (0%)  
[  5]  16.00-17.00  sec   438 KBytes  3.58 Mbits/sec  0.494 ms  0/4480 (0%)  
[  5]  17.00-18.00  sec   415 KBytes  3.40 Mbits/sec  0.470 ms  0/4253 (0%)  
[  5]  18.00-19.00  sec   363 KBytes  2.97 Mbits/sec  0.360 ms  0/3713 (0%)  
[  5]  19.00-20.00  sec   367 KBytes  3.01 Mbits/sec  0.332 ms  0/3762 (0%)  
[  5]  20.00-21.00  sec   367 KBytes  3.01 Mbits/sec  0.348 ms  0/3759 (0%)  
[  5]  21.00-22.00  sec   367 KBytes  3.01 Mbits/sec  0.337 ms  0/3758 (0%)  
[  5]  22.00-23.00  sec   362 KBytes  2.97 Mbits/sec  0.389 ms  0/3708 (0%)  
[  5]  23.00-24.00  sec   360 KBytes  2.95 Mbits/sec  0.323 ms  0/3686 (0%)  
[  5]  24.00-25.00  sec   369 KBytes  3.02 Mbits/sec  0.377 ms  0/3778 (0%)  
[  5]  25.00-26.00  sec   371 KBytes  3.04 Mbits/sec  0.262 ms  0/3798 (0%)  
[  5]  26.00-27.00  sec   369 KBytes  3.02 Mbits/sec  0.380 ms  0/3779 (0%)  
[  5]  27.00-28.00  sec   362 KBytes  2.97 Mbits/sec  0.367 ms  0/3708 (0%)  
[  5]  28.00-29.00  sec   353 KBytes  2.89 Mbits/sec  0.335 ms  0/3615 (0%)  
[  5]  29.00-30.00  sec   347 KBytes  2.84 Mbits/sec  0.355 ms  0/3549 (0%)  
[  5]  30.00-31.00  sec   349 KBytes  2.86 Mbits/sec  0.331 ms  0/3571 (0%)  
[  5]  31.00-32.00  sec   347 KBytes  2.84 Mbits/sec  0.369 ms  0/3552 (0%)  
[  5]  32.00-33.00  sec   353 KBytes  2.89 Mbits/sec  0.294 ms  0/3616 (0%)  
[  5]  33.00-34.00  sec   359 KBytes  2.94 Mbits/sec  0.285 ms  0/3677 (0%)  
[  5]  34.00-35.00  sec   350 KBytes  2.86 Mbits/sec  0.353 ms  0/3579 (0%)  
[  5]  35.00-36.00  sec   358 KBytes  2.93 Mbits/sec  0.401 ms  0/3663 (0%)  
[  5]  36.00-37.00  sec   359 KBytes  2.94 Mbits/sec  0.442 ms  0/3673 (0%)  
[  5]  37.00-38.00  sec   358 KBytes  2.93 Mbits/sec  0.360 ms  0/3666 (0%)  
[  5]  38.00-39.00  sec   351 KBytes  2.87 Mbits/sec  0.381 ms  0/3594 (0%)  
[  5]  39.00-40.00  sec   358 KBytes  2.93 Mbits/sec  0.342 ms  0/3670 (0%)  
[  5]  40.00-41.00  sec   362 KBytes  2.97 Mbits/sec  0.381 ms  0/3710 (0%)  
[  5]  41.00-42.00  sec   362 KBytes  2.97 Mbits/sec  0.268 ms  0/3707 (0%)  
[  5]  42.00-43.00  sec   372 KBytes  3.05 Mbits/sec  0.416 ms  0/3810 (0%)  
[  5]  43.00-44.00  sec   362 KBytes  2.97 Mbits/sec  0.354 ms  0/3708 (0%)  
[  5]  44.00-45.00  sec   366 KBytes  3.00 Mbits/sec  0.356 ms  0/3744 (0%)  
[  5]  45.00-46.00  sec   368 KBytes  3.02 Mbits/sec  0.347 ms  0/3772 (0%)  
[  5]  46.00-47.00  sec   363 KBytes  2.97 Mbits/sec  0.367 ms  0/3719 (0%)  
[  5]  47.00-48.00  sec   362 KBytes  2.97 Mbits/sec  0.382 ms  0/3708 (0%)  
[  5]  48.00-49.00  sec   362 KBytes  2.97 Mbits/sec  0.379 ms  0/3708 (0%)  
[  5]  49.00-50.00  sec   357 KBytes  2.92 Mbits/sec  0.356 ms  0/3652 (0%)  
[  5]  50.00-51.00  sec   362 KBytes  2.97 Mbits/sec  0.368 ms  0/3709 (0%)  
[  5]  51.00-52.00  sec   370 KBytes  3.03 Mbits/sec  0.367 ms  0/3791 (0%)  
[  5]  52.00-53.00  sec   368 KBytes  3.02 Mbits/sec  0.327 ms  0/3772 (0%)  
[  5]  53.00-54.00  sec   373 KBytes  3.05 Mbits/sec  0.325 ms  0/3817 (0%)  
[  5]  54.00-55.00  sec   362 KBytes  2.97 Mbits/sec  0.294 ms  0/3709 (0%)  
[  5]  55.00-56.00  sec   365 KBytes  2.99 Mbits/sec  0.289 ms  0/3736 (0%)  
[  5]  56.00-57.00  sec   366 KBytes  3.00 Mbits/sec  0.443 ms  0/3745 (0%)  
[  5]  57.00-58.00  sec   362 KBytes  2.97 Mbits/sec  0.400 ms  0/3709 (0%)  
[  5]  58.00-59.00  sec   361 KBytes  2.96 Mbits/sec  0.378 ms  0/3694 (0%)  
[  5]  59.00-60.00  sec   351 KBytes  2.88 Mbits/sec  0.307 ms  0/3594 (0%)  
[  5]  60.00-61.00  sec   348 KBytes  2.85 Mbits/sec  0.388 ms  0/3566 (0%)  
[  5]  61.00-62.00  sec   355 KBytes  2.91 Mbits/sec  0.440 ms  0/3631 (0%)  
[  5]  62.00-63.00  sec   351 KBytes  2.87 Mbits/sec  0.396 ms  0/3592 (0%)  
[  5]  63.00-64.00  sec   352 KBytes  2.89 Mbits/sec  0.353 ms  0/3605 (0%)  
[  5]  64.00-65.00  sec   353 KBytes  2.89 Mbits/sec  0.357 ms  0/3617 (0%)  
[  5]  65.00-66.00  sec   362 KBytes  2.97 Mbits/sec  0.341 ms  0/3708 (0%)  
[  5]  66.00-67.00  sec   363 KBytes  2.97 Mbits/sec  0.356 ms  0/3717 (0%)  
[  5]  67.00-68.00  sec   353 KBytes  2.90 Mbits/sec  0.412 ms  0/3617 (0%)  
[  5]  68.00-69.00  sec   358 KBytes  2.93 Mbits/sec  0.336 ms  0/3662 (0%)  
[  5]  69.00-70.00  sec   358 KBytes  2.93 Mbits/sec  0.354 ms  0/3666 (0%)  
[  5]  70.00-71.00  sec   355 KBytes  2.91 Mbits/sec  0.330 ms  0/3635 (0%)  
[  5]  71.00-72.00  sec   366 KBytes  3.00 Mbits/sec  0.306 ms  0/3746 (0%)  
[  5]  72.00-73.00  sec   349 KBytes  2.86 Mbits/sec  0.346 ms  0/3571 (0%)  
[  5]  73.00-74.00  sec   359 KBytes  2.94 Mbits/sec  0.362 ms  0/3681 (0%)  
[  5]  74.00-75.00  sec   365 KBytes  2.99 Mbits/sec  0.305 ms  0/3735 (0%)  
[  5]  75.00-76.00  sec   369 KBytes  3.02 Mbits/sec  0.408 ms  0/3777 (0%)  
[  5]  76.00-77.00  sec   371 KBytes  3.04 Mbits/sec  0.296 ms  0/3800 (0%)  
[  5]  77.00-78.00  sec   370 KBytes  3.03 Mbits/sec  0.344 ms  0/3789 (0%)  
[  5]  78.00-79.00  sec   366 KBytes  3.00 Mbits/sec  0.474 ms  0/3746 (0%)  
[  5]  79.00-80.00  sec   354 KBytes  2.90 Mbits/sec  0.311 ms  0/3627 (0%)  
[  5]  80.00-81.00  sec   359 KBytes  2.94 Mbits/sec  0.414 ms  0/3672 (0%)  
[  5]  81.00-82.00  sec   369 KBytes  3.02 Mbits/sec  0.419 ms  0/3777 (0%)  
[  5]  82.00-83.00  sec   360 KBytes  2.95 Mbits/sec  0.317 ms  0/3689 (0%)  
[  5]  83.00-84.00  sec   362 KBytes  2.97 Mbits/sec  0.363 ms  0/3709 (0%)  
[  5]  84.00-85.00  sec   364 KBytes  2.99 Mbits/sec  0.300 ms  0/3731 (0%)  
[  5]  85.00-86.00  sec   371 KBytes  3.04 Mbits/sec  0.334 ms  0/3800 (0%)  
[  5]  86.00-87.00  sec   364 KBytes  2.98 Mbits/sec  0.579 ms  0/3726 (0%)  
[  5]  87.00-88.00  sec   353 KBytes  2.89 Mbits/sec  0.411 ms  0/3613 (0%)  
[  5]  88.00-89.00  sec   346 KBytes  2.83 Mbits/sec  0.471 ms  0/3542 (0%)  
[  5]  89.00-90.00  sec   344 KBytes  2.82 Mbits/sec  0.433 ms  0/3526 (0%)  
[  5]  90.00-91.00  sec   291 KBytes  2.38 Mbits/sec  0.319 ms  0/2975 (0%)  
[  5]  91.00-92.00  sec   358 KBytes  2.94 Mbits/sec  0.360 ms  0/3671 (0%)  
[  5]  92.00-93.00  sec   357 KBytes  2.92 Mbits/sec  0.298 ms  0/3654 (0%)  
[  5]  93.00-94.00  sec   354 KBytes  2.90 Mbits/sec  0.277 ms  0/3621 (0%)  
[  5]  94.00-95.00  sec   365 KBytes  2.99 Mbits/sec  0.372 ms  0/3739 (0%)  
[  5]  95.00-96.00  sec   359 KBytes  2.94 Mbits/sec  0.301 ms  0/3677 (0%)  
[  5]  96.00-97.00  sec   363 KBytes  2.97 Mbits/sec  0.446 ms  0/3715 (0%)  
[  5]  97.00-98.00  sec   362 KBytes  2.97 Mbits/sec  0.383 ms  0/3708 (0%)  
[  5]  98.00-99.00  sec   367 KBytes  3.01 Mbits/sec  0.458 ms  0/3757 (0%)  
[  5]  99.00-100.00 sec   369 KBytes  3.03 Mbits/sec  0.421 ms  0/3782 (0%)  
[  5] 100.00-101.00 sec   372 KBytes  3.05 Mbits/sec  0.357 ms  0/3812 (0%)  
[  5] 101.00-102.00 sec   367 KBytes  3.00 Mbits/sec  0.411 ms  0/3756 (0%)  
[  5] 102.00-103.00 sec   354 KBytes  2.90 Mbits/sec  0.378 ms  0/3625 (0%)  
[  5] 103.00-104.00 sec   357 KBytes  2.93 Mbits/sec  0.375 ms  0/3658 (0%)  
[  5] 104.00-105.00 sec   355 KBytes  2.91 Mbits/sec  0.303 ms  0/3634 (0%)  
[  5] 105.00-106.00 sec   361 KBytes  2.96 Mbits/sec  0.264 ms  0/3699 (0%)  
[  5] 106.00-107.00 sec   360 KBytes  2.95 Mbits/sec  0.398 ms  738/4424 (17%)  
[  5] 107.00-108.00 sec   366 KBytes  3.00 Mbits/sec  0.303 ms  0/3749 (0%)  
[  5] 108.00-109.00 sec   368 KBytes  3.01 Mbits/sec  0.380 ms  0/3767 (0%)  
[  5] 109.00-110.00 sec   367 KBytes  3.01 Mbits/sec  0.352 ms  0/3761 (0%)  
[  5] 110.00-111.00 sec   370 KBytes  3.03 Mbits/sec  0.357 ms  0/3789 (0%)  
[  5] 111.00-112.00 sec   365 KBytes  2.99 Mbits/sec  0.358 ms  0/3735 (0%)  
[  5] 112.00-113.00 sec   362 KBytes  2.97 Mbits/sec  0.355 ms  0/3708 (0%)  
[  5] 113.00-114.00 sec   358 KBytes  2.93 Mbits/sec  0.326 ms  0/3663 (0%)  
[  5] 114.00-115.00 sec   363 KBytes  2.97 Mbits/sec  0.277 ms  0/3718 (0%)  
[  5] 115.00-116.00 sec   357 KBytes  2.92 Mbits/sec  0.492 ms  0/3652 (0%)  
[  5] 116.00-117.00 sec   348 KBytes  2.85 Mbits/sec  0.430 ms  0/3571 (0%)  
[  5] 117.00-118.00 sec   353 KBytes  2.89 Mbits/sec  0.371 ms  0/3614 (0%)  
[  5] 118.00-119.00 sec   354 KBytes  2.90 Mbits/sec  0.297 ms  0/3638 (0%)  
[  5] 119.00-120.00 sec   356 KBytes  2.92 Mbits/sec  0.551 ms  0/3649 (0%)  
[  5] 120.00-121.00 sec   357 KBytes  2.93 Mbits/sec  0.342 ms  0/3658 (0%)  
[  5] 121.00-122.00 sec   356 KBytes  2.92 Mbits/sec  0.376 ms  0/3644 (0%)  
[  5] 122.00-123.00 sec   354 KBytes  2.90 Mbits/sec  0.324 ms  0/3621 (0%)  
[  5] 123.00-124.00 sec   355 KBytes  2.91 Mbits/sec  0.335 ms  0/3635 (0%)  
[  5] 124.00-125.00 sec   355 KBytes  2.91 Mbits/sec  0.355 ms  0/3635 (0%)  
[  5] 125.00-126.00 sec   355 KBytes  2.91 Mbits/sec  0.322 ms  0/3640 (0%)  
[  5] 126.00-127.00 sec   356 KBytes  2.91 Mbits/sec  0.301 ms  0/3643 (0%)  
[  5] 127.00-128.00 sec   345 KBytes  2.83 Mbits/sec  0.461 ms  0/3535 (0%)  
[  5] 128.00-129.00 sec   346 KBytes  2.84 Mbits/sec  0.354 ms  0/3548 (0%)  
[  5] 129.00-130.00 sec   351 KBytes  2.88 Mbits/sec  0.446 ms  0/3595 (0%)  
[  5] 130.00-131.00 sec   357 KBytes  2.93 Mbits/sec  0.286 ms  0/3657 (0%)  
[  5] 131.00-132.00 sec   353 KBytes  2.89 Mbits/sec  0.333 ms  0/3616 (0%)  
[  5] 132.00-133.00 sec   350 KBytes  2.87 Mbits/sec  0.458 ms  0/3581 (0%)  
[  5] 133.00-134.00 sec   314 KBytes  2.57 Mbits/sec  0.208 ms  391/3610 (11%)  
[  5] 134.00-135.00 sec   342 KBytes  2.80 Mbits/sec  0.214 ms  1057/4557 (23%)  
[  5] 135.00-136.00 sec   359 KBytes  2.94 Mbits/sec  0.223 ms  943/4616 (20%)  
[  5] 136.00-137.00 sec   312 KBytes  2.56 Mbits/sec  0.221 ms  769/3963 (19%)  
[  5] 137.00-138.00 sec   356 KBytes  2.92 Mbits/sec  0.227 ms  1052/4697 (22%)  
[  5] 138.00-139.00 sec   322 KBytes  2.64 Mbits/sec  0.206 ms  1419/4714 (30%)  
[  5] 139.00-140.00 sec   362 KBytes  2.97 Mbits/sec  0.212 ms  875/4583 (19%)  
[  5] 140.00-141.00 sec   317 KBytes  2.60 Mbits/sec  0.207 ms  1418/4669 (30%)  
[  5] 141.00-142.00 sec   350 KBytes  2.87 Mbits/sec  0.207 ms  1005/4586 (22%)  
[  5] 142.00-143.00 sec   337 KBytes  2.76 Mbits/sec  0.219 ms  1242/4696 (26%)  
[  5] 143.00-144.00 sec   356 KBytes  2.92 Mbits/sec  0.216 ms  965/4608 (21%)  
[  5] 144.00-145.00 sec   360 KBytes  2.95 Mbits/sec  0.212 ms  1010/4697 (22%)  
[  5] 145.00-146.00 sec   315 KBytes  2.58 Mbits/sec  0.223 ms  802/4026 (20%)  
[  5] 146.00-147.00 sec   329 KBytes  2.69 Mbits/sec  0.213 ms  1228/4593 (27%)  
[  5] 147.00-148.00 sec   371 KBytes  3.04 Mbits/sec  0.219 ms  889/4689 (19%)  
[  5] 148.00-149.00 sec   307 KBytes  2.52 Mbits/sec  0.334 ms  868/4015 (22%)  
[  5] 149.00-150.00 sec   361 KBytes  2.95 Mbits/sec  0.208 ms  1216/4909 (25%)  
[  5] 150.00-151.00 sec   367 KBytes  3.00 Mbits/sec  0.223 ms  1008/4761 (21%)  
[  5] 151.00-152.00 sec   362 KBytes  2.97 Mbits/sec  0.210 ms  855/4563 (19%)  
[  5] 152.00-153.00 sec   318 KBytes  2.60 Mbits/sec  4.673 ms  821/4075 (20%)  
[  5] 153.00-154.00 sec   355 KBytes  2.90 Mbits/sec  0.213 ms  1105/4736 (23%)  
[  5] 154.00-155.00 sec   353 KBytes  2.89 Mbits/sec  0.215 ms  893/4511 (20%)  
[  5] 155.00-156.00 sec   371 KBytes  3.04 Mbits/sec  0.216 ms  730/4530 (16%)  
[  5] 156.00-157.00 sec   342 KBytes  2.80 Mbits/sec  0.192 ms  960/4464 (22%)  
[  5] 157.00-158.00 sec   360 KBytes  2.95 Mbits/sec  0.220 ms  898/4584 (20%)  
[  5] 158.00-159.00 sec   356 KBytes  2.91 Mbits/sec  0.217 ms  1100/4742 (23%)  
[  5] 159.00-160.00 sec   329 KBytes  2.70 Mbits/sec  0.211 ms  1171/4543 (26%)  
[  5] 160.00-161.00 sec   364 KBytes  2.98 Mbits/sec  0.224 ms  820/4550 (18%)  
[  5] 161.00-162.00 sec   354 KBytes  2.90 Mbits/sec  0.238 ms  770/4394 (18%)  
[  5] 162.00-163.00 sec   280 KBytes  2.29 Mbits/sec  0.215 ms  1044/3912 (27%)  
[  5] 163.00-164.00 sec   371 KBytes  3.04 Mbits/sec  0.219 ms  732/4532 (16%)  
[  5] 164.00-165.00 sec   320 KBytes  2.62 Mbits/sec  0.291 ms  1085/4364 (25%)  
[  5] 165.00-166.00 sec   325 KBytes  2.67 Mbits/sec  0.211 ms  782/4115 (19%)  
[  5] 166.00-167.00 sec   360 KBytes  2.95 Mbits/sec  0.230 ms  997/4682 (21%)  
[  5] 167.00-168.00 sec   351 KBytes  2.88 Mbits/sec  0.220 ms  1205/4800 (25%)  
[  5] 168.00-169.00 sec   317 KBytes  2.60 Mbits/sec  0.216 ms  782/4028 (19%)  
[  5] 169.00-170.00 sec   363 KBytes  2.97 Mbits/sec  0.230 ms  1096/4810 (23%)  
[  5] 170.00-171.00 sec   362 KBytes  2.97 Mbits/sec  0.216 ms  877/4586 (19%)  
[  5] 171.00-172.00 sec   316 KBytes  2.59 Mbits/sec  0.217 ms  796/4028 (20%)  
[  5] 172.00-173.00 sec   351 KBytes  2.88 Mbits/sec  0.218 ms  1007/4604 (22%)  
[  5] 173.00-174.00 sec   362 KBytes  2.96 Mbits/sec  0.220 ms  939/4643 (20%)  
[  5] 174.00-175.00 sec   326 KBytes  2.67 Mbits/sec  0.218 ms  759/4096 (19%)  
[  5] 175.00-176.00 sec   337 KBytes  2.76 Mbits/sec  0.224 ms  1070/4521 (24%)  
[  5] 176.00-177.00 sec   362 KBytes  2.97 Mbits/sec  0.204 ms  766/4475 (17%)  
[  5] 177.00-178.00 sec   292 KBytes  2.39 Mbits/sec  0.220 ms  900/3888 (23%)  
[  5] 178.00-179.00 sec   359 KBytes  2.94 Mbits/sec  0.233 ms  908/4584 (20%)  
[  5] 179.00-180.00 sec   358 KBytes  2.93 Mbits/sec  0.222 ms  923/4588 (20%)  
[  5] 180.00-181.00 sec   362 KBytes  2.97 Mbits/sec  0.214 ms  763/4471 (17%)  
[  5] 181.00-182.00 sec   348 KBytes  2.85 Mbits/sec  0.213 ms  1130/4696 (24%)  
[  5] 182.00-183.00 sec   280 KBytes  2.29 Mbits/sec  0.216 ms  1166/4032 (29%)  
[  5] 183.00-184.00 sec   362 KBytes  2.97 Mbits/sec  0.198 ms  845/4553 (19%)  
[  5] 184.00-185.00 sec   365 KBytes  2.99 Mbits/sec  0.219 ms  951/4690 (20%)  
[  5] 185.00-186.00 sec   361 KBytes  2.96 Mbits/sec  0.217 ms  888/4586 (19%)  
[  5] 186.00-187.00 sec   371 KBytes  3.04 Mbits/sec  0.203 ms  1038/4838 (21%)  
[  5] 187.00-188.00 sec   362 KBytes  2.97 Mbits/sec  0.218 ms  915/4623 (20%)  
[  5] 188.00-189.00 sec   358 KBytes  2.93 Mbits/sec  0.288 ms  963/4629 (21%)  
[  5] 189.00-190.00 sec   359 KBytes  2.94 Mbits/sec  0.222 ms  1130/4805 (24%)  
[  5] 190.00-191.00 sec   356 KBytes  2.92 Mbits/sec  0.203 ms  1028/4678 (22%)  
[  5] 191.00-192.00 sec   325 KBytes  2.67 Mbits/sec  0.255 ms  847/4180 (20%)  
[  5] 192.00-193.00 sec   358 KBytes  2.93 Mbits/sec  0.207 ms  990/4654 (21%)  
[  5] 193.00-194.00 sec   366 KBytes  3.00 Mbits/sec  0.210 ms  1013/4761 (21%)  
[  5] 194.00-195.00 sec   316 KBytes  2.59 Mbits/sec  0.220 ms  776/4009 (19%)  
[  5] 195.00-196.00 sec   352 KBytes  2.88 Mbits/sec  0.207 ms  998/4598 (22%)  
[  5] 196.00-197.00 sec   356 KBytes  2.92 Mbits/sec  0.233 ms  1158/4804 (24%)  
[  5] 197.00-198.00 sec   333 KBytes  2.73 Mbits/sec  0.221 ms  1340/4751 (28%)  
[  5] 198.00-199.00 sec   371 KBytes  3.04 Mbits/sec  0.211 ms  951/4751 (20%)  
[  5] 199.00-200.00 sec   358 KBytes  2.93 Mbits/sec  0.223 ms  940/4606 (20%)  
[  5] 200.00-201.00 sec   349 KBytes  2.86 Mbits/sec  0.219 ms  1133/4710 (24%)  
[  5] 201.00-202.00 sec   357 KBytes  2.93 Mbits/sec  0.275 ms  806/4465 (18%)  
[  5] 202.00-203.00 sec   357 KBytes  2.92 Mbits/sec  0.212 ms  835/4489 (19%)  
[  5] 203.00-204.00 sec   361 KBytes  2.95 Mbits/sec  0.213 ms  948/4642 (20%)  
[  5] 204.00-205.00 sec   317 KBytes  2.60 Mbits/sec  0.188 ms  739/3984 (19%)  
[  5] 205.00-206.00 sec   357 KBytes  2.91 Mbits/sec  0.216 ms  985/4636 (21%)  
[  5] 206.00-207.00 sec   362 KBytes  2.97 Mbits/sec  0.213 ms  833/4537 (18%)  
[  5] 207.00-208.00 sec   371 KBytes  3.04 Mbits/sec  0.219 ms  821/4621 (18%)  
[  5] 208.00-209.00 sec   358 KBytes  2.94 Mbits/sec  0.223 ms  732/4401 (17%)  
[  5] 209.00-210.00 sec   362 KBytes  2.96 Mbits/sec  0.213 ms  769/4477 (17%)  
[  5] 210.00-211.00 sec   356 KBytes  2.92 Mbits/sec  0.239 ms  932/4582 (20%)  
[  5] 211.00-212.00 sec   345 KBytes  2.83 Mbits/sec  0.265 ms  1060/4597 (23%)  
[  5] 212.00-213.00 sec   323 KBytes  2.65 Mbits/sec  0.216 ms  841/4152 (20%)  
[  5] 213.00-214.00 sec   352 KBytes  2.88 Mbits/sec  0.198 ms  1124/4729 (24%)  
[  5] 214.00-215.00 sec   348 KBytes  2.85 Mbits/sec  0.230 ms  1054/4613 (23%)  
[  5] 215.00-216.00 sec   357 KBytes  2.93 Mbits/sec  0.219 ms  1147/4804 (24%)  
[  5] 216.00-217.00 sec   364 KBytes  2.98 Mbits/sec  0.220 ms  894/4619 (19%)  
[  5] 217.00-218.00 sec   354 KBytes  2.90 Mbits/sec  0.216 ms  860/4482 (19%)  
[  5] 218.00-219.00 sec   352 KBytes  2.89 Mbits/sec  0.225 ms  712/4319 (16%)  
[  5] 219.00-220.00 sec   326 KBytes  2.67 Mbits/sec  0.221 ms  820/4158 (20%)  
[  5] 220.00-221.00 sec   362 KBytes  2.97 Mbits/sec  0.218 ms  753/4461 (17%)  
[  5] 221.00-222.00 sec   326 KBytes  2.67 Mbits/sec  1.012 ms  1195/4531 (26%)  
[  5] 222.00-223.00 sec   337 KBytes  2.76 Mbits/sec  0.185 ms  1163/4616 (25%)  
[  5] 223.00-224.00 sec   355 KBytes  2.91 Mbits/sec  0.218 ms  1067/4700 (23%)  
[  5] 224.00-225.00 sec   316 KBytes  2.59 Mbits/sec  0.217 ms  655/3890 (17%)  
[  5] 225.00-226.00 sec   341 KBytes  2.80 Mbits/sec  0.151 ms  1119/4615 (24%)  
[  5] 226.00-227.00 sec   368 KBytes  3.02 Mbits/sec  0.221 ms  974/4746 (21%)  
[  5] 227.00-228.00 sec   354 KBytes  2.90 Mbits/sec  0.216 ms  870/4494 (19%)  
[  5] 228.00-229.00 sec   320 KBytes  2.62 Mbits/sec  0.216 ms  736/4016 (18%)  
[  5] 229.00-230.00 sec   350 KBytes  2.87 Mbits/sec  0.198 ms  848/4433 (19%)  
[  5] 230.00-231.00 sec   358 KBytes  2.93 Mbits/sec  0.220 ms  944/4606 (20%)  
[  5] 231.00-232.00 sec   357 KBytes  2.93 Mbits/sec  0.218 ms  882/4542 (19%)  
[  5] 232.00-233.00 sec   357 KBytes  2.92 Mbits/sec  0.219 ms  1041/4697 (22%)  
[  5] 233.00-234.00 sec   346 KBytes  2.83 Mbits/sec  0.211 ms  888/4427 (20%)  
[  5] 234.00-235.00 sec   314 KBytes  2.57 Mbits/sec  0.211 ms  689/3904 (18%)  
[  5] 235.00-236.00 sec   364 KBytes  2.98 Mbits/sec  0.218 ms  853/4583 (19%)  
[  5] 236.00-237.00 sec   358 KBytes  2.93 Mbits/sec  0.215 ms  820/4486 (18%)  
[  5] 237.00-238.00 sec   342 KBytes  2.80 Mbits/sec  0.211 ms  1090/4589 (24%)  
[  5] 238.00-239.00 sec   316 KBytes  2.59 Mbits/sec  0.230 ms  728/3965 (18%)  
[  5] 239.00-240.00 sec   369 KBytes  3.02 Mbits/sec  0.228 ms  927/4704 (20%)  
[  5] 240.00-241.00 sec   361 KBytes  2.96 Mbits/sec  0.219 ms  971/4672 (21%)  
[  5] 241.00-242.00 sec   350 KBytes  2.87 Mbits/sec  0.212 ms  1064/4649 (23%)  
[  5] 242.00-243.00 sec   364 KBytes  2.98 Mbits/sec  0.214 ms  926/4652 (20%)  
[  5] 243.00-244.00 sec   351 KBytes  2.88 Mbits/sec  0.242 ms  892/4487 (20%)  
[  5] 244.00-245.00 sec   358 KBytes  2.93 Mbits/sec  0.219 ms  1088/4751 (23%)  
[  5] 245.00-246.00 sec   362 KBytes  2.97 Mbits/sec  0.212 ms  834/4543 (18%)  
[  5] 246.00-247.00 sec   367 KBytes  3.00 Mbits/sec  0.209 ms  920/4676 (20%)  
[  5] 247.00-248.00 sec   353 KBytes  2.89 Mbits/sec  0.214 ms  1047/4663 (22%)  
[  5] 248.00-249.00 sec   325 KBytes  2.67 Mbits/sec  0.214 ms  848/4181 (20%)  
[  5] 249.00-250.00 sec   344 KBytes  2.82 Mbits/sec  0.214 ms  868/4391 (20%)  
[  5] 250.00-251.00 sec   282 KBytes  2.31 Mbits/sec  0.208 ms  1381/4271 (32%)  
[  5] 251.00-252.00 sec   361 KBytes  2.95 Mbits/sec  0.223 ms  914/4612 (20%)  
[  5] 252.00-253.00 sec   360 KBytes  2.96 Mbits/sec  0.216 ms  781/4472 (17%)  
[  5] 253.00-254.00 sec   357 KBytes  2.93 Mbits/sec  0.208 ms  871/4529 (19%)  
[  5] 254.00-255.00 sec   348 KBytes  2.85 Mbits/sec  0.218 ms  985/4544 (22%)  
[  5] 255.00-256.00 sec   359 KBytes  2.94 Mbits/sec  0.223 ms  1064/4743 (22%)  
[  5] 256.00-257.00 sec   362 KBytes  2.96 Mbits/sec  0.220 ms  1003/4707 (21%)  
[  5] 257.00-258.00 sec   380 KBytes  3.11 Mbits/sec  0.256 ms  837/4728 (18%)  
[  5] 258.00-259.00 sec   308 KBytes  2.52 Mbits/sec  0.218 ms  721/3875 (19%)  
[  5] 259.00-260.00 sec   346 KBytes  2.84 Mbits/sec  0.220 ms  1045/4586 (23%)  
[  5] 260.00-261.00 sec   345 KBytes  2.83 Mbits/sec  0.210 ms  1099/4631 (24%)  
[  5] 261.00-262.00 sec   352 KBytes  2.89 Mbits/sec  0.219 ms  932/4541 (21%)  
[  5] 262.00-263.00 sec   353 KBytes  2.89 Mbits/sec  0.211 ms  970/4581 (21%)  
[  5] 263.00-264.00 sec   361 KBytes  2.96 Mbits/sec  0.206 ms  866/4566 (19%)  
[  5] 264.00-265.00 sec   371 KBytes  3.04 Mbits/sec  0.213 ms  845/4641 (18%)  
[  5] 265.00-266.00 sec   343 KBytes  2.81 Mbits/sec  0.222 ms  911/4423 (21%)  
[  5] 266.00-267.00 sec   312 KBytes  2.55 Mbits/sec  0.161 ms  789/3981 (20%)  
[  5] 267.00-268.00 sec   355 KBytes  2.91 Mbits/sec  0.229 ms  809/4443 (18%)  
[  5] 268.00-269.00 sec   350 KBytes  2.86 Mbits/sec  0.207 ms  881/4461 (20%)  
[  5] 269.00-270.00 sec   282 KBytes  2.31 Mbits/sec  0.192 ms  1302/4192 (31%)  
[  5] 270.00-271.00 sec   345 KBytes  2.83 Mbits/sec  0.198 ms  1209/4742 (25%)  
[  5] 271.00-272.00 sec   360 KBytes  2.95 Mbits/sec  0.186 ms  1169/4854 (24%)  
[  5] 272.00-273.00 sec   354 KBytes  2.90 Mbits/sec  0.201 ms  1016/4636 (22%)  
[  5] 273.00-274.00 sec   357 KBytes  2.92 Mbits/sec  0.211 ms  875/4527 (19%)  
[  5] 274.00-275.00 sec   370 KBytes  3.03 Mbits/sec  0.209 ms  856/4644 (18%)  
[  5] 275.00-276.00 sec   362 KBytes  2.97 Mbits/sec  0.214 ms  793/4501 (18%)  
[  5] 276.00-277.00 sec   371 KBytes  3.04 Mbits/sec  0.220 ms  738/4538 (16%)  
[  5] 277.00-278.00 sec   317 KBytes  2.60 Mbits/sec  0.216 ms  687/3933 (17%)  
[  5] 278.00-279.00 sec   363 KBytes  2.97 Mbits/sec  0.219 ms  850/4568 (19%)  
[  5] 279.00-280.00 sec   314 KBytes  2.57 Mbits/sec  0.204 ms  802/4016 (20%)  
[  5] 280.00-281.00 sec   324 KBytes  2.65 Mbits/sec  0.154 ms  1363/4679 (29%)  
[  5] 281.00-282.00 sec   363 KBytes  2.98 Mbits/sec  0.218 ms  888/4609 (19%)  
[  5] 282.00-283.00 sec   308 KBytes  2.52 Mbits/sec  0.191 ms  748/3903 (19%)  
[  5] 283.00-284.00 sec   369 KBytes  3.03 Mbits/sec  0.238 ms  756/4538 (17%)  
[  5] 284.00-285.00 sec   317 KBytes  2.60 Mbits/sec  0.224 ms  660/3906 (17%)  
[  5] 285.00-286.00 sec   355 KBytes  2.90 Mbits/sec  0.213 ms  1060/4691 (23%)  
[  5] 286.00-287.00 sec   357 KBytes  2.92 Mbits/sec  0.224 ms  900/4554 (20%)  
[  5] 287.00-288.00 sec   317 KBytes  2.60 Mbits/sec  0.213 ms  744/3989 (19%)  
[  5] 288.00-289.00 sec   371 KBytes  3.04 Mbits/sec  0.217 ms  1039/4839 (21%)  
[  5] 289.00-290.00 sec   362 KBytes  2.96 Mbits/sec  0.210 ms  868/4576 (19%)  
[  5] 290.00-291.00 sec   362 KBytes  2.97 Mbits/sec  0.219 ms  982/4692 (21%)  
[  5] 291.00-292.00 sec   304 KBytes  2.49 Mbits/sec  0.200 ms  850/3960 (21%)  
[  5] 292.00-293.00 sec   360 KBytes  2.95 Mbits/sec  0.204 ms  866/4551 (19%)  
[  5] 293.00-294.00 sec   360 KBytes  2.95 Mbits/sec  0.217 ms  876/4567 (19%)  
[  5] 294.00-295.00 sec   317 KBytes  2.60 Mbits/sec  0.218 ms  638/3884 (16%)  
[  5] 295.00-296.00 sec   301 KBytes  2.47 Mbits/sec  0.250 ms  675/3757 (18%)  
[  5] 296.00-297.00 sec   312 KBytes  2.56 Mbits/sec  0.210 ms  1112/4312 (26%)  
[  5] 297.00-298.00 sec   371 KBytes  3.04 Mbits/sec  0.208 ms  861/4656 (18%)  
[  5] 298.00-299.00 sec   313 KBytes  2.56 Mbits/sec  0.256 ms  776/3979 (20%)  
[  5] 299.00-300.00 sec   295 KBytes  2.42 Mbits/sec  0.212 ms  1017/4036 (25%)  
[  5] 300.00-301.00 sec   380 KBytes  3.11 Mbits/sec  0.216 ms  1085/4977 (22%)  
[  5] 301.00-302.00 sec   353 KBytes  2.89 Mbits/sec  0.226 ms  1010/4626 (22%)  
[  5] 302.00-303.00 sec   371 KBytes  3.04 Mbits/sec  0.213 ms  1042/4842 (22%)  
[  5] 303.00-304.00 sec   362 KBytes  2.97 Mbits/sec  0.239 ms  1023/4731 (22%)  
[  5] 304.00-305.00 sec   318 KBytes  2.60 Mbits/sec  0.234 ms  1191/4445 (27%)  
[  5] 305.00-306.00 sec   361 KBytes  2.96 Mbits/sec  0.196 ms  1388/5080 (27%)  
[  5] 306.00-307.00 sec   316 KBytes  2.59 Mbits/sec  0.251 ms  827/4058 (20%)  
[  5] 307.00-308.00 sec   351 KBytes  2.88 Mbits/sec  0.208 ms  1146/4741 (24%)  
[  5] 308.00-309.00 sec   362 KBytes  2.96 Mbits/sec  0.208 ms  883/4591 (19%)  
[  5] 309.00-310.00 sec   362 KBytes  2.97 Mbits/sec  0.216 ms  914/4622 (20%)  
[  5] 310.00-311.00 sec   326 KBytes  2.67 Mbits/sec  0.208 ms  797/4134 (19%)  
[  5] 311.00-312.00 sec   362 KBytes  2.96 Mbits/sec  0.219 ms  847/4555 (19%)  
[  5] 312.00-313.00 sec   351 KBytes  2.88 Mbits/sec  0.219 ms  1190/4789 (25%)  
[  5] 313.00-314.00 sec   344 KBytes  2.82 Mbits/sec  0.214 ms  1093/4612 (24%)  
[  5] 314.00-315.00 sec   348 KBytes  2.85 Mbits/sec  0.218 ms  1213/4772 (25%)  
[  5] 315.00-316.00 sec   344 KBytes  2.82 Mbits/sec  1.452 ms  1162/4689 (25%)  
[  5] 316.00-317.00 sec   307 KBytes  2.51 Mbits/sec  0.337 ms  1314/4453 (30%)  
[  5] 317.00-318.00 sec   362 KBytes  2.96 Mbits/sec  0.212 ms  1364/5072 (27%)  
[  5] 318.00-319.00 sec   357 KBytes  2.92 Mbits/sec  0.244 ms  1299/4950 (26%)  
[  5] 319.00-320.00 sec   317 KBytes  2.59 Mbits/sec  0.201 ms  1136/4379 (26%)  
[  5] 320.00-321.00 sec   295 KBytes  2.42 Mbits/sec  0.213 ms  1206/4225 (29%)  
[  5] 321.00-322.00 sec   309 KBytes  2.53 Mbits/sec  0.361 ms  825/3990 (21%)  
[  5] 322.00-323.00 sec   315 KBytes  2.58 Mbits/sec  0.205 ms  950/4175 (23%)  
[  5] 323.00-324.00 sec   230 KBytes  1.88 Mbits/sec  0.217 ms  1039/3392 (31%)  
[  5] 324.00-325.00 sec   302 KBytes  2.47 Mbits/sec  0.215 ms  921/4014 (23%)  
[  5] 325.00-326.00 sec   286 KBytes  2.34 Mbits/sec  0.361 ms  740/3666 (20%)  
[  5] 326.00-327.00 sec   275 KBytes  2.25 Mbits/sec  0.215 ms  904/3716 (24%)  
[  5] 327.00-328.00 sec   313 KBytes  2.56 Mbits/sec  0.214 ms  692/3898 (18%)  
[  5] 328.00-329.00 sec   281 KBytes  2.30 Mbits/sec  0.217 ms  626/3501 (18%)  
[  5] 329.00-330.00 sec   317 KBytes  2.59 Mbits/sec  0.219 ms  773/4014 (19%)  
[  5] 330.00-331.00 sec   279 KBytes  2.28 Mbits/sec  0.251 ms  1020/3876 (26%)  
[  5] 331.00-332.00 sec   308 KBytes  2.52 Mbits/sec  0.359 ms  1207/4361 (28%)  
[  5] 332.00-333.00 sec   314 KBytes  2.57 Mbits/sec  0.220 ms  866/4083 (21%)  
[  5] 333.00-334.00 sec   304 KBytes  2.48 Mbits/sec  0.370 ms  925/4036 (23%)  
[  5] 334.00-335.00 sec   315 KBytes  2.59 Mbits/sec  0.215 ms  829/4056 (20%)  
[  5] 335.00-336.00 sec   307 KBytes  2.52 Mbits/sec  0.216 ms  803/3948 (20%)  
[  5] 336.00-337.00 sec   336 KBytes  2.75 Mbits/sec  0.214 ms  1135/4573 (25%)  
[  5] 337.00-338.00 sec   312 KBytes  2.56 Mbits/sec  0.221 ms  696/3893 (18%)  
[  5] 338.00-339.00 sec   271 KBytes  2.22 Mbits/sec  0.208 ms  756/3527 (21%)  
[  5] 339.00-340.00 sec   305 KBytes  2.50 Mbits/sec  0.217 ms  841/3962 (21%)  
[  5] 340.00-341.00 sec   317 KBytes  2.60 Mbits/sec  0.209 ms  888/4134 (21%)  
[  5] 341.00-342.00 sec   288 KBytes  2.36 Mbits/sec  0.210 ms  1253/4204 (30%)  
[  5] 342.00-343.00 sec   301 KBytes  2.46 Mbits/sec  0.215 ms  1141/4220 (27%)  
[  5] 343.00-344.00 sec   268 KBytes  2.20 Mbits/sec  0.199 ms  918/3661 (25%)  
[  5] 344.00-345.00 sec   296 KBytes  2.42 Mbits/sec  0.218 ms  1203/4236 (28%)  
[  5] 345.00-346.00 sec   309 KBytes  2.53 Mbits/sec  0.671 ms  1170/4333 (27%)  
[  5] 346.00-347.00 sec   317 KBytes  2.60 Mbits/sec  0.217 ms  1671/4916 (34%)  
[  5] 347.00-348.00 sec   301 KBytes  2.46 Mbits/sec  0.208 ms  1866/4946 (38%)  
[  5] 348.00-349.00 sec   263 KBytes  2.15 Mbits/sec  0.582 ms  1134/3826 (30%)  
[  5] 349.00-350.00 sec   275 KBytes  2.26 Mbits/sec  0.214 ms  1811/4627 (39%)  
[  5] 350.00-351.00 sec   317 KBytes  2.59 Mbits/sec  0.212 ms  2346/5587 (42%)  
[  5] 351.00-352.00 sec   266 KBytes  2.18 Mbits/sec  0.213 ms  1789/4510 (40%)  
[  5] 352.00-353.00 sec   244 KBytes  2.00 Mbits/sec  0.309 ms  1171/3673 (32%)  
[  5] 353.00-354.00 sec   273 KBytes  2.24 Mbits/sec  0.208 ms  1581/4380 (36%)  
[  5] 354.00-355.00 sec   272 KBytes  2.23 Mbits/sec  0.203 ms  952/3736 (25%)  
[  5] 355.00-356.00 sec   303 KBytes  2.48 Mbits/sec  0.403 ms  1332/4430 (30%)  
[  5] 356.00-357.00 sec   303 KBytes  2.48 Mbits/sec  0.252 ms  1439/4537 (32%)  
[  5] 357.00-358.00 sec   280 KBytes  2.30 Mbits/sec  0.212 ms  1008/3878 (26%)  
[  5] 358.00-359.00 sec   229 KBytes  1.88 Mbits/sec  0.202 ms  1460/3807 (38%)  
[  5] 359.00-360.00 sec   317 KBytes  2.59 Mbits/sec  0.216 ms  1109/4350 (25%)  
[  5] 360.00-361.00 sec   318 KBytes  2.61 Mbits/sec  0.380 ms  1149/4405 (26%)  
[  5] 361.00-362.00 sec   362 KBytes  2.97 Mbits/sec  0.218 ms  1270/4978 (26%)  
[  5] 362.00-363.00 sec   298 KBytes  2.44 Mbits/sec  0.487 ms  1419/4473 (32%)  
[  5] 363.00-364.00 sec   314 KBytes  2.57 Mbits/sec  0.403 ms  1616/4830 (33%)  
[  5] 364.00-365.00 sec   303 KBytes  2.49 Mbits/sec  0.248 ms  1376/4482 (31%)  
[  5] 365.00-366.00 sec   326 KBytes  2.67 Mbits/sec  0.218 ms  1380/4717 (29%)  
[  5] 366.00-367.00 sec   317 KBytes  2.60 Mbits/sec  0.315 ms  1488/4734 (31%)  
[  5] 367.00-368.00 sec   337 KBytes  2.76 Mbits/sec  0.237 ms  1817/5263 (35%)  
[  5] 368.00-369.00 sec   326 KBytes  2.67 Mbits/sec  0.220 ms  1400/4737 (30%)  
[  5] 369.00-370.00 sec   311 KBytes  2.55 Mbits/sec  0.244 ms  1216/4405 (28%)  
[  5] 370.00-371.00 sec   357 KBytes  2.93 Mbits/sec  0.227 ms  1757/5417 (32%)  
[  5] 371.00-372.00 sec   304 KBytes  2.49 Mbits/sec  0.222 ms  1527/4644 (33%)  
[  5] 372.00-373.00 sec   294 KBytes  2.41 Mbits/sec  0.208 ms  1680/4687 (36%)  
[  5] 373.00-374.00 sec   308 KBytes  2.53 Mbits/sec  0.218 ms  1351/4509 (30%)  
[  5] 374.00-375.00 sec   298 KBytes  2.44 Mbits/sec  0.216 ms  1638/4692 (35%)  
[  5] 375.00-376.00 sec   319 KBytes  2.61 Mbits/sec  0.208 ms  1631/4894 (33%)  
[  5] 376.00-377.00 sec   317 KBytes  2.59 Mbits/sec  0.221 ms  1905/5146 (37%)  
[  5] 377.00-378.00 sec   326 KBytes  2.67 Mbits/sec  0.264 ms  1588/4926 (32%)  
[  5] 378.00-379.00 sec   296 KBytes  2.42 Mbits/sec  0.214 ms  1850/4877 (38%)  
[  5] 379.00-380.00 sec   313 KBytes  2.56 Mbits/sec  0.237 ms  1373/4574 (30%)  
[  5] 380.00-381.00 sec   370 KBytes  3.03 Mbits/sec  0.195 ms  1824/5611 (33%)  
[  5] 381.00-382.00 sec   300 KBytes  2.46 Mbits/sec  0.438 ms  1774/4844 (37%)  
[  5] 382.00-383.00 sec   339 KBytes  2.78 Mbits/sec  0.187 ms  1257/4733 (27%)  
[  5] 383.00-384.00 sec   317 KBytes  2.59 Mbits/sec  0.221 ms  1090/4336 (25%)  
[  5] 384.00-385.00 sec   299 KBytes  2.46 Mbits/sec  0.214 ms  1395/4461 (31%)  
[  5] 385.00-386.00 sec   310 KBytes  2.54 Mbits/sec  0.213 ms  1106/4276 (26%)  
[  5] 386.00-387.00 sec   317 KBytes  2.59 Mbits/sec  0.219 ms  1048/4289 (24%)  
[  5] 387.00-388.00 sec   310 KBytes  2.54 Mbits/sec  0.218 ms  2120/5295 (40%)  
[  5] 388.00-389.00 sec   312 KBytes  2.55 Mbits/sec  0.231 ms  1194/4385 (27%)  
[  5] 389.00-390.00 sec   308 KBytes  2.52 Mbits/sec  0.214 ms  1308/4464 (29%)  
[  5] 390.00-391.00 sec   316 KBytes  2.59 Mbits/sec  0.212 ms  1023/4261 (24%)  
[  5] 391.00-392.00 sec   321 KBytes  2.63 Mbits/sec  0.219 ms  1082/4367 (25%)  
[  5] 392.00-393.00 sec   311 KBytes  2.55 Mbits/sec  0.204 ms  1103/4292 (26%)  
[  5] 393.00-394.00 sec   343 KBytes  2.81 Mbits/sec  0.218 ms  1344/4855 (28%)  
[  5] 394.00-395.00 sec   311 KBytes  2.54 Mbits/sec  0.221 ms  1173/4353 (27%)  
[  5] 395.00-396.00 sec   301 KBytes  2.47 Mbits/sec  0.254 ms  1246/4328 (29%)  
[  5] 396.00-397.00 sec   316 KBytes  2.59 Mbits/sec  0.209 ms  1428/4664 (31%)  
[  5] 397.00-398.00 sec   304 KBytes  2.49 Mbits/sec  0.681 ms  1407/4520 (31%)  
[  5] 398.00-399.00 sec   262 KBytes  2.14 Mbits/sec  0.297 ms  1614/4293 (38%)  
[  5] 399.00-400.00 sec   363 KBytes  2.98 Mbits/sec  0.209 ms  1529/5251 (29%)  
[  5] 400.00-401.00 sec   272 KBytes  2.23 Mbits/sec  0.208 ms  976/3760 (26%)  
[  5] 401.00-402.00 sec   369 KBytes  3.02 Mbits/sec  0.235 ms  1359/5135 (26%)  
[  5] 402.00-403.00 sec   296 KBytes  2.43 Mbits/sec  0.215 ms  1325/4360 (30%)  
[  5] 403.00-404.00 sec   291 KBytes  2.38 Mbits/sec  0.244 ms  1346/4325 (31%)  
[  5] 404.00-405.00 sec   293 KBytes  2.40 Mbits/sec  0.081 ms  1585/4587 (35%)  
[  5] 405.00-406.00 sec   265 KBytes  2.17 Mbits/sec  0.207 ms  1696/4408 (38%)  
[  5] 406.00-407.00 sec   315 KBytes  2.58 Mbits/sec  0.257 ms  1088/4312 (25%)  
[  5] 407.00-408.00 sec   293 KBytes  2.40 Mbits/sec  0.213 ms  1526/4523 (34%)  
[  5] 408.00-409.00 sec   317 KBytes  2.60 Mbits/sec  0.215 ms  1067/4311 (25%)  
[  5] 409.00-410.00 sec   319 KBytes  2.61 Mbits/sec  0.243 ms  1141/4408 (26%)  
[  5] 410.00-411.00 sec   311 KBytes  2.55 Mbits/sec  0.218 ms  1058/4241 (25%)  
[  5] 411.00-412.00 sec   271 KBytes  2.23 Mbits/sec  0.200 ms  838/3617 (23%)  
