Connecting to host 172.22.0.50, port 5201
Reverse mode, remote host 172.22.0.50 is sending
[  5] local 192.168.100.2 port 41323 connected to 172.22.0.50 port 5201
[ ID] Interval           Transfer     Bitrate         Jitter    Lost/Total Datagrams
[  5]   0.00-1.00   sec  1.44 MBytes  12.0 Mbits/sec  1.009 ms  0/1254 (0%)  
[  5]   1.00-2.00   sec  1.43 MBytes  12.0 Mbits/sec  0.947 ms  0/1248 (0%)  
[  5]   2.00-3.00   sec  1.42 MBytes  11.9 Mbits/sec  0.722 ms  0/1244 (0%)  
[  5]   3.00-4.00   sec  1.44 MBytes  12.1 Mbits/sec  1.136 ms  0/1255 (0%)  
[  5]   4.00-5.00   sec  1.43 MBytes  12.0 Mbits/sec  1.047 ms  0/1248 (0%)  
[  5]   5.00-6.00   sec  1.43 MBytes  12.0 Mbits/sec  1.077 ms  0/1252 (0%)  
[  5]   6.00-7.00   sec  1.43 MBytes  12.0 Mbits/sec  1.076 ms  0/1252 (0%)  
[  5]   7.00-8.00   sec  1.43 MBytes  12.0 Mbits/sec  1.046 ms  0/1249 (0%)  
[  5]   8.00-9.00   sec  1.43 MBytes  12.0 Mbits/sec  0.827 ms  0/1250 (0%)  
[  5]   9.00-10.00  sec  1.42 MBytes  11.9 Mbits/sec  1.167 ms  0/1244 (0%)  
[  5]  10.00-11.00  sec  1.44 MBytes  12.1 Mbits/sec  0.820 ms  0/1256 (0%)  
[  5]  11.00-12.00  sec  1.43 MBytes  12.0 Mbits/sec  0.915 ms  0/1252 (0%)  
[  5]  12.00-13.00  sec  1.43 MBytes  12.0 Mbits/sec  1.071 ms  0/1249 (0%)  
[  5]  13.00-14.00  sec  1.43 MBytes  12.0 Mbits/sec  0.945 ms  0/1253 (0%)  
[  5]  14.00-15.00  sec  1.42 MBytes  12.0 Mbits/sec  0.910 ms  0/1244 (0%)  
[  5]  15.00-16.00  sec  1.15 MBytes  9.66 Mbits/sec  1.712 ms  0/1007 (0%)  
[  5]  16.00-17.00  sec   482 KBytes  3.95 Mbits/sec  1.630 ms  0/411 (0%)  
[  5]  17.00-18.00  sec   486 KBytes  3.98 Mbits/sec  1.726 ms  0/415 (0%)  
[  5]  18.00-19.00  sec   486 KBytes  3.98 Mbits/sec  1.759 ms  0/415 (0%)  
[  5]  19.00-20.00  sec   486 KBytes  3.98 Mbits/sec  1.683 ms  0/415 (0%)  
[  5]  20.00-21.00  sec   457 KBytes  3.74 Mbits/sec  2.169 ms  0/390 (0%)  
[  5]  21.00-22.00  sec   401 KBytes  3.28 Mbits/sec  2.188 ms  0/342 (0%)  
[  5]  22.00-23.00  sec   408 KBytes  3.34 Mbits/sec  2.012 ms  0/348 (0%)  
[  5]  23.00-24.00  sec   411 KBytes  3.37 Mbits/sec  2.166 ms  0/351 (0%)  
[  5]  24.00-25.00  sec   411 KBytes  3.37 Mbits/sec  2.085 ms  0/351 (0%)  
[  5]  25.00-26.00  sec   400 KBytes  3.27 Mbits/sec  2.180 ms  0/341 (0%)  
[  5]  26.00-27.00  sec   391 KBytes  3.21 Mbits/sec  2.271 ms  0/334 (0%)  
[  5]  27.00-28.00  sec   383 KBytes  3.14 Mbits/sec  2.447 ms  0/327 (0%)  
[  5]  28.00-29.00  sec   388 KBytes  3.18 Mbits/sec  2.159 ms  0/331 (0%)  
[  5]  29.00-30.00  sec   386 KBytes  3.16 Mbits/sec  2.374 ms  0/329 (0%)  
[  5]  30.00-31.00  sec   390 KBytes  3.20 Mbits/sec  2.126 ms  0/333 (0%)  
[  5]  31.00-32.00  sec   400 KBytes  3.27 Mbits/sec  2.077 ms  0/341 (0%)  
[  5]  32.00-33.00  sec   387 KBytes  3.17 Mbits/sec  2.310 ms  0/330 (0%)  
[  5]  33.00-34.00  sec   397 KBytes  3.25 Mbits/sec  2.232 ms  0/339 (0%)  
[  5]  34.00-35.00  sec   396 KBytes  3.25 Mbits/sec  2.315 ms  0/338 (0%)  
[  5]  35.00-36.00  sec   397 KBytes  3.25 Mbits/sec  2.107 ms  0/339 (0%)  
[  5]  36.00-37.00  sec   390 KBytes  3.20 Mbits/sec  2.171 ms  0/333 (0%)  
[  5]  37.00-38.00  sec   398 KBytes  3.26 Mbits/sec  2.312 ms  0/340 (0%)  
[  5]  38.00-39.00  sec   400 KBytes  3.28 Mbits/sec  2.197 ms  0/341 (0%)  
[  5]  39.00-40.00  sec   403 KBytes  3.30 Mbits/sec  2.092 ms  0/344 (0%)  
[  5]  40.00-41.00  sec   410 KBytes  3.36 Mbits/sec  2.130 ms  0/350 (0%)  
[  5]  41.00-42.00  sec   402 KBytes  3.29 Mbits/sec  2.180 ms  0/343 (0%)  
[  5]  42.00-43.00  sec   407 KBytes  3.33 Mbits/sec  2.106 ms  0/347 (0%)  
[  5]  43.00-44.00  sec   407 KBytes  3.33 Mbits/sec  2.132 ms  0/347 (0%)  
[  5]  44.00-45.00  sec   402 KBytes  3.29 Mbits/sec  2.438 ms  0/343 (0%)  
[  5]  45.00-46.00  sec   402 KBytes  3.29 Mbits/sec  2.290 ms  0/343 (0%)  
[  5]  46.00-47.00  sec   402 KBytes  3.29 Mbits/sec  2.374 ms  0/343 (0%)  
[  5]  47.00-48.00  sec   396 KBytes  3.24 Mbits/sec  2.257 ms  0/338 (0%)  
[  5]  48.00-49.00  sec   393 KBytes  3.22 Mbits/sec  2.088 ms  0/335 (0%)  
[  5]  49.00-50.00  sec   375 KBytes  3.07 Mbits/sec  2.134 ms  835/1155 (72%)  
[  5]  50.00-51.00  sec   393 KBytes  3.22 Mbits/sec  2.493 ms  914/1249 (73%)  
[  5]  51.00-52.00  sec   416 KBytes  3.41 Mbits/sec  2.215 ms  1001/1356 (74%)  
[  5]  52.00-53.00  sec   391 KBytes  3.21 Mbits/sec  2.526 ms  935/1269 (74%)  
[  5]  53.00-54.00  sec   412 KBytes  3.38 Mbits/sec  2.438 ms  982/1334 (74%)  
[  5]  54.00-55.00  sec   396 KBytes  3.24 Mbits/sec  2.343 ms  919/1257 (73%)  
[  5]  55.00-56.00  sec   412 KBytes  3.38 Mbits/sec  2.331 ms  954/1306 (73%)  
[  5]  56.00-57.00  sec   416 KBytes  3.41 Mbits/sec  2.161 ms  972/1327 (73%)  
[  5]  57.00-58.00  sec   350 KBytes  2.87 Mbits/sec  2.327 ms  808/1107 (73%)  
[  5]  58.00-59.00  sec   398 KBytes  3.26 Mbits/sec  2.422 ms  911/1251 (73%)  
[  5]  59.00-60.00  sec   410 KBytes  3.36 Mbits/sec  2.322 ms  949/1299 (73%)  
[  5]  60.00-61.00  sec   357 KBytes  2.93 Mbits/sec  2.122 ms  837/1142 (73%)  
[  5]  61.00-62.00  sec   411 KBytes  3.37 Mbits/sec  2.151 ms  941/1292 (73%)  
[  5]  62.00-63.00  sec   395 KBytes  3.23 Mbits/sec  2.381 ms  894/1231 (73%)  
[  5]  63.00-64.00  sec   412 KBytes  3.38 Mbits/sec  2.093 ms  926/1278 (72%)  
[  5]  64.00-65.00  sec   395 KBytes  3.24 Mbits/sec  2.392 ms  870/1207 (72%)  
[  5]  65.00-66.00  sec   371 KBytes  3.04 Mbits/sec  2.206 ms  839/1156 (73%)  
[  5]  66.00-67.00  sec   393 KBytes  3.22 Mbits/sec  2.311 ms  872/1207 (72%)  
[  5]  67.00-68.00  sec   415 KBytes  3.40 Mbits/sec  2.153 ms  920/1274 (72%)  
[  5]  68.00-69.00  sec   414 KBytes  3.39 Mbits/sec  2.209 ms  927/1280 (72%)  
[  5]  69.00-70.00  sec   396 KBytes  3.25 Mbits/sec  2.200 ms  894/1232 (73%)  
[  5]  70.00-71.00  sec   355 KBytes  2.91 Mbits/sec  2.150 ms  804/1107 (73%)  
[  5]  71.00-72.00  sec   412 KBytes  3.38 Mbits/sec  2.106 ms  950/1302 (73%)  
[  5]  72.00-73.00  sec   390 KBytes  3.20 Mbits/sec  2.583 ms  881/1214 (73%)  
[  5]  73.00-74.00  sec   418 KBytes  3.43 Mbits/sec  2.007 ms  917/1274 (72%)  
[  5]  74.00-75.00  sec   391 KBytes  3.21 Mbits/sec  2.320 ms  863/1197 (72%)  
[  5]  75.00-76.00  sec   415 KBytes  3.40 Mbits/sec  2.106 ms  910/1264 (72%)  
[  5]  76.00-77.00  sec   412 KBytes  3.38 Mbits/sec  2.155 ms  928/1280 (72%)  
[  5]  77.00-78.00  sec   395 KBytes  3.24 Mbits/sec  2.342 ms  885/1222 (72%)  
[  5]  78.00-79.00  sec   412 KBytes  3.38 Mbits/sec  2.378 ms  912/1264 (72%)  
[  5]  79.00-80.00  sec   412 KBytes  3.38 Mbits/sec  2.101 ms  924/1276 (72%)  
[  5]  80.00-81.00  sec   395 KBytes  3.24 Mbits/sec  2.310 ms  910/1247 (73%)  
[  5]  81.00-82.00  sec   412 KBytes  3.38 Mbits/sec  2.473 ms  968/1320 (73%)  
[  5]  82.00-83.00  sec   396 KBytes  3.24 Mbits/sec  2.431 ms  938/1276 (74%)  
[  5]  83.00-84.00  sec   411 KBytes  3.37 Mbits/sec  2.418 ms  962/1313 (73%)  
[  5]  84.00-85.00  sec   412 KBytes  3.38 Mbits/sec  2.143 ms  970/1322 (73%)  
[  5]  85.00-86.00  sec   395 KBytes  3.23 Mbits/sec  2.580 ms  941/1278 (74%)  
[  5]  86.00-87.00  sec   373 KBytes  3.05 Mbits/sec  2.232 ms  850/1168 (73%)  
[  5]  87.00-88.00  sec   396 KBytes  3.24 Mbits/sec  2.137 ms  897/1235 (73%)  
[  5]  88.00-89.00  sec   295 KBytes  2.42 Mbits/sec  2.358 ms  671/923 (73%)  
[  5]  89.00-90.00  sec   412 KBytes  3.38 Mbits/sec  2.388 ms  958/1310 (73%)  
[  5]  90.00-91.00  sec   416 KBytes  3.41 Mbits/sec  2.203 ms  958/1313 (73%)  
[  5]  91.00-92.00  sec   352 KBytes  2.88 Mbits/sec  2.186 ms  810/1110 (73%)  
[  5]  92.00-93.00  sec   393 KBytes  3.22 Mbits/sec  2.453 ms  893/1228 (73%)  
[  5]  93.00-94.00  sec   415 KBytes  3.40 Mbits/sec  2.178 ms  943/1297 (73%)  
[  5]  94.00-95.00  sec   412 KBytes  3.38 Mbits/sec  2.225 ms  967/1319 (73%)  
[  5]  95.00-96.00  sec   397 KBytes  3.25 Mbits/sec  2.159 ms  916/1255 (73%)  
[  5]  96.00-97.00  sec   410 KBytes  3.36 Mbits/sec  2.263 ms  921/1271 (72%)  
[  5]  97.00-98.00  sec   397 KBytes  3.25 Mbits/sec  2.409 ms  871/1210 (72%)  
[  5]  98.00-99.00  sec   410 KBytes  3.36 Mbits/sec  2.255 ms  906/1256 (72%)  
[  5]  99.00-100.00 sec   398 KBytes  3.26 Mbits/sec  2.281 ms  863/1203 (72%)  
[  5] 100.00-101.00 sec   411 KBytes  3.37 Mbits/sec  2.116 ms  903/1254 (72%)  
[  5] 101.00-102.00 sec   411 KBytes  3.37 Mbits/sec  2.347 ms  963/1314 (73%)  
[  5] 102.00-103.00 sec   397 KBytes  3.25 Mbits/sec  2.483 ms  906/1245 (73%)  
[  5] 103.00-104.00 sec   410 KBytes  3.36 Mbits/sec  2.344 ms  916/1266 (72%)  
[  5] 104.00-105.00 sec   357 KBytes  2.93 Mbits/sec  2.322 ms  807/1112 (73%)  
[  5] 105.00-106.00 sec   412 KBytes  3.38 Mbits/sec  2.139 ms  928/1280 (72%)  
[  5] 106.00-107.00 sec   395 KBytes  3.23 Mbits/sec  2.375 ms  883/1220 (72%)  
[  5] 107.00-108.00 sec   412 KBytes  3.38 Mbits/sec  2.116 ms  910/1262 (72%)  
[  5] 108.00-109.00 sec   450 KBytes  3.69 Mbits/sec  2.236 ms  999/1383 (72%)  
[  5] 109.00-110.00 sec   357 KBytes  2.93 Mbits/sec  2.213 ms  834/1139 (73%)  
[  5] 110.00-111.00 sec   405 KBytes  3.32 Mbits/sec  2.184 ms  983/1335 (74%)  
[  5] 111.00-112.00 sec   395 KBytes  3.24 Mbits/sec  2.419 ms  971/1308 (74%)  
[  5] 112.00-113.00 sec   414 KBytes  3.39 Mbits/sec  2.046 ms  1176/1529 (77%)  
[  5] 113.00-114.00 sec   395 KBytes  3.24 Mbits/sec  2.407 ms  919/1256 (73%)  
[  5] 114.00-115.00 sec   411 KBytes  3.37 Mbits/sec  2.424 ms  948/1299 (73%)  
[  5] 115.00-116.00 sec   353 KBytes  2.89 Mbits/sec  2.768 ms  815/1116 (73%)  
[  5] 116.00-117.00 sec   415 KBytes  3.40 Mbits/sec  2.080 ms  936/1290 (73%)  
[  5] 117.00-118.00 sec   412 KBytes  3.38 Mbits/sec  2.127 ms  930/1282 (73%)  
[  5] 118.00-119.00 sec   396 KBytes  3.25 Mbits/sec  2.107 ms  901/1239 (73%)  
[  5] 119.00-120.00 sec   352 KBytes  2.88 Mbits/sec  1.956 ms  785/1085 (72%)  
[  5] 120.00-121.00 sec   417 KBytes  3.42 Mbits/sec  2.083 ms  932/1288 (72%)  
[  5] 121.00-122.00 sec   395 KBytes  3.24 Mbits/sec  2.390 ms  874/1211 (72%)  
[  5] 122.00-123.00 sec   412 KBytes  3.38 Mbits/sec  2.086 ms  895/1247 (72%)  
[  5] 123.00-124.00 sec   352 KBytes  2.88 Mbits/sec  2.098 ms  777/1077 (72%)  
[  5] 124.00-125.00 sec   415 KBytes  3.40 Mbits/sec  2.127 ms  964/1318 (73%)  
[  5] 125.00-126.00 sec   393 KBytes  3.22 Mbits/sec  2.510 ms  902/1237 (73%)  
[  5] 126.00-127.00 sec   356 KBytes  2.92 Mbits/sec  2.524 ms  827/1131 (73%)  
[  5] 127.00-128.00 sec   410 KBytes  3.36 Mbits/sec  2.265 ms  947/1297 (73%)  
[  5] 128.00-129.00 sec   398 KBytes  3.26 Mbits/sec  2.333 ms  900/1240 (73%)  
[  5] 129.00-130.00 sec   409 KBytes  3.34 Mbits/sec  2.190 ms  917/1266 (72%)  
[  5] 130.00-131.00 sec   357 KBytes  2.93 Mbits/sec  2.304 ms  788/1093 (72%)  
[  5] 131.00-132.00 sec   412 KBytes  3.38 Mbits/sec  2.136 ms  910/1262 (72%)  
[  5] 132.00-133.00 sec   394 KBytes  3.23 Mbits/sec  2.304 ms  877/1213 (72%)  
[  5] 133.00-134.00 sec   414 KBytes  3.39 Mbits/sec  2.106 ms  913/1266 (72%)  
[  5] 134.00-135.00 sec   395 KBytes  3.24 Mbits/sec  2.360 ms  890/1227 (73%)  
[  5] 135.00-136.00 sec   412 KBytes  3.38 Mbits/sec  2.304 ms  948/1300 (73%)  
[  5] 136.00-137.00 sec   357 KBytes  2.93 Mbits/sec  2.385 ms  804/1109 (72%)  
[  5] 137.00-138.00 sec   409 KBytes  3.35 Mbits/sec  2.201 ms  938/1287 (73%)  
[  5] 138.00-139.00 sec   412 KBytes  3.38 Mbits/sec  2.421 ms  967/1319 (73%)  
[  5] 139.00-140.00 sec   437 KBytes  3.58 Mbits/sec  2.332 ms  1035/1408 (74%)  
[  5] 140.00-141.00 sec   411 KBytes  3.37 Mbits/sec  2.233 ms  951/1302 (73%)  
[  5] 141.00-142.00 sec   412 KBytes  3.38 Mbits/sec  2.269 ms  948/1300 (73%)  
[  5] 142.00-143.00 sec   354 KBytes  2.90 Mbits/sec  2.381 ms  830/1132 (73%)  
[  5] 143.00-144.00 sec   397 KBytes  3.25 Mbits/sec  2.460 ms  917/1256 (73%)  
[  5] 144.00-145.00 sec   412 KBytes  3.38 Mbits/sec  2.167 ms  956/1308 (73%)  
[  5] 145.00-146.00 sec   355 KBytes  2.91 Mbits/sec  2.625 ms  828/1131 (73%)  
[  5] 146.00-147.00 sec   412 KBytes  3.38 Mbits/sec  2.222 ms  953/1305 (73%)  
[  5] 147.00-148.00 sec   396 KBytes  3.24 Mbits/sec  2.409 ms  926/1264 (73%)  
[  5] 148.00-149.00 sec   350 KBytes  2.87 Mbits/sec  2.431 ms  809/1108 (73%)  
[  5] 149.00-150.00 sec   412 KBytes  3.38 Mbits/sec  2.357 ms  973/1325 (73%)  
[  5] 150.00-151.00 sec   416 KBytes  3.41 Mbits/sec  2.116 ms  1009/1364 (74%)  
[  5] 151.00-152.00 sec   393 KBytes  3.22 Mbits/sec  2.392 ms  920/1255 (73%)  
[  5] 152.00-153.00 sec   416 KBytes  3.41 Mbits/sec  2.159 ms  961/1316 (73%)  
[  5] 153.00-154.00 sec   411 KBytes  3.37 Mbits/sec  2.125 ms  966/1317 (73%)  
[  5] 154.00-155.00 sec   393 KBytes  3.22 Mbits/sec  1.974 ms  913/1248 (73%)  
[  5] 155.00-156.00 sec   414 KBytes  3.39 Mbits/sec  2.095 ms  959/1312 (73%)  
[  5] 156.00-157.00 sec   398 KBytes  3.26 Mbits/sec  2.284 ms  874/1214 (72%)  
[  5] 157.00-158.00 sec   411 KBytes  3.37 Mbits/sec  2.180 ms  918/1269 (72%)  
[  5] 158.00-159.00 sec   356 KBytes  2.92 Mbits/sec  2.155 ms  827/1131 (73%)  
[  5] 159.00-160.00 sec   412 KBytes  3.38 Mbits/sec  2.169 ms  961/1313 (73%)  
[  5] 160.00-161.00 sec   395 KBytes  3.23 Mbits/sec  2.123 ms  913/1250 (73%)  
[  5] 161.00-162.00 sec   412 KBytes  3.38 Mbits/sec  2.070 ms  918/1270 (72%)  
[  5] 162.00-163.00 sec   352 KBytes  2.88 Mbits/sec  2.143 ms  782/1082 (72%)  
[  5] 163.00-164.00 sec   395 KBytes  3.24 Mbits/sec  2.359 ms  871/1208 (72%)  
[  5] 164.00-165.00 sec   412 KBytes  3.38 Mbits/sec  2.442 ms  911/1263 (72%)  
[  5] 165.00-166.00 sec   356 KBytes  2.92 Mbits/sec  2.149 ms  773/1077 (72%)  
[  5] 166.00-167.00 sec   411 KBytes  3.37 Mbits/sec  2.351 ms  934/1285 (73%)  
[  5] 167.00-168.00 sec   397 KBytes  3.25 Mbits/sec  2.618 ms  939/1278 (73%)  
[  5] 168.00-169.00 sec   355 KBytes  2.91 Mbits/sec  2.507 ms  851/1154 (74%)  
[  5] 169.00-170.00 sec   412 KBytes  3.38 Mbits/sec  2.200 ms  965/1317 (73%)  
[  5] 170.00-171.00 sec   411 KBytes  3.37 Mbits/sec  2.296 ms  982/1333 (74%)  
[  5] 171.00-172.00 sec   355 KBytes  2.91 Mbits/sec  2.128 ms  839/1142 (73%)  
[  5] 172.00-173.00 sec   393 KBytes  3.22 Mbits/sec  2.215 ms  902/1237 (73%)  
[  5] 173.00-174.00 sec   416 KBytes  3.41 Mbits/sec  2.154 ms  944/1299 (73%)  
[  5] 174.00-175.00 sec   350 KBytes  2.87 Mbits/sec  2.272 ms  808/1107 (73%)  
[  5] 175.00-176.00 sec   398 KBytes  3.26 Mbits/sec  2.289 ms  932/1272 (73%)  
[  5] 176.00-177.00 sec   409 KBytes  3.35 Mbits/sec  2.258 ms  938/1287 (73%)  
[  5] 177.00-178.00 sec   357 KBytes  2.93 Mbits/sec  2.072 ms  803/1108 (72%)  
[  5] 178.00-179.00 sec   412 KBytes  3.38 Mbits/sec  2.116 ms  922/1274 (72%)  
[  5] 179.00-180.00 sec   395 KBytes  3.24 Mbits/sec  2.312 ms  876/1213 (72%)  
[  5] 180.00-181.00 sec   412 KBytes  3.38 Mbits/sec  2.126 ms  930/1282 (73%)  
[  5] 181.00-182.00 sec   396 KBytes  3.24 Mbits/sec  2.356 ms  887/1225 (72%)  
[  5] 182.00-183.00 sec   411 KBytes  3.38 Mbits/sec  2.636 ms  949/1300 (73%)  
[  5] 183.00-184.00 sec   412 KBytes  3.38 Mbits/sec  2.220 ms  960/1312 (73%)  
[  5] 184.00-185.00 sec   395 KBytes  3.23 Mbits/sec  2.091 ms  907/1244 (73%)  
[  5] 185.00-186.00 sec   412 KBytes  3.38 Mbits/sec  2.162 ms  946/1298 (73%)  
[  5] 186.00-187.00 sec   396 KBytes  3.25 Mbits/sec  2.510 ms  930/1268 (73%)  
[  5] 187.00-188.00 sec   411 KBytes  3.37 Mbits/sec  2.487 ms  995/1346 (74%)  
[  5] 188.00-189.00 sec   357 KBytes  2.93 Mbits/sec  2.450 ms  837/1142 (73%)  
[  5] 189.00-190.00 sec   410 KBytes  3.36 Mbits/sec  2.152 ms  955/1305 (73%)  
[  5] 190.00-191.00 sec   397 KBytes  3.25 Mbits/sec  2.318 ms  940/1279 (73%)  
[  5] 191.00-192.00 sec   352 KBytes  2.88 Mbits/sec  2.410 ms  847/1147 (74%)  
[  5] 192.00-193.00 sec   415 KBytes  3.40 Mbits/sec  2.462 ms  989/1343 (74%)  
[  5] 193.00-194.00 sec   412 KBytes  3.38 Mbits/sec  2.163 ms  968/1320 (73%)  
[  5] 194.00-195.00 sec   396 KBytes  3.25 Mbits/sec  2.446 ms  928/1266 (73%)  
[  5] 195.00-196.00 sec   412 KBytes  3.38 Mbits/sec  2.066 ms  968/1320 (73%)  
[  5] 196.00-197.00 sec   412 KBytes  3.38 Mbits/sec  2.435 ms  963/1315 (73%)  
[  5] 197.00-198.00 sec   394 KBytes  3.23 Mbits/sec  2.457 ms  946/1282 (74%)  
[  5] 198.00-199.00 sec   414 KBytes  3.39 Mbits/sec  2.198 ms  1001/1354 (74%)  
[  5] 199.00-200.00 sec   355 KBytes  2.91 Mbits/sec  2.154 ms  837/1140 (73%)  
[  5] 200.00-201.00 sec   411 KBytes  3.37 Mbits/sec  2.370 ms  979/1330 (74%)  
[  5] 201.00-202.01 sec   397 KBytes  3.24 Mbits/sec  2.448 ms  903/1242 (73%)  
[  5] 202.01-203.00 sec   410 KBytes  3.38 Mbits/sec  2.171 ms  932/1282 (73%)  
[  5] 203.00-204.00 sec   357 KBytes  2.93 Mbits/sec  2.115 ms  796/1101 (72%)  
[  5] 204.00-205.00 sec   393 KBytes  3.22 Mbits/sec  2.314 ms  893/1228 (73%)  
[  5] 205.00-206.00 sec   415 KBytes  3.40 Mbits/sec  2.314 ms  949/1303 (73%)  
[  5] 206.00-207.00 sec   412 KBytes  3.38 Mbits/sec  2.127 ms  936/1288 (73%)  
[  5] 207.00-208.00 sec   395 KBytes  3.24 Mbits/sec  2.462 ms  907/1244 (73%)  
[  5] 208.00-209.00 sec   412 KBytes  3.38 Mbits/sec  2.131 ms  933/1285 (73%)  
[  5] 209.00-210.00 sec   393 KBytes  3.22 Mbits/sec  2.405 ms  866/1201 (72%)  
[  5] 210.00-211.00 sec   414 KBytes  3.39 Mbits/sec  2.356 ms  927/1280 (72%)  
[  5] 211.00-212.00 sec   414 KBytes  3.39 Mbits/sec  2.054 ms  931/1284 (73%)  
[  5] 212.00-213.00 sec   395 KBytes  3.24 Mbits/sec  2.382 ms  912/1249 (73%)  
[  5] 213.00-214.00 sec   412 KBytes  3.38 Mbits/sec  2.316 ms  964/1316 (73%)  
[  5] 214.00-215.00 sec   412 KBytes  3.38 Mbits/sec  2.131 ms  994/1346 (74%)  
[  5] 215.00-216.00 sec   395 KBytes  3.23 Mbits/sec  2.423 ms  939/1276 (74%)  
[  5] 216.00-217.00 sec   353 KBytes  2.89 Mbits/sec  2.729 ms  834/1135 (73%)  
[  5] 217.00-218.00 sec   416 KBytes  3.41 Mbits/sec  2.340 ms  947/1302 (73%)  
[  5] 218.00-219.00 sec   411 KBytes  3.37 Mbits/sec  2.272 ms  927/1278 (73%)  
[  5] 219.00-220.00 sec   397 KBytes  3.25 Mbits/sec  2.304 ms  874/1213 (72%)  
[  5] 220.00-221.00 sec   355 KBytes  2.91 Mbits/sec  2.086 ms  799/1102 (73%)  
[  5] 221.00-222.00 sec   412 KBytes  3.38 Mbits/sec  2.044 ms  926/1278 (72%)  
[  5] 222.00-223.00 sec   393 KBytes  3.21 Mbits/sec  2.318 ms  863/1198 (72%)  
[  5] 223.00-224.00 sec   415 KBytes  3.40 Mbits/sec  2.256 ms  967/1321 (73%)  
[  5] 224.00-225.00 sec   353 KBytes  2.89 Mbits/sec  2.300 ms  810/1111 (73%)  
[  5] 225.00-226.00 sec   415 KBytes  3.40 Mbits/sec  2.135 ms  942/1296 (73%)  
[  5] 226.00-227.00 sec   391 KBytes  3.21 Mbits/sec  2.405 ms  909/1243 (73%)  
[  5] 227.00-228.00 sec   357 KBytes  2.93 Mbits/sec  2.368 ms  844/1149 (73%)  
[  5] 228.00-229.00 sec   410 KBytes  3.36 Mbits/sec  2.239 ms  939/1289 (73%)  
[  5] 229.00-230.00 sec   414 KBytes  3.39 Mbits/sec  2.140 ms  916/1269 (72%)  
[  5] 230.00-231.00 sec   396 KBytes  3.24 Mbits/sec  2.439 ms  879/1217 (72%)  
[  5] 231.00-232.00 sec   410 KBytes  3.36 Mbits/sec  2.197 ms  925/1275 (73%)  
[  5] 232.00-233.00 sec   397 KBytes  3.25 Mbits/sec  2.320 ms  900/1239 (73%)  
[  5] 233.00-234.00 sec   355 KBytes  2.91 Mbits/sec  2.377 ms  816/1119 (73%)  
[  5] 234.00-235.00 sec   412 KBytes  3.38 Mbits/sec  2.437 ms  933/1285 (73%)  
[  5] 235.00-236.00 sec   412 KBytes  3.38 Mbits/sec  2.130 ms  920/1272 (72%)  
[  5] 236.00-237.00 sec   396 KBytes  3.24 Mbits/sec  2.281 ms  884/1222 (72%)  
[  5] 237.00-238.00 sec   412 KBytes  3.38 Mbits/sec  2.022 ms  930/1282 (73%)  
[  5] 238.00-239.00 sec   395 KBytes  3.24 Mbits/sec  2.381 ms  882/1219 (72%)  
[  5] 239.00-240.00 sec   412 KBytes  3.38 Mbits/sec  2.281 ms  942/1294 (73%)  
[  5] 240.00-241.00 sec   352 KBytes  2.88 Mbits/sec  2.812 ms  809/1109 (73%)  
[  5] 241.00-242.00 sec   415 KBytes  3.39 Mbits/sec  2.228 ms  1001/1355 (74%)  
[  5] 242.00-243.00 sec   412 KBytes  3.38 Mbits/sec  2.186 ms  968/1320 (73%)  
[  5] 243.00-244.00 sec   396 KBytes  3.25 Mbits/sec  2.273 ms  912/1250 (73%)  
[  5] 244.00-245.00 sec   412 KBytes  3.38 Mbits/sec  2.033 ms  934/1286 (73%)  
[  5] 245.00-246.00 sec   397 KBytes  3.25 Mbits/sec  2.443 ms  922/1261 (73%)  
[  5] 246.00-247.00 sec   410 KBytes  3.36 Mbits/sec  2.077 ms  943/1293 (73%)  
[  5] 247.00-248.00 sec   412 KBytes  3.38 Mbits/sec  2.201 ms  946/1298 (73%)  
[  5] 248.00-249.00 sec   336 KBytes  2.76 Mbits/sec  2.513 ms  800/1087 (74%)  
[  5] 249.00-250.00 sec   416 KBytes  3.41 Mbits/sec  2.256 ms  987/1342 (74%)  
[  5] 250.00-251.00 sec   412 KBytes  3.38 Mbits/sec  2.160 ms  959/1311 (73%)  
[  5] 251.00-252.00 sec   355 KBytes  2.91 Mbits/sec  2.165 ms  836/1139 (73%)  
[  5] 252.00-253.00 sec   391 KBytes  3.21 Mbits/sec  2.427 ms  890/1224 (73%)  
[  5] 253.00-254.00 sec   412 KBytes  3.38 Mbits/sec  2.240 ms  923/1275 (72%)  
[  5] 254.00-255.00 sec   415 KBytes  3.40 Mbits/sec  2.168 ms  921/1275 (72%)  
[  5] 255.00-256.00 sec   393 KBytes  3.22 Mbits/sec  2.364 ms  886/1221 (73%)  
[  5] 256.00-257.00 sec   416 KBytes  3.41 Mbits/sec  2.218 ms  984/1339 (73%)  
[  5] 257.00-258.00 sec   412 KBytes  3.38 Mbits/sec  2.087 ms  985/1337 (74%)  
[  5] 258.00-259.00 sec   391 KBytes  3.21 Mbits/sec  2.305 ms  890/1224 (73%)  
[  5] 259.00-260.00 sec   416 KBytes  3.41 Mbits/sec  2.028 ms  951/1306 (73%)  
[  5] 260.00-261.00 sec   393 KBytes  3.22 Mbits/sec  2.340 ms  908/1243 (73%)  
[  5] 261.00-262.00 sec   416 KBytes  3.41 Mbits/sec  2.102 ms  946/1301 (73%)  
[  5] 262.00-263.00 sec   350 KBytes  2.87 Mbits/sec  2.318 ms  802/1101 (73%)  
[  5] 263.00-264.00 sec   397 KBytes  3.25 Mbits/sec  2.441 ms  897/1236 (73%)  
[  5] 264.00-265.00 sec   410 KBytes  3.36 Mbits/sec  2.232 ms  945/1295 (73%)  
[  5] 265.00-266.00 sec   357 KBytes  2.93 Mbits/sec  2.445 ms  810/1115 (73%)  
[  5] 266.00-267.00 sec   412 KBytes  3.38 Mbits/sec  2.188 ms  917/1269 (72%)  
[  5] 267.00-268.00 sec   395 KBytes  3.24 Mbits/sec  2.430 ms  875/1212 (72%)  
[  5] 268.00-269.00 sec   412 KBytes  3.37 Mbits/sec  2.367 ms  908/1260 (72%)  
[  5] 269.00-270.00 sec   416 KBytes  3.41 Mbits/sec  2.114 ms  935/1290 (72%)  
[  5] 270.00-271.00 sec   393 KBytes  3.22 Mbits/sec  2.406 ms  920/1255 (73%)  
[  5] 271.00-272.00 sec   412 KBytes  3.38 Mbits/sec  2.236 ms  996/1348 (74%)  
[  5] 272.00-273.00 sec   414 KBytes  3.39 Mbits/sec  2.208 ms  1013/1366 (74%)  
[  5] 273.00-274.00 sec   353 KBytes  2.89 Mbits/sec  2.237 ms  822/1123 (73%)  
[  5] 274.00-275.00 sec   397 KBytes  3.25 Mbits/sec  2.137 ms  910/1249 (73%)  
[  5] 275.00-276.00 sec   410 KBytes  3.36 Mbits/sec  2.349 ms  942/1292 (73%)  
[  5] 276.00-277.00 sec   398 KBytes  3.26 Mbits/sec  2.322 ms  890/1230 (72%)  
[  5] 277.00-278.00 sec   349 KBytes  2.86 Mbits/sec  2.572 ms  781/1079 (72%)  
[  5] 278.00-279.00 sec   417 KBytes  3.42 Mbits/sec  2.142 ms  939/1295 (73%)  
[  5] 279.00-280.00 sec   353 KBytes  2.89 Mbits/sec  2.335 ms  782/1083 (72%)  
[  5] 280.00-281.00 sec   415 KBytes  3.39 Mbits/sec  2.174 ms  961/1315 (73%)  
[  5] 281.00-282.00 sec   353 KBytes  2.89 Mbits/sec  2.247 ms  828/1129 (73%)  
[  5] 282.00-283.00 sec   396 KBytes  3.24 Mbits/sec  2.408 ms  913/1251 (73%)  
[  5] 283.00-284.00 sec   411 KBytes  3.37 Mbits/sec  2.227 ms  920/1271 (72%)  
[  5] 284.00-285.00 sec   356 KBytes  2.92 Mbits/sec  2.130 ms  780/1084 (72%)  
[  5] 285.00-286.00 sec   410 KBytes  3.36 Mbits/sec  2.236 ms  922/1272 (72%)  
[  5] 286.00-287.00 sec   398 KBytes  3.26 Mbits/sec  2.301 ms  913/1253 (73%)  
[  5] 287.00-288.00 sec   411 KBytes  3.37 Mbits/sec  2.203 ms  948/1299 (73%)  
[  5] 288.00-289.00 sec   355 KBytes  2.91 Mbits/sec  2.239 ms  824/1127 (73%)  
[  5] 289.00-290.00 sec   412 KBytes  3.38 Mbits/sec  2.325 ms  985/1337 (74%)  
[  5] 290.00-291.00 sec   396 KBytes  3.24 Mbits/sec  2.133 ms  915/1253 (73%)  
[  5] 291.00-292.00 sec   352 KBytes  2.88 Mbits/sec  2.234 ms  818/1118 (73%)  
[  5] 292.00-293.00 sec   412 KBytes  3.38 Mbits/sec  2.140 ms  938/1290 (73%)  
[  5] 293.00-294.00 sec   354 KBytes  2.90 Mbits/sec  2.227 ms  819/1121 (73%)  
[  5] 294.00-295.00 sec   357 KBytes  2.93 Mbits/sec  2.166 ms  801/1106 (72%)  
[  5] 295.00-296.00 sec   353 KBytes  2.89 Mbits/sec  2.226 ms  785/1086 (72%)  
[  5] 296.00-297.00 sec   354 KBytes  2.90 Mbits/sec  2.083 ms  785/1087 (72%)  
[  5] 297.00-298.00 sec   398 KBytes  3.26 Mbits/sec  2.483 ms  931/1271 (73%)  
[  5] 298.00-299.00 sec   411 KBytes  3.37 Mbits/sec  2.236 ms  944/1295 (73%)  
[  5] 299.00-300.00 sec   356 KBytes  2.92 Mbits/sec  2.232 ms  808/1112 (73%)  
[  5] 300.00-301.00 sec   412 KBytes  3.38 Mbits/sec  2.263 ms  964/1316 (73%)  
[  5] 301.00-302.00 sec   395 KBytes  3.24 Mbits/sec  2.506 ms  954/1291 (74%)  
[  5] 302.00-303.00 sec   412 KBytes  3.38 Mbits/sec  2.339 ms  1005/1357 (74%)  
[  5] 303.00-304.00 sec   412 KBytes  3.38 Mbits/sec  2.241 ms  995/1347 (74%)  
[  5] 304.00-305.00 sec   395 KBytes  3.24 Mbits/sec  2.692 ms  962/1299 (74%)  
[  5] 305.00-306.00 sec   412 KBytes  3.38 Mbits/sec  2.124 ms  987/1339 (74%)  
[  5] 306.00-307.00 sec   355 KBytes  2.91 Mbits/sec  2.272 ms  852/1155 (74%)  
[  5] 307.00-308.00 sec   393 KBytes  3.21 Mbits/sec  2.321 ms  912/1247 (73%)  
[  5] 308.00-309.00 sec   411 KBytes  3.37 Mbits/sec  2.400 ms  976/1327 (74%)  
[  5] 309.00-310.00 sec   416 KBytes  3.41 Mbits/sec  2.119 ms  972/1327 (73%)  
[  5] 310.00-311.00 sec   393 KBytes  3.22 Mbits/sec  2.806 ms  916/1251 (73%)  
[  5] 311.00-312.00 sec   416 KBytes  3.41 Mbits/sec  2.145 ms  968/1323 (73%)  
[  5] 312.00-313.00 sec   411 KBytes  3.37 Mbits/sec  2.341 ms  947/1298 (73%)  
[  5] 313.00-314.00 sec   357 KBytes  2.92 Mbits/sec  2.169 ms  843/1148 (73%)  
[  5] 314.00-315.00 sec   395 KBytes  3.24 Mbits/sec  2.396 ms  935/1272 (74%)  
[  5] 315.00-316.00 sec   412 KBytes  3.38 Mbits/sec  2.018 ms  973/1325 (73%)  
[  5] 316.00-317.00 sec   352 KBytes  2.88 Mbits/sec  2.248 ms  828/1128 (73%)  
[  5] 317.00-318.00 sec   416 KBytes  3.41 Mbits/sec  2.313 ms  1093/1448 (75%)  
[  5] 318.00-319.00 sec   352 KBytes  2.88 Mbits/sec  2.509 ms  900/1200 (75%)  
[  5] 319.00-320.00 sec   356 KBytes  2.92 Mbits/sec  2.292 ms  919/1223 (75%)  
[  5] 320.00-321.00 sec   356 KBytes  2.92 Mbits/sec  2.261 ms  910/1214 (75%)  
[  5] 321.00-322.00 sec   292 KBytes  2.39 Mbits/sec  2.628 ms  743/992 (75%)  
[  5] 322.00-323.00 sec   356 KBytes  2.92 Mbits/sec  2.638 ms  851/1155 (74%)  
[  5] 323.00-324.00 sec   355 KBytes  2.91 Mbits/sec  2.256 ms  832/1135 (73%)  
[  5] 324.00-325.00 sec   257 KBytes  2.10 Mbits/sec  2.977 ms  582/801 (73%)  
[  5] 325.00-326.00 sec   352 KBytes  2.88 Mbits/sec  2.548 ms  790/1090 (72%)  
[  5] 326.00-327.00 sec   355 KBytes  2.91 Mbits/sec  2.573 ms  807/1110 (73%)  
[  5] 327.00-328.00 sec   357 KBytes  2.93 Mbits/sec  2.451 ms  801/1106 (72%)  
[  5] 328.00-329.00 sec   353 KBytes  2.89 Mbits/sec  2.418 ms  790/1091 (72%)  
[  5] 329.00-330.00 sec   355 KBytes  2.91 Mbits/sec  2.408 ms  802/1105 (73%)  
[  5] 330.00-331.00 sec   371 KBytes  3.05 Mbits/sec  2.264 ms  849/1166 (73%)  
[  5] 331.00-332.00 sec   336 KBytes  2.76 Mbits/sec  2.372 ms  776/1063 (73%)  
[  5] 332.00-333.00 sec   355 KBytes  2.90 Mbits/sec  2.438 ms  845/1148 (74%)  
[  5] 333.00-334.00 sec   373 KBytes  3.06 Mbits/sec  2.078 ms  870/1188 (73%)  
[  5] 334.00-335.00 sec   336 KBytes  2.76 Mbits/sec  2.752 ms  790/1077 (73%)  
[  5] 335.00-336.00 sec   411 KBytes  3.37 Mbits/sec  2.237 ms  944/1295 (73%)  
[  5] 336.00-337.00 sec   316 KBytes  2.59 Mbits/sec  2.278 ms  726/996 (73%)  
[  5] 337.00-338.00 sec   356 KBytes  2.92 Mbits/sec  2.205 ms  800/1104 (72%)  
[  5] 338.00-339.00 sec   350 KBytes  2.87 Mbits/sec  2.218 ms  782/1081 (72%)  
[  5] 339.00-340.00 sec   357 KBytes  2.93 Mbits/sec  2.302 ms  806/1111 (73%)  
[  5] 340.00-341.00 sec   295 KBytes  2.42 Mbits/sec  2.767 ms  696/948 (73%)  
[  5] 341.00-342.00 sec   352 KBytes  2.88 Mbits/sec  2.801 ms  820/1120 (73%)  
[  5] 342.00-343.00 sec   357 KBytes  2.93 Mbits/sec  2.501 ms  811/1116 (73%)  
[  5] 343.00-344.00 sec   355 KBytes  2.91 Mbits/sec  2.672 ms  899/1202 (75%)  
[  5] 344.00-345.00 sec   371 KBytes  3.04 Mbits/sec  2.258 ms  913/1230 (74%)  
[  5] 345.00-346.00 sec   298 KBytes  2.44 Mbits/sec  2.104 ms  712/966 (74%)  
[  5] 346.00-347.00 sec   355 KBytes  2.91 Mbits/sec  2.302 ms  889/1192 (75%)  
[  5] 347.00-348.00 sec   352 KBytes  2.88 Mbits/sec  2.630 ms  988/1288 (77%)  
[  5] 348.00-349.00 sec   357 KBytes  2.93 Mbits/sec  2.730 ms  1013/1318 (77%)  
[  5] 349.00-350.00 sec   295 KBytes  2.42 Mbits/sec  2.723 ms  864/1116 (77%)  
[  5] 350.00-351.00 sec   315 KBytes  2.58 Mbits/sec  2.526 ms  887/1156 (77%)  
[  5] 351.00-352.00 sec   353 KBytes  2.89 Mbits/sec  2.866 ms  971/1272 (76%)  
[  5] 352.00-353.00 sec   296 KBytes  2.43 Mbits/sec  2.816 ms  1045/1298 (81%)  
[  5] 353.00-354.00 sec   375 KBytes  3.07 Mbits/sec  2.417 ms  1020/1340 (76%)  
[  5] 354.00-355.00 sec   292 KBytes  2.39 Mbits/sec  2.581 ms  861/1110 (78%)  
[  5] 355.00-356.00 sec   356 KBytes  2.92 Mbits/sec  2.792 ms  944/1248 (76%)  
[  5] 356.00-357.00 sec   315 KBytes  2.58 Mbits/sec  2.598 ms  820/1089 (75%)  
[  5] 357.00-358.00 sec   353 KBytes  2.89 Mbits/sec  2.501 ms  926/1227 (75%)  
[  5] 358.00-359.00 sec   356 KBytes  2.92 Mbits/sec  2.146 ms  924/1228 (75%)  
[  5] 359.00-360.00 sec   355 KBytes  2.91 Mbits/sec  2.549 ms  954/1257 (76%)  
[  5] 360.00-361.00 sec   393 KBytes  3.22 Mbits/sec  2.485 ms  1008/1343 (75%)  
[  5] 361.00-362.00 sec   356 KBytes  2.92 Mbits/sec  2.509 ms  928/1232 (75%)  
[  5] 362.00-363.00 sec   355 KBytes  2.91 Mbits/sec  2.422 ms  904/1207 (75%)  
[  5] 363.00-364.00 sec   353 KBytes  2.89 Mbits/sec  2.871 ms  932/1233 (76%)  
[  5] 364.00-365.00 sec   355 KBytes  2.91 Mbits/sec  2.585 ms  1038/1341 (77%)  
[  5] 365.00-366.00 sec   371 KBytes  3.04 Mbits/sec  2.311 ms  986/1303 (76%)  
[  5] 366.00-367.00 sec   398 KBytes  3.26 Mbits/sec  2.425 ms  1093/1433 (76%)  
[  5] 367.00-368.00 sec   349 KBytes  2.86 Mbits/sec  2.473 ms  999/1297 (77%)  
[  5] 368.00-369.00 sec   357 KBytes  2.93 Mbits/sec  2.602 ms  1012/1317 (77%)  
[  5] 369.00-370.00 sec   412 KBytes  3.38 Mbits/sec  2.504 ms  1135/1487 (76%)  
[  5] 370.00-371.00 sec   355 KBytes  2.91 Mbits/sec  2.342 ms  972/1275 (76%)  
[  5] 371.00-372.00 sec   352 KBytes  2.88 Mbits/sec  2.443 ms  919/1219 (75%)  
[  5] 372.00-373.00 sec   357 KBytes  2.93 Mbits/sec  2.277 ms  1017/1322 (77%)  
[  5] 373.00-374.00 sec   354 KBytes  2.90 Mbits/sec  2.607 ms  1008/1310 (77%)  
[  5] 374.00-375.00 sec   353 KBytes  2.89 Mbits/sec  3.028 ms  993/1294 (77%)  
[  5] 375.00-376.00 sec   357 KBytes  2.93 Mbits/sec  2.606 ms  984/1289 (76%)  
[  5] 376.00-377.00 sec   355 KBytes  2.91 Mbits/sec  3.106 ms  991/1294 (77%)  
[  5] 377.00-378.00 sec   353 KBytes  2.89 Mbits/sec  2.710 ms  1091/1392 (78%)  
[  5] 378.00-379.00 sec   355 KBytes  2.91 Mbits/sec  2.763 ms  1098/1401 (78%)  
[  5] 379.00-380.00 sec   356 KBytes  2.92 Mbits/sec  2.497 ms  1060/1364 (78%)  
[  5] 380.00-381.00 sec   352 KBytes  2.88 Mbits/sec  2.573 ms  997/1297 (77%)  
[  5] 381.00-382.00 sec   416 KBytes  3.41 Mbits/sec  2.465 ms  1192/1547 (77%)  
[  5] 382.00-383.00 sec   352 KBytes  2.88 Mbits/sec  2.601 ms  1094/1394 (78%)  
[  5] 383.00-384.00 sec   357 KBytes  2.92 Mbits/sec  2.355 ms  1006/1311 (77%)  
[  5] 384.00-385.00 sec   355 KBytes  2.91 Mbits/sec  2.293 ms  924/1227 (75%)  
[  5] 385.00-386.00 sec   411 KBytes  3.37 Mbits/sec  2.326 ms  1066/1417 (75%)  
[  5] 386.00-387.00 sec   353 KBytes  2.89 Mbits/sec  2.408 ms  874/1175 (74%)  
[  5] 387.00-388.00 sec   355 KBytes  2.91 Mbits/sec  2.222 ms  913/1216 (75%)  
[  5] 388.00-389.00 sec   357 KBytes  2.93 Mbits/sec  2.256 ms  977/1282 (76%)  
[  5] 389.00-390.00 sec   352 KBytes  2.88 Mbits/sec  2.286 ms  908/1208 (75%)  
[  5] 390.00-391.00 sec   355 KBytes  2.91 Mbits/sec  2.390 ms  936/1239 (76%)  
[  5] 391.00-392.00 sec   353 KBytes  2.89 Mbits/sec  2.277 ms  883/1184 (75%)  
[  5] 392.00-393.00 sec   356 KBytes  2.92 Mbits/sec  2.273 ms  900/1204 (75%)  
[  5] 393.00-394.00 sec   415 KBytes  3.40 Mbits/sec  2.356 ms  1050/1404 (75%)  
[  5] 394.00-395.00 sec   353 KBytes  2.89 Mbits/sec  2.300 ms  891/1192 (75%)  
[  5] 395.00-396.00 sec   356 KBytes  2.92 Mbits/sec  2.314 ms  887/1191 (74%)  
[  5] 396.00-397.00 sec   350 KBytes  2.87 Mbits/sec  2.333 ms  880/1179 (75%)  
[  5] 397.00-398.00 sec   357 KBytes  2.93 Mbits/sec  2.466 ms  961/1266 (76%)  
[  5] 398.00-399.00 sec   355 KBytes  2.91 Mbits/sec  2.474 ms  963/1266 (76%)  
[  5] 399.00-400.00 sec   352 KBytes  2.87 Mbits/sec  2.568 ms  946/1246 (76%)  
[  5] 400.00-401.00 sec   398 KBytes  3.27 Mbits/sec  2.526 ms  1046/1386 (75%)  
[  5] 401.00-402.00 sec   369 KBytes  3.02 Mbits/sec  2.397 ms  954/1269 (75%)  
[  5] 402.00-403.00 sec   357 KBytes  2.93 Mbits/sec  2.377 ms  940/1245 (76%)  
[  5] 403.00-404.00 sec   352 KBytes  2.88 Mbits/sec  2.475 ms  907/1207 (75%)  
[  5] 404.00-405.00 sec   355 KBytes  2.91 Mbits/sec  2.414 ms  910/1213 (75%)  
[  5] 405.00-406.00 sec   357 KBytes  2.93 Mbits/sec  2.327 ms  947/1252 (76%)  
[  5] 406.00-407.00 sec   353 KBytes  2.89 Mbits/sec  2.438 ms  932/1233 (76%)  
[  5] 407.00-408.00 sec   293 KBytes  2.40 Mbits/sec  2.843 ms  756/1006 (75%)  
[  5] 408.00-409.00 sec   357 KBytes  2.93 Mbits/sec  2.567 ms  943/1248 (76%)  
[  5] 409.00-410.00 sec   353 KBytes  2.89 Mbits/sec  3.062 ms  895/1196 (75%)  
