Connecting to host 172.22.0.50, port 5202
Reverse mode, remote host 172.22.0.50 is sending
[  5] local 192.168.102.2 port 46132 connected to 172.22.0.50 port 5202
[ ID] Interval           Transfer     Bitrate         Jitter    Lost/Total Datagrams
[  5]   0.00-1.00   sec   440 KBytes  3.61 Mbits/sec  0.311 ms  0/4509 (0%)  
[  5]   1.00-2.00   sec   440 KBytes  3.60 Mbits/sec  0.322 ms  0/4501 (0%)  
[  5]   2.00-3.00   sec   439 KBytes  3.60 Mbits/sec  0.300 ms  0/4497 (0%)  
[  5]   3.00-4.00   sec   439 KBytes  3.60 Mbits/sec  0.267 ms  0/4497 (0%)  
[  5]   4.00-5.00   sec   438 KBytes  3.58 Mbits/sec  0.457 ms  0/4481 (0%)  
[  5]   5.00-6.00   sec   439 KBytes  3.59 Mbits/sec  0.296 ms  0/4491 (0%)  
[  5]   6.00-7.00   sec   440 KBytes  3.61 Mbits/sec  0.258 ms  0/4507 (0%)  
[  5]   7.00-8.00   sec   438 KBytes  3.59 Mbits/sec  0.346 ms  0/4488 (0%)  
[  5]   8.00-9.00   sec   434 KBytes  3.56 Mbits/sec  0.591 ms  0/4448 (0%)  
[  5]   9.00-10.00  sec   448 KBytes  3.67 Mbits/sec  0.209 ms  0/4583 (0%)  
[  5]  10.00-11.00  sec   438 KBytes  3.58 Mbits/sec  0.224 ms  0/4480 (0%)  
[  5]  11.00-12.00  sec   440 KBytes  3.61 Mbits/sec  0.340 ms  0/4508 (0%)  
[  5]  12.00-13.00  sec   435 KBytes  3.56 Mbits/sec  0.330 ms  0/4455 (0%)  
[  5]  13.00-14.00  sec   443 KBytes  3.63 Mbits/sec  0.495 ms  0/4536 (0%)  
[  5]  14.00-15.00  sec   440 KBytes  3.61 Mbits/sec  0.307 ms  0/4509 (0%)  
[  5]  15.00-16.00  sec   441 KBytes  3.61 Mbits/sec  0.233 ms  0/4517 (0%)  
[  5]  16.00-17.00  sec   439 KBytes  3.59 Mbits/sec  0.312 ms  0/4493 (0%)  
[  5]  17.00-18.00  sec   440 KBytes  3.60 Mbits/sec  0.306 ms  0/4501 (0%)  
[  5]  18.00-19.00  sec   378 KBytes  3.09 Mbits/sec  0.438 ms  0/3869 (0%)  
[  5]  19.00-20.00  sec   361 KBytes  2.96 Mbits/sec  0.466 ms  0/3692 (0%)  
[  5]  20.00-21.00  sec   365 KBytes  2.99 Mbits/sec  0.444 ms  0/3737 (0%)  
[  5]  21.00-22.00  sec   362 KBytes  2.97 Mbits/sec  0.311 ms  0/3710 (0%)  
[  5]  22.00-23.00  sec   346 KBytes  2.84 Mbits/sec  0.615 ms  0/3544 (0%)  
[  5]  23.00-24.00  sec   374 KBytes  3.06 Mbits/sec  0.423 ms  0/3831 (0%)  
[  5]  24.00-25.00  sec   381 KBytes  3.12 Mbits/sec  0.467 ms  0/3904 (0%)  
[  5]  25.00-26.00  sec   391 KBytes  3.20 Mbits/sec  0.295 ms  0/4004 (0%)  
[  5]  26.00-27.00  sec   402 KBytes  3.29 Mbits/sec  0.316 ms  0/4113 (0%)  
[  5]  27.00-28.00  sec   404 KBytes  3.30 Mbits/sec  0.366 ms  0/4134 (0%)  
[  5]  28.00-29.00  sec   403 KBytes  3.31 Mbits/sec  0.324 ms  0/4129 (0%)  
[  5]  29.00-30.00  sec   399 KBytes  3.27 Mbits/sec  0.305 ms  0/4089 (0%)  
[  5]  30.00-31.00  sec   383 KBytes  3.13 Mbits/sec  0.532 ms  0/3919 (0%)  
[  5]  31.00-32.00  sec   397 KBytes  3.26 Mbits/sec  0.365 ms  0/4070 (0%)  
[  5]  32.00-33.00  sec   393 KBytes  3.22 Mbits/sec  0.375 ms  0/4026 (0%)  
[  5]  33.00-34.00  sec   394 KBytes  3.22 Mbits/sec  0.389 ms  0/4034 (0%)  
[  5]  34.00-35.00  sec   396 KBytes  3.25 Mbits/sec  0.324 ms  0/4053 (0%)  
[  5]  35.00-36.00  sec   385 KBytes  3.15 Mbits/sec  0.419 ms  0/3942 (0%)  
[  5]  36.00-37.00  sec   388 KBytes  3.18 Mbits/sec  0.389 ms  0/3977 (0%)  
[  5]  37.00-38.00  sec   383 KBytes  3.14 Mbits/sec  0.338 ms  0/3923 (0%)  
[  5]  38.00-39.00  sec   383 KBytes  3.14 Mbits/sec  0.308 ms  0/3924 (0%)  
[  5]  39.00-40.00  sec   391 KBytes  3.20 Mbits/sec  0.328 ms  0/4002 (0%)  
[  5]  40.00-41.00  sec   389 KBytes  3.18 Mbits/sec  0.356 ms  0/3980 (0%)  
[  5]  41.00-42.00  sec   396 KBytes  3.24 Mbits/sec  0.420 ms  0/4055 (0%)  
[  5]  42.00-43.00  sec   393 KBytes  3.22 Mbits/sec  0.336 ms  0/4020 (0%)  
[  5]  43.00-44.00  sec   380 KBytes  3.11 Mbits/sec  0.366 ms  0/3892 (0%)  
[  5]  44.00-45.00  sec   379 KBytes  3.10 Mbits/sec  0.309 ms  0/3880 (0%)  
[  5]  45.00-46.00  sec   382 KBytes  3.13 Mbits/sec  0.367 ms  0/3915 (0%)  
[  5]  46.00-47.00  sec   375 KBytes  3.07 Mbits/sec  0.319 ms  0/3843 (0%)  
[  5]  47.00-48.00  sec   376 KBytes  3.08 Mbits/sec  0.316 ms  0/3849 (0%)  
[  5]  48.00-49.00  sec   387 KBytes  3.17 Mbits/sec  0.350 ms  0/3967 (0%)  
[  5]  49.00-50.00  sec   396 KBytes  3.24 Mbits/sec  0.316 ms  0/4053 (0%)  
[  5]  50.00-51.00  sec   413 KBytes  3.39 Mbits/sec  0.262 ms  0/4233 (0%)  
[  5]  51.00-52.00  sec   430 KBytes  3.52 Mbits/sec  0.403 ms  0/4400 (0%)  
[  5]  52.00-53.00  sec   303 KBytes  2.48 Mbits/sec  0.333 ms  0/3104 (0%)  
[  5]  53.00-54.00  sec   410 KBytes  3.36 Mbits/sec  0.381 ms  0/4202 (0%)  
[  5]  54.00-55.00  sec   397 KBytes  3.25 Mbits/sec  0.314 ms  0/4065 (0%)  
[  5]  55.00-56.00  sec   396 KBytes  3.25 Mbits/sec  0.335 ms  0/4060 (0%)  
[  5]  56.00-57.00  sec   402 KBytes  3.30 Mbits/sec  0.355 ms  0/4120 (0%)  
[  5]  57.00-58.00  sec   408 KBytes  3.34 Mbits/sec  0.384 ms  1404/5583 (25%)  
[  5]  58.00-59.00  sec   417 KBytes  3.41 Mbits/sec  0.300 ms  0/4268 (0%)  
[  5]  59.00-60.00  sec   413 KBytes  3.38 Mbits/sec  0.366 ms  0/4228 (0%)  
[  5]  60.00-61.00  sec   427 KBytes  3.50 Mbits/sec  0.302 ms  0/4369 (0%)  
[  5]  61.00-62.00  sec   428 KBytes  3.50 Mbits/sec  0.286 ms  0/4381 (0%)  
[  5]  62.00-63.00  sec   416 KBytes  3.41 Mbits/sec  0.381 ms  0/4264 (0%)  
[  5]  63.00-64.00  sec   419 KBytes  3.43 Mbits/sec  0.349 ms  0/4303 (0%)  
[  5]  64.00-65.00  sec   409 KBytes  3.35 Mbits/sec  0.307 ms  0/4185 (0%)  
[  5]  65.00-66.00  sec   412 KBytes  3.37 Mbits/sec  0.331 ms  0/4214 (0%)  
[  5]  66.00-67.00  sec   371 KBytes  3.04 Mbits/sec  0.366 ms  0/3804 (0%)  
[  5]  67.00-68.00  sec   289 KBytes  2.36 Mbits/sec  0.337 ms  0/2955 (0%)  
[  5]  68.00-69.00  sec   282 KBytes  2.31 Mbits/sec  0.383 ms  0/2887 (0%)  
[  5]  69.00-70.00  sec   275 KBytes  2.26 Mbits/sec  0.373 ms  0/2817 (0%)  
[  5]  70.00-71.00  sec   311 KBytes  2.55 Mbits/sec  0.246 ms  0/3184 (0%)  
[  5]  71.00-72.00  sec   303 KBytes  2.48 Mbits/sec  0.379 ms  0/3106 (0%)  
[  5]  72.00-73.00  sec   292 KBytes  2.40 Mbits/sec  0.322 ms  0/2990 (0%)  
[  5]  73.00-74.00  sec   291 KBytes  2.38 Mbits/sec  0.385 ms  0/2979 (0%)  
[  5]  74.00-75.00  sec   291 KBytes  2.38 Mbits/sec  0.400 ms  0/2980 (0%)  
[  5]  75.00-76.00  sec   274 KBytes  2.24 Mbits/sec  0.687 ms  0/2804 (0%)  
[  5]  76.00-77.00  sec   224 KBytes  1.84 Mbits/sec  0.416 ms  0/2296 (0%)  
[  5]  77.00-78.00  sec   283 KBytes  2.31 Mbits/sec  0.639 ms  0/2899 (0%)  
[  5]  78.00-79.00  sec   266 KBytes  2.19 Mbits/sec  0.494 ms  0/2725 (0%)  
[  5]  79.00-80.00  sec   252 KBytes  2.06 Mbits/sec  0.365 ms  0/2576 (0%)  
[  5]  80.00-81.00  sec   275 KBytes  2.25 Mbits/sec  0.556 ms  0/2812 (0%)  
[  5]  81.00-82.00  sec   288 KBytes  2.36 Mbits/sec  0.546 ms  0/2949 (0%)  
[  5]  82.00-83.00  sec   337 KBytes  2.76 Mbits/sec  0.560 ms  0/3449 (0%)  
[  5]  83.00-84.00  sec   331 KBytes  2.70 Mbits/sec  0.375 ms  0/3389 (0%)  
[  5]  84.00-85.00  sec   329 KBytes  2.70 Mbits/sec  0.504 ms  0/3369 (0%)  
[  5]  85.00-86.00  sec   364 KBytes  2.98 Mbits/sec  0.285 ms  0/3725 (0%)  
[  5]  86.00-87.00  sec   365 KBytes  2.99 Mbits/sec  0.402 ms  0/3737 (0%)  
[  5]  87.00-88.00  sec   370 KBytes  3.03 Mbits/sec  0.322 ms  0/3792 (0%)  
[  5]  88.00-89.00  sec   351 KBytes  2.88 Mbits/sec  0.332 ms  0/3596 (0%)  
[  5]  89.00-90.00  sec   333 KBytes  2.73 Mbits/sec  0.532 ms  0/3414 (0%)  
[  5]  90.00-91.00  sec   295 KBytes  2.42 Mbits/sec  0.459 ms  0/3017 (0%)  
[  5]  91.00-92.00  sec   287 KBytes  2.35 Mbits/sec  0.341 ms  0/2934 (0%)  
[  5]  92.00-93.00  sec   312 KBytes  2.55 Mbits/sec  0.290 ms  0/3192 (0%)  
[  5]  93.00-94.00  sec   328 KBytes  2.69 Mbits/sec  0.319 ms  0/3363 (0%)  
[  5]  94.00-95.00  sec   250 KBytes  2.05 Mbits/sec  0.689 ms  0/2562 (0%)  
[  5]  95.00-96.00  sec   339 KBytes  2.78 Mbits/sec  0.318 ms  0/3471 (0%)  
[  5]  96.00-97.00  sec   378 KBytes  3.10 Mbits/sec  0.333 ms  0/3872 (0%)  
[  5]  97.00-98.00  sec   312 KBytes  2.56 Mbits/sec  0.381 ms  0/3199 (0%)  
[  5]  98.00-99.00  sec   296 KBytes  2.42 Mbits/sec  0.337 ms  0/3028 (0%)  
[  5]  99.00-100.00 sec   354 KBytes  2.90 Mbits/sec  0.465 ms  0/3623 (0%)  
[  5] 100.00-101.00 sec   404 KBytes  3.31 Mbits/sec  0.337 ms  0/4135 (0%)  
[  5] 101.00-102.00 sec   406 KBytes  3.33 Mbits/sec  0.338 ms  0/4160 (0%)  
[  5] 102.00-103.00 sec   417 KBytes  3.42 Mbits/sec  0.432 ms  0/4270 (0%)  
[  5] 103.00-104.00 sec   410 KBytes  3.35 Mbits/sec  0.289 ms  0/4195 (0%)  
[  5] 104.00-105.00 sec   399 KBytes  3.27 Mbits/sec  0.379 ms  0/4084 (0%)  
[  5] 105.00-106.00 sec   401 KBytes  3.29 Mbits/sec  0.359 ms  0/4111 (0%)  
[  5] 106.00-107.00 sec   420 KBytes  3.44 Mbits/sec  0.373 ms  0/4301 (0%)  
[  5] 107.00-108.00 sec   381 KBytes  3.12 Mbits/sec  0.338 ms  0/3898 (0%)  
[  5] 108.00-109.00 sec   364 KBytes  2.99 Mbits/sec  0.368 ms  0/3730 (0%)  
[  5] 109.00-110.00 sec   413 KBytes  3.38 Mbits/sec  0.297 ms  0/4226 (0%)  
[  5] 110.00-111.00 sec   408 KBytes  3.34 Mbits/sec  0.350 ms  0/4177 (0%)  
[  5] 111.00-112.00 sec   411 KBytes  3.37 Mbits/sec  0.361 ms  0/4208 (0%)  
[  5] 112.00-113.00 sec   396 KBytes  3.24 Mbits/sec  0.355 ms  0/4050 (0%)  
[  5] 113.00-114.00 sec   387 KBytes  3.17 Mbits/sec  0.357 ms  0/3959 (0%)  
[  5] 114.00-115.00 sec   402 KBytes  3.30 Mbits/sec  0.371 ms  0/4121 (0%)  
[  5] 115.00-116.00 sec   405 KBytes  3.32 Mbits/sec  0.383 ms  0/4147 (0%)  
[  5] 116.00-117.00 sec   403 KBytes  3.30 Mbits/sec  0.418 ms  0/4127 (0%)  
[  5] 117.00-118.00 sec   409 KBytes  3.35 Mbits/sec  0.305 ms  0/4189 (0%)  
[  5] 118.00-119.00 sec   420 KBytes  3.44 Mbits/sec  0.342 ms  0/4301 (0%)  
[  5] 119.00-120.00 sec   428 KBytes  3.51 Mbits/sec  0.360 ms  0/4393 (0%)  
[  5] 120.00-121.00 sec   405 KBytes  3.32 Mbits/sec  0.303 ms  0/4150 (0%)  
[  5] 121.00-122.00 sec   407 KBytes  3.33 Mbits/sec  0.302 ms  0/4169 (0%)  
[  5] 122.00-123.00 sec   395 KBytes  3.24 Mbits/sec  0.304 ms  0/4045 (0%)  
[  5] 123.00-124.00 sec   403 KBytes  3.30 Mbits/sec  0.425 ms  0/4126 (0%)  
[  5] 124.00-125.00 sec   401 KBytes  3.29 Mbits/sec  0.360 ms  0/4110 (0%)  
[  5] 125.00-126.00 sec   404 KBytes  3.31 Mbits/sec  0.312 ms  0/4140 (0%)  
[  5] 126.00-127.00 sec   415 KBytes  3.40 Mbits/sec  0.399 ms  0/4251 (0%)  
[  5] 127.00-128.00 sec   418 KBytes  3.42 Mbits/sec  0.365 ms  0/4276 (0%)  
[  5] 128.00-129.00 sec   398 KBytes  3.26 Mbits/sec  0.427 ms  0/4073 (0%)  
[  5] 129.00-130.00 sec   399 KBytes  3.27 Mbits/sec  0.682 ms  0/4090 (0%)  
[  5] 130.00-131.00 sec   410 KBytes  3.36 Mbits/sec  0.322 ms  0/4197 (0%)  
[  5] 131.00-132.00 sec   408 KBytes  3.35 Mbits/sec  0.295 ms  0/4183 (0%)  
[  5] 132.00-133.00 sec   399 KBytes  3.27 Mbits/sec  0.278 ms  0/4084 (0%)  
[  5] 133.00-134.00 sec   402 KBytes  3.29 Mbits/sec  0.469 ms  0/4115 (0%)  
[  5] 134.00-135.00 sec   398 KBytes  3.26 Mbits/sec  0.388 ms  0/4071 (0%)  
[  5] 135.00-136.00 sec   409 KBytes  3.35 Mbits/sec  0.375 ms  0/4185 (0%)  
[  5] 136.00-137.00 sec   411 KBytes  3.37 Mbits/sec  0.289 ms  0/4211 (0%)  
[  5] 137.00-138.00 sec   410 KBytes  3.35 Mbits/sec  0.398 ms  0/4194 (0%)  
[  5] 138.00-139.00 sec   403 KBytes  3.30 Mbits/sec  0.371 ms  0/4128 (0%)  
[  5] 139.00-140.00 sec   411 KBytes  3.36 Mbits/sec  0.239 ms  0/4206 (0%)  
[  5] 140.00-141.00 sec   408 KBytes  3.35 Mbits/sec  0.456 ms  0/4182 (0%)  
[  5] 141.00-142.00 sec   415 KBytes  3.40 Mbits/sec  0.305 ms  0/4254 (0%)  
[  5] 142.00-143.00 sec   328 KBytes  2.69 Mbits/sec  0.201 ms  128/3488 (3.7%)  
[  5] 143.00-144.00 sec   362 KBytes  2.96 Mbits/sec  0.217 ms  528/4230 (12%)  
[  5] 144.00-145.00 sec   453 KBytes  3.72 Mbits/sec  0.258 ms  419/5058 (8.3%)  
[  5] 145.00-146.00 sec   286 KBytes  2.34 Mbits/sec  0.218 ms  657/3586 (18%)  
[  5] 146.00-147.00 sec   422 KBytes  3.46 Mbits/sec  0.220 ms  833/5156 (16%)  
[  5] 147.00-148.00 sec   394 KBytes  3.22 Mbits/sec  0.218 ms  369/4401 (8.4%)  
[  5] 148.00-149.00 sec   419 KBytes  3.43 Mbits/sec  0.217 ms  375/4662 (8%)  
[  5] 149.00-150.00 sec   388 KBytes  3.18 Mbits/sec  0.218 ms  641/4613 (14%)  
[  5] 150.00-151.00 sec   363 KBytes  2.97 Mbits/sec  0.219 ms  499/4214 (12%)  
[  5] 151.00-152.00 sec   387 KBytes  3.17 Mbits/sec  0.228 ms  920/4886 (19%)  
[  5] 152.00-153.00 sec   351 KBytes  2.87 Mbits/sec  0.562 ms  657/4247 (15%)  
[  5] 153.00-154.00 sec   418 KBytes  3.42 Mbits/sec  0.409 ms  496/4776 (10%)  
[  5] 154.00-155.00 sec   345 KBytes  2.83 Mbits/sec  0.221 ms  633/4164 (15%)  
[  5] 155.00-156.00 sec   399 KBytes  3.27 Mbits/sec  0.214 ms  793/4883 (16%)  
[  5] 156.00-157.00 sec   327 KBytes  2.68 Mbits/sec  0.266 ms  423/3768 (11%)  
[  5] 157.00-158.00 sec   415 KBytes  3.40 Mbits/sec  0.212 ms  871/5120 (17%)  
[  5] 158.00-159.00 sec   369 KBytes  3.02 Mbits/sec  0.213 ms  230/4004 (5.7%)  
[  5] 159.00-160.00 sec   430 KBytes  3.53 Mbits/sec  0.216 ms  670/5077 (13%)  
[  5] 160.00-161.00 sec   344 KBytes  2.81 Mbits/sec  0.218 ms  242/3761 (6.4%)  
[  5] 161.00-162.00 sec   374 KBytes  3.06 Mbits/sec  0.976 ms  946/4771 (20%)  
[  5] 162.00-163.00 sec   414 KBytes  3.39 Mbits/sec  0.207 ms  646/4884 (13%)  
[  5] 163.00-164.00 sec   321 KBytes  2.63 Mbits/sec  0.274 ms  884/4173 (21%)  
[  5] 164.00-165.00 sec   433 KBytes  3.54 Mbits/sec  0.238 ms  685/5114 (13%)  
[  5] 165.00-166.00 sec   348 KBytes  2.85 Mbits/sec  0.216 ms  453/4017 (11%)  
[  5] 166.00-167.00 sec   430 KBytes  3.52 Mbits/sec  0.222 ms  270/4669 (5.8%)  
[  5] 167.00-168.00 sec   293 KBytes  2.40 Mbits/sec  0.229 ms  791/3794 (21%)  
[  5] 168.00-169.00 sec   418 KBytes  3.43 Mbits/sec  0.216 ms  863/5146 (17%)  
[  5] 169.00-170.00 sec   356 KBytes  2.91 Mbits/sec  0.218 ms  492/4134 (12%)  
[  5] 170.00-171.00 sec   400 KBytes  3.28 Mbits/sec  0.219 ms  308/4409 (7%)  
[  5] 171.00-172.00 sec   368 KBytes  3.02 Mbits/sec  0.213 ms  641/4408 (15%)  
[  5] 172.00-173.00 sec   430 KBytes  3.52 Mbits/sec  0.217 ms  487/4892 (10%)  
[  5] 173.00-174.00 sec   405 KBytes  3.32 Mbits/sec  0.217 ms  641/4785 (13%)  
[  5] 174.00-175.00 sec   359 KBytes  2.94 Mbits/sec  0.230 ms  839/4513 (19%)  
[  5] 175.00-176.00 sec   355 KBytes  2.91 Mbits/sec  0.309 ms  725/4360 (17%)  
[  5] 176.00-177.00 sec   408 KBytes  3.34 Mbits/sec  0.219 ms  516/4691 (11%)  
[  5] 177.00-178.00 sec   357 KBytes  2.92 Mbits/sec  0.201 ms  667/4321 (15%)  
[  5] 178.00-179.00 sec   344 KBytes  2.81 Mbits/sec  0.212 ms  322/3841 (8.4%)  
[  5] 179.00-180.00 sec   421 KBytes  3.45 Mbits/sec  0.216 ms  363/4673 (7.8%)  
[  5] 180.00-181.00 sec   355 KBytes  2.91 Mbits/sec  0.210 ms  385/4022 (9.6%)  
[  5] 181.00-182.00 sec   425 KBytes  3.49 Mbits/sec  0.236 ms  546/4902 (11%)  
[  5] 182.00-183.00 sec   387 KBytes  3.17 Mbits/sec  0.214 ms  768/4735 (16%)  
[  5] 183.00-184.00 sec   368 KBytes  3.01 Mbits/sec  0.247 ms  321/4089 (7.9%)  
[  5] 184.00-185.00 sec   429 KBytes  3.52 Mbits/sec  0.214 ms  488/4885 (10%)  
[  5] 185.00-186.00 sec   319 KBytes  2.62 Mbits/sec  0.232 ms  946/4216 (22%)  
[  5] 186.00-187.00 sec   416 KBytes  3.41 Mbits/sec  0.219 ms  715/4974 (14%)  
[  5] 187.00-188.00 sec   368 KBytes  3.02 Mbits/sec  0.206 ms  288/4056 (7.1%)  
[  5] 188.00-189.00 sec   406 KBytes  3.33 Mbits/sec  0.218 ms  622/4784 (13%)  
[  5] 189.00-190.00 sec   373 KBytes  3.06 Mbits/sec  0.185 ms  287/4107 (7%)  
[  5] 190.00-191.00 sec   418 KBytes  3.42 Mbits/sec  0.199 ms  463/4744 (9.8%)  
[  5] 191.00-192.00 sec   389 KBytes  3.19 Mbits/sec  0.218 ms  493/4477 (11%)  
[  5] 192.00-193.00 sec   385 KBytes  3.16 Mbits/sec  0.218 ms  422/4367 (9.7%)  
[  5] 193.00-194.00 sec   404 KBytes  3.31 Mbits/sec  0.215 ms  512/4649 (11%)  
[  5] 194.00-195.00 sec   350 KBytes  2.87 Mbits/sec  0.199 ms  509/4097 (12%)  
[  5] 195.00-196.00 sec   367 KBytes  3.01 Mbits/sec  0.235 ms  1295/5058 (26%)  
[  5] 196.00-197.00 sec   359 KBytes  2.94 Mbits/sec  0.215 ms  549/4221 (13%)  
[  5] 197.00-198.00 sec   398 KBytes  3.26 Mbits/sec  0.236 ms  852/4930 (17%)  
[  5] 198.00-199.00 sec   384 KBytes  3.15 Mbits/sec  0.220 ms  431/4368 (9.9%)  
[  5] 199.00-200.00 sec   412 KBytes  3.38 Mbits/sec  0.230 ms  392/4616 (8.5%)  
[  5] 200.00-201.00 sec   362 KBytes  2.96 Mbits/sec  0.210 ms  475/4178 (11%)  
[  5] 201.00-202.00 sec   435 KBytes  3.56 Mbits/sec  0.226 ms  375/4827 (7.8%)  
[  5] 202.00-203.00 sec   339 KBytes  2.78 Mbits/sec  0.227 ms  550/4019 (14%)  
[  5] 203.00-204.00 sec   424 KBytes  3.48 Mbits/sec  0.216 ms  373/4717 (7.9%)  
[  5] 204.00-205.00 sec   371 KBytes  3.04 Mbits/sec  0.217 ms  670/4464 (15%)  
[  5] 205.00-206.00 sec   396 KBytes  3.25 Mbits/sec  0.210 ms  571/4631 (12%)  
[  5] 206.00-207.00 sec   442 KBytes  3.62 Mbits/sec  0.217 ms  430/4959 (8.7%)  
[  5] 207.00-208.00 sec   314 KBytes  2.57 Mbits/sec  0.252 ms  933/4144 (23%)  
[  5] 208.00-209.00 sec   412 KBytes  3.37 Mbits/sec  0.209 ms  562/4777 (12%)  
[  5] 209.00-210.00 sec   371 KBytes  3.04 Mbits/sec  0.203 ms  296/4096 (7.2%)  
[  5] 210.00-211.00 sec   360 KBytes  2.95 Mbits/sec  0.217 ms  237/3925 (6%)  
[  5] 211.00-212.00 sec   442 KBytes  3.62 Mbits/sec  0.247 ms  525/5051 (10%)  
[  5] 212.00-213.00 sec   330 KBytes  2.70 Mbits/sec  0.211 ms  421/3798 (11%)  
[  5] 213.00-214.00 sec   396 KBytes  3.25 Mbits/sec  0.876 ms  600/4657 (13%)  
[  5] 214.00-215.00 sec   382 KBytes  3.13 Mbits/sec  0.298 ms  1220/5133 (24%)  
[  5] 215.00-216.00 sec   318 KBytes  2.61 Mbits/sec  0.194 ms  929/4189 (22%)  
[  5] 216.00-217.00 sec   403 KBytes  3.29 Mbits/sec  0.290 ms  733/4858 (15%)  
[  5] 217.00-218.00 sec   402 KBytes  3.30 Mbits/sec  0.214 ms  717/4830 (15%)  
[  5] 218.00-219.00 sec   321 KBytes  2.63 Mbits/sec  0.214 ms  749/4034 (19%)  
[  5] 219.00-220.00 sec   257 KBytes  2.11 Mbits/sec  0.219 ms  1518/4152 (37%)  
[  5] 220.00-221.00 sec   420 KBytes  3.44 Mbits/sec  0.214 ms  654/4959 (13%)  
[  5] 221.00-222.00 sec   358 KBytes  2.93 Mbits/sec  0.285 ms  470/4132 (11%)  
[  5] 222.00-223.00 sec   343 KBytes  2.81 Mbits/sec  0.211 ms  624/4140 (15%)  
[  5] 223.00-224.00 sec   426 KBytes  3.49 Mbits/sec  0.216 ms  476/4837 (9.8%)  
[  5] 224.00-225.00 sec   385 KBytes  3.15 Mbits/sec  0.215 ms  692/4635 (15%)  
[  5] 225.00-226.00 sec   368 KBytes  3.02 Mbits/sec  0.218 ms  192/3965 (4.8%)  
[  5] 226.00-227.00 sec   434 KBytes  3.55 Mbits/sec  0.237 ms  399/4842 (8.2%)  
[  5] 227.00-228.00 sec   366 KBytes  3.00 Mbits/sec  0.211 ms  447/4190 (11%)  
[  5] 228.00-229.00 sec   358 KBytes  2.93 Mbits/sec  0.234 ms  573/4236 (14%)  
[  5] 229.00-230.00 sec   352 KBytes  2.88 Mbits/sec  0.197 ms  668/4271 (16%)  
[  5] 230.00-231.00 sec   369 KBytes  3.02 Mbits/sec  0.217 ms  463/4242 (11%)  
[  5] 231.00-232.00 sec   362 KBytes  2.96 Mbits/sec  0.215 ms  669/4376 (15%)  
[  5] 232.00-233.00 sec   380 KBytes  3.11 Mbits/sec  0.218 ms  976/4867 (20%)  
[  5] 233.00-234.00 sec   328 KBytes  2.69 Mbits/sec  0.264 ms  374/3736 (10%)  
[  5] 234.00-235.00 sec   404 KBytes  3.31 Mbits/sec  0.211 ms  551/4691 (12%)  
[  5] 235.00-236.00 sec   335 KBytes  2.74 Mbits/sec  0.238 ms  291/3719 (7.8%)  
[  5] 236.00-237.00 sec   399 KBytes  3.27 Mbits/sec  0.216 ms  1073/5155 (21%)  
[  5] 237.00-238.00 sec   369 KBytes  3.02 Mbits/sec  0.201 ms  612/4387 (14%)  
[  5] 238.00-239.00 sec   400 KBytes  3.28 Mbits/sec  0.222 ms  657/4758 (14%)  
[  5] 239.00-240.00 sec   334 KBytes  2.74 Mbits/sec  0.208 ms  739/4164 (18%)  
[  5] 240.00-241.00 sec   416 KBytes  3.41 Mbits/sec  0.206 ms  660/4924 (13%)  
[  5] 241.00-242.00 sec   367 KBytes  3.00 Mbits/sec  0.220 ms  538/4296 (13%)  
[  5] 242.00-243.00 sec   364 KBytes  2.98 Mbits/sec  0.211 ms  499/4222 (12%)  
[  5] 243.00-244.00 sec   426 KBytes  3.49 Mbits/sec  0.210 ms  318/4676 (6.8%)  
[  5] 244.00-245.00 sec   377 KBytes  3.09 Mbits/sec  0.236 ms  273/4134 (6.6%)  
[  5] 245.00-246.00 sec   333 KBytes  2.73 Mbits/sec  0.282 ms  744/4158 (18%)  
[  5] 246.00-247.00 sec   387 KBytes  3.18 Mbits/sec  0.208 ms  776/4742 (16%)  
[  5] 247.00-248.00 sec   383 KBytes  3.13 Mbits/sec  0.235 ms  1344/5263 (26%)  
[  5] 248.00-249.00 sec   366 KBytes  3.00 Mbits/sec  0.209 ms  722/4469 (16%)  
[  5] 249.00-250.00 sec   421 KBytes  3.45 Mbits/sec  0.219 ms  757/5066 (15%)  
[  5] 250.00-251.00 sec   339 KBytes  2.78 Mbits/sec  0.201 ms  1132/4606 (25%)  
[  5] 251.00-252.00 sec   430 KBytes  3.52 Mbits/sec  0.210 ms  448/4848 (9.2%)  
[  5] 252.00-253.00 sec   328 KBytes  2.69 Mbits/sec  0.228 ms  891/4253 (21%)  
[  5] 253.00-254.00 sec   430 KBytes  3.52 Mbits/sec  0.238 ms  477/4879 (9.8%)  
[  5] 254.00-255.00 sec   381 KBytes  3.12 Mbits/sec  0.211 ms  377/4278 (8.8%)  
[  5] 255.00-256.00 sec   431 KBytes  3.53 Mbits/sec  0.210 ms  338/4749 (7.1%)  
[  5] 256.00-257.00 sec   351 KBytes  2.87 Mbits/sec  0.220 ms  322/3918 (8.2%)  
[  5] 257.00-258.00 sec   390 KBytes  3.20 Mbits/sec  0.213 ms  590/4585 (13%)  
[  5] 258.00-259.00 sec   375 KBytes  3.08 Mbits/sec  0.217 ms  873/4718 (19%)  
[  5] 259.00-260.00 sec   431 KBytes  3.53 Mbits/sec  0.214 ms  391/4806 (8.1%)  
[  5] 260.00-261.00 sec   322 KBytes  2.64 Mbits/sec  0.270 ms  964/4260 (23%)  
[  5] 261.00-262.00 sec   413 KBytes  3.39 Mbits/sec  0.217 ms  612/4842 (13%)  
[  5] 262.00-263.00 sec   380 KBytes  3.11 Mbits/sec  0.240 ms  450/4340 (10%)  
[  5] 263.00-264.00 sec   398 KBytes  3.27 Mbits/sec  0.219 ms  753/4833 (16%)  
[  5] 264.00-265.00 sec   358 KBytes  2.93 Mbits/sec  0.201 ms  612/4282 (14%)  
[  5] 265.00-266.00 sec   406 KBytes  3.33 Mbits/sec  0.222 ms  753/4912 (15%)  
[  5] 266.00-267.00 sec   350 KBytes  2.87 Mbits/sec  0.239 ms  580/4166 (14%)  
[  5] 267.00-268.00 sec   417 KBytes  3.42 Mbits/sec  0.215 ms  289/4559 (6.3%)  
[  5] 268.00-269.00 sec   351 KBytes  2.87 Mbits/sec  0.212 ms  618/4208 (15%)  
[  5] 269.00-270.00 sec   416 KBytes  3.41 Mbits/sec  0.214 ms  653/4916 (13%)  
[  5] 270.00-271.00 sec   334 KBytes  2.74 Mbits/sec  0.217 ms  528/3947 (13%)  
[  5] 271.00-272.00 sec   440 KBytes  3.61 Mbits/sec  0.217 ms  593/5102 (12%)  
[  5] 272.00-273.00 sec   424 KBytes  3.47 Mbits/sec  0.206 ms  390/4731 (8.2%)  
[  5] 273.00-274.00 sec   328 KBytes  2.68 Mbits/sec  0.278 ms  681/4039 (17%)  
[  5] 274.00-275.00 sec   427 KBytes  3.50 Mbits/sec  0.202 ms  650/5018 (13%)  
[  5] 275.00-276.00 sec   368 KBytes  3.01 Mbits/sec  0.223 ms  303/4071 (7.4%)  
[  5] 276.00-277.00 sec   431 KBytes  3.53 Mbits/sec  0.224 ms  359/4777 (7.5%)  
[  5] 277.00-278.00 sec   334 KBytes  2.73 Mbits/sec  0.203 ms  688/4106 (17%)  
[  5] 278.00-279.00 sec   370 KBytes  3.03 Mbits/sec  0.217 ms  407/4193 (9.7%)  
[  5] 279.00-280.00 sec   399 KBytes  3.27 Mbits/sec  0.282 ms  774/4864 (16%)  
[  5] 280.00-281.00 sec   442 KBytes  3.62 Mbits/sec  0.214 ms  346/4869 (7.1%)  
[  5] 281.00-282.00 sec   368 KBytes  3.02 Mbits/sec  0.215 ms  275/4048 (6.8%)  
[  5] 282.00-283.00 sec   428 KBytes  3.51 Mbits/sec  0.213 ms  466/4851 (9.6%)  
[  5] 283.00-284.00 sec   368 KBytes  3.01 Mbits/sec  0.216 ms  542/4313 (13%)  
[  5] 284.00-285.00 sec   403 KBytes  3.30 Mbits/sec  0.223 ms  558/4680 (12%)  
[  5] 285.00-286.00 sec   325 KBytes  2.67 Mbits/sec  0.244 ms  424/3757 (11%)  
[  5] 286.00-287.00 sec   394 KBytes  3.23 Mbits/sec  0.201 ms  1339/5370 (25%)  
[  5] 287.00-288.00 sec   353 KBytes  2.89 Mbits/sec  0.214 ms  503/4115 (12%)  
[  5] 288.00-289.00 sec   419 KBytes  3.44 Mbits/sec  0.207 ms  584/4878 (12%)  
[  5] 289.00-290.00 sec   367 KBytes  3.01 Mbits/sec  0.203 ms  294/4055 (7.3%)  
[  5] 290.00-291.00 sec   419 KBytes  3.43 Mbits/sec  1.409 ms  527/4817 (11%)  
[  5] 291.00-292.00 sec   337 KBytes  2.76 Mbits/sec  0.212 ms  605/4055 (15%)  
[  5] 292.00-293.00 sec   423 KBytes  3.46 Mbits/sec  0.217 ms  559/4887 (11%)  
[  5] 293.00-294.00 sec   312 KBytes  2.56 Mbits/sec  0.217 ms  1029/4229 (24%)  
[  5] 294.00-295.00 sec   413 KBytes  3.38 Mbits/sec  0.207 ms  582/4809 (12%)  
[  5] 295.00-296.00 sec   350 KBytes  2.86 Mbits/sec  0.214 ms  655/4237 (15%)  
[  5] 296.00-297.00 sec   435 KBytes  3.56 Mbits/sec  0.215 ms  497/4949 (10%)  
[  5] 297.00-298.00 sec   345 KBytes  2.82 Mbits/sec  0.193 ms  495/4024 (12%)  
[  5] 298.00-299.00 sec   442 KBytes  3.62 Mbits/sec  0.211 ms  281/4806 (5.8%)  
[  5] 299.00-300.00 sec   368 KBytes  3.02 Mbits/sec  0.204 ms  289/4062 (7.1%)  
[  5] 300.00-301.00 sec   399 KBytes  3.27 Mbits/sec  0.212 ms  784/4873 (16%)  
[  5] 301.00-302.00 sec   368 KBytes  3.01 Mbits/sec  0.217 ms  332/4099 (8.1%)  
[  5] 302.00-303.00 sec   414 KBytes  3.39 Mbits/sec  0.210 ms  703/4941 (14%)  
[  5] 303.00-304.00 sec   321 KBytes  2.63 Mbits/sec  1.110 ms  362/3651 (9.9%)  
[  5] 304.00-305.00 sec   395 KBytes  3.23 Mbits/sec  0.213 ms  1195/5238 (23%)  
[  5] 305.00-306.00 sec   430 KBytes  3.52 Mbits/sec  0.246 ms  362/4763 (7.6%)  
[  5] 306.00-307.00 sec   348 KBytes  2.85 Mbits/sec  0.251 ms  579/4141 (14%)  
[  5] 307.00-308.00 sec   408 KBytes  3.35 Mbits/sec  0.256 ms  757/4940 (15%)  
[  5] 308.00-309.00 sec   353 KBytes  2.89 Mbits/sec  0.212 ms  425/4043 (11%)  
[  5] 309.00-310.00 sec   360 KBytes  2.95 Mbits/sec  0.203 ms  486/4168 (12%)  
[  5] 310.00-311.00 sec   442 KBytes  3.62 Mbits/sec  0.217 ms  525/5053 (10%)  
[  5] 311.00-312.00 sec   317 KBytes  2.60 Mbits/sec  0.210 ms  816/4067 (20%)  
[  5] 312.00-313.00 sec   422 KBytes  3.45 Mbits/sec  0.207 ms  646/4963 (13%)  
[  5] 313.00-314.00 sec   340 KBytes  2.79 Mbits/sec  0.267 ms  427/3912 (11%)  
[  5] 314.00-315.00 sec   446 KBytes  3.65 Mbits/sec  0.213 ms  377/4942 (7.6%)  
[  5] 315.00-316.00 sec   356 KBytes  2.91 Mbits/sec  0.257 ms  370/4013 (9.2%)  
[  5] 316.00-317.00 sec   442 KBytes  3.62 Mbits/sec  0.217 ms  407/4931 (8.3%)  
[  5] 317.00-318.00 sec   340 KBytes  2.78 Mbits/sec  0.217 ms  600/4078 (15%)  
[  5] 318.00-319.00 sec   417 KBytes  3.42 Mbits/sec  0.217 ms  743/5018 (15%)  
[  5] 319.00-320.00 sec   365 KBytes  2.99 Mbits/sec  0.246 ms  451/4185 (11%)  
[  5] 320.00-321.00 sec   289 KBytes  2.37 Mbits/sec  0.212 ms  449/3410 (13%)  
[  5] 321.00-322.00 sec   364 KBytes  2.98 Mbits/sec  0.392 ms  899/4624 (19%)  
[  5] 322.00-323.00 sec   319 KBytes  2.61 Mbits/sec  0.210 ms  200/3465 (5.8%)  
[  5] 323.00-324.00 sec   186 KBytes  1.52 Mbits/sec  0.215 ms  255/2161 (12%)  
[  5] 324.00-325.00 sec   311 KBytes  2.55 Mbits/sec  0.249 ms  240/3423 (7%)  
[  5] 325.00-326.00 sec   348 KBytes  2.85 Mbits/sec  0.252 ms  520/4081 (13%)  
[  5] 326.00-327.00 sec   281 KBytes  2.30 Mbits/sec  0.215 ms  517/3398 (15%)  
[  5] 327.00-328.00 sec   300 KBytes  2.46 Mbits/sec  0.553 ms  374/3442 (11%)  
[  5] 328.00-329.00 sec   356 KBytes  2.92 Mbits/sec  0.199 ms  458/4107 (11%)  
[  5] 329.00-330.00 sec   257 KBytes  2.11 Mbits/sec  0.199 ms  888/3521 (25%)  
[  5] 330.00-331.00 sec   382 KBytes  3.13 Mbits/sec  0.200 ms  559/4466 (13%)  
[  5] 331.00-332.00 sec   288 KBytes  2.36 Mbits/sec  0.212 ms  473/3426 (14%)  
[  5] 332.00-333.00 sec   307 KBytes  2.52 Mbits/sec  0.204 ms  354/3502 (10%)  
[  5] 333.00-334.00 sec   341 KBytes  2.79 Mbits/sec  0.206 ms  546/4035 (14%)  
[  5] 334.00-335.00 sec   302 KBytes  2.48 Mbits/sec  0.215 ms  556/3649 (15%)  
[  5] 335.00-336.00 sec   286 KBytes  2.34 Mbits/sec  0.210 ms  607/3533 (17%)  
[  5] 336.00-337.00 sec   354 KBytes  2.90 Mbits/sec  0.213 ms  344/3970 (8.7%)  
[  5] 337.00-338.00 sec   350 KBytes  2.87 Mbits/sec  0.240 ms  553/4140 (13%)  
[  5] 338.00-339.00 sec   307 KBytes  2.52 Mbits/sec  0.215 ms  272/3416 (8%)  
[  5] 339.00-340.00 sec   334 KBytes  2.74 Mbits/sec  0.235 ms  571/3992 (14%)  
[  5] 340.00-341.00 sec   311 KBytes  2.55 Mbits/sec  0.215 ms  590/3772 (16%)  
[  5] 341.00-342.00 sec   267 KBytes  2.19 Mbits/sec  0.211 ms  946/3683 (26%)  
[  5] 342.00-343.00 sec   356 KBytes  2.92 Mbits/sec  0.220 ms  869/4516 (19%)  
[  5] 343.00-344.00 sec   319 KBytes  2.61 Mbits/sec  0.264 ms  708/3973 (18%)  
[  5] 344.00-345.00 sec   329 KBytes  2.69 Mbits/sec  0.214 ms  1755/5122 (34%)  
[  5] 345.00-346.00 sec   275 KBytes  2.26 Mbits/sec  0.218 ms  2354/5174 (45%)  
[  5] 346.00-347.00 sec   362 KBytes  2.97 Mbits/sec  0.218 ms  1798/5507 (33%)  
[  5] 347.00-348.00 sec   371 KBytes  3.04 Mbits/sec  0.276 ms  1043/4840 (22%)  
[  5] 348.00-349.00 sec   295 KBytes  2.41 Mbits/sec  0.216 ms  1022/4040 (25%)  
[  5] 349.00-350.00 sec   358 KBytes  2.93 Mbits/sec  0.222 ms  1524/5186 (29%)  
[  5] 350.00-351.00 sec   268 KBytes  2.20 Mbits/sec  0.219 ms  1536/4280 (36%)  
[  5] 351.00-352.00 sec   307 KBytes  2.51 Mbits/sec  0.212 ms  913/4053 (23%)  
[  5] 352.00-353.00 sec   330 KBytes  2.70 Mbits/sec  0.211 ms  1672/5047 (33%)  
[  5] 353.00-354.00 sec   293 KBytes  2.40 Mbits/sec  0.239 ms  942/3939 (24%)  
[  5] 354.00-355.00 sec   281 KBytes  2.30 Mbits/sec  7.080 ms  1425/4303 (33%)  
[  5] 355.00-356.00 sec   333 KBytes  2.73 Mbits/sec  0.212 ms  1646/5054 (33%)  
[  5] 356.00-357.00 sec   296 KBytes  2.42 Mbits/sec  0.209 ms  1149/4176 (28%)  
[  5] 357.00-358.00 sec   284 KBytes  2.32 Mbits/sec  0.213 ms  1147/4052 (28%)  
[  5] 358.00-359.00 sec   277 KBytes  2.27 Mbits/sec  0.220 ms  1342/4177 (32%)  
[  5] 359.00-360.00 sec   261 KBytes  2.14 Mbits/sec  0.215 ms  1328/3997 (33%)  
[  5] 360.00-361.00 sec   380 KBytes  3.11 Mbits/sec  0.218 ms  1021/4910 (21%)  
[  5] 361.00-362.00 sec   307 KBytes  2.51 Mbits/sec  0.206 ms  979/4119 (24%)  
[  5] 362.00-363.00 sec   304 KBytes  2.49 Mbits/sec  0.211 ms  1051/4159 (25%)  
[  5] 363.00-364.00 sec   369 KBytes  3.02 Mbits/sec  0.216 ms  1180/4961 (24%)  
[  5] 364.00-365.00 sec   307 KBytes  2.52 Mbits/sec  0.215 ms  1039/4187 (25%)  
[  5] 365.00-366.00 sec   355 KBytes  2.91 Mbits/sec  0.209 ms  1496/5130 (29%)  
[  5] 366.00-367.00 sec   360 KBytes  2.95 Mbits/sec  0.217 ms  1076/4763 (23%)  
[  5] 367.00-368.00 sec   347 KBytes  2.84 Mbits/sec  7.139 ms  1458/5010 (29%)  
[  5] 368.00-369.00 sec   429 KBytes  3.51 Mbits/sec  0.218 ms  1080/5473 (20%)  
[  5] 369.00-370.00 sec   381 KBytes  3.12 Mbits/sec  0.228 ms  1056/4954 (21%)  
[  5] 370.00-371.00 sec   360 KBytes  2.95 Mbits/sec  0.215 ms  1099/4786 (23%)  
[  5] 371.00-372.00 sec   315 KBytes  2.58 Mbits/sec  0.217 ms  1715/4939 (35%)  
[  5] 372.00-373.00 sec   367 KBytes  3.00 Mbits/sec  0.218 ms  1153/4908 (23%)  
[  5] 373.00-374.00 sec   358 KBytes  2.93 Mbits/sec  0.249 ms  1476/5143 (29%)  
[  5] 374.00-375.00 sec   258 KBytes  2.11 Mbits/sec  0.226 ms  1479/4119 (36%)  
[  5] 375.00-376.00 sec   361 KBytes  2.96 Mbits/sec  0.190 ms  1388/5081 (27%)  
[  5] 376.00-377.00 sec   422 KBytes  3.45 Mbits/sec  0.247 ms  1494/5811 (26%)  
[  5] 377.00-378.00 sec   347 KBytes  2.84 Mbits/sec  0.212 ms  1858/5414 (34%)  
[  5] 378.00-379.00 sec   336 KBytes  2.76 Mbits/sec  0.469 ms  1933/5378 (36%)  
[  5] 379.00-380.00 sec   304 KBytes  2.50 Mbits/sec  0.215 ms  1243/4361 (29%)  
[  5] 380.00-381.00 sec   405 KBytes  3.32 Mbits/sec  0.203 ms  1668/5816 (29%)  
[  5] 381.00-382.00 sec   366 KBytes  2.99 Mbits/sec  0.197 ms  1219/4962 (25%)  
[  5] 382.00-383.00 sec   343 KBytes  2.81 Mbits/sec  0.260 ms  1431/4945 (29%)  
[  5] 383.00-384.00 sec   327 KBytes  2.68 Mbits/sec  0.216 ms  1793/5142 (35%)  
[  5] 384.00-385.00 sec   366 KBytes  2.99 Mbits/sec  0.221 ms  1237/4982 (25%)  
[  5] 385.00-386.00 sec   374 KBytes  3.06 Mbits/sec  0.245 ms  816/4642 (18%)  
[  5] 386.00-387.00 sec   313 KBytes  2.56 Mbits/sec  0.207 ms  1227/4429 (28%)  
[  5] 387.00-388.00 sec   363 KBytes  2.97 Mbits/sec  0.227 ms  554/4268 (13%)  
[  5] 388.00-389.00 sec   367 KBytes  3.00 Mbits/sec  0.213 ms  602/4355 (14%)  
[  5] 389.00-390.00 sec   252 KBytes  2.06 Mbits/sec  0.285 ms  962/3538 (27%)  
[  5] 390.00-391.00 sec   364 KBytes  2.98 Mbits/sec  0.216 ms  570/4296 (13%)  
[  5] 391.00-392.00 sec   325 KBytes  2.67 Mbits/sec  0.203 ms  1444/4777 (30%)  
[  5] 392.00-393.00 sec   354 KBytes  2.90 Mbits/sec  0.208 ms  1010/4631 (22%)  
[  5] 393.00-394.00 sec   363 KBytes  2.98 Mbits/sec  0.261 ms  829/4547 (18%)  
[  5] 394.00-395.00 sec   312 KBytes  2.55 Mbits/sec  0.270 ms  931/4121 (23%)  
[  5] 395.00-396.00 sec   352 KBytes  2.88 Mbits/sec  0.192 ms  714/4317 (17%)  
[  5] 396.00-397.00 sec   364 KBytes  2.98 Mbits/sec  0.206 ms  640/4368 (15%)  
[  5] 397.00-398.00 sec   353 KBytes  2.89 Mbits/sec  0.230 ms  804/4415 (18%)  
[  5] 398.00-399.00 sec   347 KBytes  2.84 Mbits/sec  0.212 ms  1061/4616 (23%)  
[  5] 399.00-400.00 sec   341 KBytes  2.79 Mbits/sec  0.218 ms  981/4471 (22%)  
[  5] 400.00-401.00 sec   297 KBytes  2.43 Mbits/sec  0.216 ms  713/3756 (19%)  
[  5] 401.00-402.00 sec   358 KBytes  2.93 Mbits/sec  0.229 ms  704/4368 (16%)  
[  5] 402.00-403.00 sec   273 KBytes  2.24 Mbits/sec  0.219 ms  839/3638 (23%)  
[  5] 403.00-404.00 sec   255 KBytes  2.09 Mbits/sec  0.214 ms  537/3151 (17%)  
[  5] 404.00-405.00 sec   243 KBytes  1.99 Mbits/sec  0.219 ms  715/3204 (22%)  
[  5] 405.00-406.00 sec   250 KBytes  2.05 Mbits/sec  0.219 ms  1065/3623 (29%)  
[  5] 406.00-407.00 sec   286 KBytes  2.34 Mbits/sec  0.222 ms  660/3588 (18%)  
[  5] 407.00-408.00 sec   287 KBytes  2.35 Mbits/sec  0.217 ms  936/3877 (24%)  
[  5] 408.00-409.00 sec   307 KBytes  2.51 Mbits/sec  0.216 ms  488/3629 (13%)  
[  5] 409.00-410.00 sec   279 KBytes  2.29 Mbits/sec  0.303 ms  1065/3924 (27%)  
[  5] 410.00-411.00 sec   300 KBytes  2.46 Mbits/sec  0.209 ms  612/3684 (17%)  
[  5] 411.00-412.00 sec   158 KBytes  1.29 Mbits/sec  0.226 ms  682/2299 (30%)  
[  5] 412.00-413.00 sec   282 KBytes  2.31 Mbits/sec  0.228 ms  1237/4122 (30%)  
[  5] 413.00-414.00 sec   364 KBytes  2.98 Mbits/sec  0.209 ms  726/4457 (16%)  
[  5] 414.00-415.00 sec   329 KBytes  2.69 Mbits/sec  0.211 ms  1100/4468 (25%)  
[  5] 415.00-416.00 sec   284 KBytes  2.33 Mbits/sec  0.228 ms  1128/4040 (28%)  
[  5] 416.00-417.00 sec   357 KBytes  2.92 Mbits/sec  0.597 ms  707/4360 (16%)  
[  5] 417.00-418.00 sec   334 KBytes  2.74 Mbits/sec  0.204 ms  1622/5045 (32%)  
[  5] 418.00-419.00 sec   251 KBytes  2.06 Mbits/sec  0.223 ms  985/3559 (28%)  
[  5] 419.00-420.00 sec   376 KBytes  3.08 Mbits/sec  0.215 ms  932/4781 (19%)  
[  5] 420.00-421.00 sec   309 KBytes  2.52 Mbits/sec  0.191 ms  614/3776 (16%)  
[  5] 421.00-422.00 sec   274 KBytes  2.25 Mbits/sec  0.214 ms  1005/3811 (26%)  
