Connecting to host 172.22.0.50, port 5201
Reverse mode, remote host 172.22.0.50 is sending
[  5] local 192.168.100.2 port 37813 connected to 172.22.0.50 port 5201
[ ID] Interval           Transfer     Bitrate         Jitter    Lost/Total Datagrams
[  5]   0.00-1.00   sec  1.43 MBytes  12.0 Mbits/sec  0.762 ms  0/1252 (0%)  
[  5]   1.00-2.00   sec  1.42 MBytes  11.9 Mbits/sec  0.882 ms  0/1244 (0%)  
[  5]   2.00-3.00   sec  1.44 MBytes  12.1 Mbits/sec  0.712 ms  0/1256 (0%)  
[  5]   3.00-4.00   sec  1.43 MBytes  12.0 Mbits/sec  0.819 ms  0/1251 (0%)  
[  5]   4.00-5.00   sec  1.42 MBytes  11.9 Mbits/sec  1.285 ms  0/1240 (0%)  
[  5]   5.00-6.00   sec  1.44 MBytes  12.1 Mbits/sec  0.893 ms  0/1260 (0%)  
[  5]   6.00-7.00   sec  1.43 MBytes  12.0 Mbits/sec  0.932 ms  0/1252 (0%)  
[  5]   7.00-8.00   sec  1.43 MBytes  12.0 Mbits/sec  0.683 ms  0/1250 (0%)  
[  5]   8.00-9.00   sec  1.42 MBytes  12.0 Mbits/sec  0.831 ms  0/1245 (0%)  
[  5]   9.00-10.00  sec  1.43 MBytes  12.0 Mbits/sec  0.895 ms  0/1250 (0%)  
[  5]  10.00-11.00  sec  1.43 MBytes  12.0 Mbits/sec  0.994 ms  0/1251 (0%)  
[  5]  11.00-12.00  sec  1.43 MBytes  12.0 Mbits/sec  1.013 ms  0/1251 (0%)  
[  5]  12.00-13.00  sec  1.43 MBytes  12.0 Mbits/sec  1.056 ms  0/1249 (0%)  
[  5]  13.00-14.00  sec  1.43 MBytes  12.0 Mbits/sec  1.027 ms  0/1250 (0%)  
[  5]  14.00-15.00  sec  1.43 MBytes  12.0 Mbits/sec  0.951 ms  0/1250 (0%)  
[  5]  15.00-16.00  sec  1.43 MBytes  12.0 Mbits/sec  0.826 ms  0/1249 (0%)  
[  5]  16.00-17.00  sec   986 KBytes  8.08 Mbits/sec  1.541 ms  0/841 (0%)  
[  5]  17.00-18.00  sec   645 KBytes  5.28 Mbits/sec  1.285 ms  0/550 (0%)  
[  5]  18.00-19.00  sec   643 KBytes  5.27 Mbits/sec  1.364 ms  0/549 (0%)  
[  5]  19.00-20.00  sec   628 KBytes  5.15 Mbits/sec  1.263 ms  0/536 (0%)  
[  5]  20.00-21.00  sec   626 KBytes  5.13 Mbits/sec  1.356 ms  0/534 (0%)  
[  5]  21.00-22.00  sec   621 KBytes  5.09 Mbits/sec  1.401 ms  0/530 (0%)  
[  5]  22.00-23.00  sec   634 KBytes  5.19 Mbits/sec  1.353 ms  0/541 (0%)  
[  5]  23.00-24.00  sec   646 KBytes  5.29 Mbits/sec  1.255 ms  0/551 (0%)  
[  5]  24.00-25.00  sec   639 KBytes  5.23 Mbits/sec  1.256 ms  0/545 (0%)  
[  5]  25.00-26.00  sec   629 KBytes  5.15 Mbits/sec  1.292 ms  0/537 (0%)  
[  5]  26.00-27.00  sec   632 KBytes  5.18 Mbits/sec  1.255 ms  0/539 (0%)  
[  5]  27.00-28.00  sec   638 KBytes  5.22 Mbits/sec  1.350 ms  0/544 (0%)  
[  5]  28.00-29.00  sec   620 KBytes  5.08 Mbits/sec  1.373 ms  0/529 (0%)  
[  5]  29.00-30.00  sec   626 KBytes  5.13 Mbits/sec  1.297 ms  0/534 (0%)  
[  5]  30.00-31.00  sec   636 KBytes  5.21 Mbits/sec  1.304 ms  0/543 (0%)  
[  5]  31.00-32.00  sec   632 KBytes  5.17 Mbits/sec  1.489 ms  0/539 (0%)  
[  5]  32.00-33.00  sec   632 KBytes  5.17 Mbits/sec  1.307 ms  0/539 (0%)  
[  5]  33.00-34.00  sec   639 KBytes  5.23 Mbits/sec  1.259 ms  0/545 (0%)  
[  5]  34.00-35.00  sec   638 KBytes  5.22 Mbits/sec  1.270 ms  0/544 (0%)  
[  5]  35.00-36.00  sec   635 KBytes  5.20 Mbits/sec  1.280 ms  0/542 (0%)  
[  5]  36.00-37.00  sec   626 KBytes  5.13 Mbits/sec  1.222 ms  0/534 (0%)  
[  5]  37.00-38.00  sec   620 KBytes  5.08 Mbits/sec  1.650 ms  0/529 (0%)  
[  5]  38.00-39.00  sec   629 KBytes  5.16 Mbits/sec  1.231 ms  0/537 (0%)  
[  5]  39.00-40.00  sec   635 KBytes  5.20 Mbits/sec  1.284 ms  0/542 (0%)  
[  5]  40.00-41.00  sec   620 KBytes  5.08 Mbits/sec  1.224 ms  0/529 (0%)  
[  5]  41.00-42.00  sec   628 KBytes  5.15 Mbits/sec  1.607 ms  0/536 (0%)  
[  5]  42.00-43.00  sec   571 KBytes  4.67 Mbits/sec  1.710 ms  0/487 (0%)  
[  5]  43.00-44.00  sec   568 KBytes  4.66 Mbits/sec  1.202 ms  619/1104 (56%)  
[  5]  44.00-45.00  sec   656 KBytes  5.38 Mbits/sec  1.258 ms  764/1324 (58%)  
[  5]  45.00-46.00  sec   581 KBytes  4.76 Mbits/sec  4.898 ms  659/1155 (57%)  
[  5]  46.00-47.00  sec   635 KBytes  5.20 Mbits/sec  1.384 ms  701/1243 (56%)  
[  5]  47.00-48.00  sec   649 KBytes  5.32 Mbits/sec  1.269 ms  719/1273 (56%)  
[  5]  48.00-49.00  sec   656 KBytes  5.38 Mbits/sec  1.312 ms  741/1301 (57%)  
[  5]  49.00-50.00  sec   648 KBytes  5.31 Mbits/sec  1.336 ms  717/1270 (56%)  
[  5]  50.00-51.00  sec   625 KBytes  5.12 Mbits/sec  1.328 ms  692/1225 (56%)  
[  5]  51.00-52.00  sec   704 KBytes  5.77 Mbits/sec  1.263 ms  802/1403 (57%)  
[  5]  52.00-53.00  sec   625 KBytes  5.12 Mbits/sec  1.367 ms  711/1244 (57%)  
[  5]  53.00-54.00  sec   728 KBytes  5.96 Mbits/sec  1.308 ms  833/1454 (57%)  
[  5]  54.00-55.00  sec   737 KBytes  6.04 Mbits/sec  1.337 ms  841/1470 (57%)  
[  5]  55.00-56.00  sec   648 KBytes  5.31 Mbits/sec  1.184 ms  735/1288 (57%)  
[  5]  56.00-57.00  sec   761 KBytes  6.23 Mbits/sec  1.258 ms  871/1520 (57%)  
[  5]  57.00-58.00  sec   784 KBytes  6.42 Mbits/sec  1.291 ms  870/1539 (57%)  
[  5]  58.00-59.00  sec   724 KBytes  5.93 Mbits/sec  1.357 ms  831/1449 (57%)  
[  5]  59.00-60.00  sec   793 KBytes  6.50 Mbits/sec  1.307 ms  920/1597 (58%)  
[  5]  60.00-61.00  sec   807 KBytes  6.60 Mbits/sec  1.278 ms  926/1615 (57%)  
[  5]  61.00-62.00  sec   704 KBytes  5.78 Mbits/sec  1.277 ms  797/1398 (57%)  
[  5]  62.00-63.00  sec   817 KBytes  6.69 Mbits/sec  1.199 ms  883/1580 (56%)  
[  5]  63.00-64.00  sec   817 KBytes  6.68 Mbits/sec  1.266 ms  890/1587 (56%)  
[  5]  64.00-65.00  sec   710 KBytes  5.83 Mbits/sec  1.070 ms  693/1299 (53%)  
[  5]  65.00-66.00  sec   785 KBytes  6.43 Mbits/sec  1.225 ms  725/1395 (52%)  
[  5]  66.00-67.00  sec   821 KBytes  6.72 Mbits/sec  1.088 ms  765/1466 (52%)  
[  5]  67.00-68.00  sec   702 KBytes  5.75 Mbits/sec  1.201 ms  679/1278 (53%)  
[  5]  68.00-69.00  sec   821 KBytes  6.73 Mbits/sec  1.076 ms  737/1438 (51%)  
[  5]  69.00-70.00  sec   809 KBytes  6.63 Mbits/sec  1.079 ms  634/1324 (48%)  
[  5]  70.00-71.00  sec   709 KBytes  5.81 Mbits/sec  1.055 ms  526/1131 (47%)  
[  5]  71.00-72.00  sec   809 KBytes  6.62 Mbits/sec  1.058 ms  611/1301 (47%)  
[  5]  72.00-73.00  sec   710 KBytes  5.82 Mbits/sec  7.867 ms  540/1146 (47%)  
[  5]  73.00-74.00  sec   809 KBytes  6.63 Mbits/sec  1.139 ms  614/1304 (47%)  
[  5]  74.00-75.00  sec   812 KBytes  6.65 Mbits/sec  1.073 ms  610/1303 (47%)  
[  5]  75.00-76.00  sec   799 KBytes  6.55 Mbits/sec  1.163 ms  589/1271 (46%)  
[  5]  76.00-77.00  sec   718 KBytes  5.88 Mbits/sec  1.067 ms  548/1161 (47%)  
[  5]  77.00-78.00  sec   799 KBytes  6.54 Mbits/sec  1.082 ms  605/1287 (47%)  
[  5]  78.00-79.00  sec   689 KBytes  5.65 Mbits/sec  1.096 ms  520/1108 (47%)  
[  5]  79.00-80.00  sec   839 KBytes  6.87 Mbits/sec  1.032 ms  652/1368 (48%)  
[  5]  80.00-81.00  sec   799 KBytes  6.55 Mbits/sec  1.071 ms  587/1269 (46%)  
[  5]  81.00-82.00  sec   782 KBytes  6.40 Mbits/sec  1.157 ms  606/1273 (48%)  
[  5]  82.00-83.00  sec   711 KBytes  5.83 Mbits/sec  1.138 ms  572/1179 (49%)  
[  5]  83.00-84.00  sec   798 KBytes  6.53 Mbits/sec  1.179 ms  653/1334 (49%)  
[  5]  84.00-85.00  sec   809 KBytes  6.63 Mbits/sec  1.005 ms  608/1298 (47%)  
[  5]  85.00-86.00  sec   697 KBytes  5.72 Mbits/sec  1.135 ms  539/1134 (48%)  
[  5]  86.00-87.00  sec   709 KBytes  5.81 Mbits/sec  1.104 ms  532/1137 (47%)  
[  5]  87.00-88.00  sec   809 KBytes  6.63 Mbits/sec  1.144 ms  616/1306 (47%)  
[  5]  88.00-89.00  sec   718 KBytes  5.88 Mbits/sec  1.006 ms  533/1146 (47%)  
[  5]  89.00-90.00  sec   799 KBytes  6.54 Mbits/sec  1.104 ms  643/1325 (49%)  
[  5]  90.00-91.00  sec   690 KBytes  5.66 Mbits/sec  1.098 ms  544/1133 (48%)  
[  5]  91.00-92.00  sec   827 KBytes  6.78 Mbits/sec  1.097 ms  623/1329 (47%)  
[  5]  92.00-93.00  sec   809 KBytes  6.62 Mbits/sec  1.129 ms  609/1299 (47%)  
[  5]  93.00-94.00  sec   703 KBytes  5.76 Mbits/sec  1.405 ms  536/1136 (47%)  
[  5]  94.00-95.00  sec   798 KBytes  6.54 Mbits/sec  1.081 ms  601/1282 (47%)  
[  5]  95.00-96.00  sec   810 KBytes  6.63 Mbits/sec  1.057 ms  597/1288 (46%)  
[  5]  96.00-97.00  sec   720 KBytes  5.90 Mbits/sec  1.034 ms  535/1149 (47%)  
[  5]  97.00-98.00  sec   799 KBytes  6.55 Mbits/sec  1.092 ms  623/1305 (48%)  
[  5]  98.00-99.00  sec   780 KBytes  6.39 Mbits/sec  1.024 ms  643/1309 (49%)  
[  5]  99.00-100.00 sec   709 KBytes  5.81 Mbits/sec  1.138 ms  605/1210 (50%)  
[  5] 100.00-101.00 sec   809 KBytes  6.62 Mbits/sec  1.153 ms  644/1334 (48%)  
[  5] 101.00-102.00 sec   709 KBytes  5.81 Mbits/sec  1.135 ms  562/1167 (48%)  
[  5] 102.00-103.00 sec   809 KBytes  6.62 Mbits/sec  1.130 ms  647/1337 (48%)  
[  5] 103.00-104.00 sec   709 KBytes  5.81 Mbits/sec  1.102 ms  556/1161 (48%)  
[  5] 104.00-105.00 sec   809 KBytes  6.62 Mbits/sec  1.080 ms  610/1300 (47%)  
[  5] 105.00-106.00 sec   809 KBytes  6.62 Mbits/sec  1.091 ms  604/1294 (47%)  
[  5] 106.00-107.00 sec   710 KBytes  5.82 Mbits/sec  1.100 ms  550/1156 (48%)  
[  5] 107.00-108.00 sec   810 KBytes  6.63 Mbits/sec  1.088 ms  630/1321 (48%)  
[  5] 108.00-109.00 sec   809 KBytes  6.62 Mbits/sec  1.067 ms  625/1315 (48%)  
[  5] 109.00-110.00 sec   709 KBytes  5.81 Mbits/sec  1.090 ms  526/1131 (47%)  
[  5] 110.00-111.00 sec   709 KBytes  5.80 Mbits/sec  1.099 ms  560/1165 (48%)  
[  5] 111.00-112.00 sec   809 KBytes  6.62 Mbits/sec  1.069 ms  619/1309 (47%)  
[  5] 112.00-113.00 sec   810 KBytes  6.64 Mbits/sec  1.129 ms  639/1330 (48%)  
[  5] 113.00-114.00 sec   708 KBytes  5.80 Mbits/sec  1.143 ms  556/1160 (48%)  
[  5] 114.00-115.00 sec   811 KBytes  6.64 Mbits/sec  1.195 ms  656/1348 (49%)  
[  5] 115.00-116.00 sec   803 KBytes  6.58 Mbits/sec  1.073 ms  625/1310 (48%)  
[  5] 116.00-117.00 sec   688 KBytes  5.64 Mbits/sec  1.127 ms  533/1120 (48%)  
[  5] 117.00-118.00 sec   709 KBytes  5.81 Mbits/sec  1.102 ms  544/1149 (47%)  
[  5] 118.00-119.00 sec   799 KBytes  6.55 Mbits/sec  1.093 ms  624/1306 (48%)  
[  5] 119.00-120.00 sec   709 KBytes  5.81 Mbits/sec  1.176 ms  560/1165 (48%)  
[  5] 120.00-121.00 sec   809 KBytes  6.62 Mbits/sec  1.133 ms  614/1304 (47%)  
[  5] 121.00-122.00 sec   809 KBytes  6.62 Mbits/sec  1.135 ms  609/1299 (47%)  
[  5] 122.00-123.00 sec   711 KBytes  5.83 Mbits/sec  1.128 ms  576/1183 (49%)  
[  5] 123.00-124.00 sec   809 KBytes  6.62 Mbits/sec  1.123 ms  643/1333 (48%)  
[  5] 124.00-125.00 sec   809 KBytes  6.62 Mbits/sec  1.084 ms  637/1327 (48%)  
[  5] 125.00-126.00 sec   799 KBytes  6.55 Mbits/sec  1.095 ms  585/1267 (46%)  
[  5] 126.00-127.00 sec   718 KBytes  5.88 Mbits/sec  1.198 ms  538/1151 (47%)  
[  5] 127.00-128.00 sec   810 KBytes  6.64 Mbits/sec  1.064 ms  674/1365 (49%)  
[  5] 128.00-129.00 sec   708 KBytes  5.80 Mbits/sec  1.127 ms  544/1148 (47%)  
[  5] 129.00-130.00 sec   810 KBytes  6.63 Mbits/sec  0.972 ms  635/1326 (48%)  
[  5] 130.00-131.00 sec   799 KBytes  6.55 Mbits/sec  1.091 ms  669/1351 (50%)  
[  5] 131.00-132.00 sec   689 KBytes  5.64 Mbits/sec  1.062 ms  560/1148 (49%)  
[  5] 132.00-133.00 sec   830 KBytes  6.80 Mbits/sec  1.093 ms  641/1349 (48%)  
[  5] 133.00-134.00 sec   689 KBytes  5.65 Mbits/sec  0.986 ms  519/1107 (47%)  
[  5] 134.00-135.00 sec   839 KBytes  6.87 Mbits/sec  1.045 ms  662/1378 (48%)  
[  5] 135.00-136.00 sec   679 KBytes  5.56 Mbits/sec  1.206 ms  490/1069 (46%)  
[  5] 136.00-137.00 sec   809 KBytes  6.62 Mbits/sec  1.101 ms  614/1304 (47%)  
[  5] 137.00-138.00 sec   829 KBytes  6.79 Mbits/sec  1.109 ms  620/1327 (47%)  
[  5] 138.00-139.00 sec   690 KBytes  5.65 Mbits/sec  1.051 ms  526/1115 (47%)  
[  5] 139.00-140.00 sec   799 KBytes  6.55 Mbits/sec  1.138 ms  639/1321 (48%)  
[  5] 140.00-141.00 sec   798 KBytes  6.54 Mbits/sec  1.104 ms  627/1308 (48%)  
[  5] 141.00-142.00 sec   709 KBytes  5.81 Mbits/sec  1.154 ms  529/1134 (47%)  
[  5] 142.00-143.00 sec   809 KBytes  6.62 Mbits/sec  1.108 ms  618/1308 (47%)  
[  5] 143.00-144.00 sec   687 KBytes  5.63 Mbits/sec  1.127 ms  579/1165 (50%)  
[  5] 144.00-145.00 sec   809 KBytes  6.62 Mbits/sec  1.076 ms  644/1334 (48%)  
[  5] 145.00-146.00 sec   718 KBytes  5.89 Mbits/sec  0.997 ms  564/1177 (48%)  
[  5] 146.00-147.00 sec   799 KBytes  6.55 Mbits/sec  1.103 ms  617/1299 (47%)  
[  5] 147.00-148.00 sec   718 KBytes  5.89 Mbits/sec  1.139 ms  585/1198 (49%)  
[  5] 148.00-149.00 sec   802 KBytes  6.56 Mbits/sec  1.176 ms  630/1314 (48%)  
[  5] 149.00-150.00 sec   720 KBytes  5.89 Mbits/sec  1.068 ms  565/1179 (48%)  
[  5] 150.00-151.00 sec   809 KBytes  6.63 Mbits/sec  1.061 ms  607/1297 (47%)  
[  5] 151.00-152.00 sec   799 KBytes  6.55 Mbits/sec  1.126 ms  592/1274 (46%)  
[  5] 152.00-153.00 sec   689 KBytes  5.64 Mbits/sec  1.055 ms  538/1126 (48%)  
[  5] 153.00-154.00 sec   829 KBytes  6.79 Mbits/sec  1.032 ms  624/1331 (47%)  
[  5] 154.00-155.00 sec   689 KBytes  5.64 Mbits/sec  1.052 ms  541/1129 (48%)  
[  5] 155.00-156.00 sec   839 KBytes  6.87 Mbits/sec  1.051 ms  692/1408 (49%)  
[  5] 156.00-157.00 sec   786 KBytes  6.44 Mbits/sec  1.072 ms  641/1312 (49%)  
[  5] 157.00-158.00 sec   809 KBytes  6.62 Mbits/sec  1.047 ms  626/1316 (48%)  
[  5] 158.00-159.00 sec   709 KBytes  5.81 Mbits/sec  1.084 ms  555/1160 (48%)  
[  5] 159.00-160.00 sec   809 KBytes  6.62 Mbits/sec  1.082 ms  639/1329 (48%)  
[  5] 160.00-161.00 sec   689 KBytes  5.65 Mbits/sec  1.097 ms  568/1156 (49%)  
[  5] 161.00-162.00 sec   829 KBytes  6.78 Mbits/sec  1.068 ms  628/1335 (47%)  
[  5] 162.00-163.00 sec   689 KBytes  5.65 Mbits/sec  1.000 ms  519/1107 (47%)  
[  5] 163.00-164.00 sec   798 KBytes  6.54 Mbits/sec  1.203 ms  622/1303 (48%)  
[  5] 164.00-165.00 sec   722 KBytes  5.91 Mbits/sec  1.026 ms  579/1195 (48%)  
[  5] 165.00-166.00 sec   798 KBytes  6.54 Mbits/sec  1.141 ms  635/1316 (48%)  
[  5] 166.00-167.00 sec   720 KBytes  5.89 Mbits/sec  1.022 ms  551/1165 (47%)  
[  5] 167.00-168.00 sec   809 KBytes  6.62 Mbits/sec  1.079 ms  623/1313 (47%)  
[  5] 168.00-169.00 sec   709 KBytes  5.81 Mbits/sec  1.050 ms  516/1121 (46%)  
[  5] 169.00-170.00 sec   809 KBytes  6.62 Mbits/sec  1.021 ms  608/1298 (47%)  
[  5] 170.00-171.00 sec   799 KBytes  6.55 Mbits/sec  1.121 ms  598/1280 (47%)  
[  5] 171.00-172.00 sec   810 KBytes  6.63 Mbits/sec  1.088 ms  621/1312 (47%)  
[  5] 172.00-173.00 sec   709 KBytes  5.81 Mbits/sec  1.080 ms  553/1158 (48%)  
[  5] 173.00-174.00 sec   809 KBytes  6.62 Mbits/sec  1.145 ms  654/1344 (49%)  
[  5] 174.00-175.00 sec   809 KBytes  6.62 Mbits/sec  1.206 ms  654/1344 (49%)  
[  5] 175.00-176.00 sec   709 KBytes  5.81 Mbits/sec  1.095 ms  570/1175 (49%)  
[  5] 176.00-177.00 sec   718 KBytes  5.88 Mbits/sec  1.098 ms  565/1178 (48%)  
[  5] 177.00-178.00 sec   799 KBytes  6.55 Mbits/sec  1.118 ms  631/1313 (48%)  
[  5] 178.00-179.00 sec   709 KBytes  5.81 Mbits/sec  1.091 ms  572/1177 (49%)  
[  5] 179.00-180.00 sec   811 KBytes  6.64 Mbits/sec  1.036 ms  641/1333 (48%)  
[  5] 180.00-181.00 sec   798 KBytes  6.54 Mbits/sec  0.953 ms  634/1315 (48%)  
[  5] 181.00-182.00 sec   679 KBytes  5.56 Mbits/sec  1.192 ms  523/1102 (47%)  
[  5] 182.00-183.00 sec   797 KBytes  6.53 Mbits/sec  0.998 ms  614/1294 (47%)  
[  5] 183.00-184.00 sec   829 KBytes  6.79 Mbits/sec  1.108 ms  619/1326 (47%)  
[  5] 184.00-185.00 sec   689 KBytes  5.64 Mbits/sec  1.076 ms  530/1118 (47%)  
[  5] 185.00-186.00 sec   838 KBytes  6.86 Mbits/sec  1.087 ms  649/1364 (48%)  
[  5] 186.00-187.00 sec   680 KBytes  5.56 Mbits/sec  1.104 ms  503/1083 (46%)  
[  5] 187.00-188.00 sec   812 KBytes  6.66 Mbits/sec  1.069 ms  654/1347 (49%)  
[  5] 188.00-189.00 sec   800 KBytes  6.56 Mbits/sec  1.162 ms  659/1342 (49%)  
[  5] 189.00-190.00 sec   809 KBytes  6.62 Mbits/sec  1.161 ms  647/1337 (48%)  
[  5] 190.00-191.00 sec   702 KBytes  5.75 Mbits/sec  1.132 ms  558/1157 (48%)  
[  5] 191.00-192.00 sec   720 KBytes  5.89 Mbits/sec  1.028 ms  565/1179 (48%)  
[  5] 192.00-193.00 sec   798 KBytes  6.54 Mbits/sec  1.134 ms  594/1275 (47%)  
[  5] 193.00-194.00 sec   809 KBytes  6.62 Mbits/sec  1.143 ms  615/1305 (47%)  
[  5] 194.00-195.00 sec   718 KBytes  5.88 Mbits/sec  1.068 ms  542/1155 (47%)  
[  5] 195.00-196.00 sec   800 KBytes  6.56 Mbits/sec  1.138 ms  626/1309 (48%)  
[  5] 196.00-197.00 sec   702 KBytes  5.75 Mbits/sec  1.101 ms  559/1158 (48%)  
[  5] 197.00-198.00 sec   805 KBytes  6.60 Mbits/sec  1.120 ms  636/1323 (48%)  
[  5] 198.00-199.00 sec   809 KBytes  6.62 Mbits/sec  0.945 ms  611/1301 (47%)  
[  5] 199.00-200.00 sec   709 KBytes  5.81 Mbits/sec  1.173 ms  539/1144 (47%)  
[  5] 200.00-201.00 sec   797 KBytes  6.53 Mbits/sec  1.096 ms  625/1305 (48%)  
[  5] 201.00-202.00 sec   709 KBytes  5.81 Mbits/sec  1.135 ms  518/1123 (46%)  
[  5] 202.00-203.00 sec   809 KBytes  6.62 Mbits/sec  1.088 ms  619/1309 (47%)  
[  5] 203.00-204.00 sec   810 KBytes  6.63 Mbits/sec  1.114 ms  682/1373 (50%)  
[  5] 204.00-205.00 sec   803 KBytes  6.57 Mbits/sec  1.101 ms  630/1315 (48%)  
[  5] 205.00-206.00 sec   721 KBytes  5.91 Mbits/sec  1.120 ms  567/1182 (48%)  
[  5] 206.00-207.00 sec   809 KBytes  6.62 Mbits/sec  1.078 ms  631/1321 (48%)  
[  5] 207.00-208.00 sec   680 KBytes  5.57 Mbits/sec  1.168 ms  519/1099 (47%)  
[  5] 208.00-209.00 sec   838 KBytes  6.86 Mbits/sec  1.114 ms  639/1354 (47%)  
[  5] 209.00-210.00 sec   680 KBytes  5.57 Mbits/sec  1.107 ms  519/1099 (47%)  
[  5] 210.00-211.00 sec   838 KBytes  6.86 Mbits/sec  1.132 ms  644/1359 (47%)  
[  5] 211.00-212.00 sec   668 KBytes  5.48 Mbits/sec  1.095 ms  527/1097 (48%)  
[  5] 212.00-213.00 sec   813 KBytes  6.66 Mbits/sec  1.039 ms  629/1323 (48%)  
[  5] 213.00-214.00 sec   800 KBytes  6.56 Mbits/sec  1.082 ms  644/1327 (49%)  
[  5] 214.00-215.00 sec   809 KBytes  6.62 Mbits/sec  1.123 ms  605/1295 (47%)  
[  5] 215.00-216.00 sec   720 KBytes  5.89 Mbits/sec  0.973 ms  524/1138 (46%)  
[  5] 216.00-217.00 sec   827 KBytes  6.78 Mbits/sec  1.115 ms  610/1316 (46%)  
[  5] 217.00-218.00 sec   689 KBytes  5.64 Mbits/sec  1.055 ms  522/1110 (47%)  
[  5] 218.00-219.00 sec   809 KBytes  6.62 Mbits/sec  1.091 ms  637/1327 (48%)  
[  5] 219.00-220.00 sec   829 KBytes  6.79 Mbits/sec  1.115 ms  666/1373 (49%)  
[  5] 220.00-221.00 sec   691 KBytes  5.66 Mbits/sec  1.076 ms  566/1156 (49%)  
[  5] 221.00-222.00 sec   800 KBytes  6.55 Mbits/sec  1.144 ms  656/1339 (49%)  
[  5] 222.00-223.00 sec   718 KBytes  5.89 Mbits/sec  1.065 ms  565/1178 (48%)  
[  5] 223.00-224.00 sec   799 KBytes  6.55 Mbits/sec  1.164 ms  606/1288 (47%)  
[  5] 224.00-225.00 sec   718 KBytes  5.88 Mbits/sec  1.111 ms  545/1158 (47%)  
[  5] 225.00-226.00 sec   809 KBytes  6.63 Mbits/sec  1.101 ms  610/1300 (47%)  
[  5] 226.00-227.00 sec   799 KBytes  6.55 Mbits/sec  1.153 ms  580/1262 (46%)  
[  5] 227.00-228.00 sec   718 KBytes  5.89 Mbits/sec  1.058 ms  542/1155 (47%)  
[  5] 228.00-229.00 sec   803 KBytes  6.58 Mbits/sec  1.147 ms  633/1318 (48%)  
[  5] 229.00-230.00 sec   800 KBytes  6.55 Mbits/sec  1.109 ms  650/1333 (49%)  
[  5] 230.00-231.00 sec   711 KBytes  5.83 Mbits/sec  1.064 ms  536/1143 (47%)  
[  5] 231.00-232.00 sec   809 KBytes  6.63 Mbits/sec  1.086 ms  609/1299 (47%)  
[  5] 232.00-233.00 sec   680 KBytes  5.57 Mbits/sec  1.095 ms  531/1111 (48%)  
[  5] 233.00-234.00 sec   838 KBytes  6.86 Mbits/sec  1.014 ms  670/1385 (48%)  
[  5] 234.00-235.00 sec   779 KBytes  6.38 Mbits/sec  1.097 ms  619/1284 (48%)  
[  5] 235.00-236.00 sec   709 KBytes  5.81 Mbits/sec  1.149 ms  559/1164 (48%)  
[  5] 236.00-237.00 sec   809 KBytes  6.63 Mbits/sec  1.145 ms  644/1334 (48%)  
[  5] 237.00-238.00 sec   796 KBytes  6.51 Mbits/sec  1.113 ms  626/1305 (48%)  
[  5] 238.00-239.00 sec   718 KBytes  5.89 Mbits/sec  1.091 ms  544/1157 (47%)  
[  5] 239.00-240.00 sec   799 KBytes  6.55 Mbits/sec  1.182 ms  612/1294 (47%)  
[  5] 240.00-241.00 sec   718 KBytes  5.89 Mbits/sec  1.115 ms  547/1160 (47%)  
[  5] 241.00-242.00 sec   709 KBytes  5.81 Mbits/sec  1.043 ms  544/1149 (47%)  
[  5] 242.00-243.00 sec   809 KBytes  6.62 Mbits/sec  1.067 ms  629/1319 (48%)  
[  5] 243.00-244.00 sec   809 KBytes  6.62 Mbits/sec  1.145 ms  628/1318 (48%)  
[  5] 244.00-245.00 sec   799 KBytes  6.55 Mbits/sec  1.091 ms  619/1301 (48%)  
[  5] 245.00-246.00 sec   722 KBytes  5.91 Mbits/sec  1.059 ms  552/1168 (47%)  
[  5] 246.00-247.00 sec   809 KBytes  6.62 Mbits/sec  1.055 ms  614/1304 (47%)  
[  5] 247.00-248.00 sec   799 KBytes  6.55 Mbits/sec  1.059 ms  603/1285 (47%)  
[  5] 248.00-249.00 sec   809 KBytes  6.62 Mbits/sec  1.134 ms  615/1305 (47%)  
[  5] 249.00-250.00 sec   709 KBytes  5.80 Mbits/sec  1.085 ms  560/1165 (48%)  
[  5] 250.00-251.00 sec   809 KBytes  6.63 Mbits/sec  1.161 ms  631/1321 (48%)  
[  5] 251.00-252.00 sec   720 KBytes  5.89 Mbits/sec  1.030 ms  558/1172 (48%)  
[  5] 252.00-253.00 sec   680 KBytes  5.57 Mbits/sec  1.145 ms  543/1123 (48%)  
[  5] 253.00-254.00 sec   809 KBytes  6.62 Mbits/sec  1.092 ms  670/1360 (49%)  
[  5] 254.00-255.00 sec   709 KBytes  5.81 Mbits/sec  1.091 ms  566/1171 (48%)  
[  5] 255.00-256.00 sec   809 KBytes  6.62 Mbits/sec  1.070 ms  610/1300 (47%)  
[  5] 256.00-257.00 sec   799 KBytes  6.56 Mbits/sec  1.102 ms  591/1273 (46%)  
[  5] 257.00-258.00 sec   718 KBytes  5.88 Mbits/sec  1.050 ms  527/1140 (46%)  
[  5] 258.00-259.00 sec   809 KBytes  6.62 Mbits/sec  1.086 ms  611/1301 (47%)  
[  5] 259.00-260.00 sec   709 KBytes  5.81 Mbits/sec  1.100 ms  509/1114 (46%)  
[  5] 260.00-261.00 sec   809 KBytes  6.62 Mbits/sec  1.089 ms  627/1317 (48%)  
[  5] 261.00-262.00 sec   799 KBytes  6.55 Mbits/sec  1.100 ms  626/1308 (48%)  
[  5] 262.00-263.00 sec   721 KBytes  5.91 Mbits/sec  0.986 ms  571/1186 (48%)  
[  5] 263.00-264.00 sec   799 KBytes  6.55 Mbits/sec  1.153 ms  631/1313 (48%)  
[  5] 264.00-265.00 sec   796 KBytes  6.52 Mbits/sec  1.172 ms  683/1362 (50%)  
[  5] 265.00-266.00 sec   710 KBytes  5.82 Mbits/sec  1.158 ms  571/1177 (49%)  
[  5] 266.00-267.00 sec   807 KBytes  6.61 Mbits/sec  1.184 ms  634/1323 (48%)  
[  5] 267.00-268.00 sec   720 KBytes  5.90 Mbits/sec  1.064 ms  554/1168 (47%)  
[  5] 268.00-269.00 sec   809 KBytes  6.62 Mbits/sec  1.029 ms  625/1315 (48%)  
[  5] 269.00-270.00 sec   681 KBytes  5.58 Mbits/sec  1.262 ms  538/1119 (48%)  
[  5] 270.00-271.00 sec   710 KBytes  5.82 Mbits/sec  1.170 ms  554/1160 (48%)  
[  5] 271.00-272.00 sec   809 KBytes  6.61 Mbits/sec  1.104 ms  628/1318 (48%)  
[  5] 272.00-273.00 sec   709 KBytes  5.81 Mbits/sec  1.117 ms  526/1131 (47%)  
[  5] 273.00-274.00 sec   809 KBytes  6.63 Mbits/sec  1.138 ms  616/1306 (47%)  
[  5] 274.00-275.00 sec   709 KBytes  5.81 Mbits/sec  1.127 ms  546/1151 (47%)  
[  5] 275.00-276.00 sec   809 KBytes  6.62 Mbits/sec  1.134 ms  625/1315 (48%)  
[  5] 276.00-277.00 sec   809 KBytes  6.63 Mbits/sec  1.212 ms  626/1316 (48%)  
[  5] 277.00-278.00 sec   803 KBytes  6.56 Mbits/sec  1.084 ms  632/1317 (48%)  
[  5] 278.00-279.00 sec   718 KBytes  5.89 Mbits/sec  1.139 ms  566/1179 (48%)  
[  5] 279.00-280.00 sec   796 KBytes  6.53 Mbits/sec  1.088 ms  660/1339 (49%)  
[  5] 280.00-281.00 sec   799 KBytes  6.55 Mbits/sec  1.109 ms  630/1312 (48%)  
[  5] 281.00-282.00 sec   718 KBytes  5.88 Mbits/sec  1.124 ms  587/1200 (49%)  
[  5] 282.00-283.00 sec   709 KBytes  5.81 Mbits/sec  1.192 ms  581/1186 (49%)  
[  5] 283.00-284.00 sec   809 KBytes  6.62 Mbits/sec  1.099 ms  660/1350 (49%)  
[  5] 284.00-285.00 sec   709 KBytes  5.81 Mbits/sec  1.096 ms  566/1171 (48%)  
[  5] 285.00-286.00 sec   811 KBytes  6.64 Mbits/sec  1.094 ms  643/1335 (48%)  
[  5] 286.00-287.00 sec   810 KBytes  6.63 Mbits/sec  1.095 ms  642/1333 (48%)  
[  5] 287.00-288.00 sec   710 KBytes  5.82 Mbits/sec  1.077 ms  533/1139 (47%)  
[  5] 288.00-289.00 sec   778 KBytes  6.36 Mbits/sec  1.123 ms  582/1246 (47%)  
[  5] 289.00-290.00 sec   809 KBytes  6.63 Mbits/sec  1.096 ms  609/1299 (47%)  
[  5] 290.00-291.00 sec   738 KBytes  6.05 Mbits/sec  1.095 ms  582/1212 (48%)  
[  5] 291.00-292.00 sec   810 KBytes  6.64 Mbits/sec  1.086 ms  614/1305 (47%)  
[  5] 292.00-293.00 sec   809 KBytes  6.62 Mbits/sec  1.073 ms  613/1303 (47%)  
[  5] 293.00-294.00 sec   681 KBytes  5.58 Mbits/sec  1.100 ms  539/1120 (48%)  
[  5] 294.00-295.00 sec   811 KBytes  6.64 Mbits/sec  1.041 ms  667/1359 (49%)  
[  5] 295.00-296.00 sec   809 KBytes  6.62 Mbits/sec  1.141 ms  648/1338 (48%)  
[  5] 296.00-297.00 sec   709 KBytes  5.81 Mbits/sec  1.145 ms  554/1159 (48%)  
[  5] 297.00-298.00 sec   718 KBytes  5.88 Mbits/sec  1.132 ms  579/1192 (49%)  
[  5] 298.00-299.00 sec   799 KBytes  6.55 Mbits/sec  1.111 ms  589/1271 (46%)  
[  5] 299.00-300.00 sec   707 KBytes  5.78 Mbits/sec  1.127 ms  570/1173 (49%)  
[  5] 300.00-301.00 sec   809 KBytes  6.63 Mbits/sec  1.077 ms  622/1312 (47%)  
[  5] 301.00-302.00 sec   799 KBytes  6.55 Mbits/sec  1.111 ms  618/1300 (48%)  
[  5] 302.00-303.00 sec   723 KBytes  5.92 Mbits/sec  1.035 ms  567/1184 (48%)  
[  5] 303.00-304.00 sec   803 KBytes  6.58 Mbits/sec  1.111 ms  604/1289 (47%)  
[  5] 304.00-305.00 sec   809 KBytes  6.62 Mbits/sec  1.078 ms  611/1301 (47%)  
[  5] 305.00-306.00 sec   680 KBytes  5.57 Mbits/sec  1.138 ms  509/1089 (47%)  
[  5] 306.00-307.00 sec   838 KBytes  6.86 Mbits/sec  1.103 ms  615/1330 (46%)  
[  5] 307.00-308.00 sec   709 KBytes  5.81 Mbits/sec  1.076 ms  546/1151 (47%)  
[  5] 308.00-309.00 sec   809 KBytes  6.62 Mbits/sec  1.077 ms  606/1296 (47%)  
[  5] 309.00-310.00 sec   779 KBytes  6.39 Mbits/sec  1.050 ms  657/1322 (50%)  
[  5] 310.00-311.00 sec   738 KBytes  6.05 Mbits/sec  1.080 ms  626/1256 (50%)  
[  5] 311.00-312.00 sec   810 KBytes  6.64 Mbits/sec  1.087 ms  640/1331 (48%)  
[  5] 312.00-313.00 sec   809 KBytes  6.62 Mbits/sec  0.981 ms  615/1305 (47%)  
[  5] 313.00-314.00 sec   709 KBytes  5.81 Mbits/sec  1.076 ms  558/1163 (48%)  
[  5] 314.00-315.00 sec   799 KBytes  6.55 Mbits/sec  1.108 ms  625/1307 (48%)  
[  5] 315.00-316.00 sec   709 KBytes  5.81 Mbits/sec  1.101 ms  530/1135 (47%)  
[  5] 316.00-317.00 sec   676 KBytes  5.54 Mbits/sec  1.092 ms  538/1115 (48%)  
[  5] 317.00-318.00 sec   709 KBytes  5.81 Mbits/sec  1.224 ms  527/1132 (47%)  
[  5] 318.00-319.00 sec   811 KBytes  6.64 Mbits/sec  1.084 ms  642/1334 (48%)  
[  5] 319.00-320.00 sec   711 KBytes  5.82 Mbits/sec  1.073 ms  553/1160 (48%)  
[  5] 320.00-321.00 sec   598 KBytes  4.90 Mbits/sec  1.097 ms  517/1027 (50%)  
[  5] 321.00-322.00 sec   679 KBytes  5.56 Mbits/sec  1.118 ms  520/1099 (47%)  
[  5] 322.00-323.00 sec   620 KBytes  5.08 Mbits/sec  1.140 ms  463/992 (47%)  
[  5] 323.00-324.00 sec   619 KBytes  5.06 Mbits/sec  1.106 ms  463/991 (47%)  
[  5] 324.00-325.00 sec   689 KBytes  5.65 Mbits/sec  1.105 ms  530/1118 (47%)  
[  5] 325.00-326.00 sec   608 KBytes  4.98 Mbits/sec  1.120 ms  484/1003 (48%)  
[  5] 326.00-327.00 sec   709 KBytes  5.81 Mbits/sec  1.145 ms  556/1161 (48%)  
[  5] 327.00-328.00 sec   691 KBytes  5.66 Mbits/sec  1.050 ms  556/1146 (49%)  
[  5] 328.00-329.00 sec   619 KBytes  5.07 Mbits/sec  1.122 ms  467/995 (47%)  
[  5] 329.00-330.00 sec   710 KBytes  5.82 Mbits/sec  1.056 ms  545/1151 (47%)  
[  5] 330.00-331.00 sec   589 KBytes  4.83 Mbits/sec  1.223 ms  468/971 (48%)  
[  5] 331.00-332.00 sec   709 KBytes  5.81 Mbits/sec  1.136 ms  682/1287 (53%)  
[  5] 332.00-333.00 sec   720 KBytes  5.89 Mbits/sec  1.137 ms  625/1239 (50%)  
[  5] 333.00-334.00 sec   708 KBytes  5.79 Mbits/sec  1.179 ms  619/1223 (51%)  
[  5] 334.00-335.00 sec   589 KBytes  4.83 Mbits/sec  1.206 ms  579/1082 (54%)  
[  5] 335.00-336.00 sec   809 KBytes  6.62 Mbits/sec  1.162 ms  876/1566 (56%)  
[  5] 336.00-337.00 sec   620 KBytes  5.08 Mbits/sec  1.224 ms  676/1205 (56%)  
[  5] 337.00-338.00 sec   709 KBytes  5.81 Mbits/sec  1.183 ms  825/1430 (58%)  
[  5] 338.00-339.00 sec   687 KBytes  5.62 Mbits/sec  1.342 ms  675/1261 (54%)  
[  5] 339.00-340.00 sec   621 KBytes  5.09 Mbits/sec  1.231 ms  708/1238 (57%)  
[  5] 340.00-341.00 sec   708 KBytes  5.80 Mbits/sec  1.255 ms  662/1266 (52%)  
[  5] 341.00-342.00 sec   720 KBytes  5.89 Mbits/sec  1.062 ms  670/1284 (52%)  
[  5] 342.00-343.00 sec   709 KBytes  5.81 Mbits/sec  1.213 ms  719/1324 (54%)  
[  5] 343.00-344.00 sec   679 KBytes  5.56 Mbits/sec  1.165 ms  728/1307 (56%)  
[  5] 344.00-345.00 sec   708 KBytes  5.80 Mbits/sec  1.268 ms  734/1338 (55%)  
[  5] 345.00-346.00 sec   709 KBytes  5.81 Mbits/sec  1.149 ms  771/1376 (56%)  
[  5] 346.00-347.00 sec   716 KBytes  5.87 Mbits/sec  1.142 ms  680/1291 (53%)  
[  5] 347.00-348.00 sec   709 KBytes  5.80 Mbits/sec  1.155 ms  671/1276 (53%)  
[  5] 348.00-349.00 sec   679 KBytes  5.56 Mbits/sec  1.135 ms  631/1210 (52%)  
[  5] 349.00-350.00 sec   702 KBytes  5.75 Mbits/sec  1.391 ms  705/1304 (54%)  
[  5] 350.00-351.00 sec   709 KBytes  5.81 Mbits/sec  1.181 ms  719/1324 (54%)  
[  5] 351.00-352.00 sec   720 KBytes  5.89 Mbits/sec  1.131 ms  671/1285 (52%)  
[  5] 352.00-353.00 sec   589 KBytes  4.83 Mbits/sec  1.042 ms  607/1110 (55%)  
[  5] 353.00-354.00 sec   709 KBytes  5.81 Mbits/sec  1.209 ms  691/1296 (53%)  
[  5] 354.00-355.00 sec   708 KBytes  5.79 Mbits/sec  1.207 ms  644/1248 (52%)  
[  5] 355.00-356.00 sec   720 KBytes  5.90 Mbits/sec  1.133 ms  666/1280 (52%)  
[  5] 356.00-357.00 sec   708 KBytes  5.80 Mbits/sec  1.116 ms  649/1253 (52%)  
[  5] 357.00-358.00 sec   690 KBytes  5.66 Mbits/sec  1.002 ms  609/1198 (51%)  
[  5] 358.00-359.00 sec   709 KBytes  5.81 Mbits/sec  1.130 ms  659/1264 (52%)  
[  5] 359.00-360.00 sec   709 KBytes  5.81 Mbits/sec  1.272 ms  660/1265 (52%)  
[  5] 360.00-361.00 sec   718 KBytes  5.88 Mbits/sec  1.274 ms  705/1318 (53%)  
[  5] 361.00-362.00 sec   709 KBytes  5.81 Mbits/sec  1.112 ms  630/1235 (51%)  
[  5] 362.00-363.00 sec   589 KBytes  4.83 Mbits/sec  1.141 ms  523/1026 (51%)  
[  5] 363.00-364.00 sec   718 KBytes  5.88 Mbits/sec  1.011 ms  656/1269 (52%)  
[  5] 364.00-365.00 sec   709 KBytes  5.81 Mbits/sec  1.233 ms  690/1295 (53%)  
[  5] 365.00-366.00 sec   718 KBytes  5.88 Mbits/sec  1.088 ms  721/1334 (54%)  
[  5] 366.00-367.00 sec   799 KBytes  6.55 Mbits/sec  1.197 ms  769/1451 (53%)  
[  5] 367.00-368.00 sec   688 KBytes  5.63 Mbits/sec  1.131 ms  660/1247 (53%)  
[  5] 368.00-369.00 sec   709 KBytes  5.81 Mbits/sec  1.213 ms  667/1272 (52%)  
[  5] 369.00-370.00 sec   698 KBytes  5.72 Mbits/sec  1.161 ms  753/1349 (56%)  
[  5] 370.00-371.00 sec   720 KBytes  5.90 Mbits/sec  1.150 ms  634/1248 (51%)  
[  5] 371.00-372.00 sec   709 KBytes  5.80 Mbits/sec  1.066 ms  634/1239 (51%)  
[  5] 372.00-373.00 sec   668 KBytes  5.48 Mbits/sec  1.133 ms  655/1225 (53%)  
[  5] 373.00-374.00 sec   829 KBytes  6.79 Mbits/sec  1.156 ms  717/1424 (50%)  
[  5] 374.00-375.00 sec   689 KBytes  5.65 Mbits/sec  1.093 ms  623/1211 (51%)  
[  5] 375.00-376.00 sec   709 KBytes  5.81 Mbits/sec  1.197 ms  692/1297 (53%)  
[  5] 376.00-377.00 sec   718 KBytes  5.88 Mbits/sec  1.147 ms  720/1333 (54%)  
[  5] 377.00-378.00 sec   771 KBytes  6.32 Mbits/sec  1.217 ms  768/1426 (54%)  
[  5] 378.00-379.00 sec   718 KBytes  5.89 Mbits/sec  1.127 ms  633/1246 (51%)  
[  5] 379.00-380.00 sec   589 KBytes  4.83 Mbits/sec  1.039 ms  526/1029 (51%)  
[  5] 380.00-381.00 sec   709 KBytes  5.81 Mbits/sec  1.139 ms  631/1236 (51%)  
[  5] 381.00-382.00 sec   709 KBytes  5.81 Mbits/sec  1.160 ms  648/1253 (52%)  
[  5] 382.00-383.00 sec   718 KBytes  5.88 Mbits/sec  1.100 ms  651/1264 (52%)  
[  5] 383.00-384.00 sec   809 KBytes  6.62 Mbits/sec  1.063 ms  687/1377 (50%)  
[  5] 384.00-385.00 sec   709 KBytes  5.81 Mbits/sec  1.159 ms  626/1231 (51%)  
[  5] 385.00-386.00 sec   679 KBytes  5.56 Mbits/sec  1.141 ms  604/1183 (51%)  
[  5] 386.00-387.00 sec   809 KBytes  6.62 Mbits/sec  1.214 ms  678/1368 (50%)  
[  5] 387.00-388.00 sec   720 KBytes  5.89 Mbits/sec  1.071 ms  601/1215 (49%)  
[  5] 388.00-389.00 sec   697 KBytes  5.71 Mbits/sec  1.133 ms  618/1213 (51%)  
[  5] 389.00-390.00 sec   709 KBytes  5.81 Mbits/sec  1.159 ms  601/1206 (50%)  
[  5] 390.00-391.00 sec   718 KBytes  5.89 Mbits/sec  1.177 ms  624/1237 (50%)  
[  5] 391.00-392.00 sec   680 KBytes  5.56 Mbits/sec  1.150 ms  598/1178 (51%)  
[  5] 392.00-393.00 sec   718 KBytes  5.89 Mbits/sec  1.127 ms  681/1294 (53%)  
[  5] 393.00-394.00 sec   619 KBytes  5.07 Mbits/sec  1.223 ms  588/1116 (53%)  
[  5] 394.00-395.00 sec   709 KBytes  5.81 Mbits/sec  1.174 ms  662/1267 (52%)  
[  5] 395.00-396.00 sec   697 KBytes  5.71 Mbits/sec  1.819 ms  631/1226 (51%)  
[  5] 396.00-397.00 sec   680 KBytes  5.57 Mbits/sec  1.158 ms  618/1198 (52%)  
[  5] 397.00-398.00 sec   219 KBytes  1.80 Mbits/sec  1.280 ms  188/375 (50%)  
[  5] 398.00-399.00 sec   709 KBytes  5.81 Mbits/sec  1.103 ms  587/1192 (49%)  
[  5] 399.00-400.00 sec   680 KBytes  5.57 Mbits/sec  1.117 ms  579/1159 (50%)  
[  5] 400.00-401.00 sec   718 KBytes  5.88 Mbits/sec  1.069 ms  590/1203 (49%)  
[  5] 401.00-402.00 sec   709 KBytes  5.81 Mbits/sec  1.137 ms  625/1230 (51%)  
[  5] 402.00-403.00 sec   720 KBytes  5.89 Mbits/sec  1.046 ms  640/1254 (51%)  
[  5] 403.00-404.00 sec   588 KBytes  4.82 Mbits/sec  1.172 ms  532/1034 (51%)  
[  5] 404.00-405.00 sec   709 KBytes  5.81 Mbits/sec  1.226 ms  661/1266 (52%)  
[  5] 405.00-406.00 sec   709 KBytes  5.81 Mbits/sec  1.273 ms  666/1271 (52%)  
