Connecting to host 172.22.0.50, port 5202
Reverse mode, remote host 172.22.0.50 is sending
[  5] local 192.168.102.2 port 48901 connected to 172.22.0.50 port 5202
[ ID] Interval           Transfer     Bitrate         Jitter    Lost/Total Datagrams
[  5]   0.00-1.00   sec   440 KBytes  3.60 Mbits/sec  0.294 ms  0/4502 (0%)  
[  5]   1.00-2.00   sec   439 KBytes  3.60 Mbits/sec  0.297 ms  0/4497 (0%)  
[  5]   2.00-3.00   sec   437 KBytes  3.58 Mbits/sec  0.343 ms  0/4476 (0%)  
[  5]   3.00-4.00   sec   440 KBytes  3.61 Mbits/sec  0.311 ms  0/4508 (0%)  
[  5]   4.00-5.00   sec   439 KBytes  3.59 Mbits/sec  0.320 ms  0/4494 (0%)  
[  5]   5.00-6.00   sec   437 KBytes  3.58 Mbits/sec  0.293 ms  0/4471 (0%)  
[  5]   6.00-7.00   sec   445 KBytes  3.64 Mbits/sec  0.280 ms  0/4558 (0%)  
[  5]   7.00-8.00   sec   437 KBytes  3.59 Mbits/sec  0.359 ms  0/4475 (0%)  
[  5]   8.00-9.00   sec   440 KBytes  3.60 Mbits/sec  0.219 ms  0/4502 (0%)  
[  5]   9.00-10.00  sec   441 KBytes  3.61 Mbits/sec  0.365 ms  0/4512 (0%)  
[  5]  10.00-11.00  sec   439 KBytes  3.60 Mbits/sec  0.274 ms  0/4498 (0%)  
[  5]  11.00-12.00  sec   440 KBytes  3.60 Mbits/sec  0.311 ms  0/4506 (0%)  
[  5]  12.00-13.00  sec   439 KBytes  3.59 Mbits/sec  0.222 ms  0/4496 (0%)  
[  5]  13.00-14.00  sec   439 KBytes  3.61 Mbits/sec  0.298 ms  0/4501 (0%)  
[  5]  14.00-15.00  sec   437 KBytes  3.58 Mbits/sec  0.437 ms  0/4478 (0%)  
[  5]  15.00-16.00  sec   442 KBytes  3.62 Mbits/sec  0.286 ms  0/4525 (0%)  
[  5]  16.00-17.00  sec   439 KBytes  3.60 Mbits/sec  0.337 ms  0/4492 (0%)  
[  5]  17.00-18.00  sec   440 KBytes  3.61 Mbits/sec  0.266 ms  0/4510 (0%)  
[  5]  18.00-19.00  sec   435 KBytes  3.56 Mbits/sec  0.640 ms  0/4454 (0%)  
[  5]  19.00-20.00  sec   329 KBytes  2.70 Mbits/sec  0.302 ms  0/3374 (0%)  
[  5]  20.00-21.00  sec   336 KBytes  2.76 Mbits/sec  0.419 ms  0/3444 (0%)  
[  5]  21.00-22.00  sec   333 KBytes  2.73 Mbits/sec  0.462 ms  0/3410 (0%)  
[  5]  22.00-23.00  sec   328 KBytes  2.69 Mbits/sec  0.274 ms  0/3359 (0%)  
[  5]  23.00-24.00  sec   323 KBytes  2.65 Mbits/sec  0.328 ms  0/3310 (0%)  
[  5]  24.00-25.00  sec   335 KBytes  2.74 Mbits/sec  0.415 ms  0/3430 (0%)  
[  5]  25.00-26.00  sec   333 KBytes  2.73 Mbits/sec  0.518 ms  0/3407 (0%)  
[  5]  26.00-27.00  sec   335 KBytes  2.74 Mbits/sec  0.279 ms  0/3429 (0%)  
[  5]  27.00-28.00  sec   333 KBytes  2.73 Mbits/sec  0.423 ms  0/3413 (0%)  
[  5]  28.00-29.00  sec   335 KBytes  2.75 Mbits/sec  0.282 ms  0/3435 (0%)  
[  5]  29.00-30.00  sec   358 KBytes  2.93 Mbits/sec  0.388 ms  0/3666 (0%)  
[  5]  30.00-31.00  sec   355 KBytes  2.91 Mbits/sec  0.386 ms  0/3635 (0%)  
[  5]  31.00-32.00  sec   353 KBytes  2.89 Mbits/sec  0.364 ms  0/3610 (0%)  
[  5]  32.00-33.00  sec   359 KBytes  2.94 Mbits/sec  0.396 ms  0/3672 (0%)  
[  5]  33.00-34.00  sec   361 KBytes  2.95 Mbits/sec  0.384 ms  0/3693 (0%)  
[  5]  34.00-35.00  sec   362 KBytes  2.97 Mbits/sec  0.354 ms  0/3708 (0%)  
[  5]  35.00-36.00  sec   362 KBytes  2.97 Mbits/sec  0.532 ms  0/3708 (0%)  
[  5]  36.00-37.00  sec   364 KBytes  2.98 Mbits/sec  0.330 ms  0/3731 (0%)  
[  5]  37.00-38.00  sec   366 KBytes  3.00 Mbits/sec  0.337 ms  0/3746 (0%)  
[  5]  38.00-39.00  sec   355 KBytes  2.91 Mbits/sec  0.517 ms  0/3635 (0%)  
[  5]  39.00-40.00  sec   366 KBytes  3.00 Mbits/sec  0.457 ms  0/3745 (0%)  
[  5]  40.00-41.00  sec   364 KBytes  2.98 Mbits/sec  0.391 ms  0/3723 (0%)  
[  5]  41.00-42.00  sec   366 KBytes  3.00 Mbits/sec  0.358 ms  0/3752 (0%)  
[  5]  42.00-43.00  sec   361 KBytes  2.96 Mbits/sec  0.350 ms  0/3696 (0%)  
[  5]  43.00-44.00  sec   367 KBytes  3.01 Mbits/sec  0.319 ms  0/3762 (0%)  
[  5]  44.00-45.00  sec   367 KBytes  3.01 Mbits/sec  0.322 ms  0/3763 (0%)  
[  5]  45.00-46.00  sec   363 KBytes  2.98 Mbits/sec  0.386 ms  0/3722 (0%)  
[  5]  46.00-47.00  sec   358 KBytes  2.93 Mbits/sec  0.268 ms  0/3667 (0%)  
[  5]  47.00-48.00  sec   356 KBytes  2.92 Mbits/sec  0.318 ms  0/3647 (0%)  
[  5]  48.00-49.00  sec   355 KBytes  2.91 Mbits/sec  0.374 ms  0/3635 (0%)  
[  5]  49.00-50.00  sec   365 KBytes  2.99 Mbits/sec  0.384 ms  0/3740 (0%)  
[  5]  50.00-51.00  sec   367 KBytes  3.01 Mbits/sec  0.372 ms  0/3758 (0%)  
[  5]  51.00-52.00  sec   368 KBytes  3.02 Mbits/sec  0.323 ms  0/3772 (0%)  
[  5]  52.00-53.00  sec   363 KBytes  2.98 Mbits/sec  0.345 ms  0/3721 (0%)  
[  5]  53.00-54.00  sec   359 KBytes  2.94 Mbits/sec  0.332 ms  0/3677 (0%)  
[  5]  54.00-55.00  sec   361 KBytes  2.96 Mbits/sec  0.381 ms  0/3700 (0%)  
[  5]  55.00-56.00  sec   357 KBytes  2.92 Mbits/sec  0.420 ms  0/3655 (0%)  
[  5]  56.00-57.00  sec   361 KBytes  2.96 Mbits/sec  0.352 ms  0/3700 (0%)  
[  5]  57.00-58.00  sec   366 KBytes  3.00 Mbits/sec  0.321 ms  0/3744 (0%)  
[  5]  58.00-59.00  sec   361 KBytes  2.96 Mbits/sec  0.293 ms  0/3694 (0%)  
[  5]  59.00-60.00  sec   356 KBytes  2.92 Mbits/sec  0.370 ms  0/3649 (0%)  
[  5]  60.00-61.00  sec   363 KBytes  2.97 Mbits/sec  0.387 ms  0/3717 (0%)  
[  5]  61.00-62.00  sec   368 KBytes  3.01 Mbits/sec  0.414 ms  0/3764 (0%)  
[  5]  62.00-63.00  sec   359 KBytes  2.94 Mbits/sec  0.383 ms  0/3679 (0%)  
[  5]  63.00-64.00  sec   357 KBytes  2.92 Mbits/sec  0.310 ms  0/3654 (0%)  
[  5]  64.00-65.00  sec   363 KBytes  2.97 Mbits/sec  0.398 ms  0/3714 (0%)  
[  5]  65.00-66.00  sec   369 KBytes  3.02 Mbits/sec  0.322 ms  0/3781 (0%)  
[  5]  66.00-67.00  sec   366 KBytes  3.00 Mbits/sec  0.348 ms  0/3744 (0%)  
[  5]  67.00-68.00  sec   366 KBytes  3.00 Mbits/sec  0.358 ms  0/3750 (0%)  
[  5]  68.00-69.00  sec   365 KBytes  2.99 Mbits/sec  0.318 ms  0/3741 (0%)  
[  5]  69.00-70.00  sec   366 KBytes  3.00 Mbits/sec  0.353 ms  0/3750 (0%)  
[  5]  70.00-71.00  sec   362 KBytes  2.97 Mbits/sec  0.317 ms  0/3708 (0%)  
[  5]  71.00-72.00  sec   356 KBytes  2.91 Mbits/sec  0.330 ms  0/3641 (0%)  
[  5]  72.00-73.00  sec   366 KBytes  3.00 Mbits/sec  0.333 ms  0/3744 (0%)  
[  5]  73.00-74.00  sec   364 KBytes  2.98 Mbits/sec  0.420 ms  0/3727 (0%)  
[  5]  74.00-75.00  sec   360 KBytes  2.95 Mbits/sec  0.299 ms  0/3685 (0%)  
[  5]  75.00-76.00  sec   362 KBytes  2.97 Mbits/sec  0.441 ms  0/3709 (0%)  
[  5]  76.00-77.00  sec   364 KBytes  2.99 Mbits/sec  0.364 ms  0/3732 (0%)  
[  5]  77.00-78.00  sec   363 KBytes  2.97 Mbits/sec  0.314 ms  0/3717 (0%)  
[  5]  78.00-79.00  sec   364 KBytes  2.98 Mbits/sec  0.329 ms  0/3726 (0%)  
[  5]  79.00-80.00  sec   358 KBytes  2.93 Mbits/sec  0.344 ms  0/3663 (0%)  
[  5]  80.00-81.00  sec   355 KBytes  2.90 Mbits/sec  0.332 ms  0/3631 (0%)  
[  5]  81.00-82.00  sec   364 KBytes  2.98 Mbits/sec  0.394 ms  0/3727 (0%)  
[  5]  82.00-83.00  sec   366 KBytes  3.00 Mbits/sec  0.405 ms  0/3745 (0%)  
[  5]  83.00-84.00  sec   371 KBytes  3.04 Mbits/sec  0.321 ms  0/3800 (0%)  
[  5]  84.00-85.00  sec   367 KBytes  3.01 Mbits/sec  0.320 ms  0/3762 (0%)  
[  5]  85.00-86.00  sec   368 KBytes  3.02 Mbits/sec  0.334 ms  0/3769 (0%)  
[  5]  86.00-87.00  sec   364 KBytes  2.98 Mbits/sec  0.306 ms  0/3731 (0%)  
[  5]  87.00-88.00  sec   363 KBytes  2.97 Mbits/sec  0.309 ms  0/3716 (0%)  
[  5]  88.00-89.00  sec   353 KBytes  2.89 Mbits/sec  0.378 ms  0/3614 (0%)  
[  5]  89.00-90.00  sec   347 KBytes  2.85 Mbits/sec  0.313 ms  0/3557 (0%)  
[  5]  90.00-91.00  sec   359 KBytes  2.94 Mbits/sec  0.321 ms  0/3675 (0%)  
[  5]  91.00-92.00  sec   357 KBytes  2.93 Mbits/sec  0.353 ms  0/3658 (0%)  
[  5]  92.00-93.00  sec   355 KBytes  2.91 Mbits/sec  0.312 ms  0/3635 (0%)  
[  5]  93.00-94.00  sec   361 KBytes  2.96 Mbits/sec  0.262 ms  0/3695 (0%)  
[  5]  94.00-95.00  sec   363 KBytes  2.97 Mbits/sec  0.346 ms  0/3717 (0%)  
[  5]  95.00-96.00  sec   360 KBytes  2.95 Mbits/sec  0.375 ms  0/3687 (0%)  
[  5]  96.00-97.00  sec   359 KBytes  2.94 Mbits/sec  0.387 ms  0/3672 (0%)  
[  5]  97.00-98.00  sec   362 KBytes  2.96 Mbits/sec  0.430 ms  0/3709 (0%)  
[  5]  98.00-99.00  sec   362 KBytes  2.97 Mbits/sec  0.296 ms  0/3702 (0%)  
[  5]  99.00-100.00 sec   365 KBytes  2.99 Mbits/sec  0.313 ms  0/3735 (0%)  
[  5] 100.00-101.00 sec   365 KBytes  2.99 Mbits/sec  0.306 ms  0/3736 (0%)  
[  5] 101.00-102.00 sec   368 KBytes  3.01 Mbits/sec  0.339 ms  0/3764 (0%)  
[  5] 102.00-103.00 sec   360 KBytes  2.95 Mbits/sec  0.349 ms  0/3685 (0%)  
[  5] 103.00-104.00 sec   350 KBytes  2.87 Mbits/sec  0.353 ms  0/3585 (0%)  
[  5] 104.00-105.00 sec   347 KBytes  2.84 Mbits/sec  0.357 ms  0/3552 (0%)  
[  5] 105.00-106.00 sec   350 KBytes  2.87 Mbits/sec  0.346 ms  0/3585 (0%)  
[  5] 106.00-107.00 sec   369 KBytes  3.02 Mbits/sec  0.370 ms  0/3777 (0%)  
[  5] 107.00-108.00 sec   364 KBytes  2.99 Mbits/sec  0.391 ms  0/3729 (0%)  
[  5] 108.00-109.00 sec   365 KBytes  2.99 Mbits/sec  0.365 ms  0/3739 (0%)  
[  5] 109.00-110.00 sec   366 KBytes  3.00 Mbits/sec  0.334 ms  0/3744 (0%)  
[  5] 110.00-111.00 sec   367 KBytes  3.00 Mbits/sec  0.330 ms  0/3754 (0%)  
[  5] 111.00-112.00 sec   355 KBytes  2.91 Mbits/sec  0.344 ms  0/3637 (0%)  
[  5] 112.00-113.00 sec   357 KBytes  2.92 Mbits/sec  0.393 ms  0/3654 (0%)  
[  5] 113.00-114.00 sec   356 KBytes  2.92 Mbits/sec  0.407 ms  0/3645 (0%)  
[  5] 114.00-115.00 sec   361 KBytes  2.96 Mbits/sec  0.382 ms  0/3698 (0%)  
[  5] 115.00-116.00 sec   361 KBytes  2.96 Mbits/sec  0.309 ms  0/3700 (0%)  
[  5] 116.00-117.00 sec   368 KBytes  3.01 Mbits/sec  0.339 ms  0/3767 (0%)  
[  5] 117.00-118.00 sec   353 KBytes  2.89 Mbits/sec  0.490 ms  0/3613 (0%)  
[  5] 118.00-119.00 sec   352 KBytes  2.88 Mbits/sec  0.402 ms  0/3607 (0%)  
[  5] 119.00-120.00 sec   347 KBytes  2.85 Mbits/sec  0.292 ms  0/3556 (0%)  
[  5] 120.00-121.00 sec   345 KBytes  2.82 Mbits/sec  0.291 ms  0/3531 (0%)  
[  5] 121.00-122.00 sec   349 KBytes  2.86 Mbits/sec  0.350 ms  0/3575 (0%)  
[  5] 122.00-123.00 sec   356 KBytes  2.92 Mbits/sec  0.369 ms  0/3645 (0%)  
[  5] 123.00-124.00 sec   352 KBytes  2.89 Mbits/sec  0.319 ms  0/3607 (0%)  
[  5] 124.00-125.00 sec   357 KBytes  2.92 Mbits/sec  0.297 ms  0/3652 (0%)  
[  5] 125.00-126.00 sec   352 KBytes  2.89 Mbits/sec  0.338 ms  0/3609 (0%)  
[  5] 126.00-127.00 sec   362 KBytes  2.97 Mbits/sec  0.350 ms  0/3709 (0%)  
[  5] 127.00-128.00 sec   355 KBytes  2.91 Mbits/sec  0.346 ms  0/3639 (0%)  
[  5] 128.00-129.01 sec   349 KBytes  2.85 Mbits/sec  0.325 ms  0/3575 (0%)  
[  5] 129.01-130.00 sec   351 KBytes  2.89 Mbits/sec  0.333 ms  0/3591 (0%)  
[  5] 130.00-131.00 sec   359 KBytes  2.94 Mbits/sec  0.359 ms  0/3679 (0%)  
[  5] 131.00-132.00 sec   278 KBytes  2.28 Mbits/sec  0.246 ms  22/2872 (0.77%)  
[  5] 132.00-133.00 sec   344 KBytes  2.82 Mbits/sec  0.225 ms  997/4518 (22%)  
[  5] 133.00-134.00 sec   370 KBytes  3.03 Mbits/sec  0.217 ms  907/4695 (19%)  
[  5] 134.00-135.00 sec   359 KBytes  2.94 Mbits/sec  0.228 ms  891/4568 (20%)  
[  5] 135.00-136.00 sec   362 KBytes  2.96 Mbits/sec  0.221 ms  807/4511 (18%)  
[  5] 136.00-137.00 sec   317 KBytes  2.59 Mbits/sec  0.209 ms  818/4060 (20%)  
[  5] 137.00-138.00 sec   348 KBytes  2.85 Mbits/sec  0.218 ms  868/4428 (20%)  
[  5] 138.00-139.00 sec   371 KBytes  3.04 Mbits/sec  0.211 ms  888/4692 (19%)  
[  5] 139.00-140.00 sec   282 KBytes  2.31 Mbits/sec  0.219 ms  925/3811 (24%)  
[  5] 140.00-141.00 sec   283 KBytes  2.31 Mbits/sec  0.216 ms  1520/4415 (34%)  
[  5] 141.00-142.00 sec   351 KBytes  2.88 Mbits/sec  0.211 ms  1141/4739 (24%)  
[  5] 142.00-143.00 sec   317 KBytes  2.60 Mbits/sec  0.247 ms  966/4215 (23%)  
[  5] 143.00-144.00 sec   343 KBytes  2.81 Mbits/sec  0.284 ms  1047/4559 (23%)  
[  5] 144.00-145.00 sec   362 KBytes  2.97 Mbits/sec  0.207 ms  938/4646 (20%)  
[  5] 145.00-146.00 sec   362 KBytes  2.97 Mbits/sec  0.212 ms  902/4610 (20%)  
[  5] 146.00-147.00 sec   298 KBytes  2.44 Mbits/sec  0.220 ms  1101/4152 (27%)  
[  5] 147.00-148.00 sec   362 KBytes  2.97 Mbits/sec  0.222 ms  810/4519 (18%)  
[  5] 148.00-149.00 sec   337 KBytes  2.75 Mbits/sec  0.215 ms  1152/4599 (25%)  
[  5] 149.00-150.00 sec   361 KBytes  2.96 Mbits/sec  0.217 ms  999/4698 (21%)  
[  5] 150.00-151.00 sec   326 KBytes  2.67 Mbits/sec  0.219 ms  856/4194 (20%)  
[  5] 151.00-152.00 sec   358 KBytes  2.94 Mbits/sec  0.218 ms  900/4571 (20%)  
[  5] 152.00-153.00 sec   338 KBytes  2.77 Mbits/sec  0.264 ms  1058/4515 (23%)  
[  5] 153.00-154.00 sec   310 KBytes  2.54 Mbits/sec  0.204 ms  879/4053 (22%)  
[  5] 154.00-155.00 sec   348 KBytes  2.85 Mbits/sec  0.221 ms  913/4475 (20%)  
[  5] 155.00-156.00 sec   363 KBytes  2.97 Mbits/sec  0.219 ms  977/4693 (21%)  
[  5] 156.00-157.00 sec   362 KBytes  2.97 Mbits/sec  0.218 ms  883/4591 (19%)  
[  5] 157.00-158.00 sec   354 KBytes  2.90 Mbits/sec  0.209 ms  1175/4803 (24%)  
[  5] 158.00-159.00 sec   347 KBytes  2.84 Mbits/sec  0.207 ms  1044/4594 (23%)  
[  5] 159.00-160.00 sec   301 KBytes  2.47 Mbits/sec  0.442 ms  837/3922 (21%)  
[  5] 160.00-161.00 sec   328 KBytes  2.68 Mbits/sec  0.218 ms  1756/5110 (34%)  
[  5] 161.00-162.00 sec   353 KBytes  2.89 Mbits/sec  0.212 ms  1259/4875 (26%)  
[  5] 162.00-163.00 sec   348 KBytes  2.85 Mbits/sec  0.260 ms  1080/4648 (23%)  
[  5] 163.00-164.00 sec   337 KBytes  2.76 Mbits/sec  0.217 ms  1605/5057 (32%)  
[  5] 164.00-165.00 sec   307 KBytes  2.52 Mbits/sec  0.219 ms  943/4091 (23%)  
[  5] 165.00-166.00 sec   360 KBytes  2.95 Mbits/sec  0.214 ms  872/4560 (19%)  
[  5] 166.00-167.00 sec   362 KBytes  2.97 Mbits/sec  0.219 ms  935/4642 (20%)  
[  5] 167.00-168.00 sec   362 KBytes  2.96 Mbits/sec  0.209 ms  930/4633 (20%)  
[  5] 168.00-169.00 sec   356 KBytes  2.91 Mbits/sec  0.367 ms  935/4579 (20%)  
[  5] 169.00-170.00 sec   299 KBytes  2.45 Mbits/sec  0.243 ms  1020/4082 (25%)  
[  5] 170.00-171.00 sec   371 KBytes  3.04 Mbits/sec  0.205 ms  1008/4808 (21%)  
[  5] 171.00-172.00 sec   362 KBytes  2.97 Mbits/sec  0.249 ms  889/4597 (19%)  
[  5] 172.00-173.00 sec   337 KBytes  2.76 Mbits/sec  0.214 ms  1217/4671 (26%)  
[  5] 173.00-174.00 sec   370 KBytes  3.03 Mbits/sec  0.206 ms  1049/4840 (22%)  
[  5] 174.00-175.00 sec   362 KBytes  2.97 Mbits/sec  0.210 ms  951/4659 (20%)  
[  5] 175.00-176.00 sec   331 KBytes  2.71 Mbits/sec  0.239 ms  1263/4653 (27%)  
[  5] 176.00-177.00 sec   371 KBytes  3.04 Mbits/sec  0.188 ms  886/4690 (19%)  
[  5] 177.00-178.00 sec   308 KBytes  2.52 Mbits/sec  0.218 ms  731/3881 (19%)  
[  5] 178.00-179.00 sec   347 KBytes  2.84 Mbits/sec  0.208 ms  999/4553 (22%)  
[  5] 179.00-180.00 sec   317 KBytes  2.60 Mbits/sec  0.177 ms  665/3911 (17%)  
[  5] 180.00-181.00 sec   371 KBytes  3.04 Mbits/sec  0.209 ms  829/4624 (18%)  
[  5] 181.00-182.00 sec   317 KBytes  2.60 Mbits/sec  0.219 ms  727/3973 (18%)  
[  5] 182.00-183.00 sec   364 KBytes  2.98 Mbits/sec  0.218 ms  854/4585 (19%)  
[  5] 183.00-184.00 sec   345 KBytes  2.82 Mbits/sec  0.375 ms  1030/4560 (23%)  
[  5] 184.00-185.00 sec   360 KBytes  2.95 Mbits/sec  0.218 ms  938/4623 (20%)  
[  5] 185.00-186.00 sec   356 KBytes  2.92 Mbits/sec  0.259 ms  907/4551 (20%)  
[  5] 186.00-187.00 sec   320 KBytes  2.62 Mbits/sec  0.235 ms  921/4208 (22%)  
[  5] 187.00-188.00 sec   358 KBytes  2.93 Mbits/sec  0.210 ms  893/4555 (20%)  
[  5] 188.00-189.00 sec   344 KBytes  2.81 Mbits/sec  0.196 ms  1147/4666 (25%)  
[  5] 189.00-190.00 sec   358 KBytes  2.93 Mbits/sec  0.223 ms  916/4580 (20%)  
[  5] 190.00-191.00 sec   371 KBytes  3.04 Mbits/sec  0.229 ms  909/4703 (19%)  
[  5] 191.00-192.00 sec   362 KBytes  2.96 Mbits/sec  0.207 ms  864/4568 (19%)  
[  5] 192.00-193.00 sec   317 KBytes  2.60 Mbits/sec  0.208 ms  686/3932 (17%)  
[  5] 193.00-194.00 sec   349 KBytes  2.86 Mbits/sec  0.218 ms  988/4566 (22%)  
[  5] 194.00-195.00 sec   362 KBytes  2.97 Mbits/sec  0.218 ms  738/4446 (17%)  
[  5] 195.00-196.00 sec   288 KBytes  2.36 Mbits/sec  0.216 ms  987/3932 (25%)  
[  5] 196.00-197.00 sec   371 KBytes  3.04 Mbits/sec  0.211 ms  869/4664 (19%)  
[  5] 197.00-198.00 sec   336 KBytes  2.75 Mbits/sec  0.480 ms  808/4248 (19%)  
[  5] 198.00-199.00 sec   352 KBytes  2.89 Mbits/sec  0.450 ms  1261/4870 (26%)  
[  5] 199.00-200.00 sec   337 KBytes  2.76 Mbits/sec  0.205 ms  1514/4960 (31%)  
[  5] 200.00-201.00 sec   345 KBytes  2.83 Mbits/sec  0.211 ms  1250/4784 (26%)  
[  5] 201.00-202.00 sec   360 KBytes  2.95 Mbits/sec  0.219 ms  923/4606 (20%)  
[  5] 202.00-203.00 sec   324 KBytes  2.65 Mbits/sec  0.211 ms  1364/4681 (29%)  
[  5] 203.00-204.00 sec   362 KBytes  2.97 Mbits/sec  0.221 ms  803/4511 (18%)  
[  5] 204.00-205.00 sec   362 KBytes  2.97 Mbits/sec  0.240 ms  783/4491 (17%)  
[  5] 205.00-206.00 sec   345 KBytes  2.83 Mbits/sec  0.238 ms  1060/4591 (23%)  
[  5] 206.00-207.00 sec   361 KBytes  2.96 Mbits/sec  0.211 ms  849/4549 (19%)  
[  5] 207.00-208.00 sec   367 KBytes  3.01 Mbits/sec  0.211 ms  909/4669 (19%)  
[  5] 208.00-209.00 sec   317 KBytes  2.60 Mbits/sec  0.216 ms  653/3899 (17%)  
[  5] 209.00-210.00 sec   369 KBytes  3.02 Mbits/sec  0.216 ms  786/4567 (17%)  
[  5] 210.00-211.00 sec   326 KBytes  2.67 Mbits/sec  0.339 ms  1180/4518 (26%)  
[  5] 211.00-212.00 sec   369 KBytes  3.02 Mbits/sec  0.229 ms  858/4639 (18%)  
[  5] 212.00-213.00 sec   304 KBytes  2.49 Mbits/sec  0.264 ms  906/4023 (23%)  
[  5] 213.00-214.00 sec   359 KBytes  2.93 Mbits/sec  0.218 ms  984/4659 (21%)  
[  5] 214.00-215.00 sec   363 KBytes  2.99 Mbits/sec  0.138 ms  1086/4808 (23%)  
[  5] 215.00-216.00 sec   314 KBytes  2.57 Mbits/sec  0.254 ms  1151/4368 (26%)  
[  5] 216.00-217.00 sec   369 KBytes  3.02 Mbits/sec  0.209 ms  1232/5007 (25%)  
[  5] 217.00-218.00 sec   339 KBytes  2.78 Mbits/sec  0.218 ms  1107/4578 (24%)  
[  5] 218.00-219.00 sec   365 KBytes  2.99 Mbits/sec  0.216 ms  877/4610 (19%)  
[  5] 219.00-220.00 sec   355 KBytes  2.91 Mbits/sec  0.212 ms  881/4521 (19%)  
[  5] 220.00-221.00 sec   368 KBytes  3.01 Mbits/sec  0.274 ms  857/4624 (19%)  
[  5] 221.00-222.00 sec   298 KBytes  2.44 Mbits/sec  0.812 ms  905/3959 (23%)  
[  5] 222.00-223.00 sec   357 KBytes  2.92 Mbits/sec  0.219 ms  997/4653 (21%)  
[  5] 223.00-224.00 sec   362 KBytes  2.96 Mbits/sec  0.232 ms  902/4606 (20%)  
[  5] 224.00-225.00 sec   316 KBytes  2.58 Mbits/sec  0.316 ms  748/3979 (19%)  
[  5] 225.00-226.00 sec   362 KBytes  2.96 Mbits/sec  0.219 ms  916/4620 (20%)  
[  5] 226.00-227.00 sec   351 KBytes  2.88 Mbits/sec  0.215 ms  854/4449 (19%)  
[  5] 227.00-228.00 sec   371 KBytes  3.03 Mbits/sec  0.215 ms  894/4689 (19%)  
[  5] 228.00-229.00 sec   348 KBytes  2.85 Mbits/sec  0.254 ms  1014/4576 (22%)  
[  5] 229.00-230.00 sec   328 KBytes  2.69 Mbits/sec  0.233 ms  1233/4594 (27%)  
[  5] 230.00-231.00 sec   350 KBytes  2.87 Mbits/sec  0.214 ms  1138/4725 (24%)  
[  5] 231.00-232.00 sec   292 KBytes  2.40 Mbits/sec  0.209 ms  1055/4045 (26%)  
[  5] 232.00-233.00 sec   363 KBytes  2.97 Mbits/sec  0.216 ms  953/4670 (20%)  
[  5] 233.00-234.00 sec   361 KBytes  2.95 Mbits/sec  0.213 ms  947/4640 (20%)  
[  5] 234.00-235.00 sec   330 KBytes  2.71 Mbits/sec  0.219 ms  1296/4680 (28%)  
[  5] 235.00-236.00 sec   349 KBytes  2.86 Mbits/sec  0.428 ms  924/4493 (21%)  
[  5] 236.00-237.00 sec   326 KBytes  2.67 Mbits/sec  0.222 ms  653/3990 (16%)  
[  5] 237.00-238.00 sec   353 KBytes  2.89 Mbits/sec  0.215 ms  815/4426 (18%)  
[  5] 238.00-239.00 sec   339 KBytes  2.78 Mbits/sec  0.346 ms  907/4379 (21%)  
[  5] 239.00-240.00 sec   360 KBytes  2.94 Mbits/sec  0.217 ms  1092/4774 (23%)  
[  5] 240.00-241.00 sec   342 KBytes  2.81 Mbits/sec  0.209 ms  1038/4541 (23%)  
[  5] 241.00-242.00 sec   350 KBytes  2.87 Mbits/sec  0.221 ms  1006/4592 (22%)  
[  5] 242.00-243.00 sec   333 KBytes  2.73 Mbits/sec  0.349 ms  1167/4581 (25%)  
[  5] 243.00-244.00 sec   303 KBytes  2.48 Mbits/sec  0.218 ms  1019/4125 (25%)  
[  5] 244.00-245.00 sec   349 KBytes  2.85 Mbits/sec  0.205 ms  1146/4716 (24%)  
[  5] 245.00-246.00 sec   358 KBytes  2.93 Mbits/sec  0.216 ms  913/4580 (20%)  
[  5] 246.00-247.00 sec   338 KBytes  2.77 Mbits/sec  0.216 ms  1269/4731 (27%)  
[  5] 247.00-248.00 sec   356 KBytes  2.91 Mbits/sec  0.218 ms  954/4595 (21%)  
[  5] 248.00-249.00 sec   371 KBytes  3.04 Mbits/sec  0.239 ms  860/4664 (18%)  
[  5] 249.00-250.00 sec   359 KBytes  2.94 Mbits/sec  0.215 ms  791/4469 (18%)  
[  5] 250.00-251.00 sec   272 KBytes  2.23 Mbits/sec  0.226 ms  1202/3984 (30%)  
[  5] 251.00-252.00 sec   370 KBytes  3.03 Mbits/sec  0.208 ms  771/4555 (17%)  
[  5] 252.00-253.00 sec   360 KBytes  2.95 Mbits/sec  0.219 ms  862/4551 (19%)  
[  5] 253.00-254.00 sec   358 KBytes  2.93 Mbits/sec  0.218 ms  915/4576 (20%)  
[  5] 254.00-255.00 sec   321 KBytes  2.63 Mbits/sec  0.766 ms  712/3995 (18%)  
[  5] 255.00-256.00 sec   367 KBytes  3.01 Mbits/sec  0.242 ms  904/4663 (19%)  
[  5] 256.00-257.00 sec   357 KBytes  2.92 Mbits/sec  0.217 ms  1010/4667 (22%)  
[  5] 257.00-258.00 sec   364 KBytes  2.98 Mbits/sec  0.219 ms  938/4662 (20%)  
[  5] 258.00-259.00 sec   362 KBytes  2.96 Mbits/sec  0.221 ms  815/4519 (18%)  
[  5] 259.00-260.00 sec   336 KBytes  2.76 Mbits/sec  0.219 ms  1048/4492 (23%)  
[  5] 260.00-261.00 sec   325 KBytes  2.66 Mbits/sec  0.218 ms  686/4019 (17%)  
[  5] 261.00-262.00 sec   362 KBytes  2.97 Mbits/sec  0.217 ms  799/4507 (18%)  
[  5] 262.00-263.00 sec   371 KBytes  3.04 Mbits/sec  0.212 ms  915/4711 (19%)  
[  5] 263.00-264.00 sec   333 KBytes  2.73 Mbits/sec  0.218 ms  1155/4562 (25%)  
[  5] 264.00-265.00 sec   332 KBytes  2.72 Mbits/sec  0.216 ms  1398/4796 (29%)  
[  5] 265.00-266.00 sec   353 KBytes  2.89 Mbits/sec  0.220 ms  1013/4625 (22%)  
[  5] 266.00-267.00 sec   352 KBytes  2.87 Mbits/sec  0.209 ms  883/4483 (20%)  
[  5] 267.00-268.00 sec   311 KBytes  2.56 Mbits/sec  0.219 ms  766/3949 (19%)  
[  5] 268.00-269.00 sec   349 KBytes  2.85 Mbits/sec  0.192 ms  941/4514 (21%)  
[  5] 269.00-270.00 sec   362 KBytes  2.98 Mbits/sec  0.230 ms  758/4467 (17%)  
[  5] 270.00-271.00 sec   356 KBytes  2.92 Mbits/sec  0.217 ms  824/4474 (18%)  
[  5] 271.00-272.00 sec   343 KBytes  2.81 Mbits/sec  0.210 ms  1093/4603 (24%)  
[  5] 272.00-273.00 sec   319 KBytes  2.61 Mbits/sec  0.221 ms  1091/4355 (25%)  
[  5] 273.00-274.00 sec   371 KBytes  3.04 Mbits/sec  0.211 ms  904/4700 (19%)  
[  5] 274.00-275.00 sec   333 KBytes  2.72 Mbits/sec  0.202 ms  1129/4534 (25%)  
[  5] 275.00-276.00 sec   360 KBytes  2.95 Mbits/sec  0.219 ms  879/4563 (19%)  
[  5] 276.00-277.00 sec   371 KBytes  3.04 Mbits/sec  0.212 ms  804/4604 (17%)  
[  5] 277.00-278.00 sec   361 KBytes  2.96 Mbits/sec  0.201 ms  822/4517 (18%)  
[  5] 278.00-279.00 sec   369 KBytes  3.02 Mbits/sec  0.215 ms  840/4619 (18%)  
[  5] 279.00-280.00 sec   292 KBytes  2.39 Mbits/sec  0.216 ms  1104/4095 (27%)  
[  5] 280.00-281.00 sec   341 KBytes  2.79 Mbits/sec  0.210 ms  1236/4726 (26%)  
[  5] 281.00-282.00 sec   351 KBytes  2.88 Mbits/sec  0.215 ms  949/4548 (21%)  
[  5] 282.00-283.00 sec   317 KBytes  2.59 Mbits/sec  0.217 ms  653/3894 (17%)  
[  5] 283.00-284.00 sec   370 KBytes  3.03 Mbits/sec  0.217 ms  735/4524 (16%)  
[  5] 284.00-285.00 sec   343 KBytes  2.81 Mbits/sec  0.217 ms  1015/4529 (22%)  
[  5] 285.00-286.00 sec   342 KBytes  2.80 Mbits/sec  0.257 ms  1092/4593 (24%)  
[  5] 286.00-287.00 sec   362 KBytes  2.97 Mbits/sec  0.224 ms  840/4548 (18%)  
[  5] 287.00-288.00 sec   362 KBytes  2.97 Mbits/sec  1.242 ms  1040/4749 (22%)  
[  5] 288.00-289.00 sec   332 KBytes  2.72 Mbits/sec  0.239 ms  1190/4589 (26%)  
[  5] 289.00-290.00 sec   307 KBytes  2.52 Mbits/sec  0.363 ms  1046/4191 (25%)  
[  5] 290.00-291.00 sec   344 KBytes  2.81 Mbits/sec  0.216 ms  1105/4623 (24%)  
[  5] 291.00-292.00 sec   378 KBytes  3.10 Mbits/sec  0.213 ms  893/4766 (19%)  
[  5] 292.00-293.00 sec   336 KBytes  2.76 Mbits/sec  0.212 ms  994/4438 (22%)  
[  5] 293.00-294.00 sec   362 KBytes  2.96 Mbits/sec  0.216 ms  758/4466 (17%)  
[  5] 294.00-295.00 sec   372 KBytes  3.05 Mbits/sec  0.217 ms  806/4611 (17%)  
[  5] 295.00-296.00 sec   362 KBytes  2.96 Mbits/sec  0.218 ms  863/4566 (19%)  
[  5] 296.00-297.00 sec   352 KBytes  2.88 Mbits/sec  0.217 ms  1061/4661 (23%)  
[  5] 297.00-298.00 sec   355 KBytes  2.91 Mbits/sec  0.219 ms  913/4550 (20%)  
[  5] 298.00-299.00 sec   317 KBytes  2.60 Mbits/sec  0.216 ms  823/4071 (20%)  
[  5] 299.00-300.00 sec   333 KBytes  2.73 Mbits/sec  0.245 ms  795/4209 (19%)  
[  5] 300.00-301.00 sec   343 KBytes  2.81 Mbits/sec  0.218 ms  1531/5043 (30%)  
[  5] 301.00-302.00 sec   317 KBytes  2.60 Mbits/sec  0.216 ms  813/4059 (20%)  
[  5] 302.00-303.00 sec   361 KBytes  2.96 Mbits/sec  0.289 ms  884/4584 (19%)  
[  5] 303.00-304.00 sec   371 KBytes  3.04 Mbits/sec  0.222 ms  947/4742 (20%)  
[  5] 304.00-305.00 sec   341 KBytes  2.79 Mbits/sec  0.240 ms  1030/4519 (23%)  
[  5] 305.00-306.00 sec   329 KBytes  2.70 Mbits/sec  0.217 ms  1311/4683 (28%)  
[  5] 306.00-307.00 sec   346 KBytes  2.84 Mbits/sec  0.257 ms  916/4463 (21%)  
[  5] 307.00-308.00 sec   324 KBytes  2.65 Mbits/sec  0.222 ms  708/4025 (18%)  
[  5] 308.00-309.00 sec   362 KBytes  2.96 Mbits/sec  0.208 ms  778/4482 (17%)  
[  5] 309.00-310.00 sec   351 KBytes  2.88 Mbits/sec  0.234 ms  950/4549 (21%)  
[  5] 310.00-311.00 sec   326 KBytes  2.67 Mbits/sec  0.237 ms  796/4133 (19%)  
[  5] 311.00-312.00 sec   352 KBytes  2.88 Mbits/sec  0.209 ms  889/4491 (20%)  
[  5] 312.00-313.00 sec   371 KBytes  3.04 Mbits/sec  0.223 ms  847/4651 (18%)  
[  5] 313.00-314.00 sec   351 KBytes  2.87 Mbits/sec  0.213 ms  923/4514 (20%)  
[  5] 314.00-315.00 sec   371 KBytes  3.04 Mbits/sec  0.222 ms  743/4539 (16%)  
[  5] 315.00-316.00 sec   334 KBytes  2.74 Mbits/sec  0.219 ms  1106/4526 (24%)  
[  5] 316.00-317.00 sec   326 KBytes  2.67 Mbits/sec  0.203 ms  741/4078 (18%)  
[  5] 317.00-318.00 sec   346 KBytes  2.83 Mbits/sec  0.218 ms  993/4537 (22%)  
[  5] 318.00-319.00 sec   358 KBytes  2.94 Mbits/sec  0.214 ms  873/4538 (19%)  
[  5] 319.00-320.00 sec   357 KBytes  2.92 Mbits/sec  0.267 ms  1088/4742 (23%)  
[  5] 320.00-321.00 sec   310 KBytes  2.54 Mbits/sec  0.214 ms  947/4117 (23%)  
[  5] 321.00-322.00 sec   317 KBytes  2.60 Mbits/sec  0.212 ms  880/4131 (21%)  
[  5] 322.00-323.00 sec   302 KBytes  2.48 Mbits/sec  0.214 ms  1094/4190 (26%)  
[  5] 323.00-324.00 sec   346 KBytes  2.83 Mbits/sec  0.204 ms  924/4466 (21%)  
[  5] 324.00-325.00 sec   266 KBytes  2.18 Mbits/sec  0.219 ms  596/3323 (18%)  
[  5] 325.00-326.00 sec   326 KBytes  2.67 Mbits/sec  0.198 ms  631/3968 (16%)  
[  5] 326.00-327.00 sec   251 KBytes  2.05 Mbits/sec  0.213 ms  864/3431 (25%)  
[  5] 327.00-328.00 sec   284 KBytes  2.33 Mbits/sec  0.222 ms  1086/3997 (27%)  
[  5] 328.00-329.00 sec   326 KBytes  2.67 Mbits/sec  0.218 ms  775/4112 (19%)  
[  5] 329.00-330.00 sec   317 KBytes  2.59 Mbits/sec  0.261 ms  825/4066 (20%)  
[  5] 330.00-331.00 sec   315 KBytes  2.58 Mbits/sec  0.207 ms  902/4129 (22%)  
[  5] 331.00-332.00 sec   312 KBytes  2.56 Mbits/sec  0.210 ms  969/4162 (23%)  
[  5] 332.00-333.00 sec   279 KBytes  2.28 Mbits/sec  0.214 ms  775/3629 (21%)  
[  5] 333.00-334.00 sec   292 KBytes  2.40 Mbits/sec  0.217 ms  1098/4093 (27%)  
[  5] 334.00-335.00 sec   247 KBytes  2.02 Mbits/sec  0.205 ms  897/3425 (26%)  
[  5] 335.00-336.00 sec   352 KBytes  2.89 Mbits/sec  0.215 ms  936/4540 (21%)  
[  5] 336.00-337.00 sec   286 KBytes  2.35 Mbits/sec  0.231 ms  1107/4038 (27%)  
[  5] 337.00-338.00 sec   283 KBytes  2.32 Mbits/sec  0.221 ms  972/3870 (25%)  
[  5] 338.00-339.00 sec   325 KBytes  2.66 Mbits/sec  0.215 ms  758/4087 (19%)  
[  5] 339.00-340.00 sec   312 KBytes  2.56 Mbits/sec  0.198 ms  883/4079 (22%)  
[  5] 340.00-341.00 sec   319 KBytes  2.61 Mbits/sec  0.216 ms  823/4092 (20%)  
[  5] 341.00-342.00 sec   294 KBytes  2.41 Mbits/sec  0.215 ms  859/3866 (22%)  
[  5] 342.00-343.00 sec   298 KBytes  2.44 Mbits/sec  0.221 ms  996/4045 (25%)  
[  5] 343.00-344.00 sec   326 KBytes  2.67 Mbits/sec  0.237 ms  1010/4347 (23%)  
[  5] 344.00-345.00 sec   317 KBytes  2.60 Mbits/sec  0.220 ms  894/4140 (22%)  
[  5] 345.00-346.00 sec   294 KBytes  2.41 Mbits/sec  0.288 ms  1366/4377 (31%)  
[  5] 346.00-347.00 sec   295 KBytes  2.42 Mbits/sec  0.214 ms  1349/4372 (31%)  
[  5] 347.00-348.00 sec   311 KBytes  2.55 Mbits/sec  0.174 ms  1401/4584 (31%)  
[  5] 348.00-349.00 sec   304 KBytes  2.49 Mbits/sec  0.270 ms  1519/4636 (33%)  
[  5] 349.00-350.00 sec   287 KBytes  2.35 Mbits/sec  0.200 ms  1757/4692 (37%)  
[  5] 350.00-351.00 sec   347 KBytes  2.85 Mbits/sec  0.219 ms  2187/5745 (38%)  
[  5] 351.00-352.00 sec   292 KBytes  2.39 Mbits/sec  0.211 ms  1602/4589 (35%)  
[  5] 352.00-353.00 sec   257 KBytes  2.11 Mbits/sec  0.216 ms  1431/4066 (35%)  
[  5] 353.00-354.00 sec   293 KBytes  2.40 Mbits/sec  0.218 ms  1347/4347 (31%)  
[  5] 354.00-355.00 sec   312 KBytes  2.56 Mbits/sec  0.213 ms  1250/4445 (28%)  
[  5] 355.00-356.00 sec   325 KBytes  2.67 Mbits/sec  0.209 ms  1449/4782 (30%)  
[  5] 356.00-357.00 sec   293 KBytes  2.40 Mbits/sec  0.305 ms  1551/4556 (34%)  
[  5] 357.00-358.00 sec   256 KBytes  2.10 Mbits/sec  0.310 ms  1475/4097 (36%)  
[  5] 358.00-359.00 sec   275 KBytes  2.25 Mbits/sec  0.214 ms  1526/4343 (35%)  
[  5] 359.00-360.00 sec   313 KBytes  2.57 Mbits/sec  0.203 ms  1053/4262 (25%)  
[  5] 360.00-361.00 sec   317 KBytes  2.59 Mbits/sec  0.206 ms  1175/4420 (27%)  
[  5] 361.00-362.00 sec   313 KBytes  2.56 Mbits/sec  0.212 ms  1282/4485 (29%)  
[  5] 362.00-363.00 sec   287 KBytes  2.35 Mbits/sec  0.224 ms  1417/4351 (33%)  
[  5] 363.00-364.00 sec   308 KBytes  2.53 Mbits/sec  0.295 ms  1374/4529 (30%)  
[  5] 364.00-365.00 sec   307 KBytes  2.51 Mbits/sec  0.225 ms  1240/4380 (28%)  
[  5] 365.00-366.00 sec   315 KBytes  2.58 Mbits/sec  0.241 ms  1345/4567 (29%)  
[  5] 366.00-367.00 sec   326 KBytes  2.67 Mbits/sec  0.239 ms  1298/4635 (28%)  
[  5] 367.00-368.00 sec   282 KBytes  2.31 Mbits/sec  0.213 ms  1407/4290 (33%)  
[  5] 368.00-369.00 sec   340 KBytes  2.78 Mbits/sec  0.404 ms  1703/5184 (33%)  
[  5] 369.00-370.00 sec   323 KBytes  2.65 Mbits/sec  0.214 ms  1273/4585 (28%)  
[  5] 370.00-371.00 sec   357 KBytes  2.92 Mbits/sec  0.253 ms  1700/5352 (32%)  
[  5] 371.00-372.00 sec   326 KBytes  2.67 Mbits/sec  0.209 ms  1046/4384 (24%)  
[  5] 372.00-373.00 sec   259 KBytes  2.12 Mbits/sec  0.221 ms  1615/4265 (38%)  
[  5] 373.00-374.00 sec   325 KBytes  2.67 Mbits/sec  0.236 ms  1136/4465 (25%)  
[  5] 374.00-375.00 sec   317 KBytes  2.60 Mbits/sec  0.297 ms  961/4207 (23%)  
[  5] 375.00-376.00 sec   351 KBytes  2.88 Mbits/sec  0.218 ms  1792/5389 (33%)  
[  5] 376.00-377.00 sec   323 KBytes  2.64 Mbits/sec  0.182 ms  1488/4793 (31%)  
[  5] 377.00-378.00 sec   317 KBytes  2.59 Mbits/sec  0.218 ms  1299/4541 (29%)  
[  5] 378.00-379.00 sec   303 KBytes  2.48 Mbits/sec  0.248 ms  1140/4241 (27%)  
[  5] 379.00-380.00 sec   288 KBytes  2.36 Mbits/sec  0.208 ms  1828/4774 (38%)  
[  5] 380.00-381.00 sec   325 KBytes  2.67 Mbits/sec  0.239 ms  1614/4947 (33%)  
[  5] 381.00-382.00 sec   293 KBytes  2.40 Mbits/sec  0.209 ms  1913/4915 (39%)  
[  5] 382.00-383.00 sec   317 KBytes  2.60 Mbits/sec  0.222 ms  1270/4516 (28%)  
[  5] 383.00-384.00 sec   364 KBytes  2.98 Mbits/sec  0.216 ms  1420/5148 (28%)  
[  5] 384.00-385.00 sec   317 KBytes  2.60 Mbits/sec  0.216 ms  1245/4491 (28%)  
[  5] 385.00-386.00 sec   267 KBytes  2.19 Mbits/sec  0.220 ms  1780/4515 (39%)  
[  5] 386.00-387.00 sec   350 KBytes  2.87 Mbits/sec  0.204 ms  1415/5004 (28%)  
[  5] 387.00-388.00 sec   320 KBytes  2.62 Mbits/sec  0.198 ms  1341/4620 (29%)  
[  5] 388.00-389.00 sec   314 KBytes  2.57 Mbits/sec  0.222 ms  1346/4561 (30%)  
[  5] 389.00-390.00 sec   292 KBytes  2.39 Mbits/sec  0.216 ms  1452/4444 (33%)  
[  5] 390.00-391.00 sec   294 KBytes  2.40 Mbits/sec  0.219 ms  1527/4533 (34%)  
[  5] 391.00-392.00 sec   314 KBytes  2.57 Mbits/sec  0.234 ms  962/4180 (23%)  
[  5] 392.00-393.00 sec   264 KBytes  2.16 Mbits/sec  0.305 ms  827/3527 (23%)  
[  5] 393.00-394.00 sec   290 KBytes  2.38 Mbits/sec  0.278 ms  1104/4075 (27%)  
[  5] 394.00-395.00 sec  90.7 KBytes   743 Kbits/sec  0.216 ms  555/1484 (37%)  
[  5] 395.00-396.00 sec   326 KBytes  2.67 Mbits/sec  0.202 ms  1036/4374 (24%)  
[  5] 396.00-397.00 sec   301 KBytes  2.47 Mbits/sec  0.195 ms  1317/4402 (30%)  
[  5] 397.00-398.00 sec   247 KBytes  2.02 Mbits/sec  0.215 ms  1256/3786 (33%)  
[  5] 398.00-399.00 sec   317 KBytes  2.59 Mbits/sec  0.207 ms  1155/4396 (26%)  
[  5] 399.00-400.00 sec   327 KBytes  2.68 Mbits/sec  0.235 ms  1169/4515 (26%)  
[  5] 400.00-401.00 sec   272 KBytes  2.22 Mbits/sec  0.223 ms  1482/4263 (35%)  
[  5] 401.00-402.00 sec   307 KBytes  2.51 Mbits/sec  0.226 ms  1347/4487 (30%)  
[  5] 402.00-403.00 sec   299 KBytes  2.44 Mbits/sec  0.208 ms  1442/4499 (32%)  
[  5] 403.00-404.00 sec   342 KBytes  2.81 Mbits/sec  0.339 ms  1478/4984 (30%)  
[  5] 404.00-405.00 sec   301 KBytes  2.47 Mbits/sec  0.193 ms  1360/4447 (31%)  
[  5] 405.00-406.00 sec   339 KBytes  2.78 Mbits/sec  0.233 ms  1488/4956 (30%)  
[  5] 406.00-407.00 sec   269 KBytes  2.20 Mbits/sec  0.216 ms  1197/3948 (30%)  
[  5] 407.00-408.00 sec   300 KBytes  2.45 Mbits/sec  0.228 ms  1107/4179 (26%)  
[  5] 408.00-409.00 sec   302 KBytes  2.48 Mbits/sec  0.215 ms  1397/4489 (31%)  
[  5] 409.00-410.00 sec   317 KBytes  2.60 Mbits/sec  0.219 ms  1031/4277 (24%)  
