Connecting to host 172.22.0.50, port 5201
Reverse mode, remote host 172.22.0.50 is sending
[  5] local 192.168.100.2 port 33190 connected to 172.22.0.50 port 5201
[ ID] Interval           Transfer     Bitrate         Jitter    Lost/Total Datagrams
[  5]   0.00-1.00   sec  1.42 MBytes  11.9 Mbits/sec  0.985 ms  0/1243 (0%)  
[  5]   1.00-2.00   sec  1.44 MBytes  12.1 Mbits/sec  1.070 ms  0/1256 (0%)  
[  5]   2.00-3.00   sec  1.43 MBytes  12.0 Mbits/sec  0.951 ms  0/1252 (0%)  
[  5]   3.00-4.00   sec  1.42 MBytes  11.9 Mbits/sec  0.937 ms  0/1244 (0%)  
[  5]   4.00-5.00   sec  1.44 MBytes  12.1 Mbits/sec  1.125 ms  0/1256 (0%)  
[  5]   5.00-6.00   sec  1.43 MBytes  12.0 Mbits/sec  1.072 ms  0/1251 (0%)  
[  5]   6.00-7.00   sec  1.43 MBytes  12.0 Mbits/sec  1.032 ms  0/1249 (0%)  
[  5]   7.00-8.00   sec  1.43 MBytes  12.0 Mbits/sec  0.924 ms  0/1250 (0%)  
[  5]   8.00-9.00   sec  1.43 MBytes  12.0 Mbits/sec  0.848 ms  0/1249 (0%)  
[  5]   9.00-10.00  sec  1.43 MBytes  12.0 Mbits/sec  0.745 ms  0/1252 (0%)  
[  5]  10.00-11.00  sec  1.43 MBytes  12.0 Mbits/sec  0.814 ms  0/1250 (0%)  
[  5]  11.00-12.00  sec  1.43 MBytes  12.0 Mbits/sec  0.891 ms  0/1248 (0%)  
[  5]  12.00-13.00  sec  1.42 MBytes  11.9 Mbits/sec  1.290 ms  0/1242 (0%)  
[  5]  13.00-14.00  sec  1.44 MBytes  12.0 Mbits/sec  1.015 ms  0/1254 (0%)  
[  5]  14.00-15.00  sec  1.44 MBytes  12.1 Mbits/sec  0.849 ms  0/1255 (0%)  
[  5]  15.00-16.00  sec  1.42 MBytes  11.9 Mbits/sec  1.566 ms  0/1240 (0%)  
[  5]  16.00-17.00  sec  1.44 MBytes  12.1 Mbits/sec  1.088 ms  0/1258 (0%)  
[  5]  17.00-18.00  sec  1.43 MBytes  12.0 Mbits/sec  0.700 ms  0/1251 (0%)  
[  5]  18.00-19.00  sec  1.43 MBytes  12.0 Mbits/sec  0.860 ms  0/1251 (0%)  
[  5]  19.00-20.00  sec  1.43 MBytes  12.0 Mbits/sec  0.816 ms  0/1251 (0%)  
[  5]  20.00-21.00  sec  1.43 MBytes  12.0 Mbits/sec  0.991 ms  0/1246 (0%)  
[  5]  21.00-22.00  sec  1.43 MBytes  12.0 Mbits/sec  1.039 ms  0/1250 (0%)  
[  5]  22.00-23.00  sec  1.43 MBytes  12.0 Mbits/sec  1.012 ms  0/1250 (0%)  
[  5]  23.00-24.00  sec  1.43 MBytes  12.0 Mbits/sec  1.149 ms  0/1253 (0%)  
[  5]  24.00-25.00  sec  1.43 MBytes  12.0 Mbits/sec  0.904 ms  0/1249 (0%)  
[  5]  25.00-26.00  sec  1.43 MBytes  12.0 Mbits/sec  0.813 ms  0/1251 (0%)  
[  5]  26.00-27.00  sec  1.37 MBytes  11.5 Mbits/sec  1.791 ms  0/1200 (0%)  
[  5]  27.00-28.00  sec   472 KBytes  3.87 Mbits/sec  1.805 ms  0/403 (0%)  
[  5]  28.00-29.00  sec   471 KBytes  3.86 Mbits/sec  1.798 ms  0/402 (0%)  
[  5]  29.00-30.00  sec   466 KBytes  3.82 Mbits/sec  1.785 ms  0/398 (0%)  
[  5]  30.00-31.00  sec   475 KBytes  3.89 Mbits/sec  1.787 ms  0/405 (0%)  
[  5]  31.00-32.00  sec   472 KBytes  3.87 Mbits/sec  2.193 ms  0/403 (0%)  
[  5]  32.00-33.00  sec   401 KBytes  3.28 Mbits/sec  2.342 ms  0/342 (0%)  
[  5]  33.00-34.00  sec   403 KBytes  3.30 Mbits/sec  2.365 ms  0/344 (0%)  
[  5]  34.00-35.00  sec   402 KBytes  3.29 Mbits/sec  2.203 ms  0/343 (0%)  
[  5]  35.00-36.00  sec   405 KBytes  3.32 Mbits/sec  2.122 ms  0/346 (0%)  
[  5]  36.00-37.00  sec   393 KBytes  3.22 Mbits/sec  2.521 ms  0/335 (0%)  
[  5]  37.00-38.00  sec   400 KBytes  3.27 Mbits/sec  2.367 ms  0/341 (0%)  
[  5]  38.00-39.00  sec   404 KBytes  3.31 Mbits/sec  2.238 ms  0/345 (0%)  
[  5]  39.00-40.00  sec   407 KBytes  3.33 Mbits/sec  2.236 ms  0/347 (0%)  
[  5]  40.00-41.00  sec   400 KBytes  3.27 Mbits/sec  2.130 ms  0/341 (0%)  
[  5]  41.00-42.00  sec   407 KBytes  3.33 Mbits/sec  2.230 ms  0/347 (0%)  
[  5]  42.00-43.00  sec   407 KBytes  3.33 Mbits/sec  2.292 ms  0/347 (0%)  
[  5]  43.00-44.00  sec   402 KBytes  3.29 Mbits/sec  2.052 ms  0/343 (0%)  
[  5]  44.00-45.00  sec   395 KBytes  3.23 Mbits/sec  2.056 ms  0/337 (0%)  
[  5]  45.00-46.00  sec   397 KBytes  3.25 Mbits/sec  2.027 ms  0/339 (0%)  
[  5]  46.00-47.00  sec   393 KBytes  3.22 Mbits/sec  2.212 ms  0/335 (0%)  
[  5]  47.00-48.00  sec   407 KBytes  3.33 Mbits/sec  2.002 ms  0/347 (0%)  
[  5]  48.00-49.00  sec   407 KBytes  3.33 Mbits/sec  2.152 ms  0/347 (0%)  
[  5]  49.00-50.00  sec   408 KBytes  3.34 Mbits/sec  2.131 ms  0/348 (0%)  
[  5]  50.00-51.00  sec   404 KBytes  3.31 Mbits/sec  2.158 ms  0/345 (0%)  
[  5]  51.00-52.00  sec   396 KBytes  3.24 Mbits/sec  2.206 ms  0/338 (0%)  
[  5]  52.00-53.00  sec   401 KBytes  3.29 Mbits/sec  2.179 ms  0/342 (0%)  
[  5]  53.00-54.00  sec   398 KBytes  3.26 Mbits/sec  2.221 ms  0/340 (0%)  
[  5]  54.00-55.00  sec   400 KBytes  3.28 Mbits/sec  2.060 ms  0/341 (0%)  
[  5]  55.00-56.00  sec   404 KBytes  3.31 Mbits/sec  2.176 ms  0/345 (0%)  
[  5]  56.00-57.00  sec   401 KBytes  3.28 Mbits/sec  2.260 ms  0/342 (0%)  
[  5]  57.00-58.00  sec   394 KBytes  3.23 Mbits/sec  2.123 ms  0/336 (0%)  
[  5]  58.00-59.00  sec   404 KBytes  3.31 Mbits/sec  2.085 ms  0/345 (0%)  
[  5]  59.00-60.00  sec   361 KBytes  2.96 Mbits/sec  2.154 ms  0/308 (0%)  
[  5]  60.00-61.00  sec   354 KBytes  2.90 Mbits/sec  2.344 ms  801/1103 (73%)  
[  5]  61.00-62.00  sec   412 KBytes  3.38 Mbits/sec  2.447 ms  936/1288 (73%)  
[  5]  62.00-63.00  sec   416 KBytes  3.41 Mbits/sec  2.056 ms  933/1288 (72%)  
[  5]  63.00-64.00  sec   391 KBytes  3.21 Mbits/sec  2.339 ms  874/1208 (72%)  
[  5]  64.00-65.00  sec   415 KBytes  3.40 Mbits/sec  2.096 ms  943/1297 (73%)  
[  5]  65.00-66.00  sec   411 KBytes  3.37 Mbits/sec  2.063 ms  912/1263 (72%)  
[  5]  66.00-67.00  sec   393 KBytes  3.22 Mbits/sec  2.192 ms  872/1207 (72%)  
[  5]  67.00-68.00  sec   415 KBytes  3.40 Mbits/sec  2.106 ms  932/1286 (72%)  
[  5]  68.00-69.00  sec   394 KBytes  3.23 Mbits/sec  2.440 ms  915/1251 (73%)  
[  5]  69.00-70.00  sec   412 KBytes  3.38 Mbits/sec  2.272 ms  952/1304 (73%)  
[  5]  70.00-71.00  sec   394 KBytes  3.22 Mbits/sec  2.304 ms  912/1248 (73%)  
[  5]  71.00-72.00  sec   414 KBytes  3.39 Mbits/sec  2.198 ms  918/1271 (72%)  
[  5]  72.00-73.00  sec   396 KBytes  3.24 Mbits/sec  2.397 ms  872/1210 (72%)  
[  5]  73.00-74.00  sec   411 KBytes  3.37 Mbits/sec  2.383 ms  910/1261 (72%)  
[  5]  74.00-75.00  sec   357 KBytes  2.93 Mbits/sec  2.084 ms  801/1106 (72%)  
[  5]  75.00-76.00  sec   410 KBytes  3.36 Mbits/sec  2.287 ms  943/1293 (73%)  
[  5]  76.00-77.00  sec   396 KBytes  3.24 Mbits/sec  2.434 ms  897/1235 (73%)  
[  5]  77.00-78.00  sec   411 KBytes  3.37 Mbits/sec  2.280 ms  949/1300 (73%)  
[  5]  78.00-79.00  sec   394 KBytes  3.23 Mbits/sec  2.429 ms  889/1225 (73%)  
[  5]  79.00-80.00  sec   412 KBytes  3.38 Mbits/sec  2.170 ms  921/1273 (72%)  
[  5]  80.00-81.00  sec   396 KBytes  3.24 Mbits/sec  2.592 ms  914/1252 (73%)  
[  5]  81.00-82.00  sec   411 KBytes  3.37 Mbits/sec  2.132 ms  939/1290 (73%)  
[  5]  82.00-83.00  sec   397 KBytes  3.25 Mbits/sec  2.331 ms  892/1231 (72%)  
[  5]  83.00-84.00  sec   409 KBytes  3.35 Mbits/sec  2.200 ms  902/1251 (72%)  
[  5]  84.00-85.00  sec   417 KBytes  3.42 Mbits/sec  2.204 ms  968/1324 (73%)  
[  5]  85.00-86.00  sec   391 KBytes  3.21 Mbits/sec  2.368 ms  885/1219 (73%)  
[  5]  86.00-87.00  sec   414 KBytes  3.39 Mbits/sec  2.103 ms  946/1299 (73%)  
[  5]  87.00-88.00  sec   357 KBytes  2.93 Mbits/sec  2.056 ms  777/1082 (72%)  
[  5]  88.00-89.00  sec   391 KBytes  3.21 Mbits/sec  2.341 ms  875/1209 (72%)  
[  5]  89.00-90.00  sec   415 KBytes  3.40 Mbits/sec  2.169 ms  928/1282 (72%)  
[  5]  90.00-91.00  sec   412 KBytes  3.38 Mbits/sec  2.153 ms  918/1270 (72%)  
[  5]  91.00-92.00  sec   355 KBytes  2.91 Mbits/sec  2.075 ms  791/1094 (72%)  
[  5]  92.00-93.00  sec   390 KBytes  3.20 Mbits/sec  2.376 ms  889/1222 (73%)  
[  5]  93.00-94.00  sec   414 KBytes  3.39 Mbits/sec  2.243 ms  957/1310 (73%)  
[  5]  94.00-95.00  sec   398 KBytes  3.27 Mbits/sec  2.260 ms  899/1239 (73%)  
[  5]  95.00-96.00  sec   409 KBytes  3.35 Mbits/sec  2.464 ms  924/1273 (73%)  
[  5]  96.00-97.00  sec   398 KBytes  3.26 Mbits/sec  2.300 ms  903/1243 (73%)  
[  5]  97.00-98.00  sec   411 KBytes  3.37 Mbits/sec  2.368 ms  928/1279 (73%)  
[  5]  98.00-99.00  sec   410 KBytes  3.36 Mbits/sec  2.229 ms  920/1270 (72%)  
[  5]  99.00-100.00 sec   397 KBytes  3.25 Mbits/sec  2.328 ms  892/1231 (72%)  
[  5] 100.00-101.00 sec   410 KBytes  3.36 Mbits/sec  2.380 ms  932/1282 (73%)  
[  5] 101.00-102.00 sec   377 KBytes  3.09 Mbits/sec  3.256 ms  875/1197 (73%)  
[  5] 102.00-103.00 sec   374 KBytes  3.06 Mbits/sec  2.415 ms  877/1196 (73%)  
[  5] 103.00-104.00 sec   412 KBytes  3.38 Mbits/sec  2.061 ms  922/1274 (72%)  
[  5] 104.00-105.00 sec   414 KBytes  3.39 Mbits/sec  2.102 ms  929/1282 (72%)  
[  5] 105.00-106.00 sec   393 KBytes  3.22 Mbits/sec  2.378 ms  854/1189 (72%)  
[  5] 106.00-107.00 sec   416 KBytes  3.41 Mbits/sec  2.115 ms  921/1276 (72%)  
[  5] 107.00-108.00 sec   390 KBytes  3.20 Mbits/sec  2.413 ms  865/1198 (72%)  
[  5] 108.00-109.00 sec   418 KBytes  3.43 Mbits/sec  1.982 ms  934/1291 (72%)  
[  5] 109.00-110.00 sec   393 KBytes  3.22 Mbits/sec  2.372 ms  895/1230 (73%)  
[  5] 110.00-111.00 sec   373 KBytes  3.05 Mbits/sec  2.081 ms  873/1191 (73%)  
[  5] 111.00-112.00 sec   393 KBytes  3.22 Mbits/sec  2.209 ms  933/1268 (74%)  
[  5] 112.00-113.00 sec   415 KBytes  3.40 Mbits/sec  2.157 ms  969/1323 (73%)  
[  5] 113.00-114.00 sec   391 KBytes  3.21 Mbits/sec  2.197 ms  889/1223 (73%)  
[  5] 114.00-115.00 sec   412 KBytes  3.38 Mbits/sec  2.171 ms  961/1313 (73%)  
[  5] 115.00-116.00 sec   415 KBytes  3.40 Mbits/sec  2.077 ms  950/1304 (73%)  
[  5] 116.00-117.00 sec   356 KBytes  2.92 Mbits/sec  2.165 ms  805/1109 (73%)  
[  5] 117.00-118.00 sec   393 KBytes  3.22 Mbits/sec  2.320 ms  888/1223 (73%)  
[  5] 118.00-119.00 sec   414 KBytes  3.39 Mbits/sec  2.119 ms  946/1299 (73%)  
[  5] 119.00-120.00 sec   336 KBytes  2.76 Mbits/sec  2.404 ms  769/1056 (73%)  
[  5] 120.00-121.00 sec   411 KBytes  3.37 Mbits/sec  2.232 ms  931/1282 (73%)  
[  5] 121.00-122.00 sec   416 KBytes  3.41 Mbits/sec  2.072 ms  933/1288 (72%)  
[  5] 122.00-123.00 sec   393 KBytes  3.22 Mbits/sec  2.310 ms  871/1206 (72%)  
[  5] 123.00-124.00 sec   355 KBytes  2.91 Mbits/sec  2.435 ms  795/1098 (72%)  
[  5] 124.00-125.00 sec   410 KBytes  3.36 Mbits/sec  2.228 ms  919/1269 (72%)  
[  5] 125.00-126.00 sec   396 KBytes  3.24 Mbits/sec  2.517 ms  935/1273 (73%)  
[  5] 126.00-127.00 sec   412 KBytes  3.38 Mbits/sec  2.219 ms  1001/1353 (74%)  
[  5] 127.00-128.00 sec   355 KBytes  2.91 Mbits/sec  2.074 ms  856/1159 (74%)  
[  5] 128.00-129.00 sec   391 KBytes  3.21 Mbits/sec  2.360 ms  867/1201 (72%)  
[  5] 129.00-130.00 sec   416 KBytes  3.41 Mbits/sec  1.963 ms  914/1269 (72%)  
[  5] 130.00-131.00 sec   411 KBytes  3.37 Mbits/sec  2.400 ms  935/1286 (73%)  
[  5] 131.00-132.00 sec   397 KBytes  3.25 Mbits/sec  2.377 ms  886/1225 (72%)  
[  5] 132.00-133.00 sec   409 KBytes  3.35 Mbits/sec  2.276 ms  913/1262 (72%)  
[  5] 133.00-134.00 sec   357 KBytes  2.93 Mbits/sec  2.075 ms  807/1112 (73%)  
[  5] 134.00-135.00 sec   391 KBytes  3.21 Mbits/sec  2.929 ms  911/1245 (73%)  
[  5] 135.00-136.00 sec   415 KBytes  3.40 Mbits/sec  2.125 ms  962/1316 (73%)  
[  5] 136.00-137.00 sec   357 KBytes  2.93 Mbits/sec  2.145 ms  814/1119 (73%)  
[  5] 137.00-138.00 sec   352 KBytes  2.88 Mbits/sec  2.187 ms  792/1092 (73%)  
[  5] 138.00-139.00 sec   415 KBytes  3.40 Mbits/sec  2.055 ms  937/1291 (73%)  
[  5] 139.00-140.00 sec   352 KBytes  2.88 Mbits/sec  2.363 ms  783/1083 (72%)  
[  5] 140.00-141.00 sec   397 KBytes  3.25 Mbits/sec  2.395 ms  925/1264 (73%)  
[  5] 141.00-142.00 sec   410 KBytes  3.36 Mbits/sec  2.369 ms  976/1326 (74%)  
[  5] 142.00-143.00 sec   359 KBytes  2.94 Mbits/sec  2.230 ms  871/1177 (74%)  
[  5] 143.00-144.00 sec   393 KBytes  3.22 Mbits/sec  2.575 ms  959/1294 (74%)  
[  5] 144.00-145.00 sec   414 KBytes  3.39 Mbits/sec  2.167 ms  977/1330 (73%)  
[  5] 145.00-146.00 sec   393 KBytes  3.22 Mbits/sec  2.436 ms  914/1249 (73%)  
[  5] 146.00-147.00 sec   356 KBytes  2.92 Mbits/sec  2.408 ms  837/1141 (73%)  
[  5] 147.00-148.00 sec   410 KBytes  3.36 Mbits/sec  2.147 ms  959/1309 (73%)  
[  5] 148.00-149.00 sec   412 KBytes  3.38 Mbits/sec  2.235 ms  942/1294 (73%)  
[  5] 149.00-150.00 sec   336 KBytes  2.76 Mbits/sec  2.414 ms  758/1045 (73%)  
[  5] 150.00-151.00 sec   412 KBytes  3.38 Mbits/sec  2.543 ms  981/1333 (74%)  
[  5] 151.00-152.00 sec   414 KBytes  3.39 Mbits/sec  2.094 ms  996/1349 (74%)  
[  5] 152.00-153.00 sec   335 KBytes  2.75 Mbits/sec  2.474 ms  776/1062 (73%)  
[  5] 153.00-154.00 sec   415 KBytes  3.40 Mbits/sec  2.149 ms  952/1306 (73%)  
[  5] 154.00-155.00 sec   411 KBytes  3.37 Mbits/sec  2.074 ms  929/1280 (73%)  
[  5] 155.00-156.00 sec   393 KBytes  3.22 Mbits/sec  2.193 ms  878/1213 (72%)  
[  5] 156.00-157.00 sec   415 KBytes  3.40 Mbits/sec  2.058 ms  962/1316 (73%)  
[  5] 157.00-158.00 sec   412 KBytes  3.38 Mbits/sec  2.300 ms  958/1310 (73%)  
[  5] 158.00-159.00 sec   396 KBytes  3.24 Mbits/sec  2.204 ms  943/1281 (74%)  
[  5] 159.00-160.00 sec   415 KBytes  3.40 Mbits/sec  2.060 ms  978/1332 (73%)  
[  5] 160.00-161.00 sec   352 KBytes  2.88 Mbits/sec  2.193 ms  811/1111 (73%)  
[  5] 161.00-162.00 sec   396 KBytes  3.24 Mbits/sec  2.659 ms  992/1330 (75%)  
[  5] 162.00-163.00 sec   410 KBytes  3.36 Mbits/sec  2.428 ms  1037/1387 (75%)  
[  5] 163.00-164.00 sec   398 KBytes  3.26 Mbits/sec  2.413 ms  984/1324 (74%)  
[  5] 164.00-165.00 sec   354 KBytes  2.90 Mbits/sec  2.525 ms  863/1165 (74%)  
[  5] 165.00-166.00 sec   411 KBytes  3.37 Mbits/sec  2.363 ms  979/1330 (74%)  
[  5] 166.00-167.00 sec   415 KBytes  3.40 Mbits/sec  2.165 ms  953/1307 (73%)  
[  5] 167.00-168.00 sec   394 KBytes  3.23 Mbits/sec  2.149 ms  914/1250 (73%)  
[  5] 168.00-169.00 sec   410 KBytes  3.36 Mbits/sec  2.193 ms  955/1305 (73%)  
[  5] 169.00-170.00 sec   396 KBytes  3.24 Mbits/sec  2.309 ms  921/1259 (73%)  
[  5] 170.00-171.00 sec   415 KBytes  3.40 Mbits/sec  2.231 ms  971/1325 (73%)  
[  5] 171.00-172.00 sec   391 KBytes  3.21 Mbits/sec  2.503 ms  923/1257 (73%)  
[  5] 172.00-173.00 sec   412 KBytes  3.38 Mbits/sec  2.172 ms  963/1315 (73%)  
[  5] 173.00-174.00 sec   355 KBytes  2.91 Mbits/sec  2.259 ms  849/1152 (74%)  
[  5] 174.00-175.00 sec   395 KBytes  3.24 Mbits/sec  2.455 ms  947/1284 (74%)  
[  5] 175.00-176.00 sec   412 KBytes  3.38 Mbits/sec  2.531 ms  991/1343 (74%)  
[  5] 176.00-177.00 sec   354 KBytes  2.90 Mbits/sec  2.217 ms  841/1143 (74%)  
[  5] 177.00-178.00 sec   411 KBytes  3.37 Mbits/sec  2.254 ms  945/1296 (73%)  
[  5] 178.00-179.00 sec   397 KBytes  3.26 Mbits/sec  2.448 ms  904/1243 (73%)  
[  5] 179.00-180.00 sec   295 KBytes  2.42 Mbits/sec  2.428 ms  668/920 (73%)  
[  5] 180.00-181.00 sec   412 KBytes  3.38 Mbits/sec  2.278 ms  923/1275 (72%)  
[  5] 181.00-182.00 sec   412 KBytes  3.38 Mbits/sec  2.288 ms  929/1281 (73%)  
[  5] 182.00-183.00 sec   394 KBytes  3.23 Mbits/sec  2.371 ms  898/1234 (73%)  
[  5] 183.00-184.00 sec   411 KBytes  3.37 Mbits/sec  2.200 ms  927/1278 (73%)  
[  5] 184.00-185.00 sec   395 KBytes  3.24 Mbits/sec  2.501 ms  930/1267 (73%)  
[  5] 185.00-186.00 sec   415 KBytes  3.40 Mbits/sec  2.255 ms  965/1319 (73%)  
[  5] 186.00-187.00 sec   412 KBytes  3.38 Mbits/sec  2.104 ms  957/1309 (73%)  
[  5] 187.00-188.00 sec   396 KBytes  3.25 Mbits/sec  2.486 ms  918/1256 (73%)  
[  5] 188.00-189.00 sec   410 KBytes  3.36 Mbits/sec  2.167 ms  952/1302 (73%)  
[  5] 189.00-190.00 sec   357 KBytes  2.93 Mbits/sec  2.163 ms  824/1129 (73%)  
[  5] 190.00-191.00 sec   410 KBytes  3.36 Mbits/sec  2.271 ms  943/1293 (73%)  
[  5] 191.00-192.00 sec   338 KBytes  2.76 Mbits/sec  2.438 ms  805/1093 (74%)  
[  5] 192.00-193.00 sec   414 KBytes  3.39 Mbits/sec  2.250 ms  964/1317 (73%)  
[  5] 193.00-194.00 sec   393 KBytes  3.21 Mbits/sec  2.336 ms  883/1218 (72%)  
[  5] 194.00-195.00 sec   414 KBytes  3.39 Mbits/sec  2.158 ms  936/1289 (73%)  
[  5] 195.00-196.00 sec   412 KBytes  3.38 Mbits/sec  2.117 ms  913/1265 (72%)  
[  5] 196.00-197.00 sec   336 KBytes  2.75 Mbits/sec  2.335 ms  757/1044 (73%)  
[  5] 197.00-198.00 sec   410 KBytes  3.36 Mbits/sec  2.113 ms  922/1272 (72%)  
[  5] 198.00-199.00 sec   417 KBytes  3.42 Mbits/sec  2.302 ms  960/1316 (73%)  
[  5] 199.00-200.00 sec   394 KBytes  3.23 Mbits/sec  2.434 ms  949/1285 (74%)  
[  5] 200.00-201.00 sec   412 KBytes  3.38 Mbits/sec  2.186 ms  1021/1373 (74%)  
[  5] 201.00-202.00 sec   393 KBytes  3.22 Mbits/sec  2.510 ms  919/1254 (73%)  
[  5] 202.00-203.00 sec   415 KBytes  3.40 Mbits/sec  2.154 ms  980/1334 (73%)  
[  5] 203.00-204.00 sec   391 KBytes  3.21 Mbits/sec  2.426 ms  1060/1394 (76%)  
[  5] 204.00-205.00 sec   357 KBytes  2.93 Mbits/sec  2.386 ms  820/1125 (73%)  
[  5] 205.00-206.00 sec   414 KBytes  3.39 Mbits/sec  2.172 ms  933/1286 (73%)  
[  5] 206.00-207.00 sec   412 KBytes  3.38 Mbits/sec  2.134 ms  915/1267 (72%)  
[  5] 207.00-208.00 sec   395 KBytes  3.23 Mbits/sec  2.403 ms  920/1257 (73%)  
[  5] 208.00-209.00 sec   350 KBytes  2.87 Mbits/sec  2.256 ms  805/1104 (73%)  
[  5] 209.00-210.00 sec   416 KBytes  3.41 Mbits/sec  2.156 ms  942/1297 (73%)  
[  5] 210.00-211.00 sec   393 KBytes  3.21 Mbits/sec  2.515 ms  873/1208 (72%)  
[  5] 211.00-212.00 sec   415 KBytes  3.40 Mbits/sec  2.176 ms  948/1302 (73%)  
[  5] 212.00-213.00 sec   412 KBytes  3.38 Mbits/sec  2.109 ms  937/1289 (73%)  
[  5] 213.00-214.00 sec   396 KBytes  3.25 Mbits/sec  2.217 ms  915/1253 (73%)  
[  5] 214.00-215.00 sec   410 KBytes  3.36 Mbits/sec  2.189 ms  977/1327 (74%)  
[  5] 215.00-216.00 sec   394 KBytes  3.23 Mbits/sec  2.372 ms  956/1292 (74%)  
[  5] 216.00-217.00 sec   353 KBytes  2.88 Mbits/sec  3.053 ms  838/1139 (74%)  
[  5] 217.00-218.00 sec   418 KBytes  3.44 Mbits/sec  2.173 ms  985/1342 (73%)  
[  5] 218.00-219.00 sec   412 KBytes  3.38 Mbits/sec  2.123 ms  955/1307 (73%)  
[  5] 219.00-220.00 sec   393 KBytes  3.21 Mbits/sec  2.364 ms  889/1224 (73%)  
[  5] 220.00-221.00 sec   355 KBytes  2.91 Mbits/sec  2.392 ms  813/1116 (73%)  
[  5] 221.00-222.00 sec   412 KBytes  3.38 Mbits/sec  2.063 ms  934/1286 (73%)  
[  5] 222.00-223.00 sec   395 KBytes  3.24 Mbits/sec  2.423 ms  898/1235 (73%)  
[  5] 223.00-224.00 sec   414 KBytes  3.39 Mbits/sec  2.124 ms  964/1317 (73%)  
[  5] 224.00-225.00 sec   353 KBytes  2.89 Mbits/sec  2.555 ms  836/1137 (74%)  
[  5] 225.00-226.00 sec   416 KBytes  3.41 Mbits/sec  2.055 ms  944/1299 (73%)  
[  5] 226.00-227.00 sec   389 KBytes  3.19 Mbits/sec  2.825 ms  892/1224 (73%)  
[  5] 227.00-228.00 sec   417 KBytes  3.42 Mbits/sec  2.145 ms  932/1288 (72%)  
[  5] 228.00-229.00 sec   412 KBytes  3.38 Mbits/sec  2.225 ms  946/1298 (73%)  
[  5] 229.00-230.00 sec   395 KBytes  3.23 Mbits/sec  2.495 ms  922/1259 (73%)  
[  5] 230.00-231.00 sec   412 KBytes  3.38 Mbits/sec  2.156 ms  949/1301 (73%)  
[  5] 231.00-232.00 sec   395 KBytes  3.23 Mbits/sec  2.487 ms  933/1270 (73%)  
[  5] 232.00-233.00 sec   355 KBytes  2.91 Mbits/sec  2.458 ms  835/1138 (73%)  
[  5] 233.00-234.00 sec   411 KBytes  3.37 Mbits/sec  2.274 ms  952/1303 (73%)  
[  5] 234.00-235.00 sec   410 KBytes  3.36 Mbits/sec  2.325 ms  961/1311 (73%)  
[  5] 235.00-236.00 sec   397 KBytes  3.26 Mbits/sec  2.170 ms  915/1254 (73%)  
[  5] 236.00-237.00 sec   412 KBytes  3.37 Mbits/sec  2.047 ms  932/1284 (73%)  
[  5] 237.00-238.00 sec   394 KBytes  3.23 Mbits/sec  2.341 ms  880/1216 (72%)  
[  5] 238.00-239.00 sec   412 KBytes  3.38 Mbits/sec  2.112 ms  912/1264 (72%)  
[  5] 239.00-240.00 sec   356 KBytes  2.92 Mbits/sec  2.196 ms  796/1100 (72%)  
[  5] 240.00-241.00 sec   395 KBytes  3.24 Mbits/sec  2.445 ms  914/1251 (73%)  
[  5] 241.00-242.00 sec   412 KBytes  3.38 Mbits/sec  2.030 ms  943/1295 (73%)  
[  5] 242.00-243.00 sec   395 KBytes  3.24 Mbits/sec  2.397 ms  891/1228 (73%)  
[  5] 243.00-244.00 sec   412 KBytes  3.38 Mbits/sec  2.206 ms  961/1313 (73%)  
[  5] 244.00-245.00 sec   352 KBytes  2.88 Mbits/sec  2.316 ms  822/1122 (73%)  
[  5] 245.00-246.00 sec   429 KBytes  3.51 Mbits/sec  4.094 ms  1031/1397 (74%)  
[  5] 246.00-247.00 sec   439 KBytes  3.60 Mbits/sec  2.076 ms  998/1373 (73%)  
[  5] 247.00-248.00 sec   355 KBytes  2.91 Mbits/sec  2.178 ms  835/1138 (73%)  
[  5] 248.00-249.00 sec   393 KBytes  3.22 Mbits/sec  2.372 ms  912/1247 (73%)  
[  5] 249.00-250.00 sec   412 KBytes  3.38 Mbits/sec  2.156 ms  952/1304 (73%)  
[  5] 250.00-251.00 sec   354 KBytes  2.90 Mbits/sec  2.228 ms  788/1090 (72%)  
[  5] 251.00-252.00 sec   397 KBytes  3.26 Mbits/sec  2.371 ms  912/1251 (73%)  
[  5] 252.00-253.00 sec   411 KBytes  3.37 Mbits/sec  2.189 ms  915/1266 (72%)  
[  5] 253.00-254.00 sec   416 KBytes  3.41 Mbits/sec  2.079 ms  953/1308 (73%)  
[  5] 254.00-255.00 sec   393 KBytes  3.22 Mbits/sec  2.310 ms  877/1212 (72%)  
[  5] 255.00-256.00 sec   415 KBytes  3.40 Mbits/sec  2.160 ms  943/1297 (73%)  
[  5] 256.00-257.00 sec   353 KBytes  2.89 Mbits/sec  2.151 ms  832/1133 (73%)  
[  5] 257.00-258.00 sec   393 KBytes  3.22 Mbits/sec  2.442 ms  946/1281 (74%)  
[  5] 258.00-259.00 sec   412 KBytes  3.38 Mbits/sec  2.130 ms  953/1305 (73%)  
[  5] 259.00-260.00 sec   416 KBytes  3.41 Mbits/sec  2.082 ms  947/1302 (73%)  
[  5] 260.00-261.00 sec   391 KBytes  3.20 Mbits/sec  2.586 ms  880/1214 (72%)  
[  5] 261.00-262.00 sec   416 KBytes  3.41 Mbits/sec  2.128 ms  932/1287 (72%)  
[  5] 262.00-263.00 sec   391 KBytes  3.21 Mbits/sec  2.331 ms  888/1222 (73%)  
[  5] 263.00-264.00 sec   412 KBytes  3.38 Mbits/sec  2.324 ms  950/1302 (73%)  
[  5] 264.00-265.00 sec   354 KBytes  2.90 Mbits/sec  2.279 ms  826/1128 (73%)  
[  5] 265.00-266.00 sec   396 KBytes  3.25 Mbits/sec  2.400 ms  936/1274 (73%)  
[  5] 266.00-267.00 sec   411 KBytes  3.37 Mbits/sec  2.121 ms  944/1295 (73%)  
[  5] 267.00-268.00 sec   355 KBytes  2.91 Mbits/sec  2.055 ms  811/1114 (73%)  
[  5] 268.00-269.00 sec   411 KBytes  3.37 Mbits/sec  2.238 ms  929/1280 (73%)  
[  5] 269.00-270.00 sec   397 KBytes  3.25 Mbits/sec  2.113 ms  878/1217 (72%)  
[  5] 270.00-271.00 sec   415 KBytes  3.40 Mbits/sec  2.186 ms  923/1277 (72%)  
[  5] 271.00-272.00 sec   393 KBytes  3.22 Mbits/sec  2.548 ms  878/1213 (72%)  
[  5] 272.00-273.00 sec   414 KBytes  3.39 Mbits/sec  2.330 ms  1000/1353 (74%)  
[  5] 273.00-274.00 sec   394 KBytes  3.23 Mbits/sec  2.373 ms  955/1291 (74%)  
[  5] 274.00-275.00 sec   371 KBytes  3.04 Mbits/sec  2.236 ms  864/1181 (73%)  
[  5] 275.00-276.00 sec   395 KBytes  3.24 Mbits/sec  2.130 ms  906/1243 (73%)  
[  5] 276.00-277.00 sec   411 KBytes  3.37 Mbits/sec  2.263 ms  950/1301 (73%)  
[  5] 277.00-278.00 sec   397 KBytes  3.25 Mbits/sec  2.372 ms  889/1228 (72%)  
[  5] 278.00-279.00 sec   414 KBytes  3.39 Mbits/sec  2.112 ms  952/1305 (73%)  
[  5] 279.00-280.00 sec   353 KBytes  2.89 Mbits/sec  2.199 ms  791/1092 (72%)  
[  5] 280.00-281.00 sec   395 KBytes  3.24 Mbits/sec  2.513 ms  932/1269 (73%)  
[  5] 281.00-282.00 sec   412 KBytes  3.37 Mbits/sec  2.203 ms  984/1336 (74%)  
[  5] 282.00-283.00 sec   410 KBytes  3.36 Mbits/sec  2.057 ms  940/1290 (73%)  
[  5] 283.00-284.00 sec   397 KBytes  3.25 Mbits/sec  2.357 ms  891/1230 (72%)  
[  5] 284.00-285.00 sec   410 KBytes  3.36 Mbits/sec  2.162 ms  905/1255 (72%)  
[  5] 285.00-286.00 sec   397 KBytes  3.26 Mbits/sec  2.392 ms  904/1243 (73%)  
[  5] 286.00-287.00 sec   373 KBytes  3.05 Mbits/sec  2.077 ms  827/1145 (72%)  
[  5] 287.00-288.00 sec   394 KBytes  3.23 Mbits/sec  2.396 ms  908/1244 (73%)  
[  5] 288.00-289.00 sec   415 KBytes  3.40 Mbits/sec  2.200 ms  995/1349 (74%)  
[  5] 289.00-290.00 sec   394 KBytes  3.23 Mbits/sec  2.121 ms  916/1252 (73%)  
[  5] 290.00-291.00 sec   394 KBytes  3.22 Mbits/sec  2.528 ms  940/1276 (74%)  
[  5] 291.00-292.00 sec   411 KBytes  3.37 Mbits/sec  2.290 ms  963/1314 (73%)  
[  5] 292.00-293.00 sec   412 KBytes  3.38 Mbits/sec  2.112 ms  945/1297 (73%)  
[  5] 293.00-294.00 sec   394 KBytes  3.22 Mbits/sec  2.879 ms  913/1249 (73%)  
[  5] 294.00-295.00 sec   357 KBytes  2.93 Mbits/sec  2.426 ms  792/1097 (72%)  
[  5] 295.00-296.00 sec   412 KBytes  3.38 Mbits/sec  2.089 ms  931/1283 (73%)  
[  5] 296.00-297.00 sec   414 KBytes  3.39 Mbits/sec  2.151 ms  956/1309 (73%)  
[  5] 297.00-298.00 sec   352 KBytes  2.88 Mbits/sec  2.404 ms  802/1102 (73%)  
[  5] 298.00-299.00 sec   396 KBytes  3.25 Mbits/sec  2.131 ms  911/1249 (73%)  
[  5] 299.00-300.00 sec   396 KBytes  3.24 Mbits/sec  2.254 ms  908/1246 (73%)  
[  5] 300.00-301.00 sec   411 KBytes  3.37 Mbits/sec  2.400 ms  929/1280 (73%)  
[  5] 301.00-302.00 sec   415 KBytes  3.40 Mbits/sec  2.134 ms  974/1328 (73%)  
[  5] 302.00-303.00 sec   393 KBytes  3.20 Mbits/sec  2.439 ms  923/1258 (73%)  
[  5] 303.00-304.00 sec   411 KBytes  3.38 Mbits/sec  2.397 ms  961/1312 (73%)  
[  5] 304.00-305.00 sec   416 KBytes  3.41 Mbits/sec  2.023 ms  973/1328 (73%)  
[  5] 305.00-306.00 sec   335 KBytes  2.74 Mbits/sec  2.443 ms  764/1050 (73%)  
[  5] 306.00-307.00 sec   412 KBytes  3.37 Mbits/sec  2.096 ms  955/1307 (73%)  
[  5] 307.00-308.00 sec   354 KBytes  2.90 Mbits/sec  2.141 ms  787/1089 (72%)  
[  5] 308.00-309.00 sec   412 KBytes  3.38 Mbits/sec  2.268 ms  930/1282 (73%)  
[  5] 309.00-310.00 sec   396 KBytes  3.24 Mbits/sec  2.454 ms  892/1230 (73%)  
[  5] 310.00-311.00 sec   411 KBytes  3.37 Mbits/sec  2.282 ms  939/1290 (73%)  
[  5] 311.00-312.00 sec   397 KBytes  3.25 Mbits/sec  2.378 ms  918/1257 (73%)  
[  5] 312.00-313.00 sec   409 KBytes  3.35 Mbits/sec  2.199 ms  933/1282 (73%)  
[  5] 313.00-314.00 sec   359 KBytes  2.94 Mbits/sec  2.155 ms  823/1129 (73%)  
[  5] 314.00-315.00 sec   412 KBytes  3.38 Mbits/sec  2.117 ms  951/1303 (73%)  
[  5] 315.00-316.00 sec   391 KBytes  3.21 Mbits/sec  2.313 ms  878/1212 (72%)  
[  5] 316.00-317.00 sec   415 KBytes  3.40 Mbits/sec  2.091 ms  938/1292 (73%)  
[  5] 317.00-318.00 sec   353 KBytes  2.89 Mbits/sec  2.339 ms  807/1108 (73%)  
[  5] 318.00-319.00 sec   396 KBytes  3.24 Mbits/sec  2.515 ms  900/1238 (73%)  
[  5] 319.00-320.00 sec   355 KBytes  2.91 Mbits/sec  2.380 ms  826/1129 (73%)  
[  5] 320.00-321.00 sec   352 KBytes  2.88 Mbits/sec  2.529 ms  821/1121 (73%)  
[  5] 321.00-322.00 sec   355 KBytes  2.91 Mbits/sec  2.503 ms  842/1145 (74%)  
[  5] 322.00-323.00 sec   354 KBytes  2.90 Mbits/sec  2.537 ms  844/1146 (74%)  
[  5] 323.00-324.00 sec   354 KBytes  2.90 Mbits/sec  2.332 ms  843/1145 (74%)  
[  5] 324.00-325.00 sec   316 KBytes  2.59 Mbits/sec  2.224 ms  720/990 (73%)  
[  5] 325.00-326.00 sec   356 KBytes  2.92 Mbits/sec  2.158 ms  798/1102 (72%)  
[  5] 326.00-327.00 sec   350 KBytes  2.87 Mbits/sec  2.203 ms  764/1063 (72%)  
[  5] 327.00-328.00 sec   357 KBytes  2.93 Mbits/sec  2.113 ms  808/1113 (73%)  
[  5] 328.00-329.00 sec   355 KBytes  2.91 Mbits/sec  2.200 ms  822/1125 (73%)  
[  5] 329.00-330.00 sec   295 KBytes  2.42 Mbits/sec  2.602 ms  687/939 (73%)  
[  5] 330.00-331.00 sec   352 KBytes  2.88 Mbits/sec  2.664 ms  813/1113 (73%)  
[  5] 331.00-332.00 sec   354 KBytes  2.90 Mbits/sec  2.986 ms  850/1152 (74%)  
[  5] 332.00-333.00 sec   318 KBytes  2.60 Mbits/sec  2.341 ms  746/1017 (73%)  
[  5] 333.00-334.00 sec   356 KBytes  2.92 Mbits/sec  2.070 ms  854/1158 (74%)  
[  5] 334.00-335.00 sec   376 KBytes  3.08 Mbits/sec  5.023 ms  945/1266 (75%)  
[  5] 335.00-336.00 sec   370 KBytes  3.03 Mbits/sec  2.474 ms  834/1150 (73%)  
[  5] 336.00-337.00 sec   371 KBytes  3.04 Mbits/sec  2.137 ms  870/1187 (73%)  
[  5] 337.00-338.00 sec   357 KBytes  2.93 Mbits/sec  2.235 ms  793/1098 (72%)  
[  5] 338.00-339.00 sec   335 KBytes  2.75 Mbits/sec  2.471 ms  753/1039 (72%)  
[  5] 339.00-340.00 sec   352 KBytes  2.88 Mbits/sec  2.574 ms  771/1071 (72%)  
[  5] 340.00-341.00 sec   356 KBytes  2.92 Mbits/sec  2.546 ms  850/1154 (74%)  
[  5] 341.00-342.00 sec   355 KBytes  2.91 Mbits/sec  2.556 ms  829/1132 (73%)  
[  5] 342.00-343.00 sec   352 KBytes  2.88 Mbits/sec  2.492 ms  784/1084 (72%)  
[  5] 343.00-344.00 sec   357 KBytes  2.93 Mbits/sec  2.423 ms  790/1095 (72%)  
[  5] 344.00-345.00 sec   354 KBytes  2.90 Mbits/sec  2.546 ms  875/1177 (74%)  
[  5] 345.00-346.00 sec   371 KBytes  3.04 Mbits/sec  2.632 ms  928/1245 (75%)  
[  5] 346.00-347.00 sec   338 KBytes  2.76 Mbits/sec  2.423 ms  823/1111 (74%)  
[  5] 347.00-348.00 sec   355 KBytes  2.91 Mbits/sec  2.729 ms  913/1216 (75%)  
[  5] 348.00-349.00 sec   355 KBytes  2.91 Mbits/sec  2.468 ms  927/1230 (75%)  
[  5] 349.00-350.00 sec   353 KBytes  2.89 Mbits/sec  2.512 ms  1045/1346 (78%)  
[  5] 350.00-351.00 sec   354 KBytes  2.90 Mbits/sec  2.599 ms  991/1293 (77%)  
[  5] 351.00-352.00 sec   355 KBytes  2.91 Mbits/sec  2.707 ms  966/1269 (76%)  
[  5] 352.00-353.00 sec   371 KBytes  3.04 Mbits/sec  2.311 ms  1128/1445 (78%)  
[  5] 353.00-354.00 sec   336 KBytes  2.76 Mbits/sec  2.831 ms  931/1218 (76%)  
[  5] 354.00-355.00 sec   315 KBytes  2.58 Mbits/sec  2.451 ms  858/1127 (76%)  
[  5] 355.00-356.00 sec   352 KBytes  2.87 Mbits/sec  2.246 ms  911/1211 (75%)  
[  5] 356.00-357.00 sec   296 KBytes  2.43 Mbits/sec  2.675 ms  805/1058 (76%)  
[  5] 357.00-358.00 sec   356 KBytes  2.92 Mbits/sec  3.117 ms  1016/1320 (77%)  
[  5] 358.00-359.00 sec   355 KBytes  2.91 Mbits/sec  2.483 ms  987/1290 (77%)  
[  5] 359.00-360.00 sec   352 KBytes  2.88 Mbits/sec  2.905 ms  1058/1358 (78%)  
[  5] 360.00-361.00 sec   356 KBytes  2.92 Mbits/sec  2.881 ms  939/1243 (76%)  
[  5] 361.00-362.00 sec   355 KBytes  2.90 Mbits/sec  2.443 ms  905/1208 (75%)  
[  5] 362.00-363.00 sec   353 KBytes  2.90 Mbits/sec  2.623 ms  939/1240 (76%)  
[  5] 363.00-364.00 sec   355 KBytes  2.91 Mbits/sec  2.502 ms  925/1228 (75%)  
[  5] 364.00-365.00 sec   355 KBytes  2.91 Mbits/sec  2.367 ms  930/1233 (75%)  
[  5] 365.00-366.00 sec   354 KBytes  2.90 Mbits/sec  2.359 ms  925/1227 (75%)  
[  5] 366.00-367.00 sec   412 KBytes  3.38 Mbits/sec  2.368 ms  1102/1454 (76%)  
[  5] 367.00-368.00 sec   355 KBytes  2.91 Mbits/sec  2.305 ms  996/1299 (77%)  
[  5] 368.00-369.00 sec   391 KBytes  3.20 Mbits/sec  2.512 ms  1034/1368 (76%)  
[  5] 369.00-370.00 sec   357 KBytes  2.93 Mbits/sec  2.336 ms  947/1252 (76%)  
[  5] 370.00-371.00 sec   355 KBytes  2.91 Mbits/sec  2.465 ms  935/1238 (76%)  
[  5] 371.00-372.00 sec   371 KBytes  3.04 Mbits/sec  2.415 ms  984/1301 (76%)  
[  5] 372.00-373.00 sec   335 KBytes  2.75 Mbits/sec  2.619 ms  968/1254 (77%)  
[  5] 373.00-374.00 sec   354 KBytes  2.89 Mbits/sec  2.604 ms  898/1200 (75%)  
[  5] 374.00-375.00 sec   412 KBytes  3.39 Mbits/sec  2.651 ms  1077/1429 (75%)  
[  5] 375.00-376.00 sec   316 KBytes  2.59 Mbits/sec  2.369 ms  792/1062 (75%)  
[  5] 376.00-377.00 sec   393 KBytes  3.22 Mbits/sec  2.675 ms  1020/1355 (75%)  
[  5] 377.00-378.00 sec   355 KBytes  2.91 Mbits/sec  2.641 ms  1038/1341 (77%)  
[  5] 378.00-379.00 sec   357 KBytes  2.93 Mbits/sec  2.585 ms  972/1277 (76%)  
[  5] 379.00-380.00 sec   352 KBytes  2.88 Mbits/sec  2.697 ms  984/1284 (77%)  
[  5] 380.00-381.00 sec   354 KBytes  2.90 Mbits/sec  2.581 ms  932/1234 (76%)  
[  5] 381.00-382.00 sec   412 KBytes  3.38 Mbits/sec  2.525 ms  1188/1540 (77%)  
[  5] 382.00-383.00 sec   354 KBytes  2.90 Mbits/sec  3.011 ms  1093/1395 (78%)  
[  5] 383.00-384.00 sec   356 KBytes  2.92 Mbits/sec  2.405 ms  991/1295 (77%)  
[  5] 384.00-385.00 sec   355 KBytes  2.91 Mbits/sec  2.695 ms  950/1253 (76%)  
[  5] 385.00-386.00 sec   393 KBytes  3.22 Mbits/sec  2.501 ms  1027/1362 (75%)  
[  5] 386.00-387.00 sec   355 KBytes  2.91 Mbits/sec  2.593 ms  980/1283 (76%)  
[  5] 387.00-388.00 sec   356 KBytes  2.92 Mbits/sec  2.418 ms  939/1243 (76%)  
[  5] 388.00-389.00 sec   350 KBytes  2.87 Mbits/sec  2.624 ms  953/1252 (76%)  
[  5] 389.00-390.00 sec   359 KBytes  2.94 Mbits/sec  2.695 ms  956/1262 (76%)  
[  5] 390.00-391.00 sec   313 KBytes  2.56 Mbits/sec  2.493 ms  850/1117 (76%)  
[  5] 391.00-392.00 sec   355 KBytes  2.91 Mbits/sec  2.428 ms  953/1256 (76%)  
[  5] 392.00-393.00 sec  96.1 KBytes   786 Kbits/sec  2.693 ms  241/323 (75%)  
[  5] 393.00-394.00 sec   357 KBytes  2.93 Mbits/sec  2.083 ms  889/1194 (74%)  
[  5] 394.00-395.00 sec   354 KBytes  2.90 Mbits/sec  2.186 ms  865/1167 (74%)  
[  5] 395.00-396.00 sec   312 KBytes  2.56 Mbits/sec  2.349 ms  764/1030 (74%)  
[  5] 396.00-397.00 sec   338 KBytes  2.76 Mbits/sec  2.591 ms  834/1122 (74%)  
[  5] 397.00-398.00 sec   355 KBytes  2.91 Mbits/sec  2.490 ms  901/1204 (75%)  
[  5] 398.00-399.00 sec   370 KBytes  3.03 Mbits/sec  2.373 ms  972/1288 (75%)  
[  5] 399.00-400.00 sec   356 KBytes  2.92 Mbits/sec  2.359 ms  948/1252 (76%)  
[  5] 400.00-401.00 sec   355 KBytes  2.91 Mbits/sec  2.206 ms  921/1224 (75%)  
[  5] 401.00-402.00 sec   396 KBytes  3.25 Mbits/sec  2.317 ms  1009/1347 (75%)  
[  5] 402.00-403.00 sec   352 KBytes  2.88 Mbits/sec  2.484 ms  945/1245 (76%)  
[  5] 403.00-404.00 sec   356 KBytes  2.92 Mbits/sec  2.408 ms  951/1255 (76%)  
[  5] 404.00-405.00 sec   350 KBytes  2.87 Mbits/sec  3.146 ms  910/1209 (75%)  
[  5] 405.00-406.00 sec   357 KBytes  2.92 Mbits/sec  2.625 ms  924/1229 (75%)  
[  5] 406.00-407.00 sec   355 KBytes  2.91 Mbits/sec  2.370 ms  917/1220 (75%)  
[  5] 407.00-408.00 sec   314 KBytes  2.57 Mbits/sec  2.733 ms  827/1095 (76%)  
