[m46mr3_sla_seed257] talking to gNB E2 agent (listen=6600, gNB=6655)...

Omega log: /home/kmanojp/oranslice_rig/experiments/results/m46_mr3/sla/seed257/omega_log.jsonl
{
  "run_id": "m46mr3_sla_seed257",
  "algorithm": "dqn",
  "mode": "live_testbed",
  "seed": 953,
  "n_episodes": 1,
  "mean_reward_per_step": -5.912083333333333,
  "mean_blocks_per_episode": 7.0,
  "mean_urllc_blocks_per_episode": 1.0,
  "blocks_per_episode": [
    7
  ],
  "blocks_per_episode_by_slice": [
    {
      "mmtc": 6,
      "urllc": 1
    }
  ],
  "mean_rho": null,
  "omega_path": "/home/kmanojp/oranslice_rig/experiments/results/m46_mr3/sla/seed257/omega_log.jsonl",
  "checkpoint_path": "",
  "drift_flag": false,
  "drift_reason": "",
  "sla_compliance_by_slice": {
    "embb": 0.0,
    "urllc": 0.23333333333333334,
    "mmtc": 1.0
  },
  "sla_compliance_all_slices": 0.0,
  "sla_compliance_by_slice_per_episode": [
    {
      "embb": 0.0,
      "urllc": 0.23333333333333334,
      "mmtc": 1.0
    }
  ],
  "sla_margin_by_slice": {
    "embb": -9543.958650000002,
    "urllc": -47.11906666666664,
    "mmtc": 0.999999999884281
  },
  "sla_margin_by_slice_per_episode": [
    {
      "embb": -9543.958650000002,
      "urllc": -47.11906666666664,
      "mmtc": 0.999999999884281
    }
  ],
  "mean_mos_by_slice": {
    "embb": 1.4285579383373261,
    "urllc": 1.6659995079040528,
    "mmtc": 4.943352691332499
  },
  "mean_cost": 0.41583333333333344,
  "mean_sla_viol": 0.9842555555555557
}
