[m46mr3_qoe_seed256] talking to gNB E2 agent (listen=6600, gNB=6655)...

Omega log: /home/kmanojp/oranslice_rig/experiments/results/m46_mr3/qoe/seed256/omega_log.jsonl
{
  "run_id": "m46mr3_qoe_seed256",
  "algorithm": "dqn",
  "mode": "live_testbed",
  "seed": 950,
  "n_episodes": 1,
  "mean_reward_per_step": -0.13552658591005537,
  "mean_blocks_per_episode": 122.0,
  "mean_urllc_blocks_per_episode": 45.0,
  "blocks_per_episode": [
    122
  ],
  "blocks_per_episode_by_slice": [
    {
      "mmtc": 36,
      "urllc": 45,
      "embb": 41
    }
  ],
  "mean_rho": null,
  "omega_path": "/home/kmanojp/oranslice_rig/experiments/results/m46_mr3/qoe/seed256/omega_log.jsonl",
  "checkpoint_path": "",
  "drift_flag": true,
  "drift_reason": "mean URLLC block rate 45.00/episode exceeds 2x the 1.0/episode acceptance bar",
  "sla_compliance_by_slice": {
    "embb": 0.0,
    "urllc": 0.0,
    "mmtc": 1.0
  },
  "sla_compliance_all_slices": 0.0,
  "sla_compliance_by_slice_per_episode": [
    {
      "embb": 0.0,
      "urllc": 0.0,
      "mmtc": 1.0
    }
  ],
  "sla_margin_by_slice": {
    "embb": -9592.423666666667,
    "urllc": -8352.69535,
    "mmtc": 0.9980999998252621
  },
  "sla_margin_by_slice_per_episode": [
    {
      "embb": -9592.423666666667,
      "urllc": -8352.69535,
      "mmtc": 0.9980999998252621
    }
  ],
  "mean_mos_by_slice": {
    "embb": 1.4315350731213887,
    "urllc": 1.0,
    "mmtc": 4.942145895957947
  },
  "mean_cost": 0.0,
  "mean_sla_viol": 1.0
}
