[m46mr3_sla_seed256] talking to gNB E2 agent (listen=6600, gNB=6655)...

Omega log: /home/kmanojp/oranslice_rig/experiments/results/m46_mr3/sla/seed256/omega_log.jsonl
{
  "run_id": "m46mr3_sla_seed256",
  "algorithm": "dqn",
  "mode": "live_testbed",
  "seed": 952,
  "n_episodes": 1,
  "mean_reward_per_step": -7.9848333333333334,
  "mean_blocks_per_episode": 0.0,
  "mean_urllc_blocks_per_episode": 0.0,
  "blocks_per_episode": [
    0
  ],
  "blocks_per_episode_by_slice": [
    {}
  ],
  "mean_rho": null,
  "omega_path": "/home/kmanojp/oranslice_rig/experiments/results/m46_mr3/sla/seed256/omega_log.jsonl",
  "checkpoint_path": "",
  "drift_flag": false,
  "drift_reason": "",
  "sla_compliance_by_slice": {
    "embb": 0.0,
    "urllc": 0.0,
    "mmtc": 1.0
  },
  "sla_compliance_all_slices": 0.0,
  "sla_compliance_by_slice_per_episode": [
    {
      "embb": 0.0,
      "urllc": 0.0,
      "mmtc": 1.0
    }
  ],
  "sla_margin_by_slice": {
    "embb": -9406.160966666666,
    "urllc": -8101.760550000002,
    "mmtc": 0.9942999986650428
  },
  "sla_margin_by_slice_per_episode": [
    {
      "embb": -9406.160966666666,
      "urllc": -8101.760550000002,
      "mmtc": 0.9942999986650428
    }
  ],
  "mean_mos_by_slice": {
    "embb": 1.4965116222699484,
    "urllc": 1.0134411017100016,
    "mmtc": 4.939732313156128
  },
  "mean_cost": 0.48433333333333345,
  "mean_sla_viol": 1.0
}
