Connecting to host 172.22.0.50, port 5202
Reverse mode, remote host 172.22.0.50 is sending
[  5] local 192.168.102.2 port 45428 connected to 172.22.0.50 port 5202
[ ID] Interval           Transfer     Bitrate         Jitter    Lost/Total Datagrams
[  5]   0.00-1.00   sec   440 KBytes  3.60 Mbits/sec  0.284 ms  0/4508 (0%)  
[  5]   1.00-2.00   sec   439 KBytes  3.60 Mbits/sec  0.277 ms  0/4495 (0%)  
[  5]   2.00-3.00   sec   440 KBytes  3.60 Mbits/sec  0.299 ms  0/4501 (0%)  
[  5]   3.00-4.00   sec   440 KBytes  3.60 Mbits/sec  0.320 ms  0/4502 (0%)  
[  5]   4.00-5.00   sec   440 KBytes  3.60 Mbits/sec  0.318 ms  0/4506 (0%)  
[  5]   5.00-6.00   sec   439 KBytes  3.60 Mbits/sec  0.324 ms  0/4498 (0%)  
[  5]   6.00-7.00   sec   439 KBytes  3.60 Mbits/sec  0.294 ms  0/4500 (0%)  
[  5]   7.00-8.00   sec   439 KBytes  3.60 Mbits/sec  0.278 ms  0/4498 (0%)  
[  5]   8.00-9.00   sec   439 KBytes  3.60 Mbits/sec  0.298 ms  0/4499 (0%)  
[  5]   9.00-10.00  sec   439 KBytes  3.60 Mbits/sec  0.334 ms  0/4500 (0%)  
[  5]  10.00-11.00  sec   440 KBytes  3.60 Mbits/sec  0.341 ms  0/4502 (0%)  
[  5]  11.00-12.00  sec   439 KBytes  3.60 Mbits/sec  0.317 ms  0/4495 (0%)  
[  5]  12.00-13.00  sec   440 KBytes  3.61 Mbits/sec  0.304 ms  0/4509 (0%)  
[  5]  13.00-14.00  sec   439 KBytes  3.59 Mbits/sec  0.283 ms  0/4492 (0%)  
[  5]  14.00-15.00  sec   440 KBytes  3.60 Mbits/sec  0.329 ms  0/4505 (0%)  
[  5]  15.00-16.00  sec   439 KBytes  3.60 Mbits/sec  0.280 ms  0/4496 (0%)  
[  5]  16.00-17.00  sec   439 KBytes  3.60 Mbits/sec  0.314 ms  0/4500 (0%)  
[  5]  17.00-18.00  sec   440 KBytes  3.60 Mbits/sec  0.298 ms  0/4503 (0%)  
[  5]  18.00-19.00  sec   430 KBytes  3.52 Mbits/sec  0.309 ms  0/4406 (0%)  
[  5]  19.00-20.00  sec   449 KBytes  3.68 Mbits/sec  0.292 ms  0/4597 (0%)  
[  5]  20.00-21.00  sec   439 KBytes  3.59 Mbits/sec  0.353 ms  0/4491 (0%)  
[  5]  21.00-22.00  sec   440 KBytes  3.61 Mbits/sec  0.302 ms  0/4509 (0%)  
[  5]  22.00-23.00  sec   439 KBytes  3.60 Mbits/sec  0.300 ms  0/4498 (0%)  
[  5]  23.00-24.00  sec   439 KBytes  3.60 Mbits/sec  0.307 ms  0/4500 (0%)  
[  5]  24.00-25.00  sec   439 KBytes  3.60 Mbits/sec  0.348 ms  0/4500 (0%)  
[  5]  25.00-26.00  sec   439 KBytes  3.60 Mbits/sec  0.331 ms  0/4498 (0%)  
[  5]  26.00-27.00  sec   440 KBytes  3.60 Mbits/sec  0.294 ms  0/4502 (0%)  
[  5]  27.00-28.00  sec   439 KBytes  3.60 Mbits/sec  0.339 ms  0/4498 (0%)  
[  5]  28.00-29.00  sec   439 KBytes  3.60 Mbits/sec  0.314 ms  0/4496 (0%)  
[  5]  29.00-30.00  sec   439 KBytes  3.60 Mbits/sec  0.380 ms  0/4496 (0%)  
[  5]  30.00-31.00  sec   440 KBytes  3.60 Mbits/sec  0.420 ms  0/4505 (0%)  
[  5]  31.00-32.00  sec   440 KBytes  3.61 Mbits/sec  0.279 ms  0/4507 (0%)  
[  5]  32.00-33.00  sec   439 KBytes  3.60 Mbits/sec  0.300 ms  0/4496 (0%)  
[  5]  33.00-34.00  sec   440 KBytes  3.60 Mbits/sec  0.354 ms  0/4501 (0%)  
[  5]  34.00-35.00  sec   439 KBytes  3.60 Mbits/sec  0.283 ms  0/4498 (0%)  
[  5]  35.00-36.00  sec   440 KBytes  3.60 Mbits/sec  0.319 ms  0/4502 (0%)  
[  5]  36.00-37.00  sec   439 KBytes  3.60 Mbits/sec  0.360 ms  0/4497 (0%)  
[  5]  37.00-38.00  sec   440 KBytes  3.60 Mbits/sec  0.268 ms  0/4504 (0%)  
[  5]  38.00-39.00  sec   438 KBytes  3.59 Mbits/sec  0.303 ms  0/4487 (0%)  
[  5]  39.00-40.00  sec   420 KBytes  3.44 Mbits/sec  0.299 ms  61/4366 (1.4%)  
[  5]  40.00-41.00  sec   454 KBytes  3.72 Mbits/sec  0.292 ms  0/4649 (0%)  
[  5]  41.00-42.00  sec   439 KBytes  3.60 Mbits/sec  0.368 ms  0/4494 (0%)  
[  5]  42.00-43.00  sec   438 KBytes  3.59 Mbits/sec  0.319 ms  0/4489 (0%)  
[  5]  43.00-44.00  sec   440 KBytes  3.60 Mbits/sec  0.416 ms  0/4504 (0%)  
[  5]  44.00-45.00  sec   440 KBytes  3.61 Mbits/sec  0.330 ms  0/4508 (0%)  
[  5]  45.00-46.00  sec   440 KBytes  3.60 Mbits/sec  0.311 ms  0/4505 (0%)  
[  5]  46.00-47.00  sec   439 KBytes  3.59 Mbits/sec  0.390 ms  0/4493 (0%)  
[  5]  47.00-48.00  sec   439 KBytes  3.60 Mbits/sec  0.402 ms  0/4498 (0%)  
[  5]  48.00-49.00  sec   440 KBytes  3.61 Mbits/sec  0.298 ms  0/4509 (0%)  
[  5]  49.00-50.00  sec   439 KBytes  3.60 Mbits/sec  0.327 ms  0/4497 (0%)  
[  5]  50.00-51.00  sec   439 KBytes  3.60 Mbits/sec  0.403 ms  0/4496 (0%)  
[  5]  51.00-52.00  sec   440 KBytes  3.60 Mbits/sec  0.329 ms  0/4504 (0%)  
[  5]  52.00-53.00  sec   439 KBytes  3.59 Mbits/sec  0.344 ms  0/4498 (0%)  
[  5]  53.00-54.00  sec   439 KBytes  3.60 Mbits/sec  0.278 ms  0/4496 (0%)  
[  5]  54.00-55.00  sec   440 KBytes  3.60 Mbits/sec  0.299 ms  0/4506 (0%)  
[  5]  55.00-56.00  sec   439 KBytes  3.60 Mbits/sec  0.325 ms  0/4497 (0%)  
[  5]  56.00-57.00  sec   440 KBytes  3.60 Mbits/sec  0.393 ms  0/4501 (0%)  
[  5]  57.00-58.00  sec   427 KBytes  3.50 Mbits/sec  0.531 ms  0/4373 (0%)  
[  5]  58.00-59.00  sec   452 KBytes  3.70 Mbits/sec  0.288 ms  0/4631 (0%)  
[  5]  59.00-60.00  sec   439 KBytes  3.60 Mbits/sec  0.310 ms  0/4497 (0%)  
[  5]  60.00-61.00  sec   439 KBytes  3.60 Mbits/sec  0.303 ms  0/4499 (0%)  
[  5]  61.00-62.00  sec   439 KBytes  3.60 Mbits/sec  0.387 ms  0/4499 (0%)  
[  5]  62.00-63.00  sec   439 KBytes  3.60 Mbits/sec  0.324 ms  0/4500 (0%)  
[  5]  63.00-64.00  sec   439 KBytes  3.60 Mbits/sec  0.339 ms  0/4497 (0%)  
[  5]  64.00-65.00  sec   440 KBytes  3.60 Mbits/sec  0.376 ms  0/4505 (0%)  
[  5]  65.00-66.00  sec   439 KBytes  3.60 Mbits/sec  0.278 ms  0/4498 (0%)  
[  5]  66.00-67.00  sec   431 KBytes  3.53 Mbits/sec  0.269 ms  0/4415 (0%)  
[  5]  67.00-68.00  sec   448 KBytes  3.67 Mbits/sec  0.361 ms  0/4585 (0%)  
[  5]  68.00-69.00  sec   439 KBytes  3.60 Mbits/sec  0.313 ms  0/4496 (0%)  
[  5]  69.00-70.00  sec   440 KBytes  3.61 Mbits/sec  0.308 ms  0/4509 (0%)  
[  5]  70.00-71.00  sec   440 KBytes  3.60 Mbits/sec  0.296 ms  0/4502 (0%)  
[  5]  71.00-72.00  sec   439 KBytes  3.60 Mbits/sec  0.359 ms  0/4494 (0%)  
[  5]  72.00-73.00  sec   440 KBytes  3.60 Mbits/sec  0.293 ms  0/4505 (0%)  
[  5]  73.00-74.00  sec   439 KBytes  3.60 Mbits/sec  0.294 ms  0/4499 (0%)  
[  5]  74.00-75.00  sec   439 KBytes  3.60 Mbits/sec  0.302 ms  0/4493 (0%)  
[  5]  75.00-76.00  sec   440 KBytes  3.60 Mbits/sec  0.335 ms  0/4501 (0%)  
[  5]  76.00-77.00  sec   440 KBytes  3.60 Mbits/sec  0.309 ms  0/4503 (0%)  
[  5]  77.00-78.00  sec   439 KBytes  3.60 Mbits/sec  0.294 ms  0/4497 (0%)  
[  5]  78.00-79.00  sec   439 KBytes  3.60 Mbits/sec  0.296 ms  0/4499 (0%)  
[  5]  79.00-80.00  sec   439 KBytes  3.60 Mbits/sec  0.345 ms  0/4495 (0%)  
[  5]  80.00-81.00  sec   440 KBytes  3.60 Mbits/sec  0.363 ms  0/4504 (0%)  
[  5]  81.00-82.00  sec   440 KBytes  3.60 Mbits/sec  0.311 ms  0/4506 (0%)  
[  5]  82.00-83.00  sec   440 KBytes  3.60 Mbits/sec  0.296 ms  0/4505 (0%)  
[  5]  83.00-84.00  sec   439 KBytes  3.60 Mbits/sec  0.308 ms  0/4495 (0%)  
[  5]  84.00-85.00  sec   439 KBytes  3.60 Mbits/sec  0.322 ms  0/4498 (0%)  
[  5]  85.00-86.00  sec   439 KBytes  3.60 Mbits/sec  0.415 ms  0/4496 (0%)  
[  5]  86.00-87.00  sec   440 KBytes  3.61 Mbits/sec  0.289 ms  0/4508 (0%)  
[  5]  87.00-88.00  sec   439 KBytes  3.60 Mbits/sec  0.337 ms  0/4496 (0%)  
[  5]  88.00-89.00  sec   439 KBytes  3.60 Mbits/sec  0.323 ms  0/4497 (0%)  
[  5]  89.00-90.00  sec   440 KBytes  3.61 Mbits/sec  0.310 ms  0/4510 (0%)  
[  5]  90.00-91.00  sec   438 KBytes  3.59 Mbits/sec  0.308 ms  0/4487 (0%)  
[  5]  91.00-92.00  sec   440 KBytes  3.61 Mbits/sec  0.295 ms  0/4508 (0%)  
[  5]  92.00-93.00  sec   440 KBytes  3.60 Mbits/sec  0.347 ms  0/4501 (0%)  
[  5]  93.00-94.00  sec   439 KBytes  3.60 Mbits/sec  0.317 ms  0/4498 (0%)  
[  5]  94.00-95.00  sec   439 KBytes  3.60 Mbits/sec  0.327 ms  0/4498 (0%)  
[  5]  95.00-96.00  sec   440 KBytes  3.60 Mbits/sec  0.282 ms  0/4506 (0%)  
[  5]  96.00-97.00  sec   439 KBytes  3.60 Mbits/sec  0.308 ms  0/4500 (0%)  
[  5]  97.00-98.00  sec   440 KBytes  3.60 Mbits/sec  0.292 ms  0/4502 (0%)  
[  5]  98.00-99.00  sec   439 KBytes  3.60 Mbits/sec  0.292 ms  0/4494 (0%)  
[  5]  99.00-100.00 sec   439 KBytes  3.59 Mbits/sec  0.412 ms  0/4494 (0%)  
[  5] 100.00-101.00 sec   436 KBytes  3.57 Mbits/sec  0.300 ms  0/4465 (0%)  
[  5] 101.00-102.00 sec   443 KBytes  3.63 Mbits/sec  0.314 ms  0/4536 (0%)  
[  5] 102.00-103.01 sec   419 KBytes  3.39 Mbits/sec  1.375 ms  0/4289 (0%)  
[  5] 103.01-104.00 sec   461 KBytes  3.82 Mbits/sec  0.327 ms  0/4718 (0%)  
[  5] 104.00-105.00 sec   439 KBytes  3.60 Mbits/sec  0.383 ms  0/4496 (0%)  
[  5] 105.00-106.00 sec   439 KBytes  3.60 Mbits/sec  0.381 ms  0/4500 (0%)  
[  5] 106.00-107.00 sec   440 KBytes  3.61 Mbits/sec  0.303 ms  0/4505 (0%)  
[  5] 107.00-108.00 sec   439 KBytes  3.60 Mbits/sec  0.319 ms  0/4499 (0%)  
[  5] 108.00-109.00 sec   440 KBytes  3.60 Mbits/sec  0.322 ms  0/4501 (0%)  
[  5] 109.00-110.00 sec   440 KBytes  3.60 Mbits/sec  0.283 ms  0/4501 (0%)  
[  5] 110.00-111.00 sec   439 KBytes  3.60 Mbits/sec  0.340 ms  0/4498 (0%)  
[  5] 111.00-112.00 sec   440 KBytes  3.60 Mbits/sec  0.323 ms  0/4501 (0%)  
[  5] 112.00-113.00 sec   439 KBytes  3.60 Mbits/sec  0.333 ms  0/4500 (0%)  
[  5] 113.00-114.00 sec   440 KBytes  3.60 Mbits/sec  0.292 ms  0/4501 (0%)  
[  5] 114.00-115.00 sec   439 KBytes  3.59 Mbits/sec  0.377 ms  0/4494 (0%)  
[  5] 115.00-116.00 sec   440 KBytes  3.60 Mbits/sec  0.353 ms  0/4502 (0%)  
[  5] 116.00-117.00 sec   440 KBytes  3.60 Mbits/sec  0.340 ms  0/4504 (0%)  
[  5] 117.00-118.00 sec   439 KBytes  3.60 Mbits/sec  0.306 ms  0/4500 (0%)  
[  5] 118.00-119.00 sec   439 KBytes  3.60 Mbits/sec  0.353 ms  0/4497 (0%)  
[  5] 119.00-120.00 sec   440 KBytes  3.60 Mbits/sec  0.310 ms  0/4503 (0%)  
[  5] 120.00-121.00 sec   438 KBytes  3.59 Mbits/sec  0.283 ms  0/4490 (0%)  
[  5] 121.00-122.00 sec   434 KBytes  3.55 Mbits/sec  0.266 ms  0/4441 (0%)  
[  5] 122.00-123.00 sec   446 KBytes  3.65 Mbits/sec  0.336 ms  0/4562 (0%)  
[  5] 123.00-124.00 sec   439 KBytes  3.60 Mbits/sec  0.329 ms  0/4500 (0%)  
[  5] 124.00-125.00 sec   413 KBytes  3.39 Mbits/sec  0.293 ms  0/4234 (0%)  
[  5] 125.00-126.00 sec   466 KBytes  3.82 Mbits/sec  0.299 ms  0/4768 (0%)  
[  5] 126.00-127.00 sec   439 KBytes  3.60 Mbits/sec  0.339 ms  0/4499 (0%)  
[  5] 127.00-128.00 sec   439 KBytes  3.60 Mbits/sec  0.290 ms  0/4498 (0%)  
[  5] 128.00-129.00 sec   440 KBytes  3.60 Mbits/sec  0.295 ms  0/4504 (0%)  
[  5] 129.00-130.00 sec   439 KBytes  3.60 Mbits/sec  0.285 ms  0/4494 (0%)  
[  5] 130.00-131.00 sec   440 KBytes  3.60 Mbits/sec  0.366 ms  0/4504 (0%)  
[  5] 131.00-132.00 sec   440 KBytes  3.60 Mbits/sec  0.318 ms  0/4502 (0%)  
[  5] 132.00-133.00 sec   438 KBytes  3.59 Mbits/sec  0.297 ms  0/4489 (0%)  
[  5] 133.00-134.00 sec   440 KBytes  3.61 Mbits/sec  0.382 ms  0/4509 (0%)  
[  5] 134.00-135.00 sec   440 KBytes  3.60 Mbits/sec  0.313 ms  0/4504 (0%)  
[  5] 135.00-136.00 sec   440 KBytes  3.60 Mbits/sec  0.239 ms  0/4503 (0%)  
[  5] 136.00-137.00 sec   439 KBytes  3.60 Mbits/sec  0.327 ms  0/4494 (0%)  
[  5] 137.00-138.00 sec   440 KBytes  3.60 Mbits/sec  0.291 ms  0/4502 (0%)  
[  5] 138.00-139.00 sec   440 KBytes  3.60 Mbits/sec  0.291 ms  0/4503 (0%)  
[  5] 139.00-140.00 sec   438 KBytes  3.59 Mbits/sec  0.443 ms  0/4490 (0%)  
[  5] 140.00-141.00 sec   440 KBytes  3.60 Mbits/sec  0.340 ms  0/4506 (0%)  
[  5] 141.00-142.00 sec   440 KBytes  3.60 Mbits/sec  0.290 ms  0/4506 (0%)  
[  5] 142.00-143.00 sec   438 KBytes  3.59 Mbits/sec  0.348 ms  0/4489 (0%)  
[  5] 143.00-144.00 sec   439 KBytes  3.60 Mbits/sec  0.359 ms  0/4498 (0%)  
[  5] 144.00-145.00 sec   435 KBytes  3.57 Mbits/sec  0.415 ms  0/4456 (0%)  
[  5] 145.00-146.00 sec   444 KBytes  3.63 Mbits/sec  0.415 ms  0/4543 (0%)  
[  5] 146.00-147.00 sec   440 KBytes  3.61 Mbits/sec  0.318 ms  0/4510 (0%)  
[  5] 147.00-148.00 sec   439 KBytes  3.60 Mbits/sec  0.308 ms  0/4497 (0%)  
[  5] 148.00-149.00 sec   439 KBytes  3.60 Mbits/sec  0.371 ms  0/4495 (0%)  
[  5] 149.00-150.00 sec   440 KBytes  3.61 Mbits/sec  0.323 ms  0/4508 (0%)  
[  5] 150.00-151.00 sec   439 KBytes  3.59 Mbits/sec  0.348 ms  0/4492 (0%)  
[  5] 151.00-152.00 sec   432 KBytes  3.54 Mbits/sec  0.451 ms  0/4428 (0%)  
[  5] 152.00-153.00 sec   444 KBytes  3.64 Mbits/sec  0.308 ms  0/4549 (0%)  
[  5] 153.00-154.00 sec   442 KBytes  3.62 Mbits/sec  0.293 ms  0/4526 (0%)  
[  5] 154.00-155.00 sec   440 KBytes  3.60 Mbits/sec  0.287 ms  0/4504 (0%)  
[  5] 155.00-156.00 sec   439 KBytes  3.60 Mbits/sec  0.288 ms  0/4497 (0%)  
[  5] 156.00-157.00 sec   440 KBytes  3.60 Mbits/sec  0.342 ms  0/4503 (0%)  
[  5] 157.00-158.00 sec   439 KBytes  3.60 Mbits/sec  0.285 ms  0/4500 (0%)  
[  5] 158.00-159.00 sec   439 KBytes  3.60 Mbits/sec  0.316 ms  0/4500 (0%)  
[  5] 159.00-160.00 sec   439 KBytes  3.60 Mbits/sec  0.317 ms  0/4499 (0%)  
[  5] 160.00-161.00 sec   440 KBytes  3.60 Mbits/sec  0.297 ms  0/4504 (0%)  
[  5] 161.00-162.00 sec   438 KBytes  3.59 Mbits/sec  0.326 ms  0/4488 (0%)  
[  5] 162.00-163.00 sec   440 KBytes  3.61 Mbits/sec  0.366 ms  0/4506 (0%)  
[  5] 163.00-164.00 sec   440 KBytes  3.60 Mbits/sec  0.308 ms  0/4504 (0%)  
[  5] 164.00-165.00 sec   440 KBytes  3.60 Mbits/sec  0.324 ms  0/4503 (0%)  
[  5] 165.00-166.00 sec   439 KBytes  3.60 Mbits/sec  0.276 ms  0/4497 (0%)  
[  5] 166.00-167.00 sec   439 KBytes  3.59 Mbits/sec  0.305 ms  0/4493 (0%)  
[  5] 167.00-168.00 sec   439 KBytes  3.60 Mbits/sec  0.286 ms  0/4499 (0%)  
[  5] 168.00-169.00 sec   439 KBytes  3.59 Mbits/sec  0.272 ms  0/4491 (0%)  
[  5] 169.00-170.00 sec   440 KBytes  3.60 Mbits/sec  0.355 ms  0/4504 (0%)  
[  5] 170.00-171.00 sec   441 KBytes  3.61 Mbits/sec  0.330 ms  0/4512 (0%)  
[  5] 171.00-172.00 sec   439 KBytes  3.60 Mbits/sec  0.293 ms  0/4497 (0%)  
[  5] 172.00-173.00 sec   440 KBytes  3.60 Mbits/sec  0.318 ms  0/4501 (0%)  
