Connecting to host 172.22.0.50, port 5202
Reverse mode, remote host 172.22.0.50 is sending
[  5] local 192.168.102.2 port 34480 connected to 172.22.0.50 port 5202
[ ID] Interval           Transfer     Bitrate         Jitter    Lost/Total Datagrams
[  5]   0.00-1.00   sec   400 KBytes  3.28 Mbits/sec  0.311 ms  0/4100 (0%)  
[  5]   1.00-2.00   sec   423 KBytes  3.47 Mbits/sec  0.294 ms  0/4336 (0%)  
[  5]   2.00-3.00   sec   424 KBytes  3.47 Mbits/sec  0.330 ms  0/4338 (0%)  
[  5]   3.00-4.00   sec   452 KBytes  3.70 Mbits/sec  0.316 ms  0/4627 (0%)  
[  5]   4.00-5.00   sec   466 KBytes  3.82 Mbits/sec  0.368 ms  0/4774 (0%)  
[  5]   5.00-6.00   sec   471 KBytes  3.86 Mbits/sec  0.345 ms  0/4827 (0%)  
[  5]   6.00-7.00   sec   440 KBytes  3.60 Mbits/sec  0.319 ms  0/4501 (0%)  
[  5]   7.00-8.00   sec   439 KBytes  3.60 Mbits/sec  0.296 ms  0/4500 (0%)  
[  5]   8.00-9.00   sec   439 KBytes  3.60 Mbits/sec  0.414 ms  0/4498 (0%)  
[  5]   9.00-10.00  sec   440 KBytes  3.60 Mbits/sec  0.356 ms  0/4508 (0%)  
[  5]  10.00-11.00  sec   439 KBytes  3.60 Mbits/sec  0.309 ms  0/4497 (0%)  
[  5]  11.00-12.00  sec   439 KBytes  3.60 Mbits/sec  0.374 ms  0/4495 (0%)  
[  5]  12.00-13.00  sec   440 KBytes  3.60 Mbits/sec  0.299 ms  0/4503 (0%)  
[  5]  13.00-14.00  sec   439 KBytes  3.59 Mbits/sec  0.433 ms  0/4491 (0%)  
[  5]  14.00-15.00  sec   440 KBytes  3.60 Mbits/sec  0.304 ms  0/4503 (0%)  
[  5]  15.00-16.00  sec   440 KBytes  3.61 Mbits/sec  0.299 ms  0/4509 (0%)  
[  5]  16.00-17.00  sec   440 KBytes  3.60 Mbits/sec  0.281 ms  0/4501 (0%)  
[  5]  17.00-18.00  sec   439 KBytes  3.60 Mbits/sec  0.290 ms  0/4494 (0%)  
[  5]  18.00-19.00  sec   429 KBytes  3.51 Mbits/sec  0.326 ms  0/4388 (0%)  
[  5]  19.00-20.00  sec   450 KBytes  3.69 Mbits/sec  0.446 ms  0/4607 (0%)  
[  5]  20.00-21.00  sec   440 KBytes  3.60 Mbits/sec  0.394 ms  0/4503 (0%)  
[  5]  21.00-22.00  sec   439 KBytes  3.60 Mbits/sec  0.263 ms  0/4500 (0%)  
[  5]  22.00-23.00  sec   432 KBytes  3.53 Mbits/sec  0.298 ms  0/4419 (0%)  
[  5]  23.00-24.00  sec   446 KBytes  3.65 Mbits/sec  0.320 ms  0/4566 (0%)  
[  5]  24.00-25.00  sec   441 KBytes  3.61 Mbits/sec  0.399 ms  0/4516 (0%)  
[  5]  25.00-26.00  sec   439 KBytes  3.60 Mbits/sec  0.318 ms  0/4500 (0%)  
[  5]  26.00-27.00  sec   440 KBytes  3.60 Mbits/sec  0.323 ms  0/4504 (0%)  
[  5]  27.00-28.00  sec   433 KBytes  3.55 Mbits/sec  0.350 ms  0/4431 (0%)  
[  5]  28.00-29.00  sec   445 KBytes  3.64 Mbits/sec  0.312 ms  0/4554 (0%)  
[  5]  29.00-30.00  sec   440 KBytes  3.61 Mbits/sec  0.365 ms  0/4509 (0%)  
[  5]  30.00-31.00  sec   440 KBytes  3.60 Mbits/sec  0.304 ms  0/4502 (0%)  
[  5]  31.00-32.00  sec   440 KBytes  3.60 Mbits/sec  0.320 ms  0/4505 (0%)  
[  5]  32.00-33.00  sec   438 KBytes  3.59 Mbits/sec  0.327 ms  0/4488 (0%)  
[  5]  33.00-34.00  sec   440 KBytes  3.61 Mbits/sec  0.375 ms  0/4509 (0%)  
[  5]  34.00-35.00  sec   439 KBytes  3.60 Mbits/sec  0.331 ms  0/4494 (0%)  
[  5]  35.00-36.00  sec   440 KBytes  3.60 Mbits/sec  0.376 ms  0/4504 (0%)  
[  5]  36.00-37.00  sec   440 KBytes  3.60 Mbits/sec  0.340 ms  0/4503 (0%)  
[  5]  37.00-38.00  sec   426 KBytes  3.49 Mbits/sec  0.347 ms  0/4362 (0%)  
[  5]  38.00-39.00  sec   425 KBytes  3.49 Mbits/sec  0.333 ms  0/4357 (0%)  
[  5]  39.00-40.00  sec   424 KBytes  3.47 Mbits/sec  0.394 ms  0/4340 (0%)  
[  5]  40.00-41.00  sec   435 KBytes  3.56 Mbits/sec  0.302 ms  0/4453 (0%)  
[  5]  41.00-42.00  sec   475 KBytes  3.89 Mbits/sec  0.358 ms  0/4868 (0%)  
[  5]  42.00-43.00  sec   451 KBytes  3.69 Mbits/sec  0.330 ms  0/4614 (0%)  
[  5]  43.00-44.00  sec   429 KBytes  3.51 Mbits/sec  0.313 ms  0/4392 (0%)  
[  5]  44.00-45.00  sec   436 KBytes  3.57 Mbits/sec  0.283 ms  0/4465 (0%)  
[  5]  45.00-46.00  sec   436 KBytes  3.57 Mbits/sec  0.334 ms  0/4465 (0%)  
[  5]  46.00-47.00  sec   445 KBytes  3.65 Mbits/sec  0.350 ms  0/4557 (0%)  
[  5]  47.00-48.00  sec   451 KBytes  3.69 Mbits/sec  0.311 ms  0/4615 (0%)  
[  5]  48.00-49.00  sec   441 KBytes  3.61 Mbits/sec  0.316 ms  0/4516 (0%)  
[  5]  49.00-50.00  sec   438 KBytes  3.59 Mbits/sec  0.401 ms  0/4490 (0%)  
[  5]  50.00-51.00  sec   440 KBytes  3.60 Mbits/sec  0.327 ms  0/4502 (0%)  
[  5]  51.00-52.00  sec   440 KBytes  3.60 Mbits/sec  0.320 ms  0/4504 (0%)  
[  5]  52.00-53.00  sec   439 KBytes  3.60 Mbits/sec  0.309 ms  0/4500 (0%)  
[  5]  53.00-54.00  sec   440 KBytes  3.60 Mbits/sec  0.283 ms  0/4503 (0%)  
[  5]  54.00-55.00  sec   439 KBytes  3.60 Mbits/sec  0.301 ms  0/4497 (0%)  
[  5]  55.00-56.00  sec   439 KBytes  3.60 Mbits/sec  0.341 ms  0/4496 (0%)  
[  5]  56.00-57.00  sec   440 KBytes  3.60 Mbits/sec  0.318 ms  0/4503 (0%)  
[  5]  57.00-58.00  sec   439 KBytes  3.60 Mbits/sec  0.300 ms  0/4496 (0%)  
[  5]  58.00-59.00  sec   394 KBytes  3.23 Mbits/sec  0.334 ms  0/4039 (0%)  
[  5]  59.00-60.00  sec   400 KBytes  3.27 Mbits/sec  0.452 ms  0/4093 (0%)  
[  5]  60.00-61.00  sec   401 KBytes  3.28 Mbits/sec  0.356 ms  0/4105 (0%)  
[  5]  61.00-62.00  sec   413 KBytes  3.38 Mbits/sec  0.316 ms  0/4226 (0%)  
[  5]  62.00-63.00  sec   437 KBytes  3.58 Mbits/sec  0.389 ms  0/4473 (0%)  
[  5]  63.00-64.00  sec   457 KBytes  3.74 Mbits/sec  0.320 ms  0/4676 (0%)  
[  5]  64.00-65.00  sec   440 KBytes  3.61 Mbits/sec  0.325 ms  0/4510 (0%)  
[  5]  65.00-66.00  sec   448 KBytes  3.67 Mbits/sec  0.322 ms  0/4592 (0%)  
[  5]  66.00-67.00  sec   453 KBytes  3.71 Mbits/sec  0.397 ms  0/4640 (0%)  
[  5]  67.00-68.00  sec   452 KBytes  3.70 Mbits/sec  0.319 ms  0/4624 (0%)  
[  5]  68.00-69.00  sec   454 KBytes  3.72 Mbits/sec  0.289 ms  0/4646 (0%)  
[  5]  69.00-70.00  sec   460 KBytes  3.77 Mbits/sec  0.311 ms  0/4712 (0%)  
[  5]  70.00-71.00  sec   459 KBytes  3.76 Mbits/sec  0.246 ms  0/4702 (0%)  
[  5]  71.00-72.00  sec   468 KBytes  3.83 Mbits/sec  0.288 ms  0/4790 (0%)  
[  5]  72.00-73.00  sec   457 KBytes  3.74 Mbits/sec  0.273 ms  0/4677 (0%)  
[  5]  73.00-74.00  sec   439 KBytes  3.60 Mbits/sec  0.289 ms  0/4498 (0%)  
[  5]  74.00-75.00  sec   439 KBytes  3.60 Mbits/sec  0.449 ms  0/4497 (0%)  
[  5]  75.00-76.00  sec   439 KBytes  3.60 Mbits/sec  0.421 ms  0/4497 (0%)  
[  5]  76.00-77.00  sec   440 KBytes  3.61 Mbits/sec  0.299 ms  0/4506 (0%)  
[  5]  77.00-78.00  sec   439 KBytes  3.60 Mbits/sec  0.306 ms  0/4500 (0%)  
[  5]  78.00-79.00  sec   439 KBytes  3.60 Mbits/sec  0.301 ms  0/4500 (0%)  
[  5]  79.00-80.00  sec   430 KBytes  3.52 Mbits/sec  0.302 ms  0/4400 (0%)  
[  5]  80.00-81.00  sec   417 KBytes  3.42 Mbits/sec  0.428 ms  0/4275 (0%)  
[  5]  81.00-82.00  sec   439 KBytes  3.60 Mbits/sec  0.314 ms  0/4499 (0%)  
[  5]  82.00-83.00  sec   443 KBytes  3.63 Mbits/sec  0.386 ms  0/4538 (0%)  
[  5]  83.00-84.00  sec   466 KBytes  3.82 Mbits/sec  0.336 ms  0/4774 (0%)  
[  5]  84.00-85.00  sec   442 KBytes  3.62 Mbits/sec  0.293 ms  0/4521 (0%)  
[  5]  85.00-86.00  sec   438 KBytes  3.59 Mbits/sec  0.354 ms  0/4481 (0%)  
[  5]  86.00-87.00  sec   439 KBytes  3.60 Mbits/sec  0.308 ms  0/4499 (0%)  
[  5]  87.00-88.00  sec   441 KBytes  3.62 Mbits/sec  0.314 ms  0/4516 (0%)  
[  5]  88.00-89.00  sec   439 KBytes  3.60 Mbits/sec  0.366 ms  0/4496 (0%)  
[  5]  89.00-90.00  sec   436 KBytes  3.57 Mbits/sec  0.394 ms  0/4470 (0%)  
[  5]  90.00-91.00  sec   443 KBytes  3.63 Mbits/sec  0.338 ms  0/4536 (0%)  
[  5]  91.00-92.00  sec   439 KBytes  3.60 Mbits/sec  0.282 ms  0/4500 (0%)  
[  5]  92.00-93.00  sec   439 KBytes  3.60 Mbits/sec  0.325 ms  0/4499 (0%)  
[  5]  93.00-94.00  sec   439 KBytes  3.60 Mbits/sec  0.411 ms  0/4494 (0%)  
[  5]  94.00-95.00  sec   440 KBytes  3.60 Mbits/sec  0.318 ms  0/4505 (0%)  
[  5]  95.00-96.00  sec   440 KBytes  3.60 Mbits/sec  0.303 ms  0/4501 (0%)  
[  5]  96.00-97.00  sec   439 KBytes  3.60 Mbits/sec  0.369 ms  0/4495 (0%)  
[  5]  97.00-98.00  sec   440 KBytes  3.60 Mbits/sec  0.321 ms  0/4505 (0%)  
[  5]  98.00-99.00  sec   439 KBytes  3.60 Mbits/sec  0.306 ms  0/4495 (0%)  
[  5]  99.00-100.00 sec   440 KBytes  3.60 Mbits/sec  0.285 ms  0/4506 (0%)  
[  5] 100.00-101.00 sec   432 KBytes  3.54 Mbits/sec  0.315 ms  0/4425 (0%)  
[  5] 101.00-102.00 sec   394 KBytes  3.23 Mbits/sec  0.329 ms  0/4034 (0%)  
[  5] 102.00-103.00 sec   398 KBytes  3.26 Mbits/sec  0.417 ms  0/4075 (0%)  
[  5] 103.00-104.00 sec   396 KBytes  3.25 Mbits/sec  0.327 ms  0/4058 (0%)  
[  5] 104.00-105.00 sec   413 KBytes  3.38 Mbits/sec  0.324 ms  0/4225 (0%)  
[  5] 105.00-106.00 sec   445 KBytes  3.64 Mbits/sec  0.287 ms  0/4554 (0%)  
[  5] 106.00-107.00 sec   444 KBytes  3.64 Mbits/sec  0.339 ms  0/4547 (0%)  
[  5] 107.00-108.00 sec   430 KBytes  3.52 Mbits/sec  0.335 ms  0/4400 (0%)  
[  5] 108.00-109.00 sec   418 KBytes  3.42 Mbits/sec  0.325 ms  0/4280 (0%)  
[  5] 109.00-110.00 sec   425 KBytes  3.48 Mbits/sec  0.422 ms  0/4351 (0%)  
[  5] 110.00-111.00 sec   419 KBytes  3.43 Mbits/sec  0.334 ms  0/4289 (0%)  
[  5] 111.00-112.00 sec   426 KBytes  3.49 Mbits/sec  0.354 ms  0/4361 (0%)  
[  5] 112.00-113.00 sec   428 KBytes  3.50 Mbits/sec  0.297 ms  0/4379 (0%)  
[  5] 113.00-114.00 sec   429 KBytes  3.51 Mbits/sec  0.312 ms  0/4389 (0%)  
[  5] 114.00-115.00 sec   439 KBytes  3.60 Mbits/sec  0.316 ms  0/4494 (0%)  
[  5] 115.00-116.00 sec   439 KBytes  3.60 Mbits/sec  0.338 ms  0/4495 (0%)  
[  5] 116.00-117.00 sec   441 KBytes  3.61 Mbits/sec  0.336 ms  0/4511 (0%)  
[  5] 117.00-118.00 sec   441 KBytes  3.61 Mbits/sec  0.306 ms  0/4512 (0%)  
[  5] 118.00-119.00 sec   444 KBytes  3.64 Mbits/sec  0.301 ms  0/4547 (0%)  
[  5] 119.00-120.00 sec   433 KBytes  3.55 Mbits/sec  0.316 ms  0/4433 (0%)  
[  5] 120.00-121.00 sec   449 KBytes  3.67 Mbits/sec  0.301 ms  0/4593 (0%)  
[  5] 121.00-122.00 sec   436 KBytes  3.57 Mbits/sec  0.323 ms  0/4463 (0%)  
[  5] 122.00-123.00 sec   426 KBytes  3.49 Mbits/sec  0.323 ms  0/4366 (0%)  
[  5] 123.00-124.00 sec   394 KBytes  3.23 Mbits/sec  0.306 ms  0/4036 (0%)  
[  5] 124.00-125.00 sec   390 KBytes  3.20 Mbits/sec  0.361 ms  0/3997 (0%)  
[  5] 125.00-126.00 sec   399 KBytes  3.27 Mbits/sec  0.340 ms  0/4085 (0%)  
[  5] 126.00-127.00 sec   418 KBytes  3.42 Mbits/sec  0.288 ms  0/4276 (0%)  
[  5] 127.00-128.00 sec   445 KBytes  3.65 Mbits/sec  0.338 ms  0/4561 (0%)  
[  5] 128.00-129.00 sec   472 KBytes  3.87 Mbits/sec  0.301 ms  0/4831 (0%)  
[  5] 129.00-130.00 sec   470 KBytes  3.85 Mbits/sec  0.309 ms  0/4816 (0%)  
[  5] 130.00-131.00 sec   451 KBytes  3.69 Mbits/sec  0.323 ms  0/4615 (0%)  
[  5] 131.00-132.00 sec   456 KBytes  3.74 Mbits/sec  0.345 ms  0/4671 (0%)  
[  5] 132.00-133.00 sec   430 KBytes  3.52 Mbits/sec  0.360 ms  0/4406 (0%)  
[  5] 133.00-134.00 sec   426 KBytes  3.49 Mbits/sec  0.339 ms  0/4365 (0%)  
[  5] 134.00-135.00 sec   416 KBytes  3.41 Mbits/sec  0.402 ms  0/4263 (0%)  
[  5] 135.00-136.00 sec   394 KBytes  3.23 Mbits/sec  0.333 ms  0/4039 (0%)  
[  5] 136.00-137.00 sec   434 KBytes  3.55 Mbits/sec  0.336 ms  0/4443 (0%)  
[  5] 137.00-138.00 sec   461 KBytes  3.78 Mbits/sec  0.289 ms  0/4725 (0%)  
[  5] 138.00-139.00 sec   469 KBytes  3.84 Mbits/sec  0.283 ms  0/4803 (0%)  
[  5] 139.00-140.00 sec   470 KBytes  3.85 Mbits/sec  0.305 ms  0/4814 (0%)  
[  5] 140.00-141.00 sec   469 KBytes  3.84 Mbits/sec  0.333 ms  0/4804 (0%)  
[  5] 141.00-142.00 sec   463 KBytes  3.80 Mbits/sec  0.313 ms  0/4745 (0%)  
[  5] 142.00-143.00 sec   473 KBytes  3.88 Mbits/sec  0.300 ms  0/4848 (0%)  
[  5] 143.00-144.00 sec   470 KBytes  3.85 Mbits/sec  0.280 ms  0/4816 (0%)  
[  5] 144.00-145.00 sec   449 KBytes  3.68 Mbits/sec  0.294 ms  0/4598 (0%)  
[  5] 145.00-146.00 sec   419 KBytes  3.43 Mbits/sec  0.321 ms  0/4293 (0%)  
[  5] 146.00-147.00 sec   406 KBytes  3.33 Mbits/sec  0.349 ms  0/4161 (0%)  
[  5] 147.00-148.00 sec   422 KBytes  3.46 Mbits/sec  0.324 ms  0/4326 (0%)  
[  5] 148.00-149.00 sec   432 KBytes  3.54 Mbits/sec  0.284 ms  0/4428 (0%)  
[  5] 149.00-150.00 sec   464 KBytes  3.80 Mbits/sec  0.284 ms  0/4750 (0%)  
[  5] 150.00-151.00 sec   476 KBytes  3.90 Mbits/sec  0.306 ms  0/4877 (0%)  
[  5] 151.00-152.00 sec   473 KBytes  3.88 Mbits/sec  0.288 ms  0/4845 (0%)  
[  5] 152.00-153.00 sec   438 KBytes  3.59 Mbits/sec  0.309 ms  0/4487 (0%)  
[  5] 153.00-154.00 sec   459 KBytes  3.76 Mbits/sec  0.262 ms  0/4704 (0%)  
[  5] 154.00-155.00 sec   450 KBytes  3.68 Mbits/sec  0.321 ms  0/4603 (0%)  
[  5] 155.00-156.00 sec   459 KBytes  3.76 Mbits/sec  0.401 ms  0/4698 (0%)  
[  5] 156.00-157.00 sec   453 KBytes  3.71 Mbits/sec  0.289 ms  0/4640 (0%)  
[  5] 157.00-158.00 sec   452 KBytes  3.70 Mbits/sec  0.301 ms  0/4627 (0%)  
[  5] 158.00-159.00 sec   459 KBytes  3.76 Mbits/sec  0.330 ms  0/4705 (0%)  
[  5] 159.00-160.00 sec   466 KBytes  3.82 Mbits/sec  0.354 ms  0/4774 (0%)  
[  5] 160.00-161.00 sec   465 KBytes  3.81 Mbits/sec  0.365 ms  0/4761 (0%)  
[  5] 161.00-162.00 sec   454 KBytes  3.72 Mbits/sec  0.313 ms  0/4646 (0%)  
[  5] 162.00-163.00 sec   459 KBytes  3.76 Mbits/sec  0.367 ms  0/4705 (0%)  
[  5] 163.00-164.00 sec   452 KBytes  3.70 Mbits/sec  0.317 ms  0/4626 (0%)  
[  5] 164.00-165.00 sec   438 KBytes  3.59 Mbits/sec  0.314 ms  0/4487 (0%)  
[  5] 165.00-166.00 sec   441 KBytes  3.61 Mbits/sec  0.289 ms  0/4515 (0%)  
[  5] 166.00-167.00 sec   439 KBytes  3.60 Mbits/sec  0.291 ms  0/4499 (0%)  
[  5] 167.00-168.00 sec   402 KBytes  3.29 Mbits/sec  0.406 ms  0/4112 (0%)  
[  5] 168.00-169.00 sec   410 KBytes  3.36 Mbits/sec  0.325 ms  0/4196 (0%)  
[  5] 169.00-170.00 sec   435 KBytes  3.56 Mbits/sec  0.345 ms  0/4454 (0%)  
[  5] 170.00-171.00 sec   440 KBytes  3.60 Mbits/sec  0.306 ms  0/4501 (0%)  
[  5] 171.00-172.00 sec   436 KBytes  3.58 Mbits/sec  0.296 ms  0/4468 (0%)  
[  5] 172.00-173.00 sec   469 KBytes  3.84 Mbits/sec  0.319 ms  0/4805 (0%)  
[  5] 173.00-174.00 sec   474 KBytes  3.88 Mbits/sec  0.301 ms  0/4853 (0%)  
