Connecting to host 172.22.0.50, port 5202
Reverse mode, remote host 172.22.0.50 is sending
[  5] local 192.168.102.2 port 44314 connected to 172.22.0.50 port 5202
[ ID] Interval           Transfer     Bitrate         Jitter    Lost/Total Datagrams
[  5]   0.00-1.00   sec   272 KBytes  2.23 Mbits/sec  0.438 ms  0/2787 (0%)  
[  5]   1.00-2.00   sec   300 KBytes  2.46 Mbits/sec  0.383 ms  0/3075 (0%)  
[  5]   2.00-3.00   sec   284 KBytes  2.33 Mbits/sec  0.373 ms  0/2908 (0%)  
[  5]   3.00-4.00   sec   309 KBytes  2.53 Mbits/sec  0.318 ms  0/3163 (0%)  
[  5]   4.00-5.00   sec   327 KBytes  2.68 Mbits/sec  0.309 ms  0/3352 (0%)  
[  5]   5.00-6.00   sec   315 KBytes  2.58 Mbits/sec  0.368 ms  0/3227 (0%)  
[  5]   6.00-7.00   sec   324 KBytes  2.65 Mbits/sec  0.388 ms  0/3314 (0%)  
[  5]   7.00-8.00   sec   329 KBytes  2.69 Mbits/sec  0.343 ms  0/3365 (0%)  
[  5]   8.00-9.00   sec   337 KBytes  2.76 Mbits/sec  0.389 ms  0/3447 (0%)  
[  5]   9.00-10.00  sec   343 KBytes  2.80 Mbits/sec  0.411 ms  0/3508 (0%)  
[  5]  10.00-11.00  sec   334 KBytes  2.74 Mbits/sec  0.425 ms  0/3419 (0%)  
[  5]  11.00-12.00  sec   308 KBytes  2.52 Mbits/sec  0.336 ms  0/3150 (0%)  
[  5]  12.00-13.00  sec   317 KBytes  2.59 Mbits/sec  0.342 ms  0/3246 (0%)  
[  5]  13.00-14.00  sec   323 KBytes  2.65 Mbits/sec  0.455 ms  0/3306 (0%)  
[  5]  14.00-15.00  sec   322 KBytes  2.64 Mbits/sec  0.339 ms  0/3295 (0%)  
[  5]  15.00-16.00  sec   317 KBytes  2.60 Mbits/sec  0.326 ms  0/3246 (0%)  
[  5]  16.00-17.00  sec   334 KBytes  2.74 Mbits/sec  0.431 ms  0/3421 (0%)  
[  5]  17.00-18.00  sec   309 KBytes  2.53 Mbits/sec  0.378 ms  0/3162 (0%)  
[  5]  18.00-19.00  sec   323 KBytes  2.64 Mbits/sec  0.365 ms  0/3305 (0%)  
[  5]  19.00-20.00  sec   325 KBytes  2.66 Mbits/sec  0.376 ms  0/3328 (0%)  
[  5]  20.00-21.00  sec   332 KBytes  2.72 Mbits/sec  0.397 ms  0/3402 (0%)  
[  5]  21.00-22.00  sec   333 KBytes  2.73 Mbits/sec  0.360 ms  0/3415 (0%)  
[  5]  22.00-23.00  sec   331 KBytes  2.71 Mbits/sec  0.396 ms  0/3387 (0%)  
[  5]  23.00-24.00  sec   331 KBytes  2.72 Mbits/sec  0.331 ms  0/3394 (0%)  
[  5]  24.00-25.00  sec   337 KBytes  2.76 Mbits/sec  0.373 ms  0/3447 (0%)  
[  5]  25.00-26.00  sec   331 KBytes  2.71 Mbits/sec  0.337 ms  0/3392 (0%)  
[  5]  26.00-27.00  sec   279 KBytes  2.28 Mbits/sec  0.363 ms  0/2852 (0%)  
[  5]  27.00-28.00  sec   288 KBytes  2.36 Mbits/sec  0.408 ms  0/2954 (0%)  
[  5]  28.00-29.00  sec   311 KBytes  2.55 Mbits/sec  0.363 ms  0/3185 (0%)  
[  5]  29.00-30.00  sec   295 KBytes  2.42 Mbits/sec  0.356 ms  0/3025 (0%)  
[  5]  30.00-31.00  sec   326 KBytes  2.67 Mbits/sec  0.322 ms  0/3338 (0%)  
[  5]  31.00-32.00  sec   328 KBytes  2.69 Mbits/sec  0.416 ms  0/3360 (0%)  
[  5]  32.00-33.00  sec   302 KBytes  2.47 Mbits/sec  0.415 ms  0/3091 (0%)  
[  5]  33.00-34.00  sec   321 KBytes  2.63 Mbits/sec  0.430 ms  0/3283 (0%)  
[  5]  34.00-35.00  sec   336 KBytes  2.75 Mbits/sec  0.320 ms  0/3442 (0%)  
[  5]  35.00-36.00  sec   325 KBytes  2.66 Mbits/sec  0.335 ms  0/3323 (0%)  
[  5]  36.00-37.00  sec   323 KBytes  2.64 Mbits/sec  0.370 ms  0/3306 (0%)  
[  5]  37.00-38.00  sec   299 KBytes  2.44 Mbits/sec  0.414 ms  0/3058 (0%)  
[  5]  38.00-39.00  sec   280 KBytes  2.30 Mbits/sec  0.442 ms  0/2871 (0%)  
[  5]  39.00-40.00  sec   291 KBytes  2.39 Mbits/sec  0.434 ms  0/2983 (0%)  
[  5]  40.00-41.00  sec   299 KBytes  2.45 Mbits/sec  0.403 ms  0/3060 (0%)  
[  5]  41.00-42.00  sec   317 KBytes  2.60 Mbits/sec  0.373 ms  0/3244 (0%)  
[  5]  42.00-43.00  sec   329 KBytes  2.70 Mbits/sec  0.345 ms  0/3371 (0%)  
[  5]  43.00-44.00  sec   320 KBytes  2.62 Mbits/sec  0.389 ms  0/3281 (0%)  
[  5]  44.00-45.00  sec   317 KBytes  2.59 Mbits/sec  0.378 ms  0/3241 (0%)  
[  5]  45.00-46.00  sec   341 KBytes  2.79 Mbits/sec  0.379 ms  0/3488 (0%)  
[  5]  46.00-47.00  sec   325 KBytes  2.66 Mbits/sec  0.378 ms  0/3325 (0%)  
[  5]  47.00-48.00  sec   283 KBytes  2.32 Mbits/sec  0.385 ms  0/2902 (0%)  
[  5]  48.00-49.00  sec   322 KBytes  2.63 Mbits/sec  0.397 ms  0/3293 (0%)  
[  5]  49.00-50.00  sec   333 KBytes  2.73 Mbits/sec  0.338 ms  0/3414 (0%)  
[  5]  50.00-51.00  sec   326 KBytes  2.67 Mbits/sec  0.346 ms  0/3338 (0%)  
[  5]  51.00-52.00  sec   331 KBytes  2.71 Mbits/sec  0.375 ms  0/3392 (0%)  
[  5]  52.00-53.00  sec   336 KBytes  2.75 Mbits/sec  0.308 ms  0/3443 (0%)  
[  5]  53.00-54.00  sec   325 KBytes  2.66 Mbits/sec  0.351 ms  0/3323 (0%)  
[  5]  54.00-55.00  sec   322 KBytes  2.64 Mbits/sec  0.342 ms  0/3296 (0%)  
[  5]  55.00-56.00  sec   325 KBytes  2.66 Mbits/sec  0.352 ms  0/3324 (0%)  
[  5]  56.00-57.00  sec   317 KBytes  2.60 Mbits/sec  0.337 ms  0/3246 (0%)  
[  5]  57.00-58.00  sec   337 KBytes  2.76 Mbits/sec  0.391 ms  0/3448 (0%)  
[  5]  58.00-59.00  sec   327 KBytes  2.68 Mbits/sec  0.391 ms  0/3350 (0%)  
[  5]  59.00-60.00  sec   288 KBytes  2.36 Mbits/sec  0.510 ms  0/2954 (0%)  
[  5]  60.00-61.00  sec   309 KBytes  2.53 Mbits/sec  0.447 ms  0/3168 (0%)  
[  5]  61.00-62.00  sec   307 KBytes  2.51 Mbits/sec  0.430 ms  0/3140 (0%)  
[  5]  62.00-63.00  sec   330 KBytes  2.71 Mbits/sec  0.409 ms  0/3387 (0%)  
[  5]  63.00-64.00  sec   330 KBytes  2.70 Mbits/sec  0.425 ms  0/3379 (0%)  
[  5]  64.00-65.00  sec   329 KBytes  2.70 Mbits/sec  0.390 ms  0/3369 (0%)  
[  5]  65.00-66.00  sec   317 KBytes  2.59 Mbits/sec  0.419 ms  0/3241 (0%)  
[  5]  66.00-67.00  sec   304 KBytes  2.49 Mbits/sec  0.483 ms  0/3114 (0%)  
[  5]  67.00-68.00  sec   296 KBytes  2.42 Mbits/sec  0.341 ms  0/3026 (0%)  
[  5]  68.00-69.00  sec   292 KBytes  2.39 Mbits/sec  0.395 ms  0/2989 (0%)  
[  5]  69.00-70.00  sec   291 KBytes  2.38 Mbits/sec  0.422 ms  0/2975 (0%)  
[  5]  70.00-71.00  sec   325 KBytes  2.67 Mbits/sec  0.400 ms  0/3333 (0%)  
[  5]  71.00-72.00  sec   325 KBytes  2.67 Mbits/sec  0.327 ms  0/3333 (0%)  
[  5]  72.00-73.00  sec   319 KBytes  2.61 Mbits/sec  0.371 ms  0/3269 (0%)  
[  5]  73.00-74.00  sec   323 KBytes  2.64 Mbits/sec  0.426 ms  0/3306 (0%)  
[  5]  74.00-75.00  sec   309 KBytes  2.53 Mbits/sec  0.395 ms  0/3167 (0%)  
[  5]  75.00-76.00  sec   315 KBytes  2.58 Mbits/sec  0.482 ms  0/3228 (0%)  
[  5]  76.00-77.00  sec   326 KBytes  2.67 Mbits/sec  0.348 ms  0/3336 (0%)  
[  5]  77.00-78.00  sec   319 KBytes  2.61 Mbits/sec  0.382 ms  0/3265 (0%)  
[  5]  78.00-79.00  sec   320 KBytes  2.62 Mbits/sec  0.387 ms  0/3274 (0%)  
[  5]  79.00-80.00  sec   319 KBytes  2.61 Mbits/sec  0.355 ms  0/3263 (0%)  
[  5]  80.00-81.00  sec   282 KBytes  2.31 Mbits/sec  0.377 ms  0/2885 (0%)  
[  5]  81.00-82.00  sec   277 KBytes  2.27 Mbits/sec  0.452 ms  0/2833 (0%)  
[  5]  82.00-83.00  sec   275 KBytes  2.25 Mbits/sec  0.402 ms  0/2817 (0%)  
[  5]  83.00-84.00  sec   264 KBytes  2.16 Mbits/sec  0.568 ms  0/2706 (0%)  
[  5]  84.00-85.00  sec   300 KBytes  2.46 Mbits/sec  0.366 ms  0/3071 (0%)  
[  5]  85.00-86.00  sec   217 KBytes  1.78 Mbits/sec  0.288 ms  625/2845 (22%)  
[  5]  86.00-87.00  sec   169 KBytes  1.38 Mbits/sec  0.230 ms  1771/3501 (51%)  
[  5]  87.00-88.00  sec   146 KBytes  1.19 Mbits/sec  0.213 ms  931/2422 (38%)  
[  5]  88.00-89.00  sec   179 KBytes  1.47 Mbits/sec  0.219 ms  1128/2962 (38%)  
[  5]  89.00-90.00  sec   229 KBytes  1.88 Mbits/sec  0.220 ms  1016/3360 (30%)  
[  5]  90.00-91.00  sec   261 KBytes  2.14 Mbits/sec  0.398 ms  921/3595 (26%)  
[  5]  91.00-92.00  sec   202 KBytes  1.66 Mbits/sec  0.247 ms  1231/3302 (37%)  
[  5]  92.00-93.00  sec   263 KBytes  2.15 Mbits/sec  0.242 ms  1208/3899 (31%)  
[  5]  93.00-94.00  sec   210 KBytes  1.72 Mbits/sec  0.234 ms  1409/3563 (40%)  
[  5]  94.00-95.00  sec   187 KBytes  1.53 Mbits/sec  0.280 ms  1259/3170 (40%)  
[  5]  95.00-96.00  sec   175 KBytes  1.43 Mbits/sec  0.224 ms  1348/3136 (43%)  
[  5]  96.00-97.00  sec   221 KBytes  1.81 Mbits/sec  0.224 ms  1448/3706 (39%)  
[  5]  97.00-98.00  sec   194 KBytes  1.59 Mbits/sec  0.215 ms  1160/3146 (37%)  
[  5]  98.00-99.00  sec   203 KBytes  1.66 Mbits/sec  0.234 ms  1162/3236 (36%)  
[  5]  99.00-100.00 sec   193 KBytes  1.58 Mbits/sec  0.217 ms  1251/3225 (39%)  
[  5] 100.00-101.00 sec   205 KBytes  1.68 Mbits/sec  0.220 ms  1042/3146 (33%)  
[  5] 101.00-102.00 sec   246 KBytes  2.02 Mbits/sec  0.229 ms  1363/3887 (35%)  
[  5] 102.00-103.00 sec   233 KBytes  1.91 Mbits/sec  0.521 ms  1534/3924 (39%)  
[  5] 103.00-104.00 sec   267 KBytes  2.19 Mbits/sec  0.218 ms  1221/3956 (31%)  
[  5] 104.00-105.00 sec   234 KBytes  1.92 Mbits/sec  0.219 ms  953/3351 (28%)  
[  5] 105.00-106.00 sec   281 KBytes  2.30 Mbits/sec  0.217 ms  986/3861 (26%)  
[  5] 106.00-107.00 sec   248 KBytes  2.03 Mbits/sec  0.250 ms  1303/3844 (34%)  
[  5] 107.00-108.00 sec   249 KBytes  2.04 Mbits/sec  0.219 ms  1341/3887 (34%)  
[  5] 108.00-109.00 sec   265 KBytes  2.18 Mbits/sec  0.209 ms  1060/3778 (28%)  
[  5] 109.00-110.00 sec   325 KBytes  2.66 Mbits/sec  0.200 ms  1332/4663 (29%)  
[  5] 110.00-111.00 sec   305 KBytes  2.50 Mbits/sec  0.227 ms  2052/5179 (40%)  
[  5] 111.00-112.00 sec   324 KBytes  2.66 Mbits/sec  0.211 ms  2039/5359 (38%)  
[  5] 112.00-113.00 sec   260 KBytes  2.13 Mbits/sec  0.219 ms  1814/4480 (40%)  
[  5] 113.00-114.00 sec   241 KBytes  1.98 Mbits/sec  0.218 ms  1964/4433 (44%)  
[  5] 114.00-115.00 sec   272 KBytes  2.22 Mbits/sec  0.284 ms  1296/4079 (32%)  
[  5] 115.00-116.00 sec   313 KBytes  2.56 Mbits/sec  0.595 ms  2825/6027 (47%)  
[  5] 116.00-117.00 sec   243 KBytes  1.99 Mbits/sec  0.225 ms  3448/5941 (58%)  
[  5] 117.00-118.00 sec   248 KBytes  2.04 Mbits/sec  0.192 ms  2379/4920 (48%)  
[  5] 118.00-119.00 sec   254 KBytes  2.08 Mbits/sec  0.207 ms  2657/5262 (50%)  
[  5] 119.00-120.00 sec   317 KBytes  2.59 Mbits/sec  0.223 ms  2711/5953 (46%)  
[  5] 120.00-121.00 sec   269 KBytes  2.20 Mbits/sec  0.233 ms  1865/4617 (40%)  
[  5] 121.00-122.00 sec   321 KBytes  2.63 Mbits/sec  0.227 ms  2685/5969 (45%)  
[  5] 122.00-123.00 sec   271 KBytes  2.22 Mbits/sec  0.241 ms  2939/5710 (51%)  
[  5] 123.00-124.00 sec   305 KBytes  2.49 Mbits/sec  2.525 ms  3845/6964 (55%)  
[  5] 124.00-125.00 sec   272 KBytes  2.23 Mbits/sec  0.218 ms  2202/4989 (44%)  
[  5] 125.00-126.00 sec   266 KBytes  2.17 Mbits/sec  0.216 ms  2791/5511 (51%)  
[  5] 126.00-127.00 sec   248 KBytes  2.03 Mbits/sec  0.158 ms  3076/5613 (55%)  
[  5] 127.00-128.00 sec   253 KBytes  2.08 Mbits/sec  0.214 ms  2218/4812 (46%)  
[  5] 128.00-129.00 sec   271 KBytes  2.22 Mbits/sec  0.219 ms  1685/4464 (38%)  
[  5] 129.00-130.00 sec   251 KBytes  2.06 Mbits/sec  0.220 ms  2142/4716 (45%)  
[  5] 130.00-131.00 sec   244 KBytes  2.00 Mbits/sec  1.598 ms  2567/5067 (51%)  
[  5] 131.00-132.00 sec   248 KBytes  2.03 Mbits/sec  6.567 ms  2059/4598 (45%)  
[  5] 132.00-133.00 sec   293 KBytes  2.40 Mbits/sec  0.257 ms  2171/5174 (42%)  
[  5] 133.00-134.00 sec   260 KBytes  2.13 Mbits/sec  0.225 ms  1930/4595 (42%)  
[  5] 134.00-135.00 sec   199 KBytes  1.63 Mbits/sec  0.217 ms  1613/3649 (44%)  
[  5] 135.00-136.00 sec   247 KBytes  2.02 Mbits/sec  0.216 ms  1356/3886 (35%)  
[  5] 136.00-137.00 sec   313 KBytes  2.57 Mbits/sec  0.238 ms  1447/4654 (31%)  
[  5] 137.00-138.00 sec   272 KBytes  2.23 Mbits/sec  0.234 ms  1136/3919 (29%)  
[  5] 138.00-139.00 sec   290 KBytes  2.38 Mbits/sec  0.218 ms  1700/4669 (36%)  
[  5] 139.00-140.00 sec   279 KBytes  2.28 Mbits/sec  0.229 ms  1645/4500 (37%)  
[  5] 140.00-141.00 sec   195 KBytes  1.60 Mbits/sec  0.338 ms  1736/3731 (47%)  
[  5] 141.00-142.00 sec   241 KBytes  1.97 Mbits/sec  0.222 ms  1450/3913 (37%)  
[  5] 142.00-143.00 sec   309 KBytes  2.54 Mbits/sec  0.218 ms  2216/5383 (41%)  
[  5] 143.00-144.00 sec   272 KBytes  2.23 Mbits/sec  2.266 ms  1756/4542 (39%)  
[  5] 144.00-145.00 sec   310 KBytes  2.54 Mbits/sec  0.318 ms  1836/5011 (37%)  
[  5] 145.00-146.00 sec   364 KBytes  2.98 Mbits/sec  0.216 ms  1841/5567 (33%)  
[  5] 146.00-147.00 sec   317 KBytes  2.60 Mbits/sec  0.214 ms  1395/4641 (30%)  
[  5] 147.00-148.00 sec   312 KBytes  2.56 Mbits/sec  0.219 ms  1800/4997 (36%)  
[  5] 148.00-149.00 sec   312 KBytes  2.55 Mbits/sec  0.289 ms  1897/5089 (37%)  
[  5] 149.00-150.00 sec   258 KBytes  2.12 Mbits/sec  0.219 ms  1405/4051 (35%)  
[  5] 150.00-151.00 sec   269 KBytes  2.20 Mbits/sec  0.230 ms  1260/4017 (31%)  
[  5] 151.00-152.00 sec   177 KBytes  1.45 Mbits/sec  0.217 ms  1897/3709 (51%)  
[  5] 152.00-153.00 sec   175 KBytes  1.43 Mbits/sec  0.299 ms  1602/3390 (47%)  
[  5] 153.00-154.00 sec   222 KBytes  1.82 Mbits/sec  0.221 ms  2593/4871 (53%)  
[  5] 154.00-155.00 sec   290 KBytes  2.38 Mbits/sec  0.220 ms  2311/5284 (44%)  
[  5] 155.00-156.00 sec   310 KBytes  2.54 Mbits/sec  0.216 ms  2163/5342 (40%)  
[  5] 156.00-157.00 sec   360 KBytes  2.95 Mbits/sec  0.220 ms  1977/5667 (35%)  
[  5] 157.00-158.00 sec   311 KBytes  2.54 Mbits/sec  0.340 ms  1927/5107 (38%)  
[  5] 158.00-159.00 sec   287 KBytes  2.35 Mbits/sec  0.217 ms  1559/4495 (35%)  
[  5] 159.00-160.00 sec   248 KBytes  2.03 Mbits/sec  0.258 ms  2183/4718 (46%)  
[  5] 160.00-161.00 sec   269 KBytes  2.20 Mbits/sec  0.274 ms  2060/4810 (43%)  
[  5] 161.00-162.00 sec   201 KBytes  1.64 Mbits/sec  0.244 ms  1190/3246 (37%)  
[  5] 162.00-163.00 sec   194 KBytes  1.58 Mbits/sec  0.231 ms  1512/3494 (43%)  
[  5] 163.00-164.00 sec   207 KBytes  1.70 Mbits/sec  0.292 ms  1698/3818 (44%)  
[  5] 164.00-165.00 sec   191 KBytes  1.57 Mbits/sec  0.254 ms  1233/3190 (39%)  
[  5] 165.00-166.00 sec   211 KBytes  1.73 Mbits/sec  0.196 ms  1571/3736 (42%)  
[  5] 166.00-167.00 sec   265 KBytes  2.17 Mbits/sec  0.315 ms  1673/4387 (38%)  
[  5] 167.00-168.00 sec   275 KBytes  2.25 Mbits/sec  0.224 ms  2501/5320 (47%)  
[  5] 168.00-169.00 sec   312 KBytes  2.56 Mbits/sec  0.216 ms  1628/4826 (34%)  
[  5] 169.00-170.00 sec   272 KBytes  2.23 Mbits/sec  0.242 ms  1170/3953 (30%)  
[  5] 170.00-171.00 sec   318 KBytes  2.60 Mbits/sec  0.219 ms  1339/4593 (29%)  
[  5] 171.00-172.00 sec   298 KBytes  2.45 Mbits/sec  0.218 ms  1475/4531 (33%)  
[  5] 172.00-173.00 sec   233 KBytes  1.91 Mbits/sec  0.393 ms  885/3270 (27%)  
[  5] 173.00-174.00 sec   312 KBytes  2.55 Mbits/sec  0.219 ms  1121/4313 (26%)  
[  5] 174.00-175.00 sec   236 KBytes  1.93 Mbits/sec  0.282 ms  1310/3729 (35%)  
[  5] 175.00-176.00 sec   272 KBytes  2.23 Mbits/sec  0.214 ms  1192/3975 (30%)  
[  5] 176.00-177.00 sec   230 KBytes  1.88 Mbits/sec  0.240 ms  1783/4135 (43%)  
[  5] 177.00-178.00 sec   269 KBytes  2.20 Mbits/sec  0.227 ms  1516/4273 (35%)  
[  5] 178.00-179.00 sec   317 KBytes  2.60 Mbits/sec  0.217 ms  3269/6514 (50%)  
[  5] 179.00-180.01 sec   320 KBytes  2.61 Mbits/sec  0.223 ms  2894/6171 (47%)  
