Connecting to host 172.22.0.50, port 5203
Reverse mode, remote host 172.22.0.50 is sending
[  5] local 192.168.200.2 port 59890 connected to 172.22.0.50 port 5203
[ ID] Interval           Transfer     Bitrate         Jitter    Lost/Total Datagrams
[  5]   0.00-1.00   sec   181 KBytes  1.48 Mbits/sec  0.456 ms  0/2319 (0%)  
[  5]   1.00-2.00   sec   257 KBytes  2.10 Mbits/sec  0.406 ms  0/3286 (0%)  
[  5]   2.00-3.00   sec   274 KBytes  2.24 Mbits/sec  0.340 ms  0/3504 (0%)  
[  5]   3.00-4.00   sec   276 KBytes  2.26 Mbits/sec  0.305 ms  0/3532 (0%)  
[  5]   4.00-5.00   sec   274 KBytes  2.24 Mbits/sec  0.371 ms  0/3508 (0%)  
[  5]   5.00-6.00   sec   271 KBytes  2.22 Mbits/sec  0.349 ms  0/3474 (0%)  
[  5]   6.00-7.00   sec   277 KBytes  2.27 Mbits/sec  0.372 ms  0/3540 (0%)  
[  5]   7.00-8.00   sec   276 KBytes  2.26 Mbits/sec  0.380 ms  0/3536 (0%)  
[  5]   8.00-9.00   sec   274 KBytes  2.25 Mbits/sec  0.325 ms  0/3513 (0%)  
[  5]   9.00-10.00  sec   272 KBytes  2.23 Mbits/sec  0.383 ms  0/3483 (0%)  
[  5]  10.00-11.00  sec   276 KBytes  2.26 Mbits/sec  0.397 ms  0/3531 (0%)  
[  5]  11.00-12.00  sec   274 KBytes  2.24 Mbits/sec  0.375 ms  0/3504 (0%)  
[  5]  12.00-13.00  sec   277 KBytes  2.27 Mbits/sec  0.342 ms  0/3544 (0%)  
[  5]  13.00-14.00  sec   280 KBytes  2.30 Mbits/sec  0.429 ms  0/3587 (0%)  
[  5]  14.00-15.00  sec   278 KBytes  2.27 Mbits/sec  0.400 ms  0/3553 (0%)  
[  5]  15.00-16.00  sec   279 KBytes  2.29 Mbits/sec  0.365 ms  0/3576 (0%)  
[  5]  16.00-17.00  sec   281 KBytes  2.30 Mbits/sec  0.358 ms  0/3594 (0%)  
[  5]  17.00-18.00  sec   262 KBytes  2.14 Mbits/sec  0.378 ms  0/3348 (0%)  
[  5]  18.00-19.00  sec   261 KBytes  2.14 Mbits/sec  0.347 ms  0/3339 (0%)  
[  5]  19.00-20.00  sec   271 KBytes  2.22 Mbits/sec  0.376 ms  0/3467 (0%)  
[  5]  20.00-21.00  sec   277 KBytes  2.27 Mbits/sec  0.365 ms  0/3541 (0%)  
[  5]  21.00-22.00  sec   271 KBytes  2.22 Mbits/sec  0.375 ms  0/3473 (0%)  
[  5]  22.00-23.00  sec   265 KBytes  2.17 Mbits/sec  0.421 ms  0/3389 (0%)  
[  5]  23.00-24.00  sec   275 KBytes  2.26 Mbits/sec  0.430 ms  0/3526 (0%)  
[  5]  24.00-25.00  sec   277 KBytes  2.27 Mbits/sec  0.389 ms  0/3549 (0%)  
[  5]  25.00-26.00  sec   274 KBytes  2.25 Mbits/sec  0.351 ms  0/3513 (0%)  
[  5]  26.00-27.00  sec   252 KBytes  2.06 Mbits/sec  0.391 ms  0/3222 (0%)  
[  5]  27.00-28.00  sec   256 KBytes  2.10 Mbits/sec  0.360 ms  0/3278 (0%)  
[  5]  28.00-29.00  sec   277 KBytes  2.27 Mbits/sec  0.365 ms  0/3547 (0%)  
[  5]  29.00-30.00  sec   269 KBytes  2.21 Mbits/sec  0.440 ms  0/3447 (0%)  
[  5]  30.00-31.00  sec   274 KBytes  2.25 Mbits/sec  0.420 ms  0/3508 (0%)  
[  5]  31.00-32.00  sec   273 KBytes  2.24 Mbits/sec  0.421 ms  0/3500 (0%)  
[  5]  32.00-33.00  sec   267 KBytes  2.18 Mbits/sec  0.376 ms  0/3414 (0%)  
[  5]  33.00-34.00  sec   263 KBytes  2.15 Mbits/sec  0.353 ms  0/3365 (0%)  
[  5]  34.00-35.00  sec   275 KBytes  2.25 Mbits/sec  0.428 ms  0/3520 (0%)  
[  5]  35.00-36.00  sec   278 KBytes  2.27 Mbits/sec  0.368 ms  0/3553 (0%)  
[  5]  36.00-37.00  sec   272 KBytes  2.23 Mbits/sec  0.422 ms  0/3477 (0%)  
[  5]  37.00-38.00  sec   249 KBytes  2.04 Mbits/sec  0.418 ms  0/3191 (0%)  
[  5]  38.00-39.00  sec   259 KBytes  2.12 Mbits/sec  0.343 ms  0/3319 (0%)  
[  5]  39.00-40.00  sec   274 KBytes  2.25 Mbits/sec  0.401 ms  0/3510 (0%)  
[  5]  40.00-41.00  sec   281 KBytes  2.30 Mbits/sec  0.467 ms  0/3599 (0%)  
[  5]  41.00-42.00  sec   275 KBytes  2.25 Mbits/sec  0.361 ms  0/3521 (0%)  
[  5]  42.00-43.00  sec   262 KBytes  2.14 Mbits/sec  0.362 ms  0/3348 (0%)  
[  5]  43.00-44.00  sec   265 KBytes  2.17 Mbits/sec  0.382 ms  0/3396 (0%)  
[  5]  44.00-45.00  sec   257 KBytes  2.11 Mbits/sec  0.462 ms  0/3295 (0%)  
[  5]  45.00-46.00  sec   250 KBytes  2.05 Mbits/sec  0.385 ms  0/3203 (0%)  
[  5]  46.00-47.00  sec   259 KBytes  2.12 Mbits/sec  0.486 ms  0/3317 (0%)  
[  5]  47.00-48.00  sec   243 KBytes  1.99 Mbits/sec  0.396 ms  0/3108 (0%)  
[  5]  48.00-49.00  sec   269 KBytes  2.21 Mbits/sec  0.397 ms  0/3447 (0%)  
[  5]  49.00-50.00  sec   278 KBytes  2.27 Mbits/sec  0.372 ms  0/3553 (0%)  
[  5]  50.00-51.00  sec   278 KBytes  2.27 Mbits/sec  0.359 ms  0/3555 (0%)  
[  5]  51.00-52.00  sec   273 KBytes  2.24 Mbits/sec  0.402 ms  0/3499 (0%)  
[  5]  52.00-53.00  sec   274 KBytes  2.25 Mbits/sec  0.355 ms  0/3509 (0%)  
[  5]  53.00-54.00  sec   264 KBytes  2.17 Mbits/sec  0.378 ms  0/3383 (0%)  
[  5]  54.00-55.00  sec   277 KBytes  2.27 Mbits/sec  0.367 ms  0/3540 (0%)  
[  5]  55.00-56.00  sec   272 KBytes  2.23 Mbits/sec  0.408 ms  0/3478 (0%)  
[  5]  56.00-57.00  sec   273 KBytes  2.23 Mbits/sec  0.336 ms  0/3491 (0%)  
[  5]  57.00-58.00  sec   257 KBytes  2.10 Mbits/sec  0.351 ms  0/3284 (0%)  
[  5]  58.00-59.00  sec   262 KBytes  2.14 Mbits/sec  0.381 ms  0/3348 (0%)  
[  5]  59.00-60.00  sec   267 KBytes  2.19 Mbits/sec  0.358 ms  0/3419 (0%)  
[  5]  60.00-61.00  sec   275 KBytes  2.25 Mbits/sec  0.366 ms  0/3522 (0%)  
[  5]  61.00-62.00  sec   274 KBytes  2.24 Mbits/sec  0.434 ms  0/3501 (0%)  
[  5]  62.00-63.00  sec   264 KBytes  2.16 Mbits/sec  0.416 ms  0/3378 (0%)  
[  5]  63.00-64.00  sec   259 KBytes  2.12 Mbits/sec  0.365 ms  0/3320 (0%)  
[  5]  64.00-65.00  sec   261 KBytes  2.14 Mbits/sec  0.484 ms  0/3340 (0%)  
[  5]  65.00-66.00  sec   249 KBytes  2.04 Mbits/sec  0.440 ms  0/3185 (0%)  
[  5]  66.00-67.00  sec   257 KBytes  2.11 Mbits/sec  0.474 ms  0/3290 (0%)  
[  5]  67.00-68.00  sec   245 KBytes  2.01 Mbits/sec  0.331 ms  0/3135 (0%)  
[  5]  68.00-69.00  sec   266 KBytes  2.18 Mbits/sec  0.472 ms  0/3407 (0%)  
[  5]  69.00-70.00  sec   269 KBytes  2.21 Mbits/sec  0.346 ms  0/3449 (0%)  
[  5]  70.00-71.00  sec   270 KBytes  2.21 Mbits/sec  0.440 ms  0/3457 (0%)  
[  5]  71.00-72.00  sec   281 KBytes  2.30 Mbits/sec  0.388 ms  0/3593 (0%)  
[  5]  72.00-73.00  sec   280 KBytes  2.29 Mbits/sec  0.372 ms  0/3580 (0%)  
[  5]  73.00-74.00  sec   280 KBytes  2.30 Mbits/sec  0.347 ms  0/3590 (0%)  
[  5]  74.00-75.00  sec   265 KBytes  2.17 Mbits/sec  0.423 ms  0/3389 (0%)  
[  5]  75.00-76.00  sec   270 KBytes  2.21 Mbits/sec  0.446 ms  0/3451 (0%)  
[  5]  76.00-77.00  sec   271 KBytes  2.22 Mbits/sec  0.381 ms  0/3475 (0%)  
[  5]  77.00-78.00  sec   253 KBytes  2.07 Mbits/sec  0.463 ms  0/3241 (0%)  
[  5]  78.00-79.00  sec   247 KBytes  2.03 Mbits/sec  0.346 ms  0/3167 (0%)  
[  5]  79.00-80.00  sec   252 KBytes  2.07 Mbits/sec  0.390 ms  0/3232 (0%)  
[  5]  80.00-81.00  sec   272 KBytes  2.23 Mbits/sec  0.353 ms  0/3477 (0%)  
[  5]  81.00-82.00  sec   276 KBytes  2.26 Mbits/sec  0.366 ms  0/3535 (0%)  
[  5]  82.00-83.00  sec   280 KBytes  2.30 Mbits/sec  0.377 ms  0/3590 (0%)  
[  5]  83.00-84.00  sec   258 KBytes  2.11 Mbits/sec  0.433 ms  0/3299 (0%)  
[  5]  84.00-85.00  sec   266 KBytes  2.18 Mbits/sec  0.432 ms  0/3406 (0%)  
[  5]  85.00-86.00  sec   260 KBytes  2.13 Mbits/sec  0.376 ms  0/3328 (0%)  
[  5]  86.00-87.00  sec   266 KBytes  2.18 Mbits/sec  0.355 ms  0/3402 (0%)  
[  5]  87.00-88.00  sec   272 KBytes  2.23 Mbits/sec  0.406 ms  0/3477 (0%)  
[  5]  88.00-89.00  sec   277 KBytes  2.27 Mbits/sec  0.384 ms  0/3549 (0%)  
[  5]  89.00-90.00  sec   279 KBytes  2.29 Mbits/sec  0.421 ms  0/3573 (0%)  
[  5]  90.00-91.00  sec   282 KBytes  2.31 Mbits/sec  0.355 ms  0/3611 (0%)  
[  5]  91.00-92.00  sec   279 KBytes  2.29 Mbits/sec  0.362 ms  0/3573 (0%)  
[  5]  92.00-93.00  sec   276 KBytes  2.26 Mbits/sec  0.363 ms  0/3534 (0%)  
[  5]  93.00-94.00  sec   279 KBytes  2.29 Mbits/sec  0.398 ms  0/3577 (0%)  
[  5]  94.00-95.00  sec   268 KBytes  2.19 Mbits/sec  0.371 ms  0/3424 (0%)  
[  5]  95.00-96.00  sec   277 KBytes  2.27 Mbits/sec  0.452 ms  0/3541 (0%)  
[  5]  96.00-97.00  sec   273 KBytes  2.24 Mbits/sec  0.359 ms  0/3498 (0%)  
[  5]  97.00-98.00  sec   275 KBytes  2.26 Mbits/sec  0.398 ms  0/3524 (0%)  
[  5]  98.00-99.00  sec   243 KBytes  1.99 Mbits/sec  0.407 ms  0/3108 (0%)  
[  5]  99.00-100.00 sec   244 KBytes  2.00 Mbits/sec  0.394 ms  0/3124 (0%)  
[  5] 100.00-101.00 sec   254 KBytes  2.08 Mbits/sec  0.372 ms  0/3249 (0%)  
[  5] 101.00-102.00 sec   276 KBytes  2.26 Mbits/sec  0.387 ms  0/3536 (0%)  
[  5] 102.00-103.00 sec   282 KBytes  2.31 Mbits/sec  0.402 ms  0/3608 (0%)  
[  5] 103.00-104.00 sec   281 KBytes  2.30 Mbits/sec  0.395 ms  0/3598 (0%)  
[  5] 104.00-105.00 sec   258 KBytes  2.11 Mbits/sec  0.389 ms  0/3302 (0%)  
[  5] 105.00-106.00 sec   260 KBytes  2.13 Mbits/sec  0.408 ms  0/3334 (0%)  
[  5] 106.00-107.00 sec   270 KBytes  2.21 Mbits/sec  0.390 ms  0/3451 (0%)  
[  5] 107.00-108.00 sec   266 KBytes  2.18 Mbits/sec  0.368 ms  0/3406 (0%)  
[  5] 108.00-109.00 sec   268 KBytes  2.20 Mbits/sec  0.356 ms  0/3432 (0%)  
[  5] 109.00-110.00 sec   265 KBytes  2.17 Mbits/sec  0.352 ms  0/3392 (0%)  
[  5] 110.00-111.00 sec   259 KBytes  2.13 Mbits/sec  0.384 ms  0/3320 (0%)  
[  5] 111.00-112.00 sec   271 KBytes  2.22 Mbits/sec  0.365 ms  0/3465 (0%)  
[  5] 112.00-113.00 sec   271 KBytes  2.22 Mbits/sec  0.448 ms  0/3465 (0%)  
[  5] 113.00-114.00 sec   282 KBytes  2.31 Mbits/sec  0.430 ms  0/3612 (0%)  
[  5] 114.00-115.00 sec   282 KBytes  2.31 Mbits/sec  0.419 ms  0/3616 (0%)  
[  5] 115.00-116.00 sec   265 KBytes  2.17 Mbits/sec  0.328 ms  0/3396 (0%)  
[  5] 116.00-117.00 sec   260 KBytes  2.13 Mbits/sec  0.377 ms  0/3334 (0%)  
[  5] 117.00-118.00 sec   258 KBytes  2.11 Mbits/sec  0.453 ms  0/3296 (0%)  
[  5] 118.00-119.00 sec   263 KBytes  2.15 Mbits/sec  0.408 ms  0/3367 (0%)  
[  5] 119.00-120.00 sec   251 KBytes  2.05 Mbits/sec  0.461 ms  0/3209 (0%)  
[  5] 120.00-121.00 sec   255 KBytes  2.09 Mbits/sec  0.351 ms  0/3258 (0%)  
[  5] 121.00-122.00 sec   256 KBytes  2.09 Mbits/sec  0.373 ms  0/3283 (0%)  
[  5] 122.00-123.00 sec   263 KBytes  2.16 Mbits/sec  0.396 ms  0/3367 (0%)  
[  5] 123.00-124.00 sec   278 KBytes  2.28 Mbits/sec  0.406 ms  0/3563 (0%)  
[  5] 124.00-125.00 sec   277 KBytes  2.27 Mbits/sec  0.362 ms  0/3543 (0%)  
[  5] 125.00-126.00 sec   263 KBytes  2.15 Mbits/sec  0.432 ms  0/3367 (0%)  
[  5] 126.00-127.00 sec   273 KBytes  2.24 Mbits/sec  0.344 ms  0/3494 (0%)  
[  5] 127.00-128.00 sec   268 KBytes  2.20 Mbits/sec  0.416 ms  0/3431 (0%)  
[  5] 128.00-129.00 sec   264 KBytes  2.16 Mbits/sec  0.372 ms  0/3376 (0%)  
[  5] 129.00-130.00 sec   259 KBytes  2.12 Mbits/sec  0.358 ms  0/3320 (0%)  
[  5] 130.00-131.00 sec   268 KBytes  2.20 Mbits/sec  0.359 ms  0/3433 (0%)  
[  5] 131.00-132.00 sec   271 KBytes  2.22 Mbits/sec  0.361 ms  0/3473 (0%)  
[  5] 132.00-133.00 sec   276 KBytes  2.26 Mbits/sec  0.366 ms  0/3532 (0%)  
[  5] 133.00-134.00 sec   279 KBytes  2.28 Mbits/sec  0.399 ms  0/3567 (0%)  
[  5] 134.00-135.00 sec   275 KBytes  2.25 Mbits/sec  0.350 ms  0/3523 (0%)  
[  5] 135.00-136.00 sec   274 KBytes  2.25 Mbits/sec  0.379 ms  0/3508 (0%)  
[  5] 136.00-137.00 sec   279 KBytes  2.29 Mbits/sec  0.327 ms  0/3577 (0%)  
[  5] 137.00-138.00 sec   274 KBytes  2.25 Mbits/sec  0.362 ms  0/3508 (0%)  
[  5] 138.00-139.00 sec   281 KBytes  2.30 Mbits/sec  0.358 ms  0/3594 (0%)  
[  5] 139.00-140.00 sec   278 KBytes  2.28 Mbits/sec  0.350 ms  0/3559 (0%)  
[  5] 140.00-141.00 sec   261 KBytes  2.14 Mbits/sec  0.384 ms  0/3347 (0%)  
[  5] 141.00-142.00 sec   250 KBytes  2.04 Mbits/sec  0.386 ms  0/3195 (0%)  
[  5] 142.00-143.00 sec   247 KBytes  2.02 Mbits/sec  0.395 ms  0/3163 (0%)  
[  5] 143.00-144.00 sec   254 KBytes  2.08 Mbits/sec  0.351 ms  0/3249 (0%)  
[  5] 144.00-145.00 sec   275 KBytes  2.25 Mbits/sec  0.425 ms  0/3514 (0%)  
[  5] 145.00-146.00 sec   282 KBytes  2.31 Mbits/sec  0.383 ms  0/3612 (0%)  
[  5] 146.00-147.00 sec   278 KBytes  2.28 Mbits/sec  0.331 ms  0/3563 (0%)  
[  5] 147.00-148.00 sec   261 KBytes  2.14 Mbits/sec  0.384 ms  0/3338 (0%)  
[  5] 148.00-149.00 sec   274 KBytes  2.24 Mbits/sec  0.390 ms  0/3504 (0%)  
[  5] 149.00-150.00 sec   269 KBytes  2.21 Mbits/sec  0.360 ms  0/3447 (0%)  
[  5] 150.00-151.00 sec   263 KBytes  2.16 Mbits/sec  0.392 ms  0/3369 (0%)  
[  5] 151.00-152.00 sec   272 KBytes  2.23 Mbits/sec  0.362 ms  0/3481 (0%)  
[  5] 152.00-153.00 sec   275 KBytes  2.25 Mbits/sec  0.390 ms  0/3514 (0%)  
[  5] 153.00-154.00 sec   275 KBytes  2.25 Mbits/sec  0.336 ms  0/3514 (0%)  
[  5] 154.00-155.00 sec   277 KBytes  2.27 Mbits/sec  0.371 ms  0/3545 (0%)  
[  5] 155.00-156.00 sec   276 KBytes  2.26 Mbits/sec  0.399 ms  0/3536 (0%)  
[  5] 156.00-157.00 sec   283 KBytes  2.32 Mbits/sec  0.407 ms  0/3621 (0%)  
[  5] 157.00-158.00 sec   281 KBytes  2.30 Mbits/sec  0.425 ms  0/3599 (0%)  
[  5] 158.00-159.00 sec   275 KBytes  2.25 Mbits/sec  0.387 ms  0/3517 (0%)  
[  5] 159.00-160.00 sec   281 KBytes  2.30 Mbits/sec  0.431 ms  0/3599 (0%)  
[  5] 160.00-161.00 sec   280 KBytes  2.30 Mbits/sec  0.377 ms  0/3590 (0%)  
[  5] 161.00-162.00 sec   278 KBytes  2.27 Mbits/sec  0.413 ms  0/3553 (0%)  
[  5] 162.00-163.00 sec   247 KBytes  2.02 Mbits/sec  0.413 ms  0/3159 (0%)  
[  5] 163.00-164.00 sec   239 KBytes  1.96 Mbits/sec  0.429 ms  0/3061 (0%)  
[  5] 164.00-165.00 sec   233 KBytes  1.91 Mbits/sec  0.417 ms  0/2987 (0%)  
[  5] 165.00-166.00 sec   234 KBytes  1.92 Mbits/sec  0.418 ms  0/2993 (0%)  
[  5] 166.00-167.00 sec   257 KBytes  2.11 Mbits/sec  0.404 ms  0/3290 (0%)  
[  5] 167.00-168.00 sec   263 KBytes  2.15 Mbits/sec  0.416 ms  0/3361 (0%)  
