Connecting to host 172.22.0.50, port 5203
Reverse mode, remote host 172.22.0.50 is sending
[  5] local 192.168.200.2 port 58958 connected to 172.22.0.50 port 5203
[ ID] Interval           Transfer     Bitrate         Jitter    Lost/Total Datagrams
[  5]   0.00-1.00   sec   192 KBytes  1.57 Mbits/sec  0.431 ms  0/2461 (0%)  
[  5]   1.00-2.00   sec   303 KBytes  2.48 Mbits/sec  0.360 ms  0/3882 (0%)  
[  5]   2.00-3.00   sec   330 KBytes  2.70 Mbits/sec  0.309 ms  0/4219 (0%)  
[  5]   3.00-4.00   sec   336 KBytes  2.75 Mbits/sec  0.365 ms  0/4302 (0%)  
[  5]   4.00-5.00   sec   327 KBytes  2.68 Mbits/sec  0.352 ms  0/4187 (0%)  
[  5]   5.00-6.00   sec   330 KBytes  2.70 Mbits/sec  0.422 ms  0/4223 (0%)  
[  5]   6.00-7.00   sec   318 KBytes  2.61 Mbits/sec  0.341 ms  0/4073 (0%)  
[  5]   7.00-8.00   sec   305 KBytes  2.50 Mbits/sec  0.346 ms  0/3908 (0%)  
[  5]   8.00-9.00   sec   305 KBytes  2.50 Mbits/sec  0.382 ms  0/3902 (0%)  
[  5]   9.00-10.00  sec   306 KBytes  2.50 Mbits/sec  0.337 ms  0/3913 (0%)  
[  5]  10.00-11.00  sec   305 KBytes  2.50 Mbits/sec  0.359 ms  0/3904 (0%)  
[  5]  11.00-12.00  sec   305 KBytes  2.50 Mbits/sec  0.341 ms  0/3906 (0%)  
[  5]  12.00-13.00  sec   305 KBytes  2.50 Mbits/sec  0.330 ms  0/3902 (0%)  
[  5]  13.00-14.00  sec   305 KBytes  2.50 Mbits/sec  0.346 ms  0/3907 (0%)  
[  5]  14.00-15.00  sec   305 KBytes  2.50 Mbits/sec  0.353 ms  0/3908 (0%)  
[  5]  15.00-16.00  sec   305 KBytes  2.50 Mbits/sec  0.362 ms  0/3908 (0%)  
[  5]  16.00-17.00  sec   305 KBytes  2.50 Mbits/sec  0.346 ms  0/3906 (0%)  
[  5]  17.00-18.00  sec   305 KBytes  2.49 Mbits/sec  0.365 ms  0/3898 (0%)  
[  5]  18.00-19.00  sec   305 KBytes  2.50 Mbits/sec  0.433 ms  0/3909 (0%)  
[  5]  19.00-20.00  sec   305 KBytes  2.50 Mbits/sec  0.346 ms  0/3908 (0%)  
[  5]  20.00-21.00  sec   305 KBytes  2.50 Mbits/sec  0.356 ms  0/3909 (0%)  
[  5]  21.00-22.00  sec   305 KBytes  2.50 Mbits/sec  0.428 ms  0/3901 (0%)  
[  5]  22.00-23.00  sec   305 KBytes  2.50 Mbits/sec  0.404 ms  0/3899 (0%)  
[  5]  23.00-24.00  sec   306 KBytes  2.51 Mbits/sec  0.355 ms  0/3920 (0%)  
[  5]  24.00-25.00  sec   305 KBytes  2.50 Mbits/sec  0.346 ms  0/3907 (0%)  
[  5]  25.00-26.00  sec   305 KBytes  2.50 Mbits/sec  0.342 ms  0/3905 (0%)  
[  5]  26.00-27.00  sec   305 KBytes  2.50 Mbits/sec  0.360 ms  0/3905 (0%)  
[  5]  27.00-28.00  sec   305 KBytes  2.50 Mbits/sec  0.347 ms  0/3906 (0%)  
[  5]  28.00-29.00  sec   305 KBytes  2.50 Mbits/sec  0.427 ms  0/3902 (0%)  
[  5]  29.00-30.00  sec   305 KBytes  2.50 Mbits/sec  0.323 ms  0/3907 (0%)  
[  5]  30.00-31.00  sec   305 KBytes  2.50 Mbits/sec  0.385 ms  0/3910 (0%)  
[  5]  31.00-32.00  sec   305 KBytes  2.50 Mbits/sec  0.338 ms  0/3910 (0%)  
[  5]  32.00-33.00  sec   305 KBytes  2.50 Mbits/sec  0.341 ms  0/3902 (0%)  
[  5]  33.00-34.00  sec   304 KBytes  2.49 Mbits/sec  0.345 ms  0/3891 (0%)  
[  5]  34.00-35.00  sec   306 KBytes  2.51 Mbits/sec  0.346 ms  0/3917 (0%)  
[  5]  35.00-36.00  sec   305 KBytes  2.50 Mbits/sec  0.351 ms  0/3910 (0%)  
[  5]  36.00-37.00  sec   305 KBytes  2.50 Mbits/sec  0.325 ms  0/3904 (0%)  
[  5]  37.00-38.00  sec   305 KBytes  2.50 Mbits/sec  0.363 ms  0/3905 (0%)  
[  5]  38.00-39.00  sec   298 KBytes  2.44 Mbits/sec  0.358 ms  0/3814 (0%)  
[  5]  39.00-40.00  sec   313 KBytes  2.56 Mbits/sec  0.413 ms  0/4002 (0%)  
[  5]  40.00-41.00  sec   305 KBytes  2.50 Mbits/sec  0.349 ms  0/3909 (0%)  
[  5]  41.00-42.00  sec   305 KBytes  2.50 Mbits/sec  0.360 ms  0/3901 (0%)  
[  5]  42.00-43.00  sec   306 KBytes  2.50 Mbits/sec  0.335 ms  0/3913 (0%)  
[  5]  43.00-44.00  sec   305 KBytes  2.50 Mbits/sec  0.400 ms  0/3902 (0%)  
[  5]  44.00-45.00  sec   302 KBytes  2.47 Mbits/sec  0.413 ms  0/3866 (0%)  
[  5]  45.00-46.00  sec   308 KBytes  2.52 Mbits/sec  0.460 ms  0/3942 (0%)  
[  5]  46.00-47.00  sec   306 KBytes  2.50 Mbits/sec  0.368 ms  0/3912 (0%)  
[  5]  47.00-48.00  sec   305 KBytes  2.50 Mbits/sec  0.355 ms  0/3907 (0%)  
[  5]  48.00-49.00  sec   305 KBytes  2.50 Mbits/sec  0.395 ms  0/3900 (0%)  
[  5]  49.00-50.00  sec   306 KBytes  2.51 Mbits/sec  0.353 ms  0/3916 (0%)  
[  5]  50.00-51.00  sec   305 KBytes  2.50 Mbits/sec  0.335 ms  0/3904 (0%)  
[  5]  51.00-52.00  sec   305 KBytes  2.50 Mbits/sec  0.359 ms  0/3904 (0%)  
[  5]  52.00-53.00  sec   305 KBytes  2.50 Mbits/sec  0.335 ms  0/3906 (0%)  
[  5]  53.00-54.00  sec   305 KBytes  2.50 Mbits/sec  0.397 ms  0/3905 (0%)  
[  5]  54.00-55.00  sec   305 KBytes  2.50 Mbits/sec  0.425 ms  0/3905 (0%)  
[  5]  55.00-56.00  sec   305 KBytes  2.50 Mbits/sec  0.368 ms  0/3910 (0%)  
[  5]  56.00-57.00  sec   305 KBytes  2.50 Mbits/sec  0.385 ms  0/3905 (0%)  
[  5]  57.00-58.00  sec   303 KBytes  2.48 Mbits/sec  0.369 ms  0/3882 (0%)  
[  5]  58.00-59.00  sec   306 KBytes  2.51 Mbits/sec  0.346 ms  0/3920 (0%)  
[  5]  59.00-60.00  sec   301 KBytes  2.47 Mbits/sec  0.355 ms  0/3852 (0%)  
[  5]  60.00-61.00  sec   310 KBytes  2.54 Mbits/sec  0.359 ms  0/3967 (0%)  
[  5]  61.00-62.00  sec   305 KBytes  2.50 Mbits/sec  0.449 ms  0/3906 (0%)  
[  5]  62.00-63.00  sec   302 KBytes  2.47 Mbits/sec  0.340 ms  0/3863 (0%)  
[  5]  63.00-64.00  sec   309 KBytes  2.53 Mbits/sec  0.354 ms  0/3953 (0%)  
[  5]  64.00-65.00  sec   304 KBytes  2.49 Mbits/sec  0.294 ms  0/3889 (0%)  
[  5]  65.00-66.00  sec   303 KBytes  2.48 Mbits/sec  0.344 ms  0/3880 (0%)  
[  5]  66.00-67.00  sec   309 KBytes  2.53 Mbits/sec  0.420 ms  0/3949 (0%)  
[  5]  67.00-68.00  sec   305 KBytes  2.50 Mbits/sec  0.334 ms  0/3905 (0%)  
[  5]  68.00-69.00  sec   306 KBytes  2.50 Mbits/sec  0.377 ms  0/3911 (0%)  
[  5]  69.00-70.00  sec   305 KBytes  2.50 Mbits/sec  0.341 ms  0/3906 (0%)  
[  5]  70.00-71.00  sec   305 KBytes  2.50 Mbits/sec  0.350 ms  0/3904 (0%)  
[  5]  71.00-72.00  sec   305 KBytes  2.50 Mbits/sec  0.346 ms  0/3910 (0%)  
[  5]  72.00-73.00  sec   305 KBytes  2.50 Mbits/sec  0.346 ms  0/3906 (0%)  
[  5]  73.00-74.00  sec   305 KBytes  2.49 Mbits/sec  0.331 ms  0/3900 (0%)  
[  5]  74.00-75.00  sec   305 KBytes  2.50 Mbits/sec  0.419 ms  0/3906 (0%)  
[  5]  75.00-76.00  sec   305 KBytes  2.50 Mbits/sec  0.335 ms  0/3909 (0%)  
[  5]  76.00-77.00  sec   305 KBytes  2.50 Mbits/sec  0.317 ms  0/3904 (0%)  
[  5]  77.00-78.00  sec   305 KBytes  2.50 Mbits/sec  0.327 ms  0/3903 (0%)  
[  5]  78.00-79.00  sec   301 KBytes  2.47 Mbits/sec  0.365 ms  0/3854 (0%)  
[  5]  79.00-80.00  sec   304 KBytes  2.49 Mbits/sec  0.267 ms  0/3892 (0%)  
[  5]  80.00-81.00  sec   311 KBytes  2.55 Mbits/sec  0.311 ms  0/3976 (0%)  
[  5]  81.00-82.00  sec   305 KBytes  2.50 Mbits/sec  0.399 ms  0/3908 (0%)  
[  5]  82.00-83.00  sec   305 KBytes  2.50 Mbits/sec  0.349 ms  0/3907 (0%)  
[  5]  83.00-84.00  sec   301 KBytes  2.46 Mbits/sec  0.368 ms  0/3851 (0%)  
[  5]  84.00-85.00  sec   310 KBytes  2.54 Mbits/sec  0.348 ms  0/3965 (0%)  
[  5]  85.00-86.00  sec   305 KBytes  2.49 Mbits/sec  0.425 ms  0/3898 (0%)  
[  5]  86.00-87.00  sec   304 KBytes  2.49 Mbits/sec  0.400 ms  0/3897 (0%)  
[  5]  87.00-88.00  sec   306 KBytes  2.51 Mbits/sec  0.407 ms  0/3919 (0%)  
[  5]  88.00-89.00  sec   305 KBytes  2.50 Mbits/sec  0.346 ms  0/3906 (0%)  
[  5]  89.00-90.00  sec   305 KBytes  2.50 Mbits/sec  0.420 ms  0/3905 (0%)  
[  5]  90.00-91.00  sec   305 KBytes  2.50 Mbits/sec  0.391 ms  0/3910 (0%)  
[  5]  91.00-92.00  sec   305 KBytes  2.50 Mbits/sec  0.343 ms  0/3906 (0%)  
[  5]  92.00-93.00  sec   305 KBytes  2.50 Mbits/sec  0.352 ms  0/3909 (0%)  
[  5]  93.00-94.00  sec   305 KBytes  2.50 Mbits/sec  0.335 ms  0/3902 (0%)  
[  5]  94.00-95.00  sec   304 KBytes  2.49 Mbits/sec  0.326 ms  0/3890 (0%)  
[  5]  95.00-96.00  sec   307 KBytes  2.51 Mbits/sec  0.337 ms  0/3928 (0%)  
[  5]  96.00-97.00  sec   305 KBytes  2.50 Mbits/sec  0.325 ms  0/3903 (0%)  
[  5]  97.00-98.00  sec   305 KBytes  2.50 Mbits/sec  0.322 ms  0/3905 (0%)  
[  5]  98.00-99.00  sec   304 KBytes  2.49 Mbits/sec  0.428 ms  0/3887 (0%)  
[  5]  99.00-100.00 sec   304 KBytes  2.49 Mbits/sec  0.324 ms  0/3889 (0%)  
[  5] 100.00-101.00 sec   305 KBytes  2.49 Mbits/sec  0.361 ms  0/3898 (0%)  
[  5] 101.00-102.00 sec   309 KBytes  2.53 Mbits/sec  0.321 ms  0/3949 (0%)  
[  5] 102.00-103.00 sec   305 KBytes  2.50 Mbits/sec  0.340 ms  0/3910 (0%)  
[  5] 103.00-104.00 sec   305 KBytes  2.50 Mbits/sec  0.419 ms  0/3902 (0%)  
[  5] 104.00-105.00 sec   297 KBytes  2.44 Mbits/sec  0.379 ms  0/3807 (0%)  
[  5] 105.00-106.00 sec   313 KBytes  2.56 Mbits/sec  0.345 ms  0/4006 (0%)  
[  5] 106.00-107.00 sec   305 KBytes  2.50 Mbits/sec  0.365 ms  0/3904 (0%)  
[  5] 107.00-108.00 sec   303 KBytes  2.49 Mbits/sec  0.323 ms  0/3884 (0%)  
[  5] 108.00-109.00 sec   307 KBytes  2.52 Mbits/sec  0.340 ms  0/3935 (0%)  
[  5] 109.00-110.00 sec   305 KBytes  2.50 Mbits/sec  0.346 ms  0/3901 (0%)  
[  5] 110.00-111.00 sec   305 KBytes  2.50 Mbits/sec  0.337 ms  0/3907 (0%)  
[  5] 111.00-112.00 sec   306 KBytes  2.50 Mbits/sec  0.338 ms  0/3912 (0%)  
[  5] 112.00-113.00 sec   305 KBytes  2.50 Mbits/sec  0.335 ms  0/3900 (0%)  
[  5] 113.00-114.00 sec   305 KBytes  2.50 Mbits/sec  0.324 ms  0/3901 (0%)  
[  5] 114.00-115.00 sec   305 KBytes  2.50 Mbits/sec  0.418 ms  0/3910 (0%)  
[  5] 115.00-116.00 sec   303 KBytes  2.48 Mbits/sec  0.342 ms  0/3881 (0%)  
[  5] 116.00-117.00 sec   307 KBytes  2.52 Mbits/sec  0.474 ms  0/3933 (0%)  
[  5] 117.00-118.00 sec   305 KBytes  2.50 Mbits/sec  0.325 ms  0/3907 (0%)  
[  5] 118.00-119.00 sec   306 KBytes  2.50 Mbits/sec  0.350 ms  0/3912 (0%)  
[  5] 119.00-120.00 sec   301 KBytes  2.47 Mbits/sec  0.408 ms  0/3855 (0%)  
[  5] 120.00-121.00 sec   284 KBytes  2.33 Mbits/sec  0.408 ms  0/3634 (0%)  
[  5] 121.00-122.00 sec   282 KBytes  2.31 Mbits/sec  0.379 ms  0/3611 (0%)  
[  5] 122.00-123.00 sec   286 KBytes  2.34 Mbits/sec  0.347 ms  0/3661 (0%)  
[  5] 123.00-124.00 sec   331 KBytes  2.71 Mbits/sec  0.296 ms  0/4234 (0%)  
[  5] 124.00-125.00 sec   336 KBytes  2.75 Mbits/sec  0.317 ms  0/4302 (0%)  
[  5] 125.00-126.00 sec   316 KBytes  2.59 Mbits/sec  0.343 ms  0/4042 (0%)  
[  5] 126.00-127.00 sec   305 KBytes  2.50 Mbits/sec  0.351 ms  0/3910 (0%)  
[  5] 127.00-128.00 sec   305 KBytes  2.50 Mbits/sec  0.325 ms  0/3904 (0%)  
[  5] 128.00-129.00 sec   305 KBytes  2.50 Mbits/sec  0.351 ms  0/3908 (0%)  
[  5] 129.00-130.00 sec   296 KBytes  2.42 Mbits/sec  0.343 ms  0/3784 (0%)  
[  5] 130.00-131.00 sec   315 KBytes  2.58 Mbits/sec  0.360 ms  0/4027 (0%)  
[  5] 131.00-132.00 sec   305 KBytes  2.50 Mbits/sec  0.331 ms  0/3904 (0%)  
[  5] 132.00-133.00 sec   305 KBytes  2.50 Mbits/sec  0.324 ms  0/3908 (0%)  
[  5] 133.00-134.00 sec   305 KBytes  2.50 Mbits/sec  0.371 ms  0/3903 (0%)  
[  5] 134.00-135.00 sec   306 KBytes  2.50 Mbits/sec  0.354 ms  0/3913 (0%)  
[  5] 135.00-136.00 sec   305 KBytes  2.50 Mbits/sec  0.398 ms  0/3903 (0%)  
[  5] 136.00-137.00 sec   305 KBytes  2.50 Mbits/sec  0.369 ms  0/3906 (0%)  
[  5] 137.00-138.00 sec   305 KBytes  2.50 Mbits/sec  0.348 ms  0/3902 (0%)  
[  5] 138.00-139.00 sec   305 KBytes  2.50 Mbits/sec  0.333 ms  0/3909 (0%)  
[  5] 139.00-140.00 sec   305 KBytes  2.50 Mbits/sec  0.339 ms  0/3910 (0%)  
[  5] 140.00-141.00 sec   305 KBytes  2.50 Mbits/sec  0.377 ms  0/3900 (0%)  
[  5] 141.00-142.00 sec   297 KBytes  2.43 Mbits/sec  0.324 ms  0/3801 (0%)  
[  5] 142.00-143.00 sec   299 KBytes  2.45 Mbits/sec  0.368 ms  0/3831 (0%)  
[  5] 143.00-144.00 sec   292 KBytes  2.39 Mbits/sec  0.411 ms  0/3741 (0%)  
[  5] 144.00-145.00 sec   285 KBytes  2.33 Mbits/sec  0.349 ms  0/3644 (0%)  
[  5] 145.00-146.00 sec   315 KBytes  2.58 Mbits/sec  0.360 ms  0/4030 (0%)  
[  5] 146.00-147.00 sec   317 KBytes  2.60 Mbits/sec  0.383 ms  0/4063 (0%)  
[  5] 147.00-148.00 sec   306 KBytes  2.50 Mbits/sec  0.462 ms  0/3912 (0%)  
[  5] 148.00-149.00 sec   296 KBytes  2.42 Mbits/sec  0.357 ms  0/3783 (0%)  
[  5] 149.00-150.00 sec   304 KBytes  2.49 Mbits/sec  0.411 ms  0/3887 (0%)  
[  5] 150.00-151.00 sec   294 KBytes  2.41 Mbits/sec  0.330 ms  0/3765 (0%)  
[  5] 151.00-152.00 sec   294 KBytes  2.40 Mbits/sec  0.344 ms  0/3758 (0%)  
[  5] 152.00-153.00 sec   311 KBytes  2.55 Mbits/sec  0.336 ms  0/3976 (0%)  
[  5] 153.00-154.00 sec   311 KBytes  2.55 Mbits/sec  0.348 ms  0/3982 (0%)  
[  5] 154.00-155.00 sec   317 KBytes  2.60 Mbits/sec  0.322 ms  0/4063 (0%)  
[  5] 155.00-156.00 sec   313 KBytes  2.57 Mbits/sec  0.367 ms  0/4009 (0%)  
[  5] 156.00-157.00 sec   333 KBytes  2.72 Mbits/sec  0.370 ms  0/4257 (0%)  
[  5] 157.00-158.00 sec   305 KBytes  2.50 Mbits/sec  0.318 ms  0/3906 (0%)  
[  5] 158.00-159.00 sec   305 KBytes  2.50 Mbits/sec  0.340 ms  0/3909 (0%)  
[  5] 159.00-160.00 sec   303 KBytes  2.49 Mbits/sec  0.341 ms  0/3882 (0%)  
[  5] 160.00-161.00 sec   307 KBytes  2.51 Mbits/sec  0.426 ms  0/3928 (0%)  
[  5] 161.00-162.00 sec   305 KBytes  2.50 Mbits/sec  0.355 ms  0/3910 (0%)  
[  5] 162.00-163.00 sec   305 KBytes  2.50 Mbits/sec  0.359 ms  0/3903 (0%)  
[  5] 163.00-164.00 sec   305 KBytes  2.50 Mbits/sec  0.340 ms  0/3902 (0%)  
[  5] 164.00-165.00 sec   304 KBytes  2.49 Mbits/sec  0.375 ms  0/3897 (0%)  
[  5] 165.00-166.00 sec   306 KBytes  2.51 Mbits/sec  0.337 ms  0/3916 (0%)  
[  5] 166.00-167.00 sec   299 KBytes  2.45 Mbits/sec  0.357 ms  0/3829 (0%)  
[  5] 167.00-168.00 sec   312 KBytes  2.55 Mbits/sec  0.338 ms  0/3989 (0%)  
[  5] 168.00-169.00 sec   305 KBytes  2.50 Mbits/sec  0.452 ms  0/3901 (0%)  
