Connecting to host 172.22.0.50, port 5203
Reverse mode, remote host 172.22.0.50 is sending
[  5] local 192.168.200.2 port 46397 connected to 172.22.0.50 port 5203
[ ID] Interval           Transfer     Bitrate         Jitter    Lost/Total Datagrams
[  5]   0.00-1.00   sec   257 KBytes  2.10 Mbits/sec  0.319 ms  0/3286 (0%)  
[  5]   1.00-2.00   sec   310 KBytes  2.54 Mbits/sec  0.402 ms  0/3966 (0%)  
[  5]   2.00-3.00   sec   310 KBytes  2.54 Mbits/sec  0.380 ms  0/3972 (0%)  
[  5]   3.00-4.00   sec   327 KBytes  2.68 Mbits/sec  0.375 ms  0/4188 (0%)  
[  5]   4.00-5.00   sec   319 KBytes  2.61 Mbits/sec  0.344 ms  0/4078 (0%)  
[  5]   5.00-6.00   sec   309 KBytes  2.53 Mbits/sec  0.434 ms  0/3951 (0%)  
[  5]   6.00-7.00   sec   300 KBytes  2.46 Mbits/sec  0.358 ms  0/3841 (0%)  
[  5]   7.00-8.00   sec   303 KBytes  2.49 Mbits/sec  0.369 ms  0/3882 (0%)  
[  5]   8.00-9.00   sec   304 KBytes  2.49 Mbits/sec  0.467 ms  0/3889 (0%)  
[  5]   9.00-10.00  sec   314 KBytes  2.56 Mbits/sec  0.483 ms  0/4020 (0%)  
[  5]  10.00-11.00  sec   304 KBytes  2.50 Mbits/sec  0.320 ms  0/3897 (0%)  
[  5]  11.00-12.00  sec   306 KBytes  2.51 Mbits/sec  0.355 ms  0/3914 (0%)  
[  5]  12.00-13.00  sec   305 KBytes  2.50 Mbits/sec  0.325 ms  0/3902 (0%)  
[  5]  13.00-14.00  sec   305 KBytes  2.49 Mbits/sec  0.466 ms  0/3906 (0%)  
[  5]  14.00-15.00  sec   304 KBytes  2.50 Mbits/sec  0.366 ms  0/3897 (0%)  
[  5]  15.00-16.00  sec   306 KBytes  2.50 Mbits/sec  0.365 ms  0/3913 (0%)  
[  5]  16.00-17.00  sec   304 KBytes  2.49 Mbits/sec  0.337 ms  0/3888 (0%)  
[  5]  17.00-18.00  sec   303 KBytes  2.48 Mbits/sec  0.402 ms  0/3884 (0%)  
[  5]  18.00-19.00  sec   302 KBytes  2.47 Mbits/sec  0.628 ms  0/3862 (0%)  
[  5]  19.00-20.00  sec   306 KBytes  2.51 Mbits/sec  0.381 ms  0/3912 (0%)  
[  5]  20.00-21.00  sec   312 KBytes  2.55 Mbits/sec  0.333 ms  0/3989 (0%)  
[  5]  21.00-22.00  sec   305 KBytes  2.50 Mbits/sec  0.370 ms  0/3905 (0%)  
[  5]  22.00-23.00  sec   303 KBytes  2.48 Mbits/sec  0.419 ms  0/3877 (0%)  
[  5]  23.00-24.00  sec   308 KBytes  2.52 Mbits/sec  0.340 ms  0/3940 (0%)  
[  5]  24.00-25.00  sec   305 KBytes  2.50 Mbits/sec  0.335 ms  0/3900 (0%)  
[  5]  25.00-26.00  sec   305 KBytes  2.50 Mbits/sec  0.317 ms  0/3909 (0%)  
[  5]  26.00-27.00  sec   305 KBytes  2.50 Mbits/sec  0.354 ms  0/3905 (0%)  
[  5]  27.00-28.00  sec   305 KBytes  2.50 Mbits/sec  0.318 ms  0/3905 (0%)  
[  5]  28.00-29.00  sec   306 KBytes  2.50 Mbits/sec  0.319 ms  0/3912 (0%)  
[  5]  29.00-30.00  sec   305 KBytes  2.50 Mbits/sec  0.375 ms  0/3900 (0%)  
[  5]  30.00-31.00  sec   305 KBytes  2.50 Mbits/sec  0.349 ms  0/3909 (0%)  
[  5]  31.00-32.00  sec   306 KBytes  2.50 Mbits/sec  0.334 ms  0/3911 (0%)  
[  5]  32.00-33.00  sec   304 KBytes  2.49 Mbits/sec  0.343 ms  0/3893 (0%)  
[  5]  33.00-34.00  sec   306 KBytes  2.51 Mbits/sec  0.346 ms  0/3915 (0%)  
[  5]  34.00-35.00  sec   305 KBytes  2.50 Mbits/sec  0.389 ms  0/3901 (0%)  
[  5]  35.00-36.00  sec   306 KBytes  2.50 Mbits/sec  0.377 ms  0/3911 (0%)  
[  5]  36.00-37.00  sec   305 KBytes  2.50 Mbits/sec  0.376 ms  0/3905 (0%)  
[  5]  37.00-38.00  sec   300 KBytes  2.46 Mbits/sec  0.286 ms  0/3839 (0%)  
[  5]  38.00-39.00  sec   299 KBytes  2.45 Mbits/sec  0.327 ms  0/3831 (0%)  
[  5]  39.00-40.00  sec   316 KBytes  2.59 Mbits/sec  0.333 ms  0/4050 (0%)  
[  5]  40.00-41.00  sec   304 KBytes  2.49 Mbits/sec  0.416 ms  0/3886 (0%)  
[  5]  41.00-42.00  sec   306 KBytes  2.51 Mbits/sec  0.359 ms  0/3923 (0%)  
[  5]  42.00-43.00  sec   305 KBytes  2.50 Mbits/sec  0.313 ms  0/3907 (0%)  
[  5]  43.00-44.01  sec   306 KBytes  2.50 Mbits/sec  0.357 ms  0/3920 (0%)  
[  5]  44.01-45.00  sec   300 KBytes  2.47 Mbits/sec  0.507 ms  0/3839 (0%)  
[  5]  45.00-46.00  sec   309 KBytes  2.53 Mbits/sec  0.362 ms  0/3957 (0%)  
[  5]  46.00-47.00  sec   305 KBytes  2.50 Mbits/sec  0.355 ms  0/3902 (0%)  
[  5]  47.00-48.00  sec   303 KBytes  2.49 Mbits/sec  0.336 ms  0/3884 (0%)  
[  5]  48.00-49.00  sec   308 KBytes  2.52 Mbits/sec  0.337 ms  0/3939 (0%)  
[  5]  49.00-50.00  sec   305 KBytes  2.50 Mbits/sec  0.338 ms  0/3904 (0%)  
[  5]  50.00-51.00  sec   302 KBytes  2.47 Mbits/sec  0.474 ms  0/3860 (0%)  
[  5]  51.00-52.00  sec   309 KBytes  2.53 Mbits/sec  0.336 ms  0/3952 (0%)  
[  5]  52.00-53.00  sec   305 KBytes  2.50 Mbits/sec  0.387 ms  0/3901 (0%)  
[  5]  53.00-54.00  sec   306 KBytes  2.50 Mbits/sec  0.370 ms  0/3912 (0%)  
[  5]  54.00-55.00  sec   305 KBytes  2.50 Mbits/sec  0.358 ms  0/3900 (0%)  
[  5]  55.00-56.00  sec   303 KBytes  2.48 Mbits/sec  0.385 ms  0/3877 (0%)  
[  5]  56.00-57.01  sec   298 KBytes  2.41 Mbits/sec  0.337 ms  0/3813 (0%)  
[  5]  57.01-58.00  sec   315 KBytes  2.62 Mbits/sec  0.280 ms  0/4032 (0%)  
[  5]  58.00-59.00  sec   282 KBytes  2.31 Mbits/sec  0.349 ms  0/3606 (0%)  
[  5]  59.00-60.00  sec   288 KBytes  2.36 Mbits/sec  0.394 ms  0/3690 (0%)  
[  5]  60.00-61.00  sec   281 KBytes  2.30 Mbits/sec  0.545 ms  0/3595 (0%)  
[  5]  61.00-62.00  sec   291 KBytes  2.38 Mbits/sec  0.336 ms  0/3721 (0%)  
[  5]  62.00-63.00  sec   310 KBytes  2.54 Mbits/sec  0.737 ms  0/3972 (0%)  
[  5]  63.00-64.00  sec   313 KBytes  2.56 Mbits/sec  0.367 ms  0/4004 (0%)  
[  5]  64.00-65.00  sec   299 KBytes  2.45 Mbits/sec  0.390 ms  0/3824 (0%)  
[  5]  65.00-66.00  sec   293 KBytes  2.40 Mbits/sec  0.450 ms  0/3748 (0%)  
[  5]  66.00-67.00  sec   295 KBytes  2.42 Mbits/sec  0.364 ms  0/3784 (0%)  
[  5]  67.00-68.00  sec   291 KBytes  2.39 Mbits/sec  0.378 ms  0/3722 (0%)  
[  5]  68.00-69.00  sec   304 KBytes  2.49 Mbits/sec  0.338 ms  0/3888 (0%)  
[  5]  69.00-70.00  sec   307 KBytes  2.51 Mbits/sec  0.329 ms  0/3928 (0%)  
[  5]  70.00-71.00  sec   305 KBytes  2.50 Mbits/sec  0.382 ms  0/3900 (0%)  
[  5]  71.00-72.00  sec   287 KBytes  2.35 Mbits/sec  0.399 ms  0/3678 (0%)  
[  5]  72.00-73.00  sec   327 KBytes  2.68 Mbits/sec  0.369 ms  0/4180 (0%)  
[  5]  73.00-74.00  sec   341 KBytes  2.79 Mbits/sec  0.327 ms  0/4364 (0%)  
[  5]  74.00-75.00  sec   346 KBytes  2.83 Mbits/sec  0.345 ms  0/4424 (0%)  
[  5]  75.00-76.00  sec   335 KBytes  2.75 Mbits/sec  0.372 ms  0/4286 (0%)  
[  5]  76.00-77.00  sec   304 KBytes  2.49 Mbits/sec  0.320 ms  0/3895 (0%)  
[  5]  77.00-78.00  sec   305 KBytes  2.50 Mbits/sec  0.331 ms  0/3902 (0%)  
[  5]  78.00-79.00  sec   307 KBytes  2.51 Mbits/sec  0.353 ms  0/3928 (0%)  
[  5]  79.00-80.00  sec   293 KBytes  2.40 Mbits/sec  0.340 ms  0/3746 (0%)  
[  5]  80.00-81.00  sec   310 KBytes  2.54 Mbits/sec  0.521 ms  0/3966 (0%)  
[  5]  81.00-82.00  sec   293 KBytes  2.40 Mbits/sec  0.332 ms  0/3752 (0%)  
[  5]  82.00-83.00  sec   289 KBytes  2.37 Mbits/sec  0.325 ms  0/3696 (0%)  
[  5]  83.00-84.00  sec   313 KBytes  2.56 Mbits/sec  0.375 ms  0/4010 (0%)  
[  5]  84.00-85.00  sec   329 KBytes  2.69 Mbits/sec  0.318 ms  0/4208 (0%)  
[  5]  85.00-86.00  sec   309 KBytes  2.53 Mbits/sec  0.349 ms  0/3961 (0%)  
[  5]  86.00-87.00  sec   304 KBytes  2.49 Mbits/sec  0.444 ms  0/3889 (0%)  
[  5]  87.00-88.00  sec   306 KBytes  2.50 Mbits/sec  0.466 ms  0/3915 (0%)  
[  5]  88.00-89.00  sec   293 KBytes  2.39 Mbits/sec  0.456 ms  0/3750 (0%)  
[  5]  89.00-90.00  sec   286 KBytes  2.35 Mbits/sec  0.418 ms  0/3664 (0%)  
[  5]  90.00-91.00  sec   270 KBytes  2.21 Mbits/sec  0.309 ms  22/3476 (0.63%)  
[  5]  91.00-92.00  sec   296 KBytes  2.42 Mbits/sec  0.373 ms  0/3786 (0%)  
[  5]  92.00-93.00  sec   281 KBytes  2.30 Mbits/sec  0.486 ms  0/3600 (0%)  
[  5]  93.00-94.00  sec   298 KBytes  2.44 Mbits/sec  0.310 ms  0/3818 (0%)  
[  5]  94.00-95.00  sec   300 KBytes  2.46 Mbits/sec  0.376 ms  0/3836 (0%)  
[  5]  95.00-96.00  sec   292 KBytes  2.39 Mbits/sec  0.333 ms  0/3736 (0%)  
[  5]  96.00-97.00  sec   307 KBytes  2.51 Mbits/sec  0.421 ms  0/3926 (0%)  
[  5]  97.00-98.00  sec   297 KBytes  2.44 Mbits/sec  0.690 ms  0/3806 (0%)  
[  5]  98.00-99.00  sec   294 KBytes  2.41 Mbits/sec  0.370 ms  0/3766 (0%)  
[  5]  99.00-100.00 sec   321 KBytes  2.63 Mbits/sec  0.328 ms  0/4106 (0%)  
[  5] 100.00-101.00 sec   316 KBytes  2.59 Mbits/sec  0.351 ms  0/4048 (0%)  
[  5] 101.00-102.00 sec   244 KBytes  2.00 Mbits/sec  0.409 ms  0/3120 (0%)  
[  5] 102.00-103.00 sec   270 KBytes  2.21 Mbits/sec  0.376 ms  0/3454 (0%)  
[  5] 103.00-104.00 sec   290 KBytes  2.37 Mbits/sec  0.361 ms  0/3708 (0%)  
[  5] 104.00-105.00 sec   301 KBytes  2.47 Mbits/sec  0.373 ms  0/3858 (0%)  
[  5] 105.00-106.00 sec   292 KBytes  2.39 Mbits/sec  0.412 ms  0/3740 (0%)  
[  5] 106.00-107.00 sec   287 KBytes  2.35 Mbits/sec  0.376 ms  0/3678 (0%)  
[  5] 107.00-108.00 sec   301 KBytes  2.47 Mbits/sec  0.375 ms  0/3856 (0%)  
[  5] 108.00-109.00 sec   322 KBytes  2.64 Mbits/sec  0.395 ms  0/4118 (0%)  
[  5] 109.00-110.00 sec   312 KBytes  2.55 Mbits/sec  0.361 ms  0/3990 (0%)  
[  5] 110.00-111.00 sec   307 KBytes  2.52 Mbits/sec  0.318 ms  0/3934 (0%)  
[  5] 111.00-112.00 sec   320 KBytes  2.62 Mbits/sec  0.440 ms  0/4099 (0%)  
[  5] 112.00-113.00 sec   315 KBytes  2.58 Mbits/sec  0.326 ms  0/4029 (0%)  
[  5] 113.00-114.00 sec   296 KBytes  2.42 Mbits/sec  0.358 ms  0/3786 (0%)  
[  5] 114.00-115.00 sec   315 KBytes  2.58 Mbits/sec  0.343 ms  0/4034 (0%)  
[  5] 115.00-116.00 sec   326 KBytes  2.67 Mbits/sec  0.445 ms  0/4178 (0%)  
[  5] 116.00-117.00 sec   332 KBytes  2.72 Mbits/sec  0.354 ms  0/4252 (0%)  
[  5] 117.00-118.00 sec   329 KBytes  2.70 Mbits/sec  0.331 ms  0/4214 (0%)  
[  5] 118.00-119.00 sec   315 KBytes  2.58 Mbits/sec  0.500 ms  0/4030 (0%)  
[  5] 119.00-120.00 sec   310 KBytes  2.54 Mbits/sec  0.331 ms  0/3964 (0%)  
[  5] 120.00-121.00 sec   299 KBytes  2.45 Mbits/sec  0.300 ms  0/3830 (0%)  
[  5] 121.00-122.00 sec   297 KBytes  2.43 Mbits/sec  0.320 ms  0/3798 (0%)  
[  5] 122.00-123.00 sec   304 KBytes  2.49 Mbits/sec  0.381 ms  0/3890 (0%)  
[  5] 123.00-124.00 sec   302 KBytes  2.47 Mbits/sec  0.408 ms  0/3862 (0%)  
[  5] 124.00-125.00 sec   280 KBytes  2.30 Mbits/sec  0.462 ms  0/3588 (0%)  
[  5] 125.00-126.00 sec   276 KBytes  2.26 Mbits/sec  0.442 ms  0/3537 (0%)  
[  5] 126.00-127.00 sec   284 KBytes  2.33 Mbits/sec  0.314 ms  0/3637 (0%)  
[  5] 127.00-128.00 sec   300 KBytes  2.46 Mbits/sec  0.444 ms  0/3844 (0%)  
[  5] 128.00-129.00 sec   285 KBytes  2.34 Mbits/sec  0.374 ms  0/3652 (0%)  
[  5] 129.00-130.00 sec   305 KBytes  2.50 Mbits/sec  0.354 ms  0/3914 (0%)  
[  5] 130.00-131.00 sec   311 KBytes  2.55 Mbits/sec  0.376 ms  0/3984 (0%)  
[  5] 131.00-132.00 sec   288 KBytes  2.36 Mbits/sec  0.380 ms  0/3690 (0%)  
[  5] 132.00-133.00 sec   304 KBytes  2.49 Mbits/sec  0.345 ms  0/3894 (0%)  
[  5] 133.00-134.00 sec   317 KBytes  2.60 Mbits/sec  0.373 ms  0/4060 (0%)  
[  5] 134.00-135.00 sec   319 KBytes  2.61 Mbits/sec  0.331 ms  0/4080 (0%)  
[  5] 135.00-136.00 sec   313 KBytes  2.57 Mbits/sec  0.309 ms  0/4010 (0%)  
[  5] 136.00-137.00 sec   316 KBytes  2.59 Mbits/sec  0.381 ms  0/4048 (0%)  
[  5] 137.00-138.00 sec   290 KBytes  2.38 Mbits/sec  0.416 ms  0/3716 (0%)  
[  5] 138.00-139.00 sec   308 KBytes  2.53 Mbits/sec  0.418 ms  0/3946 (0%)  
[  5] 139.00-140.00 sec   319 KBytes  2.61 Mbits/sec  0.395 ms  0/4086 (0%)  
[  5] 140.00-141.00 sec   305 KBytes  2.50 Mbits/sec  0.341 ms  0/3902 (0%)  
[  5] 141.00-142.00 sec   307 KBytes  2.52 Mbits/sec  0.369 ms  0/3932 (0%)  
[  5] 142.00-143.00 sec   319 KBytes  2.62 Mbits/sec  0.369 ms  0/4086 (0%)  
[  5] 143.00-144.00 sec   311 KBytes  2.55 Mbits/sec  0.445 ms  0/3978 (0%)  
[  5] 144.00-145.00 sec   321 KBytes  2.63 Mbits/sec  0.373 ms  0/4106 (0%)  
[  5] 145.00-146.00 sec   325 KBytes  2.66 Mbits/sec  0.389 ms  0/4164 (0%)  
[  5] 146.00-147.00 sec   332 KBytes  2.72 Mbits/sec  0.327 ms  0/4246 (0%)  
[  5] 147.00-148.00 sec   333 KBytes  2.72 Mbits/sec  0.501 ms  0/4259 (0%)  
[  5] 148.00-149.00 sec   326 KBytes  2.67 Mbits/sec  0.424 ms  0/4175 (0%)  
[  5] 149.00-150.00 sec   316 KBytes  2.58 Mbits/sec  0.413 ms  0/4050 (0%)  
[  5] 150.00-151.00 sec   321 KBytes  2.64 Mbits/sec  0.483 ms  0/4112 (0%)  
[  5] 151.00-152.00 sec   333 KBytes  2.73 Mbits/sec  0.348 ms  0/4264 (0%)  
[  5] 152.00-153.00 sec   330 KBytes  2.70 Mbits/sec  0.309 ms  0/4220 (0%)  
[  5] 153.00-154.00 sec   305 KBytes  2.50 Mbits/sec  0.333 ms  0/3899 (0%)  
[  5] 154.00-155.00 sec   305 KBytes  2.50 Mbits/sec  0.347 ms  0/3904 (0%)  
[  5] 155.00-156.00 sec   304 KBytes  2.49 Mbits/sec  0.514 ms  0/3894 (0%)  
[  5] 156.00-157.00 sec   302 KBytes  2.47 Mbits/sec  0.308 ms  0/3860 (0%)  
[  5] 157.00-158.00 sec   309 KBytes  2.53 Mbits/sec  0.310 ms  0/3958 (0%)  
[  5] 158.00-159.00 sec   305 KBytes  2.50 Mbits/sec  0.359 ms  0/3910 (0%)  
[  5] 159.00-160.00 sec   305 KBytes  2.50 Mbits/sec  0.390 ms  0/3910 (0%)  
[  5] 160.00-161.00 sec   305 KBytes  2.50 Mbits/sec  0.318 ms  0/3910 (0%)  
[  5] 161.00-162.00 sec   305 KBytes  2.50 Mbits/sec  0.325 ms  0/3905 (0%)  
[  5] 162.00-163.00 sec   305 KBytes  2.50 Mbits/sec  0.404 ms  0/3902 (0%)  
[  5] 163.00-164.00 sec   302 KBytes  2.47 Mbits/sec  0.323 ms  0/3861 (0%)  
[  5] 164.00-165.00 sec   309 KBytes  2.53 Mbits/sec  0.459 ms  0/3953 (0%)  
[  5] 165.00-166.00 sec   305 KBytes  2.50 Mbits/sec  0.243 ms  0/3899 (0%)  
[  5] 166.00-167.00 sec   306 KBytes  2.50 Mbits/sec  0.335 ms  0/3915 (0%)  
[  5] 167.00-168.00 sec   305 KBytes  2.50 Mbits/sec  0.336 ms  0/3906 (0%)  
[  5] 168.00-169.00 sec   306 KBytes  2.50 Mbits/sec  0.283 ms  0/3912 (0%)  
[  5] 169.00-170.00 sec   304 KBytes  2.49 Mbits/sec  0.493 ms  0/3892 (0%)  
[  5] 170.00-171.00 sec   306 KBytes  2.50 Mbits/sec  0.317 ms  0/3911 (0%)  
[  5] 171.00-172.00 sec   305 KBytes  2.50 Mbits/sec  0.311 ms  0/3908 (0%)  
[  5] 172.00-173.00 sec   301 KBytes  2.46 Mbits/sec  0.375 ms  0/3849 (0%)  
[  5] 173.00-174.00 sec   302 KBytes  2.47 Mbits/sec  0.349 ms  0/3864 (0%)  
[  5] 174.00-175.00 sec   302 KBytes  2.48 Mbits/sec  0.355 ms  0/3870 (0%)  
[  5] 175.00-176.00 sec   314 KBytes  2.57 Mbits/sec  0.304 ms  0/4016 (0%)  
[  5] 176.00-177.00 sec   308 KBytes  2.52 Mbits/sec  0.377 ms  0/3938 (0%)  
