Connecting to host 172.22.0.50, port 5201
Reverse mode, remote host 172.22.0.50 is sending
[  5] local 192.168.100.2 port 51983 connected to 172.22.0.50 port 5201
[ ID] Interval           Transfer     Bitrate         Jitter    Lost/Total Datagrams
[  5]   0.00-1.00   sec   490 KBytes  4.01 Mbits/sec  0.870 ms  0/418 (0%)  
[  5]   1.00-2.00   sec   489 KBytes  4.00 Mbits/sec  0.979 ms  0/417 (0%)  
[  5]   2.00-3.00   sec   489 KBytes  4.00 Mbits/sec  0.990 ms  0/417 (0%)  
[  5]   3.00-4.00   sec   488 KBytes  3.99 Mbits/sec  0.936 ms  0/416 (0%)  
[  5]   4.00-5.00   sec   489 KBytes  4.00 Mbits/sec  0.692 ms  0/417 (0%)  
[  5]   5.00-6.00   sec   488 KBytes  3.99 Mbits/sec  0.946 ms  0/416 (0%)  
[  5]   6.00-7.00   sec   489 KBytes  4.00 Mbits/sec  0.840 ms  0/417 (0%)  
[  5]   7.00-8.00   sec   488 KBytes  3.99 Mbits/sec  0.901 ms  0/416 (0%)  
[  5]   8.00-9.00   sec   490 KBytes  4.01 Mbits/sec  1.012 ms  0/418 (0%)  
[  5]   9.00-10.00  sec   488 KBytes  3.99 Mbits/sec  0.846 ms  0/416 (0%)  
[  5]  10.00-11.00  sec   489 KBytes  4.00 Mbits/sec  0.855 ms  0/417 (0%)  
[  5]  11.00-12.00  sec   488 KBytes  4.00 Mbits/sec  0.933 ms  0/416 (0%)  
[  5]  12.00-13.00  sec   489 KBytes  4.00 Mbits/sec  0.952 ms  0/417 (0%)  
[  5]  13.00-14.00  sec   489 KBytes  4.00 Mbits/sec  0.958 ms  0/417 (0%)  
[  5]  14.00-15.00  sec   488 KBytes  3.99 Mbits/sec  0.628 ms  0/416 (0%)  
[  5]  15.00-16.00  sec   486 KBytes  3.99 Mbits/sec  1.061 ms  0/416 (0%)  
[  5]  16.00-17.00  sec   490 KBytes  4.01 Mbits/sec  0.819 ms  0/418 (0%)  
[  5]  17.00-18.00  sec   488 KBytes  3.99 Mbits/sec  0.672 ms  0/416 (0%)  
[  5]  18.00-19.00  sec   489 KBytes  4.00 Mbits/sec  0.998 ms  0/417 (0%)  
[  5]  19.00-20.00  sec   489 KBytes  4.00 Mbits/sec  0.680 ms  0/417 (0%)  
[  5]  20.00-21.00  sec   489 KBytes  4.00 Mbits/sec  1.009 ms  0/417 (0%)  
[  5]  21.00-22.00  sec   488 KBytes  3.99 Mbits/sec  0.964 ms  0/416 (0%)  
[  5]  22.00-23.00  sec   488 KBytes  3.99 Mbits/sec  0.767 ms  0/416 (0%)  
[  5]  23.00-24.00  sec   489 KBytes  4.00 Mbits/sec  0.652 ms  0/417 (0%)  
[  5]  24.00-25.00  sec   489 KBytes  4.00 Mbits/sec  0.586 ms  0/417 (0%)  
[  5]  25.00-26.00  sec   489 KBytes  4.00 Mbits/sec  0.845 ms  0/417 (0%)  
[  5]  26.00-27.00  sec   488 KBytes  3.99 Mbits/sec  1.229 ms  0/416 (0%)  
[  5]  27.00-28.00  sec   489 KBytes  4.00 Mbits/sec  1.216 ms  0/417 (0%)  
[  5]  28.00-29.00  sec   489 KBytes  4.00 Mbits/sec  0.877 ms  0/417 (0%)  
[  5]  29.00-30.00  sec   489 KBytes  4.00 Mbits/sec  0.875 ms  0/417 (0%)  
[  5]  30.00-31.00  sec   488 KBytes  3.99 Mbits/sec  0.701 ms  0/416 (0%)  
[  5]  31.00-32.00  sec   489 KBytes  4.00 Mbits/sec  0.806 ms  0/417 (0%)  
[  5]  32.00-33.00  sec   488 KBytes  3.99 Mbits/sec  0.844 ms  0/416 (0%)  
[  5]  33.00-34.00  sec   489 KBytes  4.00 Mbits/sec  0.768 ms  0/417 (0%)  
[  5]  34.00-35.00  sec   489 KBytes  4.00 Mbits/sec  0.845 ms  0/417 (0%)  
[  5]  35.00-36.00  sec   488 KBytes  3.99 Mbits/sec  0.944 ms  0/416 (0%)  
[  5]  36.00-37.00  sec   489 KBytes  4.00 Mbits/sec  0.874 ms  0/417 (0%)  
[  5]  37.00-38.00  sec   489 KBytes  4.00 Mbits/sec  0.757 ms  0/417 (0%)  
[  5]  38.00-39.00  sec   489 KBytes  4.00 Mbits/sec  0.836 ms  0/417 (0%)  
[  5]  39.00-40.00  sec   488 KBytes  3.99 Mbits/sec  0.986 ms  0/416 (0%)  
[  5]  40.00-41.00  sec   489 KBytes  4.00 Mbits/sec  0.624 ms  0/417 (0%)  
[  5]  41.00-42.00  sec   488 KBytes  3.99 Mbits/sec  0.747 ms  0/416 (0%)  
[  5]  42.00-43.00  sec   489 KBytes  4.00 Mbits/sec  0.699 ms  0/417 (0%)  
[  5]  43.00-44.00  sec   489 KBytes  4.00 Mbits/sec  0.715 ms  0/417 (0%)  
[  5]  44.00-45.00  sec   489 KBytes  4.00 Mbits/sec  0.943 ms  0/417 (0%)  
[  5]  45.00-46.00  sec   488 KBytes  3.99 Mbits/sec  0.949 ms  0/416 (0%)  
[  5]  46.00-47.00  sec   489 KBytes  4.00 Mbits/sec  0.922 ms  0/417 (0%)  
[  5]  47.00-48.00  sec   489 KBytes  4.00 Mbits/sec  1.039 ms  0/417 (0%)  
[  5]  48.00-49.00  sec   488 KBytes  3.99 Mbits/sec  1.158 ms  0/416 (0%)  
[  5]  49.00-50.00  sec   489 KBytes  4.00 Mbits/sec  0.789 ms  0/417 (0%)  
[  5]  50.00-51.00  sec   489 KBytes  4.00 Mbits/sec  0.902 ms  0/417 (0%)  
[  5]  51.00-52.00  sec   488 KBytes  3.99 Mbits/sec  0.746 ms  0/416 (0%)  
[  5]  52.00-53.00  sec   489 KBytes  4.00 Mbits/sec  0.851 ms  0/417 (0%)  
[  5]  53.00-54.00  sec   488 KBytes  3.99 Mbits/sec  0.860 ms  0/416 (0%)  
[  5]  54.00-55.00  sec   489 KBytes  4.00 Mbits/sec  1.378 ms  0/417 (0%)  
[  5]  55.00-56.00  sec   488 KBytes  3.99 Mbits/sec  0.881 ms  0/416 (0%)  
[  5]  56.00-57.00  sec   489 KBytes  4.00 Mbits/sec  1.227 ms  0/417 (0%)  
[  5]  57.00-58.00  sec   489 KBytes  4.00 Mbits/sec  0.852 ms  0/417 (0%)  
[  5]  58.00-59.00  sec   489 KBytes  4.00 Mbits/sec  0.805 ms  0/417 (0%)  
[  5]  59.00-60.00  sec   489 KBytes  4.00 Mbits/sec  0.845 ms  0/417 (0%)  
[  5]  60.00-61.00  sec   486 KBytes  3.98 Mbits/sec  0.912 ms  0/415 (0%)  
[  5]  61.00-62.00  sec   490 KBytes  4.01 Mbits/sec  1.031 ms  0/418 (0%)  
[  5]  62.00-63.00  sec   489 KBytes  4.00 Mbits/sec  1.235 ms  0/417 (0%)  
[  5]  63.00-64.00  sec   486 KBytes  3.98 Mbits/sec  0.909 ms  0/415 (0%)  
[  5]  64.00-65.00  sec   490 KBytes  4.01 Mbits/sec  0.853 ms  0/418 (0%)  
[  5]  65.00-66.00  sec   488 KBytes  3.99 Mbits/sec  1.098 ms  0/416 (0%)  
[  5]  66.00-67.00  sec   489 KBytes  4.00 Mbits/sec  1.040 ms  0/417 (0%)  
[  5]  67.00-68.00  sec   489 KBytes  4.00 Mbits/sec  1.155 ms  0/417 (0%)  
[  5]  68.00-69.00  sec   488 KBytes  3.99 Mbits/sec  1.010 ms  0/416 (0%)  
[  5]  69.00-70.00  sec   489 KBytes  4.00 Mbits/sec  1.017 ms  0/417 (0%)  
[  5]  70.00-71.00  sec   489 KBytes  4.00 Mbits/sec  0.755 ms  0/417 (0%)  
[  5]  71.00-72.00  sec   488 KBytes  3.99 Mbits/sec  0.947 ms  0/416 (0%)  
[  5]  72.00-73.00  sec   489 KBytes  4.00 Mbits/sec  0.869 ms  0/417 (0%)  
[  5]  73.00-74.00  sec   488 KBytes  3.99 Mbits/sec  0.883 ms  0/416 (0%)  
[  5]  74.00-75.00  sec   489 KBytes  4.00 Mbits/sec  0.692 ms  0/417 (0%)  
[  5]  75.00-76.00  sec   489 KBytes  4.00 Mbits/sec  0.937 ms  0/417 (0%)  
[  5]  76.00-77.00  sec   488 KBytes  3.99 Mbits/sec  0.922 ms  0/416 (0%)  
[  5]  77.00-78.00  sec   490 KBytes  4.01 Mbits/sec  0.580 ms  0/418 (0%)  
[  5]  78.00-79.00  sec   485 KBytes  3.97 Mbits/sec  1.141 ms  0/414 (0%)  
[  5]  79.00-80.00  sec   490 KBytes  4.01 Mbits/sec  1.031 ms  0/418 (0%)  
[  5]  80.00-81.00  sec   489 KBytes  4.00 Mbits/sec  0.920 ms  0/417 (0%)  
[  5]  81.00-82.00  sec   488 KBytes  3.99 Mbits/sec  0.887 ms  0/416 (0%)  
[  5]  82.00-83.00  sec   490 KBytes  4.01 Mbits/sec  0.702 ms  0/418 (0%)  
[  5]  83.00-84.00  sec   488 KBytes  3.99 Mbits/sec  0.713 ms  0/416 (0%)  
[  5]  84.00-85.00  sec   489 KBytes  4.00 Mbits/sec  0.812 ms  0/417 (0%)  
[  5]  85.00-86.00  sec   489 KBytes  4.00 Mbits/sec  0.815 ms  0/417 (0%)  
[  5]  86.00-87.00  sec   488 KBytes  3.99 Mbits/sec  0.968 ms  0/416 (0%)  
[  5]  87.00-88.00  sec   489 KBytes  4.00 Mbits/sec  0.783 ms  0/417 (0%)  
[  5]  88.00-89.00  sec   489 KBytes  4.00 Mbits/sec  0.577 ms  0/417 (0%)  
[  5]  89.00-90.00  sec   486 KBytes  3.98 Mbits/sec  1.239 ms  0/415 (0%)  
[  5]  90.00-91.00  sec   490 KBytes  4.01 Mbits/sec  0.782 ms  0/418 (0%)  
[  5]  91.00-92.00  sec   488 KBytes  3.99 Mbits/sec  1.016 ms  0/416 (0%)  
[  5]  92.00-93.00  sec   490 KBytes  4.01 Mbits/sec  0.755 ms  0/418 (0%)  
[  5]  93.00-94.00  sec   488 KBytes  3.99 Mbits/sec  1.148 ms  0/416 (0%)  
[  5]  94.00-95.00  sec   489 KBytes  4.00 Mbits/sec  0.531 ms  0/417 (0%)  
[  5]  95.00-96.00  sec   489 KBytes  4.00 Mbits/sec  0.986 ms  0/417 (0%)  
[  5]  96.00-97.00  sec   486 KBytes  3.98 Mbits/sec  0.825 ms  0/415 (0%)  
[  5]  97.00-98.00  sec   490 KBytes  4.01 Mbits/sec  0.649 ms  0/418 (0%)  
[  5]  98.00-99.00  sec   489 KBytes  4.00 Mbits/sec  1.040 ms  0/417 (0%)  
[  5]  99.00-100.00 sec   488 KBytes  3.99 Mbits/sec  0.825 ms  0/416 (0%)  
[  5] 100.00-101.00 sec   489 KBytes  4.00 Mbits/sec  0.822 ms  0/417 (0%)  
[  5] 101.00-102.00 sec   486 KBytes  3.98 Mbits/sec  1.127 ms  0/415 (0%)  
[  5] 102.00-103.00 sec   489 KBytes  4.00 Mbits/sec  1.351 ms  0/417 (0%)  
[  5] 103.00-104.00 sec   490 KBytes  4.01 Mbits/sec  1.098 ms  0/418 (0%)  
[  5] 104.00-105.00 sec   488 KBytes  3.99 Mbits/sec  1.133 ms  0/416 (0%)  
[  5] 105.00-106.00 sec   489 KBytes  4.00 Mbits/sec  0.970 ms  0/417 (0%)  
[  5] 106.00-107.00 sec   488 KBytes  3.99 Mbits/sec  0.981 ms  0/416 (0%)  
[  5] 107.00-108.00 sec   490 KBytes  4.01 Mbits/sec  0.989 ms  0/418 (0%)  
[  5] 108.00-109.00 sec   488 KBytes  3.99 Mbits/sec  0.911 ms  0/416 (0%)  
[  5] 109.00-110.00 sec   489 KBytes  4.00 Mbits/sec  1.095 ms  0/417 (0%)  
[  5] 110.00-111.00 sec   488 KBytes  3.99 Mbits/sec  1.440 ms  0/416 (0%)  
[  5] 111.00-112.00 sec   489 KBytes  4.00 Mbits/sec  1.210 ms  0/417 (0%)  
[  5] 112.00-113.00 sec   489 KBytes  4.00 Mbits/sec  1.568 ms  0/417 (0%)  
[  5] 113.00-114.00 sec   488 KBytes  3.99 Mbits/sec  1.214 ms  0/416 (0%)  
[  5] 114.00-115.00 sec   489 KBytes  4.00 Mbits/sec  0.625 ms  0/417 (0%)  
[  5] 115.00-116.00 sec   489 KBytes  4.00 Mbits/sec  1.028 ms  0/417 (0%)  
[  5] 116.00-117.00 sec   488 KBytes  3.99 Mbits/sec  0.878 ms  0/416 (0%)  
[  5] 117.00-118.00 sec   489 KBytes  4.00 Mbits/sec  0.855 ms  0/417 (0%)  
[  5] 118.00-119.00 sec   488 KBytes  3.99 Mbits/sec  1.013 ms  0/416 (0%)  
[  5] 119.00-120.00 sec   488 KBytes  3.99 Mbits/sec  0.939 ms  0/417 (0%)  
[  5] 120.00-121.00 sec   489 KBytes  4.00 Mbits/sec  0.707 ms  0/417 (0%)  
[  5] 121.00-122.00 sec   489 KBytes  4.00 Mbits/sec  0.640 ms  0/417 (0%)  
[  5] 122.00-123.00 sec   488 KBytes  3.99 Mbits/sec  1.109 ms  0/416 (0%)  
[  5] 123.00-124.00 sec   489 KBytes  4.00 Mbits/sec  0.822 ms  0/417 (0%)  
[  5] 124.00-125.00 sec   489 KBytes  4.00 Mbits/sec  0.932 ms  0/417 (0%)  
[  5] 125.00-126.00 sec   489 KBytes  4.00 Mbits/sec  0.816 ms  0/417 (0%)  
[  5] 126.00-127.00 sec   488 KBytes  3.99 Mbits/sec  1.055 ms  0/416 (0%)  
[  5] 127.00-128.00 sec   488 KBytes  4.00 Mbits/sec  0.904 ms  0/416 (0%)  
[  5] 128.00-129.00 sec   489 KBytes  4.00 Mbits/sec  0.626 ms  0/417 (0%)  
[  5] 129.00-130.00 sec   489 KBytes  4.00 Mbits/sec  1.311 ms  0/417 (0%)  
[  5] 130.00-131.00 sec   488 KBytes  3.99 Mbits/sec  1.089 ms  0/416 (0%)  
[  5] 131.00-132.00 sec   490 KBytes  4.02 Mbits/sec  0.949 ms  0/418 (0%)  
[  5] 132.00-133.00 sec   488 KBytes  3.99 Mbits/sec  0.767 ms  0/416 (0%)  
[  5] 133.00-134.00 sec   489 KBytes  4.00 Mbits/sec  1.040 ms  0/417 (0%)  
[  5] 134.00-135.00 sec   488 KBytes  3.99 Mbits/sec  0.738 ms  0/416 (0%)  
[  5] 135.00-136.00 sec   489 KBytes  4.00 Mbits/sec  1.094 ms  0/417 (0%)  
[  5] 136.00-137.00 sec   488 KBytes  3.99 Mbits/sec  0.711 ms  0/416 (0%)  
[  5] 137.00-138.00 sec   489 KBytes  4.00 Mbits/sec  1.157 ms  0/417 (0%)  
[  5] 138.00-139.00 sec   489 KBytes  4.00 Mbits/sec  1.129 ms  0/417 (0%)  
[  5] 139.00-140.00 sec   489 KBytes  4.00 Mbits/sec  0.891 ms  0/417 (0%)  
[  5] 140.00-141.00 sec   488 KBytes  3.99 Mbits/sec  0.981 ms  0/416 (0%)  
[  5] 141.00-142.00 sec   489 KBytes  4.00 Mbits/sec  0.871 ms  0/417 (0%)  
[  5] 142.00-143.00 sec   489 KBytes  4.00 Mbits/sec  0.556 ms  0/417 (0%)  
[  5] 143.00-144.00 sec   489 KBytes  4.00 Mbits/sec  0.988 ms  0/417 (0%)  
[  5] 144.00-145.00 sec   488 KBytes  3.99 Mbits/sec  0.930 ms  0/416 (0%)  
[  5] 145.00-146.00 sec   489 KBytes  4.00 Mbits/sec  0.607 ms  0/417 (0%)  
[  5] 146.00-147.00 sec   489 KBytes  4.00 Mbits/sec  0.859 ms  0/417 (0%)  
[  5] 147.00-148.00 sec   488 KBytes  3.99 Mbits/sec  1.139 ms  0/416 (0%)  
[  5] 148.00-149.00 sec   489 KBytes  4.00 Mbits/sec  1.067 ms  0/417 (0%)  
[  5] 149.00-150.00 sec   489 KBytes  4.01 Mbits/sec  0.483 ms  0/417 (0%)  
[  5] 150.00-151.00 sec   488 KBytes  3.99 Mbits/sec  0.666 ms  0/416 (0%)  
[  5] 151.00-152.00 sec   488 KBytes  3.99 Mbits/sec  1.018 ms  0/416 (0%)  
