Connecting to host 172.22.0.50, port 5201
Reverse mode, remote host 172.22.0.50 is sending
[  5] local 192.168.100.2 port 52148 connected to 172.22.0.50 port 5201
[ ID] Interval           Transfer     Bitrate         Jitter    Lost/Total Datagrams
[  5]   0.00-1.00   sec   490 KBytes  4.01 Mbits/sec  1.548 ms  0/418 (0%)  
[  5]   1.00-2.00   sec   488 KBytes  3.99 Mbits/sec  1.577 ms  0/416 (0%)  
[  5]   2.00-3.00   sec   490 KBytes  4.01 Mbits/sec  1.255 ms  0/418 (0%)  
[  5]   3.00-4.00   sec   488 KBytes  3.99 Mbits/sec  1.047 ms  0/416 (0%)  
[  5]   4.00-5.00   sec   489 KBytes  4.00 Mbits/sec  1.182 ms  0/417 (0%)  
[  5]   5.00-6.00   sec   488 KBytes  3.99 Mbits/sec  1.544 ms  0/416 (0%)  
[  5]   6.00-7.00   sec   489 KBytes  4.00 Mbits/sec  1.334 ms  0/417 (0%)  
[  5]   7.00-8.00   sec   489 KBytes  4.00 Mbits/sec  1.121 ms  0/417 (0%)  
[  5]   8.00-9.00   sec   488 KBytes  3.99 Mbits/sec  0.982 ms  0/416 (0%)  
[  5]   9.00-10.00  sec   490 KBytes  4.01 Mbits/sec  0.950 ms  0/418 (0%)  
[  5]  10.00-11.00  sec   488 KBytes  3.99 Mbits/sec  1.189 ms  0/416 (0%)  
[  5]  11.00-12.00  sec   489 KBytes  4.00 Mbits/sec  0.970 ms  0/417 (0%)  
[  5]  12.00-13.00  sec   488 KBytes  3.99 Mbits/sec  1.110 ms  0/416 (0%)  
[  5]  13.00-14.00  sec   489 KBytes  4.00 Mbits/sec  0.995 ms  0/417 (0%)  
[  5]  14.00-15.00  sec   488 KBytes  3.99 Mbits/sec  1.294 ms  0/416 (0%)  
[  5]  15.00-16.00  sec   489 KBytes  4.00 Mbits/sec  0.779 ms  0/417 (0%)  
[  5]  16.00-17.00  sec   489 KBytes  4.00 Mbits/sec  1.831 ms  0/417 (0%)  
[  5]  17.00-18.00  sec   488 KBytes  3.99 Mbits/sec  1.092 ms  0/416 (0%)  
[  5]  18.00-19.00  sec   489 KBytes  4.00 Mbits/sec  1.203 ms  0/417 (0%)  
[  5]  19.00-20.00  sec   489 KBytes  4.00 Mbits/sec  0.960 ms  0/417 (0%)  
[  5]  20.00-21.00  sec   488 KBytes  3.99 Mbits/sec  0.972 ms  0/416 (0%)  
[  5]  21.00-22.00  sec   488 KBytes  3.99 Mbits/sec  1.251 ms  0/416 (0%)  
[  5]  22.00-23.00  sec   490 KBytes  4.01 Mbits/sec  0.981 ms  0/418 (0%)  
[  5]  23.00-24.00  sec   488 KBytes  3.99 Mbits/sec  0.820 ms  0/416 (0%)  
[  5]  24.00-25.00  sec   489 KBytes  4.00 Mbits/sec  1.137 ms  0/417 (0%)  
[  5]  25.00-26.00  sec   489 KBytes  4.00 Mbits/sec  0.793 ms  0/417 (0%)  
[  5]  26.00-27.00  sec   489 KBytes  4.00 Mbits/sec  1.155 ms  0/417 (0%)  
[  5]  27.00-28.00  sec   488 KBytes  3.99 Mbits/sec  1.006 ms  0/416 (0%)  
[  5]  28.00-29.00  sec   489 KBytes  4.00 Mbits/sec  0.925 ms  0/417 (0%)  
[  5]  29.00-30.00  sec   488 KBytes  3.99 Mbits/sec  1.150 ms  0/416 (0%)  
[  5]  30.00-31.00  sec   489 KBytes  4.00 Mbits/sec  0.989 ms  0/417 (0%)  
[  5]  31.00-32.00  sec   489 KBytes  4.00 Mbits/sec  0.956 ms  0/417 (0%)  
[  5]  32.00-33.00  sec   488 KBytes  3.99 Mbits/sec  1.257 ms  0/416 (0%)  
[  5]  33.00-34.00  sec   489 KBytes  4.00 Mbits/sec  1.221 ms  0/417 (0%)  
[  5]  34.00-35.00  sec   486 KBytes  3.98 Mbits/sec  1.772 ms  0/415 (0%)  
[  5]  35.00-36.00  sec   491 KBytes  4.02 Mbits/sec  1.230 ms  0/419 (0%)  
[  5]  36.00-37.01  sec   489 KBytes  3.98 Mbits/sec  1.506 ms  0/417 (0%)  
[  5]  37.01-38.00  sec   488 KBytes  4.01 Mbits/sec  1.192 ms  0/416 (0%)  
[  5]  38.00-39.00  sec   488 KBytes  3.99 Mbits/sec  1.038 ms  0/416 (0%)  
[  5]  39.00-40.00  sec   489 KBytes  4.00 Mbits/sec  1.156 ms  0/417 (0%)  
[  5]  40.00-41.00  sec   473 KBytes  3.88 Mbits/sec  3.533 ms  0/404 (0%)  
[  5]  41.00-42.00  sec   504 KBytes  4.13 Mbits/sec  1.203 ms  0/430 (0%)  
[  5]  42.00-43.00  sec   488 KBytes  3.99 Mbits/sec  1.265 ms  0/416 (0%)  
[  5]  43.00-44.00  sec   488 KBytes  3.99 Mbits/sec  1.639 ms  0/416 (0%)  
[  5]  44.00-45.00  sec   488 KBytes  3.99 Mbits/sec  1.327 ms  0/416 (0%)  
[  5]  45.00-46.00  sec   491 KBytes  4.02 Mbits/sec  1.695 ms  0/419 (0%)  
[  5]  46.00-47.00  sec   488 KBytes  4.00 Mbits/sec  1.127 ms  0/416 (0%)  
[  5]  47.00-48.00  sec   489 KBytes  4.00 Mbits/sec  1.460 ms  0/417 (0%)  
[  5]  48.00-49.00  sec   488 KBytes  4.00 Mbits/sec  1.322 ms  0/416 (0%)  
[  5]  49.00-50.00  sec   489 KBytes  4.00 Mbits/sec  1.020 ms  0/417 (0%)  
[  5]  50.00-51.00  sec   489 KBytes  4.00 Mbits/sec  1.130 ms  0/417 (0%)  
[  5]  51.00-52.00  sec   489 KBytes  4.00 Mbits/sec  1.302 ms  0/417 (0%)  
[  5]  52.00-53.00  sec   486 KBytes  3.98 Mbits/sec  1.440 ms  0/415 (0%)  
[  5]  53.00-54.00  sec   490 KBytes  4.01 Mbits/sec  1.216 ms  0/418 (0%)  
[  5]  54.00-55.00  sec   488 KBytes  3.99 Mbits/sec  1.554 ms  0/416 (0%)  
[  5]  55.00-56.00  sec   486 KBytes  3.98 Mbits/sec  1.330 ms  0/415 (0%)  
[  5]  56.00-57.00  sec   491 KBytes  4.02 Mbits/sec  1.373 ms  0/419 (0%)  
[  5]  57.00-58.00  sec   488 KBytes  4.00 Mbits/sec  1.058 ms  0/416 (0%)  
[  5]  58.00-59.00  sec   488 KBytes  3.99 Mbits/sec  1.354 ms  0/416 (0%)  
[  5]  59.00-60.00  sec   489 KBytes  4.00 Mbits/sec  1.215 ms  0/417 (0%)  
[  5]  60.00-61.00  sec   489 KBytes  4.01 Mbits/sec  1.056 ms  0/417 (0%)  
[  5]  61.00-62.00  sec   489 KBytes  4.01 Mbits/sec  1.275 ms  0/417 (0%)  
[  5]  62.00-63.00  sec   489 KBytes  4.00 Mbits/sec  1.043 ms  0/417 (0%)  
[  5]  63.00-64.00  sec   486 KBytes  3.99 Mbits/sec  1.223 ms  0/415 (0%)  
[  5]  64.00-65.00  sec   490 KBytes  4.01 Mbits/sec  1.013 ms  0/418 (0%)  
[  5]  65.00-66.00  sec   489 KBytes  4.00 Mbits/sec  1.349 ms  0/417 (0%)  
[  5]  66.00-67.00  sec   488 KBytes  3.99 Mbits/sec  1.122 ms  0/416 (0%)  
[  5]  67.00-68.00  sec   489 KBytes  4.00 Mbits/sec  1.378 ms  0/417 (0%)  
[  5]  68.00-69.00  sec   489 KBytes  4.00 Mbits/sec  1.282 ms  0/417 (0%)  
[  5]  69.00-70.00  sec   486 KBytes  3.98 Mbits/sec  1.478 ms  0/415 (0%)  
[  5]  70.00-71.00  sec   490 KBytes  4.01 Mbits/sec  1.598 ms  0/418 (0%)  
[  5]  71.00-72.00  sec   489 KBytes  4.00 Mbits/sec  1.246 ms  0/417 (0%)  
[  5]  72.00-73.00  sec   488 KBytes  3.99 Mbits/sec  1.346 ms  0/416 (0%)  
[  5]  73.00-74.00  sec   489 KBytes  4.00 Mbits/sec  1.139 ms  0/417 (0%)  
[  5]  74.00-75.00  sec   489 KBytes  4.00 Mbits/sec  1.551 ms  0/417 (0%)  
[  5]  75.00-76.00  sec   486 KBytes  3.98 Mbits/sec  1.312 ms  0/415 (0%)  
[  5]  76.00-77.00  sec   490 KBytes  4.02 Mbits/sec  0.834 ms  0/418 (0%)  
[  5]  77.00-78.00  sec   489 KBytes  4.00 Mbits/sec  1.003 ms  0/417 (0%)  
[  5]  78.00-79.00  sec   489 KBytes  4.00 Mbits/sec  1.036 ms  0/417 (0%)  
[  5]  79.00-80.00  sec   488 KBytes  3.99 Mbits/sec  1.047 ms  0/416 (0%)  
[  5]  80.00-81.00  sec   488 KBytes  3.99 Mbits/sec  1.015 ms  0/416 (0%)  
[  5]  81.00-82.00  sec   489 KBytes  4.00 Mbits/sec  1.006 ms  0/417 (0%)  
[  5]  82.00-83.00  sec   489 KBytes  4.00 Mbits/sec  1.127 ms  0/417 (0%)  
[  5]  83.00-84.00  sec   488 KBytes  3.99 Mbits/sec  1.097 ms  0/416 (0%)  
[  5]  84.00-85.00  sec   490 KBytes  4.01 Mbits/sec  0.807 ms  0/418 (0%)  
[  5]  85.00-86.00  sec   488 KBytes  3.99 Mbits/sec  0.992 ms  0/416 (0%)  
[  5]  86.00-87.00  sec   488 KBytes  3.99 Mbits/sec  1.041 ms  0/416 (0%)  
[  5]  87.00-88.00  sec   489 KBytes  4.01 Mbits/sec  0.916 ms  0/418 (0%)  
[  5]  88.00-89.00  sec   488 KBytes  3.99 Mbits/sec  1.096 ms  0/416 (0%)  
[  5]  89.00-90.00  sec   488 KBytes  3.99 Mbits/sec  1.163 ms  0/416 (0%)  
[  5]  90.00-91.00  sec   490 KBytes  4.01 Mbits/sec  0.828 ms  0/418 (0%)  
[  5]  91.00-92.00  sec   488 KBytes  3.99 Mbits/sec  1.049 ms  0/416 (0%)  
[  5]  92.00-93.00  sec   489 KBytes  4.00 Mbits/sec  0.934 ms  0/417 (0%)  
[  5]  93.00-94.00  sec   488 KBytes  3.99 Mbits/sec  1.286 ms  0/416 (0%)  
[  5]  94.00-95.00  sec   489 KBytes  4.00 Mbits/sec  0.887 ms  0/417 (0%)  
[  5]  95.00-96.00  sec   489 KBytes  4.00 Mbits/sec  1.306 ms  0/417 (0%)  
[  5]  96.00-97.00  sec   488 KBytes  3.99 Mbits/sec  0.865 ms  0/416 (0%)  
[  5]  97.00-98.00  sec   489 KBytes  4.00 Mbits/sec  1.445 ms  0/417 (0%)  
[  5]  98.00-99.00  sec   488 KBytes  3.99 Mbits/sec  0.909 ms  0/416 (0%)  
[  5]  99.00-100.00 sec   489 KBytes  4.00 Mbits/sec  1.237 ms  0/417 (0%)  
[  5] 100.00-101.00 sec   488 KBytes  3.99 Mbits/sec  1.119 ms  0/416 (0%)  
[  5] 101.00-102.00 sec   490 KBytes  4.01 Mbits/sec  1.245 ms  0/418 (0%)  
[  5] 102.00-103.00 sec   489 KBytes  4.00 Mbits/sec  1.003 ms  0/417 (0%)  
[  5] 103.00-104.00 sec   488 KBytes  3.99 Mbits/sec  1.053 ms  0/416 (0%)  
[  5] 104.00-105.00 sec   489 KBytes  4.00 Mbits/sec  1.109 ms  0/417 (0%)  
[  5] 105.00-106.00 sec   488 KBytes  4.00 Mbits/sec  0.912 ms  0/416 (0%)  
[  5] 106.00-107.00 sec   489 KBytes  4.00 Mbits/sec  0.916 ms  0/417 (0%)  
[  5] 107.00-108.00 sec   489 KBytes  4.00 Mbits/sec  1.064 ms  0/417 (0%)  
[  5] 108.00-109.00 sec   488 KBytes  4.00 Mbits/sec  0.947 ms  0/416 (0%)  
[  5] 109.00-110.00 sec   489 KBytes  4.00 Mbits/sec  1.244 ms  0/417 (0%)  
[  5] 110.00-111.00 sec   489 KBytes  4.00 Mbits/sec  0.942 ms  0/417 (0%)  
[  5] 111.00-112.00 sec   489 KBytes  4.01 Mbits/sec  1.069 ms  0/417 (0%)  
[  5] 112.00-113.00 sec   488 KBytes  3.99 Mbits/sec  0.941 ms  0/416 (0%)  
[  5] 113.00-114.00 sec   489 KBytes  4.00 Mbits/sec  1.159 ms  0/417 (0%)  
[  5] 114.00-115.00 sec   489 KBytes  4.00 Mbits/sec  0.987 ms  0/417 (0%)  
[  5] 115.00-116.00 sec   488 KBytes  4.00 Mbits/sec  0.889 ms  0/416 (0%)  
[  5] 116.00-117.00 sec   488 KBytes  3.99 Mbits/sec  1.647 ms  0/416 (0%)  
[  5] 117.00-118.00 sec   489 KBytes  4.00 Mbits/sec  0.920 ms  0/417 (0%)  
[  5] 118.00-119.00 sec   489 KBytes  4.00 Mbits/sec  1.230 ms  0/417 (0%)  
[  5] 119.00-120.00 sec   488 KBytes  3.99 Mbits/sec  1.022 ms  0/416 (0%)  
[  5] 120.00-121.00 sec   490 KBytes  4.01 Mbits/sec  1.235 ms  0/418 (0%)  
[  5] 121.00-122.00 sec   488 KBytes  3.99 Mbits/sec  0.911 ms  0/416 (0%)  
[  5] 122.00-123.00 sec   489 KBytes  4.00 Mbits/sec  0.987 ms  0/417 (0%)  
[  5] 123.00-124.00 sec   489 KBytes  4.00 Mbits/sec  1.114 ms  0/417 (0%)  
[  5] 124.00-125.00 sec   488 KBytes  3.99 Mbits/sec  0.796 ms  0/416 (0%)  
[  5] 125.00-126.00 sec   489 KBytes  4.00 Mbits/sec  1.020 ms  0/417 (0%)  
[  5] 126.00-127.00 sec   488 KBytes  3.99 Mbits/sec  0.919 ms  0/416 (0%)  
[  5] 127.00-128.00 sec   488 KBytes  3.99 Mbits/sec  1.238 ms  0/416 (0%)  
[  5] 128.00-129.00 sec   489 KBytes  4.00 Mbits/sec  1.090 ms  0/417 (0%)  
[  5] 129.00-130.00 sec   489 KBytes  4.01 Mbits/sec  0.859 ms  0/417 (0%)  
[  5] 130.00-131.00 sec   489 KBytes  4.00 Mbits/sec  0.859 ms  0/417 (0%)  
[  5] 131.00-132.00 sec   489 KBytes  4.00 Mbits/sec  1.123 ms  0/417 (0%)  
[  5] 132.00-133.00 sec   488 KBytes  3.99 Mbits/sec  0.951 ms  0/416 (0%)  
[  5] 133.00-134.00 sec   489 KBytes  4.00 Mbits/sec  0.966 ms  0/417 (0%)  
[  5] 134.00-135.00 sec   489 KBytes  4.00 Mbits/sec  0.775 ms  0/417 (0%)  
[  5] 135.00-136.00 sec   488 KBytes  3.99 Mbits/sec  0.950 ms  0/416 (0%)  
[  5] 136.00-137.00 sec   489 KBytes  4.00 Mbits/sec  0.888 ms  0/417 (0%)  
[  5] 137.00-138.00 sec   489 KBytes  4.00 Mbits/sec  1.032 ms  0/417 (0%)  
[  5] 138.00-139.00 sec   488 KBytes  3.99 Mbits/sec  0.849 ms  0/416 (0%)  
[  5] 139.00-140.00 sec   489 KBytes  4.00 Mbits/sec  1.388 ms  0/417 (0%)  
[  5] 140.00-141.00 sec   488 KBytes  3.99 Mbits/sec  1.119 ms  0/416 (0%)  
[  5] 141.00-142.00 sec   490 KBytes  4.01 Mbits/sec  1.212 ms  0/418 (0%)  
[  5] 142.00-143.00 sec   488 KBytes  3.99 Mbits/sec  1.131 ms  0/416 (0%)  
[  5] 143.00-144.00 sec   488 KBytes  3.99 Mbits/sec  1.066 ms  0/416 (0%)  
[  5] 144.00-145.00 sec   489 KBytes  4.00 Mbits/sec  1.313 ms  0/417 (0%)  
[  5] 145.00-146.00 sec   488 KBytes  3.99 Mbits/sec  0.988 ms  0/416 (0%)  
[  5] 146.00-147.00 sec   490 KBytes  4.01 Mbits/sec  0.883 ms  0/418 (0%)  
[  5] 147.00-148.00 sec   488 KBytes  3.99 Mbits/sec  0.777 ms  0/416 (0%)  
[  5] 148.00-149.00 sec   489 KBytes  4.00 Mbits/sec  1.043 ms  0/417 (0%)  
[  5] 149.00-150.00 sec   489 KBytes  4.00 Mbits/sec  0.807 ms  0/417 (0%)  
[  5] 150.00-151.00 sec   488 KBytes  3.99 Mbits/sec  0.929 ms  0/416 (0%)  
[  5] 151.00-152.00 sec   489 KBytes  4.01 Mbits/sec  1.188 ms  0/417 (0%)  
[  5] 152.00-153.00 sec   489 KBytes  4.00 Mbits/sec  0.961 ms  0/417 (0%)  
[  5] 153.00-154.00 sec   488 KBytes  3.99 Mbits/sec  1.057 ms  0/416 (0%)  
