Connecting to host 172.22.0.50, port 5201
Reverse mode, remote host 172.22.0.50 is sending
[  5] local 192.168.100.2 port 37258 connected to 172.22.0.50 port 5201
[ ID] Interval           Transfer     Bitrate         Jitter    Lost/Total Datagrams
[  5]   0.00-1.00   sec   721 KBytes  5.90 Mbits/sec  1.229 ms  0/615 (0%)  
[  5]   1.00-2.00   sec   791 KBytes  6.48 Mbits/sec  1.015 ms  0/675 (0%)  
[  5]   2.00-3.00   sec   829 KBytes  6.79 Mbits/sec  0.873 ms  0/707 (0%)  
[  5]   3.00-4.00   sec   836 KBytes  6.84 Mbits/sec  0.988 ms  0/713 (0%)  
[  5]   4.00-5.00   sec   830 KBytes  6.80 Mbits/sec  0.869 ms  0/708 (0%)  
[  5]   5.00-6.00   sec   825 KBytes  6.76 Mbits/sec  0.896 ms  0/704 (0%)  
[  5]   6.00-7.00   sec   836 KBytes  6.85 Mbits/sec  0.939 ms  0/713 (0%)  
[  5]   7.00-8.00   sec   783 KBytes  6.41 Mbits/sec  0.868 ms  0/668 (0%)  
[  5]   8.00-9.00   sec   839 KBytes  6.87 Mbits/sec  0.880 ms  0/716 (0%)  
[  5]   9.00-10.00  sec   825 KBytes  6.76 Mbits/sec  0.811 ms  0/704 (0%)  
[  5]  10.00-11.00  sec   829 KBytes  6.79 Mbits/sec  0.917 ms  0/707 (0%)  
[  5]  11.00-12.00  sec   841 KBytes  6.89 Mbits/sec  0.837 ms  0/718 (0%)  
[  5]  12.00-13.00  sec   844 KBytes  6.91 Mbits/sec  0.754 ms  0/720 (0%)  
[  5]  13.00-14.00  sec   838 KBytes  6.87 Mbits/sec  0.931 ms  0/715 (0%)  
[  5]  14.00-15.00  sec   810 KBytes  6.63 Mbits/sec  0.992 ms  0/691 (0%)  
[  5]  15.00-16.00  sec   762 KBytes  6.24 Mbits/sec  0.963 ms  0/650 (0%)  
[  5]  16.00-17.00  sec   841 KBytes  6.89 Mbits/sec  0.919 ms  0/718 (0%)  
[  5]  17.00-18.00  sec   796 KBytes  6.52 Mbits/sec  0.920 ms  0/679 (0%)  
[  5]  18.00-19.00  sec   832 KBytes  6.82 Mbits/sec  0.962 ms  0/710 (0%)  
[  5]  19.00-20.00  sec   825 KBytes  6.76 Mbits/sec  0.956 ms  0/704 (0%)  
[  5]  20.00-21.00  sec   817 KBytes  6.69 Mbits/sec  0.903 ms  0/697 (0%)  
[  5]  21.00-22.00  sec   820 KBytes  6.72 Mbits/sec  1.084 ms  0/700 (0%)  
[  5]  22.00-23.00  sec   729 KBytes  5.97 Mbits/sec  1.124 ms  0/622 (0%)  
[  5]  23.00-24.00  sec   816 KBytes  6.68 Mbits/sec  0.946 ms  0/696 (0%)  
[  5]  24.00-25.00  sec   827 KBytes  6.78 Mbits/sec  1.033 ms  0/706 (0%)  
[  5]  25.00-26.00  sec   816 KBytes  6.68 Mbits/sec  1.034 ms  0/696 (0%)  
[  5]  26.00-27.00  sec   748 KBytes  6.12 Mbits/sec  1.192 ms  277/915 (30%)  
[  5]  27.00-28.00  sec   729 KBytes  5.96 Mbits/sec  1.132 ms  554/1176 (47%)  
[  5]  28.00-29.00  sec   818 KBytes  6.71 Mbits/sec  1.112 ms  522/1220 (43%)  
[  5]  29.00-30.00  sec   820 KBytes  6.72 Mbits/sec  1.030 ms  586/1286 (46%)  
[  5]  30.00-31.00  sec   818 KBytes  6.70 Mbits/sec  1.095 ms  538/1236 (44%)  
[  5]  31.00-32.00  sec   810 KBytes  6.63 Mbits/sec  1.136 ms  529/1220 (43%)  
[  5]  32.00-33.00  sec   819 KBytes  6.71 Mbits/sec  1.056 ms  552/1251 (44%)  
[  5]  33.00-34.00  sec   908 KBytes  7.44 Mbits/sec  1.174 ms  649/1424 (46%)  
[  5]  34.00-35.00  sec   730 KBytes  5.98 Mbits/sec  1.097 ms  601/1224 (49%)  
[  5]  35.00-36.00  sec   810 KBytes  6.63 Mbits/sec  1.126 ms  536/1227 (44%)  
[  5]  36.00-37.00  sec   819 KBytes  6.71 Mbits/sec  1.117 ms  554/1253 (44%)  
[  5]  37.00-38.00  sec   818 KBytes  6.70 Mbits/sec  1.129 ms  550/1248 (44%)  
[  5]  38.00-39.00  sec   846 KBytes  6.93 Mbits/sec  1.078 ms  542/1264 (43%)  
[  5]  39.00-40.00  sec   819 KBytes  6.71 Mbits/sec  1.164 ms  615/1314 (47%)  
[  5]  40.00-41.00  sec   810 KBytes  6.64 Mbits/sec  1.053 ms  570/1261 (45%)  
[  5]  41.00-42.00  sec   819 KBytes  6.71 Mbits/sec  1.004 ms  563/1262 (45%)  
[  5]  42.00-43.00  sec   729 KBytes  5.97 Mbits/sec  0.998 ms  483/1105 (44%)  
[  5]  43.00-44.00  sec   900 KBytes  7.37 Mbits/sec  1.128 ms  576/1344 (43%)  
[  5]  44.00-45.00  sec   819 KBytes  6.71 Mbits/sec  1.051 ms  523/1222 (43%)  
[  5]  45.00-46.00  sec   819 KBytes  6.71 Mbits/sec  0.992 ms  519/1218 (43%)  
[  5]  46.00-47.00  sec   819 KBytes  6.71 Mbits/sec  1.124 ms  611/1310 (47%)  
[  5]  47.00-48.00  sec   803 KBytes  6.58 Mbits/sec  1.133 ms  544/1229 (44%)  
[  5]  48.00-49.00  sec   728 KBytes  5.96 Mbits/sec  1.099 ms  523/1144 (46%)  
[  5]  49.00-50.00  sec   820 KBytes  6.72 Mbits/sec  1.103 ms  519/1219 (43%)  
[  5]  50.00-51.00  sec   818 KBytes  6.70 Mbits/sec  1.018 ms  527/1225 (43%)  
[  5]  51.00-52.00  sec   819 KBytes  6.71 Mbits/sec  1.167 ms  560/1259 (44%)  
[  5]  52.00-53.00  sec   927 KBytes  7.59 Mbits/sec  1.212 ms  637/1428 (45%)  
[  5]  53.00-54.00  sec   819 KBytes  6.71 Mbits/sec  1.062 ms  674/1373 (49%)  
[  5]  54.00-55.00  sec   819 KBytes  6.71 Mbits/sec  1.093 ms  542/1241 (44%)  
[  5]  55.00-56.00  sec   702 KBytes  5.75 Mbits/sec  1.110 ms  466/1065 (44%)  
[  5]  56.00-57.00  sec   837 KBytes  6.86 Mbits/sec  1.125 ms  551/1265 (44%)  
[  5]  57.00-58.00  sec   819 KBytes  6.71 Mbits/sec  1.068 ms  547/1246 (44%)  
[  5]  58.00-59.00  sec   818 KBytes  6.70 Mbits/sec  1.116 ms  540/1238 (44%)  
[  5]  59.00-60.00  sec   819 KBytes  6.71 Mbits/sec  1.129 ms  586/1285 (46%)  
[  5]  60.00-61.00  sec   810 KBytes  6.63 Mbits/sec  1.144 ms  599/1290 (46%)  
[  5]  61.00-62.00  sec   909 KBytes  7.45 Mbits/sec  1.011 ms  629/1405 (45%)  
[  5]  62.00-63.00  sec   729 KBytes  5.97 Mbits/sec  0.993 ms  480/1102 (44%)  
[  5]  63.00-64.00  sec   819 KBytes  6.71 Mbits/sec  1.084 ms  522/1221 (43%)  
[  5]  64.00-65.00  sec   810 KBytes  6.63 Mbits/sec  1.127 ms  497/1188 (42%)  
[  5]  65.00-66.00  sec   819 KBytes  6.71 Mbits/sec  1.071 ms  514/1213 (42%)  
[  5]  66.00-67.00  sec   819 KBytes  6.71 Mbits/sec  1.057 ms  539/1238 (44%)  
[  5]  67.00-68.00  sec   927 KBytes  7.59 Mbits/sec  1.106 ms  826/1617 (51%)  
[  5]  68.00-69.00  sec   810 KBytes  6.63 Mbits/sec  1.037 ms  528/1219 (43%)  
[  5]  69.00-70.00  sec   702 KBytes  5.75 Mbits/sec  1.079 ms  446/1045 (43%)  
[  5]  70.00-71.00  sec   729 KBytes  5.97 Mbits/sec  1.073 ms  464/1086 (43%)  
[  5]  71.00-72.00  sec   819 KBytes  6.71 Mbits/sec  1.110 ms  536/1235 (43%)  
[  5]  72.00-73.00  sec   846 KBytes  6.93 Mbits/sec  1.068 ms  546/1268 (43%)  
[  5]  73.00-74.00  sec   900 KBytes  7.37 Mbits/sec  1.091 ms  575/1343 (43%)  
[  5]  74.00-75.00  sec   729 KBytes  5.97 Mbits/sec  1.131 ms  559/1181 (47%)  
[  5]  75.00-76.00  sec   819 KBytes  6.71 Mbits/sec  1.007 ms  602/1301 (46%)  
[  5]  76.00-77.00  sec   728 KBytes  5.96 Mbits/sec  1.014 ms  471/1092 (43%)  
[  5]  77.00-78.00  sec   901 KBytes  7.38 Mbits/sec  1.123 ms  584/1353 (43%)  
[  5]  78.00-79.00  sec   818 KBytes  6.70 Mbits/sec  1.097 ms  524/1222 (43%)  
[  5]  79.00-80.00  sec   820 KBytes  6.72 Mbits/sec  0.993 ms  522/1222 (43%)  
[  5]  80.00-81.00  sec   818 KBytes  6.71 Mbits/sec  1.110 ms  557/1255 (44%)  
[  5]  81.00-82.00  sec   800 KBytes  6.56 Mbits/sec  1.209 ms  632/1315 (48%)  
[  5]  82.00-83.00  sec   819 KBytes  6.71 Mbits/sec  1.024 ms  631/1330 (47%)  
[  5]  83.00-84.00  sec   819 KBytes  6.71 Mbits/sec  0.988 ms  564/1263 (45%)  
[  5]  84.00-85.00  sec   818 KBytes  6.70 Mbits/sec  1.099 ms  546/1244 (44%)  
[  5]  85.00-86.00  sec   729 KBytes  5.97 Mbits/sec  1.111 ms  472/1094 (43%)  
[  5]  86.00-87.00  sec   901 KBytes  7.38 Mbits/sec  1.130 ms  641/1410 (45%)  
[  5]  87.00-88.00  sec   729 KBytes  5.97 Mbits/sec  1.102 ms  544/1166 (47%)  
[  5]  88.00-89.00  sec   935 KBytes  7.66 Mbits/sec  1.066 ms  686/1484 (46%)  
[  5]  89.00-90.00  sec   810 KBytes  6.63 Mbits/sec  1.149 ms  523/1214 (43%)  
[  5]  90.00-91.00  sec   820 KBytes  6.72 Mbits/sec  1.109 ms  551/1251 (44%)  
[  5]  91.00-92.00  sec   818 KBytes  6.70 Mbits/sec  1.066 ms  548/1246 (44%)  
[  5]  92.00-93.00  sec   729 KBytes  5.97 Mbits/sec  1.083 ms  494/1116 (44%)  
[  5]  93.00-94.00  sec   819 KBytes  6.70 Mbits/sec  1.075 ms  534/1233 (43%)  
[  5]  94.00-95.00  sec   810 KBytes  6.64 Mbits/sec  1.130 ms  494/1185 (42%)  
[  5]  95.00-96.00  sec   819 KBytes  6.71 Mbits/sec  1.048 ms  529/1228 (43%)  
[  5]  96.00-97.00  sec   819 KBytes  6.71 Mbits/sec  1.056 ms  624/1323 (47%)  
[  5]  97.00-98.00  sec   729 KBytes  5.97 Mbits/sec  1.003 ms  539/1161 (46%)  
[  5]  98.00-99.00  sec   818 KBytes  6.70 Mbits/sec  1.092 ms  548/1246 (44%)  
[  5]  99.00-100.00 sec   810 KBytes  6.63 Mbits/sec  1.140 ms  546/1237 (44%)  
[  5] 100.00-101.00 sec   820 KBytes  6.71 Mbits/sec  1.069 ms  547/1247 (44%)  
[  5] 101.00-102.00 sec   818 KBytes  6.71 Mbits/sec  1.007 ms  532/1230 (43%)  
[  5] 102.00-103.00 sec   900 KBytes  7.37 Mbits/sec  1.115 ms  597/1365 (44%)  
[  5] 103.00-104.00 sec   819 KBytes  6.71 Mbits/sec  1.040 ms  536/1235 (43%)  
[  5] 104.00-105.00 sec   729 KBytes  5.97 Mbits/sec  1.093 ms  552/1174 (47%)  
[  5] 105.00-106.00 sec   819 KBytes  6.71 Mbits/sec  1.065 ms  557/1256 (44%)  
[  5] 106.00-107.00 sec   819 KBytes  6.71 Mbits/sec  1.097 ms  647/1346 (48%)  
[  5] 107.00-108.00 sec   846 KBytes  6.93 Mbits/sec  1.077 ms  585/1307 (45%)  
[  5] 108.00-109.00 sec   810 KBytes  6.63 Mbits/sec  1.062 ms  529/1220 (43%)  
[  5] 109.00-110.00 sec   818 KBytes  6.70 Mbits/sec  1.091 ms  615/1313 (47%)  
[  5] 110.00-111.00 sec   729 KBytes  5.96 Mbits/sec  1.076 ms  479/1101 (44%)  
[  5] 111.00-112.00 sec   819 KBytes  6.72 Mbits/sec  1.018 ms  546/1245 (44%)  
[  5] 112.00-113.00 sec   810 KBytes  6.63 Mbits/sec  1.137 ms  546/1237 (44%)  
[  5] 113.00-114.00 sec   819 KBytes  6.71 Mbits/sec  1.120 ms  538/1237 (43%)  
[  5] 114.00-115.00 sec   819 KBytes  6.71 Mbits/sec  1.059 ms  528/1227 (43%)  
[  5] 115.00-116.00 sec   819 KBytes  6.71 Mbits/sec  1.099 ms  565/1264 (45%)  
[  5] 116.00-117.00 sec   810 KBytes  6.64 Mbits/sec  1.184 ms  635/1326 (48%)  
[  5] 117.00-118.00 sec   819 KBytes  6.71 Mbits/sec  1.129 ms  584/1283 (46%)  
[  5] 118.00-119.00 sec   818 KBytes  6.71 Mbits/sec  1.013 ms  535/1233 (43%)  
[  5] 119.00-120.00 sec   819 KBytes  6.71 Mbits/sec  1.106 ms  543/1242 (44%)  
[  5] 120.00-121.00 sec   900 KBytes  7.37 Mbits/sec  1.081 ms  576/1344 (43%)  
[  5] 121.00-122.00 sec   819 KBytes  6.71 Mbits/sec  1.078 ms  647/1346 (48%)  
[  5] 122.00-123.00 sec   819 KBytes  6.71 Mbits/sec  1.148 ms  571/1270 (45%)  
[  5] 123.00-124.00 sec   846 KBytes  6.93 Mbits/sec  1.070 ms  584/1306 (45%)  
[  5] 124.00-125.00 sec   810 KBytes  6.63 Mbits/sec  1.182 ms  541/1232 (44%)  
[  5] 125.00-126.00 sec   819 KBytes  6.71 Mbits/sec  1.108 ms  614/1313 (47%)  
[  5] 126.00-127.00 sec   818 KBytes  6.70 Mbits/sec  0.988 ms  528/1226 (43%)  
[  5] 127.00-128.00 sec   811 KBytes  6.64 Mbits/sec  1.101 ms  524/1216 (43%)  
[  5] 128.00-129.00 sec   818 KBytes  6.70 Mbits/sec  1.095 ms  528/1226 (43%)  
[  5] 129.00-130.00 sec   909 KBytes  7.45 Mbits/sec  1.002 ms  638/1414 (45%)  
[  5] 130.00-131.00 sec   810 KBytes  6.63 Mbits/sec  1.111 ms  509/1200 (42%)  
[  5] 131.00-132.00 sec   819 KBytes  6.71 Mbits/sec  1.083 ms  529/1228 (43%)  
[  5] 132.00-133.00 sec   729 KBytes  5.97 Mbits/sec  1.041 ms  479/1101 (44%)  
[  5] 133.00-134.00 sec   819 KBytes  6.71 Mbits/sec  0.974 ms  519/1218 (43%)  
[  5] 134.00-135.00 sec   846 KBytes  6.93 Mbits/sec  1.045 ms  532/1254 (42%)  
[  5] 135.00-136.00 sec   800 KBytes  6.56 Mbits/sec  1.108 ms  515/1198 (43%)  
[  5] 136.00-137.00 sec   792 KBytes  6.49 Mbits/sec  1.045 ms  600/1276 (47%)  
[  5] 137.00-138.00 sec   818 KBytes  6.70 Mbits/sec  1.105 ms  592/1290 (46%)  
[  5] 138.00-139.00 sec   846 KBytes  6.93 Mbits/sec  1.069 ms  538/1260 (43%)  
[  5] 139.00-140.00 sec   810 KBytes  6.63 Mbits/sec  1.125 ms  505/1196 (42%)  
[  5] 140.00-141.00 sec   819 KBytes  6.71 Mbits/sec  1.045 ms  519/1218 (43%)  
[  5] 141.00-142.00 sec   819 KBytes  6.71 Mbits/sec  0.955 ms  518/1217 (43%)  
[  5] 142.00-143.00 sec   818 KBytes  6.70 Mbits/sec  1.121 ms  532/1230 (43%)  
[  5] 143.00-144.00 sec   901 KBytes  7.38 Mbits/sec  1.191 ms  639/1408 (45%)  
[  5] 144.00-145.00 sec   818 KBytes  6.68 Mbits/sec  1.065 ms  628/1326 (47%)  
[  5] 145.00-146.00 sec   729 KBytes  5.99 Mbits/sec  1.142 ms  561/1183 (47%)  
[  5] 146.00-147.00 sec   820 KBytes  6.72 Mbits/sec  1.094 ms  528/1228 (43%)  
[  5] 147.00-148.00 sec   810 KBytes  6.63 Mbits/sec  1.122 ms  536/1227 (44%)  
[  5] 148.00-149.00 sec   818 KBytes  6.70 Mbits/sec  1.060 ms  536/1234 (43%)  
[  5] 149.00-150.00 sec   909 KBytes  7.45 Mbits/sec  1.076 ms  582/1358 (43%)  
[  5] 150.00-151.00 sec   837 KBytes  6.85 Mbits/sec  1.154 ms  529/1243 (43%)  
[  5] 151.00-152.00 sec   792 KBytes  6.49 Mbits/sec  0.992 ms  605/1281 (47%)  
[  5] 152.00-153.00 sec   729 KBytes  5.97 Mbits/sec  1.077 ms  470/1092 (43%)  
[  5] 153.00-154.00 sec   729 KBytes  5.97 Mbits/sec  0.992 ms  460/1082 (43%)  
[  5] 154.00-155.00 sec   819 KBytes  6.71 Mbits/sec  1.011 ms  512/1211 (42%)  
[  5] 155.00-156.00 sec   927 KBytes  7.59 Mbits/sec  1.063 ms  602/1393 (43%)  
