Connecting to host 172.22.0.50, port 5201
Reverse mode, remote host 172.22.0.50 is sending
[  5] local 192.168.100.2 port 59983 connected to 172.22.0.50 port 5201
[ ID] Interval           Transfer     Bitrate         Jitter    Lost/Total Datagrams
[  5]   0.00-1.00   sec   493 KBytes  4.04 Mbits/sec  1.304 ms  0/421 (0%)  
[  5]   1.00-2.00   sec   555 KBytes  4.55 Mbits/sec  1.460 ms  0/474 (0%)  
[  5]   2.00-3.00   sec   559 KBytes  4.58 Mbits/sec  1.296 ms  0/477 (0%)  
[  5]   3.00-4.00   sec   564 KBytes  4.62 Mbits/sec  1.327 ms  0/481 (0%)  
[  5]   4.00-5.00   sec   561 KBytes  4.60 Mbits/sec  1.270 ms  0/479 (0%)  
[  5]   5.00-6.00   sec   551 KBytes  4.51 Mbits/sec  1.401 ms  0/470 (0%)  
[  5]   6.00-7.00   sec   555 KBytes  4.55 Mbits/sec  1.352 ms  0/474 (0%)  
[  5]   7.00-8.00   sec   558 KBytes  4.57 Mbits/sec  1.300 ms  0/476 (0%)  
[  5]   8.00-9.00   sec   564 KBytes  4.62 Mbits/sec  1.305 ms  0/481 (0%)  
[  5]   9.00-10.00  sec   565 KBytes  4.62 Mbits/sec  1.334 ms  0/482 (0%)  
[  5]  10.00-11.00  sec   547 KBytes  4.49 Mbits/sec  1.377 ms  0/467 (0%)  
[  5]  11.00-12.00  sec   564 KBytes  4.62 Mbits/sec  1.341 ms  0/481 (0%)  
[  5]  12.00-13.00  sec   561 KBytes  4.60 Mbits/sec  1.380 ms  0/479 (0%)  
[  5]  13.00-14.00  sec   554 KBytes  4.54 Mbits/sec  1.327 ms  0/473 (0%)  
[  5]  14.00-15.00  sec   555 KBytes  4.55 Mbits/sec  1.370 ms  0/474 (0%)  
[  5]  15.00-16.00  sec   552 KBytes  4.52 Mbits/sec  1.303 ms  0/471 (0%)  
[  5]  16.00-17.00  sec   564 KBytes  4.62 Mbits/sec  1.405 ms  0/481 (0%)  
[  5]  17.00-18.00  sec   536 KBytes  4.39 Mbits/sec  1.376 ms  0/457 (0%)  
[  5]  18.00-19.00  sec   559 KBytes  4.58 Mbits/sec  1.448 ms  0/477 (0%)  
[  5]  19.00-20.00  sec   521 KBytes  4.27 Mbits/sec  1.466 ms  0/445 (0%)  
[  5]  20.00-21.00  sec   547 KBytes  4.48 Mbits/sec  1.487 ms  0/467 (0%)  
[  5]  21.00-22.00  sec   558 KBytes  4.57 Mbits/sec  1.395 ms  0/476 (0%)  
[  5]  22.00-23.00  sec   554 KBytes  4.54 Mbits/sec  1.451 ms  0/473 (0%)  
[  5]  23.00-24.00  sec   547 KBytes  4.48 Mbits/sec  1.508 ms  0/467 (0%)  
[  5]  24.00-25.00  sec   559 KBytes  4.58 Mbits/sec  1.433 ms  0/477 (0%)  
[  5]  25.00-26.00  sec   545 KBytes  4.46 Mbits/sec  1.340 ms  0/465 (0%)  
[  5]  26.00-27.00  sec   558 KBytes  4.57 Mbits/sec  1.387 ms  0/476 (0%)  
[  5]  27.00-28.00  sec   489 KBytes  4.00 Mbits/sec  1.529 ms  195/612 (32%)  
[  5]  28.00-29.00  sec   558 KBytes  4.57 Mbits/sec  1.632 ms  774/1250 (62%)  
[  5]  29.00-30.00  sec   470 KBytes  3.85 Mbits/sec  1.630 ms  642/1043 (62%)  
[  5]  30.00-31.00  sec   559 KBytes  4.58 Mbits/sec  1.606 ms  769/1246 (62%)  
[  5]  31.00-32.00  sec   601 KBytes  4.93 Mbits/sec  1.514 ms  843/1356 (62%)  
[  5]  32.00-33.00  sec   541 KBytes  4.44 Mbits/sec  1.705 ms  768/1230 (62%)  
[  5]  33.00-34.00  sec   553 KBytes  4.53 Mbits/sec  1.483 ms  761/1233 (62%)  
[  5]  34.00-35.00  sec   536 KBytes  4.38 Mbits/sec  1.872 ms  762/1219 (63%)  
[  5]  35.00-36.00  sec   492 KBytes  4.03 Mbits/sec  1.540 ms  700/1120 (62%)  
[  5]  36.00-37.00  sec   560 KBytes  4.59 Mbits/sec  1.736 ms  804/1282 (63%)  
[  5]  37.00-38.00  sec   534 KBytes  4.38 Mbits/sec  1.539 ms  808/1264 (64%)  
[  5]  38.00-39.00  sec   541 KBytes  4.44 Mbits/sec  1.737 ms  773/1235 (63%)  
[  5]  39.00-40.00  sec   486 KBytes  3.98 Mbits/sec  1.861 ms  674/1089 (62%)  
[  5]  40.00-41.00  sec   558 KBytes  4.57 Mbits/sec  1.479 ms  783/1259 (62%)  
[  5]  41.00-42.00  sec   607 KBytes  4.97 Mbits/sec  1.582 ms  869/1387 (63%)  
[  5]  42.00-43.00  sec   534 KBytes  4.38 Mbits/sec  1.993 ms  744/1200 (62%)  
[  5]  43.00-44.00  sec   559 KBytes  4.58 Mbits/sec  1.659 ms  802/1279 (63%)  
[  5]  44.00-45.00  sec   602 KBytes  4.93 Mbits/sec  1.488 ms  812/1326 (61%)  
[  5]  45.00-46.00  sec   559 KBytes  4.58 Mbits/sec  1.570 ms  760/1237 (61%)  
[  5]  46.00-47.00  sec   469 KBytes  3.84 Mbits/sec  2.153 ms  731/1131 (65%)  
[  5]  47.00-48.00  sec   559 KBytes  4.58 Mbits/sec  1.613 ms  850/1327 (64%)  
[  5]  48.00-49.00  sec   601 KBytes  4.92 Mbits/sec  1.517 ms  827/1340 (62%)  
[  5]  49.00-50.00  sec   559 KBytes  4.58 Mbits/sec  1.602 ms  769/1246 (62%)  
[  5]  50.00-51.00  sec   536 KBytes  4.39 Mbits/sec  1.483 ms  717/1174 (61%)  
[  5]  51.00-52.00  sec   541 KBytes  4.43 Mbits/sec  1.734 ms  775/1237 (63%)  
[  5]  52.00-53.00  sec   553 KBytes  4.53 Mbits/sec  1.575 ms  930/1402 (66%)  
[  5]  53.00-54.00  sec   541 KBytes  4.44 Mbits/sec  1.699 ms  811/1273 (64%)  
[  5]  54.00-55.00  sec   625 KBytes  5.12 Mbits/sec  1.505 ms  894/1427 (63%)  
[  5]  55.00-56.00  sec   470 KBytes  3.85 Mbits/sec  1.581 ms  656/1057 (62%)  
[  5]  56.00-57.00  sec   559 KBytes  4.58 Mbits/sec  1.525 ms  873/1350 (65%)  
[  5]  57.00-58.00  sec   536 KBytes  4.39 Mbits/sec  1.572 ms  771/1228 (63%)  
[  5]  58.00-59.00  sec   559 KBytes  4.58 Mbits/sec  1.442 ms  798/1275 (63%)  
[  5]  59.00-60.00  sec   601 KBytes  4.92 Mbits/sec  1.558 ms  817/1330 (61%)  
[  5]  60.00-61.00  sec   534 KBytes  4.38 Mbits/sec  1.957 ms  725/1181 (61%)  
[  5]  61.00-62.00  sec   560 KBytes  4.59 Mbits/sec  1.545 ms  761/1239 (61%)  
[  5]  62.00-63.00  sec   492 KBytes  4.03 Mbits/sec  1.618 ms  673/1093 (62%)  
[  5]  63.00-64.00  sec   536 KBytes  4.39 Mbits/sec  1.756 ms  793/1250 (63%)  
[  5]  64.00-65.00  sec   601 KBytes  4.92 Mbits/sec  1.602 ms  910/1423 (64%)  
[  5]  65.00-66.00  sec   559 KBytes  4.58 Mbits/sec  1.596 ms  762/1239 (62%)  
[  5]  66.00-67.00  sec   534 KBytes  4.38 Mbits/sec  1.495 ms  716/1172 (61%)  
[  5]  67.00-68.00  sec   608 KBytes  4.98 Mbits/sec  1.558 ms  826/1345 (61%)  
[  5]  68.00-69.00  sec   486 KBytes  3.98 Mbits/sec  1.509 ms  673/1088 (62%)  
[  5]  69.00-70.00  sec   608 KBytes  4.98 Mbits/sec  1.671 ms  927/1446 (64%)  
[  5]  70.00-71.00  sec   559 KBytes  4.58 Mbits/sec  1.465 ms  751/1228 (61%)  
[  5]  71.00-72.00  sec   534 KBytes  4.38 Mbits/sec  1.601 ms  730/1186 (62%)  
[  5]  72.00-73.00  sec   560 KBytes  4.59 Mbits/sec  1.551 ms  812/1290 (63%)  
[  5]  73.00-74.00  sec   534 KBytes  4.38 Mbits/sec  1.715 ms  844/1300 (65%)  
[  5]  74.00-75.00  sec   536 KBytes  4.39 Mbits/sec  2.047 ms  737/1194 (62%)  
[  5]  75.00-76.00  sec   559 KBytes  4.58 Mbits/sec  1.567 ms  764/1241 (62%)  
[  5]  76.00-77.00  sec   536 KBytes  4.39 Mbits/sec  1.966 ms  750/1207 (62%)  
[  5]  77.00-78.00  sec   559 KBytes  4.58 Mbits/sec  1.579 ms  766/1243 (62%)  
[  5]  78.00-79.00  sec   536 KBytes  4.39 Mbits/sec  1.990 ms  741/1198 (62%)  
[  5]  79.00-80.00  sec   558 KBytes  4.57 Mbits/sec  1.702 ms  847/1323 (64%)  
[  5]  80.00-81.00  sec   492 KBytes  4.03 Mbits/sec  1.563 ms  734/1154 (64%)  
[  5]  81.00-82.00  sec   600 KBytes  4.92 Mbits/sec  1.486 ms  833/1345 (62%)  
[  5]  82.00-83.00  sec   540 KBytes  4.43 Mbits/sec  1.762 ms  733/1194 (61%)  
[  5]  83.00-84.00  sec   554 KBytes  4.54 Mbits/sec  1.485 ms  747/1220 (61%)  
[  5]  84.00-85.00  sec   607 KBytes  4.97 Mbits/sec  1.528 ms  845/1363 (62%)  
[  5]  85.00-86.00  sec   536 KBytes  4.39 Mbits/sec  2.098 ms  766/1223 (63%)  
[  5]  86.00-87.00  sec   492 KBytes  4.03 Mbits/sec  1.633 ms  718/1138 (63%)  
[  5]  87.00-88.00  sec   601 KBytes  4.92 Mbits/sec  2.059 ms  811/1324 (61%)  
[  5]  88.00-89.00  sec   558 KBytes  4.57 Mbits/sec  1.536 ms  778/1254 (62%)  
[  5]  89.00-90.00  sec   539 KBytes  4.42 Mbits/sec  1.681 ms  751/1211 (62%)  
[  5]  90.00-91.00  sec   554 KBytes  4.54 Mbits/sec  1.487 ms  745/1218 (61%)  
[  5]  91.00-92.00  sec   607 KBytes  4.97 Mbits/sec  1.609 ms  981/1499 (65%)  
[  5]  92.00-93.00  sec   534 KBytes  4.38 Mbits/sec  2.180 ms  783/1239 (63%)  
[  5]  93.00-94.00  sec   493 KBytes  4.04 Mbits/sec  1.622 ms  681/1102 (62%)  
[  5]  94.00-95.00  sec   536 KBytes  4.39 Mbits/sec  1.665 ms  725/1182 (61%)  
[  5]  95.00-96.00  sec   559 KBytes  4.58 Mbits/sec  1.638 ms  761/1238 (61%)  
[  5]  96.00-97.00  sec   534 KBytes  4.38 Mbits/sec  2.022 ms  749/1205 (62%)  
[  5]  97.00-98.00  sec   626 KBytes  5.12 Mbits/sec  1.637 ms  1039/1573 (66%)  
[  5]  98.00-99.00  sec   469 KBytes  3.84 Mbits/sec  2.064 ms  650/1050 (62%)  
[  5]  99.00-100.00 sec   559 KBytes  4.58 Mbits/sec  1.590 ms  763/1240 (62%)  
[  5] 100.00-101.00 sec   601 KBytes  4.92 Mbits/sec  1.549 ms  802/1315 (61%)  
[  5] 101.00-102.00 sec   559 KBytes  4.58 Mbits/sec  1.601 ms  758/1235 (61%)  
[  5] 102.00-103.00 sec   536 KBytes  4.39 Mbits/sec  1.535 ms  730/1187 (61%)  
[  5] 103.00-104.00 sec   541 KBytes  4.44 Mbits/sec  1.686 ms  838/1300 (64%)  
[  5] 104.00-105.00 sec   625 KBytes  5.12 Mbits/sec  1.503 ms  870/1403 (62%)  
[  5] 105.00-106.00 sec   468 KBytes  3.83 Mbits/sec  1.739 ms  666/1065 (63%)  
[  5] 106.00-107.00 sec   559 KBytes  4.58 Mbits/sec  1.568 ms  762/1239 (62%)  
[  5] 107.00-108.00 sec   534 KBytes  4.38 Mbits/sec  2.049 ms  728/1184 (61%)  
[  5] 108.00-109.00 sec   626 KBytes  5.13 Mbits/sec  1.579 ms  860/1394 (62%)  
[  5] 109.00-110.00 sec   536 KBytes  4.39 Mbits/sec  1.599 ms  724/1181 (61%)  
[  5] 110.00-111.00 sec   559 KBytes  4.58 Mbits/sec  1.655 ms  853/1330 (64%)  
[  5] 111.00-112.00 sec   534 KBytes  4.38 Mbits/sec  1.549 ms  798/1254 (64%)  
[  5] 112.00-113.00 sec   493 KBytes  4.04 Mbits/sec  1.686 ms  703/1124 (63%)  
[  5] 113.00-114.00 sec   559 KBytes  4.58 Mbits/sec  1.645 ms  784/1261 (62%)  
[  5] 114.00-115.00 sec   536 KBytes  4.39 Mbits/sec  1.971 ms  727/1184 (61%)  
[  5] 115.00-116.00 sec   559 KBytes  4.58 Mbits/sec  1.727 ms  847/1324 (64%)  
[  5] 116.00-117.00 sec   536 KBytes  4.39 Mbits/sec  1.572 ms  770/1227 (63%)  
[  5] 117.00-118.00 sec   559 KBytes  4.58 Mbits/sec  1.628 ms  766/1243 (62%)  
[  5] 118.00-119.00 sec   469 KBytes  3.84 Mbits/sec  1.998 ms  659/1059 (62%)  
[  5] 119.00-120.00 sec   560 KBytes  4.59 Mbits/sec  1.560 ms  754/1232 (61%)  
[  5] 120.00-121.00 sec   534 KBytes  4.38 Mbits/sec  2.056 ms  732/1188 (62%)  
[  5] 121.00-122.00 sec   559 KBytes  4.58 Mbits/sec  1.608 ms  755/1232 (61%)  
[  5] 122.00-123.00 sec   493 KBytes  4.04 Mbits/sec  1.629 ms  707/1128 (63%)  
[  5] 123.00-124.00 sec   536 KBytes  4.39 Mbits/sec  1.595 ms  841/1298 (65%)  
[  5] 124.00-125.00 sec   492 KBytes  4.03 Mbits/sec  1.552 ms  690/1110 (62%)  
[  5] 125.00-126.00 sec   422 KBytes  3.46 Mbits/sec  1.621 ms  574/934 (61%)  
[  5] 126.00-127.00 sec   492 KBytes  4.03 Mbits/sec  1.625 ms  671/1091 (62%)  
[  5] 127.00-128.00 sec   536 KBytes  4.39 Mbits/sec  1.656 ms  728/1185 (61%)  
[  5] 128.00-129.00 sec   427 KBytes  3.49 Mbits/sec  1.667 ms  605/969 (62%)  
[  5] 129.00-130.00 sec   488 KBytes  3.99 Mbits/sec  1.656 ms  709/1125 (63%)  
[  5] 130.00-131.00 sec   492 KBytes  4.03 Mbits/sec  1.663 ms  744/1164 (64%)  
[  5] 131.00-132.00 sec   470 KBytes  3.85 Mbits/sec  2.114 ms  715/1116 (64%)  
[  5] 132.00-133.00 sec   427 KBytes  3.49 Mbits/sec  1.808 ms  670/1034 (65%)  
[  5] 133.00-134.00 sec   560 KBytes  4.59 Mbits/sec  1.479 ms  788/1266 (62%)  
[  5] 134.00-135.00 sec   534 KBytes  4.38 Mbits/sec  1.704 ms  760/1216 (62%)  
[  5] 135.00-136.00 sec   559 KBytes  4.58 Mbits/sec  1.555 ms  801/1278 (63%)  
[  5] 136.00-137.00 sec   488 KBytes  3.99 Mbits/sec  1.603 ms  681/1097 (62%)  
[  5] 137.00-138.00 sec   469 KBytes  3.84 Mbits/sec  1.794 ms  753/1153 (65%)  
[  5] 138.00-139.00 sec   559 KBytes  4.58 Mbits/sec  1.520 ms  781/1258 (62%)  
[  5] 139.00-140.00 sec   541 KBytes  4.43 Mbits/sec  1.812 ms  792/1254 (63%)  
[  5] 140.00-141.00 sec   553 KBytes  4.53 Mbits/sec  1.597 ms  879/1351 (65%)  
[  5] 141.00-142.00 sec   541 KBytes  4.44 Mbits/sec  1.599 ms  846/1308 (65%)  
[  5] 142.00-143.00 sec   553 KBytes  4.53 Mbits/sec  1.595 ms  849/1321 (64%)  
[  5] 143.00-144.00 sec   469 KBytes  3.84 Mbits/sec  2.226 ms  818/1218 (67%)  
[  5] 144.00-145.00 sec   493 KBytes  4.04 Mbits/sec  1.709 ms  944/1365 (69%)  
[  5] 145.00-146.00 sec   559 KBytes  4.58 Mbits/sec  1.668 ms  923/1400 (66%)  
[  5] 146.00-147.00 sec   534 KBytes  4.38 Mbits/sec  1.818 ms  846/1302 (65%)  
[  5] 147.00-148.00 sec   541 KBytes  4.43 Mbits/sec  1.821 ms  1000/1462 (68%)  
[  5] 148.00-149.00 sec   553 KBytes  4.53 Mbits/sec  1.628 ms  1009/1481 (68%)  
[  5] 149.00-150.00 sec   493 KBytes  4.04 Mbits/sec  1.769 ms  854/1275 (67%)  
[  5] 150.00-151.00 sec   534 KBytes  4.38 Mbits/sec  1.839 ms  998/1454 (69%)  
[  5] 151.00-152.00 sec   493 KBytes  4.04 Mbits/sec  1.695 ms  821/1242 (66%)  
[  5] 152.00-153.00 sec   536 KBytes  4.39 Mbits/sec  1.921 ms  776/1233 (63%)  
[  5] 153.00-154.00 sec   558 KBytes  4.57 Mbits/sec  1.715 ms  817/1293 (63%)  
[  5] 154.00-155.00 sec   540 KBytes  4.43 Mbits/sec  1.906 ms  850/1311 (65%)  
[  5] 155.00-156.00 sec   486 KBytes  3.98 Mbits/sec  1.566 ms  792/1207 (66%)  
