Connecting to host 172.22.0.50, port 5201
Reverse mode, remote host 172.22.0.50 is sending
[  5] local 192.168.100.2 port 59314 connected to 172.22.0.50 port 5201
[ ID] Interval           Transfer     Bitrate         Jitter    Lost/Total Datagrams
[  5]   0.00-1.00   sec   461 KBytes  3.77 Mbits/sec  1.643 ms  0/393 (0%)  
[  5]   1.00-2.00   sec   475 KBytes  3.89 Mbits/sec  1.770 ms  0/405 (0%)  
[  5]   2.00-3.00   sec   449 KBytes  3.68 Mbits/sec  1.936 ms  0/383 (0%)  
[  5]   3.00-4.00   sec   463 KBytes  3.79 Mbits/sec  1.676 ms  0/395 (0%)  
[  5]   4.00-5.00   sec   476 KBytes  3.90 Mbits/sec  1.633 ms  0/406 (0%)  
[  5]   5.00-6.00   sec   472 KBytes  3.87 Mbits/sec  1.754 ms  0/403 (0%)  
[  5]   6.00-7.00   sec   468 KBytes  3.83 Mbits/sec  1.862 ms  0/399 (0%)  
[  5]   7.00-8.00   sec   455 KBytes  3.72 Mbits/sec  2.081 ms  0/388 (0%)  
[  5]   8.00-9.00   sec   451 KBytes  3.70 Mbits/sec  1.781 ms  0/385 (0%)  
[  5]   9.00-10.00  sec   477 KBytes  3.91 Mbits/sec  1.681 ms  0/407 (0%)  
[  5]  10.00-11.00  sec   479 KBytes  3.93 Mbits/sec  1.644 ms  0/409 (0%)  
[  5]  11.00-12.00  sec   478 KBytes  3.92 Mbits/sec  1.658 ms  0/408 (0%)  
[  5]  12.00-13.00  sec   458 KBytes  3.75 Mbits/sec  1.946 ms  0/391 (0%)  
[  5]  13.00-14.00  sec   459 KBytes  3.77 Mbits/sec  1.689 ms  0/392 (0%)  
[  5]  14.00-15.00  sec   458 KBytes  3.75 Mbits/sec  1.673 ms  0/391 (0%)  
[  5]  15.00-16.00  sec   469 KBytes  3.84 Mbits/sec  1.744 ms  0/400 (0%)  
[  5]  16.00-17.00  sec   476 KBytes  3.90 Mbits/sec  1.682 ms  0/406 (0%)  
[  5]  17.00-18.00  sec   449 KBytes  3.68 Mbits/sec  1.721 ms  0/383 (0%)  
[  5]  18.00-19.00  sec   430 KBytes  3.52 Mbits/sec  2.024 ms  0/367 (0%)  
[  5]  19.00-20.00  sec   473 KBytes  3.88 Mbits/sec  1.615 ms  0/404 (0%)  
[  5]  20.00-21.00  sec   478 KBytes  3.92 Mbits/sec  1.698 ms  0/408 (0%)  
[  5]  21.00-22.00  sec   476 KBytes  3.90 Mbits/sec  1.690 ms  0/406 (0%)  
[  5]  22.00-23.00  sec   471 KBytes  3.86 Mbits/sec  1.775 ms  0/402 (0%)  
[  5]  23.00-24.00  sec   425 KBytes  3.49 Mbits/sec  1.967 ms  0/363 (0%)  
[  5]  24.00-25.00  sec   463 KBytes  3.79 Mbits/sec  1.606 ms  0/395 (0%)  
[  5]  25.00-26.00  sec   476 KBytes  3.90 Mbits/sec  1.696 ms  0/406 (0%)  
[  5]  26.00-27.00  sec   478 KBytes  3.92 Mbits/sec  1.596 ms  0/408 (0%)  
[  5]  27.00-28.00  sec   476 KBytes  3.90 Mbits/sec  1.649 ms  0/406 (0%)  
[  5]  28.00-29.00  sec   464 KBytes  3.80 Mbits/sec  1.874 ms  0/396 (0%)  
[  5]  29.00-30.00  sec   418 KBytes  3.42 Mbits/sec  2.142 ms  0/357 (0%)  
[  5]  30.00-31.00  sec   412 KBytes  3.38 Mbits/sec  2.113 ms  700/1052 (67%)  
[  5]  31.00-32.00  sec   513 KBytes  4.21 Mbits/sec  1.876 ms  899/1337 (67%)  
[  5]  32.00-33.00  sec   454 KBytes  3.72 Mbits/sec  2.062 ms  807/1194 (68%)  
[  5]  33.00-34.00  sec   452 KBytes  3.71 Mbits/sec  2.126 ms  874/1260 (69%)  
[  5]  34.00-35.00  sec   473 KBytes  3.88 Mbits/sec  1.887 ms  884/1288 (69%)  
[  5]  35.00-36.00  sec   452 KBytes  3.70 Mbits/sec  1.899 ms  833/1219 (68%)  
[  5]  36.00-37.00  sec   452 KBytes  3.71 Mbits/sec  2.195 ms  807/1193 (68%)  
[  5]  37.00-38.00  sec   454 KBytes  3.72 Mbits/sec  2.127 ms  820/1207 (68%)  
[  5]  38.00-39.00  sec   472 KBytes  3.87 Mbits/sec  1.958 ms  909/1312 (69%)  
[  5]  39.00-40.00  sec   454 KBytes  3.72 Mbits/sec  1.841 ms  919/1306 (70%)  
[  5]  40.00-41.00  sec   452 KBytes  3.71 Mbits/sec  1.931 ms  795/1181 (67%)  
[  5]  41.00-42.00  sec   454 KBytes  3.72 Mbits/sec  2.025 ms  804/1191 (68%)  
[  5]  42.00-43.00  sec   452 KBytes  3.71 Mbits/sec  2.124 ms  801/1187 (67%)  
[  5]  43.00-44.00  sec   513 KBytes  4.20 Mbits/sec  2.095 ms  954/1392 (69%)  
[  5]  44.00-45.00  sec   452 KBytes  3.71 Mbits/sec  2.068 ms  937/1323 (71%)  
[  5]  45.00-46.00  sec   473 KBytes  3.88 Mbits/sec  1.896 ms  844/1248 (68%)  
[  5]  46.00-47.00  sec   452 KBytes  3.71 Mbits/sec  1.844 ms  799/1185 (67%)  
[  5]  47.00-48.00  sec   454 KBytes  3.72 Mbits/sec  2.075 ms  797/1184 (67%)  
[  5]  48.00-49.00  sec   513 KBytes  4.20 Mbits/sec  1.842 ms  919/1357 (68%)  
[  5]  49.00-50.00  sec   452 KBytes  3.71 Mbits/sec  1.824 ms  824/1210 (68%)  
[  5]  50.00-51.00  sec   454 KBytes  3.72 Mbits/sec  1.986 ms  900/1287 (70%)  
[  5]  51.00-52.00  sec   452 KBytes  3.71 Mbits/sec  2.256 ms  810/1196 (68%)  
[  5]  52.00-53.00  sec   473 KBytes  3.88 Mbits/sec  1.968 ms  851/1255 (68%)  
[  5]  53.00-54.00  sec   452 KBytes  3.71 Mbits/sec  1.996 ms  823/1209 (68%)  
[  5]  54.00-55.00  sec   513 KBytes  4.20 Mbits/sec  1.856 ms  924/1362 (68%)  
[  5]  55.00-56.00  sec   393 KBytes  3.22 Mbits/sec  2.264 ms  764/1099 (70%)  
[  5]  56.00-57.00  sec   472 KBytes  3.87 Mbits/sec  1.944 ms  884/1287 (69%)  
[  5]  57.00-58.00  sec   493 KBytes  4.04 Mbits/sec  2.146 ms  945/1366 (69%)  
[  5]  58.00-59.00  sec   469 KBytes  3.84 Mbits/sec  1.945 ms  841/1241 (68%)  
[  5]  59.00-60.00  sec   455 KBytes  3.72 Mbits/sec  1.827 ms  834/1222 (68%)  
[  5]  60.00-61.00  sec   454 KBytes  3.71 Mbits/sec  2.136 ms  869/1256 (69%)  
[  5]  61.00-62.00  sec   452 KBytes  3.71 Mbits/sec  2.121 ms  909/1295 (70%)  
[  5]  62.00-63.00  sec   473 KBytes  3.88 Mbits/sec  1.825 ms  836/1240 (67%)  
[  5]  63.00-64.00  sec   452 KBytes  3.71 Mbits/sec  1.866 ms  802/1188 (68%)  
[  5]  64.00-65.00  sec   452 KBytes  3.71 Mbits/sec  2.097 ms  811/1197 (68%)  
[  5]  65.00-66.00  sec   513 KBytes  4.20 Mbits/sec  1.958 ms  925/1363 (68%)  
[  5]  66.00-67.00  sec   454 KBytes  3.72 Mbits/sec  2.115 ms  885/1272 (70%)  
[  5]  67.00-68.00  sec   412 KBytes  3.38 Mbits/sec  1.808 ms  742/1094 (68%)  
[  5]  68.00-69.00  sec   513 KBytes  4.20 Mbits/sec  1.862 ms  924/1362 (68%)  
[  5]  69.00-70.00  sec   452 KBytes  3.71 Mbits/sec  1.900 ms  803/1189 (68%)  
[  5]  70.00-71.00  sec   454 KBytes  3.72 Mbits/sec  2.051 ms  797/1184 (67%)  
[  5]  71.00-72.00  sec   512 KBytes  4.20 Mbits/sec  1.970 ms  928/1365 (68%)  
[  5]  72.00-73.00  sec   454 KBytes  3.72 Mbits/sec  1.841 ms  897/1284 (70%)  
[  5]  73.00-74.00  sec   454 KBytes  3.72 Mbits/sec  2.072 ms  801/1188 (67%)  
[  5]  74.00-75.00  sec   452 KBytes  3.70 Mbits/sec  2.151 ms  816/1202 (68%)  
[  5]  75.00-76.00  sec   473 KBytes  3.88 Mbits/sec  1.878 ms  876/1280 (68%)  
[  5]  76.00-77.00  sec   452 KBytes  3.71 Mbits/sec  1.968 ms  889/1275 (70%)  
[  5]  77.00-78.00  sec   486 KBytes  3.98 Mbits/sec  2.689 ms  930/1345 (69%)  
[  5]  78.00-79.00  sec   420 KBytes  3.44 Mbits/sec  2.211 ms  754/1112 (68%)  
[  5]  79.00-80.00  sec   452 KBytes  3.71 Mbits/sec  2.144 ms  836/1222 (68%)  
[  5]  80.00-81.00  sec   473 KBytes  3.88 Mbits/sec  1.839 ms  836/1240 (67%)  
[  5]  81.00-82.00  sec   493 KBytes  4.04 Mbits/sec  2.107 ms  880/1301 (68%)  
[  5]  82.00-83.00  sec   472 KBytes  3.87 Mbits/sec  2.015 ms  976/1379 (71%)  
[  5]  83.00-84.00  sec   454 KBytes  3.71 Mbits/sec  1.850 ms  853/1240 (69%)  
[  5]  84.00-85.00  sec   452 KBytes  3.71 Mbits/sec  2.084 ms  816/1202 (68%)  
[  5]  85.00-86.00  sec   452 KBytes  3.71 Mbits/sec  2.067 ms  800/1186 (67%)  
[  5]  86.00-87.00  sec   509 KBytes  4.16 Mbits/sec  2.239 ms  907/1341 (68%)  
[  5]  87.00-88.00  sec   454 KBytes  3.72 Mbits/sec  2.488 ms  877/1264 (69%)  
[  5]  88.00-89.00  sec   458 KBytes  3.75 Mbits/sec  2.081 ms  867/1258 (69%)  
[  5]  89.00-90.00  sec   468 KBytes  3.83 Mbits/sec  2.004 ms  836/1235 (68%)  
[  5]  90.00-91.00  sec   513 KBytes  4.20 Mbits/sec  1.789 ms  903/1341 (67%)  
[  5]  91.00-92.00  sec   455 KBytes  3.72 Mbits/sec  1.891 ms  813/1201 (68%)  
[  5]  92.00-93.00  sec   454 KBytes  3.72 Mbits/sec  1.775 ms  801/1188 (67%)  
[  5]  93.00-94.00  sec   452 KBytes  3.71 Mbits/sec  2.198 ms  818/1204 (68%)  
[  5]  94.00-95.00  sec   452 KBytes  3.71 Mbits/sec  2.189 ms  911/1297 (70%)  
[  5]  95.00-96.00  sec   473 KBytes  3.88 Mbits/sec  1.864 ms  920/1324 (69%)  
[  5]  96.00-97.00  sec   452 KBytes  3.71 Mbits/sec  1.889 ms  800/1186 (67%)  
[  5]  97.00-98.00  sec   454 KBytes  3.72 Mbits/sec  2.029 ms  791/1178 (67%)  
[  5]  98.00-99.00  sec   513 KBytes  4.20 Mbits/sec  2.131 ms  985/1423 (69%)  
[  5]  99.00-100.00 sec   409 KBytes  3.35 Mbits/sec  1.913 ms  791/1140 (69%)  
[  5] 100.00-101.00 sec   454 KBytes  3.72 Mbits/sec  1.988 ms  834/1221 (68%)  
[  5] 101.00-102.00 sec   512 KBytes  4.20 Mbits/sec  1.849 ms  913/1350 (68%)  
[  5] 102.00-103.00 sec   454 KBytes  3.71 Mbits/sec  1.865 ms  794/1181 (67%)  
[  5] 103.00-104.00 sec   452 KBytes  3.70 Mbits/sec  2.133 ms  821/1207 (68%)  
[  5] 104.00-105.00 sec   514 KBytes  4.22 Mbits/sec  1.836 ms  1031/1470 (70%)  
[  5] 105.00-106.00 sec   452 KBytes  3.71 Mbits/sec  2.121 ms  797/1183 (67%)  
[  5] 106.00-107.00 sec   452 KBytes  3.71 Mbits/sec  2.085 ms  790/1176 (67%)  
[  5] 107.00-108.00 sec   471 KBytes  3.86 Mbits/sec  1.907 ms  845/1247 (68%)  
[  5] 108.00-109.00 sec   513 KBytes  4.20 Mbits/sec  1.845 ms  921/1359 (68%)  
[  5] 109.00-110.00 sec   452 KBytes  3.71 Mbits/sec  1.894 ms  885/1271 (70%)  
[  5] 110.00-111.00 sec   452 KBytes  3.71 Mbits/sec  1.885 ms  803/1189 (68%)  
[  5] 111.00-112.00 sec   454 KBytes  3.71 Mbits/sec  2.125 ms  793/1180 (67%)  
[  5] 112.00-113.00 sec   452 KBytes  3.71 Mbits/sec  2.211 ms  816/1202 (68%)  
[  5] 113.00-114.00 sec   473 KBytes  3.88 Mbits/sec  1.906 ms  849/1253 (68%)  
[  5] 114.00-115.00 sec   452 KBytes  3.71 Mbits/sec  2.027 ms  899/1285 (70%)  
[  5] 115.00-116.00 sec   454 KBytes  3.72 Mbits/sec  2.024 ms  899/1286 (70%)  
[  5] 116.00-117.00 sec   452 KBytes  3.71 Mbits/sec  2.115 ms  826/1212 (68%)  
[  5] 117.00-118.00 sec   452 KBytes  3.71 Mbits/sec  2.468 ms  803/1189 (68%)  
[  5] 118.00-119.00 sec   473 KBytes  3.88 Mbits/sec  1.861 ms  840/1244 (68%)  
[  5] 119.00-120.00 sec   452 KBytes  3.71 Mbits/sec  2.108 ms  819/1205 (68%)  
[  5] 120.00-121.00 sec   454 KBytes  3.72 Mbits/sec  2.029 ms  907/1294 (70%)  
[  5] 121.00-122.00 sec   513 KBytes  4.20 Mbits/sec  1.868 ms  905/1343 (67%)  
[  5] 122.00-123.00 sec   454 KBytes  3.72 Mbits/sec  1.855 ms  817/1204 (68%)  
[  5] 123.00-124.00 sec   452 KBytes  3.71 Mbits/sec  2.190 ms  813/1199 (68%)  
[  5] 124.00-125.00 sec   452 KBytes  3.71 Mbits/sec  2.243 ms  818/1204 (68%)  
[  5] 125.00-126.00 sec   473 KBytes  3.88 Mbits/sec  1.838 ms  841/1245 (68%)  
[  5] 126.00-127.00 sec   452 KBytes  3.71 Mbits/sec  2.029 ms  836/1222 (68%)  
[  5] 127.00-128.00 sec   454 KBytes  3.72 Mbits/sec  2.088 ms  828/1215 (68%)  
[  5] 128.00-129.00 sec   513 KBytes  4.20 Mbits/sec  1.836 ms  909/1347 (67%)  
[  5] 129.00-130.00 sec   452 KBytes  3.71 Mbits/sec  2.226 ms  818/1204 (68%)  
[  5] 130.00-131.00 sec   513 KBytes  4.20 Mbits/sec  1.833 ms  892/1330 (67%)  
[  5] 131.00-132.00 sec   452 KBytes  3.70 Mbits/sec  2.149 ms  794/1180 (67%)  
[  5] 132.00-133.00 sec   454 KBytes  3.72 Mbits/sec  2.214 ms  893/1280 (70%)  
[  5] 133.00-134.00 sec   471 KBytes  3.86 Mbits/sec  1.967 ms  925/1327 (70%)  
[  5] 134.00-135.00 sec   452 KBytes  3.71 Mbits/sec  1.920 ms  891/1277 (70%)  
[  5] 135.00-136.00 sec   454 KBytes  3.71 Mbits/sec  2.130 ms  816/1203 (68%)  
[  5] 136.00-137.00 sec   452 KBytes  3.71 Mbits/sec  2.138 ms  812/1198 (68%)  
[  5] 137.00-138.00 sec   473 KBytes  3.88 Mbits/sec  2.073 ms  933/1337 (70%)  
[  5] 138.00-139.00 sec   492 KBytes  4.03 Mbits/sec  2.122 ms  927/1347 (69%)  
[  5] 139.00-140.00 sec   473 KBytes  3.88 Mbits/sec  1.854 ms  865/1269 (68%)  
[  5] 140.00-141.00 sec   492 KBytes  4.03 Mbits/sec  2.144 ms  899/1319 (68%)  
[  5] 141.00-142.00 sec   411 KBytes  3.37 Mbits/sec  1.978 ms  756/1107 (68%)  
[  5] 142.00-143.00 sec   513 KBytes  4.20 Mbits/sec  1.841 ms  908/1346 (67%)  
[  5] 143.00-144.00 sec   452 KBytes  3.71 Mbits/sec  2.197 ms  822/1208 (68%)  
[  5] 144.00-145.00 sec   454 KBytes  3.71 Mbits/sec  2.202 ms  857/1244 (69%)  
[  5] 145.00-146.00 sec   513 KBytes  4.20 Mbits/sec  1.822 ms  1044/1482 (70%)  
[  5] 146.00-147.00 sec   452 KBytes  3.71 Mbits/sec  2.337 ms  803/1189 (68%)  
[  5] 147.00-148.00 sec   454 KBytes  3.72 Mbits/sec  2.029 ms  802/1189 (67%)  
[  5] 148.00-149.00 sec   472 KBytes  3.87 Mbits/sec  1.892 ms  844/1247 (68%)  
[  5] 149.00-150.00 sec   493 KBytes  4.04 Mbits/sec  2.056 ms  871/1292 (67%)  
[  5] 150.00-151.00 sec   472 KBytes  3.87 Mbits/sec  1.883 ms  815/1218 (67%)  
[  5] 151.00-152.00 sec   454 KBytes  3.72 Mbits/sec  1.890 ms  858/1245 (69%)  
[  5] 152.00-153.00 sec   412 KBytes  3.38 Mbits/sec  1.935 ms  753/1105 (68%)  
[  5] 153.00-154.00 sec   452 KBytes  3.71 Mbits/sec  1.929 ms  874/1260 (69%)  
[  5] 154.00-155.00 sec   454 KBytes  3.72 Mbits/sec  2.041 ms  792/1179 (67%)  
[  5] 155.00-156.00 sec   512 KBytes  4.20 Mbits/sec  2.279 ms  911/1348 (68%)  
