Connecting to host 172.22.0.50, port 5201
Reverse mode, remote host 172.22.0.50 is sending
[  5] local 192.168.100.2 port 58589 connected to 172.22.0.50 port 5201
[ ID] Interval           Transfer     Bitrate         Jitter    Lost/Total Datagrams
[  5]   0.00-1.00   sec   668 KBytes  5.47 Mbits/sec  1.115 ms  0/570 (0%)  
[  5]   1.00-2.00   sec   704 KBytes  5.77 Mbits/sec  1.073 ms  0/601 (0%)  
[  5]   2.00-3.00   sec   721 KBytes  5.91 Mbits/sec  0.998 ms  0/615 (0%)  
[  5]   3.00-4.00   sec   725 KBytes  5.94 Mbits/sec  0.977 ms  0/619 (0%)  
[  5]   4.00-5.00   sec   737 KBytes  6.04 Mbits/sec  1.019 ms  0/629 (0%)  
[  5]   5.00-6.00   sec   720 KBytes  5.89 Mbits/sec  1.057 ms  0/614 (0%)  
[  5]   6.00-7.00   sec   682 KBytes  5.59 Mbits/sec  1.182 ms  0/582 (0%)  
[  5]   7.00-8.00   sec   727 KBytes  5.95 Mbits/sec  1.037 ms  0/620 (0%)  
[  5]   8.00-9.00   sec   738 KBytes  6.04 Mbits/sec  0.902 ms  0/630 (0%)  
[  5]   9.00-10.00  sec   734 KBytes  6.01 Mbits/sec  1.005 ms  0/626 (0%)  
[  5]  10.00-11.00  sec   739 KBytes  6.06 Mbits/sec  0.940 ms  0/631 (0%)  
[  5]  11.00-12.00  sec   701 KBytes  5.74 Mbits/sec  1.282 ms  0/598 (0%)  
[  5]  12.00-13.00  sec   701 KBytes  5.74 Mbits/sec  1.066 ms  0/598 (0%)  
[  5]  13.00-14.00  sec   729 KBytes  5.97 Mbits/sec  1.051 ms  0/622 (0%)  
[  5]  14.00-15.00  sec   724 KBytes  5.93 Mbits/sec  0.974 ms  0/618 (0%)  
[  5]  15.00-16.00  sec   722 KBytes  5.91 Mbits/sec  1.098 ms  0/616 (0%)  
[  5]  16.00-17.00  sec   718 KBytes  5.88 Mbits/sec  1.087 ms  0/613 (0%)  
[  5]  17.00-18.00  sec   662 KBytes  5.42 Mbits/sec  1.227 ms  0/565 (0%)  
[  5]  18.00-19.00  sec   645 KBytes  5.28 Mbits/sec  1.216 ms  0/550 (0%)  
[  5]  19.00-20.00  sec   727 KBytes  5.96 Mbits/sec  1.065 ms  0/620 (0%)  
[  5]  20.00-21.00  sec   722 KBytes  5.91 Mbits/sec  1.133 ms  0/616 (0%)  
[  5]  21.00-22.00  sec   709 KBytes  5.81 Mbits/sec  1.241 ms  0/605 (0%)  
[  5]  22.00-23.00  sec   715 KBytes  5.86 Mbits/sec  0.979 ms  0/610 (0%)  
[  5]  23.00-24.00  sec   715 KBytes  5.86 Mbits/sec  1.367 ms  0/610 (0%)  
[  5]  24.00-25.00  sec   633 KBytes  5.18 Mbits/sec  1.370 ms  0/540 (0%)  
[  5]  25.00-26.00  sec   703 KBytes  5.76 Mbits/sec  1.132 ms  0/600 (0%)  
[  5]  26.00-27.00  sec   599 KBytes  4.90 Mbits/sec  1.202 ms  402/913 (44%)  
[  5]  27.00-28.00  sec   737 KBytes  6.04 Mbits/sec  1.172 ms  638/1267 (50%)  
[  5]  28.00-29.00  sec   729 KBytes  5.97 Mbits/sec  1.143 ms  627/1249 (50%)  
[  5]  29.00-30.00  sec   736 KBytes  6.03 Mbits/sec  1.201 ms  656/1284 (51%)  
[  5]  30.00-31.00  sec   649 KBytes  5.32 Mbits/sec  1.232 ms  603/1157 (52%)  
[  5]  31.00-32.00  sec   729 KBytes  5.97 Mbits/sec  1.293 ms  774/1396 (55%)  
[  5]  32.00-33.00  sec   728 KBytes  5.96 Mbits/sec  1.205 ms  708/1329 (53%)  
[  5]  33.00-34.00  sec   626 KBytes  5.13 Mbits/sec  1.171 ms  541/1075 (50%)  
[  5]  34.00-35.00  sec   737 KBytes  6.04 Mbits/sec  1.213 ms  659/1288 (51%)  
[  5]  35.00-36.00  sec   728 KBytes  5.96 Mbits/sec  1.152 ms  670/1291 (52%)  
[  5]  36.00-37.00  sec   656 KBytes  5.37 Mbits/sec  1.198 ms  576/1136 (51%)  
[  5]  37.00-38.00  sec   730 KBytes  5.98 Mbits/sec  1.360 ms  706/1329 (53%)  
[  5]  38.00-39.00  sec   728 KBytes  5.96 Mbits/sec  1.140 ms  749/1370 (55%)  
[  5]  39.00-40.00  sec   737 KBytes  6.04 Mbits/sec  1.243 ms  674/1303 (52%)  
[  5]  40.00-41.00  sec   704 KBytes  5.77 Mbits/sec  1.272 ms  636/1237 (51%)  
[  5]  41.00-42.00  sec   649 KBytes  5.32 Mbits/sec  1.262 ms  569/1123 (51%)  
[  5]  42.00-43.00  sec   729 KBytes  5.97 Mbits/sec  1.203 ms  634/1256 (50%)  
[  5]  43.00-44.00  sec   736 KBytes  6.03 Mbits/sec  1.264 ms  674/1302 (52%)  
[  5]  44.00-45.00  sec   729 KBytes  5.97 Mbits/sec  1.193 ms  717/1339 (54%)  
[  5]  45.00-46.00  sec   736 KBytes  6.03 Mbits/sec  1.218 ms  684/1312 (52%)  
[  5]  46.00-47.00  sec   730 KBytes  5.98 Mbits/sec  1.224 ms  639/1262 (51%)  
[  5]  47.00-48.00  sec   623 KBytes  5.11 Mbits/sec  1.274 ms  545/1077 (51%)  
[  5]  48.00-49.00  sec   730 KBytes  5.98 Mbits/sec  1.116 ms  637/1260 (51%)  
[  5]  49.00-50.00  sec   817 KBytes  6.68 Mbits/sec  1.336 ms  809/1506 (54%)  
[  5]  50.00-51.00  sec   729 KBytes  5.98 Mbits/sec  1.119 ms  699/1321 (53%)  
[  5]  51.00-52.00  sec   736 KBytes  6.03 Mbits/sec  1.190 ms  634/1262 (50%)  
[  5]  52.00-53.00  sec   729 KBytes  5.97 Mbits/sec  1.245 ms  624/1246 (50%)  
[  5]  53.00-54.00  sec   729 KBytes  5.97 Mbits/sec  1.207 ms  626/1248 (50%)  
[  5]  54.00-55.00  sec   737 KBytes  6.04 Mbits/sec  1.263 ms  736/1365 (54%)  
[  5]  55.00-56.00  sec   623 KBytes  5.11 Mbits/sec  1.485 ms  609/1141 (53%)  
[  5]  56.00-57.00  sec   754 KBytes  6.17 Mbits/sec  1.205 ms  637/1280 (50%)  
[  5]  57.00-58.00  sec   737 KBytes  6.04 Mbits/sec  1.220 ms  636/1265 (50%)  
[  5]  58.00-59.00  sec   728 KBytes  5.96 Mbits/sec  1.201 ms  603/1224 (49%)  
[  5]  59.00-60.00  sec   737 KBytes  6.04 Mbits/sec  1.205 ms  640/1269 (50%)  
[  5]  60.00-61.00  sec   649 KBytes  5.32 Mbits/sec  1.261 ms  649/1203 (54%)  
[  5]  61.00-62.00  sec   704 KBytes  5.77 Mbits/sec  1.231 ms  619/1220 (51%)  
[  5]  62.00-63.00  sec   729 KBytes  5.97 Mbits/sec  1.225 ms  620/1242 (50%)  
[  5]  63.00-64.00  sec   737 KBytes  6.04 Mbits/sec  1.172 ms  621/1250 (50%)  
[  5]  64.00-65.00  sec   728 KBytes  5.96 Mbits/sec  1.115 ms  592/1213 (49%)  
[  5]  65.00-66.00  sec   729 KBytes  5.97 Mbits/sec  1.219 ms  624/1246 (50%)  
[  5]  66.00-67.00  sec   737 KBytes  6.04 Mbits/sec  1.266 ms  687/1316 (52%)  
[  5]  67.00-68.00  sec   704 KBytes  5.77 Mbits/sec  1.151 ms  616/1217 (51%)  
[  5]  68.00-69.00  sec   729 KBytes  5.97 Mbits/sec  1.221 ms  651/1273 (51%)  
[  5]  69.00-70.00  sec   737 KBytes  6.04 Mbits/sec  1.182 ms  689/1318 (52%)  
[  5]  70.00-71.00  sec   728 KBytes  5.96 Mbits/sec  1.183 ms  628/1249 (50%)  
[  5]  71.00-72.00  sec   729 KBytes  5.97 Mbits/sec  1.221 ms  610/1232 (50%)  
[  5]  72.00-73.00  sec   737 KBytes  6.04 Mbits/sec  1.267 ms  666/1295 (51%)  
[  5]  73.00-74.00  sec   729 KBytes  5.97 Mbits/sec  1.352 ms  731/1353 (54%)  
[  5]  74.00-75.00  sec   625 KBytes  5.12 Mbits/sec  1.138 ms  546/1079 (51%)  
[  5]  75.00-76.00  sec   737 KBytes  6.04 Mbits/sec  1.164 ms  640/1269 (50%)  
[  5]  76.00-77.00  sec   728 KBytes  5.96 Mbits/sec  1.138 ms  628/1249 (50%)  
[  5]  77.00-78.00  sec   729 KBytes  5.97 Mbits/sec  1.220 ms  617/1239 (50%)  
[  5]  78.00-79.00  sec   657 KBytes  5.38 Mbits/sec  1.212 ms  554/1115 (50%)  
[  5]  79.00-80.00  sec   648 KBytes  5.31 Mbits/sec  1.246 ms  539/1092 (49%)  
[  5]  80.00-81.00  sec   729 KBytes  5.97 Mbits/sec  1.171 ms  631/1253 (50%)  
[  5]  81.00-82.00  sec   737 KBytes  6.04 Mbits/sec  1.227 ms  727/1356 (54%)  
[  5]  82.00-83.00  sec   704 KBytes  5.77 Mbits/sec  1.401 ms  591/1192 (50%)  
[  5]  83.00-84.00  sec   729 KBytes  5.97 Mbits/sec  1.123 ms  596/1218 (49%)  
[  5]  84.00-85.00  sec   817 KBytes  6.69 Mbits/sec  1.210 ms  707/1404 (50%)  
[  5]  85.00-86.00  sec   648 KBytes  5.31 Mbits/sec  1.251 ms  547/1100 (50%)  
[  5]  86.00-87.00  sec   729 KBytes  5.97 Mbits/sec  1.285 ms  629/1251 (50%)  
[  5]  87.00-88.00  sec   737 KBytes  6.04 Mbits/sec  1.385 ms  702/1331 (53%)  
[  5]  88.00-89.00  sec   729 KBytes  5.97 Mbits/sec  1.352 ms  762/1384 (55%)  
[  5]  89.00-90.00  sec   728 KBytes  5.96 Mbits/sec  1.238 ms  622/1243 (50%)  
[  5]  90.00-91.00  sec   705 KBytes  5.78 Mbits/sec  1.223 ms  608/1210 (50%)  
[  5]  91.00-92.00  sec   737 KBytes  6.04 Mbits/sec  1.251 ms  645/1274 (51%)  
[  5]  92.00-93.00  sec   664 KBytes  5.44 Mbits/sec  3.226 ms  728/1295 (56%)  
[  5]  93.00-94.00  sec   712 KBytes  5.84 Mbits/sec  1.199 ms  643/1251 (51%)  
[  5]  94.00-95.00  sec   737 KBytes  6.04 Mbits/sec  1.244 ms  628/1257 (50%)  
[  5]  95.00-96.00  sec   728 KBytes  5.96 Mbits/sec  1.231 ms  620/1241 (50%)  
[  5]  96.00-97.00  sec   737 KBytes  6.04 Mbits/sec  1.238 ms  639/1268 (50%)  
[  5]  97.00-98.00  sec   705 KBytes  5.78 Mbits/sec  1.412 ms  589/1191 (49%)  
[  5]  98.00-99.00  sec   648 KBytes  5.31 Mbits/sec  1.221 ms  548/1101 (50%)  
[  5]  99.00-100.00 sec   649 KBytes  5.32 Mbits/sec  1.202 ms  654/1208 (54%)  
[  5] 100.00-101.00 sec   737 KBytes  6.04 Mbits/sec  1.194 ms  654/1283 (51%)  
[  5] 101.00-102.00 sec   728 KBytes  5.96 Mbits/sec  1.189 ms  627/1248 (50%)  
[  5] 102.00-103.00 sec   729 KBytes  5.97 Mbits/sec  1.189 ms  619/1241 (50%)  
[  5] 103.00-104.00 sec   737 KBytes  6.04 Mbits/sec  1.132 ms  649/1278 (51%)  
[  5] 104.00-105.00 sec   728 KBytes  5.96 Mbits/sec  1.086 ms  604/1225 (49%)  
[  5] 105.00-106.00 sec   705 KBytes  5.78 Mbits/sec  1.148 ms  603/1205 (50%)  
[  5] 106.00-107.00 sec   737 KBytes  6.04 Mbits/sec  1.214 ms  708/1337 (53%)  
[  5] 107.00-108.00 sec   728 KBytes  5.97 Mbits/sec  1.218 ms  686/1307 (52%)  
[  5] 108.00-109.00 sec   729 KBytes  5.97 Mbits/sec  1.205 ms  677/1299 (52%)  
[  5] 109.00-110.00 sec   737 KBytes  6.04 Mbits/sec  1.144 ms  626/1255 (50%)  
[  5] 110.00-111.00 sec   729 KBytes  5.97 Mbits/sec  1.128 ms  627/1249 (50%)  
[  5] 111.00-112.00 sec   729 KBytes  5.97 Mbits/sec  1.327 ms  720/1342 (54%)  
[  5] 112.00-113.00 sec   712 KBytes  5.84 Mbits/sec  1.237 ms  716/1324 (54%)  
[  5] 113.00-114.00 sec   643 KBytes  5.27 Mbits/sec  1.244 ms  578/1127 (51%)  
[  5] 114.00-115.00 sec   729 KBytes  5.97 Mbits/sec  1.154 ms  611/1233 (50%)  
[  5] 115.00-116.00 sec   737 KBytes  6.04 Mbits/sec  1.241 ms  651/1280 (51%)  
[  5] 116.00-117.00 sec   729 KBytes  5.97 Mbits/sec  1.135 ms  623/1245 (50%)  
[  5] 117.00-118.00 sec   648 KBytes  5.31 Mbits/sec  1.246 ms  578/1131 (51%)  
[  5] 118.00-119.00 sec   737 KBytes  6.04 Mbits/sec  1.234 ms  722/1351 (53%)  
[  5] 119.00-120.00 sec   729 KBytes  5.97 Mbits/sec  1.155 ms  597/1219 (49%)  
[  5] 120.00-121.00 sec   737 KBytes  6.04 Mbits/sec  1.194 ms  636/1265 (50%)  
[  5] 121.00-122.00 sec   704 KBytes  5.77 Mbits/sec  1.393 ms  592/1193 (50%)  
[  5] 122.00-123.00 sec   728 KBytes  5.96 Mbits/sec  1.144 ms  593/1214 (49%)  
[  5] 123.00-124.00 sec   649 KBytes  5.32 Mbits/sec  1.222 ms  543/1097 (49%)  
[  5] 124.00-125.00 sec   729 KBytes  5.97 Mbits/sec  1.195 ms  603/1225 (49%)  
[  5] 125.00-126.00 sec   737 KBytes  6.04 Mbits/sec  1.185 ms  688/1317 (52%)  
[  5] 126.00-127.00 sec   737 KBytes  6.04 Mbits/sec  1.234 ms  714/1343 (53%)  
[  5] 127.00-128.00 sec   728 KBytes  5.96 Mbits/sec  1.244 ms  697/1318 (53%)  
[  5] 128.00-129.00 sec   705 KBytes  5.78 Mbits/sec  1.147 ms  602/1204 (50%)  
[  5] 129.00-130.00 sec   728 KBytes  5.96 Mbits/sec  1.218 ms  620/1241 (50%)  
[  5] 130.00-131.00 sec   649 KBytes  5.32 Mbits/sec  1.306 ms  650/1204 (54%)  
[  5] 131.00-132.00 sec   737 KBytes  6.04 Mbits/sec  1.175 ms  659/1288 (51%)  
[  5] 132.00-133.00 sec   728 KBytes  5.96 Mbits/sec  1.285 ms  627/1248 (50%)  
[  5] 133.00-134.00 sec   649 KBytes  5.32 Mbits/sec  1.219 ms  560/1114 (50%)  
[  5] 134.00-135.00 sec   737 KBytes  6.04 Mbits/sec  1.143 ms  642/1271 (51%)  
[  5] 135.00-136.00 sec   728 KBytes  5.96 Mbits/sec  1.240 ms  641/1262 (51%)  
[  5] 136.00-137.00 sec   737 KBytes  6.03 Mbits/sec  1.351 ms  762/1391 (55%)  
[  5] 137.00-138.00 sec   625 KBytes  5.12 Mbits/sec  1.246 ms  588/1121 (52%)  
[  5] 138.00-139.00 sec   809 KBytes  6.63 Mbits/sec  1.260 ms  701/1391 (50%)  
[  5] 139.00-140.00 sec   737 KBytes  6.04 Mbits/sec  1.237 ms  621/1250 (50%)  
[  5] 140.00-141.00 sec   729 KBytes  5.97 Mbits/sec  1.172 ms  626/1248 (50%)  
[  5] 141.00-142.00 sec   737 KBytes  6.04 Mbits/sec  1.184 ms  647/1276 (51%)  
[  5] 142.00-143.00 sec   648 KBytes  5.31 Mbits/sec  1.259 ms  561/1114 (50%)  
[  5] 143.00-144.00 sec   705 KBytes  5.78 Mbits/sec  1.240 ms  640/1242 (52%)  
[  5] 144.00-145.00 sec   648 KBytes  5.31 Mbits/sec  1.145 ms  614/1167 (53%)  
[  5] 145.00-146.00 sec   736 KBytes  6.03 Mbits/sec  1.226 ms  649/1277 (51%)  
[  5] 146.00-147.00 sec   730 KBytes  5.98 Mbits/sec  1.261 ms  724/1347 (54%)  
[  5] 147.00-148.00 sec   648 KBytes  5.30 Mbits/sec  1.165 ms  604/1157 (52%)  
[  5] 148.00-149.00 sec   656 KBytes  5.38 Mbits/sec  1.178 ms  559/1119 (50%)  
[  5] 149.00-150.00 sec   729 KBytes  5.97 Mbits/sec  1.232 ms  609/1231 (49%)  
[  5] 150.00-151.00 sec   729 KBytes  5.97 Mbits/sec  1.295 ms  700/1322 (53%)  
[  5] 151.00-152.00 sec   736 KBytes  6.03 Mbits/sec  1.207 ms  691/1319 (52%)  
[  5] 152.00-153.00 sec   538 KBytes  4.41 Mbits/sec  1.218 ms  443/902 (49%)  
[  5] 153.00-154.00 sec   680 KBytes  5.57 Mbits/sec  1.254 ms  574/1154 (50%)  
[  5] 154.00-155.00 sec   729 KBytes  5.97 Mbits/sec  1.194 ms  603/1225 (49%)  
[  5] 155.00-156.00 sec   625 KBytes  5.11 Mbits/sec  1.168 ms  532/1065 (50%)  
