Connecting to host 172.22.0.50, port 5201
Reverse mode, remote host 172.22.0.50 is sending
[  5] local 192.168.100.2 port 38302 connected to 172.22.0.50 port 5201
[ ID] Interval           Transfer     Bitrate         Jitter    Lost/Total Datagrams
[  5]   0.00-1.00   sec   584 KBytes  4.78 Mbits/sec  1.743 ms  0/498 (0%)  
[  5]   1.00-2.00   sec   643 KBytes  5.27 Mbits/sec  1.190 ms  0/549 (0%)  
[  5]   2.00-3.00   sec   654 KBytes  5.36 Mbits/sec  1.142 ms  0/558 (0%)  
[  5]   3.00-4.00   sec   667 KBytes  5.46 Mbits/sec  1.113 ms  0/569 (0%)  
[  5]   4.00-5.00   sec   661 KBytes  5.41 Mbits/sec  1.101 ms  0/564 (0%)  
[  5]   5.00-6.00   sec   650 KBytes  5.33 Mbits/sec  1.117 ms  0/555 (0%)  
[  5]   6.00-7.00   sec   645 KBytes  5.28 Mbits/sec  1.111 ms  0/550 (0%)  
[  5]   7.00-8.00   sec   625 KBytes  5.12 Mbits/sec  1.191 ms  0/533 (0%)  
[  5]   8.00-9.00   sec   668 KBytes  5.47 Mbits/sec  0.994 ms  0/570 (0%)  
[  5]   9.00-10.00  sec   646 KBytes  5.29 Mbits/sec  1.334 ms  0/551 (0%)  
[  5]  10.00-11.00  sec   656 KBytes  5.38 Mbits/sec  1.106 ms  0/560 (0%)  
[  5]  11.00-12.00  sec   675 KBytes  5.53 Mbits/sec  1.159 ms  0/576 (0%)  
[  5]  12.00-13.00  sec   660 KBytes  5.41 Mbits/sec  1.011 ms  0/563 (0%)  
[  5]  13.00-14.00  sec   661 KBytes  5.41 Mbits/sec  1.084 ms  0/564 (0%)  
[  5]  14.00-15.00  sec   614 KBytes  5.03 Mbits/sec  1.345 ms  0/524 (0%)  
[  5]  15.00-16.00  sec   629 KBytes  5.16 Mbits/sec  1.033 ms  0/537 (0%)  
[  5]  16.00-17.00  sec   671 KBytes  5.50 Mbits/sec  1.066 ms  0/573 (0%)  
[  5]  17.00-18.00  sec   640 KBytes  5.24 Mbits/sec  1.142 ms  0/546 (0%)  
[  5]  18.00-19.00  sec   669 KBytes  5.48 Mbits/sec  1.110 ms  0/571 (0%)  
[  5]  19.00-20.00  sec   662 KBytes  5.42 Mbits/sec  1.088 ms  0/565 (0%)  
[  5]  20.00-21.00  sec   668 KBytes  5.47 Mbits/sec  1.097 ms  0/570 (0%)  
[  5]  21.00-22.00  sec   629 KBytes  5.16 Mbits/sec  1.560 ms  0/537 (0%)  
[  5]  22.00-23.00  sec   611 KBytes  5.00 Mbits/sec  1.491 ms  0/521 (0%)  
[  5]  23.00-24.00  sec   666 KBytes  5.45 Mbits/sec  1.235 ms  0/568 (0%)  
[  5]  24.00-25.00  sec   663 KBytes  5.43 Mbits/sec  1.221 ms  0/566 (0%)  
[  5]  25.00-26.00  sec   668 KBytes  5.47 Mbits/sec  1.212 ms  0/570 (0%)  
[  5]  26.00-27.00  sec   571 KBytes  4.67 Mbits/sec  1.317 ms  445/932 (48%)  
[  5]  27.00-28.00  sec   709 KBytes  5.81 Mbits/sec  1.309 ms  737/1342 (55%)  
[  5]  28.00-29.00  sec   629 KBytes  5.16 Mbits/sec  1.442 ms  665/1202 (55%)  
[  5]  29.00-30.00  sec   579 KBytes  4.74 Mbits/sec  1.417 ms  702/1196 (59%)  
[  5]  30.00-31.00  sec   729 KBytes  5.97 Mbits/sec  1.312 ms  786/1408 (56%)  
[  5]  31.00-32.00  sec   629 KBytes  5.16 Mbits/sec  1.473 ms  637/1174 (54%)  
[  5]  32.00-33.00  sec   659 KBytes  5.40 Mbits/sec  1.289 ms  727/1289 (56%)  
[  5]  33.00-34.00  sec   630 KBytes  5.16 Mbits/sec  1.397 ms  637/1175 (54%)  
[  5]  34.00-35.00  sec   731 KBytes  5.99 Mbits/sec  1.313 ms  756/1380 (55%)  
[  5]  35.00-36.00  sec   630 KBytes  5.17 Mbits/sec  1.373 ms  651/1189 (55%)  
[  5]  36.00-37.00  sec   652 KBytes  5.34 Mbits/sec  1.361 ms  786/1342 (59%)  
[  5]  37.00-38.00  sec   581 KBytes  4.76 Mbits/sec  1.342 ms  642/1138 (56%)  
[  5]  38.00-39.00  sec   702 KBytes  5.75 Mbits/sec  1.319 ms  710/1309 (54%)  
[  5]  39.00-40.00  sec   659 KBytes  5.39 Mbits/sec  1.357 ms  692/1254 (55%)  
[  5]  40.00-41.00  sec   632 KBytes  5.18 Mbits/sec  1.309 ms  633/1172 (54%)  
[  5]  41.00-42.00  sec   653 KBytes  5.35 Mbits/sec  1.242 ms  657/1214 (54%)  
[  5]  42.00-43.00  sec   629 KBytes  5.16 Mbits/sec  1.616 ms  648/1185 (55%)  
[  5]  43.00-44.00  sec   731 KBytes  5.99 Mbits/sec  1.297 ms  778/1402 (55%)  
[  5]  44.00-45.00  sec   629 KBytes  5.15 Mbits/sec  1.721 ms  731/1268 (58%)  
[  5]  45.00-46.00  sec   582 KBytes  4.77 Mbits/sec  1.311 ms  607/1104 (55%)  
[  5]  46.00-47.00  sec   652 KBytes  5.34 Mbits/sec  1.324 ms  665/1221 (54%)  
[  5]  47.00-48.00  sec   709 KBytes  5.81 Mbits/sec  1.304 ms  736/1341 (55%)  
[  5]  48.00-49.00  sec   632 KBytes  5.17 Mbits/sec  1.627 ms  645/1184 (54%)  
[  5]  49.00-50.00  sec   652 KBytes  5.34 Mbits/sec  1.229 ms  676/1232 (55%)  
[  5]  50.00-51.00  sec   659 KBytes  5.39 Mbits/sec  1.341 ms  686/1248 (55%)  
[  5]  51.00-52.00  sec   623 KBytes  5.11 Mbits/sec  1.312 ms  692/1224 (57%)  
[  5]  52.00-53.00  sec   659 KBytes  5.40 Mbits/sec  1.328 ms  772/1334 (58%)  
[  5]  53.00-54.00  sec   702 KBytes  5.75 Mbits/sec  1.412 ms  733/1332 (55%)  
[  5]  54.00-55.00  sec   659 KBytes  5.39 Mbits/sec  1.317 ms  720/1282 (56%)  
[  5]  55.00-56.00  sec   553 KBytes  4.53 Mbits/sec  1.430 ms  560/1032 (54%)  
[  5]  56.00-57.00  sec   659 KBytes  5.40 Mbits/sec  1.317 ms  672/1234 (54%)  
[  5]  57.00-58.00  sec   702 KBytes  5.75 Mbits/sec  1.401 ms  709/1308 (54%)  
[  5]  58.00-59.00  sec   659 KBytes  5.40 Mbits/sec  1.318 ms  676/1238 (55%)  
[  5]  59.00-60.00  sec   653 KBytes  5.35 Mbits/sec  1.425 ms  761/1318 (58%)  
[  5]  60.00-61.00  sec   630 KBytes  5.16 Mbits/sec  1.344 ms  725/1263 (57%)  
[  5]  61.00-62.00  sec   727 KBytes  5.95 Mbits/sec  1.340 ms  752/1372 (55%)  
[  5]  62.00-63.00  sec   629 KBytes  5.16 Mbits/sec  1.314 ms  644/1181 (55%)  
[  5]  63.00-64.00  sec   636 KBytes  5.21 Mbits/sec  1.345 ms  649/1192 (54%)  
[  5]  64.00-65.00  sec   729 KBytes  5.97 Mbits/sec  1.331 ms  758/1380 (55%)  
[  5]  65.00-66.00  sec   632 KBytes  5.18 Mbits/sec  1.682 ms  700/1239 (56%)  
[  5]  66.00-67.00  sec   652 KBytes  5.34 Mbits/sec  1.361 ms  752/1308 (57%)  
[  5]  67.00-68.00  sec   581 KBytes  4.76 Mbits/sec  1.330 ms  588/1084 (54%)  
[  5]  68.00-69.00  sec   630 KBytes  5.16 Mbits/sec  1.311 ms  638/1176 (54%)  
[  5]  69.00-70.00  sec   730 KBytes  5.98 Mbits/sec  1.393 ms  782/1405 (56%)  
[  5]  70.00-71.00  sec   632 KBytes  5.18 Mbits/sec  1.593 ms  745/1284 (58%)  
[  5]  71.00-72.00  sec   574 KBytes  4.70 Mbits/sec  1.269 ms  584/1074 (54%)  
[  5]  72.00-73.00  sec   659 KBytes  5.40 Mbits/sec  1.311 ms  667/1229 (54%)  
[  5]  73.00-74.00  sec   630 KBytes  5.16 Mbits/sec  1.336 ms  714/1252 (57%)  
[  5]  74.00-75.00  sec   582 KBytes  4.77 Mbits/sec  1.350 ms  611/1108 (55%)  
[  5]  75.00-76.00  sec   503 KBytes  4.10 Mbits/sec  1.353 ms  507/936 (54%)  
[  5]  76.00-77.00  sec   630 KBytes  5.19 Mbits/sec  1.679 ms  637/1175 (54%)  
[  5]  77.00-78.00  sec   652 KBytes  5.33 Mbits/sec  1.356 ms  652/1208 (54%)  
[  5]  78.00-79.00  sec   502 KBytes  4.12 Mbits/sec  1.356 ms  511/939 (54%)  
[  5]  79.00-80.00  sec   586 KBytes  4.80 Mbits/sec  1.318 ms  607/1107 (55%)  
[  5]  80.00-81.00  sec   552 KBytes  4.52 Mbits/sec  1.748 ms  571/1042 (55%)  
[  5]  81.00-82.00  sec   580 KBytes  4.75 Mbits/sec  1.411 ms  608/1103 (55%)  
[  5]  82.00-83.00  sec   581 KBytes  4.76 Mbits/sec  1.373 ms  643/1139 (56%)  
[  5]  83.00-84.00  sec   630 KBytes  5.17 Mbits/sec  1.301 ms  732/1270 (58%)  
[  5]  84.00-85.00  sec   652 KBytes  5.34 Mbits/sec  1.327 ms  692/1248 (55%)  
[  5]  85.00-86.00  sec   632 KBytes  5.17 Mbits/sec  1.645 ms  644/1183 (54%)  
[  5]  86.00-87.00  sec   652 KBytes  5.34 Mbits/sec  1.340 ms  692/1248 (55%)  
[  5]  87.00-88.00  sec   582 KBytes  4.77 Mbits/sec  1.245 ms  692/1189 (58%)  
[  5]  88.00-89.00  sec   629 KBytes  5.16 Mbits/sec  1.667 ms  682/1219 (56%)  
[  5]  89.00-90.00  sec   652 KBytes  5.34 Mbits/sec  1.454 ms  752/1308 (57%)  
[  5]  90.00-91.00  sec   660 KBytes  5.40 Mbits/sec  1.894 ms  890/1453 (61%)  
[  5]  91.00-92.00  sec   702 KBytes  5.75 Mbits/sec  1.346 ms  1037/1636 (63%)  
[  5]  92.00-93.00  sec   660 KBytes  5.40 Mbits/sec  1.322 ms  750/1313 (57%)  
[  5]  93.00-94.00  sec   630 KBytes  5.17 Mbits/sec  1.459 ms  799/1337 (60%)  
[  5]  94.00-95.00  sec   580 KBytes  4.75 Mbits/sec  1.338 ms  792/1287 (62%)  
[  5]  95.00-96.00  sec   625 KBytes  5.12 Mbits/sec  1.351 ms  796/1329 (60%)  
[  5]  96.00-97.00  sec   659 KBytes  5.39 Mbits/sec  1.478 ms  978/1540 (64%)  
[  5]  97.00-98.00  sec   630 KBytes  5.17 Mbits/sec  1.697 ms  840/1378 (61%)  
[  5]  98.00-99.00  sec   653 KBytes  5.35 Mbits/sec  1.274 ms  727/1284 (57%)  
[  5]  99.00-100.00 sec   659 KBytes  5.39 Mbits/sec  1.362 ms  738/1300 (57%)  
[  5] 100.00-101.00 sec   553 KBytes  4.53 Mbits/sec  1.616 ms  607/1079 (56%)  
[  5] 101.00-102.00 sec   652 KBytes  5.34 Mbits/sec  1.355 ms  681/1237 (55%)  
[  5] 102.00-103.00 sec   659 KBytes  5.40 Mbits/sec  1.352 ms  798/1360 (59%)  
[  5] 103.00-104.00 sec   632 KBytes  5.17 Mbits/sec  1.363 ms  675/1214 (56%)  
[  5] 104.00-105.00 sec   653 KBytes  5.35 Mbits/sec  1.236 ms  690/1247 (55%)  
[  5] 105.00-106.00 sec   629 KBytes  5.16 Mbits/sec  1.622 ms  673/1210 (56%)  
[  5] 106.00-107.00 sec   653 KBytes  5.35 Mbits/sec  1.344 ms  659/1216 (54%)  
[  5] 107.00-108.00 sec   659 KBytes  5.40 Mbits/sec  1.313 ms  673/1235 (54%)  
[  5] 108.00-109.00 sec   632 KBytes  5.17 Mbits/sec  1.405 ms  720/1259 (57%)  
[  5] 109.00-110.00 sec   652 KBytes  5.34 Mbits/sec  1.328 ms  788/1344 (59%)  
[  5] 110.00-111.00 sec   707 KBytes  5.79 Mbits/sec  1.339 ms  846/1449 (58%)  
[  5] 111.00-112.00 sec   579 KBytes  4.74 Mbits/sec  1.345 ms  625/1119 (56%)  
[  5] 112.00-113.00 sec   632 KBytes  5.18 Mbits/sec  1.626 ms  664/1203 (55%)  
[  5] 113.00-114.00 sec   653 KBytes  5.35 Mbits/sec  1.291 ms  698/1255 (56%)  
[  5] 114.00-115.00 sec   660 KBytes  5.40 Mbits/sec  1.400 ms  781/1344 (58%)  
[  5] 115.00-116.00 sec   625 KBytes  5.12 Mbits/sec  1.323 ms  758/1291 (59%)  
[  5] 116.00-117.00 sec   581 KBytes  4.76 Mbits/sec  1.362 ms  616/1112 (55%)  
[  5] 117.00-118.00 sec   632 KBytes  5.17 Mbits/sec  1.715 ms  659/1198 (55%)  
[  5] 118.00-119.00 sec   652 KBytes  5.34 Mbits/sec  1.340 ms  679/1235 (55%)  
[  5] 119.00-120.00 sec   657 KBytes  5.39 Mbits/sec  1.215 ms  706/1267 (56%)  
[  5] 120.00-121.00 sec   630 KBytes  5.16 Mbits/sec  1.647 ms  782/1320 (59%)  
[  5] 121.00-122.00 sec   731 KBytes  5.99 Mbits/sec  1.303 ms  754/1378 (55%)  
[  5] 122.00-123.00 sec   632 KBytes  5.17 Mbits/sec  1.324 ms  654/1193 (55%)  
[  5] 123.00-124.00 sec   653 KBytes  5.35 Mbits/sec  1.303 ms  670/1227 (55%)  
[  5] 124.00-125.00 sec   630 KBytes  5.16 Mbits/sec  1.733 ms  693/1231 (56%)  
[  5] 125.00-126.00 sec   582 KBytes  4.77 Mbits/sec  1.272 ms  611/1108 (55%)  
[  5] 126.00-127.00 sec   728 KBytes  5.96 Mbits/sec  1.414 ms  860/1481 (58%)  
[  5] 127.00-128.00 sec   628 KBytes  5.15 Mbits/sec  1.344 ms  689/1225 (56%)  
[  5] 128.00-129.00 sec   660 KBytes  5.40 Mbits/sec  1.312 ms  745/1308 (57%)  
[  5] 129.00-130.00 sec   625 KBytes  5.12 Mbits/sec  1.308 ms  720/1253 (57%)  
[  5] 130.00-131.00 sec   660 KBytes  5.40 Mbits/sec  1.311 ms  687/1250 (55%)  
[  5] 131.00-132.00 sec   630 KBytes  5.17 Mbits/sec  1.713 ms  743/1281 (58%)  
[  5] 132.00-133.00 sec   575 KBytes  4.71 Mbits/sec  1.315 ms  613/1104 (56%)  
[  5] 133.00-134.00 sec   660 KBytes  5.40 Mbits/sec  1.310 ms  718/1281 (56%)  
[  5] 134.00-135.00 sec   630 KBytes  5.16 Mbits/sec  1.400 ms  686/1224 (56%)  
[  5] 135.00-136.00 sec   653 KBytes  5.35 Mbits/sec  1.360 ms  702/1259 (56%)  
[  5] 136.00-137.00 sec   632 KBytes  5.18 Mbits/sec  1.559 ms  657/1196 (55%)  
[  5] 137.00-138.00 sec   650 KBytes  5.32 Mbits/sec  1.348 ms  673/1228 (55%)  
[  5] 138.00-139.00 sec   582 KBytes  4.77 Mbits/sec  1.224 ms  610/1107 (55%)  
[  5] 139.00-140.00 sec   630 KBytes  5.16 Mbits/sec  1.759 ms  737/1275 (58%)  
[  5] 140.00-141.00 sec   652 KBytes  5.34 Mbits/sec  1.335 ms  761/1317 (58%)  
[  5] 141.00-142.00 sec   709 KBytes  5.81 Mbits/sec  1.644 ms  737/1342 (55%)  
[  5] 142.00-143.00 sec   652 KBytes  5.34 Mbits/sec  1.325 ms  682/1238 (55%)  
[  5] 143.00-144.00 sec   660 KBytes  5.40 Mbits/sec  1.329 ms  707/1270 (56%)  
[  5] 144.00-145.00 sec   630 KBytes  5.16 Mbits/sec  1.384 ms  673/1211 (56%)  
[  5] 145.00-146.00 sec   581 KBytes  4.76 Mbits/sec  1.318 ms  622/1118 (56%)  
[  5] 146.00-147.00 sec   623 KBytes  5.11 Mbits/sec  1.470 ms  682/1214 (56%)  
[  5] 147.00-148.00 sec   737 KBytes  6.04 Mbits/sec  1.383 ms  889/1518 (59%)  
[  5] 148.00-149.00 sec   623 KBytes  5.11 Mbits/sec  1.326 ms  750/1282 (59%)  
[  5] 149.00-150.00 sec   659 KBytes  5.39 Mbits/sec  1.361 ms  741/1303 (57%)  
[  5] 150.00-151.00 sec   632 KBytes  5.18 Mbits/sec  1.702 ms  678/1217 (56%)  
[  5] 151.00-152.00 sec   656 KBytes  5.38 Mbits/sec  1.303 ms  701/1261 (56%)  
[  5] 152.00-153.00 sec   573 KBytes  4.69 Mbits/sec  1.405 ms  627/1116 (56%)  
[  5] 153.00-154.00 sec   632 KBytes  5.18 Mbits/sec  1.358 ms  769/1308 (59%)  
[  5] 154.00-155.00 sec   660 KBytes  5.40 Mbits/sec  1.329 ms  711/1274 (56%)  
[  5] 155.00-156.00 sec   625 KBytes  5.12 Mbits/sec  1.322 ms  643/1176 (55%)  
