Connecting to host 172.22.0.50, port 5201
Reverse mode, remote host 172.22.0.50 is sending
[  5] local 192.168.100.2 port 43535 connected to 172.22.0.50 port 5201
[ ID] Interval           Transfer     Bitrate         Jitter    Lost/Total Datagrams
[  5]   0.00-1.00   sec   819 KBytes  6.70 Mbits/sec  0.819 ms  0/699 (0%)  
[  5]   1.00-2.00   sec   906 KBytes  7.42 Mbits/sec  0.848 ms  0/773 (0%)  
[  5]   2.00-3.00   sec   911 KBytes  7.46 Mbits/sec  0.813 ms  0/777 (0%)  
[  5]   3.00-4.00   sec   881 KBytes  7.22 Mbits/sec  1.004 ms  0/752 (0%)  
[  5]   4.00-5.00   sec   874 KBytes  7.16 Mbits/sec  0.776 ms  0/746 (0%)  
[  5]   5.00-6.00   sec   909 KBytes  7.45 Mbits/sec  0.985 ms  0/776 (0%)  
[  5]   6.00-7.00   sec   899 KBytes  7.36 Mbits/sec  1.240 ms  0/767 (0%)  
[  5]   7.00-8.00   sec   914 KBytes  7.49 Mbits/sec  0.737 ms  0/780 (0%)  
[  5]   8.00-9.00   sec   922 KBytes  7.56 Mbits/sec  0.740 ms  0/787 (0%)  
[  5]   9.00-10.00  sec   925 KBytes  7.57 Mbits/sec  0.837 ms  0/789 (0%)  
[  5]  10.00-11.00  sec   918 KBytes  7.52 Mbits/sec  1.037 ms  0/783 (0%)  
[  5]  11.00-12.00  sec   823 KBytes  6.74 Mbits/sec  0.976 ms  0/702 (0%)  
[  5]  12.00-13.00  sec   865 KBytes  7.09 Mbits/sec  0.824 ms  0/738 (0%)  
[  5]  13.00-14.00  sec   899 KBytes  7.36 Mbits/sec  0.834 ms  0/767 (0%)  
[  5]  14.00-15.00  sec   898 KBytes  7.35 Mbits/sec  0.798 ms  0/766 (0%)  
[  5]  15.00-16.00  sec   898 KBytes  7.36 Mbits/sec  0.943 ms  0/766 (0%)  
[  5]  16.00-17.00  sec   834 KBytes  6.84 Mbits/sec  0.979 ms  0/712 (0%)  
[  5]  17.00-18.00  sec   840 KBytes  6.88 Mbits/sec  0.981 ms  0/717 (0%)  
[  5]  18.00-19.00  sec   908 KBytes  7.44 Mbits/sec  0.779 ms  0/775 (0%)  
[  5]  19.00-20.00  sec   918 KBytes  7.52 Mbits/sec  0.864 ms  0/783 (0%)  
[  5]  20.00-21.00  sec   920 KBytes  7.53 Mbits/sec  0.956 ms  0/785 (0%)  
[  5]  21.00-22.00  sec   912 KBytes  7.47 Mbits/sec  0.818 ms  0/778 (0%)  
[  5]  22.00-23.00  sec   895 KBytes  7.33 Mbits/sec  0.768 ms  0/764 (0%)  
[  5]  23.00-24.00  sec   848 KBytes  6.95 Mbits/sec  1.174 ms  0/724 (0%)  
[  5]  24.00-25.00  sec   827 KBytes  6.78 Mbits/sec  0.894 ms  0/706 (0%)  
[  5]  25.00-26.00  sec   914 KBytes  7.49 Mbits/sec  0.783 ms  0/780 (0%)  
[  5]  26.00-27.00  sec   900 KBytes  7.37 Mbits/sec  0.780 ms  0/768 (0%)  
[  5]  27.00-28.00  sec   729 KBytes  5.97 Mbits/sec  1.376 ms  364/986 (37%)  
[  5]  28.00-29.00  sec   899 KBytes  7.36 Mbits/sec  1.026 ms  554/1321 (42%)  
[  5]  29.00-30.00  sec   898 KBytes  7.36 Mbits/sec  1.031 ms  461/1227 (38%)  
[  5]  30.00-31.00  sec  1.00 MBytes  8.43 Mbits/sec  0.902 ms  522/1400 (37%)  
[  5]  31.00-32.00  sec   798 KBytes  6.52 Mbits/sec  0.985 ms  405/1086 (37%)  
[  5]  32.00-33.00  sec   900 KBytes  7.39 Mbits/sec  1.052 ms  474/1242 (38%)  
[  5]  33.00-34.00  sec   908 KBytes  7.44 Mbits/sec  1.032 ms  511/1286 (40%)  
[  5]  34.00-35.00  sec   898 KBytes  7.35 Mbits/sec  1.251 ms  583/1349 (43%)  
[  5]  35.00-36.00  sec   929 KBytes  7.61 Mbits/sec  1.043 ms  541/1334 (41%)  
[  5]  36.00-37.00  sec   795 KBytes  6.51 Mbits/sec  1.039 ms  419/1097 (38%)  
[  5]  37.00-38.00  sec   909 KBytes  7.45 Mbits/sec  1.004 ms  492/1268 (39%)  
[  5]  38.00-39.00  sec   898 KBytes  7.35 Mbits/sec  1.013 ms  465/1231 (38%)  
[  5]  39.00-40.00  sec   929 KBytes  7.61 Mbits/sec  0.977 ms  474/1267 (37%)  
[  5]  40.00-41.00  sec   898 KBytes  7.35 Mbits/sec  1.045 ms  469/1235 (38%)  
[  5]  41.00-42.00  sec   900 KBytes  7.37 Mbits/sec  1.057 ms  474/1242 (38%)  
[  5]  42.00-43.00  sec   898 KBytes  7.35 Mbits/sec  1.084 ms  515/1281 (40%)  
[  5]  43.00-44.00  sec   918 KBytes  7.52 Mbits/sec  0.999 ms  541/1324 (41%)  
[  5]  44.00-45.00  sec   900 KBytes  7.37 Mbits/sec  1.016 ms  480/1248 (38%)  
[  5]  45.00-46.00  sec   886 KBytes  7.26 Mbits/sec  1.046 ms  479/1235 (39%)  
[  5]  46.00-47.00  sec   909 KBytes  7.45 Mbits/sec  0.998 ms  512/1288 (40%)  
[  5]  47.00-48.00  sec   898 KBytes  7.35 Mbits/sec  1.044 ms  509/1275 (40%)  
[  5]  48.00-49.00  sec   797 KBytes  6.53 Mbits/sec  1.025 ms  438/1118 (39%)  
[  5]  49.00-50.00  sec   898 KBytes  7.35 Mbits/sec  1.067 ms  547/1313 (42%)  
[  5]  50.00-51.00  sec   918 KBytes  7.51 Mbits/sec  0.985 ms  517/1300 (40%)  
[  5]  51.00-52.00  sec   898 KBytes  7.36 Mbits/sec  1.021 ms  465/1231 (38%)  
[  5]  52.00-53.00  sec   893 KBytes  7.32 Mbits/sec  1.034 ms  474/1236 (38%)  
[  5]  53.00-54.00  sec   939 KBytes  7.69 Mbits/sec  0.986 ms  498/1299 (38%)  
[  5]  54.00-55.00  sec   898 KBytes  7.35 Mbits/sec  0.918 ms  457/1223 (37%)  
[  5]  55.00-56.00  sec   799 KBytes  6.54 Mbits/sec  0.999 ms  406/1088 (37%)  
[  5]  56.00-57.00  sec   894 KBytes  7.34 Mbits/sec  0.996 ms  466/1229 (38%)  
[  5]  57.00-58.00  sec   899 KBytes  7.36 Mbits/sec  1.029 ms  489/1256 (39%)  
[  5]  58.00-59.00  sec   939 KBytes  7.69 Mbits/sec  1.031 ms  529/1330 (40%)  
[  5]  59.00-60.00  sec   899 KBytes  7.36 Mbits/sec  0.931 ms  582/1349 (43%)  
[  5]  60.00-61.00  sec   898 KBytes  7.35 Mbits/sec  0.981 ms  452/1218 (37%)  
[  5]  61.00-62.00  sec   799 KBytes  6.55 Mbits/sec  1.111 ms  409/1091 (37%)  
[  5]  62.00-63.00  sec   908 KBytes  7.44 Mbits/sec  1.008 ms  493/1268 (39%)  
[  5]  63.00-64.00  sec   929 KBytes  7.61 Mbits/sec  1.008 ms  471/1264 (37%)  
[  5]  64.00-65.00  sec   898 KBytes  7.35 Mbits/sec  0.927 ms  438/1204 (36%)  
[  5]  65.00-66.00  sec   899 KBytes  7.36 Mbits/sec  0.983 ms  478/1245 (38%)  
[  5]  66.00-67.00  sec   887 KBytes  7.26 Mbits/sec  1.074 ms  634/1391 (46%)  
[  5]  67.00-68.00  sec   928 KBytes  7.61 Mbits/sec  1.079 ms  518/1310 (40%)  
[  5]  68.00-69.00  sec   899 KBytes  7.36 Mbits/sec  1.033 ms  455/1222 (37%)  
[  5]  69.00-70.00  sec   809 KBytes  6.63 Mbits/sec  0.924 ms  397/1087 (37%)  
[  5]  70.00-71.00  sec   887 KBytes  7.27 Mbits/sec  0.988 ms  461/1218 (38%)  
[  5]  71.00-72.00  sec   929 KBytes  7.61 Mbits/sec  1.050 ms  495/1288 (38%)  
[  5]  72.00-73.00  sec   898 KBytes  7.35 Mbits/sec  1.058 ms  609/1375 (44%)  
[  5]  73.00-74.00  sec   899 KBytes  7.36 Mbits/sec  1.041 ms  488/1255 (39%)  
[  5]  74.00-75.00  sec   928 KBytes  7.60 Mbits/sec  1.002 ms  495/1287 (38%)  
[  5]  75.00-76.00  sec   779 KBytes  6.38 Mbits/sec  0.932 ms  412/1077 (38%)  
[  5]  76.00-77.00  sec   928 KBytes  7.60 Mbits/sec  1.033 ms  505/1297 (39%)  
[  5]  77.00-78.00  sec   989 KBytes  8.11 Mbits/sec  1.052 ms  537/1381 (39%)  
[  5]  78.00-79.00  sec   809 KBytes  6.62 Mbits/sec  1.031 ms  414/1104 (38%)  
[  5]  79.00-80.00  sec   928 KBytes  7.60 Mbits/sec  0.983 ms  495/1287 (38%)  
[  5]  80.00-81.00  sec   899 KBytes  7.36 Mbits/sec  1.115 ms  543/1310 (41%)  
[  5]  81.00-82.00  sec   887 KBytes  7.27 Mbits/sec  1.045 ms  505/1262 (40%)  
[  5]  82.00-83.00  sec  1017 KBytes  8.33 Mbits/sec  0.935 ms  565/1433 (39%)  
[  5]  83.00-84.00  sec   898 KBytes  7.35 Mbits/sec  0.996 ms  464/1230 (38%)  
[  5]  84.00-85.00  sec   899 KBytes  7.36 Mbits/sec  0.974 ms  459/1226 (37%)  
[  5]  85.00-86.00  sec   916 KBytes  7.51 Mbits/sec  1.287 ms  555/1337 (42%)  
[  5]  86.00-87.00  sec   809 KBytes  6.62 Mbits/sec  0.930 ms  438/1128 (39%)  
[  5]  87.00-88.00  sec   899 KBytes  7.36 Mbits/sec  1.001 ms  456/1223 (37%)  
[  5]  88.00-89.00  sec   899 KBytes  7.36 Mbits/sec  0.964 ms  438/1205 (36%)  
[  5]  89.00-90.00  sec   928 KBytes  7.61 Mbits/sec  1.075 ms  551/1343 (41%)  
[  5]  90.00-91.00  sec   988 KBytes  8.09 Mbits/sec  1.037 ms  510/1353 (38%)  
[  5]  91.00-92.00  sec   929 KBytes  7.61 Mbits/sec  1.003 ms  483/1276 (38%)  
[  5]  92.00-93.00  sec   809 KBytes  6.62 Mbits/sec  1.012 ms  416/1106 (38%)  
[  5]  93.00-94.00  sec   899 KBytes  7.37 Mbits/sec  0.998 ms  444/1211 (37%)  
[  5]  94.00-95.00  sec   788 KBytes  6.45 Mbits/sec  1.008 ms  419/1091 (38%)  
[  5]  95.00-96.00  sec   889 KBytes  7.29 Mbits/sec  1.013 ms  451/1210 (37%)  
[  5]  96.00-97.00  sec   899 KBytes  7.36 Mbits/sec  1.072 ms  540/1307 (41%)  
[  5]  97.00-98.00  sec   926 KBytes  7.58 Mbits/sec  1.070 ms  564/1354 (42%)  
[  5]  98.00-99.00  sec   899 KBytes  7.36 Mbits/sec  1.017 ms  451/1218 (37%)  
[  5]  99.00-100.00 sec   899 KBytes  7.36 Mbits/sec  1.014 ms  449/1216 (37%)  
[  5] 100.00-101.00 sec  1.00 MBytes  8.42 Mbits/sec  0.986 ms  511/1388 (37%)  
[  5] 101.00-102.00 sec   799 KBytes  6.55 Mbits/sec  1.007 ms  387/1069 (36%)  
[  5] 102.00-103.00 sec   908 KBytes  7.44 Mbits/sec  1.040 ms  469/1244 (38%)  
[  5] 103.00-104.00 sec   798 KBytes  6.54 Mbits/sec  1.068 ms  482/1163 (41%)  
[  5] 104.00-105.00 sec   929 KBytes  7.61 Mbits/sec  1.093 ms  532/1325 (40%)  
[  5] 105.00-106.00 sec   898 KBytes  7.35 Mbits/sec  1.012 ms  549/1315 (42%)  
[  5] 106.00-107.00 sec   900 KBytes  7.37 Mbits/sec  1.042 ms  481/1249 (39%)  
[  5] 107.00-108.00 sec   908 KBytes  7.44 Mbits/sec  1.017 ms  496/1271 (39%)  
[  5] 108.00-109.00 sec   899 KBytes  7.36 Mbits/sec  1.025 ms  492/1259 (39%)  
[  5] 109.00-110.00 sec   928 KBytes  7.61 Mbits/sec  0.985 ms  446/1238 (36%)  
[  5] 110.00-111.00 sec   899 KBytes  7.36 Mbits/sec  0.983 ms  441/1208 (37%)  
[  5] 111.00-112.00 sec   898 KBytes  7.35 Mbits/sec  1.050 ms  441/1207 (37%)  
[  5] 112.00-113.00 sec   809 KBytes  6.62 Mbits/sec  1.045 ms  498/1188 (42%)  
[  5] 113.00-114.00 sec   929 KBytes  7.61 Mbits/sec  0.998 ms  547/1340 (41%)  
[  5] 114.00-115.00 sec   899 KBytes  7.37 Mbits/sec  1.041 ms  520/1287 (40%)  
[  5] 115.00-116.00 sec   899 KBytes  7.36 Mbits/sec  1.051 ms  471/1238 (38%)  
[  5] 116.00-117.00 sec   928 KBytes  7.60 Mbits/sec  1.011 ms  474/1266 (37%)  
[  5] 117.00-118.00 sec   779 KBytes  6.39 Mbits/sec  0.961 ms  433/1098 (39%)  
[  5] 118.00-119.00 sec   928 KBytes  7.61 Mbits/sec  1.039 ms  539/1331 (40%)  
[  5] 119.00-120.00 sec   899 KBytes  7.36 Mbits/sec  0.978 ms  461/1228 (38%)  
[  5] 120.00-121.00 sec   898 KBytes  7.35 Mbits/sec  1.090 ms  485/1251 (39%)  
[  5] 121.00-122.00 sec   929 KBytes  7.61 Mbits/sec  1.019 ms  455/1248 (36%)  
[  5] 122.00-123.00 sec   899 KBytes  7.37 Mbits/sec  1.021 ms  492/1259 (39%)  
[  5] 123.00-124.00 sec   796 KBytes  6.51 Mbits/sec  1.044 ms  533/1212 (44%)  
[  5] 124.00-125.00 sec   898 KBytes  7.36 Mbits/sec  1.115 ms  535/1301 (41%)  
[  5] 125.00-126.00 sec   929 KBytes  7.61 Mbits/sec  0.976 ms  497/1290 (39%)  
[  5] 126.00-127.00 sec   899 KBytes  7.36 Mbits/sec  0.974 ms  458/1225 (37%)  
[  5] 127.00-128.00 sec   807 KBytes  6.61 Mbits/sec  1.093 ms  428/1117 (38%)  
[  5] 128.00-129.00 sec   900 KBytes  7.37 Mbits/sec  1.032 ms  574/1342 (43%)  
[  5] 129.00-130.00 sec   898 KBytes  7.35 Mbits/sec  1.041 ms  487/1253 (39%)  
[  5] 130.00-131.00 sec   928 KBytes  7.61 Mbits/sec  1.027 ms  488/1280 (38%)  
[  5] 131.00-132.00 sec   900 KBytes  7.37 Mbits/sec  1.014 ms  469/1237 (38%)  
[  5] 132.00-133.00 sec   898 KBytes  7.35 Mbits/sec  1.033 ms  468/1234 (38%)  
[  5] 133.00-134.00 sec   809 KBytes  6.62 Mbits/sec  1.047 ms  468/1158 (40%)  
[  5] 134.00-135.00 sec   929 KBytes  7.61 Mbits/sec  1.044 ms  577/1370 (42%)  
[  5] 135.00-136.00 sec   899 KBytes  7.36 Mbits/sec  1.024 ms  490/1257 (39%)  
[  5] 136.00-137.00 sec   908 KBytes  7.44 Mbits/sec  1.025 ms  492/1267 (39%)  
[  5] 137.00-138.00 sec   798 KBytes  6.54 Mbits/sec  1.046 ms  427/1108 (39%)  
[  5] 138.00-139.00 sec  1.00 MBytes  8.43 Mbits/sec  1.006 ms  554/1432 (39%)  
[  5] 139.00-140.00 sec   898 KBytes  7.35 Mbits/sec  1.076 ms  478/1244 (38%)  
[  5] 140.00-141.00 sec   900 KBytes  7.37 Mbits/sec  1.066 ms  546/1314 (42%)  
[  5] 141.00-142.00 sec   798 KBytes  6.54 Mbits/sec  0.950 ms  431/1112 (39%)  
[  5] 142.00-143.00 sec   898 KBytes  7.35 Mbits/sec  1.032 ms  487/1253 (39%)  
[  5] 143.00-144.00 sec   929 KBytes  7.61 Mbits/sec  1.065 ms  532/1325 (40%)  
[  5] 144.00-145.00 sec   899 KBytes  7.36 Mbits/sec  0.979 ms  530/1297 (41%)  
[  5] 145.00-146.00 sec   898 KBytes  7.35 Mbits/sec  1.041 ms  456/1222 (37%)  
[  5] 146.00-147.00 sec   929 KBytes  7.61 Mbits/sec  0.986 ms  542/1335 (41%)  
[  5] 147.00-148.00 sec   809 KBytes  6.62 Mbits/sec  1.035 ms  455/1145 (40%)  
[  5] 148.00-149.00 sec   899 KBytes  7.36 Mbits/sec  0.943 ms  469/1236 (38%)  
[  5] 149.00-150.00 sec   898 KBytes  7.36 Mbits/sec  1.048 ms  451/1217 (37%)  
[  5] 150.00-151.00 sec   929 KBytes  7.61 Mbits/sec  0.990 ms  466/1259 (37%)  
[  5] 151.00-152.00 sec   898 KBytes  7.35 Mbits/sec  1.116 ms  477/1243 (38%)  
[  5] 152.00-153.00 sec   900 KBytes  7.37 Mbits/sec  1.045 ms  556/1324 (42%)  
[  5] 153.00-154.00 sec   792 KBytes  6.49 Mbits/sec  1.049 ms  486/1162 (42%)  
[  5] 154.00-155.00 sec   898 KBytes  7.36 Mbits/sec  1.018 ms  463/1229 (38%)  
[  5] 155.00-156.00 sec   929 KBytes  7.61 Mbits/sec  0.999 ms  488/1281 (38%)  
