Connecting to host 172.22.0.50, port 5202
Reverse mode, remote host 172.22.0.50 is sending
[  5] local 192.168.102.2 port 56842 connected to 172.22.0.50 port 5202
[ ID] Interval           Transfer     Bitrate         Jitter    Lost/Total Datagrams
[  5]   0.00-1.00   sec   439 KBytes  3.60 Mbits/sec  0.419 ms  0/4499 (0%)  
[  5]   1.00-2.00   sec   440 KBytes  3.60 Mbits/sec  0.358 ms  0/4505 (0%)  
[  5]   2.00-3.00   sec   440 KBytes  3.60 Mbits/sec  0.277 ms  0/4502 (0%)  
[  5]   3.00-4.00   sec   438 KBytes  3.59 Mbits/sec  0.311 ms  0/4489 (0%)  
[  5]   4.00-5.00   sec   440 KBytes  3.60 Mbits/sec  0.298 ms  0/4501 (0%)  
[  5]   5.00-6.00   sec   439 KBytes  3.59 Mbits/sec  0.394 ms  0/4496 (0%)  
[  5]   6.00-7.00   sec   437 KBytes  3.59 Mbits/sec  0.235 ms  0/4485 (0%)  
[  5]   7.00-8.00   sec   440 KBytes  3.61 Mbits/sec  0.224 ms  0/4509 (0%)  
[  5]   8.00-9.00   sec   441 KBytes  3.61 Mbits/sec  0.288 ms  0/4514 (0%)  
[  5]   9.00-10.00  sec   438 KBytes  3.58 Mbits/sec  0.266 ms  0/4482 (0%)  
[  5]  10.00-11.00  sec   441 KBytes  3.61 Mbits/sec  0.245 ms  0/4512 (0%)  
[  5]  11.00-12.00  sec   439 KBytes  3.60 Mbits/sec  0.305 ms  0/4494 (0%)  
[  5]  12.00-13.00  sec   438 KBytes  3.59 Mbits/sec  0.553 ms  0/4490 (0%)  
[  5]  13.00-14.00  sec   438 KBytes  3.59 Mbits/sec  0.478 ms  0/4490 (0%)  
[  5]  14.00-15.00  sec   442 KBytes  3.62 Mbits/sec  0.297 ms  0/4521 (0%)  
[  5]  15.00-16.00  sec   439 KBytes  3.59 Mbits/sec  0.347 ms  0/4492 (0%)  
[  5]  16.00-17.00  sec   442 KBytes  3.62 Mbits/sec  0.265 ms  0/4521 (0%)  
[  5]  17.00-18.00  sec   439 KBytes  3.59 Mbits/sec  0.469 ms  0/4492 (0%)  
[  5]  18.00-19.00  sec   296 KBytes  2.43 Mbits/sec  0.482 ms  0/3034 (0%)  
[  5]  19.00-20.00  sec   309 KBytes  2.53 Mbits/sec  0.411 ms  0/3163 (0%)  
[  5]  20.00-21.00  sec   312 KBytes  2.56 Mbits/sec  0.348 ms  0/3196 (0%)  
[  5]  21.00-22.00  sec   311 KBytes  2.55 Mbits/sec  0.505 ms  0/3187 (0%)  
[  5]  22.00-23.00  sec   303 KBytes  2.49 Mbits/sec  0.322 ms  0/3107 (0%)  
[  5]  23.00-24.00  sec   311 KBytes  2.55 Mbits/sec  0.346 ms  0/3182 (0%)  
[  5]  24.00-25.00  sec   311 KBytes  2.55 Mbits/sec  0.366 ms  0/3186 (0%)  
[  5]  25.00-26.00  sec   315 KBytes  2.58 Mbits/sec  0.390 ms  0/3223 (0%)  
[  5]  26.00-27.00  sec   318 KBytes  2.60 Mbits/sec  0.416 ms  0/3256 (0%)  
[  5]  27.00-28.00  sec   320 KBytes  2.62 Mbits/sec  0.440 ms  0/3277 (0%)  
[  5]  28.00-29.00  sec   313 KBytes  2.56 Mbits/sec  0.529 ms  0/3205 (0%)  
[  5]  29.00-30.00  sec   307 KBytes  2.51 Mbits/sec  0.419 ms  0/3140 (0%)  
[  5]  30.00-31.00  sec   307 KBytes  2.51 Mbits/sec  0.642 ms  0/3141 (0%)  
[  5]  31.00-32.00  sec   310 KBytes  2.54 Mbits/sec  0.444 ms  0/3173 (0%)  
[  5]  32.00-33.00  sec   312 KBytes  2.56 Mbits/sec  0.367 ms  0/3198 (0%)  
[  5]  33.00-34.00  sec   313 KBytes  2.57 Mbits/sec  0.399 ms  0/3206 (0%)  
[  5]  34.00-35.00  sec   318 KBytes  2.61 Mbits/sec  0.373 ms  0/3259 (0%)  
[  5]  35.00-36.00  sec   318 KBytes  2.60 Mbits/sec  0.344 ms  0/3256 (0%)  
[  5]  36.00-37.00  sec   315 KBytes  2.58 Mbits/sec  0.389 ms  0/3222 (0%)  
[  5]  37.00-38.00  sec   317 KBytes  2.60 Mbits/sec  0.357 ms  0/3250 (0%)  
[  5]  38.00-39.00  sec   309 KBytes  2.53 Mbits/sec  0.398 ms  0/3169 (0%)  
[  5]  39.00-40.00  sec   302 KBytes  2.48 Mbits/sec  0.388 ms  0/3094 (0%)  
[  5]  40.00-41.00  sec   301 KBytes  2.47 Mbits/sec  0.405 ms  0/3085 (0%)  
[  5]  41.00-42.00  sec   307 KBytes  2.51 Mbits/sec  0.356 ms  0/3146 (0%)  
[  5]  42.00-43.00  sec   315 KBytes  2.58 Mbits/sec  0.353 ms  0/3227 (0%)  
[  5]  43.00-44.00  sec   312 KBytes  2.56 Mbits/sec  0.477 ms  0/3197 (0%)  
[  5]  44.00-45.00  sec   310 KBytes  2.54 Mbits/sec  0.390 ms  0/3175 (0%)  
[  5]  45.00-46.00  sec   317 KBytes  2.60 Mbits/sec  0.339 ms  0/3246 (0%)  
[  5]  46.00-47.00  sec   307 KBytes  2.52 Mbits/sec  0.366 ms  0/3146 (0%)  
[  5]  47.00-48.00  sec   309 KBytes  2.53 Mbits/sec  0.496 ms  0/3160 (0%)  
[  5]  48.00-49.00  sec   307 KBytes  2.52 Mbits/sec  0.393 ms  0/3144 (0%)  
[  5]  49.00-50.00  sec   315 KBytes  2.58 Mbits/sec  0.380 ms  0/3227 (0%)  
[  5]  50.00-51.00  sec   316 KBytes  2.59 Mbits/sec  0.374 ms  0/3233 (0%)  
[  5]  51.00-52.00  sec   320 KBytes  2.62 Mbits/sec  0.363 ms  0/3281 (0%)  
[  5]  52.00-53.00  sec   308 KBytes  2.52 Mbits/sec  0.452 ms  0/3154 (0%)  
[  5]  53.00-54.00  sec   311 KBytes  2.55 Mbits/sec  0.335 ms  0/3183 (0%)  
[  5]  54.00-55.00  sec   307 KBytes  2.51 Mbits/sec  0.495 ms  0/3141 (0%)  
[  5]  55.00-56.00  sec   309 KBytes  2.53 Mbits/sec  0.389 ms  0/3163 (0%)  
[  5]  56.00-57.00  sec   307 KBytes  2.51 Mbits/sec  0.451 ms  0/3141 (0%)  
[  5]  57.00-58.00  sec   321 KBytes  2.63 Mbits/sec  0.427 ms  0/3290 (0%)  
[  5]  58.00-59.00  sec   314 KBytes  2.57 Mbits/sec  0.458 ms  0/3214 (0%)  
[  5]  59.00-60.00  sec   316 KBytes  2.59 Mbits/sec  0.367 ms  0/3238 (0%)  
[  5]  60.00-61.00  sec   316 KBytes  2.59 Mbits/sec  0.377 ms  0/3235 (0%)  
[  5]  61.00-62.00  sec   315 KBytes  2.58 Mbits/sec  0.410 ms  0/3223 (0%)  
[  5]  62.00-63.00  sec   313 KBytes  2.56 Mbits/sec  0.434 ms  0/3207 (0%)  
[  5]  63.00-64.00  sec   303 KBytes  2.48 Mbits/sec  0.486 ms  0/3098 (0%)  
[  5]  64.00-65.00  sec   306 KBytes  2.51 Mbits/sec  0.399 ms  0/3136 (0%)  
[  5]  65.00-66.00  sec   312 KBytes  2.55 Mbits/sec  0.403 ms  0/3190 (0%)  
[  5]  66.00-67.00  sec   309 KBytes  2.53 Mbits/sec  0.350 ms  0/3168 (0%)  
[  5]  67.00-68.00  sec   313 KBytes  2.56 Mbits/sec  0.411 ms  0/3204 (0%)  
[  5]  68.00-69.00  sec   318 KBytes  2.61 Mbits/sec  0.344 ms  0/3256 (0%)  
[  5]  69.00-70.00  sec   310 KBytes  2.54 Mbits/sec  0.361 ms  0/3173 (0%)  
[  5]  70.00-71.00  sec   307 KBytes  2.52 Mbits/sec  0.490 ms  0/3145 (0%)  
[  5]  71.00-72.00  sec   311 KBytes  2.55 Mbits/sec  0.417 ms  0/3182 (0%)  
[  5]  72.00-73.00  sec   307 KBytes  2.52 Mbits/sec  0.561 ms  0/3145 (0%)  
[  5]  73.00-74.00  sec   312 KBytes  2.56 Mbits/sec  0.395 ms  0/3200 (0%)  
[  5]  74.00-75.00  sec   289 KBytes  2.37 Mbits/sec  0.396 ms  0/2961 (0%)  
[  5]  75.00-76.00  sec   312 KBytes  2.55 Mbits/sec  0.430 ms  0/3191 (0%)  
[  5]  76.00-77.00  sec   313 KBytes  2.57 Mbits/sec  0.568 ms  0/3210 (0%)  
[  5]  77.00-78.00  sec   316 KBytes  2.59 Mbits/sec  0.302 ms  0/3232 (0%)  
[  5]  78.00-79.00  sec   312 KBytes  2.56 Mbits/sec  0.328 ms  0/3195 (0%)  
[  5]  79.00-80.00  sec   307 KBytes  2.51 Mbits/sec  0.332 ms  0/3140 (0%)  
[  5]  80.00-81.00  sec   307 KBytes  2.51 Mbits/sec  0.388 ms  0/3141 (0%)  
[  5]  81.00-82.00  sec   300 KBytes  2.46 Mbits/sec  0.383 ms  0/3071 (0%)  
[  5]  82.00-83.00  sec   311 KBytes  2.55 Mbits/sec  0.396 ms  0/3187 (0%)  
[  5]  83.00-84.00  sec   319 KBytes  2.62 Mbits/sec  0.395 ms  0/3269 (0%)  
[  5]  84.00-85.00  sec   304 KBytes  2.49 Mbits/sec  0.478 ms  0/3108 (0%)  
[  5]  85.00-86.00  sec   310 KBytes  2.54 Mbits/sec  0.431 ms  0/3177 (0%)  
[  5]  86.00-87.00  sec   313 KBytes  2.56 Mbits/sec  0.425 ms  0/3204 (0%)  
[  5]  87.00-88.00  sec   302 KBytes  2.48 Mbits/sec  0.437 ms  0/3096 (0%)  
[  5]  88.00-89.00  sec   299 KBytes  2.45 Mbits/sec  0.398 ms  0/3058 (0%)  
[  5]  89.00-90.00  sec   309 KBytes  2.53 Mbits/sec  0.367 ms  0/3163 (0%)  
[  5]  90.00-91.00  sec   312 KBytes  2.56 Mbits/sec  0.402 ms  0/3198 (0%)  
[  5]  91.00-92.00  sec   319 KBytes  2.61 Mbits/sec  0.399 ms  0/3270 (0%)  
[  5]  92.00-93.00  sec   306 KBytes  2.50 Mbits/sec  0.400 ms  0/3129 (0%)  
[  5]  93.00-94.00  sec   307 KBytes  2.52 Mbits/sec  0.412 ms  0/3144 (0%)  
[  5]  94.00-95.00  sec   313 KBytes  2.57 Mbits/sec  0.391 ms  0/3210 (0%)  
[  5]  95.00-96.00  sec   306 KBytes  2.51 Mbits/sec  0.395 ms  0/3135 (0%)  
[  5]  96.00-97.00  sec   310 KBytes  2.54 Mbits/sec  0.367 ms  0/3173 (0%)  
[  5]  97.00-98.00  sec   314 KBytes  2.57 Mbits/sec  0.403 ms  0/3213 (0%)  
[  5]  98.00-99.00  sec   316 KBytes  2.59 Mbits/sec  0.312 ms  0/3233 (0%)  
[  5]  99.00-100.00 sec   283 KBytes  2.32 Mbits/sec  0.383 ms  0/2894 (0%)  
[  5] 100.00-101.00 sec   263 KBytes  2.16 Mbits/sec  0.753 ms  1068/3762 (28%)  
[  5] 101.00-102.00 sec   317 KBytes  2.59 Mbits/sec  0.223 ms  1516/4757 (32%)  
[  5] 102.00-103.00 sec   295 KBytes  2.42 Mbits/sec  0.217 ms  1649/4673 (35%)  
[  5] 103.00-104.00 sec   267 KBytes  2.19 Mbits/sec  0.246 ms  1216/3952 (31%)  
[  5] 104.00-105.00 sec   302 KBytes  2.47 Mbits/sec  0.212 ms  1574/4665 (34%)  
[  5] 105.00-106.00 sec   272 KBytes  2.23 Mbits/sec  0.217 ms  1420/4204 (34%)  
[  5] 106.00-107.00 sec   317 KBytes  2.60 Mbits/sec  0.214 ms  1360/4606 (30%)  
[  5] 107.00-108.00 sec   297 KBytes  2.43 Mbits/sec  0.244 ms  1517/4561 (33%)  
[  5] 108.00-109.00 sec   237 KBytes  1.94 Mbits/sec  0.217 ms  1675/4102 (41%)  
[  5] 109.00-110.00 sec   317 KBytes  2.59 Mbits/sec  0.215 ms  1394/4635 (30%)  
[  5] 110.00-111.00 sec   325 KBytes  2.66 Mbits/sec  0.227 ms  1337/4662 (29%)  
[  5] 111.00-112.00 sec   317 KBytes  2.60 Mbits/sec  0.216 ms  1434/4680 (31%)  
[  5] 112.00-113.00 sec   265 KBytes  2.17 Mbits/sec  0.283 ms  1323/4035 (33%)  
[  5] 113.00-114.00 sec   326 KBytes  2.67 Mbits/sec  0.248 ms  1517/4855 (31%)  
[  5] 114.00-115.00 sec   317 KBytes  2.59 Mbits/sec  0.214 ms  1363/4604 (30%)  
[  5] 115.00-116.00 sec   272 KBytes  2.23 Mbits/sec  0.214 ms  1050/3834 (27%)  
[  5] 116.00-117.00 sec   312 KBytes  2.55 Mbits/sec  0.221 ms  1465/4655 (31%)  
[  5] 117.00-118.00 sec   316 KBytes  2.59 Mbits/sec  0.218 ms  1470/4708 (31%)  
[  5] 118.00-119.00 sec   282 KBytes  2.31 Mbits/sec  0.216 ms  1830/4714 (39%)  
[  5] 119.00-120.00 sec   282 KBytes  2.31 Mbits/sec  0.624 ms  1501/4387 (34%)  
[  5] 120.00-121.00 sec   258 KBytes  2.11 Mbits/sec  0.225 ms  1504/4147 (36%)  
[  5] 121.00-122.00 sec   308 KBytes  2.53 Mbits/sec  0.218 ms  1595/4751 (34%)  
[  5] 122.00-123.00 sec   267 KBytes  2.19 Mbits/sec  0.214 ms  1128/3861 (29%)  
[  5] 123.00-124.00 sec   315 KBytes  2.58 Mbits/sec  0.273 ms  1320/4548 (29%)  
[  5] 124.00-125.00 sec   326 KBytes  2.67 Mbits/sec  0.209 ms  1414/4751 (30%)  
[  5] 125.00-126.00 sec   311 KBytes  2.55 Mbits/sec  0.230 ms  1343/4525 (30%)  
[  5] 126.00-127.00 sec   271 KBytes  2.22 Mbits/sec  0.214 ms  1075/3854 (28%)  
[  5] 127.00-128.00 sec   317 KBytes  2.59 Mbits/sec  0.233 ms  1496/4739 (32%)  
[  5] 128.00-129.00 sec   310 KBytes  2.54 Mbits/sec  0.369 ms  1613/4783 (34%)  
[  5] 129.00-130.00 sec   258 KBytes  2.11 Mbits/sec  0.208 ms  1425/4065 (35%)  
[  5] 130.00-131.00 sec   319 KBytes  2.61 Mbits/sec  0.218 ms  1582/4847 (33%)  
[  5] 131.00-132.00 sec   317 KBytes  2.59 Mbits/sec  0.239 ms  1346/4587 (29%)  
[  5] 132.00-133.00 sec   277 KBytes  2.27 Mbits/sec  0.216 ms  1332/4165 (32%)  
[  5] 133.00-134.00 sec   304 KBytes  2.49 Mbits/sec  0.214 ms  1592/4709 (34%)  
[  5] 134.00-135.00 sec   317 KBytes  2.60 Mbits/sec  0.209 ms  1408/4653 (30%)  
[  5] 135.00-136.00 sec   280 KBytes  2.30 Mbits/sec  0.212 ms  1177/4048 (29%)  
[  5] 136.00-137.00 sec   317 KBytes  2.60 Mbits/sec  0.217 ms  1398/4644 (30%)  
[  5] 137.00-138.00 sec   309 KBytes  2.53 Mbits/sec  0.347 ms  1534/4698 (33%)  
[  5] 138.00-139.00 sec   281 KBytes  2.30 Mbits/sec  0.218 ms  1278/4153 (31%)  
[  5] 139.00-140.00 sec   307 KBytes  2.52 Mbits/sec  0.216 ms  1462/4602 (32%)  
[  5] 140.00-141.00 sec   322 KBytes  2.64 Mbits/sec  0.233 ms  1372/4672 (29%)  
[  5] 141.00-142.00 sec   293 KBytes  2.40 Mbits/sec  0.250 ms  1300/4301 (30%)  
[  5] 142.00-143.00 sec   265 KBytes  2.17 Mbits/sec  0.219 ms  1531/4245 (36%)  
[  5] 143.00-144.00 sec   320 KBytes  2.62 Mbits/sec  0.220 ms  1506/4780 (32%)  
[  5] 144.00-145.00 sec   314 KBytes  2.57 Mbits/sec  0.219 ms  1371/4582 (30%)  
[  5] 145.00-146.00 sec   272 KBytes  2.22 Mbits/sec  0.261 ms  1241/4024 (31%)  
[  5] 146.00-147.00 sec   326 KBytes  2.67 Mbits/sec  0.216 ms  1490/4828 (31%)  
[  5] 147.00-148.00 sec   310 KBytes  2.54 Mbits/sec  0.214 ms  1501/4680 (32%)  
[  5] 148.00-149.00 sec   267 KBytes  2.19 Mbits/sec  0.221 ms  1279/4012 (32%)  
[  5] 149.00-150.00 sec   317 KBytes  2.59 Mbits/sec  0.255 ms  1510/4753 (32%)  
[  5] 150.00-151.00 sec   257 KBytes  2.11 Mbits/sec  0.214 ms  1279/3914 (33%)  
[  5] 151.00-152.00 sec   326 KBytes  2.67 Mbits/sec  0.214 ms  1421/4758 (30%)  
[  5] 152.00-153.00 sec   266 KBytes  2.18 Mbits/sec  0.219 ms  1272/3996 (32%)  
[  5] 153.00-154.00 sec   271 KBytes  2.22 Mbits/sec  0.219 ms  1397/4167 (34%)  
[  5] 154.00-155.00 sec   325 KBytes  2.66 Mbits/sec  0.214 ms  1526/4850 (31%)  
[  5] 155.00-156.00 sec   263 KBytes  2.15 Mbits/sec  0.214 ms  1230/3921 (31%)  
[  5] 156.00-157.00 sec   317 KBytes  2.60 Mbits/sec  0.218 ms  1446/4692 (31%)  
[  5] 157.00-158.00 sec   322 KBytes  2.64 Mbits/sec  0.224 ms  1489/4787 (31%)  
[  5] 158.00-159.00 sec   317 KBytes  2.60 Mbits/sec  0.215 ms  1441/4687 (31%)  
[  5] 159.00-160.00 sec   271 KBytes  2.22 Mbits/sec  0.218 ms  1154/3933 (29%)  
[  5] 160.00-161.00 sec   315 KBytes  2.58 Mbits/sec  0.310 ms  1508/4737 (32%)  
[  5] 161.00-162.00 sec   259 KBytes  2.12 Mbits/sec  0.220 ms  1382/4035 (34%)  
[  5] 162.00-163.00 sec   312 KBytes  2.55 Mbits/sec  0.233 ms  1676/4867 (34%)  
[  5] 163.00-164.00 sec   326 KBytes  2.67 Mbits/sec  0.220 ms  1478/4815 (31%)  
[  5] 164.00-165.00 sec   267 KBytes  2.19 Mbits/sec  0.220 ms  1177/3913 (30%)  
[  5] 165.00-166.00 sec   317 KBytes  2.60 Mbits/sec  0.221 ms  1402/4647 (30%)  
[  5] 166.00-167.00 sec   326 KBytes  2.67 Mbits/sec  0.209 ms  1329/4667 (28%)  
[  5] 167.00-168.00 sec   317 KBytes  2.59 Mbits/sec  0.231 ms  1340/4581 (29%)  
[  5] 168.00-169.00 sec   281 KBytes  2.30 Mbits/sec  0.217 ms  1210/4085 (30%)  
[  5] 169.00-170.00 sec   299 KBytes  2.45 Mbits/sec  0.237 ms  1649/4713 (35%)  
[  5] 170.00-171.00 sec   313 KBytes  2.57 Mbits/sec  0.217 ms  1487/4697 (32%)  
[  5] 171.00-172.00 sec   276 KBytes  2.26 Mbits/sec  0.189 ms  1270/4094 (31%)  
[  5] 172.00-173.00 sec   303 KBytes  2.48 Mbits/sec  0.267 ms  1551/4651 (33%)  
[  5] 173.00-174.00 sec   303 KBytes  2.49 Mbits/sec  0.221 ms  1513/4620 (33%)  
[  5] 174.00-175.00 sec   297 KBytes  2.43 Mbits/sec  0.268 ms  1853/4891 (38%)  
[  5] 175.00-176.00 sec   259 KBytes  2.12 Mbits/sec  0.233 ms  1424/4079 (35%)  
[  5] 176.00-177.00 sec   317 KBytes  2.60 Mbits/sec  0.217 ms  2034/5278 (39%)  
[  5] 177.00-178.00 sec   317 KBytes  2.60 Mbits/sec  0.218 ms  1772/5018 (35%)  
[  5] 178.00-179.00 sec   262 KBytes  2.15 Mbits/sec  0.215 ms  1579/4263 (37%)  
[  5] 179.00-180.00 sec   314 KBytes  2.57 Mbits/sec  0.264 ms  1658/4869 (34%)  
[  5] 180.00-181.00 sec   314 KBytes  2.57 Mbits/sec  0.218 ms  1438/4653 (31%)  
[  5] 181.00-182.00 sec   269 KBytes  2.21 Mbits/sec  0.220 ms  1205/3962 (30%)  
[  5] 182.00-183.00 sec   240 KBytes  1.96 Mbits/sec  0.218 ms  1631/4085 (40%)  
[  5] 183.00-184.00 sec   271 KBytes  2.22 Mbits/sec  0.231 ms  1222/4001 (31%)  
[  5] 184.00-185.00 sec   310 KBytes  2.53 Mbits/sec  0.237 ms  1478/4648 (32%)  
[  5] 185.00-186.00 sec   279 KBytes  2.29 Mbits/sec  0.217 ms  1293/4152 (31%)  
[  5] 186.00-187.00 sec   307 KBytes  2.52 Mbits/sec  0.245 ms  1684/4828 (35%)  
[  5] 187.00-188.00 sec   296 KBytes  2.42 Mbits/sec  0.214 ms  1656/4685 (35%)  
[  5] 188.00-189.00 sec   310 KBytes  2.54 Mbits/sec  0.221 ms  1573/4746 (33%)  
[  5] 189.00-190.00 sec   270 KBytes  2.21 Mbits/sec  0.229 ms  1236/4004 (31%)  
[  5] 190.00-191.00 sec   307 KBytes  2.52 Mbits/sec  0.961 ms  1536/4684 (33%)  
[  5] 191.00-192.00 sec   326 KBytes  2.67 Mbits/sec  0.208 ms  1376/4714 (29%)  
[  5] 192.00-193.00 sec   317 KBytes  2.60 Mbits/sec  0.285 ms  1329/4574 (29%)  
[  5] 193.00-194.00 sec   272 KBytes  2.23 Mbits/sec  0.232 ms  1265/4049 (31%)  
[  5] 194.00-195.00 sec   326 KBytes  2.67 Mbits/sec  0.214 ms  1511/4848 (31%)  
[  5] 195.00-196.00 sec   313 KBytes  2.56 Mbits/sec  0.256 ms  1353/4555 (30%)  
[  5] 196.00-197.00 sec   257 KBytes  2.10 Mbits/sec  0.228 ms  1468/4099 (36%)  
[  5] 197.00-198.00 sec   301 KBytes  2.46 Mbits/sec  0.216 ms  1598/4676 (34%)  
[  5] 198.00-199.00 sec   306 KBytes  2.51 Mbits/sec  0.218 ms  1480/4615 (32%)  
[  5] 199.00-200.00 sec   273 KBytes  2.24 Mbits/sec  0.204 ms  1257/4055 (31%)  
[  5] 200.00-201.00 sec   317 KBytes  2.60 Mbits/sec  0.215 ms  1370/4616 (30%)  
[  5] 201.00-202.00 sec   281 KBytes  2.30 Mbits/sec  0.223 ms  1735/4615 (38%)  
[  5] 202.00-203.00 sec   281 KBytes  2.30 Mbits/sec  0.215 ms  1346/4221 (32%)  
[  5] 203.00-204.00 sec   308 KBytes  2.52 Mbits/sec  0.222 ms  1682/4835 (35%)  
[  5] 204.00-205.00 sec   303 KBytes  2.48 Mbits/sec  0.246 ms  1318/4423 (30%)  
[  5] 205.00-206.00 sec   317 KBytes  2.60 Mbits/sec  0.219 ms  1559/4804 (32%)  
[  5] 206.00-207.00 sec   317 KBytes  2.60 Mbits/sec  0.219 ms  2345/5591 (42%)  
[  5] 207.00-208.00 sec   263 KBytes  2.16 Mbits/sec  0.216 ms  1737/4433 (39%)  
[  5] 208.00-209.00 sec   264 KBytes  2.16 Mbits/sec  0.219 ms  1263/3963 (32%)  
[  5] 209.00-210.00 sec   317 KBytes  2.60 Mbits/sec  0.219 ms  1317/4563 (29%)  
[  5] 210.00-211.00 sec   325 KBytes  2.65 Mbits/sec  0.208 ms  1594/4918 (32%)  
[  5] 211.00-212.00 sec   265 KBytes  2.17 Mbits/sec  0.266 ms  1260/3970 (32%)  
[  5] 212.00-213.00 sec   317 KBytes  2.60 Mbits/sec  0.219 ms  1341/4587 (29%)  
[  5] 213.00-214.00 sec   317 KBytes  2.59 Mbits/sec  0.237 ms  1553/4796 (32%)  
[  5] 214.00-215.00 sec   271 KBytes  2.22 Mbits/sec  0.229 ms  1168/3941 (30%)  
[  5] 215.00-216.00 sec   308 KBytes  2.52 Mbits/sec  0.210 ms  1509/4662 (32%)  
[  5] 216.00-217.00 sec   300 KBytes  2.46 Mbits/sec  0.214 ms  1599/4672 (34%)  
[  5] 217.00-218.00 sec   314 KBytes  2.57 Mbits/sec  0.218 ms  1374/4585 (30%)  
[  5] 218.00-219.00 sec   255 KBytes  2.09 Mbits/sec  0.221 ms  1403/4011 (35%)  
[  5] 219.00-220.00 sec   319 KBytes  2.61 Mbits/sec  0.209 ms  1485/4747 (31%)  
[  5] 220.00-221.00 sec   317 KBytes  2.59 Mbits/sec  0.248 ms  1560/4801 (32%)  
[  5] 221.00-222.00 sec   272 KBytes  2.23 Mbits/sec  0.226 ms  1304/4091 (32%)  
[  5] 222.00-223.00 sec   317 KBytes  2.60 Mbits/sec  0.161 ms  1471/4717 (31%)  
[  5] 223.00-224.00 sec   317 KBytes  2.60 Mbits/sec  0.231 ms  1423/4668 (30%)  
[  5] 224.00-225.00 sec   228 KBytes  1.87 Mbits/sec  0.219 ms  1074/3413 (31%)  
[  5] 225.00-226.00 sec   262 KBytes  2.15 Mbits/sec  0.214 ms  1273/3959 (32%)  
[  5] 226.00-227.00 sec   264 KBytes  2.16 Mbits/sec  0.217 ms  1258/3964 (32%)  
[  5] 227.00-228.00 sec   254 KBytes  2.07 Mbits/sec  0.238 ms  1435/4031 (36%)  
[  5] 228.00-229.00 sec   159 KBytes  1.31 Mbits/sec  0.318 ms  1179/2810 (42%)  
[  5] 229.00-230.00 sec   271 KBytes  2.22 Mbits/sec  0.220 ms  1095/3874 (28%)  
[  5] 230.00-231.00 sec   203 KBytes  1.66 Mbits/sec  0.210 ms  1152/3232 (36%)  
[  5] 231.00-232.00 sec   273 KBytes  2.24 Mbits/sec  0.500 ms  1211/4011 (30%)  
[  5] 232.00-233.00 sec   272 KBytes  2.23 Mbits/sec  0.214 ms  1238/4022 (31%)  
[  5] 233.00-234.00 sec   267 KBytes  2.19 Mbits/sec  0.214 ms  1452/4186 (35%)  
[  5] 234.00-235.00 sec   312 KBytes  2.56 Mbits/sec  0.221 ms  1818/5013 (36%)  
[  5] 235.00-236.00 sec   227 KBytes  1.85 Mbits/sec  0.216 ms  1057/3378 (31%)  
[  5] 236.00-237.00 sec   326 KBytes  2.67 Mbits/sec  0.219 ms  1522/4859 (31%)  
[  5] 237.00-238.00 sec   265 KBytes  2.17 Mbits/sec  0.206 ms  1183/3901 (30%)  
[  5] 238.00-239.00 sec   267 KBytes  2.19 Mbits/sec  0.220 ms  1261/3999 (32%)  
[  5] 239.00-240.00 sec   276 KBytes  2.26 Mbits/sec  0.242 ms  1249/4076 (31%)  
[  5] 240.00-241.00 sec   307 KBytes  2.51 Mbits/sec  0.212 ms  1692/4831 (35%)  
[  5] 241.00-242.00 sec   251 KBytes  2.05 Mbits/sec  0.223 ms  1380/3948 (35%)  
[  5] 242.00-243.00 sec   267 KBytes  2.19 Mbits/sec  0.221 ms  1245/3978 (31%)  
[  5] 243.00-244.00 sec   272 KBytes  2.23 Mbits/sec  0.217 ms  1183/3966 (30%)  
[  5] 244.00-245.00 sec   256 KBytes  2.09 Mbits/sec  0.217 ms  1371/3989 (34%)  
[  5] 245.00-246.00 sec   247 KBytes  2.02 Mbits/sec  0.234 ms  1723/4249 (41%)  
[  5] 246.00-247.00 sec   317 KBytes  2.60 Mbits/sec  0.228 ms  1496/4742 (32%)  
[  5] 247.00-248.00 sec   265 KBytes  2.17 Mbits/sec  0.228 ms  1230/3947 (31%)  
[  5] 248.00-249.00 sec   302 KBytes  2.48 Mbits/sec  0.224 ms  1585/4681 (34%)  
[  5] 249.00-250.00 sec   259 KBytes  2.12 Mbits/sec  0.210 ms  1272/3923 (32%)  
[  5] 250.00-251.00 sec   271 KBytes  2.22 Mbits/sec  0.214 ms  1165/3944 (30%)  
[  5] 251.00-252.00 sec   325 KBytes  2.66 Mbits/sec  0.222 ms  2359/5692 (41%)  
[  5] 252.00-253.00 sec   272 KBytes  2.23 Mbits/sec  0.248 ms  1856/4639 (40%)  
[  5] 253.00-254.00 sec   312 KBytes  2.55 Mbits/sec  0.232 ms  1873/5065 (37%)  
[  5] 254.00-255.00 sec   303 KBytes  2.48 Mbits/sec  0.223 ms  3346/6451 (52%)  
[  5] 255.00-256.00 sec   317 KBytes  2.59 Mbits/sec  0.209 ms  2738/5979 (46%)  
[  5] 256.00-257.00 sec   316 KBytes  2.59 Mbits/sec  0.210 ms  2592/5827 (44%)  
[  5] 257.00-258.00 sec   326 KBytes  2.67 Mbits/sec  0.247 ms  1835/5172 (35%)  
[  5] 258.00-259.00 sec   316 KBytes  2.59 Mbits/sec  0.231 ms  1896/5135 (37%)  
[  5] 259.00-260.00 sec   271 KBytes  2.22 Mbits/sec  0.208 ms  1244/4023 (31%)  
[  5] 260.00-261.00 sec   236 KBytes  1.93 Mbits/sec  0.220 ms  1355/3768 (36%)  
[  5] 261.00-262.00 sec   226 KBytes  1.85 Mbits/sec  0.228 ms  1898/4214 (45%)  
[  5] 262.00-263.00 sec   205 KBytes  1.68 Mbits/sec  3.891 ms  1392/3487 (40%)  
[  5] 263.00-264.00 sec   279 KBytes  2.29 Mbits/sec  0.229 ms  1144/4001 (29%)  
[  5] 264.00-265.00 sec   267 KBytes  2.19 Mbits/sec  0.261 ms  2035/4768 (43%)  
[  5] 265.00-266.00 sec   226 KBytes  1.85 Mbits/sec  0.212 ms  1300/3616 (36%)  
[  5] 266.00-267.00 sec   258 KBytes  2.12 Mbits/sec  0.225 ms  1589/4233 (38%)  
[  5] 267.00-268.00 sec   269 KBytes  2.20 Mbits/sec  0.237 ms  1563/4317 (36%)  
[  5] 268.00-269.00 sec   265 KBytes  2.17 Mbits/sec  0.218 ms  1724/4433 (39%)  
[  5] 269.00-270.00 sec   270 KBytes  2.21 Mbits/sec  0.221 ms  1811/4573 (40%)  
[  5] 270.00-271.00 sec   199 KBytes  1.64 Mbits/sec  0.221 ms  1544/3586 (43%)  
[  5] 271.00-272.00 sec   280 KBytes  2.30 Mbits/sec  0.212 ms  1620/4491 (36%)  
[  5] 272.00-273.00 sec   271 KBytes  2.22 Mbits/sec  0.216 ms  1304/4076 (32%)  
[  5] 273.00-274.00 sec   248 KBytes  2.03 Mbits/sec  0.221 ms  1537/4075 (38%)  
[  5] 274.00-275.00 sec   326 KBytes  2.67 Mbits/sec  0.217 ms  1545/4882 (32%)  
[  5] 275.00-276.00 sec   309 KBytes  2.53 Mbits/sec  0.326 ms  1565/4725 (33%)  
[  5] 276.00-277.00 sec   261 KBytes  2.14 Mbits/sec  1.932 ms  1697/4370 (39%)  
[  5] 277.00-278.00 sec   347 KBytes  2.84 Mbits/sec  0.215 ms  2406/5956 (40%)  
[  5] 278.00-279.00 sec   261 KBytes  2.13 Mbits/sec  0.257 ms  1568/4236 (37%)  
[  5] 279.00-280.00 sec   315 KBytes  2.58 Mbits/sec  0.235 ms  1456/4680 (31%)  
[  5] 280.00-281.00 sec   342 KBytes  2.81 Mbits/sec  0.463 ms  1280/4787 (27%)  
[  5] 281.00-282.00 sec   312 KBytes  2.56 Mbits/sec  0.215 ms  1437/4637 (31%)  
[  5] 282.00-283.00 sec   314 KBytes  2.57 Mbits/sec  0.217 ms  1311/4522 (29%)  
[  5] 283.00-284.00 sec   303 KBytes  2.48 Mbits/sec  0.214 ms  1312/4418 (30%)  
[  5] 284.00-285.00 sec   256 KBytes  2.10 Mbits/sec  0.243 ms  1310/3931 (33%)  
[  5] 285.00-286.00 sec   362 KBytes  2.97 Mbits/sec  0.217 ms  2350/6062 (39%)  
[  5] 286.00-287.00 sec   304 KBytes  2.49 Mbits/sec  0.212 ms  2716/5829 (47%)  
[  5] 287.00-288.00 sec   281 KBytes  2.30 Mbits/sec  0.213 ms  2494/5369 (46%)  
[  5] 288.00-289.00 sec   317 KBytes  2.60 Mbits/sec  0.235 ms  2557/5803 (44%)  
[  5] 289.00-290.00 sec   298 KBytes  2.44 Mbits/sec  0.220 ms  2351/5405 (43%)  
[  5] 290.00-291.00 sec   371 KBytes  3.04 Mbits/sec  0.273 ms  2495/6295 (40%)  
[  5] 291.00-292.00 sec   317 KBytes  2.60 Mbits/sec  0.149 ms  2503/5749 (44%)  
[  5] 292.00-293.00 sec   315 KBytes  2.58 Mbits/sec  0.228 ms  1974/5202 (38%)  
[  5] 293.00-294.00 sec   325 KBytes  2.66 Mbits/sec  0.227 ms  2005/5333 (38%)  
[  5] 294.00-295.00 sec   314 KBytes  2.58 Mbits/sec  0.219 ms  2506/5726 (44%)  
[  5] 295.00-296.00 sec   317 KBytes  2.59 Mbits/sec  0.210 ms  2177/5423 (40%)  
[  5] 296.00-297.00 sec   308 KBytes  2.53 Mbits/sec  0.220 ms  2235/5392 (41%)  
[  5] 297.00-298.00 sec   296 KBytes  2.43 Mbits/sec  0.337 ms  1711/4744 (36%)  
[  5] 298.00-299.00 sec   324 KBytes  2.65 Mbits/sec  0.232 ms  1352/4670 (29%)  
[  5] 299.00-300.00 sec   317 KBytes  2.59 Mbits/sec  0.215 ms  1229/4470 (27%)  
[  5] 300.00-301.00 sec   305 KBytes  2.50 Mbits/sec  0.206 ms  1305/4433 (29%)  
[  5] 301.00-302.00 sec   315 KBytes  2.58 Mbits/sec  0.232 ms  1195/4419 (27%)  
[  5] 302.00-303.00 sec   312 KBytes  2.55 Mbits/sec  0.250 ms  1527/4717 (32%)  
[  5] 303.00-304.00 sec   299 KBytes  2.45 Mbits/sec  0.212 ms  1305/4371 (30%)  
[  5] 304.00-305.00 sec   313 KBytes  2.56 Mbits/sec  0.730 ms  1283/4485 (29%)  
[  5] 305.00-306.00 sec   298 KBytes  2.44 Mbits/sec  0.215 ms  1109/4161 (27%)  
[  5] 306.00-307.00 sec   321 KBytes  2.63 Mbits/sec  0.227 ms  1520/4807 (32%)  
[  5] 307.00-308.00 sec   317 KBytes  2.60 Mbits/sec  0.211 ms  1354/4600 (29%)  
[  5] 308.00-309.00 sec   306 KBytes  2.51 Mbits/sec  0.227 ms  1283/4415 (29%)  
[  5] 309.00-310.00 sec   320 KBytes  2.62 Mbits/sec  0.215 ms  1294/4566 (28%)  
[  5] 310.00-311.00 sec   271 KBytes  2.22 Mbits/sec  0.220 ms  1061/3840 (28%)  
[  5] 311.00-312.00 sec   326 KBytes  2.67 Mbits/sec  0.218 ms  1349/4683 (29%)  
[  5] 312.00-313.00 sec   317 KBytes  2.60 Mbits/sec  0.206 ms  1208/4454 (27%)  
[  5] 313.00-314.00 sec   317 KBytes  2.60 Mbits/sec  0.226 ms  1104/4349 (25%)  
[  5] 314.00-315.00 sec   371 KBytes  3.04 Mbits/sec  0.218 ms  1295/5095 (25%)  
[  5] 315.00-316.00 sec   317 KBytes  2.60 Mbits/sec  0.213 ms  1206/4452 (27%)  
[  5] 316.00-317.00 sec   305 KBytes  2.50 Mbits/sec  0.206 ms  1502/4623 (32%)  
[  5] 317.00-318.00 sec   288 KBytes  2.36 Mbits/sec  0.231 ms  1412/4364 (32%)  
[  5] 318.00-319.00 sec   271 KBytes  2.22 Mbits/sec  0.218 ms  1008/3787 (27%)  
[  5] 319.00-320.00 sec   272 KBytes  2.23 Mbits/sec  0.215 ms  1141/3925 (29%)  
[  5] 320.00-321.00 sec   271 KBytes  2.22 Mbits/sec  0.214 ms  965/3744 (26%)  
[  5] 321.00-322.00 sec   227 KBytes  1.86 Mbits/sec  0.219 ms  836/3157 (26%)  
[  5] 322.00-323.00 sec   179 KBytes  1.47 Mbits/sec  0.208 ms  690/2527 (27%)  
[  5] 323.00-324.00 sec  85.6 KBytes   702 Kbits/sec  0.225 ms  323/1200 (27%)  
[  5] 324.00-325.00 sec   173 KBytes  1.42 Mbits/sec  0.390 ms  655/2430 (27%)  
[  5] 325.00-326.00 sec   207 KBytes  1.70 Mbits/sec  0.212 ms  1175/3295 (36%)  
[  5] 326.00-327.00 sec   271 KBytes  2.22 Mbits/sec  0.222 ms  1084/3863 (28%)  
[  5] 327.00-328.00 sec   228 KBytes  1.87 Mbits/sec  0.216 ms  1024/3356 (31%)  
[  5] 328.00-329.00 sec   199 KBytes  1.63 Mbits/sec  0.217 ms  1153/3190 (36%)  
[  5] 329.00-330.00 sec   261 KBytes  2.14 Mbits/sec  0.297 ms  1064/3735 (28%)  
[  5] 330.00-331.00 sec   210 KBytes  1.72 Mbits/sec  0.216 ms  1387/3537 (39%)  
[  5] 331.00-332.00 sec   220 KBytes  1.80 Mbits/sec  0.260 ms  918/3168 (29%)  
[  5] 332.00-333.00 sec   256 KBytes  2.10 Mbits/sec  0.214 ms  1193/3813 (31%)  
[  5] 333.00-334.00 sec   224 KBytes  1.83 Mbits/sec  0.215 ms  984/3277 (30%)  
[  5] 334.00-335.00 sec   226 KBytes  1.85 Mbits/sec  0.205 ms  915/3231 (28%)  
[  5] 335.00-336.00 sec   272 KBytes  2.23 Mbits/sec  0.216 ms  1030/3814 (27%)  
[  5] 336.00-337.00 sec   272 KBytes  2.23 Mbits/sec  0.229 ms  1194/3979 (30%)  
[  5] 337.00-338.00 sec   240 KBytes  1.97 Mbits/sec  0.258 ms  1166/3626 (32%)  
[  5] 338.00-339.00 sec   226 KBytes  1.85 Mbits/sec  0.269 ms  1439/3754 (38%)  
[  5] 339.00-340.00 sec   264 KBytes  2.16 Mbits/sec  0.218 ms  1119/3824 (29%)  
[  5] 340.00-341.00 sec   222 KBytes  1.82 Mbits/sec  0.241 ms  896/3167 (28%)  
[  5] 341.00-342.00 sec   208 KBytes  1.71 Mbits/sec  0.250 ms  1087/3218 (34%)  
[  5] 342.00-343.00 sec   249 KBytes  2.04 Mbits/sec  0.210 ms  1373/3923 (35%)  
[  5] 343.00-344.00 sec   272 KBytes  2.23 Mbits/sec  0.212 ms  1021/3804 (27%)  
[  5] 344.00-345.00 sec   217 KBytes  1.78 Mbits/sec  0.220 ms  911/3131 (29%)  
[  5] 345.00-346.00 sec   234 KBytes  1.92 Mbits/sec  0.218 ms  824/3223 (26%)  
[  5] 346.00-347.00 sec   271 KBytes  2.22 Mbits/sec  0.205 ms  993/3772 (26%)  
[  5] 347.00-348.00 sec   214 KBytes  1.75 Mbits/sec  0.285 ms  1034/3224 (32%)  
[  5] 348.00-349.00 sec   271 KBytes  2.22 Mbits/sec  0.205 ms  1172/3952 (30%)  
[  5] 349.00-350.00 sec   193 KBytes  1.58 Mbits/sec  0.355 ms  1292/3272 (39%)  
[  5] 350.00-351.00 sec   250 KBytes  2.04 Mbits/sec  0.220 ms  2320/4876 (48%)  
[  5] 351.00-352.00 sec   271 KBytes  2.22 Mbits/sec  0.219 ms  1875/4648 (40%)  
[  5] 352.00-353.00 sec   179 KBytes  1.46 Mbits/sec  0.309 ms  1867/3697 (51%)  
[  5] 353.00-354.00 sec   181 KBytes  1.48 Mbits/sec  0.216 ms  1877/3731 (50%)  
[  5] 354.00-355.00 sec   190 KBytes  1.56 Mbits/sec  0.268 ms  5409/7355 (74%)  
[  5] 355.00-356.00 sec   200 KBytes  1.64 Mbits/sec  0.204 ms  3608/5653 (64%)  
[  5] 356.00-357.00 sec   221 KBytes  1.81 Mbits/sec  0.314 ms  1648/3915 (42%)  
[  5] 357.00-358.00 sec   280 KBytes  2.30 Mbits/sec  0.215 ms  2216/5087 (44%)  
[  5] 358.00-359.00 sec   271 KBytes  2.22 Mbits/sec  0.221 ms  2299/5078 (45%)  
[  5] 359.00-360.00 sec   195 KBytes  1.60 Mbits/sec  0.350 ms  1621/3615 (45%)  
[  5] 360.00-361.00 sec   214 KBytes  1.75 Mbits/sec  0.237 ms  2602/4793 (54%)  
[  5] 361.00-362.00 sec   226 KBytes  1.85 Mbits/sec  0.221 ms  1970/4287 (46%)  
[  5] 362.00-363.00 sec   271 KBytes  2.22 Mbits/sec  0.216 ms  2173/4952 (44%)  
[  5] 363.00-364.00 sec   232 KBytes  1.90 Mbits/sec  0.224 ms  1824/4197 (43%)  
[  5] 364.00-365.00 sec   267 KBytes  2.19 Mbits/sec  0.223 ms  2414/5149 (47%)  
[  5] 365.00-366.00 sec   214 KBytes  1.75 Mbits/sec  0.221 ms  1825/4012 (45%)  
[  5] 366.00-367.00 sec   280 KBytes  2.29 Mbits/sec  0.220 ms  1847/4714 (39%)  
[  5] 367.00-368.00 sec   270 KBytes  2.22 Mbits/sec  0.218 ms  1818/4587 (40%)  
[  5] 368.00-369.00 sec   215 KBytes  1.76 Mbits/sec  0.250 ms  1807/4010 (45%)  
[  5] 369.00-370.00 sec   256 KBytes  2.10 Mbits/sec  0.219 ms  2163/4782 (45%)  
[  5] 370.00-371.00 sec   212 KBytes  1.73 Mbits/sec  0.219 ms  1926/4092 (47%)  
[  5] 371.00-372.00 sec   236 KBytes  1.93 Mbits/sec  0.248 ms  2940/5356 (55%)  
[  5] 372.00-373.00 sec   227 KBytes  1.86 Mbits/sec  0.216 ms  1792/4116 (44%)  
[  5] 373.00-374.00 sec   265 KBytes  2.16 Mbits/sec  0.255 ms  2011/4720 (43%)  
[  5] 374.00-375.00 sec   223 KBytes  1.83 Mbits/sec  0.250 ms  1835/4116 (45%)  
[  5] 375.00-376.00 sec   200 KBytes  1.63 Mbits/sec  0.214 ms  2256/4299 (52%)  
[  5] 376.00-377.00 sec   227 KBytes  1.86 Mbits/sec  0.219 ms  1837/4158 (44%)  
[  5] 377.00-378.00 sec   271 KBytes  2.22 Mbits/sec  0.291 ms  2056/4832 (43%)  
[  5] 378.00-379.00 sec   272 KBytes  2.23 Mbits/sec  0.216 ms  1994/4777 (42%)  
[  5] 379.00-380.00 sec   205 KBytes  1.68 Mbits/sec  0.442 ms  1795/3897 (46%)  
[  5] 380.00-381.00 sec   271 KBytes  2.22 Mbits/sec  0.221 ms  2304/5075 (45%)  
[  5] 381.00-382.00 sec   235 KBytes  1.93 Mbits/sec  0.218 ms  1687/4095 (41%)  
[  5] 382.00-383.00 sec   272 KBytes  2.23 Mbits/sec  0.225 ms  1704/4487 (38%)  
[  5] 383.00-384.00 sec   225 KBytes  1.85 Mbits/sec  0.224 ms  2463/4772 (52%)  
[  5] 384.00-385.00 sec   249 KBytes  2.04 Mbits/sec  0.227 ms  4115/6667 (62%)  
[  5] 385.00-386.00 sec   269 KBytes  2.20 Mbits/sec  0.210 ms  3037/5792 (52%)  
[  5] 386.00-387.00 sec   226 KBytes  1.85 Mbits/sec  0.216 ms  2048/4364 (47%)  
[  5] 387.00-388.00 sec   278 KBytes  2.27 Mbits/sec  0.220 ms  1921/4764 (40%)  
[  5] 388.00-389.00 sec   238 KBytes  1.95 Mbits/sec  0.211 ms  2165/4602 (47%)  
[  5] 389.00-390.00 sec   226 KBytes  1.85 Mbits/sec  0.249 ms  1875/4192 (45%)  
[  5] 390.00-391.00 sec   262 KBytes  2.14 Mbits/sec  0.218 ms  2991/5669 (53%)  
[  5] 391.00-392.00 sec   219 KBytes  1.80 Mbits/sec  0.378 ms  1684/3928 (43%)  
[  5] 392.00-393.00 sec   271 KBytes  2.22 Mbits/sec  0.226 ms  1960/4739 (41%)  
[  5] 393.00-394.00 sec   236 KBytes  1.93 Mbits/sec  0.217 ms  1727/4140 (42%)  
[  5] 394.00-395.00 sec   270 KBytes  2.22 Mbits/sec  0.239 ms  2173/4942 (44%)  
[  5] 395.00-396.00 sec   171 KBytes  1.40 Mbits/sec  0.391 ms  2283/4036 (57%)  
[  5] 396.00-397.00 sec   225 KBytes  1.84 Mbits/sec  0.218 ms  2665/4965 (54%)  
[  5] 397.00-398.00 sec   219 KBytes  1.79 Mbits/sec  0.210 ms  1748/3991 (44%)  
[  5] 398.00-399.00 sec   317 KBytes  2.59 Mbits/sec  0.210 ms  2279/5521 (41%)  
[  5] 399.00-400.00 sec   220 KBytes  1.81 Mbits/sec  0.219 ms  1867/4124 (45%)  
[  5] 400.00-401.00 sec   271 KBytes  2.22 Mbits/sec  0.214 ms  1999/4778 (42%)  
[  5] 401.00-402.00 sec   272 KBytes  2.23 Mbits/sec  0.221 ms  2080/4863 (43%)  
[  5] 402.00-403.00 sec   245 KBytes  2.00 Mbits/sec  0.213 ms  1722/4226 (41%)  
[  5] 403.00-404.00 sec   247 KBytes  2.02 Mbits/sec  0.210 ms  2264/4790 (47%)  
[  5] 404.00-405.00 sec   203 KBytes  1.66 Mbits/sec  0.220 ms  2501/4575 (55%)  
[  5] 405.00-406.00 sec   225 KBytes  1.84 Mbits/sec  0.221 ms  2173/4479 (49%)  
[  5] 406.00-407.00 sec   259 KBytes  2.12 Mbits/sec  0.216 ms  1986/4640 (43%)  
[  5] 407.00-408.00 sec   173 KBytes  1.42 Mbits/sec  0.216 ms  1355/3127 (43%)  
[  5] 408.00-409.00 sec   212 KBytes  1.74 Mbits/sec  0.220 ms  2036/4206 (48%)  
[  5] 409.00-410.00 sec   271 KBytes  2.22 Mbits/sec  0.200 ms  2232/5011 (45%)  
[  5] 410.00-411.00 sec   272 KBytes  2.23 Mbits/sec  0.213 ms  1993/4777 (42%)  
[  5] 411.00-412.00 sec   255 KBytes  2.09 Mbits/sec  0.218 ms  2139/4747 (45%)  
[  5] 412.00-413.00 sec   272 KBytes  2.23 Mbits/sec  0.295 ms  2066/4850 (43%)  
[  5] 413.00-414.00 sec   271 KBytes  2.22 Mbits/sec  0.237 ms  1995/4774 (42%)  
[  5] 414.00-415.00 sec   279 KBytes  2.28 Mbits/sec  0.269 ms  2037/4893 (42%)  
[  5] 415.00-416.00 sec   272 KBytes  2.23 Mbits/sec  0.199 ms  1907/4691 (41%)  
[  5] 416.00-417.00 sec   235 KBytes  1.93 Mbits/sec  0.234 ms  1644/4051 (41%)  
[  5] 417.00-418.00 sec   268 KBytes  2.20 Mbits/sec  0.253 ms  1955/4702 (42%)  
[  5] 418.00-419.00 sec   262 KBytes  2.15 Mbits/sec  0.219 ms  2315/4997 (46%)  
[  5] 419.00-420.00 sec   272 KBytes  2.23 Mbits/sec  0.211 ms  2047/4830 (42%)  
[  5] 420.00-421.00 sec   267 KBytes  2.19 Mbits/sec  0.226 ms  2277/5012 (45%)  
[  5] 421.00-422.00 sec   272 KBytes  2.23 Mbits/sec  0.300 ms  2713/5499 (49%)  
[  5] 422.00-423.00 sec   201 KBytes  1.65 Mbits/sec  0.251 ms  2323/4383 (53%)  
[  5] 423.00-424.00 sec   262 KBytes  2.15 Mbits/sec  0.218 ms  2184/4868 (45%)  
[  5] 424.00-425.00 sec   267 KBytes  2.18 Mbits/sec  0.204 ms  2141/4871 (44%)  
