Connecting to host 172.22.0.50, port 5201
Reverse mode, remote host 172.22.0.50 is sending
[  5] local 192.168.100.2 port 58427 connected to 172.22.0.50 port 5201
[ ID] Interval           Transfer     Bitrate         Jitter    Lost/Total Datagrams
[  5]   0.00-1.00   sec  1.43 MBytes  12.0 Mbits/sec  0.827 ms  0/1253 (0%)  
[  5]   1.00-2.00   sec  1.43 MBytes  12.0 Mbits/sec  0.860 ms  0/1249 (0%)  
[  5]   2.00-3.00   sec  1.43 MBytes  12.0 Mbits/sec  0.973 ms  0/1249 (0%)  
[  5]   3.00-4.00   sec  1.43 MBytes  12.0 Mbits/sec  1.042 ms  0/1248 (0%)  
[  5]   4.00-5.00   sec  1.43 MBytes  12.0 Mbits/sec  0.904 ms  0/1253 (0%)  
[  5]   5.00-6.00   sec  1.43 MBytes  12.0 Mbits/sec  0.819 ms  0/1252 (0%)  
[  5]   6.00-7.00   sec  1.43 MBytes  12.0 Mbits/sec  0.924 ms  0/1251 (0%)  
[  5]   7.00-8.00   sec  1.43 MBytes  12.0 Mbits/sec  0.963 ms  0/1250 (0%)  
[  5]   8.00-9.00   sec  1.43 MBytes  12.0 Mbits/sec  0.953 ms  0/1248 (0%)  
[  5]   9.00-10.00  sec  1.43 MBytes  12.0 Mbits/sec  0.890 ms  0/1248 (0%)  
[  5]  10.00-11.00  sec  1.43 MBytes  12.0 Mbits/sec  0.863 ms  0/1251 (0%)  
[  5]  11.00-12.00  sec  1.43 MBytes  12.0 Mbits/sec  0.937 ms  0/1253 (0%)  
[  5]  12.00-13.00  sec  1.42 MBytes  11.9 Mbits/sec  0.908 ms  0/1244 (0%)  
[  5]  13.00-14.00  sec  1.43 MBytes  12.0 Mbits/sec  0.854 ms  0/1253 (0%)  
[  5]  14.00-15.00  sec  1.42 MBytes  12.0 Mbits/sec  0.887 ms  0/1245 (0%)  
[  5]  15.00-16.00  sec  1.26 MBytes  10.6 Mbits/sec  1.502 ms  0/1101 (0%)  
[  5]  16.00-17.00  sec   566 KBytes  4.64 Mbits/sec  1.295 ms  0/483 (0%)  
[  5]  17.00-18.00  sec   564 KBytes  4.61 Mbits/sec  1.525 ms  0/481 (0%)  
[  5]  18.00-19.00  sec   566 KBytes  4.64 Mbits/sec  1.493 ms  0/483 (0%)  
[  5]  19.00-20.00  sec   557 KBytes  4.56 Mbits/sec  1.492 ms  0/475 (0%)  
[  5]  20.00-21.00  sec   570 KBytes  4.67 Mbits/sec  1.160 ms  0/486 (0%)  
[  5]  21.00-22.00  sec   618 KBytes  5.06 Mbits/sec  1.403 ms  0/527 (0%)  
[  5]  22.00-23.00  sec   636 KBytes  5.21 Mbits/sec  1.329 ms  0/543 (0%)  
[  5]  23.00-24.00  sec   641 KBytes  5.25 Mbits/sec  1.157 ms  0/547 (0%)  
[  5]  24.00-25.00  sec   640 KBytes  5.24 Mbits/sec  1.291 ms  0/546 (0%)  
[  5]  25.00-26.00  sec   639 KBytes  5.23 Mbits/sec  1.133 ms  0/545 (0%)  
[  5]  26.00-27.00  sec   711 KBytes  5.83 Mbits/sec  1.114 ms  0/607 (0%)  
[  5]  27.00-28.00  sec   709 KBytes  5.81 Mbits/sec  1.001 ms  0/605 (0%)  
[  5]  28.00-29.00  sec   682 KBytes  5.59 Mbits/sec  1.277 ms  0/582 (0%)  
[  5]  29.00-30.00  sec   695 KBytes  5.69 Mbits/sec  1.115 ms  0/593 (0%)  
[  5]  30.00-31.00  sec   703 KBytes  5.76 Mbits/sec  1.257 ms  0/600 (0%)  
[  5]  31.00-32.00  sec   718 KBytes  5.89 Mbits/sec  1.010 ms  0/613 (0%)  
[  5]  32.00-33.00  sec   697 KBytes  5.71 Mbits/sec  1.177 ms  0/595 (0%)  
[  5]  33.00-34.00  sec   696 KBytes  5.70 Mbits/sec  1.219 ms  0/594 (0%)  
[  5]  34.00-35.00  sec   698 KBytes  5.72 Mbits/sec  1.118 ms  0/596 (0%)  
[  5]  35.00-36.00  sec   729 KBytes  5.97 Mbits/sec  1.126 ms  0/622 (0%)  
[  5]  36.00-37.00  sec   762 KBytes  6.24 Mbits/sec  1.202 ms  0/650 (0%)  
[  5]  37.00-38.00  sec   763 KBytes  6.25 Mbits/sec  1.035 ms  0/651 (0%)  
[  5]  38.00-39.00  sec   777 KBytes  6.36 Mbits/sec  1.043 ms  0/663 (0%)  
[  5]  39.00-40.00  sec   746 KBytes  6.12 Mbits/sec  1.325 ms  0/637 (0%)  
[  5]  40.00-41.00  sec   729 KBytes  5.97 Mbits/sec  1.184 ms  627/1249 (50%)  
[  5]  41.00-42.00  sec   702 KBytes  5.75 Mbits/sec  1.220 ms  680/1279 (53%)  
[  5]  42.00-43.00  sec   792 KBytes  6.48 Mbits/sec  1.148 ms  755/1431 (53%)  
[  5]  43.00-44.00  sec   810 KBytes  6.64 Mbits/sec  1.222 ms  738/1429 (52%)  
[  5]  44.00-45.00  sec   704 KBytes  5.77 Mbits/sec  4.886 ms  662/1263 (52%)  
[  5]  45.00-46.00  sec   807 KBytes  6.61 Mbits/sec  1.124 ms  742/1431 (52%)  
[  5]  46.00-47.00  sec   818 KBytes  6.70 Mbits/sec  1.171 ms  785/1483 (53%)  
[  5]  47.00-48.00  sec   694 KBytes  5.68 Mbits/sec  1.278 ms  624/1216 (51%)  
[  5]  48.00-49.00  sec   819 KBytes  6.71 Mbits/sec  1.056 ms  689/1388 (50%)  
[  5]  49.00-50.00  sec   798 KBytes  6.54 Mbits/sec  1.100 ms  617/1298 (48%)  
[  5]  50.00-51.00  sec   689 KBytes  5.64 Mbits/sec  1.063 ms  541/1129 (48%)  
[  5]  51.00-52.00  sec   839 KBytes  6.88 Mbits/sec  1.036 ms  629/1345 (47%)  
[  5]  52.00-53.00  sec   769 KBytes  6.30 Mbits/sec  1.248 ms  561/1217 (46%)  
[  5]  53.00-54.00  sec   720 KBytes  5.89 Mbits/sec  1.041 ms  534/1148 (47%)  
[  5]  54.00-55.00  sec   798 KBytes  6.54 Mbits/sec  1.122 ms  589/1270 (46%)  
[  5]  55.00-56.00  sec   809 KBytes  6.62 Mbits/sec  1.096 ms  609/1299 (47%)  
[  5]  56.00-57.00  sec   709 KBytes  5.81 Mbits/sec  1.120 ms  533/1138 (47%)  
[  5]  57.00-58.00  sec   809 KBytes  6.62 Mbits/sec  1.103 ms  633/1323 (48%)  
[  5]  58.00-59.00  sec   809 KBytes  6.63 Mbits/sec  1.108 ms  635/1325 (48%)  
[  5]  59.00-60.00  sec   709 KBytes  5.81 Mbits/sec  1.151 ms  560/1165 (48%)  
[  5]  60.00-61.00  sec   809 KBytes  6.62 Mbits/sec  1.096 ms  606/1296 (47%)  
[  5]  61.00-62.00  sec   809 KBytes  6.62 Mbits/sec  1.111 ms  615/1305 (47%)  
[  5]  62.00-63.00  sec   709 KBytes  5.81 Mbits/sec  1.142 ms  539/1144 (47%)  
[  5]  63.00-64.00  sec   809 KBytes  6.63 Mbits/sec  1.129 ms  605/1295 (47%)  
[  5]  64.00-65.00  sec   809 KBytes  6.62 Mbits/sec  1.097 ms  619/1309 (47%)  
[  5]  65.00-66.00  sec   709 KBytes  5.81 Mbits/sec  1.172 ms  559/1164 (48%)  
[  5]  66.00-67.00  sec   809 KBytes  6.62 Mbits/sec  1.104 ms  628/1318 (48%)  
[  5]  67.00-68.00  sec   709 KBytes  5.81 Mbits/sec  1.036 ms  518/1123 (46%)  
[  5]  68.00-69.00  sec   809 KBytes  6.62 Mbits/sec  1.063 ms  628/1318 (48%)  
[  5]  69.00-70.00  sec   809 KBytes  6.62 Mbits/sec  1.044 ms  619/1309 (47%)  
[  5]  70.00-71.00  sec   697 KBytes  5.71 Mbits/sec  1.465 ms  537/1132 (47%)  
[  5]  71.00-72.00  sec   809 KBytes  6.62 Mbits/sec  1.067 ms  601/1291 (47%)  
[  5]  72.00-73.00  sec   809 KBytes  6.62 Mbits/sec  1.076 ms  604/1294 (47%)  
[  5]  73.00-74.00  sec   680 KBytes  5.57 Mbits/sec  1.155 ms  528/1108 (48%)  
[  5]  74.00-75.00  sec   838 KBytes  6.86 Mbits/sec  1.086 ms  661/1376 (48%)  
[  5]  75.00-76.00  sec   810 KBytes  6.62 Mbits/sec  1.030 ms  627/1318 (48%)  
[  5]  76.00-77.00  sec   798 KBytes  6.54 Mbits/sec  1.107 ms  602/1283 (47%)  
[  5]  77.00-78.00  sec   689 KBytes  5.65 Mbits/sec  1.084 ms  527/1115 (47%)  
[  5]  78.00-79.00  sec   709 KBytes  5.80 Mbits/sec  1.094 ms  532/1137 (47%)  
[  5]  79.00-80.00  sec   809 KBytes  6.63 Mbits/sec  1.144 ms  643/1333 (48%)  
[  5]  80.00-81.00  sec   809 KBytes  6.62 Mbits/sec  1.095 ms  620/1310 (47%)  
[  5]  81.00-82.00  sec   709 KBytes  5.81 Mbits/sec  1.107 ms  533/1138 (47%)  
[  5]  82.00-83.00  sec   809 KBytes  6.63 Mbits/sec  1.092 ms  635/1325 (48%)  
[  5]  83.00-84.00  sec   799 KBytes  6.55 Mbits/sec  1.154 ms  627/1309 (48%)  
[  5]  84.00-85.00  sec   809 KBytes  6.62 Mbits/sec  1.086 ms  602/1292 (47%)  
[  5]  85.00-86.00  sec   718 KBytes  5.88 Mbits/sec  1.127 ms  534/1147 (47%)  
[  5]  86.00-87.00  sec   799 KBytes  6.55 Mbits/sec  1.122 ms  589/1271 (46%)  
[  5]  87.00-88.00  sec   718 KBytes  5.88 Mbits/sec  1.073 ms  532/1145 (46%)  
[  5]  88.00-89.00  sec   789 KBytes  6.46 Mbits/sec  1.136 ms  610/1283 (48%)  
[  5]  89.00-90.00  sec   809 KBytes  6.62 Mbits/sec  1.183 ms  649/1339 (48%)  
[  5]  90.00-91.00  sec   718 KBytes  5.88 Mbits/sec  1.300 ms  582/1195 (49%)  
[  5]  91.00-92.00  sec   799 KBytes  6.55 Mbits/sec  1.125 ms  638/1320 (48%)  
[  5]  92.00-93.00  sec   799 KBytes  6.55 Mbits/sec  1.092 ms  625/1307 (48%)  
[  5]  93.00-94.00  sec   708 KBytes  5.80 Mbits/sec  1.070 ms  535/1139 (47%)  
[  5]  94.00-95.00  sec   810 KBytes  6.63 Mbits/sec  1.135 ms  611/1302 (47%)  
[  5]  95.00-96.00  sec   718 KBytes  5.88 Mbits/sec  1.039 ms  526/1139 (46%)  
[  5]  96.00-97.00  sec   790 KBytes  6.47 Mbits/sec  1.072 ms  609/1283 (47%)  
[  5]  97.00-98.00  sec   809 KBytes  6.62 Mbits/sec  1.180 ms  626/1316 (48%)  
[  5]  98.00-99.00  sec   700 KBytes  5.73 Mbits/sec  1.301 ms  556/1153 (48%)  
[  5]  99.00-100.00 sec   809 KBytes  6.63 Mbits/sec  1.134 ms  652/1342 (49%)  
[  5] 100.00-101.00 sec   809 KBytes  6.62 Mbits/sec  1.097 ms  601/1291 (47%)  
[  5] 101.00-102.00 sec   727 KBytes  5.95 Mbits/sec  3.718 ms  555/1175 (47%)  
[  5] 102.00-103.00 sec   791 KBytes  6.48 Mbits/sec  1.053 ms  581/1256 (46%)  
[  5] 103.00-104.00 sec   779 KBytes  6.38 Mbits/sec  0.994 ms  597/1262 (47%)  
[  5] 104.00-105.00 sec   708 KBytes  5.80 Mbits/sec  1.105 ms  530/1134 (47%)  
[  5] 105.00-106.00 sec   784 KBytes  6.43 Mbits/sec  1.281 ms  666/1335 (50%)  
[  5] 106.00-107.00 sec   838 KBytes  6.86 Mbits/sec  1.051 ms  676/1391 (49%)  
[  5] 107.00-108.00 sec   798 KBytes  6.54 Mbits/sec  1.138 ms  631/1312 (48%)  
[  5] 108.00-109.00 sec   690 KBytes  5.65 Mbits/sec  0.995 ms  518/1107 (47%)  
[  5] 109.00-110.00 sec   798 KBytes  6.53 Mbits/sec  1.117 ms  619/1300 (48%)  
[  5] 110.00-111.00 sec   720 KBytes  5.90 Mbits/sec  1.053 ms  521/1135 (46%)  
[  5] 111.00-112.00 sec   798 KBytes  6.54 Mbits/sec  1.074 ms  597/1278 (47%)  
[  5] 112.00-113.00 sec   809 KBytes  6.62 Mbits/sec  1.115 ms  587/1277 (46%)  
[  5] 113.00-114.00 sec   809 KBytes  6.62 Mbits/sec  1.171 ms  623/1313 (47%)  
[  5] 114.00-115.00 sec   709 KBytes  5.81 Mbits/sec  1.152 ms  556/1161 (48%)  
[  5] 115.00-116.00 sec   809 KBytes  6.62 Mbits/sec  1.107 ms  629/1319 (48%)  
[  5] 116.00-117.00 sec   809 KBytes  6.63 Mbits/sec  1.062 ms  617/1307 (47%)  
[  5] 117.00-118.00 sec   709 KBytes  5.80 Mbits/sec  1.096 ms  535/1140 (47%)  
[  5] 118.00-119.00 sec   809 KBytes  6.63 Mbits/sec  1.088 ms  612/1302 (47%)  
[  5] 119.00-120.00 sec   709 KBytes  5.81 Mbits/sec  1.136 ms  537/1142 (47%)  
[  5] 120.00-121.00 sec   809 KBytes  6.62 Mbits/sec  1.150 ms  608/1298 (47%)  
[  5] 121.00-122.00 sec   809 KBytes  6.62 Mbits/sec  1.207 ms  630/1320 (48%)  
[  5] 122.00-123.00 sec   701 KBytes  5.74 Mbits/sec  1.357 ms  548/1146 (48%)  
[  5] 123.00-124.00 sec   809 KBytes  6.62 Mbits/sec  1.099 ms  631/1321 (48%)  
[  5] 124.00-125.00 sec   809 KBytes  6.62 Mbits/sec  1.099 ms  602/1292 (47%)  
[  5] 125.00-126.00 sec   704 KBytes  5.77 Mbits/sec  1.173 ms  520/1121 (46%)  
[  5] 126.00-127.00 sec   807 KBytes  6.61 Mbits/sec  1.119 ms  616/1305 (47%)  
[  5] 127.00-128.00 sec   810 KBytes  6.63 Mbits/sec  0.985 ms  608/1299 (47%)  
[  5] 128.00-129.00 sec   708 KBytes  5.80 Mbits/sec  1.107 ms  543/1147 (47%)  
[  5] 129.00-130.00 sec   810 KBytes  6.63 Mbits/sec  1.037 ms  620/1311 (47%)  
[  5] 130.00-131.00 sec   809 KBytes  6.62 Mbits/sec  1.105 ms  652/1342 (49%)  
[  5] 131.00-132.00 sec   799 KBytes  6.55 Mbits/sec  1.047 ms  603/1285 (47%)  
[  5] 132.00-133.00 sec   718 KBytes  5.89 Mbits/sec  0.971 ms  549/1162 (47%)  
[  5] 133.00-134.00 sec   799 KBytes  6.53 Mbits/sec  1.067 ms  598/1280 (47%)  
[  5] 134.00-135.00 sec   718 KBytes  5.89 Mbits/sec  1.088 ms  555/1168 (48%)  
[  5] 135.00-136.00 sec   778 KBytes  6.38 Mbits/sec  1.081 ms  595/1259 (47%)  
[  5] 136.00-137.00 sec   830 KBytes  6.80 Mbits/sec  1.084 ms  625/1333 (47%)  
[  5] 137.00-138.00 sec   688 KBytes  5.64 Mbits/sec  1.162 ms  525/1112 (47%)  
[  5] 138.00-139.00 sec   809 KBytes  6.62 Mbits/sec  1.104 ms  642/1332 (48%)  
[  5] 139.00-140.00 sec   826 KBytes  6.77 Mbits/sec  1.135 ms  634/1339 (47%)  
[  5] 140.00-141.00 sec   809 KBytes  6.62 Mbits/sec  1.088 ms  613/1303 (47%)  
[  5] 141.00-142.00 sec   698 KBytes  5.72 Mbits/sec  1.435 ms  524/1120 (47%)  
[  5] 142.00-143.00 sec   809 KBytes  6.62 Mbits/sec  1.061 ms  597/1287 (46%)  
[  5] 143.00-144.00 sec   689 KBytes  5.65 Mbits/sec  1.072 ms  543/1131 (48%)  
[  5] 144.00-145.00 sec   799 KBytes  6.55 Mbits/sec  1.098 ms  578/1260 (46%)  
[  5] 145.00-146.00 sec   809 KBytes  6.62 Mbits/sec  1.046 ms  605/1295 (47%)  
[  5] 146.00-147.00 sec   709 KBytes  5.81 Mbits/sec  1.141 ms  559/1164 (48%)  
[  5] 147.00-148.00 sec   809 KBytes  6.62 Mbits/sec  1.128 ms  640/1330 (48%)  
[  5] 148.00-149.00 sec   809 KBytes  6.63 Mbits/sec  1.105 ms  610/1300 (47%)  
[  5] 149.00-150.00 sec   709 KBytes  5.80 Mbits/sec  1.074 ms  553/1158 (48%)  
[  5] 150.00-151.00 sec   809 KBytes  6.63 Mbits/sec  1.091 ms  608/1298 (47%)  
[  5] 151.00-152.00 sec   809 KBytes  6.62 Mbits/sec  1.103 ms  602/1292 (47%)  
[  5] 152.00-153.00 sec   709 KBytes  5.81 Mbits/sec  1.088 ms  534/1139 (47%)  
[  5] 153.00-154.00 sec   718 KBytes  5.88 Mbits/sec  0.990 ms  529/1142 (46%)  
[  5] 154.00-155.00 sec   799 KBytes  6.55 Mbits/sec  1.133 ms  611/1293 (47%)  
[  5] 155.00-156.00 sec   718 KBytes  5.88 Mbits/sec  1.178 ms  565/1178 (48%)  
[  5] 156.00-157.00 sec   809 KBytes  6.62 Mbits/sec  0.987 ms  629/1319 (48%)  
[  5] 157.00-158.00 sec   709 KBytes  5.81 Mbits/sec  1.174 ms  526/1131 (47%)  
[  5] 158.00-159.00 sec   779 KBytes  6.38 Mbits/sec  0.982 ms  601/1266 (47%)  
[  5] 159.00-160.00 sec   698 KBytes  5.72 Mbits/sec  1.159 ms  549/1145 (48%)  
[  5] 160.00-161.00 sec   810 KBytes  6.63 Mbits/sec  1.149 ms  612/1303 (47%)  
[  5] 161.00-162.00 sec   809 KBytes  6.62 Mbits/sec  1.070 ms  620/1310 (47%)  
[  5] 162.00-163.00 sec   707 KBytes  5.79 Mbits/sec  1.123 ms  530/1133 (47%)  
[  5] 163.00-164.00 sec   809 KBytes  6.62 Mbits/sec  1.077 ms  644/1334 (48%)  
[  5] 164.00-165.00 sec   709 KBytes  5.81 Mbits/sec  1.168 ms  567/1172 (48%)  
[  5] 165.00-166.00 sec   809 KBytes  6.62 Mbits/sec  1.025 ms  660/1350 (49%)  
[  5] 166.00-167.00 sec   809 KBytes  6.63 Mbits/sec  1.032 ms  654/1344 (49%)  
[  5] 167.00-168.00 sec   709 KBytes  5.80 Mbits/sec  1.214 ms  581/1186 (49%)  
[  5] 168.00-169.00 sec   809 KBytes  6.63 Mbits/sec  1.085 ms  656/1346 (49%)  
[  5] 169.00-170.00 sec   809 KBytes  6.63 Mbits/sec  1.090 ms  649/1339 (48%)  
[  5] 170.00-171.00 sec   709 KBytes  5.81 Mbits/sec  1.097 ms  541/1146 (47%)  
[  5] 171.00-172.00 sec   809 KBytes  6.62 Mbits/sec  1.086 ms  659/1349 (49%)  
[  5] 172.00-173.00 sec   789 KBytes  6.46 Mbits/sec  1.148 ms  640/1313 (49%)  
[  5] 173.00-174.00 sec   718 KBytes  5.88 Mbits/sec  1.168 ms  545/1158 (47%)  
[  5] 174.00-175.00 sec   809 KBytes  6.63 Mbits/sec  1.114 ms  633/1323 (48%)  
[  5] 175.00-176.00 sec   799 KBytes  6.55 Mbits/sec  1.072 ms  598/1280 (47%)  
[  5] 176.00-177.00 sec   711 KBytes  5.83 Mbits/sec  1.140 ms  564/1171 (48%)  
[  5] 177.00-178.00 sec   809 KBytes  6.62 Mbits/sec  1.066 ms  625/1315 (48%)  
[  5] 178.00-179.00 sec   799 KBytes  6.55 Mbits/sec  1.100 ms  600/1282 (47%)  
[  5] 179.00-180.00 sec   689 KBytes  5.65 Mbits/sec  1.111 ms  562/1150 (49%)  
[  5] 180.00-181.00 sec   829 KBytes  6.78 Mbits/sec  1.083 ms  636/1343 (47%)  
[  5] 181.00-182.00 sec   809 KBytes  6.63 Mbits/sec  1.053 ms  612/1302 (47%)  
[  5] 182.00-183.00 sec   700 KBytes  5.73 Mbits/sec  1.542 ms  544/1141 (48%)  
[  5] 183.00-184.00 sec   683 KBytes  5.60 Mbits/sec  7.734 ms  541/1124 (48%)  
[  5] 184.00-185.00 sec   805 KBytes  6.60 Mbits/sec  1.009 ms  581/1268 (46%)  
[  5] 185.00-186.00 sec   799 KBytes  6.55 Mbits/sec  1.167 ms  616/1298 (47%)  
[  5] 186.00-187.00 sec   718 KBytes  5.88 Mbits/sec  1.094 ms  530/1143 (46%)  
[  5] 187.00-188.00 sec   809 KBytes  6.62 Mbits/sec  1.108 ms  635/1325 (48%)  
[  5] 188.00-189.00 sec   799 KBytes  6.55 Mbits/sec  1.098 ms  637/1319 (48%)  
[  5] 189.00-190.00 sec   809 KBytes  6.63 Mbits/sec  1.113 ms  630/1320 (48%)  
[  5] 190.00-191.00 sec   702 KBytes  5.75 Mbits/sec  1.114 ms  539/1138 (47%)  
[  5] 191.00-192.00 sec   809 KBytes  6.63 Mbits/sec  1.126 ms  600/1290 (47%)  
[  5] 192.00-193.00 sec   718 KBytes  5.88 Mbits/sec  1.064 ms  560/1173 (48%)  
[  5] 193.00-194.00 sec   799 KBytes  6.55 Mbits/sec  1.166 ms  591/1273 (46%)  
[  5] 194.00-195.00 sec   718 KBytes  5.88 Mbits/sec  1.093 ms  545/1158 (47%)  
[  5] 195.00-196.00 sec   809 KBytes  6.62 Mbits/sec  1.073 ms  670/1360 (49%)  
[  5] 196.00-197.00 sec   799 KBytes  6.55 Mbits/sec  1.093 ms  631/1313 (48%)  
[  5] 197.00-198.00 sec   718 KBytes  5.89 Mbits/sec  1.093 ms  576/1189 (48%)  
[  5] 198.00-199.00 sec   799 KBytes  6.55 Mbits/sec  1.089 ms  596/1278 (47%)  
[  5] 199.00-200.00 sec   689 KBytes  5.64 Mbits/sec  1.028 ms  521/1109 (47%)  
[  5] 200.00-201.00 sec   818 KBytes  6.70 Mbits/sec  1.483 ms  622/1320 (47%)  
[  5] 201.00-202.00 sec   689 KBytes  5.64 Mbits/sec  1.062 ms  530/1118 (47%)  
[  5] 202.00-203.00 sec   799 KBytes  6.55 Mbits/sec  1.057 ms  594/1276 (47%)  
[  5] 203.00-204.00 sec   809 KBytes  6.62 Mbits/sec  1.149 ms  634/1324 (48%)  
[  5] 204.00-205.00 sec   809 KBytes  6.62 Mbits/sec  1.060 ms  676/1366 (49%)  
[  5] 205.00-206.00 sec   709 KBytes  5.81 Mbits/sec  1.149 ms  574/1179 (49%)  
[  5] 206.00-207.00 sec   809 KBytes  6.63 Mbits/sec  1.084 ms  609/1299 (47%)  
[  5] 207.00-208.00 sec   809 KBytes  6.62 Mbits/sec  1.092 ms  616/1306 (47%)  
[  5] 208.00-209.00 sec   709 KBytes  5.81 Mbits/sec  1.114 ms  533/1138 (47%)  
[  5] 209.00-210.00 sec   809 KBytes  6.63 Mbits/sec  1.091 ms  632/1322 (48%)  
[  5] 210.00-211.00 sec   709 KBytes  5.81 Mbits/sec  1.128 ms  553/1158 (48%)  
[  5] 211.00-212.00 sec   809 KBytes  6.62 Mbits/sec  1.179 ms  621/1311 (47%)  
[  5] 212.00-213.00 sec   708 KBytes  5.80 Mbits/sec  1.080 ms  590/1194 (49%)  
[  5] 213.00-214.00 sec   799 KBytes  6.55 Mbits/sec  1.106 ms  627/1309 (48%)  
[  5] 214.00-215.00 sec   809 KBytes  6.61 Mbits/sec  1.055 ms  615/1305 (47%)  
[  5] 215.00-216.00 sec   709 KBytes  5.82 Mbits/sec  1.030 ms  513/1118 (46%)  
[  5] 216.00-217.00 sec   809 KBytes  6.62 Mbits/sec  1.055 ms  608/1298 (47%)  
[  5] 217.00-218.00 sec   810 KBytes  6.63 Mbits/sec  1.066 ms  608/1299 (47%)  
[  5] 218.00-219.00 sec   708 KBytes  5.79 Mbits/sec  1.113 ms  547/1151 (48%)  
[  5] 219.00-220.00 sec   810 KBytes  6.64 Mbits/sec  1.056 ms  632/1323 (48%)  
[  5] 220.00-221.00 sec   698 KBytes  5.72 Mbits/sec  1.076 ms  557/1153 (48%)  
[  5] 221.00-222.00 sec   810 KBytes  6.63 Mbits/sec  1.150 ms  643/1334 (48%)  
[  5] 222.00-223.00 sec   809 KBytes  6.62 Mbits/sec  1.095 ms  638/1328 (48%)  
[  5] 223.00-224.00 sec   679 KBytes  5.56 Mbits/sec  1.100 ms  543/1122 (48%)  
[  5] 224.00-225.00 sec   809 KBytes  6.62 Mbits/sec  1.099 ms  621/1311 (47%)  
[  5] 225.00-226.00 sec   709 KBytes  5.81 Mbits/sec  1.057 ms  528/1133 (47%)  
[  5] 226.00-227.00 sec   809 KBytes  6.62 Mbits/sec  1.110 ms  614/1304 (47%)  
[  5] 227.00-228.00 sec   807 KBytes  6.61 Mbits/sec  1.089 ms  606/1295 (47%)  
[  5] 228.00-229.00 sec   710 KBytes  5.82 Mbits/sec  1.145 ms  560/1166 (48%)  
[  5] 229.00-230.00 sec   809 KBytes  6.62 Mbits/sec  1.139 ms  657/1347 (49%)  
[  5] 230.00-231.00 sec   809 KBytes  6.61 Mbits/sec  0.986 ms  611/1301 (47%)  
[  5] 231.00-232.00 sec   709 KBytes  5.82 Mbits/sec  1.099 ms  545/1150 (47%)  
[  5] 232.00-233.00 sec   809 KBytes  6.62 Mbits/sec  1.182 ms  614/1304 (47%)  
[  5] 233.00-234.00 sec   799 KBytes  6.55 Mbits/sec  1.101 ms  624/1306 (48%)  
[  5] 234.00-235.00 sec   718 KBytes  5.88 Mbits/sec  1.173 ms  563/1176 (48%)  
[  5] 235.00-236.00 sec   810 KBytes  6.63 Mbits/sec  0.992 ms  604/1295 (47%)  
[  5] 236.00-237.00 sec   798 KBytes  6.53 Mbits/sec  1.083 ms  623/1304 (48%)  
[  5] 237.00-238.00 sec   720 KBytes  5.90 Mbits/sec  1.077 ms  571/1185 (48%)  
[  5] 238.00-239.00 sec   809 KBytes  6.63 Mbits/sec  1.004 ms  614/1304 (47%)  
[  5] 239.00-240.00 sec   798 KBytes  6.54 Mbits/sec  1.093 ms  615/1296 (47%)  
[  5] 240.00-241.00 sec   720 KBytes  5.90 Mbits/sec  1.041 ms  546/1160 (47%)  
[  5] 241.00-242.00 sec   798 KBytes  6.52 Mbits/sec  1.096 ms  612/1293 (47%)  
[  5] 242.00-243.00 sec   720 KBytes  5.91 Mbits/sec  1.083 ms  557/1171 (48%)  
[  5] 243.00-244.00 sec   809 KBytes  6.62 Mbits/sec  1.022 ms  618/1308 (47%)  
[  5] 244.00-245.00 sec   798 KBytes  6.52 Mbits/sec  1.154 ms  618/1299 (48%)  
[  5] 245.00-246.00 sec   689 KBytes  5.66 Mbits/sec  1.034 ms  532/1120 (48%)  
[  5] 246.00-247.00 sec   829 KBytes  6.79 Mbits/sec  1.171 ms  624/1331 (47%)  
[  5] 247.00-248.00 sec   809 KBytes  6.62 Mbits/sec  1.075 ms  608/1298 (47%)  
[  5] 248.00-249.00 sec   720 KBytes  5.90 Mbits/sec  1.026 ms  554/1168 (47%)  
[  5] 249.00-250.00 sec   798 KBytes  6.54 Mbits/sec  1.100 ms  610/1291 (47%)  
[  5] 250.00-251.00 sec   809 KBytes  6.62 Mbits/sec  1.051 ms  608/1298 (47%)  
[  5] 251.00-252.00 sec   680 KBytes  5.57 Mbits/sec  1.144 ms  523/1103 (47%)  
[  5] 252.00-253.00 sec   809 KBytes  6.62 Mbits/sec  1.157 ms  627/1317 (48%)  
[  5] 253.00-254.00 sec   809 KBytes  6.62 Mbits/sec  1.185 ms  628/1318 (48%)  
[  5] 254.00-255.00 sec   720 KBytes  5.90 Mbits/sec  1.094 ms  581/1195 (49%)  
[  5] 255.00-256.00 sec   798 KBytes  6.54 Mbits/sec  1.100 ms  604/1285 (47%)  
[  5] 256.00-257.00 sec   720 KBytes  5.90 Mbits/sec  0.995 ms  542/1156 (47%)  
[  5] 257.00-258.00 sec   798 KBytes  6.53 Mbits/sec  1.148 ms  594/1275 (47%)  
[  5] 258.00-259.00 sec   720 KBytes  5.90 Mbits/sec  1.038 ms  541/1155 (47%)  
[  5] 259.00-260.00 sec   809 KBytes  6.62 Mbits/sec  1.081 ms  615/1305 (47%)  
[  5] 260.00-261.00 sec   798 KBytes  6.53 Mbits/sec  1.228 ms  639/1320 (48%)  
[  5] 261.00-262.00 sec   720 KBytes  5.90 Mbits/sec  1.087 ms  561/1175 (48%)  
[  5] 262.00-263.00 sec   809 KBytes  6.62 Mbits/sec  1.090 ms  633/1323 (48%)  
[  5] 263.00-264.00 sec   798 KBytes  6.54 Mbits/sec  1.112 ms  593/1274 (47%)  
[  5] 264.00-265.00 sec   720 KBytes  5.89 Mbits/sec  1.088 ms  554/1168 (47%)  
[  5] 265.00-266.00 sec   798 KBytes  6.54 Mbits/sec  1.113 ms  591/1272 (46%)  
[  5] 266.00-267.00 sec   720 KBytes  5.89 Mbits/sec  1.030 ms  536/1150 (47%)  
[  5] 267.00-268.00 sec   809 KBytes  6.63 Mbits/sec  1.059 ms  615/1305 (47%)  
[  5] 268.00-269.00 sec   798 KBytes  6.54 Mbits/sec  1.145 ms  615/1296 (47%)  
[  5] 269.00-270.00 sec   689 KBytes  5.64 Mbits/sec  1.041 ms  581/1169 (50%)  
[  5] 270.00-271.00 sec   827 KBytes  6.78 Mbits/sec  1.079 ms  701/1407 (50%)  
[  5] 271.00-272.00 sec   680 KBytes  5.57 Mbits/sec  1.135 ms  526/1106 (48%)  
[  5] 272.00-273.00 sec   807 KBytes  6.61 Mbits/sec  1.115 ms  613/1302 (47%)  
[  5] 273.00-274.00 sec   710 KBytes  5.82 Mbits/sec  1.099 ms  535/1141 (47%)  
[  5] 274.00-275.00 sec   807 KBytes  6.61 Mbits/sec  1.083 ms  602/1291 (47%)  
[  5] 275.00-276.00 sec   799 KBytes  6.55 Mbits/sec  1.121 ms  603/1285 (47%)  
[  5] 276.00-277.00 sec   718 KBytes  5.89 Mbits/sec  1.224 ms  545/1158 (47%)  
[  5] 277.00-278.00 sec   810 KBytes  6.63 Mbits/sec  1.093 ms  630/1321 (48%)  
[  5] 278.00-279.00 sec   798 KBytes  6.53 Mbits/sec  1.134 ms  629/1310 (48%)  
[  5] 279.00-280.00 sec   809 KBytes  6.63 Mbits/sec  1.147 ms  643/1333 (48%)  
[  5] 280.00-281.00 sec   720 KBytes  5.89 Mbits/sec  1.082 ms  592/1206 (49%)  
[  5] 281.00-282.00 sec   798 KBytes  6.54 Mbits/sec  1.117 ms  603/1284 (47%)  
[  5] 282.00-283.00 sec   720 KBytes  5.89 Mbits/sec  1.068 ms  562/1176 (48%)  
[  5] 283.00-284.00 sec   788 KBytes  6.45 Mbits/sec  1.131 ms  603/1275 (47%)  
[  5] 284.00-285.00 sec   809 KBytes  6.62 Mbits/sec  1.206 ms  647/1337 (48%)  
[  5] 285.00-286.00 sec   720 KBytes  5.89 Mbits/sec  0.999 ms  558/1172 (48%)  
[  5] 286.00-287.00 sec   798 KBytes  6.54 Mbits/sec  1.156 ms  632/1313 (48%)  
[  5] 287.00-288.00 sec   709 KBytes  5.81 Mbits/sec  1.007 ms  561/1166 (48%)  
[  5] 288.00-289.00 sec   809 KBytes  6.63 Mbits/sec  1.048 ms  615/1305 (47%)  
[  5] 289.00-290.00 sec   799 KBytes  6.55 Mbits/sec  1.065 ms  596/1278 (47%)  
[  5] 290.00-291.00 sec   688 KBytes  5.64 Mbits/sec  1.104 ms  518/1105 (47%)  
[  5] 291.00-292.00 sec   830 KBytes  6.80 Mbits/sec  1.138 ms  627/1335 (47%)  
[  5] 292.00-293.00 sec   809 KBytes  6.62 Mbits/sec  1.044 ms  600/1290 (47%)  
[  5] 293.00-294.00 sec   720 KBytes  5.90 Mbits/sec  1.012 ms  580/1194 (49%)  
[  5] 294.00-295.00 sec   798 KBytes  6.54 Mbits/sec  1.079 ms  637/1318 (48%)  
[  5] 295.00-296.00 sec   804 KBytes  6.59 Mbits/sec  1.082 ms  616/1302 (47%)  
[  5] 296.00-297.00 sec   709 KBytes  5.81 Mbits/sec  1.075 ms  534/1139 (47%)  
[  5] 297.00-298.00 sec   809 KBytes  6.62 Mbits/sec  1.070 ms  604/1294 (47%)  
[  5] 298.00-299.00 sec   689 KBytes  5.64 Mbits/sec  1.070 ms  529/1117 (47%)  
[  5] 299.00-300.00 sec   798 KBytes  6.54 Mbits/sec  1.276 ms  631/1312 (48%)  
[  5] 300.00-301.00 sec   810 KBytes  6.63 Mbits/sec  1.182 ms  633/1324 (48%)  
[  5] 301.00-302.00 sec   809 KBytes  6.62 Mbits/sec  1.054 ms  637/1327 (48%)  
[  5] 302.00-303.00 sec   709 KBytes  5.81 Mbits/sec  1.074 ms  555/1160 (48%)  
[  5] 303.00-304.00 sec   809 KBytes  6.62 Mbits/sec  1.093 ms  608/1298 (47%)  
[  5] 304.00-305.00 sec   799 KBytes  6.55 Mbits/sec  1.098 ms  593/1275 (47%)  
[  5] 305.00-306.00 sec   718 KBytes  5.88 Mbits/sec  1.111 ms  523/1136 (46%)  
[  5] 306.00-307.00 sec   709 KBytes  5.81 Mbits/sec  1.147 ms  525/1130 (46%)  
[  5] 307.00-308.00 sec   809 KBytes  6.63 Mbits/sec  1.084 ms  602/1292 (47%)  
[  5] 308.00-309.00 sec   809 KBytes  6.62 Mbits/sec  1.126 ms  624/1314 (47%)  
[  5] 309.00-310.00 sec   709 KBytes  5.81 Mbits/sec  1.162 ms  579/1184 (49%)  
[  5] 310.00-311.00 sec   809 KBytes  6.62 Mbits/sec  1.181 ms  649/1339 (48%)  
[  5] 311.00-312.00 sec   809 KBytes  6.62 Mbits/sec  1.102 ms  633/1323 (48%)  
[  5] 312.00-313.00 sec   709 KBytes  5.80 Mbits/sec  1.075 ms  521/1126 (46%)  
[  5] 313.00-314.00 sec   809 KBytes  6.63 Mbits/sec  1.130 ms  606/1296 (47%)  
[  5] 314.00-315.00 sec   709 KBytes  5.81 Mbits/sec  1.087 ms  555/1160 (48%)  
[  5] 315.00-316.00 sec   809 KBytes  6.62 Mbits/sec  1.097 ms  612/1302 (47%)  
[  5] 316.00-317.00 sec   709 KBytes  5.81 Mbits/sec  1.068 ms  539/1144 (47%)  
[  5] 317.00-318.00 sec   689 KBytes  5.64 Mbits/sec  1.054 ms  529/1117 (47%)  
[  5] 318.00-319.00 sec   708 KBytes  5.80 Mbits/sec  1.147 ms  589/1193 (49%)  
[  5] 319.00-320.00 sec   620 KBytes  5.08 Mbits/sec  1.123 ms  476/1005 (47%)  
[  5] 320.00-321.00 sec   619 KBytes  5.07 Mbits/sec  1.125 ms  482/1010 (48%)  
[  5] 321.00-322.00 sec   589 KBytes  4.83 Mbits/sec  1.106 ms  434/937 (46%)  
[  5] 322.00-323.00 sec   718 KBytes  5.88 Mbits/sec  1.075 ms  545/1158 (47%)  
[  5] 323.00-324.00 sec   709 KBytes  5.81 Mbits/sec  1.072 ms  541/1146 (47%)  
[  5] 324.00-325.00 sec   589 KBytes  4.83 Mbits/sec  1.108 ms  456/959 (48%)  
[  5] 325.00-326.00 sec   718 KBytes  5.88 Mbits/sec  1.087 ms  559/1172 (48%)  
[  5] 326.00-327.00 sec   709 KBytes  5.81 Mbits/sec  1.123 ms  525/1130 (46%)  
[  5] 327.00-328.00 sec   697 KBytes  5.71 Mbits/sec  1.423 ms  563/1158 (49%)  
[  5] 328.00-329.00 sec   679 KBytes  5.56 Mbits/sec  1.111 ms  562/1141 (49%)  
[  5] 329.00-330.00 sec   709 KBytes  5.81 Mbits/sec  1.203 ms  605/1210 (50%)  
[  5] 330.00-331.00 sec   720 KBytes  5.89 Mbits/sec  1.053 ms  671/1285 (52%)  
[  5] 331.00-332.00 sec   709 KBytes  5.81 Mbits/sec  1.135 ms  654/1259 (52%)  
[  5] 332.00-333.00 sec   708 KBytes  5.80 Mbits/sec  1.142 ms  634/1238 (51%)  
[  5] 333.00-334.00 sec   689 KBytes  5.64 Mbits/sec  1.109 ms  706/1294 (55%)  
[  5] 334.00-335.00 sec   709 KBytes  5.81 Mbits/sec  1.189 ms  786/1391 (57%)  
[  5] 335.00-336.00 sec   718 KBytes  5.88 Mbits/sec  1.156 ms  851/1464 (58%)  
[  5] 336.00-337.00 sec   709 KBytes  5.81 Mbits/sec  1.174 ms  670/1275 (53%)  
[  5] 337.00-338.00 sec   709 KBytes  5.80 Mbits/sec  1.125 ms  654/1259 (52%)  
[  5] 338.00-339.00 sec   689 KBytes  5.65 Mbits/sec  1.178 ms  806/1394 (58%)  
[  5] 339.00-340.00 sec   709 KBytes  5.81 Mbits/sec  1.173 ms  645/1250 (52%)  
[  5] 340.00-341.00 sec   709 KBytes  5.81 Mbits/sec  1.241 ms  667/1272 (52%)  
[  5] 341.00-342.00 sec   718 KBytes  5.89 Mbits/sec  1.161 ms  652/1265 (52%)  
[  5] 342.00-343.00 sec   680 KBytes  5.57 Mbits/sec  1.169 ms  651/1231 (53%)  
[  5] 343.00-344.00 sec   773 KBytes  6.34 Mbits/sec  1.511 ms  722/1382 (52%)  
[  5] 344.00-345.00 sec   739 KBytes  6.06 Mbits/sec  1.198 ms  691/1322 (52%)  
[  5] 345.00-346.00 sec   619 KBytes  5.07 Mbits/sec  1.158 ms  575/1103 (52%)  
[  5] 346.00-347.00 sec   718 KBytes  5.88 Mbits/sec  1.167 ms  634/1247 (51%)  
[  5] 347.00-348.00 sec   697 KBytes  5.71 Mbits/sec  1.487 ms  661/1256 (53%)  
[  5] 348.00-349.00 sec   689 KBytes  5.64 Mbits/sec  1.043 ms  623/1211 (51%)  
[  5] 349.00-350.00 sec   697 KBytes  5.71 Mbits/sec  1.260 ms  658/1253 (53%)  
[  5] 350.00-351.00 sec   709 KBytes  5.81 Mbits/sec  1.144 ms  646/1251 (52%)  
[  5] 351.00-352.00 sec   628 KBytes  5.15 Mbits/sec  1.103 ms  594/1130 (53%)  
[  5] 352.00-353.00 sec   680 KBytes  5.57 Mbits/sec  1.108 ms  604/1184 (51%)  
[  5] 353.00-354.00 sec   620 KBytes  5.08 Mbits/sec  1.128 ms  557/1086 (51%)  
[  5] 354.00-355.00 sec   708 KBytes  5.80 Mbits/sec  1.093 ms  622/1226 (51%)  
[  5] 355.00-356.00 sec   677 KBytes  5.55 Mbits/sec  1.144 ms  616/1194 (52%)  
[  5] 356.00-357.00 sec   619 KBytes  5.07 Mbits/sec  1.157 ms  561/1089 (52%)  
[  5] 357.00-358.00 sec   709 KBytes  5.81 Mbits/sec  1.122 ms  633/1238 (51%)  
[  5] 358.00-359.00 sec   689 KBytes  5.65 Mbits/sec  1.103 ms  621/1209 (51%)  
[  5] 359.00-360.00 sec   709 KBytes  5.81 Mbits/sec  1.241 ms  663/1268 (52%)  
[  5] 360.00-361.00 sec   809 KBytes  6.62 Mbits/sec  1.037 ms  789/1479 (53%)  
[  5] 361.00-362.00 sec   619 KBytes  5.07 Mbits/sec  1.085 ms  575/1103 (52%)  
[  5] 362.00-363.00 sec   709 KBytes  5.81 Mbits/sec  1.131 ms  611/1216 (50%)  
[  5] 363.00-364.00 sec   720 KBytes  5.89 Mbits/sec  1.119 ms  697/1311 (53%)  
[  5] 364.00-365.00 sec   679 KBytes  5.55 Mbits/sec  1.251 ms  686/1265 (54%)  
[  5] 365.00-366.00 sec   709 KBytes  5.81 Mbits/sec  1.143 ms  778/1383 (56%)  
[  5] 366.00-367.00 sec   718 KBytes  5.89 Mbits/sec  1.042 ms  734/1347 (54%)  
[  5] 367.00-368.00 sec   709 KBytes  5.80 Mbits/sec  1.190 ms  675/1280 (53%)  
[  5] 368.00-369.00 sec   718 KBytes  5.89 Mbits/sec  1.164 ms  734/1347 (54%)  
[  5] 369.00-370.00 sec   799 KBytes  6.55 Mbits/sec  1.402 ms  826/1508 (55%)  
[  5] 370.00-371.00 sec   687 KBytes  5.62 Mbits/sec  1.163 ms  670/1256 (53%)  
[  5] 371.00-372.00 sec   709 KBytes  5.81 Mbits/sec  1.155 ms  623/1228 (51%)  
[  5] 372.00-373.00 sec   718 KBytes  5.88 Mbits/sec  1.087 ms  649/1262 (51%)  
[  5] 373.00-374.00 sec   709 KBytes  5.81 Mbits/sec  1.152 ms  634/1239 (51%)  
[  5] 374.00-375.00 sec   809 KBytes  6.61 Mbits/sec  1.158 ms  740/1430 (52%)  
[  5] 375.00-376.00 sec   709 KBytes  5.82 Mbits/sec  1.117 ms  660/1265 (52%)  
[  5] 376.00-377.00 sec   688 KBytes  5.63 Mbits/sec  1.179 ms  656/1243 (53%)  
[  5] 377.00-378.00 sec   709 KBytes  5.81 Mbits/sec  1.173 ms  634/1239 (51%)  
[  5] 378.00-379.00 sec   709 KBytes  5.80 Mbits/sec  1.273 ms  650/1255 (52%)  
[  5] 379.00-380.00 sec   720 KBytes  5.90 Mbits/sec  1.172 ms  676/1290 (52%)  
[  5] 380.00-381.00 sec   709 KBytes  5.81 Mbits/sec  1.106 ms  647/1252 (52%)  
[  5] 381.00-382.00 sec   689 KBytes  5.65 Mbits/sec  1.113 ms  632/1220 (52%)  
[  5] 382.00-383.00 sec   829 KBytes  6.79 Mbits/sec  1.081 ms  704/1411 (50%)  
[  5] 383.00-384.00 sec   689 KBytes  5.65 Mbits/sec  1.091 ms  591/1179 (50%)  
[  5] 384.00-385.00 sec   708 KBytes  5.80 Mbits/sec  1.151 ms  636/1240 (51%)  
[  5] 385.00-386.00 sec   711 KBytes  5.83 Mbits/sec  1.067 ms  622/1229 (51%)  
[  5] 386.00-387.00 sec   798 KBytes  6.52 Mbits/sec  1.136 ms  698/1379 (51%)  
[  5] 387.00-388.00 sec   720 KBytes  5.90 Mbits/sec  1.100 ms  597/1211 (49%)  
[  5] 388.00-389.00 sec   679 KBytes  5.56 Mbits/sec  1.157 ms  553/1132 (49%)  
[  5] 389.00-390.00 sec   709 KBytes  5.81 Mbits/sec  1.424 ms  647/1252 (52%)  
[  5] 390.00-391.00 sec   720 KBytes  5.89 Mbits/sec  1.294 ms  672/1286 (52%)  
[  5] 391.00-392.00 sec   709 KBytes  5.81 Mbits/sec  1.151 ms  622/1227 (51%)  
[  5] 392.00-393.00 sec   700 KBytes  5.73 Mbits/sec  1.154 ms  665/1262 (53%)  
[  5] 393.00-394.00 sec   679 KBytes  5.55 Mbits/sec  1.243 ms  580/1159 (50%)  
[  5] 394.00-395.00 sec   720 KBytes  5.90 Mbits/sec  1.094 ms  643/1257 (51%)  
[  5] 395.00-396.00 sec   708 KBytes  5.79 Mbits/sec  1.134 ms  625/1229 (51%)  
[  5] 396.00-397.00 sec   620 KBytes  5.08 Mbits/sec  1.103 ms  545/1074 (51%)  
[  5] 397.00-398.00 sec   679 KBytes  5.56 Mbits/sec  1.159 ms  569/1148 (50%)  
[  5] 398.00-399.00 sec   718 KBytes  5.88 Mbits/sec  1.180 ms  592/1205 (49%)  
[  5] 399.00-400.00 sec   705 KBytes  5.79 Mbits/sec  1.139 ms  626/1228 (51%)  
[  5] 400.00-401.00 sec   720 KBytes  5.89 Mbits/sec  1.120 ms  645/1259 (51%)  
[  5] 401.00-402.00 sec   680 KBytes  5.57 Mbits/sec  1.101 ms  619/1199 (52%)  
[  5] 402.00-403.00 sec   708 KBytes  5.80 Mbits/sec  1.155 ms  592/1196 (49%)  
[  5] 403.00-404.00 sec   720 KBytes  5.89 Mbits/sec  1.207 ms  660/1274 (52%)  
[  5] 404.00-405.00 sec   809 KBytes  6.62 Mbits/sec  1.088 ms  747/1437 (52%)  
[  5] 405.00-406.00 sec   619 KBytes  5.06 Mbits/sec  1.033 ms  589/1117 (53%)  
[  5] 406.00-407.00 sec   700 KBytes  5.74 Mbits/sec  1.170 ms  663/1260 (53%)  
[  5] 407.00-408.00 sec   679 KBytes  5.56 Mbits/sec  1.105 ms  621/1200 (52%)  
