Connecting to host 172.22.0.50, port 5201
Reverse mode, remote host 172.22.0.50 is sending
[  5] local 192.168.100.2 port 38326 connected to 172.22.0.50 port 5201
[ ID] Interval           Transfer     Bitrate         Jitter    Lost/Total Datagrams
[  5]   0.00-1.00   sec  1.43 MBytes  12.0 Mbits/sec  1.036 ms  0/1246 (0%)  
[  5]   1.00-2.00   sec  1.43 MBytes  12.0 Mbits/sec  1.158 ms  0/1252 (0%)  
[  5]   2.00-3.00   sec  1.43 MBytes  12.0 Mbits/sec  0.991 ms  0/1253 (0%)  
[  5]   3.00-4.00   sec  1.43 MBytes  12.0 Mbits/sec  0.862 ms  0/1253 (0%)  
[  5]   4.00-5.00   sec  1.43 MBytes  12.0 Mbits/sec  1.093 ms  0/1247 (0%)  
[  5]   5.00-6.00   sec  1.43 MBytes  12.0 Mbits/sec  1.104 ms  0/1251 (0%)  
[  5]   6.00-7.00   sec  1.43 MBytes  12.0 Mbits/sec  1.006 ms  0/1251 (0%)  
[  5]   7.00-8.00   sec  1.43 MBytes  12.0 Mbits/sec  0.947 ms  0/1248 (0%)  
[  5]   8.00-9.00   sec  1.43 MBytes  12.0 Mbits/sec  0.740 ms  0/1247 (0%)  
[  5]   9.00-10.00  sec  1.44 MBytes  12.0 Mbits/sec  0.864 ms  0/1254 (0%)  
[  5]  10.00-11.00  sec  1.43 MBytes  12.0 Mbits/sec  0.633 ms  0/1251 (0%)  
[  5]  11.00-12.00  sec  1.43 MBytes  12.0 Mbits/sec  0.853 ms  0/1248 (0%)  
[  5]  12.00-13.00  sec  1.43 MBytes  12.0 Mbits/sec  0.992 ms  0/1250 (0%)  
[  5]  13.00-14.00  sec  1.43 MBytes  12.0 Mbits/sec  0.982 ms  0/1251 (0%)  
[  5]  14.00-15.00  sec  1.43 MBytes  12.0 Mbits/sec  0.853 ms  0/1250 (0%)  
[  5]  15.00-16.00  sec  1.37 MBytes  11.5 Mbits/sec  1.540 ms  0/1195 (0%)  
[  5]  16.00-17.00  sec   630 KBytes  5.16 Mbits/sec  1.305 ms  0/538 (0%)  
[  5]  17.00-18.00  sec   649 KBytes  5.32 Mbits/sec  1.269 ms  0/554 (0%)  
[  5]  18.00-19.00  sec   643 KBytes  5.27 Mbits/sec  1.146 ms  0/549 (0%)  
[  5]  19.00-20.00  sec   648 KBytes  5.31 Mbits/sec  1.309 ms  0/553 (0%)  
[  5]  20.00-21.00  sec   633 KBytes  5.18 Mbits/sec  1.590 ms  0/540 (0%)  
[  5]  21.00-22.00  sec   629 KBytes  5.15 Mbits/sec  1.251 ms  0/537 (0%)  
[  5]  22.00-23.00  sec   649 KBytes  5.32 Mbits/sec  1.131 ms  0/554 (0%)  
[  5]  23.00-24.00  sec   646 KBytes  5.29 Mbits/sec  1.155 ms  0/551 (0%)  
[  5]  24.00-25.00  sec   649 KBytes  5.32 Mbits/sec  1.373 ms  0/554 (0%)  
[  5]  25.00-26.00  sec   643 KBytes  5.27 Mbits/sec  1.244 ms  0/549 (0%)  
[  5]  26.00-27.00  sec   645 KBytes  5.28 Mbits/sec  1.259 ms  0/550 (0%)  
[  5]  27.00-28.00  sec   634 KBytes  5.19 Mbits/sec  1.197 ms  0/541 (0%)  
[  5]  28.00-29.00  sec   627 KBytes  5.14 Mbits/sec  1.377 ms  0/535 (0%)  
[  5]  29.00-30.00  sec   630 KBytes  5.16 Mbits/sec  1.511 ms  0/538 (0%)  
[  5]  30.00-31.00  sec   630 KBytes  5.17 Mbits/sec  1.341 ms  0/538 (0%)  
[  5]  31.00-32.00  sec   645 KBytes  5.28 Mbits/sec  1.203 ms  0/550 (0%)  
[  5]  32.00-33.00  sec   647 KBytes  5.30 Mbits/sec  1.185 ms  0/552 (0%)  
[  5]  33.00-34.00  sec   642 KBytes  5.26 Mbits/sec  1.232 ms  0/548 (0%)  
[  5]  34.00-35.00  sec   642 KBytes  5.26 Mbits/sec  1.373 ms  0/548 (0%)  
[  5]  35.00-36.00  sec   639 KBytes  5.23 Mbits/sec  1.320 ms  0/545 (0%)  
[  5]  36.00-37.00  sec   619 KBytes  5.07 Mbits/sec  1.246 ms  0/528 (0%)  
[  5]  37.00-38.00  sec   622 KBytes  5.10 Mbits/sec  1.409 ms  0/531 (0%)  
[  5]  38.00-39.00  sec   641 KBytes  5.25 Mbits/sec  1.178 ms  0/547 (0%)  
[  5]  39.00-40.00  sec   645 KBytes  5.28 Mbits/sec  1.109 ms  0/550 (0%)  
[  5]  40.00-41.00  sec   639 KBytes  5.23 Mbits/sec  1.467 ms  0/545 (0%)  
[  5]  41.00-42.00  sec   638 KBytes  5.22 Mbits/sec  1.440 ms  0/544 (0%)  
[  5]  42.00-43.00  sec   505 KBytes  4.14 Mbits/sec  1.328 ms  276/707 (39%)  
[  5]  43.00-44.00  sec   648 KBytes  5.31 Mbits/sec  1.245 ms  730/1283 (57%)  
[  5]  44.00-45.00  sec   656 KBytes  5.38 Mbits/sec  1.270 ms  745/1305 (57%)  
[  5]  45.00-46.00  sec   648 KBytes  5.31 Mbits/sec  1.332 ms  731/1284 (57%)  
[  5]  46.00-47.00  sec   568 KBytes  4.65 Mbits/sec  1.299 ms  622/1107 (56%)  
[  5]  47.00-48.00  sec   648 KBytes  5.31 Mbits/sec  1.273 ms  700/1253 (56%)  
[  5]  48.00-49.00  sec   649 KBytes  5.31 Mbits/sec  1.345 ms  704/1258 (56%)  
[  5]  49.00-50.00  sec   656 KBytes  5.38 Mbits/sec  1.334 ms  724/1284 (56%)  
[  5]  50.00-51.00  sec   625 KBytes  5.11 Mbits/sec  1.300 ms  681/1214 (56%)  
[  5]  51.00-52.00  sec   729 KBytes  5.95 Mbits/sec  1.206 ms  846/1468 (58%)  
[  5]  52.00-53.00  sec   736 KBytes  6.05 Mbits/sec  1.253 ms  846/1474 (57%)  
[  5]  53.00-54.00  sec   729 KBytes  5.97 Mbits/sec  1.190 ms  791/1413 (56%)  
[  5]  54.00-55.00  sec   625 KBytes  5.12 Mbits/sec  1.231 ms  679/1212 (56%)  
[  5]  55.00-56.00  sec   728 KBytes  5.96 Mbits/sec  1.313 ms  810/1431 (57%)  
[  5]  56.00-57.00  sec   792 KBytes  6.49 Mbits/sec  1.257 ms  879/1555 (57%)  
[  5]  57.00-58.00  sec   809 KBytes  6.62 Mbits/sec  1.241 ms  862/1552 (56%)  
[  5]  58.00-59.00  sec   817 KBytes  6.69 Mbits/sec  1.179 ms  902/1599 (56%)  
[  5]  59.00-60.00  sec   784 KBytes  6.42 Mbits/sec  1.244 ms  926/1595 (58%)  
[  5]  60.00-61.00  sec   705 KBytes  5.76 Mbits/sec  1.245 ms  797/1399 (57%)  
[  5]  61.00-62.00  sec   816 KBytes  6.71 Mbits/sec  1.328 ms  897/1593 (56%)  
[  5]  62.00-63.00  sec   809 KBytes  6.62 Mbits/sec  1.297 ms  867/1557 (56%)  
[  5]  63.00-64.00  sec   723 KBytes  5.92 Mbits/sec  1.131 ms  761/1378 (55%)  
[  5]  64.00-65.00  sec   783 KBytes  6.41 Mbits/sec  1.236 ms  680/1348 (50%)  
[  5]  65.00-66.00  sec   803 KBytes  6.58 Mbits/sec  1.060 ms  758/1443 (53%)  
[  5]  66.00-67.00  sec   819 KBytes  6.71 Mbits/sec  1.173 ms  758/1457 (52%)  
[  5]  67.00-68.00  sec   783 KBytes  6.41 Mbits/sec  1.232 ms  711/1379 (52%)  
[  5]  68.00-69.00  sec   738 KBytes  6.05 Mbits/sec  1.122 ms  579/1209 (48%)  
[  5]  69.00-70.00  sec   797 KBytes  6.53 Mbits/sec  1.156 ms  571/1251 (46%)  
[  5]  70.00-71.00  sec   809 KBytes  6.62 Mbits/sec  1.056 ms  574/1264 (45%)  
[  5]  71.00-72.00  sec   810 KBytes  6.64 Mbits/sec  1.054 ms  577/1268 (46%)  
[  5]  72.00-73.00  sec   708 KBytes  5.80 Mbits/sec  1.053 ms  528/1132 (47%)  
[  5]  73.00-74.00  sec   810 KBytes  6.63 Mbits/sec  1.121 ms  647/1338 (48%)  
[  5]  74.00-75.00  sec   797 KBytes  6.54 Mbits/sec  0.991 ms  613/1293 (47%)  
[  5]  75.00-76.00  sec   709 KBytes  5.81 Mbits/sec  1.042 ms  529/1134 (47%)  
[  5]  76.00-77.00  sec   804 KBytes  6.59 Mbits/sec  1.147 ms  609/1295 (47%)  
[  5]  77.00-78.00  sec   769 KBytes  6.30 Mbits/sec  1.065 ms  599/1255 (48%)  
[  5]  78.00-79.00  sec   709 KBytes  5.81 Mbits/sec  1.151 ms  512/1117 (46%)  
[  5]  79.00-80.00  sec   809 KBytes  6.62 Mbits/sec  1.075 ms  598/1288 (46%)  
[  5]  80.00-81.00  sec   839 KBytes  6.87 Mbits/sec  1.039 ms  605/1321 (46%)  
[  5]  81.00-82.00  sec   798 KBytes  6.54 Mbits/sec  1.130 ms  612/1293 (47%)  
[  5]  82.00-83.00  sec   809 KBytes  6.62 Mbits/sec  1.156 ms  610/1300 (47%)  
[  5]  83.00-84.00  sec   680 KBytes  5.57 Mbits/sec  1.108 ms  502/1082 (46%)  
[  5]  84.00-85.00  sec   809 KBytes  6.62 Mbits/sec  1.105 ms  593/1283 (46%)  
[  5]  85.00-86.00  sec   798 KBytes  6.54 Mbits/sec  1.094 ms  619/1300 (48%)  
[  5]  86.00-87.00  sec   709 KBytes  5.80 Mbits/sec  1.137 ms  515/1120 (46%)  
[  5]  87.00-88.00  sec   809 KBytes  6.63 Mbits/sec  1.132 ms  621/1311 (47%)  
[  5]  88.00-89.00  sec   799 KBytes  6.55 Mbits/sec  1.054 ms  619/1301 (48%)  
[  5]  89.00-90.00  sec   695 KBytes  5.69 Mbits/sec  1.169 ms  567/1160 (49%)  
[  5]  90.00-91.00  sec   809 KBytes  6.61 Mbits/sec  1.101 ms  620/1310 (47%)  
[  5]  91.00-92.00  sec   809 KBytes  6.64 Mbits/sec  0.999 ms  611/1301 (47%)  
[  5]  92.00-93.00  sec   799 KBytes  6.55 Mbits/sec  1.115 ms  574/1256 (46%)  
[  5]  93.00-94.00  sec   718 KBytes  5.89 Mbits/sec  1.082 ms  528/1141 (46%)  
[  5]  94.00-95.00  sec   809 KBytes  6.62 Mbits/sec  1.086 ms  597/1287 (46%)  
[  5]  95.00-96.00  sec   799 KBytes  6.55 Mbits/sec  1.107 ms  587/1269 (46%)  
[  5]  96.00-97.00  sec   809 KBytes  6.62 Mbits/sec  1.135 ms  610/1300 (47%)  
[  5]  97.00-98.00  sec   709 KBytes  5.81 Mbits/sec  1.084 ms  558/1163 (48%)  
[  5]  98.00-99.00  sec   809 KBytes  6.62 Mbits/sec  1.193 ms  603/1293 (47%)  
[  5]  99.00-100.00 sec   809 KBytes  6.62 Mbits/sec  1.150 ms  621/1311 (47%)  
[  5] 100.00-101.00 sec   810 KBytes  6.63 Mbits/sec  1.002 ms  592/1283 (46%)  
[  5] 101.00-102.00 sec   708 KBytes  5.80 Mbits/sec  1.100 ms  532/1136 (47%)  
[  5] 102.00-103.00 sec   810 KBytes  6.63 Mbits/sec  1.102 ms  617/1308 (47%)  
[  5] 103.00-104.00 sec   708 KBytes  5.80 Mbits/sec  1.106 ms  524/1128 (46%)  
[  5] 104.00-105.00 sec   799 KBytes  6.55 Mbits/sec  1.113 ms  603/1285 (47%)  
[  5] 105.00-106.00 sec   809 KBytes  6.62 Mbits/sec  1.047 ms  622/1312 (47%)  
[  5] 106.00-107.00 sec   798 KBytes  6.54 Mbits/sec  1.136 ms  598/1279 (47%)  
[  5] 107.00-108.00 sec   720 KBytes  5.89 Mbits/sec  1.097 ms  548/1162 (47%)  
[  5] 108.00-109.00 sec   809 KBytes  6.62 Mbits/sec  0.990 ms  590/1280 (46%)  
[  5] 109.00-110.00 sec   798 KBytes  6.54 Mbits/sec  1.147 ms  585/1266 (46%)  
[  5] 110.00-111.00 sec   720 KBytes  5.89 Mbits/sec  1.067 ms  531/1145 (46%)  
[  5] 111.00-112.00 sec   798 KBytes  6.54 Mbits/sec  1.140 ms  598/1279 (47%)  
[  5] 112.00-113.00 sec   809 KBytes  6.62 Mbits/sec  1.104 ms  584/1274 (46%)  
[  5] 113.00-114.00 sec   809 KBytes  6.62 Mbits/sec  1.117 ms  608/1298 (47%)  
[  5] 114.00-115.00 sec   709 KBytes  5.81 Mbits/sec  1.191 ms  565/1170 (48%)  
[  5] 115.00-116.00 sec   796 KBytes  6.52 Mbits/sec  1.111 ms  622/1301 (48%)  
[  5] 116.00-117.00 sec   809 KBytes  6.62 Mbits/sec  1.082 ms  627/1317 (48%)  
[  5] 117.00-118.00 sec   807 KBytes  6.61 Mbits/sec  1.057 ms  608/1297 (47%)  
[  5] 118.00-119.00 sec   710 KBytes  5.82 Mbits/sec  1.108 ms  536/1142 (47%)  
[  5] 119.00-120.00 sec   807 KBytes  6.61 Mbits/sec  1.073 ms  621/1310 (47%)  
[  5] 120.00-121.00 sec   799 KBytes  6.55 Mbits/sec  1.064 ms  583/1265 (46%)  
[  5] 121.00-122.00 sec   718 KBytes  5.88 Mbits/sec  1.306 ms  538/1151 (47%)  
[  5] 122.00-123.00 sec   807 KBytes  6.61 Mbits/sec  1.036 ms  614/1303 (47%)  
[  5] 123.00-124.00 sec   798 KBytes  6.54 Mbits/sec  1.156 ms  610/1291 (47%)  
[  5] 124.00-125.00 sec   810 KBytes  6.63 Mbits/sec  1.155 ms  606/1297 (47%)  
[  5] 125.00-126.00 sec   809 KBytes  6.62 Mbits/sec  1.113 ms  603/1293 (47%)  
[  5] 126.00-127.00 sec   709 KBytes  5.81 Mbits/sec  1.088 ms  522/1127 (46%)  
[  5] 127.00-128.00 sec   809 KBytes  6.62 Mbits/sec  1.110 ms  593/1283 (46%)  
[  5] 128.00-129.00 sec   804 KBytes  6.59 Mbits/sec  1.032 ms  599/1285 (47%)  
[  5] 129.00-130.00 sec   709 KBytes  5.81 Mbits/sec  1.074 ms  516/1121 (46%)  
[  5] 130.00-131.00 sec   809 KBytes  6.62 Mbits/sec  1.084 ms  609/1299 (47%)  
[  5] 131.00-132.00 sec   809 KBytes  6.63 Mbits/sec  1.096 ms  636/1326 (48%)  
[  5] 132.00-133.00 sec   799 KBytes  6.55 Mbits/sec  1.072 ms  605/1287 (47%)  
[  5] 133.00-134.00 sec   689 KBytes  5.65 Mbits/sec  1.076 ms  521/1109 (47%)  
[  5] 134.00-135.00 sec   809 KBytes  6.62 Mbits/sec  0.980 ms  609/1299 (47%)  
[  5] 135.00-136.00 sec   709 KBytes  5.81 Mbits/sec  1.080 ms  510/1115 (46%)  
[  5] 136.00-137.00 sec   809 KBytes  6.62 Mbits/sec  1.033 ms  596/1286 (46%)  
[  5] 137.00-138.00 sec   709 KBytes  5.81 Mbits/sec  1.083 ms  521/1126 (46%)  
[  5] 138.00-139.00 sec   809 KBytes  6.62 Mbits/sec  1.101 ms  598/1288 (46%)  
[  5] 139.00-140.00 sec   809 KBytes  6.63 Mbits/sec  1.082 ms  645/1335 (48%)  
[  5] 140.00-141.00 sec   829 KBytes  6.79 Mbits/sec  1.102 ms  614/1321 (46%)  
[  5] 141.00-142.00 sec   689 KBytes  5.65 Mbits/sec  1.049 ms  506/1094 (46%)  
[  5] 142.00-143.00 sec   798 KBytes  6.54 Mbits/sec  1.151 ms  596/1277 (47%)  
[  5] 143.00-144.00 sec   810 KBytes  6.63 Mbits/sec  1.130 ms  609/1300 (47%)  
[  5] 144.00-145.00 sec   709 KBytes  5.81 Mbits/sec  0.966 ms  529/1134 (47%)  
[  5] 145.00-146.00 sec   799 KBytes  6.55 Mbits/sec  1.135 ms  598/1280 (47%)  
[  5] 146.00-147.00 sec   797 KBytes  6.53 Mbits/sec  1.121 ms  630/1310 (48%)  
[  5] 147.00-148.00 sec   810 KBytes  6.64 Mbits/sec  1.115 ms  646/1337 (48%)  
[  5] 148.00-149.00 sec   697 KBytes  5.71 Mbits/sec  1.171 ms  571/1166 (49%)  
[  5] 149.00-150.00 sec   810 KBytes  6.64 Mbits/sec  1.208 ms  643/1334 (48%)  
[  5] 150.00-151.00 sec   807 KBytes  6.61 Mbits/sec  0.973 ms  617/1306 (47%)  
[  5] 151.00-152.00 sec   710 KBytes  5.82 Mbits/sec  1.075 ms  543/1149 (47%)  
[  5] 152.00-153.00 sec   809 KBytes  6.62 Mbits/sec  1.029 ms  599/1289 (46%)  
[  5] 153.00-154.00 sec   809 KBytes  6.62 Mbits/sec  1.104 ms  604/1294 (47%)  
[  5] 154.00-155.00 sec   709 KBytes  5.81 Mbits/sec  1.085 ms  518/1123 (46%)  
[  5] 155.00-156.00 sec   809 KBytes  6.62 Mbits/sec  0.959 ms  621/1311 (47%)  
[  5] 156.00-157.00 sec   798 KBytes  6.54 Mbits/sec  1.109 ms  606/1287 (47%)  
[  5] 157.00-158.00 sec   810 KBytes  6.63 Mbits/sec  1.101 ms  600/1291 (46%)  
[  5] 158.00-159.00 sec   718 KBytes  5.89 Mbits/sec  1.062 ms  528/1141 (46%)  
[  5] 159.00-160.00 sec   799 KBytes  6.55 Mbits/sec  1.108 ms  594/1276 (47%)  
[  5] 160.00-161.00 sec   688 KBytes  5.63 Mbits/sec  1.118 ms  527/1114 (47%)  
[  5] 161.00-162.00 sec   830 KBytes  6.80 Mbits/sec  1.088 ms  620/1328 (47%)  
[  5] 162.00-163.00 sec   809 KBytes  6.62 Mbits/sec  1.107 ms  620/1310 (47%)  
[  5] 163.00-164.00 sec   809 KBytes  6.63 Mbits/sec  1.079 ms  652/1342 (49%)  
[  5] 164.00-165.00 sec   809 KBytes  6.62 Mbits/sec  1.076 ms  623/1313 (47%)  
[  5] 165.00-166.00 sec   709 KBytes  5.81 Mbits/sec  1.077 ms  521/1126 (46%)  
[  5] 166.00-167.00 sec   779 KBytes  6.38 Mbits/sec  1.031 ms  579/1244 (47%)  
[  5] 167.00-168.00 sec   829 KBytes  6.79 Mbits/sec  1.065 ms  611/1318 (46%)  
[  5] 168.00-169.00 sec   689 KBytes  5.64 Mbits/sec  0.974 ms  503/1091 (46%)  
[  5] 169.00-170.00 sec   838 KBytes  6.86 Mbits/sec  1.057 ms  629/1344 (47%)  
[  5] 170.00-171.00 sec   799 KBytes  6.56 Mbits/sec  1.045 ms  599/1281 (47%)  
[  5] 171.00-172.00 sec   809 KBytes  6.62 Mbits/sec  1.133 ms  653/1343 (49%)  
[  5] 172.00-173.00 sec   680 KBytes  5.57 Mbits/sec  1.109 ms  538/1118 (48%)  
[  5] 173.00-174.00 sec   807 KBytes  6.61 Mbits/sec  1.169 ms  607/1296 (47%)  
[  5] 174.00-175.00 sec   810 KBytes  6.63 Mbits/sec  1.053 ms  589/1280 (46%)  
[  5] 175.00-176.00 sec   797 KBytes  6.53 Mbits/sec  1.049 ms  618/1298 (48%)  
[  5] 176.00-177.00 sec   710 KBytes  5.82 Mbits/sec  0.960 ms  505/1111 (45%)  
[  5] 177.00-178.00 sec   807 KBytes  6.61 Mbits/sec  1.001 ms  613/1302 (47%)  
[  5] 178.00-179.00 sec   829 KBytes  6.79 Mbits/sec  1.048 ms  639/1346 (47%)  
[  5] 179.00-180.00 sec   677 KBytes  5.55 Mbits/sec  1.112 ms  506/1084 (47%)  
[  5] 180.00-181.00 sec   810 KBytes  6.62 Mbits/sec  1.101 ms  643/1334 (48%)  
[  5] 181.00-182.00 sec   798 KBytes  6.55 Mbits/sec  1.091 ms  588/1269 (46%)  
[  5] 182.00-183.00 sec   809 KBytes  6.62 Mbits/sec  1.133 ms  592/1282 (46%)  
[  5] 183.00-184.00 sec   720 KBytes  5.89 Mbits/sec  1.085 ms  535/1149 (47%)  
[  5] 184.00-185.00 sec   798 KBytes  6.54 Mbits/sec  1.130 ms  571/1252 (46%)  
[  5] 185.00-186.00 sec   809 KBytes  6.62 Mbits/sec  1.093 ms  602/1292 (47%)  
[  5] 186.00-187.00 sec   810 KBytes  6.64 Mbits/sec  0.950 ms  593/1284 (46%)  
[  5] 187.00-188.00 sec   708 KBytes  5.80 Mbits/sec  1.120 ms  556/1160 (48%)  
[  5] 188.00-189.00 sec   810 KBytes  6.63 Mbits/sec  1.143 ms  612/1303 (47%)  
[  5] 189.00-190.00 sec   697 KBytes  5.71 Mbits/sec  1.136 ms  543/1138 (48%)  
[  5] 190.00-191.00 sec   810 KBytes  6.63 Mbits/sec  1.115 ms  609/1300 (47%)  
[  5] 191.00-192.00 sec   809 KBytes  6.62 Mbits/sec  1.117 ms  617/1307 (47%)  
[  5] 192.00-193.00 sec   709 KBytes  5.81 Mbits/sec  1.070 ms  520/1125 (46%)  
[  5] 193.00-194.00 sec   809 KBytes  6.62 Mbits/sec  1.079 ms  620/1310 (47%)  
[  5] 194.00-195.00 sec   809 KBytes  6.63 Mbits/sec  1.019 ms  600/1290 (47%)  
[  5] 195.00-196.00 sec   799 KBytes  6.55 Mbits/sec  1.099 ms  607/1289 (47%)  
[  5] 196.00-197.00 sec   809 KBytes  6.63 Mbits/sec  1.113 ms  614/1304 (47%)  
[  5] 197.00-198.00 sec   709 KBytes  5.81 Mbits/sec  1.074 ms  551/1156 (48%)  
[  5] 198.00-199.00 sec   799 KBytes  6.55 Mbits/sec  1.107 ms  578/1260 (46%)  
[  5] 199.00-200.00 sec   809 KBytes  6.62 Mbits/sec  1.125 ms  624/1314 (47%)  
[  5] 200.00-201.00 sec   718 KBytes  5.88 Mbits/sec  1.083 ms  562/1175 (48%)  
[  5] 201.00-202.00 sec   788 KBytes  6.45 Mbits/sec  1.441 ms  596/1268 (47%)  
[  5] 202.00-203.00 sec   809 KBytes  6.62 Mbits/sec  1.077 ms  607/1297 (47%)  
[  5] 203.00-204.00 sec   702 KBytes  5.75 Mbits/sec  1.176 ms  544/1143 (48%)  
[  5] 204.00-205.00 sec   809 KBytes  6.62 Mbits/sec  1.085 ms  623/1313 (47%)  
[  5] 205.00-206.00 sec   809 KBytes  6.62 Mbits/sec  1.209 ms  630/1320 (48%)  
[  5] 206.00-207.00 sec   778 KBytes  6.37 Mbits/sec  1.086 ms  573/1237 (46%)  
[  5] 207.00-208.00 sec   710 KBytes  5.82 Mbits/sec  1.130 ms  513/1119 (46%)  
[  5] 208.00-209.00 sec   809 KBytes  6.62 Mbits/sec  0.960 ms  599/1289 (46%)  
[  5] 209.00-210.00 sec   709 KBytes  5.81 Mbits/sec  1.067 ms  543/1148 (47%)  
[  5] 210.00-211.00 sec   786 KBytes  6.44 Mbits/sec  1.083 ms  630/1301 (48%)  
[  5] 211.00-212.00 sec   809 KBytes  6.62 Mbits/sec  1.052 ms  608/1298 (47%)  
[  5] 212.00-213.00 sec   829 KBytes  6.78 Mbits/sec  1.148 ms  636/1343 (47%)  
[  5] 213.00-214.00 sec   689 KBytes  5.65 Mbits/sec  1.020 ms  514/1102 (47%)  
[  5] 214.00-215.00 sec   809 KBytes  6.62 Mbits/sec  1.062 ms  594/1284 (46%)  
[  5] 215.00-216.00 sec   798 KBytes  6.53 Mbits/sec  1.085 ms  618/1299 (48%)  
[  5] 216.00-217.00 sec   720 KBytes  5.90 Mbits/sec  0.978 ms  527/1141 (46%)  
[  5] 217.00-218.00 sec   798 KBytes  6.54 Mbits/sec  1.162 ms  591/1272 (46%)  
[  5] 218.00-219.00 sec   809 KBytes  6.62 Mbits/sec  1.136 ms  585/1275 (46%)  
[  5] 219.00-220.00 sec   810 KBytes  6.63 Mbits/sec  1.108 ms  613/1304 (47%)  
[  5] 220.00-221.00 sec   708 KBytes  5.80 Mbits/sec  1.113 ms  573/1177 (49%)  
[  5] 221.00-222.00 sec   810 KBytes  6.63 Mbits/sec  1.166 ms  650/1341 (48%)  
[  5] 222.00-223.00 sec   809 KBytes  6.62 Mbits/sec  1.085 ms  606/1296 (47%)  
[  5] 223.00-224.00 sec   710 KBytes  5.82 Mbits/sec  6.424 ms  559/1169 (48%)  
[  5] 224.00-225.00 sec   802 KBytes  6.57 Mbits/sec  1.110 ms  582/1267 (46%)  
[  5] 225.00-226.00 sec   809 KBytes  6.62 Mbits/sec  0.997 ms  591/1281 (46%)  
[  5] 226.00-227.00 sec   709 KBytes  5.81 Mbits/sec  1.076 ms  527/1132 (47%)  
[  5] 227.00-228.00 sec   809 KBytes  6.62 Mbits/sec  1.133 ms  594/1284 (46%)  
[  5] 228.00-229.00 sec   809 KBytes  6.63 Mbits/sec  1.042 ms  646/1336 (48%)  
[  5] 229.00-230.00 sec   799 KBytes  6.55 Mbits/sec  1.147 ms  612/1294 (47%)  
[  5] 230.00-231.00 sec   718 KBytes  5.88 Mbits/sec  1.065 ms  539/1152 (47%)  
[  5] 231.00-232.00 sec   799 KBytes  6.55 Mbits/sec  1.091 ms  576/1258 (46%)  
[  5] 232.00-233.00 sec   809 KBytes  6.62 Mbits/sec  1.075 ms  591/1281 (46%)  
[  5] 233.00-234.00 sec   718 KBytes  5.87 Mbits/sec  1.037 ms  531/1144 (46%)  
[  5] 234.00-235.00 sec   799 KBytes  6.56 Mbits/sec  1.159 ms  593/1275 (47%)  
[  5] 235.00-236.00 sec   809 KBytes  6.62 Mbits/sec  1.111 ms  616/1306 (47%)  
[  5] 236.00-237.00 sec   809 KBytes  6.62 Mbits/sec  1.125 ms  637/1327 (48%)  
[  5] 237.00-238.00 sec   709 KBytes  5.80 Mbits/sec  1.162 ms  551/1156 (48%)  
[  5] 238.00-239.00 sec   809 KBytes  6.63 Mbits/sec  1.120 ms  617/1307 (47%)  
[  5] 239.00-240.00 sec   809 KBytes  6.62 Mbits/sec  1.043 ms  613/1303 (47%)  
[  5] 240.00-241.00 sec   709 KBytes  5.81 Mbits/sec  1.114 ms  539/1144 (47%)  
[  5] 241.00-242.00 sec   809 KBytes  6.62 Mbits/sec  1.110 ms  589/1279 (46%)  
[  5] 242.00-243.00 sec   806 KBytes  6.61 Mbits/sec  1.065 ms  600/1288 (47%)  
[  5] 243.00-244.00 sec   679 KBytes  5.56 Mbits/sec  1.118 ms  502/1081 (46%)  
[  5] 244.00-245.00 sec   809 KBytes  6.63 Mbits/sec  1.091 ms  638/1328 (48%)  
[  5] 245.00-246.00 sec   829 KBytes  6.79 Mbits/sec  1.107 ms  640/1347 (48%)  
[  5] 246.00-247.00 sec   689 KBytes  5.64 Mbits/sec  1.123 ms  523/1111 (47%)  
[  5] 247.00-248.00 sec   799 KBytes  6.55 Mbits/sec  1.080 ms  610/1292 (47%)  
[  5] 248.00-249.00 sec   829 KBytes  6.79 Mbits/sec  1.072 ms  600/1307 (46%)  
[  5] 249.00-250.00 sec   689 KBytes  5.64 Mbits/sec  1.129 ms  525/1113 (47%)  
[  5] 250.00-251.00 sec   798 KBytes  6.54 Mbits/sec  1.112 ms  617/1298 (48%)  
[  5] 251.00-252.00 sec   839 KBytes  6.86 Mbits/sec  1.039 ms  622/1338 (46%)  
[  5] 252.00-253.00 sec   779 KBytes  6.39 Mbits/sec  1.178 ms  606/1271 (48%)  
[  5] 253.00-254.00 sec   697 KBytes  5.71 Mbits/sec  1.071 ms  580/1175 (49%)  
[  5] 254.00-255.00 sec   799 KBytes  6.52 Mbits/sec  1.045 ms  607/1289 (47%)  
[  5] 255.00-256.00 sec   809 KBytes  6.65 Mbits/sec  1.103 ms  599/1289 (46%)  
[  5] 256.00-257.00 sec   709 KBytes  5.81 Mbits/sec  1.095 ms  522/1127 (46%)  
[  5] 257.00-258.00 sec   809 KBytes  6.62 Mbits/sec  1.172 ms  608/1298 (47%)  
[  5] 258.00-259.00 sec   809 KBytes  6.63 Mbits/sec  1.098 ms  601/1291 (47%)  
[  5] 259.00-260.00 sec   709 KBytes  5.81 Mbits/sec  1.109 ms  530/1135 (47%)  
[  5] 260.00-261.00 sec   809 KBytes  6.63 Mbits/sec  1.121 ms  618/1308 (47%)  
[  5] 261.00-262.00 sec   809 KBytes  6.62 Mbits/sec  0.987 ms  625/1315 (48%)  
[  5] 262.00-263.00 sec   799 KBytes  6.55 Mbits/sec  1.139 ms  597/1279 (47%)  
[  5] 263.00-264.00 sec   718 KBytes  5.88 Mbits/sec  1.126 ms  543/1156 (47%)  
[  5] 264.00-265.00 sec   809 KBytes  6.63 Mbits/sec  1.086 ms  600/1290 (47%)  
[  5] 265.00-266.00 sec   799 KBytes  6.55 Mbits/sec  1.128 ms  576/1258 (46%)  
[  5] 266.00-267.00 sec   718 KBytes  5.88 Mbits/sec  1.002 ms  537/1150 (47%)  
[  5] 267.00-268.00 sec   799 KBytes  6.55 Mbits/sec  1.117 ms  607/1289 (47%)  
[  5] 268.00-269.00 sec   809 KBytes  6.62 Mbits/sec  1.172 ms  629/1319 (48%)  
[  5] 269.00-270.00 sec   707 KBytes  5.79 Mbits/sec  1.054 ms  589/1192 (49%)  
[  5] 270.00-271.00 sec   799 KBytes  6.54 Mbits/sec  1.100 ms  600/1282 (47%)  
[  5] 271.00-272.00 sec   809 KBytes  6.62 Mbits/sec  1.148 ms  599/1289 (46%)  
[  5] 272.00-273.00 sec   809 KBytes  6.63 Mbits/sec  1.110 ms  606/1296 (47%)  
[  5] 273.00-274.00 sec   698 KBytes  5.72 Mbits/sec  1.095 ms  529/1125 (47%)  
[  5] 274.00-275.00 sec   809 KBytes  6.62 Mbits/sec  1.113 ms  605/1295 (47%)  
[  5] 275.00-276.00 sec   810 KBytes  6.63 Mbits/sec  0.987 ms  606/1297 (47%)  
[  5] 276.00-277.00 sec   798 KBytes  6.53 Mbits/sec  1.206 ms  619/1300 (48%)  
[  5] 277.00-278.00 sec   708 KBytes  5.80 Mbits/sec  1.036 ms  564/1168 (48%)  
[  5] 278.00-279.00 sec   798 KBytes  6.54 Mbits/sec  1.165 ms  647/1328 (49%)  
[  5] 279.00-280.00 sec   809 KBytes  6.62 Mbits/sec  1.139 ms  609/1299 (47%)  
[  5] 280.00-281.00 sec   689 KBytes  5.64 Mbits/sec  1.067 ms  506/1094 (46%)  
[  5] 281.00-282.00 sec   829 KBytes  6.79 Mbits/sec  1.112 ms  613/1320 (46%)  
[  5] 282.00-283.00 sec   689 KBytes  5.64 Mbits/sec  1.078 ms  507/1095 (46%)  
[  5] 283.00-284.00 sec   839 KBytes  6.87 Mbits/sec  1.065 ms  637/1353 (47%)  
[  5] 284.00-285.00 sec   798 KBytes  6.54 Mbits/sec  1.068 ms  573/1254 (46%)  
[  5] 285.00-286.00 sec   810 KBytes  6.63 Mbits/sec  1.065 ms  639/1330 (48%)  
[  5] 286.00-287.00 sec   708 KBytes  5.80 Mbits/sec  1.111 ms  534/1138 (47%)  
[  5] 287.00-288.00 sec   810 KBytes  6.63 Mbits/sec  1.040 ms  594/1285 (46%)  
[  5] 288.00-289.00 sec   778 KBytes  6.37 Mbits/sec  1.071 ms  563/1227 (46%)  
[  5] 289.00-290.00 sec   709 KBytes  5.81 Mbits/sec  1.143 ms  546/1151 (47%)  
[  5] 290.00-291.00 sec   809 KBytes  6.62 Mbits/sec  1.118 ms  609/1299 (47%)  
[  5] 291.00-292.00 sec   809 KBytes  6.63 Mbits/sec  0.984 ms  595/1285 (46%)  
[  5] 292.00-293.00 sec   709 KBytes  5.81 Mbits/sec  1.103 ms  525/1130 (46%)  
[  5] 293.00-294.00 sec   809 KBytes  6.62 Mbits/sec  1.072 ms  633/1323 (48%)  
[  5] 294.00-295.00 sec   809 KBytes  6.62 Mbits/sec  1.096 ms  650/1340 (49%)  
[  5] 295.00-296.00 sec   709 KBytes  5.81 Mbits/sec  1.109 ms  547/1152 (47%)  
[  5] 296.00-297.00 sec   809 KBytes  6.62 Mbits/sec  0.968 ms  594/1284 (46%)  
[  5] 297.00-298.00 sec   708 KBytes  5.80 Mbits/sec  1.164 ms  535/1139 (47%)  
[  5] 298.00-299.00 sec   789 KBytes  6.46 Mbits/sec  1.125 ms  615/1288 (48%)  
[  5] 299.00-300.00 sec   809 KBytes  6.62 Mbits/sec  1.076 ms  611/1301 (47%)  
[  5] 300.00-301.00 sec   799 KBytes  6.55 Mbits/sec  1.104 ms  607/1289 (47%)  
[  5] 301.00-302.00 sec   718 KBytes  5.89 Mbits/sec  1.016 ms  541/1154 (47%)  
[  5] 302.00-303.00 sec   799 KBytes  6.55 Mbits/sec  1.082 ms  621/1303 (48%)  
[  5] 303.00-304.00 sec   809 KBytes  6.62 Mbits/sec  1.089 ms  610/1300 (47%)  
[  5] 304.00-305.00 sec   809 KBytes  6.62 Mbits/sec  1.062 ms  625/1315 (48%)  
[  5] 305.00-306.00 sec   709 KBytes  5.81 Mbits/sec  1.090 ms  536/1141 (47%)  
[  5] 306.00-307.00 sec   809 KBytes  6.62 Mbits/sec  1.091 ms  603/1293 (47%)  
[  5] 307.00-308.00 sec   729 KBytes  5.97 Mbits/sec  5.267 ms  561/1183 (47%)  
[  5] 308.00-309.00 sec   789 KBytes  6.46 Mbits/sec  1.118 ms  609/1282 (48%)  
[  5] 309.00-310.00 sec   809 KBytes  6.62 Mbits/sec  1.116 ms  647/1337 (48%)  
[  5] 310.00-311.00 sec   810 KBytes  6.63 Mbits/sec  0.995 ms  624/1315 (47%)  
[  5] 311.00-312.00 sec   695 KBytes  5.69 Mbits/sec  1.113 ms  536/1129 (47%)  
[  5] 312.00-313.00 sec   810 KBytes  6.64 Mbits/sec  1.099 ms  591/1282 (46%)  
[  5] 313.00-314.00 sec   809 KBytes  6.62 Mbits/sec  1.028 ms  619/1309 (47%)  
[  5] 314.00-315.00 sec   709 KBytes  5.81 Mbits/sec  1.080 ms  526/1131 (47%)  
[  5] 315.00-316.00 sec   809 KBytes  6.62 Mbits/sec  1.117 ms  587/1277 (46%)  
[  5] 316.00-317.00 sec   709 KBytes  5.80 Mbits/sec  1.054 ms  522/1127 (46%)  
[  5] 317.00-318.00 sec   688 KBytes  5.64 Mbits/sec  1.135 ms  521/1108 (47%)  
[  5] 318.00-319.00 sec   830 KBytes  6.80 Mbits/sec  1.114 ms  630/1338 (47%)  
[  5] 319.00-320.00 sec   688 KBytes  5.64 Mbits/sec  1.174 ms  551/1138 (48%)  
[  5] 320.00-321.00 sec   709 KBytes  5.81 Mbits/sec  1.249 ms  533/1138 (47%)  
[  5] 321.00-322.00 sec   720 KBytes  5.89 Mbits/sec  1.110 ms  551/1165 (47%)  
[  5] 322.00-323.00 sec   489 KBytes  4.00 Mbits/sec  1.142 ms  347/764 (45%)  
[  5] 323.00-324.00 sec   720 KBytes  5.89 Mbits/sec  1.119 ms  530/1144 (46%)  
[  5] 324.00-325.00 sec   709 KBytes  5.81 Mbits/sec  1.083 ms  553/1158 (48%)  
[  5] 325.00-326.00 sec   718 KBytes  5.88 Mbits/sec  1.080 ms  555/1168 (48%)  
[  5] 326.00-327.00 sec   588 KBytes  4.82 Mbits/sec  1.095 ms  454/956 (47%)  
[  5] 327.00-328.00 sec   709 KBytes  5.81 Mbits/sec  1.141 ms  556/1161 (48%)  
[  5] 328.00-329.00 sec   709 KBytes  5.81 Mbits/sec  1.161 ms  549/1154 (48%)  
[  5] 329.00-330.00 sec   720 KBytes  5.89 Mbits/sec  1.181 ms  551/1165 (47%)  
[  5] 330.00-331.00 sec   709 KBytes  5.81 Mbits/sec  1.134 ms  590/1195 (49%)  
[  5] 331.00-332.00 sec   689 KBytes  5.64 Mbits/sec  1.075 ms  621/1209 (51%)  
[  5] 332.00-333.00 sec   709 KBytes  5.81 Mbits/sec  1.171 ms  593/1198 (49%)  
[  5] 333.00-334.00 sec   803 KBytes  6.58 Mbits/sec  1.184 ms  683/1368 (50%)  
[  5] 334.00-335.00 sec   709 KBytes  5.81 Mbits/sec  1.137 ms  568/1173 (48%)  
[  5] 335.00-336.00 sec   718 KBytes  5.88 Mbits/sec  1.108 ms  745/1358 (55%)  
[  5] 336.00-337.00 sec   709 KBytes  5.80 Mbits/sec  1.219 ms  958/1563 (61%)  
[  5] 337.00-338.00 sec   709 KBytes  5.81 Mbits/sec  1.182 ms  661/1266 (52%)  
[  5] 338.00-339.00 sec   689 KBytes  5.64 Mbits/sec  1.094 ms  646/1234 (52%)  
[  5] 339.00-340.00 sec   709 KBytes  5.81 Mbits/sec  1.328 ms  713/1318 (54%)  
[  5] 340.00-341.00 sec   708 KBytes  5.80 Mbits/sec  1.106 ms  775/1379 (56%)  
[  5] 341.00-342.00 sec   709 KBytes  5.81 Mbits/sec  1.088 ms  614/1219 (50%)  
[  5] 342.00-343.00 sec   709 KBytes  5.81 Mbits/sec  1.150 ms  637/1242 (51%)  
[  5] 343.00-344.00 sec   689 KBytes  5.64 Mbits/sec  1.223 ms  646/1234 (52%)  
[  5] 344.00-345.00 sec   798 KBytes  6.54 Mbits/sec  1.136 ms  740/1421 (52%)  
[  5] 345.00-346.00 sec   720 KBytes  5.89 Mbits/sec  1.148 ms  624/1238 (50%)  
[  5] 346.00-347.00 sec   607 KBytes  4.98 Mbits/sec  1.177 ms  533/1051 (51%)  
[  5] 347.00-348.00 sec   709 KBytes  5.81 Mbits/sec  1.107 ms  612/1217 (50%)  
[  5] 348.00-349.00 sec   689 KBytes  5.65 Mbits/sec  1.030 ms  589/1177 (50%)  
[  5] 349.00-350.00 sec   709 KBytes  5.81 Mbits/sec  1.163 ms  611/1216 (50%)  
[  5] 350.00-351.00 sec   718 KBytes  5.88 Mbits/sec  1.090 ms  642/1255 (51%)  
[  5] 351.00-352.00 sec   799 KBytes  6.55 Mbits/sec  1.115 ms  716/1398 (51%)  
[  5] 352.00-353.00 sec   689 KBytes  5.65 Mbits/sec  1.086 ms  652/1240 (53%)  
[  5] 353.00-354.00 sec   705 KBytes  5.78 Mbits/sec  1.127 ms  641/1243 (52%)  
[  5] 354.00-355.00 sec   709 KBytes  5.81 Mbits/sec  1.201 ms  628/1233 (51%)  
[  5] 355.00-356.00 sec   629 KBytes  5.16 Mbits/sec  1.050 ms  580/1117 (52%)  
[  5] 356.00-357.00 sec   696 KBytes  5.70 Mbits/sec  1.542 ms  639/1233 (52%)  
[  5] 357.00-358.00 sec   680 KBytes  5.57 Mbits/sec  1.193 ms  612/1192 (51%)  
[  5] 358.00-359.00 sec   718 KBytes  5.88 Mbits/sec  1.200 ms  654/1267 (52%)  
[  5] 359.00-360.00 sec   709 KBytes  5.81 Mbits/sec  1.240 ms  656/1261 (52%)  
[  5] 360.00-361.00 sec   709 KBytes  5.80 Mbits/sec  1.315 ms  722/1327 (54%)  
[  5] 361.00-362.00 sec   708 KBytes  5.80 Mbits/sec  1.334 ms  664/1268 (52%)  
[  5] 362.00-363.00 sec   708 KBytes  5.81 Mbits/sec  1.107 ms  654/1258 (52%)  
[  5] 363.00-364.00 sec   770 KBytes  6.30 Mbits/sec  1.160 ms  710/1367 (52%)  
[  5] 364.00-365.00 sec   710 KBytes  5.82 Mbits/sec  1.105 ms  573/1179 (49%)  
[  5] 365.00-366.00 sec   718 KBytes  5.88 Mbits/sec  1.075 ms  612/1225 (50%)  
[  5] 366.00-367.00 sec   809 KBytes  6.63 Mbits/sec  1.124 ms  694/1384 (50%)  
[  5] 367.00-368.00 sec   709 KBytes  5.81 Mbits/sec  1.183 ms  664/1269 (52%)  
[  5] 368.00-369.00 sec   708 KBytes  5.79 Mbits/sec  1.221 ms  749/1353 (55%)  
[  5] 369.00-370.00 sec   809 KBytes  6.63 Mbits/sec  1.146 ms  789/1479 (53%)  
[  5] 370.00-371.00 sec   707 KBytes  5.79 Mbits/sec  1.408 ms  667/1270 (53%)  
[  5] 371.00-372.00 sec   680 KBytes  5.57 Mbits/sec  1.142 ms  570/1150 (50%)  
[  5] 372.00-373.00 sec   709 KBytes  5.81 Mbits/sec  1.176 ms  672/1277 (53%)  
[  5] 373.00-374.00 sec   809 KBytes  6.62 Mbits/sec  1.115 ms  772/1462 (53%)  
[  5] 374.00-375.00 sec   720 KBytes  5.89 Mbits/sec  1.087 ms  633/1247 (51%)  
[  5] 375.00-376.00 sec   689 KBytes  5.65 Mbits/sec  1.135 ms  643/1231 (52%)  
[  5] 376.00-377.00 sec   708 KBytes  5.80 Mbits/sec  1.123 ms  632/1236 (51%)  
[  5] 377.00-378.00 sec   689 KBytes  5.65 Mbits/sec  1.068 ms  599/1187 (50%)  
[  5] 378.00-379.00 sec   709 KBytes  5.81 Mbits/sec  1.120 ms  565/1170 (48%)  
[  5] 379.00-380.00 sec   809 KBytes  6.62 Mbits/sec  1.089 ms  649/1339 (48%)  
[  5] 380.00-381.00 sec   709 KBytes  5.80 Mbits/sec  1.132 ms  597/1202 (50%)  
[  5] 381.00-382.00 sec   720 KBytes  5.90 Mbits/sec  1.027 ms  592/1206 (49%)  
[  5] 382.00-383.00 sec   752 KBytes  6.15 Mbits/sec  2.045 ms  629/1271 (49%)  
[  5] 383.00-384.00 sec   765 KBytes  6.28 Mbits/sec  1.131 ms  626/1279 (49%)  
[  5] 384.00-385.00 sec   708 KBytes  5.80 Mbits/sec  1.157 ms  640/1244 (51%)  
[  5] 385.00-386.00 sec   810 KBytes  6.64 Mbits/sec  1.315 ms  734/1425 (52%)  
[  5] 386.00-387.00 sec   679 KBytes  5.56 Mbits/sec  1.235 ms  570/1149 (50%)  
[  5] 387.00-388.00 sec   619 KBytes  5.07 Mbits/sec  1.196 ms  529/1057 (50%)  
[  5] 388.00-389.00 sec   718 KBytes  5.88 Mbits/sec  1.197 ms  623/1236 (50%)  
[  5] 389.00-390.00 sec   709 KBytes  5.81 Mbits/sec  1.124 ms  609/1214 (50%)  
[  5] 390.00-391.00 sec   720 KBytes  5.89 Mbits/sec  1.050 ms  656/1270 (52%)  
[  5] 391.00-392.00 sec   679 KBytes  5.56 Mbits/sec  1.162 ms  567/1146 (49%)  
[  5] 392.00-393.00 sec   800 KBytes  6.56 Mbits/sec  1.059 ms  706/1389 (51%)  
[  5] 393.00-394.00 sec   708 KBytes  5.80 Mbits/sec  1.247 ms  647/1251 (52%)  
[  5] 394.00-395.00 sec   709 KBytes  5.81 Mbits/sec  1.099 ms  595/1200 (50%)  
[  5] 395.00-396.00 sec   629 KBytes  5.16 Mbits/sec  1.102 ms  514/1051 (49%)  
[  5] 396.00-397.00 sec   679 KBytes  5.56 Mbits/sec  1.134 ms  551/1130 (49%)  
[  5] 397.00-398.00 sec   620 KBytes  5.08 Mbits/sec  1.116 ms  494/1023 (48%)  
[  5] 398.00-399.00 sec   708 KBytes  5.80 Mbits/sec  1.224 ms  600/1204 (50%)  
[  5] 399.00-400.00 sec   689 KBytes  5.65 Mbits/sec  1.023 ms  580/1168 (50%)  
[  5] 400.00-401.00 sec   725 KBytes  5.94 Mbits/sec  4.300 ms  617/1236 (50%)  
[  5] 401.00-402.00 sec   693 KBytes  5.67 Mbits/sec  1.290 ms  779/1370 (57%)  
[  5] 402.00-403.00 sec   720 KBytes  5.90 Mbits/sec  1.118 ms  653/1267 (52%)  
[  5] 403.00-404.00 sec   709 KBytes  5.81 Mbits/sec  1.179 ms  627/1232 (51%)  
[  5] 404.00-405.00 sec   688 KBytes  5.63 Mbits/sec  1.138 ms  604/1191 (51%)  
[  5] 405.00-406.00 sec   698 KBytes  5.72 Mbits/sec  1.151 ms  622/1218 (51%)  
[  5] 406.00-407.00 sec   709 KBytes  5.80 Mbits/sec  1.124 ms  628/1233 (51%)  
[  5] 407.00-408.00 sec   718 KBytes  5.89 Mbits/sec  1.203 ms  651/1264 (52%)  
[  5] 408.00-409.00 sec   710 KBytes  5.82 Mbits/sec  1.225 ms  648/1254 (52%)  
[  5] 409.00-410.00 sec   718 KBytes  5.88 Mbits/sec  1.295 ms  708/1321 (54%)  
[  5] 410.00-411.00 sec   679 KBytes  5.55 Mbits/sec  1.278 ms  811/1390 (58%)  
[  5] 411.00-412.00 sec   709 KBytes  5.81 Mbits/sec  1.199 ms  656/1261 (52%)  
[  5] 412.00-413.00 sec   711 KBytes  5.83 Mbits/sec  1.138 ms  617/1224 (50%)  
