Connecting to host 172.22.0.50, port 5201
Reverse mode, remote host 172.22.0.50 is sending
[  5] local 192.168.100.2 port 34770 connected to 172.22.0.50 port 5201
[ ID] Interval           Transfer     Bitrate         Jitter    Lost/Total Datagrams
[  5]   0.00-1.00   sec  1.43 MBytes  12.0 Mbits/sec  0.783 ms  0/1252 (0%)  
[  5]   1.00-2.00   sec  1.43 MBytes  12.0 Mbits/sec  1.069 ms  0/1247 (0%)  
[  5]   2.00-3.00   sec  1.43 MBytes  12.0 Mbits/sec  0.873 ms  0/1253 (0%)  
[  5]   3.00-4.00   sec  1.43 MBytes  12.0 Mbits/sec  1.046 ms  0/1252 (0%)  
[  5]   4.00-5.00   sec  1.43 MBytes  12.0 Mbits/sec  1.170 ms  0/1247 (0%)  
[  5]   5.00-6.00   sec  1.43 MBytes  12.0 Mbits/sec  1.087 ms  0/1250 (0%)  
[  5]   6.00-7.00   sec  1.43 MBytes  12.0 Mbits/sec  1.144 ms  0/1250 (0%)  
[  5]   7.00-8.00   sec  1.43 MBytes  12.0 Mbits/sec  1.151 ms  0/1249 (0%)  
[  5]   8.00-9.00   sec  1.44 MBytes  12.0 Mbits/sec  0.881 ms  0/1254 (0%)  
[  5]   9.00-10.00  sec  1.43 MBytes  12.0 Mbits/sec  0.921 ms  0/1246 (0%)  
[  5]  10.00-11.00  sec  1.43 MBytes  12.0 Mbits/sec  1.154 ms  0/1249 (0%)  
[  5]  11.00-12.00  sec  1.43 MBytes  12.0 Mbits/sec  1.171 ms  0/1250 (0%)  
[  5]  12.00-13.00  sec  1.42 MBytes  11.9 Mbits/sec  1.083 ms  0/1243 (0%)  
[  5]  13.00-14.00  sec  1.44 MBytes  12.1 Mbits/sec  0.969 ms  0/1256 (0%)  
[  5]  14.00-15.00  sec  1.43 MBytes  12.0 Mbits/sec  0.982 ms  0/1252 (0%)  
[  5]  15.00-16.00  sec  1.42 MBytes  11.9 Mbits/sec  1.227 ms  0/1243 (0%)  
[  5]  16.00-17.00  sec   393 KBytes  3.22 Mbits/sec  2.030 ms  0/335 (0%)  
[  5]  17.00-18.00  sec   410 KBytes  3.36 Mbits/sec  2.012 ms  0/350 (0%)  
[  5]  18.00-19.00  sec   414 KBytes  3.39 Mbits/sec  1.961 ms  0/353 (0%)  
[  5]  19.00-20.00  sec   412 KBytes  3.38 Mbits/sec  2.423 ms  0/352 (0%)  
[  5]  20.00-21.00  sec   405 KBytes  3.32 Mbits/sec  1.960 ms  0/346 (0%)  
[  5]  21.00-22.00  sec   345 KBytes  2.82 Mbits/sec  2.580 ms  0/294 (0%)  
[  5]  22.00-23.00  sec   346 KBytes  2.83 Mbits/sec  2.587 ms  0/295 (0%)  
[  5]  23.00-24.00  sec   352 KBytes  2.88 Mbits/sec  2.433 ms  0/300 (0%)  
[  5]  24.00-25.00  sec   353 KBytes  2.89 Mbits/sec  2.672 ms  0/301 (0%)  
[  5]  25.00-26.00  sec   354 KBytes  2.90 Mbits/sec  2.778 ms  0/302 (0%)  
[  5]  26.00-27.00  sec   349 KBytes  2.86 Mbits/sec  2.559 ms  0/298 (0%)  
[  5]  27.00-28.00  sec   341 KBytes  2.79 Mbits/sec  2.557 ms  0/291 (0%)  
[  5]  28.00-29.00  sec   341 KBytes  2.79 Mbits/sec  2.966 ms  0/291 (0%)  
[  5]  29.00-30.00  sec   345 KBytes  2.82 Mbits/sec  2.569 ms  0/294 (0%)  
[  5]  30.00-31.00  sec   347 KBytes  2.84 Mbits/sec  2.549 ms  0/296 (0%)  
[  5]  31.00-32.00  sec   349 KBytes  2.86 Mbits/sec  2.515 ms  0/298 (0%)  
[  5]  32.00-33.00  sec   353 KBytes  2.89 Mbits/sec  2.566 ms  0/301 (0%)  
[  5]  33.00-34.00  sec   354 KBytes  2.90 Mbits/sec  2.525 ms  0/302 (0%)  
[  5]  34.00-35.00  sec   349 KBytes  2.86 Mbits/sec  2.554 ms  0/298 (0%)  
[  5]  35.00-36.00  sec   353 KBytes  2.89 Mbits/sec  2.397 ms  0/301 (0%)  
[  5]  36.00-37.00  sec   341 KBytes  2.80 Mbits/sec  3.135 ms  0/291 (0%)  
[  5]  37.00-38.00  sec   340 KBytes  2.78 Mbits/sec  2.515 ms  0/290 (0%)  
[  5]  38.00-39.00  sec   334 KBytes  2.74 Mbits/sec  2.762 ms  0/285 (0%)  
[  5]  39.00-40.00  sec   341 KBytes  2.79 Mbits/sec  2.540 ms  0/291 (0%)  
[  5]  40.00-41.00  sec   352 KBytes  2.88 Mbits/sec  2.493 ms  0/300 (0%)  
[  5]  41.00-42.00  sec   346 KBytes  2.83 Mbits/sec  2.613 ms  0/295 (0%)  
[  5]  42.00-43.00  sec   346 KBytes  2.83 Mbits/sec  2.593 ms  0/295 (0%)  
[  5]  43.00-44.00  sec   353 KBytes  2.89 Mbits/sec  2.434 ms  0/301 (0%)  
[  5]  44.00-45.00  sec   340 KBytes  2.78 Mbits/sec  2.471 ms  0/290 (0%)  
[  5]  45.00-46.00  sec   345 KBytes  2.82 Mbits/sec  2.558 ms  0/294 (0%)  
[  5]  46.00-47.00  sec   341 KBytes  2.79 Mbits/sec  2.589 ms  0/291 (0%)  
[  5]  47.00-48.00  sec   350 KBytes  2.87 Mbits/sec  2.507 ms  0/299 (0%)  
[  5]  48.00-49.00  sec   350 KBytes  2.87 Mbits/sec  2.575 ms  0/299 (0%)  
[  5]  49.00-50.00  sec   356 KBytes  2.92 Mbits/sec  2.537 ms  0/304 (0%)  
[  5]  50.00-51.00  sec   340 KBytes  2.78 Mbits/sec  3.091 ms  0/290 (0%)  
[  5]  51.00-52.00  sec   348 KBytes  2.85 Mbits/sec  2.614 ms  0/297 (0%)  
[  5]  52.00-53.00  sec   286 KBytes  2.34 Mbits/sec  2.358 ms  572/816 (70%)  
[  5]  53.00-54.00  sec   356 KBytes  2.92 Mbits/sec  2.447 ms  959/1263 (76%)  
[  5]  54.00-55.00  sec   293 KBytes  2.40 Mbits/sec  2.967 ms  818/1068 (77%)  
[  5]  55.00-56.00  sec   357 KBytes  2.93 Mbits/sec  2.708 ms  1001/1306 (77%)  
[  5]  56.00-57.00  sec   371 KBytes  3.04 Mbits/sec  2.438 ms  1033/1350 (77%)  
[  5]  57.00-58.00  sec   357 KBytes  2.93 Mbits/sec  2.370 ms  986/1291 (76%)  
[  5]  58.00-59.00  sec   353 KBytes  2.89 Mbits/sec  2.298 ms  972/1273 (76%)  
[  5]  59.00-60.00  sec   356 KBytes  2.92 Mbits/sec  2.370 ms  973/1277 (76%)  
[  5]  60.00-61.00  sec   353 KBytes  2.89 Mbits/sec  2.374 ms  937/1238 (76%)  
[  5]  61.00-62.00  sec   296 KBytes  2.43 Mbits/sec  2.723 ms  798/1051 (76%)  
[  5]  62.00-63.00  sec   353 KBytes  2.89 Mbits/sec  2.689 ms  954/1255 (76%)  
[  5]  63.00-64.00  sec   357 KBytes  2.93 Mbits/sec  2.742 ms  963/1268 (76%)  
[  5]  64.00-65.00  sec   371 KBytes  3.04 Mbits/sec  2.605 ms  1061/1378 (77%)  
[  5]  65.00-66.00  sec   298 KBytes  2.44 Mbits/sec  2.399 ms  826/1080 (76%)  
[  5]  66.00-67.00  sec   352 KBytes  2.88 Mbits/sec  2.838 ms  1028/1328 (77%)  
[  5]  67.00-68.00  sec   357 KBytes  2.93 Mbits/sec  2.388 ms  992/1297 (76%)  
[  5]  68.00-69.00  sec   353 KBytes  2.89 Mbits/sec  2.945 ms  960/1261 (76%)  
[  5]  69.00-70.00  sec   353 KBytes  2.89 Mbits/sec  2.645 ms  970/1271 (76%)  
[  5]  70.00-71.00  sec   316 KBytes  2.59 Mbits/sec  2.398 ms  867/1137 (76%)  
[  5]  71.00-72.00  sec   357 KBytes  2.93 Mbits/sec  2.455 ms  983/1288 (76%)  
[  5]  72.00-73.00  sec   352 KBytes  2.88 Mbits/sec  2.466 ms  984/1284 (77%)  
[  5]  73.00-74.00  sec   298 KBytes  2.44 Mbits/sec  2.565 ms  824/1078 (76%)  
[  5]  74.00-75.00  sec   371 KBytes  3.04 Mbits/sec  2.379 ms  1051/1368 (77%)  
[  5]  75.00-76.00  sec   338 KBytes  2.77 Mbits/sec  2.803 ms  906/1194 (76%)  
[  5]  76.00-77.00  sec   373 KBytes  3.05 Mbits/sec  2.387 ms  999/1317 (76%)  
[  5]  77.00-78.00  sec   357 KBytes  2.93 Mbits/sec  2.385 ms  958/1263 (76%)  
[  5]  78.00-79.00  sec   292 KBytes  2.39 Mbits/sec  2.744 ms  831/1080 (77%)  
[  5]  79.00-80.00  sec   357 KBytes  2.93 Mbits/sec  2.630 ms  986/1291 (76%)  
[  5]  80.00-81.00  sec   352 KBytes  2.88 Mbits/sec  2.789 ms  1000/1300 (77%)  
[  5]  81.00-82.00  sec   357 KBytes  2.93 Mbits/sec  2.949 ms  972/1277 (76%)  
[  5]  82.00-83.00  sec   312 KBytes  2.55 Mbits/sec  2.363 ms  877/1143 (77%)  
[  5]  83.00-84.00  sec   357 KBytes  2.93 Mbits/sec  2.339 ms  951/1256 (76%)  
[  5]  84.00-85.00  sec   353 KBytes  2.89 Mbits/sec  2.595 ms  960/1261 (76%)  
[  5]  85.00-86.00  sec   356 KBytes  2.92 Mbits/sec  2.344 ms  962/1266 (76%)  
[  5]  86.00-87.00  sec   313 KBytes  2.56 Mbits/sec  2.321 ms  847/1114 (76%)  
[  5]  87.00-88.00  sec   357 KBytes  2.93 Mbits/sec  2.335 ms  975/1280 (76%)  
[  5]  88.00-89.00  sec   352 KBytes  2.88 Mbits/sec  2.525 ms  976/1276 (76%)  
[  5]  89.00-90.00  sec   357 KBytes  2.93 Mbits/sec  2.467 ms  1013/1318 (77%)  
[  5]  90.00-91.00  sec   292 KBytes  2.39 Mbits/sec  2.747 ms  821/1070 (77%)  
[  5]  91.00-92.00  sec   357 KBytes  2.93 Mbits/sec  2.642 ms  985/1290 (76%)  
[  5]  92.00-93.00  sec   373 KBytes  3.05 Mbits/sec  2.364 ms  1034/1352 (76%)  
[  5]  93.00-94.00  sec   357 KBytes  2.93 Mbits/sec  2.272 ms  976/1281 (76%)  
[  5]  94.00-95.00  sec   291 KBytes  2.38 Mbits/sec  2.558 ms  785/1033 (76%)  
[  5]  95.00-96.00  sec   357 KBytes  2.93 Mbits/sec  2.697 ms  991/1296 (76%)  
[  5]  96.00-97.00  sec   353 KBytes  2.89 Mbits/sec  2.670 ms  989/1290 (77%)  
[  5]  97.00-98.00  sec   357 KBytes  2.93 Mbits/sec  2.558 ms  977/1282 (76%)  
[  5]  98.00-99.00  sec   352 KBytes  2.88 Mbits/sec  2.620 ms  1007/1307 (77%)  
[  5]  99.00-100.00 sec   357 KBytes  2.93 Mbits/sec  2.800 ms  984/1289 (76%)  
[  5] 100.00-101.00 sec   312 KBytes  2.55 Mbits/sec  2.410 ms  946/1212 (78%)  
[  5] 101.00-102.00 sec   357 KBytes  2.93 Mbits/sec  2.359 ms  972/1277 (76%)  
[  5] 102.00-103.00 sec   353 KBytes  2.89 Mbits/sec  2.785 ms  967/1268 (76%)  
[  5] 103.00-104.00 sec   318 KBytes  2.60 Mbits/sec  2.424 ms  868/1139 (76%)  
[  5] 104.00-105.00 sec   352 KBytes  2.88 Mbits/sec  2.563 ms  959/1259 (76%)  
[  5] 105.00-106.00 sec   357 KBytes  2.93 Mbits/sec  2.312 ms  996/1301 (77%)  
[  5] 106.00-107.00 sec   292 KBytes  2.39 Mbits/sec  3.104 ms  829/1078 (77%)  
[  5] 107.00-108.00 sec   357 KBytes  2.93 Mbits/sec  2.675 ms  1039/1344 (77%)  
[  5] 108.00-109.00 sec   352 KBytes  2.88 Mbits/sec  3.160 ms  964/1264 (76%)  
[  5] 109.00-110.00 sec   318 KBytes  2.60 Mbits/sec  2.300 ms  847/1118 (76%)  
[  5] 110.00-111.00 sec   352 KBytes  2.88 Mbits/sec  2.796 ms  1007/1307 (77%)  
[  5] 111.00-112.00 sec   357 KBytes  2.93 Mbits/sec  2.441 ms  984/1289 (76%)  
[  5] 112.00-113.00 sec   298 KBytes  2.44 Mbits/sec  2.605 ms  815/1069 (76%)  
[  5] 113.00-114.00 sec   371 KBytes  3.04 Mbits/sec  2.627 ms  1064/1381 (77%)  
[  5] 114.00-115.00 sec   353 KBytes  2.89 Mbits/sec  2.481 ms  1016/1317 (77%)  
[  5] 115.00-116.00 sec   357 KBytes  2.93 Mbits/sec  2.438 ms  1003/1308 (77%)  
[  5] 116.00-117.00 sec   352 KBytes  2.88 Mbits/sec  2.572 ms  958/1258 (76%)  
[  5] 117.00-118.00 sec   298 KBytes  2.44 Mbits/sec  2.522 ms  794/1048 (76%)  
[  5] 118.00-119.00 sec   356 KBytes  2.92 Mbits/sec  2.582 ms  999/1303 (77%)  
[  5] 119.00-120.00 sec   313 KBytes  2.56 Mbits/sec  2.650 ms  884/1151 (77%)  
[  5] 120.00-121.00 sec   356 KBytes  2.92 Mbits/sec  2.451 ms  978/1282 (76%)  
[  5] 121.00-122.00 sec   353 KBytes  2.89 Mbits/sec  2.760 ms  993/1294 (77%)  
[  5] 122.00-123.00 sec   357 KBytes  2.93 Mbits/sec  2.749 ms  992/1297 (76%)  
[  5] 123.00-124.00 sec   312 KBytes  2.55 Mbits/sec  2.393 ms  846/1112 (76%)  
[  5] 124.00-125.00 sec   357 KBytes  2.93 Mbits/sec  2.356 ms  973/1278 (76%)  
[  5] 125.00-126.00 sec   352 KBytes  2.88 Mbits/sec  2.319 ms  963/1263 (76%)  
[  5] 126.00-127.00 sec   298 KBytes  2.44 Mbits/sec  2.744 ms  843/1097 (77%)  
[  5] 127.00-128.00 sec   373 KBytes  3.05 Mbits/sec  2.347 ms  997/1315 (76%)  
[  5] 128.00-129.00 sec   356 KBytes  2.92 Mbits/sec  2.428 ms  975/1279 (76%)  
[  5] 129.00-130.00 sec   292 KBytes  2.39 Mbits/sec  2.350 ms  814/1063 (77%)  
[  5] 130.00-131.00 sec   357 KBytes  2.93 Mbits/sec  2.733 ms  1067/1372 (78%)  
[  5] 131.00-132.00 sec   353 KBytes  2.89 Mbits/sec  2.595 ms  1004/1305 (77%)  
[  5] 132.00-133.00 sec   318 KBytes  2.60 Mbits/sec  2.408 ms  887/1158 (77%)  
[  5] 133.00-134.00 sec   352 KBytes  2.88 Mbits/sec  2.405 ms  994/1294 (77%)  
[  5] 134.00-135.00 sec   357 KBytes  2.93 Mbits/sec  2.428 ms  1030/1335 (77%)  
[  5] 135.00-136.00 sec   312 KBytes  2.55 Mbits/sec  2.672 ms  891/1157 (77%)  
[  5] 136.00-137.00 sec   357 KBytes  2.93 Mbits/sec  2.365 ms  988/1293 (76%)  
[  5] 137.00-138.00 sec   353 KBytes  2.89 Mbits/sec  2.604 ms  992/1293 (77%)  
[  5] 138.00-139.00 sec   296 KBytes  2.43 Mbits/sec  2.844 ms  820/1073 (76%)  
[  5] 139.00-140.00 sec   357 KBytes  2.93 Mbits/sec  2.621 ms  1024/1329 (77%)  
[  5] 140.00-141.00 sec   352 KBytes  2.88 Mbits/sec  2.637 ms  987/1287 (77%)  
[  5] 141.00-142.00 sec   353 KBytes  2.89 Mbits/sec  2.911 ms  981/1282 (77%)  
[  5] 142.00-143.00 sec   316 KBytes  2.59 Mbits/sec  2.494 ms  870/1140 (76%)  
[  5] 143.00-144.00 sec   357 KBytes  2.93 Mbits/sec  2.410 ms  987/1292 (76%)  
[  5] 144.00-145.00 sec   353 KBytes  2.89 Mbits/sec  2.364 ms  968/1269 (76%)  
[  5] 145.00-146.00 sec   309 KBytes  2.54 Mbits/sec  5.038 ms  889/1153 (77%)  
[  5] 146.00-147.00 sec   360 KBytes  2.95 Mbits/sec  2.464 ms  986/1293 (76%)  
[  5] 147.00-148.00 sec   356 KBytes  2.92 Mbits/sec  2.588 ms  1034/1338 (77%)  
[  5] 148.00-149.00 sec   293 KBytes  2.40 Mbits/sec  2.528 ms  824/1074 (77%)  
[  5] 149.00-150.00 sec   316 KBytes  2.59 Mbits/sec  2.616 ms  893/1163 (77%)  
[  5] 150.00-151.00 sec   353 KBytes  2.89 Mbits/sec  2.662 ms  1000/1301 (77%)  
[  5] 151.00-152.00 sec   296 KBytes  2.43 Mbits/sec  2.833 ms  811/1064 (76%)  
[  5] 152.00-153.00 sec   318 KBytes  2.60 Mbits/sec  2.347 ms  876/1147 (76%)  
[  5] 153.00-154.00 sec   352 KBytes  2.88 Mbits/sec  2.541 ms  991/1291 (77%)  
[  5] 154.00-155.00 sec   357 KBytes  2.93 Mbits/sec  2.420 ms  1017/1322 (77%)  
[  5] 155.00-156.00 sec   294 KBytes  2.41 Mbits/sec  8.898 ms  927/1178 (79%)  
[  5] 156.00-157.00 sec   355 KBytes  2.91 Mbits/sec  2.568 ms  946/1249 (76%)  
[  5] 157.00-158.00 sec   373 KBytes  3.05 Mbits/sec  2.296 ms  1030/1348 (76%)  
[  5] 158.00-159.00 sec   336 KBytes  2.76 Mbits/sec  2.831 ms  972/1259 (77%)  
[  5] 159.00-160.00 sec   313 KBytes  2.56 Mbits/sec  2.551 ms  887/1154 (77%)  
[  5] 160.00-161.00 sec   357 KBytes  2.93 Mbits/sec  2.582 ms  993/1298 (77%)  
[  5] 161.00-162.00 sec   311 KBytes  2.54 Mbits/sec  2.569 ms  874/1139 (77%)  
[  5] 162.00-163.00 sec   357 KBytes  2.93 Mbits/sec  2.442 ms  1000/1305 (77%)  
[  5] 163.00-164.00 sec   353 KBytes  2.89 Mbits/sec  2.866 ms  1013/1314 (77%)  
[  5] 164.00-165.00 sec   296 KBytes  2.43 Mbits/sec  2.605 ms  891/1144 (78%)  
[  5] 165.00-166.00 sec   353 KBytes  2.89 Mbits/sec  2.944 ms  988/1289 (77%)  
[  5] 166.00-167.00 sec   357 KBytes  2.93 Mbits/sec  2.564 ms  987/1292 (76%)  
[  5] 167.00-168.00 sec   316 KBytes  2.59 Mbits/sec  2.451 ms  888/1158 (77%)  
[  5] 168.00-169.00 sec   353 KBytes  2.89 Mbits/sec  2.671 ms  948/1249 (76%)  
[  5] 169.00-170.00 sec   356 KBytes  2.92 Mbits/sec  2.439 ms  992/1296 (77%)  
[  5] 170.00-171.00 sec   353 KBytes  2.89 Mbits/sec  2.728 ms  995/1296 (77%)  
[  5] 171.00-172.00 sec   318 KBytes  2.60 Mbits/sec  2.613 ms  913/1184 (77%)  
[  5] 172.00-173.00 sec   352 KBytes  2.88 Mbits/sec  2.553 ms  1004/1304 (77%)  
[  5] 173.00-174.00 sec   353 KBytes  2.89 Mbits/sec  2.545 ms  979/1280 (76%)  
[  5] 174.00-175.00 sec   357 KBytes  2.93 Mbits/sec  2.453 ms  1004/1309 (77%)  
[  5] 175.00-176.00 sec   296 KBytes  2.43 Mbits/sec  2.769 ms  821/1074 (76%)  
[  5] 176.00-177.00 sec   353 KBytes  2.89 Mbits/sec  2.897 ms  1055/1356 (78%)  
[  5] 177.00-178.00 sec   316 KBytes  2.59 Mbits/sec  2.513 ms  968/1238 (78%)  
[  5] 178.00-179.00 sec   353 KBytes  2.89 Mbits/sec  2.852 ms  1075/1376 (78%)  
[  5] 179.00-180.00 sec   357 KBytes  2.93 Mbits/sec  2.773 ms  1124/1429 (79%)  
[  5] 180.00-181.00 sec   255 KBytes  2.09 Mbits/sec  2.590 ms  772/990 (78%)  
[  5] 181.00-182.00 sec   353 KBytes  2.89 Mbits/sec  2.692 ms  995/1296 (77%)  
[  5] 182.00-183.00 sec   353 KBytes  2.89 Mbits/sec  2.837 ms  992/1293 (77%)  
[  5] 183.00-184.00 sec   316 KBytes  2.59 Mbits/sec  2.429 ms  880/1150 (77%)  
[  5] 184.00-185.00 sec   357 KBytes  2.93 Mbits/sec  2.372 ms  1002/1307 (77%)  
[  5] 185.00-186.00 sec   352 KBytes  2.88 Mbits/sec  2.390 ms  1001/1301 (77%)  
[  5] 186.00-187.00 sec   298 KBytes  2.44 Mbits/sec  2.685 ms  831/1085 (77%)  
[  5] 187.00-188.00 sec   353 KBytes  2.89 Mbits/sec  2.519 ms  1014/1315 (77%)  
[  5] 188.00-189.00 sec   356 KBytes  2.92 Mbits/sec  2.729 ms  1056/1360 (78%)  
[  5] 189.00-190.00 sec   353 KBytes  2.89 Mbits/sec  2.634 ms  969/1270 (76%)  
[  5] 190.00-191.00 sec   316 KBytes  2.59 Mbits/sec  2.446 ms  910/1180 (77%)  
[  5] 191.00-192.00 sec   353 KBytes  2.89 Mbits/sec  2.741 ms  974/1275 (76%)  
[  5] 192.00-193.00 sec   357 KBytes  2.93 Mbits/sec  2.829 ms  1030/1335 (77%)  
[  5] 193.00-194.00 sec   312 KBytes  2.55 Mbits/sec  2.549 ms  846/1112 (76%)  
[  5] 194.00-195.00 sec   357 KBytes  2.93 Mbits/sec  2.484 ms  993/1298 (77%)  
[  5] 195.00-196.00 sec   352 KBytes  2.88 Mbits/sec  2.463 ms  1025/1325 (77%)  
[  5] 196.00-197.00 sec   298 KBytes  2.44 Mbits/sec  2.569 ms  828/1082 (77%)  
[  5] 197.00-198.00 sec   352 KBytes  2.88 Mbits/sec  3.228 ms  967/1267 (76%)  
[  5] 198.00-199.00 sec   357 KBytes  2.93 Mbits/sec  2.695 ms  1014/1319 (77%)  
[  5] 199.00-200.00 sec   353 KBytes  2.89 Mbits/sec  2.614 ms  996/1297 (77%)  
[  5] 200.00-201.00 sec   316 KBytes  2.59 Mbits/sec  2.368 ms  869/1139 (76%)  
[  5] 201.00-202.00 sec   353 KBytes  2.89 Mbits/sec  2.494 ms  973/1274 (76%)  
[  5] 202.00-203.00 sec   357 KBytes  2.93 Mbits/sec  2.331 ms  997/1302 (77%)  
[  5] 203.00-204.00 sec   352 KBytes  2.88 Mbits/sec  2.734 ms  1008/1308 (77%)  
[  5] 204.00-205.00 sec   318 KBytes  2.60 Mbits/sec  2.645 ms  933/1204 (77%)  
[  5] 205.00-206.00 sec   352 KBytes  2.88 Mbits/sec  2.691 ms  1013/1313 (77%)  
[  5] 206.00-207.00 sec   298 KBytes  2.44 Mbits/sec  2.734 ms  806/1060 (76%)  
[  5] 207.00-208.00 sec   357 KBytes  2.93 Mbits/sec  2.541 ms  971/1276 (76%)  
[  5] 208.00-209.00 sec   312 KBytes  2.55 Mbits/sec  2.370 ms  1174/1440 (82%)  
[  5] 209.00-210.00 sec   357 KBytes  2.93 Mbits/sec  2.378 ms  1057/1362 (78%)  
[  5] 210.00-211.00 sec   352 KBytes  2.88 Mbits/sec  2.471 ms  988/1288 (77%)  
[  5] 211.00-212.00 sec   298 KBytes  2.44 Mbits/sec  2.566 ms  845/1099 (77%)  
[  5] 212.00-213.00 sec   371 KBytes  3.04 Mbits/sec  2.758 ms  1064/1381 (77%)  
[  5] 213.00-214.00 sec   357 KBytes  2.93 Mbits/sec  2.396 ms  986/1291 (76%)  
[  5] 214.00-215.00 sec   353 KBytes  2.89 Mbits/sec  2.342 ms  977/1278 (76%)  
[  5] 215.00-216.00 sec   296 KBytes  2.43 Mbits/sec  2.710 ms  840/1093 (77%)  
[  5] 216.00-217.00 sec   353 KBytes  2.89 Mbits/sec  2.691 ms  993/1294 (77%)  
[  5] 217.00-218.00 sec   357 KBytes  2.93 Mbits/sec  2.619 ms  988/1293 (76%)  
[  5] 218.00-219.00 sec   311 KBytes  2.54 Mbits/sec  2.546 ms  850/1115 (76%)  
[  5] 219.00-220.00 sec   357 KBytes  2.93 Mbits/sec  2.473 ms  993/1298 (77%)  
[  5] 220.00-221.00 sec   353 KBytes  2.89 Mbits/sec  2.703 ms  996/1297 (77%)  
[  5] 221.00-222.00 sec   357 KBytes  2.93 Mbits/sec  2.846 ms  1037/1342 (77%)  
[  5] 222.00-223.00 sec   257 KBytes  2.10 Mbits/sec  2.414 ms  719/938 (77%)  
[  5] 223.00-224.00 sec   312 KBytes  2.55 Mbits/sec  2.722 ms  880/1146 (77%)  
[  5] 224.00-225.00 sec   296 KBytes  2.43 Mbits/sec  2.500 ms  853/1106 (77%)  
[  5] 225.00-226.00 sec   257 KBytes  2.10 Mbits/sec  2.562 ms  724/943 (77%)  
[  5] 226.00-227.00 sec   257 KBytes  2.10 Mbits/sec  2.603 ms  720/939 (77%)  
[  5] 227.00-228.00 sec   257 KBytes  2.10 Mbits/sec  2.513 ms  713/932 (77%)  
[  5] 228.00-229.00 sec   257 KBytes  2.10 Mbits/sec  2.505 ms  707/926 (76%)  
[  5] 229.00-230.00 sec   353 KBytes  2.89 Mbits/sec  2.523 ms  1002/1303 (77%)  
[  5] 230.00-231.00 sec   296 KBytes  2.43 Mbits/sec  2.822 ms  848/1101 (77%)  
[  5] 231.00-232.00 sec   313 KBytes  2.56 Mbits/sec  2.510 ms  852/1119 (76%)  
[  5] 232.00-233.00 sec   296 KBytes  2.43 Mbits/sec  2.720 ms  800/1053 (76%)  
[  5] 233.00-234.00 sec   316 KBytes  2.59 Mbits/sec  2.553 ms  881/1151 (77%)  
[  5] 234.00-235.00 sec   292 KBytes  2.39 Mbits/sec  3.188 ms  815/1064 (77%)  
[  5] 235.00-236.00 sec   357 KBytes  2.93 Mbits/sec  3.047 ms  1039/1344 (77%)  
[  5] 236.00-237.00 sec   312 KBytes  2.55 Mbits/sec  2.764 ms  966/1232 (78%)  
[  5] 237.00-238.00 sec   298 KBytes  2.44 Mbits/sec  2.661 ms  845/1099 (77%)  
[  5] 238.00-239.00 sec   316 KBytes  2.59 Mbits/sec  2.571 ms  913/1183 (77%)  
[  5] 239.00-240.00 sec   296 KBytes  2.43 Mbits/sec  2.688 ms  810/1063 (76%)  
[  5] 240.00-241.00 sec   313 KBytes  2.56 Mbits/sec  2.356 ms  882/1149 (77%)  
[  5] 241.00-242.00 sec   296 KBytes  2.43 Mbits/sec  2.681 ms  830/1083 (77%)  
[  5] 242.00-243.00 sec   373 KBytes  3.05 Mbits/sec  2.487 ms  1096/1414 (78%)  
[  5] 243.00-244.00 sec   296 KBytes  2.43 Mbits/sec  2.573 ms  829/1082 (77%)  
[  5] 244.00-245.00 sec   353 KBytes  2.89 Mbits/sec  2.480 ms  942/1243 (76%)  
[  5] 245.00-246.00 sec   296 KBytes  2.43 Mbits/sec  2.623 ms  850/1103 (77%)  
[  5] 246.00-247.00 sec   357 KBytes  2.93 Mbits/sec  2.526 ms  1018/1323 (77%)  
[  5] 247.00-248.00 sec   312 KBytes  2.55 Mbits/sec  2.598 ms  910/1176 (77%)  
[  5] 248.00-249.00 sec   318 KBytes  2.60 Mbits/sec  2.406 ms  892/1163 (77%)  
[  5] 249.00-250.00 sec   296 KBytes  2.43 Mbits/sec  2.437 ms  831/1084 (77%)  
[  5] 250.00-251.00 sec   353 KBytes  2.89 Mbits/sec  2.679 ms  958/1259 (76%)  
[  5] 251.00-252.00 sec   352 KBytes  2.88 Mbits/sec  2.478 ms  968/1268 (76%)  
[  5] 252.00-253.00 sec   357 KBytes  2.93 Mbits/sec  3.194 ms  1053/1358 (78%)  
[  5] 253.00-254.00 sec   352 KBytes  2.88 Mbits/sec  2.796 ms  1267/1567 (81%)  
[  5] 254.00-255.00 sec   357 KBytes  2.93 Mbits/sec  2.958 ms  1198/1503 (80%)  
[  5] 255.00-256.00 sec   353 KBytes  2.89 Mbits/sec  2.974 ms  1149/1450 (79%)  
[  5] 256.00-257.00 sec   357 KBytes  2.93 Mbits/sec  3.278 ms  1600/1905 (84%)  
[  5] 257.00-258.00 sec   312 KBytes  2.55 Mbits/sec  2.938 ms  1135/1401 (81%)  
[  5] 258.00-259.00 sec   257 KBytes  2.10 Mbits/sec  3.308 ms  937/1156 (81%)  
[  5] 259.00-260.00 sec   257 KBytes  2.10 Mbits/sec  2.542 ms  790/1009 (78%)  
[  5] 260.00-261.00 sec   257 KBytes  2.10 Mbits/sec  2.863 ms  798/1017 (78%)  
[  5] 261.00-262.00 sec   296 KBytes  2.43 Mbits/sec  3.189 ms  917/1170 (78%)  
[  5] 262.00-263.00 sec   313 KBytes  2.56 Mbits/sec  2.560 ms  919/1186 (77%)  
[  5] 263.00-264.00 sec   255 KBytes  2.09 Mbits/sec  2.913 ms  877/1095 (80%)  
[  5] 264.00-265.00 sec   258 KBytes  2.11 Mbits/sec  2.525 ms  905/1125 (80%)  
[  5] 265.00-266.00 sec   296 KBytes  2.43 Mbits/sec  2.699 ms  811/1064 (76%)  
[  5] 266.00-267.00 sec   316 KBytes  2.59 Mbits/sec  2.708 ms  1059/1329 (80%)  
[  5] 267.00-268.00 sec   292 KBytes  2.39 Mbits/sec  2.877 ms  927/1176 (79%)  
[  5] 268.00-269.00 sec   318 KBytes  2.60 Mbits/sec  2.476 ms  925/1196 (77%)  
[  5] 269.00-270.00 sec   253 KBytes  2.08 Mbits/sec  3.150 ms  799/1015 (79%)  
[  5] 270.00-271.00 sec   355 KBytes  2.91 Mbits/sec  2.719 ms  1136/1439 (79%)  
[  5] 271.00-272.00 sec   257 KBytes  2.10 Mbits/sec  2.792 ms  832/1051 (79%)  
[  5] 272.00-273.00 sec   357 KBytes  2.93 Mbits/sec  2.577 ms  1116/1421 (79%)  
[  5] 273.00-274.00 sec   353 KBytes  2.89 Mbits/sec  2.410 ms  1104/1405 (79%)  
[  5] 274.00-275.00 sec   352 KBytes  2.88 Mbits/sec  2.637 ms  1011/1311 (77%)  
[  5] 275.00-276.00 sec   357 KBytes  2.93 Mbits/sec  2.477 ms  1029/1334 (77%)  
[  5] 276.00-277.00 sec   353 KBytes  2.89 Mbits/sec  2.521 ms  1030/1331 (77%)  
[  5] 277.00-278.00 sec   356 KBytes  2.92 Mbits/sec  2.781 ms  1068/1372 (78%)  
[  5] 278.00-279.00 sec   353 KBytes  2.89 Mbits/sec  2.950 ms  1111/1412 (79%)  
[  5] 279.00-280.00 sec   357 KBytes  2.93 Mbits/sec  2.923 ms  1095/1400 (78%)  
[  5] 280.00-281.00 sec   353 KBytes  2.89 Mbits/sec  2.468 ms  1026/1327 (77%)  
[  5] 281.00-282.00 sec   357 KBytes  2.93 Mbits/sec  2.504 ms  933/1238 (75%)  
[  5] 282.00-283.00 sec   371 KBytes  3.04 Mbits/sec  2.279 ms  971/1288 (75%)  
[  5] 283.00-284.00 sec   338 KBytes  2.76 Mbits/sec  2.557 ms  896/1184 (76%)  
[  5] 284.00-285.00 sec   371 KBytes  3.04 Mbits/sec  2.437 ms  966/1283 (75%)  
[  5] 285.00-286.00 sec   353 KBytes  2.89 Mbits/sec  2.452 ms  936/1237 (76%)  
[  5] 286.00-287.00 sec   357 KBytes  2.93 Mbits/sec  2.538 ms  1057/1362 (78%)  
[  5] 287.00-288.00 sec   353 KBytes  2.89 Mbits/sec  2.532 ms  1193/1494 (80%)  
[  5] 288.00-289.00 sec   356 KBytes  2.92 Mbits/sec  2.865 ms  1532/1836 (83%)  
[  5] 289.00-290.00 sec   353 KBytes  2.89 Mbits/sec  3.143 ms  1294/1595 (81%)  
[  5] 290.00-291.00 sec   357 KBytes  2.93 Mbits/sec  2.484 ms  1219/1524 (80%)  
[  5] 291.00-292.00 sec   352 KBytes  2.88 Mbits/sec  3.081 ms  1201/1501 (80%)  
[  5] 292.00-293.00 sec   412 KBytes  3.38 Mbits/sec  2.598 ms  1530/1882 (81%)  
[  5] 293.00-294.00 sec   357 KBytes  2.93 Mbits/sec  2.632 ms  1165/1470 (79%)  
[  5] 294.00-295.00 sec   353 KBytes  2.89 Mbits/sec  2.770 ms  1124/1425 (79%)  
[  5] 295.00-296.00 sec   357 KBytes  2.93 Mbits/sec  2.937 ms  1248/1553 (80%)  
[  5] 296.00-297.00 sec   352 KBytes  2.88 Mbits/sec  2.668 ms  1313/1613 (81%)  
[  5] 297.00-298.00 sec   357 KBytes  2.93 Mbits/sec  2.660 ms  1090/1395 (78%)  
[  5] 298.00-299.00 sec   353 KBytes  2.89 Mbits/sec  2.596 ms  1142/1443 (79%)  
[  5] 299.00-300.00 sec   357 KBytes  2.93 Mbits/sec  2.576 ms  960/1265 (76%)  
[  5] 300.00-301.00 sec   352 KBytes  2.88 Mbits/sec  2.720 ms  947/1247 (76%)  
[  5] 301.00-302.00 sec   373 KBytes  3.05 Mbits/sec  2.400 ms  993/1311 (76%)  
[  5] 302.00-303.00 sec   357 KBytes  2.93 Mbits/sec  2.278 ms  946/1251 (76%)  
[  5] 303.00-304.00 sec   352 KBytes  2.88 Mbits/sec  2.566 ms  948/1248 (76%)  
[  5] 304.00-305.00 sec   357 KBytes  2.93 Mbits/sec  2.340 ms  954/1259 (76%)  
[  5] 305.00-306.00 sec   353 KBytes  2.89 Mbits/sec  2.349 ms  913/1214 (75%)  
[  5] 306.00-307.00 sec   356 KBytes  2.92 Mbits/sec  2.339 ms  938/1242 (76%)  
[  5] 307.00-308.00 sec   313 KBytes  2.56 Mbits/sec  2.421 ms  811/1078 (75%)  
[  5] 308.00-309.00 sec   357 KBytes  2.93 Mbits/sec  2.453 ms  980/1285 (76%)  
[  5] 309.00-310.00 sec   352 KBytes  2.88 Mbits/sec  2.490 ms  948/1248 (76%)  
[  5] 310.00-311.00 sec   357 KBytes  2.93 Mbits/sec  2.363 ms  940/1245 (76%)  
[  5] 311.00-312.00 sec   353 KBytes  2.89 Mbits/sec  2.309 ms  939/1240 (76%)  
[  5] 312.00-313.00 sec   356 KBytes  2.92 Mbits/sec  2.350 ms  961/1265 (76%)  
[  5] 313.00-314.00 sec   353 KBytes  2.89 Mbits/sec  2.515 ms  952/1253 (76%)  
[  5] 314.00-315.00 sec   357 KBytes  2.93 Mbits/sec  2.327 ms  937/1242 (75%)  
[  5] 315.00-316.00 sec   352 KBytes  2.88 Mbits/sec  2.635 ms  904/1204 (75%)  
[  5] 316.00-317.00 sec   353 KBytes  2.89 Mbits/sec  2.561 ms  922/1223 (75%)  
[  5] 317.00-318.00 sec   257 KBytes  2.10 Mbits/sec  2.571 ms  674/893 (75%)  
[  5] 318.00-319.00 sec   316 KBytes  2.59 Mbits/sec  2.438 ms  857/1127 (76%)  
[  5] 319.00-320.00 sec   298 KBytes  2.44 Mbits/sec  2.417 ms  768/1022 (75%)  
[  5] 320.00-321.00 sec   196 KBytes  1.60 Mbits/sec  2.885 ms  518/685 (76%)  
[  5] 321.00-322.00 sec   116 KBytes   951 Kbits/sec  2.705 ms  303/402 (75%)  
[  5] 322.00-323.00 sec   141 KBytes  1.15 Mbits/sec  3.226 ms  370/490 (76%)  
[  5] 323.00-324.00 sec   313 KBytes  2.56 Mbits/sec  2.363 ms  810/1077 (75%)  
[  5] 324.00-325.00 sec   255 KBytes  2.10 Mbits/sec  2.421 ms  678/896 (76%)  
[  5] 325.00-326.00 sec   298 KBytes  2.44 Mbits/sec  3.070 ms  776/1030 (75%)  
[  5] 326.00-327.00 sec   257 KBytes  2.10 Mbits/sec  2.689 ms  662/881 (75%)  
[  5] 327.00-328.00 sec   312 KBytes  2.55 Mbits/sec  2.653 ms  797/1063 (75%)  
[  5] 328.00-329.00 sec   257 KBytes  2.10 Mbits/sec  2.638 ms  692/911 (76%)  
[  5] 329.00-330.00 sec   257 KBytes  2.10 Mbits/sec  2.733 ms  686/905 (76%)  
[  5] 330.00-331.00 sec   296 KBytes  2.43 Mbits/sec  2.426 ms  800/1053 (76%)  
[  5] 331.00-332.00 sec   257 KBytes  2.10 Mbits/sec  2.462 ms  688/907 (76%)  
[  5] 332.00-333.00 sec   257 KBytes  2.10 Mbits/sec  2.438 ms  690/909 (76%)  
[  5] 333.00-334.00 sec   292 KBytes  2.39 Mbits/sec  2.998 ms  797/1046 (76%)  
[  5] 334.00-335.00 sec   318 KBytes  2.60 Mbits/sec  2.461 ms  851/1122 (76%)  
[  5] 335.00-336.00 sec   296 KBytes  2.43 Mbits/sec  2.794 ms  778/1031 (75%)  
[  5] 336.00-337.00 sec   257 KBytes  2.10 Mbits/sec  3.153 ms  690/909 (76%)  
[  5] 337.00-338.00 sec   312 KBytes  2.55 Mbits/sec  2.621 ms  833/1099 (76%)  
[  5] 338.00-339.00 sec   257 KBytes  2.10 Mbits/sec  2.645 ms  691/910 (76%)  
[  5] 339.00-340.00 sec   257 KBytes  2.10 Mbits/sec  2.440 ms  684/903 (76%)  
[  5] 340.00-341.00 sec   296 KBytes  2.43 Mbits/sec  2.512 ms  845/1098 (77%)  
[  5] 341.00-342.00 sec   258 KBytes  2.11 Mbits/sec  2.363 ms  698/918 (76%)  
[  5] 342.00-343.00 sec   312 KBytes  2.55 Mbits/sec  2.508 ms  828/1094 (76%)  
[  5] 343.00-344.00 sec   236 KBytes  1.93 Mbits/sec  3.302 ms  645/846 (76%)  
[  5] 344.00-345.00 sec   318 KBytes  2.60 Mbits/sec  2.422 ms  832/1103 (75%)  
[  5] 345.00-346.00 sec   257 KBytes  2.10 Mbits/sec  2.452 ms  674/893 (75%)  
[  5] 346.00-347.00 sec   296 KBytes  2.43 Mbits/sec  2.843 ms  780/1033 (76%)  
[  5] 347.00-348.00 sec   252 KBytes  2.06 Mbits/sec  2.697 ms  652/867 (75%)  
[  5] 348.00-349.00 sec   318 KBytes  2.60 Mbits/sec  2.351 ms  813/1084 (75%)  
[  5] 349.00-350.00 sec   296 KBytes  2.43 Mbits/sec  2.876 ms  811/1064 (76%)  
[  5] 350.00-351.00 sec   257 KBytes  2.10 Mbits/sec  2.547 ms  674/893 (75%)  
[  5] 351.00-352.00 sec   196 KBytes  1.61 Mbits/sec  3.564 ms  554/721 (77%)  
[  5] 352.00-353.00 sec   217 KBytes  1.78 Mbits/sec  3.210 ms  718/903 (80%)  
[  5] 353.00-354.00 sec   257 KBytes  2.10 Mbits/sec  2.831 ms  846/1065 (79%)  
[  5] 354.00-355.00 sec   257 KBytes  2.10 Mbits/sec  2.711 ms  836/1055 (79%)  
[  5] 355.00-356.00 sec   292 KBytes  2.39 Mbits/sec  3.149 ms  1067/1316 (81%)  
[  5] 356.00-357.00 sec   257 KBytes  2.10 Mbits/sec  3.729 ms  973/1192 (82%)  
[  5] 357.00-358.00 sec   316 KBytes  2.59 Mbits/sec  2.893 ms  2679/2949 (91%)  
[  5] 358.00-359.00 sec   258 KBytes  2.12 Mbits/sec  2.608 ms  873/1093 (80%)  
[  5] 359.00-360.00 sec   236 KBytes  1.93 Mbits/sec  3.000 ms  881/1082 (81%)  
[  5] 360.00-361.00 sec   312 KBytes  2.55 Mbits/sec  3.415 ms  1186/1452 (82%)  
[  5] 361.00-362.00 sec   258 KBytes  2.11 Mbits/sec  2.836 ms  934/1154 (81%)  
[  5] 362.00-363.00 sec   296 KBytes  2.43 Mbits/sec  3.791 ms  1093/1346 (81%)  
[  5] 363.00-364.00 sec   257 KBytes  2.10 Mbits/sec  3.074 ms  1007/1226 (82%)  
[  5] 364.00-365.00 sec   312 KBytes  2.55 Mbits/sec  2.862 ms  1187/1453 (82%)  
[  5] 365.00-366.00 sec   257 KBytes  2.10 Mbits/sec  3.034 ms  910/1129 (81%)  
[  5] 366.00-367.00 sec   296 KBytes  2.43 Mbits/sec  3.419 ms  1079/1332 (81%)  
[  5] 367.00-368.00 sec   318 KBytes  2.60 Mbits/sec  2.777 ms  1197/1468 (82%)  
[  5] 368.00-369.00 sec   257 KBytes  2.10 Mbits/sec  2.817 ms  886/1105 (80%)  
[  5] 369.00-370.00 sec   292 KBytes  2.39 Mbits/sec  3.805 ms  977/1226 (80%)  
[  5] 370.00-371.00 sec   257 KBytes  2.10 Mbits/sec  3.127 ms  851/1070 (80%)  
[  5] 371.00-372.00 sec   316 KBytes  2.59 Mbits/sec  2.891 ms  1108/1378 (80%)  
[  5] 372.00-373.00 sec   257 KBytes  2.10 Mbits/sec  3.151 ms  951/1170 (81%)  
[  5] 373.00-374.00 sec   237 KBytes  1.94 Mbits/sec  3.128 ms  883/1085 (81%)  
[  5] 374.00-375.00 sec   257 KBytes  2.11 Mbits/sec  3.108 ms  1033/1252 (83%)  
[  5] 375.00-376.00 sec   312 KBytes  2.55 Mbits/sec  3.025 ms  1084/1350 (80%)  
[  5] 376.00-377.00 sec   318 KBytes  2.60 Mbits/sec  3.037 ms  1144/1415 (81%)  
[  5] 377.00-378.00 sec   237 KBytes  1.94 Mbits/sec  3.226 ms  870/1072 (81%)  
[  5] 378.00-379.00 sec   312 KBytes  2.56 Mbits/sec  2.816 ms  1164/1430 (81%)  
[  5] 379.00-380.00 sec   257 KBytes  2.10 Mbits/sec  2.994 ms  892/1111 (80%)  
[  5] 380.00-381.00 sec   296 KBytes  2.43 Mbits/sec  3.331 ms  1054/1307 (81%)  
[  5] 381.00-382.00 sec   257 KBytes  2.10 Mbits/sec  3.084 ms  882/1101 (80%)  
[  5] 382.00-383.00 sec   318 KBytes  2.60 Mbits/sec  2.720 ms  1199/1470 (82%)  
[  5] 383.00-384.00 sec   292 KBytes  2.39 Mbits/sec  3.163 ms  1024/1273 (80%)  
[  5] 384.00-385.00 sec   257 KBytes  2.10 Mbits/sec  3.242 ms  871/1090 (80%)  
[  5] 385.00-386.00 sec   316 KBytes  2.59 Mbits/sec  3.428 ms  1243/1513 (82%)  
[  5] 386.00-387.01 sec   296 KBytes  2.42 Mbits/sec  3.524 ms  1503/1756 (86%)  
[  5] 387.01-388.00 sec   252 KBytes  2.07 Mbits/sec  3.928 ms  1188/1403 (85%)  
[  5] 388.00-389.00 sec   318 KBytes  2.60 Mbits/sec  2.846 ms  1289/1560 (83%)  
[  5] 389.00-390.00 sec   257 KBytes  2.10 Mbits/sec  2.558 ms  878/1097 (80%)  
[  5] 390.00-391.00 sec   296 KBytes  2.43 Mbits/sec  2.867 ms  1007/1260 (80%)  
[  5] 391.00-392.00 sec   252 KBytes  2.06 Mbits/sec  2.753 ms  928/1143 (81%)  
[  5] 392.00-393.00 sec   296 KBytes  2.43 Mbits/sec  2.960 ms  1221/1474 (83%)  
[  5] 393.00-394.00 sec   257 KBytes  2.10 Mbits/sec  3.356 ms  962/1181 (81%)  
[  5] 394.00-395.00 sec   316 KBytes  2.59 Mbits/sec  2.939 ms  1089/1359 (80%)  
[  5] 395.00-396.00 sec   258 KBytes  2.11 Mbits/sec  2.691 ms  920/1140 (81%)  
[  5] 396.00-397.00 sec   352 KBytes  2.88 Mbits/sec  2.672 ms  1306/1606 (81%)  
[  5] 397.00-398.00 sec   257 KBytes  2.10 Mbits/sec  2.872 ms  907/1126 (81%)  
[  5] 398.00-399.00 sec   296 KBytes  2.43 Mbits/sec  3.083 ms  1045/1298 (81%)  
[  5] 399.00-400.00 sec   313 KBytes  2.56 Mbits/sec  2.871 ms  1118/1385 (81%)  
[  5] 400.00-401.00 sec   255 KBytes  2.09 Mbits/sec  2.800 ms  914/1132 (81%)  
[  5] 401.00-402.00 sec   298 KBytes  2.44 Mbits/sec  2.959 ms  1030/1284 (80%)  
[  5] 402.00-403.00 sec   257 KBytes  2.10 Mbits/sec  2.783 ms  911/1130 (81%)  
[  5] 403.00-404.00 sec   257 KBytes  2.10 Mbits/sec  2.898 ms  911/1130 (81%)  
[  5] 404.00-405.00 sec   312 KBytes  2.55 Mbits/sec  2.981 ms  1143/1409 (81%)  
[  5] 405.00-406.00 sec   197 KBytes  1.61 Mbits/sec  2.880 ms  663/831 (80%)  
[  5] 406.00-407.00 sec   255 KBytes  2.09 Mbits/sec  3.279 ms  993/1211 (82%)  
[  5] 407.00-408.00 sec   298 KBytes  2.44 Mbits/sec  3.018 ms  1177/1431 (82%)  
[  5] 408.00-409.00 sec   316 KBytes  2.59 Mbits/sec  2.693 ms  1181/1451 (81%)  
[  5] 409.00-410.00 sec   292 KBytes  2.39 Mbits/sec  3.631 ms  1002/1251 (80%)  
[  5] 410.00-411.00 sec   318 KBytes  2.60 Mbits/sec  3.019 ms  1148/1419 (81%)  
[  5] 411.00-412.00 sec   296 KBytes  2.43 Mbits/sec  3.168 ms  1124/1377 (82%)  
[  5] 412.00-413.00 sec   312 KBytes  2.55 Mbits/sec  3.044 ms  1093/1359 (80%)  
[  5] 413.00-414.00 sec   298 KBytes  2.44 Mbits/sec  2.793 ms  1004/1258 (80%)  
[  5] 414.00-415.00 sec   316 KBytes  2.60 Mbits/sec  2.778 ms  1142/1412 (81%)  
[  5] 415.00-416.00 sec   292 KBytes  2.39 Mbits/sec  2.834 ms  1034/1283 (81%)  
[  5] 416.00-417.00 sec   257 KBytes  2.10 Mbits/sec  2.979 ms  903/1122 (80%)  
[  5] 417.00-418.00 sec   357 KBytes  2.93 Mbits/sec  2.863 ms  1236/1541 (80%)  
[  5] 418.00-419.00 sec   312 KBytes  2.55 Mbits/sec  2.858 ms  1071/1337 (80%)  
[  5] 419.00-420.00 sec   298 KBytes  2.44 Mbits/sec  2.970 ms  1042/1296 (80%)  
[  5] 420.00-421.00 sec   316 KBytes  2.59 Mbits/sec  2.802 ms  1144/1414 (81%)  
[  5] 421.00-422.00 sec   257 KBytes  2.10 Mbits/sec  2.743 ms  918/1137 (81%)  
[  5] 422.00-423.00 sec   292 KBytes  2.39 Mbits/sec  3.142 ms  1099/1348 (82%)  
