Connecting to host 172.22.0.50, port 5201
Reverse mode, remote host 172.22.0.50 is sending
[  5] local 192.168.100.2 port 48002 connected to 172.22.0.50 port 5201
[ ID] Interval           Transfer     Bitrate         Jitter    Lost/Total Datagrams
[  5]   0.00-1.00   sec  1.43 MBytes  12.0 Mbits/sec  1.102 ms  0/1248 (0%)  
[  5]   1.00-2.00   sec  1.43 MBytes  12.0 Mbits/sec  0.873 ms  0/1253 (0%)  
[  5]   2.00-3.00   sec  1.43 MBytes  12.0 Mbits/sec  1.028 ms  0/1253 (0%)  
[  5]   3.00-4.00   sec  1.43 MBytes  12.0 Mbits/sec  1.003 ms  0/1247 (0%)  
[  5]   4.00-5.00   sec  1.42 MBytes  11.9 Mbits/sec  1.026 ms  0/1244 (0%)  
[  5]   5.00-6.00   sec  1.44 MBytes  12.1 Mbits/sec  1.047 ms  0/1257 (0%)  
[  5]   6.00-7.00   sec  1.42 MBytes  12.0 Mbits/sec  1.059 ms  0/1245 (0%)  
[  5]   7.00-8.00   sec  1.43 MBytes  12.0 Mbits/sec  1.059 ms  0/1253 (0%)  
[  5]   8.00-9.00   sec  1.43 MBytes  12.0 Mbits/sec  0.896 ms  0/1249 (0%)  
[  5]   9.00-10.00  sec  1.44 MBytes  12.0 Mbits/sec  0.816 ms  0/1255 (0%)  
[  5]  10.00-11.00  sec  1.42 MBytes  11.9 Mbits/sec  0.927 ms  0/1245 (0%)  
[  5]  11.00-12.00  sec  1.43 MBytes  12.0 Mbits/sec  0.884 ms  0/1249 (0%)  
[  5]  12.00-13.00  sec  1.43 MBytes  12.0 Mbits/sec  1.034 ms  0/1247 (0%)  
[  5]  13.00-14.00  sec  1.44 MBytes  12.1 Mbits/sec  0.857 ms  0/1258 (0%)  
[  5]  14.00-15.00  sec  1.43 MBytes  12.0 Mbits/sec  0.952 ms  0/1247 (0%)  
[  5]  15.00-16.00  sec  1.37 MBytes  11.5 Mbits/sec  1.990 ms  0/1205 (0%)  
[  5]  16.00-17.00  sec   561 KBytes  4.60 Mbits/sec  1.625 ms  0/479 (0%)  
[  5]  17.00-18.00  sec   579 KBytes  4.74 Mbits/sec  1.515 ms  0/494 (0%)  
[  5]  18.00-19.00  sec   581 KBytes  4.76 Mbits/sec  1.428 ms  0/496 (0%)  
[  5]  19.00-20.00  sec   574 KBytes  4.71 Mbits/sec  1.653 ms  0/490 (0%)  
[  5]  20.00-21.00  sec   568 KBytes  4.66 Mbits/sec  1.617 ms  0/485 (0%)  
[  5]  21.00-22.00  sec   571 KBytes  4.67 Mbits/sec  1.569 ms  0/487 (0%)  
[  5]  22.00-23.00  sec   577 KBytes  4.72 Mbits/sec  1.410 ms  0/492 (0%)  
[  5]  23.00-24.00  sec   581 KBytes  4.76 Mbits/sec  1.318 ms  0/496 (0%)  
[  5]  24.00-25.00  sec   587 KBytes  4.81 Mbits/sec  1.420 ms  0/501 (0%)  
[  5]  25.00-26.00  sec   579 KBytes  4.74 Mbits/sec  1.626 ms  0/494 (0%)  
[  5]  26.00-27.00  sec   489 KBytes  4.00 Mbits/sec  1.571 ms  0/417 (0%)  
[  5]  27.00-28.00  sec   488 KBytes  3.99 Mbits/sec  1.695 ms  0/416 (0%)  
[  5]  28.00-29.00  sec   478 KBytes  3.92 Mbits/sec  1.657 ms  0/408 (0%)  
[  5]  29.00-30.00  sec   477 KBytes  3.91 Mbits/sec  1.724 ms  0/407 (0%)  
[  5]  30.00-31.00  sec   483 KBytes  3.96 Mbits/sec  1.906 ms  0/412 (0%)  
[  5]  31.00-32.00  sec   417 KBytes  3.42 Mbits/sec  2.190 ms  0/356 (0%)  
[  5]  32.00-33.00  sec   414 KBytes  3.39 Mbits/sec  2.095 ms  0/353 (0%)  
[  5]  33.00-34.00  sec   412 KBytes  3.38 Mbits/sec  2.112 ms  0/352 (0%)  
[  5]  34.00-35.00  sec   417 KBytes  3.42 Mbits/sec  2.004 ms  0/356 (0%)  
[  5]  35.00-36.00  sec   414 KBytes  3.39 Mbits/sec  2.047 ms  0/353 (0%)  
[  5]  36.00-37.00  sec   404 KBytes  3.31 Mbits/sec  2.257 ms  0/345 (0%)  
[  5]  37.00-38.00  sec   403 KBytes  3.30 Mbits/sec  2.192 ms  0/344 (0%)  
[  5]  38.00-39.00  sec   411 KBytes  3.37 Mbits/sec  2.011 ms  0/351 (0%)  
[  5]  39.00-40.00  sec   418 KBytes  3.43 Mbits/sec  1.960 ms  0/357 (0%)  
[  5]  40.00-41.00  sec   418 KBytes  3.43 Mbits/sec  2.069 ms  0/357 (0%)  
[  5]  41.00-42.00  sec   416 KBytes  3.41 Mbits/sec  2.046 ms  0/355 (0%)  
[  5]  42.00-43.00  sec   411 KBytes  3.37 Mbits/sec  2.055 ms  0/351 (0%)  
[  5]  43.00-44.00  sec   412 KBytes  3.38 Mbits/sec  1.938 ms  0/352 (0%)  
[  5]  44.00-45.00  sec   408 KBytes  3.34 Mbits/sec  2.061 ms  0/348 (0%)  
[  5]  45.00-46.00  sec   410 KBytes  3.36 Mbits/sec  1.997 ms  0/350 (0%)  
[  5]  46.00-47.00  sec   404 KBytes  3.31 Mbits/sec  2.081 ms  0/345 (0%)  
[  5]  47.00-48.00  sec   410 KBytes  3.36 Mbits/sec  2.102 ms  0/350 (0%)  
[  5]  48.00-49.00  sec   383 KBytes  3.14 Mbits/sec  3.004 ms  22/349 (6.3%)  
[  5]  49.00-50.00  sec   396 KBytes  3.24 Mbits/sec  1.947 ms  671/1009 (67%)  
[  5]  50.00-51.00  sec   403 KBytes  3.30 Mbits/sec  2.077 ms  699/1043 (67%)  
[  5]  51.00-52.00  sec   403 KBytes  3.30 Mbits/sec  2.083 ms  708/1052 (67%)  
[  5]  52.00-53.00  sec   403 KBytes  3.30 Mbits/sec  2.157 ms  709/1053 (67%)  
[  5]  53.00-54.00  sec   427 KBytes  3.49 Mbits/sec  1.763 ms  732/1096 (67%)  
[  5]  54.00-55.00  sec   402 KBytes  3.29 Mbits/sec  2.039 ms  830/1173 (71%)  
[  5]  55.00-56.00  sec   393 KBytes  3.22 Mbits/sec  2.701 ms  850/1185 (72%)  
[  5]  56.00-57.00  sec   472 KBytes  3.87 Mbits/sec  2.169 ms  1022/1425 (72%)  
[  5]  57.00-58.00  sec   397 KBytes  3.26 Mbits/sec  2.314 ms  858/1197 (72%)  
[  5]  58.00-59.00  sec   412 KBytes  3.38 Mbits/sec  2.122 ms  898/1250 (72%)  
[  5]  59.00-60.00  sec   414 KBytes  3.39 Mbits/sec  2.010 ms  908/1261 (72%)  
[  5]  60.00-61.00  sec   391 KBytes  3.20 Mbits/sec  2.265 ms  880/1214 (72%)  
[  5]  61.00-62.00  sec   414 KBytes  3.39 Mbits/sec  2.154 ms  911/1264 (72%)  
[  5]  62.00-63.00  sec   397 KBytes  3.25 Mbits/sec  2.336 ms  856/1195 (72%)  
[  5]  63.00-64.00  sec   412 KBytes  3.38 Mbits/sec  2.368 ms  880/1232 (71%)  
[  5]  64.00-65.00  sec   412 KBytes  3.38 Mbits/sec  2.045 ms  886/1238 (72%)  
[  5]  65.00-66.00  sec   393 KBytes  3.22 Mbits/sec  2.471 ms  852/1187 (72%)  
[  5]  66.00-67.00  sec   417 KBytes  3.42 Mbits/sec  2.081 ms  908/1264 (72%)  
[  5]  67.00-68.00  sec   412 KBytes  3.38 Mbits/sec  2.113 ms  922/1274 (72%)  
[  5]  68.00-69.00  sec   393 KBytes  3.22 Mbits/sec  2.369 ms  853/1188 (72%)  
[  5]  69.00-70.00  sec   412 KBytes  3.38 Mbits/sec  2.209 ms  920/1272 (72%)  
[  5]  70.00-71.00  sec   454 KBytes  3.71 Mbits/sec  2.751 ms  1002/1389 (72%)  
[  5]  71.00-72.00  sec   417 KBytes  3.42 Mbits/sec  2.099 ms  905/1261 (72%)  
[  5]  72.00-73.00  sec   393 KBytes  3.22 Mbits/sec  2.391 ms  835/1170 (71%)  
[  5]  73.00-74.00  sec   412 KBytes  3.38 Mbits/sec  2.388 ms  883/1235 (71%)  
[  5]  74.00-75.00  sec   412 KBytes  3.38 Mbits/sec  2.260 ms  910/1262 (72%)  
[  5]  75.00-76.00  sec   397 KBytes  3.25 Mbits/sec  2.458 ms  863/1202 (72%)  
[  5]  76.00-77.00  sec   412 KBytes  3.38 Mbits/sec  2.340 ms  900/1252 (72%)  
[  5]  77.00-78.00  sec   414 KBytes  3.39 Mbits/sec  1.994 ms  921/1274 (72%)  
[  5]  78.00-79.00  sec   412 KBytes  3.38 Mbits/sec  1.965 ms  897/1249 (72%)  
[  5]  79.00-80.00  sec   393 KBytes  3.21 Mbits/sec  2.431 ms  836/1171 (71%)  
[  5]  80.00-81.00  sec   417 KBytes  3.42 Mbits/sec  2.089 ms  905/1261 (72%)  
[  5]  81.00-82.00  sec   393 KBytes  3.22 Mbits/sec  2.329 ms  862/1197 (72%)  
[  5]  82.00-83.00  sec   412 KBytes  3.38 Mbits/sec  2.373 ms  900/1252 (72%)  
[  5]  83.00-84.00  sec   452 KBytes  3.71 Mbits/sec  2.375 ms  990/1376 (72%)  
[  5]  84.00-85.00  sec   414 KBytes  3.39 Mbits/sec  2.166 ms  918/1271 (72%)  
[  5]  85.00-86.00  sec   356 KBytes  2.92 Mbits/sec  2.295 ms  797/1101 (72%)  
[  5]  86.00-87.00  sec   414 KBytes  3.39 Mbits/sec  2.023 ms  900/1253 (72%)  
[  5]  87.00-88.00  sec   412 KBytes  3.38 Mbits/sec  2.141 ms  901/1253 (72%)  
[  5]  88.00-89.00  sec   452 KBytes  3.70 Mbits/sec  2.107 ms  986/1372 (72%)  
[  5]  89.00-90.00  sec   397 KBytes  3.26 Mbits/sec  2.411 ms  863/1202 (72%)  
[  5]  90.00-91.00  sec   412 KBytes  3.38 Mbits/sec  2.153 ms  895/1247 (72%)  
[  5]  91.00-92.00  sec   414 KBytes  3.39 Mbits/sec  2.093 ms  914/1267 (72%)  
[  5]  92.00-93.00  sec   391 KBytes  3.20 Mbits/sec  2.318 ms  872/1206 (72%)  
[  5]  93.00-94.00  sec   414 KBytes  3.39 Mbits/sec  2.054 ms  911/1264 (72%)  
[  5]  94.00-95.00  sec   452 KBytes  3.71 Mbits/sec  2.572 ms  973/1359 (72%)  
[  5]  95.00-96.00  sec   417 KBytes  3.42 Mbits/sec  2.174 ms  922/1278 (72%)  
[  5]  96.00-97.00  sec   412 KBytes  3.38 Mbits/sec  2.111 ms  904/1256 (72%)  
[  5]  97.00-98.00  sec   393 KBytes  3.22 Mbits/sec  2.449 ms  873/1208 (72%)  
[  5]  98.00-99.00  sec   412 KBytes  3.38 Mbits/sec  2.246 ms  913/1265 (72%)  
[  5]  99.00-100.00 sec   397 KBytes  3.26 Mbits/sec  2.338 ms  873/1212 (72%)  
[  5] 100.00-101.00 sec   414 KBytes  3.39 Mbits/sec  2.315 ms  927/1280 (72%)  
[  5] 101.00-102.00 sec   412 KBytes  3.37 Mbits/sec  2.209 ms  909/1261 (72%)  
[  5] 102.00-103.00 sec   412 KBytes  3.39 Mbits/sec  2.191 ms  887/1239 (72%)  
[  5] 103.00-104.00 sec   397 KBytes  3.25 Mbits/sec  2.403 ms  852/1191 (72%)  
[  5] 104.00-105.00 sec   412 KBytes  3.38 Mbits/sec  2.036 ms  898/1250 (72%)  
[  5] 105.00-106.00 sec   452 KBytes  3.71 Mbits/sec  2.174 ms  993/1379 (72%)  
[  5] 106.00-107.00 sec   414 KBytes  3.39 Mbits/sec  2.057 ms  897/1250 (72%)  
[  5] 107.00-108.00 sec   391 KBytes  3.21 Mbits/sec  2.316 ms  865/1199 (72%)  
[  5] 108.00-109.00 sec   414 KBytes  3.39 Mbits/sec  2.158 ms  915/1268 (72%)  
[  5] 109.00-110.00 sec   417 KBytes  3.42 Mbits/sec  2.242 ms  956/1312 (73%)  
[  5] 110.00-111.00 sec   393 KBytes  3.22 Mbits/sec  2.339 ms  862/1197 (72%)  
[  5] 111.00-112.00 sec   412 KBytes  3.38 Mbits/sec  2.299 ms  887/1239 (72%)  
[  5] 112.00-113.00 sec   412 KBytes  3.38 Mbits/sec  2.172 ms  879/1231 (71%)  
[  5] 113.00-114.00 sec   397 KBytes  3.26 Mbits/sec  2.346 ms  851/1190 (72%)  
[  5] 114.00-115.00 sec   412 KBytes  3.38 Mbits/sec  2.037 ms  870/1222 (71%)  
[  5] 115.00-116.00 sec   414 KBytes  3.39 Mbits/sec  2.049 ms  903/1256 (72%)  
[  5] 116.00-117.00 sec   452 KBytes  3.71 Mbits/sec  2.071 ms  996/1382 (72%)  
[  5] 117.00-118.00 sec   412 KBytes  3.38 Mbits/sec  2.208 ms  903/1255 (72%)  
[  5] 118.00-119.00 sec   397 KBytes  3.25 Mbits/sec  2.122 ms  865/1204 (72%)  
[  5] 119.00-120.00 sec   412 KBytes  3.38 Mbits/sec  2.064 ms  886/1238 (72%)  
[  5] 120.00-121.00 sec   393 KBytes  3.21 Mbits/sec  2.375 ms  867/1202 (72%)  
[  5] 121.00-122.00 sec   412 KBytes  3.38 Mbits/sec  2.261 ms  910/1262 (72%)  
[  5] 122.00-123.00 sec   454 KBytes  3.71 Mbits/sec  2.221 ms  968/1355 (71%)  
[  5] 123.00-124.00 sec   356 KBytes  2.92 Mbits/sec  2.382 ms  770/1074 (72%)  
[  5] 124.00-125.00 sec   414 KBytes  3.39 Mbits/sec  2.280 ms  921/1274 (72%)  
[  5] 125.00-126.00 sec   412 KBytes  3.38 Mbits/sec  2.012 ms  939/1291 (73%)  
[  5] 126.00-127.00 sec   393 KBytes  3.22 Mbits/sec  2.451 ms  874/1209 (72%)  
[  5] 127.00-128.00 sec   417 KBytes  3.42 Mbits/sec  2.062 ms  894/1250 (72%)  
[  5] 128.00-129.00 sec   412 KBytes  3.38 Mbits/sec  2.059 ms  870/1222 (71%)  
[  5] 129.00-130.00 sec   393 KBytes  3.22 Mbits/sec  2.324 ms  838/1173 (71%)  
[  5] 130.00-131.00 sec   412 KBytes  3.38 Mbits/sec  2.142 ms  883/1235 (71%)  
[  5] 131.00-132.00 sec   454 KBytes  3.72 Mbits/sec  2.640 ms  977/1364 (72%)  
[  5] 132.00-133.00 sec   417 KBytes  3.42 Mbits/sec  2.076 ms  909/1265 (72%)  
[  5] 133.00-134.00 sec   393 KBytes  3.22 Mbits/sec  2.336 ms  877/1212 (72%)  
[  5] 134.00-135.00 sec   412 KBytes  3.38 Mbits/sec  2.319 ms  915/1267 (72%)  
[  5] 135.00-136.00 sec   412 KBytes  3.38 Mbits/sec  2.109 ms  903/1255 (72%)  
[  5] 136.00-137.00 sec   397 KBytes  3.26 Mbits/sec  2.317 ms  870/1209 (72%)  
[  5] 137.00-138.00 sec   412 KBytes  3.38 Mbits/sec  2.482 ms  915/1267 (72%)  
[  5] 138.00-139.00 sec   414 KBytes  3.39 Mbits/sec  2.051 ms  917/1270 (72%)  
[  5] 139.00-140.00 sec   412 KBytes  3.38 Mbits/sec  1.957 ms  878/1230 (71%)  
[  5] 140.00-141.00 sec   393 KBytes  3.22 Mbits/sec  2.077 ms  846/1181 (72%)  
[  5] 141.00-142.00 sec   417 KBytes  3.42 Mbits/sec  1.988 ms  916/1272 (72%)  
[  5] 142.00-143.00 sec   393 KBytes  3.22 Mbits/sec  2.200 ms  864/1199 (72%)  
[  5] 143.00-144.00 sec   412 KBytes  3.37 Mbits/sec  2.288 ms  895/1247 (72%)  
[  5] 144.00-145.00 sec   412 KBytes  3.38 Mbits/sec  2.167 ms  891/1243 (72%)  
[  5] 145.00-146.00 sec   397 KBytes  3.26 Mbits/sec  2.325 ms  848/1187 (71%)  
[  5] 146.00-147.00 sec   412 KBytes  3.38 Mbits/sec  2.111 ms  906/1258 (72%)  
[  5] 147.00-148.00 sec   353 KBytes  2.89 Mbits/sec  2.415 ms  777/1078 (72%)  
[  5] 148.00-149.00 sec   412 KBytes  3.38 Mbits/sec  2.181 ms  913/1265 (72%)  
[  5] 149.00-150.00 sec   397 KBytes  3.25 Mbits/sec  2.311 ms  896/1235 (73%)  
[  5] 150.00-151.00 sec   412 KBytes  3.38 Mbits/sec  2.342 ms  928/1280 (72%)  
[  5] 151.00-152.00 sec   412 KBytes  3.38 Mbits/sec  2.221 ms  959/1311 (73%)  
[  5] 152.00-153.00 sec   454 KBytes  3.72 Mbits/sec  2.279 ms  988/1375 (72%)  
[  5] 153.00-154.00 sec   412 KBytes  3.38 Mbits/sec  2.164 ms  883/1235 (71%)  
[  5] 154.00-155.00 sec   397 KBytes  3.25 Mbits/sec  2.289 ms  870/1209 (72%)  
[  5] 155.00-156.00 sec   412 KBytes  3.38 Mbits/sec  2.170 ms  903/1255 (72%)  
[  5] 156.00-157.00 sec   412 KBytes  3.38 Mbits/sec  2.124 ms  906/1258 (72%)  
[  5] 157.00-158.00 sec   393 KBytes  3.22 Mbits/sec  2.834 ms  870/1205 (72%)  
[  5] 158.00-159.00 sec   417 KBytes  3.42 Mbits/sec  2.107 ms  914/1270 (72%)  
[  5] 159.00-160.00 sec   412 KBytes  3.38 Mbits/sec  2.086 ms  904/1256 (72%)  
[  5] 160.00-161.00 sec   393 KBytes  3.22 Mbits/sec  2.364 ms  866/1201 (72%)  
[  5] 161.00-162.00 sec   412 KBytes  3.38 Mbits/sec  2.273 ms  904/1256 (72%)  
[  5] 162.00-163.00 sec   398 KBytes  3.27 Mbits/sec  2.166 ms  855/1195 (72%)  
[  5] 163.00-164.00 sec   412 KBytes  3.38 Mbits/sec  2.225 ms  909/1261 (72%)  
[  5] 164.00-165.00 sec   412 KBytes  3.38 Mbits/sec  1.978 ms  901/1253 (72%)  
[  5] 165.00-166.00 sec   452 KBytes  3.71 Mbits/sec  2.306 ms  1010/1396 (72%)  
[  5] 166.00-167.00 sec   353 KBytes  2.89 Mbits/sec  2.258 ms  783/1084 (72%)  
[  5] 167.00-168.00 sec   417 KBytes  3.42 Mbits/sec  2.150 ms  953/1309 (73%)  
[  5] 168.00-169.00 sec   393 KBytes  3.22 Mbits/sec  2.335 ms  889/1224 (73%)  
[  5] 169.00-170.00 sec   412 KBytes  3.38 Mbits/sec  2.348 ms  928/1280 (72%)  
[  5] 170.00-171.00 sec   412 KBytes  3.37 Mbits/sec  2.207 ms  961/1313 (73%)  
[  5] 171.00-172.00 sec   398 KBytes  3.27 Mbits/sec  2.242 ms  890/1230 (72%)  
[  5] 172.00-173.00 sec   412 KBytes  3.38 Mbits/sec  2.310 ms  916/1268 (72%)  
[  5] 173.00-174.00 sec   412 KBytes  3.38 Mbits/sec  2.107 ms  929/1281 (73%)  
[  5] 174.00-175.00 sec   393 KBytes  3.22 Mbits/sec  2.337 ms  869/1204 (72%)  
[  5] 175.00-176.00 sec   412 KBytes  3.38 Mbits/sec  2.150 ms  899/1251 (72%)  
[  5] 176.00-177.00 sec   417 KBytes  3.42 Mbits/sec  2.040 ms  902/1258 (72%)  
[  5] 177.00-178.00 sec   393 KBytes  3.22 Mbits/sec  2.325 ms  845/1180 (72%)  
[  5] 178.00-179.00 sec   412 KBytes  3.38 Mbits/sec  2.433 ms  899/1251 (72%)  
[  5] 179.00-180.00 sec   452 KBytes  3.71 Mbits/sec  2.375 ms  993/1379 (72%)  
[  5] 180.00-181.00 sec   412 KBytes  3.38 Mbits/sec  2.317 ms  927/1279 (72%)  
[  5] 181.00-182.00 sec   398 KBytes  3.27 Mbits/sec  2.371 ms  893/1233 (72%)  
[  5] 182.00-183.00 sec   412 KBytes  3.38 Mbits/sec  2.322 ms  938/1290 (73%)  
[  5] 183.00-184.00 sec   412 KBytes  3.38 Mbits/sec  2.216 ms  907/1259 (72%)  
[  5] 184.00-185.00 sec   412 KBytes  3.38 Mbits/sec  2.226 ms  920/1272 (72%)  
[  5] 185.00-186.00 sec   338 KBytes  2.76 Mbits/sec  2.283 ms  715/1003 (71%)  
[  5] 186.00-187.00 sec   412 KBytes  3.38 Mbits/sec  2.277 ms  891/1243 (72%)  
[  5] 187.00-188.00 sec   472 KBytes  3.87 Mbits/sec  2.105 ms  1017/1420 (72%)  
[  5] 188.00-189.00 sec   393 KBytes  3.22 Mbits/sec  2.315 ms  838/1173 (71%)  
[  5] 189.00-190.00 sec   412 KBytes  3.38 Mbits/sec  2.449 ms  914/1266 (72%)  
[  5] 190.00-191.00 sec   398 KBytes  3.26 Mbits/sec  2.296 ms  900/1240 (73%)  
[  5] 191.00-192.00 sec   412 KBytes  3.38 Mbits/sec  2.273 ms  916/1268 (72%)  
[  5] 192.00-193.00 sec   412 KBytes  3.38 Mbits/sec  2.070 ms  917/1269 (72%)  
[  5] 193.00-194.00 sec   412 KBytes  3.38 Mbits/sec  2.258 ms  916/1268 (72%)  
[  5] 194.00-195.00 sec   397 KBytes  3.25 Mbits/sec  2.396 ms  899/1238 (73%)  
[  5] 195.00-196.00 sec   412 KBytes  3.38 Mbits/sec  2.064 ms  898/1250 (72%)  
[  5] 196.00-197.00 sec   393 KBytes  3.22 Mbits/sec  2.354 ms  862/1197 (72%)  
[  5] 197.00-198.00 sec   412 KBytes  3.38 Mbits/sec  2.238 ms  901/1253 (72%)  
[  5] 198.00-199.00 sec   417 KBytes  3.42 Mbits/sec  2.180 ms  973/1329 (73%)  
[  5] 199.00-200.00 sec   393 KBytes  3.22 Mbits/sec  2.374 ms  895/1230 (73%)  
[  5] 200.00-201.00 sec   412 KBytes  3.38 Mbits/sec  2.112 ms  903/1255 (72%)  
[  5] 201.00-202.00 sec   414 KBytes  3.39 Mbits/sec  1.996 ms  888/1241 (72%)  
[  5] 202.00-203.00 sec   397 KBytes  3.25 Mbits/sec  2.262 ms  851/1190 (72%)  
[  5] 203.00-204.00 sec   412 KBytes  3.38 Mbits/sec  2.012 ms  889/1241 (72%)  
[  5] 204.00-205.00 sec   452 KBytes  3.71 Mbits/sec  2.362 ms  975/1361 (72%)  
[  5] 205.00-206.00 sec   412 KBytes  3.38 Mbits/sec  2.064 ms  892/1244 (72%)  
[  5] 206.00-207.00 sec   412 KBytes  3.38 Mbits/sec  2.090 ms  947/1299 (73%)  
[  5] 207.00-208.00 sec   393 KBytes  3.22 Mbits/sec  2.759 ms  897/1232 (73%)  
[  5] 208.00-209.00 sec   418 KBytes  3.43 Mbits/sec  2.191 ms  961/1318 (73%)  
[  5] 209.00-210.00 sec   393 KBytes  3.22 Mbits/sec  2.277 ms  880/1215 (72%)  
[  5] 210.00-211.00 sec   412 KBytes  3.38 Mbits/sec  2.399 ms  909/1261 (72%)  
[  5] 211.00-212.00 sec   412 KBytes  3.38 Mbits/sec  2.330 ms  901/1253 (72%)  
[  5] 212.00-213.00 sec   397 KBytes  3.26 Mbits/sec  2.386 ms  857/1196 (72%)  
[  5] 213.00-214.00 sec   412 KBytes  3.38 Mbits/sec  2.327 ms  895/1247 (72%)  
[  5] 214.00-215.00 sec   412 KBytes  3.38 Mbits/sec  2.103 ms  912/1264 (72%)  
[  5] 215.00-216.00 sec   412 KBytes  3.38 Mbits/sec  2.084 ms  912/1264 (72%)  
[  5] 216.00-217.00 sec   393 KBytes  3.22 Mbits/sec  2.487 ms  859/1194 (72%)  
[  5] 217.00-218.00 sec   418 KBytes  3.43 Mbits/sec  1.986 ms  911/1268 (72%)  
[  5] 218.00-219.00 sec   412 KBytes  3.38 Mbits/sec  2.072 ms  901/1253 (72%)  
[  5] 219.00-220.00 sec   393 KBytes  3.22 Mbits/sec  2.323 ms  848/1183 (72%)  
[  5] 220.00-221.00 sec   412 KBytes  3.38 Mbits/sec  2.231 ms  925/1277 (72%)  
[  5] 221.00-222.00 sec   397 KBytes  3.25 Mbits/sec  2.307 ms  866/1205 (72%)  
[  5] 222.00-223.00 sec   412 KBytes  3.38 Mbits/sec  2.342 ms  923/1275 (72%)  
[  5] 223.00-224.00 sec   452 KBytes  3.71 Mbits/sec  2.412 ms  1023/1409 (73%)  
[  5] 224.00-225.00 sec   412 KBytes  3.38 Mbits/sec  2.451 ms  921/1273 (72%)  
[  5] 225.00-226.00 sec   357 KBytes  2.92 Mbits/sec  2.088 ms  778/1083 (72%)  
[  5] 226.00-227.00 sec   414 KBytes  3.39 Mbits/sec  2.074 ms  900/1253 (72%)  
[  5] 227.00-228.00 sec   452 KBytes  3.71 Mbits/sec  2.282 ms  986/1372 (72%)  
[  5] 228.00-229.00 sec   412 KBytes  3.38 Mbits/sec  2.108 ms  885/1237 (72%)  
[  5] 229.00-230.00 sec   393 KBytes  3.22 Mbits/sec  2.308 ms  863/1198 (72%)  
[  5] 230.00-231.00 sec   412 KBytes  3.38 Mbits/sec  2.137 ms  926/1278 (72%)  
[  5] 231.00-232.00 sec   417 KBytes  3.41 Mbits/sec  2.147 ms  907/1263 (72%)  
[  5] 232.00-233.00 sec   393 KBytes  3.22 Mbits/sec  2.342 ms  852/1187 (72%)  
[  5] 233.00-234.00 sec   412 KBytes  3.38 Mbits/sec  2.314 ms  885/1237 (72%)  
[  5] 234.00-235.00 sec   414 KBytes  3.39 Mbits/sec  2.194 ms  898/1251 (72%)  
[  5] 235.00-236.00 sec   397 KBytes  3.25 Mbits/sec  2.300 ms  901/1240 (73%)  
[  5] 236.00-237.00 sec   412 KBytes  3.38 Mbits/sec  2.174 ms  930/1282 (73%)  
[  5] 237.00-238.00 sec   412 KBytes  3.38 Mbits/sec  2.189 ms  910/1262 (72%)  
[  5] 238.00-239.00 sec   452 KBytes  3.71 Mbits/sec  2.062 ms  1014/1400 (72%)  
[  5] 239.00-240.00 sec   414 KBytes  3.38 Mbits/sec  2.188 ms  942/1295 (73%)  
[  5] 240.00-241.00 sec   356 KBytes  2.92 Mbits/sec  2.097 ms  802/1106 (73%)  
[  5] 241.00-242.00 sec   393 KBytes  3.22 Mbits/sec  2.329 ms  843/1178 (72%)  
[  5] 242.00-243.00 sec   412 KBytes  3.38 Mbits/sec  2.131 ms  890/1242 (72%)  
[  5] 243.00-244.00 sec   397 KBytes  3.24 Mbits/sec  2.324 ms  865/1204 (72%)  
[  5] 244.00-245.00 sec   414 KBytes  3.40 Mbits/sec  2.177 ms  895/1248 (72%)  
[  5] 245.00-246.00 sec   412 KBytes  3.38 Mbits/sec  1.751 ms  879/1231 (71%)  
[  5] 246.00-247.00 sec   412 KBytes  3.38 Mbits/sec  2.060 ms  917/1269 (72%)  
[  5] 247.00-248.00 sec   393 KBytes  3.22 Mbits/sec  2.424 ms  869/1204 (72%)  
[  5] 248.00-249.00 sec   417 KBytes  3.42 Mbits/sec  2.146 ms  935/1291 (72%)  
[  5] 249.00-250.00 sec   393 KBytes  3.22 Mbits/sec  2.386 ms  873/1208 (72%)  
[  5] 250.00-251.00 sec   473 KBytes  3.88 Mbits/sec  2.017 ms  1042/1446 (72%)  
[  5] 251.00-252.00 sec   391 KBytes  3.21 Mbits/sec  2.310 ms  864/1198 (72%)  
[  5] 252.00-253.00 sec   414 KBytes  3.39 Mbits/sec  2.160 ms  902/1255 (72%)  
[  5] 253.00-254.00 sec   417 KBytes  3.42 Mbits/sec  2.048 ms  902/1258 (72%)  
[  5] 254.00-255.00 sec   393 KBytes  3.22 Mbits/sec  2.437 ms  867/1202 (72%)  
[  5] 255.00-256.00 sec   412 KBytes  3.38 Mbits/sec  2.070 ms  928/1280 (72%)  
[  5] 256.00-257.00 sec   412 KBytes  3.38 Mbits/sec  2.143 ms  912/1264 (72%)  
[  5] 257.00-258.00 sec   397 KBytes  3.26 Mbits/sec  2.378 ms  854/1193 (72%)  
[  5] 258.00-259.00 sec   412 KBytes  3.38 Mbits/sec  2.075 ms  882/1234 (71%)  
[  5] 259.00-260.00 sec   414 KBytes  3.39 Mbits/sec  1.993 ms  890/1243 (72%)  
[  5] 260.00-261.00 sec   391 KBytes  3.21 Mbits/sec  2.250 ms  851/1185 (72%)  
[  5] 261.00-262.00 sec   414 KBytes  3.39 Mbits/sec  2.008 ms  903/1256 (72%)  
[  5] 262.00-263.00 sec   417 KBytes  3.42 Mbits/sec  2.142 ms  906/1262 (72%)  
[  5] 263.00-264.00 sec   452 KBytes  3.71 Mbits/sec  2.220 ms  1041/1427 (73%)  
[  5] 264.00-265.00 sec   412 KBytes  3.38 Mbits/sec  2.132 ms  959/1311 (73%)  
[  5] 265.00-266.00 sec   393 KBytes  3.22 Mbits/sec  2.349 ms  888/1223 (73%)  
[  5] 266.00-267.00 sec   412 KBytes  3.38 Mbits/sec  2.260 ms  917/1269 (72%)  
[  5] 267.00-268.00 sec   397 KBytes  3.25 Mbits/sec  2.475 ms  873/1212 (72%)  
[  5] 268.00-269.00 sec   414 KBytes  3.39 Mbits/sec  2.283 ms  900/1253 (72%)  
[  5] 269.00-270.00 sec   412 KBytes  3.38 Mbits/sec  2.101 ms  903/1255 (72%)  
[  5] 270.00-271.00 sec   412 KBytes  3.38 Mbits/sec  2.027 ms  883/1235 (71%)  
[  5] 271.00-272.00 sec   393 KBytes  3.22 Mbits/sec  2.142 ms  880/1215 (72%)  
[  5] 272.00-273.00 sec   417 KBytes  3.42 Mbits/sec  2.081 ms  936/1292 (72%)  
[  5] 273.00-274.00 sec   393 KBytes  3.22 Mbits/sec  2.353 ms  844/1179 (72%)  
[  5] 274.00-275.00 sec   412 KBytes  3.38 Mbits/sec  2.292 ms  890/1242 (72%)  
[  5] 275.00-276.00 sec   412 KBytes  3.38 Mbits/sec  2.174 ms  889/1241 (72%)  
[  5] 276.00-277.00 sec   397 KBytes  3.25 Mbits/sec  2.301 ms  851/1190 (72%)  
[  5] 277.00-278.00 sec   414 KBytes  3.39 Mbits/sec  2.352 ms  901/1254 (72%)  
[  5] 278.00-279.00 sec   452 KBytes  3.70 Mbits/sec  2.298 ms  1005/1391 (72%)  
[  5] 279.00-280.00 sec   412 KBytes  3.38 Mbits/sec  2.226 ms  933/1285 (73%)  
[  5] 280.00-281.00 sec   412 KBytes  3.38 Mbits/sec  2.056 ms  942/1294 (73%)  
[  5] 281.00-282.00 sec   397 KBytes  3.25 Mbits/sec  2.395 ms  900/1239 (73%)  
[  5] 282.00-283.00 sec   414 KBytes  3.39 Mbits/sec  1.984 ms  885/1238 (71%)  
[  5] 283.00-284.00 sec   412 KBytes  3.38 Mbits/sec  2.017 ms  896/1248 (72%)  
[  5] 284.00-285.00 sec   393 KBytes  3.22 Mbits/sec  2.316 ms  851/1186 (72%)  
[  5] 285.00-286.00 sec   412 KBytes  3.38 Mbits/sec  2.053 ms  878/1230 (71%)  
[  5] 286.00-287.00 sec   417 KBytes  3.42 Mbits/sec  2.035 ms  909/1265 (72%)  
[  5] 287.00-288.00 sec   352 KBytes  2.88 Mbits/sec  2.207 ms  782/1082 (72%)  
[  5] 288.00-289.00 sec   412 KBytes  3.38 Mbits/sec  2.158 ms  913/1265 (72%)  
[  5] 289.00-290.00 sec   398 KBytes  3.26 Mbits/sec  2.129 ms  868/1208 (72%)  
[  5] 290.00-291.00 sec   412 KBytes  3.38 Mbits/sec  2.053 ms  900/1252 (72%)  
[  5] 291.00-292.00 sec   452 KBytes  3.71 Mbits/sec  2.093 ms  1004/1390 (72%)  
[  5] 292.00-293.00 sec   412 KBytes  3.38 Mbits/sec  2.192 ms  911/1263 (72%)  
[  5] 293.00-294.00 sec   393 KBytes  3.22 Mbits/sec  2.312 ms  868/1203 (72%)  
[  5] 294.00-295.00 sec   418 KBytes  3.42 Mbits/sec  2.061 ms  923/1280 (72%)  
[  5] 295.00-296.00 sec   412 KBytes  3.38 Mbits/sec  2.055 ms  921/1273 (72%)  
[  5] 296.00-297.00 sec   393 KBytes  3.21 Mbits/sec  2.236 ms  872/1207 (72%)  
[  5] 297.00-298.00 sec   412 KBytes  3.38 Mbits/sec  2.094 ms  915/1267 (72%)  
[  5] 298.00-299.00 sec   412 KBytes  3.38 Mbits/sec  2.139 ms  868/1220 (71%)  
[  5] 299.00-300.00 sec   397 KBytes  3.25 Mbits/sec  2.296 ms  877/1216 (72%)  
[  5] 300.00-301.00 sec   353 KBytes  2.89 Mbits/sec  2.301 ms  753/1054 (71%)  
[  5] 301.00-302.00 sec   472 KBytes  3.87 Mbits/sec  2.094 ms  1022/1425 (72%)  
[  5] 302.00-303.00 sec   393 KBytes  3.22 Mbits/sec  2.814 ms  837/1172 (71%)  
[  5] 303.00-304.00 sec   417 KBytes  3.42 Mbits/sec  2.102 ms  890/1246 (71%)  
[  5] 304.00-305.00 sec   412 KBytes  3.38 Mbits/sec  2.079 ms  938/1290 (73%)  
[  5] 305.00-306.00 sec   393 KBytes  3.22 Mbits/sec  2.324 ms  853/1188 (72%)  
[  5] 306.00-307.00 sec   412 KBytes  3.38 Mbits/sec  2.230 ms  908/1260 (72%)  
[  5] 307.00-308.00 sec   398 KBytes  3.26 Mbits/sec  2.281 ms  896/1236 (72%)  
[  5] 308.00-309.00 sec   412 KBytes  3.38 Mbits/sec  2.207 ms  926/1278 (72%)  
[  5] 309.00-310.00 sec   412 KBytes  3.38 Mbits/sec  2.007 ms  953/1305 (73%)  
[  5] 310.00-311.00 sec   452 KBytes  3.71 Mbits/sec  2.342 ms  1030/1416 (73%)  
[  5] 311.00-312.00 sec   412 KBytes  3.38 Mbits/sec  2.088 ms  917/1269 (72%)  
[  5] 312.00-313.00 sec   398 KBytes  3.26 Mbits/sec  2.228 ms  885/1225 (72%)  
[  5] 313.00-314.00 sec   371 KBytes  3.04 Mbits/sec  2.074 ms  823/1140 (72%)  
[  5] 314.00-315.00 sec   393 KBytes  3.22 Mbits/sec  2.416 ms  858/1193 (72%)  
[  5] 315.00-316.00 sec   412 KBytes  3.38 Mbits/sec  2.266 ms  891/1243 (72%)  
[  5] 316.00-317.00 sec   376 KBytes  3.08 Mbits/sec  3.571 ms  815/1136 (72%)  
[  5] 317.00-318.00 sec   394 KBytes  3.22 Mbits/sec  2.125 ms  836/1172 (71%)  
[  5] 318.00-319.00 sec   393 KBytes  3.22 Mbits/sec  2.415 ms  848/1183 (72%)  
[  5] 319.00-320.00 sec   357 KBytes  2.93 Mbits/sec  2.555 ms  794/1099 (72%)  
[  5] 320.00-321.00 sec   312 KBytes  2.56 Mbits/sec  2.391 ms  682/948 (72%)  
[  5] 321.00-322.00 sec   357 KBytes  2.93 Mbits/sec  2.246 ms  832/1137 (73%)  
[  5] 322.00-323.00 sec   353 KBytes  2.89 Mbits/sec  2.269 ms  817/1118 (73%)  
[  5] 323.00-324.00 sec   357 KBytes  2.93 Mbits/sec  2.129 ms  814/1119 (73%)  
[  5] 324.00-325.00 sec   411 KBytes  3.37 Mbits/sec  2.290 ms  921/1272 (72%)  
[  5] 325.00-326.00 sec   298 KBytes  2.44 Mbits/sec  2.659 ms  662/916 (72%)  
[  5] 326.00-327.00 sec   353 KBytes  2.89 Mbits/sec  2.301 ms  768/1069 (72%)  
[  5] 327.00-328.00 sec   412 KBytes  3.38 Mbits/sec  2.146 ms  888/1240 (72%)  
[  5] 328.00-329.00 sec   357 KBytes  2.93 Mbits/sec  2.470 ms  767/1072 (72%)  
[  5] 329.00-330.00 sec   352 KBytes  2.88 Mbits/sec  2.513 ms  766/1066 (72%)  
[  5] 330.00-331.00 sec   412 KBytes  3.38 Mbits/sec  2.179 ms  936/1288 (73%)  
[  5] 331.00-332.00 sec   357 KBytes  2.93 Mbits/sec  2.046 ms  800/1105 (72%)  
[  5] 332.00-333.00 sec   352 KBytes  2.88 Mbits/sec  2.219 ms  760/1060 (72%)  
[  5] 333.00-334.00 sec   418 KBytes  3.43 Mbits/sec  2.039 ms  897/1254 (72%)  
[  5] 334.00-335.00 sec   352 KBytes  2.88 Mbits/sec  2.078 ms  763/1063 (72%)  
[  5] 335.00-336.00 sec   393 KBytes  3.22 Mbits/sec  2.818 ms  841/1176 (72%)  
[  5] 336.00-337.00 sec   418 KBytes  3.43 Mbits/sec  2.064 ms  911/1268 (72%)  
[  5] 337.00-338.00 sec   352 KBytes  2.88 Mbits/sec  2.354 ms  783/1083 (72%)  
[  5] 338.00-339.00 sec   414 KBytes  3.39 Mbits/sec  2.224 ms  939/1292 (73%)  
[  5] 339.00-340.00 sec   356 KBytes  2.92 Mbits/sec  2.397 ms  821/1125 (73%)  
[  5] 340.00-341.00 sec   393 KBytes  3.22 Mbits/sec  2.537 ms  893/1228 (73%)  
[  5] 341.00-342.00 sec   373 KBytes  3.05 Mbits/sec  2.371 ms  855/1173 (73%)  
[  5] 342.00-343.00 sec   397 KBytes  3.26 Mbits/sec  2.542 ms  977/1316 (74%)  
[  5] 343.00-344.00 sec   353 KBytes  2.89 Mbits/sec  2.484 ms  841/1142 (74%)  
[  5] 344.00-345.00 sec   357 KBytes  2.93 Mbits/sec  2.685 ms  863/1168 (74%)  
[  5] 345.00-346.00 sec   352 KBytes  2.88 Mbits/sec  2.712 ms  940/1240 (76%)  
[  5] 346.00-347.00 sec   412 KBytes  3.38 Mbits/sec  2.464 ms  1127/1479 (76%)  
[  5] 347.00-348.00 sec   357 KBytes  2.93 Mbits/sec  2.598 ms  1020/1325 (77%)  
[  5] 348.00-349.00 sec   412 KBytes  3.38 Mbits/sec  2.277 ms  1049/1401 (75%)  
[  5] 349.00-350.00 sec   353 KBytes  2.89 Mbits/sec  2.327 ms  897/1198 (75%)  
[  5] 350.00-351.00 sec   357 KBytes  2.93 Mbits/sec  2.225 ms  931/1236 (75%)  
[  5] 351.00-352.00 sec   352 KBytes  2.88 Mbits/sec  2.524 ms  991/1291 (77%)  
[  5] 352.00-353.00 sec   357 KBytes  2.93 Mbits/sec  2.407 ms  882/1187 (74%)  
[  5] 353.00-354.00 sec   412 KBytes  3.38 Mbits/sec  2.302 ms  1005/1357 (74%)  
[  5] 354.00-355.00 sec   353 KBytes  2.89 Mbits/sec  2.344 ms  897/1198 (75%)  
[  5] 355.00-356.00 sec   356 KBytes  2.92 Mbits/sec  2.237 ms  942/1246 (76%)  
[  5] 356.00-357.00 sec   353 KBytes  2.89 Mbits/sec  2.370 ms  877/1178 (74%)  
[  5] 357.00-358.00 sec   412 KBytes  3.38 Mbits/sec  2.278 ms  987/1339 (74%)  
[  5] 358.00-359.00 sec   357 KBytes  2.93 Mbits/sec  2.192 ms  898/1203 (75%)  
[  5] 359.00-360.00 sec   353 KBytes  2.89 Mbits/sec  2.222 ms  852/1153 (74%)  
[  5] 360.00-361.00 sec   397 KBytes  3.25 Mbits/sec  2.579 ms  958/1297 (74%)  
[  5] 361.00-362.00 sec   373 KBytes  3.05 Mbits/sec  2.129 ms  882/1200 (74%)  
[  5] 362.00-363.00 sec   352 KBytes  2.88 Mbits/sec  2.278 ms  837/1137 (74%)  
[  5] 363.00-364.00 sec   357 KBytes  2.93 Mbits/sec  2.216 ms  876/1181 (74%)  
[  5] 364.00-365.00 sec   412 KBytes  3.38 Mbits/sec  2.319 ms  1014/1366 (74%)  
[  5] 365.00-366.00 sec   357 KBytes  2.93 Mbits/sec  2.212 ms  866/1171 (74%)  
[  5] 366.00-367.00 sec   393 KBytes  3.22 Mbits/sec  2.414 ms  935/1270 (74%)  
[  5] 367.00-368.00 sec   373 KBytes  3.05 Mbits/sec  2.379 ms  901/1219 (74%)  
[  5] 368.00-369.00 sec   397 KBytes  3.25 Mbits/sec  2.266 ms  996/1335 (75%)  
[  5] 369.00-370.00 sec   412 KBytes  3.38 Mbits/sec  2.231 ms  1038/1390 (75%)  
[  5] 370.00-371.00 sec   353 KBytes  2.89 Mbits/sec  2.120 ms  897/1198 (75%)  
[  5] 371.00-372.00 sec   396 KBytes  3.24 Mbits/sec  2.560 ms  984/1322 (74%)  
[  5] 372.00-373.00 sec   414 KBytes  3.39 Mbits/sec  2.417 ms  1032/1385 (75%)  
[  5] 373.00-374.00 sec   352 KBytes  2.88 Mbits/sec  2.420 ms  849/1149 (74%)  
[  5] 374.00-375.00 sec   357 KBytes  2.93 Mbits/sec  2.440 ms  850/1155 (74%)  
[  5] 375.00-376.01 sec   412 KBytes  3.36 Mbits/sec  2.549 ms  1057/1409 (75%)  
[  5] 376.01-377.00 sec   353 KBytes  2.90 Mbits/sec  2.396 ms  943/1244 (76%)  
[  5] 377.00-378.00 sec   412 KBytes  3.38 Mbits/sec  2.245 ms  1059/1411 (75%)  
[  5] 378.00-379.00 sec   397 KBytes  3.25 Mbits/sec  2.356 ms  977/1316 (74%)  
[  5] 379.00-380.00 sec   373 KBytes  3.05 Mbits/sec  2.343 ms  958/1276 (75%)  
[  5] 380.00-381.00 sec   393 KBytes  3.22 Mbits/sec  2.946 ms  1054/1389 (76%)  
[  5] 381.00-382.00 sec   356 KBytes  2.92 Mbits/sec  2.404 ms  933/1237 (75%)  
[  5] 382.00-383.00 sec   414 KBytes  3.39 Mbits/sec  2.143 ms  1004/1357 (74%)  
[  5] 383.00-384.00 sec   412 KBytes  3.38 Mbits/sec  2.287 ms  1013/1365 (74%)  
[  5] 384.00-385.00 sec   357 KBytes  2.93 Mbits/sec  2.430 ms  884/1189 (74%)  
[  5] 385.00-386.00 sec   391 KBytes  3.21 Mbits/sec  2.533 ms  995/1329 (75%)  
[  5] 386.00-387.00 sec   414 KBytes  3.39 Mbits/sec  2.330 ms  1029/1382 (74%)  
[  5] 387.00-388.00 sec   412 KBytes  3.38 Mbits/sec  2.287 ms  1055/1407 (75%)  
[  5] 388.00-389.00 sec   357 KBytes  2.93 Mbits/sec  2.189 ms  916/1221 (75%)  
[  5] 389.00-390.00 sec   352 KBytes  2.88 Mbits/sec  2.261 ms  890/1190 (75%)  
[  5] 390.00-391.00 sec   357 KBytes  2.93 Mbits/sec  2.236 ms  866/1171 (74%)  
[  5] 391.00-392.00 sec   312 KBytes  2.55 Mbits/sec  2.323 ms  732/998 (73%)  
[  5] 392.00-393.00 sec   257 KBytes  2.10 Mbits/sec  2.843 ms  597/816 (73%)  
[  5] 393.00-394.00 sec   357 KBytes  2.93 Mbits/sec  2.145 ms  823/1128 (73%)  
[  5] 394.00-395.00 sec   352 KBytes  2.88 Mbits/sec  2.344 ms  810/1110 (73%)  
[  5] 395.00-396.00 sec   357 KBytes  2.93 Mbits/sec  2.435 ms  852/1157 (74%)  
[  5] 396.00-397.00 sec   353 KBytes  2.89 Mbits/sec  2.304 ms  858/1159 (74%)  
[  5] 397.00-398.00 sec   353 KBytes  2.89 Mbits/sec  2.302 ms  837/1138 (74%)  
[  5] 398.00-399.00 sec   417 KBytes  3.42 Mbits/sec  2.129 ms  1003/1359 (74%)  
[  5] 399.00-400.00 sec   353 KBytes  2.89 Mbits/sec  2.155 ms  902/1203 (75%)  
[  5] 400.00-401.00 sec   356 KBytes  2.92 Mbits/sec  2.246 ms  855/1159 (74%)  
[  5] 401.00-402.00 sec   393 KBytes  3.22 Mbits/sec  2.432 ms  931/1266 (74%)  
[  5] 402.00-403.00 sec   373 KBytes  3.05 Mbits/sec  2.377 ms  892/1210 (74%)  
[  5] 403.00-404.00 sec   397 KBytes  3.26 Mbits/sec  2.426 ms  951/1290 (74%)  
[  5] 404.00-405.00 sec   353 KBytes  2.89 Mbits/sec  2.456 ms  853/1154 (74%)  
[  5] 405.00-406.00 sec   357 KBytes  2.93 Mbits/sec  2.603 ms  868/1173 (74%)  
[  5] 406.00-407.00 sec   352 KBytes  2.88 Mbits/sec  2.649 ms  852/1152 (74%)  
[  5] 407.00-408.00 sec   373 KBytes  3.05 Mbits/sec  2.282 ms  885/1203 (74%)  
[  5] 408.00-409.00 sec   357 KBytes  2.93 Mbits/sec  2.189 ms  842/1147 (73%)  
