[m46mr3_sla_seed257] talking to gNB E2 agent (listen=6600, gNB=6655)...

Omega log: /home/kmanojp/oranslice_rig/experiments/results/m46_mr3c/sla/seed257/omega_log.jsonl
{
  "run_id": "m46mr3_sla_seed257",
  "algorithm": "dqn",
  "mode": "live_testbed",
  "seed": 953,
  "n_episodes": 1,
  "mean_reward_per_step": -5.506583333333334,
  "mean_blocks_per_episode": 13.0,
  "mean_urllc_blocks_per_episode": 1.0,
  "blocks_per_episode": [
    13
  ],
  "blocks_per_episode_by_slice": [
    {
      "mmtc": 12,
      "urllc": 1
    }
  ],
  "mean_rho": null,
  "omega_path": "/home/kmanojp/oranslice_rig/experiments/results/m46_mr3c/sla/seed257/omega_log.jsonl",
  "checkpoint_path": "",
  "drift_flag": false,
  "drift_reason": "",
  "sla_compliance_by_slice": {
    "embb": 0.0,
    "urllc": 0.2833333333333333,
    "mmtc": 1.0
  },
  "sla_compliance_all_slices": 0.0,
  "sla_compliance_by_slice_per_episode": [
    {
      "embb": 0.0,
      "urllc": 0.2833333333333333,
      "mmtc": 1.0
    }
  ],
  "sla_margin_by_slice": {
    "embb": -9544.919049999997,
    "urllc": -38.62900000000003,
    "mmtc": 0.9961999998718603
  },
  "sla_margin_by_slice_per_episode": [
    {
      "embb": -9544.919049999997,
      "urllc": -38.62900000000003,
      "mmtc": 0.9961999998718603
    }
  ],
  "mean_mos_by_slice": {
    "embb": 1.4266796668370565,
    "urllc": 2.0336248417695364,
    "mmtc": 4.940939100583394
  },
  "mean_cost": 0.3921666666666669,
  "mean_sla_viol": 0.9846333333333334
}
