[m46mr3_qoe_seed257] talking to gNB E2 agent (listen=6600, gNB=6655)...

Omega log: /home/kmanojp/oranslice_rig/experiments/results/m46_mr3c/qoe/seed257/omega_log.jsonl
{
  "run_id": "m46mr3_qoe_seed257",
  "algorithm": "dqn",
  "mode": "live_testbed",
  "seed": 951,
  "n_episodes": 1,
  "mean_reward_per_step": -0.13593306971920863,
  "mean_blocks_per_episode": 122.0,
  "mean_urllc_blocks_per_episode": 44.0,
  "blocks_per_episode": [
    122
  ],
  "blocks_per_episode_by_slice": [
    {
      "mmtc": 43,
      "urllc": 44,
      "embb": 35
    }
  ],
  "mean_rho": null,
  "omega_path": "/home/kmanojp/oranslice_rig/experiments/results/m46_mr3c/qoe/seed257/omega_log.jsonl",
  "checkpoint_path": "",
  "drift_flag": true,
  "drift_reason": "mean URLLC block rate 44.00/episode exceeds 2x the 1.0/episode acceptance bar",
  "sla_compliance_by_slice": {
    "embb": 0.0,
    "urllc": 0.0,
    "mmtc": 1.0
  },
  "sla_compliance_all_slices": 0.0,
  "sla_compliance_by_slice_per_episode": [
    {
      "embb": 0.0,
      "urllc": 0.0,
      "mmtc": 1.0
    }
  ],
  "sla_margin_by_slice": {
    "embb": -9577.41173333333,
    "urllc": -8167.567749999999,
    "mmtc": 0.9980999998995296
  },
  "sla_margin_by_slice_per_episode": [
    {
      "embb": -9577.41173333333,
      "urllc": -8167.567749999999,
      "mmtc": 0.9980999998995296
    }
  ],
  "mean_mos_by_slice": {
    "embb": 1.426657251516978,
    "urllc": 1.0,
    "mmtc": 4.942145911852519
  },
  "mean_cost": 0.0,
  "mean_sla_viol": 1.0
}
